[2026-05-16T08:14:37Z] checkpoint fresh next_page=1 path=state/myfonts_crawl_checkpoint.json
[2026-05-16T08:14:37Z] === MyFonts crawl start source=myfonts ===
[2026-05-16T08:14:37Z] config max_pages=25 page_size=100 start_date=2026-05-15 end_date=2026-05-16 api_delay=0.5s detail_delay=0.2s max_debut_checks=400 max_tech_specs_checks=200 reuse_success_profile=False always_enrich_packages=True language_script_signal_mode=strong force_fresh_run=False start_page=1 browser_mode=False browser_headless=True browser_storage_state_path=state/myfonts_storage_state.json
[2026-05-16T08:14:38Z] #1 attempt=1/6 status=200 0.943s url=https://www.myfonts.com/products.json?limit=100&page=1
[2026-05-16T08:14:39Z] #2 attempt=1/2 status=200 0.475s url=https://www.myfonts.com/products/regular-handset-sans-hebrew-1154321
[2026-05-16T08:14:40Z] #3 attempt=1/2 status=200 0.411s url=https://www.myfonts.com/collections/handset-sans-hebrew-font-oem-monotype/
[2026-05-16T08:14:40Z] #4 attempt=1/2 status=200 0.188s url=https://www.myfonts.com/collections/handset-sans-hebrew-font-oem-monotype/?tab=techSpecs
[2026-05-16T08:14:41Z] #5 attempt=1/2 status=200 0.161s url=https://www.myfonts.com/collections/handset-sans-hebrew-font-oem-monotype/
[2026-05-16T08:14:42Z] #6 attempt=1/2 status=404 0.250s url=https://www.myfonts.com/collections/regular-handset-sans-hebrew-1154321-font-oem-monotype
[2026-05-16T08:14:42Z] #7 attempt=1/2 status=200 0.730s url=https://www.myfonts.com/products/fat-op-oblique-hubba-1153496
[2026-05-16T08:14:43Z] #8 attempt=1/2 status=200 0.714s url=https://www.myfonts.com/collections/hubba-font-green-type/
[2026-05-16T08:14:44Z] #9 attempt=1/2 status=200 0.180s url=https://www.myfonts.com/collections/hubba-font-green-type/?tab=techSpecs
[2026-05-16T08:14:48Z] #10 attempt=1/2 status=200 3.076s url=https://www.myfonts.com/products/compressed-aukim-ii-shadow-1153252
[2026-05-16T08:14:50Z] #11 attempt=1/2 status=200 1.745s url=https://www.myfonts.com/collections/aukim-ii-shadow-font-aukimvisuel/
[2026-05-16T08:14:51Z] #12 attempt=1/2 status=200 0.264s url=https://www.myfonts.com/collections/aukim-ii-shadow-font-aukimvisuel/?tab=techSpecs
[2026-05-16T08:14:53Z] #13 attempt=1/2 status=200 0.333s url=https://www.myfonts.com/products/medium-sealgair-1153226
[2026-05-16T08:14:54Z] #14 attempt=1/2 status=200 0.426s url=https://www.myfonts.com/collections/sealgair-font-burntilldead/
[2026-05-16T08:14:54Z] #15 attempt=1/2 status=200 0.209s url=https://www.myfonts.com/collections/sealgair-font-burntilldead/?tab=techSpecs
[2026-05-16T08:14:56Z] #16 attempt=1/2 status=200 0.382s url=https://www.myfonts.com/products/regular-bubbilo-joy-1153212
[2026-05-16T08:14:56Z] #17 attempt=1/2 status=200 0.488s url=https://www.myfonts.com/collections/bubbilo-joy-font-cocodesign/
[2026-05-16T08:14:57Z] #18 attempt=1/2 status=200 0.235s url=https://www.myfonts.com/collections/bubbilo-joy-font-cocodesign/?tab=techSpecs
[2026-05-16T08:14:58Z] #19 attempt=1/2 status=200 0.500s url=https://www.myfonts.com/products/65-medium-finalist-round-slab-1122422
[2026-05-16T08:14:59Z] #20 attempt=1/2 status=200 0.555s url=https://www.myfonts.com/collections/finalist-round-slab-font-bulent-yuksel/
[2026-05-16T08:14:59Z] #21 attempt=1/2 status=200 0.184s url=https://www.myfonts.com/collections/finalist-round-slab-font-bulent-yuksel/?tab=techSpecs
[2026-05-16T08:15:01Z] #22 attempt=1/2 status=200 0.618s url=https://www.myfonts.com/products/extra-bold-oblique-skyrise-1153523
[2026-05-16T08:15:02Z] #23 attempt=1/2 status=200 0.817s url=https://www.myfonts.com/collections/skyrise-font-multiformis/
[2026-05-16T08:15:02Z] #24 attempt=1/2 status=200 0.164s url=https://www.myfonts.com/collections/skyrise-font-multiformis/?tab=techSpecs
[2026-05-16T08:15:04Z] #25 attempt=1/2 status=200 0.470s url=https://www.myfonts.com/products/regular-pangoliery-1153207
[2026-05-16T08:15:05Z] #26 attempt=1/2 status=200 0.326s url=https://www.myfonts.com/collections/pangoliery-font-flawlessandco/
[2026-05-16T08:15:05Z] #27 attempt=1/2 status=200 0.174s url=https://www.myfonts.com/collections/pangoliery-font-flawlessandco/?tab=techSpecs
[2026-05-16T08:15:06Z] #28 attempt=1/2 status=200 0.313s url=https://www.myfonts.com/products/script-regular-berniche-1153237
[2026-05-16T08:15:07Z] #29 attempt=1/2 status=200 0.379s url=https://www.myfonts.com/collections/berniche-font-jamalodin/
[2026-05-16T08:15:07Z] #30 attempt=1/2 status=200 0.177s url=https://www.myfonts.com/collections/berniche-font-jamalodin/?tab=techSpecs
[2026-05-16T08:15:08Z] #31 attempt=1/2 status=200 0.388s url=https://www.myfonts.com/products/semi-bold-dh-joleta-1153219
[2026-05-16T08:15:09Z] #32 attempt=1/2 status=200 0.635s url=https://www.myfonts.com/collections/dh-joleta-font-ahmad-jamaludin/
[2026-05-16T08:15:10Z] #33 attempt=1/2 status=200 0.165s url=https://www.myfonts.com/collections/dh-joleta-font-ahmad-jamaludin/?tab=techSpecs
[2026-05-16T08:15:12Z] #34 attempt=1/6 status=200 0.796s url=https://www.myfonts.com/products.json?limit=100&page=2
[2026-05-16T08:15:12Z] #35 attempt=1/2 status=200 0.309s url=https://www.myfonts.com/products/script-inkopoe-1153204
[2026-05-16T08:15:13Z] #36 attempt=1/2 status=200 0.289s url=https://www.myfonts.com/collections/inkopoe-font-mei-suseno/
[2026-05-16T08:15:13Z] #37 attempt=1/2 status=200 0.148s url=https://www.myfonts.com/collections/inkopoe-font-mei-suseno/?tab=techSpecs
[2026-05-16T08:15:15Z] #38 attempt=1/6 status=200 0.919s url=https://www.myfonts.com/products.json?limit=100&page=3
[2026-05-16T08:15:15Z] #39 attempt=1/2 status=200 0.369s url=https://www.myfonts.com/products/regular-nevollen-1153208
[2026-05-16T08:15:16Z] #40 attempt=1/2 status=200 0.307s url=https://www.myfonts.com/collections/nevollen-font-flawlessandco/
[2026-05-16T08:15:16Z] #41 attempt=1/2 status=200 0.165s url=https://www.myfonts.com/collections/nevollen-font-flawlessandco/?tab=techSpecs
[2026-05-16T08:15:18Z] #42 attempt=1/2 status=200 0.355s url=https://www.myfonts.com/products/regular-raqasy-1153232
[2026-05-16T08:15:18Z] #43 attempt=1/2 status=200 0.362s url=https://www.myfonts.com/collections/raqasy-font-denustudio/
[2026-05-16T08:15:19Z] #44 attempt=1/2 status=200 0.153s url=https://www.myfonts.com/collections/raqasy-font-denustudio/?tab=techSpecs
[2026-05-16T08:15:19Z] #45 attempt=1/2 status=200 0.355s url=https://www.myfonts.com/products/italic-cafiah-1153235
[2026-05-16T08:15:20Z] #46 attempt=1/2 status=200 0.436s url=https://www.myfonts.com/collections/cafiah-font-margi-studio/
[2026-05-16T08:15:21Z] #47 attempt=1/2 status=200 0.149s url=https://www.myfonts.com/collections/cafiah-font-margi-studio/?tab=techSpecs
[2026-05-16T08:15:22Z] #48 attempt=1/6 status=200 0.847s url=https://www.myfonts.com/products.json?limit=100&page=4
[2026-05-16T08:15:23Z] #49 attempt=1/2 status=200 0.402s url=https://www.myfonts.com/products/regular-island-graffiti-1153228
[2026-05-16T08:15:24Z] #50 attempt=1/2 status=200 0.263s url=https://www.myfonts.com/collections/island-graffiti-font-yoga-letter/
[2026-05-16T08:15:24Z] #51 attempt=1/2 status=200 0.201s url=https://www.myfonts.com/collections/island-graffiti-font-yoga-letter/?tab=techSpecs
[2026-05-16T08:15:25Z] #52 attempt=1/2 status=200 0.487s url=https://www.myfonts.com/products/ring-complete-family-package-1153477
[2026-05-16T08:15:26Z] #53 attempt=1/2 status=200 0.749s url=https://www.myfonts.com/collections/ring-font-ochakov/
[2026-05-16T08:15:27Z] #54 attempt=1/2 status=200 0.189s url=https://www.myfonts.com/collections/ring-font-ochakov/?tab=techSpecs
[2026-05-16T08:15:29Z] #55 attempt=1/2 status=200 1.548s url=https://www.myfonts.com/products/expanded-package-1152547
[2026-05-16T08:15:33Z] #56 attempt=1/2 status=200 3.136s url=https://www.myfonts.com/collections/qorvyn-font-groenstudio/
[2026-05-16T08:15:34Z] #57 attempt=1/2 status=200 0.237s url=https://www.myfonts.com/collections/qorvyn-font-groenstudio/?tab=techSpecs
[2026-05-16T08:15:36Z] #58 attempt=1/2 status=200 1.079s url=https://www.myfonts.com/products/normal-package-1152939
[2026-05-16T08:15:38Z] #59 attempt=1/2 status=200 2.008s url=https://www.myfonts.com/collections/new-novaryn-font-jorsetype/
[2026-05-16T08:15:39Z] #60 attempt=1/2 status=200 0.234s url=https://www.myfonts.com/collections/new-novaryn-font-jorsetype/?tab=techSpecs
[2026-05-16T08:15:41Z] #61 attempt=1/2 status=200 0.946s url=https://www.myfonts.com/products/clastin-complete-family-package-1152558
[2026-05-16T08:15:42Z] #62 attempt=1/2 status=200 1.123s url=https://www.myfonts.com/collections/clastin-font-stripes-studio/
[2026-05-16T08:15:43Z] #63 attempt=1/2 status=200 0.190s url=https://www.myfonts.com/collections/clastin-font-stripes-studio/?tab=techSpecs
[2026-05-16T08:15:45Z] #64 attempt=1/2 status=200 0.347s url=https://www.myfonts.com/products/reforma-grotesk-complete-family-package-1152343
[2026-05-16T08:15:45Z] #65 attempt=1/2 status=200 0.649s url=https://www.myfonts.com/collections/reforma-grotesk-bold-e-font-paratype/
[2026-05-16T08:15:46Z] #66 attempt=1/2 status=200 0.236s url=https://www.myfonts.com/collections/reforma-grotesk-bold-e-font-paratype/?tab=techSpecs
[2026-05-16T08:15:47Z] #67 attempt=1/2 status=200 0.416s url=https://www.myfonts.com/products/ring-slab-complete-family-package-1153475
[2026-05-16T08:15:48Z] #68 attempt=1/2 status=200 0.704s url=https://www.myfonts.com/collections/ring-slab-font-ochakov/
[2026-05-16T08:15:49Z] #69 attempt=1/2 status=200 0.161s url=https://www.myfonts.com/collections/ring-slab-font-ochakov/?tab=techSpecs
[2026-05-16T08:15:50Z] #70 attempt=1/2 status=200 0.332s url=https://www.myfonts.com/products/julethia-complete-family-package-1152819
[2026-05-16T08:15:51Z] #71 attempt=1/2 status=200 0.471s url=https://www.myfonts.com/collections/julethia-font-tini-fitriani/
[2026-05-16T08:15:51Z] #72 attempt=1/2 status=200 0.178s url=https://www.myfonts.com/collections/julethia-font-tini-fitriani/?tab=techSpecs
[2026-05-16T08:15:53Z] #73 attempt=1/2 status=200 0.457s url=https://www.myfonts.com/products/wolgen-complete-family-package-1152950
[2026-05-16T08:15:53Z] #74 attempt=1/2 status=200 0.476s url=https://www.myfonts.com/collections/wolgen-font-sensatype-studio/
[2026-05-16T08:15:54Z] #75 attempt=1/2 status=200 0.166s url=https://www.myfonts.com/collections/wolgen-font-sensatype-studio/?tab=techSpecs
[2026-05-16T08:15:55Z] #76 attempt=1/2 status=200 0.355s url=https://www.myfonts.com/products/zulta-music-complete-family-package-1152809
[2026-05-16T08:15:56Z] #77 attempt=1/2 status=200 0.452s url=https://www.myfonts.com/collections/zulta-music-font-illushvara/
[2026-05-16T08:15:56Z] #78 attempt=1/2 status=200 0.159s url=https://www.myfonts.com/collections/zulta-music-font-illushvara/?tab=techSpecs
[2026-05-16T08:15:57Z] #79 attempt=1/2 status=200 0.497s url=https://www.myfonts.com/products/district-complete-family-package-1152357
[2026-05-16T08:15:58Z] #80 attempt=1/2 status=200 0.797s url=https://www.myfonts.com/collections/district-pro-font-garagefonts/
[2026-05-16T08:15:59Z] #81 attempt=1/2 status=200 0.186s url=https://www.myfonts.com/collections/district-pro-font-garagefonts/?tab=techSpecs
[2026-05-16T08:16:01Z] #82 attempt=1/2 status=200 1.230s url=https://www.myfonts.com/products/expanded-package-1153098
[2026-05-16T08:16:04Z] #83 attempt=1/2 status=200 2.959s url=https://www.myfonts.com/collections/orvessia-font-artisan-studio/
[2026-05-16T08:16:05Z] #84 attempt=1/2 status=200 0.225s url=https://www.myfonts.com/collections/orvessia-font-artisan-studio/?tab=techSpecs
[2026-05-16T08:16:07Z] #85 attempt=1/2 status=200 0.326s url=https://www.myfonts.com/products/first-memoirs-complete-family-package-1152812
[2026-05-16T08:16:07Z] #86 attempt=1/2 status=200 0.381s url=https://www.myfonts.com/collections/first-memoirs-font-tini-fitriani/
[2026-05-16T08:16:08Z] #87 attempt=1/2 status=200 0.159s url=https://www.myfonts.com/collections/first-memoirs-font-tini-fitriani/?tab=techSpecs
[2026-05-16T08:16:09Z] #88 attempt=1/2 status=200 0.367s url=https://www.myfonts.com/products/slutsker-script-complete-family-package-1152356
[2026-05-16T08:16:09Z] #89 attempt=1/2 status=200 0.383s url=https://www.myfonts.com/collections/slutsker-script-font-paratype/
[2026-05-16T08:16:10Z] #90 attempt=1/2 status=200 0.155s url=https://www.myfonts.com/collections/slutsker-script-font-paratype/?tab=techSpecs
[2026-05-16T08:16:11Z] #91 attempt=1/2 status=200 0.532s url=https://www.myfonts.com/products/magnie-complete-family-package-1152387
[2026-05-16T08:16:12Z] #92 attempt=1/2 status=200 0.793s url=https://www.myfonts.com/collections/magnie-font-spencer-and-sons-co/
[2026-05-16T08:16:13Z] #93 attempt=1/2 status=200 0.171s url=https://www.myfonts.com/collections/magnie-font-spencer-and-sons-co/?tab=techSpecs
[2026-05-16T08:16:14Z] #94 attempt=1/2 status=200 0.333s url=https://www.myfonts.com/products/del-carna-complete-family-package-1152957
[2026-05-16T08:16:15Z] #95 attempt=1/2 status=200 0.437s url=https://www.myfonts.com/collections/del-carna-font-rashdrawn/
[2026-05-16T08:16:15Z] #96 attempt=1/2 status=200 0.178s url=https://www.myfonts.com/collections/del-carna-font-rashdrawn/?tab=techSpecs
[2026-05-16T08:16:16Z] #97 attempt=1/2 status=200 0.450s url=https://www.myfonts.com/products/natio-pack-2-package-1152341
[2026-05-16T08:16:17Z] #98 attempt=1/2 status=200 0.794s url=https://www.myfonts.com/collections/natio-font-degarism-studio/
[2026-05-16T08:16:18Z] #99 attempt=1/2 status=200 0.182s url=https://www.myfonts.com/collections/natio-font-degarism-studio/?tab=techSpecs
[2026-05-16T08:16:19Z] #100 attempt=1/2 status=200 0.468s url=https://www.myfonts.com/products/fono-complete-family-package-1153147
[2026-05-16T08:16:20Z] #101 attempt=1/2 status=200 0.530s url=https://www.myfonts.com/collections/fono-font-garagefonts/
[2026-05-16T08:16:20Z] #102 attempt=1/2 status=200 0.165s url=https://www.myfonts.com/collections/fono-font-garagefonts/?tab=techSpecs
[2026-05-16T08:16:22Z] #103 attempt=1/2 status=200 0.437s url=https://www.myfonts.com/products/shafikon-serif-complete-family-package-1153163
[2026-05-16T08:16:22Z] #104 attempt=1/2 status=200 0.390s url=https://www.myfonts.com/collections/shafikon-serif-font-madjack-font/
[2026-05-16T08:16:23Z] #105 attempt=1/2 status=200 0.177s url=https://www.myfonts.com/collections/shafikon-serif-font-madjack-font/?tab=techSpecs
[2026-05-16T08:16:24Z] #106 attempt=1/2 status=200 0.455s url=https://www.myfonts.com/products/selina-complete-family-package-1152355
[2026-05-16T08:16:25Z] #107 attempt=1/2 status=200 0.853s url=https://www.myfonts.com/collections/selina-font-paratype/
[2026-05-16T08:16:26Z] #108 attempt=1/2 status=200 0.202s url=https://www.myfonts.com/collections/selina-font-paratype/?tab=techSpecs
[2026-05-16T08:16:27Z] #109 attempt=1/2 status=200 0.406s url=https://www.myfonts.com/products/candywrap-complete-family-package-1153133
[2026-05-16T08:16:27Z] #110 attempt=1/2 status=429 0.040s url=https://www.myfonts.com/collections/candywrap-font-outerend/
[2026-05-16T08:16:27Z] first_429 req=110 url=https://www.myfonts.com/collections/candywrap-font-outerend/
[2026-05-16T08:16:30Z] #111 attempt=2/2 status=200 0.489s url=https://www.myfonts.com/collections/candywrap-font-outerend/
[2026-05-16T08:16:31Z] #112 attempt=1/2 status=200 0.433s url=https://www.myfonts.com/products/lebecque-complete-family-package-1153100
[2026-05-16T08:16:32Z] #113 attempt=1/2 status=200 0.976s url=https://www.myfonts.com/collections/lebecque-font-alffonts/
[2026-05-16T08:16:33Z] #114 attempt=1/2 status=200 0.661s url=https://www.myfonts.com/products/din-next-complete-family-package-1152372
[2026-05-16T08:16:35Z] #115 attempt=1/2 status=200 1.355s url=https://www.myfonts.com/collections/din-next-font-monotype-imaging/
[2026-05-16T08:16:35Z] #116 attempt=1/2 status=200 0.392s url=https://www.myfonts.com/products/chago-complete-family-package-1153166
[2026-05-16T08:16:36Z] #117 attempt=1/2 status=200 0.498s url=https://www.myfonts.com/collections/chago-font-grontype/
[2026-05-16T08:16:38Z] #118 attempt=1/2 status=200 1.376s url=https://www.myfonts.com/products/eryndor-complete-family-package-1152621
[2026-05-16T08:16:40Z] #119 attempt=1/2 status=200 1.896s url=https://www.myfonts.com/collections/eryndor-font-typehill-studio/
[2026-05-16T08:16:41Z] #120 attempt=1/2 status=200 0.556s url=https://www.myfonts.com/products/the-milanos-editorial-complete-family-package-1153170
[2026-05-16T08:16:42Z] #121 attempt=1/2 status=200 0.802s url=https://www.myfonts.com/collections/the-milanos-editorial-font-positive-type/
[2026-05-16T08:16:43Z] #122 attempt=1/2 status=200 0.404s url=https://www.myfonts.com/products/tanya-kata-complete-family-package-1152555
[2026-05-16T08:16:44Z] #123 attempt=1/2 status=200 0.713s url=https://www.myfonts.com/collections/tanya-kata-font-tini-fitriani/
[2026-05-16T08:16:45Z] #124 attempt=1/2 status=200 0.573s url=https://www.myfonts.com/products/archive-complete-family-package-1153154
[2026-05-16T08:16:46Z] #125 attempt=1/2 status=200 0.832s url=https://www.myfonts.com/collections/archive-font-garagefonts/
[2026-05-16T08:16:47Z] #126 attempt=1/2 status=200 0.242s url=https://www.myfonts.com/collections/archive-font-garagefonts/
[2026-05-16T08:16:47Z] #127 attempt=1/2 status=200 0.442s url=https://www.myfonts.com/products/metroflex-uni-complete-family-package-1153111
[2026-05-16T08:16:48Z] #128 attempt=1/2 status=200 0.541s url=https://www.myfonts.com/collections/metroflex-uni-font-garagefonts/
[2026-05-16T08:16:49Z] #129 attempt=1/2 status=200 0.346s url=https://www.myfonts.com/products/crashed-complete-family-package-1152961
[2026-05-16T08:16:49Z] #130 attempt=1/2 status=200 0.516s url=https://www.myfonts.com/collections/crashed-font-timelesstype-studio/
[2026-05-16T08:16:50Z] #131 attempt=1/2 status=200 0.685s url=https://www.myfonts.com/products/amsterdam-serif-complete-family-package-1152302
[2026-05-16T08:16:52Z] #132 attempt=1/2 status=200 0.998s url=https://www.myfonts.com/collections/amsterdam-serif-font-blaze-type/
[2026-05-16T08:16:52Z] #133 attempt=1/2 status=200 0.504s url=https://www.myfonts.com/products/homage-condensed-complete-family-package-1153103
[2026-05-16T08:16:53Z] #134 attempt=1/2 status=200 0.456s url=https://www.myfonts.com/collections/homage-condensed-font-garagefonts/
[2026-05-16T08:16:54Z] #135 attempt=1/2 status=200 0.593s url=https://www.myfonts.com/products/homes-royale-complete-family-package-1153201
[2026-05-16T08:16:55Z] #136 attempt=1/2 status=200 0.401s url=https://www.myfonts.com/collections/homes-royale-font-sensatype-studio/
[2026-05-16T08:16:55Z] #137 attempt=1/2 status=200 0.411s url=https://www.myfonts.com/products/meckora-complete-family-package-1152943
[2026-05-16T08:16:56Z] #138 attempt=1/2 status=200 0.431s url=https://www.myfonts.com/collections/meckora-font-zaain-type/
[2026-05-16T08:16:57Z] #139 attempt=1/2 status=200 0.445s url=https://www.myfonts.com/products/sheio-complete-family-package-1152920
[2026-05-16T08:16:58Z] #140 attempt=1/2 status=200 0.783s url=https://www.myfonts.com/collections/sheio-font-jam-type-design/
[2026-05-16T08:16:59Z] #141 attempt=1/2 status=200 0.481s url=https://www.myfonts.com/products/notevera-complete-family-package-1152825
[2026-05-16T08:16:59Z] #142 attempt=1/2 status=200 0.624s url=https://www.myfonts.com/collections/notevera-font-lettertype-studio/
[2026-05-16T08:17:00Z] #143 attempt=1/2 status=200 0.462s url=https://www.myfonts.com/products/dribell-scribble-complete-family-package-1152549
[2026-05-16T08:17:00Z] #144 attempt=1/2 status=429 0.042s url=https://www.myfonts.com/collections/dribell-scribble-font-vampstudio/
[2026-05-16T08:17:03Z] #145 attempt=2/2 status=200 0.554s url=https://www.myfonts.com/collections/dribell-scribble-font-vampstudio/
[2026-05-16T08:17:04Z] #146 attempt=1/2 status=200 0.357s url=https://www.myfonts.com/products/authentic-classy-script-complete-family-package-1152552
[2026-05-16T08:17:05Z] #147 attempt=1/2 status=200 0.439s url=https://www.myfonts.com/collections/authentic-classy-script-font-letterfreshstudio/
[2026-05-16T08:17:05Z] #148 attempt=1/2 status=200 0.487s url=https://www.myfonts.com/products/geom-complete-family-package-1152954
[2026-05-16T08:17:06Z] #149 attempt=1/2 status=200 0.639s url=https://www.myfonts.com/collections/geom-font-sensatype-studio/
[2026-05-16T08:17:07Z] #150 attempt=1/2 status=200 0.512s url=https://www.myfonts.com/products/metroflex-narrow-complete-family-package-1153122
[2026-05-16T08:17:08Z] #151 attempt=1/2 status=200 0.616s url=https://www.myfonts.com/collections/metroflex-narrow-font-garagefonts/
[2026-05-16T08:17:09Z] #152 attempt=1/2 status=200 0.474s url=https://www.myfonts.com/products/metroflex-wide-complete-family-package-1153136
[2026-05-16T08:17:10Z] #153 attempt=1/2 status=200 0.637s url=https://www.myfonts.com/collections/metroflex-wide-font-garagefonts/
[2026-05-16T08:17:10Z] #154 attempt=1/2 status=200 0.494s url=https://www.myfonts.com/products/gageni-complete-family-package-1152946
[2026-05-16T08:17:11Z] #155 attempt=1/2 status=200 0.607s url=https://www.myfonts.com/collections/gageni-font-agung-sudirman/
[2026-05-16T08:17:12Z] #156 attempt=1/2 status=200 0.348s url=https://www.myfonts.com/products/afolkalips-complete-family-package-1153108
[2026-05-16T08:17:12Z] #157 attempt=1/2 status=429 0.027s url=https://www.myfonts.com/collections/afolkalips-font-arterfak-project/
[2026-05-16T08:17:15Z] #158 attempt=2/2 status=200 0.520s url=https://www.myfonts.com/collections/afolkalips-font-arterfak-project/
[2026-05-16T08:17:16Z] #159 attempt=1/2 status=200 0.441s url=https://www.myfonts.com/products/merta-sans-complete-family-package-1152396
[2026-05-16T08:17:16Z] #160 attempt=1/2 status=200 0.717s url=https://www.myfonts.com/collections/merta-sans-font-lettertype-studio/
[2026-05-16T08:17:18Z] #161 attempt=1/2 status=200 0.741s url=https://www.myfonts.com/products/velstra-complete-family-package-1152788
[2026-05-16T08:17:19Z] #162 attempt=1/2 status=200 0.793s url=https://www.myfonts.com/collections/velstra-font-nollev/
[2026-05-16T08:17:19Z] #163 attempt=1/2 status=200 0.401s url=https://www.myfonts.com/products/roster-fancy-complete-family-package-1152815
[2026-05-16T08:17:20Z] #164 attempt=1/2 status=200 0.493s url=https://www.myfonts.com/collections/roster-fancy-font-letterytz/
[2026-05-16T08:17:21Z] #165 attempt=1/2 status=200 0.642s url=https://www.myfonts.com/products/fonetika-complete-family-package-1153474
[2026-05-16T08:17:22Z] #166 attempt=1/2 status=200 0.862s url=https://www.myfonts.com/collections/fonetika-font-tokotype/
[2026-05-16T08:17:23Z] #167 attempt=1/2 status=200 0.496s url=https://www.myfonts.com/products/black-tg-neuramatica-31590
[2026-05-16T08:17:24Z] #168 attempt=1/2 status=200 0.681s url=https://www.myfonts.com/collections/tg-neuramatica-font-tegami-type/
[2026-05-16T08:17:25Z] #169 attempt=1/2 status=200 0.376s url=https://www.myfonts.com/products/semi-bold-tg-neuramatica-31578
[2026-05-16T08:17:25Z] #170 attempt=1/2 status=200 0.180s url=https://www.myfonts.com/collections/tg-neuramatica-font-tegami-type/
[2026-05-16T08:17:25Z] #171 attempt=1/2 status=429 0.052s url=https://www.myfonts.com/products/light-tg-neuramatica-31586
[2026-05-16T08:17:28Z] #172 attempt=2/2 status=200 0.496s url=https://www.myfonts.com/products/light-tg-neuramatica-31586
[2026-05-16T08:17:28Z] #173 attempt=1/2 status=200 0.223s url=https://www.myfonts.com/collections/tg-neuramatica-font-tegami-type/
[2026-05-16T08:17:29Z] #174 attempt=1/2 status=200 0.331s url=https://www.myfonts.com/products/bold-tg-neuramatica-31598
[2026-05-16T08:17:29Z] #175 attempt=1/2 status=200 0.195s url=https://www.myfonts.com/collections/tg-neuramatica-font-tegami-type/
[2026-05-16T08:17:31Z] #176 attempt=1/6 status=200 0.737s url=https://www.myfonts.com/products.json?limit=100&page=5
[2026-05-16T08:17:31Z] #177 attempt=1/2 status=200 0.486s url=https://www.myfonts.com/products/regular-homage-script-1153102
[2026-05-16T08:17:32Z] #178 attempt=1/2 status=200 0.280s url=https://www.myfonts.com/collections/homage-script-font-garagefonts/
[2026-05-16T08:17:32Z] #179 attempt=1/2 status=429 0.051s url=https://www.myfonts.com/products/regular-author-1152960
[2026-05-16T08:17:35Z] #180 attempt=2/2 status=200 0.467s url=https://www.myfonts.com/products/regular-author-1152960
[2026-05-16T08:17:36Z] #181 attempt=1/2 status=200 0.323s url=https://www.myfonts.com/collections/author-font-sensatype-studio/
[2026-05-16T08:17:37Z] #182 attempt=1/6 status=200 0.798s url=https://www.myfonts.com/products.json?limit=100&page=6
[2026-05-16T08:17:38Z] #183 attempt=1/2 status=200 0.396s url=https://www.myfonts.com/products/regular-whisky-fudge-1131507
[2026-05-16T08:17:38Z] #184 attempt=1/2 status=200 0.278s url=https://www.myfonts.com/collections/whisky-fudge-font-braw-type/
[2026-05-16T08:17:39Z] #185 attempt=1/2 status=200 0.277s url=https://www.myfonts.com/collections/whisky-fudge-font-braw-type/
[2026-05-16T08:17:39Z] #186 attempt=1/2 status=404 0.315s url=https://www.myfonts.com/collections/regular-whisky-fudge-1131507-font-thistle-type
[2026-05-16T08:17:40Z] #187 attempt=1/6 status=200 0.753s url=https://www.myfonts.com/products.json?limit=100&page=7
[2026-05-16T08:17:41Z] #188 attempt=1/2 status=200 0.368s url=https://www.myfonts.com/products/medium-minematic-1153169
[2026-05-16T08:17:41Z] #189 attempt=1/2 status=429 0.042s url=https://www.myfonts.com/collections/minematic-font-letterheadstudio-vg/
[2026-05-16T08:17:44Z] #190 attempt=2/2 status=200 0.368s url=https://www.myfonts.com/collections/minematic-font-letterheadstudio-vg/
[2026-05-16T08:17:44Z] #191 attempt=1/2 status=200 0.394s url=https://www.myfonts.com/products/spectro-space-regular-spectrospace-1152856
[2026-05-16T08:17:45Z] #192 attempt=1/2 status=200 0.407s url=https://www.myfonts.com/collections/spectrospace-font-ledokolua/
[2026-05-16T08:17:46Z] #193 attempt=1/2 status=200 0.327s url=https://www.myfonts.com/products/regular-mobina-1152953
[2026-05-16T08:17:46Z] #194 attempt=1/2 status=200 0.374s url=https://www.myfonts.com/collections/mobina-font-sensatype-studio/
[2026-05-16T08:17:48Z] #195 attempt=1/6 status=200 0.879s url=https://www.myfonts.com/products.json?limit=100&page=8
[2026-05-16T08:17:48Z] #196 attempt=1/2 status=200 0.381s url=https://www.myfonts.com/products/regular-nebyla-1152808
[2026-05-16T08:17:49Z] #197 attempt=1/2 status=200 0.389s url=https://www.myfonts.com/collections/nebyla-font-sealoung/
[2026-05-16T08:17:49Z] #198 attempt=1/2 status=429 0.030s url=https://www.myfonts.com/products/regular-boiled-shrimp-1152965
[2026-05-16T08:17:52Z] #199 attempt=2/2 status=200 0.323s url=https://www.myfonts.com/products/regular-boiled-shrimp-1152965
[2026-05-16T08:17:53Z] #200 attempt=1/2 status=200 0.544s url=https://www.myfonts.com/collections/boiled-shrimp-font-hanzel-space/
[2026-05-16T08:17:54Z] #201 attempt=1/6 status=200 0.760s url=https://www.myfonts.com/products.json?limit=100&page=9
[2026-05-16T08:17:54Z] #202 attempt=1/2 status=200 0.317s url=https://www.myfonts.com/products/regular-orvelia-1152964
[2026-05-16T08:17:55Z] #203 attempt=1/2 status=200 0.371s url=https://www.myfonts.com/collections/orvelia-font-rasio-studio/
[2026-05-16T08:17:56Z] #204 attempt=1/2 status=200 0.321s url=https://www.myfonts.com/products/regular-pifpaf-display-1152823
[2026-05-16T08:17:56Z] #205 attempt=1/2 status=200 0.307s url=https://www.myfonts.com/collections/pifpaf-display-font-letterheadstudio-vg/
[2026-05-16T08:17:58Z] #206 attempt=1/6 status=200 0.936s url=https://www.myfonts.com/products.json?limit=100&page=10
[2026-05-16T08:17:58Z] #207 attempt=1/2 status=200 0.532s url=https://www.myfonts.com/products/regular-flashy-style-1152949
[2026-05-16T08:17:59Z] #208 attempt=1/2 status=200 0.391s url=https://www.myfonts.com/collections/flashy-style-font-olivetype/
[2026-05-16T08:17:59Z] #209 attempt=1/2 status=429 0.034s url=https://www.myfonts.com/products/regular-kopi-hitam-1152818
[2026-05-16T08:18:02Z] #210 attempt=2/2 status=200 0.341s url=https://www.myfonts.com/products/regular-kopi-hitam-1152818
[2026-05-16T08:18:02Z] #211 attempt=1/2 status=200 0.329s url=https://www.myfonts.com/collections/kopi-hitam-font-rahagita-type/
[2026-05-16T08:18:04Z] #212 attempt=1/6 status=200 0.851s url=https://www.myfonts.com/products.json?limit=100&page=11
[2026-05-16T08:18:05Z] #213 attempt=1/2 status=200 0.366s url=https://www.myfonts.com/products/regular-biancemori-1152942
[2026-05-16T08:18:05Z] #214 attempt=1/2 status=200 0.447s url=https://www.myfonts.com/collections/biancemori-font-letterytz/
[2026-05-16T08:18:06Z] #215 attempt=1/2 status=200 0.389s url=https://www.myfonts.com/products/regular-sky-butter-1152822
[2026-05-16T08:18:06Z] #216 attempt=1/2 status=200 0.354s url=https://www.myfonts.com/collections/sky-butter-font-aisyah/
[2026-05-16T08:18:08Z] #217 attempt=1/6 status=200 0.678s url=https://www.myfonts.com/products.json?limit=100&page=12
[2026-05-16T08:18:09Z] #218 attempt=1/6 status=200 0.861s url=https://www.myfonts.com/products.json?limit=100&page=13
[2026-05-16T08:18:10Z] #219 attempt=1/2 status=200 1.167s url=https://www.myfonts.com/products/scripted-bundle-package-1018864
[2026-05-16T08:18:11Z] #220 attempt=1/2 status=404 0.196s url=https://www.myfonts.com/collections/scripted-bundle-font-lemonthe
[2026-05-16T08:18:12Z] #221 attempt=1/2 status=200 0.867s url=https://www.myfonts.com/products/slant-riodis-1152080
[2026-05-16T08:18:13Z] #222 attempt=1/2 status=200 1.018s url=https://www.myfonts.com/collections/riodis-font-propertype/
[2026-05-16T08:18:14Z] #223 attempt=1/2 status=200 0.328s url=https://www.myfonts.com/products/slowley-complete-family-package-1151942
[2026-05-16T08:18:15Z] #224 attempt=1/2 status=200 0.476s url=https://www.myfonts.com/collections/slowley-font-koplexs-studio/
[2026-05-16T08:18:15Z] #225 attempt=1/2 status=200 0.404s url=https://www.myfonts.com/products/nice-gourmet-complete-family-package-1151924
[2026-05-16T08:18:16Z] #226 attempt=1/2 status=200 0.504s url=https://www.myfonts.com/collections/nice-gourmet-font-eko-bimantara/
[2026-05-16T08:18:16Z] #227 attempt=1/2 status=429 0.032s url=https://www.myfonts.com/products/cocktails-poetry-complete-family-package-1151886
[2026-05-16T08:18:19Z] #228 attempt=2/2 status=200 0.603s url=https://www.myfonts.com/products/cocktails-poetry-complete-family-package-1151886
[2026-05-16T08:18:20Z] #229 attempt=1/2 status=200 0.755s url=https://www.myfonts.com/collections/cocktails-poetry-font-stylishtype-studio/
[2026-05-16T08:18:21Z] #230 attempt=1/2 status=200 0.435s url=https://www.myfonts.com/products/fasthon-complete-family-package-1151873
[2026-05-16T08:18:22Z] #231 attempt=1/2 status=200 0.649s url=https://www.myfonts.com/collections/fasthon-font-artisan-themes/
[2026-05-16T08:18:23Z] #232 attempt=1/2 status=200 0.490s url=https://www.myfonts.com/products/moraic-complete-family-package-1151816
[2026-05-16T08:18:23Z] #233 attempt=1/2 status=200 0.492s url=https://www.myfonts.com/collections/moraic-font-ethylene/
[2026-05-16T08:18:24Z] #234 attempt=1/2 status=200 0.637s url=https://www.myfonts.com/products/astra-otter-complete-family-package-1151774
[2026-05-16T08:18:25Z] #235 attempt=1/2 status=200 0.758s url=https://www.myfonts.com/collections/astra-otter-font-ottertype/
[2026-05-16T08:18:26Z] #236 attempt=1/2 status=200 0.313s url=https://www.myfonts.com/products/regisha-aurelia-complete-family-package-1151978
[2026-05-16T08:18:27Z] #237 attempt=1/2 status=200 0.490s url=https://www.myfonts.com/collections/regisha-aurelia-font-madjack-font/
[2026-05-16T08:18:27Z] #238 attempt=1/2 status=200 0.378s url=https://www.myfonts.com/products/limit-display-variable-concept-complete-family-package-1151524
[2026-05-16T08:18:28Z] #239 attempt=1/2 status=200 0.578s url=https://www.myfonts.com/collections/limit-display-variable-concept-font-bold-guys/
[2026-05-16T08:18:29Z] #240 attempt=1/2 status=200 0.691s url=https://www.myfonts.com/products/limit-frwy-complete-family-package-1151540
[2026-05-16T08:18:31Z] #241 attempt=1/2 status=200 1.109s url=https://www.myfonts.com/collections/limit-frwy-font-bold-guys/
[2026-05-16T08:18:32Z] #242 attempt=1/2 status=200 0.584s url=https://www.myfonts.com/products/karthins-complete-family-package-1151933
[2026-05-16T08:18:32Z] #243 attempt=1/2 status=200 0.600s url=https://www.myfonts.com/collections/karthins-font-letterena-studios/
[2026-05-16T08:18:34Z] #244 attempt=1/2 status=200 1.072s url=https://www.myfonts.com/products/limit-display-xcompressed-package-1151769
[2026-05-16T08:18:35Z] #245 attempt=1/2 status=200 1.519s url=https://www.myfonts.com/collections/limit-display-font-bold-guys/
[2026-05-16T08:18:37Z] #246 attempt=1/2 status=200 0.404s url=https://www.myfonts.com/products/joyme-complete-family-package-1151912
[2026-05-16T08:18:37Z] #247 attempt=1/2 status=200 0.583s url=https://www.myfonts.com/collections/joyme-font-eko-bimantara/
[2026-05-16T08:18:38Z] #248 attempt=1/2 status=200 0.531s url=https://www.myfonts.com/products/silk-serif-essentials-package-1152004
[2026-05-16T08:18:40Z] #249 attempt=1/2 status=200 1.268s url=https://www.myfonts.com/collections/silk-serif-font-silktype/
[2026-05-16T08:18:40Z] #250 attempt=1/2 status=200 0.467s url=https://www.myfonts.com/products/beqarins-rounded-complete-family-package-1151889
[2026-05-16T08:18:41Z] #251 attempt=1/2 status=200 0.508s url=https://www.myfonts.com/collections/beqarins-rounded-font-timelesstype-studio/
[2026-05-16T08:18:42Z] #252 attempt=1/2 status=200 0.371s url=https://www.myfonts.com/products/bugery-gantik-complete-family-package-1151954
[2026-05-16T08:18:43Z] #253 attempt=1/2 status=200 0.447s url=https://www.myfonts.com/collections/bugery-gantik-font-timelesstype-studio/
[2026-05-16T08:18:43Z] #254 attempt=1/2 status=200 0.428s url=https://www.myfonts.com/products/ancestri-complete-family-package-1152005
[2026-05-16T08:18:45Z] #255 attempt=1/2 status=200 1.043s url=https://www.myfonts.com/collections/ancestri-font-nollev/
[2026-05-16T08:18:46Z] #256 attempt=1/2 status=200 0.900s url=https://www.myfonts.com/products/soft-package-1152026
[2026-05-16T08:18:48Z] #257 attempt=1/2 status=200 1.924s url=https://www.myfonts.com/collections/malisan-font-double-z-studio/
[2026-05-16T08:18:49Z] #258 attempt=1/2 status=200 0.344s url=https://www.myfonts.com/products/gridline-minimal-complete-family-package-1151892
[2026-05-16T08:18:50Z] #259 attempt=1/2 status=200 0.420s url=https://www.myfonts.com/collections/gridline-minimal-font-timelesstype-studio/
[2026-05-16T08:18:51Z] #260 attempt=1/2 status=200 0.548s url=https://www.myfonts.com/products/saeton-markers-complete-family-package-1151896
[2026-05-16T08:18:52Z] #261 attempt=1/2 status=200 0.512s url=https://www.myfonts.com/collections/saeton-markers-font-stylishtype-studio/
[2026-05-16T08:18:53Z] #262 attempt=1/2 status=200 0.972s url=https://www.myfonts.com/products/chairo-sans-complete-family-package-1151340
[2026-05-16T08:18:55Z] #263 attempt=1/2 status=200 1.505s url=https://www.myfonts.com/collections/chairo-sans-font-propertype/
[2026-05-16T08:18:56Z] #264 attempt=1/2 status=200 0.381s url=https://www.myfonts.com/products/gronik-complete-family-package-1151828
[2026-05-16T08:18:56Z] #265 attempt=1/2 status=200 0.455s url=https://www.myfonts.com/collections/gronik-font-jinan-studio/
[2026-05-16T08:18:57Z] #266 attempt=1/2 status=200 0.330s url=https://www.myfonts.com/products/limit-micro-variable-concept-complete-family-package-1151532
[2026-05-16T08:18:58Z] #267 attempt=1/2 status=200 0.653s url=https://www.myfonts.com/collections/limit-micro-variable-concept-font-bold-guys/
[2026-05-16T08:18:59Z] #268 attempt=1/2 status=200 0.653s url=https://www.myfonts.com/products/limit-micro-condensed-package-1151617
[2026-05-16T08:19:00Z] #269 attempt=1/2 status=200 1.121s url=https://www.myfonts.com/collections/limit-micro-font-bold-guys/
[2026-05-16T08:19:01Z] #270 attempt=1/2 status=200 0.389s url=https://www.myfonts.com/products/regal-drownfall-complete-family-package-1151831
[2026-05-16T08:19:02Z] #271 attempt=1/2 status=200 0.476s url=https://www.myfonts.com/collections/regal-drownfall-font-marvadesign/
[2026-05-16T08:19:03Z] #272 attempt=1/2 status=200 0.794s url=https://www.myfonts.com/products/limit-text-compressed-package-1151685
[2026-05-16T08:19:05Z] #273 attempt=1/2 status=200 1.738s url=https://www.myfonts.com/collections/limit-text-font-bold-guys/
[2026-05-16T08:19:06Z] #274 attempt=1/2 status=200 0.812s url=https://www.myfonts.com/products/normal-package-1151332
[2026-05-16T08:19:08Z] #275 attempt=1/2 status=200 1.783s url=https://www.myfonts.com/collections/gavion-font-mj-studio/
[2026-05-16T08:19:09Z] #276 attempt=1/2 status=200 0.378s url=https://www.myfonts.com/products/brook-complete-family-package-1151949
[2026-05-16T08:19:10Z] #277 attempt=1/2 status=200 0.726s url=https://www.myfonts.com/collections/brook-font-factory738/
[2026-05-16T08:19:11Z] #278 attempt=1/2 status=200 0.416s url=https://www.myfonts.com/products/luminor-complete-family-package-1151909
[2026-05-16T08:19:12Z] #279 attempt=1/2 status=200 0.563s url=https://www.myfonts.com/collections/luminor-font-rafis-type/
[2026-05-16T08:19:12Z] #280 attempt=1/2 status=200 0.499s url=https://www.myfonts.com/products/westburth-complete-family-package-1151969
[2026-05-16T08:19:13Z] #281 attempt=1/2 status=200 0.572s url=https://www.myfonts.com/collections/westburth-font-timelesstype-studio/
[2026-05-16T08:19:14Z] #282 attempt=1/2 status=200 0.379s url=https://www.myfonts.com/products/raisket-complete-family-package-1151957
[2026-05-16T08:19:14Z] #283 attempt=1/2 status=200 0.408s url=https://www.myfonts.com/collections/raisket-font-timelesstype-studio/
[2026-05-16T08:19:15Z] #284 attempt=1/2 status=200 0.448s url=https://www.myfonts.com/products/adore-mono-complete-family-package-1152028
[2026-05-16T08:19:16Z] #285 attempt=1/2 status=200 0.588s url=https://www.myfonts.com/collections/adore-mono-font-garagefonts/
[2026-05-16T08:19:17Z] #286 attempt=1/2 status=200 0.191s url=https://www.myfonts.com/collections/adore-mono-font-garagefonts/
[2026-05-16T08:19:17Z] #287 attempt=1/2 status=200 0.429s url=https://www.myfonts.com/products/limit-text-variable-concept-complete-family-package-1151528
[2026-05-16T08:19:18Z] #288 attempt=1/2 status=200 0.558s url=https://www.myfonts.com/collections/limit-text-variable-concept-font-bold-guys/
[2026-05-16T08:19:19Z] #289 attempt=1/2 status=200 0.554s url=https://www.myfonts.com/products/absture-complete-family-package-1151878
[2026-05-16T08:19:20Z] #290 attempt=1/2 status=200 0.630s url=https://www.myfonts.com/collections/absture-font-rotterlab-studio/
[2026-05-16T08:19:21Z] #291 attempt=1/2 status=200 0.512s url=https://www.myfonts.com/products/misago-sweet-complete-family-package-1151960
[2026-05-16T08:19:21Z] #292 attempt=1/2 status=200 0.552s url=https://www.myfonts.com/collections/misago-sweet-font-timelesstype-studio/
[2026-05-16T08:19:22Z] #293 attempt=1/2 status=200 0.408s url=https://www.myfonts.com/products/belavin-complete-family-package-1151930
[2026-05-16T08:19:23Z] #294 attempt=1/2 status=200 0.447s url=https://www.myfonts.com/collections/belavin-font-letterena-studios/
[2026-05-16T08:19:23Z] #295 attempt=1/2 status=200 0.333s url=https://www.myfonts.com/products/glander-complete-family-package-1151918
[2026-05-16T08:19:24Z] #296 attempt=1/2 status=200 0.510s url=https://www.myfonts.com/collections/glander-font-sensatype-studio/
[2026-05-16T08:19:25Z] #297 attempt=1/2 status=200 0.450s url=https://www.myfonts.com/products/bemhila-complete-family-package-1151945
[2026-05-16T08:19:25Z] #298 attempt=1/2 status=200 0.459s url=https://www.myfonts.com/collections/bemhila-font-letterena-studios/
[2026-05-16T08:19:26Z] #299 attempt=1/2 status=200 0.693s url=https://www.myfonts.com/products/vuska-black-complete-family-package-1152041
[2026-05-16T08:19:28Z] #300 attempt=1/2 status=200 1.125s url=https://www.myfonts.com/collections/vuska-black-font-propertype/
[2026-05-16T08:19:29Z] #301 attempt=1/2 status=200 0.522s url=https://www.myfonts.com/products/m-hei-hk-complete-family-package-1151773
[2026-05-16T08:19:29Z] #302 attempt=1/2 status=200 0.459s url=https://www.myfonts.com/collections/m-hei-hk-font-monotype-hk/
[2026-05-16T08:19:30Z] #303 attempt=1/2 status=200 0.352s url=https://www.myfonts.com/products/blazter-complete-family-package-1151964
[2026-05-16T08:19:31Z] #304 attempt=1/2 status=200 0.730s url=https://www.myfonts.com/collections/blazter-font-burntilldead/
[2026-05-16T08:19:32Z] #305 attempt=1/2 status=200 0.362s url=https://www.myfonts.com/products/bublo-complete-family-package-1151899
[2026-05-16T08:19:32Z] #306 attempt=1/2 status=200 0.609s url=https://www.myfonts.com/collections/bublo-font-divora-type/
[2026-05-16T08:19:33Z] #307 attempt=1/2 status=200 0.589s url=https://www.myfonts.com/products/limit-variable-concept-full-complete-family-package-1151520
[2026-05-16T08:19:34Z] #308 attempt=1/2 status=200 0.399s url=https://www.myfonts.com/collections/limit-variable-concept-full-font-bold-guys/
[2026-05-16T08:19:35Z] #309 attempt=1/2 status=200 0.385s url=https://www.myfonts.com/products/limit-frwy-variable-concept-complete-family-package-1151536
[2026-05-16T08:19:35Z] #310 attempt=1/2 status=200 0.387s url=https://www.myfonts.com/collections/limit-frwy-variable-concept-font-bold-guys/
[2026-05-16T08:19:36Z] #311 attempt=1/2 status=200 0.470s url=https://www.myfonts.com/products/nomu-massline-complete-family-package-1142838
[2026-05-16T08:19:37Z] #312 attempt=1/2 status=200 0.394s url=https://www.myfonts.com/collections/nomu-massline-font-new-yeast-foundry/
[2026-05-16T08:19:37Z] #313 attempt=1/2 status=200 0.488s url=https://www.myfonts.com/products/ebisu-complete-family-package-1144402
[2026-05-16T08:19:38Z] #314 attempt=1/2 status=200 0.801s url=https://www.myfonts.com/collections/ebisu-font-thinkdust/
[2026-05-16T08:19:39Z] #315 attempt=1/2 status=200 0.542s url=https://www.myfonts.com/products/gummer-complete-family-package-1151853
[2026-05-16T08:19:40Z] #316 attempt=1/2 status=200 0.581s url=https://www.myfonts.com/collections/gummer-font-sensatype-studio/
[2026-05-16T08:19:41Z] #317 attempt=1/2 status=200 0.625s url=https://www.myfonts.com/products/roastery-handmade-complete-family-package-1151974
[2026-05-16T08:19:42Z] #318 attempt=1/2 status=200 0.451s url=https://www.myfonts.com/collections/roastery-handmade-font-cocodesign/
[2026-05-16T08:19:43Z] #319 attempt=1/2 status=200 1.313s url=https://www.myfonts.com/products/bigdora-complete-family-package-1152130
[2026-05-16T08:19:46Z] #320 attempt=1/2 status=200 2.087s url=https://www.myfonts.com/collections/bigdora-font-propertype/
[2026-05-16T08:19:47Z] #321 attempt=1/2 status=200 0.365s url=https://www.myfonts.com/products/gelipo-complete-family-package-1151937
[2026-05-16T08:19:48Z] #322 attempt=1/2 status=200 0.493s url=https://www.myfonts.com/collections/gelipo-font-font-liner/
[2026-05-16T08:19:49Z] #323 attempt=1/6 status=200 1.075s url=https://www.myfonts.com/products.json?limit=100&page=14
[2026-05-16T08:19:50Z] #324 attempt=1/2 status=200 0.405s url=https://www.myfonts.com/products/regular-sx-smelten-1151982
[2026-05-16T08:19:50Z] #325 attempt=1/2 status=200 0.291s url=https://www.myfonts.com/collections/sx-smelten-font-sixtype-foundry/
[2026-05-16T08:19:51Z] #326 attempt=1/2 status=200 0.333s url=https://www.myfonts.com/products/regular-swandale-1151917
[2026-05-16T08:19:52Z] #327 attempt=1/2 status=200 0.304s url=https://www.myfonts.com/collections/swandale-font-eko-bimantara/
[2026-05-16T08:19:53Z] #328 attempt=1/6 status=200 0.718s url=https://www.myfonts.com/products.json?limit=100&page=15
[2026-05-16T08:19:53Z] #329 attempt=1/2 status=200 0.350s url=https://www.myfonts.com/products/regular-rive-gothic-1151972
[2026-05-16T08:19:54Z] #330 attempt=1/2 status=200 0.378s url=https://www.myfonts.com/collections/rive-gothic-font-the-design-speak/
[2026-05-16T08:19:55Z] #331 attempt=1/2 status=200 0.344s url=https://www.myfonts.com/products/regular-bisa-kerja-1151923
[2026-05-16T08:19:55Z] #332 attempt=1/2 status=200 0.276s url=https://www.myfonts.com/collections/bisa-kerja-font-letterytz/
[2026-05-16T08:19:57Z] #333 attempt=1/6 status=200 1.047s url=https://www.myfonts.com/products.json?limit=100&page=16
[2026-05-16T08:19:58Z] #334 attempt=1/2 status=200 0.500s url=https://www.myfonts.com/products/regular-uner-1151940
[2026-05-16T08:19:58Z] #335 attempt=1/2 status=200 0.511s url=https://www.myfonts.com/collections/uner-font-the-design-speak/
[2026-05-16T08:19:59Z] #336 attempt=1/2 status=200 0.325s url=https://www.myfonts.com/products/regular-vonire-bound-1151963
[2026-05-16T08:20:00Z] #337 attempt=1/2 status=200 0.483s url=https://www.myfonts.com/collections/vonire-bound-font-alit-design/
[2026-05-16T08:20:00Z] #338 attempt=1/2 status=200 0.424s url=https://www.myfonts.com/products/regular-wonder-glow-1151941
[2026-05-16T08:20:01Z] #339 attempt=1/2 status=200 0.291s url=https://www.myfonts.com/collections/wonder-glow-font-fikryal/
[2026-05-16T08:20:02Z] #340 attempt=1/2 status=200 0.431s url=https://www.myfonts.com/products/regular-jubani-1151131
[2026-05-16T08:20:02Z] #341 attempt=1/2 status=200 0.412s url=https://www.myfonts.com/collections/jubani-font-four-lines-std/
[2026-05-16T08:20:03Z] #342 attempt=1/2 status=200 0.531s url=https://www.myfonts.com/products/regular-monteo-1151983
[2026-05-16T08:20:04Z] #343 attempt=1/2 status=200 0.321s url=https://www.myfonts.com/collections/monteo-font-rasio-studio/
[2026-05-16T08:20:04Z] #344 attempt=1/2 status=200 0.410s url=https://www.myfonts.com/products/sl-wronghand-regular-wronghand-1151905
[2026-05-16T08:20:05Z] #345 attempt=1/2 status=200 0.291s url=https://www.myfonts.com/collections/wronghand-font-sloulyfe-studio/
[2026-05-16T08:20:05Z] #346 attempt=1/2 status=200 0.357s url=https://www.myfonts.com/products/evolnix-regular-evolnix-1151903
[2026-05-16T08:20:06Z] #347 attempt=1/2 status=200 0.278s url=https://www.myfonts.com/collections/evolnix-font-qiubare-studio/
[2026-05-16T08:20:07Z] #348 attempt=1/6 status=200 0.651s url=https://www.myfonts.com/products.json?limit=100&page=17
[2026-05-16T08:20:08Z] #349 attempt=1/2 status=200 0.453s url=https://www.myfonts.com/products/variable-grenette-variable-1151988
[2026-05-16T08:20:08Z] #350 attempt=1/2 status=429 0.048s url=https://www.myfonts.com/collections/grenette-variable-font-colophon-foundry/
[2026-05-16T08:20:10Z] #351 attempt=2/2 status=429 0.094s url=https://www.myfonts.com/collections/grenette-variable-font-colophon-foundry/
[2026-05-16T08:20:15Z] max_retries_exhausted url=https://www.myfonts.com/collections/grenette-variable-font-colophon-foundry/
[2026-05-16T08:20:16Z] #352 attempt=1/2 status=404 0.307s url=https://www.myfonts.com/collections/variable-grenette-variable-1151988-font-colophon-foundry
[2026-05-16T08:20:16Z] #353 attempt=1/2 status=200 0.407s url=https://www.myfonts.com/products/regular-stilenzio-roman-1151902
[2026-05-16T08:20:17Z] #354 attempt=1/2 status=200 0.337s url=https://www.myfonts.com/collections/stilenzio-roman-font-letterheadstudio-vg/
[2026-05-16T08:20:18Z] #355 attempt=1/6 status=200 0.746s url=https://www.myfonts.com/products.json?limit=100&page=18
[2026-05-16T08:20:19Z] #356 attempt=1/2 status=200 0.373s url=https://www.myfonts.com/products/regular-cogog-1151907
[2026-05-16T08:20:20Z] #357 attempt=1/2 status=200 0.328s url=https://www.myfonts.com/collections/cogog-font-canden-meutuah/
[2026-05-16T08:20:20Z] #358 attempt=1/2 status=200 0.314s url=https://www.myfonts.com/products/regular-stretchy-organic-1151936
[2026-05-16T08:20:21Z] #359 attempt=1/2 status=200 0.336s url=https://www.myfonts.com/collections/stretchy-organic-font-azzam-ridhamalik/
[2026-05-16T08:20:21Z] #360 attempt=1/2 status=200 0.386s url=https://www.myfonts.com/products/regular-brhia-1151908
[2026-05-16T08:20:22Z] #361 attempt=1/2 status=200 0.421s url=https://www.myfonts.com/collections/brhia-font-bayuktx/
[2026-05-16T08:20:23Z] #362 attempt=1/6 status=200 0.711s url=https://www.myfonts.com/products.json?limit=100&page=19
[2026-05-16T08:20:24Z] #363 attempt=1/2 status=200 0.398s url=https://www.myfonts.com/products/bold-rostun-1151852
[2026-05-16T08:20:24Z] #364 attempt=1/2 status=200 0.359s url=https://www.myfonts.com/collections/rostun-font-foxtype/
[2026-05-16T08:20:25Z] #365 attempt=1/2 status=200 0.571s url=https://www.myfonts.com/products/regular-ravishing-solidago-1151885
[2026-05-16T08:20:26Z] #366 attempt=1/2 status=200 0.369s url=https://www.myfonts.com/collections/ravishing-solidago-font-letterhanna-studio/
[2026-05-16T08:20:27Z] #367 attempt=1/2 status=200 0.357s url=https://www.myfonts.com/products/regular-duckin-1151819
[2026-05-16T08:20:27Z] #368 attempt=1/2 status=200 0.568s url=https://www.myfonts.com/collections/duckin-font-four-lines-std/
[2026-05-16T08:20:28Z] #369 attempt=1/2 status=200 0.462s url=https://www.myfonts.com/products/regular-prequel-1151815
[2026-05-16T08:20:29Z] #370 attempt=1/2 status=200 0.280s url=https://www.myfonts.com/collections/prequel-font-glowtype/
[2026-05-16T08:20:29Z] #371 attempt=1/2 status=429 0.047s url=https://www.myfonts.com/products/regular-bic-gothic-1151984
[2026-05-16T08:20:32Z] #372 attempt=2/2 status=200 0.503s url=https://www.myfonts.com/products/regular-bic-gothic-1151984
[2026-05-16T08:20:32Z] #373 attempt=1/2 status=200 0.324s url=https://www.myfonts.com/collections/bic-gothic-font-the-design-speak/
[2026-05-16T08:20:33Z] #374 attempt=1/2 status=200 0.406s url=https://www.myfonts.com/products/regular-jhon-mona-1151973
[2026-05-16T08:20:33Z] #375 attempt=1/2 status=200 0.292s url=https://www.myfonts.com/collections/jhon-mona-font-bayuktx/
[2026-05-16T08:20:35Z] #376 attempt=1/6 status=200 0.970s url=https://www.myfonts.com/products.json?limit=100&page=20
[2026-05-16T08:20:36Z] #377 attempt=1/2 status=200 0.530s url=https://www.myfonts.com/products/regular-kuficality-1151981
[2026-05-16T08:20:36Z] #378 attempt=1/2 status=200 0.378s url=https://www.myfonts.com/collections/kuficality-font-letterhanna-studio/
[2026-05-16T08:20:37Z] #379 attempt=1/2 status=200 0.511s url=https://www.myfonts.com/products/regular-sleekie-pro-1151985
[2026-05-16T08:20:37Z] #380 attempt=1/2 status=429 0.033s url=https://www.myfonts.com/collections/sleekie-pro-font-the-design-speak/
[2026-05-16T08:20:40Z] #381 attempt=2/2 status=429 0.062s url=https://www.myfonts.com/collections/sleekie-pro-font-the-design-speak/
[2026-05-16T08:20:45Z] max_retries_exhausted url=https://www.myfonts.com/collections/sleekie-pro-font-the-design-speak/
[2026-05-16T08:20:45Z] #382 attempt=1/2 status=404 0.240s url=https://www.myfonts.com/collections/regular-sleekie-pro-1151985-font-the-design-speak
[2026-05-16T08:20:46Z] #383 attempt=1/2 status=200 0.297s url=https://www.myfonts.com/products/regular-bisquine-1151929
[2026-05-16T08:20:46Z] #384 attempt=1/2 status=200 0.369s url=https://www.myfonts.com/collections/bisquine-font-eko-bimantara/
[2026-05-16T08:20:47Z] #385 attempt=1/2 status=200 0.373s url=https://www.myfonts.com/products/regular-slicker-efirates-1151928
[2026-05-16T08:20:47Z] #386 attempt=1/2 status=200 0.394s url=https://www.myfonts.com/collections/slicker-efirates-font-pineungtype-misinklab/
[2026-05-16T08:20:48Z] #387 attempt=1/2 status=200 0.335s url=https://www.myfonts.com/products/regular-noctune-1151927
[2026-05-16T08:20:49Z] #388 attempt=1/2 status=200 0.294s url=https://www.myfonts.com/collections/noctune-font-letterena-studios/
[2026-05-16T08:20:49Z] #389 attempt=1/2 status=200 0.343s url=https://www.myfonts.com/products/regular-wolves-at-vespers-1151913
[2026-05-16T08:20:50Z] #390 attempt=1/2 status=200 0.442s url=https://www.myfonts.com/collections/wolves-at-vespers-font-the-design-speak/
[2026-05-16T08:20:50Z] #391 attempt=1/2 status=200 0.292s url=https://www.myfonts.com/products/regular-mestain-1151877
[2026-05-16T08:20:51Z] #392 attempt=1/2 status=200 0.326s url=https://www.myfonts.com/collections/mestain-font-letterhend/
[2026-05-16T08:20:51Z] #393 attempt=1/2 status=429 0.034s url=https://www.myfonts.com/products/regular-al-bahjah-1151876
[2026-05-16T08:20:54Z] #394 attempt=2/2 status=200 0.431s url=https://www.myfonts.com/products/regular-al-bahjah-1151876
[2026-05-16T08:20:54Z] #395 attempt=1/2 status=200 0.303s url=https://www.myfonts.com/collections/al-bahjah-font-denustudio/
[2026-05-16T08:20:56Z] #396 attempt=1/6 status=200 0.758s url=https://www.myfonts.com/products.json?limit=100&page=21
[2026-05-16T08:20:56Z] #397 attempt=1/2 status=200 0.345s url=https://www.myfonts.com/products/moltrik-regular-moltrik-1151904
[2026-05-16T08:20:57Z] #398 attempt=1/2 status=200 0.282s url=https://www.myfonts.com/collections/moltrik-font-qiubare-studio/
[2026-05-16T08:20:58Z] #399 attempt=1/6 status=200 0.902s url=https://www.myfonts.com/products.json?limit=100&page=22
[2026-05-16T08:20:59Z] #400 attempt=1/2 status=200 0.337s url=https://www.myfonts.com/products/regular-night-sally-1151948
[2026-05-16T08:20:59Z] #401 attempt=1/2 status=200 0.297s url=https://www.myfonts.com/collections/night-sally-font-epiclinez/
[2026-05-16T08:21:00Z] #402 attempt=1/2 status=200 0.372s url=https://www.myfonts.com/products/regular-velvet-land-1151895
[2026-05-16T08:21:01Z] #403 attempt=1/2 status=200 0.369s url=https://www.myfonts.com/collections/velvet-land-font-epiclinez/
[2026-05-16T08:21:02Z] #404 attempt=1/2 status=200 0.524s url=https://www.myfonts.com/products/ring-neck-complete-family-package-1152322
[2026-05-16T08:21:02Z] #405 attempt=1/2 status=200 0.725s url=https://www.myfonts.com/collections/ring-neck-font-ochakov/
[2026-05-16T08:21:03Z] #406 attempt=1/2 status=200 0.419s url=https://www.myfonts.com/products/3x5-complete-family-package-1148650
[2026-05-16T08:21:03Z] #407 attempt=1/2 status=429 0.036s url=https://www.myfonts.com/collections/3x5-font-k-type/
[2026-05-16T08:21:06Z] #408 attempt=2/2 status=200 0.501s url=https://www.myfonts.com/collections/3x5-font-k-type/
[2026-05-16T08:21:07Z] #409 attempt=1/2 status=200 0.359s url=https://www.myfonts.com/products/regular-nightcrawler-1151906
[2026-05-16T08:21:07Z] #410 attempt=1/2 status=200 0.323s url=https://www.myfonts.com/collections/nightcrawler-font-the-design-speak/
[2026-05-16T08:21:08Z] #411 attempt=1/2 status=200 0.411s url=https://www.myfonts.com/products/imagin-complete-family-package-1151276
[2026-05-16T08:21:09Z] #412 attempt=1/2 status=200 0.724s url=https://www.myfonts.com/collections/imagin-font-dora-typefoundry/
[2026-05-16T08:21:10Z] #413 attempt=1/2 status=200 0.369s url=https://www.myfonts.com/products/dilabo-complete-family-package-1151273
[2026-05-16T08:21:10Z] #414 attempt=1/2 status=200 0.465s url=https://www.myfonts.com/collections/dilabo-font-vermilione/
[2026-05-16T08:21:11Z] #415 attempt=1/2 status=200 0.511s url=https://www.myfonts.com/products/fragcore-complete-family-package-1151158
[2026-05-16T08:21:11Z] #416 attempt=1/2 status=429 0.033s url=https://www.myfonts.com/collections/fragcore-font-vozzy/
[2026-05-16T08:21:14Z] #417 attempt=2/2 status=200 0.630s url=https://www.myfonts.com/collections/fragcore-font-vozzy/
[2026-05-16T08:21:15Z] #418 attempt=1/2 status=200 0.361s url=https://www.myfonts.com/products/stockbridge-display-complete-family-package-1150842
[2026-05-16T08:21:16Z] #419 attempt=1/2 status=200 0.492s url=https://www.myfonts.com/collections/stockbridge-display-font-wearecolt/
[2026-05-16T08:21:16Z] #420 attempt=1/2 status=200 0.343s url=https://www.myfonts.com/products/it-caldor-complete-family-package-1151117
[2026-05-16T08:21:17Z] #421 attempt=1/2 status=200 0.425s url=https://www.myfonts.com/collections/it-caldor-font-creatifont-studio/
[2026-05-16T08:21:18Z] #422 attempt=1/2 status=200 0.641s url=https://www.myfonts.com/products/upright-package-1150905
[2026-05-16T08:21:20Z] #423 attempt=1/2 status=200 1.855s url=https://www.myfonts.com/collections/nuvetra-font-rndi-type-foundry/
[2026-05-16T08:21:21Z] #424 attempt=1/2 status=200 0.794s url=https://www.myfonts.com/products/semi-condensed-package-1151337
[2026-05-16T08:21:24Z] #425 attempt=1/2 status=200 2.741s url=https://www.myfonts.com/collections/gigestha-font-mj-studio/
[2026-05-16T08:21:25Z] #426 attempt=1/2 status=200 0.362s url=https://www.myfonts.com/products/gattino-spazio-complete-family-package-1151064
[2026-05-16T08:21:26Z] #427 attempt=1/2 status=200 0.790s url=https://www.myfonts.com/collections/gattino-spazio-font-mbonster/
[2026-05-16T08:21:27Z] #428 attempt=1/2 status=200 0.504s url=https://www.myfonts.com/products/designer-edition-package-1151035
[2026-05-16T08:21:28Z] #429 attempt=1/2 status=200 0.795s url=https://www.myfonts.com/collections/tbj-cota-sans-font-taboja-studio/
[2026-05-16T08:21:29Z] #430 attempt=1/2 status=200 0.436s url=https://www.myfonts.com/products/fagor-complete-family-package-1151152
[2026-05-16T08:21:29Z] #431 attempt=1/2 status=200 0.435s url=https://www.myfonts.com/collections/fagor-font-font-liner/
[2026-05-16T08:21:30Z] #432 attempt=1/2 status=200 0.344s url=https://www.myfonts.com/products/marcante-complete-family-package-1146802
[2026-05-16T08:21:31Z] #433 attempt=1/2 status=200 0.597s url=https://www.myfonts.com/collections/marcante-font-latinotype/
[2026-05-16T08:21:32Z] #434 attempt=1/2 status=200 0.540s url=https://www.myfonts.com/products/leonardo-sans-complete-family-package-1151313
[2026-05-16T08:21:33Z] #435 attempt=1/2 status=200 1.126s url=https://www.myfonts.com/collections/leonardo-sans-font-factory738/
[2026-05-16T08:21:34Z] #436 attempt=1/2 status=200 0.389s url=https://www.myfonts.com/products/nerogen-text-style-package-1151149
[2026-05-16T08:21:35Z] #437 attempt=1/2 status=200 1.273s url=https://www.myfonts.com/collections/nerogen-font-sign-studio/
[2026-05-16T08:21:36Z] #438 attempt=1/2 status=200 0.409s url=https://www.myfonts.com/products/astreum-gradient-complete-family-package-1150911
[2026-05-16T08:21:37Z] #439 attempt=1/2 status=200 0.529s url=https://www.myfonts.com/collections/astreum-gradient-font-shape-studio/
[2026-05-16T08:21:38Z] #440 attempt=1/2 status=200 0.466s url=https://www.myfonts.com/products/golden-crumbs-complete-family-package-1151077
[2026-05-16T08:21:38Z] #441 attempt=1/2 status=200 0.666s url=https://www.myfonts.com/collections/golden-crumbs-font-littlehand/
[2026-05-16T08:21:39Z] #442 attempt=1/2 status=200 0.527s url=https://www.myfonts.com/products/desevon-complete-family-package-1151051
[2026-05-16T08:21:40Z] #443 attempt=1/2 status=200 0.776s url=https://www.myfonts.com/collections/desevon-font-burntilldead/
[2026-05-16T08:21:41Z] #444 attempt=1/2 status=200 0.365s url=https://www.myfonts.com/products/gc-basic-inktrap-monospace-complete-family-package-1151120
[2026-05-16T08:21:42Z] #445 attempt=1/2 status=200 0.508s url=https://www.myfonts.com/collections/gc-basic-inktrap-monospace-font-onyx-studio/
[2026-05-16T08:21:42Z] #446 attempt=1/2 status=200 0.362s url=https://www.myfonts.com/products/rolynx-complete-family-package-1151067
[2026-05-16T08:21:43Z] #447 attempt=1/2 status=200 0.479s url=https://www.myfonts.com/collections/rolynx-font-madjack-font/
[2026-05-16T08:21:44Z] #448 attempt=1/2 status=200 0.526s url=https://www.myfonts.com/products/modus-complete-family-package-1151300
[2026-05-16T08:21:44Z] #449 attempt=1/2 status=429 0.036s url=https://www.myfonts.com/collections/modus-font-garagefonts/
[2026-05-16T08:21:47Z] #450 attempt=2/2 status=200 0.607s url=https://www.myfonts.com/collections/modus-font-garagefonts/
[2026-05-16T08:21:48Z] #451 attempt=1/2 status=200 0.365s url=https://www.myfonts.com/products/midnight-reflection-complete-family-package-1151110
[2026-05-16T08:21:48Z] #452 attempt=1/2 status=200 0.405s url=https://www.myfonts.com/collections/midnight-reflection-font-fikryal/
[2026-05-16T08:21:49Z] #453 attempt=1/2 status=200 0.555s url=https://www.myfonts.com/products/owning-sans-complete-family-package-1151224
[2026-05-16T08:21:50Z] #454 attempt=1/2 status=200 1.131s url=https://www.myfonts.com/collections/owning-sans-font-dora-typefoundry/
[2026-05-16T08:21:51Z] #455 attempt=1/2 status=200 0.443s url=https://www.myfonts.com/products/chaak-complete-family-package-1151289
[2026-05-16T08:21:52Z] #456 attempt=1/2 status=200 0.477s url=https://www.myfonts.com/collections/chaak-font-ixipcalli/
[2026-05-16T08:21:53Z] #457 attempt=1/2 status=200 0.343s url=https://www.myfonts.com/products/musline-complete-family-package-1151060
[2026-05-16T08:21:53Z] #458 attempt=1/2 status=200 0.624s url=https://www.myfonts.com/collections/musline-font-burntilldead/
[2026-05-16T08:21:54Z] #459 attempt=1/2 status=200 0.508s url=https://www.myfonts.com/products/gatecode-complete-family-package-1151133
[2026-05-16T08:21:55Z] #460 attempt=1/2 status=200 0.849s url=https://www.myfonts.com/collections/gatecode-font-ragamkata/
[2026-05-16T08:21:56Z] #461 attempt=1/2 status=200 0.411s url=https://www.myfonts.com/products/laguna-tropic-complete-family-package-1151208
[2026-05-16T08:21:56Z] #462 attempt=1/2 status=429 0.045s url=https://www.myfonts.com/collections/laguna-tropic-font-edignwn-type/
[2026-05-16T08:21:59Z] #463 attempt=2/2 status=200 0.628s url=https://www.myfonts.com/collections/laguna-tropic-font-edignwn-type/
[2026-05-16T08:22:00Z] #464 attempt=1/2 status=200 0.628s url=https://www.myfonts.com/products/tbj-neuetra-complete-family-package-1151016
[2026-05-16T08:22:01Z] #465 attempt=1/2 status=200 0.976s url=https://www.myfonts.com/collections/tbj-neuetra-font-taboja-studio/
[2026-05-16T08:22:02Z] #466 attempt=1/2 status=200 0.302s url=https://www.myfonts.com/products/cholla-springs-complete-family-package-1151181
[2026-05-16T08:22:03Z] #467 attempt=1/2 status=200 0.432s url=https://www.myfonts.com/collections/cholla-springs-font-vozzy/
[2026-05-16T08:22:03Z] #468 attempt=1/2 status=200 0.328s url=https://www.myfonts.com/products/boogie-blast-complete-family-package-1151054
[2026-05-16T08:22:04Z] #469 attempt=1/2 status=200 0.590s url=https://www.myfonts.com/collections/boogie-blast-font-sipanji21/
[2026-05-16T08:22:05Z] #470 attempt=1/2 status=200 0.379s url=https://www.myfonts.com/products/racemans-american-complete-family-package-1150907
[2026-05-16T08:22:05Z] #471 attempt=1/2 status=200 0.411s url=https://www.myfonts.com/collections/racemans-american-font-timelesstype-studio/
[2026-05-16T08:22:06Z] #472 attempt=1/2 status=429 0.039s url=https://www.myfonts.com/products/boserich-complete-family-package-1151047
[2026-05-16T08:22:08Z] #473 attempt=2/2 status=200 0.466s url=https://www.myfonts.com/products/boserich-complete-family-package-1151047
[2026-05-16T08:22:09Z] #474 attempt=1/2 status=200 0.404s url=https://www.myfonts.com/collections/boserich-font-burntilldead/
[2026-05-16T08:22:10Z] #475 attempt=1/2 status=200 0.365s url=https://www.myfonts.com/products/arbuckle-complete-family-package-1151310
[2026-05-16T08:22:10Z] #476 attempt=1/2 status=200 0.387s url=https://www.myfonts.com/collections/arbuckle-font-garagefonts/
[2026-05-16T08:22:11Z] #477 attempt=1/2 status=200 0.441s url=https://www.myfonts.com/products/rovas-complete-family-package-1151125
[2026-05-16T08:22:12Z] #478 attempt=1/2 status=200 0.611s url=https://www.myfonts.com/collections/rovas-font-grontype/
[2026-05-16T08:22:13Z] #479 attempt=1/2 status=200 0.390s url=https://www.myfonts.com/products/naxero-complete-family-package-1151204
[2026-05-16T08:22:13Z] #480 attempt=1/2 status=429 0.040s url=https://www.myfonts.com/collections/naxero-font-tini-fitriani/
[2026-05-16T08:22:16Z] #481 attempt=2/2 status=200 0.742s url=https://www.myfonts.com/collections/naxero-font-tini-fitriani/
[2026-05-16T08:22:17Z] #482 attempt=1/2 status=200 0.506s url=https://www.myfonts.com/products/foermality-sans-pro-complete-family-package-1151081
[2026-05-16T08:22:18Z] #483 attempt=1/2 status=200 0.805s url=https://www.myfonts.com/collections/foermality-sans-pro-font-laroyba-type/
[2026-05-16T08:22:18Z] #484 attempt=1/2 status=200 0.344s url=https://www.myfonts.com/products/west-postage-complete-family-package-1151213
[2026-05-16T08:22:19Z] #485 attempt=1/2 status=200 0.764s url=https://www.myfonts.com/collections/west-postage-font-sarid-ezra/
[2026-05-16T08:22:20Z] #486 attempt=1/2 status=200 0.351s url=https://www.myfonts.com/products/curly-blush-complete-family-package-1151216
[2026-05-16T08:22:21Z] #487 attempt=1/2 status=200 0.759s url=https://www.myfonts.com/collections/curly-blush-font-littlehand/
[2026-05-16T08:22:22Z] #488 attempt=1/2 status=200 0.331s url=https://www.myfonts.com/products/costague-complete-family-package-1151114
[2026-05-16T08:22:22Z] #489 attempt=1/2 status=200 0.453s url=https://www.myfonts.com/collections/costague-font-eko-bimantara/
[2026-05-16T08:22:23Z] #490 attempt=1/2 status=200 0.517s url=https://www.myfonts.com/products/sandpack-variable-complete-family-package-1151309
[2026-05-16T08:22:23Z] #491 attempt=1/2 status=429 0.035s url=https://www.myfonts.com/collections/sandpack-variable-font-collectype/
[2026-05-16T08:22:26Z] #492 attempt=2/2 status=200 0.792s url=https://www.myfonts.com/collections/sandpack-variable-font-collectype/
[2026-05-16T08:22:27Z] #493 attempt=1/2 status=200 0.480s url=https://www.myfonts.com/products/ring-soft-complete-family-package-1151006
[2026-05-16T08:22:28Z] #494 attempt=1/2 status=200 0.503s url=https://www.myfonts.com/collections/ring-soft-font-ochakov/
[2026-05-16T08:22:29Z] #495 attempt=1/2 status=200 0.627s url=https://www.myfonts.com/products/barnforge-complete-family-package-1151200
[2026-05-16T08:22:30Z] #496 attempt=1/2 status=200 0.639s url=https://www.myfonts.com/collections/barnforge-font-vozzy/
[2026-05-16T08:22:30Z] #497 attempt=1/2 status=200 0.331s url=https://www.myfonts.com/products/kawahara-complete-family-package-1151082
[2026-05-16T08:22:31Z] #498 attempt=1/2 status=200 0.641s url=https://www.myfonts.com/collections/kawahara-font-agung-sudirman/
[2026-05-16T08:22:32Z] #499 attempt=1/2 status=200 0.411s url=https://www.myfonts.com/products/camden-mrkt-complete-family-package-1151197
[2026-05-16T08:22:32Z] #500 attempt=1/2 status=200 0.447s url=https://www.myfonts.com/collections/camden-mrkt-font-vozzy/
[2026-05-16T08:22:33Z] #501 attempt=1/2 status=200 0.366s url=https://www.myfonts.com/products/campus-varsity-complete-family-package-1151186
[2026-05-16T08:22:33Z] #502 attempt=1/2 status=429 0.035s url=https://www.myfonts.com/collections/campus-varsity-font-vozzy/
[2026-05-16T08:22:36Z] #503 attempt=2/2 status=200 0.958s url=https://www.myfonts.com/collections/campus-varsity-font-vozzy/
[2026-05-16T08:22:37Z] #504 attempt=1/2 status=200 0.428s url=https://www.myfonts.com/products/focsio-complete-family-package-1151044
[2026-05-16T08:22:38Z] #505 attempt=1/2 status=200 0.520s url=https://www.myfonts.com/collections/focsio-font-tini-fitriani/
[2026-05-16T08:22:39Z] #506 attempt=1/2 status=200 0.479s url=https://www.myfonts.com/products/lecrace-complete-family-package-1150875
[2026-05-16T08:22:40Z] #507 attempt=1/2 status=200 0.557s url=https://www.myfonts.com/collections/lecrace-font-mevstory-studio/
[2026-05-16T08:22:41Z] #508 attempt=1/6 status=200 0.848s url=https://www.myfonts.com/products.json?limit=100&page=23
[2026-05-16T08:22:42Z] #509 attempt=1/2 status=200 0.386s url=https://www.myfonts.com/products/novaire-complete-family-package-1150866
[2026-05-16T08:22:42Z] #510 attempt=1/2 status=200 0.515s url=https://www.myfonts.com/collections/novaire-font-enfeeltype/
[2026-05-16T08:22:43Z] #511 attempt=1/2 status=200 0.480s url=https://www.myfonts.com/products/signat-complete-family-package-1151162
[2026-05-16T08:22:44Z] #512 attempt=1/2 status=200 0.643s url=https://www.myfonts.com/collections/signat-font-tipotype/
[2026-05-16T08:22:45Z] #513 attempt=1/2 status=200 0.341s url=https://www.myfonts.com/products/sorpant-complete-family-package-1151041
[2026-05-16T08:22:45Z] #514 attempt=1/2 status=429 0.045s url=https://www.myfonts.com/collections/sorpant-font-jolicia-type/
[2026-05-16T08:22:48Z] #515 attempt=2/2 status=200 0.490s url=https://www.myfonts.com/collections/sorpant-font-jolicia-type/
[2026-05-16T08:22:48Z] #516 attempt=1/2 status=200 0.355s url=https://www.myfonts.com/products/royal-veins-complete-family-package-1151036
[2026-05-16T08:22:49Z] #517 attempt=1/2 status=200 0.382s url=https://www.myfonts.com/collections/royal-veins-font-denustudio/
[2026-05-16T08:22:50Z] #518 attempt=1/2 status=200 0.434s url=https://www.myfonts.com/products/saned-complete-family-package-1151298
[2026-05-16T08:22:51Z] #519 attempt=1/2 status=200 0.662s url=https://www.myfonts.com/collections/saned-font-hishand-studio/
[2026-05-16T08:22:51Z] #520 attempt=1/2 status=200 0.384s url=https://www.myfonts.com/products/advance-glowing-sans-complete-family-package-1151107
[2026-05-16T08:22:52Z] #521 attempt=1/2 status=200 0.419s url=https://www.myfonts.com/collections/advance-glowing-sans-font-madjack-font/
[2026-05-16T08:22:52Z] #522 attempt=1/2 status=429 0.029s url=https://www.myfonts.com/products/regular-chief-rock-1151076
[2026-05-16T08:22:55Z] #523 attempt=2/2 status=200 0.540s url=https://www.myfonts.com/products/regular-chief-rock-1151076
[2026-05-16T08:22:56Z] #524 attempt=1/2 status=200 0.391s url=https://www.myfonts.com/collections/chief-rock-font-epiclinez/
[2026-05-16T08:22:56Z] #525 attempt=1/2 status=200 0.402s url=https://www.myfonts.com/products/regular-khattalib-1151040
[2026-05-16T08:22:57Z] #526 attempt=1/2 status=200 0.267s url=https://www.myfonts.com/collections/khattalib-font-nian-keun-studio/
[2026-05-16T08:22:57Z] #527 attempt=1/2 status=200 0.297s url=https://www.myfonts.com/products/regular-fang-malic-1151039
[2026-05-16T08:22:58Z] #528 attempt=1/2 status=200 0.300s url=https://www.myfonts.com/collections/fang-malic-font-alit-design/
[2026-05-16T08:22:58Z] #529 attempt=1/2 status=429 0.031s url=https://www.myfonts.com/products/regular-marcellyna-1151222
[2026-05-16T08:23:01Z] #530 attempt=2/2 status=200 0.293s url=https://www.myfonts.com/products/regular-marcellyna-1151222
[2026-05-16T08:23:01Z] #531 attempt=1/2 status=200 0.445s url=https://www.myfonts.com/collections/marcellyna-font-inviline/
[2026-05-16T08:23:02Z] #532 attempt=1/2 status=200 0.357s url=https://www.myfonts.com/products/regular-enchanted-thread-1151207
[2026-05-16T08:23:03Z] #533 attempt=1/2 status=200 0.526s url=https://www.myfonts.com/collections/enchanted-thread-font-medialabco/
[2026-05-16T08:23:04Z] #534 attempt=1/6 status=200 0.851s url=https://www.myfonts.com/products.json?limit=100&page=24
[2026-05-16T08:23:05Z] #535 attempt=1/2 status=200 0.333s url=https://www.myfonts.com/products/regular-velafine-1151113
[2026-05-16T08:23:05Z] #536 attempt=1/2 status=200 0.329s url=https://www.myfonts.com/collections/velafine-font-rasio-studio/
[2026-05-16T08:23:06Z] #537 attempt=1/2 status=429 0.035s url=https://www.myfonts.com/products/regular-basenk-1151106
[2026-05-16T08:23:08Z] #538 attempt=2/2 status=200 0.448s url=https://www.myfonts.com/products/regular-basenk-1151106
[2026-05-16T08:23:09Z] #539 attempt=1/2 status=200 0.395s url=https://www.myfonts.com/collections/basenk-font-kangfont-studio/
[2026-05-16T08:23:09Z] #540 attempt=1/2 status=200 0.318s url=https://www.myfonts.com/products/regular-ugloed-1151155
[2026-05-16T08:23:10Z] #541 attempt=1/2 status=200 0.372s url=https://www.myfonts.com/collections/ugloed-font-letterheadstudio-vg/
[2026-05-16T08:23:11Z] #542 attempt=1/2 status=200 0.383s url=https://www.myfonts.com/products/regular-qetela-joosy-1151103
[2026-05-16T08:23:11Z] #543 attempt=1/2 status=200 0.306s url=https://www.myfonts.com/collections/qetela-joosy-font-bayuktx/
[2026-05-16T08:23:12Z] #544 attempt=1/2 status=429 0.033s url=https://www.myfonts.com/products/regular-girthy-display-1151150
[2026-05-16T08:23:14Z] #545 attempt=2/2 status=200 0.373s url=https://www.myfonts.com/products/regular-girthy-display-1151150
[2026-05-16T08:23:15Z] #546 attempt=1/2 status=200 0.510s url=https://www.myfonts.com/collections/girthy-display-font-silverdav/
[2026-05-16T08:23:16Z] #547 attempt=1/2 status=200 0.343s url=https://www.myfonts.com/products/regular-duckling-1151128
[2026-05-16T08:23:16Z] #548 attempt=1/2 status=200 0.284s url=https://www.myfonts.com/collections/duckling-font-alpaprana/
[2026-05-16T08:23:17Z] #549 attempt=1/2 status=200 0.429s url=https://www.myfonts.com/products/script-nocturnal-blossom-1151130
[2026-05-16T08:23:17Z] #550 attempt=1/2 status=200 0.371s url=https://www.myfonts.com/collections/nocturnal-blossom-font-collectype/
[2026-05-16T08:23:18Z] #551 attempt=1/2 status=429 0.029s url=https://www.myfonts.com/products/regular-freetags-1151080
[2026-05-16T08:23:20Z] #552 attempt=2/2 status=200 0.486s url=https://www.myfonts.com/products/regular-freetags-1151080
[2026-05-16T08:23:21Z] #553 attempt=1/2 status=200 0.271s url=https://www.myfonts.com/collections/freetags-font-gassstype/
[2026-05-16T08:23:22Z] #554 attempt=1/2 status=200 0.439s url=https://www.myfonts.com/products/regular-rustic-market-1151129
[2026-05-16T08:23:22Z] #555 attempt=1/2 status=200 0.348s url=https://www.myfonts.com/collections/rustic-market-font-collectype/
[2026-05-16T08:23:23Z] #556 attempt=1/6 status=200 0.715s url=https://www.myfonts.com/products.json?limit=100&page=25
[2026-05-16T08:23:24Z] #557 attempt=1/2 status=200 0.360s url=https://www.myfonts.com/products/regular-macaria-1151223
[2026-05-16T08:23:25Z] #558 attempt=1/2 status=200 0.271s url=https://www.myfonts.com/collections/macaria-font-imoodev/
[2026-05-16T08:23:25Z] #559 attempt=1/2 status=429 0.038s url=https://www.myfonts.com/products/regular-bront-olo-1151104
[2026-05-16T08:23:28Z] #560 attempt=2/2 status=200 0.527s url=https://www.myfonts.com/products/regular-bront-olo-1151104
[2026-05-16T08:23:28Z] #561 attempt=1/2 status=200 0.441s url=https://www.myfonts.com/collections/bront-olo-font-kangfont-studio/
[2026-05-16T08:23:29Z] #562 attempt=1/2 status=200 0.402s url=https://www.myfonts.com/products/regular-baruzen-karma-1151151
[2026-05-16T08:23:30Z] #563 attempt=1/2 status=200 0.586s url=https://www.myfonts.com/collections/baruzen-karma-font-letterhanna-studio/
[2026-05-16T08:23:30Z] #564 attempt=1/2 status=200 0.391s url=https://www.myfonts.com/products/regular-margiona-1151105
[2026-05-16T08:23:31Z] #565 attempt=1/2 status=200 0.268s url=https://www.myfonts.com/collections/margiona-font-rasio-studio/
[2026-05-16T08:23:32Z] #566 attempt=1/2 status=200 0.487s url=https://www.myfonts.com/products/regular-pistachio-brush-1150910
[2026-05-16T08:23:32Z] #567 attempt=1/2 status=429 0.045s url=https://www.myfonts.com/collections/pistachio-brush-font-gatype/
[2026-05-16T08:23:34Z] #568 attempt=2/2 status=200 0.318s url=https://www.myfonts.com/collections/pistachio-brush-font-gatype/
[2026-05-16T08:23:35Z] #569 attempt=1/2 status=200 0.537s url=https://www.myfonts.com/products/italic-bakery-megals-1150827
[2026-05-16T08:23:36Z] #570 attempt=1/2 status=200 0.497s url=https://www.myfonts.com/collections/bakery-megals-font-timelesstype-studio/
[2026-05-16T08:23:37Z] #571 attempt=1/2 status=200 0.354s url=https://www.myfonts.com/products/regular-mokel-1151157
[2026-05-16T08:23:37Z] #572 attempt=1/2 status=200 0.334s url=https://www.myfonts.com/collections/mokel-font-black-junst/
[2026-05-16T08:23:38Z] #573 attempt=1/2 status=200 0.373s url=https://www.myfonts.com/products/regular-montella-cracken-1151132
[2026-05-16T08:23:38Z] #574 attempt=1/2 status=429 0.029s url=https://www.myfonts.com/collections/montella-cracken-font-collectype/
[2026-05-16T08:23:41Z] #575 attempt=2/2 status=200 0.324s url=https://www.myfonts.com/collections/montella-cracken-font-collectype/
[2026-05-16T08:23:41Z] #576 attempt=1/2 status=200 0.402s url=https://www.myfonts.com/products/regular-alkomary-1150834
[2026-05-16T08:23:42Z] #577 attempt=1/2 status=200 0.268s url=https://www.myfonts.com/collections/alkomary-font-monolimes/
[2026-05-16T08:23:42Z] summary releases=1 first_429=(110, 'https://www.myfonts.com/collections/candywrap-font-outerend/', 0.040312767028808594) log_file=state/myfonts_run_20260516_081437.log
[2026-05-16T08:23:42Z] === MyFonts crawl end ===
