[2026-08-19T06:56:23Z] checkpoint fresh next_page=1 path=state/myfonts_crawl_checkpoint.json
[2026-08-19T06:56:23Z] === MyFonts crawl start source=myfonts ===
[2026-08-19T06:56:23Z] config max_pages=25 page_size=100 start_date=2026-08-18 end_date=2026-08-19 api_delay=0.5s detail_delay=0.2s max_debut_checks=400 max_tech_specs_checks=200 reuse_success_profile=False always_enrich_packages=True language_script_signal_mode=strong force_fresh_run=False start_page=1 browser_mode=False browser_headless=True browser_storage_state_path=state/myfonts_storage_state.json
[2026-08-19T06:56:25Z] #1 attempt=1/6 status=200 0.982s url=https://www.myfonts.com/products.json?limit=100&page=1
[2026-08-19T06:56:26Z] #2 attempt=1/2 status=200 0.437s url=https://www.myfonts.com/products/almai-complete-family-package-1204106
[2026-08-19T06:56:26Z] #3 attempt=1/2 status=200 0.402s url=https://www.myfonts.com/collections/almai-font-eisa-aleisa/
[2026-08-19T06:56:27Z] #4 attempt=1/2 status=200 0.396s url=https://www.myfonts.com/collections/almai-font-eisa-aleisa/?tab=techSpecs
[2026-08-19T06:56:29Z] #5 attempt=1/2 status=200 0.777s url=https://www.myfonts.com/products/salicraft-complete-family-package-1204710
[2026-08-19T06:56:30Z] #6 attempt=1/2 status=200 1.022s url=https://www.myfonts.com/collections/salicraft-font-gatype/
[2026-08-19T06:56:31Z] #7 attempt=1/2 status=200 1.187s url=https://www.myfonts.com/collections/salicraft-font-gatype/?tab=techSpecs
[2026-08-19T06:56:33Z] #8 attempt=1/2 status=200 1.155s url=https://www.myfonts.com/products/brunella-script-complete-family-package-1204566
[2026-08-19T06:56:35Z] #9 attempt=1/2 status=200 1.641s url=https://www.myfonts.com/collections/brunella-script-font-seniors-studio/
[2026-08-19T06:56:38Z] #10 attempt=1/2 status=200 1.760s url=https://www.myfonts.com/collections/brunella-script-font-seniors-studio/?tab=techSpecs
[2026-08-19T06:56:39Z] #11 attempt=1/2 status=200 0.394s url=https://www.myfonts.com/products/cheap-as-chips-pro-complete-family-package-1204074
[2026-08-19T06:56:40Z] #12 attempt=1/2 status=200 0.437s url=https://www.myfonts.com/collections/cheap-as-chips-pro-font-hanoded/
[2026-08-19T06:56:40Z] #13 attempt=1/2 status=200 0.473s url=https://www.myfonts.com/collections/cheap-as-chips-pro-font-hanoded/?tab=techSpecs
[2026-08-19T06:56:43Z] #14 attempt=1/2 status=200 1.385s url=https://www.myfonts.com/products/trion-sans-complete-family-package-1204241
[2026-08-19T06:56:45Z] #15 attempt=1/2 status=200 2.237s url=https://www.myfonts.com/collections/trion-sans-font-trick-type-style/
[2026-08-19T06:56:47Z] #16 attempt=1/2 status=200 0.391s url=https://www.myfonts.com/collections/trion-sans-font-trick-type-style/?tab=techSpecs
[2026-08-19T06:56:48Z] #17 attempt=1/2 status=200 0.402s url=https://www.myfonts.com/products/thegora-complete-family-package-1204232
[2026-08-19T06:56:49Z] #18 attempt=1/2 status=200 0.404s url=https://www.myfonts.com/collections/thegora-font-vermilione/
[2026-08-19T06:56:50Z] #19 attempt=1/2 status=200 0.384s url=https://www.myfonts.com/collections/thegora-font-vermilione/?tab=techSpecs
[2026-08-19T06:56:51Z] #20 attempt=1/2 status=200 0.376s url=https://www.myfonts.com/products/avelind-complete-family-package-1204221
[2026-08-19T06:56:51Z] #21 attempt=1/2 status=200 0.413s url=https://www.myfonts.com/collections/avelind-font-font-liner/
[2026-08-19T06:56:52Z] #22 attempt=1/2 status=200 0.389s url=https://www.myfonts.com/collections/avelind-font-font-liner/?tab=techSpecs
[2026-08-19T06:56:53Z] #23 attempt=1/2 status=200 0.412s url=https://www.myfonts.com/products/cuano-complete-family-package-1204195
[2026-08-19T06:56:54Z] #24 attempt=1/2 status=200 0.429s url=https://www.myfonts.com/collections/cuano-font-viaction-type/
[2026-08-19T06:56:54Z] #25 attempt=1/2 status=200 0.196s url=https://www.myfonts.com/collections/cuano-font-viaction-type/?tab=techSpecs
[2026-08-19T06:56:56Z] #26 attempt=1/2 status=200 0.523s url=https://www.myfonts.com/products/luxable-formal-package-1204224
[2026-08-19T06:56:56Z] #27 attempt=1/2 status=200 0.532s url=https://www.myfonts.com/collections/luxable-font-varifont/
[2026-08-19T06:56:57Z] #28 attempt=1/2 status=200 0.670s url=https://www.myfonts.com/collections/luxable-font-varifont/?tab=techSpecs
[2026-08-19T06:56:59Z] #29 attempt=1/2 status=200 0.361s url=https://www.myfonts.com/products/cute-aurora-complete-family-package-1204079
[2026-08-19T06:56:59Z] #30 attempt=1/2 status=200 0.380s url=https://www.myfonts.com/collections/cute-aurora-font-611-studio/
[2026-08-19T06:57:00Z] #31 attempt=1/2 status=200 0.427s url=https://www.myfonts.com/collections/cute-aurora-font-611-studio/?tab=techSpecs
[2026-08-19T06:57:01Z] #32 attempt=1/2 status=200 0.383s url=https://www.myfonts.com/products/makayoi-complete-family-package-1204192
[2026-08-19T06:57:02Z] #33 attempt=1/2 status=200 0.432s url=https://www.myfonts.com/collections/makayoi-font-typeclassheroes/
[2026-08-19T06:57:02Z] #34 attempt=1/2 status=200 0.213s url=https://www.myfonts.com/collections/makayoi-font-typeclassheroes/?tab=techSpecs
[2026-08-19T06:57:03Z] #35 attempt=1/2 status=200 0.416s url=https://www.myfonts.com/products/sf-nuha-solid-complete-family-package-1204180
[2026-08-19T06:57:04Z] #36 attempt=1/2 status=200 0.499s url=https://www.myfonts.com/collections/sf-nuha-solid-font-sultan-fonts/
[2026-08-19T06:57:05Z] #37 attempt=1/2 status=200 0.435s url=https://www.myfonts.com/collections/sf-nuha-solid-font-sultan-fonts/?tab=techSpecs
[2026-08-19T06:57:06Z] #38 attempt=1/2 status=200 0.357s url=https://www.myfonts.com/products/celineso-aroma-complete-family-package-1204189
[2026-08-19T06:57:07Z] #39 attempt=1/2 status=200 0.504s url=https://www.myfonts.com/collections/celineso-aroma-font-timelesstype-studio/
[2026-08-19T06:57:07Z] #40 attempt=1/2 status=200 0.198s url=https://www.myfonts.com/collections/celineso-aroma-font-timelesstype-studio/?tab=techSpecs
[2026-08-19T06:57:08Z] #41 attempt=1/2 status=200 0.407s url=https://www.myfonts.com/products/windraw-aesthetic-complete-family-package-1204086
[2026-08-19T06:57:09Z] #42 attempt=1/2 status=200 0.411s url=https://www.myfonts.com/collections/windraw-aesthetic-font-arterfak-project/
[2026-08-19T06:57:10Z] #43 attempt=1/2 status=200 0.498s url=https://www.myfonts.com/collections/windraw-aesthetic-font-arterfak-project/?tab=techSpecs
[2026-08-19T06:57:11Z] #44 attempt=1/2 status=200 0.381s url=https://www.myfonts.com/products/sofithanks-complete-family-package-1204177
[2026-08-19T06:57:11Z] #45 attempt=1/2 status=200 0.403s url=https://www.myfonts.com/collections/sofithanks-font-stylishtype-studio/
[2026-08-19T06:57:12Z] #46 attempt=1/2 status=200 0.438s url=https://www.myfonts.com/collections/sofithanks-font-stylishtype-studio/?tab=techSpecs
[2026-08-19T06:57:13Z] #47 attempt=1/2 status=200 0.379s url=https://www.myfonts.com/products/ricket-complete-family-package-1204110
[2026-08-19T06:57:14Z] #48 attempt=1/2 status=200 0.426s url=https://www.myfonts.com/collections/ricket-font-flavortype/
[2026-08-19T06:57:15Z] #49 attempt=1/2 status=200 0.428s url=https://www.myfonts.com/collections/ricket-font-flavortype/?tab=techSpecs
[2026-08-19T06:57:16Z] #50 attempt=1/2 status=200 0.396s url=https://www.myfonts.com/products/silk-serif-variable-complete-family-package-1204173
[2026-08-19T06:57:16Z] #51 attempt=1/2 status=200 0.408s url=https://www.myfonts.com/collections/silk-serif-variable-font-silktype/
[2026-08-19T06:57:17Z] #52 attempt=1/2 status=200 0.449s url=https://www.myfonts.com/collections/silk-serif-variable-font-silktype/?tab=techSpecs
[2026-08-19T06:57:18Z] #53 attempt=1/2 status=200 0.414s url=https://www.myfonts.com/products/glimore-complete-family-package-1204138
[2026-08-19T06:57:19Z] #54 attempt=1/2 status=200 0.476s url=https://www.myfonts.com/collections/glimore-font-font-liner/
[2026-08-19T06:57:20Z] #55 attempt=1/2 status=200 0.501s url=https://www.myfonts.com/collections/glimore-font-font-liner/?tab=techSpecs
[2026-08-19T06:57:21Z] #56 attempt=1/2 status=200 0.349s url=https://www.myfonts.com/products/alinistic-complete-family-package-1204186
[2026-08-19T06:57:22Z] #57 attempt=1/2 status=200 0.394s url=https://www.myfonts.com/collections/alinistic-font-syntype/
[2026-08-19T06:57:22Z] #58 attempt=1/2 status=200 0.425s url=https://www.myfonts.com/collections/alinistic-font-syntype/?tab=techSpecs
[2026-08-19T06:57:23Z] #59 attempt=1/2 status=200 0.393s url=https://www.myfonts.com/products/sunshine-vacation-complete-family-package-1204098
[2026-08-19T06:57:24Z] #60 attempt=1/2 status=200 0.383s url=https://www.myfonts.com/collections/sunshine-vacation-font-cocodesign/
[2026-08-19T06:57:25Z] #61 attempt=1/2 status=200 0.439s url=https://www.myfonts.com/collections/sunshine-vacation-font-cocodesign/?tab=techSpecs
[2026-08-19T06:57:26Z] #62 attempt=1/2 status=200 0.394s url=https://www.myfonts.com/products/white-ascents-complete-family-package-1204092
[2026-08-19T06:57:26Z] #63 attempt=1/2 status=200 0.378s url=https://www.myfonts.com/collections/white-ascents-font-bale-type/
[2026-08-19T06:57:27Z] #64 attempt=1/2 status=200 0.453s url=https://www.myfonts.com/collections/white-ascents-font-bale-type/?tab=techSpecs
[2026-08-19T06:57:28Z] #65 attempt=1/2 status=200 0.480s url=https://www.myfonts.com/products/the-lumina-awesome-complete-family-package-1204158
[2026-08-19T06:57:29Z] #66 attempt=1/2 status=200 0.492s url=https://www.myfonts.com/collections/the-lumina-awesome-font-zane-studio/
[2026-08-19T06:57:30Z] #67 attempt=1/2 status=200 0.203s url=https://www.myfonts.com/collections/the-lumina-awesome-font-zane-studio/?tab=techSpecs
[2026-08-19T06:57:31Z] #68 attempt=1/2 status=200 0.396s url=https://www.myfonts.com/products/ccs-neue-carla-sans-complete-family-package-1204101
[2026-08-19T06:57:31Z] #69 attempt=1/2 status=200 0.509s url=https://www.myfonts.com/collections/ccs-neue-carla-sans-font-creative-corner-studio/
[2026-08-19T06:57:32Z] #70 attempt=1/2 status=200 0.472s url=https://www.myfonts.com/collections/ccs-neue-carla-sans-font-creative-corner-studio/?tab=techSpecs
[2026-08-19T06:57:33Z] #71 attempt=1/2 status=200 0.450s url=https://www.myfonts.com/products/goliathus-rounded-complete-family-package-1204115
[2026-08-19T06:57:34Z] #72 attempt=1/2 status=200 0.692s url=https://www.myfonts.com/collections/goliathus-rounded-font-ghozai-studio/
[2026-08-19T06:57:35Z] #73 attempt=1/2 status=200 0.586s url=https://www.myfonts.com/collections/goliathus-rounded-font-ghozai-studio/?tab=techSpecs
[2026-08-19T06:57:36Z] #74 attempt=1/2 status=200 0.346s url=https://www.myfonts.com/products/relaku-complete-family-package-1204198
[2026-08-19T06:57:37Z] #75 attempt=1/2 status=200 0.432s url=https://www.myfonts.com/collections/relaku-font-zaain-type/
[2026-08-19T06:57:38Z] #76 attempt=1/2 status=200 0.224s url=https://www.myfonts.com/collections/relaku-font-zaain-type/?tab=techSpecs
[2026-08-19T06:57:39Z] #77 attempt=1/2 status=200 0.380s url=https://www.myfonts.com/products/cheering-section-pro-complete-family-package-1204071
[2026-08-19T06:57:39Z] #78 attempt=1/2 status=200 0.524s url=https://www.myfonts.com/collections/cheering-section-pro-font-hanoded/
[2026-08-19T06:57:40Z] #79 attempt=1/2 status=200 0.580s url=https://www.myfonts.com/collections/cheering-section-pro-font-hanoded/?tab=techSpecs
[2026-08-19T06:57:41Z] #80 attempt=1/2 status=200 0.354s url=https://www.myfonts.com/products/redgato-complete-family-package-1204134
[2026-08-19T06:57:42Z] #81 attempt=1/2 status=200 0.503s url=https://www.myfonts.com/collections/redgato-font-get-studio/
[2026-08-19T06:57:43Z] #82 attempt=1/2 status=200 0.209s url=https://www.myfonts.com/collections/redgato-font-get-studio/?tab=techSpecs
[2026-08-19T06:57:44Z] #83 attempt=1/2 status=200 0.448s url=https://www.myfonts.com/products/cobweb-afternoon-pro-complete-family-package-1204064
[2026-08-19T06:57:44Z] #84 attempt=1/2 status=429 0.018s url=https://www.myfonts.com/collections/cobweb-afternoon-pro-font-hanoded/
[2026-08-19T06:57:44Z] first_429 req=84 url=https://www.myfonts.com/collections/cobweb-afternoon-pro-font-hanoded/
[2026-08-19T06:57:47Z] #85 attempt=2/2 status=200 0.591s url=https://www.myfonts.com/collections/cobweb-afternoon-pro-font-hanoded/
[2026-08-19T06:57:48Z] #86 attempt=1/2 status=200 0.391s url=https://www.myfonts.com/products/sunday-poetry-complete-family-package-1204082
[2026-08-19T06:57:48Z] #87 attempt=1/2 status=429 0.018s url=https://www.myfonts.com/collections/sunday-poetry-font-andrewpixel/
[2026-08-19T06:57:51Z] #88 attempt=2/2 status=200 0.451s url=https://www.myfonts.com/collections/sunday-poetry-font-andrewpixel/
[2026-08-19T06:57:51Z] #89 attempt=1/2 status=200 0.420s url=https://www.myfonts.com/products/royal-blast-complete-family-package-1204089
[2026-08-19T06:57:51Z] #90 attempt=1/2 status=429 0.021s url=https://www.myfonts.com/collections/royal-blast-font-asbill-studio/
[2026-08-19T06:57:54Z] #91 attempt=2/2 status=200 0.560s url=https://www.myfonts.com/collections/royal-blast-font-asbill-studio/
[2026-08-19T06:57:56Z] #92 attempt=1/2 status=200 1.038s url=https://www.myfonts.com/products/catiler-complete-family-package-1204679
[2026-08-19T06:57:56Z] #93 attempt=1/2 status=429 0.026s url=https://www.myfonts.com/collections/catiler-font-gatype/
[2026-08-19T06:57:59Z] #94 attempt=2/2 status=200 1.309s url=https://www.myfonts.com/collections/catiler-font-gatype/
[2026-08-19T06:58:00Z] #95 attempt=1/2 status=200 0.383s url=https://www.myfonts.com/products/heavy-eliot-1204732
[2026-08-19T06:58:01Z] #96 attempt=1/2 status=200 0.387s url=https://www.myfonts.com/collections/eliot-font-eliot-wolin/
[2026-08-19T06:58:01Z] #97 attempt=1/2 status=429 0.018s url=https://www.myfonts.com/products/mostern-mostern-1204114
[2026-08-19T06:58:04Z] #98 attempt=2/2 status=200 0.375s url=https://www.myfonts.com/products/mostern-mostern-1204114
[2026-08-19T06:58:04Z] #99 attempt=1/2 status=200 0.330s url=https://www.myfonts.com/collections/mostern-font-habitype/
[2026-08-19T06:58:06Z] #100 attempt=1/6 status=200 0.844s url=https://www.myfonts.com/products.json?limit=100&page=2
[2026-08-19T06:58:06Z] #101 attempt=1/2 status=200 0.336s url=https://www.myfonts.com/products/regular-shady-rocks-1204150
[2026-08-19T06:58:07Z] #102 attempt=1/2 status=200 0.362s url=https://www.myfonts.com/collections/shady-rocks-font-littlehand/
[2026-08-19T06:58:08Z] #103 attempt=1/2 status=200 0.332s url=https://www.myfonts.com/products/regular-gevilra-1204113
[2026-08-19T06:58:08Z] #104 attempt=1/2 status=200 0.392s url=https://www.myfonts.com/collections/gevilra-font-flawlessandco/
[2026-08-19T06:58:10Z] #105 attempt=1/6 status=200 0.854s url=https://www.myfonts.com/products.json?limit=100&page=3
[2026-08-19T06:58:11Z] #106 attempt=1/6 status=200 0.776s url=https://www.myfonts.com/products.json?limit=100&page=4
[2026-08-19T06:58:12Z] #107 attempt=1/6 status=200 0.913s url=https://www.myfonts.com/products.json?limit=100&page=5
[2026-08-19T06:58:13Z] #108 attempt=1/2 status=200 0.602s url=https://www.myfonts.com/products/slant-sbrougher-1204238
[2026-08-19T06:58:14Z] #109 attempt=1/2 status=200 0.466s url=https://www.myfonts.com/collections/sbrougher-font-griyotype/
[2026-08-19T06:58:15Z] #110 attempt=1/6 status=200 0.902s url=https://www.myfonts.com/products.json?limit=100&page=6
[2026-08-19T06:58:16Z] #111 attempt=1/2 status=200 0.352s url=https://www.myfonts.com/products/regular-starbuth-1204235
[2026-08-19T06:58:17Z] #112 attempt=1/2 status=200 0.371s url=https://www.myfonts.com/collections/starbuth-font-syafbe/
[2026-08-19T06:58:17Z] #113 attempt=1/2 status=200 0.337s url=https://www.myfonts.com/products/regular-zumpy-1204239
[2026-08-19T06:58:17Z] #114 attempt=1/2 status=429 0.018s url=https://www.myfonts.com/collections/zumpy-font-ezinxo-foundry/
[2026-08-19T06:58:20Z] #115 attempt=2/2 status=200 0.459s url=https://www.myfonts.com/collections/zumpy-font-ezinxo-foundry/
[2026-08-19T06:58:22Z] #116 attempt=1/6 status=200 0.937s url=https://www.myfonts.com/products.json?limit=100&page=7
[2026-08-19T06:58:22Z] #117 attempt=1/2 status=200 0.304s url=https://www.myfonts.com/products/regular-theodore-hamilton-1204240
[2026-08-19T06:58:23Z] #118 attempt=1/2 status=200 0.352s url=https://www.myfonts.com/collections/theodore-hamilton-font-lemonthe/
[2026-08-19T06:58:23Z] #119 attempt=1/2 status=200 0.350s url=https://www.myfonts.com/products/regular-kawasemi-1204172
[2026-08-19T06:58:24Z] #120 attempt=1/2 status=200 0.342s url=https://www.myfonts.com/collections/kawasemi-font-myhandwritings/
[2026-08-19T06:58:25Z] #121 attempt=1/2 status=200 0.342s url=https://www.myfonts.com/products/regular-paffilo-1204185
[2026-08-19T06:58:25Z] #122 attempt=1/2 status=200 0.345s url=https://www.myfonts.com/collections/paffilo-font-syauqi-studio/
[2026-08-19T06:58:25Z] #123 attempt=1/2 status=429 0.019s url=https://www.myfonts.com/products/regular-rf-rack-1204170
[2026-08-19T06:58:28Z] #124 attempt=2/2 status=200 0.452s url=https://www.myfonts.com/products/regular-rf-rack-1204170
[2026-08-19T06:58:29Z] #125 attempt=1/2 status=200 0.376s url=https://www.myfonts.com/collections/rf-rack-font-renegade-fonts/
[2026-08-19T06:58:29Z] #126 attempt=1/2 status=200 0.358s url=https://www.myfonts.com/products/regular-demise-1204171
[2026-08-19T06:58:30Z] #127 attempt=1/2 status=200 0.440s url=https://www.myfonts.com/collections/demise-font-reyrey-blue-std/
[2026-08-19T06:58:31Z] #128 attempt=1/2 status=200 0.394s url=https://www.myfonts.com/products/regular-melta-bubbly-1204176
[2026-08-19T06:58:31Z] #129 attempt=1/2 status=200 0.376s url=https://www.myfonts.com/collections/melta-bubbly-font-struvictory-art/
[2026-08-19T06:58:32Z] #130 attempt=1/2 status=200 0.398s url=https://www.myfonts.com/products/dustnote-scribble-complete-family-package-1204155
[2026-08-19T06:58:32Z] #131 attempt=1/2 status=429 0.025s url=https://www.myfonts.com/collections/dustnote-scribble-font-prioritype/
[2026-08-19T06:58:35Z] #132 attempt=2/2 status=200 0.434s url=https://www.myfonts.com/collections/dustnote-scribble-font-prioritype/
[2026-08-19T06:58:36Z] #133 attempt=1/2 status=200 0.345s url=https://www.myfonts.com/products/regular-nmmeltingchocolate-1204153
[2026-08-19T06:58:36Z] #134 attempt=1/2 status=200 0.413s url=https://www.myfonts.com/collections/nmmeltingchocolate-font-norm/
[2026-08-19T06:58:37Z] #135 attempt=1/2 status=200 0.408s url=https://www.myfonts.com/products/regular-prak-phonical-1204154
[2026-08-19T06:58:37Z] #136 attempt=1/2 status=200 0.344s url=https://www.myfonts.com/collections/prak-phonical-font-praktypes/
[2026-08-19T06:58:38Z] #137 attempt=1/2 status=200 0.356s url=https://www.myfonts.com/products/rawflesia-regular-rawflesia-hand-drawn-font-1204152
[2026-08-19T06:58:38Z] #138 attempt=1/2 status=429 0.017s url=https://www.myfonts.com/collections/rawflesia-hand-drawn-font-font-mufara-studio/
[2026-08-19T06:58:41Z] #139 attempt=2/2 status=200 0.456s url=https://www.myfonts.com/collections/rawflesia-hand-drawn-font-font-mufara-studio/
[2026-08-19T06:58:42Z] #140 attempt=1/2 status=200 0.334s url=https://www.myfonts.com/products/mix-max-volume-regular-max-volume-1204151
[2026-08-19T06:58:42Z] #141 attempt=1/2 status=200 0.334s url=https://www.myfonts.com/collections/max-volume-font-mix-fonts/
[2026-08-19T06:58:43Z] #142 attempt=1/2 status=200 0.552s url=https://www.myfonts.com/products/jinzero-complete-family-package-1164576
[2026-08-19T06:58:44Z] #143 attempt=1/2 status=200 0.614s url=https://www.myfonts.com/collections/jinzero-font-zafara-studios/
[2026-08-19T06:58:45Z] #144 attempt=1/2 status=200 0.435s url=https://www.myfonts.com/products/fulava-complete-family-package-1204144
[2026-08-19T06:58:45Z] #145 attempt=1/2 status=200 0.417s url=https://www.myfonts.com/collections/fulava-font-illushvara/
[2026-08-19T06:58:46Z] #146 attempt=1/2 status=200 0.409s url=https://www.myfonts.com/products/renicey-complete-family-package-1204141
[2026-08-19T06:58:46Z] #147 attempt=1/2 status=429 0.019s url=https://www.myfonts.com/collections/renicey-font-hasnat-studio/
[2026-08-19T06:58:49Z] #148 attempt=2/2 status=200 0.434s url=https://www.myfonts.com/collections/renicey-font-hasnat-studio/
[2026-08-19T06:58:50Z] #149 attempt=1/2 status=200 1.091s url=https://www.myfonts.com/products/semi-bold-extra-expanded-italic-selogia-1180624
[2026-08-19T06:58:52Z] #150 attempt=1/2 status=200 1.163s url=https://www.myfonts.com/collections/selogia-font-trick-type-style/
[2026-08-19T06:58:53Z] #151 attempt=1/2 status=200 0.337s url=https://www.myfonts.com/products/regular-oldisire-script-1204148
[2026-08-19T06:58:53Z] #152 attempt=1/2 status=200 0.364s url=https://www.myfonts.com/collections/oldisire-script-font-jolicia-type/
[2026-08-19T06:58:54Z] #153 attempt=1/2 status=200 0.341s url=https://www.myfonts.com/products/regular-raissa-1168084
[2026-08-19T06:58:54Z] #154 attempt=1/2 status=200 0.412s url=https://www.myfonts.com/collections/raissa-font-typoraith-co/
[2026-08-19T06:58:55Z] #155 attempt=1/2 status=200 0.347s url=https://www.myfonts.com/products/regular-floralice-1204097
[2026-08-19T06:58:56Z] #156 attempt=1/2 status=200 0.357s url=https://www.myfonts.com/collections/floralice-font-claymoon-lab-studio/
[2026-08-19T06:58:56Z] #157 attempt=1/2 status=200 0.389s url=https://www.myfonts.com/products/regular-waterboy-1204109
[2026-08-19T06:58:57Z] #158 attempt=1/2 status=200 0.392s url=https://www.myfonts.com/collections/waterboy-font-epiclinez/
[2026-08-19T06:58:58Z] #159 attempt=1/6 status=200 0.940s url=https://www.myfonts.com/products.json?limit=100&page=8
[2026-08-19T06:58:59Z] #160 attempt=1/2 status=200 0.344s url=https://www.myfonts.com/products/regular-bandosa-1204096
[2026-08-19T06:58:59Z] #161 attempt=1/2 status=429 0.019s url=https://www.myfonts.com/collections/bandosa-font-blankids/
[2026-08-19T06:59:02Z] #162 attempt=2/2 status=200 0.401s url=https://www.myfonts.com/collections/bandosa-font-blankids/
[2026-08-19T06:59:03Z] #163 attempt=1/2 status=200 0.382s url=https://www.myfonts.com/products/regular-ac-leafs-1204085
[2026-08-19T06:59:03Z] #164 attempt=1/2 status=200 0.357s url=https://www.myfonts.com/collections/ac-leafs-font-antoine-crama/
[2026-08-19T06:59:03Z] #165 attempt=1/2 status=429 0.017s url=https://www.myfonts.com/products/regular-strum-genks-1204095
[2026-08-19T06:59:06Z] #166 attempt=2/2 status=200 0.442s url=https://www.myfonts.com/products/regular-strum-genks-1204095
[2026-08-19T06:59:07Z] #167 attempt=1/2 status=200 0.467s url=https://www.myfonts.com/collections/strum-genks-font-black-junst/
[2026-08-19T06:59:07Z] #168 attempt=1/2 status=200 0.375s url=https://www.myfonts.com/products/regular-baroth-1204149
[2026-08-19T06:59:08Z] #169 attempt=1/2 status=200 0.365s url=https://www.myfonts.com/collections/baroth-font-koplexs-studio/
[2026-08-19T06:59:09Z] #170 attempt=1/2 status=200 0.415s url=https://www.myfonts.com/products/regular-chunky-sprout-1204147
[2026-08-19T06:59:09Z] #171 attempt=1/2 status=200 0.394s url=https://www.myfonts.com/collections/chunky-sprout-font-imoodev/
[2026-08-19T06:59:11Z] #172 attempt=1/2 status=200 1.329s url=https://www.myfonts.com/products/dravion-serif-complete-family-package-1203842
[2026-08-19T06:59:15Z] #173 attempt=1/2 status=500 3.257s url=https://www.myfonts.com/collections/dravion-serif-font-keren-studio/
[2026-08-19T06:59:15Z] #174 attempt=1/2 status=200 0.404s url=https://www.myfonts.com/products/yoon-urbanmodern-complete-family-package-1204025
[2026-08-19T06:59:16Z] #175 attempt=1/2 status=200 0.448s url=https://www.myfonts.com/collections/yoon-urbanmodern-font-yoon-design/
[2026-08-19T06:59:17Z] #176 attempt=1/2 status=200 0.844s url=https://www.myfonts.com/products/midland-luxury-complete-family-package-1203506
[2026-08-19T06:59:19Z] #177 attempt=1/2 status=200 1.617s url=https://www.myfonts.com/collections/midland-luxury-font-areatype/
[2026-08-19T06:59:21Z] #178 attempt=1/2 status=200 1.441s url=https://www.myfonts.com/products/callisen-complete-family-package-1203600
[2026-08-19T06:59:24Z] #179 attempt=1/2 status=200 2.521s url=https://www.myfonts.com/collections/callisen-font-zane-studio/
[2026-08-19T06:59:25Z] #180 attempt=1/2 status=200 0.381s url=https://www.myfonts.com/products/helio-rainbow-serif-complete-family-package-1203834
[2026-08-19T06:59:25Z] #181 attempt=1/2 status=200 0.413s url=https://www.myfonts.com/collections/helio-rainbow-serif-font-wacaksara-co/
[2026-08-19T06:59:26Z] #182 attempt=1/2 status=200 0.404s url=https://www.myfonts.com/products/blue-talk-complete-family-package-1203826
[2026-08-19T06:59:27Z] #183 attempt=1/2 status=200 0.534s url=https://www.myfonts.com/collections/blue-talk-font-pizzadude-dk/
[2026-08-19T06:59:28Z] #184 attempt=1/2 status=200 0.422s url=https://www.myfonts.com/products/the-villas-complete-family-package-1203837
[2026-08-19T06:59:28Z] #185 attempt=1/2 status=200 0.439s url=https://www.myfonts.com/collections/the-villas-font-nollev/
[2026-08-19T06:59:29Z] #186 attempt=1/2 status=200 0.431s url=https://www.myfonts.com/products/genya-complete-family-package-1203814
[2026-08-19T06:59:30Z] #187 attempt=1/2 status=200 0.439s url=https://www.myfonts.com/collections/genya-font-vermilione/
[2026-08-19T06:59:30Z] #188 attempt=1/2 status=200 0.496s url=https://www.myfonts.com/products/ringold-complete-family-package-1204062
[2026-08-19T06:59:31Z] #189 attempt=1/2 status=200 0.521s url=https://www.myfonts.com/collections/ringold-font-bijou-type/
[2026-08-19T06:59:33Z] #190 attempt=1/2 status=200 1.929s url=https://www.myfonts.com/products/soft-package-1204061
[2026-08-19T06:59:37Z] #191 attempt=1/2 status=200 3.502s url=https://www.myfonts.com/collections/norvixa-font-ajibatype/
[2026-08-19T06:59:39Z] #192 attempt=1/2 status=200 0.431s url=https://www.myfonts.com/products/geome-cute-complete-family-package-1203789
[2026-08-19T06:59:39Z] #193 attempt=1/2 status=200 0.513s url=https://www.myfonts.com/collections/geome-cute-font-kalam/
[2026-08-19T06:59:40Z] #194 attempt=1/2 status=200 0.467s url=https://www.myfonts.com/products/euples-complete-family-package-1203818
[2026-08-19T06:59:41Z] #195 attempt=1/2 status=200 0.436s url=https://www.myfonts.com/collections/euples-font-hasnat-studio/
[2026-08-19T06:59:42Z] #196 attempt=1/2 status=200 0.388s url=https://www.myfonts.com/products/rutro-complete-family-package-1204051
[2026-08-19T06:59:42Z] #197 attempt=1/2 status=200 0.487s url=https://www.myfonts.com/collections/rutro-font-artiveko/
[2026-08-19T06:59:43Z] #198 attempt=1/2 status=200 0.408s url=https://www.myfonts.com/products/amora-maison-complete-family-package-1204054
[2026-08-19T06:59:44Z] #199 attempt=1/2 status=200 0.495s url=https://www.myfonts.com/collections/amora-maison-font-maghrib-type/
[2026-08-19T06:59:45Z] #200 attempt=1/2 status=200 0.760s url=https://www.myfonts.com/products/cotnes-complete-family-package-1203696
[2026-08-19T06:59:46Z] #201 attempt=1/2 status=200 1.462s url=https://www.myfonts.com/collections/cotnes-font-aqeela-studio/
[2026-08-19T06:59:47Z] #202 attempt=1/2 status=200 0.406s url=https://www.myfonts.com/products/rigflek-complete-family-package-1203830
[2026-08-19T06:59:48Z] #203 attempt=1/2 status=200 0.433s url=https://www.myfonts.com/collections/rigflek-font-timelesstype-studio/
[2026-08-19T06:59:49Z] #204 attempt=1/2 status=200 0.435s url=https://www.myfonts.com/products/tbj-pros-vogen-complete-family-package-1200311
[2026-08-19T06:59:50Z] #205 attempt=1/2 status=200 0.516s url=https://www.myfonts.com/collections/tbj-pros-vogen-font-taboja-studio/
[2026-08-19T06:59:50Z] #206 attempt=1/2 status=200 0.450s url=https://www.myfonts.com/products/sf-nuha-complete-family-package-1204045
[2026-08-19T06:59:51Z] #207 attempt=1/2 status=200 0.498s url=https://www.myfonts.com/collections/sf-nuha-font-sultan-fonts/
[2026-08-19T06:59:52Z] #208 attempt=1/2 status=200 0.408s url=https://www.myfonts.com/products/merida-coast-complete-family-package-1204028
[2026-08-19T06:59:52Z] #209 attempt=1/2 status=200 0.514s url=https://www.myfonts.com/collections/merida-coast-font-letterhend/
[2026-08-19T06:59:53Z] #210 attempt=1/2 status=200 0.482s url=https://www.myfonts.com/products/novaform-complete-family-package-1203793
[2026-08-19T06:59:54Z] #211 attempt=1/2 status=200 0.845s url=https://www.myfonts.com/collections/novaform-font-moritz-kleinsorge/
[2026-08-19T06:59:56Z] #212 attempt=1/6 status=200 0.816s url=https://www.myfonts.com/products.json?limit=100&page=9
[2026-08-19T06:59:56Z] #213 attempt=1/2 status=200 0.416s url=https://www.myfonts.com/products/regular-nmsweetsnow-1203840
[2026-08-19T06:59:57Z] #214 attempt=1/2 status=200 0.403s url=https://www.myfonts.com/collections/nmsweetsnow-font-norm/
[2026-08-19T06:59:58Z] #215 attempt=1/2 status=200 0.376s url=https://www.myfonts.com/products/regular-evoire-1203833
[2026-08-19T06:59:58Z] #216 attempt=1/2 status=200 0.373s url=https://www.myfonts.com/collections/evoire-font-rasio-studio/
[2026-08-19T06:59:59Z] #217 attempt=1/2 status=200 0.393s url=https://www.myfonts.com/products/regular-nmoriginalcute-1203841
[2026-08-19T07:00:00Z] #218 attempt=1/2 status=200 0.537s url=https://www.myfonts.com/collections/nmoriginalcute-font-norm/
[2026-08-19T07:00:01Z] #219 attempt=1/6 status=200 0.894s url=https://www.myfonts.com/products.json?limit=100&page=10
[2026-08-19T07:00:03Z] #220 attempt=1/6 status=200 0.905s url=https://www.myfonts.com/products.json?limit=100&page=11
[2026-08-19T07:00:04Z] #221 attempt=1/6 status=200 0.998s url=https://www.myfonts.com/products.json?limit=100&page=12
[2026-08-19T07:00:05Z] #222 attempt=1/2 status=200 0.403s url=https://www.myfonts.com/products/regular-halja-131664
[2026-08-19T07:00:06Z] #223 attempt=1/2 status=200 0.408s url=https://www.myfonts.com/collections/halja-font-t-26/
[2026-08-19T07:00:06Z] #224 attempt=1/2 status=200 0.380s url=https://www.myfonts.com/collections/halja-font-t-26/
[2026-08-19T07:00:08Z] #225 attempt=1/6 status=200 0.934s url=https://www.myfonts.com/products.json?limit=100&page=13
[2026-08-19T07:00:08Z] #226 attempt=1/2 status=200 0.420s url=https://www.myfonts.com/products/regular-morka-1204050
[2026-08-19T07:00:09Z] #227 attempt=1/2 status=200 0.429s url=https://www.myfonts.com/collections/morka-font-maghrib-type/
[2026-08-19T07:00:10Z] #228 attempt=1/2 status=200 0.407s url=https://www.myfonts.com/products/regular-ruana-1204059
[2026-08-19T07:00:10Z] #229 attempt=1/2 status=200 0.415s url=https://www.myfonts.com/collections/ruana-font-rasio-studio/
[2026-08-19T07:00:12Z] #230 attempt=1/6 status=200 1.329s url=https://www.myfonts.com/products.json?limit=100&page=14
[2026-08-19T07:00:13Z] #231 attempt=1/2 status=200 0.372s url=https://www.myfonts.com/products/regular-emsen-1204058
[2026-08-19T07:00:13Z] #232 attempt=1/2 status=200 0.418s url=https://www.myfonts.com/collections/emsen-font-rasio-studio/
[2026-08-19T07:00:14Z] #233 attempt=1/2 status=200 0.462s url=https://www.myfonts.com/products/regular-palgrace-1204057
[2026-08-19T07:00:15Z] #234 attempt=1/2 status=200 0.424s url=https://www.myfonts.com/collections/palgrace-font-vadova-std/
[2026-08-19T07:00:16Z] #235 attempt=1/2 status=200 0.597s url=https://www.myfonts.com/products/the-casillac-paramount-serif-complete-family-package-1204035
[2026-08-19T07:00:17Z] #236 attempt=1/2 status=200 0.607s url=https://www.myfonts.com/collections/the-casillac-paramount-serif-font-suza-studio/
[2026-08-19T07:00:17Z] #237 attempt=1/2 status=200 0.441s url=https://www.myfonts.com/products/kindora-complete-family-package-1204042
[2026-08-19T07:00:18Z] #238 attempt=1/2 status=200 0.512s url=https://www.myfonts.com/collections/kindora-font-shape-studio/
[2026-08-19T07:00:19Z] #239 attempt=1/2 status=200 0.421s url=https://www.myfonts.com/products/oxelar-complete-family-package-1204039
[2026-08-19T07:00:20Z] #240 attempt=1/2 status=200 0.508s url=https://www.myfonts.com/collections/oxelar-font-font-liner/
[2026-08-19T07:00:20Z] #241 attempt=1/2 status=200 0.385s url=https://www.myfonts.com/products/regular-food-imaji-1204034
[2026-08-19T07:00:20Z] #242 attempt=1/2 status=429 0.027s url=https://www.myfonts.com/collections/food-imaji-font-illushvara/
[2026-08-19T07:00:23Z] #243 attempt=2/2 status=200 0.584s url=https://www.myfonts.com/collections/food-imaji-font-illushvara/
[2026-08-19T07:00:24Z] #244 attempt=1/2 status=200 0.420s url=https://www.myfonts.com/products/trasy-brush-complete-family-package-1203823
[2026-08-19T07:00:25Z] #245 attempt=1/2 status=200 0.455s url=https://www.myfonts.com/collections/trasy-brush-font-mei-suseno/
[2026-08-19T07:00:26Z] #246 attempt=1/2 status=200 0.827s url=https://www.myfonts.com/products/regular-rendey-1203466
[2026-08-19T07:00:27Z] #247 attempt=1/2 status=200 1.083s url=https://www.myfonts.com/collections/rendey-font-gatype/
[2026-08-19T07:00:28Z] #248 attempt=1/2 status=200 0.510s url=https://www.myfonts.com/products/italic-crossed-signals-pro-1203365
[2026-08-19T07:00:29Z] #249 attempt=1/2 status=200 0.480s url=https://www.myfonts.com/collections/crossed-signals-pro-font-hanoded/
[2026-08-19T07:00:30Z] #250 attempt=1/2 status=200 1.188s url=https://www.myfonts.com/products/cavellis-extra-bold-expanded-italic-cavellis-serif-1200872
[2026-08-19T07:00:32Z] #251 attempt=1/2 status=200 1.513s url=https://www.myfonts.com/collections/cavellis-serif-font-zane-studio/
[2026-08-19T07:00:33Z] #252 attempt=1/2 status=200 0.407s url=https://www.myfonts.com/products/regular-rayhan-script-1203822
[2026-08-19T07:00:34Z] #253 attempt=1/2 status=200 0.417s url=https://www.myfonts.com/collections/rayhan-script-font-namela/
[2026-08-19T07:00:34Z] #254 attempt=1/2 status=200 0.573s url=https://www.myfonts.com/products/italic-cycle-of-fourths-pro-1203362
[2026-08-19T07:00:35Z] #255 attempt=1/2 status=200 0.435s url=https://www.myfonts.com/collections/cycle-of-fourths-pro-font-hanoded/
[2026-08-19T07:00:36Z] #256 attempt=1/2 status=200 0.392s url=https://www.myfonts.com/products/script-driest-1203817
[2026-08-19T07:00:36Z] #257 attempt=1/2 status=200 0.351s url=https://www.myfonts.com/collections/driest-font-groenstudio/
[2026-08-19T07:00:37Z] #258 attempt=1/2 status=200 0.406s url=https://www.myfonts.com/products/regular-swannli-1203792
[2026-08-19T07:00:37Z] #259 attempt=1/2 status=429 0.019s url=https://www.myfonts.com/collections/swannli-font-hasnat-studio/
[2026-08-19T07:00:40Z] #260 attempt=2/2 status=200 0.472s url=https://www.myfonts.com/collections/swannli-font-hasnat-studio/
[2026-08-19T07:00:41Z] #261 attempt=1/2 status=200 0.424s url=https://www.myfonts.com/products/italic-distant-future-pro-1203359
[2026-08-19T07:00:41Z] #262 attempt=1/2 status=200 0.489s url=https://www.myfonts.com/collections/distant-future-pro-font-hanoded/
[2026-08-19T07:00:42Z] #263 attempt=1/2 status=200 0.352s url=https://www.myfonts.com/products/regular-high-blast-1203697
[2026-08-19T07:00:43Z] #264 attempt=1/2 status=200 0.414s url=https://www.myfonts.com/collections/high-blast-font-denustudio/
[2026-08-19T07:00:43Z] #265 attempt=1/2 status=200 0.436s url=https://www.myfonts.com/products/bold-italic-perfect-timing-1186856
[2026-08-19T07:00:44Z] #266 attempt=1/2 status=200 0.655s url=https://www.myfonts.com/collections/perfect-timing-font-pizzadude-dk/
[2026-08-19T07:00:45Z] #267 attempt=1/2 status=429 0.018s url=https://www.myfonts.com/products/regular-northslash-1203695
[2026-08-19T07:00:47Z] #268 attempt=2/2 status=200 0.438s url=https://www.myfonts.com/products/regular-northslash-1203695
[2026-08-19T07:00:48Z] #269 attempt=1/2 status=200 0.416s url=https://www.myfonts.com/collections/northslash-font-letterhanna-studio/
[2026-08-19T07:00:49Z] #270 attempt=1/2 status=200 0.431s url=https://www.myfonts.com/products/regular-te-nastaaliq-1200973
[2026-08-19T07:00:49Z] #271 attempt=1/2 status=200 0.493s url=https://www.myfonts.com/collections/te-nastaaliq-font-tharwat-emara/
[2026-08-19T07:00:51Z] #272 attempt=1/2 status=200 1.393s url=https://www.myfonts.com/products/shepia-script-complete-family-package-1200668
[2026-08-19T07:00:53Z] #273 attempt=1/2 status=200 1.649s url=https://www.myfonts.com/collections/shepia-script-font-seniors-studio/
[2026-08-19T07:00:55Z] #274 attempt=1/2 status=200 1.282s url=https://www.myfonts.com/products/olimpos-complete-family-package-1203407
[2026-08-19T07:00:57Z] #275 attempt=1/2 status=200 1.705s url=https://www.myfonts.com/collections/olimpos-font-gatype/
[2026-08-19T07:01:00Z] #276 attempt=1/2 status=200 3.028s url=https://www.myfonts.com/products/font-collection-2026-package-1198552
[2026-08-19T07:01:02Z] #277 attempt=1/2 status=404 0.337s url=https://www.myfonts.com/collections/font-collection-2026-font-gatype
[2026-08-19T07:01:03Z] #278 attempt=1/2 status=200 0.453s url=https://www.myfonts.com/products/buzzword-marker-complete-family-package-1199247
[2026-08-19T07:01:04Z] #279 attempt=1/2 status=200 0.630s url=https://www.myfonts.com/collections/buzzword-marker-font-mvmet/
[2026-08-19T07:01:04Z] #280 attempt=1/2 status=200 0.533s url=https://www.myfonts.com/products/agency-gothic-ct-complete-family-package-1199300
[2026-08-19T07:01:05Z] #281 attempt=1/2 status=200 0.611s url=https://www.myfonts.com/collections/agency-gothic-ct-font-castletype/
[2026-08-19T07:01:06Z] #282 attempt=1/2 status=200 0.797s url=https://www.myfonts.com/products/bright-style-complete-family-package-1199372
[2026-08-19T07:01:08Z] #283 attempt=1/2 status=200 1.134s url=https://www.myfonts.com/collections/bright-style-font-gatype/
[2026-08-19T07:01:10Z] #284 attempt=1/2 status=200 2.340s url=https://www.myfonts.com/products/soft-package-1198647
[2026-08-19T07:01:14Z] #285 attempt=1/2 status=200 3.025s url=https://www.myfonts.com/collections/radebin-font-ajibatype/
[2026-08-19T07:01:16Z] #286 attempt=1/2 status=200 1.065s url=https://www.myfonts.com/products/auther-complete-family-package-1198709
[2026-08-19T07:01:17Z] #287 attempt=1/2 status=200 1.289s url=https://www.myfonts.com/collections/auther-font-seniors-studio/
[2026-08-19T07:01:19Z] #288 attempt=1/2 status=200 0.732s url=https://www.myfonts.com/products/baze-complete-family-package-1198890
[2026-08-19T07:01:20Z] #289 attempt=1/2 status=200 0.834s url=https://www.myfonts.com/collections/baze-font-gatype/
[2026-08-19T07:01:21Z] #290 attempt=1/2 status=200 0.513s url=https://www.myfonts.com/products/goudy-complete-family-package-1201374
[2026-08-19T07:01:21Z] #291 attempt=1/2 status=200 0.495s url=https://www.myfonts.com/collections/goudy-forum-pro-font-matteson-typographics/
[2026-08-19T07:01:23Z] #292 attempt=1/2 status=200 1.075s url=https://www.myfonts.com/products/groute-script-complete-family-package-1199789
[2026-08-19T07:01:24Z] #293 attempt=1/2 status=200 1.552s url=https://www.myfonts.com/collections/groute-script-font-gian-studio/
[2026-08-19T07:01:26Z] #294 attempt=1/2 status=200 0.684s url=https://www.myfonts.com/products/astone-nisam-complete-family-package-1199307
[2026-08-19T07:01:27Z] #295 attempt=1/2 status=200 1.229s url=https://www.myfonts.com/collections/astone-nisam-font-gatype/
[2026-08-19T07:01:28Z] #296 attempt=1/2 status=200 0.493s url=https://www.myfonts.com/products/kingcraft-comic-complete-family-package-1199244
[2026-08-19T07:01:29Z] #297 attempt=1/2 status=200 0.432s url=https://www.myfonts.com/collections/kingcraft-comic-font-mvmet/
[2026-08-19T07:01:30Z] #298 attempt=1/2 status=200 0.863s url=https://www.myfonts.com/products/mister-luston-complete-family-package-1200617
[2026-08-19T07:01:31Z] #299 attempt=1/2 status=200 1.099s url=https://www.myfonts.com/collections/mister-luston-font-gian-studio/
[2026-08-19T07:01:32Z] #300 attempt=1/2 status=200 0.649s url=https://www.myfonts.com/products/fantasi-women-complete-family-package-1203367
[2026-08-19T07:01:34Z] #301 attempt=1/2 status=200 0.944s url=https://www.myfonts.com/collections/fantasi-women-font-gatype/
[2026-08-19T07:01:35Z] #302 attempt=1/2 status=200 0.977s url=https://www.myfonts.com/products/blanton-script-complete-family-package-1198648
[2026-08-19T07:01:36Z] #303 attempt=1/2 status=200 1.241s url=https://www.myfonts.com/collections/blanton-script-font-ajibatype/
[2026-08-19T07:01:38Z] #304 attempt=1/2 status=200 1.526s url=https://www.myfonts.com/products/switnesa-script-complete-family-package-1199074
[2026-08-19T07:01:41Z] #305 attempt=1/2 status=200 2.019s url=https://www.myfonts.com/collections/switnesa-script-font-seniors-studio/
[2026-08-19T07:01:42Z] #306 attempt=1/2 status=200 0.499s url=https://www.myfonts.com/products/pericles-complete-family-package-1201372
[2026-08-19T07:01:43Z] #307 attempt=1/2 status=200 0.448s url=https://www.myfonts.com/collections/pericles-pro-font-matteson-typographics/
[2026-08-19T07:01:44Z] #308 attempt=1/2 status=200 0.722s url=https://www.myfonts.com/products/brundox-complete-family-package-1199760
[2026-08-19T07:01:45Z] #309 attempt=1/2 status=200 0.793s url=https://www.myfonts.com/collections/brundox-font-gian-studio/
[2026-08-19T07:01:46Z] #310 attempt=1/2 status=200 0.855s url=https://www.myfonts.com/products/water-doomsday-complete-family-package-1198339
[2026-08-19T07:01:47Z] #311 attempt=1/2 status=200 1.328s url=https://www.myfonts.com/collections/water-doomsday-font-layarbahtera/
[2026-08-19T07:01:48Z] #312 attempt=1/2 status=200 0.512s url=https://www.myfonts.com/products/koffins-complete-family-package-1203397
[2026-08-19T07:01:50Z] #313 attempt=1/2 status=200 0.955s url=https://www.myfonts.com/collections/koffins-font-gatype/
[2026-08-19T07:01:51Z] #314 attempt=1/2 status=200 1.256s url=https://www.myfonts.com/products/shintia-script-complete-family-package-1198961
[2026-08-19T07:01:54Z] #315 attempt=1/2 status=200 2.047s url=https://www.myfonts.com/collections/shintia-script-font-seniors-studio/
[2026-08-19T07:01:55Z] #316 attempt=1/2 status=200 0.954s url=https://www.myfonts.com/products/the-sweetest-thing-complete-family-package-1199187
[2026-08-19T07:01:57Z] #317 attempt=1/2 status=200 1.171s url=https://www.myfonts.com/collections/the-sweetest-thing-font-seniors-studio/
[2026-08-19T07:01:57Z] #318 attempt=1/2 status=200 0.400s url=https://www.myfonts.com/products/radioactive-comic-complete-family-package-1198887
[2026-08-19T07:01:58Z] #319 attempt=1/2 status=200 0.393s url=https://www.myfonts.com/collections/radioactive-comic-font-mvmet/
[2026-08-19T07:02:00Z] #320 attempt=1/2 status=200 1.123s url=https://www.myfonts.com/products/bailsun-complete-family-package-1198817
[2026-08-19T07:02:01Z] #321 attempt=1/2 status=200 1.426s url=https://www.myfonts.com/collections/bailsun-font-gatype/
[2026-08-19T07:02:02Z] #322 attempt=1/2 status=200 0.459s url=https://www.myfonts.com/products/lindsey-complete-family-package-1201373
[2026-08-19T07:02:03Z] #323 attempt=1/2 status=200 0.552s url=https://www.myfonts.com/collections/lindsey-pro-font-matteson-typographics/
[2026-08-19T07:02:04Z] #324 attempt=1/2 status=200 0.898s url=https://www.myfonts.com/products/layarbahtera-beyond-complete-family-package-1198806
[2026-08-19T07:02:06Z] #325 attempt=1/2 status=200 1.202s url=https://www.myfonts.com/collections/layarbahtera-beyond-font-layarbahtera/
[2026-08-19T07:02:07Z] #326 attempt=1/2 status=200 1.418s url=https://www.myfonts.com/products/zially-complete-family-package-1199675
[2026-08-19T07:02:09Z] #327 attempt=1/2 status=200 1.533s url=https://www.myfonts.com/collections/zially-font-fontdroe/
[2026-08-19T07:02:11Z] #328 attempt=1/6 status=200 1.004s url=https://www.myfonts.com/products.json?limit=100&page=15
[2026-08-19T07:02:12Z] #329 attempt=1/2 status=200 0.510s url=https://www.myfonts.com/products/regular-robecto-1198484
[2026-08-19T07:02:13Z] #330 attempt=1/2 status=200 0.525s url=https://www.myfonts.com/collections/robecto-font-black-junst/
[2026-08-19T07:02:14Z] #331 attempt=1/6 status=200 0.739s url=https://www.myfonts.com/products.json?limit=100&page=16
[2026-08-19T07:02:15Z] #332 attempt=1/6 status=200 1.070s url=https://www.myfonts.com/products.json?limit=100&page=17
[2026-08-19T07:02:16Z] #333 attempt=1/2 status=200 0.529s url=https://www.myfonts.com/products/italic-cobono-1199406
[2026-08-19T07:02:17Z] #334 attempt=1/2 status=200 0.447s url=https://www.myfonts.com/collections/cobono-font-t-26/
[2026-08-19T07:02:18Z] #335 attempt=1/6 status=200 0.980s url=https://www.myfonts.com/products.json?limit=100&page=18
[2026-08-19T07:02:20Z] #336 attempt=1/6 status=200 0.926s url=https://www.myfonts.com/products.json?limit=100&page=19
[2026-08-19T07:02:21Z] #337 attempt=1/6 status=200 1.014s url=https://www.myfonts.com/products.json?limit=100&page=20
[2026-08-19T07:02:22Z] #338 attempt=1/2 status=200 0.425s url=https://www.myfonts.com/products/regular-bladecut-1198929
[2026-08-19T07:02:23Z] #339 attempt=1/2 status=200 0.577s url=https://www.myfonts.com/collections/bladecut-font-heartcore/
[2026-08-19T07:02:25Z] #340 attempt=1/6 status=200 1.059s url=https://www.myfonts.com/products.json?limit=100&page=21
[2026-08-19T07:02:26Z] #341 attempt=1/6 status=200 0.901s url=https://www.myfonts.com/products.json?limit=100&page=22
[2026-08-19T07:02:28Z] #342 attempt=1/6 status=200 0.959s url=https://www.myfonts.com/products.json?limit=100&page=23
[2026-08-19T07:02:29Z] #343 attempt=1/6 status=200 1.115s url=https://www.myfonts.com/products.json?limit=100&page=24
[2026-08-19T07:02:30Z] #344 attempt=1/2 status=200 0.419s url=https://www.myfonts.com/products/regular-aljawhara-1199335
[2026-08-19T07:02:30Z] #345 attempt=1/2 status=200 0.424s url=https://www.myfonts.com/collections/aljawhara-font-eisa-aleisa/
[2026-08-19T07:02:32Z] #346 attempt=1/6 status=200 0.973s url=https://www.myfonts.com/products.json?limit=100&page=25
[2026-08-19T07:02:32Z] summary releases=0 first_429=(84, 'https://www.myfonts.com/collections/cobweb-afternoon-pro-font-hanoded/', 0.018314361572265625) log_file=state/myfonts_run_20260819_065623.log
[2026-08-19T07:02:32Z] === MyFonts crawl end ===
