[2026-07-10T09:49:22Z] checkpoint fresh next_page=1 path=state/myfonts_crawl_checkpoint.json
[2026-07-10T09:49:22Z] === MyFonts crawl start source=myfonts ===
[2026-07-10T09:49:22Z] config max_pages=25 page_size=100 start_date=2026-07-09 end_date=2026-07-10 api_delay=0.5s detail_delay=0.2s max_debut_checks=400 max_tech_specs_checks=200 reuse_success_profile=False always_enrich_packages=True language_script_signal_mode=strong force_fresh_run=False start_page=1 browser_mode=False browser_headless=True browser_storage_state_path=state/myfonts_storage_state.json
[2026-07-10T09:49:23Z] #1 attempt=1/6 status=200 0.807s url=https://www.myfonts.com/products.json?limit=100&page=1
[2026-07-10T09:49:24Z] #2 attempt=1/2 status=200 0.599s url=https://www.myfonts.com/products/harpoon-complete-family-package-1176915
[2026-07-10T09:49:25Z] #3 attempt=1/2 status=200 0.435s url=https://www.myfonts.com/collections/harpoon-font-vozzy/
[2026-07-10T09:49:25Z] #4 attempt=1/2 status=200 0.395s url=https://www.myfonts.com/collections/harpoon-font-vozzy/?tab=techSpecs
[2026-07-10T09:49:27Z] #5 attempt=1/2 status=200 1.085s url=https://www.myfonts.com/products/extra-light-condensed-slant-chiffelia-1176974
[2026-07-10T09:49:28Z] #6 attempt=1/2 status=200 0.809s url=https://www.myfonts.com/collections/chiffelia-font-romie-creative/
[2026-07-10T09:49:29Z] #7 attempt=1/2 status=200 0.177s url=https://www.myfonts.com/collections/chiffelia-font-romie-creative/?tab=techSpecs
[2026-07-10T09:49:31Z] #8 attempt=1/2 status=200 0.454s url=https://www.myfonts.com/products/regular-begih-1176894
[2026-07-10T09:49:32Z] #9 attempt=1/2 status=200 0.976s url=https://www.myfonts.com/collections/begih-font-heavyrain/
[2026-07-10T09:49:33Z] #10 attempt=1/2 status=200 0.516s url=https://www.myfonts.com/collections/begih-font-heavyrain/?tab=techSpecs
[2026-07-10T09:49:35Z] #11 attempt=1/2 status=200 1.528s url=https://www.myfonts.com/products/bold-ultra-condensed-slanted-ckr-slab-1176742
[2026-07-10T09:49:37Z] #12 attempt=1/2 status=200 2.114s url=https://www.myfonts.com/collections/ckr-slab-font-ckr-type-foundry/
[2026-07-10T09:49:38Z] #13 attempt=1/2 status=200 0.202s url=https://www.myfonts.com/collections/ckr-slab-font-ckr-type-foundry/?tab=techSpecs
[2026-07-10T09:49:40Z] #14 attempt=1/2 status=200 0.776s url=https://www.myfonts.com/products/outline-inside-italic-astenic-stencil-ultimate-1176728
[2026-07-10T09:49:41Z] #15 attempt=1/2 status=200 0.692s url=https://www.myfonts.com/collections/astenic-stencil-ultimate-font-anzone-glyph/
[2026-07-10T09:49:42Z] #16 attempt=1/2 status=200 0.234s url=https://www.myfonts.com/collections/astenic-stencil-ultimate-font-anzone-glyph/?tab=techSpecs
[2026-07-10T09:49:43Z] #17 attempt=1/2 status=200 0.312s url=https://www.myfonts.com/products/italic-milgan-1176966
[2026-07-10T09:49:44Z] #18 attempt=1/2 status=200 0.372s url=https://www.myfonts.com/collections/milgan-font-bimaksara/
[2026-07-10T09:49:44Z] #19 attempt=1/2 status=200 0.223s url=https://www.myfonts.com/collections/milgan-font-bimaksara/?tab=techSpecs
[2026-07-10T09:49:45Z] #20 attempt=1/2 status=200 0.337s url=https://www.myfonts.com/products/semi-bold-malbeth-1176928
[2026-07-10T09:49:46Z] #21 attempt=1/2 status=200 0.337s url=https://www.myfonts.com/collections/malbeth-font-qiubare-studio/
[2026-07-10T09:49:46Z] #22 attempt=1/2 status=200 0.338s url=https://www.myfonts.com/collections/malbeth-font-qiubare-studio/?tab=techSpecs
[2026-07-10T09:49:48Z] #23 attempt=1/2 status=200 0.405s url=https://www.myfonts.com/products/black-sf-mada-neue-1176685
[2026-07-10T09:49:48Z] #24 attempt=1/2 status=200 0.304s url=https://www.myfonts.com/collections/sf-mada-neue-font-sultan-fonts/
[2026-07-10T09:49:49Z] #25 attempt=1/2 status=200 0.257s url=https://www.myfonts.com/collections/sf-mada-neue-font-sultan-fonts/?tab=techSpecs
[2026-07-10T09:49:50Z] #26 attempt=1/2 status=200 0.520s url=https://www.myfonts.com/products/rough-coffee-stain-1176898
[2026-07-10T09:49:51Z] #27 attempt=1/2 status=200 0.452s url=https://www.myfonts.com/collections/coffee-stain-font-vozzy/
[2026-07-10T09:49:51Z] #28 attempt=1/2 status=200 0.166s url=https://www.myfonts.com/collections/coffee-stain-font-vozzy/?tab=techSpecs
[2026-07-10T09:49:53Z] #29 attempt=1/2 status=200 0.426s url=https://www.myfonts.com/products/regular-rosean-monarch-1176891
[2026-07-10T09:49:53Z] #30 attempt=1/2 status=200 0.321s url=https://www.myfonts.com/collections/rosean-monarch-font-burntilldead/
[2026-07-10T09:49:54Z] #31 attempt=1/2 status=200 0.163s url=https://www.myfonts.com/collections/rosean-monarch-font-burntilldead/?tab=techSpecs
[2026-07-10T09:49:55Z] #32 attempt=1/2 status=200 0.382s url=https://www.myfonts.com/products/outline-slant-mireforge-1177221
[2026-07-10T09:49:56Z] #33 attempt=1/2 status=200 0.581s url=https://www.myfonts.com/collections/mireforge-font-wellscript-studio/
[2026-07-10T09:49:56Z] #34 attempt=1/2 status=200 0.144s url=https://www.myfonts.com/collections/mireforge-font-wellscript-studio/?tab=techSpecs
[2026-07-10T09:49:57Z] #35 attempt=1/2 status=200 0.351s url=https://www.myfonts.com/products/texture-lone-nomad-1176940
[2026-07-10T09:49:58Z] #36 attempt=1/2 status=200 0.362s url=https://www.myfonts.com/collections/lone-nomad-font-vozzy/
[2026-07-10T09:49:58Z] #37 attempt=1/2 status=200 0.171s url=https://www.myfonts.com/collections/lone-nomad-font-vozzy/?tab=techSpecs
[2026-07-10T09:50:00Z] #38 attempt=1/2 status=200 0.689s url=https://www.myfonts.com/products/maison-neue-complete-family-package-1177855
[2026-07-10T09:50:01Z] #39 attempt=1/2 status=200 0.779s url=https://www.myfonts.com/collections/maison-neue-font-milieu-grotesque/
[2026-07-10T09:50:02Z] #40 attempt=1/2 status=200 0.164s url=https://www.myfonts.com/collections/maison-neue-font-milieu-grotesque/?tab=techSpecs
[2026-07-10T09:50:03Z] #41 attempt=1/2 status=200 0.543s url=https://www.myfonts.com/products/two-packet-package-1177300
[2026-07-10T09:50:04Z] #42 attempt=1/2 status=200 0.660s url=https://www.myfonts.com/collections/dahlisse-font-ceeskiiw/
[2026-07-10T09:50:04Z] #43 attempt=1/2 status=200 0.187s url=https://www.myfonts.com/collections/dahlisse-font-ceeskiiw/?tab=techSpecs
[2026-07-10T09:50:06Z] #44 attempt=1/2 status=200 0.585s url=https://www.myfonts.com/products/ultra-condensed-adoloen-1178030
[2026-07-10T09:50:07Z] #45 attempt=1/2 status=200 0.832s url=https://www.myfonts.com/collections/adoloen-font-gian-studio/
[2026-07-10T09:50:07Z] #46 attempt=1/2 status=200 0.176s url=https://www.myfonts.com/collections/adoloen-font-gian-studio/?tab=techSpecs
[2026-07-10T09:50:09Z] #47 attempt=1/2 status=200 0.442s url=https://www.myfonts.com/products/thin-italic-vankis-1177754
[2026-07-10T09:50:09Z] #48 attempt=1/2 status=200 0.508s url=https://www.myfonts.com/collections/vankis-font-zeenesia-studio/
[2026-07-10T09:50:10Z] #49 attempt=1/2 status=200 0.196s url=https://www.myfonts.com/collections/vankis-font-zeenesia-studio/?tab=techSpecs
[2026-07-10T09:50:12Z] #50 attempt=1/2 status=200 0.853s url=https://www.myfonts.com/products/cagront-contrast-extracondensed-cagront-serif-1178067
[2026-07-10T09:50:13Z] #51 attempt=1/2 status=200 0.784s url=https://www.myfonts.com/collections/cagront-serif-font-gian-studio/
[2026-07-10T09:50:13Z] #52 attempt=1/2 status=200 0.222s url=https://www.myfonts.com/collections/cagront-serif-font-gian-studio/?tab=techSpecs
[2026-07-10T09:50:15Z] #53 attempt=1/2 status=200 0.584s url=https://www.myfonts.com/products/heavy-italic-venera-1177584
[2026-07-10T09:50:16Z] #54 attempt=1/2 status=200 0.583s url=https://www.myfonts.com/collections/venera-font-the-ampersand-forest/
[2026-07-10T09:50:16Z] #55 attempt=1/2 status=200 0.189s url=https://www.myfonts.com/collections/venera-font-the-ampersand-forest/?tab=techSpecs
[2026-07-10T09:50:18Z] #56 attempt=1/2 status=200 0.474s url=https://www.myfonts.com/products/black-magnes-1177258
[2026-07-10T09:50:18Z] #57 attempt=1/2 status=200 0.391s url=https://www.myfonts.com/collections/magnes-font-roman-melikhov/
[2026-07-10T09:50:19Z] #58 attempt=1/2 status=200 0.268s url=https://www.myfonts.com/collections/magnes-font-roman-melikhov/?tab=techSpecs
[2026-07-10T09:50:20Z] #59 attempt=1/2 status=200 0.305s url=https://www.myfonts.com/products/regular-ongunkan-karamanli-full-script-1177241
[2026-07-10T09:50:20Z] #60 attempt=1/2 status=200 0.345s url=https://www.myfonts.com/collections/ongunkan-karamanli-full-script-font-runic-world-tamgac/
[2026-07-10T09:50:21Z] #61 attempt=1/2 status=200 0.300s url=https://www.myfonts.com/collections/ongunkan-karamanli-full-script-font-runic-world-tamgac/?tab=techSpecs
[2026-07-10T09:50:22Z] #62 attempt=1/2 status=200 0.469s url=https://www.myfonts.com/products/italic-fl-abrasia-1177237
[2026-07-10T09:50:23Z] #63 attempt=1/2 status=200 0.432s url=https://www.myfonts.com/collections/fl-abrasia-font-font-liner/
[2026-07-10T09:50:24Z] #64 attempt=1/2 status=200 0.521s url=https://www.myfonts.com/collections/fl-abrasia-font-font-liner/?tab=techSpecs
[2026-07-10T09:50:26Z] #65 attempt=1/2 status=200 0.518s url=https://www.myfonts.com/products/italic-charming-diggerop-1177428
[2026-07-10T09:50:26Z] #66 attempt=1/2 status=200 0.258s url=https://www.myfonts.com/collections/charming-diggerop-font-stylishtype-studio/
[2026-07-10T09:50:26Z] #67 attempt=1/2 status=200 0.205s url=https://www.myfonts.com/collections/charming-diggerop-font-stylishtype-studio/?tab=techSpecs
[2026-07-10T09:50:28Z] #68 attempt=1/2 status=200 0.406s url=https://www.myfonts.com/products/rim-italic-artillery-1177291
[2026-07-10T09:50:28Z] #69 attempt=1/2 status=200 0.507s url=https://www.myfonts.com/collections/artillery-font-alpercakici/
[2026-07-10T09:50:29Z] #70 attempt=1/2 status=200 0.154s url=https://www.myfonts.com/collections/artillery-font-alpercakici/?tab=techSpecs
[2026-07-10T09:50:30Z] #71 attempt=1/2 status=200 0.537s url=https://www.myfonts.com/products/medium-ayr-babol-1177434
[2026-07-10T09:50:31Z] #72 attempt=1/2 status=200 0.603s url=https://www.myfonts.com/collections/ayr-babol-font-aiyari/
[2026-07-10T09:50:32Z] #73 attempt=1/2 status=200 0.179s url=https://www.myfonts.com/collections/ayr-babol-font-aiyari/?tab=techSpecs
[2026-07-10T09:50:34Z] #74 attempt=1/6 status=200 0.803s url=https://www.myfonts.com/products.json?limit=100&page=2
[2026-07-10T09:50:34Z] #75 attempt=1/2 status=200 0.346s url=https://www.myfonts.com/products/rounded-icebreaker-1176933
[2026-07-10T09:50:35Z] #76 attempt=1/2 status=200 0.596s url=https://www.myfonts.com/collections/icebreaker-font-vozzy/
[2026-07-10T09:50:36Z] #77 attempt=1/2 status=200 0.438s url=https://www.myfonts.com/collections/icebreaker-font-vozzy/?tab=techSpecs
[2026-07-10T09:50:37Z] #78 attempt=1/2 status=200 0.289s url=https://www.myfonts.com/products/expant-regular-denyta-1178124
[2026-07-10T09:50:37Z] #79 attempt=1/2 status=200 0.352s url=https://www.myfonts.com/collections/denyta-font-shape-studio/
[2026-07-10T09:50:38Z] #80 attempt=1/2 status=200 0.258s url=https://www.myfonts.com/collections/denyta-font-shape-studio/?tab=techSpecs
[2026-07-10T09:50:39Z] #81 attempt=1/2 status=200 0.442s url=https://www.myfonts.com/products/semibold-delusion-1177265
[2026-07-10T09:50:40Z] #82 attempt=1/2 status=200 0.585s url=https://www.myfonts.com/collections/delusion-font-basnistudio/
[2026-07-10T09:50:41Z] #83 attempt=1/2 status=200 0.336s url=https://www.myfonts.com/collections/delusion-font-basnistudio/?tab=techSpecs
[2026-07-10T09:50:42Z] #84 attempt=1/2 status=200 0.329s url=https://www.myfonts.com/products/grindstone-complete-family-package-1176903
[2026-07-10T09:50:42Z] #85 attempt=1/2 status=200 0.349s url=https://www.myfonts.com/collections/grindstone-font-vozzy/
[2026-07-10T09:50:43Z] #86 attempt=1/2 status=200 0.149s url=https://www.myfonts.com/collections/grindstone-font-vozzy/?tab=techSpecs
[2026-07-10T09:50:44Z] #87 attempt=1/2 status=200 0.499s url=https://www.myfonts.com/products/serif-outline-1-regular-bastone-diamond-1176704
[2026-07-10T09:50:45Z] #88 attempt=1/2 status=200 0.316s url=https://www.myfonts.com/collections/bastone-diamond-font-ahweproject/
[2026-07-10T09:50:45Z] #89 attempt=1/2 status=200 0.265s url=https://www.myfonts.com/collections/bastone-diamond-font-ahweproject/?tab=techSpecs
[2026-07-10T09:50:46Z] #90 attempt=1/2 status=429 0.050s url=https://www.myfonts.com/products/regular-karia-1176688
[2026-07-10T09:50:46Z] first_429 req=90 url=https://www.myfonts.com/products/regular-karia-1176688
[2026-07-10T09:50:49Z] #91 attempt=2/2 status=200 0.393s url=https://www.myfonts.com/products/regular-karia-1176688
[2026-07-10T09:50:49Z] #92 attempt=1/2 status=200 0.371s url=https://www.myfonts.com/collections/karia-font-habitype/
[2026-07-10T09:50:51Z] #93 attempt=1/6 status=200 0.791s url=https://www.myfonts.com/products.json?limit=100&page=3
[2026-07-10T09:50:51Z] #94 attempt=1/2 status=429 0.041s url=https://www.myfonts.com/products/swash-rogue-gang-1176961
[2026-07-10T09:50:54Z] #95 attempt=2/2 status=200 0.675s url=https://www.myfonts.com/products/swash-rogue-gang-1176961
[2026-07-10T09:50:55Z] #96 attempt=1/2 status=200 0.366s url=https://www.myfonts.com/collections/rogue-gang-font-cocodesign/
[2026-07-10T09:50:55Z] #97 attempt=1/2 status=200 0.501s url=https://www.myfonts.com/products/volume-jungle-roar-1176936
[2026-07-10T09:50:56Z] #98 attempt=1/2 status=429 0.055s url=https://www.myfonts.com/collections/jungle-roar-font-vozzy/
[2026-07-10T09:50:58Z] #99 attempt=2/2 status=200 0.499s url=https://www.myfonts.com/collections/jungle-roar-font-vozzy/
[2026-07-10T09:50:59Z] #100 attempt=1/2 status=200 0.292s url=https://www.myfonts.com/products/regular-mucha-1176694
[2026-07-10T09:50:59Z] #101 attempt=1/2 status=429 0.037s url=https://www.myfonts.com/collections/mucha-font-pb-type/
[2026-07-10T09:51:02Z] #102 attempt=2/2 status=200 0.386s url=https://www.myfonts.com/collections/mucha-font-pb-type/
[2026-07-10T09:51:02Z] #103 attempt=1/2 status=200 0.278s url=https://www.myfonts.com/products/regular-mocharia-1176712
[2026-07-10T09:51:03Z] #104 attempt=1/2 status=200 0.329s url=https://www.myfonts.com/collections/mocharia-font-vadova-std/
[2026-07-10T09:51:04Z] #105 attempt=1/2 status=200 0.335s url=https://www.myfonts.com/products/volume-doughy-1176901
[2026-07-10T09:51:04Z] #106 attempt=1/2 status=200 0.344s url=https://www.myfonts.com/collections/doughy-font-vozzy/
[2026-07-10T09:51:06Z] #107 attempt=1/6 status=200 0.883s url=https://www.myfonts.com/products.json?limit=100&page=4
[2026-07-10T09:51:06Z] #108 attempt=1/2 status=200 0.313s url=https://www.myfonts.com/products/regular-gilberta-1176707
[2026-07-10T09:51:06Z] #109 attempt=1/2 status=429 0.055s url=https://www.myfonts.com/collections/gilberta-font-burntilldead/
[2026-07-10T09:51:09Z] #110 attempt=2/2 status=200 0.418s url=https://www.myfonts.com/collections/gilberta-font-burntilldead/
[2026-07-10T09:51:10Z] #111 attempt=1/2 status=200 0.564s url=https://www.myfonts.com/products/regular-corgeno-1176711
[2026-07-10T09:51:10Z] #112 attempt=1/2 status=200 0.337s url=https://www.myfonts.com/collections/corgeno-font-rasio-studio/
[2026-07-10T09:51:11Z] #113 attempt=1/2 status=200 0.795s url=https://www.myfonts.com/products/the-sans-edit-package-1178048
[2026-07-10T09:51:12Z] #114 attempt=1/2 status=404 0.212s url=https://www.myfonts.com/collections/the-sans-edit-font-fontop
[2026-07-10T09:51:13Z] #115 attempt=1/2 status=200 1.300s url=https://www.myfonts.com/products/tt-commonstm-pro-basic-package-package-1177411
[2026-07-10T09:51:16Z] #116 attempt=1/2 status=200 1.975s url=https://www.myfonts.com/collections/tt-commons-font-typetype/
[2026-07-10T09:51:17Z] #117 attempt=1/2 status=200 0.368s url=https://www.myfonts.com/products/working-youth-complete-family-package-1177796
[2026-07-10T09:51:17Z] #118 attempt=1/2 status=200 0.392s url=https://www.myfonts.com/collections/working-youth-font-stylishtype-studio/
[2026-07-10T09:51:18Z] #119 attempt=1/2 status=200 0.700s url=https://www.myfonts.com/products/directo-complete-family-package-1177897
[2026-07-10T09:51:19Z] #120 attempt=1/2 status=200 0.817s url=https://www.myfonts.com/collections/directo-font-green-type/
[2026-07-10T09:51:20Z] #121 attempt=1/2 status=200 0.390s url=https://www.myfonts.com/products/algerblanche-complete-family-package-1176908
[2026-07-10T09:51:21Z] #122 attempt=1/2 status=200 0.555s url=https://www.myfonts.com/collections/algerblanche-font-grafikarfonts/
[2026-07-10T09:51:22Z] #123 attempt=1/2 status=200 0.666s url=https://www.myfonts.com/products/soda-syrup-pro-complete-family-package-1177301
[2026-07-10T09:51:22Z] #124 attempt=1/2 status=200 0.274s url=https://www.myfonts.com/collections/soda-syrup-pro-font-hanoded/
[2026-07-10T09:51:23Z] #125 attempt=1/2 status=200 0.362s url=https://www.myfonts.com/products/regular-rocky-gruage-1176665
[2026-07-10T09:51:24Z] #126 attempt=1/2 status=200 0.418s url=https://www.myfonts.com/collections/rocky-gruage-font-heavyrain/
[2026-07-10T09:51:26Z] #127 attempt=1/6 status=200 1.315s url=https://www.myfonts.com/products.json?limit=100&page=5
[2026-07-10T09:51:26Z] #128 attempt=1/2 status=200 0.527s url=https://www.myfonts.com/products/regular-takashi-japan-1176680
[2026-07-10T09:51:27Z] #129 attempt=1/2 status=200 0.357s url=https://www.myfonts.com/collections/takashi-japan-font-yoga-letter/
[2026-07-10T09:51:28Z] #130 attempt=1/2 status=200 0.597s url=https://www.myfonts.com/products/regular-akijare-1176678
[2026-07-10T09:51:29Z] #131 attempt=1/2 status=200 0.675s url=https://www.myfonts.com/collections/akijare-font-mei-suseno/
[2026-07-10T09:51:29Z] #132 attempt=1/2 status=200 0.397s url=https://www.myfonts.com/products/regular-funny-hands-1176666
[2026-07-10T09:51:30Z] #133 attempt=1/2 status=200 0.333s url=https://www.myfonts.com/collections/funny-hands-font-calendulaae-design/
[2026-07-10T09:51:32Z] #134 attempt=1/6 status=200 1.226s url=https://www.myfonts.com/products.json?limit=100&page=6
[2026-07-10T09:51:32Z] #135 attempt=1/2 status=200 0.369s url=https://www.myfonts.com/products/regular-selmith-1176667
[2026-07-10T09:51:33Z] #136 attempt=1/2 status=200 0.384s url=https://www.myfonts.com/collections/selmith-font-lemonthe/
[2026-07-10T09:51:35Z] #137 attempt=1/6 status=200 1.149s url=https://www.myfonts.com/products.json?limit=100&page=7
[2026-07-10T09:51:35Z] #138 attempt=1/2 status=200 0.439s url=https://www.myfonts.com/products/biro-script-plus-complete-family-package-5569
[2026-07-10T09:51:36Z] #139 attempt=1/2 status=200 0.498s url=https://www.myfonts.com/collections/biro-script-plus-font-ingo/
[2026-07-10T09:51:37Z] #140 attempt=1/2 status=200 0.435s url=https://www.myfonts.com/products/from-the-stars-complete-family-package-975642
[2026-07-10T09:51:37Z] #141 attempt=1/2 status=429 0.043s url=https://www.myfonts.com/collections/from-the-stars-font-typodermic/
[2026-07-10T09:51:40Z] #142 attempt=2/2 status=200 0.853s url=https://www.myfonts.com/collections/from-the-stars-font-typodermic/
[2026-07-10T09:51:41Z] #143 attempt=1/2 status=200 0.590s url=https://www.myfonts.com/products/calenza-condensed-font-family-package-1173866
[2026-07-10T09:51:42Z] #144 attempt=1/2 status=200 0.785s url=https://www.myfonts.com/collections/calenza-font-mostardesign/
[2026-07-10T09:51:43Z] #145 attempt=1/2 status=200 0.430s url=https://www.myfonts.com/products/dante-complete-family-package-1176442
[2026-07-10T09:51:44Z] #146 attempt=1/2 status=200 0.576s url=https://www.myfonts.com/collections/dante-mt-font-monotype-imaging/
[2026-07-10T09:51:45Z] #147 attempt=1/2 status=200 0.639s url=https://www.myfonts.com/products/spyk-display-complete-family-package-972508
[2026-07-10T09:51:45Z] #148 attempt=1/2 status=200 0.482s url=https://www.myfonts.com/collections/spyk-display-font-rene-bieder/
[2026-07-10T09:51:46Z] #149 attempt=1/2 status=200 0.632s url=https://www.myfonts.com/products/black-49523-charter-711924
[2026-07-10T09:51:47Z] #150 attempt=1/2 status=200 0.601s url=https://www.myfonts.com/collections/charter-font-bitstream/
[2026-07-10T09:51:48Z] #151 attempt=1/2 status=200 0.290s url=https://www.myfonts.com/products/medium-balonim-mf-986421
[2026-07-10T09:51:49Z] #152 attempt=1/2 status=200 0.401s url=https://www.myfonts.com/collections/balonim-mf-font-masterfont/
[2026-07-10T09:51:49Z] #153 attempt=1/2 status=200 0.513s url=https://www.myfonts.com/products/regular-total-black-1028532
[2026-07-10T09:51:50Z] #154 attempt=1/2 status=200 0.698s url=https://www.myfonts.com/collections/total-black-font-resistenza/
[2026-07-10T09:51:51Z] #155 attempt=1/2 status=200 0.389s url=https://www.myfonts.com/products/dunker-complete-family-package-1161910
[2026-07-10T09:51:51Z] #156 attempt=1/2 status=429 0.048s url=https://www.myfonts.com/collections/dunker-font-mans-greback/
[2026-07-10T09:51:54Z] #157 attempt=2/2 status=200 0.522s url=https://www.myfonts.com/collections/dunker-font-mans-greback/
[2026-07-10T09:51:55Z] #158 attempt=1/2 status=200 0.326s url=https://www.myfonts.com/products/regular-rafellish-1176660
[2026-07-10T09:51:55Z] #159 attempt=1/2 status=200 0.278s url=https://www.myfonts.com/collections/rafellish-font-letterluck/
[2026-07-10T09:51:56Z] #160 attempt=1/2 status=200 0.476s url=https://www.myfonts.com/products/cf-ifigeneia-alt-complete-family-package-1173898
[2026-07-10T09:51:57Z] #161 attempt=1/2 status=200 0.721s url=https://www.myfonts.com/collections/cf-ifigeneia-alt-font-fonts-gr/
[2026-07-10T09:51:58Z] #162 attempt=1/2 status=200 0.518s url=https://www.myfonts.com/products/block-ingeborg-559172
[2026-07-10T09:51:59Z] #163 attempt=1/2 status=200 0.753s url=https://www.myfonts.com/collections/ingeborg-font-typejockeys/
[2026-07-10T09:51:59Z] #164 attempt=1/2 status=200 0.330s url=https://www.myfonts.com/products/regular-naskh-1176562
[2026-07-10T09:52:00Z] #165 attempt=1/2 status=200 0.447s url=https://www.myfonts.com/collections/naskh-font-tharwat-emara/
[2026-07-10T09:52:00Z] #166 attempt=1/2 status=429 0.040s url=https://www.myfonts.com/products/gotham-complete-family-pack
[2026-07-10T09:52:03Z] #167 attempt=2/2 status=200 0.377s url=https://www.myfonts.com/products/gotham-complete-family-pack
[2026-07-10T09:52:05Z] #168 attempt=1/2 status=200 1.311s url=https://www.myfonts.com/collections/gotham-font-hoefler-and-co/
[2026-07-10T09:52:06Z] #169 attempt=1/6 status=200 0.855s url=https://www.myfonts.com/products.json?limit=100&page=8
[2026-07-10T09:52:07Z] #170 attempt=1/2 status=200 0.294s url=https://www.myfonts.com/products/pentz-crinoly-complete-family-package-1176657
[2026-07-10T09:52:08Z] #171 attempt=1/2 status=200 0.411s url=https://www.myfonts.com/collections/pentz-crinoly-font-black-junst/
[2026-07-10T09:52:08Z] #172 attempt=1/2 status=200 0.391s url=https://www.myfonts.com/products/blackflag-armada-complete-family-package-1161905
[2026-07-10T09:52:09Z] #173 attempt=1/2 status=200 0.352s url=https://www.myfonts.com/collections/blackflag-armada-font-mans-greback/
[2026-07-10T09:52:09Z] #174 attempt=1/2 status=200 0.268s url=https://www.myfonts.com/products/regular-r41-oscar-1176661
[2026-07-10T09:52:10Z] #175 attempt=1/2 status=200 0.263s url=https://www.myfonts.com/collections/r41-oscar-font-reber-r41/
[2026-07-10T09:52:10Z] #176 attempt=1/2 status=200 0.288s url=https://www.myfonts.com/products/regular-arctic-splash-1176656
[2026-07-10T09:52:11Z] #177 attempt=1/2 status=200 0.500s url=https://www.myfonts.com/collections/arctic-splash-font-angin-studio/
[2026-07-10T09:52:11Z] #178 attempt=1/2 status=429 0.026s url=https://www.myfonts.com/products/cir-old-triker-1176505
[2026-07-10T09:52:15Z] #179 attempt=2/2 status=200 1.093s url=https://www.myfonts.com/products/cir-old-triker-1176505
[2026-07-10T09:52:16Z] #180 attempt=1/2 status=200 1.290s url=https://www.myfonts.com/collections/triker-font-alpercakici/
[2026-07-10T09:52:18Z] #181 attempt=1/2 status=200 0.798s url=https://www.myfonts.com/products/italic-cygona-1176623
[2026-07-10T09:52:19Z] #182 attempt=1/2 status=200 1.010s url=https://www.myfonts.com/collections/cygona-font-alpercakici/
[2026-07-10T09:52:20Z] #183 attempt=1/2 status=200 0.375s url=https://www.myfonts.com/products/neon-stack-effect-package-1176633
[2026-07-10T09:52:21Z] #184 attempt=1/2 status=200 0.460s url=https://www.myfonts.com/collections/fty-delirium-font-the-fontry/
[2026-07-10T09:52:21Z] #185 attempt=1/2 status=200 0.469s url=https://www.myfonts.com/products/sunset-brush-complete-family-package-1176056
[2026-07-10T09:52:22Z] #186 attempt=1/2 status=200 0.346s url=https://www.myfonts.com/collections/sunset-brush-font-cocodesign/
[2026-07-10T09:52:23Z] #187 attempt=1/2 status=200 0.342s url=https://www.myfonts.com/products/old-ledger-complete-family-package-1161900
[2026-07-10T09:52:23Z] #188 attempt=1/2 status=200 0.463s url=https://www.myfonts.com/collections/old-ledger-font-mans-greback/
[2026-07-10T09:52:24Z] #189 attempt=1/2 status=200 0.304s url=https://www.myfonts.com/products/w01-tsanger-amxk-1176054
[2026-07-10T09:52:24Z] #190 attempt=1/2 status=200 0.299s url=https://www.myfonts.com/collections/tsanger-amxk-font-tsanger/
[2026-07-10T09:52:25Z] #191 attempt=1/2 status=200 0.138s url=https://www.myfonts.com/collections/tsanger-amxk-font-tsanger/
[2026-07-10T09:52:26Z] #192 attempt=1/6 status=200 1.144s url=https://www.myfonts.com/products.json?limit=100&page=9
[2026-07-10T09:52:27Z] #193 attempt=1/2 status=200 0.534s url=https://www.myfonts.com/products/italic-atelier-blume-1176561
[2026-07-10T09:52:28Z] #194 attempt=1/2 status=200 0.382s url=https://www.myfonts.com/collections/atelier-blume-font-agny-hasya-studio/
[2026-07-10T09:52:29Z] #195 attempt=1/2 status=200 1.196s url=https://www.myfonts.com/products/thin-expanded-raiselle-1176235
[2026-07-10T09:52:31Z] #196 attempt=1/2 status=200 1.004s url=https://www.myfonts.com/collections/raiselle-font-kaidosan/
[2026-07-10T09:52:32Z] #197 attempt=1/2 status=200 1.354s url=https://www.myfonts.com/products/thin-condensed-italic-spatial-logic-1176332
[2026-07-10T09:52:34Z] #198 attempt=1/2 status=200 1.532s url=https://www.myfonts.com/collections/spatial-logic-font-ketiga-foundry/
[2026-07-10T09:52:35Z] #199 attempt=1/2 status=200 0.291s url=https://www.myfonts.com/products/italic-rhythm-the-night-1176281
[2026-07-10T09:52:36Z] #200 attempt=1/2 status=200 0.407s url=https://www.myfonts.com/collections/rhythm-the-night-font-timelesstype-studio/
[2026-07-10T09:52:37Z] #201 attempt=1/2 status=200 0.862s url=https://www.myfonts.com/products/bold-expanded-italic-calogen-1176146
[2026-07-10T09:52:38Z] #202 attempt=1/2 status=200 1.348s url=https://www.myfonts.com/collections/calogen-font-fargun-studio/
[2026-07-10T09:52:39Z] #203 attempt=1/2 status=200 0.394s url=https://www.myfonts.com/products/letterpress-royal-regular-letterpress-collection-1176270
[2026-07-10T09:52:40Z] #204 attempt=1/2 status=200 0.518s url=https://www.myfonts.com/collections/letterpress-collection-font-misprinted-type/
[2026-07-10T09:52:41Z] #205 attempt=1/2 status=200 0.410s url=https://www.myfonts.com/products/artificial-flavour-pro-complete-family-package-1175998
[2026-07-10T09:52:41Z] #206 attempt=1/2 status=200 0.338s url=https://www.myfonts.com/collections/artificial-flavour-pro-font-hanoded/
[2026-07-10T09:52:42Z] #207 attempt=1/2 status=200 0.417s url=https://www.myfonts.com/products/fortune-teller-pro-complete-family-package-1176001
[2026-07-10T09:52:43Z] #208 attempt=1/2 status=200 0.373s url=https://www.myfonts.com/collections/fortune-teller-pro-font-hanoded/
[2026-07-10T09:52:43Z] #209 attempt=1/2 status=200 0.351s url=https://www.myfonts.com/products/sfc-gazie-complete-family-package-1176259
[2026-07-10T09:52:44Z] #210 attempt=1/2 status=200 0.448s url=https://www.myfonts.com/collections/sfc-gazie-font-skilline-fonts-co/
[2026-07-10T09:52:45Z] #211 attempt=1/2 status=200 0.683s url=https://www.myfonts.com/products/stromp-ballpoink-complete-family-package-1176291
[2026-07-10T09:52:46Z] #212 attempt=1/2 status=200 0.574s url=https://www.myfonts.com/collections/stromp-ballpoink-font-stylishtype-studio/
[2026-07-10T09:52:47Z] #213 attempt=1/2 status=200 0.398s url=https://www.myfonts.com/products/mowaq-complete-family-package-1176462
[2026-07-10T09:52:48Z] #214 attempt=1/2 status=200 0.709s url=https://www.myfonts.com/collections/mowaq-font-ixipcalli/
[2026-07-10T09:52:48Z] #215 attempt=1/2 status=200 0.655s url=https://www.myfonts.com/products/mitshuka-complete-family-package-1161895
[2026-07-10T09:52:49Z] #216 attempt=1/2 status=200 0.542s url=https://www.myfonts.com/collections/mitshuka-font-mans-greback/
[2026-07-10T09:52:50Z] #217 attempt=1/2 status=200 0.400s url=https://www.myfonts.com/products/midnight-cafe-society-complete-family-package-1176151
[2026-07-10T09:52:50Z] #218 attempt=1/2 status=429 0.041s url=https://www.myfonts.com/collections/midnight-cafe-society-font-amorfa-type/
[2026-07-10T09:52:53Z] #219 attempt=2/2 status=200 0.407s url=https://www.myfonts.com/collections/midnight-cafe-society-font-amorfa-type/
[2026-07-10T09:52:53Z] #220 attempt=1/2 status=200 0.336s url=https://www.myfonts.com/products/regular-chimero-1176059
[2026-07-10T09:52:54Z] #221 attempt=1/2 status=200 0.311s url=https://www.myfonts.com/collections/chimero-font-flawlessandco/
[2026-07-10T09:52:56Z] #222 attempt=1/6 status=200 0.980s url=https://www.myfonts.com/products.json?limit=100&page=10
[2026-07-10T09:52:56Z] #223 attempt=1/2 status=200 0.285s url=https://www.myfonts.com/products/regular-grat-slovic-1176262
[2026-07-10T09:52:57Z] #224 attempt=1/2 status=200 0.283s url=https://www.myfonts.com/collections/grat-slovic-font-black-junst/
[2026-07-10T09:52:57Z] #225 attempt=1/2 status=200 0.360s url=https://www.myfonts.com/products/regular-food-marker-1176275
[2026-07-10T09:52:57Z] #226 attempt=1/2 status=429 0.034s url=https://www.myfonts.com/collections/food-marker-font-illushvara/
[2026-07-10T09:53:00Z] #227 attempt=2/2 status=200 0.330s url=https://www.myfonts.com/collections/food-marker-font-illushvara/
[2026-07-10T09:53:01Z] #228 attempt=1/2 status=200 0.461s url=https://www.myfonts.com/products/regular-varly-1176563
[2026-07-10T09:53:01Z] #229 attempt=1/2 status=200 0.310s url=https://www.myfonts.com/collections/varly-font-moretype/
[2026-07-10T09:53:02Z] #230 attempt=1/2 status=200 0.270s url=https://www.myfonts.com/products/regular-ravenhold-1176461
[2026-07-10T09:53:02Z] #231 attempt=1/2 status=200 0.285s url=https://www.myfonts.com/collections/ravenhold-font-ceeskiiw/
[2026-07-10T09:53:04Z] #232 attempt=1/2 status=200 1.236s url=https://www.myfonts.com/products/variable-bold-fx-regant-1176458
[2026-07-10T09:53:06Z] #233 attempt=1/2 status=200 1.424s url=https://www.myfonts.com/collections/fx-regant-font-fargun-studio/
[2026-07-10T09:53:07Z] #234 attempt=1/2 status=200 0.735s url=https://www.myfonts.com/products/italic-holfing-notes-1176296
[2026-07-10T09:53:08Z] #235 attempt=1/2 status=200 0.592s url=https://www.myfonts.com/collections/holfing-notes-font-stylishtype-studio/
[2026-07-10T09:53:08Z] #236 attempt=1/2 status=200 0.442s url=https://www.myfonts.com/products/regular-bladecut-1176559
[2026-07-10T09:53:09Z] #237 attempt=1/2 status=200 0.262s url=https://www.myfonts.com/collections/bladecut-font-heartcore/
[2026-07-10T09:53:10Z] #238 attempt=1/2 status=200 0.381s url=https://www.myfonts.com/products/italic-ballonk-stevihay-1176302
[2026-07-10T09:53:10Z] #239 attempt=1/2 status=429 0.030s url=https://www.myfonts.com/collections/ballonk-stevihay-font-stylishtype-studio/
[2026-07-10T09:53:13Z] #240 attempt=2/2 status=200 0.790s url=https://www.myfonts.com/collections/ballonk-stevihay-font-stylishtype-studio/
[2026-07-10T09:53:14Z] #241 attempt=1/2 status=200 0.585s url=https://www.myfonts.com/products/cluster-edge-normal-pack-package-1174105
[2026-07-10T09:53:15Z] #242 attempt=1/2 status=200 0.963s url=https://www.myfonts.com/collections/cluster-edge-font-kobuzan/
[2026-07-10T09:53:16Z] #243 attempt=1/2 status=200 0.429s url=https://www.myfonts.com/products/jell-kerry-complete-family-package-1176288
[2026-07-10T09:53:16Z] #244 attempt=1/2 status=200 0.370s url=https://www.myfonts.com/collections/jell-kerry-font-agung-sudirman/
[2026-07-10T09:53:17Z] #245 attempt=1/2 status=200 0.331s url=https://www.myfonts.com/products/sfc-mircola-complete-family-package-1176264
[2026-07-10T09:53:18Z] #246 attempt=1/2 status=200 0.478s url=https://www.myfonts.com/collections/sfc-mircola-font-skilline-fonts-co/
[2026-07-10T09:53:19Z] #247 attempt=1/2 status=200 0.575s url=https://www.myfonts.com/products/shalli-complete-family-package-1176326
[2026-07-10T09:53:19Z] #248 attempt=1/2 status=200 0.570s url=https://www.myfonts.com/collections/shalli-font-saemoon-creative/
[2026-07-10T09:53:20Z] #249 attempt=1/2 status=200 0.322s url=https://www.myfonts.com/products/brewligh-district-complete-family-package-1176148
[2026-07-10T09:53:21Z] #250 attempt=1/2 status=200 0.412s url=https://www.myfonts.com/collections/brewligh-district-font-amorfa-type/
[2026-07-10T09:53:21Z] #251 attempt=1/2 status=429 0.039s url=https://www.myfonts.com/products/cluster-normal-pack-package-1174051
[2026-07-10T09:53:24Z] #252 attempt=2/2 status=200 0.706s url=https://www.myfonts.com/products/cluster-normal-pack-package-1174051
[2026-07-10T09:53:25Z] #253 attempt=1/2 status=200 0.909s url=https://www.myfonts.com/collections/cluster-font-kobuzan/
[2026-07-10T09:53:26Z] #254 attempt=1/2 status=200 0.531s url=https://www.myfonts.com/products/kireon-complete-family-package-1176276
[2026-07-10T09:53:27Z] #255 attempt=1/2 status=200 0.443s url=https://www.myfonts.com/collections/kireon-font-illushvara/
[2026-07-10T09:53:27Z] #256 attempt=1/2 status=200 0.353s url=https://www.myfonts.com/products/pg-bellamore-complete-family-package-1176303
[2026-07-10T09:53:28Z] #257 attempt=1/2 status=200 0.380s url=https://www.myfonts.com/collections/pg-bellamore-font-pretty-glyphs/
[2026-07-10T09:53:29Z] #258 attempt=1/2 status=200 0.407s url=https://www.myfonts.com/products/403-neusten-complete-family-package-1176306
[2026-07-10T09:53:29Z] #259 attempt=1/2 status=200 0.598s url=https://www.myfonts.com/collections/403-neusten-font-403tf/
[2026-07-10T09:53:30Z] #260 attempt=1/2 status=200 0.502s url=https://www.myfonts.com/products/pilastro-complete-family-package-1176156
[2026-07-10T09:53:30Z] #261 attempt=1/2 status=429 0.035s url=https://www.myfonts.com/collections/pilastro-font-mrf/
[2026-07-10T09:53:33Z] #262 attempt=2/2 status=200 0.804s url=https://www.myfonts.com/collections/pilastro-font-mrf/
[2026-07-10T09:53:34Z] #263 attempt=1/2 status=200 0.585s url=https://www.myfonts.com/products/sfc-crest-pier-complete-family-package-1176253
[2026-07-10T09:53:35Z] #264 attempt=1/2 status=200 0.439s url=https://www.myfonts.com/collections/sfc-crest-pier-font-skilline-fonts-co/
[2026-07-10T09:53:36Z] #265 attempt=1/2 status=200 0.366s url=https://www.myfonts.com/products/roasted-cafe-complete-family-package-1176297
[2026-07-10T09:53:36Z] #266 attempt=1/2 status=200 0.435s url=https://www.myfonts.com/collections/roasted-cafe-font-stylishtype-studio/
[2026-07-10T09:53:37Z] #267 attempt=1/2 status=200 0.627s url=https://www.myfonts.com/products/crumbly-twinkles-complete-family-package-1176063
[2026-07-10T09:53:38Z] #268 attempt=1/2 status=200 0.746s url=https://www.myfonts.com/collections/crumbly-twinkles-font-black-junst/
[2026-07-10T09:53:39Z] #269 attempt=1/2 status=200 0.593s url=https://www.myfonts.com/products/muthainah-complete-family-package-1176310
[2026-07-10T09:53:40Z] #270 attempt=1/2 status=200 0.444s url=https://www.myfonts.com/collections/muthainah-font-typeclassheroes/
[2026-07-10T09:53:41Z] #271 attempt=1/2 status=200 0.378s url=https://www.myfonts.com/products/mimale-camper-complete-family-package-1161890
[2026-07-10T09:53:41Z] #272 attempt=1/2 status=429 0.047s url=https://www.myfonts.com/collections/mimale-camper-font-mans-greback/
[2026-07-10T09:53:43Z] #273 attempt=2/2 status=200 0.456s url=https://www.myfonts.com/collections/mimale-camper-font-mans-greback/
[2026-07-10T09:53:44Z] #274 attempt=1/2 status=200 0.588s url=https://www.myfonts.com/products/tsanger-xka-complete-family-package-1176047
[2026-07-10T09:53:45Z] #275 attempt=1/2 status=200 0.499s url=https://www.myfonts.com/collections/tsanger-xka-font-tsanger/
[2026-07-10T09:53:46Z] #276 attempt=1/2 status=200 0.165s url=https://www.myfonts.com/collections/tsanger-xka-font-tsanger/
[2026-07-10T09:53:47Z] #277 attempt=1/6 status=200 1.015s url=https://www.myfonts.com/products.json?limit=100&page=11
[2026-07-10T09:53:48Z] #278 attempt=1/2 status=200 0.337s url=https://www.myfonts.com/products/ransahoff-ransahoff-ct-1176450
[2026-07-10T09:53:48Z] #279 attempt=1/2 status=200 0.376s url=https://www.myfonts.com/collections/ransahoff-ct-font-castletype/
[2026-07-10T09:53:49Z] #280 attempt=1/2 status=200 0.713s url=https://www.myfonts.com/products/regular-sfc-port-riser-1176267
[2026-07-10T09:53:50Z] #281 attempt=1/2 status=200 0.265s url=https://www.myfonts.com/collections/sfc-port-riser-font-skilline-fonts-co/
[2026-07-10T09:53:50Z] #282 attempt=1/2 status=429 0.107s url=https://www.myfonts.com/products/black-buzzzing-1176154
[2026-07-10T09:53:53Z] #283 attempt=2/2 status=200 0.511s url=https://www.myfonts.com/products/black-buzzzing-1176154
[2026-07-10T09:53:53Z] #284 attempt=1/2 status=200 0.319s url=https://www.myfonts.com/collections/buzzzing-font-art-stuff/
[2026-07-10T09:53:55Z] #285 attempt=1/6 status=200 1.064s url=https://www.myfonts.com/products.json?limit=100&page=12
[2026-07-10T09:53:56Z] #286 attempt=1/2 status=200 0.427s url=https://www.myfonts.com/products/regular-belarise-1176155
[2026-07-10T09:53:56Z] #287 attempt=1/2 status=200 0.329s url=https://www.myfonts.com/collections/belarise-font-rhd-creative/
[2026-07-10T09:53:57Z] #288 attempt=1/2 status=200 0.435s url=https://www.myfonts.com/products/italic-frestlora-1176284
[2026-07-10T09:53:58Z] #289 attempt=1/2 status=200 0.605s url=https://www.myfonts.com/collections/frestlora-font-timelesstype-studio/
[2026-07-10T09:53:59Z] #290 attempt=1/2 status=200 0.406s url=https://www.myfonts.com/products/bold-sfc-lolipa-club-1176263
[2026-07-10T09:53:59Z] #291 attempt=1/2 status=200 0.347s url=https://www.myfonts.com/collections/sfc-lolipa-club-font-skilline-fonts-co/
[2026-07-10T09:54:01Z] #292 attempt=1/6 status=200 1.041s url=https://www.myfonts.com/products.json?limit=100&page=13
[2026-07-10T09:54:01Z] #293 attempt=1/2 status=200 0.316s url=https://www.myfonts.com/products/nexodus-complete-family-package-1176451
[2026-07-10T09:54:02Z] #294 attempt=1/2 status=200 0.351s url=https://www.myfonts.com/collections/nexodus-font-t-26/
[2026-07-10T09:54:02Z] #295 attempt=1/2 status=429 0.036s url=https://www.myfonts.com/collections/nexodus-font-t-26/
[2026-07-10T09:54:05Z] #296 attempt=2/2 status=200 0.260s url=https://www.myfonts.com/collections/nexodus-font-t-26/
[2026-07-10T09:54:05Z] #297 attempt=1/2 status=200 0.503s url=https://www.myfonts.com/products/w04-tsanger-fwjt-1176037
[2026-07-10T09:54:06Z] #298 attempt=1/2 status=200 0.532s url=https://www.myfonts.com/collections/tsanger-fwjt-font-tsanger/
[2026-07-10T09:54:07Z] #299 attempt=1/2 status=200 0.160s url=https://www.myfonts.com/collections/tsanger-fwjt-font-tsanger/
[2026-07-10T09:54:07Z] #300 attempt=1/2 status=200 0.332s url=https://www.myfonts.com/products/slant-crispydong-1176163
[2026-07-10T09:54:07Z] #301 attempt=1/2 status=429 0.035s url=https://www.myfonts.com/collections/crispydong-font-letterytz/
[2026-07-10T09:54:10Z] #302 attempt=2/2 status=200 0.516s url=https://www.myfonts.com/collections/crispydong-font-letterytz/
[2026-07-10T09:54:11Z] #303 attempt=1/2 status=200 0.452s url=https://www.myfonts.com/products/w04-tsanger-yihei-1176045
[2026-07-10T09:54:12Z] #304 attempt=1/2 status=200 0.684s url=https://www.myfonts.com/collections/tsanger-yihei-font-tsanger/
[2026-07-10T09:54:12Z] #305 attempt=1/2 status=200 0.200s url=https://www.myfonts.com/collections/tsanger-yihei-font-tsanger/
[2026-07-10T09:54:13Z] #306 attempt=1/2 status=200 0.470s url=https://www.myfonts.com/products/postamp-grotesk-complete-family-package-1176430
[2026-07-10T09:54:14Z] #307 attempt=1/2 status=200 0.572s url=https://www.myfonts.com/collections/postamp-grotesk-font-fontfabric/
[2026-07-10T09:54:15Z] #308 attempt=1/2 status=200 0.357s url=https://www.myfonts.com/products/regular-mooncrest-1176140
[2026-07-10T09:54:15Z] #309 attempt=1/2 status=200 0.277s url=https://www.myfonts.com/collections/mooncrest-font-maghrib-type/
[2026-07-10T09:54:15Z] #310 attempt=1/2 status=429 0.027s url=https://www.myfonts.com/products/velion-thin-velion-variable-1176426
[2026-07-10T09:54:18Z] #311 attempt=2/2 status=200 0.315s url=https://www.myfonts.com/products/velion-thin-velion-variable-1176426
[2026-07-10T09:54:18Z] #312 attempt=1/2 status=200 0.337s url=https://www.myfonts.com/collections/velion-variable-font-kaidosan/
[2026-07-10T09:54:19Z] #313 attempt=1/2 status=200 0.300s url=https://www.myfonts.com/products/regular-monolithica-1176177
[2026-07-10T09:54:20Z] #314 attempt=1/2 status=200 0.394s url=https://www.myfonts.com/collections/monolithica-font-pictranoosa/
[2026-07-10T09:54:20Z] #315 attempt=1/2 status=200 0.451s url=https://www.myfonts.com/products/regular-rugba-1176216
[2026-07-10T09:54:21Z] #316 attempt=1/2 status=200 0.549s url=https://www.myfonts.com/collections/rugba-font-jaruka-creative/
[2026-07-10T09:54:21Z] #317 attempt=1/2 status=429 0.033s url=https://www.myfonts.com/products/regular-whiken-1176147
[2026-07-10T09:54:24Z] #318 attempt=2/2 status=200 0.473s url=https://www.myfonts.com/products/regular-whiken-1176147
[2026-07-10T09:54:25Z] #319 attempt=1/2 status=200 0.315s url=https://www.myfonts.com/collections/whiken-font-jaruka-creative/
[2026-07-10T09:54:26Z] #320 attempt=1/2 status=200 0.579s url=https://www.myfonts.com/products/script-mahrine-prestige-1176287
[2026-07-10T09:54:26Z] #321 attempt=1/2 status=200 0.565s url=https://www.myfonts.com/collections/mahrine-prestige-font-burntilldead/
[2026-07-10T09:54:27Z] #322 attempt=1/2 status=200 0.274s url=https://www.myfonts.com/products/regular-tsanger-amxs-1176055
[2026-07-10T09:54:28Z] #323 attempt=1/2 status=200 0.457s url=https://www.myfonts.com/collections/tsanger-amxs-font-tsanger/
[2026-07-10T09:54:28Z] #324 attempt=1/2 status=200 0.138s url=https://www.myfonts.com/collections/tsanger-amxs-font-tsanger/
[2026-07-10T09:54:30Z] #325 attempt=1/6 status=200 1.151s url=https://www.myfonts.com/products.json?limit=100&page=14
[2026-07-10T09:54:30Z] #326 attempt=1/2 status=200 0.317s url=https://www.myfonts.com/products/w01-tsanger-xyxs-1176040
[2026-07-10T09:54:31Z] #327 attempt=1/2 status=200 0.328s url=https://www.myfonts.com/collections/tsanger-xyxs-font-tsanger/
[2026-07-10T09:54:31Z] #328 attempt=1/2 status=429 0.044s url=https://www.myfonts.com/collections/tsanger-xyxs-font-tsanger/
[2026-07-10T09:54:34Z] #329 attempt=2/2 status=200 0.184s url=https://www.myfonts.com/collections/tsanger-xyxs-font-tsanger/
[2026-07-10T09:54:34Z] #330 attempt=1/2 status=200 0.590s url=https://www.myfonts.com/products/black-ciclo-display-1014018
[2026-07-10T09:54:35Z] #331 attempt=1/2 status=200 0.517s url=https://www.myfonts.com/collections/ciclo-display-font-lechuga-type/
[2026-07-10T09:54:36Z] #332 attempt=1/2 status=200 0.398s url=https://www.myfonts.com/products/extra-bold-techno-nue-1011372
[2026-07-10T09:54:36Z] #333 attempt=1/2 status=200 0.465s url=https://www.myfonts.com/collections/techno-nue-font-webhance/
[2026-07-10T09:54:37Z] #334 attempt=1/2 status=200 0.357s url=https://www.myfonts.com/products/blond-dutch-courage-ale-1010728
[2026-07-10T09:54:37Z] #335 attempt=1/2 status=429 0.026s url=https://www.myfonts.com/collections/dutch-courage-ale-font-comicraft/
[2026-07-10T09:54:40Z] #336 attempt=2/2 status=200 0.566s url=https://www.myfonts.com/collections/dutch-courage-ale-font-comicraft/
[2026-07-10T09:54:41Z] #337 attempt=1/2 status=200 0.385s url=https://www.myfonts.com/products/dunkel-dutch-courage-lager-1010723
[2026-07-10T09:54:42Z] #338 attempt=1/2 status=200 0.630s url=https://www.myfonts.com/collections/dutch-courage-lager-font-comicraft/
[2026-07-10T09:54:42Z] #339 attempt=1/2 status=200 0.313s url=https://www.myfonts.com/products/regular-te-hafs2-tharwat-emara-1012387
[2026-07-10T09:54:43Z] #340 attempt=1/2 status=200 0.338s url=https://www.myfonts.com/collections/te-hafs2-tharwat-emara-font-tharwat-emara/
[2026-07-10T09:54:44Z] #341 attempt=1/2 status=200 0.845s url=https://www.myfonts.com/products/semi-expanded-package-1175797
[2026-07-10T09:54:46Z] #342 attempt=1/2 status=200 1.438s url=https://www.myfonts.com/collections/sprayblock-font-jorsetype/
[2026-07-10T09:54:47Z] #343 attempt=1/2 status=200 0.572s url=https://www.myfonts.com/products/k73-hogan-grotesk-complete-family-package-1176011
[2026-07-10T09:54:48Z] #344 attempt=1/2 status=200 0.789s url=https://www.myfonts.com/collections/k73-hogan-grotesk-font-k73-type-foundry/
[2026-07-10T09:54:48Z] #345 attempt=1/2 status=200 0.375s url=https://www.myfonts.com/products/force-of-habit-pro-complete-family-package-1175965
[2026-07-10T09:54:49Z] #346 attempt=1/2 status=200 0.536s url=https://www.myfonts.com/collections/force-of-habit-pro-font-hanoded/
[2026-07-10T09:54:50Z] #347 attempt=1/2 status=200 0.643s url=https://www.myfonts.com/products/limit-file-complete-family-package-1175416
[2026-07-10T09:54:51Z] #348 attempt=1/2 status=200 0.785s url=https://www.myfonts.com/collections/limit-file-font-bold-guys/
[2026-07-10T09:54:52Z] #349 attempt=1/2 status=200 0.428s url=https://www.myfonts.com/products/ukiyo-mind-pro-complete-family-package-1175962
[2026-07-10T09:54:53Z] #350 attempt=1/2 status=200 0.526s url=https://www.myfonts.com/collections/ukiyo-mind-pro-font-hanoded/
[2026-07-10T09:54:53Z] #351 attempt=1/2 status=200 0.348s url=https://www.myfonts.com/products/alascripty-complete-family-package-1176010
[2026-07-10T09:54:54Z] #352 attempt=1/2 status=200 0.617s url=https://www.myfonts.com/collections/alascripty-font-leksen-design/
[2026-07-10T09:54:55Z] #353 attempt=1/2 status=200 0.584s url=https://www.myfonts.com/products/daily-roast-complete-family-package-1175347
[2026-07-10T09:54:55Z] #354 attempt=1/2 status=429 0.050s url=https://www.myfonts.com/collections/daily-roast-font-stylishtype-studio/
[2026-07-10T09:54:58Z] #355 attempt=2/2 status=200 0.797s url=https://www.myfonts.com/collections/daily-roast-font-stylishtype-studio/
[2026-07-10T09:55:00Z] #356 attempt=1/2 status=200 1.394s url=https://www.myfonts.com/products/alles-kaputt-pro-complete-family-package-1176007
[2026-07-10T09:55:02Z] #357 attempt=1/2 status=502 1.630s url=https://www.myfonts.com/collections/alles-kaputt-pro-font-hanoded/
[2026-07-10T09:55:02Z] #358 attempt=1/2 status=200 0.337s url=https://www.myfonts.com/products/northy-chains-complete-family-package-1175344
[2026-07-10T09:55:05Z] #359 attempt=1/2 status=200 2.144s url=https://www.myfonts.com/collections/northy-chains-font-stylishtype-studio/
[2026-07-10T09:55:07Z] #360 attempt=1/2 status=200 2.382s url=https://www.myfonts.com/products/fossegrim-pro-complete-family-package-1175959
[2026-07-10T09:55:10Z] #361 attempt=1/2 status=200 1.823s url=https://www.myfonts.com/collections/fossegrim-pro-font-hanoded/
[2026-07-10T09:55:12Z] #362 attempt=1/2 status=200 2.361s url=https://www.myfonts.com/products/expanded-family-package-1175953
[2026-07-10T09:55:15Z] #363 attempt=1/2 status=200 3.094s url=https://www.myfonts.com/collections/ckr-serif-font-ckr-type-foundry/
[2026-07-10T09:55:18Z] #364 attempt=1/2 status=200 1.841s url=https://www.myfonts.com/products/avelyra-script-complete-family-package-1175090
[2026-07-10T09:55:19Z] #365 attempt=1/2 status=200 0.634s url=https://www.myfonts.com/collections/avelyra-script-font-typehill-studio/
[2026-07-10T09:55:20Z] #366 attempt=1/2 status=200 0.864s url=https://www.myfonts.com/products/six-week-holiday-pro-complete-family-package-1176004
[2026-07-10T09:55:21Z] #367 attempt=1/2 status=200 0.603s url=https://www.myfonts.com/collections/six-week-holiday-pro-font-hanoded/
[2026-07-10T09:55:22Z] #368 attempt=1/2 status=200 0.851s url=https://www.myfonts.com/products/stupid-sans-complete-family-package-1175039
[2026-07-10T09:55:23Z] #369 attempt=1/2 status=200 0.615s url=https://www.myfonts.com/collections/stupid-sans-font-ll-type-foundry/
[2026-07-10T09:55:24Z] #370 attempt=1/2 status=200 0.316s url=https://www.myfonts.com/products/mhexis-complete-family-package-1175016
[2026-07-10T09:55:24Z] #371 attempt=1/2 status=200 0.518s url=https://www.myfonts.com/collections/mhexis-font-timelesstype-studio/
[2026-07-10T09:55:25Z] #372 attempt=1/2 status=200 0.699s url=https://www.myfonts.com/products/mezzogiorno-complete-family-package-1175975
[2026-07-10T09:55:27Z] #373 attempt=1/2 status=200 0.831s url=https://www.myfonts.com/collections/mezzogiorno-font-tarallo-design/
[2026-07-10T09:55:28Z] #374 attempt=1/2 status=200 0.736s url=https://www.myfonts.com/products/regine-complete-family-package-1175643
[2026-07-10T09:55:29Z] #375 attempt=1/2 status=200 0.742s url=https://www.myfonts.com/collections/regine-font-pizzatypefaces/
[2026-07-10T09:55:29Z] #376 attempt=1/2 status=200 0.428s url=https://www.myfonts.com/products/tenford-complete-family-package-1174971
[2026-07-10T09:55:30Z] #377 attempt=1/2 status=503 0.098s url=https://www.myfonts.com/collections/tenford-font-artisan-themes/
[2026-07-10T09:55:30Z] retryable_503 attempt=1/2 waiting=2s
[2026-07-10T09:55:32Z] #378 attempt=2/2 status=503 0.085s url=https://www.myfonts.com/collections/tenford-font-artisan-themes/
[2026-07-10T09:55:32Z] retryable_503 attempt=2/2 waiting=2s
[2026-07-10T09:55:34Z] max_retries_exhausted url=https://www.myfonts.com/collections/tenford-font-artisan-themes/
[2026-07-10T09:55:35Z] #379 attempt=1/2 status=200 0.343s url=https://www.myfonts.com/products/merpatino-complete-family-package-1175799
[2026-07-10T09:55:35Z] #380 attempt=1/2 status=200 0.390s url=https://www.myfonts.com/collections/merpatino-font-mei-suseno/
[2026-07-10T09:55:36Z] #381 attempt=1/2 status=200 0.467s url=https://www.myfonts.com/products/brave-love-complete-family-package-1175632
[2026-07-10T09:55:37Z] #382 attempt=1/2 status=200 0.550s url=https://www.myfonts.com/collections/brave-love-font-gatype/
[2026-07-10T09:55:37Z] #383 attempt=1/2 status=200 0.356s url=https://www.myfonts.com/products/night-delivery-pro-complete-family-package-1175971
[2026-07-10T09:55:38Z] #384 attempt=1/2 status=200 0.414s url=https://www.myfonts.com/collections/night-delivery-pro-font-hanoded/
[2026-07-10T09:55:39Z] #385 attempt=1/2 status=200 0.430s url=https://www.myfonts.com/products/cf-angeliki-complete-family-package-1173883
[2026-07-10T09:55:39Z] #386 attempt=1/2 status=200 0.477s url=https://www.myfonts.com/collections/cf-angeliki-font-fonts-gr/
[2026-07-10T09:55:40Z] #387 attempt=1/2 status=200 0.391s url=https://www.myfonts.com/products/early-plum-complete-family-package-1161885
[2026-07-10T09:55:41Z] #388 attempt=1/2 status=200 0.467s url=https://www.myfonts.com/collections/early-plum-font-mans-greback/
[2026-07-10T09:55:42Z] #389 attempt=1/2 status=200 0.398s url=https://www.myfonts.com/products/midnight-asylum-pro-complete-family-package-1175968
[2026-07-10T09:55:42Z] #390 attempt=1/2 status=200 0.430s url=https://www.myfonts.com/collections/midnight-asylum-pro-font-hanoded/
[2026-07-10T09:55:43Z] #391 attempt=1/2 status=200 0.430s url=https://www.myfonts.com/products/macklin-variable-complete-family-package-1175434
[2026-07-10T09:55:44Z] #392 attempt=1/2 status=200 0.513s url=https://www.myfonts.com/collections/macklin-variable-font-monotype-imaging/
[2026-07-10T09:55:45Z] #393 attempt=1/2 status=200 0.996s url=https://www.myfonts.com/products/worn-italic-krock-1175470
[2026-07-10T09:55:47Z] #394 attempt=1/2 status=200 1.348s url=https://www.myfonts.com/collections/krock-font-alpercakici/
[2026-07-10T09:55:49Z] #395 attempt=1/6 status=200 1.068s url=https://www.myfonts.com/products.json?limit=100&page=15
[2026-07-10T09:55:49Z] #396 attempt=1/2 status=200 0.452s url=https://www.myfonts.com/products/extralight-italic-ater-display-1175442
[2026-07-10T09:55:50Z] #397 attempt=1/2 status=200 0.695s url=https://www.myfonts.com/collections/ater-display-font-blaze-type/
[2026-07-10T09:55:51Z] #398 attempt=1/2 status=200 0.317s url=https://www.myfonts.com/products/regular-oenoire-1175631
[2026-07-10T09:55:51Z] #399 attempt=1/2 status=200 0.435s url=https://www.myfonts.com/collections/oenoire-font-mkgd/
[2026-07-10T09:55:52Z] #400 attempt=1/2 status=200 0.424s url=https://www.myfonts.com/products/brother-gothic-regular-brother-gothic-1175033
[2026-07-10T09:55:53Z] #401 attempt=1/2 status=200 0.375s url=https://www.myfonts.com/collections/brother-gothic-font-ismanayuda/
[2026-07-10T09:55:53Z] #402 attempt=1/2 status=200 0.404s url=https://www.myfonts.com/products/regular-hygge-adore-1176032
[2026-07-10T09:55:54Z] #403 attempt=1/2 status=200 0.309s url=https://www.myfonts.com/collections/hygge-adore-font-struvictory-art/
[2026-07-10T09:55:55Z] #404 attempt=1/2 status=200 0.380s url=https://www.myfonts.com/products/regular-escamor-1175954
[2026-07-10T09:55:55Z] #405 attempt=1/2 status=200 0.470s url=https://www.myfonts.com/collections/escamor-font-black-junst/
[2026-07-10T09:55:56Z] #406 attempt=1/2 status=200 0.405s url=https://www.myfonts.com/products/decorative-le-tarot-1176030
[2026-07-10T09:55:57Z] #407 attempt=1/2 status=200 0.340s url=https://www.myfonts.com/collections/le-tarot-font-struvictory-art/
[2026-07-10T09:55:57Z] #408 attempt=1/2 status=200 0.279s url=https://www.myfonts.com/products/regular-elviante-1175114
[2026-07-10T09:55:58Z] #409 attempt=1/2 status=200 0.441s url=https://www.myfonts.com/collections/elviante-font-flawlessandco/
[2026-07-10T09:55:58Z] #410 attempt=1/2 status=200 0.357s url=https://www.myfonts.com/products/regular-hano-kid-writing-1174899
[2026-07-10T09:55:59Z] #411 attempt=1/2 status=200 0.388s url=https://www.myfonts.com/collections/hano-kid-writing-font-mvmet/
[2026-07-10T09:56:01Z] #412 attempt=1/6 status=200 1.011s url=https://www.myfonts.com/products.json?limit=100&page=16
[2026-07-10T09:56:01Z] #413 attempt=1/2 status=200 0.565s url=https://www.myfonts.com/products/regular-bexora-beach-1175351
[2026-07-10T09:56:02Z] #414 attempt=1/2 status=200 0.293s url=https://www.myfonts.com/collections/bexora-beach-font-maxart/
[2026-07-10T09:56:03Z] #415 attempt=1/2 status=200 0.615s url=https://www.myfonts.com/products/regular-mulick-benor-1175350
[2026-07-10T09:56:03Z] #416 attempt=1/2 status=200 0.288s url=https://www.myfonts.com/collections/mulick-benor-font-super-dust/
[2026-07-10T09:56:04Z] #417 attempt=1/2 status=200 0.389s url=https://www.myfonts.com/products/regular-tt-qurdisma-1175974
[2026-07-10T09:56:05Z] #418 attempt=1/2 status=200 0.454s url=https://www.myfonts.com/collections/tt-qurdisma-font-typetype/
[2026-07-10T09:56:06Z] #419 attempt=1/6 status=200 1.134s url=https://www.myfonts.com/products.json?limit=100&page=17
[2026-07-10T09:56:07Z] #420 attempt=1/2 status=200 0.439s url=https://www.myfonts.com/products/variable-urema-variable-1175800
[2026-07-10T09:56:08Z] #421 attempt=1/2 status=200 0.459s url=https://www.myfonts.com/collections/urema-variable-font-zafira-type/
[2026-07-10T09:56:09Z] #422 attempt=1/2 status=200 0.485s url=https://www.myfonts.com/products/regular-risole-1175752
[2026-07-10T09:56:09Z] #423 attempt=1/2 status=200 0.397s url=https://www.myfonts.com/collections/risole-font-margi-studio/
[2026-07-10T09:56:10Z] #424 attempt=1/2 status=200 0.434s url=https://www.myfonts.com/products/regular-paradise-handwriting-1175031
[2026-07-10T09:56:11Z] #425 attempt=1/2 status=200 0.404s url=https://www.myfonts.com/collections/paradise-handwriting-font-mvmet/
[2026-07-10T09:56:11Z] #426 attempt=1/2 status=200 0.303s url=https://www.myfonts.com/products/regular-mltp-rosettiny-1175805
[2026-07-10T09:56:12Z] #427 attempt=1/2 status=200 0.341s url=https://www.myfonts.com/collections/mltp-rosettiny-font-multype-studio/
[2026-07-10T09:56:12Z] #428 attempt=1/2 status=429 0.038s url=https://www.myfonts.com/products/regular-wildflower-notes-1174947
[2026-07-10T09:56:15Z] #429 attempt=2/2 status=200 0.393s url=https://www.myfonts.com/products/regular-wildflower-notes-1174947
[2026-07-10T09:56:15Z] #430 attempt=1/2 status=200 0.338s url=https://www.myfonts.com/collections/wildflower-notes-font-bluestype-studio/
[2026-07-10T09:56:17Z] #431 attempt=1/6 status=200 1.017s url=https://www.myfonts.com/products.json?limit=100&page=18
[2026-07-10T09:56:17Z] #432 attempt=1/2 status=200 0.325s url=https://www.myfonts.com/products/regular-neonray-1176033
[2026-07-10T09:56:18Z] #433 attempt=1/2 status=200 0.524s url=https://www.myfonts.com/collections/neonray-font-phonnastudio/
[2026-07-10T09:56:19Z] #434 attempt=1/2 status=200 0.563s url=https://www.myfonts.com/products/regular-boxvaulth-1174911
[2026-07-10T09:56:20Z] #435 attempt=1/2 status=200 0.476s url=https://www.myfonts.com/collections/boxvaulth-font-mei-suseno/
[2026-07-10T09:56:20Z] #436 attempt=1/2 status=200 0.288s url=https://www.myfonts.com/products/regular-retro-deco-chalk-1175027
[2026-07-10T09:56:20Z] #437 attempt=1/2 status=429 0.044s url=https://www.myfonts.com/collections/retro-deco-chalk-font-mvmet/
[2026-07-10T09:56:23Z] #438 attempt=2/2 status=200 0.386s url=https://www.myfonts.com/collections/retro-deco-chalk-font-mvmet/
[2026-07-10T09:56:25Z] #439 attempt=1/6 status=200 1.101s url=https://www.myfonts.com/products.json?limit=100&page=19
[2026-07-10T09:56:25Z] #440 attempt=1/2 status=200 0.397s url=https://www.myfonts.com/products/regular-mossela-1174938
[2026-07-10T09:56:26Z] #441 attempt=1/2 status=200 0.322s url=https://www.myfonts.com/collections/mossela-font-super-dust/
[2026-07-10T09:56:27Z] #442 attempt=1/2 status=200 0.375s url=https://www.myfonts.com/products/regular-geonica-1176031
[2026-07-10T09:56:27Z] #443 attempt=1/2 status=200 0.425s url=https://www.myfonts.com/collections/geonica-font-struvictory-art/
[2026-07-10T09:56:28Z] #444 attempt=1/2 status=200 0.326s url=https://www.myfonts.com/products/regular-flowpainter-llt-973916
[2026-07-10T09:56:28Z] #445 attempt=1/2 status=429 0.054s url=https://www.myfonts.com/collections/flowpainter-llt-font-lone-letter/
[2026-07-10T09:56:31Z] #446 attempt=2/2 status=200 0.350s url=https://www.myfonts.com/collections/flowpainter-llt-font-lone-letter/
[2026-07-10T09:56:32Z] #447 attempt=1/2 status=200 0.709s url=https://www.myfonts.com/products/limit-file-variable-concept-complete-family-package-1175430
[2026-07-10T09:56:33Z] #448 attempt=1/2 status=200 0.598s url=https://www.myfonts.com/collections/limit-file-variable-concept-font-bold-guys/
[2026-07-10T09:56:34Z] #449 attempt=1/2 status=200 0.698s url=https://www.myfonts.com/products/48-medium-armin-1175439
[2026-07-10T09:56:34Z] #450 attempt=1/2 status=200 0.674s url=https://www.myfonts.com/collections/armin-font-test-pilot-collective/
[2026-07-10T09:56:35Z] #451 attempt=1/2 status=200 0.194s url=https://www.myfonts.com/collections/armin-font-test-pilot-collective/
[2026-07-10T09:56:37Z] #452 attempt=1/6 status=200 1.066s url=https://www.myfonts.com/products.json?limit=100&page=20
[2026-07-10T09:56:37Z] #453 attempt=1/2 status=200 0.533s url=https://www.myfonts.com/products/cf-asty-monospaced-complete-family-package-1173869
[2026-07-10T09:56:38Z] #454 attempt=1/2 status=200 0.536s url=https://www.myfonts.com/collections/cf-asty-monospaced-font-fonts-gr/
[2026-07-10T09:56:39Z] #455 attempt=1/2 status=200 0.403s url=https://www.myfonts.com/products/hirama-complete-family-package-1173950
[2026-07-10T09:56:39Z] #456 attempt=1/2 status=429 0.039s url=https://www.myfonts.com/collections/hirama-font-agung-sudirman/
[2026-07-10T09:56:42Z] #457 attempt=2/2 status=200 0.604s url=https://www.myfonts.com/collections/hirama-font-agung-sudirman/
[2026-07-10T09:56:43Z] #458 attempt=1/2 status=200 0.336s url=https://www.myfonts.com/products/retro-communia-complete-family-package-1175361
[2026-07-10T09:56:43Z] #459 attempt=1/2 status=200 0.423s url=https://www.myfonts.com/collections/retro-communia-font-ayca-atalay/
[2026-07-10T09:56:44Z] #460 attempt=1/2 status=200 0.348s url=https://www.myfonts.com/products/rengid-afikan-complete-family-package-1175341
[2026-07-10T09:56:44Z] #461 attempt=1/2 status=200 0.461s url=https://www.myfonts.com/collections/rengid-afikan-font-timelesstype-studio/
[2026-07-10T09:56:46Z] #462 attempt=1/2 status=200 1.320s url=https://www.myfonts.com/products/solmerik-complete-family-package-1175133
[2026-07-10T09:56:49Z] #463 attempt=1/2 status=200 2.823s url=https://www.myfonts.com/collections/solmerik-font-mantype-studio/
[2026-07-10T09:56:50Z] #464 attempt=1/2 status=200 0.298s url=https://www.myfonts.com/products/norgiva-complete-family-package-1175034
[2026-07-10T09:56:51Z] #465 attempt=1/2 status=200 0.430s url=https://www.myfonts.com/collections/norgiva-font-jinan-studio/
[2026-07-10T09:56:52Z] #466 attempt=1/2 status=200 0.345s url=https://www.myfonts.com/products/tc-bombay-serif-complete-family-package-1175084
[2026-07-10T09:56:52Z] #467 attempt=1/2 status=200 0.536s url=https://www.myfonts.com/collections/tc-bombay-serif-font-typoclast-studio/
[2026-07-10T09:56:53Z] #468 attempt=1/2 status=200 0.573s url=https://www.myfonts.com/products/morning-lacho-complete-family-package-1174974
[2026-07-10T09:56:54Z] #469 attempt=1/2 status=200 0.452s url=https://www.myfonts.com/collections/morning-lacho-font-timelesstype-studio/
[2026-07-10T09:56:55Z] #470 attempt=1/2 status=200 0.335s url=https://www.myfonts.com/products/coalshackle-complete-family-package-1161882
[2026-07-10T09:56:55Z] #471 attempt=1/2 status=200 0.358s url=https://www.myfonts.com/collections/coalshackle-font-mans-greback/
[2026-07-10T09:56:56Z] #472 attempt=1/2 status=200 0.455s url=https://www.myfonts.com/products/start-playing-cool-complete-family-package-1174958
[2026-07-10T09:56:56Z] #473 attempt=1/2 status=429 0.038s url=https://www.myfonts.com/collections/start-playing-cool-font-pizzadudedk/
[2026-07-10T09:56:59Z] #474 attempt=2/2 status=200 0.678s url=https://www.myfonts.com/collections/start-playing-cool-font-pizzadudedk/
[2026-07-10T09:57:00Z] #475 attempt=1/2 status=200 0.615s url=https://www.myfonts.com/products/secret-cantena-complete-family-package-1174954
[2026-07-10T09:57:01Z] #476 attempt=1/2 status=200 0.490s url=https://www.myfonts.com/collections/secret-cantena-font-struggle-studio/
[2026-07-10T09:57:01Z] #477 attempt=1/2 status=200 0.357s url=https://www.myfonts.com/products/madyline-complete-family-package-1175028
[2026-07-10T09:57:02Z] #478 attempt=1/2 status=200 0.343s url=https://www.myfonts.com/collections/madyline-font-adam-fathony/
[2026-07-10T09:57:03Z] #479 attempt=1/2 status=200 0.618s url=https://www.myfonts.com/products/california-poetrisn-complete-family-package-1174901
[2026-07-10T09:57:04Z] #480 attempt=1/2 status=200 0.775s url=https://www.myfonts.com/collections/california-poetrisn-font-suza-studio/
[2026-07-10T09:57:05Z] #481 attempt=1/2 status=200 0.603s url=https://www.myfonts.com/products/milano-editorial-vintage-complete-family-package-1174893
[2026-07-10T09:57:06Z] #482 attempt=1/2 status=200 0.729s url=https://www.myfonts.com/collections/milano-editorial-vintage-font-letterfreshstudio/
[2026-07-10T09:57:06Z] #483 attempt=1/2 status=200 0.344s url=https://www.myfonts.com/products/elinkos-complete-family-package-1174998
[2026-07-10T09:57:07Z] #484 attempt=1/2 status=429 0.035s url=https://www.myfonts.com/collections/elinkos-font-timelesstype-studio/
[2026-07-10T09:57:10Z] #485 attempt=2/2 status=200 0.930s url=https://www.myfonts.com/collections/elinkos-font-timelesstype-studio/
[2026-07-10T09:57:10Z] #486 attempt=1/2 status=200 0.335s url=https://www.myfonts.com/products/hella-punk-complete-family-package-1175061
[2026-07-10T09:57:11Z] #487 attempt=1/2 status=200 0.544s url=https://www.myfonts.com/collections/hella-punk-font-jolicia-type/
[2026-07-10T09:57:12Z] #488 attempt=1/2 status=200 0.558s url=https://www.myfonts.com/products/anticha-atelier-complete-family-package-1175334
[2026-07-10T09:57:13Z] #489 attempt=1/2 status=200 0.482s url=https://www.myfonts.com/collections/anticha-atelier-font-nollev/
[2026-07-10T09:57:13Z] #490 attempt=1/2 status=200 0.375s url=https://www.myfonts.com/products/comsignal-bb-complete-family-package-1174949
[2026-07-10T09:57:14Z] #491 attempt=1/2 status=200 0.487s url=https://www.myfonts.com/collections/comsignal-bb-font-blambot/
[2026-07-10T09:57:15Z] #492 attempt=1/2 status=200 0.417s url=https://www.myfonts.com/products/grakton-complete-family-package-1175338
[2026-07-10T09:57:16Z] #493 attempt=1/2 status=200 0.606s url=https://www.myfonts.com/collections/grakton-font-timelesstype-studio/
[2026-07-10T09:57:16Z] #494 attempt=1/2 status=429 0.055s url=https://www.myfonts.com/products/black-train-complete-family-package-1175353
[2026-07-10T09:57:19Z] #495 attempt=2/2 status=200 0.532s url=https://www.myfonts.com/products/black-train-complete-family-package-1175353
[2026-07-10T09:57:20Z] #496 attempt=1/2 status=200 0.741s url=https://www.myfonts.com/collections/black-train-font-tour-de-force/
[2026-07-10T09:57:21Z] #497 attempt=1/2 status=200 0.767s url=https://www.myfonts.com/products/rogue-sable-brush-complete-family-package-1174896
[2026-07-10T09:57:22Z] #498 attempt=1/2 status=200 0.600s url=https://www.myfonts.com/collections/rogue-sable-brush-font-mei-suseno/
[2026-07-10T09:57:22Z] #499 attempt=1/2 status=200 0.318s url=https://www.myfonts.com/products/aukim-ii-variable-complete-family-package-1174944
[2026-07-10T09:57:23Z] #500 attempt=1/2 status=200 0.700s url=https://www.myfonts.com/collections/aukim-ii-variable-font-aukimvisuel/
[2026-07-10T09:57:24Z] #501 attempt=1/2 status=200 0.516s url=https://www.myfonts.com/products/impactors-futuristic-complete-family-package-1174921
[2026-07-10T09:57:25Z] #502 attempt=1/2 status=200 0.424s url=https://www.myfonts.com/collections/impactors-futuristic-font-minetype/
[2026-07-10T09:57:26Z] #503 attempt=1/2 status=200 0.568s url=https://www.myfonts.com/products/braventra-complete-family-package-1175081
[2026-07-10T09:57:26Z] #504 attempt=1/2 status=200 0.579s url=https://www.myfonts.com/collections/braventra-font-cocodesign/
[2026-07-10T09:57:27Z] #505 attempt=1/2 status=200 0.378s url=https://www.myfonts.com/products/regular-koopers-trend-1174970
[2026-07-10T09:57:27Z] #506 attempt=1/2 status=429 0.027s url=https://www.myfonts.com/collections/koopers-trend-font-flawlessandco/
[2026-07-10T09:57:30Z] #507 attempt=2/2 status=200 0.485s url=https://www.myfonts.com/collections/koopers-trend-font-flawlessandco/
[2026-07-10T09:57:31Z] #508 attempt=1/2 status=200 0.447s url=https://www.myfonts.com/products/regular-hot-fire-1174941
[2026-07-10T09:57:31Z] #509 attempt=1/2 status=200 0.335s url=https://www.myfonts.com/collections/hot-fire-font-mvmet/
[2026-07-10T09:57:32Z] #510 attempt=1/2 status=200 0.371s url=https://www.myfonts.com/products/regular-grande-1175352
[2026-07-10T09:57:32Z] #511 attempt=1/2 status=200 0.316s url=https://www.myfonts.com/collections/grande-font-jaruka-creative/
[2026-07-10T09:57:33Z] #512 attempt=1/2 status=200 0.340s url=https://www.myfonts.com/products/regular-boney-mellina-1174927
[2026-07-10T09:57:33Z] #513 attempt=1/2 status=429 0.048s url=https://www.myfonts.com/collections/boney-mellina-font-super-dust/
[2026-07-10T09:57:36Z] #514 attempt=2/2 status=200 0.445s url=https://www.myfonts.com/collections/boney-mellina-font-super-dust/
[2026-07-10T09:57:38Z] #515 attempt=1/6 status=200 1.234s url=https://www.myfonts.com/products.json?limit=100&page=21
[2026-07-10T09:57:38Z] #516 attempt=1/2 status=200 0.279s url=https://www.myfonts.com/products/bojagi-regular-bojagi-1175040
[2026-07-10T09:57:39Z] #517 attempt=1/2 status=200 0.296s url=https://www.myfonts.com/collections/bojagi-font-flawlessandco/
[2026-07-10T09:57:39Z] #518 attempt=1/2 status=200 0.287s url=https://www.myfonts.com/products/regular-jelly-bloom-1174939
[2026-07-10T09:57:40Z] #519 attempt=1/2 status=200 0.316s url=https://www.myfonts.com/collections/jelly-bloom-font-super-dust/
[2026-07-10T09:57:41Z] #520 attempt=1/2 status=200 0.281s url=https://www.myfonts.com/products/regular-graftextlif-1175094
[2026-07-10T09:57:41Z] #521 attempt=1/2 status=429 0.032s url=https://www.myfonts.com/collections/graftextlif-font-niamullah-aqil/
[2026-07-10T09:57:44Z] #522 attempt=2/2 status=200 0.561s url=https://www.myfonts.com/collections/graftextlif-font-niamullah-aqil/
[2026-07-10T09:57:44Z] #523 attempt=1/2 status=200 0.472s url=https://www.myfonts.com/products/regular-gimro-1175065
[2026-07-10T09:57:45Z] #524 attempt=1/2 status=200 0.407s url=https://www.myfonts.com/collections/gimro-font-pandeka-studio/
[2026-07-10T09:57:47Z] #525 attempt=1/6 status=200 1.128s url=https://www.myfonts.com/products.json?limit=100&page=22
[2026-07-10T09:57:47Z] #526 attempt=1/2 status=200 0.366s url=https://www.myfonts.com/products/regular-pixel-hype-1174926
[2026-07-10T09:57:48Z] #527 attempt=1/2 status=200 0.335s url=https://www.myfonts.com/collections/pixel-hype-font-xalt-typography/
[2026-07-10T09:57:49Z] #528 attempt=1/2 status=200 0.495s url=https://www.myfonts.com/products/regular-yep-1174943
[2026-07-10T09:57:49Z] #529 attempt=1/2 status=200 0.345s url=https://www.myfonts.com/collections/yep-font-xalt-typography/
[2026-07-10T09:57:50Z] #530 attempt=1/2 status=200 0.335s url=https://www.myfonts.com/products/regular-lifloon-1175080
[2026-07-10T09:57:50Z] #531 attempt=1/2 status=429 0.042s url=https://www.myfonts.com/collections/lifloon-font-linecreative/
[2026-07-10T09:57:53Z] #532 attempt=2/2 status=200 0.342s url=https://www.myfonts.com/collections/lifloon-font-linecreative/
[2026-07-10T09:57:53Z] #533 attempt=1/2 status=200 0.436s url=https://www.myfonts.com/products/regular-gothic-ancient-dragon-1174900
[2026-07-10T09:57:54Z] #534 attempt=1/2 status=200 0.240s url=https://www.myfonts.com/collections/gothic-ancient-dragon-font-mvmet/
[2026-07-10T09:57:55Z] #535 attempt=1/2 status=200 0.395s url=https://www.myfonts.com/products/regular-bonrage-1174978
[2026-07-10T09:57:55Z] #536 attempt=1/2 status=200 0.314s url=https://www.myfonts.com/collections/bonrage-font-vadova-std/
[2026-07-10T09:57:55Z] #537 attempt=1/2 status=429 0.026s url=https://www.myfonts.com/products/regular-japan-brush-1175366
[2026-07-10T09:57:58Z] #538 attempt=2/2 status=200 0.392s url=https://www.myfonts.com/products/regular-japan-brush-1175366
[2026-07-10T09:57:59Z] #539 attempt=1/2 status=200 0.688s url=https://www.myfonts.com/collections/japan-brush-font-mvmet/
[2026-07-10T09:58:01Z] #540 attempt=1/6 status=200 1.337s url=https://www.myfonts.com/products.json?limit=100&page=23
[2026-07-10T09:58:02Z] #541 attempt=1/2 status=200 0.537s url=https://www.myfonts.com/products/regular-navore-1174977
[2026-07-10T09:58:02Z] #542 attempt=1/2 status=200 0.683s url=https://www.myfonts.com/collections/navore-font-rasio-studio/
[2026-07-10T09:58:03Z] #543 attempt=1/2 status=200 0.547s url=https://www.myfonts.com/products/sad-night-complete-family-package-1174963
[2026-07-10T09:58:04Z] #544 attempt=1/2 status=200 0.430s url=https://www.myfonts.com/collections/sad-night-font-struggle-studio/
[2026-07-10T09:58:06Z] #545 attempt=1/2 status=200 1.510s url=https://www.myfonts.com/products/traced-italic-tokara-1174849
[2026-07-10T09:58:08Z] #546 attempt=1/2 status=200 1.604s url=https://www.myfonts.com/collections/tokara-font-alpercakici/
[2026-07-10T09:58:09Z] #547 attempt=1/2 status=200 0.666s url=https://www.myfonts.com/products/oblique-black-auranix-expanded-1175024
[2026-07-10T09:58:10Z] #548 attempt=1/2 status=200 0.909s url=https://www.myfonts.com/collections/auranix-expanded-font-jinan-studio/
[2026-07-10T09:58:11Z] #549 attempt=1/2 status=200 0.422s url=https://www.myfonts.com/products/light-rhimen-1174931
[2026-07-10T09:58:12Z] #550 attempt=1/2 status=200 0.645s url=https://www.myfonts.com/collections/rhimen-font-luminatype-studio/
[2026-07-10T09:58:12Z] #551 attempt=1/2 status=200 0.468s url=https://www.myfonts.com/products/thin-italic-morvetra-tm-1175317
[2026-07-10T09:58:13Z] #552 attempt=1/2 status=200 0.624s url=https://www.myfonts.com/collections/morvetra-tm-font-twinletter/
[2026-07-10T09:58:14Z] #553 attempt=1/2 status=200 0.525s url=https://www.myfonts.com/products/black-italic-mireno-sans-1175131
[2026-07-10T09:58:15Z] #554 attempt=1/2 status=200 0.410s url=https://www.myfonts.com/collections/mireno-sans-font-syauqi-studio/
[2026-07-10T09:58:15Z] #555 attempt=1/2 status=200 0.382s url=https://www.myfonts.com/products/black-italic-animetry-1175386
[2026-07-10T09:58:16Z] #556 attempt=1/2 status=200 0.639s url=https://www.myfonts.com/collections/animetry-font-syntype/
[2026-07-10T09:58:17Z] #557 attempt=1/2 status=200 0.543s url=https://www.myfonts.com/products/semi-bold-oblique-finlado-1175107
[2026-07-10T09:58:18Z] #558 attempt=1/2 status=200 0.710s url=https://www.myfonts.com/collections/finlado-font-bartama-graphic/
[2026-07-10T09:58:19Z] #559 attempt=1/2 status=200 0.314s url=https://www.myfonts.com/products/slant-oras-1175067
[2026-07-10T09:58:19Z] #560 attempt=1/2 status=200 0.373s url=https://www.myfonts.com/collections/oras-font-pandeka-studio/
[2026-07-10T09:58:21Z] #561 attempt=1/6 status=200 1.147s url=https://www.myfonts.com/products.json?limit=100&page=24
[2026-07-10T09:58:22Z] #562 attempt=1/2 status=200 0.433s url=https://www.myfonts.com/products/bold-cotoris-545181
[2026-07-10T09:58:22Z] #563 attempt=1/2 status=200 0.387s url=https://www.myfonts.com/collections/cotoris-font-dharma-type/
[2026-07-10T09:58:23Z] #564 attempt=1/2 status=200 0.265s url=https://www.myfonts.com/products/rasley-heights-complete-family-package-1161877
[2026-07-10T09:58:23Z] #565 attempt=1/2 status=429 0.036s url=https://www.myfonts.com/collections/rasley-heights-font-mans-greback/
[2026-07-10T09:58:26Z] #566 attempt=2/2 status=200 0.415s url=https://www.myfonts.com/collections/rasley-heights-font-mans-greback/
[2026-07-10T09:58:27Z] #567 attempt=1/2 status=200 0.527s url=https://www.myfonts.com/products/larolinea-complete-family-package-1171321
[2026-07-10T09:58:28Z] #568 attempt=1/2 status=200 0.619s url=https://www.myfonts.com/collections/larolinea-font-syafbe/
[2026-07-10T09:58:28Z] #569 attempt=1/2 status=200 0.424s url=https://www.myfonts.com/products/velique-sans-complete-family-package-1162953
[2026-07-10T09:58:29Z] #570 attempt=1/2 status=200 0.572s url=https://www.myfonts.com/collections/velique-sans-font-syauqi-studio/
[2026-07-10T09:58:30Z] #571 attempt=1/2 status=200 0.315s url=https://www.myfonts.com/products/virea-complete-family-package-1173775
[2026-07-10T09:58:30Z] #572 attempt=1/2 status=200 0.433s url=https://www.myfonts.com/collections/virea-font-ceeskiiw/
[2026-07-10T09:58:31Z] #573 attempt=1/2 status=200 0.313s url=https://www.myfonts.com/products/regular-happy-crayon-handwriting-1174940
[2026-07-10T09:58:31Z] #574 attempt=1/2 status=429 0.031s url=https://www.myfonts.com/collections/happy-crayon-handwriting-font-mvmet/
[2026-07-10T09:58:34Z] #575 attempt=2/2 status=200 0.290s url=https://www.myfonts.com/collections/happy-crayon-handwriting-font-mvmet/
[2026-07-10T09:58:34Z] #576 attempt=1/2 status=200 0.329s url=https://www.myfonts.com/products/pro-bonex-1174942
[2026-07-10T09:58:35Z] #577 attempt=1/2 status=200 0.254s url=https://www.myfonts.com/collections/bonex-font-high-definition-soul/
[2026-07-10T09:58:36Z] #578 attempt=1/6 status=200 0.996s url=https://www.myfonts.com/products.json?limit=100&page=25
[2026-07-10T09:58:37Z] #579 attempt=1/2 status=200 0.267s url=https://www.myfonts.com/products/regular-ink-drips-tag-marker-1175365
[2026-07-10T09:58:37Z] #580 attempt=1/2 status=200 0.249s url=https://www.myfonts.com/collections/ink-drips-tag-marker-font-mvmet/
[2026-07-10T09:58:38Z] #581 attempt=1/2 status=429 0.038s url=https://www.myfonts.com/products/phase-grotesk-complete-family-package-1173978
[2026-07-10T09:58:40Z] #582 attempt=2/2 status=200 0.385s url=https://www.myfonts.com/products/phase-grotesk-complete-family-package-1173978
[2026-07-10T09:58:41Z] #583 attempt=1/2 status=200 0.424s url=https://www.myfonts.com/collections/phase-grotesk-font-font-catalogue/
[2026-07-10T09:58:42Z] #584 attempt=1/2 status=200 1.124s url=https://www.myfonts.com/products/xbold-limit-display-1174686
[2026-07-10T09:58:44Z] #585 attempt=1/2 status=200 1.749s url=https://www.myfonts.com/collections/limit-display-font-bold-guys/
[2026-07-10T09:58:46Z] #586 attempt=1/2 status=200 0.492s url=https://www.myfonts.com/products/light-honfleur-1174595
[2026-07-10T09:58:46Z] #587 attempt=1/2 status=200 0.479s url=https://www.myfonts.com/collections/honfleur-font-typodermic/
[2026-07-10T09:58:47Z] #588 attempt=1/2 status=200 0.723s url=https://www.myfonts.com/products/condensed-xbold-italic-limit-micro-1174571
[2026-07-10T09:58:49Z] #589 attempt=1/2 status=200 1.476s url=https://www.myfonts.com/collections/limit-micro-font-bold-guys/
[2026-07-10T09:58:50Z] #590 attempt=1/2 status=200 0.476s url=https://www.myfonts.com/products/light-cmx-1175397
[2026-07-10T09:58:51Z] #591 attempt=1/2 status=200 0.635s url=https://www.myfonts.com/collections/cmx-font-ixipcalli/
[2026-07-10T09:58:51Z] summary releases=1 first_429=(90, 'https://www.myfonts.com/products/regular-karia-1176688', 0.05038762092590332) log_file=state/myfonts_run_20260710_094922.log
[2026-07-10T09:58:51Z] === MyFonts crawl end ===
