[2026-07-13T09:41:46Z] checkpoint fresh next_page=1 path=state/myfonts_crawl_checkpoint.json
[2026-07-13T09:41:46Z] === MyFonts crawl start source=myfonts ===
[2026-07-13T09:41:46Z] config max_pages=25 page_size=100 start_date=2026-07-12 end_date=2026-07-13 api_delay=0.5s detail_delay=0.2s max_debut_checks=400 max_tech_specs_checks=200 reuse_success_profile=False always_enrich_packages=True language_script_signal_mode=strong force_fresh_run=False start_page=1 browser_mode=False browser_headless=True browser_storage_state_path=state/myfonts_storage_state.json
[2026-07-13T09:41:48Z] #1 attempt=1/6 status=200 0.920s url=https://www.myfonts.com/products.json?limit=100&page=1
[2026-07-13T09:41:48Z] #2 attempt=1/2 status=200 0.358s url=https://www.myfonts.com/products/hamsachin-complete-family-package-1177499
[2026-07-13T09:41:49Z] #3 attempt=1/2 status=200 0.355s url=https://www.myfonts.com/collections/hamsachin-font-made-deduk/
[2026-07-13T09:41:50Z] #4 attempt=1/2 status=200 0.295s url=https://www.myfonts.com/collections/hamsachin-font-made-deduk/?tab=techSpecs
[2026-07-13T09:41:52Z] #5 attempt=1/2 status=200 1.427s url=https://www.myfonts.com/products/black-ultra-condensed-qutors-1177057
[2026-07-13T09:41:54Z] #6 attempt=1/2 status=200 1.570s url=https://www.myfonts.com/collections/qutors-font-aqeela-studio/
[2026-07-13T09:41:56Z] #7 attempt=1/2 status=200 1.587s url=https://www.myfonts.com/collections/qutors-font-aqeela-studio/?tab=techSpecs
[2026-07-13T09:41:58Z] #8 attempt=1/2 status=200 0.625s url=https://www.myfonts.com/products/extra-condensed-adoloen-1178021
[2026-07-13T09:41:58Z] #9 attempt=1/2 status=200 0.618s url=https://www.myfonts.com/collections/adoloen-font-gian-studio/
[2026-07-13T09:41:59Z] #10 attempt=1/2 status=200 0.557s url=https://www.myfonts.com/collections/adoloen-font-gian-studio/?tab=techSpecs
[2026-07-13T09:42:01Z] #11 attempt=1/2 status=200 1.038s url=https://www.myfonts.com/products/semi-bold-semi-condensed-slant-chiffelia-1177000
[2026-07-13T09:42:03Z] #12 attempt=1/2 status=200 1.404s url=https://www.myfonts.com/collections/chiffelia-font-romie-creative/
[2026-07-13T09:42:03Z] #13 attempt=1/2 status=200 0.201s url=https://www.myfonts.com/collections/chiffelia-font-romie-creative/?tab=techSpecs
[2026-07-13T09:42:06Z] #14 attempt=1/2 status=200 1.191s url=https://www.myfonts.com/products/light-semi-condensed-italic-kenisya-1177672
[2026-07-13T09:42:08Z] #15 attempt=1/2 status=200 2.042s url=https://www.myfonts.com/collections/kenisya-font-mordex-studio/
[2026-07-13T09:42:10Z] #16 attempt=1/2 status=200 1.470s url=https://www.myfonts.com/collections/kenisya-font-mordex-studio/?tab=techSpecs
[2026-07-13T09:42:12Z] #17 attempt=1/2 status=200 0.477s url=https://www.myfonts.com/products/narrow-thin-italic-venera-1177562
[2026-07-13T09:42:12Z] #18 attempt=1/2 status=200 0.703s url=https://www.myfonts.com/collections/venera-font-the-ampersand-forest/
[2026-07-13T09:42:14Z] #19 attempt=1/2 status=200 0.769s url=https://www.myfonts.com/collections/venera-font-the-ampersand-forest/?tab=techSpecs
[2026-07-13T09:42:15Z] #20 attempt=1/2 status=200 0.661s url=https://www.myfonts.com/products/cagront-soft-extraexpanded-cagront-serif-1178092
[2026-07-13T09:42:16Z] #21 attempt=1/2 status=200 0.833s url=https://www.myfonts.com/collections/cagront-serif-font-gian-studio/
[2026-07-13T09:42:17Z] #22 attempt=1/2 status=200 0.187s url=https://www.myfonts.com/collections/cagront-serif-font-gian-studio/?tab=techSpecs
[2026-07-13T09:42:18Z] #23 attempt=1/2 status=200 0.347s url=https://www.myfonts.com/products/black-delusion-1177268
[2026-07-13T09:42:19Z] #24 attempt=1/2 status=200 0.447s url=https://www.myfonts.com/collections/delusion-font-basnistudio/
[2026-07-13T09:42:20Z] #25 attempt=1/2 status=200 0.413s url=https://www.myfonts.com/collections/delusion-font-basnistudio/?tab=techSpecs
[2026-07-13T09:42:21Z] #26 attempt=1/2 status=200 0.526s url=https://www.myfonts.com/products/inl-italic-artillery-1177286
[2026-07-13T09:42:22Z] #27 attempt=1/2 status=200 0.561s url=https://www.myfonts.com/collections/artillery-font-alpercakici/
[2026-07-13T09:42:22Z] #28 attempt=1/2 status=200 0.151s url=https://www.myfonts.com/collections/artillery-font-alpercakici/?tab=techSpecs
[2026-07-13T09:42:23Z] #29 attempt=1/2 status=200 0.294s url=https://www.myfonts.com/products/italic-yakitori-alley-pro-1177306
[2026-07-13T09:42:24Z] #30 attempt=1/2 status=200 0.375s url=https://www.myfonts.com/collections/yakitori-alley-pro-font-hanoded/
[2026-07-13T09:42:24Z] #31 attempt=1/2 status=200 0.147s url=https://www.myfonts.com/collections/yakitori-alley-pro-font-hanoded/?tab=techSpecs
[2026-07-13T09:42:26Z] #32 attempt=1/2 status=200 0.446s url=https://www.myfonts.com/products/bold-two-proscenium-brush-1177944
[2026-07-13T09:42:26Z] #33 attempt=1/2 status=200 0.670s url=https://www.myfonts.com/collections/proscenium-brush-font-wings-art-studio/
[2026-07-13T09:42:27Z] #34 attempt=1/2 status=200 0.187s url=https://www.myfonts.com/collections/proscenium-brush-font-wings-art-studio/?tab=techSpecs
[2026-07-13T09:42:28Z] #35 attempt=1/2 status=200 0.338s url=https://www.myfonts.com/products/italic-pumpkin-festival-1177228
[2026-07-13T09:42:29Z] #36 attempt=1/2 status=200 0.342s url=https://www.myfonts.com/collections/pumpkin-festival-font-aen-creative-studio/
[2026-07-13T09:42:29Z] #37 attempt=1/2 status=200 0.211s url=https://www.myfonts.com/collections/pumpkin-festival-font-aen-creative-studio/?tab=techSpecs
[2026-07-13T09:42:30Z] #38 attempt=1/2 status=200 0.454s url=https://www.myfonts.com/products/bold-vankis-1177776
[2026-07-13T09:42:31Z] #39 attempt=1/2 status=200 0.488s url=https://www.myfonts.com/collections/vankis-font-zeenesia-studio/
[2026-07-13T09:42:32Z] #40 attempt=1/2 status=200 0.170s url=https://www.myfonts.com/collections/vankis-font-zeenesia-studio/?tab=techSpecs
[2026-07-13T09:42:33Z] #41 attempt=1/2 status=200 0.358s url=https://www.myfonts.com/products/medium-sf-medad-1177632
[2026-07-13T09:42:33Z] #42 attempt=1/2 status=200 0.324s url=https://www.myfonts.com/collections/sf-medad-font-sultan-fonts/
[2026-07-13T09:42:34Z] #43 attempt=1/2 status=200 0.210s url=https://www.myfonts.com/collections/sf-medad-font-sultan-fonts/?tab=techSpecs
[2026-07-13T09:42:35Z] #44 attempt=1/2 status=200 0.324s url=https://www.myfonts.com/products/regular-elias-1180984
[2026-07-13T09:42:35Z] #45 attempt=1/2 status=200 0.339s url=https://www.myfonts.com/collections/elias-font-typemotion/
[2026-07-13T09:42:36Z] #46 attempt=1/2 status=200 0.207s url=https://www.myfonts.com/collections/elias-font-typemotion/?tab=techSpecs
[2026-07-13T09:42:37Z] #47 attempt=1/2 status=200 0.383s url=https://www.myfonts.com/products/light-italic-cotrepigl-1177481
[2026-07-13T09:42:38Z] #48 attempt=1/2 status=200 0.538s url=https://www.myfonts.com/collections/cotrepigl-font-product-type/
[2026-07-13T09:42:38Z] #49 attempt=1/2 status=200 0.159s url=https://www.myfonts.com/collections/cotrepigl-font-product-type/?tab=techSpecs
[2026-07-13T09:42:39Z] #50 attempt=1/2 status=200 0.322s url=https://www.myfonts.com/products/italic-archives-classic-1177981
[2026-07-13T09:42:40Z] #51 attempt=1/2 status=200 0.317s url=https://www.myfonts.com/collections/archives-classic-font-tini-fitriani/
[2026-07-13T09:42:40Z] #52 attempt=1/2 status=200 0.323s url=https://www.myfonts.com/collections/archives-classic-font-tini-fitriani/?tab=techSpecs
[2026-07-13T09:42:42Z] #53 attempt=1/2 status=200 0.345s url=https://www.myfonts.com/products/medium-corbie-1177521
[2026-07-13T09:42:42Z] #54 attempt=1/2 status=200 0.403s url=https://www.myfonts.com/collections/corbie-font-kaisertype/
[2026-07-13T09:42:43Z] #55 attempt=1/2 status=200 0.387s url=https://www.myfonts.com/collections/corbie-font-kaisertype/?tab=techSpecs
[2026-07-13T09:42:45Z] #56 attempt=1/2 status=200 1.131s url=https://www.myfonts.com/products/script-font-pair-bundle-package-1180479
[2026-07-13T09:42:45Z] #57 attempt=1/2 status=404 0.170s url=https://www.myfonts.com/collections/script-font-pair-bundle-font-lemonthe
[2026-07-13T09:42:46Z] #58 attempt=1/2 status=200 0.288s url=https://www.myfonts.com/products/soft-biscotti-pro-complete-family-package-1177317
[2026-07-13T09:42:46Z] #59 attempt=1/2 status=200 0.306s url=https://www.myfonts.com/collections/soft-biscotti-pro-font-hanoded/
[2026-07-13T09:42:47Z] #60 attempt=1/2 status=200 0.154s url=https://www.myfonts.com/collections/soft-biscotti-pro-font-hanoded/?tab=techSpecs
[2026-07-13T09:42:48Z] #61 attempt=1/2 status=200 0.283s url=https://www.myfonts.com/products/cosmic-dust-pro-complete-family-package-1178116
[2026-07-13T09:42:48Z] #62 attempt=1/2 status=200 0.300s url=https://www.myfonts.com/collections/cosmic-dust-pro-font-hanoded/
[2026-07-13T09:42:49Z] #63 attempt=1/2 status=200 0.349s url=https://www.myfonts.com/collections/cosmic-dust-pro-font-hanoded/?tab=techSpecs
[2026-07-13T09:42:50Z] #64 attempt=1/2 status=200 0.301s url=https://www.myfonts.com/products/rogenciea-complete-family-package-1177928
[2026-07-13T09:42:51Z] #65 attempt=1/2 status=200 0.324s url=https://www.myfonts.com/collections/rogenciea-font-ceeskiiw/
[2026-07-13T09:42:51Z] #66 attempt=1/2 status=200 0.316s url=https://www.myfonts.com/collections/rogenciea-font-ceeskiiw/?tab=techSpecs
[2026-07-13T09:42:52Z] #67 attempt=1/2 status=200 0.289s url=https://www.myfonts.com/products/cubani-pop-complete-family-package-1163948
[2026-07-13T09:42:53Z] #68 attempt=1/2 status=200 0.316s url=https://www.myfonts.com/collections/cubani-pop-font-mans-greback/
[2026-07-13T09:42:53Z] #69 attempt=1/2 status=200 0.156s url=https://www.myfonts.com/collections/cubani-pop-font-mans-greback/?tab=techSpecs
[2026-07-13T09:42:54Z] #70 attempt=1/2 status=200 0.276s url=https://www.myfonts.com/products/italic-no-fudge-given-pro-1177316
[2026-07-13T09:42:54Z] #71 attempt=1/2 status=429 0.049s url=https://www.myfonts.com/collections/no-fudge-given-pro-font-hanoded/
[2026-07-13T09:42:54Z] first_429 req=71 url=https://www.myfonts.com/collections/no-fudge-given-pro-font-hanoded/
[2026-07-13T09:42:57Z] #72 attempt=2/2 status=429 0.174s url=https://www.myfonts.com/collections/no-fudge-given-pro-font-hanoded/
[2026-07-13T09:43:02Z] max_retries_exhausted url=https://www.myfonts.com/collections/no-fudge-given-pro-font-hanoded/
[2026-07-13T09:43:02Z] #73 attempt=1/2 status=404 0.244s url=https://www.myfonts.com/collections/italic-no-fudge-given-pro-1177316-font-hanoded
[2026-07-13T09:43:03Z] #74 attempt=1/2 status=200 0.378s url=https://www.myfonts.com/products/italic-quinela-1177535
[2026-07-13T09:43:03Z] #75 attempt=1/2 status=200 0.380s url=https://www.myfonts.com/collections/quinela-font-vermilione/
[2026-07-13T09:43:04Z] #76 attempt=1/2 status=200 0.290s url=https://www.myfonts.com/products/shadow-regular-denyta-1178123
[2026-07-13T09:43:05Z] #77 attempt=1/2 status=200 0.397s url=https://www.myfonts.com/collections/denyta-font-shape-studio/
[2026-07-13T09:43:05Z] #78 attempt=1/2 status=200 0.364s url=https://www.myfonts.com/products/black-machine-gk-1177839
[2026-07-13T09:43:06Z] #79 attempt=1/2 status=200 0.432s url=https://www.myfonts.com/collections/machine-gk-font-blaze-type/
[2026-07-13T09:43:06Z] #80 attempt=1/2 status=429 0.036s url=https://www.myfonts.com/products/miozacty-complete-family-package-1166031
[2026-07-13T09:43:09Z] #81 attempt=2/2 status=200 0.379s url=https://www.myfonts.com/products/miozacty-complete-family-package-1166031
[2026-07-13T09:43:10Z] #82 attempt=1/2 status=200 0.326s url=https://www.myfonts.com/collections/miozacty-font-agung-sudirman/
[2026-07-13T09:43:10Z] #83 attempt=1/2 status=200 0.362s url=https://www.myfonts.com/products/big-larian-customs-complete-family-package-1164005
[2026-07-13T09:43:11Z] #84 attempt=1/2 status=200 0.387s url=https://www.myfonts.com/collections/big-larian-customs-font-mans-greback/
[2026-07-13T09:43:12Z] #85 attempt=1/6 status=200 0.759s url=https://www.myfonts.com/products.json?limit=100&page=2
[2026-07-13T09:43:13Z] #86 attempt=1/2 status=200 0.303s url=https://www.myfonts.com/products/italic-gakero-1177977
[2026-07-13T09:43:13Z] #87 attempt=1/2 status=200 0.322s url=https://www.myfonts.com/collections/gakero-font-vermilione/
[2026-07-13T09:43:14Z] #88 attempt=1/2 status=429 0.066s url=https://www.myfonts.com/products/3d-shadow-loopin-script-1177927
[2026-07-13T09:43:16Z] #89 attempt=2/2 status=200 0.408s url=https://www.myfonts.com/products/3d-shadow-loopin-script-1177927
[2026-07-13T09:43:17Z] #90 attempt=1/2 status=200 0.313s url=https://www.myfonts.com/collections/loopin-script-font-letteralle/
[2026-07-13T09:43:18Z] #91 attempt=1/2 status=200 1.070s url=https://www.myfonts.com/products/signature-script-font-bundle-package-926204
[2026-07-13T09:43:18Z] #92 attempt=1/2 status=404 0.188s url=https://www.myfonts.com/collections/signature-script-font-bundle-font-lemonthe
[2026-07-13T09:43:19Z] #93 attempt=1/2 status=200 0.303s url=https://www.myfonts.com/products/eglia-complete-family-package-1177496
[2026-07-13T09:43:19Z] #94 attempt=1/2 status=200 0.315s url=https://www.myfonts.com/collections/eglia-font-pandeka-studio/
[2026-07-13T09:43:20Z] #95 attempt=1/2 status=200 0.301s url=https://www.myfonts.com/products/kavorin-complete-family-package-1177419
[2026-07-13T09:43:20Z] #96 attempt=1/2 status=429 0.039s url=https://www.myfonts.com/collections/kavorin-font-solutype/
[2026-07-13T09:43:23Z] #97 attempt=2/2 status=200 0.501s url=https://www.myfonts.com/collections/kavorin-font-solutype/
[2026-07-13T09:43:24Z] #98 attempt=1/2 status=200 0.351s url=https://www.myfonts.com/products/ladya-complete-family-package-1177513
[2026-07-13T09:43:24Z] #99 attempt=1/2 status=200 0.327s url=https://www.myfonts.com/collections/ladya-font-ekahermawan/
[2026-07-13T09:43:25Z] #100 attempt=1/2 status=200 0.292s url=https://www.myfonts.com/products/soltyer-complete-family-package-1177229
[2026-07-13T09:43:25Z] #101 attempt=1/2 status=200 0.345s url=https://www.myfonts.com/collections/soltyer-font-vermilione/
[2026-07-13T09:43:26Z] #102 attempt=1/2 status=200 0.323s url=https://www.myfonts.com/products/berlyne-complete-family-package-1177462
[2026-07-13T09:43:26Z] #103 attempt=1/2 status=429 0.059s url=https://www.myfonts.com/collections/berlyne-font-ceeskiiw/
[2026-07-13T09:43:29Z] #104 attempt=2/2 status=200 0.489s url=https://www.myfonts.com/collections/berlyne-font-ceeskiiw/
[2026-07-13T09:43:30Z] #105 attempt=1/2 status=200 0.443s url=https://www.myfonts.com/products/refhiza-complete-family-package-1176634
[2026-07-13T09:43:30Z] #106 attempt=1/2 status=200 0.492s url=https://www.myfonts.com/collections/refhiza-font-tm-type/
[2026-07-13T09:43:31Z] #107 attempt=1/2 status=200 0.320s url=https://www.myfonts.com/products/outline-package-1177191
[2026-07-13T09:43:32Z] #108 attempt=1/2 status=200 0.351s url=https://www.myfonts.com/collections/menthills-font-maenjari-std/
[2026-07-13T09:43:32Z] #109 attempt=1/2 status=200 0.346s url=https://www.myfonts.com/products/lequila-historia-complete-family-package-1177982
[2026-07-13T09:43:33Z] #110 attempt=1/2 status=200 0.308s url=https://www.myfonts.com/collections/lequila-historia-font-tini-fitriani/
[2026-07-13T09:43:33Z] #111 attempt=1/2 status=429 0.046s url=https://www.myfonts.com/products/rust-and-ink-complete-family-package-1176668
[2026-07-13T09:43:36Z] #112 attempt=2/2 status=200 0.520s url=https://www.myfonts.com/products/rust-and-ink-complete-family-package-1176668
[2026-07-13T09:43:36Z] #113 attempt=1/2 status=200 0.371s url=https://www.myfonts.com/collections/rust-and-ink-font-vp-creative-shop/
[2026-07-13T09:43:37Z] #114 attempt=1/2 status=200 0.311s url=https://www.myfonts.com/products/average-bastards-complete-family-package-1163943
[2026-07-13T09:43:38Z] #115 attempt=1/2 status=200 0.416s url=https://www.myfonts.com/collections/average-bastards-font-mans-greback/
[2026-07-13T09:43:38Z] #116 attempt=1/2 status=200 0.334s url=https://www.myfonts.com/products/mogva-complete-family-package-1177962
[2026-07-13T09:43:39Z] #117 attempt=1/2 status=200 0.303s url=https://www.myfonts.com/collections/mogva-font-font-liner/
[2026-07-13T09:43:39Z] #118 attempt=1/2 status=429 0.072s url=https://www.myfonts.com/products/orbigon-complete-family-package-1177505
[2026-07-13T09:43:42Z] #119 attempt=2/2 status=200 0.440s url=https://www.myfonts.com/products/orbigon-complete-family-package-1177505
[2026-07-13T09:43:42Z] #120 attempt=1/2 status=200 0.329s url=https://www.myfonts.com/collections/orbigon-font-ragamkata/
[2026-07-13T09:43:43Z] #121 attempt=1/2 status=200 0.347s url=https://www.myfonts.com/products/holistic-haircut-pro-complete-family-package-1177307
[2026-07-13T09:43:44Z] #122 attempt=1/2 status=200 0.329s url=https://www.myfonts.com/collections/holistic-haircut-pro-font-hanoded/
[2026-07-13T09:43:44Z] #123 attempt=1/2 status=200 0.348s url=https://www.myfonts.com/products/kikos-graffiti-complete-family-package-1177903
[2026-07-13T09:43:45Z] #124 attempt=1/2 status=429 0.058s url=https://www.myfonts.com/collections/kikos-graffiti-font-mei-suseno/
[2026-07-13T09:43:47Z] #125 attempt=2/2 status=200 0.347s url=https://www.myfonts.com/collections/kikos-graffiti-font-mei-suseno/
[2026-07-13T09:43:48Z] #126 attempt=1/2 status=200 0.309s url=https://www.myfonts.com/products/chunkriot-complete-family-package-1177222
[2026-07-13T09:43:48Z] #127 attempt=1/2 status=200 0.346s url=https://www.myfonts.com/collections/chunkriot-font-maenjari-std/
[2026-07-13T09:43:49Z] #128 attempt=1/2 status=200 0.335s url=https://www.myfonts.com/products/fuqua-variable-complete-family-package-1178137
[2026-07-13T09:43:49Z] #129 attempt=1/2 status=200 0.378s url=https://www.myfonts.com/collections/fuqua-variable-font-garagefonts/
[2026-07-13T09:43:50Z] #130 attempt=1/2 status=200 0.316s url=https://www.myfonts.com/products/beacon-revival-complete-family-package-1177818
[2026-07-13T09:43:50Z] #131 attempt=1/2 status=429 0.042s url=https://www.myfonts.com/collections/beacon-revival-font-letterhend/
[2026-07-13T09:43:53Z] #132 attempt=2/2 status=200 0.441s url=https://www.myfonts.com/collections/beacon-revival-font-letterhend/
[2026-07-13T09:43:54Z] #133 attempt=1/2 status=200 0.400s url=https://www.myfonts.com/products/bastone-diamond-complete-family-package-1176695
[2026-07-13T09:43:54Z] #134 attempt=1/2 status=200 0.435s url=https://www.myfonts.com/collections/bastone-diamond-font-ahweproject/
[2026-07-13T09:43:55Z] #135 attempt=1/2 status=200 0.302s url=https://www.myfonts.com/products/bold%C2%B5o-complete-family-package-1177232
[2026-07-13T09:43:56Z] #136 attempt=1/2 status=200 0.414s url=https://www.myfonts.com/collections/bold%C2%B5o-font-pedro-teixeira/
[2026-07-13T09:43:56Z] #137 attempt=1/2 status=200 0.352s url=https://www.myfonts.com/products/buzzzing-complete-family-package-1176881
[2026-07-13T09:43:57Z] #138 attempt=1/2 status=429 0.058s url=https://www.myfonts.com/collections/buzzzing-font-art-stuff/
[2026-07-13T09:43:59Z] #139 attempt=2/2 status=200 0.394s url=https://www.myfonts.com/collections/buzzzing-font-art-stuff/
[2026-07-13T09:44:00Z] #140 attempt=1/2 status=200 0.303s url=https://www.myfonts.com/products/dual-phrase-complete-family-package-1177791
[2026-07-13T09:44:00Z] #141 attempt=1/2 status=200 0.364s url=https://www.myfonts.com/collections/dual-phrase-font-invasi-studio/
[2026-07-13T09:44:01Z] #142 attempt=1/2 status=200 0.302s url=https://www.myfonts.com/products/bakszen-crown-complete-family-package-1178012
[2026-07-13T09:44:01Z] #143 attempt=1/2 status=200 0.284s url=https://www.myfonts.com/collections/bakszen-crown-font-timelesstype-studio/
[2026-07-13T09:44:02Z] #144 attempt=1/2 status=200 0.296s url=https://www.myfonts.com/products/sidewalk-rage-complete-family-package-1177429
[2026-07-13T09:44:02Z] #145 attempt=1/2 status=429 0.036s url=https://www.myfonts.com/collections/sidewalk-rage-font-cocodesign/
[2026-07-13T09:44:05Z] #146 attempt=2/2 status=200 0.422s url=https://www.myfonts.com/collections/sidewalk-rage-font-cocodesign/
[2026-07-13T09:44:05Z] #147 attempt=1/2 status=200 0.306s url=https://www.myfonts.com/products/nebulous-promise-pro-complete-family-package-1177311
[2026-07-13T09:44:06Z] #148 attempt=1/2 status=200 0.308s url=https://www.myfonts.com/collections/nebulous-promise-pro-font-hanoded/
[2026-07-13T09:44:07Z] #149 attempt=1/2 status=200 0.317s url=https://www.myfonts.com/products/clucks-complete-family-package-1176950
[2026-07-13T09:44:07Z] #150 attempt=1/2 status=200 0.385s url=https://www.myfonts.com/collections/clucks-font-zaain-type/
[2026-07-13T09:44:08Z] #151 attempt=1/2 status=429 0.055s url=https://www.myfonts.com/products/malbeth-complete-family-package-1176920
[2026-07-13T09:44:10Z] #152 attempt=2/2 status=200 0.445s url=https://www.myfonts.com/products/malbeth-complete-family-package-1176920
[2026-07-13T09:44:11Z] #153 attempt=1/2 status=200 0.432s url=https://www.myfonts.com/collections/malbeth-font-qiubare-studio/
[2026-07-13T09:44:11Z] #154 attempt=1/2 status=200 0.372s url=https://www.myfonts.com/products/northtail-complete-family-package-1163938
[2026-07-13T09:44:12Z] #155 attempt=1/2 status=200 0.337s url=https://www.myfonts.com/collections/northtail-font-mans-greback/
[2026-07-13T09:44:13Z] #156 attempt=1/2 status=200 0.364s url=https://www.myfonts.com/products/kasirotip-complete-family-package-1177544
[2026-07-13T09:44:13Z] #157 attempt=1/2 status=200 0.307s url=https://www.myfonts.com/collections/kasirotip-font-mei-suseno/
[2026-07-13T09:44:14Z] #158 attempt=1/2 status=429 0.046s url=https://www.myfonts.com/products/brownoxyz-complete-family-package-1176919
[2026-07-13T09:44:16Z] #159 attempt=2/2 status=200 0.377s url=https://www.myfonts.com/products/brownoxyz-complete-family-package-1176919
[2026-07-13T09:44:17Z] #160 attempt=1/2 status=200 0.309s url=https://www.myfonts.com/collections/brownoxyz-font-letterytz/
[2026-07-13T09:44:17Z] #161 attempt=1/2 status=200 0.278s url=https://www.myfonts.com/products/lucky-girls-club-complete-family-package-1176956
[2026-07-13T09:44:18Z] #162 attempt=1/2 status=200 0.320s url=https://www.myfonts.com/collections/lucky-girls-club-font-kaya-fonts/
[2026-07-13T09:44:18Z] #163 attempt=1/2 status=200 0.338s url=https://www.myfonts.com/products/chubby-cheeks-solid-complete-family-package-1177508
[2026-07-13T09:44:19Z] #164 attempt=1/2 status=429 0.044s url=https://www.myfonts.com/collections/chubby-cheeks-solid-font-tini-fitriani/
[2026-07-13T09:44:21Z] #165 attempt=2/2 status=200 0.424s url=https://www.myfonts.com/collections/chubby-cheeks-solid-font-tini-fitriani/
[2026-07-13T09:44:22Z] #166 attempt=1/2 status=200 0.489s url=https://www.myfonts.com/products/golifez-bright-serif-complete-family-package-1176953
[2026-07-13T09:44:23Z] #167 attempt=1/2 status=200 0.305s url=https://www.myfonts.com/collections/golifez-bright-serif-font-oktnum-type-foundry/
[2026-07-13T09:44:23Z] #168 attempt=1/2 status=200 0.336s url=https://www.myfonts.com/products/gilberta-complete-family-package-1176706
[2026-07-13T09:44:24Z] #169 attempt=1/2 status=200 0.360s url=https://www.myfonts.com/collections/gilberta-font-burntilldead/
[2026-07-13T09:44:24Z] #170 attempt=1/2 status=429 0.051s url=https://www.myfonts.com/products/thin-extra-condensed-ckr-slab-1176746
[2026-07-13T09:44:28Z] #171 attempt=2/2 status=200 1.248s url=https://www.myfonts.com/products/thin-extra-condensed-ckr-slab-1176746
[2026-07-13T09:44:30Z] #172 attempt=1/2 status=200 1.996s url=https://www.myfonts.com/collections/ckr-slab-font-ckr-type-foundry/
[2026-07-13T09:44:31Z] #173 attempt=1/2 status=200 0.304s url=https://www.myfonts.com/products/regular-south-cave-1177516
[2026-07-13T09:44:31Z] #174 attempt=1/2 status=200 0.328s url=https://www.myfonts.com/collections/south-cave-font-olivetype/
[2026-07-13T09:44:32Z] #175 attempt=1/2 status=200 0.263s url=https://www.myfonts.com/products/regular-norvele-1177816
[2026-07-13T09:44:32Z] #176 attempt=1/2 status=200 0.270s url=https://www.myfonts.com/collections/norvele-font-rasio-studio/
[2026-07-13T09:44:33Z] #177 attempt=1/2 status=200 0.262s url=https://www.myfonts.com/products/mareto-regular-mareto-1177924
[2026-07-13T09:44:33Z] #178 attempt=1/2 status=200 0.287s url=https://www.myfonts.com/collections/mareto-font-qiubare-studio/
[2026-07-13T09:44:34Z] #179 attempt=1/2 status=200 0.275s url=https://www.myfonts.com/products/regular-new-freya-1177908
[2026-07-13T09:44:34Z] #180 attempt=1/2 status=200 0.280s url=https://www.myfonts.com/collections/new-freya-font-andfonts/
[2026-07-13T09:44:35Z] #181 attempt=1/2 status=200 0.269s url=https://www.myfonts.com/products/regular-sokol-1177896
[2026-07-13T09:44:35Z] #182 attempt=1/2 status=429 0.051s url=https://www.myfonts.com/collections/sokol-font-green-type/
[2026-07-13T09:44:38Z] #183 attempt=2/2 status=200 0.424s url=https://www.myfonts.com/collections/sokol-font-green-type/
[2026-07-13T09:44:39Z] #184 attempt=1/2 status=200 0.404s url=https://www.myfonts.com/products/regular-magnes-1177254
[2026-07-13T09:44:39Z] #185 attempt=1/2 status=200 0.525s url=https://www.myfonts.com/collections/magnes-font-roman-melikhov/
[2026-07-13T09:44:41Z] #186 attempt=1/6 status=200 0.875s url=https://www.myfonts.com/products.json?limit=100&page=3
[2026-07-13T09:44:41Z] #187 attempt=1/2 status=200 0.312s url=https://www.myfonts.com/products/regular-bamethu-1177978
[2026-07-13T09:44:42Z] #188 attempt=1/2 status=200 0.339s url=https://www.myfonts.com/collections/bamethu-font-canden-meutuah/
[2026-07-13T09:44:43Z] #189 attempt=1/2 status=200 0.312s url=https://www.myfonts.com/products/regular-dioses-europeos-1177503
[2026-07-13T09:44:43Z] #190 attempt=1/2 status=429 0.069s url=https://www.myfonts.com/collections/dioses-europeos-font-woodcutter/
[2026-07-13T09:44:45Z] #191 attempt=2/2 status=200 0.352s url=https://www.myfonts.com/collections/dioses-europeos-font-woodcutter/
[2026-07-13T09:44:46Z] #192 attempt=1/2 status=200 0.296s url=https://www.myfonts.com/products/regular-sltf-rigale-1177900
[2026-07-13T09:44:46Z] #193 attempt=1/2 status=200 0.295s url=https://www.myfonts.com/collections/sltf-rigale-font-silver-stag/
[2026-07-13T09:44:47Z] #194 attempt=1/2 status=200 0.264s url=https://www.myfonts.com/products/regular-daisy-stitch-1177790
[2026-07-13T09:44:47Z] #195 attempt=1/2 status=200 0.263s url=https://www.myfonts.com/collections/daisy-stitch-font-four-lines-std/
[2026-07-13T09:44:48Z] #196 attempt=1/2 status=429 0.038s url=https://www.myfonts.com/products/regular-slumbering-hedgehog-1178132
[2026-07-13T09:44:50Z] #197 attempt=2/2 status=200 0.316s url=https://www.myfonts.com/products/regular-slumbering-hedgehog-1178132
[2026-07-13T09:44:51Z] #198 attempt=1/2 status=200 0.327s url=https://www.myfonts.com/collections/slumbering-hedgehog-font-letterhanna-studio/
[2026-07-13T09:44:51Z] #199 attempt=1/2 status=200 0.288s url=https://www.myfonts.com/products/regular-holwyn-dream-1177512
[2026-07-13T09:44:52Z] #200 attempt=1/2 status=200 0.318s url=https://www.myfonts.com/collections/holwyn-dream-font-letterhanna-studio/
[2026-07-13T09:44:53Z] #201 attempt=1/2 status=200 0.296s url=https://www.myfonts.com/products/regular-blissful-mountain-1177817
[2026-07-13T09:44:53Z] #202 attempt=1/2 status=429 0.051s url=https://www.myfonts.com/collections/blissful-mountain-font-letterhanna-studio/
[2026-07-13T09:44:55Z] #203 attempt=2/2 status=200 0.357s url=https://www.myfonts.com/collections/blissful-mountain-font-letterhanna-studio/
[2026-07-13T09:44:56Z] #204 attempt=1/2 status=200 0.320s url=https://www.myfonts.com/products/regular-antique-blossom-monogram-1177246
[2026-07-13T09:44:56Z] #205 attempt=1/2 status=200 0.304s url=https://www.myfonts.com/collections/antique-blossom-monogram-font-yoga-letter/
[2026-07-13T09:44:57Z] #206 attempt=1/2 status=200 0.291s url=https://www.myfonts.com/products/regular-telegdi-script-1176937
[2026-07-13T09:44:57Z] #207 attempt=1/2 status=429 0.041s url=https://www.myfonts.com/collections/telegdi-script-font-monovo/
[2026-07-13T09:45:00Z] #208 attempt=2/2 status=200 0.364s url=https://www.myfonts.com/collections/telegdi-script-font-monovo/
[2026-07-13T09:45:00Z] #209 attempt=1/2 status=200 0.315s url=https://www.myfonts.com/products/regular-telegdi-ornaments-1176914
[2026-07-13T09:45:01Z] #210 attempt=1/2 status=200 0.339s url=https://www.myfonts.com/collections/telegdi-ornaments-font-monovo/
[2026-07-13T09:45:02Z] #211 attempt=1/6 status=200 0.812s url=https://www.myfonts.com/products.json?limit=100&page=4
[2026-07-13T09:45:03Z] #212 attempt=1/2 status=200 0.362s url=https://www.myfonts.com/products/machine-gk-machine-gk-variable-1177830
[2026-07-13T09:45:04Z] #213 attempt=1/2 status=200 0.326s url=https://www.myfonts.com/collections/machine-gk-variable-font-blaze-type/
[2026-07-13T09:45:04Z] #214 attempt=1/2 status=200 0.358s url=https://www.myfonts.com/products/regular-ganisya-floral-monogram-1176942
[2026-07-13T09:45:05Z] #215 attempt=1/2 status=429 0.101s url=https://www.myfonts.com/collections/ganisya-floral-monogram-font-yoga-letter/
[2026-07-13T09:45:07Z] #216 attempt=2/2 status=200 0.345s url=https://www.myfonts.com/collections/ganisya-floral-monogram-font-yoga-letter/
[2026-07-13T09:45:08Z] #217 attempt=1/2 status=200 0.264s url=https://www.myfonts.com/products/regular-yj-weekend-market-1177502
[2026-07-13T09:45:08Z] #218 attempt=1/2 status=200 0.307s url=https://www.myfonts.com/collections/yj-weekend-market-font-yenty-jap-co/
[2026-07-13T09:45:09Z] #219 attempt=1/2 status=200 0.272s url=https://www.myfonts.com/products/regular-ornix-velor-1177992
[2026-07-13T09:45:09Z] #220 attempt=1/2 status=200 0.373s url=https://www.myfonts.com/collections/ornix-velor-font-sipanji21/
[2026-07-13T09:45:10Z] #221 attempt=1/2 status=429 0.035s url=https://www.myfonts.com/products/regular-student-kid-handwriting-1177511
[2026-07-13T09:45:12Z] #222 attempt=2/2 status=200 0.446s url=https://www.myfonts.com/products/regular-student-kid-handwriting-1177511
[2026-07-13T09:45:13Z] #223 attempt=1/2 status=200 0.285s url=https://www.myfonts.com/collections/student-kid-handwriting-font-mvmet/
[2026-07-13T09:45:13Z] #224 attempt=1/2 status=200 0.260s url=https://www.myfonts.com/products/regular-stream-rockers-1177247
[2026-07-13T09:45:14Z] #225 attempt=1/2 status=200 0.266s url=https://www.myfonts.com/collections/stream-rockers-font-struggle-studio/
[2026-07-13T09:45:14Z] #226 attempt=1/2 status=200 0.345s url=https://www.myfonts.com/products/italic-working-youth-1177798
[2026-07-13T09:45:15Z] #227 attempt=1/2 status=429 0.055s url=https://www.myfonts.com/collections/working-youth-font-stylishtype-studio/
[2026-07-13T09:45:17Z] #228 attempt=2/2 status=200 0.399s url=https://www.myfonts.com/collections/working-youth-font-stylishtype-studio/
[2026-07-13T09:45:18Z] #229 attempt=1/2 status=200 0.327s url=https://www.myfonts.com/products/castle-fleurons-castle-fleurons-1177901
[2026-07-13T09:45:18Z] #230 attempt=1/2 status=200 0.324s url=https://www.myfonts.com/collections/castle-fleurons-font-castletype/
[2026-07-13T09:45:19Z] #231 attempt=1/2 status=200 0.266s url=https://www.myfonts.com/products/regular-grooklyn-1177245
[2026-07-13T09:45:19Z] #232 attempt=1/2 status=200 0.293s url=https://www.myfonts.com/collections/grooklyn-font-atasi-studio/
[2026-07-13T09:45:20Z] #233 attempt=1/2 status=429 0.057s url=https://www.myfonts.com/products/regular-mildon-1177495
[2026-07-13T09:45:22Z] #234 attempt=2/2 status=200 0.409s url=https://www.myfonts.com/products/regular-mildon-1177495
[2026-07-13T09:45:23Z] #235 attempt=1/2 status=200 0.373s url=https://www.myfonts.com/collections/mildon-font-jaruka-creative/
[2026-07-13T09:45:24Z] #236 attempt=1/2 status=200 0.328s url=https://www.myfonts.com/products/regular-halvon-1177494
[2026-07-13T09:45:24Z] #237 attempt=1/2 status=200 0.413s url=https://www.myfonts.com/collections/halvon-font-jaruka-creative/
[2026-07-13T09:45:25Z] #238 attempt=1/2 status=200 0.319s url=https://www.myfonts.com/products/regular-spooky-nightmare-1177215
[2026-07-13T09:45:25Z] #239 attempt=1/2 status=429 0.076s url=https://www.myfonts.com/collections/spooky-nightmare-font-mvmet/
[2026-07-13T09:45:28Z] #240 attempt=2/2 status=200 0.344s url=https://www.myfonts.com/collections/spooky-nightmare-font-mvmet/
[2026-07-13T09:45:28Z] #241 attempt=1/2 status=200 0.258s url=https://www.myfonts.com/products/thin-ibar-sans-variable-1178666
[2026-07-13T09:45:29Z] #242 attempt=1/2 status=200 0.259s url=https://www.myfonts.com/collections/ibar-sans-variable-font-ibar-fonts/
[2026-07-13T09:45:29Z] #243 attempt=1/2 status=200 0.275s url=https://www.myfonts.com/products/ludes-regular-ludes-1177238
[2026-07-13T09:45:30Z] #244 attempt=1/2 status=200 0.242s url=https://www.myfonts.com/collections/ludes-font-qiubare-studio/
[2026-07-13T09:45:30Z] #245 attempt=1/6 status=429 0.043s url=https://www.myfonts.com/products.json?limit=100&page=5
[2026-07-13T09:45:34Z] #246 attempt=2/6 status=200 0.783s url=https://www.myfonts.com/products.json?limit=100&page=5
[2026-07-13T09:45:34Z] #247 attempt=1/2 status=200 0.290s url=https://www.myfonts.com/products/goldy-regular-goldy-1176655
[2026-07-13T09:45:35Z] #248 attempt=1/2 status=200 0.285s url=https://www.myfonts.com/collections/goldy-font-flawlessandco/
[2026-07-13T09:45:35Z] #249 attempt=1/2 status=200 0.289s url=https://www.myfonts.com/products/regular-elyston-1177525
[2026-07-13T09:45:36Z] #250 attempt=1/2 status=200 0.303s url=https://www.myfonts.com/collections/elyston-font-uncurve/
[2026-07-13T09:45:36Z] #251 attempt=1/2 status=200 0.342s url=https://www.myfonts.com/products/bold-krusht-1177542
[2026-07-13T09:45:37Z] #252 attempt=1/2 status=429 0.051s url=https://www.myfonts.com/collections/krusht-font-smartfont/
[2026-07-13T09:45:39Z] #253 attempt=2/2 status=200 0.375s url=https://www.myfonts.com/collections/krusht-font-smartfont/
[2026-07-13T09:45:40Z] #254 attempt=1/2 status=200 0.279s url=https://www.myfonts.com/products/regular-vermica-1177423
[2026-07-13T09:45:40Z] #255 attempt=1/2 status=200 0.246s url=https://www.myfonts.com/collections/vermica-font-rasio-studio/
[2026-07-13T09:45:41Z] #256 attempt=1/2 status=200 0.259s url=https://www.myfonts.com/products/regular-qievo-1177524
[2026-07-13T09:45:41Z] #257 attempt=1/2 status=200 0.249s url=https://www.myfonts.com/collections/qievo-font-epiclinez/
[2026-07-13T09:45:42Z] #258 attempt=1/2 status=429 0.034s url=https://www.myfonts.com/products/regular-atett-cyr-1177248
[2026-07-13T09:45:44Z] #259 attempt=2/2 status=200 0.400s url=https://www.myfonts.com/products/regular-atett-cyr-1177248
[2026-07-13T09:45:45Z] #260 attempt=1/2 status=200 0.302s url=https://www.myfonts.com/collections/atett-cyr-font-fontanatype/
[2026-07-13T09:45:45Z] #261 attempt=1/2 status=200 0.350s url=https://www.myfonts.com/products/soda-syrup-italic-soda-syrup-pro-1177303
[2026-07-13T09:45:46Z] #262 attempt=1/2 status=200 0.466s url=https://www.myfonts.com/collections/soda-syrup-pro-font-hanoded/
[2026-07-13T09:45:47Z] #263 attempt=1/2 status=200 0.268s url=https://www.myfonts.com/products/regular-heboric-1177543
[2026-07-13T09:45:47Z] #264 attempt=1/2 status=429 0.055s url=https://www.myfonts.com/collections/heboric-font-yeen-studio/
[2026-07-13T09:45:49Z] #265 attempt=2/2 status=200 0.382s url=https://www.myfonts.com/collections/heboric-font-yeen-studio/
[2026-07-13T09:45:50Z] #266 attempt=1/2 status=200 0.282s url=https://www.myfonts.com/products/regular-rullayca-1177974
[2026-07-13T09:45:50Z] #267 attempt=1/2 status=200 0.249s url=https://www.myfonts.com/collections/rullayca-font-denustudio/
[2026-07-13T09:45:51Z] #268 attempt=1/2 status=200 0.294s url=https://www.myfonts.com/products/regular-brindley-houston-1177504
[2026-07-13T09:45:52Z] #269 attempt=1/2 status=200 0.284s url=https://www.myfonts.com/collections/brindley-houston-font-letterhend/
[2026-07-13T09:45:52Z] #270 attempt=1/6 status=429 0.041s url=https://www.myfonts.com/products.json?limit=100&page=6
[2026-07-13T09:45:55Z] #271 attempt=2/6 status=200 0.862s url=https://www.myfonts.com/products.json?limit=100&page=6
[2026-07-13T09:45:56Z] #272 attempt=1/2 status=200 0.649s url=https://www.myfonts.com/products/inline-cygona-1176607
[2026-07-13T09:45:57Z] #273 attempt=1/2 status=200 0.827s url=https://www.myfonts.com/collections/cygona-font-alpercakici/
[2026-07-13T09:45:58Z] #274 attempt=1/2 status=200 0.323s url=https://www.myfonts.com/products/regular-santhina-flower-monogram-1176889
[2026-07-13T09:45:59Z] #275 attempt=1/2 status=200 0.290s url=https://www.myfonts.com/collections/santhina-flower-monogram-font-yoga-letter/
[2026-07-13T09:45:59Z] #276 attempt=1/2 status=200 0.241s url=https://www.myfonts.com/products/regular-dark-regent-1176938
[2026-07-13T09:46:00Z] #277 attempt=1/2 status=200 0.286s url=https://www.myfonts.com/collections/dark-regent-font-denustudio/
[2026-07-13T09:46:00Z] #278 attempt=1/2 status=200 0.262s url=https://www.myfonts.com/products/regular-molvins-1177973
[2026-07-13T09:46:01Z] #279 attempt=1/2 status=429 0.045s url=https://www.myfonts.com/collections/molvins-font-ikiikowrk/
[2026-07-13T09:46:03Z] #280 attempt=2/2 status=200 0.319s url=https://www.myfonts.com/collections/molvins-font-ikiikowrk/
[2026-07-13T09:46:04Z] #281 attempt=1/2 status=200 0.314s url=https://www.myfonts.com/products/regular-glimoria-1177425
[2026-07-13T09:46:04Z] #282 attempt=1/2 status=200 0.332s url=https://www.myfonts.com/collections/glimoria-font-flawlessandco/
[2026-07-13T09:46:05Z] #283 attempt=1/2 status=200 0.292s url=https://www.myfonts.com/products/regular-belaroque-1177800
[2026-07-13T09:46:05Z] #284 attempt=1/2 status=200 0.310s url=https://www.myfonts.com/collections/belaroque-font-rasio-studio/
[2026-07-13T09:46:06Z] #285 attempt=1/2 status=429 0.053s url=https://www.myfonts.com/products/regular-bainbrydge-script-1178115
[2026-07-13T09:46:08Z] #286 attempt=2/2 status=200 0.329s url=https://www.myfonts.com/products/regular-bainbrydge-script-1178115
[2026-07-13T09:46:09Z] #287 attempt=1/2 status=200 0.317s url=https://www.myfonts.com/collections/bainbrydge-script-font-shape-studio/
[2026-07-13T09:46:10Z] #288 attempt=1/6 status=200 0.736s url=https://www.myfonts.com/products.json?limit=100&page=7
[2026-07-13T09:46:11Z] #289 attempt=1/2 status=200 0.303s url=https://www.myfonts.com/products/regular-hinoki-1177588
[2026-07-13T09:46:11Z] #290 attempt=1/2 status=200 0.269s url=https://www.myfonts.com/collections/hinoki-font-ajw-type/
[2026-07-13T09:46:12Z] #291 attempt=1/2 status=200 0.236s url=https://www.myfonts.com/products/regular-fuutech-1176676
[2026-07-13T09:46:12Z] #292 attempt=1/2 status=200 0.256s url=https://www.myfonts.com/collections/fuutech-font-erifqizefont/
[2026-07-13T09:46:12Z] #293 attempt=1/2 status=429 0.049s url=https://www.myfonts.com/products/regular-stone-cartoon-1177216
[2026-07-13T09:46:15Z] #294 attempt=2/2 status=200 0.363s url=https://www.myfonts.com/products/regular-stone-cartoon-1177216
[2026-07-13T09:46:15Z] #295 attempt=1/2 status=200 0.298s url=https://www.myfonts.com/collections/stone-cartoon-font-mvmet/
[2026-07-13T09:46:16Z] #296 attempt=1/2 status=200 0.339s url=https://www.myfonts.com/products/regular-ayr-babol-1177433
[2026-07-13T09:46:17Z] #297 attempt=1/2 status=200 0.378s url=https://www.myfonts.com/collections/ayr-babol-font-aiyari/
[2026-07-13T09:46:17Z] #298 attempt=1/2 status=200 0.309s url=https://www.myfonts.com/products/regular-thamarine-1176693
[2026-07-13T09:46:18Z] #299 attempt=1/2 status=429 0.071s url=https://www.myfonts.com/collections/thamarine-font-pb-type/
[2026-07-13T09:46:20Z] #300 attempt=2/2 status=200 0.439s url=https://www.myfonts.com/collections/thamarine-font-pb-type/
[2026-07-13T09:46:21Z] #301 attempt=1/2 status=200 0.271s url=https://www.myfonts.com/products/regular-theora-1176888
[2026-07-13T09:46:21Z] #302 attempt=1/2 status=200 0.286s url=https://www.myfonts.com/collections/theora-font-rasio-studio/
[2026-07-13T09:46:23Z] #303 attempt=1/6 status=200 0.736s url=https://www.myfonts.com/products.json?limit=100&page=8
[2026-07-13T09:46:23Z] #304 attempt=1/2 status=200 0.326s url=https://www.myfonts.com/products/harpoon-complete-family-package-1176915
[2026-07-13T09:46:24Z] #305 attempt=1/2 status=200 0.346s url=https://www.myfonts.com/collections/harpoon-font-vozzy/
[2026-07-13T09:46:24Z] #306 attempt=1/2 status=200 0.320s url=https://www.myfonts.com/products/regular-begih-1176894
[2026-07-13T09:46:25Z] #307 attempt=1/2 status=429 0.052s url=https://www.myfonts.com/collections/begih-font-heavyrain/
[2026-07-13T09:46:27Z] #308 attempt=2/2 status=200 0.392s url=https://www.myfonts.com/collections/begih-font-heavyrain/
[2026-07-13T09:46:28Z] #309 attempt=1/2 status=200 0.427s url=https://www.myfonts.com/products/outline-inside-italic-astenic-stencil-ultimate-1176728
[2026-07-13T09:46:29Z] #310 attempt=1/2 status=200 0.452s url=https://www.myfonts.com/collections/astenic-stencil-ultimate-font-anzone-glyph/
[2026-07-13T09:46:29Z] #311 attempt=1/2 status=200 0.369s url=https://www.myfonts.com/products/italic-milgan-1176966
[2026-07-13T09:46:30Z] #312 attempt=1/2 status=200 0.332s url=https://www.myfonts.com/collections/milgan-font-bimaksara/
[2026-07-13T09:46:30Z] #313 attempt=1/2 status=200 0.403s url=https://www.myfonts.com/products/black-sf-mada-neue-1176685
[2026-07-13T09:46:31Z] #314 attempt=1/2 status=429 0.061s url=https://www.myfonts.com/collections/sf-mada-neue-font-sultan-fonts/
[2026-07-13T09:46:33Z] #315 attempt=2/2 status=200 0.416s url=https://www.myfonts.com/collections/sf-mada-neue-font-sultan-fonts/
[2026-07-13T09:46:34Z] #316 attempt=1/2 status=200 0.295s url=https://www.myfonts.com/products/rough-coffee-stain-1176898
[2026-07-13T09:46:35Z] #317 attempt=1/2 status=200 0.339s url=https://www.myfonts.com/collections/coffee-stain-font-vozzy/
[2026-07-13T09:46:35Z] #318 attempt=1/2 status=200 0.312s url=https://www.myfonts.com/products/regular-rosean-monarch-1176891
[2026-07-13T09:46:36Z] #319 attempt=1/2 status=200 0.332s url=https://www.myfonts.com/collections/rosean-monarch-font-burntilldead/
[2026-07-13T09:46:36Z] #320 attempt=1/2 status=429 0.056s url=https://www.myfonts.com/products/outline-slant-mireforge-1177221
[2026-07-13T09:46:39Z] #321 attempt=2/2 status=200 0.414s url=https://www.myfonts.com/products/outline-slant-mireforge-1177221
[2026-07-13T09:46:39Z] #322 attempt=1/2 status=200 0.387s url=https://www.myfonts.com/collections/mireforge-font-wellscript-studio/
[2026-07-13T09:46:40Z] #323 attempt=1/2 status=200 0.347s url=https://www.myfonts.com/products/texture-lone-nomad-1176940
[2026-07-13T09:46:40Z] #324 attempt=1/2 status=200 0.327s url=https://www.myfonts.com/collections/lone-nomad-font-vozzy/
[2026-07-13T09:46:41Z] #325 attempt=1/2 status=200 0.604s url=https://www.myfonts.com/products/maison-neue-complete-family-package-1177855
[2026-07-13T09:46:42Z] #326 attempt=1/2 status=200 0.873s url=https://www.myfonts.com/collections/maison-neue-font-milieu-grotesque/
[2026-07-13T09:46:43Z] #327 attempt=1/2 status=200 0.439s url=https://www.myfonts.com/products/two-packet-package-1177300
[2026-07-13T09:46:44Z] #328 attempt=1/2 status=200 0.431s url=https://www.myfonts.com/collections/dahlisse-font-ceeskiiw/
[2026-07-13T09:46:45Z] #329 attempt=1/2 status=200 0.347s url=https://www.myfonts.com/products/regular-ongunkan-karamanli-full-script-1177241
[2026-07-13T09:46:45Z] #330 attempt=1/2 status=429 0.057s url=https://www.myfonts.com/collections/ongunkan-karamanli-full-script-font-runic-world-tamgac/
[2026-07-13T09:46:48Z] #331 attempt=2/2 status=200 0.514s url=https://www.myfonts.com/collections/ongunkan-karamanli-full-script-font-runic-world-tamgac/
[2026-07-13T09:46:48Z] #332 attempt=1/2 status=200 0.323s url=https://www.myfonts.com/products/italic-fl-abrasia-1177237
[2026-07-13T09:46:49Z] #333 attempt=1/2 status=200 0.355s url=https://www.myfonts.com/collections/fl-abrasia-font-font-liner/
[2026-07-13T09:46:49Z] #334 attempt=1/2 status=200 0.327s url=https://www.myfonts.com/products/italic-charming-diggerop-1177428
[2026-07-13T09:46:50Z] #335 attempt=1/2 status=200 0.283s url=https://www.myfonts.com/collections/charming-diggerop-font-stylishtype-studio/
[2026-07-13T09:46:51Z] #336 attempt=1/6 status=200 0.727s url=https://www.myfonts.com/products.json?limit=100&page=9
[2026-07-13T09:46:52Z] #337 attempt=1/2 status=200 0.331s url=https://www.myfonts.com/products/rounded-icebreaker-1176933
[2026-07-13T09:46:52Z] #338 attempt=1/2 status=429 0.085s url=https://www.myfonts.com/collections/icebreaker-font-vozzy/
[2026-07-13T09:46:55Z] #339 attempt=2/2 status=200 0.344s url=https://www.myfonts.com/collections/icebreaker-font-vozzy/
[2026-07-13T09:46:55Z] #340 attempt=1/2 status=200 0.298s url=https://www.myfonts.com/products/grindstone-complete-family-package-1176903
[2026-07-13T09:46:56Z] #341 attempt=1/2 status=200 0.349s url=https://www.myfonts.com/collections/grindstone-font-vozzy/
[2026-07-13T09:46:56Z] #342 attempt=1/2 status=200 0.336s url=https://www.myfonts.com/products/regular-karia-1176688
[2026-07-13T09:46:57Z] #343 attempt=1/2 status=200 0.355s url=https://www.myfonts.com/collections/karia-font-habitype/
[2026-07-13T09:46:58Z] #344 attempt=1/6 status=200 0.727s url=https://www.myfonts.com/products.json?limit=100&page=10
[2026-07-13T09:46:59Z] #345 attempt=1/2 status=200 0.336s url=https://www.myfonts.com/products/swash-rogue-gang-1176961
[2026-07-13T09:46:59Z] #346 attempt=1/2 status=429 0.042s url=https://www.myfonts.com/collections/rogue-gang-font-cocodesign/
[2026-07-13T09:47:02Z] #347 attempt=2/2 status=200 0.452s url=https://www.myfonts.com/collections/rogue-gang-font-cocodesign/
[2026-07-13T09:47:02Z] #348 attempt=1/2 status=200 0.305s url=https://www.myfonts.com/products/volume-jungle-roar-1176936
[2026-07-13T09:47:03Z] #349 attempt=1/2 status=200 0.335s url=https://www.myfonts.com/collections/jungle-roar-font-vozzy/
[2026-07-13T09:47:03Z] #350 attempt=1/2 status=200 0.280s url=https://www.myfonts.com/products/regular-mucha-1176694
[2026-07-13T09:47:04Z] #351 attempt=1/2 status=200 0.411s url=https://www.myfonts.com/collections/mucha-font-pb-type/
[2026-07-13T09:47:04Z] #352 attempt=1/2 status=429 0.048s url=https://www.myfonts.com/products/regular-mocharia-1176712
[2026-07-13T09:47:07Z] #353 attempt=2/2 status=200 0.374s url=https://www.myfonts.com/products/regular-mocharia-1176712
[2026-07-13T09:47:08Z] #354 attempt=1/2 status=200 0.315s url=https://www.myfonts.com/collections/mocharia-font-vadova-std/
[2026-07-13T09:47:08Z] #355 attempt=1/2 status=200 0.314s url=https://www.myfonts.com/products/volume-doughy-1176901
[2026-07-13T09:47:09Z] #356 attempt=1/2 status=200 0.327s url=https://www.myfonts.com/collections/doughy-font-vozzy/
[2026-07-13T09:47:10Z] #357 attempt=1/6 status=200 0.758s url=https://www.myfonts.com/products.json?limit=100&page=11
[2026-07-13T09:47:11Z] #358 attempt=1/2 status=200 0.316s url=https://www.myfonts.com/products/regular-corgeno-1176711
[2026-07-13T09:47:11Z] #359 attempt=1/2 status=200 0.300s url=https://www.myfonts.com/collections/corgeno-font-rasio-studio/
[2026-07-13T09:47:12Z] #360 attempt=1/2 status=200 1.109s url=https://www.myfonts.com/products/the-sans-edit-package-1178048
[2026-07-13T09:47:13Z] #361 attempt=1/2 status=404 0.199s url=https://www.myfonts.com/collections/the-sans-edit-font-fontop
[2026-07-13T09:47:13Z] #362 attempt=1/2 status=429 0.053s url=https://www.myfonts.com/products/tt-commonstm-pro-basic-package-package-1177411
[2026-07-13T09:47:16Z] #363 attempt=2/2 status=200 0.779s url=https://www.myfonts.com/products/tt-commonstm-pro-basic-package-package-1177411
[2026-07-13T09:47:18Z] #364 attempt=1/2 status=200 1.749s url=https://www.myfonts.com/collections/tt-commons-font-typetype/
[2026-07-13T09:47:19Z] #365 attempt=1/2 status=200 0.425s url=https://www.myfonts.com/products/directo-complete-family-package-1177897
[2026-07-13T09:47:20Z] #366 attempt=1/2 status=200 0.447s url=https://www.myfonts.com/collections/directo-font-green-type/
[2026-07-13T09:47:21Z] #367 attempt=1/2 status=200 0.321s url=https://www.myfonts.com/products/algerblanche-complete-family-package-1176908
[2026-07-13T09:47:21Z] #368 attempt=1/2 status=200 0.409s url=https://www.myfonts.com/collections/algerblanche-font-grafikarfonts/
[2026-07-13T09:47:22Z] #369 attempt=1/2 status=200 0.282s url=https://www.myfonts.com/products/regular-rocky-gruage-1176665
[2026-07-13T09:47:22Z] #370 attempt=1/2 status=200 0.266s url=https://www.myfonts.com/collections/rocky-gruage-font-heavyrain/
[2026-07-13T09:47:24Z] #371 attempt=1/6 status=200 0.764s url=https://www.myfonts.com/products.json?limit=100&page=12
[2026-07-13T09:47:24Z] #372 attempt=1/2 status=200 0.257s url=https://www.myfonts.com/products/regular-takashi-japan-1176680
[2026-07-13T09:47:25Z] #373 attempt=1/2 status=200 0.256s url=https://www.myfonts.com/collections/takashi-japan-font-yoga-letter/
[2026-07-13T09:47:25Z] #374 attempt=1/2 status=200 0.343s url=https://www.myfonts.com/products/regular-akijare-1176678
[2026-07-13T09:47:25Z] #375 attempt=1/2 status=429 0.042s url=https://www.myfonts.com/collections/akijare-font-mei-suseno/
[2026-07-13T09:47:28Z] #376 attempt=2/2 status=200 0.395s url=https://www.myfonts.com/collections/akijare-font-mei-suseno/
[2026-07-13T09:47:29Z] #377 attempt=1/2 status=200 0.309s url=https://www.myfonts.com/products/regular-funny-hands-1176666
[2026-07-13T09:47:29Z] #378 attempt=1/2 status=200 0.302s url=https://www.myfonts.com/collections/funny-hands-font-calendulaae-design/
[2026-07-13T09:47:31Z] #379 attempt=1/6 status=200 0.852s url=https://www.myfonts.com/products.json?limit=100&page=13
[2026-07-13T09:47:31Z] #380 attempt=1/2 status=200 0.267s url=https://www.myfonts.com/products/regular-selmith-1176667
[2026-07-13T09:47:32Z] #381 attempt=1/2 status=200 0.322s url=https://www.myfonts.com/collections/selmith-font-lemonthe/
[2026-07-13T09:47:33Z] #382 attempt=1/6 status=200 0.857s url=https://www.myfonts.com/products.json?limit=100&page=14
[2026-07-13T09:47:34Z] #383 attempt=1/2 status=200 0.366s url=https://www.myfonts.com/products/biro-script-plus-complete-family-package-5569
[2026-07-13T09:47:34Z] #384 attempt=1/2 status=200 0.489s url=https://www.myfonts.com/collections/biro-script-plus-font-ingo/
[2026-07-13T09:47:35Z] #385 attempt=1/2 status=200 0.474s url=https://www.myfonts.com/products/from-the-stars-complete-family-package-975642
[2026-07-13T09:47:35Z] #386 attempt=1/2 status=429 0.056s url=https://www.myfonts.com/collections/from-the-stars-font-typodermic/
[2026-07-13T09:47:38Z] #387 attempt=2/2 status=200 0.589s url=https://www.myfonts.com/collections/from-the-stars-font-typodermic/
[2026-07-13T09:47:39Z] #388 attempt=1/2 status=200 0.532s url=https://www.myfonts.com/products/calenza-condensed-font-family-package-1173866
[2026-07-13T09:47:40Z] #389 attempt=1/2 status=200 0.687s url=https://www.myfonts.com/collections/calenza-font-mostardesign/
[2026-07-13T09:47:41Z] #390 attempt=1/2 status=200 0.448s url=https://www.myfonts.com/products/dante-complete-family-package-1176442
[2026-07-13T09:47:42Z] #391 attempt=1/2 status=200 0.549s url=https://www.myfonts.com/collections/dante-mt-font-monotype-imaging/
[2026-07-13T09:47:42Z] #392 attempt=1/2 status=200 0.449s url=https://www.myfonts.com/products/spyk-display-complete-family-package-972508
[2026-07-13T09:47:43Z] #393 attempt=1/2 status=200 0.502s url=https://www.myfonts.com/collections/spyk-display-font-rene-bieder/
[2026-07-13T09:47:44Z] #394 attempt=1/2 status=200 0.458s url=https://www.myfonts.com/products/black-49523-charter-711924
[2026-07-13T09:47:45Z] #395 attempt=1/2 status=200 0.700s url=https://www.myfonts.com/collections/charter-font-bitstream/
[2026-07-13T09:47:45Z] #396 attempt=1/2 status=200 0.323s url=https://www.myfonts.com/products/medium-balonim-mf-986421
[2026-07-13T09:47:46Z] #397 attempt=1/2 status=200 0.285s url=https://www.myfonts.com/collections/balonim-mf-font-masterfont/
[2026-07-13T09:47:46Z] #398 attempt=1/2 status=429 0.115s url=https://www.myfonts.com/products/regular-total-black-1028532
[2026-07-13T09:47:49Z] #399 attempt=2/2 status=200 0.585s url=https://www.myfonts.com/products/regular-total-black-1028532
[2026-07-13T09:47:50Z] #400 attempt=1/2 status=200 0.688s url=https://www.myfonts.com/collections/total-black-font-resistenza/
[2026-07-13T09:47:51Z] #401 attempt=1/2 status=200 0.344s url=https://www.myfonts.com/products/dunker-complete-family-package-1161910
[2026-07-13T09:47:51Z] #402 attempt=1/2 status=200 0.436s url=https://www.myfonts.com/collections/dunker-font-mans-greback/
[2026-07-13T09:47:52Z] #403 attempt=1/2 status=200 0.295s url=https://www.myfonts.com/products/regular-rafellish-1176660
[2026-07-13T09:47:52Z] #404 attempt=1/2 status=200 0.317s url=https://www.myfonts.com/collections/rafellish-font-letterluck/
[2026-07-13T09:47:53Z] #405 attempt=1/2 status=200 0.444s url=https://www.myfonts.com/products/cf-ifigeneia-alt-complete-family-package-1173898
[2026-07-13T09:47:53Z] #406 attempt=1/2 status=429 0.056s url=https://www.myfonts.com/collections/cf-ifigeneia-alt-font-fonts-gr/
[2026-07-13T09:47:56Z] #407 attempt=2/2 status=200 0.809s url=https://www.myfonts.com/collections/cf-ifigeneia-alt-font-fonts-gr/
[2026-07-13T09:47:58Z] #408 attempt=1/6 status=200 0.807s url=https://www.myfonts.com/products.json?limit=100&page=15
[2026-07-13T09:47:59Z] #409 attempt=1/2 status=200 0.565s url=https://www.myfonts.com/products/block-ingeborg-559172
[2026-07-13T09:48:00Z] #410 attempt=1/2 status=200 0.783s url=https://www.myfonts.com/collections/ingeborg-font-typejockeys/
[2026-07-13T09:48:00Z] #411 attempt=1/2 status=200 0.292s url=https://www.myfonts.com/products/regular-naskh-1176562
[2026-07-13T09:48:01Z] #412 attempt=1/2 status=200 0.394s url=https://www.myfonts.com/collections/naskh-font-tharwat-emara/
[2026-07-13T09:48:02Z] #413 attempt=1/2 status=200 0.325s url=https://www.myfonts.com/products/gotham-complete-family-pack
[2026-07-13T09:48:02Z] #414 attempt=1/2 status=200 0.208s url=https://www.myfonts.com/collections/gotham-font-hoefler-and-co/
[2026-07-13T09:48:03Z] #415 attempt=1/2 status=200 0.324s url=https://www.myfonts.com/products/pentz-crinoly-complete-family-package-1176657
[2026-07-13T09:48:04Z] #416 attempt=1/2 status=200 0.366s url=https://www.myfonts.com/collections/pentz-crinoly-font-black-junst/
[2026-07-13T09:48:04Z] #417 attempt=1/2 status=200 0.351s url=https://www.myfonts.com/products/blackflag-armada-complete-family-package-1161905
[2026-07-13T09:48:05Z] #418 attempt=1/2 status=429 0.047s url=https://www.myfonts.com/collections/blackflag-armada-font-mans-greback/
[2026-07-13T09:48:07Z] #419 attempt=2/2 status=200 0.388s url=https://www.myfonts.com/collections/blackflag-armada-font-mans-greback/
[2026-07-13T09:48:08Z] #420 attempt=1/2 status=200 0.310s url=https://www.myfonts.com/products/regular-r41-oscar-1176661
[2026-07-13T09:48:08Z] #421 attempt=1/2 status=200 0.299s url=https://www.myfonts.com/collections/r41-oscar-font-reber-r41/
[2026-07-13T09:48:09Z] #422 attempt=1/2 status=200 0.359s url=https://www.myfonts.com/products/regular-arctic-splash-1176656
[2026-07-13T09:48:09Z] #423 attempt=1/2 status=200 0.307s url=https://www.myfonts.com/collections/arctic-splash-font-angin-studio/
[2026-07-13T09:48:10Z] #424 attempt=1/2 status=429 0.047s url=https://www.myfonts.com/products/cir-old-triker-1176505
[2026-07-13T09:48:13Z] #425 attempt=2/2 status=200 0.994s url=https://www.myfonts.com/products/cir-old-triker-1176505
[2026-07-13T09:48:14Z] #426 attempt=1/2 status=200 1.218s url=https://www.myfonts.com/collections/triker-font-alpercakici/
[2026-07-13T09:48:15Z] #427 attempt=1/2 status=200 0.382s url=https://www.myfonts.com/products/neon-stack-effect-package-1176633
[2026-07-13T09:48:16Z] #428 attempt=1/2 status=200 0.423s url=https://www.myfonts.com/collections/fty-delirium-font-the-fontry/
[2026-07-13T09:48:17Z] #429 attempt=1/2 status=200 0.358s url=https://www.myfonts.com/products/sunset-brush-complete-family-package-1176056
[2026-07-13T09:48:17Z] #430 attempt=1/2 status=200 0.357s url=https://www.myfonts.com/collections/sunset-brush-font-cocodesign/
[2026-07-13T09:48:18Z] #431 attempt=1/2 status=200 0.372s url=https://www.myfonts.com/products/old-ledger-complete-family-package-1161900
[2026-07-13T09:48:19Z] #432 attempt=1/2 status=200 0.507s url=https://www.myfonts.com/collections/old-ledger-font-mans-greback/
[2026-07-13T09:48:19Z] #433 attempt=1/2 status=200 0.298s url=https://www.myfonts.com/products/w01-tsanger-amxk-1176054
[2026-07-13T09:48:19Z] #434 attempt=1/2 status=429 0.058s url=https://www.myfonts.com/collections/tsanger-amxk-font-tsanger/
[2026-07-13T09:48:22Z] #435 attempt=2/2 status=200 0.303s url=https://www.myfonts.com/collections/tsanger-amxk-font-tsanger/
[2026-07-13T09:48:23Z] #436 attempt=1/2 status=200 0.299s url=https://www.myfonts.com/collections/tsanger-amxk-font-tsanger/
[2026-07-13T09:48:24Z] #437 attempt=1/6 status=200 0.964s url=https://www.myfonts.com/products.json?limit=100&page=16
[2026-07-13T09:48:25Z] #438 attempt=1/2 status=200 0.314s url=https://www.myfonts.com/products/italic-atelier-blume-1176561
[2026-07-13T09:48:25Z] #439 attempt=1/2 status=200 0.456s url=https://www.myfonts.com/collections/atelier-blume-font-agny-hasya-studio/
[2026-07-13T09:48:27Z] #440 attempt=1/2 status=200 0.962s url=https://www.myfonts.com/products/thin-expanded-raiselle-1176235
[2026-07-13T09:48:28Z] #441 attempt=1/2 status=200 1.221s url=https://www.myfonts.com/collections/raiselle-font-kaidosan/
[2026-07-13T09:48:29Z] #442 attempt=1/2 status=200 0.975s url=https://www.myfonts.com/products/thin-condensed-italic-spatial-logic-1176332
[2026-07-13T09:48:31Z] #443 attempt=1/2 status=200 1.694s url=https://www.myfonts.com/collections/spatial-logic-font-ketiga-foundry/
[2026-07-13T09:48:32Z] #444 attempt=1/2 status=200 0.295s url=https://www.myfonts.com/products/italic-rhythm-the-night-1176281
[2026-07-13T09:48:33Z] #445 attempt=1/2 status=200 0.446s url=https://www.myfonts.com/collections/rhythm-the-night-font-timelesstype-studio/
[2026-07-13T09:48:34Z] #446 attempt=1/2 status=200 0.897s url=https://www.myfonts.com/products/bold-expanded-italic-calogen-1176146
[2026-07-13T09:48:35Z] #447 attempt=1/2 status=200 0.845s url=https://www.myfonts.com/collections/calogen-font-fargun-studio/
[2026-07-13T09:48:36Z] #448 attempt=1/2 status=200 0.375s url=https://www.myfonts.com/products/letterpress-royal-regular-letterpress-collection-1176270
[2026-07-13T09:48:37Z] #449 attempt=1/2 status=200 0.473s url=https://www.myfonts.com/collections/letterpress-collection-font-misprinted-type/
[2026-07-13T09:48:37Z] #450 attempt=1/2 status=200 0.361s url=https://www.myfonts.com/products/artificial-flavour-pro-complete-family-package-1175998
[2026-07-13T09:48:38Z] #451 attempt=1/2 status=200 0.426s url=https://www.myfonts.com/collections/artificial-flavour-pro-font-hanoded/
[2026-07-13T09:48:39Z] #452 attempt=1/2 status=200 0.330s url=https://www.myfonts.com/products/fortune-teller-pro-complete-family-package-1176001
[2026-07-13T09:48:39Z] #453 attempt=1/2 status=200 0.575s url=https://www.myfonts.com/collections/fortune-teller-pro-font-hanoded/
[2026-07-13T09:48:40Z] #454 attempt=1/2 status=200 0.325s url=https://www.myfonts.com/products/sfc-gazie-complete-family-package-1176259
[2026-07-13T09:48:40Z] #455 attempt=1/2 status=429 0.043s url=https://www.myfonts.com/collections/sfc-gazie-font-skilline-fonts-co/
[2026-07-13T09:48:43Z] #456 attempt=2/2 status=200 0.530s url=https://www.myfonts.com/collections/sfc-gazie-font-skilline-fonts-co/
[2026-07-13T09:48:44Z] #457 attempt=1/2 status=200 0.321s url=https://www.myfonts.com/products/stromp-ballpoink-complete-family-package-1176291
[2026-07-13T09:48:44Z] #458 attempt=1/2 status=200 0.398s url=https://www.myfonts.com/collections/stromp-ballpoink-font-stylishtype-studio/
[2026-07-13T09:48:45Z] #459 attempt=1/2 status=200 0.455s url=https://www.myfonts.com/products/mowaq-complete-family-package-1176462
[2026-07-13T09:48:46Z] #460 attempt=1/2 status=200 0.515s url=https://www.myfonts.com/collections/mowaq-font-ixipcalli/
[2026-07-13T09:48:46Z] #461 attempt=1/2 status=200 0.374s url=https://www.myfonts.com/products/mitshuka-complete-family-package-1161895
[2026-07-13T09:48:47Z] #462 attempt=1/2 status=429 0.056s url=https://www.myfonts.com/collections/mitshuka-font-mans-greback/
[2026-07-13T09:48:49Z] #463 attempt=2/2 status=200 0.438s url=https://www.myfonts.com/collections/mitshuka-font-mans-greback/
[2026-07-13T09:48:50Z] #464 attempt=1/2 status=200 0.321s url=https://www.myfonts.com/products/midnight-cafe-society-complete-family-package-1176151
[2026-07-13T09:48:51Z] #465 attempt=1/2 status=200 0.434s url=https://www.myfonts.com/collections/midnight-cafe-society-font-amorfa-type/
[2026-07-13T09:48:52Z] #466 attempt=1/6 status=200 0.761s url=https://www.myfonts.com/products.json?limit=100&page=17
[2026-07-13T09:48:53Z] #467 attempt=1/2 status=200 0.269s url=https://www.myfonts.com/products/regular-chimero-1176059
[2026-07-13T09:48:53Z] #468 attempt=1/2 status=200 0.257s url=https://www.myfonts.com/collections/chimero-font-flawlessandco/
[2026-07-13T09:48:54Z] #469 attempt=1/2 status=200 0.254s url=https://www.myfonts.com/products/regular-grat-slovic-1176262
[2026-07-13T09:48:54Z] #470 attempt=1/2 status=429 0.035s url=https://www.myfonts.com/collections/grat-slovic-font-black-junst/
[2026-07-13T09:48:56Z] #471 attempt=2/2 status=200 0.388s url=https://www.myfonts.com/collections/grat-slovic-font-black-junst/
[2026-07-13T09:48:57Z] #472 attempt=1/2 status=200 0.308s url=https://www.myfonts.com/products/regular-food-marker-1176275
[2026-07-13T09:48:57Z] #473 attempt=1/2 status=200 0.325s url=https://www.myfonts.com/collections/food-marker-font-illushvara/
[2026-07-13T09:48:58Z] #474 attempt=1/2 status=200 0.286s url=https://www.myfonts.com/products/regular-varly-1176563
[2026-07-13T09:48:58Z] #475 attempt=1/2 status=429 0.061s url=https://www.myfonts.com/collections/varly-font-moretype/
[2026-07-13T09:49:01Z] #476 attempt=2/2 status=200 0.350s url=https://www.myfonts.com/collections/varly-font-moretype/
[2026-07-13T09:49:01Z] #477 attempt=1/2 status=200 0.288s url=https://www.myfonts.com/products/regular-ravenhold-1176461
[2026-07-13T09:49:02Z] #478 attempt=1/2 status=200 0.254s url=https://www.myfonts.com/collections/ravenhold-font-ceeskiiw/
[2026-07-13T09:49:03Z] #479 attempt=1/2 status=200 1.042s url=https://www.myfonts.com/products/variable-bold-fx-regant-1176458
[2026-07-13T09:49:05Z] #480 attempt=1/2 status=200 1.292s url=https://www.myfonts.com/collections/fx-regant-font-fargun-studio/
[2026-07-13T09:49:06Z] #481 attempt=1/2 status=200 0.382s url=https://www.myfonts.com/products/italic-holfing-notes-1176296
[2026-07-13T09:49:06Z] #482 attempt=1/2 status=200 0.447s url=https://www.myfonts.com/collections/holfing-notes-font-stylishtype-studio/
[2026-07-13T09:49:07Z] #483 attempt=1/2 status=200 0.286s url=https://www.myfonts.com/products/regular-bladecut-1176559
[2026-07-13T09:49:07Z] #484 attempt=1/2 status=200 0.278s url=https://www.myfonts.com/collections/bladecut-font-heartcore/
[2026-07-13T09:49:08Z] #485 attempt=1/2 status=200 0.341s url=https://www.myfonts.com/products/italic-ballonk-stevihay-1176302
[2026-07-13T09:49:08Z] #486 attempt=1/2 status=429 0.038s url=https://www.myfonts.com/collections/ballonk-stevihay-font-stylishtype-studio/
[2026-07-13T09:49:11Z] #487 attempt=2/2 status=200 0.511s url=https://www.myfonts.com/collections/ballonk-stevihay-font-stylishtype-studio/
[2026-07-13T09:49:12Z] #488 attempt=1/2 status=200 0.661s url=https://www.myfonts.com/products/cluster-edge-normal-pack-package-1174105
[2026-07-13T09:49:13Z] #489 attempt=1/2 status=200 1.093s url=https://www.myfonts.com/collections/cluster-edge-font-kobuzan/
[2026-07-13T09:49:14Z] #490 attempt=1/2 status=200 0.377s url=https://www.myfonts.com/products/jell-kerry-complete-family-package-1176288
[2026-07-13T09:49:15Z] #491 attempt=1/2 status=200 0.353s url=https://www.myfonts.com/collections/jell-kerry-font-agung-sudirman/
[2026-07-13T09:49:15Z] #492 attempt=1/2 status=200 0.340s url=https://www.myfonts.com/products/sfc-mircola-complete-family-package-1176264
[2026-07-13T09:49:16Z] #493 attempt=1/2 status=200 0.384s url=https://www.myfonts.com/collections/sfc-mircola-font-skilline-fonts-co/
[2026-07-13T09:49:16Z] #494 attempt=1/2 status=200 0.345s url=https://www.myfonts.com/products/shalli-complete-family-package-1176326
[2026-07-13T09:49:17Z] #495 attempt=1/2 status=200 0.427s url=https://www.myfonts.com/collections/shalli-font-saemoon-creative/
[2026-07-13T09:49:18Z] #496 attempt=1/2 status=200 0.347s url=https://www.myfonts.com/products/brewligh-district-complete-family-package-1176148
[2026-07-13T09:49:18Z] #497 attempt=1/2 status=429 0.054s url=https://www.myfonts.com/collections/brewligh-district-font-amorfa-type/
[2026-07-13T09:49:21Z] #498 attempt=2/2 status=200 0.418s url=https://www.myfonts.com/collections/brewligh-district-font-amorfa-type/
[2026-07-13T09:49:22Z] #499 attempt=1/2 status=200 0.644s url=https://www.myfonts.com/products/cluster-normal-pack-package-1174051
[2026-07-13T09:49:23Z] #500 attempt=1/2 status=200 1.095s url=https://www.myfonts.com/collections/cluster-font-kobuzan/
[2026-07-13T09:49:24Z] #501 attempt=1/2 status=200 0.289s url=https://www.myfonts.com/products/kireon-complete-family-package-1176276
[2026-07-13T09:49:24Z] #502 attempt=1/2 status=200 0.322s url=https://www.myfonts.com/collections/kireon-font-illushvara/
[2026-07-13T09:49:25Z] #503 attempt=1/2 status=200 0.303s url=https://www.myfonts.com/products/pg-bellamore-complete-family-package-1176303
[2026-07-13T09:49:25Z] #504 attempt=1/2 status=200 0.406s url=https://www.myfonts.com/collections/pg-bellamore-font-pretty-glyphs/
[2026-07-13T09:49:26Z] #505 attempt=1/2 status=429 0.042s url=https://www.myfonts.com/products/403-neusten-complete-family-package-1176306
[2026-07-13T09:49:28Z] #506 attempt=2/2 status=200 0.449s url=https://www.myfonts.com/products/403-neusten-complete-family-package-1176306
[2026-07-13T09:49:29Z] #507 attempt=1/2 status=200 0.416s url=https://www.myfonts.com/collections/403-neusten-font-403tf/
[2026-07-13T09:49:30Z] #508 attempt=1/2 status=200 0.318s url=https://www.myfonts.com/products/pilastro-complete-family-package-1176156
[2026-07-13T09:49:30Z] #509 attempt=1/2 status=200 0.460s url=https://www.myfonts.com/collections/pilastro-font-mrf/
[2026-07-13T09:49:31Z] #510 attempt=1/2 status=200 0.321s url=https://www.myfonts.com/products/sfc-crest-pier-complete-family-package-1176253
[2026-07-13T09:49:32Z] #511 attempt=1/2 status=200 0.439s url=https://www.myfonts.com/collections/sfc-crest-pier-font-skilline-fonts-co/
[2026-07-13T09:49:33Z] #512 attempt=1/6 status=200 0.956s url=https://www.myfonts.com/products.json?limit=100&page=18
[2026-07-13T09:49:34Z] #513 attempt=1/2 status=200 0.329s url=https://www.myfonts.com/products/roasted-cafe-complete-family-package-1176297
[2026-07-13T09:49:34Z] #514 attempt=1/2 status=429 0.073s url=https://www.myfonts.com/collections/roasted-cafe-font-stylishtype-studio/
[2026-07-13T09:49:37Z] #515 attempt=2/2 status=200 0.379s url=https://www.myfonts.com/collections/roasted-cafe-font-stylishtype-studio/
[2026-07-13T09:49:37Z] #516 attempt=1/2 status=200 0.368s url=https://www.myfonts.com/products/crumbly-twinkles-complete-family-package-1176063
[2026-07-13T09:49:38Z] #517 attempt=1/2 status=200 0.577s url=https://www.myfonts.com/collections/crumbly-twinkles-font-black-junst/
[2026-07-13T09:49:39Z] #518 attempt=1/2 status=200 0.293s url=https://www.myfonts.com/products/muthainah-complete-family-package-1176310
[2026-07-13T09:49:39Z] #519 attempt=1/2 status=200 0.388s url=https://www.myfonts.com/collections/muthainah-font-typeclassheroes/
[2026-07-13T09:49:40Z] #520 attempt=1/2 status=200 0.350s url=https://www.myfonts.com/products/mimale-camper-complete-family-package-1161890
[2026-07-13T09:49:40Z] #521 attempt=1/2 status=429 0.043s url=https://www.myfonts.com/collections/mimale-camper-font-mans-greback/
[2026-07-13T09:49:43Z] #522 attempt=2/2 status=200 0.569s url=https://www.myfonts.com/collections/mimale-camper-font-mans-greback/
[2026-07-13T09:49:44Z] #523 attempt=1/2 status=200 0.449s url=https://www.myfonts.com/products/tsanger-xka-complete-family-package-1176047
[2026-07-13T09:49:44Z] #524 attempt=1/2 status=200 0.516s url=https://www.myfonts.com/collections/tsanger-xka-font-tsanger/
[2026-07-13T09:49:45Z] #525 attempt=1/2 status=200 0.189s url=https://www.myfonts.com/collections/tsanger-xka-font-tsanger/
[2026-07-13T09:49:45Z] #526 attempt=1/2 status=200 0.320s url=https://www.myfonts.com/products/ransahoff-ransahoff-ct-1176450
[2026-07-13T09:49:46Z] #527 attempt=1/2 status=200 0.339s url=https://www.myfonts.com/collections/ransahoff-ct-font-castletype/
[2026-07-13T09:49:47Z] #528 attempt=1/2 status=200 0.318s url=https://www.myfonts.com/products/regular-sfc-port-riser-1176267
[2026-07-13T09:49:47Z] #529 attempt=1/2 status=429 0.066s url=https://www.myfonts.com/collections/sfc-port-riser-font-skilline-fonts-co/
[2026-07-13T09:49:49Z] #530 attempt=2/2 status=200 0.353s url=https://www.myfonts.com/collections/sfc-port-riser-font-skilline-fonts-co/
[2026-07-13T09:49:51Z] #531 attempt=1/6 status=200 0.926s url=https://www.myfonts.com/products.json?limit=100&page=19
[2026-07-13T09:49:51Z] #532 attempt=1/2 status=200 0.295s url=https://www.myfonts.com/products/regular-belarise-1176155
[2026-07-13T09:49:52Z] #533 attempt=1/2 status=200 0.286s url=https://www.myfonts.com/collections/belarise-font-rhd-creative/
[2026-07-13T09:49:53Z] #534 attempt=1/2 status=200 0.320s url=https://www.myfonts.com/products/italic-frestlora-1176284
[2026-07-13T09:49:53Z] #535 attempt=1/2 status=200 0.405s url=https://www.myfonts.com/collections/frestlora-font-timelesstype-studio/
[2026-07-13T09:49:55Z] #536 attempt=1/6 status=200 0.856s url=https://www.myfonts.com/products.json?limit=100&page=20
[2026-07-13T09:49:55Z] #537 attempt=1/2 status=200 0.304s url=https://www.myfonts.com/products/bold-sfc-lolipa-club-1176263
[2026-07-13T09:49:56Z] #538 attempt=1/2 status=200 0.368s url=https://www.myfonts.com/collections/sfc-lolipa-club-font-skilline-fonts-co/
[2026-07-13T09:49:56Z] #539 attempt=1/2 status=429 0.039s url=https://www.myfonts.com/products/nexodus-complete-family-package-1176451
[2026-07-13T09:49:59Z] #540 attempt=2/2 status=200 0.477s url=https://www.myfonts.com/products/nexodus-complete-family-package-1176451
[2026-07-13T09:49:59Z] #541 attempt=1/2 status=200 0.456s url=https://www.myfonts.com/collections/nexodus-font-t-26/
[2026-07-13T09:50:00Z] #542 attempt=1/2 status=200 0.396s url=https://www.myfonts.com/collections/nexodus-font-t-26/
[2026-07-13T09:50:01Z] #543 attempt=1/2 status=200 0.369s url=https://www.myfonts.com/products/w04-tsanger-fwjt-1176037
[2026-07-13T09:50:01Z] #544 attempt=1/2 status=200 0.544s url=https://www.myfonts.com/collections/tsanger-fwjt-font-tsanger/
[2026-07-13T09:50:02Z] #545 attempt=1/2 status=200 0.422s url=https://www.myfonts.com/collections/tsanger-fwjt-font-tsanger/
[2026-07-13T09:50:02Z] #546 attempt=1/2 status=429 0.050s url=https://www.myfonts.com/products/slant-crispydong-1176163
[2026-07-13T09:50:05Z] #547 attempt=2/2 status=200 0.377s url=https://www.myfonts.com/products/slant-crispydong-1176163
[2026-07-13T09:50:06Z] #548 attempt=1/2 status=200 0.380s url=https://www.myfonts.com/collections/crispydong-font-letterytz/
[2026-07-13T09:50:06Z] #549 attempt=1/2 status=200 0.393s url=https://www.myfonts.com/products/w04-tsanger-yihei-1176045
[2026-07-13T09:50:07Z] #550 attempt=1/2 status=200 0.421s url=https://www.myfonts.com/collections/tsanger-yihei-font-tsanger/
[2026-07-13T09:50:08Z] #551 attempt=1/2 status=200 0.412s url=https://www.myfonts.com/collections/tsanger-yihei-font-tsanger/
[2026-07-13T09:50:08Z] #552 attempt=1/2 status=200 0.361s url=https://www.myfonts.com/products/postamp-grotesk-complete-family-package-1176430
[2026-07-13T09:50:09Z] #553 attempt=1/2 status=429 0.042s url=https://www.myfonts.com/collections/postamp-grotesk-font-fontfabric/
[2026-07-13T09:50:11Z] #554 attempt=2/2 status=200 0.438s url=https://www.myfonts.com/collections/postamp-grotesk-font-fontfabric/
[2026-07-13T09:50:12Z] #555 attempt=1/2 status=200 0.313s url=https://www.myfonts.com/products/regular-mooncrest-1176140
[2026-07-13T09:50:12Z] #556 attempt=1/2 status=200 0.360s url=https://www.myfonts.com/collections/mooncrest-font-maghrib-type/
[2026-07-13T09:50:13Z] #557 attempt=1/2 status=200 0.318s url=https://www.myfonts.com/products/velion-thin-velion-variable-1176426
[2026-07-13T09:50:14Z] #558 attempt=1/2 status=200 0.275s url=https://www.myfonts.com/collections/velion-variable-font-kaidosan/
[2026-07-13T09:50:14Z] #559 attempt=1/2 status=200 0.326s url=https://www.myfonts.com/products/regular-monolithica-1176177
[2026-07-13T09:50:14Z] #560 attempt=1/2 status=429 0.055s url=https://www.myfonts.com/collections/monolithica-font-pictranoosa/
[2026-07-13T09:50:17Z] #561 attempt=2/2 status=200 0.336s url=https://www.myfonts.com/collections/monolithica-font-pictranoosa/
[2026-07-13T09:50:18Z] #562 attempt=1/2 status=200 0.273s url=https://www.myfonts.com/products/regular-rugba-1176216
[2026-07-13T09:50:18Z] #563 attempt=1/2 status=200 0.311s url=https://www.myfonts.com/collections/rugba-font-jaruka-creative/
[2026-07-13T09:50:19Z] #564 attempt=1/2 status=200 0.273s url=https://www.myfonts.com/products/regular-whiken-1176147
[2026-07-13T09:50:19Z] #565 attempt=1/2 status=200 0.250s url=https://www.myfonts.com/collections/whiken-font-jaruka-creative/
[2026-07-13T09:50:19Z] #566 attempt=1/2 status=429 0.049s url=https://www.myfonts.com/products/script-mahrine-prestige-1176287
[2026-07-13T09:50:22Z] #567 attempt=2/2 status=200 0.427s url=https://www.myfonts.com/products/script-mahrine-prestige-1176287
[2026-07-13T09:50:23Z] #568 attempt=1/2 status=200 0.440s url=https://www.myfonts.com/collections/mahrine-prestige-font-burntilldead/
[2026-07-13T09:50:23Z] #569 attempt=1/2 status=200 0.320s url=https://www.myfonts.com/products/regular-tsanger-amxs-1176055
[2026-07-13T09:50:24Z] #570 attempt=1/2 status=200 0.340s url=https://www.myfonts.com/collections/tsanger-amxs-font-tsanger/
[2026-07-13T09:50:24Z] #571 attempt=1/2 status=200 0.161s url=https://www.myfonts.com/collections/tsanger-amxs-font-tsanger/
[2026-07-13T09:50:25Z] #572 attempt=1/6 status=429 0.056s url=https://www.myfonts.com/products.json?limit=100&page=21
[2026-07-13T09:50:29Z] #573 attempt=2/6 status=200 1.155s url=https://www.myfonts.com/products.json?limit=100&page=21
[2026-07-13T09:50:29Z] #574 attempt=1/2 status=200 0.264s url=https://www.myfonts.com/products/w01-tsanger-xyxs-1176040
[2026-07-13T09:50:30Z] #575 attempt=1/2 status=200 0.308s url=https://www.myfonts.com/collections/tsanger-xyxs-font-tsanger/
[2026-07-13T09:50:30Z] #576 attempt=1/2 status=200 0.158s url=https://www.myfonts.com/collections/tsanger-xyxs-font-tsanger/
[2026-07-13T09:50:31Z] #577 attempt=1/2 status=200 0.738s url=https://www.myfonts.com/products/black-ciclo-display-1014018
[2026-07-13T09:50:32Z] #578 attempt=1/2 status=200 0.461s url=https://www.myfonts.com/collections/ciclo-display-font-lechuga-type/
[2026-07-13T09:50:32Z] #579 attempt=1/2 status=200 0.393s url=https://www.myfonts.com/products/extra-bold-techno-nue-1011372
[2026-07-13T09:50:33Z] #580 attempt=1/2 status=200 0.416s url=https://www.myfonts.com/collections/techno-nue-font-webhance/
[2026-07-13T09:50:34Z] #581 attempt=1/2 status=200 0.353s url=https://www.myfonts.com/products/blond-dutch-courage-ale-1010728
[2026-07-13T09:50:34Z] #582 attempt=1/2 status=429 0.041s url=https://www.myfonts.com/collections/dutch-courage-ale-font-comicraft/
[2026-07-13T09:50:37Z] #583 attempt=2/2 status=200 0.611s url=https://www.myfonts.com/collections/dutch-courage-ale-font-comicraft/
[2026-07-13T09:50:37Z] #584 attempt=1/2 status=200 0.427s url=https://www.myfonts.com/products/dunkel-dutch-courage-lager-1010723
[2026-07-13T09:50:38Z] #585 attempt=1/2 status=200 0.533s url=https://www.myfonts.com/collections/dutch-courage-lager-font-comicraft/
[2026-07-13T09:50:39Z] #586 attempt=1/2 status=200 0.330s url=https://www.myfonts.com/products/regular-te-hafs2-tharwat-emara-1012387
[2026-07-13T09:50:39Z] #587 attempt=1/2 status=200 0.294s url=https://www.myfonts.com/collections/te-hafs2-tharwat-emara-font-tharwat-emara/
[2026-07-13T09:50:40Z] #588 attempt=1/2 status=200 0.745s url=https://www.myfonts.com/products/semi-expanded-package-1175797
[2026-07-13T09:50:42Z] #589 attempt=1/2 status=200 1.165s url=https://www.myfonts.com/collections/sprayblock-font-jorsetype/
[2026-07-13T09:50:43Z] #590 attempt=1/2 status=200 0.539s url=https://www.myfonts.com/products/k73-hogan-grotesk-complete-family-package-1176011
[2026-07-13T09:50:44Z] #591 attempt=1/2 status=200 0.635s url=https://www.myfonts.com/collections/k73-hogan-grotesk-font-k73-type-foundry/
[2026-07-13T09:50:44Z] #592 attempt=1/2 status=200 0.377s url=https://www.myfonts.com/products/force-of-habit-pro-complete-family-package-1175965
[2026-07-13T09:50:45Z] #593 attempt=1/2 status=200 0.491s url=https://www.myfonts.com/collections/force-of-habit-pro-font-hanoded/
[2026-07-13T09:50:46Z] #594 attempt=1/2 status=200 0.481s url=https://www.myfonts.com/products/limit-file-complete-family-package-1175416
[2026-07-13T09:50:46Z] #595 attempt=1/2 status=429 0.172s url=https://www.myfonts.com/collections/limit-file-font-bold-guys/
[2026-07-13T09:50:49Z] #596 attempt=2/2 status=200 0.892s url=https://www.myfonts.com/collections/limit-file-font-bold-guys/
[2026-07-13T09:50:50Z] #597 attempt=1/2 status=200 0.339s url=https://www.myfonts.com/products/ukiyo-mind-pro-complete-family-package-1175962
[2026-07-13T09:50:51Z] #598 attempt=1/2 status=200 0.460s url=https://www.myfonts.com/collections/ukiyo-mind-pro-font-hanoded/
[2026-07-13T09:50:51Z] #599 attempt=1/2 status=200 0.372s url=https://www.myfonts.com/products/alascripty-complete-family-package-1176010
[2026-07-13T09:50:52Z] #600 attempt=1/2 status=200 0.412s url=https://www.myfonts.com/collections/alascripty-font-leksen-design/
[2026-07-13T09:50:53Z] #601 attempt=1/2 status=200 0.336s url=https://www.myfonts.com/products/daily-roast-complete-family-package-1175347
[2026-07-13T09:50:53Z] #602 attempt=1/2 status=200 0.428s url=https://www.myfonts.com/collections/daily-roast-font-stylishtype-studio/
[2026-07-13T09:50:54Z] #603 attempt=1/2 status=200 0.364s url=https://www.myfonts.com/products/alles-kaputt-pro-complete-family-package-1176007
[2026-07-13T09:50:54Z] #604 attempt=1/2 status=429 0.080s url=https://www.myfonts.com/collections/alles-kaputt-pro-font-hanoded/
[2026-07-13T09:50:57Z] #605 attempt=2/2 status=200 0.468s url=https://www.myfonts.com/collections/alles-kaputt-pro-font-hanoded/
[2026-07-13T09:50:57Z] #606 attempt=1/2 status=200 0.353s url=https://www.myfonts.com/products/northy-chains-complete-family-package-1175344
[2026-07-13T09:50:58Z] #607 attempt=1/2 status=200 0.411s url=https://www.myfonts.com/collections/northy-chains-font-stylishtype-studio/
[2026-07-13T09:50:59Z] #608 attempt=1/2 status=200 0.368s url=https://www.myfonts.com/products/fossegrim-pro-complete-family-package-1175959
[2026-07-13T09:50:59Z] #609 attempt=1/2 status=200 0.472s url=https://www.myfonts.com/collections/fossegrim-pro-font-hanoded/
[2026-07-13T09:51:01Z] #610 attempt=1/2 status=200 1.499s url=https://www.myfonts.com/products/expanded-family-package-1175953
[2026-07-13T09:51:03Z] #611 attempt=1/2 status=200 1.946s url=https://www.myfonts.com/collections/ckr-serif-font-ckr-type-foundry/
[2026-07-13T09:51:05Z] #612 attempt=1/2 status=200 0.370s url=https://www.myfonts.com/products/avelyra-script-complete-family-package-1175090
[2026-07-13T09:51:05Z] #613 attempt=1/2 status=200 0.436s url=https://www.myfonts.com/collections/avelyra-script-font-typehill-studio/
[2026-07-13T09:51:06Z] #614 attempt=1/2 status=200 0.312s url=https://www.myfonts.com/products/six-week-holiday-pro-complete-family-package-1176004
[2026-07-13T09:51:07Z] #615 attempt=1/2 status=200 0.443s url=https://www.myfonts.com/collections/six-week-holiday-pro-font-hanoded/
[2026-07-13T09:51:07Z] #616 attempt=1/2 status=200 0.492s url=https://www.myfonts.com/products/stupid-sans-complete-family-package-1175039
[2026-07-13T09:51:08Z] #617 attempt=1/2 status=200 0.619s url=https://www.myfonts.com/collections/stupid-sans-font-ll-type-foundry/
[2026-07-13T09:51:09Z] #618 attempt=1/2 status=200 0.389s url=https://www.myfonts.com/products/mhexis-complete-family-package-1175016
[2026-07-13T09:51:09Z] #619 attempt=1/2 status=200 0.381s url=https://www.myfonts.com/collections/mhexis-font-timelesstype-studio/
[2026-07-13T09:51:10Z] #620 attempt=1/2 status=200 0.532s url=https://www.myfonts.com/products/mezzogiorno-complete-family-package-1175975
[2026-07-13T09:51:11Z] #621 attempt=1/2 status=200 0.547s url=https://www.myfonts.com/collections/mezzogiorno-font-tarallo-design/
[2026-07-13T09:51:11Z] #622 attempt=1/2 status=429 0.073s url=https://www.myfonts.com/products/regine-complete-family-package-1175643
[2026-07-13T09:51:14Z] #623 attempt=2/2 status=200 0.656s url=https://www.myfonts.com/products/regine-complete-family-package-1175643
[2026-07-13T09:51:15Z] #624 attempt=1/2 status=200 0.862s url=https://www.myfonts.com/collections/regine-font-pizzatypefaces/
[2026-07-13T09:51:16Z] #625 attempt=1/2 status=200 0.420s url=https://www.myfonts.com/products/tenford-complete-family-package-1174971
[2026-07-13T09:51:17Z] #626 attempt=1/2 status=200 0.399s url=https://www.myfonts.com/collections/tenford-font-artisan-themes/
[2026-07-13T09:51:17Z] #627 attempt=1/2 status=200 0.330s url=https://www.myfonts.com/products/merpatino-complete-family-package-1175799
[2026-07-13T09:51:18Z] #628 attempt=1/2 status=200 0.388s url=https://www.myfonts.com/collections/merpatino-font-mei-suseno/
[2026-07-13T09:51:19Z] #629 attempt=1/2 status=200 0.404s url=https://www.myfonts.com/products/brave-love-complete-family-package-1175632
[2026-07-13T09:51:20Z] #630 attempt=1/2 status=200 0.609s url=https://www.myfonts.com/collections/brave-love-font-gatype/
[2026-07-13T09:51:20Z] #631 attempt=1/2 status=200 0.326s url=https://www.myfonts.com/products/night-delivery-pro-complete-family-package-1175971
[2026-07-13T09:51:21Z] #632 attempt=1/2 status=200 0.396s url=https://www.myfonts.com/collections/night-delivery-pro-font-hanoded/
[2026-07-13T09:51:21Z] #633 attempt=1/2 status=429 0.036s url=https://www.myfonts.com/products/cf-angeliki-complete-family-package-1173883
[2026-07-13T09:51:24Z] #634 attempt=2/2 status=200 0.478s url=https://www.myfonts.com/products/cf-angeliki-complete-family-package-1173883
[2026-07-13T09:51:25Z] #635 attempt=1/2 status=200 0.467s url=https://www.myfonts.com/collections/cf-angeliki-font-fonts-gr/
[2026-07-13T09:51:25Z] #636 attempt=1/2 status=200 0.384s url=https://www.myfonts.com/products/early-plum-complete-family-package-1161885
[2026-07-13T09:51:26Z] #637 attempt=1/2 status=200 0.392s url=https://www.myfonts.com/collections/early-plum-font-mans-greback/
[2026-07-13T09:51:26Z] #638 attempt=1/2 status=200 0.371s url=https://www.myfonts.com/products/midnight-asylum-pro-complete-family-package-1175968
[2026-07-13T09:51:27Z] #639 attempt=1/2 status=200 0.454s url=https://www.myfonts.com/collections/midnight-asylum-pro-font-hanoded/
[2026-07-13T09:51:28Z] #640 attempt=1/2 status=429 0.062s url=https://www.myfonts.com/products/macklin-variable-complete-family-package-1175434
[2026-07-13T09:51:30Z] #641 attempt=2/2 status=200 0.470s url=https://www.myfonts.com/products/macklin-variable-complete-family-package-1175434
[2026-07-13T09:51:31Z] #642 attempt=1/2 status=200 0.533s url=https://www.myfonts.com/collections/macklin-variable-font-monotype-imaging/
[2026-07-13T09:51:32Z] #643 attempt=1/2 status=200 0.942s url=https://www.myfonts.com/products/worn-italic-krock-1175470
[2026-07-13T09:51:34Z] #644 attempt=1/2 status=200 1.186s url=https://www.myfonts.com/collections/krock-font-alpercakici/
[2026-07-13T09:51:35Z] #645 attempt=1/6 status=200 0.823s url=https://www.myfonts.com/products.json?limit=100&page=22
[2026-07-13T09:51:36Z] #646 attempt=1/2 status=200 0.558s url=https://www.myfonts.com/products/extralight-italic-ater-display-1175442
[2026-07-13T09:51:37Z] #647 attempt=1/2 status=200 0.723s url=https://www.myfonts.com/collections/ater-display-font-blaze-type/
[2026-07-13T09:51:38Z] #648 attempt=1/2 status=200 0.278s url=https://www.myfonts.com/products/regular-oenoire-1175631
[2026-07-13T09:51:38Z] #649 attempt=1/2 status=200 0.322s url=https://www.myfonts.com/collections/oenoire-font-mkgd/
[2026-07-13T09:51:39Z] #650 attempt=1/2 status=200 0.335s url=https://www.myfonts.com/products/brother-gothic-regular-brother-gothic-1175033
[2026-07-13T09:51:39Z] #651 attempt=1/2 status=200 0.270s url=https://www.myfonts.com/collections/brother-gothic-font-ismanayuda/
[2026-07-13T09:51:40Z] #652 attempt=1/2 status=200 0.313s url=https://www.myfonts.com/products/regular-hygge-adore-1176032
[2026-07-13T09:51:40Z] #653 attempt=1/2 status=200 0.299s url=https://www.myfonts.com/collections/hygge-adore-font-struvictory-art/
[2026-07-13T09:51:41Z] #654 attempt=1/2 status=200 0.309s url=https://www.myfonts.com/products/regular-escamor-1175954
[2026-07-13T09:51:41Z] #655 attempt=1/2 status=429 0.050s url=https://www.myfonts.com/collections/escamor-font-black-junst/
[2026-07-13T09:51:44Z] #656 attempt=2/2 status=200 0.380s url=https://www.myfonts.com/collections/escamor-font-black-junst/
[2026-07-13T09:51:44Z] #657 attempt=1/2 status=200 0.325s url=https://www.myfonts.com/products/decorative-le-tarot-1176030
[2026-07-13T09:51:45Z] #658 attempt=1/2 status=200 0.297s url=https://www.myfonts.com/collections/le-tarot-font-struvictory-art/
[2026-07-13T09:51:45Z] #659 attempt=1/2 status=200 0.326s url=https://www.myfonts.com/products/regular-elviante-1175114
[2026-07-13T09:51:46Z] #660 attempt=1/2 status=200 0.313s url=https://www.myfonts.com/collections/elviante-font-flawlessandco/
[2026-07-13T09:51:48Z] #661 attempt=1/6 status=200 0.909s url=https://www.myfonts.com/products.json?limit=100&page=23
[2026-07-13T09:51:48Z] #662 attempt=1/2 status=200 0.294s url=https://www.myfonts.com/products/regular-hano-kid-writing-1174899
[2026-07-13T09:51:48Z] #663 attempt=1/2 status=429 0.053s url=https://www.myfonts.com/collections/hano-kid-writing-font-mvmet/
[2026-07-13T09:51:51Z] #664 attempt=2/2 status=200 0.341s url=https://www.myfonts.com/collections/hano-kid-writing-font-mvmet/
[2026-07-13T09:51:51Z] #665 attempt=1/2 status=200 0.319s url=https://www.myfonts.com/products/regular-bexora-beach-1175351
[2026-07-13T09:51:52Z] #666 attempt=1/2 status=200 0.269s url=https://www.myfonts.com/collections/bexora-beach-font-maxart/
[2026-07-13T09:51:53Z] #667 attempt=1/6 status=200 0.799s url=https://www.myfonts.com/products.json?limit=100&page=24
[2026-07-13T09:51:54Z] #668 attempt=1/2 status=200 0.263s url=https://www.myfonts.com/products/regular-mulick-benor-1175350
[2026-07-13T09:51:54Z] #669 attempt=1/2 status=200 0.334s url=https://www.myfonts.com/collections/mulick-benor-font-super-dust/
[2026-07-13T09:51:55Z] #670 attempt=1/2 status=200 0.299s url=https://www.myfonts.com/products/regular-tt-qurdisma-1175974
[2026-07-13T09:51:55Z] #671 attempt=1/2 status=429 0.064s url=https://www.myfonts.com/collections/tt-qurdisma-font-typetype/
[2026-07-13T09:51:58Z] #672 attempt=2/2 status=200 0.349s url=https://www.myfonts.com/collections/tt-qurdisma-font-typetype/
[2026-07-13T09:51:58Z] #673 attempt=1/2 status=200 0.319s url=https://www.myfonts.com/products/variable-urema-variable-1175800
[2026-07-13T09:51:59Z] #674 attempt=1/2 status=200 0.305s url=https://www.myfonts.com/collections/urema-variable-font-zafira-type/
[2026-07-13T09:52:00Z] #675 attempt=1/2 status=200 0.315s url=https://www.myfonts.com/products/regular-risole-1175752
[2026-07-13T09:52:00Z] #676 attempt=1/2 status=200 0.292s url=https://www.myfonts.com/collections/risole-font-margi-studio/
[2026-07-13T09:52:00Z] #677 attempt=1/2 status=429 0.062s url=https://www.myfonts.com/products/regular-paradise-handwriting-1175031
[2026-07-13T09:52:03Z] #678 attempt=2/2 status=200 0.339s url=https://www.myfonts.com/products/regular-paradise-handwriting-1175031
[2026-07-13T09:52:03Z] #679 attempt=1/2 status=200 0.232s url=https://www.myfonts.com/collections/paradise-handwriting-font-mvmet/
[2026-07-13T09:52:04Z] #680 attempt=1/2 status=200 0.275s url=https://www.myfonts.com/products/regular-mltp-rosettiny-1175805
[2026-07-13T09:52:04Z] #681 attempt=1/2 status=200 0.230s url=https://www.myfonts.com/collections/mltp-rosettiny-font-multype-studio/
[2026-07-13T09:52:05Z] #682 attempt=1/2 status=200 0.272s url=https://www.myfonts.com/products/regular-wildflower-notes-1174947
[2026-07-13T09:52:05Z] #683 attempt=1/2 status=429 0.041s url=https://www.myfonts.com/collections/wildflower-notes-font-bluestype-studio/
[2026-07-13T09:52:08Z] #684 attempt=2/2 status=200 0.530s url=https://www.myfonts.com/collections/wildflower-notes-font-bluestype-studio/
[2026-07-13T09:52:09Z] #685 attempt=1/6 status=200 0.986s url=https://www.myfonts.com/products.json?limit=100&page=25
[2026-07-13T09:52:10Z] #686 attempt=1/2 status=200 0.323s url=https://www.myfonts.com/products/regular-neonray-1176033
[2026-07-13T09:52:11Z] #687 attempt=1/2 status=200 0.344s url=https://www.myfonts.com/collections/neonray-font-phonnastudio/
[2026-07-13T09:52:11Z] #688 attempt=1/2 status=200 0.296s url=https://www.myfonts.com/products/regular-boxvaulth-1174911
[2026-07-13T09:52:12Z] #689 attempt=1/2 status=200 0.364s url=https://www.myfonts.com/collections/boxvaulth-font-mei-suseno/
[2026-07-13T09:52:12Z] #690 attempt=1/2 status=200 0.356s url=https://www.myfonts.com/products/regular-retro-deco-chalk-1175027
[2026-07-13T09:52:13Z] #691 attempt=1/2 status=200 0.267s url=https://www.myfonts.com/collections/retro-deco-chalk-font-mvmet/
[2026-07-13T09:52:13Z] summary releases=7 first_429=(71, 'https://www.myfonts.com/collections/no-fudge-given-pro-font-hanoded/', 0.049231767654418945) log_file=state/myfonts_run_20260713_094146.log
[2026-07-13T09:52:13Z] === MyFonts crawl end ===
