[2026-04-22T08:01:49Z] checkpoint fresh next_page=1 path=state/myfonts_crawl_checkpoint.json
[2026-04-22T08:01:49Z] === MyFonts crawl start source=myfonts ===
[2026-04-22T08:01:49Z] config max_pages=25 page_size=100 start_date=2026-04-21 end_date=2026-04-22 api_delay=0.5s detail_delay=0.2s max_debut_checks=400 max_tech_specs_checks=200 reuse_success_profile=False always_enrich_packages=True language_script_signal_mode=strong force_fresh_run=False start_page=1 browser_mode=False browser_headless=True browser_storage_state_path=state/myfonts_storage_state.json
[2026-04-22T08:01:51Z] #1 attempt=1/6 status=200 1.271s url=https://www.myfonts.com/products.json?limit=100&page=1
[2026-04-22T08:01:52Z] #2 attempt=1/2 status=200 0.559s url=https://www.myfonts.com/products/regular-trinity-note-1137788
[2026-04-22T08:01:52Z] #3 attempt=1/2 status=200 0.326s url=https://www.myfonts.com/collections/trinity-note-font-tini-fitriani/
[2026-04-22T08:01:53Z] #4 attempt=1/2 status=200 0.271s url=https://www.myfonts.com/collections/trinity-note-font-tini-fitriani/?tab=techSpecs
[2026-04-22T08:01:54Z] #5 attempt=1/2 status=200 0.422s url=https://www.myfonts.com/products/regular-lorimthy-script-1137803
[2026-04-22T08:01:54Z] #6 attempt=1/2 status=200 0.413s url=https://www.myfonts.com/collections/lorimthy-script-font-gian-studio/
[2026-04-22T08:01:55Z] #7 attempt=1/2 status=200 0.238s url=https://www.myfonts.com/collections/lorimthy-script-font-gian-studio/?tab=techSpecs
[2026-04-22T08:01:56Z] #8 attempt=1/2 status=200 0.342s url=https://www.myfonts.com/products/yareuu-regular-yareuu-1138171
[2026-04-22T08:01:57Z] #9 attempt=1/2 status=200 0.399s url=https://www.myfonts.com/collections/yareuu-font-razetype/
[2026-04-22T08:01:57Z] #10 attempt=1/2 status=200 0.171s url=https://www.myfonts.com/collections/yareuu-font-razetype/?tab=techSpecs
[2026-04-22T08:01:58Z] #11 attempt=1/2 status=200 0.338s url=https://www.myfonts.com/products/decol-rz-regular-decol-rz-1138167
[2026-04-22T08:01:58Z] #12 attempt=1/2 status=200 0.322s url=https://www.myfonts.com/collections/decol-rz-font-razetype/
[2026-04-22T08:01:59Z] #13 attempt=1/2 status=200 0.176s url=https://www.myfonts.com/collections/decol-rz-font-razetype/?tab=techSpecs
[2026-04-22T08:02:00Z] #14 attempt=1/2 status=200 0.557s url=https://www.myfonts.com/products/regular-clown-reign-1137784
[2026-04-22T08:02:01Z] #15 attempt=1/2 status=200 0.395s url=https://www.myfonts.com/collections/clown-reign-font-epiclinez/
[2026-04-22T08:02:01Z] #16 attempt=1/2 status=200 0.331s url=https://www.myfonts.com/collections/clown-reign-font-epiclinez/?tab=techSpecs
[2026-04-22T08:02:02Z] #17 attempt=1/2 status=200 0.462s url=https://www.myfonts.com/products/regular-shaka-sunset-1137377
[2026-04-22T08:02:03Z] #18 attempt=1/2 status=200 0.409s url=https://www.myfonts.com/collections/shaka-sunset-font-hipfonts/
[2026-04-22T08:02:03Z] #19 attempt=1/2 status=200 0.187s url=https://www.myfonts.com/collections/shaka-sunset-font-hipfonts/?tab=techSpecs
[2026-04-22T08:02:05Z] #20 attempt=1/2 status=200 0.824s url=https://www.myfonts.com/products/quraan-package-1137370
[2026-04-22T08:02:05Z] #21 attempt=1/2 status=404 0.237s url=https://www.myfonts.com/collections/quraan-font-tharwat-emara
[2026-04-22T08:02:07Z] #22 attempt=1/2 status=200 1.447s url=https://www.myfonts.com/products/dnv-rounded-complete-family-package-1136800
[2026-04-22T08:02:09Z] #23 attempt=1/2 status=200 2.069s url=https://www.myfonts.com/collections/dnv-rounded-font-fargun-studio/
[2026-04-22T08:02:11Z] #24 attempt=1/2 status=200 1.546s url=https://www.myfonts.com/collections/dnv-rounded-font-fargun-studio/?tab=techSpecs
[2026-04-22T08:02:13Z] #25 attempt=1/2 status=200 0.437s url=https://www.myfonts.com/products/megster-complete-family-package-1136699
[2026-04-22T08:02:13Z] #26 attempt=1/2 status=200 0.449s url=https://www.myfonts.com/collections/megster-font-letterhend/
[2026-04-22T08:02:14Z] #27 attempt=1/2 status=200 0.158s url=https://www.myfonts.com/collections/megster-font-letterhend/?tab=techSpecs
[2026-04-22T08:02:16Z] #28 attempt=1/2 status=200 1.556s url=https://www.myfonts.com/products/kodoxa-complete-family-package-1136421
[2026-04-22T08:02:19Z] #29 attempt=1/2 status=200 2.029s url=https://www.myfonts.com/collections/kodoxa-font-alpercakici/
[2026-04-22T08:02:21Z] #30 attempt=1/2 status=200 1.526s url=https://www.myfonts.com/collections/kodoxa-font-alpercakici/?tab=techSpecs
[2026-04-22T08:02:23Z] #31 attempt=1/2 status=200 1.420s url=https://www.myfonts.com/products/condensedoblique-package-1137343
[2026-04-22T08:02:26Z] #32 attempt=1/2 status=200 2.979s url=https://www.myfonts.com/collections/kornesia-font-mantype-studio/
[2026-04-22T08:02:29Z] #33 attempt=1/2 status=200 2.467s url=https://www.myfonts.com/collections/kornesia-font-mantype-studio/?tab=techSpecs
[2026-04-22T08:02:31Z] #34 attempt=1/2 status=200 0.535s url=https://www.myfonts.com/products/gentar-complete-family-package-1136886
[2026-04-22T08:02:31Z] #35 attempt=1/2 status=200 0.166s url=https://www.myfonts.com/collections/gentar-font-ketiga-foundry/
[2026-04-22T08:02:33Z] #36 attempt=1/2 status=200 0.936s url=https://www.myfonts.com/collections/gentar-font-ketiga-foundry/?tab=techSpecs
[2026-04-22T08:02:34Z] #37 attempt=1/2 status=200 0.451s url=https://www.myfonts.com/products/heavenly-joyful-complete-family-package-1136793
[2026-04-22T08:02:35Z] #38 attempt=1/2 status=200 0.736s url=https://www.myfonts.com/collections/heavenly-joyful-font-letterena-studios/
[2026-04-22T08:02:36Z] #39 attempt=1/2 status=200 0.533s url=https://www.myfonts.com/collections/heavenly-joyful-font-letterena-studios/?tab=techSpecs
[2026-04-22T08:02:37Z] #40 attempt=1/2 status=200 0.500s url=https://www.myfonts.com/products/mellgro-complete-family-package-1137000
[2026-04-22T08:02:38Z] #41 attempt=1/2 status=200 0.732s url=https://www.myfonts.com/collections/mellgro-font-timelesstype-studio/
[2026-04-22T08:02:39Z] #42 attempt=1/2 status=200 0.441s url=https://www.myfonts.com/collections/mellgro-font-timelesstype-studio/?tab=techSpecs
[2026-04-22T08:02:40Z] #43 attempt=1/2 status=200 0.423s url=https://www.myfonts.com/products/pleso-l-package-1137170
[2026-04-22T08:02:41Z] #44 attempt=1/2 status=200 0.965s url=https://www.myfonts.com/collections/pleso-font-vlad-b/
[2026-04-22T08:02:42Z] #45 attempt=1/2 status=200 0.216s url=https://www.myfonts.com/collections/pleso-font-vlad-b/?tab=techSpecs
[2026-04-22T08:02:43Z] #46 attempt=1/2 status=200 0.621s url=https://www.myfonts.com/products/savery-complete-family-package-1137051
[2026-04-22T08:02:44Z] #47 attempt=1/2 status=200 0.471s url=https://www.myfonts.com/collections/savery-font-ronin-design/
[2026-04-22T08:02:45Z] #48 attempt=1/2 status=200 0.557s url=https://www.myfonts.com/collections/savery-font-ronin-design/?tab=techSpecs
[2026-04-22T08:02:46Z] #49 attempt=1/2 status=200 0.398s url=https://www.myfonts.com/products/reicha-variable-complete-family-package-1136601
[2026-04-22T08:02:47Z] #50 attempt=1/2 status=200 0.795s url=https://www.myfonts.com/collections/reicha-variable-font-akbartype/
[2026-04-22T08:02:48Z] #51 attempt=1/2 status=200 0.631s url=https://www.myfonts.com/collections/reicha-variable-font-akbartype/?tab=techSpecs
[2026-04-22T08:02:49Z] #52 attempt=1/2 status=200 0.342s url=https://www.myfonts.com/products/brandel-luchador-complete-family-package-1136797
[2026-04-22T08:02:50Z] #53 attempt=1/2 status=200 0.492s url=https://www.myfonts.com/collections/brandel-luchador-font-amorfa-type/
[2026-04-22T08:02:51Z] #54 attempt=1/2 status=200 0.415s url=https://www.myfonts.com/collections/brandel-luchador-font-amorfa-type/?tab=techSpecs
[2026-04-22T08:02:53Z] #55 attempt=1/2 status=200 0.834s url=https://www.myfonts.com/products/necrothra-complete-family-package-1136914
[2026-04-22T08:02:54Z] #56 attempt=1/2 status=200 0.952s url=https://www.myfonts.com/collections/necrothra-font-ghozai-studio/
[2026-04-22T08:02:54Z] #57 attempt=1/2 status=200 0.185s url=https://www.myfonts.com/collections/necrothra-font-ghozai-studio/?tab=techSpecs
[2026-04-22T08:02:56Z] #58 attempt=1/2 status=200 0.560s url=https://www.myfonts.com/products/fujimoto-complete-family-package-1137042
[2026-04-22T08:02:57Z] #59 attempt=1/2 status=200 0.579s url=https://www.myfonts.com/collections/fujimoto-font-typeclassheroes/
[2026-04-22T08:02:57Z] #60 attempt=1/2 status=200 0.156s url=https://www.myfonts.com/collections/fujimoto-font-typeclassheroes/?tab=techSpecs
[2026-04-22T08:02:58Z] #61 attempt=1/2 status=200 0.376s url=https://www.myfonts.com/products/colence-complete-family-package-1137127
[2026-04-22T08:02:59Z] #62 attempt=1/2 status=200 0.732s url=https://www.myfonts.com/collections/colence-font-craft-supply-co/
[2026-04-22T08:03:00Z] #63 attempt=1/2 status=200 0.658s url=https://www.myfonts.com/collections/colence-font-craft-supply-co/?tab=techSpecs
[2026-04-22T08:03:01Z] #64 attempt=1/2 status=200 0.371s url=https://www.myfonts.com/products/black-abbey-got-complete-family-package-1136689
[2026-04-22T08:03:02Z] #65 attempt=1/2 status=200 0.680s url=https://www.myfonts.com/collections/black-abbey-got-font-pitts-hand/
[2026-04-22T08:03:03Z] #66 attempt=1/2 status=200 0.495s url=https://www.myfonts.com/collections/black-abbey-got-font-pitts-hand/?tab=techSpecs
[2026-04-22T08:03:05Z] #67 attempt=1/2 status=200 0.631s url=https://www.myfonts.com/products/collegend-complete-family-package-1136631
[2026-04-22T08:03:05Z] #68 attempt=1/2 status=200 0.631s url=https://www.myfonts.com/collections/collegend-font-vozzy/
[2026-04-22T08:03:07Z] #69 attempt=1/2 status=200 0.727s url=https://www.myfonts.com/collections/collegend-font-vozzy/?tab=techSpecs
[2026-04-22T08:03:08Z] #70 attempt=1/2 status=200 0.388s url=https://www.myfonts.com/products/rumble-country-complete-family-package-1137012
[2026-04-22T08:03:09Z] #71 attempt=1/2 status=200 0.854s url=https://www.myfonts.com/collections/rumble-country-font-nathatype/
[2026-04-22T08:03:09Z] #72 attempt=1/2 status=200 0.374s url=https://www.myfonts.com/collections/rumble-country-font-nathatype/?tab=techSpecs
[2026-04-22T08:03:11Z] #73 attempt=1/2 status=200 0.771s url=https://www.myfonts.com/products/hoopoe-complete-family-package-1137296
[2026-04-22T08:03:12Z] #74 attempt=1/2 status=200 1.058s url=https://www.myfonts.com/collections/hoopoe-font-alpercakici/
[2026-04-22T08:03:14Z] #75 attempt=1/2 status=200 1.079s url=https://www.myfonts.com/collections/hoopoe-font-alpercakici/?tab=techSpecs
[2026-04-22T08:03:15Z] #76 attempt=1/2 status=200 0.517s url=https://www.myfonts.com/products/mute-devanagari-complete-family-package-1136606
[2026-04-22T08:03:16Z] #77 attempt=1/2 status=200 0.572s url=https://www.myfonts.com/collections/mute-devanagari-font-indian-type-foundry/
[2026-04-22T08:03:17Z] #78 attempt=1/2 status=200 0.527s url=https://www.myfonts.com/collections/mute-devanagari-font-indian-type-foundry/?tab=techSpecs
[2026-04-22T08:03:19Z] #79 attempt=1/2 status=200 0.889s url=https://www.myfonts.com/collections/mute-devanagari-font-indian-type-foundry/
[2026-04-22T08:03:20Z] #80 attempt=1/2 status=200 0.598s url=https://www.myfonts.com/products/nomad-kalari-complete-family-package-1137171
[2026-04-22T08:03:20Z] #81 attempt=1/2 status=200 0.517s url=https://www.myfonts.com/collections/nomad-kalari-font-get-studio/
[2026-04-22T08:03:21Z] #82 attempt=1/2 status=200 0.236s url=https://www.myfonts.com/collections/nomad-kalari-font-get-studio/?tab=techSpecs
[2026-04-22T08:03:22Z] #83 attempt=1/2 status=200 0.553s url=https://www.myfonts.com/products/redifine-complete-family-package-1137059
[2026-04-22T08:03:23Z] #84 attempt=1/2 status=200 0.878s url=https://www.myfonts.com/collections/redifine-font-fikryal/
[2026-04-22T08:03:25Z] #85 attempt=1/2 status=200 1.030s url=https://www.myfonts.com/collections/redifine-font-fikryal/?tab=techSpecs
[2026-04-22T08:03:26Z] #86 attempt=1/2 status=200 0.358s url=https://www.myfonts.com/products/goks-complete-family-package-1137008
[2026-04-22T08:03:27Z] #87 attempt=1/2 status=200 0.434s url=https://www.myfonts.com/collections/goks-font-sensatype-studio/
[2026-04-22T08:03:28Z] #88 attempt=1/2 status=200 1.116s url=https://www.myfonts.com/collections/goks-font-sensatype-studio/?tab=techSpecs
[2026-04-22T08:03:29Z] #89 attempt=1/2 status=200 0.624s url=https://www.myfonts.com/products/grande-laguna-script-complete-family-package-1136686
[2026-04-22T08:03:30Z] #90 attempt=1/2 status=200 0.406s url=https://www.myfonts.com/collections/grande-laguna-script-font-ragamkata/
[2026-04-22T08:03:31Z] #91 attempt=1/2 status=200 0.559s url=https://www.myfonts.com/collections/grande-laguna-script-font-ragamkata/?tab=techSpecs
[2026-04-22T08:03:32Z] #92 attempt=1/2 status=200 0.397s url=https://www.myfonts.com/products/melfira-complete-family-package-1136693
[2026-04-22T08:03:33Z] #93 attempt=1/2 status=200 0.667s url=https://www.myfonts.com/collections/melfira-font-zeenesia-studio/
[2026-04-22T08:03:34Z] #94 attempt=1/2 status=200 0.720s url=https://www.myfonts.com/collections/melfira-font-zeenesia-studio/?tab=techSpecs
[2026-04-22T08:03:35Z] #95 attempt=1/2 status=200 0.415s url=https://www.myfonts.com/products/gc-vensca-mono-complete-family-package-1136801
[2026-04-22T08:03:37Z] #96 attempt=1/2 status=200 0.988s url=https://www.myfonts.com/collections/gc-vensca-mono-font-onyx-studio/
[2026-04-22T08:03:37Z] #97 attempt=1/2 status=200 0.187s url=https://www.myfonts.com/collections/gc-vensca-mono-font-onyx-studio/?tab=techSpecs
[2026-04-22T08:03:38Z] #98 attempt=1/2 status=200 0.389s url=https://www.myfonts.com/products/agnofy-rusting-complete-family-package-1137045
[2026-04-22T08:03:39Z] #99 attempt=1/2 status=200 0.471s url=https://www.myfonts.com/collections/agnofy-rusting-font-timelesstype-studio/
[2026-04-22T08:03:39Z] #100 attempt=1/2 status=200 0.167s url=https://www.myfonts.com/collections/agnofy-rusting-font-timelesstype-studio/?tab=techSpecs
[2026-04-22T08:03:41Z] #101 attempt=1/2 status=200 0.775s url=https://www.myfonts.com/products/avtech-complete-family-package-1136702
[2026-04-22T08:03:42Z] #102 attempt=1/2 status=200 1.004s url=https://www.myfonts.com/collections/avtech-font-soft-creative/
[2026-04-22T08:03:43Z] #103 attempt=1/2 status=200 0.191s url=https://www.myfonts.com/collections/avtech-font-soft-creative/?tab=techSpecs
[2026-04-22T08:03:44Z] #104 attempt=1/2 status=200 0.352s url=https://www.myfonts.com/products/jp-al10-complete-family-package-1137148
[2026-04-22T08:03:45Z] #105 attempt=1/2 status=200 0.736s url=https://www.myfonts.com/collections/jp-al10-font-pedro-teixeira/
[2026-04-22T08:03:46Z] #106 attempt=1/2 status=200 0.247s url=https://www.myfonts.com/collections/jp-al10-font-pedro-teixeira/?tab=techSpecs
[2026-04-22T08:03:47Z] #107 attempt=1/2 status=200 0.505s url=https://www.myfonts.com/products/sagiel-prenock-package-1136620
[2026-04-22T08:03:48Z] #108 attempt=1/2 status=200 0.634s url=https://www.myfonts.com/collections/sagiel-prenock-font-black-junst/
[2026-04-22T08:03:49Z] #109 attempt=1/2 status=200 0.681s url=https://www.myfonts.com/collections/sagiel-prenock-font-black-junst/?tab=techSpecs
[2026-04-22T08:03:50Z] #110 attempt=1/2 status=200 0.342s url=https://www.myfonts.com/products/energy-space-complete-family-package-1137026
[2026-04-22T08:03:51Z] #111 attempt=1/2 status=200 0.532s url=https://www.myfonts.com/collections/energy-space-font-timelesstype-studio/
[2026-04-22T08:03:52Z] #112 attempt=1/2 status=200 0.508s url=https://www.myfonts.com/collections/energy-space-font-timelesstype-studio/?tab=techSpecs
[2026-04-22T08:03:54Z] #113 attempt=1/2 status=200 0.810s url=https://www.myfonts.com/products/voxas-complete-family-package-1136941
[2026-04-22T08:03:55Z] #114 attempt=1/2 status=200 1.454s url=https://www.myfonts.com/collections/voxas-font-anthony-james/
[2026-04-22T08:03:57Z] #115 attempt=1/2 status=200 0.836s url=https://www.myfonts.com/collections/voxas-font-anthony-james/?tab=techSpecs
[2026-04-22T08:03:59Z] #116 attempt=1/2 status=200 1.270s url=https://www.myfonts.com/products/castlon-complete-family-package-1137183
[2026-04-22T08:04:02Z] #117 attempt=1/2 status=200 2.904s url=https://www.myfonts.com/collections/castlon-font-skinny-type/
[2026-04-22T08:04:05Z] #118 attempt=1/2 status=200 2.696s url=https://www.myfonts.com/collections/castlon-font-skinny-type/?tab=techSpecs
[2026-04-22T08:04:08Z] #119 attempt=1/2 status=200 1.737s url=https://www.myfonts.com/products/reicha-complete-family-package-1136546
[2026-04-22T08:04:11Z] #120 attempt=1/2 status=200 2.900s url=https://www.myfonts.com/collections/reicha-font-akbartype/
[2026-04-22T08:04:12Z] #121 attempt=1/2 status=200 0.208s url=https://www.myfonts.com/collections/reicha-font-akbartype/?tab=techSpecs
[2026-04-22T08:04:14Z] #122 attempt=1/2 status=200 0.459s url=https://www.myfonts.com/products/rounded-konstructa-complete-family-package-1137131
[2026-04-22T08:04:15Z] #123 attempt=1/2 status=200 0.927s url=https://www.myfonts.com/collections/rounded-konstructa-font-ghozai-studio/
[2026-04-22T08:04:16Z] #124 attempt=1/2 status=200 0.649s url=https://www.myfonts.com/collections/rounded-konstructa-font-ghozai-studio/?tab=techSpecs
[2026-04-22T08:04:17Z] #125 attempt=1/2 status=200 0.390s url=https://www.myfonts.com/products/funkora-complete-family-package-1137157
[2026-04-22T08:04:18Z] #126 attempt=1/2 status=200 0.397s url=https://www.myfonts.com/collections/funkora-font-artisan-themes/
[2026-04-22T08:04:19Z] #127 attempt=1/2 status=200 0.613s url=https://www.myfonts.com/collections/funkora-font-artisan-themes/?tab=techSpecs
[2026-04-22T08:04:20Z] #128 attempt=1/2 status=200 0.575s url=https://www.myfonts.com/products/minga-complete-family-package-1136980
[2026-04-22T08:04:21Z] #129 attempt=1/2 status=200 0.446s url=https://www.myfonts.com/collections/minga-font-sensatype-studio/
[2026-04-22T08:04:22Z] #130 attempt=1/2 status=200 0.569s url=https://www.myfonts.com/collections/minga-font-sensatype-studio/?tab=techSpecs
[2026-04-22T08:04:23Z] #131 attempt=1/2 status=200 0.445s url=https://www.myfonts.com/products/simpli-complete-family-package-1137099
[2026-04-22T08:04:24Z] #132 attempt=1/2 status=200 0.598s url=https://www.myfonts.com/collections/simpli-font-designomatt/
[2026-04-22T08:04:25Z] #133 attempt=1/2 status=200 0.780s url=https://www.myfonts.com/collections/simpli-font-designomatt/?tab=techSpecs
[2026-04-22T08:04:26Z] #134 attempt=1/2 status=200 0.483s url=https://www.myfonts.com/products/tonkin-serif-complete-family-package-1137058
[2026-04-22T08:04:28Z] #135 attempt=1/2 status=200 1.022s url=https://www.myfonts.com/collections/tonkin-serif-font-hanoi-cartel/
[2026-04-22T08:04:28Z] #136 attempt=1/2 status=200 0.256s url=https://www.myfonts.com/collections/tonkin-serif-font-hanoi-cartel/?tab=techSpecs
[2026-04-22T08:04:30Z] #137 attempt=1/2 status=200 0.453s url=https://www.myfonts.com/products/nuqtra-arabic-complete-family-package-1137082
[2026-04-22T08:04:31Z] #138 attempt=1/2 status=200 0.618s url=https://www.myfonts.com/collections/nuqtra-arabic-font-pizzatypefaces/
[2026-04-22T08:04:32Z] #139 attempt=1/2 status=200 1.123s url=https://www.myfonts.com/collections/nuqtra-arabic-font-pizzatypefaces/?tab=techSpecs
[2026-04-22T08:04:33Z] #140 attempt=1/2 status=200 0.436s url=https://www.myfonts.com/products/mooda-complete-family-package-1137048
[2026-04-22T08:04:34Z] #141 attempt=1/2 status=200 0.770s url=https://www.myfonts.com/collections/mooda-font-artiveko/
[2026-04-22T08:04:35Z] #142 attempt=1/2 status=200 0.706s url=https://www.myfonts.com/collections/mooda-font-artiveko/?tab=techSpecs
[2026-04-22T08:04:37Z] #143 attempt=1/2 status=200 0.364s url=https://www.myfonts.com/products/megria-complete-family-package-1137039
[2026-04-22T08:04:37Z] #144 attempt=1/2 status=200 0.431s url=https://www.myfonts.com/collections/megria-font-timelesstype-studio/
[2026-04-22T08:04:38Z] #145 attempt=1/2 status=200 0.209s url=https://www.myfonts.com/collections/megria-font-timelesstype-studio/?tab=techSpecs
[2026-04-22T08:04:39Z] #146 attempt=1/2 status=200 0.619s url=https://www.myfonts.com/products/flowie-complete-family-package-1137054
[2026-04-22T08:04:40Z] #147 attempt=1/2 status=200 0.459s url=https://www.myfonts.com/collections/flowie-font-artisan-themes/
[2026-04-22T08:04:41Z] #148 attempt=1/2 status=200 0.589s url=https://www.myfonts.com/collections/flowie-font-artisan-themes/?tab=techSpecs
[2026-04-22T08:04:42Z] #149 attempt=1/2 status=200 0.383s url=https://www.myfonts.com/products/castyla-complete-family-package-1137004
[2026-04-22T08:04:43Z] #150 attempt=1/2 status=200 0.556s url=https://www.myfonts.com/collections/castyla-font-sensatype-studio/
[2026-04-22T08:04:44Z] #151 attempt=1/2 status=200 0.639s url=https://www.myfonts.com/collections/castyla-font-sensatype-studio/?tab=techSpecs
[2026-04-22T08:04:45Z] #152 attempt=1/2 status=200 0.329s url=https://www.myfonts.com/products/theome-complete-family-package-1136933
[2026-04-22T08:04:46Z] #153 attempt=1/2 status=200 0.423s url=https://www.myfonts.com/collections/theome-font-mooneseye-studio/
[2026-04-22T08:04:46Z] #154 attempt=1/2 status=200 0.448s url=https://www.myfonts.com/collections/theome-font-mooneseye-studio/?tab=techSpecs
[2026-04-22T08:04:47Z] #155 attempt=1/2 status=200 0.338s url=https://www.myfonts.com/products/sanknotes-complete-family-package-1136937
[2026-04-22T08:04:48Z] #156 attempt=1/2 status=200 0.536s url=https://www.myfonts.com/collections/sanknotes-font-stylishtype-studio/
[2026-04-22T08:04:49Z] #157 attempt=1/2 status=200 0.616s url=https://www.myfonts.com/collections/sanknotes-font-stylishtype-studio/?tab=techSpecs
[2026-04-22T08:04:50Z] #158 attempt=1/2 status=200 0.409s url=https://www.myfonts.com/products/cyber-security-complete-family-package-1136628
[2026-04-22T08:04:51Z] #159 attempt=1/2 status=200 0.570s url=https://www.myfonts.com/collections/cyber-security-font-vozzy/
[2026-04-22T08:04:52Z] #160 attempt=1/2 status=200 0.477s url=https://www.myfonts.com/collections/cyber-security-font-vozzy/?tab=techSpecs
[2026-04-22T08:04:53Z] #161 attempt=1/2 status=200 0.569s url=https://www.myfonts.com/products/borsche-complete-family-package-1137108
[2026-04-22T08:04:55Z] #162 attempt=1/2 status=200 0.867s url=https://www.myfonts.com/collections/borsche-font-glyphminds-studios/
[2026-04-22T08:04:56Z] #163 attempt=1/2 status=200 0.679s url=https://www.myfonts.com/collections/borsche-font-glyphminds-studios/?tab=techSpecs
[2026-04-22T08:04:57Z] #164 attempt=1/2 status=200 0.330s url=https://www.myfonts.com/products/spytrams-complete-family-package-1136418
[2026-04-22T08:04:57Z] #165 attempt=1/2 status=200 0.533s url=https://www.myfonts.com/collections/spytrams-font-rastype-studio/
[2026-04-22T08:04:58Z] #166 attempt=1/2 status=200 0.448s url=https://www.myfonts.com/collections/spytrams-font-rastype-studio/?tab=techSpecs
[2026-04-22T08:05:00Z] #167 attempt=1/2 status=200 0.773s url=https://www.myfonts.com/products/kepater-complete-family-package-1137016
[2026-04-22T08:05:01Z] #168 attempt=1/2 status=200 0.783s url=https://www.myfonts.com/collections/kepater-font-differentialtype/
[2026-04-22T08:05:02Z] #169 attempt=1/2 status=200 0.889s url=https://www.myfonts.com/collections/kepater-font-differentialtype/?tab=techSpecs
[2026-04-22T08:05:04Z] #170 attempt=1/6 status=200 0.666s url=https://www.myfonts.com/products.json?limit=100&page=2
[2026-04-22T08:05:04Z] #171 attempt=1/2 status=200 0.302s url=https://www.myfonts.com/products/regular-arcia-1136417
[2026-04-22T08:05:05Z] #172 attempt=1/2 status=200 0.272s url=https://www.myfonts.com/collections/arcia-font-ryan-corey/
[2026-04-22T08:05:06Z] #173 attempt=1/2 status=200 0.389s url=https://www.myfonts.com/collections/arcia-font-ryan-corey/?tab=techSpecs
[2026-04-22T08:05:07Z] #174 attempt=1/6 status=200 0.713s url=https://www.myfonts.com/products.json?limit=100&page=3
[2026-04-22T08:05:08Z] #175 attempt=1/2 status=200 0.340s url=https://www.myfonts.com/products/regular-morsevas-1137038
[2026-04-22T08:05:08Z] #176 attempt=1/2 status=200 0.350s url=https://www.myfonts.com/collections/morsevas-font-arterfak-project/
[2026-04-22T08:05:09Z] #177 attempt=1/2 status=200 0.462s url=https://www.myfonts.com/collections/morsevas-font-arterfak-project/?tab=techSpecs
[2026-04-22T08:05:11Z] #178 attempt=1/6 status=200 0.743s url=https://www.myfonts.com/products.json?limit=100&page=4
[2026-04-22T08:05:11Z] #179 attempt=1/2 status=200 0.348s url=https://www.myfonts.com/products/regular-ongunkan-rosetta-stone-ellada-1136936
[2026-04-22T08:05:12Z] #180 attempt=1/2 status=200 0.340s url=https://www.myfonts.com/collections/ongunkan-rosetta-stone-ellada-font-runic-world-tamgaci/
[2026-04-22T08:05:12Z] #181 attempt=1/2 status=200 0.319s url=https://www.myfonts.com/collections/ongunkan-rosetta-stone-ellada-font-runic-world-tamgaci/?tab=techSpecs
[2026-04-22T08:05:13Z] #182 attempt=1/2 status=200 0.344s url=https://www.myfonts.com/products/regular-luther-king-1136685
[2026-04-22T08:05:14Z] #183 attempt=1/2 status=200 0.321s url=https://www.myfonts.com/collections/luther-king-font-alpaprana/
[2026-04-22T08:05:15Z] #184 attempt=1/2 status=200 0.306s url=https://www.myfonts.com/collections/luther-king-font-alpaprana/?tab=techSpecs
[2026-04-22T08:05:16Z] #185 attempt=1/6 status=200 0.701s url=https://www.myfonts.com/products.json?limit=100&page=5
[2026-04-22T08:05:17Z] #186 attempt=1/2 status=200 0.293s url=https://www.myfonts.com/products/regular-sigera-1137003
[2026-04-22T08:05:17Z] #187 attempt=1/2 status=200 0.347s url=https://www.myfonts.com/collections/sigera-font-sensatype-studio/
[2026-04-22T08:05:18Z] #188 attempt=1/2 status=200 0.329s url=https://www.myfonts.com/collections/sigera-font-sensatype-studio/?tab=techSpecs
[2026-04-22T08:05:19Z] #189 attempt=1/6 status=200 0.766s url=https://www.myfonts.com/products.json?limit=100&page=6
[2026-04-22T08:05:20Z] #190 attempt=1/2 status=200 0.374s url=https://www.myfonts.com/products/regular-mystical-night-1137007
[2026-04-22T08:05:21Z] #191 attempt=1/2 status=200 0.433s url=https://www.myfonts.com/collections/mystical-night-font-sensatype-studio/
[2026-04-22T08:05:21Z] #192 attempt=1/2 status=200 0.354s url=https://www.myfonts.com/collections/mystical-night-font-sensatype-studio/?tab=techSpecs
[2026-04-22T08:05:22Z] #193 attempt=1/2 status=200 0.277s url=https://www.myfonts.com/products/regular-mute-devanagari-variable-1136614
[2026-04-22T08:05:23Z] #194 attempt=1/2 status=200 0.301s url=https://www.myfonts.com/collections/mute-devanagari-variable-font-indian-type-foundry/
[2026-04-22T08:05:23Z] #195 attempt=1/2 status=200 0.354s url=https://www.myfonts.com/collections/mute-devanagari-variable-font-indian-type-foundry/?tab=techSpecs
[2026-04-22T08:05:24Z] #196 attempt=1/2 status=200 0.123s url=https://www.myfonts.com/collections/mute-devanagari-variable-font-indian-type-foundry/
[2026-04-22T08:05:25Z] #197 attempt=1/6 status=200 0.674s url=https://www.myfonts.com/products.json?limit=100&page=7
[2026-04-22T08:05:26Z] #198 attempt=1/2 status=200 0.284s url=https://www.myfonts.com/products/meliod-larsen-regular-mc-meliod-larsen-1136796
[2026-04-22T08:05:26Z] #199 attempt=1/2 status=200 0.290s url=https://www.myfonts.com/collections/mc-meliod-larsen-font-maulana-creative/
[2026-04-22T08:05:27Z] #200 attempt=1/2 status=200 0.311s url=https://www.myfonts.com/collections/mc-meliod-larsen-font-maulana-creative/?tab=techSpecs
[2026-04-22T08:05:28Z] #201 attempt=1/2 status=200 0.307s url=https://www.myfonts.com/products/regular-ironclad-1137057
[2026-04-22T08:05:28Z] #202 attempt=1/2 status=200 0.251s url=https://www.myfonts.com/collections/ironclad-font-owpictures/
[2026-04-22T08:05:29Z] #203 attempt=1/2 status=200 0.364s url=https://www.myfonts.com/collections/ironclad-font-owpictures/?tab=techSpecs
[2026-04-22T08:05:30Z] #204 attempt=1/2 status=200 0.326s url=https://www.myfonts.com/products/regular-summer-launch-1136692
[2026-04-22T08:05:30Z] #205 attempt=1/2 status=200 0.261s url=https://www.myfonts.com/collections/summer-launch-font-alpaprana/
[2026-04-22T08:05:31Z] #206 attempt=1/2 status=200 0.138s url=https://www.myfonts.com/collections/summer-launch-font-alpaprana/?tab=techSpecs
[2026-04-22T08:05:32Z] #207 attempt=1/6 status=200 0.966s url=https://www.myfonts.com/products.json?limit=100&page=8
[2026-04-22T08:05:33Z] #208 attempt=1/2 status=200 0.322s url=https://www.myfonts.com/products/regular-roxan-1137011
[2026-04-22T08:05:33Z] #209 attempt=1/2 status=200 0.317s url=https://www.myfonts.com/collections/roxan-font-sensatype-studio/
[2026-04-22T08:05:34Z] #210 attempt=1/2 status=200 0.289s url=https://www.myfonts.com/collections/roxan-font-sensatype-studio/?tab=techSpecs
[2026-04-22T08:05:36Z] #211 attempt=1/6 status=200 0.724s url=https://www.myfonts.com/products.json?limit=100&page=9
[2026-04-22T08:05:36Z] #212 attempt=1/2 status=200 0.323s url=https://www.myfonts.com/products/regular-mardo-1136940
[2026-04-22T08:05:37Z] #213 attempt=1/2 status=200 0.272s url=https://www.myfonts.com/collections/mardo-font-erifqizefont/
[2026-04-22T08:05:37Z] #214 attempt=1/2 status=200 0.305s url=https://www.myfonts.com/collections/mardo-font-erifqizefont/?tab=techSpecs
[2026-04-22T08:05:38Z] #215 attempt=1/2 status=200 0.343s url=https://www.myfonts.com/products/regular-finestrea-1136670
[2026-04-22T08:05:39Z] #216 attempt=1/2 status=200 0.341s url=https://www.myfonts.com/collections/finestrea-font-nathatype/
[2026-04-22T08:05:39Z] #217 attempt=1/2 status=200 0.295s url=https://www.myfonts.com/collections/finestrea-font-nathatype/?tab=techSpecs
[2026-04-22T08:05:40Z] #218 attempt=1/2 status=200 0.327s url=https://www.myfonts.com/products/regular-cegil-1136621
[2026-04-22T08:05:41Z] #219 attempt=1/2 status=200 0.410s url=https://www.myfonts.com/collections/cegil-font-eotype/
[2026-04-22T08:05:41Z] #220 attempt=1/2 status=200 0.331s url=https://www.myfonts.com/collections/cegil-font-eotype/?tab=techSpecs
[2026-04-22T08:05:42Z] #221 attempt=1/2 status=200 0.347s url=https://www.myfonts.com/products/regular-skypie-summary-1136659
[2026-04-22T08:05:43Z] #222 attempt=1/2 status=200 0.278s url=https://www.myfonts.com/collections/skypie-summary-font-tini-fitriani/
[2026-04-22T08:05:43Z] #223 attempt=1/2 status=200 0.397s url=https://www.myfonts.com/collections/skypie-summary-font-tini-fitriani/?tab=techSpecs
[2026-04-22T08:05:44Z] #224 attempt=1/2 status=200 0.314s url=https://www.myfonts.com/products/regular-mooxy-1136671
[2026-04-22T08:05:45Z] #225 attempt=1/2 status=200 0.341s url=https://www.myfonts.com/collections/mooxy-font-flawlessandco/
[2026-04-22T08:05:45Z] #226 attempt=1/2 status=200 0.313s url=https://www.myfonts.com/collections/mooxy-font-flawlessandco/?tab=techSpecs
[2026-04-22T08:05:46Z] #227 attempt=1/2 status=200 0.332s url=https://www.myfonts.com/products/regular-banso-fuzzy-1136615
[2026-04-22T08:05:47Z] #228 attempt=1/2 status=200 0.285s url=https://www.myfonts.com/collections/banso-fuzzy-font-marvadesign/
[2026-04-22T08:05:47Z] #229 attempt=1/2 status=200 0.172s url=https://www.myfonts.com/collections/banso-fuzzy-font-marvadesign/?tab=techSpecs
[2026-04-22T08:05:48Z] #230 attempt=1/2 status=200 0.342s url=https://www.myfonts.com/products/dreamwave-complete-family-package-1136622
[2026-04-22T08:05:49Z] #231 attempt=1/2 status=200 0.584s url=https://www.myfonts.com/collections/dreamwave-font-vozzy/
[2026-04-22T08:05:50Z] #232 attempt=1/2 status=200 0.525s url=https://www.myfonts.com/collections/dreamwave-font-vozzy/?tab=techSpecs
[2026-04-22T08:05:51Z] #233 attempt=1/2 status=200 0.342s url=https://www.myfonts.com/products/ege-basalt-complete-family-package-1136663
[2026-04-22T08:05:52Z] #234 attempt=1/2 status=200 0.682s url=https://www.myfonts.com/collections/ege-basalt-font-lena-schmidt/
[2026-04-22T08:05:53Z] #235 attempt=1/2 status=200 0.741s url=https://www.myfonts.com/collections/ege-basalt-font-lena-schmidt/?tab=techSpecs
[2026-04-22T08:05:54Z] #236 attempt=1/2 status=200 0.385s url=https://www.myfonts.com/products/okle-complete-family-package-1136660
[2026-04-22T08:05:55Z] #237 attempt=1/2 status=200 0.446s url=https://www.myfonts.com/collections/okle-font-artiveko/
[2026-04-22T08:05:55Z] #238 attempt=1/2 status=200 0.187s url=https://www.myfonts.com/collections/okle-font-artiveko/?tab=techSpecs
[2026-04-22T08:05:57Z] #239 attempt=1/2 status=200 0.437s url=https://www.myfonts.com/products/savero-complete-family-package-1136641
[2026-04-22T08:05:58Z] #240 attempt=1/2 status=200 0.722s url=https://www.myfonts.com/collections/savero-font-vermilione/
[2026-04-22T08:05:59Z] #241 attempt=1/2 status=200 0.639s url=https://www.myfonts.com/collections/savero-font-vermilione/?tab=techSpecs
[2026-04-22T08:06:00Z] #242 attempt=1/2 status=200 0.344s url=https://www.myfonts.com/products/aftershave-complete-family-package-1136638
[2026-04-22T08:06:01Z] #243 attempt=1/2 status=200 0.482s url=https://www.myfonts.com/collections/aftershave-font-vozzy/
[2026-04-22T08:06:01Z] #244 attempt=1/2 status=200 0.447s url=https://www.myfonts.com/collections/aftershave-font-vozzy/?tab=techSpecs
[2026-04-22T08:06:02Z] #245 attempt=1/2 status=200 0.379s url=https://www.myfonts.com/products/spring-spirit-complete-family-package-1136672
[2026-04-22T08:06:03Z] #246 attempt=1/2 status=200 0.517s url=https://www.myfonts.com/collections/spring-spirit-font-bale-type/
[2026-04-22T08:06:04Z] #247 attempt=1/2 status=200 0.798s url=https://www.myfonts.com/collections/spring-spirit-font-bale-type/?tab=techSpecs
[2026-04-22T08:06:06Z] #248 attempt=1/2 status=200 0.493s url=https://www.myfonts.com/products/gyroscope-complete-family-package-1136603
[2026-04-22T08:06:07Z] #249 attempt=1/2 status=200 0.687s url=https://www.myfonts.com/collections/gyroscope-font-milan-pleva/
[2026-04-22T08:06:07Z] #250 attempt=1/2 status=200 0.145s url=https://www.myfonts.com/collections/gyroscope-font-milan-pleva/?tab=techSpecs
[2026-04-22T08:06:09Z] #251 attempt=1/6 status=200 0.861s url=https://www.myfonts.com/products.json?limit=100&page=10
[2026-04-22T08:06:10Z] #252 attempt=1/2 status=200 0.449s url=https://www.myfonts.com/products/adore-mono-complete-family-package-961124
[2026-04-22T08:06:11Z] #253 attempt=1/2 status=200 0.825s url=https://www.myfonts.com/collections/adore-mono-font-garagefonts/
[2026-04-22T08:06:11Z] #254 attempt=1/2 status=200 0.152s url=https://www.myfonts.com/collections/adore-mono-font-garagefonts/?tab=techSpecs
[2026-04-22T08:06:12Z] #255 attempt=1/2 status=200 0.139s url=https://www.myfonts.com/collections/adore-mono-font-garagefonts/
[2026-04-22T08:06:13Z] #256 attempt=1/2 status=200 0.389s url=https://www.myfonts.com/products/modus-complete-family-package-973917
[2026-04-22T08:06:14Z] #257 attempt=1/2 status=200 0.506s url=https://www.myfonts.com/collections/modus-font-garagefonts/
[2026-04-22T08:06:15Z] #258 attempt=1/2 status=200 0.505s url=https://www.myfonts.com/collections/modus-font-garagefonts/?tab=techSpecs
[2026-04-22T08:06:16Z] #259 attempt=1/2 status=200 0.603s url=https://www.myfonts.com/products/ancestri-complete-family-package-1136254
[2026-04-22T08:06:17Z] #260 attempt=1/2 status=200 0.809s url=https://www.myfonts.com/collections/ancestri-font-nollev/
[2026-04-22T08:06:18Z] #261 attempt=1/2 status=200 0.148s url=https://www.myfonts.com/collections/ancestri-font-nollev/?tab=techSpecs
[2026-04-22T08:06:19Z] #262 attempt=1/2 status=200 0.419s url=https://www.myfonts.com/products/monch-neue-complete-family-package-1133973
[2026-04-22T08:06:20Z] #263 attempt=1/2 status=200 0.718s url=https://www.myfonts.com/collections/monch-neue-font-monovo/
[2026-04-22T08:06:21Z] #264 attempt=1/2 status=200 0.887s url=https://www.myfonts.com/collections/monch-neue-font-monovo/?tab=techSpecs
[2026-04-22T08:06:23Z] #265 attempt=1/2 status=200 1.127s url=https://www.myfonts.com/products/bananku-complete-family-package-1136275
[2026-04-22T08:06:25Z] #266 attempt=1/2 status=200 1.578s url=https://www.myfonts.com/collections/bananku-font-alpercakici/
[2026-04-22T08:06:26Z] #267 attempt=1/2 status=200 0.209s url=https://www.myfonts.com/collections/bananku-font-alpercakici/?tab=techSpecs
[2026-04-22T08:06:27Z] #268 attempt=1/2 status=200 0.484s url=https://www.myfonts.com/products/monch-neue-rebellion-complete-family-package-1131247
[2026-04-22T08:06:28Z] #269 attempt=1/2 status=200 0.497s url=https://www.myfonts.com/collections/monch-neue-rebellion-font-monovo/
[2026-04-22T08:06:29Z] #270 attempt=1/2 status=200 0.590s url=https://www.myfonts.com/collections/monch-neue-rebellion-font-monovo/?tab=techSpecs
[2026-04-22T08:06:30Z] #271 attempt=1/2 status=200 0.320s url=https://www.myfonts.com/products/todaya-scriptua-complete-family-package-1136250
[2026-04-22T08:06:31Z] #272 attempt=1/2 status=200 0.557s url=https://www.myfonts.com/collections/todaya-scriptua-font-andfonts/
[2026-04-22T08:06:31Z] #273 attempt=1/2 status=200 0.196s url=https://www.myfonts.com/collections/todaya-scriptua-font-andfonts/?tab=techSpecs
[2026-04-22T08:06:32Z] #274 attempt=1/2 status=200 0.279s url=https://www.myfonts.com/products/regular-befriend-comic-1054163
[2026-04-22T08:06:33Z] #275 attempt=1/2 status=200 0.286s url=https://www.myfonts.com/collections/befriend-comic-font-mvmet/
[2026-04-22T08:06:34Z] #276 attempt=1/2 status=200 0.334s url=https://www.myfonts.com/collections/befriend-comic-font-mvmet/?tab=techSpecs
[2026-04-22T08:06:34Z] #277 attempt=1/2 status=200 0.345s url=https://www.myfonts.com/products/regular-alicante-1054369
[2026-04-22T08:06:35Z] #278 attempt=1/2 status=200 0.297s url=https://www.myfonts.com/collections/alicante-font-simpletype-studios/
[2026-04-22T08:06:35Z] #279 attempt=1/2 status=200 0.146s url=https://www.myfonts.com/collections/alicante-font-simpletype-studios/?tab=techSpecs
[2026-04-22T08:06:36Z] #280 attempt=1/2 status=200 0.351s url=https://www.myfonts.com/products/regular-krumple-1054568
[2026-04-22T08:06:37Z] #281 attempt=1/2 status=200 0.384s url=https://www.myfonts.com/collections/krumple-font-slidehack/
[2026-04-22T08:06:37Z] #282 attempt=1/2 status=200 0.138s url=https://www.myfonts.com/collections/krumple-font-slidehack/?tab=techSpecs
[2026-04-22T08:06:39Z] #283 attempt=1/2 status=200 0.455s url=https://www.myfonts.com/products/regular-manston-1054190
[2026-04-22T08:06:39Z] #284 attempt=1/2 status=200 0.314s url=https://www.myfonts.com/collections/manston-font-rhd-studio/
[2026-04-22T08:06:40Z] #285 attempt=1/2 status=200 0.356s url=https://www.myfonts.com/collections/manston-font-rhd-studio/?tab=techSpecs
[2026-04-22T08:06:41Z] #286 attempt=1/2 status=200 0.344s url=https://www.myfonts.com/products/regular-earlives-1054368
[2026-04-22T08:06:41Z] #287 attempt=1/2 status=200 0.258s url=https://www.myfonts.com/collections/earlives-font-unicode-studio/
[2026-04-22T08:06:42Z] #288 attempt=1/2 status=200 0.475s url=https://www.myfonts.com/collections/earlives-font-unicode-studio/?tab=techSpecs
[2026-04-22T08:06:43Z] #289 attempt=1/2 status=200 0.413s url=https://www.myfonts.com/products/regular-nolgatine-1054191
[2026-04-22T08:06:44Z] #290 attempt=1/2 status=200 0.378s url=https://www.myfonts.com/collections/nolgatine-font-arendxstudio/
[2026-04-22T08:06:45Z] #291 attempt=1/2 status=200 0.711s url=https://www.myfonts.com/collections/nolgatine-font-arendxstudio/?tab=techSpecs
[2026-04-22T08:06:46Z] #292 attempt=1/6 status=200 0.839s url=https://www.myfonts.com/products.json?limit=100&page=11
[2026-04-22T08:06:47Z] #293 attempt=1/2 status=200 0.365s url=https://www.myfonts.com/products/black-blue-blossom-1054213
[2026-04-22T08:06:47Z] #294 attempt=1/2 status=200 0.324s url=https://www.myfonts.com/collections/blue-blossom-font-stockbucket/
[2026-04-22T08:06:48Z] #295 attempt=1/2 status=200 0.443s url=https://www.myfonts.com/collections/blue-blossom-font-stockbucket/?tab=techSpecs
[2026-04-22T08:06:49Z] #296 attempt=1/2 status=200 0.583s url=https://www.myfonts.com/products/ageia-regular-ageia-1054379
[2026-04-22T08:06:50Z] #297 attempt=1/2 status=200 0.268s url=https://www.myfonts.com/collections/ageia-font-lone-army/
[2026-04-22T08:06:50Z] #298 attempt=1/2 status=200 0.132s url=https://www.myfonts.com/collections/ageia-font-lone-army/?tab=techSpecs
[2026-04-22T08:06:51Z] #299 attempt=1/2 status=200 0.322s url=https://www.myfonts.com/products/regular-sweet-dilemma-1054378
[2026-04-22T08:06:52Z] #300 attempt=1/2 status=200 0.289s url=https://www.myfonts.com/collections/sweet-dilemma-font-epiclinez/
[2026-04-22T08:06:52Z] #301 attempt=1/2 status=200 0.312s url=https://www.myfonts.com/collections/sweet-dilemma-font-epiclinez/?tab=techSpecs
[2026-04-22T08:06:53Z] #302 attempt=1/2 status=200 0.301s url=https://www.myfonts.com/products/regular-festagsia-1054940
[2026-04-22T08:06:54Z] #303 attempt=1/2 status=200 0.391s url=https://www.myfonts.com/collections/festagsia-font-phoenix-group/
[2026-04-22T08:06:54Z] #304 attempt=1/2 status=200 0.146s url=https://www.myfonts.com/collections/festagsia-font-phoenix-group/?tab=techSpecs
[2026-04-22T08:06:55Z] #305 attempt=1/2 status=200 0.331s url=https://www.myfonts.com/products/regular-fantine-1054947
[2026-04-22T08:06:56Z] #306 attempt=1/2 status=200 0.392s url=https://www.myfonts.com/collections/fantine-font-phoenix-group/
[2026-04-22T08:06:56Z] #307 attempt=1/2 status=200 0.366s url=https://www.myfonts.com/collections/fantine-font-phoenix-group/?tab=techSpecs
[2026-04-22T08:06:57Z] #308 attempt=1/2 status=200 0.428s url=https://www.myfonts.com/products/regular-honey-marlone-1054923
[2026-04-22T08:06:58Z] #309 attempt=1/2 status=200 0.328s url=https://www.myfonts.com/collections/honey-marlone-font-ergibi-studio/
[2026-04-22T08:06:59Z] #310 attempt=1/2 status=200 0.463s url=https://www.myfonts.com/collections/honey-marlone-font-ergibi-studio/?tab=techSpecs
[2026-04-22T08:07:00Z] #311 attempt=1/2 status=200 0.408s url=https://www.myfonts.com/products/medium-clarice-407921
[2026-04-22T08:07:00Z] #312 attempt=1/2 status=200 0.495s url=https://www.myfonts.com/collections/clarice-font-garagefonts/
[2026-04-22T08:07:01Z] #313 attempt=1/2 status=200 0.520s url=https://www.myfonts.com/collections/clarice-font-garagefonts/?tab=techSpecs
[2026-04-22T08:07:03Z] #314 attempt=1/2 status=200 0.574s url=https://www.myfonts.com/collections/clarice-font-garagefonts/
[2026-04-22T08:07:04Z] #315 attempt=1/2 status=200 0.531s url=https://www.myfonts.com/products/compressed-unicase-fono-407538
[2026-04-22T08:07:04Z] #316 attempt=1/2 status=200 0.519s url=https://www.myfonts.com/collections/fono-font-garagefonts/
[2026-04-22T08:07:05Z] #317 attempt=1/2 status=200 0.372s url=https://www.myfonts.com/collections/fono-font-garagefonts/?tab=techSpecs
[2026-04-22T08:07:07Z] #318 attempt=1/2 status=200 0.545s url=https://www.myfonts.com/collections/fono-font-garagefonts/
[2026-04-22T08:07:07Z] #319 attempt=1/2 status=200 0.334s url=https://www.myfonts.com/products/contour-arbuckle-409291
[2026-04-22T08:07:08Z] #320 attempt=1/2 status=200 0.390s url=https://www.myfonts.com/collections/arbuckle-font-garagefonts/
[2026-04-22T08:07:08Z] #321 attempt=1/2 status=200 0.139s url=https://www.myfonts.com/collections/arbuckle-font-garagefonts/?tab=techSpecs
[2026-04-22T08:07:10Z] #322 attempt=1/2 status=200 0.575s url=https://www.myfonts.com/products/heavy-obl-metroflex-wide-408313
[2026-04-22T08:07:10Z] #323 attempt=1/2 status=200 0.374s url=https://www.myfonts.com/collections/metroflex-wide-font-garagefonts/
[2026-04-22T08:07:11Z] #324 attempt=1/2 status=200 0.431s url=https://www.myfonts.com/collections/metroflex-wide-font-garagefonts/?tab=techSpecs
[2026-04-22T08:07:12Z] #325 attempt=1/2 status=200 0.139s url=https://www.myfonts.com/collections/metroflex-wide-font-garagefonts/
[2026-04-22T08:07:13Z] #326 attempt=1/2 status=200 0.477s url=https://www.myfonts.com/products/med-obl-osf-metroflex-uni-408136
[2026-04-22T08:07:14Z] #327 attempt=1/2 status=200 0.584s url=https://www.myfonts.com/collections/metroflex-uni-font-garagefonts/
[2026-04-22T08:07:14Z] #328 attempt=1/2 status=200 0.137s url=https://www.myfonts.com/collections/metroflex-uni-font-garagefonts/?tab=techSpecs
[2026-04-22T08:07:15Z] #329 attempt=1/2 status=200 0.424s url=https://www.myfonts.com/collections/metroflex-uni-font-garagefonts/
[2026-04-22T08:07:16Z] #330 attempt=1/2 status=200 0.488s url=https://www.myfonts.com/products/light-obl-metroflex-narrow-408056
[2026-04-22T08:07:17Z] #331 attempt=1/2 status=200 0.401s url=https://www.myfonts.com/collections/metroflex-narrow-font-garagefonts/
[2026-04-22T08:07:17Z] #332 attempt=1/2 status=200 0.128s url=https://www.myfonts.com/collections/metroflex-narrow-font-garagefonts/?tab=techSpecs
[2026-04-22T08:07:19Z] #333 attempt=1/2 status=200 0.589s url=https://www.myfonts.com/collections/metroflex-narrow-font-garagefonts/
[2026-04-22T08:07:20Z] #334 attempt=1/6 status=200 1.135s url=https://www.myfonts.com/products.json?limit=100&page=12
[2026-04-22T08:07:21Z] #335 attempt=1/2 status=200 0.415s url=https://www.myfonts.com/products/extra-bold-dotted-weekend-538259
[2026-04-22T08:07:22Z] #336 attempt=1/2 status=200 0.461s url=https://www.myfonts.com/collections/dotted-weekend-font-garagefonts/
[2026-04-22T08:07:22Z] #337 attempt=1/2 status=200 0.135s url=https://www.myfonts.com/collections/dotted-weekend-font-garagefonts/?tab=techSpecs
[2026-04-22T08:07:23Z] #338 attempt=1/2 status=200 0.367s url=https://www.myfonts.com/collections/dotted-weekend-font-garagefonts/
[2026-04-22T08:07:24Z] #339 attempt=1/2 status=404 0.244s url=https://www.myfonts.com/collections/extra-bold-dotted-weekend-538259-font-garagefonts
[2026-04-22T08:07:25Z] #340 attempt=1/2 status=200 0.378s url=https://www.myfonts.com/products/bold-alternates-rough-weekend-538390
[2026-04-22T08:07:25Z] #341 attempt=1/2 status=200 0.339s url=https://www.myfonts.com/collections/rough-weekend-font-garagefonts/
[2026-04-22T08:07:26Z] #342 attempt=1/2 status=200 0.392s url=https://www.myfonts.com/collections/rough-weekend-font-garagefonts/?tab=techSpecs
[2026-04-22T08:07:27Z] #343 attempt=1/2 status=200 0.409s url=https://www.myfonts.com/collections/rough-weekend-font-garagefonts/
[2026-04-22T08:07:27Z] #344 attempt=1/2 status=404 0.176s url=https://www.myfonts.com/collections/bold-alternates-rough-weekend-538390-font-garagefonts
[2026-04-22T08:07:28Z] #345 attempt=1/2 status=200 0.360s url=https://www.myfonts.com/products/normal-alternates-nice-weekend-538346
[2026-04-22T08:07:29Z] #346 attempt=1/2 status=200 0.360s url=https://www.myfonts.com/collections/nice-weekend-font-garagefonts/
[2026-04-22T08:07:29Z] #347 attempt=1/2 status=200 0.594s url=https://www.myfonts.com/collections/nice-weekend-font-garagefonts/?tab=techSpecs
[2026-04-22T08:07:31Z] #348 attempt=1/2 status=200 0.401s url=https://www.myfonts.com/collections/nice-weekend-font-garagefonts/
[2026-04-22T08:07:31Z] #349 attempt=1/2 status=404 0.255s url=https://www.myfonts.com/collections/normal-alternates-nice-weekend-538346-font-garagefonts
[2026-04-22T08:07:32Z] #350 attempt=1/2 status=200 0.384s url=https://www.myfonts.com/products/light-archive-538397
[2026-04-22T08:07:33Z] #351 attempt=1/2 status=200 0.488s url=https://www.myfonts.com/collections/archive-font-garagefonts/
[2026-04-22T08:07:33Z] #352 attempt=1/2 status=200 0.171s url=https://www.myfonts.com/collections/archive-font-garagefonts/?tab=techSpecs
[2026-04-22T08:07:35Z] #353 attempt=1/2 status=200 0.564s url=https://www.myfonts.com/collections/archive-font-garagefonts/
[2026-04-22T08:07:35Z] #354 attempt=1/2 status=404 0.198s url=https://www.myfonts.com/collections/light-archive-538397-font-garagefonts
[2026-04-22T08:07:36Z] #355 attempt=1/2 status=200 0.693s url=https://www.myfonts.com/products/medium-district-pro-412176
[2026-04-22T08:07:37Z] #356 attempt=1/2 status=200 0.432s url=https://www.myfonts.com/collections/district-pro-font-garagefonts/
[2026-04-22T08:07:37Z] #357 attempt=1/2 status=200 0.317s url=https://www.myfonts.com/collections/district-pro-font-garagefonts/?tab=techSpecs
[2026-04-22T08:07:38Z] #358 attempt=1/2 status=200 0.421s url=https://www.myfonts.com/products/black-homage-condensed-415710
[2026-04-22T08:07:39Z] #359 attempt=1/2 status=200 0.384s url=https://www.myfonts.com/collections/homage-condensed-font-garagefonts/
[2026-04-22T08:07:40Z] #360 attempt=1/2 status=200 0.433s url=https://www.myfonts.com/collections/homage-condensed-font-garagefonts/?tab=techSpecs
[2026-04-22T08:07:41Z] #361 attempt=1/2 status=200 0.273s url=https://www.myfonts.com/products/regular-homage-script-415695
[2026-04-22T08:07:41Z] #362 attempt=1/2 status=200 0.368s url=https://www.myfonts.com/collections/homage-script-font-garagefonts/
[2026-04-22T08:07:42Z] #363 attempt=1/2 status=200 0.141s url=https://www.myfonts.com/collections/homage-script-font-garagefonts/?tab=techSpecs
[2026-04-22T08:07:44Z] #364 attempt=1/6 status=200 0.926s url=https://www.myfonts.com/products.json?limit=100&page=13
[2026-04-22T08:07:45Z] #365 attempt=1/2 status=200 1.335s url=https://www.myfonts.com/products/rigeras-ultra-expanded-package-1136130
[2026-04-22T08:07:49Z] #366 attempt=1/2 status=500 3.195s url=https://www.myfonts.com/collections/rigeras-font-seniors-studio/
[2026-04-22T08:07:49Z] #367 attempt=1/2 status=404 0.205s url=https://www.myfonts.com/collections/rigeras-ultra-expanded-font-seniors-studio
[2026-04-22T08:07:50Z] #368 attempt=1/2 status=200 0.430s url=https://www.myfonts.com/products/limit-text-normal-package-1135841
[2026-04-22T08:07:51Z] #369 attempt=1/2 status=200 0.933s url=https://www.myfonts.com/collections/limit-text-font-bold-guystm/
[2026-04-22T08:07:53Z] #370 attempt=1/2 status=200 1.227s url=https://www.myfonts.com/collections/limit-text-font-bold-guystm/?tab=techSpecs
[2026-04-22T08:07:54Z] #371 attempt=1/2 status=200 0.312s url=https://www.myfonts.com/products/limit-micro-compressed-package-1135770
[2026-04-22T08:07:55Z] #372 attempt=1/2 status=200 0.781s url=https://www.myfonts.com/collections/limit-micro-font-bold-guystm/
[2026-04-22T08:07:56Z] #373 attempt=1/2 status=200 1.074s url=https://www.myfonts.com/collections/limit-micro-font-bold-guystm/?tab=techSpecs
[2026-04-22T08:07:58Z] #374 attempt=1/2 status=200 0.512s url=https://www.myfonts.com/products/limit-display-normal-package-1136009
[2026-04-22T08:07:59Z] #375 attempt=1/2 status=200 0.942s url=https://www.myfonts.com/collections/limit-display-font-bold-guystm/
[2026-04-22T08:08:01Z] #376 attempt=1/2 status=200 1.331s url=https://www.myfonts.com/collections/limit-display-font-bold-guystm/?tab=techSpecs
[2026-04-22T08:08:02Z] #377 attempt=1/2 status=200 0.377s url=https://www.myfonts.com/products/limit-micro-variable-concept-complete-family-package-1135724
[2026-04-22T08:08:03Z] #378 attempt=1/2 status=200 0.378s url=https://www.myfonts.com/collections/limit-micro-variable-concept-font-bold-guystm/
[2026-04-22T08:08:04Z] #379 attempt=1/2 status=200 0.495s url=https://www.myfonts.com/collections/limit-micro-variable-concept-font-bold-guystm/?tab=techSpecs
[2026-04-22T08:08:05Z] #380 attempt=1/2 status=200 0.322s url=https://www.myfonts.com/products/limit-display-variable-concept-complete-family-package-1135716
[2026-04-22T08:08:06Z] #381 attempt=1/2 status=200 0.462s url=https://www.myfonts.com/collections/limit-display-variable-concept-font-bold-guystm/
[2026-04-22T08:08:07Z] #382 attempt=1/2 status=200 0.541s url=https://www.myfonts.com/collections/limit-display-variable-concept-font-bold-guystm/?tab=techSpecs
[2026-04-22T08:08:09Z] #383 attempt=1/2 status=200 1.226s url=https://www.myfonts.com/products/expanded-package-1135715
[2026-04-22T08:08:12Z] #384 attempt=1/2 status=200 2.383s url=https://www.myfonts.com/collections/sharink-font-nia-typework/
[2026-04-22T08:08:15Z] #385 attempt=1/2 status=200 2.403s url=https://www.myfonts.com/collections/sharink-font-nia-typework/?tab=techSpecs
[2026-04-22T08:08:16Z] #386 attempt=1/2 status=200 0.341s url=https://www.myfonts.com/products/limit-variable-concept-full-complete-family-package-1136010
[2026-04-22T08:08:17Z] #387 attempt=1/2 status=200 0.469s url=https://www.myfonts.com/collections/limit-variable-concept-full-font-bold-guystm/
[2026-04-22T08:08:17Z] #388 attempt=1/2 status=200 0.141s url=https://www.myfonts.com/collections/limit-variable-concept-full-font-bold-guystm/?tab=techSpecs
[2026-04-22T08:08:19Z] #389 attempt=1/2 status=200 1.123s url=https://www.myfonts.com/products/climber-complete-family-package-1136131
[2026-04-22T08:08:21Z] #390 attempt=1/2 status=200 1.527s url=https://www.myfonts.com/collections/climber-font-alpercakici/
[2026-04-22T08:08:22Z] #391 attempt=1/2 status=200 0.208s url=https://www.myfonts.com/collections/climber-font-alpercakici/?tab=techSpecs
[2026-04-22T08:08:24Z] #392 attempt=1/2 status=200 0.602s url=https://www.myfonts.com/products/midgard-complete-family-package-1136014
[2026-04-22T08:08:25Z] #393 attempt=1/2 status=200 1.046s url=https://www.myfonts.com/collections/midgard-font-alpercakici/
[2026-04-22T08:08:26Z] #394 attempt=1/2 status=200 0.760s url=https://www.myfonts.com/collections/midgard-font-alpercakici/?tab=techSpecs
[2026-04-22T08:08:27Z] #395 attempt=1/2 status=200 0.483s url=https://www.myfonts.com/products/limit-text-variable-concept-complete-family-package-1135720
[2026-04-22T08:08:28Z] #396 attempt=1/2 status=200 0.507s url=https://www.myfonts.com/collections/limit-text-variable-concept-font-bold-guystm/
[2026-04-22T08:08:29Z] #397 attempt=1/2 status=200 0.183s url=https://www.myfonts.com/collections/limit-text-variable-concept-font-bold-guystm/?tab=techSpecs
[2026-04-22T08:08:31Z] #398 attempt=1/6 status=200 0.761s url=https://www.myfonts.com/products.json?limit=100&page=14
[2026-04-22T08:08:32Z] #399 attempt=1/6 status=200 0.697s url=https://www.myfonts.com/products.json?limit=100&page=15
[2026-04-22T08:08:33Z] #400 attempt=1/6 status=200 0.804s url=https://www.myfonts.com/products.json?limit=100&page=16
[2026-04-22T08:08:34Z] #401 attempt=1/2 status=200 0.404s url=https://www.myfonts.com/products/loceane-complete-family-package-1135652
[2026-04-22T08:08:35Z] #402 attempt=1/2 status=200 0.680s url=https://www.myfonts.com/collections/loceane-font-mirachma/
[2026-04-22T08:08:36Z] #403 attempt=1/2 status=200 0.534s url=https://www.myfonts.com/collections/loceane-font-mirachma/?tab=techSpecs
[2026-04-22T08:08:37Z] #404 attempt=1/2 status=200 0.393s url=https://www.myfonts.com/products/angusta-complete-family-package-1135639
[2026-04-22T08:08:38Z] #405 attempt=1/2 status=200 0.500s url=https://www.myfonts.com/collections/angusta-font-the-northern-block/
[2026-04-22T08:08:38Z] #406 attempt=1/2 status=200 0.145s url=https://www.myfonts.com/collections/angusta-font-the-northern-block/?tab=techSpecs
[2026-04-22T08:08:39Z] #407 attempt=1/2 status=200 0.406s url=https://www.myfonts.com/products/regular-label-machine-1135709
[2026-04-22T08:08:40Z] #408 attempt=1/2 status=200 0.279s url=https://www.myfonts.com/collections/label-machine-font-jeff-levine/
[2026-04-22T08:08:40Z] #409 attempt=1/2 status=200 0.154s url=https://www.myfonts.com/collections/label-machine-font-jeff-levine/?tab=techSpecs
[2026-04-22T08:08:42Z] #410 attempt=1/2 status=200 1.146s url=https://www.myfonts.com/products/modern-elegance-set-package-1135710
[2026-04-22T08:08:42Z] #411 attempt=1/2 status=404 0.165s url=https://www.myfonts.com/collections/modern-elegance-set-font-fontop
[2026-04-22T08:08:44Z] #412 attempt=1/2 status=200 0.961s url=https://www.myfonts.com/products/thinkdust-nanami-font-bundle-package-857723
[2026-04-22T08:08:44Z] #413 attempt=1/2 status=404 0.192s url=https://www.myfonts.com/collections/thinkdust-nanami-font-bundle-font-hyperfluro
[2026-04-22T08:08:45Z] #414 attempt=1/2 status=200 0.340s url=https://www.myfonts.com/products/the-divine-font-bundle-package-945588
[2026-04-22T08:08:45Z] #415 attempt=1/2 status=404 0.171s url=https://www.myfonts.com/collections/the-divine-font-bundle-font-hyperfluro
[2026-04-22T08:08:46Z] #416 attempt=1/2 status=200 0.961s url=https://www.myfonts.com/products/eighty-killer-fonts-one-insane-deal-package-1022813
[2026-04-22T08:08:47Z] #417 attempt=1/2 status=404 0.212s url=https://www.myfonts.com/collections/eighty-killer-fonts-one-insane-deal-font-hyperfluro
[2026-04-22T08:08:47Z] #418 attempt=1/2 status=200 0.674s url=https://www.myfonts.com/products/the-ultimate-font-bundle-for-bold-statements-package-1023030
[2026-04-22T08:08:48Z] #419 attempt=1/2 status=404 0.172s url=https://www.myfonts.com/collections/the-ultimate-font-bundle-for-bold-statements-font-hyperfluro
[2026-04-22T08:08:49Z] #420 attempt=1/2 status=200 0.537s url=https://www.myfonts.com/products/the-cyberpunk-bundle-package-945589
[2026-04-22T08:08:49Z] #421 attempt=1/2 status=404 0.186s url=https://www.myfonts.com/collections/the-cyberpunk-bundle-font-hyperfluro
[2026-04-22T08:08:50Z] #422 attempt=1/2 status=200 0.953s url=https://www.myfonts.com/products/workhorse-pro-bundle-package-1023031
[2026-04-22T08:08:51Z] #423 attempt=1/2 status=404 0.176s url=https://www.myfonts.com/collections/workhorse-pro-bundle-font-hyperfluro
[2026-04-22T08:08:52Z] #424 attempt=1/2 status=200 0.782s url=https://www.myfonts.com/products/ultimate-font-bundle-package-1003954
[2026-04-22T08:08:52Z] #425 attempt=1/2 status=404 0.172s url=https://www.myfonts.com/collections/ultimate-font-bundle-font-hyperfluro
[2026-04-22T08:08:53Z] #426 attempt=1/2 status=200 0.876s url=https://www.myfonts.com/products/111-font-bundle-package-951499
[2026-04-22T08:08:53Z] #427 attempt=1/2 status=404 0.164s url=https://www.myfonts.com/collections/111-font-bundle-font-hyperfluro
[2026-04-22T08:08:54Z] #428 attempt=1/2 status=200 0.569s url=https://www.myfonts.com/products/thinkdust-nanami-font-bundle-package-863063
[2026-04-22T08:08:55Z] #429 attempt=1/2 status=404 0.173s url=https://www.myfonts.com/collections/thinkdust-nanami-font-bundle-font-hyperfluro
[2026-04-22T08:08:56Z] #430 attempt=1/2 status=200 0.709s url=https://www.myfonts.com/products/1-week-wonder-font-bundle-package-1022814
[2026-04-22T08:08:56Z] #431 attempt=1/2 status=404 0.241s url=https://www.myfonts.com/collections/1-week-wonder-font-bundle-font-hyperfluro
[2026-04-22T08:08:57Z] #432 attempt=1/2 status=200 1.174s url=https://www.myfonts.com/products/modern-duo-package-1135657
[2026-04-22T08:08:58Z] #433 attempt=1/2 status=404 0.178s url=https://www.myfonts.com/collections/modern-duo-font-fontop
[2026-04-22T08:08:59Z] #434 attempt=1/2 status=200 1.180s url=https://www.myfonts.com/products/humanist-package-992336
[2026-04-22T08:09:00Z] #435 attempt=1/2 status=404 0.185s url=https://www.myfonts.com/collections/humanist-font-the-northern-block
[2026-04-22T08:09:00Z] #436 attempt=1/2 status=200 0.460s url=https://www.myfonts.com/products/wionah-fellow-complete-family-package-1134902
[2026-04-22T08:09:01Z] #437 attempt=1/2 status=200 0.614s url=https://www.myfonts.com/collections/wionah-fellow-font-tini-fitriani/
[2026-04-22T08:09:02Z] #438 attempt=1/2 status=200 0.494s url=https://www.myfonts.com/collections/wionah-fellow-font-tini-fitriani/?tab=techSpecs
[2026-04-22T08:09:03Z] #439 attempt=1/2 status=200 0.392s url=https://www.myfonts.com/products/curlish-complete-family-package-1135220
[2026-04-22T08:09:04Z] #440 attempt=1/2 status=200 0.505s url=https://www.myfonts.com/collections/curlish-font-cocodesign/
[2026-04-22T08:09:05Z] #441 attempt=1/2 status=200 0.694s url=https://www.myfonts.com/collections/curlish-font-cocodesign/?tab=techSpecs
[2026-04-22T08:09:06Z] #442 attempt=1/2 status=200 0.357s url=https://www.myfonts.com/products/joyfair-complete-family-package-1135216
[2026-04-22T08:09:07Z] #443 attempt=1/2 status=200 0.499s url=https://www.myfonts.com/collections/joyfair-font-nathatype/
[2026-04-22T08:09:07Z] #444 attempt=1/2 status=200 0.132s url=https://www.myfonts.com/collections/joyfair-font-nathatype/?tab=techSpecs
[2026-04-22T08:09:10Z] #445 attempt=1/2 status=200 1.292s url=https://www.myfonts.com/products/standard-package-1134898
[2026-04-22T08:09:12Z] #446 attempt=1/2 status=200 2.202s url=https://www.myfonts.com/collections/bruchey-font-fargun-studio/
[2026-04-22T08:09:15Z] #447 attempt=1/2 status=200 2.258s url=https://www.myfonts.com/collections/bruchey-font-fargun-studio/?tab=techSpecs
[2026-04-22T08:09:17Z] #448 attempt=1/2 status=200 0.368s url=https://www.myfonts.com/products/cavella-society-complete-family-package-1135353
[2026-04-22T08:09:17Z] #449 attempt=1/2 status=200 0.594s url=https://www.myfonts.com/collections/cavella-society-font-black-junst/
[2026-04-22T08:09:18Z] #450 attempt=1/2 status=200 0.138s url=https://www.myfonts.com/collections/cavella-society-font-black-junst/?tab=techSpecs
[2026-04-22T08:09:19Z] #451 attempt=1/2 status=200 0.829s url=https://www.myfonts.com/products/sandport-complete-family-package-1135510
[2026-04-22T08:09:21Z] #452 attempt=1/2 status=200 1.004s url=https://www.myfonts.com/collections/sandport-font-district-62-studio/
[2026-04-22T08:09:23Z] #453 attempt=1/2 status=200 1.464s url=https://www.myfonts.com/collections/sandport-font-district-62-studio/?tab=techSpecs
[2026-04-22T08:09:24Z] #454 attempt=1/2 status=200 0.551s url=https://www.myfonts.com/products/geshing-complete-family-package-1135579
[2026-04-22T08:09:25Z] #455 attempt=1/2 status=200 0.768s url=https://www.myfonts.com/collections/geshing-font-syafbe/
[2026-04-22T08:09:26Z] #456 attempt=1/2 status=200 0.772s url=https://www.myfonts.com/collections/geshing-font-syafbe/?tab=techSpecs
[2026-04-22T08:09:27Z] #457 attempt=1/2 status=200 0.348s url=https://www.myfonts.com/products/melted-donuts-complete-family-package-1135511
[2026-04-22T08:09:28Z] #458 attempt=1/2 status=200 0.566s url=https://www.myfonts.com/collections/melted-donuts-font-letterafandi-studio/
[2026-04-22T08:09:29Z] #459 attempt=1/2 status=200 0.629s url=https://www.myfonts.com/collections/melted-donuts-font-letterafandi-studio/?tab=techSpecs
[2026-04-22T08:09:30Z] #460 attempt=1/2 status=200 0.294s url=https://www.myfonts.com/products/sora-carnel-complete-family-package-1134797
[2026-04-22T08:09:31Z] #461 attempt=1/2 status=200 0.394s url=https://www.myfonts.com/collections/sora-carnel-font-vermilione/
[2026-04-22T08:09:32Z] #462 attempt=1/2 status=200 0.499s url=https://www.myfonts.com/collections/sora-carnel-font-vermilione/?tab=techSpecs
[2026-04-22T08:09:33Z] #463 attempt=1/2 status=200 0.367s url=https://www.myfonts.com/products/raban-complete-family-package-1134791
[2026-04-22T08:09:33Z] #464 attempt=1/2 status=200 0.482s url=https://www.myfonts.com/collections/raban-font-borutta/
[2026-04-22T08:09:34Z] #465 attempt=1/2 status=200 0.174s url=https://www.myfonts.com/collections/raban-font-borutta/?tab=techSpecs
[2026-04-22T08:09:36Z] #466 attempt=1/2 status=200 0.422s url=https://www.myfonts.com/products/warfield-complete-family-package-1135234
[2026-04-22T08:09:36Z] #467 attempt=1/2 status=200 0.513s url=https://www.myfonts.com/collections/warfield-font-defharo/
[2026-04-22T08:09:37Z] #468 attempt=1/2 status=200 0.562s url=https://www.myfonts.com/collections/warfield-font-defharo/?tab=techSpecs
[2026-04-22T08:09:38Z] #469 attempt=1/2 status=200 0.368s url=https://www.myfonts.com/products/blue-cosmic-complete-family-package-1134800
[2026-04-22T08:09:39Z] #470 attempt=1/2 status=200 0.463s url=https://www.myfonts.com/collections/blue-cosmic-font-font-liner/
[2026-04-22T08:09:40Z] #471 attempt=1/2 status=200 0.461s url=https://www.myfonts.com/collections/blue-cosmic-font-font-liner/?tab=techSpecs
[2026-04-22T08:09:41Z] #472 attempt=1/2 status=200 0.323s url=https://www.myfonts.com/products/plumgumty-complete-family-package-1135559
[2026-04-22T08:09:42Z] #473 attempt=1/2 status=200 0.414s url=https://www.myfonts.com/collections/plumgumty-font-rashdrawn/
[2026-04-22T08:09:42Z] #474 attempt=1/2 status=200 0.129s url=https://www.myfonts.com/collections/plumgumty-font-rashdrawn/?tab=techSpecs
[2026-04-22T08:09:43Z] #475 attempt=1/2 status=200 0.297s url=https://www.myfonts.com/products/violetta-estrada-complete-family-package-1135225
[2026-04-22T08:09:44Z] #476 attempt=1/2 status=200 0.539s url=https://www.myfonts.com/collections/violetta-estrada-font-qweera-studio/
[2026-04-22T08:09:45Z] #477 attempt=1/2 status=200 0.535s url=https://www.myfonts.com/collections/violetta-estrada-font-qweera-studio/?tab=techSpecs
[2026-04-22T08:09:46Z] #478 attempt=1/2 status=200 0.474s url=https://www.myfonts.com/products/pn-harpischord-complete-family-package-1135474
[2026-04-22T08:09:47Z] #479 attempt=1/2 status=200 0.676s url=https://www.myfonts.com/collections/pn-harpischord-font-lettering-delights/
[2026-04-22T08:09:48Z] #480 attempt=1/2 status=200 0.161s url=https://www.myfonts.com/collections/pn-harpischord-font-lettering-delights/?tab=techSpecs
[2026-04-22T08:09:49Z] #481 attempt=1/2 status=200 0.445s url=https://www.myfonts.com/products/atherna-complete-family-package-1135487
[2026-04-22T08:09:49Z] #482 attempt=1/2 status=200 0.422s url=https://www.myfonts.com/collections/atherna-font-burntilldead/
[2026-04-22T08:09:50Z] #483 attempt=1/2 status=200 0.144s url=https://www.myfonts.com/collections/atherna-font-burntilldead/?tab=techSpecs
[2026-04-22T08:09:52Z] #484 attempt=1/6 status=200 0.997s url=https://www.myfonts.com/products.json?limit=100&page=17
[2026-04-22T08:09:53Z] #485 attempt=1/2 status=200 0.375s url=https://www.myfonts.com/products/blah-blah-upper-complete-family-package-1135628
[2026-04-22T08:09:53Z] #486 attempt=1/2 status=200 0.575s url=https://www.myfonts.com/collections/blah-blah-upper-font-comicraft/
[2026-04-22T08:09:54Z] #487 attempt=1/2 status=200 0.499s url=https://www.myfonts.com/collections/blah-blah-upper-font-comicraft/?tab=techSpecs
[2026-04-22T08:09:56Z] #488 attempt=1/2 status=200 0.932s url=https://www.myfonts.com/products/version-c-package-1134789
[2026-04-22T08:09:57Z] #489 attempt=1/2 status=200 1.238s url=https://www.myfonts.com/collections/version-t-font-pizzatypefaces/
[2026-04-22T08:09:59Z] #490 attempt=1/2 status=200 1.559s url=https://www.myfonts.com/collections/version-t-font-pizzatypefaces/?tab=techSpecs
[2026-04-22T08:10:01Z] #491 attempt=1/2 status=200 0.428s url=https://www.myfonts.com/products/perfect-roman-complete-family-package-1135615
[2026-04-22T08:10:02Z] #492 attempt=1/2 status=200 0.828s url=https://www.myfonts.com/collections/perfect-roman-font-flanker/
[2026-04-22T08:10:03Z] #493 attempt=1/2 status=200 0.657s url=https://www.myfonts.com/collections/perfect-roman-font-flanker/?tab=techSpecs
[2026-04-22T08:10:04Z] #494 attempt=1/2 status=200 0.414s url=https://www.myfonts.com/products/pn-beautimous-complete-family-package-1135459
[2026-04-22T08:10:05Z] #495 attempt=1/2 status=200 0.662s url=https://www.myfonts.com/collections/pn-beautimous-font-lettering-delights/
[2026-04-22T08:10:06Z] #496 attempt=1/2 status=200 0.717s url=https://www.myfonts.com/collections/pn-beautimous-font-lettering-delights/?tab=techSpecs
[2026-04-22T08:10:07Z] #497 attempt=1/2 status=200 0.313s url=https://www.myfonts.com/products/rosy-meadow-complete-family-package-1134908
[2026-04-22T08:10:08Z] #498 attempt=1/2 status=200 0.489s url=https://www.myfonts.com/collections/rosy-meadow-font-shanaf/
[2026-04-22T08:10:09Z] #499 attempt=1/2 status=200 0.496s url=https://www.myfonts.com/collections/rosy-meadow-font-shanaf/?tab=techSpecs
[2026-04-22T08:10:10Z] #500 attempt=1/2 status=200 0.309s url=https://www.myfonts.com/products/dreamy-glitter-complete-family-package-1135210
[2026-04-22T08:10:11Z] #501 attempt=1/2 status=200 0.379s url=https://www.myfonts.com/collections/dreamy-glitter-font-rashdrawn/
[2026-04-22T08:10:11Z] #502 attempt=1/2 status=200 0.150s url=https://www.myfonts.com/collections/dreamy-glitter-font-rashdrawn/?tab=techSpecs
[2026-04-22T08:10:12Z] #503 attempt=1/2 status=200 0.536s url=https://www.myfonts.com/products/ragu-complete-family-package-1135023
[2026-04-22T08:10:13Z] #504 attempt=1/2 status=200 0.649s url=https://www.myfonts.com/collections/ragu-font-nova-type-foundry/
[2026-04-22T08:10:14Z] #505 attempt=1/2 status=200 0.147s url=https://www.myfonts.com/collections/ragu-font-nova-type-foundry/?tab=techSpecs
[2026-04-22T08:10:15Z] #506 attempt=1/2 status=200 0.319s url=https://www.myfonts.com/products/clusty-complete-family-package-1135501
[2026-04-22T08:10:16Z] #507 attempt=1/2 status=200 0.468s url=https://www.myfonts.com/collections/clusty-font-ragamkata/
[2026-04-22T08:10:16Z] #508 attempt=1/2 status=200 0.391s url=https://www.myfonts.com/collections/clusty-font-ragamkata/?tab=techSpecs
[2026-04-22T08:10:17Z] #509 attempt=1/2 status=200 0.403s url=https://www.myfonts.com/products/georgia-praline-script-complete-family-package-1135506
[2026-04-22T08:10:18Z] #510 attempt=1/2 status=200 0.558s url=https://www.myfonts.com/collections/georgia-praline-script-font-font-liner/
[2026-04-22T08:10:19Z] #511 attempt=1/2 status=200 0.523s url=https://www.myfonts.com/collections/georgia-praline-script-font-font-liner/?tab=techSpecs
[2026-04-22T08:10:20Z] #512 attempt=1/2 status=200 0.370s url=https://www.myfonts.com/products/zp-red-roses-complete-family-package-1135448
[2026-04-22T08:10:21Z] #513 attempt=1/2 status=200 0.436s url=https://www.myfonts.com/collections/zp-red-roses-font-lettering-delights/
[2026-04-22T08:10:21Z] #514 attempt=1/2 status=200 0.124s url=https://www.myfonts.com/collections/zp-red-roses-font-lettering-delights/?tab=techSpecs
[2026-04-22T08:10:22Z] #515 attempt=1/2 status=200 0.313s url=https://www.myfonts.com/products/huffleheim-complete-family-package-1135228
[2026-04-22T08:10:23Z] #516 attempt=1/2 status=200 0.430s url=https://www.myfonts.com/collections/huffleheim-font-qweera-studio/
[2026-04-22T08:10:24Z] #517 attempt=1/2 status=200 0.460s url=https://www.myfonts.com/collections/huffleheim-font-qweera-studio/?tab=techSpecs
[2026-04-22T08:10:25Z] #518 attempt=1/2 status=200 0.540s url=https://www.myfonts.com/products/screwby-complete-family-package-1118856
[2026-04-22T08:10:27Z] #519 attempt=1/2 status=200 1.127s url=https://www.myfonts.com/collections/screwby-font-pink-broccoli/
[2026-04-22T08:10:28Z] #520 attempt=1/2 status=200 0.997s url=https://www.myfonts.com/collections/screwby-font-pink-broccoli/?tab=techSpecs
[2026-04-22T08:10:29Z] #521 attempt=1/2 status=200 0.297s url=https://www.myfonts.com/products/yinderia-complete-family-package-1135493
[2026-04-22T08:10:30Z] #522 attempt=1/2 status=200 0.443s url=https://www.myfonts.com/collections/yinderia-font-tini-fitriani/
[2026-04-22T08:10:31Z] #523 attempt=1/2 status=200 0.531s url=https://www.myfonts.com/collections/yinderia-font-tini-fitriani/?tab=techSpecs
[2026-04-22T08:10:32Z] #524 attempt=1/2 status=200 0.364s url=https://www.myfonts.com/products/segalys-complete-family-package-1134723
[2026-04-22T08:10:33Z] #525 attempt=1/2 status=200 0.534s url=https://www.myfonts.com/collections/segalys-font-enfeeltype/
[2026-04-22T08:10:33Z] #526 attempt=1/2 status=200 0.626s url=https://www.myfonts.com/collections/segalys-font-enfeeltype/?tab=techSpecs
[2026-04-22T08:10:35Z] #527 attempt=1/2 status=200 0.407s url=https://www.myfonts.com/products/exatron-complete-family-package-1135599
[2026-04-22T08:10:36Z] #528 attempt=1/2 status=200 0.584s url=https://www.myfonts.com/collections/exatron-font-hipfonts/
[2026-04-22T08:10:37Z] #529 attempt=1/2 status=200 0.574s url=https://www.myfonts.com/collections/exatron-font-hipfonts/?tab=techSpecs
[2026-04-22T08:10:38Z] #530 attempt=1/2 status=200 0.317s url=https://www.myfonts.com/products/maison-veloria-complete-family-package-1134912
[2026-04-22T08:10:38Z] #531 attempt=1/2 status=200 0.410s url=https://www.myfonts.com/collections/maison-veloria-font-shanaf/
[2026-04-22T08:10:39Z] #532 attempt=1/2 status=200 0.714s url=https://www.myfonts.com/collections/maison-veloria-font-shanaf/?tab=techSpecs
[2026-04-22T08:10:41Z] #533 attempt=1/2 status=200 0.538s url=https://www.myfonts.com/products/mexican-brotherhood-complete-family-package-1135350
[2026-04-22T08:10:42Z] #534 attempt=1/2 status=200 0.476s url=https://www.myfonts.com/collections/mexican-brotherhood-font-woodcutter/
[2026-04-22T08:10:43Z] #535 attempt=1/2 status=200 0.522s url=https://www.myfonts.com/collections/mexican-brotherhood-font-woodcutter/?tab=techSpecs
[2026-04-22T08:10:44Z] #536 attempt=1/2 status=200 0.419s url=https://www.myfonts.com/products/morally-northern-complete-family-package-1135497
[2026-04-22T08:10:44Z] #537 attempt=1/2 status=200 0.473s url=https://www.myfonts.com/collections/morally-northern-font-marvadesign/
[2026-04-22T08:10:45Z] #538 attempt=1/2 status=200 0.641s url=https://www.myfonts.com/collections/morally-northern-font-marvadesign/?tab=techSpecs
[2026-04-22T08:10:47Z] #539 attempt=1/2 status=200 0.336s url=https://www.myfonts.com/products/gelgira-complete-family-package-1135231
[2026-04-22T08:10:47Z] #540 attempt=1/2 status=200 0.493s url=https://www.myfonts.com/collections/gelgira-font-qweera-studio/
[2026-04-22T08:10:48Z] #541 attempt=1/2 status=200 0.484s url=https://www.myfonts.com/collections/gelgira-font-qweera-studio/?tab=techSpecs
[2026-04-22T08:10:50Z] #542 attempt=1/2 status=200 0.543s url=https://www.myfonts.com/products/hint-complete-family-package-1135315
[2026-04-22T08:10:50Z] #543 attempt=1/2 status=200 0.726s url=https://www.myfonts.com/collections/hint-font-paratype/
[2026-04-22T08:10:51Z] #544 attempt=1/2 status=200 0.666s url=https://www.myfonts.com/collections/hint-font-paratype/?tab=techSpecs
[2026-04-22T08:10:53Z] #545 attempt=1/2 status=200 0.930s url=https://www.myfonts.com/products/circular-brush-quareg-1134923
[2026-04-22T08:10:55Z] #546 attempt=1/2 status=200 1.263s url=https://www.myfonts.com/collections/quareg-font-alpercakici/
[2026-04-22T08:10:57Z] #547 attempt=1/2 status=200 1.394s url=https://www.myfonts.com/collections/quareg-font-alpercakici/?tab=techSpecs
[2026-04-22T08:10:58Z] #548 attempt=1/2 status=200 0.497s url=https://www.myfonts.com/products/rough-italic-rochia-1135257
[2026-04-22T08:10:59Z] #549 attempt=1/2 status=200 0.645s url=https://www.myfonts.com/collections/rochia-font-alpercakici/
[2026-04-22T08:11:00Z] #550 attempt=1/2 status=200 0.750s url=https://www.myfonts.com/collections/rochia-font-alpercakici/?tab=techSpecs
[2026-04-22T08:11:02Z] #551 attempt=1/2 status=200 1.030s url=https://www.myfonts.com/products/circular-outline-italic-transform-1135137
[2026-04-22T08:11:04Z] #552 attempt=1/2 status=200 1.250s url=https://www.myfonts.com/collections/transform-font-alpercakici/
[2026-04-22T08:11:06Z] #553 attempt=1/2 status=200 1.577s url=https://www.myfonts.com/collections/transform-font-alpercakici/?tab=techSpecs
[2026-04-22T08:11:08Z] #554 attempt=1/2 status=200 0.491s url=https://www.myfonts.com/products/brush-charro-1135291
[2026-04-22T08:11:09Z] #555 attempt=1/2 status=200 0.722s url=https://www.myfonts.com/collections/charro-font-alpercakici/
[2026-04-22T08:11:09Z] #556 attempt=1/2 status=200 0.167s url=https://www.myfonts.com/collections/charro-font-alpercakici/?tab=techSpecs
[2026-04-22T08:11:11Z] #557 attempt=1/2 status=200 0.542s url=https://www.myfonts.com/products/compressed-light-italic-forley-micro-1135073
[2026-04-22T08:11:12Z] #558 attempt=1/2 status=200 1.210s url=https://www.myfonts.com/collections/forley-micro-font-monotype-imaging/
[2026-04-22T08:11:13Z] #559 attempt=1/2 status=200 0.156s url=https://www.myfonts.com/collections/forley-micro-font-monotype-imaging/?tab=techSpecs
[2026-04-22T08:11:14Z] #560 attempt=1/2 status=200 0.563s url=https://www.myfonts.com/products/semibold-baga-1135019
[2026-04-22T08:11:15Z] #561 attempt=1/2 status=200 0.534s url=https://www.myfonts.com/collections/baga-font-nova-type-foundry/
[2026-04-22T08:11:16Z] #562 attempt=1/2 status=200 0.769s url=https://www.myfonts.com/collections/baga-font-nova-type-foundry/?tab=techSpecs
[2026-04-22T08:11:18Z] #563 attempt=1/2 status=200 0.488s url=https://www.myfonts.com/products/regular-cynthera-grace-1134729
[2026-04-22T08:11:18Z] #564 attempt=1/2 status=200 0.331s url=https://www.myfonts.com/collections/cynthera-grace-font-qiubare-studio/
[2026-04-22T08:11:19Z] #565 attempt=1/2 status=200 0.283s url=https://www.myfonts.com/collections/cynthera-grace-font-qiubare-studio/?tab=techSpecs
[2026-04-22T08:11:20Z] #566 attempt=1/2 status=200 0.309s url=https://www.myfonts.com/products/rinaz-regular-rinaz-1134831
[2026-04-22T08:11:20Z] #567 attempt=1/2 status=200 0.322s url=https://www.myfonts.com/collections/rinaz-font-razetype/
[2026-04-22T08:11:21Z] #568 attempt=1/2 status=200 0.318s url=https://www.myfonts.com/collections/rinaz-font-razetype/?tab=techSpecs
[2026-04-22T08:11:22Z] #569 attempt=1/6 status=200 0.770s url=https://www.myfonts.com/products.json?limit=100&page=18
[2026-04-22T08:11:23Z] #570 attempt=1/2 status=200 0.350s url=https://www.myfonts.com/products/regular-cursive-amber-1134731
[2026-04-22T08:11:24Z] #571 attempt=1/2 status=200 0.432s url=https://www.myfonts.com/collections/cursive-amber-font-timurtype/
[2026-04-22T08:11:24Z] #572 attempt=1/2 status=200 0.155s url=https://www.myfonts.com/collections/cursive-amber-font-timurtype/?tab=techSpecs
[2026-04-22T08:11:25Z] #573 attempt=1/2 status=200 0.302s url=https://www.myfonts.com/products/regular-ocean-brezze-1134911
[2026-04-22T08:11:25Z] #574 attempt=1/2 status=200 0.318s url=https://www.myfonts.com/collections/ocean-brezze-font-shanaf/
[2026-04-22T08:11:26Z] #575 attempt=1/2 status=200 0.382s url=https://www.myfonts.com/collections/ocean-brezze-font-shanaf/?tab=techSpecs
[2026-04-22T08:11:27Z] #576 attempt=1/2 status=200 0.305s url=https://www.myfonts.com/products/regular-eriko-1135490
[2026-04-22T08:11:28Z] #577 attempt=1/2 status=200 0.415s url=https://www.myfonts.com/collections/eriko-font-sensatype-studio/
[2026-04-22T08:11:28Z] #578 attempt=1/2 status=200 0.276s url=https://www.myfonts.com/collections/eriko-font-sensatype-studio/?tab=techSpecs
[2026-04-22T08:11:30Z] #579 attempt=1/6 status=200 0.717s url=https://www.myfonts.com/products.json?limit=100&page=19
[2026-04-22T08:11:30Z] #580 attempt=1/2 status=200 0.325s url=https://www.myfonts.com/products/regular-bone-alchemy-1135609
[2026-04-22T08:11:31Z] #581 attempt=1/2 status=200 0.265s url=https://www.myfonts.com/collections/bone-alchemy-font-hipfonts/
[2026-04-22T08:11:31Z] #582 attempt=1/2 status=200 0.387s url=https://www.myfonts.com/collections/bone-alchemy-font-hipfonts/?tab=techSpecs
[2026-04-22T08:11:32Z] #583 attempt=1/2 status=200 0.306s url=https://www.myfonts.com/products/regular-rebel-college-script-1135500
[2026-04-22T08:11:33Z] #584 attempt=1/2 status=200 0.317s url=https://www.myfonts.com/collections/rebel-college-script-font-mvmet/
[2026-04-22T08:11:33Z] #585 attempt=1/2 status=200 0.162s url=https://www.myfonts.com/collections/rebel-college-script-font-mvmet/?tab=techSpecs
[2026-04-22T08:11:35Z] #586 attempt=1/2 status=200 0.317s url=https://www.myfonts.com/products/regular-aroin-1135010
[2026-04-22T08:11:35Z] #587 attempt=1/2 status=200 0.284s url=https://www.myfonts.com/collections/aroin-font-pandeka-studio/
[2026-04-22T08:11:36Z] #588 attempt=1/2 status=200 0.362s url=https://www.myfonts.com/collections/aroin-font-pandeka-studio/?tab=techSpecs
[2026-04-22T08:11:37Z] #589 attempt=1/2 status=200 0.365s url=https://www.myfonts.com/products/regular-zesto-1134905
[2026-04-22T08:11:37Z] #590 attempt=1/2 status=200 0.328s url=https://www.myfonts.com/collections/zesto-font-shanaf/
[2026-04-22T08:11:38Z] #591 attempt=1/2 status=200 0.144s url=https://www.myfonts.com/collections/zesto-font-shanaf/?tab=techSpecs
[2026-04-22T08:11:39Z] #592 attempt=1/6 status=200 0.811s url=https://www.myfonts.com/products.json?limit=100&page=20
[2026-04-22T08:11:40Z] #593 attempt=1/2 status=200 0.362s url=https://www.myfonts.com/products/regular-curlicue-garden-1135219
[2026-04-22T08:11:40Z] #594 attempt=1/2 status=200 0.315s url=https://www.myfonts.com/collections/curlicue-garden-font-denustudio/
[2026-04-22T08:11:41Z] #595 attempt=1/2 status=200 0.256s url=https://www.myfonts.com/collections/curlicue-garden-font-denustudio/?tab=techSpecs
[2026-04-22T08:11:42Z] #596 attempt=1/2 status=200 0.300s url=https://www.myfonts.com/products/regular-roselife-1135215
[2026-04-22T08:11:42Z] #597 attempt=1/2 status=200 0.323s url=https://www.myfonts.com/collections/roselife-font-nathatype/
[2026-04-22T08:11:43Z] #598 attempt=1/2 status=200 0.299s url=https://www.myfonts.com/collections/roselife-font-nathatype/?tab=techSpecs
[2026-04-22T08:11:44Z] #599 attempt=1/2 status=200 0.501s url=https://www.myfonts.com/products/regular-venom-voltage-1135610
[2026-04-22T08:11:44Z] #600 attempt=1/2 status=200 0.289s url=https://www.myfonts.com/collections/venom-voltage-font-hipfonts/
[2026-04-22T08:11:45Z] #601 attempt=1/2 status=200 0.334s url=https://www.myfonts.com/collections/venom-voltage-font-hipfonts/?tab=techSpecs
[2026-04-22T08:11:46Z] #602 attempt=1/2 status=200 0.331s url=https://www.myfonts.com/products/regular-nocpro-1135491
[2026-04-22T08:11:47Z] #603 attempt=1/2 status=200 0.399s url=https://www.myfonts.com/collections/nocpro-font-tini-fitriani/
[2026-04-22T08:11:48Z] #604 attempt=1/2 status=200 0.403s url=https://www.myfonts.com/collections/nocpro-font-tini-fitriani/?tab=techSpecs
[2026-04-22T08:11:49Z] #605 attempt=1/6 status=200 0.725s url=https://www.myfonts.com/products.json?limit=100&page=21
[2026-04-22T08:11:50Z] #606 attempt=1/2 status=200 0.314s url=https://www.myfonts.com/products/regular-crustte-bubbly-1134901
[2026-04-22T08:11:50Z] #607 attempt=1/2 status=200 0.289s url=https://www.myfonts.com/collections/crustte-bubbly-font-tini-fitriani/
[2026-04-22T08:11:51Z] #608 attempt=1/2 status=200 0.135s url=https://www.myfonts.com/collections/crustte-bubbly-font-tini-fitriani/?tab=techSpecs
[2026-04-22T08:11:51Z] #609 attempt=1/2 status=200 0.318s url=https://www.myfonts.com/products/regular-zelqa-1134730
[2026-04-22T08:11:52Z] #610 attempt=1/2 status=200 0.313s url=https://www.myfonts.com/collections/zelqa-font-zaain-type/
[2026-04-22T08:11:53Z] #611 attempt=1/2 status=200 0.267s url=https://www.myfonts.com/collections/zelqa-font-zaain-type/?tab=techSpecs
[2026-04-22T08:11:53Z] #612 attempt=1/2 status=200 0.391s url=https://www.myfonts.com/products/regular-luxmont-1135598
[2026-04-22T08:11:54Z] #613 attempt=1/2 status=200 0.316s url=https://www.myfonts.com/collections/luxmont-font-hipfonts/
[2026-04-22T08:11:55Z] #614 attempt=1/2 status=200 0.334s url=https://www.myfonts.com/collections/luxmont-font-hipfonts/?tab=techSpecs
[2026-04-22T08:11:56Z] #615 attempt=1/6 status=200 0.752s url=https://www.myfonts.com/products.json?limit=100&page=22
[2026-04-22T08:11:57Z] #616 attempt=1/2 status=200 0.297s url=https://www.myfonts.com/products/regular-bristleon-1135209
[2026-04-22T08:11:57Z] #617 attempt=1/2 status=200 0.308s url=https://www.myfonts.com/collections/bristleon-font-rhd-creative/
[2026-04-22T08:11:58Z] #618 attempt=1/2 status=200 0.137s url=https://www.myfonts.com/collections/bristleon-font-rhd-creative/?tab=techSpecs
[2026-04-22T08:11:59Z] #619 attempt=1/2 status=200 0.345s url=https://www.myfonts.com/products/regular-neumonics-1134893
[2026-04-22T08:11:59Z] #620 attempt=1/2 status=200 0.447s url=https://www.myfonts.com/collections/neumonics-font-zamjump/
[2026-04-22T08:12:00Z] #621 attempt=1/2 status=200 0.171s url=https://www.myfonts.com/collections/neumonics-font-zamjump/?tab=techSpecs
[2026-04-22T08:12:01Z] #622 attempt=1/2 status=200 0.295s url=https://www.myfonts.com/products/regular-summer-rhythm-1134907
[2026-04-22T08:12:01Z] #623 attempt=1/2 status=200 0.278s url=https://www.myfonts.com/collections/summer-rhythm-font-shanaf/
[2026-04-22T08:12:01Z] #624 attempt=1/2 status=200 0.162s url=https://www.myfonts.com/collections/summer-rhythm-font-shanaf/?tab=techSpecs
[2026-04-22T08:12:02Z] #625 attempt=1/2 status=200 0.368s url=https://www.myfonts.com/products/regular-vintage-runner-1134906
[2026-04-22T08:12:03Z] #626 attempt=1/2 status=200 0.286s url=https://www.myfonts.com/collections/vintage-runner-font-shanaf/
[2026-04-22T08:12:04Z] #627 attempt=1/2 status=200 0.415s url=https://www.myfonts.com/products/regular-nordic-omen-1135611
[2026-04-22T08:12:04Z] #628 attempt=1/2 status=200 0.317s url=https://www.myfonts.com/collections/nordic-omen-font-hipfonts/
[2026-04-22T08:12:05Z] #629 attempt=1/2 status=200 0.311s url=https://www.myfonts.com/products/regular-vounell-1135473
[2026-04-22T08:12:05Z] #630 attempt=1/2 status=200 0.293s url=https://www.myfonts.com/collections/vounell-font-outerend/
[2026-04-22T08:12:06Z] #631 attempt=1/2 status=200 0.321s url=https://www.myfonts.com/products/regular-gixxer-1134790
[2026-04-22T08:12:06Z] #632 attempt=1/2 status=200 0.295s url=https://www.myfonts.com/collections/gixxer-font-epiclinez/
[2026-04-22T08:12:08Z] #633 attempt=1/6 status=200 0.666s url=https://www.myfonts.com/products.json?limit=100&page=23
[2026-04-22T08:12:08Z] #634 attempt=1/2 status=200 0.281s url=https://www.myfonts.com/products/regular-surge-1135283
[2026-04-22T08:12:09Z] #635 attempt=1/2 status=200 0.442s url=https://www.myfonts.com/collections/surge-font-linecreative/
[2026-04-22T08:12:09Z] #636 attempt=1/2 status=200 0.302s url=https://www.myfonts.com/products/regular-dirello-meadow-1135496
[2026-04-22T08:12:10Z] #637 attempt=1/2 status=200 0.275s url=https://www.myfonts.com/collections/dirello-meadow-font-tini-fitriani/
[2026-04-22T08:12:10Z] #638 attempt=1/2 status=200 0.312s url=https://www.myfonts.com/products/regular-frenchy-1135214
[2026-04-22T08:12:11Z] #639 attempt=1/2 status=200 0.336s url=https://www.myfonts.com/collections/frenchy-font-krismagraph/
[2026-04-22T08:12:11Z] #640 attempt=1/2 status=200 0.289s url=https://www.myfonts.com/products/regular-dango-1135213
[2026-04-22T08:12:12Z] #641 attempt=1/2 status=200 0.321s url=https://www.myfonts.com/collections/dango-font-marvadesign/
[2026-04-22T08:12:13Z] #642 attempt=1/2 status=200 0.466s url=https://www.myfonts.com/products/regular-polais-1135612
[2026-04-22T08:12:13Z] #643 attempt=1/2 status=200 0.322s url=https://www.myfonts.com/collections/polais-font-hipfonts/
[2026-04-22T08:12:15Z] #644 attempt=1/6 status=200 0.651s url=https://www.myfonts.com/products.json?limit=100&page=24
[2026-04-22T08:12:15Z] #645 attempt=1/2 status=200 0.306s url=https://www.myfonts.com/products/regular-pops-cloud-1135492
[2026-04-22T08:12:16Z] #646 attempt=1/2 status=200 0.330s url=https://www.myfonts.com/collections/pops-cloud-font-tini-fitriani/
[2026-04-22T08:12:16Z] #647 attempt=1/2 status=200 0.299s url=https://www.myfonts.com/products/regular-suffrot-1134804
[2026-04-22T08:12:17Z] #648 attempt=1/2 status=200 0.302s url=https://www.myfonts.com/collections/suffrot-font-razetype/
[2026-04-22T08:12:17Z] #649 attempt=1/2 status=200 0.269s url=https://www.myfonts.com/products/regular-vanta-1135578
[2026-04-22T08:12:18Z] #650 attempt=1/2 status=200 0.279s url=https://www.myfonts.com/collections/vanta-font-eotype/
[2026-04-22T08:12:19Z] #651 attempt=1/6 status=200 0.713s url=https://www.myfonts.com/products.json?limit=100&page=25
[2026-04-22T08:12:20Z] #652 attempt=1/2 status=200 0.348s url=https://www.myfonts.com/products/regular-te-quran-surah1-tharwat-1135638
[2026-04-22T08:12:20Z] #653 attempt=1/2 status=200 0.331s url=https://www.myfonts.com/collections/te-quran-surah1-tharwat-font-tharwat-emara/
[2026-04-22T08:12:21Z] #654 attempt=1/2 status=200 0.317s url=https://www.myfonts.com/products/regular-te-quran-surah3-tharwat-1135637
[2026-04-22T08:12:21Z] #655 attempt=1/2 status=200 0.283s url=https://www.myfonts.com/collections/te-quran-surah3-tharwat-font-tharwat-emara/
[2026-04-22T08:12:22Z] #656 attempt=1/2 status=200 0.336s url=https://www.myfonts.com/products/regular-te-quran-surah2-tharwat-1135636
[2026-04-22T08:12:23Z] #657 attempt=1/2 status=200 0.381s url=https://www.myfonts.com/collections/te-quran-surah2-tharwat-font-tharwat-emara/
[2026-04-22T08:12:23Z] #658 attempt=1/2 status=200 0.551s url=https://www.myfonts.com/products/novel-sans-hebrew-complete-family-package-1135626
[2026-04-22T08:12:24Z] #659 attempt=1/2 status=200 0.901s url=https://www.myfonts.com/collections/novel-sans-hebrew-font-atlasfontfoundry/
[2026-04-22T08:12:25Z] #660 attempt=1/2 status=200 0.418s url=https://www.myfonts.com/products/novel-sans-greek-complete-family-package-1135625
[2026-04-22T08:12:26Z] #661 attempt=1/2 status=200 0.792s url=https://www.myfonts.com/collections/novel-sans-greek-font-atlasfontfoundry/
[2026-04-22T08:12:27Z] #662 attempt=1/2 status=200 0.581s url=https://www.myfonts.com/products/bold-italic-th-regular-migorta-elegance-1134276
[2026-04-22T08:12:28Z] #663 attempt=1/2 status=200 0.795s url=https://www.myfonts.com/collections/migorta-elegance-font-gold-type/
[2026-04-22T08:12:29Z] #664 attempt=1/2 status=200 0.332s url=https://www.myfonts.com/products/regular-dino-slow-1135457
[2026-04-22T08:12:29Z] #665 attempt=1/2 status=200 0.254s url=https://www.myfonts.com/collections/dino-slow-font-yoga-letter/
[2026-04-22T08:12:30Z] #666 attempt=1/2 status=200 0.289s url=https://www.myfonts.com/products/regular-island-splash-1135456
[2026-04-22T08:12:31Z] #667 attempt=1/2 status=200 0.337s url=https://www.myfonts.com/collections/island-splash-font-yoga-letter/
[2026-04-22T08:12:31Z] #668 attempt=1/2 status=200 0.300s url=https://www.myfonts.com/products/regular-fluffy-woof-1135458
[2026-04-22T08:12:32Z] #669 attempt=1/2 status=200 0.331s url=https://www.myfonts.com/collections/fluffy-woof-font-yoga-letter/
[2026-04-22T08:12:32Z] #670 attempt=1/2 status=200 0.287s url=https://www.myfonts.com/products/regular-peachy-sunshine-1135455
[2026-04-22T08:12:33Z] #671 attempt=1/2 status=200 0.360s url=https://www.myfonts.com/collections/peachy-sunshine-font-yoga-letter/
[2026-04-22T08:12:34Z] #672 attempt=1/2 status=200 0.413s url=https://www.myfonts.com/products/encave-outline-complete-family-package-1135335
[2026-04-22T08:12:34Z] #673 attempt=1/2 status=200 0.519s url=https://www.myfonts.com/collections/encave-outline-font-font-liner/
[2026-04-22T08:12:35Z] #674 attempt=1/2 status=200 0.372s url=https://www.myfonts.com/products/favions-complete-family-package-1135328
[2026-04-22T08:12:36Z] #675 attempt=1/2 status=200 0.491s url=https://www.myfonts.com/collections/favions-font-ragamkata/
[2026-04-22T08:12:36Z] #676 attempt=1/2 status=200 0.362s url=https://www.myfonts.com/products/bull-circus-complete-family-package-1135347
[2026-04-22T08:12:37Z] #677 attempt=1/2 status=200 0.502s url=https://www.myfonts.com/collections/bull-circus-font-woodcutter/
[2026-04-22T08:12:38Z] #678 attempt=1/2 status=200 0.343s url=https://www.myfonts.com/products/velocia-complete-family-package-1135339
[2026-04-22T08:12:38Z] #679 attempt=1/2 status=200 0.469s url=https://www.myfonts.com/collections/velocia-font-vermilione/
[2026-04-22T08:12:39Z] #680 attempt=1/2 status=200 0.313s url=https://www.myfonts.com/products/drigt-complete-family-package-1135325
[2026-04-22T08:12:40Z] #681 attempt=1/2 status=200 0.537s url=https://www.myfonts.com/collections/drigt-font-artiveko/
[2026-04-22T08:12:40Z] #682 attempt=1/2 status=200 0.442s url=https://www.myfonts.com/products/navida-complete-family-package-1135331
[2026-04-22T08:12:41Z] #683 attempt=1/2 status=200 0.568s url=https://www.myfonts.com/collections/navida-font-valorix-studio/
[2026-04-22T08:12:42Z] #684 attempt=1/2 status=200 0.316s url=https://www.myfonts.com/products/saigon-melon-complete-family-package-1135344
[2026-04-22T08:12:43Z] #685 attempt=1/2 status=200 0.447s url=https://www.myfonts.com/collections/saigon-melon-font-woodcutter/
[2026-04-22T08:12:43Z] #686 attempt=1/2 status=200 0.438s url=https://www.myfonts.com/products/bold-derusans-1109105
[2026-04-22T08:12:44Z] #687 attempt=1/2 status=200 0.537s url=https://www.myfonts.com/collections/derusans-font-typerasa/
[2026-04-22T08:12:45Z] #688 attempt=1/2 status=200 0.330s url=https://www.myfonts.com/products/wroteful-authentic-complete-family-package-1122738
[2026-04-22T08:12:45Z] #689 attempt=1/2 status=200 0.401s url=https://www.myfonts.com/collections/wroteful-authentic-font-stylishtype-studio/
[2026-04-22T08:12:48Z] #690 attempt=1/2 status=200 2.027s url=https://www.myfonts.com/products/extra-condensed-package-1134469
[2026-04-22T08:12:51Z] #691 attempt=1/2 status=500 3.245s url=https://www.myfonts.com/collections/nisanbel-font-pista-mova/
[2026-04-22T08:12:51Z] #692 attempt=1/2 status=404 0.171s url=https://www.myfonts.com/collections/extra-condensed-font-pista-mova
[2026-04-22T08:12:52Z] #693 attempt=1/2 status=200 0.602s url=https://www.myfonts.com/products/pencil-italic-montuna-1109311
[2026-04-22T08:12:53Z] #694 attempt=1/2 status=200 0.905s url=https://www.myfonts.com/collections/montuna-font-alpercakici/
[2026-04-22T08:12:53Z] summary releases=16 first_429=None log_file=state/myfonts_run_20260422_080149.log
[2026-04-22T08:12:53Z] saved_success_profile path=state/myfonts_success_profile.json
[2026-04-22T08:12:53Z] === MyFonts crawl end ===
