[2026-09-06T10:45:59Z] checkpoint fresh next_page=1 path=state/myfonts_crawl_checkpoint.json
[2026-09-06T10:45:59Z] === MyFonts crawl start source=myfonts ===
[2026-09-06T10:45:59Z] config max_pages=25 page_size=100 start_date=2026-09-05 end_date=2026-09-06 api_delay=0.5s detail_delay=0.2s max_debut_checks=400 max_tech_specs_checks=200 reuse_success_profile=False always_enrich_packages=True language_script_signal_mode=strong force_fresh_run=False start_page=1 browser_mode=False browser_headless=True browser_storage_state_path=state/myfonts_storage_state.json
[2026-09-06T10:46:01Z] #1 attempt=1/6 status=200 1.003s url=https://www.myfonts.com/products.json?limit=100&page=1
[2026-09-06T10:46:01Z] #2 attempt=1/2 status=200 0.511s url=https://www.myfonts.com/products/black-miroje-1217231
[2026-09-06T10:46:02Z] #3 attempt=1/2 status=200 0.503s url=https://www.myfonts.com/collections/miroje-font-issam-type/
[2026-09-06T10:46:03Z] #4 attempt=1/2 status=200 0.249s url=https://www.myfonts.com/collections/miroje-font-issam-type/?tab=techSpecs
[2026-09-06T10:46:05Z] #5 attempt=1/2 status=200 1.048s url=https://www.myfonts.com/products/modern-minimalist-sans-duo-package-1217220
[2026-09-06T10:46:05Z] #6 attempt=1/2 status=404 0.308s url=https://www.myfonts.com/collections/modern-minimalist-sans-duo-font-fontop
[2026-09-06T10:46:06Z] #7 attempt=1/2 status=200 0.337s url=https://www.myfonts.com/products/qubix-complete-family-package-1217216
[2026-09-06T10:46:06Z] #8 attempt=1/2 status=200 0.365s url=https://www.myfonts.com/collections/qubix-font-xdcreative/
[2026-09-06T10:46:07Z] #9 attempt=1/2 status=200 0.245s url=https://www.myfonts.com/collections/qubix-font-xdcreative/?tab=techSpecs
[2026-09-06T10:46:08Z] #10 attempt=1/2 status=200 0.361s url=https://www.myfonts.com/products/maison-des-pastel-sans-complete-family-package-1215715
[2026-09-06T10:46:09Z] #11 attempt=1/2 status=200 0.425s url=https://www.myfonts.com/collections/maison-des-pastel-sans-font-jolicia-type/
[2026-09-06T10:46:09Z] #12 attempt=1/2 status=200 0.214s url=https://www.myfonts.com/collections/maison-des-pastel-sans-font-jolicia-type/?tab=techSpecs
[2026-09-06T10:46:12Z] #13 attempt=1/2 status=200 1.969s url=https://www.myfonts.com/products/getina-complete-family-package-1216173
[2026-09-06T10:46:16Z] #14 attempt=1/2 status=200 3.529s url=https://www.myfonts.com/collections/getina-font-logic-type/
[2026-09-06T10:46:17Z] #15 attempt=1/2 status=200 0.455s url=https://www.myfonts.com/collections/getina-font-logic-type/?tab=techSpecs
[2026-09-06T10:46:20Z] #16 attempt=1/2 status=200 1.081s url=https://www.myfonts.com/products/ringtab-complete-family-package-1216659
[2026-09-06T10:46:22Z] #17 attempt=1/2 status=200 1.658s url=https://www.myfonts.com/collections/ringtab-font-seethistype/
[2026-09-06T10:46:22Z] #18 attempt=1/2 status=200 0.308s url=https://www.myfonts.com/collections/ringtab-font-seethistype/?tab=techSpecs
[2026-09-06T10:46:24Z] #19 attempt=1/2 status=200 0.409s url=https://www.myfonts.com/products/tg-movga-complete-family-package-1216534
[2026-09-06T10:46:25Z] #20 attempt=1/2 status=200 0.466s url=https://www.myfonts.com/collections/tg-movga-font-typogrid/
[2026-09-06T10:46:25Z] #21 attempt=1/2 status=200 0.231s url=https://www.myfonts.com/collections/tg-movga-font-typogrid/?tab=techSpecs
[2026-09-06T10:46:27Z] #22 attempt=1/2 status=200 0.419s url=https://www.myfonts.com/products/inkora-sans-complete-family-package-1216822
[2026-09-06T10:46:27Z] #23 attempt=1/2 status=200 0.471s url=https://www.myfonts.com/collections/inkora-sans-font-lettertype-studio/
[2026-09-06T10:46:28Z] #24 attempt=1/2 status=200 0.237s url=https://www.myfonts.com/collections/inkora-sans-font-lettertype-studio/?tab=techSpecs
[2026-09-06T10:46:29Z] #25 attempt=1/2 status=200 0.477s url=https://www.myfonts.com/products/free-weights-regular-extra-bold-package-1216811
[2026-09-06T10:46:30Z] #26 attempt=1/2 status=200 0.521s url=https://www.myfonts.com/collections/just-serif-font-just-creative/
[2026-09-06T10:46:30Z] #27 attempt=1/2 status=200 0.239s url=https://www.myfonts.com/collections/just-serif-font-just-creative/?tab=techSpecs
[2026-09-06T10:46:32Z] #28 attempt=1/2 status=200 0.442s url=https://www.myfonts.com/products/creambo-complete-family-package-1215250
[2026-09-06T10:46:32Z] #29 attempt=1/2 status=200 0.410s url=https://www.myfonts.com/collections/creambo-font-steptype/
[2026-09-06T10:46:33Z] #30 attempt=1/2 status=200 0.212s url=https://www.myfonts.com/collections/creambo-font-steptype/?tab=techSpecs
[2026-09-06T10:46:34Z] #31 attempt=1/2 status=200 0.395s url=https://www.myfonts.com/products/florida-palms-complete-family-package-1217207
[2026-09-06T10:46:35Z] #32 attempt=1/2 status=200 0.491s url=https://www.myfonts.com/collections/florida-palms-font-edignwn-type/
[2026-09-06T10:46:35Z] #33 attempt=1/2 status=200 0.209s url=https://www.myfonts.com/collections/florida-palms-font-edignwn-type/?tab=techSpecs
[2026-09-06T10:46:36Z] #34 attempt=1/2 status=200 0.482s url=https://www.myfonts.com/products/ralinder-complete-family-package-1216758
[2026-09-06T10:46:37Z] #35 attempt=1/2 status=200 0.616s url=https://www.myfonts.com/collections/ralinder-font-graptail/
[2026-09-06T10:46:38Z] #36 attempt=1/2 status=200 0.282s url=https://www.myfonts.com/collections/ralinder-font-graptail/?tab=techSpecs
[2026-09-06T10:46:39Z] #37 attempt=1/2 status=200 0.450s url=https://www.myfonts.com/products/mor-complete-family-package-1215342
[2026-09-06T10:46:40Z] #38 attempt=1/2 status=200 0.589s url=https://www.myfonts.com/collections/mor-font-designomatt/
[2026-09-06T10:46:41Z] #39 attempt=1/2 status=200 0.222s url=https://www.myfonts.com/collections/mor-font-designomatt/?tab=techSpecs
[2026-09-06T10:46:42Z] #40 attempt=1/2 status=200 0.449s url=https://www.myfonts.com/products/tt-odellia-variable-package-package-1215194
[2026-09-06T10:46:43Z] #41 attempt=1/2 status=200 0.581s url=https://www.myfonts.com/collections/tt-odellia-font-typetype/
[2026-09-06T10:46:43Z] #42 attempt=1/2 status=200 0.213s url=https://www.myfonts.com/collections/tt-odellia-font-typetype/?tab=techSpecs
[2026-09-06T10:46:46Z] #43 attempt=1/2 status=200 2.165s url=https://www.myfonts.com/products/fontera-complete-family-package-1215719
[2026-09-06T10:46:50Z] #44 attempt=1/2 status=200 3.127s url=https://www.myfonts.com/collections/fontera-font-slex-studio/
[2026-09-06T10:46:51Z] #45 attempt=1/2 status=200 0.439s url=https://www.myfonts.com/collections/fontera-font-slex-studio/?tab=techSpecs
[2026-09-06T10:46:52Z] #46 attempt=1/2 status=200 0.365s url=https://www.myfonts.com/products/ruvena-normal-complete-family-package-1216154
[2026-09-06T10:46:53Z] #47 attempt=1/2 status=200 0.472s url=https://www.myfonts.com/collections/ruvena-normal-font-arif-novianto/
[2026-09-06T10:46:54Z] #48 attempt=1/2 status=200 0.240s url=https://www.myfonts.com/collections/ruvena-normal-font-arif-novianto/?tab=techSpecs
[2026-09-06T10:46:55Z] #49 attempt=1/2 status=200 0.367s url=https://www.myfonts.com/products/gintav-complete-family-package-1215319
[2026-09-06T10:46:56Z] #50 attempt=1/2 status=200 0.396s url=https://www.myfonts.com/collections/gintav-font-letterena-studios/
[2026-09-06T10:46:56Z] #51 attempt=1/2 status=200 0.212s url=https://www.myfonts.com/collections/gintav-font-letterena-studios/?tab=techSpecs
[2026-09-06T10:46:57Z] #52 attempt=1/2 status=200 0.355s url=https://www.myfonts.com/products/retro-masters-complete-family-package-1216169
[2026-09-06T10:46:58Z] #53 attempt=1/2 status=200 0.422s url=https://www.myfonts.com/collections/retro-masters-font-timelesstype-studio/
[2026-09-06T10:46:58Z] #54 attempt=1/2 status=200 0.216s url=https://www.myfonts.com/collections/retro-masters-font-timelesstype-studio/?tab=techSpecs
[2026-09-06T10:47:00Z] #55 attempt=1/2 status=200 0.382s url=https://www.myfonts.com/products/bargckiss-complete-family-package-1215154
[2026-09-06T10:47:00Z] #56 attempt=1/2 status=200 0.419s url=https://www.myfonts.com/collections/bargckiss-font-timelesstype-studio/
[2026-09-06T10:47:01Z] #57 attempt=1/2 status=200 0.232s url=https://www.myfonts.com/collections/bargckiss-font-timelesstype-studio/?tab=techSpecs
[2026-09-06T10:47:02Z] #58 attempt=1/2 status=200 0.435s url=https://www.myfonts.com/products/tg-mathos-complete-family-package-1215357
[2026-09-06T10:47:03Z] #59 attempt=1/2 status=200 0.477s url=https://www.myfonts.com/collections/tg-mathos-font-typogrid/
[2026-09-06T10:47:03Z] #60 attempt=1/2 status=200 0.314s url=https://www.myfonts.com/collections/tg-mathos-font-typogrid/?tab=techSpecs
[2026-09-06T10:47:05Z] #61 attempt=1/2 status=200 0.935s url=https://www.myfonts.com/products/vandelle-complete-family-package-1216572
[2026-09-06T10:47:07Z] #62 attempt=1/2 status=200 1.277s url=https://www.myfonts.com/collections/vandelle-font-kaidosan/
[2026-09-06T10:47:07Z] #63 attempt=1/2 status=200 0.307s url=https://www.myfonts.com/collections/vandelle-font-kaidosan/?tab=techSpecs
[2026-09-06T10:47:09Z] #64 attempt=1/2 status=200 0.338s url=https://www.myfonts.com/products/clayton-complete-family-package-1217173
[2026-09-06T10:47:09Z] #65 attempt=1/2 status=200 0.408s url=https://www.myfonts.com/collections/clayton-font-webhance/
[2026-09-06T10:47:10Z] #66 attempt=1/2 status=200 0.204s url=https://www.myfonts.com/collections/clayton-font-webhance/?tab=techSpecs
[2026-09-06T10:47:11Z] #67 attempt=1/2 status=200 0.555s url=https://www.myfonts.com/products/baxcattery-groonkey-complete-family-package-1216391
[2026-09-06T10:47:12Z] #68 attempt=1/2 status=200 0.380s url=https://www.myfonts.com/collections/baxcattery-groonkey-font-letterena-studios/
[2026-09-06T10:47:12Z] #69 attempt=1/2 status=200 0.209s url=https://www.myfonts.com/collections/baxcattery-groonkey-font-letterena-studios/?tab=techSpecs
[2026-09-06T10:47:14Z] #70 attempt=1/2 status=200 0.457s url=https://www.myfonts.com/products/binaru-complete-family-package-1216519
[2026-09-06T10:47:14Z] #71 attempt=1/2 status=200 0.502s url=https://www.myfonts.com/collections/binaru-font-locomotype/
[2026-09-06T10:47:15Z] #72 attempt=1/2 status=200 0.253s url=https://www.myfonts.com/collections/binaru-font-locomotype/?tab=techSpecs
[2026-09-06T10:47:17Z] #73 attempt=1/2 status=200 0.675s url=https://www.myfonts.com/products/settled-pro-complete-family-package-1217196
[2026-09-06T10:47:18Z] #74 attempt=1/2 status=200 1.460s url=https://www.myfonts.com/products/brimonta-complete-family-package-1215370
[2026-09-06T10:47:21Z] #75 attempt=1/2 status=200 2.508s url=https://www.myfonts.com/collections/brimonta-font-gian-studio/
[2026-09-06T10:47:22Z] #76 attempt=1/2 status=200 0.368s url=https://www.myfonts.com/collections/brimonta-font-gian-studio/?tab=techSpecs
[2026-09-06T10:47:23Z] #77 attempt=1/2 status=200 0.364s url=https://www.myfonts.com/products/bob-raften-gones-complete-family-package-1215294
[2026-09-06T10:47:24Z] #78 attempt=1/2 status=200 0.394s url=https://www.myfonts.com/collections/bob-raften-gones-font-letterena-studios/
[2026-09-06T10:47:25Z] #79 attempt=1/2 status=200 0.201s url=https://www.myfonts.com/collections/bob-raften-gones-font-letterena-studios/?tab=techSpecs
[2026-09-06T10:47:26Z] #80 attempt=1/2 status=200 0.427s url=https://www.myfonts.com/products/sweet-romance-complete-family-package-1216163
[2026-09-06T10:47:26Z] #81 attempt=1/2 status=200 0.361s url=https://www.myfonts.com/collections/sweet-romance-font-amorfa-type/
[2026-09-06T10:47:27Z] #82 attempt=1/2 status=200 0.277s url=https://www.myfonts.com/collections/sweet-romance-font-amorfa-type/?tab=techSpecs
[2026-09-06T10:47:28Z] #83 attempt=1/2 status=200 0.389s url=https://www.myfonts.com/products/open-package-1216190
[2026-09-06T10:47:30Z] #84 attempt=1/2 status=200 2.054s url=https://www.myfonts.com/products/evarnique-complete-family-package-1216862
[2026-09-06T10:47:34Z] #85 attempt=1/2 status=500 3.215s url=https://www.myfonts.com/collections/evarnique-font-typehill-studio/
[2026-09-06T10:47:35Z] #86 attempt=1/2 status=200 1.346s url=https://www.myfonts.com/products/nuviora-complete-family-package-1215551
[2026-09-06T10:47:38Z] #87 attempt=1/2 status=200 2.097s url=https://www.myfonts.com/collections/nuviora-font-stripes-studio/
[2026-09-06T10:47:39Z] #88 attempt=1/2 status=200 0.405s url=https://www.myfonts.com/collections/nuviora-font-stripes-studio/?tab=techSpecs
[2026-09-06T10:47:40Z] #89 attempt=1/2 status=200 0.378s url=https://www.myfonts.com/products/biscova-complete-family-package-1216160
[2026-09-06T10:47:41Z] #90 attempt=1/2 status=200 0.515s url=https://www.myfonts.com/collections/biscova-font-ragamkata/
[2026-09-06T10:47:42Z] #91 attempt=1/2 status=200 0.257s url=https://www.myfonts.com/collections/biscova-font-ragamkata/?tab=techSpecs
[2026-09-06T10:47:43Z] #92 attempt=1/2 status=200 0.366s url=https://www.myfonts.com/products/gatger-complete-family-package-1215245
[2026-09-06T10:47:43Z] #93 attempt=1/2 status=200 0.422s url=https://www.myfonts.com/collections/gatger-font-dareco-studio/
[2026-09-06T10:47:44Z] #94 attempt=1/2 status=200 0.231s url=https://www.myfonts.com/collections/gatger-font-dareco-studio/?tab=techSpecs
[2026-09-06T10:47:45Z] #95 attempt=1/2 status=200 0.422s url=https://www.myfonts.com/products/bright-legacy-complete-family-package-1215224
[2026-09-06T10:47:46Z] #96 attempt=1/2 status=200 0.522s url=https://www.myfonts.com/collections/bright-legacy-font-vermilione/
[2026-09-06T10:47:46Z] #97 attempt=1/2 status=200 0.218s url=https://www.myfonts.com/collections/bright-legacy-font-vermilione/?tab=techSpecs
[2026-09-06T10:47:47Z] #98 attempt=1/2 status=200 0.375s url=https://www.myfonts.com/products/pilova-complete-family-package-1216569
[2026-09-06T10:47:48Z] #99 attempt=1/2 status=200 0.386s url=https://www.myfonts.com/collections/pilova-font-vermilione/
[2026-09-06T10:47:49Z] #100 attempt=1/2 status=200 0.206s url=https://www.myfonts.com/collections/pilova-font-vermilione/?tab=techSpecs
[2026-09-06T10:47:50Z] #101 attempt=1/2 status=200 0.381s url=https://www.myfonts.com/products/swaraga-complete-family-package-1215300
[2026-09-06T10:47:51Z] #102 attempt=1/2 status=200 0.595s url=https://www.myfonts.com/collections/swaraga-font-lettertype-studio/
[2026-09-06T10:47:51Z] #103 attempt=1/2 status=200 0.229s url=https://www.myfonts.com/collections/swaraga-font-lettertype-studio/?tab=techSpecs
[2026-09-06T10:47:52Z] #104 attempt=1/2 status=200 0.426s url=https://www.myfonts.com/products/upright-value-package-package-1215174
[2026-09-06T10:47:53Z] #105 attempt=1/2 status=200 0.498s url=https://www.myfonts.com/collections/kineks-compact-font-bykineks/
[2026-09-06T10:47:54Z] #106 attempt=1/2 status=200 0.232s url=https://www.myfonts.com/collections/kineks-compact-font-bykineks/?tab=techSpecs
[2026-09-06T10:47:55Z] #107 attempt=1/2 status=200 0.388s url=https://www.myfonts.com/products/cuica-complete-family-package-1217146
[2026-09-06T10:47:55Z] #108 attempt=1/2 status=200 0.484s url=https://www.myfonts.com/collections/cuica-font-sudtipos/
[2026-09-06T10:47:56Z] #109 attempt=1/2 status=200 0.233s url=https://www.myfonts.com/collections/cuica-font-sudtipos/?tab=techSpecs
[2026-09-06T10:47:57Z] #110 attempt=1/2 status=200 0.369s url=https://www.myfonts.com/products/rollakisse-complete-family-package-1215221
[2026-09-06T10:47:58Z] #111 attempt=1/2 status=200 0.392s url=https://www.myfonts.com/collections/rollakisse-font-almarkha-type/
[2026-09-06T10:47:58Z] #112 attempt=1/2 status=200 0.248s url=https://www.myfonts.com/collections/rollakisse-font-almarkha-type/?tab=techSpecs
[2026-09-06T10:48:00Z] #113 attempt=1/2 status=200 0.440s url=https://www.myfonts.com/products/gc-fentura-complete-family-package-1215138
[2026-09-06T10:48:01Z] #114 attempt=1/2 status=200 0.545s url=https://www.myfonts.com/collections/gc-fentura-font-onyx-studio/
[2026-09-06T10:48:01Z] #115 attempt=1/2 status=200 0.250s url=https://www.myfonts.com/collections/gc-fentura-font-onyx-studio/?tab=techSpecs
[2026-09-06T10:48:02Z] #116 attempt=1/2 status=200 0.453s url=https://www.myfonts.com/products/wonder-society-complete-family-package-1215208
[2026-09-06T10:48:03Z] #117 attempt=1/2 status=200 0.543s url=https://www.myfonts.com/collections/wonder-society-font-font-liner/
[2026-09-06T10:48:04Z] #118 attempt=1/2 status=200 0.208s url=https://www.myfonts.com/collections/wonder-society-font-font-liner/?tab=techSpecs
[2026-09-06T10:48:05Z] #119 attempt=1/2 status=200 0.349s url=https://www.myfonts.com/products/roches-complete-family-package-1215196
[2026-09-06T10:48:05Z] #120 attempt=1/2 status=200 0.372s url=https://www.myfonts.com/collections/roches-font-ragamkata/
[2026-09-06T10:48:06Z] #121 attempt=1/2 status=200 0.227s url=https://www.myfonts.com/collections/roches-font-ragamkata/?tab=techSpecs
[2026-09-06T10:48:07Z] #122 attempt=1/2 status=200 0.467s url=https://www.myfonts.com/products/wonder-finder-complete-family-package-1216856
[2026-09-06T10:48:07Z] #123 attempt=1/2 status=429 0.029s url=https://www.myfonts.com/collections/wonder-finder-font-littlehand/
[2026-09-06T10:48:07Z] first_429 req=123 url=https://www.myfonts.com/collections/wonder-finder-font-littlehand/
[2026-09-06T10:48:10Z] #124 attempt=2/2 status=200 0.496s url=https://www.myfonts.com/collections/wonder-finder-font-littlehand/
[2026-09-06T10:48:11Z] #125 attempt=1/2 status=200 0.488s url=https://www.myfonts.com/products/ga-sans-complete-family-package-1216821
[2026-09-06T10:48:12Z] #126 attempt=1/2 status=200 0.603s url=https://www.myfonts.com/collections/ga-sans-font-typeedition/
[2026-09-06T10:48:12Z] #127 attempt=1/2 status=200 0.390s url=https://www.myfonts.com/products/half-love-complete-family-package-1216444
[2026-09-06T10:48:13Z] #128 attempt=1/2 status=200 0.388s url=https://www.myfonts.com/collections/half-love-font-cut-story/
[2026-09-06T10:48:14Z] #129 attempt=1/2 status=200 0.556s url=https://www.myfonts.com/products/zt-notanic-complete-family-package-1216452
[2026-09-06T10:48:15Z] #130 attempt=1/2 status=200 0.689s url=https://www.myfonts.com/collections/zt-notanic-font-zelow-type/
[2026-09-06T10:48:15Z] #131 attempt=1/2 status=200 0.372s url=https://www.myfonts.com/products/backbudys-complete-family-package-1216333
[2026-09-06T10:48:16Z] #132 attempt=1/2 status=200 0.376s url=https://www.myfonts.com/collections/backbudys-font-letterena-studios/
[2026-09-06T10:48:16Z] #133 attempt=1/2 status=429 0.026s url=https://www.myfonts.com/products/ot-magnet-complete-family-package-1216784
[2026-09-06T10:48:19Z] #134 attempt=2/2 status=200 0.514s url=https://www.myfonts.com/products/ot-magnet-complete-family-package-1216784
[2026-09-06T10:48:20Z] #135 attempt=1/2 status=200 0.430s url=https://www.myfonts.com/collections/ot-magnet-font-oz-design/
[2026-09-06T10:48:20Z] #136 attempt=1/2 status=200 0.379s url=https://www.myfonts.com/products/ot-magnet-arabic-complete-family-package-1216777
[2026-09-06T10:48:21Z] #137 attempt=1/2 status=200 0.439s url=https://www.myfonts.com/collections/ot-magnet-arabic-font-oz-design/
[2026-09-06T10:48:22Z] #138 attempt=1/2 status=200 0.346s url=https://www.myfonts.com/products/hidden-midnight-complete-family-package-1216166
[2026-09-06T10:48:22Z] #139 attempt=1/2 status=200 0.365s url=https://www.myfonts.com/collections/hidden-midnight-font-timelesstype-studio/
[2026-09-06T10:48:22Z] #140 attempt=1/2 status=429 0.032s url=https://www.myfonts.com/products/scrawlox-complete-family-package-1217212
[2026-09-06T10:48:25Z] #141 attempt=2/2 status=200 0.563s url=https://www.myfonts.com/products/scrawlox-complete-family-package-1217212
[2026-09-06T10:48:26Z] #142 attempt=1/2 status=200 0.437s url=https://www.myfonts.com/collections/scrawlox-font-sixtype-foundry/
[2026-09-06T10:48:27Z] #143 attempt=1/2 status=200 0.424s url=https://www.myfonts.com/products/aeroline-complete-family-package-1215199
[2026-09-06T10:48:27Z] #144 attempt=1/2 status=200 0.450s url=https://www.myfonts.com/collections/aeroline-font-kufic-studio/
[2026-09-06T10:48:28Z] #145 attempt=1/2 status=200 0.369s url=https://www.myfonts.com/products/tingkle-complete-family-package-1216484
[2026-09-06T10:48:29Z] #146 attempt=1/2 status=200 0.486s url=https://www.myfonts.com/collections/tingkle-font-vermilione/
[2026-09-06T10:48:30Z] #147 attempt=1/2 status=200 1.573s url=https://www.myfonts.com/products/olfactory-complete-family-package-1215718
[2026-09-06T10:48:33Z] #148 attempt=1/2 status=200 2.365s url=https://www.myfonts.com/collections/olfactory-font-groenstudio/
[2026-09-06T10:48:34Z] #149 attempt=1/2 status=200 0.393s url=https://www.myfonts.com/products/alver-complete-family-package-1216859
[2026-09-06T10:48:35Z] #150 attempt=1/2 status=200 0.383s url=https://www.myfonts.com/collections/alver-font-graptail/
[2026-09-06T10:48:35Z] #151 attempt=1/2 status=200 0.363s url=https://www.myfonts.com/products/calimurnia-complete-family-package-1215157
[2026-09-06T10:48:36Z] #152 attempt=1/2 status=200 0.404s url=https://www.myfonts.com/collections/calimurnia-font-timelesstype-studio/
[2026-09-06T10:48:37Z] #153 attempt=1/2 status=200 0.375s url=https://www.myfonts.com/products/sltf-hazel-shore-complete-family-package-1215134
[2026-09-06T10:48:37Z] #154 attempt=1/2 status=200 0.443s url=https://www.myfonts.com/collections/sltf-hazel-shore-font-silver-stag/
[2026-09-06T10:48:38Z] #155 attempt=1/2 status=200 0.364s url=https://www.myfonts.com/products/keep-on-laughing-complete-family-package-1216566
[2026-09-06T10:48:38Z] #156 attempt=1/2 status=429 0.031s url=https://www.myfonts.com/collections/keep-on-laughing-font-pizzadude-dk/
[2026-09-06T10:48:41Z] #157 attempt=2/2 status=200 0.542s url=https://www.myfonts.com/collections/keep-on-laughing-font-pizzadude-dk/
[2026-09-06T10:48:42Z] #158 attempt=1/2 status=200 0.361s url=https://www.myfonts.com/products/diablocore-display-complete-family-package-1216157
[2026-09-06T10:48:42Z] #159 attempt=1/2 status=200 0.391s url=https://www.myfonts.com/collections/diablocore-display-font-pointlab/
[2026-09-06T10:48:43Z] #160 attempt=1/2 status=200 0.397s url=https://www.myfonts.com/products/hagiland-complete-family-package-1217158
[2026-09-06T10:48:43Z] #161 attempt=1/2 status=200 0.415s url=https://www.myfonts.com/collections/hagiland-font-attype-studio/
[2026-09-06T10:48:44Z] #162 attempt=1/2 status=200 0.396s url=https://www.myfonts.com/products/chiper-complete-family-package-1216845
[2026-09-06T10:48:44Z] #163 attempt=1/2 status=429 0.036s url=https://www.myfonts.com/collections/chiper-font-canden-meutuah/
[2026-09-06T10:48:47Z] #164 attempt=2/2 status=200 0.489s url=https://www.myfonts.com/collections/chiper-font-canden-meutuah/
[2026-09-06T10:48:48Z] #165 attempt=1/2 status=200 0.422s url=https://www.myfonts.com/products/bergham-complete-family-package-1217084
[2026-09-06T10:48:48Z] #166 attempt=1/2 status=200 0.431s url=https://www.myfonts.com/collections/bergham-font-ragamkata/
[2026-09-06T10:48:49Z] #167 attempt=1/2 status=200 0.349s url=https://www.myfonts.com/products/charm-stories-complete-family-package-1216773
[2026-09-06T10:48:50Z] #168 attempt=1/2 status=200 0.414s url=https://www.myfonts.com/collections/charm-stories-font-letterena-studios/
[2026-09-06T10:48:52Z] #169 attempt=1/2 status=200 2.017s url=https://www.myfonts.com/products/brikton-slab-complete-family-package-1217163
[2026-09-06T10:48:53Z] #170 attempt=1/2 status=200 0.476s url=https://www.myfonts.com/collections/brikton-slab-font-glyphofik-type/
[2026-09-06T10:48:54Z] #171 attempt=1/6 status=200 0.928s url=https://www.myfonts.com/products.json?limit=100&page=2
[2026-09-06T10:48:55Z] #172 attempt=1/2 status=200 0.392s url=https://www.myfonts.com/products/regular-quickle-1217206
[2026-09-06T10:48:56Z] #173 attempt=1/2 status=200 0.343s url=https://www.myfonts.com/collections/quickle-font-gassstype/
[2026-09-06T10:48:58Z] #174 attempt=1/6 status=200 0.842s url=https://www.myfonts.com/products.json?limit=100&page=3
[2026-09-06T10:48:58Z] #175 attempt=1/2 status=200 0.336s url=https://www.myfonts.com/products/regular-elgarde-1216757
[2026-09-06T10:48:59Z] #176 attempt=1/2 status=200 0.309s url=https://www.myfonts.com/collections/elgarde-font-vadova-std/
[2026-09-06T10:48:59Z] #177 attempt=1/2 status=200 0.402s url=https://www.myfonts.com/products/regular-mourint-1216532
[2026-09-06T10:49:00Z] #178 attempt=1/2 status=200 0.343s url=https://www.myfonts.com/collections/mourint-font-greentrik6789/
[2026-09-06T10:49:00Z] #179 attempt=1/2 status=429 0.031s url=https://www.myfonts.com/products/regular-walktrip-1217145
[2026-09-06T10:49:03Z] #180 attempt=2/2 status=200 0.460s url=https://www.myfonts.com/products/regular-walktrip-1217145
[2026-09-06T10:49:04Z] #181 attempt=1/2 status=200 0.366s url=https://www.myfonts.com/collections/walktrip-font-epiclinez/
[2026-09-06T10:49:04Z] #182 attempt=1/2 status=200 0.342s url=https://www.myfonts.com/products/regular-roslenk-1216483
[2026-09-06T10:49:05Z] #183 attempt=1/2 status=200 0.367s url=https://www.myfonts.com/collections/roslenk-font-flawlessandco/
[2026-09-06T10:49:06Z] #184 attempt=1/2 status=200 0.387s url=https://www.myfonts.com/products/valerie-sally-regular-valerie-sally-1216153
[2026-09-06T10:49:06Z] #185 attempt=1/2 status=200 0.349s url=https://www.myfonts.com/collections/valerie-sally-font-happy-hayyin/
[2026-09-06T10:49:07Z] #186 attempt=1/2 status=200 0.329s url=https://www.myfonts.com/products/regular-mltp-bring-hirisk-1216543
[2026-09-06T10:49:07Z] #187 attempt=1/2 status=429 0.035s url=https://www.myfonts.com/collections/mltp-bring-hirisk-font-multype-studio/
[2026-09-06T10:49:10Z] #188 attempt=2/2 status=200 0.460s url=https://www.myfonts.com/collections/mltp-bring-hirisk-font-multype-studio/
[2026-09-06T10:49:11Z] #189 attempt=1/2 status=200 0.383s url=https://www.myfonts.com/products/regular-mltp-badrain-brush-1216479
[2026-09-06T10:49:11Z] #190 attempt=1/2 status=200 0.343s url=https://www.myfonts.com/collections/mltp-badrain-brush-font-multype-studio/
[2026-09-06T10:49:13Z] #191 attempt=1/6 status=200 0.951s url=https://www.myfonts.com/products.json?limit=100&page=4
[2026-09-06T10:49:13Z] #192 attempt=1/2 status=200 0.323s url=https://www.myfonts.com/products/regular-dusty-western-1217172
[2026-09-06T10:49:14Z] #193 attempt=1/2 status=200 0.358s url=https://www.myfonts.com/collections/dusty-western-font-meow-creation-font/
[2026-09-06T10:49:16Z] #194 attempt=1/6 status=200 0.974s url=https://www.myfonts.com/products.json?limit=100&page=5
[2026-09-06T10:49:17Z] #195 attempt=1/2 status=200 0.372s url=https://www.myfonts.com/products/regular-phantasm-ghost-1216488
[2026-09-06T10:49:18Z] #196 attempt=1/2 status=200 0.371s url=https://www.myfonts.com/collections/phantasm-ghost-font-tini-fitriani/
[2026-09-06T10:49:19Z] #197 attempt=1/6 status=200 0.869s url=https://www.myfonts.com/products.json?limit=100&page=6
[2026-09-06T10:49:21Z] #198 attempt=1/2 status=200 0.311s url=https://www.myfonts.com/products/regular-boldier-comic-1215253
[2026-09-06T10:49:21Z] #199 attempt=1/2 status=200 0.344s url=https://www.myfonts.com/collections/boldier-comic-font-mvmet/
[2026-09-06T10:49:22Z] #200 attempt=1/2 status=200 0.362s url=https://www.myfonts.com/products/regular-ez-jaffeline-1216482
[2026-09-06T10:49:22Z] #201 attempt=1/2 status=200 0.336s url=https://www.myfonts.com/collections/ez-jaffeline-font-zafara-studios/
[2026-09-06T10:49:24Z] #202 attempt=1/6 status=200 1.068s url=https://www.myfonts.com/products.json?limit=100&page=7
[2026-09-06T10:49:25Z] #203 attempt=1/2 status=200 0.318s url=https://www.myfonts.com/products/bold-riot-kick-1216863
[2026-09-06T10:49:26Z] #204 attempt=1/2 status=200 0.425s url=https://www.myfonts.com/collections/riot-kick-font-graptail/
[2026-09-06T10:49:27Z] #205 attempt=1/2 status=200 0.336s url=https://www.myfonts.com/products/regular-rt-magical-charm-1216272
[2026-09-06T10:49:27Z] #206 attempt=1/2 status=200 0.334s url=https://www.myfonts.com/collections/rt-magical-charm-font-rillatype/
[2026-09-06T10:49:28Z] #207 attempt=1/2 status=200 0.351s url=https://www.myfonts.com/products/regular-imheve-1216812
[2026-09-06T10:49:28Z] #208 attempt=1/2 status=200 0.418s url=https://www.myfonts.com/collections/imheve-font-nian-keun-studio/
[2026-09-06T10:49:30Z] #209 attempt=1/6 status=200 0.833s url=https://www.myfonts.com/products.json?limit=100&page=8
[2026-09-06T10:49:30Z] #210 attempt=1/2 status=200 0.366s url=https://www.myfonts.com/products/regular-lonela-1216776
[2026-09-06T10:49:31Z] #211 attempt=1/2 status=200 0.491s url=https://www.myfonts.com/collections/lonela-font-graptail/
[2026-09-06T10:49:32Z] #212 attempt=1/2 status=429 0.027s url=https://www.myfonts.com/products/regular-dark-district-1216229
[2026-09-06T10:49:34Z] #213 attempt=2/2 status=200 0.443s url=https://www.myfonts.com/products/regular-dark-district-1216229
[2026-09-06T10:49:35Z] #214 attempt=1/2 status=200 0.343s url=https://www.myfonts.com/collections/dark-district-font-seemly-fonts/
[2026-09-06T10:49:35Z] #215 attempt=1/2 status=200 0.346s url=https://www.myfonts.com/products/regular-tender-grid-1217171
[2026-09-06T10:49:36Z] #216 attempt=1/2 status=200 0.404s url=https://www.myfonts.com/collections/tender-grid-font-randy-studio/
[2026-09-06T10:49:37Z] #217 attempt=1/2 status=200 0.392s url=https://www.myfonts.com/products/regular-luxoviensis-1216191
[2026-09-06T10:49:37Z] #218 attempt=1/2 status=200 0.341s url=https://www.myfonts.com/collections/luxoviensis-font-mysterian/
[2026-09-06T10:49:39Z] #219 attempt=1/6 status=200 0.903s url=https://www.myfonts.com/products.json?limit=100&page=9
[2026-09-06T10:49:39Z] #220 attempt=1/2 status=200 0.313s url=https://www.myfonts.com/products/regular-mltp-rampage-hunter-1216518
[2026-09-06T10:49:39Z] #221 attempt=1/2 status=429 0.028s url=https://www.myfonts.com/collections/mltp-rampage-hunter-font-multype-studio/
[2026-09-06T10:49:42Z] #222 attempt=2/2 status=200 0.480s url=https://www.myfonts.com/collections/mltp-rampage-hunter-font-multype-studio/
[2026-09-06T10:49:43Z] #223 attempt=1/2 status=200 0.339s url=https://www.myfonts.com/products/regular-vorlenza-1216448
[2026-09-06T10:49:43Z] #224 attempt=1/2 status=200 0.335s url=https://www.myfonts.com/collections/vorlenza-font-cut-story/
[2026-09-06T10:49:45Z] #225 attempt=1/6 status=200 0.907s url=https://www.myfonts.com/products.json?limit=100&page=10
[2026-09-06T10:49:47Z] #226 attempt=1/6 status=200 0.853s url=https://www.myfonts.com/products.json?limit=100&page=11
[2026-09-06T10:49:50Z] #227 attempt=1/6 status=200 0.895s url=https://www.myfonts.com/products.json?limit=100&page=12
[2026-09-06T10:49:51Z] #228 attempt=1/2 status=200 0.417s url=https://www.myfonts.com/products/regular-old-guther-1215195
[2026-09-06T10:49:51Z] #229 attempt=1/2 status=200 0.331s url=https://www.myfonts.com/collections/old-guther-font-vultype-co/
[2026-09-06T10:49:52Z] #230 attempt=1/2 status=200 0.321s url=https://www.myfonts.com/products/regular-rigan-1215249
[2026-09-06T10:49:53Z] #231 attempt=1/2 status=200 0.331s url=https://www.myfonts.com/collections/rigan-font-dareco-studio/
[2026-09-06T10:49:54Z] #232 attempt=1/2 status=200 0.349s url=https://www.myfonts.com/products/regular-kinzomba-1216819
[2026-09-06T10:49:55Z] #233 attempt=1/2 status=200 0.364s url=https://www.myfonts.com/collections/kinzomba-font-one-collective/
[2026-09-06T10:49:56Z] #234 attempt=1/6 status=200 0.853s url=https://www.myfonts.com/products.json?limit=100&page=13
[2026-09-06T10:49:58Z] #235 attempt=1/6 status=200 0.911s url=https://www.myfonts.com/products.json?limit=100&page=14
[2026-09-06T10:49:59Z] #236 attempt=1/2 status=200 0.346s url=https://www.myfonts.com/products/regular-ft-ghoul-1216533
[2026-09-06T10:49:59Z] #237 attempt=1/2 status=200 0.322s url=https://www.myfonts.com/collections/ft-ghoul-font-firstype-studio/
[2026-09-06T10:50:00Z] #238 attempt=1/2 status=200 0.317s url=https://www.myfonts.com/products/regular-equelle-1216487
[2026-09-06T10:50:00Z] #239 attempt=1/2 status=200 0.348s url=https://www.myfonts.com/collections/equelle-font-cut-story/
[2026-09-06T10:50:02Z] #240 attempt=1/2 status=200 1.175s url=https://www.myfonts.com/products/variable-hastoga-1217215
[2026-09-06T10:50:03Z] #241 attempt=1/2 status=200 1.463s url=https://www.myfonts.com/collections/hastoga-font-salsatype/
[2026-09-06T10:50:04Z] #242 attempt=1/2 status=200 0.338s url=https://www.myfonts.com/products/regular-junella-1216481
[2026-09-06T10:50:05Z] #243 attempt=1/2 status=200 0.383s url=https://www.myfonts.com/collections/junella-font-arif-novianto/
[2026-09-06T10:50:05Z] #244 attempt=1/2 status=200 0.347s url=https://www.myfonts.com/products/regular-chunky-cuts-1216480
[2026-09-06T10:50:06Z] #245 attempt=1/2 status=200 0.331s url=https://www.myfonts.com/collections/chunky-cuts-font-the-halal-design-type/
[2026-09-06T10:50:07Z] #246 attempt=1/6 status=200 0.863s url=https://www.myfonts.com/products.json?limit=100&page=15
[2026-09-06T10:50:08Z] #247 attempt=1/2 status=200 0.344s url=https://www.myfonts.com/products/regular-quild-trip-1216658
[2026-09-06T10:50:09Z] #248 attempt=1/2 status=200 0.368s url=https://www.myfonts.com/collections/quild-trip-font-maulana-creative/
[2026-09-06T10:50:09Z] #249 attempt=1/2 status=200 0.335s url=https://www.myfonts.com/products/regular-nm-softbreeze-1216813
[2026-09-06T10:50:10Z] #250 attempt=1/2 status=200 0.334s url=https://www.myfonts.com/collections/nm-softbreeze-font-norm/
[2026-09-06T10:50:10Z] #251 attempt=1/2 status=200 0.345s url=https://www.myfonts.com/products/americanoplusmilk-script-americano-plus-milk-1217177
[2026-09-06T10:50:11Z] #252 attempt=1/2 status=200 0.332s url=https://www.myfonts.com/collections/americano-plus-milk-font-donchenko/
[2026-09-06T10:50:12Z] #253 attempt=1/2 status=200 0.317s url=https://www.myfonts.com/products/regular-ef-avenzia-1217176
[2026-09-06T10:50:12Z] #254 attempt=1/2 status=429 0.030s url=https://www.myfonts.com/collections/ef-avenzia-font-zafara-studios/
[2026-09-06T10:50:15Z] #255 attempt=2/2 status=200 0.466s url=https://www.myfonts.com/collections/ef-avenzia-font-zafara-studios/
[2026-09-06T10:50:16Z] #256 attempt=1/6 status=200 0.858s url=https://www.myfonts.com/products.json?limit=100&page=16
[2026-09-06T10:50:17Z] #257 attempt=1/2 status=200 0.351s url=https://www.myfonts.com/products/regular-merra-deathnoir-1216172
[2026-09-06T10:50:17Z] #258 attempt=1/2 status=200 0.362s url=https://www.myfonts.com/collections/merra-deathnoir-font-razetype/
[2026-09-06T10:50:19Z] #259 attempt=1/2 status=200 0.377s url=https://www.myfonts.com/products/asgeta-complete-family-package-1216473
[2026-09-06T10:50:20Z] #260 attempt=1/2 status=200 0.399s url=https://www.myfonts.com/collections/asgeta-font-timelesstype-studio/
[2026-09-06T10:50:20Z] #261 attempt=1/2 status=200 0.395s url=https://www.myfonts.com/products/murisa-roksana-complete-family-package-1216515
[2026-09-06T10:50:21Z] #262 attempt=1/2 status=200 0.382s url=https://www.myfonts.com/collections/murisa-roksana-font-murisa-studio/
[2026-09-06T10:50:21Z] #263 attempt=1/2 status=429 0.027s url=https://www.myfonts.com/products/markers-noise-complete-family-package-1216754
[2026-09-06T10:50:24Z] #264 attempt=2/2 status=200 0.444s url=https://www.myfonts.com/products/markers-noise-complete-family-package-1216754
[2026-09-06T10:50:24Z] #265 attempt=1/2 status=200 0.381s url=https://www.myfonts.com/collections/markers-noise-font-letterena-studios/
[2026-09-06T10:50:25Z] #266 attempt=1/2 status=200 0.364s url=https://www.myfonts.com/products/pantai-utara-complete-family-package-1216738
[2026-09-06T10:50:26Z] #267 attempt=1/2 status=200 0.359s url=https://www.myfonts.com/collections/pantai-utara-font-kalam/
[2026-09-06T10:50:26Z] #268 attempt=1/2 status=200 0.407s url=https://www.myfonts.com/products/mltp-rough-sans-complete-family-package-1216544
[2026-09-06T10:50:27Z] #269 attempt=1/2 status=200 0.374s url=https://www.myfonts.com/collections/mltp-rough-sans-font-multype-studio/
[2026-09-06T10:50:27Z] #270 attempt=1/2 status=429 0.026s url=https://www.myfonts.com/products/dyrenko-complete-family-package-1216476
[2026-09-06T10:50:30Z] #271 attempt=2/2 status=200 0.524s url=https://www.myfonts.com/products/dyrenko-complete-family-package-1216476
[2026-09-06T10:50:31Z] #272 attempt=1/2 status=200 0.407s url=https://www.myfonts.com/collections/dyrenko-font-tini-fitriani/
[2026-09-06T10:50:31Z] #273 attempt=1/2 status=200 0.387s url=https://www.myfonts.com/products/gulberg-complete-family-package-1216864
[2026-09-06T10:50:32Z] #274 attempt=1/2 status=200 0.412s url=https://www.myfonts.com/collections/gulberg-font-maulana-creative/
[2026-09-06T10:50:33Z] #275 attempt=1/2 status=200 0.395s url=https://www.myfonts.com/products/vyhor-complete-family-package-1216489
[2026-09-06T10:50:33Z] #276 attempt=1/2 status=200 0.427s url=https://www.myfonts.com/collections/vyhor-font-vlad-b/
[2026-09-06T10:50:34Z] #277 attempt=1/2 status=200 0.436s url=https://www.myfonts.com/products/cutefright-halloween-complete-family-package-1216547
[2026-09-06T10:50:34Z] #278 attempt=1/2 status=429 0.030s url=https://www.myfonts.com/collections/cutefright-halloween-font-jinan-studio/
[2026-09-06T10:50:37Z] #279 attempt=2/2 status=200 0.555s url=https://www.myfonts.com/collections/cutefright-halloween-font-jinan-studio/
[2026-09-06T10:50:38Z] #280 attempt=1/2 status=200 0.340s url=https://www.myfonts.com/products/gramola-complete-family-package-1216512
[2026-09-06T10:50:38Z] #281 attempt=1/2 status=200 0.429s url=https://www.myfonts.com/collections/gramola-font-vermilione/
[2026-09-06T10:50:39Z] #282 attempt=1/2 status=200 0.342s url=https://www.myfonts.com/products/glacial-bolt-complete-family-package-1217155
[2026-09-06T10:50:39Z] #283 attempt=1/2 status=200 0.355s url=https://www.myfonts.com/collections/glacial-bolt-font-kalam/
[2026-09-06T10:50:40Z] #284 attempt=1/2 status=429 0.027s url=https://www.myfonts.com/products/regular-tellia-1216855
[2026-09-06T10:50:42Z] #285 attempt=2/2 status=200 0.478s url=https://www.myfonts.com/products/regular-tellia-1216855
[2026-09-06T10:50:43Z] #286 attempt=1/2 status=200 0.319s url=https://www.myfonts.com/collections/tellia-font-canden-meutuah/
[2026-09-06T10:50:44Z] #287 attempt=1/2 status=200 0.321s url=https://www.myfonts.com/products/regular-vhamoku-1216816
[2026-09-06T10:50:44Z] #288 attempt=1/2 status=200 0.337s url=https://www.myfonts.com/collections/vhamoku-font-yumnacreative/
[2026-09-06T10:50:46Z] #289 attempt=1/6 status=200 0.928s url=https://www.myfonts.com/products.json?limit=100&page=17
[2026-09-06T10:50:46Z] #290 attempt=1/2 status=200 0.440s url=https://www.myfonts.com/products/extra-light-italic-richta-1216497
[2026-09-06T10:50:46Z] #291 attempt=1/2 status=429 0.036s url=https://www.myfonts.com/collections/richta-font-sealoung/
[2026-09-06T10:50:49Z] #292 attempt=2/2 status=200 0.621s url=https://www.myfonts.com/collections/richta-font-sealoung/
[2026-09-06T10:50:50Z] #293 attempt=1/2 status=200 0.327s url=https://www.myfonts.com/products/regular-zarket-1216820
[2026-09-06T10:50:50Z] #294 attempt=1/2 status=200 0.318s url=https://www.myfonts.com/collections/zarket-font-arif-novianto/
[2026-09-06T10:50:51Z] #295 attempt=1/2 status=200 0.396s url=https://www.myfonts.com/products/mostivera-sans-ex-condensed-regular-mostivera-script-1216555
[2026-09-06T10:50:52Z] #296 attempt=1/2 status=200 0.414s url=https://www.myfonts.com/collections/mostivera-script-font-deorde-studio/
[2026-09-06T10:50:52Z] #297 attempt=1/2 status=200 0.338s url=https://www.myfonts.com/products/regular-luck-and-beauty-1216818
[2026-09-06T10:50:53Z] #298 attempt=1/2 status=200 0.330s url=https://www.myfonts.com/collections/luck-and-beauty-font-gassstype/
[2026-09-06T10:50:53Z] #299 attempt=1/2 status=429 0.026s url=https://www.myfonts.com/products/nmlikeyou-regular-nm-likeyou-1216814
[2026-09-06T10:50:56Z] #300 attempt=2/2 status=200 0.412s url=https://www.myfonts.com/products/nmlikeyou-regular-nm-likeyou-1216814
[2026-09-06T10:50:57Z] #301 attempt=1/2 status=200 0.456s url=https://www.myfonts.com/collections/nm-likeyou-font-norm/
[2026-09-06T10:50:57Z] #302 attempt=1/2 status=200 0.310s url=https://www.myfonts.com/products/regular-outlaw-biker-1216817
[2026-09-06T10:50:58Z] #303 attempt=1/2 status=200 0.371s url=https://www.myfonts.com/collections/outlaw-biker-font-gassstype/
[2026-09-06T10:50:58Z] #304 attempt=1/2 status=200 0.324s url=https://www.myfonts.com/products/nmsmalltalk-regular-nm-smalltalk-1216815
[2026-09-06T10:50:59Z] #305 attempt=1/2 status=429 0.038s url=https://www.myfonts.com/collections/nm-smalltalk-font-norm/
[2026-09-06T10:51:01Z] #306 attempt=2/2 status=200 0.411s url=https://www.myfonts.com/collections/nm-smalltalk-font-norm/
[2026-09-06T10:51:03Z] #307 attempt=1/6 status=200 0.994s url=https://www.myfonts.com/products.json?limit=100&page=18
[2026-09-06T10:51:04Z] #308 attempt=1/6 status=200 0.970s url=https://www.myfonts.com/products.json?limit=100&page=19
[2026-09-06T10:51:05Z] #309 attempt=1/2 status=200 0.367s url=https://www.myfonts.com/products/memolyne-display-complete-family-package-1215367
[2026-09-06T10:51:05Z] #310 attempt=1/2 status=200 0.382s url=https://www.myfonts.com/collections/memolyne-display-font-tebaltipis-studio/
[2026-09-06T10:51:06Z] #311 attempt=1/2 status=200 0.359s url=https://www.myfonts.com/products/regular-school-silence-display-1215366
[2026-09-06T10:51:07Z] #312 attempt=1/2 status=200 0.355s url=https://www.myfonts.com/collections/school-silence-display-font-tebaltipis-studio/
[2026-09-06T10:51:08Z] #313 attempt=1/6 status=200 0.929s url=https://www.myfonts.com/products.json?limit=100&page=20
[2026-09-06T10:51:09Z] #314 attempt=1/2 status=200 0.396s url=https://www.myfonts.com/products/regular-mirevalyn-1215310
[2026-09-06T10:51:09Z] #315 attempt=1/2 status=200 0.372s url=https://www.myfonts.com/collections/mirevalyn-font-letterhanna-studio/
[2026-09-06T10:51:10Z] #316 attempt=1/2 status=200 0.344s url=https://www.myfonts.com/products/regular-fern-flow-1215322
[2026-09-06T10:51:10Z] #317 attempt=1/2 status=429 0.032s url=https://www.myfonts.com/collections/fern-flow-font-logga-studio/
[2026-09-06T10:51:13Z] #318 attempt=2/2 status=200 0.542s url=https://www.myfonts.com/collections/fern-flow-font-logga-studio/
[2026-09-06T10:51:14Z] #319 attempt=1/2 status=200 0.333s url=https://www.myfonts.com/products/regular-northwind-1215309
[2026-09-06T10:51:14Z] #320 attempt=1/2 status=200 0.337s url=https://www.myfonts.com/collections/northwind-font-vampstudio/
[2026-09-06T10:51:15Z] #321 attempt=1/2 status=200 0.369s url=https://www.myfonts.com/products/regular-night-stright-1215314
[2026-09-06T10:51:15Z] #322 attempt=1/2 status=200 0.347s url=https://www.myfonts.com/collections/night-stright-font-pandeka-studio/
[2026-09-06T10:51:16Z] #323 attempt=1/2 status=200 0.358s url=https://www.myfonts.com/products/mariglen-regular-mariglen-1215299
[2026-09-06T10:51:16Z] #324 attempt=1/2 status=429 0.032s url=https://www.myfonts.com/collections/mariglen-font-flawlessandco/
[2026-09-06T10:51:19Z] #325 attempt=2/2 status=200 0.455s url=https://www.myfonts.com/collections/mariglen-font-flawlessandco/
[2026-09-06T10:51:19Z] #326 attempt=1/2 status=200 0.348s url=https://www.myfonts.com/products/regular-repeat-after-me-1215312
[2026-09-06T10:51:20Z] #327 attempt=1/2 status=200 0.318s url=https://www.myfonts.com/collections/repeat-after-me-font-littlehand/
[2026-09-06T10:51:21Z] #328 attempt=1/2 status=200 0.373s url=https://www.myfonts.com/products/regular-mon-lotus-de-charlies-1215313
[2026-09-06T10:51:21Z] #329 attempt=1/2 status=200 0.352s url=https://www.myfonts.com/collections/mon-lotus-de-charlies-font-littlehand/
[2026-09-06T10:51:22Z] #330 attempt=1/2 status=200 0.368s url=https://www.myfonts.com/products/regular-mltp-just-fly-brush-1215298
[2026-09-06T10:51:22Z] #331 attempt=1/2 status=429 0.029s url=https://www.myfonts.com/collections/mltp-just-fly-brush-font-multype-studio/
[2026-09-06T10:51:25Z] #332 attempt=2/2 status=200 0.391s url=https://www.myfonts.com/collections/mltp-just-fly-brush-font-multype-studio/
[2026-09-06T10:51:25Z] #333 attempt=1/2 status=200 0.351s url=https://www.myfonts.com/products/regular-greyland-1215297
[2026-09-06T10:51:26Z] #334 attempt=1/2 status=200 0.374s url=https://www.myfonts.com/collections/greyland-font-din-studio/
[2026-09-06T10:51:27Z] #335 attempt=1/2 status=200 0.343s url=https://www.myfonts.com/products/regular-arvexa-1215293
[2026-09-06T10:51:27Z] #336 attempt=1/2 status=200 0.322s url=https://www.myfonts.com/collections/arvexa-font-arif-novianto/
[2026-09-06T10:51:27Z] #337 attempt=1/2 status=429 0.027s url=https://www.myfonts.com/products/regular-boosta-nose-1215311
[2026-09-06T10:51:30Z] #338 attempt=2/2 status=200 0.399s url=https://www.myfonts.com/products/regular-boosta-nose-1215311
[2026-09-06T10:51:31Z] #339 attempt=1/2 status=200 0.351s url=https://www.myfonts.com/collections/boosta-nose-font-maulana-creative/
[2026-09-06T10:51:31Z] #340 attempt=1/2 status=200 0.403s url=https://www.myfonts.com/products/basic-set-package-1215290
[2026-09-06T10:51:32Z] #341 attempt=1/2 status=200 0.501s url=https://www.myfonts.com/collections/hark-font-locomotype/
[2026-09-06T10:51:33Z] #342 attempt=1/2 status=200 0.328s url=https://www.myfonts.com/products/mallo-bold-complete-family-package-1215268
[2026-09-06T10:51:33Z] #343 attempt=1/2 status=200 0.399s url=https://www.myfonts.com/collections/mallo-bold-font-jafar07/
[2026-09-06T10:51:34Z] #344 attempt=1/2 status=200 0.379s url=https://www.myfonts.com/products/mizun-typeface-complete-family-package-1215257
[2026-09-06T10:51:34Z] #345 attempt=1/2 status=429 0.027s url=https://www.myfonts.com/collections/mizun-typeface-font-khoir/
[2026-09-06T10:51:37Z] #346 attempt=2/2 status=200 0.516s url=https://www.myfonts.com/collections/mizun-typeface-font-khoir/
[2026-09-06T10:51:37Z] #347 attempt=1/2 status=200 0.333s url=https://www.myfonts.com/products/westbrew-complete-family-package-1215254
[2026-09-06T10:51:38Z] #348 attempt=1/2 status=200 0.397s url=https://www.myfonts.com/collections/westbrew-font-steptype/
[2026-09-06T10:51:39Z] #349 attempt=1/2 status=200 0.351s url=https://www.myfonts.com/products/regular-rouch-1215291
[2026-09-06T10:51:39Z] #350 attempt=1/2 status=200 0.368s url=https://www.myfonts.com/collections/rouch-font-rasio-studio/
[2026-09-06T10:51:40Z] #351 attempt=1/2 status=200 0.288s url=https://www.myfonts.com/products/regular-overtall-1215292
[2026-09-06T10:51:40Z] #352 attempt=1/2 status=429 0.029s url=https://www.myfonts.com/collections/overtall-font-rasio-studio/
[2026-09-06T10:51:43Z] #353 attempt=2/2 status=200 0.460s url=https://www.myfonts.com/collections/overtall-font-rasio-studio/
[2026-09-06T10:51:43Z] #354 attempt=1/2 status=200 0.330s url=https://www.myfonts.com/products/regular-stackido-1215267
[2026-09-06T10:51:44Z] #355 attempt=1/2 status=200 0.358s url=https://www.myfonts.com/collections/stackido-font-almarkha-type/
[2026-09-06T10:51:46Z] #356 attempt=1/6 status=200 1.081s url=https://www.myfonts.com/products.json?limit=100&page=21
[2026-09-06T10:51:46Z] #357 attempt=1/2 status=200 0.330s url=https://www.myfonts.com/products/regular-gorvex-1215162
[2026-09-06T10:51:47Z] #358 attempt=1/2 status=200 0.386s url=https://www.myfonts.com/collections/gorvex-font-sipanji21/
[2026-09-06T10:51:47Z] #359 attempt=1/2 status=200 0.338s url=https://www.myfonts.com/products/regular-bavdak-1215150
[2026-09-06T10:51:48Z] #360 attempt=1/2 status=200 0.338s url=https://www.myfonts.com/collections/bavdak-font-arif-novianto/
[2026-09-06T10:51:48Z] #361 attempt=1/2 status=429 0.026s url=https://www.myfonts.com/products/regular-dread-ghost-1215152
[2026-09-06T10:51:51Z] #362 attempt=2/2 status=200 0.405s url=https://www.myfonts.com/products/regular-dread-ghost-1215152
[2026-09-06T10:51:51Z] #363 attempt=1/2 status=200 0.349s url=https://www.myfonts.com/collections/dread-ghost-font-seemly-fonts/
[2026-09-06T10:51:52Z] #364 attempt=1/2 status=200 0.423s url=https://www.myfonts.com/products/regular-davenia-1215160
[2026-09-06T10:51:53Z] #365 attempt=1/2 status=200 0.328s url=https://www.myfonts.com/collections/davenia-font-vadova-std/
[2026-09-06T10:51:53Z] #366 attempt=1/2 status=200 0.364s url=https://www.myfonts.com/products/regular-giordino-structe-1215153
[2026-09-06T10:51:53Z] #367 attempt=1/2 status=429 0.032s url=https://www.myfonts.com/collections/giordino-structe-font-struggle-studio/
[2026-09-06T10:51:56Z] #368 attempt=2/2 status=200 0.439s url=https://www.myfonts.com/collections/giordino-structe-font-struggle-studio/
[2026-09-06T10:51:57Z] #369 attempt=1/2 status=200 0.311s url=https://www.myfonts.com/products/regular-weaksblue-champion-1215149
[2026-09-06T10:51:57Z] #370 attempt=1/2 status=200 0.334s url=https://www.myfonts.com/collections/weaksblue-champion-font-maulana-creative/
[2026-09-06T10:51:58Z] #371 attempt=1/2 status=200 0.338s url=https://www.myfonts.com/products/bellerick-regular-bellerick-1215161
[2026-09-06T10:51:58Z] #372 attempt=1/2 status=200 0.349s url=https://www.myfonts.com/collections/bellerick-font-flawlessandco/
[2026-09-06T10:51:59Z] #373 attempt=1/2 status=200 0.307s url=https://www.myfonts.com/products/regular-real-flores-brush-1215151
[2026-09-06T10:51:59Z] #374 attempt=1/2 status=429 0.031s url=https://www.myfonts.com/collections/real-flores-brush-font-tebaltipis-studio/
[2026-09-06T10:52:02Z] #375 attempt=2/2 status=200 0.417s url=https://www.myfonts.com/collections/real-flores-brush-font-tebaltipis-studio/
[2026-09-06T10:52:03Z] #376 attempt=1/2 status=200 0.389s url=https://www.myfonts.com/products/korca-complete-family-package-1214766
[2026-09-06T10:52:03Z] #377 attempt=1/2 status=200 0.398s url=https://www.myfonts.com/collections/korca-font-artiveko/
[2026-09-06T10:52:03Z] #378 attempt=1/2 status=429 0.028s url=https://www.myfonts.com/products/ninoside-complete-family-package-1214835
[2026-09-06T10:52:06Z] #379 attempt=2/2 status=200 0.809s url=https://www.myfonts.com/products/ninoside-complete-family-package-1214835
[2026-09-06T10:52:08Z] #380 attempt=1/2 status=200 1.163s url=https://www.myfonts.com/collections/ninoside-font-rhd-studio/
[2026-09-06T10:52:09Z] #381 attempt=1/2 status=200 0.559s url=https://www.myfonts.com/products/arpeggio-complete-family-package-1214928
[2026-09-06T10:52:10Z] #382 attempt=1/2 status=200 0.789s url=https://www.myfonts.com/collections/arpeggio-font-paulo-goode/
[2026-09-06T10:52:11Z] #383 attempt=1/2 status=200 0.509s url=https://www.myfonts.com/products/elegtro-volt-complete-family-package-1214814
[2026-09-06T10:52:12Z] #384 attempt=1/2 status=200 0.569s url=https://www.myfonts.com/collections/elegtro-volt-font-twinletter/
[2026-09-06T10:52:12Z] #385 attempt=1/2 status=200 0.372s url=https://www.myfonts.com/products/aethrim-complete-family-package-1214763
[2026-09-06T10:52:13Z] #386 attempt=1/2 status=200 0.394s url=https://www.myfonts.com/collections/aethrim-font-artisan-themes/
[2026-09-06T10:52:13Z] #387 attempt=1/2 status=200 0.377s url=https://www.myfonts.com/products/lunadeo-complete-family-package-1215129
[2026-09-06T10:52:14Z] #388 attempt=1/2 status=200 0.393s url=https://www.myfonts.com/collections/lunadeo-font-omur-ozgur/
[2026-09-06T10:52:15Z] #389 attempt=1/2 status=200 0.351s url=https://www.myfonts.com/products/aethelgard-complete-family-package-1214919
[2026-09-06T10:52:15Z] #390 attempt=1/2 status=200 0.408s url=https://www.myfonts.com/collections/aethelgard-font-tini-fitriani/
[2026-09-06T10:52:16Z] #391 attempt=1/2 status=200 0.336s url=https://www.myfonts.com/products/cafespro-weekend-complete-family-package-1214757
[2026-09-06T10:52:16Z] #392 attempt=1/2 status=429 0.035s url=https://www.myfonts.com/collections/cafespro-weekend-font-amorfa-type/
[2026-09-06T10:52:19Z] #393 attempt=2/2 status=200 0.504s url=https://www.myfonts.com/collections/cafespro-weekend-font-amorfa-type/
[2026-09-06T10:52:20Z] #394 attempt=1/2 status=200 0.372s url=https://www.myfonts.com/products/rinovich-complete-family-package-1214811
[2026-09-06T10:52:20Z] #395 attempt=1/2 status=200 0.414s url=https://www.myfonts.com/collections/rinovich-font-tini-fitriani/
[2026-09-06T10:52:21Z] #396 attempt=1/2 status=200 0.331s url=https://www.myfonts.com/products/aino-complete-family-package-1214754
[2026-09-06T10:52:21Z] #397 attempt=1/2 status=200 0.437s url=https://www.myfonts.com/collections/aino-font-agung-sudirman/
[2026-09-06T10:52:22Z] #398 attempt=1/2 status=200 0.415s url=https://www.myfonts.com/products/mochimo-complete-family-package-1214795
[2026-09-06T10:52:22Z] #399 attempt=1/2 status=429 0.032s url=https://www.myfonts.com/collections/mochimo-font-fargun-studio/
[2026-09-06T10:52:25Z] #400 attempt=2/2 status=200 0.474s url=https://www.myfonts.com/collections/mochimo-font-fargun-studio/
[2026-09-06T10:52:26Z] #401 attempt=1/2 status=200 0.371s url=https://www.myfonts.com/products/rapidez-complete-family-package-1214910
[2026-09-06T10:52:26Z] #402 attempt=1/2 status=200 0.404s url=https://www.myfonts.com/collections/rapidez-font-phonnastudio/
[2026-09-06T10:52:27Z] #403 attempt=1/2 status=200 0.379s url=https://www.myfonts.com/products/the-gilleri-complete-family-package-1214751
[2026-09-06T10:52:28Z] #404 attempt=1/2 status=200 0.381s url=https://www.myfonts.com/collections/the-gilleri-font-zane-studio/
[2026-09-06T10:52:28Z] #405 attempt=1/2 status=200 0.346s url=https://www.myfonts.com/products/valkrye-complete-family-package-1214772
[2026-09-06T10:52:29Z] #406 attempt=1/2 status=200 0.371s url=https://www.myfonts.com/collections/valkrye-font-artiveko/
[2026-09-06T10:52:29Z] #407 attempt=1/2 status=429 0.025s url=https://www.myfonts.com/products/ampersands-complete-family-package-1214724
[2026-09-06T10:52:32Z] #408 attempt=2/2 status=200 0.437s url=https://www.myfonts.com/products/ampersands-complete-family-package-1214724
[2026-09-06T10:52:32Z] #409 attempt=1/2 status=200 0.405s url=https://www.myfonts.com/collections/ampersands-font-castletype/
[2026-09-06T10:52:34Z] #410 attempt=1/2 status=200 0.845s url=https://www.myfonts.com/products/hasfejan-complete-family-package-1214956
[2026-09-06T10:52:35Z] #411 attempt=1/2 status=200 1.310s url=https://www.myfonts.com/collections/hasfejan-font-salsatype/
[2026-09-06T10:52:36Z] #412 attempt=1/2 status=200 0.347s url=https://www.myfonts.com/products/malevoice-complete-family-package-1214769
[2026-09-06T10:52:37Z] #413 attempt=1/2 status=200 0.399s url=https://www.myfonts.com/collections/malevoice-font-artiveko/
[2026-09-06T10:52:37Z] #414 attempt=1/2 status=200 0.473s url=https://www.myfonts.com/products/alera-labs-complete-family-package-1214836
[2026-09-06T10:52:38Z] #415 attempt=1/2 status=200 0.549s url=https://www.myfonts.com/collections/alera-labs-font-product-type/
[2026-09-06T10:52:39Z] #416 attempt=1/2 status=200 0.307s url=https://www.myfonts.com/products/regular-winfly-1214775
[2026-09-06T10:52:39Z] #417 attempt=1/2 status=200 0.306s url=https://www.myfonts.com/collections/winfly-font-beontype/
[2026-09-06T10:52:40Z] #418 attempt=1/2 status=200 0.334s url=https://www.myfonts.com/products/regular-mikamy-1214776
[2026-09-06T10:52:40Z] #419 attempt=1/2 status=429 0.031s url=https://www.myfonts.com/collections/mikamy-font-bimaksara/
[2026-09-06T10:52:43Z] #420 attempt=2/2 status=200 0.441s url=https://www.myfonts.com/collections/mikamy-font-bimaksara/
[2026-09-06T10:52:44Z] #421 attempt=1/6 status=200 0.898s url=https://www.myfonts.com/products.json?limit=100&page=22
[2026-09-06T10:52:45Z] #422 attempt=1/2 status=200 0.311s url=https://www.myfonts.com/products/regular-tearmark-brush-1214762
[2026-09-06T10:52:45Z] #423 attempt=1/2 status=200 0.344s url=https://www.myfonts.com/collections/tearmark-brush-font-arif-novianto/
[2026-09-06T10:52:46Z] #424 attempt=1/2 status=200 0.337s url=https://www.myfonts.com/products/regular-garitson-1214761
[2026-09-06T10:52:46Z] #425 attempt=1/2 status=200 0.334s url=https://www.myfonts.com/collections/garitson-font-anxietype-foundry/
[2026-09-06T10:52:47Z] #426 attempt=1/2 status=200 0.319s url=https://www.myfonts.com/products/regular-libertian-signature-1214760
[2026-09-06T10:52:47Z] #427 attempt=1/2 status=429 0.032s url=https://www.myfonts.com/collections/libertian-signature-font-anxietype-foundry/
[2026-09-06T10:52:50Z] #428 attempt=2/2 status=200 0.412s url=https://www.myfonts.com/collections/libertian-signature-font-anxietype-foundry/
[2026-09-06T10:52:51Z] #429 attempt=1/6 status=200 0.957s url=https://www.myfonts.com/products.json?limit=100&page=23
[2026-09-06T10:52:53Z] #430 attempt=1/6 status=200 0.994s url=https://www.myfonts.com/products.json?limit=100&page=24
[2026-09-06T10:52:54Z] #431 attempt=1/2 status=200 0.804s url=https://www.myfonts.com/products/the-vintage-font-bundle-best-seller-vintage-font-bundle-package-1215133
[2026-09-06T10:52:55Z] #432 attempt=1/2 status=404 0.291s url=https://www.myfonts.com/collections/the-vintage-font-bundle-best-seller-vintage-font-bundle-font-vultype-co
[2026-09-06T10:52:55Z] #433 attempt=1/2 status=200 0.415s url=https://www.myfonts.com/products/regular-tumble-trail-1214834
[2026-09-06T10:52:56Z] #434 attempt=1/2 status=200 0.328s url=https://www.myfonts.com/collections/tumble-trail-font-twinletter/
[2026-09-06T10:52:56Z] #435 attempt=1/2 status=200 0.311s url=https://www.myfonts.com/products/regular-keramat-1214922
[2026-09-06T10:52:57Z] #436 attempt=1/2 status=200 0.305s url=https://www.myfonts.com/collections/keramat-font-tini-fitriani/
[2026-09-06T10:52:57Z] #437 attempt=1/2 status=200 0.341s url=https://www.myfonts.com/products/regular-syahru-ramadhan-1215043
[2026-09-06T10:52:58Z] #438 attempt=1/2 status=200 0.382s url=https://www.myfonts.com/collections/syahru-ramadhan-font-unitype-studio/
[2026-09-06T10:52:58Z] #439 attempt=1/2 status=429 0.026s url=https://www.myfonts.com/products/regular-rainy-pixelo-1214918
[2026-09-06T10:53:01Z] #440 attempt=2/2 status=200 0.435s url=https://www.myfonts.com/products/regular-rainy-pixelo-1214918
[2026-09-06T10:53:01Z] #441 attempt=1/2 status=200 0.353s url=https://www.myfonts.com/collections/rainy-pixelo-font-tini-fitriani/
[2026-09-06T10:53:02Z] #442 attempt=1/2 status=200 0.342s url=https://www.myfonts.com/products/regular-lurath-grain-1214822
[2026-09-06T10:53:03Z] #443 attempt=1/2 status=200 0.345s url=https://www.myfonts.com/collections/lurath-grain-font-twinletter/
[2026-09-06T10:53:03Z] #444 attempt=1/2 status=200 0.365s url=https://www.myfonts.com/products/regular-squiler-munchis-1214927
[2026-09-06T10:53:04Z] #445 attempt=1/2 status=200 0.327s url=https://www.myfonts.com/collections/squiler-munchis-font-tini-fitriani/
[2026-09-06T10:53:04Z] #446 attempt=1/2 status=429 0.026s url=https://www.myfonts.com/products/regular-thurket-ovriks-1214917
[2026-09-06T10:53:07Z] #447 attempt=2/2 status=200 0.480s url=https://www.myfonts.com/products/regular-thurket-ovriks-1214917
[2026-09-06T10:53:07Z] #448 attempt=1/2 status=200 0.360s url=https://www.myfonts.com/collections/thurket-ovriks-font-trabas-kriya/
[2026-09-06T10:53:08Z] #449 attempt=1/2 status=200 0.324s url=https://www.myfonts.com/products/regular-cute-kiyo-1214810
[2026-09-06T10:53:09Z] #450 attempt=1/2 status=200 0.338s url=https://www.myfonts.com/collections/cute-kiyo-font-sidkia-fonts/
[2026-09-06T10:53:09Z] #451 attempt=1/2 status=200 0.391s url=https://www.myfonts.com/products/bold-ddobakhyerim-1214926
[2026-09-06T10:53:09Z] #452 attempt=1/2 status=429 0.031s url=https://www.myfonts.com/collections/ddobakhyerim-font-hyerimhada/
[2026-09-06T10:53:12Z] #453 attempt=2/2 status=200 0.411s url=https://www.myfonts.com/collections/ddobakhyerim-font-hyerimhada/
[2026-09-06T10:53:13Z] #454 attempt=1/2 status=200 0.350s url=https://www.myfonts.com/products/regular-lathorn-stalor-1214916
[2026-09-06T10:53:13Z] #455 attempt=1/2 status=200 0.326s url=https://www.myfonts.com/collections/lathorn-stalor-font-trabas-kriya/
[2026-09-06T10:53:14Z] #456 attempt=1/2 status=200 0.318s url=https://www.myfonts.com/products/regular-attern-1214809
[2026-09-06T10:53:14Z] #457 attempt=1/2 status=200 0.337s url=https://www.myfonts.com/collections/attern-font-konstantinestudio/
[2026-09-06T10:53:15Z] #458 attempt=1/2 status=200 0.315s url=https://www.myfonts.com/products/regular-lorveth-haven-1214915
[2026-09-06T10:53:15Z] #459 attempt=1/2 status=429 0.029s url=https://www.myfonts.com/collections/lorveth-haven-font-product-type/
[2026-09-06T10:53:18Z] #460 attempt=2/2 status=200 0.396s url=https://www.myfonts.com/collections/lorveth-haven-font-product-type/
[2026-09-06T10:53:18Z] #461 attempt=1/2 status=200 0.329s url=https://www.myfonts.com/products/milano-perla-script-milano-perla-script-font-1214808
[2026-09-06T10:53:19Z] #462 attempt=1/2 status=200 0.361s url=https://www.myfonts.com/collections/milano-perla-script-font-font-jimtype-studio/
[2026-09-06T10:53:20Z] #463 attempt=1/2 status=200 0.387s url=https://www.myfonts.com/products/neo-mameo-complete-family-package-1214800
[2026-09-06T10:53:20Z] #464 attempt=1/2 status=200 0.497s url=https://www.myfonts.com/collections/neo-mameo-font-kaidosan/
[2026-09-06T10:53:21Z] #465 attempt=1/2 status=200 0.345s url=https://www.myfonts.com/products/coteza-complete-family-package-1214780
[2026-09-06T10:53:21Z] #466 attempt=1/2 status=429 0.034s url=https://www.myfonts.com/collections/coteza-font-font-liner/
[2026-09-06T10:53:24Z] #467 attempt=2/2 status=200 0.455s url=https://www.myfonts.com/collections/coteza-font-font-liner/
[2026-09-06T10:53:25Z] #468 attempt=1/2 status=200 0.425s url=https://www.myfonts.com/products/thin-regular-bold-black-package-1214793
[2026-09-06T10:53:25Z] #469 attempt=1/2 status=200 0.482s url=https://www.myfonts.com/collections/bausik-sans-font-fitrah-type/
[2026-09-06T10:53:26Z] #470 attempt=1/2 status=200 0.411s url=https://www.myfonts.com/products/regular-forest-blossom-1214778
[2026-09-06T10:53:27Z] #471 attempt=1/2 status=200 0.331s url=https://www.myfonts.com/collections/forest-blossom-font-gassstype/
[2026-09-06T10:53:27Z] #472 attempt=1/2 status=200 0.314s url=https://www.myfonts.com/products/regular-gundora-1214777
[2026-09-06T10:53:27Z] #473 attempt=1/2 status=429 0.029s url=https://www.myfonts.com/collections/gundora-font-dareco-studio/
[2026-09-06T10:53:30Z] #474 attempt=2/2 status=200 0.425s url=https://www.myfonts.com/collections/gundora-font-dareco-studio/
[2026-09-06T10:53:31Z] #475 attempt=1/2 status=200 0.353s url=https://www.myfonts.com/products/regular-emiria-1214779
[2026-09-06T10:53:31Z] #476 attempt=1/2 status=200 0.339s url=https://www.myfonts.com/collections/emiria-font-four-lines-std/
[2026-09-06T10:53:32Z] #477 attempt=1/2 status=200 0.334s url=https://www.myfonts.com/products/regular-ft-darktide-1214794
[2026-09-06T10:53:32Z] #478 attempt=1/2 status=429 0.029s url=https://www.myfonts.com/collections/ft-darktide-font-firstype-studio/
[2026-09-06T10:53:35Z] #479 attempt=2/2 status=200 0.436s url=https://www.myfonts.com/collections/ft-darktide-font-firstype-studio/
[2026-09-06T10:53:35Z] #480 attempt=1/2 status=200 0.306s url=https://www.myfonts.com/products/regular-wacdeb-1214753
[2026-09-06T10:53:36Z] #481 attempt=1/2 status=200 0.340s url=https://www.myfonts.com/collections/wacdeb-font-hasnat-studio/
[2026-09-06T10:53:36Z] #482 attempt=1/2 status=200 0.373s url=https://www.myfonts.com/products/fty-skradjhuwn-complete-family-package-1214726
[2026-09-06T10:53:37Z] #483 attempt=1/2 status=200 0.428s url=https://www.myfonts.com/collections/fty-skradjhuwn-font-the-fontry/
[2026-09-06T10:53:39Z] #484 attempt=1/6 status=200 1.004s url=https://www.myfonts.com/products.json?limit=100&page=25
[2026-09-06T10:53:40Z] #485 attempt=1/2 status=200 0.633s url=https://www.myfonts.com/products/titular-complete-family-package-1214725
[2026-09-06T10:53:41Z] #486 attempt=1/2 status=200 0.871s url=https://www.myfonts.com/collections/titular-font-latinotype/
[2026-09-06T10:53:41Z] #487 attempt=1/2 status=200 0.430s url=https://www.myfonts.com/products/mesveda-complete-family-package-1214736
[2026-09-06T10:53:42Z] #488 attempt=1/2 status=200 0.510s url=https://www.myfonts.com/collections/mesveda-font-agny-hasya-studio/
[2026-09-06T10:53:43Z] #489 attempt=1/2 status=200 0.413s url=https://www.myfonts.com/products/arvor-complete-family-package-1214708
[2026-09-06T10:53:43Z] #490 attempt=1/2 status=429 0.030s url=https://www.myfonts.com/collections/arvor-font-octotypo/
[2026-09-06T10:53:46Z] #491 attempt=2/2 status=200 0.627s url=https://www.myfonts.com/collections/arvor-font-octotypo/
[2026-09-06T10:53:50Z] #492 attempt=1/2 status=500 3.276s url=https://www.myfonts.com/products/family-font-bundle-package-1214723
[2026-09-06T10:53:50Z] #493 attempt=1/2 status=404 0.218s url=https://www.myfonts.com/collections/family-font-bundle-font-propertype
[2026-09-06T10:53:51Z] #494 attempt=1/2 status=200 0.455s url=https://www.myfonts.com/products/sigmund-pro-complete-family-package-1214229
[2026-09-06T10:53:51Z] #495 attempt=1/2 status=200 0.603s url=https://www.myfonts.com/collections/sigmund-pro-font-borutta/
[2026-09-06T10:53:52Z] #496 attempt=1/2 status=200 0.399s url=https://www.myfonts.com/products/grenoble-history-complete-family-package-1214384
[2026-09-06T10:53:53Z] #497 attempt=1/2 status=200 0.387s url=https://www.myfonts.com/collections/grenoble-history-font-unitype-studio/
[2026-09-06T10:53:55Z] #498 attempt=1/2 status=200 1.499s url=https://www.myfonts.com/products/antrain-complete-family-package-1214420
[2026-09-06T10:53:57Z] #499 attempt=1/2 status=200 2.136s url=https://www.myfonts.com/collections/antrain-font-ws-studio/
[2026-09-06T10:53:58Z] #500 attempt=1/2 status=200 0.356s url=https://www.myfonts.com/products/wacky-complete-family-package-1214263
[2026-09-06T10:53:59Z] #501 attempt=1/2 status=200 0.397s url=https://www.myfonts.com/collections/wacky-font-timelesstype-studio/
[2026-09-06T10:53:59Z] #502 attempt=1/2 status=200 0.326s url=https://www.myfonts.com/products/bitebold-complete-family-package-1214575
[2026-09-06T10:54:00Z] #503 attempt=1/2 status=200 0.367s url=https://www.myfonts.com/collections/bitebold-font-steptype/
[2026-09-06T10:54:01Z] #504 attempt=1/2 status=200 0.368s url=https://www.myfonts.com/products/farlot-complete-family-package-1214377
[2026-09-06T10:54:01Z] #505 attempt=1/2 status=200 0.478s url=https://www.myfonts.com/collections/farlot-font-vuuuds/
[2026-09-06T10:54:02Z] #506 attempt=1/2 status=200 0.413s url=https://www.myfonts.com/products/fabric-grotesk-complete-family-package-1214209
[2026-09-06T10:54:03Z] #507 attempt=1/2 status=200 0.573s url=https://www.myfonts.com/collections/fabric-grotesk-font-fontfabric/
[2026-09-06T10:54:04Z] #508 attempt=1/2 status=200 0.848s url=https://www.myfonts.com/products/softness-package-1214419
[2026-09-06T10:54:07Z] #509 attempt=1/2 status=200 2.535s url=https://www.myfonts.com/collections/avelrune-font-ajibatype/
[2026-09-06T10:54:08Z] #510 attempt=1/2 status=200 0.376s url=https://www.myfonts.com/products/daily-vibrant-complete-family-package-1214260
[2026-09-06T10:54:09Z] #511 attempt=1/2 status=200 0.376s url=https://www.myfonts.com/collections/daily-vibrant-font-timelesstype-studio/
[2026-09-06T10:54:09Z] #512 attempt=1/2 status=200 0.425s url=https://www.myfonts.com/products/godskin-standard-pack-package-1214705
[2026-09-06T10:54:10Z] #513 attempt=1/2 status=200 0.524s url=https://www.myfonts.com/collections/godskin-grotesk-font-horizon-type/
[2026-09-06T10:54:11Z] #514 attempt=1/2 status=200 0.340s url=https://www.myfonts.com/products/bombify-complete-family-package-1214477
[2026-09-06T10:54:11Z] #515 attempt=1/2 status=200 0.361s url=https://www.myfonts.com/collections/bombify-font-blankids/
[2026-09-06T10:54:12Z] #516 attempt=1/2 status=200 0.354s url=https://www.myfonts.com/products/nectavia-complete-family-package-1214372
[2026-09-06T10:54:12Z] #517 attempt=1/2 status=200 0.369s url=https://www.myfonts.com/collections/nectavia-font-flawlessandco/
[2026-09-06T10:54:13Z] #518 attempt=1/2 status=200 0.335s url=https://www.myfonts.com/products/charm-thebite-complete-family-package-1214257
[2026-09-06T10:54:14Z] #519 attempt=1/2 status=200 0.359s url=https://www.myfonts.com/collections/charm-thebite-font-timelesstype-studio/
[2026-09-06T10:54:15Z] #520 attempt=1/2 status=200 0.548s url=https://www.myfonts.com/products/sft-schrifted-sans-compact-width-package-1214704
[2026-09-06T10:54:15Z] #521 attempt=1/2 status=429 0.030s url=https://www.myfonts.com/collections/sft-schrift-sans-font-schrifteria-foundry/
[2026-09-06T10:54:18Z] #522 attempt=2/2 status=200 0.874s url=https://www.myfonts.com/collections/sft-schrift-sans-font-schrifteria-foundry/
[2026-09-06T10:54:19Z] #523 attempt=1/2 status=200 0.345s url=https://www.myfonts.com/products/lush-windson-complete-family-package-1214415
[2026-09-06T10:54:19Z] #524 attempt=1/2 status=200 0.385s url=https://www.myfonts.com/collections/lush-windson-font-letterena-studios/
[2026-09-06T10:54:20Z] #525 attempt=1/2 status=200 0.378s url=https://www.myfonts.com/products/italics-only-package-1214429
[2026-09-06T10:54:20Z] #526 attempt=1/2 status=200 0.470s url=https://www.myfonts.com/collections/pulseras-font-lurinzu-studios/
[2026-09-06T10:54:21Z] #527 attempt=1/2 status=200 0.381s url=https://www.myfonts.com/products/summer-blythe-complete-family-package-1214275
[2026-09-06T10:54:21Z] #528 attempt=1/2 status=429 0.032s url=https://www.myfonts.com/collections/summer-blythe-font-cocodesign/
[2026-09-06T10:54:24Z] #529 attempt=2/2 status=200 0.468s url=https://www.myfonts.com/collections/summer-blythe-font-cocodesign/
[2026-09-06T10:54:25Z] #530 attempt=1/2 status=200 0.353s url=https://www.myfonts.com/products/exodus-complete-family-package-1214254
[2026-09-06T10:54:25Z] #531 attempt=1/2 status=200 0.370s url=https://www.myfonts.com/collections/exodus-font-timelesstype-studio/
[2026-09-06T10:54:26Z] #532 attempt=1/2 status=200 0.824s url=https://www.myfonts.com/products/rigstik-serif-complete-family-package-1214274
[2026-09-06T10:54:28Z] #533 attempt=1/2 status=200 1.231s url=https://www.myfonts.com/collections/rigstik-serif-font-madjack-font/
[2026-09-06T10:54:29Z] #534 attempt=1/2 status=200 0.388s url=https://www.myfonts.com/products/ballersin-chyntia-complete-family-package-1214412
[2026-09-06T10:54:29Z] #535 attempt=1/2 status=200 0.419s url=https://www.myfonts.com/collections/ballersin-chyntia-font-letterena-studios/
[2026-09-06T10:54:30Z] #536 attempt=1/2 status=200 0.514s url=https://www.myfonts.com/products/berka-variable-fonts-package-1214249
[2026-09-06T10:54:30Z] #537 attempt=1/2 status=429 0.028s url=https://www.myfonts.com/collections/berka-font-wahyu-sani-co/
[2026-09-06T10:54:34Z] #538 attempt=2/2 status=200 0.859s url=https://www.myfonts.com/collections/berka-font-wahyu-sani-co/
[2026-09-06T10:54:34Z] #539 attempt=1/2 status=200 0.403s url=https://www.myfonts.com/products/butter-rolling-complete-family-package-1214421
[2026-09-06T10:54:35Z] #540 attempt=1/2 status=200 0.386s url=https://www.myfonts.com/collections/butter-rolling-font-letterena-studios/
[2026-09-06T10:54:35Z] #541 attempt=1/2 status=200 0.357s url=https://www.myfonts.com/products/signer-complete-family-package-1214267
[2026-09-06T10:54:36Z] #542 attempt=1/2 status=200 0.435s url=https://www.myfonts.com/collections/signer-font-blankids/
[2026-09-06T10:54:37Z] #543 attempt=1/2 status=200 0.461s url=https://www.myfonts.com/products/grand-bernabeu-complete-family-package-1214393
[2026-09-06T10:54:38Z] #544 attempt=1/2 status=200 0.490s url=https://www.myfonts.com/collections/grand-bernabeu-font-unitype-studio/
[2026-09-06T10:54:38Z] #545 attempt=1/2 status=200 0.335s url=https://www.myfonts.com/products/tharwatemara-regular-te-mary2-1214707
[2026-09-06T10:54:39Z] #546 attempt=1/2 status=429 0.030s url=https://www.myfonts.com/collections/te-mary2-font-tharwat-emara/
[2026-09-06T10:54:41Z] #547 attempt=2/2 status=200 0.428s url=https://www.myfonts.com/collections/te-mary2-font-tharwat-emara/
[2026-09-06T10:54:42Z] #548 attempt=1/2 status=200 0.328s url=https://www.myfonts.com/products/regular-paper-cut-1214706
[2026-09-06T10:54:42Z] #549 attempt=1/2 status=200 0.382s url=https://www.myfonts.com/collections/paper-cut-font-jafar07/
[2026-09-06T10:54:42Z] summary releases=209 first_429=(123, 'https://www.myfonts.com/collections/wonder-finder-font-littlehand/', 0.029241323471069336) log_file=state/myfonts_run_20260906_104559.log
[2026-09-06T10:54:42Z] === MyFonts crawl end ===
