[2026-07-03T09:30:58Z] checkpoint fresh next_page=1 path=state/myfonts_crawl_checkpoint.json
[2026-07-03T09:30:58Z] === MyFonts crawl start source=myfonts ===
[2026-07-03T09:30:58Z] config max_pages=25 page_size=100 start_date=2026-07-02 end_date=2026-07-03 api_delay=0.5s detail_delay=0.2s max_debut_checks=400 max_tech_specs_checks=200 reuse_success_profile=False always_enrich_packages=True language_script_signal_mode=strong force_fresh_run=False start_page=1 browser_mode=False browser_headless=True browser_storage_state_path=state/myfonts_storage_state.json
[2026-07-03T09:31:00Z] #1 attempt=1/6 status=200 1.366s url=https://www.myfonts.com/products.json?limit=100&page=1
[2026-07-03T09:31:01Z] #2 attempt=1/2 status=200 0.457s url=https://www.myfonts.com/products/regular-flowpainter-llt-973916
[2026-07-03T09:31:02Z] #3 attempt=1/2 status=200 0.413s url=https://www.myfonts.com/collections/flowpainter-llt-font-lone-letter/
[2026-07-03T09:31:02Z] #4 attempt=1/2 status=200 0.306s url=https://www.myfonts.com/collections/flowpainter-llt-font-lone-letter/?tab=techSpecs
[2026-07-03T09:31:03Z] #5 attempt=1/2 status=200 0.455s url=https://www.myfonts.com/products/limit-file-variable-concept-complete-family-package-1175430
[2026-07-03T09:31:04Z] #6 attempt=1/2 status=200 0.540s url=https://www.myfonts.com/collections/limit-file-variable-concept-font-bold-guys/
[2026-07-03T09:31:05Z] #7 attempt=1/2 status=200 0.624s url=https://www.myfonts.com/collections/limit-file-variable-concept-font-bold-guys/?tab=techSpecs
[2026-07-03T09:31:06Z] #8 attempt=1/2 status=200 0.622s url=https://www.myfonts.com/products/limit-file-basic-package-1175429
[2026-07-03T09:31:07Z] #9 attempt=1/2 status=200 0.677s url=https://www.myfonts.com/collections/limit-file-font-bold-guys/
[2026-07-03T09:31:08Z] #10 attempt=1/2 status=200 0.214s url=https://www.myfonts.com/collections/limit-file-font-bold-guys/?tab=techSpecs
[2026-07-03T09:31:10Z] #11 attempt=1/2 status=200 0.993s url=https://www.myfonts.com/products/krock-complete-family-package-1175461
[2026-07-03T09:31:11Z] #12 attempt=1/2 status=200 1.452s url=https://www.myfonts.com/collections/krock-font-alpercakici/
[2026-07-03T09:31:12Z] #13 attempt=1/2 status=200 0.237s url=https://www.myfonts.com/collections/krock-font-alpercakici/?tab=techSpecs
[2026-07-03T09:31:14Z] #14 attempt=1/2 status=200 0.560s url=https://www.myfonts.com/products/ater-display-complete-family-package-1175440
[2026-07-03T09:31:15Z] #15 attempt=1/2 status=200 0.662s url=https://www.myfonts.com/collections/ater-display-font-blaze-type/
[2026-07-03T09:31:16Z] #16 attempt=1/2 status=200 0.714s url=https://www.myfonts.com/collections/ater-display-font-blaze-type/?tab=techSpecs
[2026-07-03T09:31:17Z] #17 attempt=1/2 status=200 0.444s url=https://www.myfonts.com/products/bold-alascripty-1175459
[2026-07-03T09:31:18Z] #18 attempt=1/2 status=200 0.463s url=https://www.myfonts.com/collections/alascripty-font-leksen-design/
[2026-07-03T09:31:18Z] #19 attempt=1/2 status=200 0.301s url=https://www.myfonts.com/collections/alascripty-font-leksen-design/?tab=techSpecs
[2026-07-03T09:31:19Z] #20 attempt=1/2 status=200 0.440s url=https://www.myfonts.com/products/variable-regular-macklin-variable-1175435
[2026-07-03T09:31:20Z] #21 attempt=1/2 status=200 0.466s url=https://www.myfonts.com/collections/macklin-variable-font-monotype-imaging/
[2026-07-03T09:31:21Z] #22 attempt=1/2 status=200 0.285s url=https://www.myfonts.com/collections/macklin-variable-font-monotype-imaging/?tab=techSpecs
[2026-07-03T09:31:22Z] #23 attempt=1/2 status=200 0.575s url=https://www.myfonts.com/products/48-medium-armin-1175439
[2026-07-03T09:31:23Z] #24 attempt=1/2 status=200 0.703s url=https://www.myfonts.com/collections/armin-font-test-pilot-collective/
[2026-07-03T09:31:24Z] #25 attempt=1/2 status=200 0.649s url=https://www.myfonts.com/collections/armin-font-test-pilot-collective/?tab=techSpecs
[2026-07-03T09:31:26Z] #26 attempt=1/2 status=200 0.628s url=https://www.myfonts.com/collections/armin-font-test-pilot-collective/
[2026-07-03T09:31:26Z] #27 attempt=1/2 status=200 0.590s url=https://www.myfonts.com/products/cf-asty-monospaced-complete-family-package-1173869
[2026-07-03T09:31:27Z] #28 attempt=1/2 status=200 0.779s url=https://www.myfonts.com/collections/cf-asty-monospaced-font-fonts-gr/
[2026-07-03T09:31:28Z] #29 attempt=1/2 status=200 0.714s url=https://www.myfonts.com/collections/cf-asty-monospaced-font-fonts-gr/?tab=techSpecs
[2026-07-03T09:31:31Z] #30 attempt=1/6 status=200 1.068s url=https://www.myfonts.com/products.json?limit=100&page=2
[2026-07-03T09:31:31Z] #31 attempt=1/2 status=200 0.437s url=https://www.myfonts.com/products/hirama-complete-family-package-1173950
[2026-07-03T09:31:32Z] #32 attempt=1/2 status=200 0.500s url=https://www.myfonts.com/collections/hirama-font-agung-sudirman/
[2026-07-03T09:31:33Z] #33 attempt=1/2 status=200 0.636s url=https://www.myfonts.com/collections/hirama-font-agung-sudirman/?tab=techSpecs
[2026-07-03T09:31:34Z] #34 attempt=1/2 status=200 0.434s url=https://www.myfonts.com/products/retro-communia-complete-family-package-1175361
[2026-07-03T09:31:35Z] #35 attempt=1/2 status=200 0.544s url=https://www.myfonts.com/collections/retro-communia-font-ayca-atalay/
[2026-07-03T09:31:36Z] #36 attempt=1/2 status=200 0.222s url=https://www.myfonts.com/collections/retro-communia-font-ayca-atalay/?tab=techSpecs
[2026-07-03T09:31:37Z] #37 attempt=1/2 status=200 0.504s url=https://www.myfonts.com/products/rengid-afikan-complete-family-package-1175341
[2026-07-03T09:31:38Z] #38 attempt=1/2 status=200 0.594s url=https://www.myfonts.com/collections/rengid-afikan-font-timelesstype-studio/
[2026-07-03T09:31:39Z] #39 attempt=1/2 status=200 0.707s url=https://www.myfonts.com/collections/rengid-afikan-font-timelesstype-studio/?tab=techSpecs
[2026-07-03T09:31:42Z] #40 attempt=1/2 status=200 1.918s url=https://www.myfonts.com/products/solmerik-complete-family-package-1175133
[2026-07-03T09:31:45Z] #41 attempt=1/2 status=200 3.058s url=https://www.myfonts.com/collections/solmerik-font-mantype-studio/
[2026-07-03T09:31:48Z] #42 attempt=1/2 status=200 1.829s url=https://www.myfonts.com/collections/solmerik-font-mantype-studio/?tab=techSpecs
[2026-07-03T09:31:49Z] #43 attempt=1/2 status=200 0.506s url=https://www.myfonts.com/products/norgiva-complete-family-package-1175034
[2026-07-03T09:31:50Z] #44 attempt=1/2 status=200 0.496s url=https://www.myfonts.com/collections/norgiva-font-jinan-studio/
[2026-07-03T09:31:51Z] #45 attempt=1/2 status=200 0.626s url=https://www.myfonts.com/collections/norgiva-font-jinan-studio/?tab=techSpecs
[2026-07-03T09:31:52Z] #46 attempt=1/2 status=200 0.485s url=https://www.myfonts.com/products/tc-bombay-serif-complete-family-package-1175084
[2026-07-03T09:31:53Z] #47 attempt=1/2 status=200 0.633s url=https://www.myfonts.com/collections/tc-bombay-serif-font-typoclast-studio/
[2026-07-03T09:31:54Z] #48 attempt=1/2 status=200 0.546s url=https://www.myfonts.com/collections/tc-bombay-serif-font-typoclast-studio/?tab=techSpecs
[2026-07-03T09:31:55Z] #49 attempt=1/2 status=200 0.465s url=https://www.myfonts.com/products/morning-lacho-complete-family-package-1174974
[2026-07-03T09:31:56Z] #50 attempt=1/2 status=200 0.552s url=https://www.myfonts.com/collections/morning-lacho-font-timelesstype-studio/
[2026-07-03T09:31:57Z] #51 attempt=1/2 status=200 0.565s url=https://www.myfonts.com/collections/morning-lacho-font-timelesstype-studio/?tab=techSpecs
[2026-07-03T09:31:58Z] #52 attempt=1/2 status=200 0.467s url=https://www.myfonts.com/products/coalshackle-complete-family-package-1161882
[2026-07-03T09:31:59Z] #53 attempt=1/2 status=200 0.540s url=https://www.myfonts.com/collections/coalshackle-font-mans-greback/
[2026-07-03T09:32:00Z] #54 attempt=1/2 status=200 0.681s url=https://www.myfonts.com/collections/coalshackle-font-mans-greback/?tab=techSpecs
[2026-07-03T09:32:02Z] #55 attempt=1/2 status=200 0.619s url=https://www.myfonts.com/products/start-playing-cool-complete-family-package-1174958
[2026-07-03T09:32:03Z] #56 attempt=1/2 status=200 0.786s url=https://www.myfonts.com/collections/start-playing-cool-font-pizzadudedk/
[2026-07-03T09:32:03Z] #57 attempt=1/2 status=200 0.289s url=https://www.myfonts.com/collections/start-playing-cool-font-pizzadudedk/?tab=techSpecs
[2026-07-03T09:32:05Z] #58 attempt=1/2 status=200 0.521s url=https://www.myfonts.com/products/secret-cantena-complete-family-package-1174954
[2026-07-03T09:32:06Z] #59 attempt=1/2 status=200 0.589s url=https://www.myfonts.com/collections/secret-cantena-font-struggle-studio/
[2026-07-03T09:32:07Z] #60 attempt=1/2 status=200 0.652s url=https://www.myfonts.com/collections/secret-cantena-font-struggle-studio/?tab=techSpecs
[2026-07-03T09:32:08Z] #61 attempt=1/2 status=200 0.425s url=https://www.myfonts.com/products/madyline-complete-family-package-1175028
[2026-07-03T09:32:09Z] #62 attempt=1/2 status=200 0.489s url=https://www.myfonts.com/collections/madyline-font-adam-fathony/
[2026-07-03T09:32:09Z] #63 attempt=1/2 status=200 0.614s url=https://www.myfonts.com/collections/madyline-font-adam-fathony/?tab=techSpecs
[2026-07-03T09:32:11Z] #64 attempt=1/2 status=200 0.629s url=https://www.myfonts.com/products/california-poetrisn-complete-family-package-1174901
[2026-07-03T09:32:12Z] #65 attempt=1/2 status=200 0.800s url=https://www.myfonts.com/collections/california-poetrisn-font-suza-studio/
[2026-07-03T09:32:13Z] #66 attempt=1/2 status=200 0.818s url=https://www.myfonts.com/collections/california-poetrisn-font-suza-studio/?tab=techSpecs
[2026-07-03T09:32:14Z] #67 attempt=1/2 status=200 0.432s url=https://www.myfonts.com/products/milano-editorial-vintage-complete-family-package-1174893
[2026-07-03T09:32:15Z] #68 attempt=1/2 status=200 0.549s url=https://www.myfonts.com/collections/milano-editorial-vintage-font-letterfreshstudio/
[2026-07-03T09:32:16Z] #69 attempt=1/2 status=200 0.294s url=https://www.myfonts.com/collections/milano-editorial-vintage-font-letterfreshstudio/?tab=techSpecs
[2026-07-03T09:32:17Z] #70 attempt=1/2 status=200 0.479s url=https://www.myfonts.com/products/elinkos-complete-family-package-1174998
[2026-07-03T09:32:18Z] #71 attempt=1/2 status=200 0.421s url=https://www.myfonts.com/collections/elinkos-font-timelesstype-studio/
[2026-07-03T09:32:19Z] #72 attempt=1/2 status=200 0.617s url=https://www.myfonts.com/collections/elinkos-font-timelesstype-studio/?tab=techSpecs
[2026-07-03T09:32:20Z] #73 attempt=1/2 status=200 0.472s url=https://www.myfonts.com/products/hella-punk-complete-family-package-1175061
[2026-07-03T09:32:21Z] #74 attempt=1/2 status=200 0.555s url=https://www.myfonts.com/collections/hella-punk-font-jolicia-type/
[2026-07-03T09:32:21Z] #75 attempt=1/2 status=200 0.358s url=https://www.myfonts.com/collections/hella-punk-font-jolicia-type/?tab=techSpecs
[2026-07-03T09:32:23Z] #76 attempt=1/2 status=200 0.437s url=https://www.myfonts.com/products/anticha-atelier-complete-family-package-1175334
[2026-07-03T09:32:23Z] #77 attempt=1/2 status=200 0.521s url=https://www.myfonts.com/collections/anticha-atelier-font-nollev/
[2026-07-03T09:32:24Z] #78 attempt=1/2 status=200 0.590s url=https://www.myfonts.com/collections/anticha-atelier-font-nollev/?tab=techSpecs
[2026-07-03T09:32:26Z] #79 attempt=1/2 status=200 0.514s url=https://www.myfonts.com/products/comsignal-bb-complete-family-package-1174949
[2026-07-03T09:32:27Z] #80 attempt=1/2 status=200 0.677s url=https://www.myfonts.com/collections/comsignal-bb-font-blambot/
[2026-07-03T09:32:28Z] #81 attempt=1/2 status=200 0.592s url=https://www.myfonts.com/collections/comsignal-bb-font-blambot/?tab=techSpecs
[2026-07-03T09:32:29Z] #82 attempt=1/2 status=200 0.433s url=https://www.myfonts.com/products/grakton-complete-family-package-1175338
[2026-07-03T09:32:30Z] #83 attempt=1/2 status=200 0.612s url=https://www.myfonts.com/collections/grakton-font-timelesstype-studio/
[2026-07-03T09:32:31Z] #84 attempt=1/2 status=200 0.575s url=https://www.myfonts.com/collections/grakton-font-timelesstype-studio/?tab=techSpecs
[2026-07-03T09:32:32Z] #85 attempt=1/2 status=200 0.543s url=https://www.myfonts.com/products/black-train-complete-family-package-1175353
[2026-07-03T09:32:33Z] #86 attempt=1/2 status=200 0.749s url=https://www.myfonts.com/collections/black-train-font-tour-de-force/
[2026-07-03T09:32:34Z] #87 attempt=1/2 status=200 0.652s url=https://www.myfonts.com/collections/black-train-font-tour-de-force/?tab=techSpecs
[2026-07-03T09:32:35Z] #88 attempt=1/2 status=200 0.473s url=https://www.myfonts.com/products/rogue-sable-brush-complete-family-package-1174896
[2026-07-03T09:32:36Z] #89 attempt=1/2 status=200 0.599s url=https://www.myfonts.com/collections/rogue-sable-brush-font-mei-suseno/
[2026-07-03T09:32:37Z] #90 attempt=1/2 status=200 0.524s url=https://www.myfonts.com/collections/rogue-sable-brush-font-mei-suseno/?tab=techSpecs
[2026-07-03T09:32:38Z] #91 attempt=1/2 status=200 0.465s url=https://www.myfonts.com/products/aukim-ii-variable-complete-family-package-1174944
[2026-07-03T09:32:39Z] #92 attempt=1/2 status=200 0.574s url=https://www.myfonts.com/collections/aukim-ii-variable-font-aukimvisuel/
[2026-07-03T09:32:40Z] #93 attempt=1/2 status=200 0.280s url=https://www.myfonts.com/collections/aukim-ii-variable-font-aukimvisuel/?tab=techSpecs
[2026-07-03T09:32:41Z] #94 attempt=1/2 status=200 0.492s url=https://www.myfonts.com/products/impactors-futuristic-complete-family-package-1174921
[2026-07-03T09:32:42Z] #95 attempt=1/2 status=200 0.594s url=https://www.myfonts.com/collections/impactors-futuristic-font-minetype/
[2026-07-03T09:32:43Z] #96 attempt=1/2 status=200 0.567s url=https://www.myfonts.com/collections/impactors-futuristic-font-minetype/?tab=techSpecs
[2026-07-03T09:32:44Z] #97 attempt=1/2 status=200 0.520s url=https://www.myfonts.com/products/braventra-complete-family-package-1175081
[2026-07-03T09:32:45Z] #98 attempt=1/2 status=200 0.556s url=https://www.myfonts.com/collections/braventra-font-cocodesign/
[2026-07-03T09:32:46Z] #99 attempt=1/2 status=200 0.627s url=https://www.myfonts.com/collections/braventra-font-cocodesign/?tab=techSpecs
[2026-07-03T09:32:47Z] #100 attempt=1/2 status=200 0.427s url=https://www.myfonts.com/products/regular-koopers-trend-1174970
[2026-07-03T09:32:48Z] #101 attempt=1/2 status=200 0.431s url=https://www.myfonts.com/collections/koopers-trend-font-flawlessandco/
[2026-07-03T09:32:48Z] #102 attempt=1/2 status=200 0.220s url=https://www.myfonts.com/collections/koopers-trend-font-flawlessandco/?tab=techSpecs
[2026-07-03T09:32:49Z] #103 attempt=1/2 status=200 0.422s url=https://www.myfonts.com/products/regular-hot-fire-1174941
[2026-07-03T09:32:50Z] #104 attempt=1/2 status=200 0.454s url=https://www.myfonts.com/collections/hot-fire-font-mvmet/
[2026-07-03T09:32:50Z] #105 attempt=1/2 status=200 0.260s url=https://www.myfonts.com/collections/hot-fire-font-mvmet/?tab=techSpecs
[2026-07-03T09:32:51Z] #106 attempt=1/2 status=200 0.362s url=https://www.myfonts.com/products/regular-grande-1175352
[2026-07-03T09:32:51Z] #107 attempt=1/2 status=429 0.028s url=https://www.myfonts.com/collections/grande-font-jaruka-creative/
[2026-07-03T09:32:51Z] first_429 req=107 url=https://www.myfonts.com/collections/grande-font-jaruka-creative/
[2026-07-03T09:32:54Z] #108 attempt=2/2 status=200 0.474s url=https://www.myfonts.com/collections/grande-font-jaruka-creative/
[2026-07-03T09:32:55Z] #109 attempt=1/2 status=200 0.399s url=https://www.myfonts.com/products/regular-boney-mellina-1174927
[2026-07-03T09:32:55Z] #110 attempt=1/2 status=200 0.431s url=https://www.myfonts.com/collections/boney-mellina-font-super-dust/
[2026-07-03T09:32:56Z] #111 attempt=1/2 status=200 0.440s url=https://www.myfonts.com/products/bojagi-regular-bojagi-1175040
[2026-07-03T09:32:57Z] #112 attempt=1/2 status=200 0.456s url=https://www.myfonts.com/collections/bojagi-font-flawlessandco/
[2026-07-03T09:32:59Z] #113 attempt=1/6 status=200 1.067s url=https://www.myfonts.com/products.json?limit=100&page=3
[2026-07-03T09:32:59Z] #114 attempt=1/2 status=200 0.399s url=https://www.myfonts.com/products/regular-jelly-bloom-1174939
[2026-07-03T09:32:59Z] #115 attempt=1/2 status=429 0.062s url=https://www.myfonts.com/collections/jelly-bloom-font-super-dust/
[2026-07-03T09:33:02Z] #116 attempt=2/2 status=200 0.467s url=https://www.myfonts.com/collections/jelly-bloom-font-super-dust/
[2026-07-03T09:33:03Z] #117 attempt=1/2 status=200 0.408s url=https://www.myfonts.com/products/regular-graftextlif-1175094
[2026-07-03T09:33:04Z] #118 attempt=1/2 status=200 0.442s url=https://www.myfonts.com/collections/graftextlif-font-niamullah-aqil/
[2026-07-03T09:33:04Z] #119 attempt=1/2 status=200 0.386s url=https://www.myfonts.com/products/regular-gimro-1175065
[2026-07-03T09:33:05Z] #120 attempt=1/2 status=200 0.349s url=https://www.myfonts.com/collections/gimro-font-pandeka-studio/
[2026-07-03T09:33:05Z] #121 attempt=1/2 status=200 0.367s url=https://www.myfonts.com/products/regular-pixel-hype-1174926
[2026-07-03T09:33:06Z] #122 attempt=1/2 status=200 0.405s url=https://www.myfonts.com/collections/pixel-hype-font-xalt-typography/
[2026-07-03T09:33:08Z] #123 attempt=1/6 status=200 0.993s url=https://www.myfonts.com/products.json?limit=100&page=4
[2026-07-03T09:33:08Z] #124 attempt=1/2 status=200 0.446s url=https://www.myfonts.com/products/regular-yep-1174943
[2026-07-03T09:33:09Z] #125 attempt=1/2 status=200 0.419s url=https://www.myfonts.com/collections/yep-font-xalt-typography/
[2026-07-03T09:33:09Z] #126 attempt=1/2 status=429 0.026s url=https://www.myfonts.com/products/regular-lifloon-1175080
[2026-07-03T09:33:12Z] #127 attempt=2/2 status=200 0.494s url=https://www.myfonts.com/products/regular-lifloon-1175080
[2026-07-03T09:33:13Z] #128 attempt=1/2 status=200 0.418s url=https://www.myfonts.com/collections/lifloon-font-linecreative/
[2026-07-03T09:33:13Z] #129 attempt=1/2 status=200 0.451s url=https://www.myfonts.com/products/regular-gothic-ancient-dragon-1174900
[2026-07-03T09:33:14Z] #130 attempt=1/2 status=200 0.465s url=https://www.myfonts.com/collections/gothic-ancient-dragon-font-mvmet/
[2026-07-03T09:33:15Z] #131 attempt=1/2 status=200 0.384s url=https://www.myfonts.com/products/regular-bonrage-1174978
[2026-07-03T09:33:15Z] #132 attempt=1/2 status=200 0.409s url=https://www.myfonts.com/collections/bonrage-font-vadova-std/
[2026-07-03T09:33:16Z] #133 attempt=1/2 status=200 0.405s url=https://www.myfonts.com/products/regular-japan-brush-1175366
[2026-07-03T09:33:16Z] #134 attempt=1/2 status=429 0.041s url=https://www.myfonts.com/collections/japan-brush-font-mvmet/
[2026-07-03T09:33:19Z] #135 attempt=2/2 status=200 0.470s url=https://www.myfonts.com/collections/japan-brush-font-mvmet/
[2026-07-03T09:33:20Z] #136 attempt=1/2 status=200 0.377s url=https://www.myfonts.com/products/regular-navore-1174977
[2026-07-03T09:33:20Z] #137 attempt=1/2 status=200 0.468s url=https://www.myfonts.com/collections/navore-font-rasio-studio/
[2026-07-03T09:33:22Z] #138 attempt=1/6 status=200 1.044s url=https://www.myfonts.com/products.json?limit=100&page=5
[2026-07-03T09:33:23Z] #139 attempt=1/2 status=200 0.449s url=https://www.myfonts.com/products/sad-night-complete-family-package-1174963
[2026-07-03T09:33:23Z] #140 attempt=1/2 status=200 0.613s url=https://www.myfonts.com/collections/sad-night-font-struggle-studio/
[2026-07-03T09:33:25Z] #141 attempt=1/2 status=200 1.213s url=https://www.myfonts.com/products/traced-italic-tokara-1174849
[2026-07-03T09:33:27Z] #142 attempt=1/2 status=200 1.923s url=https://www.myfonts.com/collections/tokara-font-alpercakici/
[2026-07-03T09:33:28Z] #143 attempt=1/2 status=200 0.670s url=https://www.myfonts.com/products/oblique-black-auranix-expanded-1175024
[2026-07-03T09:33:30Z] #144 attempt=1/2 status=200 1.030s url=https://www.myfonts.com/collections/auranix-expanded-font-jinan-studio/
[2026-07-03T09:33:31Z] #145 attempt=1/2 status=200 0.674s url=https://www.myfonts.com/products/light-rhimen-1174931
[2026-07-03T09:33:31Z] #146 attempt=1/2 status=200 0.613s url=https://www.myfonts.com/collections/rhimen-font-luminatype-studio/
[2026-07-03T09:33:32Z] #147 attempt=1/2 status=200 0.599s url=https://www.myfonts.com/products/thin-italic-morvetra-tm-1175317
[2026-07-03T09:33:33Z] #148 attempt=1/2 status=200 0.876s url=https://www.myfonts.com/collections/morvetra-tm-font-twinletter/
[2026-07-03T09:33:34Z] #149 attempt=1/2 status=200 0.686s url=https://www.myfonts.com/products/black-italic-mireno-sans-1175131
[2026-07-03T09:33:36Z] #150 attempt=1/2 status=200 0.842s url=https://www.myfonts.com/collections/mireno-sans-font-syauqi-studio/
[2026-07-03T09:33:36Z] #151 attempt=1/2 status=200 0.564s url=https://www.myfonts.com/products/black-italic-animetry-1175386
[2026-07-03T09:33:38Z] #152 attempt=1/2 status=200 0.806s url=https://www.myfonts.com/collections/animetry-font-syntype/
[2026-07-03T09:33:39Z] #153 attempt=1/2 status=200 0.690s url=https://www.myfonts.com/products/semi-bold-oblique-finlado-1175107
[2026-07-03T09:33:40Z] #154 attempt=1/2 status=200 0.862s url=https://www.myfonts.com/collections/finlado-font-bartama-graphic/
[2026-07-03T09:33:40Z] #155 attempt=1/2 status=200 0.461s url=https://www.myfonts.com/products/slant-oras-1175067
[2026-07-03T09:33:41Z] #156 attempt=1/2 status=200 0.581s url=https://www.myfonts.com/collections/oras-font-pandeka-studio/
[2026-07-03T09:33:43Z] #157 attempt=1/6 status=200 1.135s url=https://www.myfonts.com/products.json?limit=100&page=6
[2026-07-03T09:33:44Z] #158 attempt=1/2 status=200 0.491s url=https://www.myfonts.com/products/bold-cotoris-545181
[2026-07-03T09:33:44Z] #159 attempt=1/2 status=200 0.547s url=https://www.myfonts.com/collections/cotoris-font-dharma-type/
[2026-07-03T09:33:45Z] #160 attempt=1/2 status=200 0.530s url=https://www.myfonts.com/products/rasley-heights-complete-family-package-1161877
[2026-07-03T09:33:46Z] #161 attempt=1/2 status=200 0.670s url=https://www.myfonts.com/collections/rasley-heights-font-mans-greback/
[2026-07-03T09:33:47Z] #162 attempt=1/2 status=200 0.604s url=https://www.myfonts.com/products/larolinea-complete-family-package-1171321
[2026-07-03T09:33:48Z] #163 attempt=1/2 status=200 0.845s url=https://www.myfonts.com/collections/larolinea-font-syafbe/
[2026-07-03T09:33:49Z] #164 attempt=1/2 status=200 0.521s url=https://www.myfonts.com/products/velique-sans-complete-family-package-1162953
[2026-07-03T09:33:50Z] #165 attempt=1/2 status=200 0.766s url=https://www.myfonts.com/collections/velique-sans-font-syauqi-studio/
[2026-07-03T09:33:51Z] #166 attempt=1/2 status=200 0.416s url=https://www.myfonts.com/products/virea-complete-family-package-1173775
[2026-07-03T09:33:52Z] #167 attempt=1/2 status=200 0.547s url=https://www.myfonts.com/collections/virea-font-ceeskiiw/
[2026-07-03T09:33:52Z] #168 attempt=1/2 status=200 0.361s url=https://www.myfonts.com/products/regular-happy-crayon-handwriting-1174940
[2026-07-03T09:33:53Z] #169 attempt=1/2 status=200 0.348s url=https://www.myfonts.com/collections/happy-crayon-handwriting-font-mvmet/
[2026-07-03T09:33:53Z] #170 attempt=1/2 status=200 0.391s url=https://www.myfonts.com/products/pro-bonex-1174942
[2026-07-03T09:33:54Z] #171 attempt=1/2 status=200 0.448s url=https://www.myfonts.com/collections/bonex-font-high-definition-soul/
[2026-07-03T09:33:55Z] #172 attempt=1/2 status=200 0.427s url=https://www.myfonts.com/products/regular-ink-drips-tag-marker-1175365
[2026-07-03T09:33:55Z] #173 attempt=1/2 status=200 0.403s url=https://www.myfonts.com/collections/ink-drips-tag-marker-font-mvmet/
[2026-07-03T09:33:57Z] #174 attempt=1/6 status=200 1.141s url=https://www.myfonts.com/products.json?limit=100&page=7
[2026-07-03T09:33:58Z] #175 attempt=1/2 status=200 0.588s url=https://www.myfonts.com/products/phase-grotesk-complete-family-package-1173978
[2026-07-03T09:33:59Z] #176 attempt=1/2 status=200 0.700s url=https://www.myfonts.com/collections/phase-grotesk-font-font-catalogue/
[2026-07-03T09:34:01Z] #177 attempt=1/2 status=200 1.513s url=https://www.myfonts.com/products/xbold-limit-display-1174686
[2026-07-03T09:34:03Z] #178 attempt=1/2 status=200 2.107s url=https://www.myfonts.com/collections/limit-display-font-bold-guys/
[2026-07-03T09:34:04Z] #179 attempt=1/2 status=200 0.655s url=https://www.myfonts.com/products/light-honfleur-1174595
[2026-07-03T09:34:05Z] #180 attempt=1/2 status=200 0.770s url=https://www.myfonts.com/collections/honfleur-font-typodermic/
[2026-07-03T09:34:07Z] #181 attempt=1/2 status=200 0.795s url=https://www.myfonts.com/products/condensed-xbold-italic-limit-micro-1174571
[2026-07-03T09:34:08Z] #182 attempt=1/2 status=200 1.407s url=https://www.myfonts.com/collections/limit-micro-font-bold-guys/
[2026-07-03T09:34:09Z] #183 attempt=1/2 status=200 0.707s url=https://www.myfonts.com/products/light-cmx-1175397
[2026-07-03T09:34:11Z] #184 attempt=1/2 status=200 0.862s url=https://www.myfonts.com/collections/cmx-font-ixipcalli/
[2026-07-03T09:34:12Z] #185 attempt=1/6 status=200 0.969s url=https://www.myfonts.com/products.json?limit=100&page=8
[2026-07-03T09:34:13Z] #186 attempt=1/2 status=200 0.449s url=https://www.myfonts.com/products/italic-limit-text-variable-concept-1174609
[2026-07-03T09:34:14Z] #187 attempt=1/2 status=200 0.570s url=https://www.myfonts.com/collections/limit-text-variable-concept-font-bold-guys/
[2026-07-03T09:34:14Z] #188 attempt=1/2 status=200 0.427s url=https://www.myfonts.com/products/regular-reinhardt-1175093
[2026-07-03T09:34:15Z] #189 attempt=1/2 status=200 0.460s url=https://www.myfonts.com/collections/reinhardt-font-brainware-graphic/
[2026-07-03T09:34:16Z] #190 attempt=1/2 status=200 0.479s url=https://www.myfonts.com/products/limit-variable-concept-upright-limit-variable-concept-full-1174701
[2026-07-03T09:34:17Z] #191 attempt=1/2 status=200 0.596s url=https://www.myfonts.com/collections/limit-variable-concept-full-font-bold-guys/
[2026-07-03T09:34:17Z] #192 attempt=1/2 status=200 0.457s url=https://www.myfonts.com/products/italic-limit-display-variable-concept-1174698
[2026-07-03T09:34:18Z] #193 attempt=1/2 status=200 0.652s url=https://www.myfonts.com/collections/limit-display-variable-concept-font-bold-guys/
[2026-07-03T09:34:19Z] #194 attempt=1/2 status=200 0.411s url=https://www.myfonts.com/products/regular-special-editorial-1175032
[2026-07-03T09:34:20Z] #195 attempt=1/2 status=200 0.444s url=https://www.myfonts.com/collections/special-editorial-font-letterfreshstudio/
[2026-07-03T09:34:20Z] #196 attempt=1/2 status=200 0.410s url=https://www.myfonts.com/products/rounded-alien-block-plus-1174540
[2026-07-03T09:34:21Z] #197 attempt=1/2 status=200 0.547s url=https://www.myfonts.com/collections/alien-block-plus-font-koci/
[2026-07-03T09:34:23Z] #198 attempt=1/6 status=200 1.013s url=https://www.myfonts.com/products.json?limit=100&page=9
[2026-07-03T09:34:23Z] #199 attempt=1/2 status=200 0.365s url=https://www.myfonts.com/products/ksmv-o-black-ksmv-o-1151063
[2026-07-03T09:34:24Z] #200 attempt=1/2 status=200 0.467s url=https://www.myfonts.com/collections/ksmv-o-font-o-type-foundry/
[2026-07-03T09:34:25Z] #201 attempt=1/2 status=200 0.462s url=https://www.myfonts.com/products/bold-italic-sagres-1161876
[2026-07-03T09:34:26Z] #202 attempt=1/2 status=200 0.596s url=https://www.myfonts.com/collections/sagres-font-mans-greback/
[2026-07-03T09:34:27Z] #203 attempt=1/2 status=200 0.659s url=https://www.myfonts.com/products/selfion-basic-family-9-styles-package-1174704
[2026-07-03T09:34:28Z] #204 attempt=1/2 status=200 1.091s url=https://www.myfonts.com/collections/selfion-font-gusetype/
[2026-07-03T09:34:29Z] #205 attempt=1/2 status=200 0.449s url=https://www.myfonts.com/products/limit-micro-variable-concept-complete-family-package-1174586
[2026-07-03T09:34:29Z] #206 attempt=1/2 status=200 0.523s url=https://www.myfonts.com/collections/limit-micro-variable-concept-font-bold-guys/
[2026-07-03T09:34:30Z] #207 attempt=1/2 status=200 0.522s url=https://www.myfonts.com/products/naolica-complete-family-package-1175387
[2026-07-03T09:34:31Z] #208 attempt=1/2 status=200 0.588s url=https://www.myfonts.com/collections/naolica-font-ixipcalli/
[2026-07-03T09:34:32Z] #209 attempt=1/2 status=200 0.535s url=https://www.myfonts.com/products/ksw-uberground-package-937850
[2026-07-03T09:34:32Z] #210 attempt=1/2 status=404 0.241s url=https://www.myfonts.com/collections/ksw-uberground-font-koshawa
[2026-07-03T09:34:33Z] #211 attempt=1/2 status=429 0.036s url=https://www.myfonts.com/products/slipway-tales-complete-family-package-1161867
[2026-07-03T09:34:35Z] #212 attempt=2/2 status=200 0.491s url=https://www.myfonts.com/products/slipway-tales-complete-family-package-1161867
[2026-07-03T09:34:36Z] #213 attempt=1/2 status=200 0.571s url=https://www.myfonts.com/collections/slipway-tales-font-mans-greback/
[2026-07-03T09:34:37Z] #214 attempt=1/2 status=200 0.460s url=https://www.myfonts.com/products/thin-kepater-variable-1174537
[2026-07-03T09:34:37Z] #215 attempt=1/2 status=200 0.364s url=https://www.myfonts.com/collections/kepater-variable-font-differentialtype/
[2026-07-03T09:34:39Z] #216 attempt=1/2 status=200 1.372s url=https://www.myfonts.com/products/foermality-superfamily-package-1174536
[2026-07-03T09:34:40Z] #217 attempt=1/2 status=404 0.301s url=https://www.myfonts.com/collections/foermality-superfamily-font-laroyba-type
[2026-07-03T09:34:41Z] #218 attempt=1/2 status=200 1.196s url=https://www.myfonts.com/products/eraone-complete-family-package-1174451
[2026-07-03T09:34:43Z] #219 attempt=1/2 status=200 1.284s url=https://www.myfonts.com/collections/eraone-font-alpercakici/
[2026-07-03T09:34:44Z] #220 attempt=1/6 status=200 1.004s url=https://www.myfonts.com/products.json?limit=100&page=10
[2026-07-03T09:34:45Z] #221 attempt=1/2 status=200 0.508s url=https://www.myfonts.com/products/evening-noise-complete-family-package-1174390
[2026-07-03T09:34:46Z] #222 attempt=1/2 status=200 0.646s url=https://www.myfonts.com/collections/evening-noise-font-hanoded/
[2026-07-03T09:34:47Z] #223 attempt=1/2 status=200 0.444s url=https://www.myfonts.com/products/pesta-babi-complete-family-package-1174387
[2026-07-03T09:34:48Z] #224 attempt=1/2 status=200 0.543s url=https://www.myfonts.com/collections/pesta-babi-font-hanoded/
[2026-07-03T09:34:48Z] #225 attempt=1/2 status=200 0.436s url=https://www.myfonts.com/products/western-choice-complete-family-package-1161862
[2026-07-03T09:34:49Z] #226 attempt=1/2 status=200 0.566s url=https://www.myfonts.com/collections/western-choice-font-mans-greback/
[2026-07-03T09:34:50Z] #227 attempt=1/2 status=200 0.611s url=https://www.myfonts.com/products/ocsquid-complete-family-package-1174432
[2026-07-03T09:34:51Z] #228 attempt=1/2 status=200 0.925s url=https://www.myfonts.com/collections/ocsquid-font-alpercakici/
[2026-07-03T09:34:52Z] #229 attempt=1/2 status=200 0.478s url=https://www.myfonts.com/products/limit-frwy-variable-concept-complete-family-package-1174428
[2026-07-03T09:34:53Z] #230 attempt=1/2 status=200 0.596s url=https://www.myfonts.com/collections/limit-frwy-variable-concept-font-bold-guys/
[2026-07-03T09:34:55Z] #231 attempt=1/6 status=200 1.143s url=https://www.myfonts.com/products.json?limit=100&page=11
[2026-07-03T09:34:56Z] #232 attempt=1/2 status=200 0.747s url=https://www.myfonts.com/products/limit-frwy-normal-package-1174427
[2026-07-03T09:34:57Z] #233 attempt=1/2 status=200 1.275s url=https://www.myfonts.com/collections/limit-frwy-font-bold-guys/
[2026-07-03T09:34:58Z] #234 attempt=1/2 status=200 0.426s url=https://www.myfonts.com/products/regular-te-hafs2-tharwat-emara2-1012045
[2026-07-03T09:34:59Z] #235 attempt=1/2 status=200 0.557s url=https://www.myfonts.com/collections/te-hafs2-tharwat-emara2-font-tharwat-emara/
[2026-07-03T09:34:59Z] #236 attempt=1/2 status=200 0.431s url=https://www.myfonts.com/products/genty-pixel-complete-family-package-1174125
[2026-07-03T09:35:00Z] #237 attempt=1/2 status=200 0.697s url=https://www.myfonts.com/collections/genty-pixel-font-flavortype/
[2026-07-03T09:35:01Z] #238 attempt=1/2 status=200 0.733s url=https://www.myfonts.com/products/vastergard-complete-family-package-1174109
[2026-07-03T09:35:02Z] #239 attempt=1/2 status=200 0.795s url=https://www.myfonts.com/collections/vastergard-font-ghozai-studio/
[2026-07-03T09:35:03Z] #240 attempt=1/2 status=200 0.533s url=https://www.myfonts.com/products/abets-complete-family-package-1174009
[2026-07-03T09:35:04Z] #241 attempt=1/2 status=200 0.619s url=https://www.myfonts.com/collections/abets-font-zaain-type/
[2026-07-03T09:35:05Z] #242 attempt=1/2 status=200 0.377s url=https://www.myfonts.com/products/milano-editorial-vintage-script-complete-family-package-1174349
[2026-07-03T09:35:06Z] #243 attempt=1/2 status=200 0.661s url=https://www.myfonts.com/collections/milano-editorial-vintage-script-font-letterfreshstudio/
[2026-07-03T09:35:06Z] #244 attempt=1/2 status=200 0.434s url=https://www.myfonts.com/products/sunday-monare-complete-family-package-1174006
[2026-07-03T09:35:07Z] #245 attempt=1/2 status=200 0.583s url=https://www.myfonts.com/collections/sunday-monare-font-mega-type/
[2026-07-03T09:35:08Z] #246 attempt=1/2 status=429 0.038s url=https://www.myfonts.com/products/rolane-complete-family-package-1174342
[2026-07-03T09:35:10Z] #247 attempt=2/2 status=200 0.626s url=https://www.myfonts.com/products/rolane-complete-family-package-1174342
[2026-07-03T09:35:11Z] #248 attempt=1/2 status=200 0.604s url=https://www.myfonts.com/collections/rolane-font-burntilldead/
[2026-07-03T09:35:12Z] #249 attempt=1/2 status=200 0.513s url=https://www.myfonts.com/products/miss-brittle-complete-family-package-1173998
[2026-07-03T09:35:13Z] #250 attempt=1/2 status=200 0.594s url=https://www.myfonts.com/collections/miss-brittle-font-lebbad-design/
[2026-07-03T09:35:15Z] #251 attempt=1/2 status=200 1.395s url=https://www.myfonts.com/products/recola-complete-family-package-1174215
[2026-07-03T09:35:17Z] #252 attempt=1/2 status=200 2.226s url=https://www.myfonts.com/collections/recola-font-slex-studio/
[2026-07-03T09:35:18Z] #253 attempt=1/2 status=200 0.464s url=https://www.myfonts.com/products/bulettar-sundel-complete-family-package-1172165
[2026-07-03T09:35:19Z] #254 attempt=1/2 status=200 0.614s url=https://www.myfonts.com/collections/bulettar-sundel-font-letterena-studios/
[2026-07-03T09:35:20Z] #255 attempt=1/2 status=200 0.449s url=https://www.myfonts.com/products/beautiful-malera-complete-family-package-1174102
[2026-07-03T09:35:21Z] #256 attempt=1/2 status=200 0.566s url=https://www.myfonts.com/collections/beautiful-malera-font-yoga-letter/
[2026-07-03T09:35:21Z] #257 attempt=1/2 status=200 0.501s url=https://www.myfonts.com/products/sunshine-outink-complete-family-package-1172148
[2026-07-03T09:35:22Z] #258 attempt=1/2 status=200 0.590s url=https://www.myfonts.com/collections/sunshine-outink-font-letterena-studios/
[2026-07-03T09:35:24Z] #259 attempt=1/2 status=200 1.713s url=https://www.myfonts.com/products/helvetica-now-complete-family-package-1174211
[2026-07-03T09:35:26Z] #260 attempt=1/2 status=200 1.963s url=https://www.myfonts.com/collections/helvetica-now-font-monotype-imaging/
[2026-07-03T09:35:28Z] #261 attempt=1/2 status=200 0.560s url=https://www.myfonts.com/products/bracelet-script-complete-family-package-1161857
[2026-07-03T09:35:29Z] #262 attempt=1/2 status=200 0.646s url=https://www.myfonts.com/collections/bracelet-script-font-mans-greback/
[2026-07-03T09:35:29Z] #263 attempt=1/2 status=200 0.426s url=https://www.myfonts.com/products/regular-bellinati-1174005
[2026-07-03T09:35:30Z] #264 attempt=1/2 status=200 0.519s url=https://www.myfonts.com/collections/bellinati-font-black-junst/
[2026-07-03T09:35:31Z] #265 attempt=1/2 status=200 0.460s url=https://www.myfonts.com/products/regular-struxgle-1174004
[2026-07-03T09:35:31Z] #266 attempt=1/2 status=200 0.414s url=https://www.myfonts.com/collections/struxgle-font-nian-keun-studio/
[2026-07-03T09:35:32Z] #267 attempt=1/2 status=200 0.548s url=https://www.myfonts.com/products/regular-pr-swirlies-11-1174374
[2026-07-03T09:35:33Z] #268 attempt=1/2 status=200 0.483s url=https://www.myfonts.com/collections/pr-swirlies-11-font-pr-fonts/
[2026-07-03T09:35:34Z] #269 attempt=1/2 status=200 0.415s url=https://www.myfonts.com/products/regular-pr-swells-01-1174367
[2026-07-03T09:35:34Z] #270 attempt=1/2 status=200 0.531s url=https://www.myfonts.com/collections/pr-swells-01-font-pr-fonts/
[2026-07-03T09:35:35Z] #271 attempt=1/2 status=200 0.451s url=https://www.myfonts.com/products/regular-pr-xmas-doodles-01-1174380
[2026-07-03T09:35:36Z] #272 attempt=1/2 status=200 0.456s url=https://www.myfonts.com/collections/pr-xmas-doodles-01-font-pr-fonts/
[2026-07-03T09:35:37Z] #273 attempt=1/2 status=200 0.483s url=https://www.myfonts.com/products/regular-pr-hallowdoodles-01-1174357
[2026-07-03T09:35:37Z] #274 attempt=1/2 status=200 0.462s url=https://www.myfonts.com/collections/pr-hallowdoodles-01-font-pr-fonts/
[2026-07-03T09:35:38Z] #275 attempt=1/2 status=200 0.468s url=https://www.myfonts.com/products/regular-pr-foxtail-01-1174356
[2026-07-03T09:35:39Z] #276 attempt=1/2 status=200 0.387s url=https://www.myfonts.com/collections/pr-foxtail-01-font-pr-fonts/
[2026-07-03T09:35:39Z] #277 attempt=1/2 status=200 0.483s url=https://www.myfonts.com/products/regular-pr-valendoodle-01-1174385
[2026-07-03T09:35:40Z] #278 attempt=1/2 status=200 0.451s url=https://www.myfonts.com/collections/pr-valendoodle-01-font-pr-fonts/
[2026-07-03T09:35:42Z] #279 attempt=1/6 status=200 1.032s url=https://www.myfonts.com/products.json?limit=100&page=12
[2026-07-03T09:35:42Z] #280 attempt=1/2 status=200 0.362s url=https://www.myfonts.com/products/regular-pr-snowflakes-01-1174377
[2026-07-03T09:35:43Z] #281 attempt=1/2 status=200 0.423s url=https://www.myfonts.com/collections/pr-snowflakes-01-font-pr-fonts/
[2026-07-03T09:35:44Z] #282 attempt=1/2 status=200 0.323s url=https://www.myfonts.com/products/regular-pr-bramble-wood-1-1174368
[2026-07-03T09:35:44Z] #283 attempt=1/2 status=429 0.048s url=https://www.myfonts.com/collections/pr-bramble-wood-1-font-pr-fonts/
[2026-07-03T09:35:47Z] #284 attempt=2/2 status=200 0.561s url=https://www.myfonts.com/collections/pr-bramble-wood-1-font-pr-fonts/
[2026-07-03T09:35:47Z] #285 attempt=1/2 status=200 0.366s url=https://www.myfonts.com/products/regular-pr-scrolls-1174360
[2026-07-03T09:35:48Z] #286 attempt=1/2 status=200 0.376s url=https://www.myfonts.com/collections/pr-scrolls-font-pr-fonts/
[2026-07-03T09:35:48Z] #287 attempt=1/2 status=200 0.378s url=https://www.myfonts.com/products/regular-pr-nouveau-ornaments-01-1174359
[2026-07-03T09:35:49Z] #288 attempt=1/2 status=200 0.413s url=https://www.myfonts.com/collections/pr-nouveau-ornaments-01-font-pr-fonts/
[2026-07-03T09:35:50Z] #289 attempt=1/2 status=200 0.388s url=https://www.myfonts.com/products/regular-pr-swirlies-06-1174353
[2026-07-03T09:35:50Z] #290 attempt=1/2 status=429 0.032s url=https://www.myfonts.com/collections/pr-swirlies-06-font-pr-fonts/
[2026-07-03T09:35:53Z] #291 attempt=2/2 status=200 0.579s url=https://www.myfonts.com/collections/pr-swirlies-06-font-pr-fonts/
[2026-07-03T09:35:54Z] #292 attempt=1/2 status=200 0.488s url=https://www.myfonts.com/products/regular-pr-scrolls-02-1174375
[2026-07-03T09:35:54Z] #293 attempt=1/2 status=200 0.406s url=https://www.myfonts.com/collections/pr-scrolls-02-font-pr-fonts/
[2026-07-03T09:35:55Z] #294 attempt=1/2 status=200 0.387s url=https://www.myfonts.com/products/regular-pr-swirlies-03-1174379
[2026-07-03T09:35:56Z] #295 attempt=1/2 status=200 0.463s url=https://www.myfonts.com/collections/pr-swirlies-03-font-pr-fonts/
[2026-07-03T09:35:56Z] #296 attempt=1/2 status=200 0.419s url=https://www.myfonts.com/products/regular-pr-sprucewood-01-1174366
[2026-07-03T09:35:57Z] #297 attempt=1/2 status=200 0.318s url=https://www.myfonts.com/collections/pr-sprucewood-01-font-pr-fonts/
[2026-07-03T09:35:57Z] #298 attempt=1/2 status=429 0.032s url=https://www.myfonts.com/products/regular-pr-scrolls-03-1174361
[2026-07-03T09:36:00Z] #299 attempt=2/2 status=200 0.569s url=https://www.myfonts.com/products/regular-pr-scrolls-03-1174361
[2026-07-03T09:36:01Z] #300 attempt=1/2 status=200 0.583s url=https://www.myfonts.com/collections/pr-scrolls-03-font-pr-fonts/
[2026-07-03T09:36:01Z] #301 attempt=1/2 status=200 0.470s url=https://www.myfonts.com/products/regular-pr-swirlies-13-1174352
[2026-07-03T09:36:02Z] #302 attempt=1/2 status=200 0.414s url=https://www.myfonts.com/collections/pr-swirlies-13-font-pr-fonts/
[2026-07-03T09:36:03Z] #303 attempt=1/2 status=200 0.379s url=https://www.myfonts.com/products/regular-pr-swirlies-02-1174383
[2026-07-03T09:36:03Z] #304 attempt=1/2 status=200 0.484s url=https://www.myfonts.com/collections/pr-swirlies-02-font-pr-fonts/
[2026-07-03T09:36:04Z] #305 attempt=1/2 status=200 0.423s url=https://www.myfonts.com/products/regular-pr-swirlies-09-1174376
[2026-07-03T09:36:04Z] #306 attempt=1/2 status=429 0.042s url=https://www.myfonts.com/collections/pr-swirlies-09-font-pr-fonts/
[2026-07-03T09:36:07Z] #307 attempt=2/2 status=200 0.517s url=https://www.myfonts.com/collections/pr-swirlies-09-font-pr-fonts/
[2026-07-03T09:36:08Z] #308 attempt=1/2 status=200 0.418s url=https://www.myfonts.com/products/regular-tonia-1174108
[2026-07-03T09:36:09Z] #309 attempt=1/2 status=200 0.502s url=https://www.myfonts.com/collections/tonia-font-pb-type/
[2026-07-03T09:36:09Z] #310 attempt=1/2 status=200 0.474s url=https://www.myfonts.com/products/regular-mary-june-1174003
[2026-07-03T09:36:10Z] #311 attempt=1/2 status=200 0.464s url=https://www.myfonts.com/collections/mary-june-font-bryantamanh/
[2026-07-03T09:36:11Z] #312 attempt=1/2 status=200 0.412s url=https://www.myfonts.com/products/regular-pr-swirlies-10-1174369
[2026-07-03T09:36:11Z] #313 attempt=1/2 status=200 0.478s url=https://www.myfonts.com/collections/pr-swirlies-10-font-pr-fonts/
[2026-07-03T09:36:12Z] #314 attempt=1/2 status=429 0.027s url=https://www.myfonts.com/products/regular-gotfather-1174347
[2026-07-03T09:36:14Z] #315 attempt=2/2 status=200 0.475s url=https://www.myfonts.com/products/regular-gotfather-1174347
[2026-07-03T09:36:15Z] #316 attempt=1/2 status=200 0.436s url=https://www.myfonts.com/collections/gotfather-font-flawlessandco/
[2026-07-03T09:36:16Z] #317 attempt=1/2 status=200 0.440s url=https://www.myfonts.com/products/regular-pr-foxtail-02-1174362
[2026-07-03T09:36:16Z] #318 attempt=1/2 status=200 0.398s url=https://www.myfonts.com/collections/pr-foxtail-02-font-pr-fonts/
[2026-07-03T09:36:17Z] #319 attempt=1/2 status=200 0.403s url=https://www.myfonts.com/products/regular-pr-stars-01-1174382
[2026-07-03T09:36:18Z] #320 attempt=1/2 status=200 0.431s url=https://www.myfonts.com/collections/pr-stars-01-font-pr-fonts/
[2026-07-03T09:36:19Z] #321 attempt=1/2 status=200 0.448s url=https://www.myfonts.com/products/regular-pr-hallow-doodles-03-1174386
[2026-07-03T09:36:19Z] #322 attempt=1/2 status=429 0.032s url=https://www.myfonts.com/collections/pr-hallow-doodles-03-font-pr-fonts/
[2026-07-03T09:36:21Z] #323 attempt=2/2 status=200 0.358s url=https://www.myfonts.com/collections/pr-hallow-doodles-03-font-pr-fonts/
[2026-07-03T09:36:22Z] #324 attempt=1/2 status=200 0.355s url=https://www.myfonts.com/products/regular-pr-pointers-01-1174373
[2026-07-03T09:36:23Z] #325 attempt=1/2 status=200 0.372s url=https://www.myfonts.com/collections/pr-pointers-01-font-pr-fonts/
[2026-07-03T09:36:23Z] #326 attempt=1/2 status=200 0.445s url=https://www.myfonts.com/collections/pr-pointers-01-font-pr-fonts/
[2026-07-03T09:36:25Z] #327 attempt=1/6 status=200 1.071s url=https://www.myfonts.com/products.json?limit=100&page=13
[2026-07-03T09:36:26Z] #328 attempt=1/2 status=200 0.354s url=https://www.myfonts.com/products/regular-pr-arco-1174372
[2026-07-03T09:36:26Z] #329 attempt=1/2 status=200 0.489s url=https://www.myfonts.com/collections/pr-arco-font-pr-fonts/
[2026-07-03T09:36:27Z] #330 attempt=1/2 status=200 0.417s url=https://www.myfonts.com/products/pr-mapping-01-pr-mapping-1174384
[2026-07-03T09:36:27Z] #331 attempt=1/2 status=429 0.038s url=https://www.myfonts.com/collections/pr-mapping-font-pr-fonts/
[2026-07-03T09:36:30Z] #332 attempt=2/2 status=200 0.585s url=https://www.myfonts.com/collections/pr-mapping-font-pr-fonts/
[2026-07-03T09:36:31Z] #333 attempt=1/2 status=200 0.523s url=https://www.myfonts.com/products/regular-pr-swirlies-12-1174358
[2026-07-03T09:36:32Z] #334 attempt=1/2 status=200 0.502s url=https://www.myfonts.com/collections/pr-swirlies-12-font-pr-fonts/
[2026-07-03T09:36:32Z] #335 attempt=1/2 status=200 0.493s url=https://www.myfonts.com/products/regular-pr-mysticon-01-1174355
[2026-07-03T09:36:33Z] #336 attempt=1/2 status=200 0.468s url=https://www.myfonts.com/collections/pr-mysticon-01-font-pr-fonts/
[2026-07-03T09:36:34Z] #337 attempt=1/2 status=200 0.444s url=https://www.myfonts.com/products/regular-bonithesfa-1174348
[2026-07-03T09:36:34Z] #338 attempt=1/2 status=200 0.485s url=https://www.myfonts.com/collections/bonithesfa-font-ayska/
[2026-07-03T09:36:35Z] #339 attempt=1/2 status=200 0.466s url=https://www.myfonts.com/products/regular-pr-swirlies-04-1174354
[2026-07-03T09:36:35Z] #340 attempt=1/2 status=429 0.046s url=https://www.myfonts.com/collections/pr-swirlies-04-font-pr-fonts/
[2026-07-03T09:36:38Z] #341 attempt=2/2 status=200 0.454s url=https://www.myfonts.com/collections/pr-swirlies-04-font-pr-fonts/
[2026-07-03T09:36:39Z] #342 attempt=1/2 status=200 0.450s url=https://www.myfonts.com/products/regular-pr-bramble-wood-1174381
[2026-07-03T09:36:40Z] #343 attempt=1/2 status=200 0.521s url=https://www.myfonts.com/collections/pr-bramble-wood-font-pr-fonts/
[2026-07-03T09:36:40Z] #344 attempt=1/2 status=200 0.351s url=https://www.myfonts.com/products/regular-pr-hearts-take-wing-01-1174364
[2026-07-03T09:36:41Z] #345 attempt=1/2 status=200 0.384s url=https://www.myfonts.com/collections/pr-hearts-take-wing-01-font-pr-fonts/
[2026-07-03T09:36:42Z] #346 attempt=1/2 status=200 0.426s url=https://www.myfonts.com/products/regular-pr-dim-sum-1174363
[2026-07-03T09:36:42Z] #347 attempt=1/2 status=429 0.042s url=https://www.myfonts.com/collections/pr-dim-sum-font-pr-fonts/
[2026-07-03T09:36:45Z] #348 attempt=2/2 status=200 0.490s url=https://www.myfonts.com/collections/pr-dim-sum-font-pr-fonts/
[2026-07-03T09:36:45Z] #349 attempt=1/2 status=200 0.421s url=https://www.myfonts.com/products/regular-pr-hallow-doodles-02-1174371
[2026-07-03T09:36:46Z] #350 attempt=1/2 status=200 0.375s url=https://www.myfonts.com/collections/pr-hallow-doodles-02-font-pr-fonts/
[2026-07-03T09:36:47Z] #351 attempt=1/2 status=200 0.427s url=https://www.myfonts.com/products/regular-pr-swirlies-01-frames-1174378
[2026-07-03T09:36:47Z] #352 attempt=1/2 status=200 0.437s url=https://www.myfonts.com/collections/pr-swirlies-01-frames-font-pr-fonts/
[2026-07-03T09:36:48Z] #353 attempt=1/2 status=200 0.418s url=https://www.myfonts.com/products/regular-pr-swirlies-08-1174370
[2026-07-03T09:36:48Z] #354 attempt=1/2 status=200 0.329s url=https://www.myfonts.com/collections/pr-swirlies-08-font-pr-fonts/
[2026-07-03T09:36:49Z] #355 attempt=1/2 status=429 0.038s url=https://www.myfonts.com/products/regular-rotterdam-siganture-1174063
[2026-07-03T09:36:52Z] #356 attempt=2/2 status=200 0.650s url=https://www.myfonts.com/products/regular-rotterdam-siganture-1174063
[2026-07-03T09:36:52Z] #357 attempt=1/2 status=200 0.455s url=https://www.myfonts.com/collections/rotterdam-siganture-font-nh-typestudio/
[2026-07-03T09:36:53Z] #358 attempt=1/2 status=200 0.452s url=https://www.myfonts.com/products/regular-pr-scrolls-04-1174365
[2026-07-03T09:36:54Z] #359 attempt=1/2 status=200 0.476s url=https://www.myfonts.com/collections/pr-scrolls-04-font-pr-fonts/
[2026-07-03T09:36:55Z] #360 attempt=1/2 status=200 0.524s url=https://www.myfonts.com/products/ransahoff-ransahoff-ct-1174124
[2026-07-03T09:36:55Z] #361 attempt=1/2 status=200 0.369s url=https://www.myfonts.com/collections/ransahoff-ct-font-castletype/
[2026-07-03T09:36:56Z] #362 attempt=1/2 status=200 0.688s url=https://www.myfonts.com/products/cluster-edge-complete-family-package-1174064
[2026-07-03T09:36:56Z] #363 attempt=1/2 status=429 0.041s url=https://www.myfonts.com/collections/cluster-edge-font-kobuzan/
[2026-07-03T09:37:00Z] #364 attempt=2/2 status=200 1.160s url=https://www.myfonts.com/collections/cluster-edge-font-kobuzan/
[2026-07-03T09:37:01Z] #365 attempt=1/2 status=200 0.742s url=https://www.myfonts.com/products/cluster-complete-family-package-1174012
[2026-07-03T09:37:02Z] #366 attempt=1/2 status=200 0.942s url=https://www.myfonts.com/collections/cluster-font-kobuzan/
[2026-07-03T09:37:04Z] #367 attempt=1/6 status=200 1.116s url=https://www.myfonts.com/products.json?limit=100&page=14
[2026-07-03T09:37:05Z] #368 attempt=1/2 status=200 0.485s url=https://www.myfonts.com/products/regular-third-mode-1173945
[2026-07-03T09:37:05Z] #369 attempt=1/2 status=200 0.469s url=https://www.myfonts.com/collections/third-mode-font-mega-type/
[2026-07-03T09:37:06Z] #370 attempt=1/2 status=200 0.728s url=https://www.myfonts.com/products/reomyr-complete-family-package-1173780
[2026-07-03T09:37:07Z] #371 attempt=1/2 status=200 0.864s url=https://www.myfonts.com/collections/reomyr-font-erwin-krump/
[2026-07-03T09:37:08Z] #372 attempt=1/2 status=200 0.503s url=https://www.myfonts.com/products/morning-set-complete-family-package-1173777
[2026-07-03T09:37:09Z] #373 attempt=1/2 status=200 0.615s url=https://www.myfonts.com/collections/morning-set-font-hanoded/
[2026-07-03T09:37:10Z] #374 attempt=1/2 status=200 0.467s url=https://www.myfonts.com/products/regular-zhatend-sildyer-1173944
[2026-07-03T09:37:11Z] #375 attempt=1/2 status=200 0.483s url=https://www.myfonts.com/collections/zhatend-sildyer-font-rvandtype/
[2026-07-03T09:37:11Z] #376 attempt=1/2 status=200 0.447s url=https://www.myfonts.com/products/regular-good-human-handwriting-1173940
[2026-07-03T09:37:12Z] #377 attempt=1/2 status=200 0.324s url=https://www.myfonts.com/collections/good-human-handwriting-font-mvmet/
[2026-07-03T09:37:13Z] #378 attempt=1/2 status=200 0.494s url=https://www.myfonts.com/products/regular-garem-marker-1173939
[2026-07-03T09:37:13Z] #379 attempt=1/2 status=200 0.434s url=https://www.myfonts.com/collections/garem-marker-font-mvmet/
[2026-07-03T09:37:14Z] #380 attempt=1/2 status=200 0.418s url=https://www.myfonts.com/products/bold-leelawadee-ui-1173949
[2026-07-03T09:37:15Z] #381 attempt=1/2 status=200 0.379s url=https://www.myfonts.com/collections/leelawadee-ui-font-microsoft-corporation/
[2026-07-03T09:37:15Z] #382 attempt=1/2 status=429 0.025s url=https://www.myfonts.com/products/disthero-complete-family-package-1173925
[2026-07-03T09:37:18Z] #383 attempt=2/2 status=200 0.598s url=https://www.myfonts.com/products/disthero-complete-family-package-1173925
[2026-07-03T09:37:19Z] #384 attempt=1/2 status=200 0.687s url=https://www.myfonts.com/collections/disthero-font-bale-type/
[2026-07-03T09:37:19Z] #385 attempt=1/2 status=200 0.412s url=https://www.myfonts.com/products/regular-royale-victoria-1173938
[2026-07-03T09:37:20Z] #386 attempt=1/2 status=200 0.496s url=https://www.myfonts.com/collections/royale-victoria-font-jolicia-type/
[2026-07-03T09:37:21Z] #387 attempt=1/2 status=200 0.577s url=https://www.myfonts.com/products/plyn-l-package-1173937
[2026-07-03T09:37:22Z] #388 attempt=1/2 status=200 0.974s url=https://www.myfonts.com/collections/plyn-font-vlad-b/
[2026-07-03T09:37:23Z] #389 attempt=1/2 status=200 0.416s url=https://www.myfonts.com/products/regular-fd-sunn-1173921
[2026-07-03T09:37:24Z] #390 attempt=1/2 status=200 0.410s url=https://www.myfonts.com/collections/fd-sunn-font-fortunes-co/
[2026-07-03T09:37:24Z] #391 attempt=1/2 status=200 0.450s url=https://www.myfonts.com/products/regular-mltp-relonra-1173923
[2026-07-03T09:37:25Z] #392 attempt=1/2 status=429 0.057s url=https://www.myfonts.com/collections/mltp-relonra-font-multype-studio/
[2026-07-03T09:37:27Z] #393 attempt=2/2 status=200 0.585s url=https://www.myfonts.com/collections/mltp-relonra-font-multype-studio/
[2026-07-03T09:37:28Z] #394 attempt=1/2 status=200 0.404s url=https://www.myfonts.com/products/regular-ravenhold-1173922
[2026-07-03T09:37:29Z] #395 attempt=1/2 status=200 0.436s url=https://www.myfonts.com/collections/ravenhold-font-ceeskiiw/
[2026-07-03T09:37:29Z] #396 attempt=1/2 status=200 0.438s url=https://www.myfonts.com/products/sf-sultan-complete-family-package-1173769
[2026-07-03T09:37:30Z] #397 attempt=1/2 status=200 0.702s url=https://www.myfonts.com/collections/sf-sultan-font-sultan-fonts/
[2026-07-03T09:37:31Z] #398 attempt=1/2 status=200 0.630s url=https://www.myfonts.com/products/magistral-condensed-set-package-1173599
[2026-07-03T09:37:33Z] #399 attempt=1/2 status=200 1.262s url=https://www.myfonts.com/collections/magistral-font-paratype/
[2026-07-03T09:37:34Z] #400 attempt=1/2 status=200 0.855s url=https://www.myfonts.com/products/macklin-complete-family-package-1173602
[2026-07-03T09:37:35Z] #401 attempt=1/2 status=200 1.026s url=https://www.myfonts.com/collections/macklin-font-monotype-imaging/
[2026-07-03T09:37:36Z] #402 attempt=1/2 status=200 0.590s url=https://www.myfonts.com/products/branding-essential-package-1157188
[2026-07-03T09:37:38Z] #403 attempt=1/2 status=200 1.016s url=https://www.myfonts.com/collections/sobria-font-pedroglifos/
[2026-07-03T09:37:38Z] #404 attempt=1/2 status=200 0.503s url=https://www.myfonts.com/products/nexodus-complete-family-package-1173754
[2026-07-03T09:37:39Z] #405 attempt=1/2 status=200 0.587s url=https://www.myfonts.com/collections/nexodus-font-t-26/
[2026-07-03T09:37:40Z] #406 attempt=1/2 status=200 0.261s url=https://www.myfonts.com/collections/nexodus-font-t-26/
[2026-07-03T09:37:40Z] #407 attempt=1/2 status=200 0.419s url=https://www.myfonts.com/products/sparling-complete-family-package-1173731
[2026-07-03T09:37:41Z] #408 attempt=1/2 status=200 0.542s url=https://www.myfonts.com/collections/sparling-font-vermilione/
[2026-07-03T09:37:42Z] #409 attempt=1/2 status=429 0.030s url=https://www.myfonts.com/products/merguda-serif-complete-family-package-1161847
[2026-07-03T09:37:44Z] #410 attempt=2/2 status=200 0.516s url=https://www.myfonts.com/products/merguda-serif-complete-family-package-1161847
[2026-07-03T09:37:45Z] #411 attempt=1/2 status=200 0.581s url=https://www.myfonts.com/collections/merguda-serif-font-mans-greback/
[2026-07-03T09:37:46Z] #412 attempt=1/2 status=200 0.378s url=https://www.myfonts.com/products/counterbalance-complete-family-package-1173734
[2026-07-03T09:37:47Z] #413 attempt=1/2 status=200 0.631s url=https://www.myfonts.com/products/frosha-complete-family-package-1173741
[2026-07-03T09:37:48Z] #414 attempt=1/2 status=200 0.772s url=https://www.myfonts.com/collections/frosha-font-alpercakici/
[2026-07-03T09:37:49Z] #415 attempt=1/6 status=200 1.098s url=https://www.myfonts.com/products.json?limit=100&page=15
[2026-07-03T09:37:50Z] #416 attempt=1/2 status=200 0.480s url=https://www.myfonts.com/products/regular-gooey-slimy-1173737
[2026-07-03T09:37:51Z] #417 attempt=1/2 status=200 0.426s url=https://www.myfonts.com/collections/gooey-slimy-font-gleb-guralnyk/
[2026-07-03T09:37:51Z] #418 attempt=1/2 status=200 0.476s url=https://www.myfonts.com/products/regular-zfcutewitch-1173711
[2026-07-03T09:37:52Z] #419 attempt=1/2 status=200 0.367s url=https://www.myfonts.com/collections/zfcutewitch-font-zoofont/
[2026-07-03T09:37:53Z] #420 attempt=1/2 status=200 0.568s url=https://www.myfonts.com/products/rounded-outline-spectacus-1173767
[2026-07-03T09:37:53Z] #421 attempt=1/2 status=429 0.039s url=https://www.myfonts.com/collections/spectacus-font-alpercakici/
[2026-07-03T09:37:56Z] #422 attempt=2/2 status=200 0.942s url=https://www.myfonts.com/collections/spectacus-font-alpercakici/
[2026-07-03T09:37:57Z] #423 attempt=1/2 status=200 0.385s url=https://www.myfonts.com/products/filadel-complete-family-package-1173714
[2026-07-03T09:37:58Z] #424 attempt=1/2 status=200 0.517s url=https://www.myfonts.com/collections/filadel-font-jinan-studio/
[2026-07-03T09:37:59Z] #425 attempt=1/2 status=200 0.568s url=https://www.myfonts.com/products/ultra-expanded-nexaro-1173727
[2026-07-03T09:38:00Z] #426 attempt=1/2 status=200 0.652s url=https://www.myfonts.com/collections/nexaro-font-qiubare-studio/
[2026-07-03T09:38:00Z] #427 attempt=1/2 status=200 0.544s url=https://www.myfonts.com/products/remukan-chantir-complete-family-package-1173712
[2026-07-03T09:38:01Z] #428 attempt=1/2 status=200 0.651s url=https://www.myfonts.com/collections/remukan-chantir-font-sign-studio/
[2026-07-03T09:38:03Z] #429 attempt=1/6 status=200 1.267s url=https://www.myfonts.com/products.json?limit=100&page=16
[2026-07-03T09:38:05Z] #430 attempt=1/2 status=200 1.707s url=https://www.myfonts.com/products/expanded-package-package-1173380
[2026-07-03T09:38:08Z] #431 attempt=1/2 status=200 3.029s url=https://www.myfonts.com/collections/ckr-next-font-ckr-type-foundry/
[2026-07-03T09:38:10Z] #432 attempt=1/2 status=200 0.777s url=https://www.myfonts.com/products/expanded-package-1172796
[2026-07-03T09:38:11Z] #433 attempt=1/2 status=200 1.320s url=https://www.myfonts.com/collections/exovect-font-jorsetype/
[2026-07-03T09:38:14Z] #434 attempt=1/2 status=200 2.253s url=https://www.myfonts.com/products/smiletta-soft-package-1173213
[2026-07-03T09:38:18Z] #435 attempt=1/2 status=200 3.372s url=https://www.myfonts.com/collections/smiletta-font-akbartype/
[2026-07-03T09:38:20Z] #436 attempt=1/2 status=200 0.486s url=https://www.myfonts.com/products/pixel-match-complete-family-package-1173452
[2026-07-03T09:38:21Z] #437 attempt=1/2 status=200 0.682s url=https://www.myfonts.com/collections/pixel-match-font-bale-type/
[2026-07-03T09:38:22Z] #438 attempt=1/2 status=200 0.493s url=https://www.myfonts.com/products/steinwald-pro-complete-family-package-1172635
[2026-07-03T09:38:22Z] #439 attempt=1/2 status=200 0.533s url=https://www.myfonts.com/collections/steinwald-pro-font-hanoded/
[2026-07-03T09:38:23Z] #440 attempt=1/2 status=200 0.491s url=https://www.myfonts.com/products/alarma-toxica-complete-family-package-1172941
[2026-07-03T09:38:24Z] #441 attempt=1/2 status=200 0.540s url=https://www.myfonts.com/collections/alarma-toxica-font-woodcutter/
[2026-07-03T09:38:25Z] #442 attempt=1/2 status=200 0.464s url=https://www.myfonts.com/products/sitting-duck-pro-complete-family-package-1172632
[2026-07-03T09:38:26Z] #443 attempt=1/2 status=200 0.594s url=https://www.myfonts.com/collections/sitting-duck-pro-font-hanoded/
[2026-07-03T09:38:27Z] #444 attempt=1/2 status=200 1.079s url=https://www.myfonts.com/products/qublo-complete-family-package-1173447
[2026-07-03T09:38:29Z] #445 attempt=1/2 status=200 1.825s url=https://www.myfonts.com/collections/qublo-font-pepper-type/
[2026-07-03T09:38:30Z] #446 attempt=1/2 status=200 0.603s url=https://www.myfonts.com/products/rochela-complete-family-package-1172813
[2026-07-03T09:38:31Z] #447 attempt=1/2 status=200 0.943s url=https://www.myfonts.com/collections/rochela-font-vermilione/
[2026-07-03T09:38:32Z] #448 attempt=1/2 status=200 0.596s url=https://www.myfonts.com/products/brer-rabbit-pro-complete-family-package-1172629
[2026-07-03T09:38:33Z] #449 attempt=1/2 status=200 0.692s url=https://www.myfonts.com/collections/brer-rabbit-pro-font-hanoded/
[2026-07-03T09:38:34Z] #450 attempt=1/2 status=200 0.500s url=https://www.myfonts.com/products/lungoyo-script-complete-family-package-1173442
[2026-07-03T09:38:35Z] #451 attempt=1/2 status=200 0.536s url=https://www.myfonts.com/collections/lungoyo-script-font-letterytz/
[2026-07-03T09:38:36Z] #452 attempt=1/2 status=200 0.429s url=https://www.myfonts.com/products/colombard-pro-complete-family-package-1172617
[2026-07-03T09:38:36Z] #453 attempt=1/2 status=200 0.506s url=https://www.myfonts.com/collections/colombard-pro-font-hanoded/
[2026-07-03T09:38:37Z] #454 attempt=1/2 status=200 0.452s url=https://www.myfonts.com/products/garol-complete-family-package-1172810
[2026-07-03T09:38:38Z] #455 attempt=1/2 status=200 0.597s url=https://www.myfonts.com/collections/garol-font-vermilione/
[2026-07-03T09:38:39Z] #456 attempt=1/2 status=200 0.453s url=https://www.myfonts.com/products/lovely-moment-complete-family-package-1173439
[2026-07-03T09:38:39Z] #457 attempt=1/2 status=200 0.578s url=https://www.myfonts.com/collections/lovely-moment-font-radesigns21/
[2026-07-03T09:38:40Z] #458 attempt=1/2 status=200 0.518s url=https://www.myfonts.com/products/neu-prompter-complete-family-package-1172461
[2026-07-03T09:38:41Z] #459 attempt=1/2 status=200 0.800s url=https://www.myfonts.com/collections/neu-prompter-font-aretype/
[2026-07-03T09:38:42Z] #460 attempt=1/2 status=200 0.497s url=https://www.myfonts.com/products/richu-mast-complete-family-package-1172639
[2026-07-03T09:38:43Z] #461 attempt=1/2 status=200 0.519s url=https://www.myfonts.com/collections/richu-mast-font-mabhal-studio/
[2026-07-03T09:38:44Z] #462 attempt=1/2 status=200 0.512s url=https://www.myfonts.com/products/good-shreak-complete-family-package-1173431
[2026-07-03T09:38:45Z] #463 attempt=1/2 status=200 0.623s url=https://www.myfonts.com/collections/good-shreak-font-mabhal-studio/
[2026-07-03T09:38:45Z] #464 attempt=1/2 status=200 0.515s url=https://www.myfonts.com/products/bormund-complete-family-package-1172806
[2026-07-03T09:38:46Z] #465 attempt=1/2 status=200 0.595s url=https://www.myfonts.com/collections/bormund-font-mooneseye-studio/
[2026-07-03T09:38:47Z] #466 attempt=1/2 status=200 0.446s url=https://www.myfonts.com/products/world-championship-complete-family-package-1161835
[2026-07-03T09:38:48Z] #467 attempt=1/2 status=200 0.754s url=https://www.myfonts.com/collections/world-championship-font-mans-greback/
[2026-07-03T09:38:50Z] #468 attempt=1/2 status=200 1.412s url=https://www.myfonts.com/products/expanded-style-package-1142797
[2026-07-03T09:38:52Z] #469 attempt=1/2 status=200 1.962s url=https://www.myfonts.com/collections/galdertine-charetam-semi-serif-font-logic-type/
[2026-07-03T09:38:53Z] #470 attempt=1/2 status=200 0.366s url=https://www.myfonts.com/products/rakolta-complete-family-package-1172736
[2026-07-03T09:38:54Z] #471 attempt=1/2 status=200 0.554s url=https://www.myfonts.com/collections/rakolta-font-ragamkata/
[2026-07-03T09:38:54Z] #472 attempt=1/2 status=200 0.391s url=https://www.myfonts.com/products/drolling-maker-complete-family-package-1172803
[2026-07-03T09:38:55Z] #473 attempt=1/2 status=200 0.551s url=https://www.myfonts.com/collections/drolling-maker-font-tini-fitriani/
[2026-07-03T09:38:56Z] #474 attempt=1/2 status=200 0.515s url=https://www.myfonts.com/products/craego-complete-family-package-1172653
[2026-07-03T09:38:57Z] #475 attempt=1/2 status=200 0.620s url=https://www.myfonts.com/collections/craego-font-chekart/
[2026-07-03T09:38:57Z] #476 attempt=1/2 status=200 0.419s url=https://www.myfonts.com/products/garvox-complete-family-package-1173428
[2026-07-03T09:38:58Z] #477 attempt=1/2 status=200 0.530s url=https://www.myfonts.com/collections/garvox-font-font-liner/
[2026-07-03T09:38:59Z] #478 attempt=1/2 status=200 0.491s url=https://www.myfonts.com/products/reblade-complete-family-package-1172649
[2026-07-03T09:39:00Z] #479 attempt=1/2 status=200 0.553s url=https://www.myfonts.com/collections/reblade-font-artisan-themes/
[2026-07-03T09:39:01Z] #480 attempt=1/2 status=200 0.516s url=https://www.myfonts.com/products/kill-game-667-complete-family-package-1172798
[2026-07-03T09:39:01Z] #481 attempt=1/2 status=200 0.676s url=https://www.myfonts.com/collections/kill-game-667-font-remedy667/
[2026-07-03T09:39:02Z] #482 attempt=1/2 status=200 0.580s url=https://www.myfonts.com/products/merchad-complete-family-package-1173214
[2026-07-03T09:39:03Z] #483 attempt=1/2 status=200 0.567s url=https://www.myfonts.com/collections/merchad-font-hishand-studio/
[2026-07-03T09:39:05Z] #484 attempt=1/6 status=200 1.000s url=https://www.myfonts.com/products.json?limit=100&page=17
[2026-07-03T09:39:05Z] #485 attempt=1/2 status=200 0.438s url=https://www.myfonts.com/products/regular-lafira-1172802
[2026-07-03T09:39:06Z] #486 attempt=1/2 status=200 0.446s url=https://www.myfonts.com/collections/lafira-font-solutype/
[2026-07-03T09:39:08Z] #487 attempt=1/6 status=200 1.100s url=https://www.myfonts.com/products.json?limit=100&page=18
[2026-07-03T09:39:08Z] #488 attempt=1/2 status=200 0.422s url=https://www.myfonts.com/products/regular-wild-angel-667-1172797
[2026-07-03T09:39:09Z] #489 attempt=1/2 status=200 0.348s url=https://www.myfonts.com/collections/wild-angel-667-font-remedy667/
[2026-07-03T09:39:10Z] #490 attempt=1/2 status=200 0.364s url=https://www.myfonts.com/products/regular-marky-1172793
[2026-07-03T09:39:10Z] #491 attempt=1/2 status=200 0.391s url=https://www.myfonts.com/collections/marky-font-jaruka-creative/
[2026-07-03T09:39:12Z] #492 attempt=1/6 status=200 0.994s url=https://www.myfonts.com/products.json?limit=100&page=19
[2026-07-03T09:39:13Z] #493 attempt=1/2 status=200 0.450s url=https://www.myfonts.com/products/regular-krushnah-1172657
[2026-07-03T09:39:13Z] #494 attempt=1/2 status=200 0.416s url=https://www.myfonts.com/collections/krushnah-font-simpletype-studios/
[2026-07-03T09:39:15Z] #495 attempt=1/6 status=200 1.048s url=https://www.myfonts.com/products.json?limit=100&page=20
[2026-07-03T09:39:16Z] #496 attempt=1/2 status=200 0.473s url=https://www.myfonts.com/products/regular-blazing-hollow-1172734
[2026-07-03T09:39:16Z] #497 attempt=1/2 status=200 0.345s url=https://www.myfonts.com/collections/blazing-hollow-font-letterhanna-studio/
[2026-07-03T09:39:17Z] #498 attempt=1/2 status=200 0.435s url=https://www.myfonts.com/products/regular-shifa-rame-1172646
[2026-07-03T09:39:17Z] #499 attempt=1/2 status=200 0.441s url=https://www.myfonts.com/collections/shifa-rame-font-mabhal-studio/
[2026-07-03T09:39:18Z] #500 attempt=1/2 status=200 0.465s url=https://www.myfonts.com/products/regular-gros-creak-1172644
[2026-07-03T09:39:19Z] #501 attempt=1/2 status=200 0.486s url=https://www.myfonts.com/collections/gros-creak-font-mabhal-studio/
[2026-07-03T09:39:20Z] #502 attempt=1/2 status=200 0.440s url=https://www.myfonts.com/products/regular-madilog-1172739
[2026-07-03T09:39:20Z] #503 attempt=1/2 status=200 0.381s url=https://www.myfonts.com/collections/madilog-font-struggle-studio/
[2026-07-03T09:39:21Z] #504 attempt=1/2 status=200 0.349s url=https://www.myfonts.com/products/regular-hesty-and-gita-1172643
[2026-07-03T09:39:22Z] #505 attempt=1/2 status=200 0.434s url=https://www.myfonts.com/collections/hesty-and-gita-font-mabhal-studio/
[2026-07-03T09:39:22Z] #506 attempt=1/2 status=429 0.043s url=https://www.myfonts.com/products/regular-daklog-1172735
[2026-07-03T09:39:25Z] #507 attempt=2/2 status=200 0.452s url=https://www.myfonts.com/products/regular-daklog-1172735
[2026-07-03T09:39:25Z] #508 attempt=1/2 status=200 0.489s url=https://www.myfonts.com/collections/daklog-font-hasnat-studio/
[2026-07-03T09:39:26Z] #509 attempt=1/2 status=200 0.494s url=https://www.myfonts.com/products/regular-banyelle-1172652
[2026-07-03T09:39:27Z] #510 attempt=1/2 status=200 0.480s url=https://www.myfonts.com/collections/banyelle-font-vadova-std/
[2026-07-03T09:39:28Z] #511 attempt=1/6 status=200 0.994s url=https://www.myfonts.com/products.json?limit=100&page=21
[2026-07-03T09:39:29Z] #512 attempt=1/2 status=200 0.431s url=https://www.myfonts.com/products/regular-amorique-1172648
[2026-07-03T09:39:30Z] #513 attempt=1/2 status=200 0.537s url=https://www.myfonts.com/collections/amorique-font-rasio-studio/
[2026-07-03T09:39:30Z] #514 attempt=1/2 status=200 0.400s url=https://www.myfonts.com/products/regular-sundae-avenue-1172647
[2026-07-03T09:39:31Z] #515 attempt=1/2 status=429 0.046s url=https://www.myfonts.com/collections/sundae-avenue-font-pb-type/
[2026-07-03T09:39:33Z] #516 attempt=2/2 status=200 0.503s url=https://www.myfonts.com/collections/sundae-avenue-font-pb-type/
[2026-07-03T09:39:34Z] #517 attempt=1/2 status=200 0.482s url=https://www.myfonts.com/products/regular-whilmare-1172645
[2026-07-03T09:39:35Z] #518 attempt=1/2 status=200 0.395s url=https://www.myfonts.com/collections/whilmare-font-pb-type/
[2026-07-03T09:39:35Z] #519 attempt=1/2 status=200 0.346s url=https://www.myfonts.com/products/regular-disor-1172638
[2026-07-03T09:39:36Z] #520 attempt=1/2 status=429 0.047s url=https://www.myfonts.com/collections/disor-font-pb-type/
[2026-07-03T09:39:38Z] #521 attempt=2/2 status=200 0.461s url=https://www.myfonts.com/collections/disor-font-pb-type/
[2026-07-03T09:39:40Z] #522 attempt=1/6 status=200 0.952s url=https://www.myfonts.com/products.json?limit=100&page=22
[2026-07-03T09:39:42Z] #523 attempt=1/6 status=200 1.189s url=https://www.myfonts.com/products.json?limit=100&page=23
[2026-07-03T09:39:42Z] #524 attempt=1/2 status=200 0.444s url=https://www.myfonts.com/products/regular-lunare-magic-1173547
[2026-07-03T09:39:43Z] #525 attempt=1/2 status=200 0.325s url=https://www.myfonts.com/collections/lunare-magic-font-alit-design/
[2026-07-03T09:39:44Z] #526 attempt=1/2 status=200 0.390s url=https://www.myfonts.com/products/regular-granetra-1173548
[2026-07-03T09:39:44Z] #527 attempt=1/2 status=200 0.418s url=https://www.myfonts.com/collections/granetra-font-limitype/
[2026-07-03T09:39:45Z] #528 attempt=1/2 status=200 0.482s url=https://www.myfonts.com/products/regular-bjah-1173546
[2026-07-03T09:39:46Z] #529 attempt=1/2 status=200 0.471s url=https://www.myfonts.com/collections/bjah-font-olivetype/
[2026-07-03T09:39:46Z] #530 attempt=1/2 status=200 0.468s url=https://www.myfonts.com/products/regular-moon-starlaa-1173438
[2026-07-03T09:39:47Z] #531 attempt=1/2 status=429 0.030s url=https://www.myfonts.com/collections/moon-starlaa-font-mabhal-studio/
[2026-07-03T09:39:49Z] #532 attempt=2/2 status=200 0.520s url=https://www.myfonts.com/collections/moon-starlaa-font-mabhal-studio/
[2026-07-03T09:39:50Z] #533 attempt=1/2 status=200 0.496s url=https://www.myfonts.com/products/regular-game-park-1173562
[2026-07-03T09:39:51Z] #534 attempt=1/2 status=200 0.435s url=https://www.myfonts.com/collections/game-park-font-mvmet/
[2026-07-03T09:39:52Z] #535 attempt=1/2 status=200 0.453s url=https://www.myfonts.com/products/regular-lunea-1173545
[2026-07-03T09:39:52Z] #536 attempt=1/2 status=200 0.539s url=https://www.myfonts.com/collections/lunea-font-sipanji21/
[2026-07-03T09:39:53Z] #537 attempt=1/2 status=429 0.033s url=https://www.myfonts.com/products/regular-chaoser-1173563
[2026-07-03T09:39:55Z] #538 attempt=2/2 status=200 0.496s url=https://www.myfonts.com/products/regular-chaoser-1173563
[2026-07-03T09:39:56Z] #539 attempt=1/2 status=200 0.449s url=https://www.myfonts.com/collections/chaoser-font-super-dust/
[2026-07-03T09:39:57Z] #540 attempt=1/2 status=200 0.423s url=https://www.myfonts.com/products/regular-majoise-1173544
[2026-07-03T09:39:57Z] #541 attempt=1/2 status=200 0.359s url=https://www.myfonts.com/collections/majoise-font-imoodev/
[2026-07-03T09:39:58Z] #542 attempt=1/2 status=200 0.436s url=https://www.myfonts.com/products/regular-mltp-mathyna-rosbelle-1173574
[2026-07-03T09:39:58Z] #543 attempt=1/2 status=429 0.035s url=https://www.myfonts.com/collections/mltp-mathyna-rosbelle-font-multype-studio/
[2026-07-03T09:40:01Z] #544 attempt=2/2 status=200 0.500s url=https://www.myfonts.com/collections/mltp-mathyna-rosbelle-font-multype-studio/
[2026-07-03T09:40:02Z] #545 attempt=1/2 status=200 0.502s url=https://www.myfonts.com/products/regular-volley-1173446
[2026-07-03T09:40:02Z] #546 attempt=1/2 status=200 0.433s url=https://www.myfonts.com/collections/volley-font-dilbadil/
[2026-07-03T09:40:03Z] #547 attempt=1/2 status=200 0.393s url=https://www.myfonts.com/products/regular-heura-1173573
[2026-07-03T09:40:04Z] #548 attempt=1/2 status=200 0.383s url=https://www.myfonts.com/collections/heura-font-eurotypo/
[2026-07-03T09:40:04Z] #549 attempt=1/2 status=200 0.419s url=https://www.myfonts.com/products/regular-bonito-sans-1173561
[2026-07-03T09:40:05Z] #550 attempt=1/2 status=200 0.466s url=https://www.myfonts.com/collections/bonito-sans-font-lurinzu-studios/
[2026-07-03T09:40:05Z] #551 attempt=1/2 status=429 0.039s url=https://www.myfonts.com/products/regular-texas-casual-1173445
[2026-07-03T09:40:08Z] #552 attempt=2/2 status=200 0.552s url=https://www.myfonts.com/products/regular-texas-casual-1173445
[2026-07-03T09:40:09Z] #553 attempt=1/2 status=200 0.453s url=https://www.myfonts.com/collections/texas-casual-font-dilbadil/
[2026-07-03T09:40:10Z] #554 attempt=1/2 status=200 0.430s url=https://www.myfonts.com/products/regular-meboria-1173559
[2026-07-03T09:40:10Z] #555 attempt=1/2 status=200 0.322s url=https://www.myfonts.com/collections/meboria-font-super-dust/
[2026-07-03T09:40:11Z] #556 attempt=1/2 status=200 0.443s url=https://www.myfonts.com/products/regular-porito-grande-1173564
[2026-07-03T09:40:12Z] #557 attempt=1/2 status=200 0.457s url=https://www.myfonts.com/collections/porito-grande-font-nasir-udin/
[2026-07-03T09:40:12Z] #558 attempt=1/2 status=200 0.404s url=https://www.myfonts.com/products/regular-morlisse-1173417
[2026-07-03T09:40:13Z] #559 attempt=1/2 status=429 0.045s url=https://www.myfonts.com/collections/morlisse-font-omzen-type/
[2026-07-03T09:40:15Z] #560 attempt=2/2 status=200 0.373s url=https://www.myfonts.com/collections/morlisse-font-omzen-type/
[2026-07-03T09:40:16Z] #561 attempt=1/2 status=200 0.431s url=https://www.myfonts.com/products/regular-shamans-1173550
[2026-07-03T09:40:16Z] #562 attempt=1/2 status=200 0.422s url=https://www.myfonts.com/collections/shamans-font-flawlessandco/
[2026-07-03T09:40:17Z] #563 attempt=1/2 status=200 0.383s url=https://www.myfonts.com/products/regular-mothers-plate-1173549
[2026-07-03T09:40:18Z] #564 attempt=1/2 status=200 0.464s url=https://www.myfonts.com/collections/mothers-plate-font-sarid-ezra/
[2026-07-03T09:40:18Z] #565 attempt=1/2 status=200 0.358s url=https://www.myfonts.com/products/regular-foxy-1173397
[2026-07-03T09:40:19Z] #566 attempt=1/2 status=429 0.057s url=https://www.myfonts.com/collections/foxy-font-eryn-rose-design/
[2026-07-03T09:40:21Z] #567 attempt=2/2 status=200 0.524s url=https://www.myfonts.com/collections/foxy-font-eryn-rose-design/
[2026-07-03T09:40:22Z] #568 attempt=1/2 status=200 0.411s url=https://www.myfonts.com/products/regular-besther-rusbery-1173221
[2026-07-03T09:40:23Z] #569 attempt=1/2 status=200 0.512s url=https://www.myfonts.com/collections/besther-rusbery-font-bayuktx/
[2026-07-03T09:40:24Z] #570 attempt=1/2 status=200 0.417s url=https://www.myfonts.com/products/gradualist-gradualist-1173376
[2026-07-03T09:40:24Z] #571 attempt=1/2 status=200 0.479s url=https://www.myfonts.com/collections/gradualist-font-yeen-studio/
[2026-07-03T09:40:25Z] #572 attempt=1/2 status=200 0.480s url=https://www.myfonts.com/products/lemon-cupcake-complete-family-package-1173502
[2026-07-03T09:40:26Z] #573 attempt=1/2 status=200 0.593s url=https://www.myfonts.com/collections/lemon-cupcake-font-bale-type/
[2026-07-03T09:40:27Z] #574 attempt=1/2 status=200 0.427s url=https://www.myfonts.com/products/brandnew-family-complete-family-package-1172704
[2026-07-03T09:40:27Z] #575 attempt=1/2 status=429 0.045s url=https://www.myfonts.com/collections/brandnew-family-font-bilberry-create/
[2026-07-03T09:40:30Z] #576 attempt=2/2 status=200 0.689s url=https://www.myfonts.com/collections/brandnew-family-font-bilberry-create/
[2026-07-03T09:40:31Z] #577 attempt=1/2 status=200 0.475s url=https://www.myfonts.com/products/magentha-summer-complete-family-package-1173391
[2026-07-03T09:40:31Z] #578 attempt=1/2 status=200 0.570s url=https://www.myfonts.com/collections/magentha-summer-font-auliart-studio/
[2026-07-03T09:40:32Z] #579 attempt=1/2 status=200 0.572s url=https://www.myfonts.com/products/avoria-complete-family-package-1173554
[2026-07-03T09:40:33Z] #580 attempt=1/2 status=200 0.754s url=https://www.myfonts.com/collections/avoria-font-rezastudio/
[2026-07-03T09:40:34Z] #581 attempt=1/2 status=200 0.654s url=https://www.myfonts.com/products/nunda-dela-complete-family-package-1173398
[2026-07-03T09:40:35Z] #582 attempt=1/2 status=200 0.843s url=https://www.myfonts.com/collections/nunda-dela-font-differentialtype/
[2026-07-03T09:40:36Z] #583 attempt=1/2 status=200 0.458s url=https://www.myfonts.com/products/linneva-complete-family-package-1173565
[2026-07-03T09:40:37Z] #584 attempt=1/2 status=200 0.578s url=https://www.myfonts.com/collections/linneva-font-vermilione/
[2026-07-03T09:40:38Z] #585 attempt=1/2 status=200 0.542s url=https://www.myfonts.com/products/rounded-package-1172726
[2026-07-03T09:40:39Z] #586 attempt=1/2 status=200 0.908s url=https://www.myfonts.com/collections/crafta-font-maenjari-std/
[2026-07-03T09:40:40Z] #587 attempt=1/2 status=200 0.503s url=https://www.myfonts.com/products/burn-out-complete-family-package-1172658
[2026-07-03T09:40:41Z] #588 attempt=1/2 status=200 0.617s url=https://www.myfonts.com/collections/burn-out-font-ronin-design/
[2026-07-03T09:40:41Z] #589 attempt=1/2 status=200 0.493s url=https://www.myfonts.com/products/nordwerk-complete-family-package-1172684
[2026-07-03T09:40:42Z] #590 attempt=1/2 status=200 0.724s url=https://www.myfonts.com/collections/nordwerk-font-ghozai-studio/
[2026-07-03T09:40:43Z] #591 attempt=1/2 status=200 0.431s url=https://www.myfonts.com/products/ordinary-summer-complete-family-package-1172685
[2026-07-03T09:40:44Z] #592 attempt=1/2 status=200 0.598s url=https://www.myfonts.com/collections/ordinary-summer-font-littlehand/
[2026-07-03T09:40:44Z] #593 attempt=1/2 status=429 0.031s url=https://www.myfonts.com/products/corina-elegant-complete-family-package-1173394
[2026-07-03T09:40:47Z] #594 attempt=2/2 status=200 0.598s url=https://www.myfonts.com/products/corina-elegant-complete-family-package-1173394
[2026-07-03T09:40:48Z] #595 attempt=1/2 status=200 0.567s url=https://www.myfonts.com/collections/corina-elegant-font-tini-fitriani/
[2026-07-03T09:40:49Z] #596 attempt=1/2 status=200 0.513s url=https://www.myfonts.com/products/minval-flare-complete-family-package-1173568
[2026-07-03T09:40:49Z] #597 attempt=1/2 status=200 0.615s url=https://www.myfonts.com/collections/minval-flare-font-tiga-type/
[2026-07-03T09:40:50Z] #598 attempt=1/2 status=200 0.511s url=https://www.myfonts.com/products/rabiola-ganesh-complete-family-package-1173551
[2026-07-03T09:40:51Z] #599 attempt=1/2 status=200 0.651s url=https://www.myfonts.com/collections/rabiola-ganesh-font-black-junst/
[2026-07-03T09:40:52Z] #600 attempt=1/2 status=200 0.503s url=https://www.myfonts.com/products/choks-complete-family-package-1172712
[2026-07-03T09:40:53Z] #601 attempt=1/2 status=200 0.608s url=https://www.myfonts.com/collections/choks-font-vermilione/
[2026-07-03T09:40:53Z] #602 attempt=1/2 status=200 0.440s url=https://www.myfonts.com/products/rinteva-grid-complete-family-package-1172663
[2026-07-03T09:40:54Z] #603 attempt=1/2 status=200 0.730s url=https://www.myfonts.com/collections/rinteva-grid-font-twinletter/
[2026-07-03T09:40:55Z] #604 attempt=1/2 status=200 0.392s url=https://www.myfonts.com/products/regular-clarkfield-1172709
[2026-07-03T09:40:55Z] #605 attempt=1/2 status=429 0.043s url=https://www.myfonts.com/collections/clarkfield-font-epiclinez/
[2026-07-03T09:40:58Z] #606 attempt=2/2 status=200 0.420s url=https://www.myfonts.com/collections/clarkfield-font-epiclinez/
[2026-07-03T09:41:00Z] #607 attempt=1/6 status=200 1.147s url=https://www.myfonts.com/products.json?limit=100&page=24
[2026-07-03T09:41:01Z] #608 attempt=1/2 status=200 0.500s url=https://www.myfonts.com/products/regular-id-troners-1172702
[2026-07-03T09:41:01Z] #609 attempt=1/2 status=200 0.468s url=https://www.myfonts.com/collections/id-troners-font-id-typface/
[2026-07-03T09:41:02Z] #610 attempt=1/2 status=200 0.435s url=https://www.myfonts.com/products/regular-ballpoint-freaks-1172682
[2026-07-03T09:41:03Z] #611 attempt=1/2 status=200 0.562s url=https://www.myfonts.com/collections/ballpoint-freaks-font-mvmet/
[2026-07-03T09:41:03Z] #612 attempt=1/2 status=200 0.436s url=https://www.myfonts.com/products/regular-oretanuna-1172711
[2026-07-03T09:41:04Z] #613 attempt=1/2 status=200 0.459s url=https://www.myfonts.com/collections/oretanuna-font-unaki/
[2026-07-03T09:41:05Z] #614 attempt=1/2 status=200 0.463s url=https://www.myfonts.com/products/regular-the-qundies-1172703
[2026-07-03T09:41:06Z] #615 attempt=1/2 status=200 0.450s url=https://www.myfonts.com/collections/the-qundies-font-flawlessandco/
[2026-07-03T09:41:06Z] #616 attempt=1/2 status=200 0.425s url=https://www.myfonts.com/products/regular-bloody-black-metal-1172683
[2026-07-03T09:41:07Z] #617 attempt=1/2 status=429 0.042s url=https://www.myfonts.com/collections/bloody-black-metal-font-mvmet/
[2026-07-03T09:41:09Z] #618 attempt=2/2 status=200 0.622s url=https://www.myfonts.com/collections/bloody-black-metal-font-mvmet/
[2026-07-03T09:41:10Z] #619 attempt=1/2 status=200 0.439s url=https://www.myfonts.com/products/regular-tosoul-1172715
[2026-07-03T09:41:11Z] #620 attempt=1/2 status=200 0.366s url=https://www.myfonts.com/collections/tosoul-font-hasnat-studio/
[2026-07-03T09:41:11Z] #621 attempt=1/2 status=200 0.468s url=https://www.myfonts.com/products/medium-del-rose-1172730
[2026-07-03T09:41:12Z] #622 attempt=1/2 status=200 0.795s url=https://www.myfonts.com/collections/del-rose-font-sign-studio/
[2026-07-03T09:41:13Z] #623 attempt=1/2 status=200 0.449s url=https://www.myfonts.com/products/regular-apricot-moon-garden-1172708
[2026-07-03T09:41:14Z] #624 attempt=1/2 status=200 0.385s url=https://www.myfonts.com/collections/apricot-moon-garden-font-medialabco/
[2026-07-03T09:41:14Z] #625 attempt=1/2 status=429 0.027s url=https://www.myfonts.com/products/regular-noktey-1172710
[2026-07-03T09:41:17Z] #626 attempt=2/2 status=200 0.428s url=https://www.myfonts.com/products/regular-noktey-1172710
[2026-07-03T09:41:17Z] #627 attempt=1/2 status=200 0.374s url=https://www.myfonts.com/collections/noktey-font-hasnat-studio/
[2026-07-03T09:41:19Z] #628 attempt=1/6 status=200 1.000s url=https://www.myfonts.com/products.json?limit=100&page=25
[2026-07-03T09:41:20Z] #629 attempt=1/2 status=200 0.508s url=https://www.myfonts.com/products/regular-metrogard-1011416
[2026-07-03T09:41:20Z] #630 attempt=1/2 status=200 0.451s url=https://www.myfonts.com/collections/metrogard-font-lurinzu-studios/
[2026-07-03T09:41:21Z] #631 attempt=1/2 status=200 0.718s url=https://www.myfonts.com/products/elvon-grotesk-complete-family-package-1172480
[2026-07-03T09:41:22Z] #632 attempt=1/2 status=200 0.828s url=https://www.myfonts.com/collections/elvon-grotesk-font-webhance/
[2026-07-03T09:41:25Z] #633 attempt=1/2 status=200 1.825s url=https://www.myfonts.com/products/biarty-sans-narrow-family-package-1168554
[2026-07-03T09:41:27Z] #634 attempt=1/2 status=200 2.492s url=https://www.myfonts.com/collections/biarty-sans-font-nollev/
[2026-07-03T09:41:29Z] #635 attempt=1/2 status=200 0.520s url=https://www.myfonts.com/products/halo-domas-solid-complete-family-package-1172548
[2026-07-03T09:41:30Z] #636 attempt=1/2 status=200 0.556s url=https://www.myfonts.com/collections/halo-domas-solid-font-mabhal-studio/
[2026-07-03T09:41:30Z] #637 attempt=1/2 status=200 0.589s url=https://www.myfonts.com/products/cybernetik-complete-family-package-1172571
[2026-07-03T09:41:31Z] #638 attempt=1/2 status=200 0.765s url=https://www.myfonts.com/collections/cybernetik-font-parker-creative/
[2026-07-03T09:41:32Z] #639 attempt=1/2 status=200 0.527s url=https://www.myfonts.com/products/amberly-route-complete-family-package-1172500
[2026-07-03T09:41:33Z] #640 attempt=1/2 status=200 0.645s url=https://www.myfonts.com/collections/amberly-route-font-cocodesign/
[2026-07-03T09:41:34Z] #641 attempt=1/2 status=200 0.675s url=https://www.myfonts.com/products/costhiya-complete-family-package-1172587
[2026-07-03T09:41:35Z] #642 attempt=1/2 status=200 0.869s url=https://www.myfonts.com/collections/costhiya-font-madjack-font/
[2026-07-03T09:41:36Z] #643 attempt=1/2 status=200 0.469s url=https://www.myfonts.com/products/muchino-complete-family-package-1172516
[2026-07-03T09:41:37Z] #644 attempt=1/2 status=200 0.717s url=https://www.myfonts.com/collections/muchino-font-luminatype-studio/
[2026-07-03T09:41:38Z] #645 attempt=1/2 status=200 0.488s url=https://www.myfonts.com/products/publice-complete-family-package-1172536
[2026-07-03T09:41:39Z] #646 attempt=1/2 status=200 0.633s url=https://www.myfonts.com/collections/publice-font-glyphminds-studios/
[2026-07-03T09:41:39Z] #647 attempt=1/2 status=200 0.462s url=https://www.myfonts.com/products/comfort-cash-complete-family-package-1172458
[2026-07-03T09:41:40Z] #648 attempt=1/2 status=200 0.521s url=https://www.myfonts.com/collections/comfort-cash-font-hanoded/
[2026-07-03T09:41:41Z] #649 attempt=1/2 status=200 0.478s url=https://www.myfonts.com/products/haji-complete-family-package-1172540
[2026-07-03T09:41:42Z] #650 attempt=1/2 status=200 0.567s url=https://www.myfonts.com/collections/haji-font-letternesia-studio/
[2026-07-03T09:41:43Z] #651 attempt=1/2 status=200 0.503s url=https://www.myfonts.com/products/easter-holiday-regular-complete-family-package-1172582
[2026-07-03T09:41:43Z] #652 attempt=1/2 status=200 0.584s url=https://www.myfonts.com/collections/easter-holiday-regular-font-mabhal-studio/
[2026-07-03T09:41:44Z] #653 attempt=1/2 status=200 0.551s url=https://www.myfonts.com/products/windale-sans-complete-family-package-1172526
[2026-07-03T09:41:45Z] #654 attempt=1/2 status=200 0.665s url=https://www.myfonts.com/collections/windale-sans-font-shape-studio/
[2026-07-03T09:41:46Z] #655 attempt=1/2 status=200 0.486s url=https://www.myfonts.com/products/kombinator-complete-family-package-1172505
[2026-07-03T09:41:47Z] #656 attempt=1/2 status=200 0.612s url=https://www.myfonts.com/collections/kombinator-font-fontroll/
[2026-07-03T09:41:47Z] summary releases=3 first_429=(107, 'https://www.myfonts.com/collections/grande-font-jaruka-creative/', 0.027729511260986328) log_file=state/myfonts_run_20260703_093058.log
[2026-07-03T09:41:47Z] === MyFonts crawl end ===
