[2026-09-26T11:13:56Z] checkpoint fresh next_page=1 path=state/myfonts_crawl_checkpoint.json
[2026-09-26T11:13:56Z] === MyFonts crawl start source=myfonts ===
[2026-09-26T11:13:56Z] config max_pages=25 page_size=100 start_date=2026-09-25 end_date=2026-09-26 api_delay=0.5s detail_delay=0.2s max_debut_checks=400 max_tech_specs_checks=200 reuse_success_profile=False always_enrich_packages=True language_script_signal_mode=strong force_fresh_run=False start_page=1 browser_mode=False browser_headless=True browser_storage_state_path=state/myfonts_storage_state.json
[2026-09-26T11:13:58Z] #1 attempt=1/6 status=200 0.890s url=https://www.myfonts.com/products.json?limit=100&page=1
[2026-09-26T11:13:58Z] #2 attempt=1/2 status=200 0.462s url=https://www.myfonts.com/products/zia-glastyo-complete-family-package-1232291
[2026-09-26T11:13:59Z] #3 attempt=1/2 status=200 0.545s url=https://www.myfonts.com/collections/zia-glastyo-font-zia-creative-studio/
[2026-09-26T11:14:00Z] #4 attempt=1/2 status=200 0.467s url=https://www.myfonts.com/collections/zia-glastyo-font-zia-creative-studio/?tab=techSpecs
[2026-09-26T11:14:01Z] #5 attempt=1/2 status=200 0.556s url=https://www.myfonts.com/products/uprights-condensed-package-1232071
[2026-09-26T11:14:02Z] #6 attempt=1/2 status=200 0.721s url=https://www.myfonts.com/collections/skolasans-font-totem/
[2026-09-26T11:14:03Z] #7 attempt=1/2 status=200 0.628s url=https://www.myfonts.com/collections/skolasans-font-totem/?tab=techSpecs
[2026-09-26T11:14:06Z] #8 attempt=1/2 status=200 1.959s url=https://www.myfonts.com/products/fendrok-complete-family-package-1232074
[2026-09-26T11:14:10Z] #9 attempt=1/2 status=200 3.547s url=https://www.myfonts.com/collections/fendrok-font-stripes-studio/
[2026-09-26T11:14:14Z] #10 attempt=1/2 status=200 2.088s url=https://www.myfonts.com/collections/fendrok-font-stripes-studio/?tab=techSpecs
[2026-09-26T11:14:15Z] #11 attempt=1/2 status=200 0.382s url=https://www.myfonts.com/products/potbank-complete-family-package-1232277
[2026-09-26T11:14:16Z] #12 attempt=1/2 status=200 0.476s url=https://www.myfonts.com/collections/potbank-font-applied-systems-design-studio/
[2026-09-26T11:14:17Z] #13 attempt=1/2 status=200 0.379s url=https://www.myfonts.com/collections/potbank-font-applied-systems-design-studio/?tab=techSpecs
[2026-09-26T11:14:18Z] #14 attempt=1/2 status=200 0.377s url=https://www.myfonts.com/products/thin-genepi-1232270
[2026-09-26T11:14:19Z] #15 attempt=1/2 status=200 0.435s url=https://www.myfonts.com/collections/genepi-font-santi-rey/
[2026-09-26T11:14:19Z] #16 attempt=1/2 status=200 0.400s url=https://www.myfonts.com/collections/genepi-font-santi-rey/?tab=techSpecs
[2026-09-26T11:14:21Z] #17 attempt=1/2 status=200 0.686s url=https://www.myfonts.com/products/pixel-fonts-bundle-package-1232266
[2026-09-26T11:14:21Z] #18 attempt=1/2 status=404 0.290s url=https://www.myfonts.com/collections/pixel-fonts-bundle-font-gleb-guralnyk
[2026-09-26T11:14:22Z] #19 attempt=1/2 status=200 0.633s url=https://www.myfonts.com/products/heavy-music-fan-bundle-package-988768
[2026-09-26T11:14:23Z] #20 attempt=1/2 status=404 0.220s url=https://www.myfonts.com/collections/heavy-music-fan-bundle-font-gleb-guralnyk
[2026-09-26T11:14:24Z] #21 attempt=1/6 status=200 0.927s url=https://www.myfonts.com/products.json?limit=100&page=2
[2026-09-26T11:14:26Z] #22 attempt=1/6 status=200 0.907s url=https://www.myfonts.com/products.json?limit=100&page=3
[2026-09-26T11:14:26Z] #23 attempt=1/2 status=200 0.399s url=https://www.myfonts.com/products/jagera-complete-family-package-1231744
[2026-09-26T11:14:27Z] #24 attempt=1/2 status=200 0.523s url=https://www.myfonts.com/collections/jagera-font-alpercakici/
[2026-09-26T11:14:29Z] #25 attempt=1/2 status=200 1.521s url=https://www.myfonts.com/products/best-package-package-1231454
[2026-09-26T11:14:31Z] #26 attempt=1/2 status=200 2.044s url=https://www.myfonts.com/collections/agrelis-font-alterspieler/
[2026-09-26T11:14:34Z] #27 attempt=1/2 status=200 1.633s url=https://www.myfonts.com/collections/agrelis-font-alterspieler/?tab=techSpecs
[2026-09-26T11:14:37Z] #28 attempt=1/2 status=200 1.874s url=https://www.myfonts.com/products/grade-complete-package-1231288
[2026-09-26T11:14:40Z] #29 attempt=1/2 status=200 3.334s url=https://www.myfonts.com/collections/modisen-font-ajibatype/
[2026-09-26T11:14:44Z] #30 attempt=1/2 status=200 2.482s url=https://www.myfonts.com/collections/modisen-font-ajibatype/?tab=techSpecs
[2026-09-26T11:14:46Z] #31 attempt=1/2 status=200 0.397s url=https://www.myfonts.com/products/guka-complete-family-package-1232012
[2026-09-26T11:14:47Z] #32 attempt=1/2 status=200 0.530s url=https://www.myfonts.com/collections/guka-font-fontfabric/
[2026-09-26T11:14:48Z] #33 attempt=1/2 status=200 0.434s url=https://www.myfonts.com/collections/guka-font-fontfabric/?tab=techSpecs
[2026-09-26T11:14:49Z] #34 attempt=1/2 status=200 0.382s url=https://www.myfonts.com/products/rose-magnolia-complete-family-package-1231758
[2026-09-26T11:14:50Z] #35 attempt=1/2 status=200 0.352s url=https://www.myfonts.com/collections/rose-magnolia-font-font-liner/
[2026-09-26T11:14:50Z] #36 attempt=1/2 status=200 0.326s url=https://www.myfonts.com/collections/rose-magnolia-font-font-liner/?tab=techSpecs
[2026-09-26T11:14:52Z] #37 attempt=1/2 status=200 0.513s url=https://www.myfonts.com/products/hyperspace-capsule-complete-family-package-1232009
[2026-09-26T11:14:53Z] #38 attempt=1/2 status=200 0.632s url=https://www.myfonts.com/collections/hyperspace-race-capsule-font-swell-type/
[2026-09-26T11:14:53Z] #39 attempt=1/2 status=200 0.497s url=https://www.myfonts.com/collections/hyperspace-race-capsule-font-swell-type/?tab=techSpecs
[2026-09-26T11:14:55Z] #40 attempt=1/2 status=200 0.940s url=https://www.myfonts.com/products/polo-land-complete-family-package-1230892
[2026-09-26T11:14:57Z] #41 attempt=1/2 status=200 1.201s url=https://www.myfonts.com/collections/polo-land-font-abbastype/
[2026-09-26T11:14:59Z] #42 attempt=1/2 status=200 1.065s url=https://www.myfonts.com/collections/polo-land-font-abbastype/?tab=techSpecs
[2026-09-26T11:15:00Z] #43 attempt=1/2 status=200 0.336s url=https://www.myfonts.com/products/racing-sunday-pro-complete-family-package-1230989
[2026-09-26T11:15:01Z] #44 attempt=1/2 status=200 0.457s url=https://www.myfonts.com/collections/racing-sunday-pro-font-ahweproject/
[2026-09-26T11:15:01Z] #45 attempt=1/2 status=200 0.377s url=https://www.myfonts.com/collections/racing-sunday-pro-font-ahweproject/?tab=techSpecs
[2026-09-26T11:15:03Z] #46 attempt=1/2 status=200 0.471s url=https://www.myfonts.com/products/magnolia-complete-family-package-1231725
[2026-09-26T11:15:04Z] #47 attempt=1/2 status=200 0.616s url=https://www.myfonts.com/collections/magnolia-font-alpercakici/
[2026-09-26T11:15:05Z] #48 attempt=1/2 status=200 0.453s url=https://www.myfonts.com/collections/magnolia-font-alpercakici/?tab=techSpecs
[2026-09-26T11:15:07Z] #49 attempt=1/2 status=200 1.712s url=https://www.myfonts.com/products/verasity-complete-family-package-1231776
[2026-09-26T11:15:10Z] #50 attempt=1/2 status=200 2.645s url=https://www.myfonts.com/collections/verasity-font-groenstudio/
[2026-09-26T11:15:13Z] #51 attempt=1/2 status=200 2.011s url=https://www.myfonts.com/collections/verasity-font-groenstudio/?tab=techSpecs
[2026-09-26T11:15:15Z] #52 attempt=1/2 status=200 0.373s url=https://www.myfonts.com/products/piccole-complete-family-package-1231761
[2026-09-26T11:15:16Z] #53 attempt=1/2 status=200 0.443s url=https://www.myfonts.com/collections/piccole-font-glyphminds-studios/
[2026-09-26T11:15:16Z] #54 attempt=1/2 status=200 0.390s url=https://www.myfonts.com/collections/piccole-font-glyphminds-studios/?tab=techSpecs
[2026-09-26T11:15:18Z] #55 attempt=1/2 status=200 0.321s url=https://www.myfonts.com/products/caramile-complete-family-package-1231755
[2026-09-26T11:15:18Z] #56 attempt=1/2 status=200 0.334s url=https://www.myfonts.com/collections/caramile-font-font-liner/
[2026-09-26T11:15:19Z] #57 attempt=1/2 status=200 0.353s url=https://www.myfonts.com/collections/caramile-font-font-liner/?tab=techSpecs
[2026-09-26T11:15:21Z] #58 attempt=1/6 status=200 0.854s url=https://www.myfonts.com/products.json?limit=100&page=4
[2026-09-26T11:15:22Z] #59 attempt=1/6 status=200 0.829s url=https://www.myfonts.com/products.json?limit=100&page=5
[2026-09-26T11:15:24Z] #60 attempt=1/6 status=200 0.917s url=https://www.myfonts.com/products.json?limit=100&page=6
[2026-09-26T11:15:25Z] #61 attempt=1/6 status=200 0.839s url=https://www.myfonts.com/products.json?limit=100&page=7
[2026-09-26T11:15:26Z] #62 attempt=1/2 status=200 0.321s url=https://www.myfonts.com/products/favori-package-1232011
[2026-09-26T11:15:26Z] #63 attempt=1/2 status=404 0.252s url=https://www.myfonts.com/collections/favori-font-dgsa-type-foundry
[2026-09-26T11:15:27Z] #64 attempt=1/2 status=200 0.314s url=https://www.myfonts.com/products/regular-resquel-1231774
[2026-09-26T11:15:27Z] #65 attempt=1/2 status=200 0.330s url=https://www.myfonts.com/collections/resquel-font-heinzel-std/
[2026-09-26T11:15:28Z] #66 attempt=1/2 status=200 0.285s url=https://www.myfonts.com/collections/resquel-font-heinzel-std/?tab=techSpecs
[2026-09-26T11:15:29Z] #67 attempt=1/6 status=200 0.769s url=https://www.myfonts.com/products.json?limit=100&page=8
[2026-09-26T11:15:33Z] #68 attempt=1/2 status=200 3.449s url=https://www.myfonts.com/products/regular-sunner-heat-1231775
[2026-09-26T11:15:33Z] #69 attempt=1/2 status=200 0.304s url=https://www.myfonts.com/collections/sunner-heat-font-heinzel-std/
[2026-09-26T11:15:34Z] #70 attempt=1/2 status=200 0.292s url=https://www.myfonts.com/collections/sunner-heat-font-heinzel-std/?tab=techSpecs
[2026-09-26T11:15:35Z] #71 attempt=1/2 status=200 0.323s url=https://www.myfonts.com/products/kaligrafik-ahenk-1231718
[2026-09-26T11:15:35Z] #72 attempt=1/2 status=200 0.305s url=https://www.myfonts.com/collections/ahenk-font-dgsa-type-foundry/
[2026-09-26T11:15:36Z] #73 attempt=1/2 status=200 0.269s url=https://www.myfonts.com/collections/ahenk-font-dgsa-type-foundry/?tab=techSpecs
[2026-09-26T11:15:37Z] #74 attempt=1/2 status=200 0.326s url=https://www.myfonts.com/products/mama-summer-complete-family-package-1231475
[2026-09-26T11:15:37Z] #75 attempt=1/2 status=200 0.348s url=https://www.myfonts.com/collections/mama-summer-font-brown-cupple-typeface/
[2026-09-26T11:15:38Z] #76 attempt=1/2 status=200 0.303s url=https://www.myfonts.com/collections/mama-summer-font-brown-cupple-typeface/?tab=techSpecs
[2026-09-26T11:15:39Z] #77 attempt=1/2 status=200 0.357s url=https://www.myfonts.com/products/cs-calping-complete-family-package-1231700
[2026-09-26T11:15:40Z] #78 attempt=1/2 status=200 0.368s url=https://www.myfonts.com/collections/cs-calping-font-craft-supply-co/
[2026-09-26T11:15:41Z] #79 attempt=1/2 status=200 0.329s url=https://www.myfonts.com/collections/cs-calping-font-craft-supply-co/?tab=techSpecs
[2026-09-26T11:15:42Z] #80 attempt=1/2 status=200 0.329s url=https://www.myfonts.com/products/ekspato-complete-family-package-1231719
[2026-09-26T11:15:42Z] #81 attempt=1/2 status=200 0.373s url=https://www.myfonts.com/collections/ekspato-font-ekahermawan/
[2026-09-26T11:15:43Z] #82 attempt=1/2 status=200 0.301s url=https://www.myfonts.com/collections/ekspato-font-ekahermawan/?tab=techSpecs
[2026-09-26T11:15:44Z] #83 attempt=1/2 status=200 0.344s url=https://www.myfonts.com/products/qelion-complete-family-package-1231704
[2026-09-26T11:15:45Z] #84 attempt=1/2 status=200 0.343s url=https://www.myfonts.com/collections/qelion-font-dareco-studio/
[2026-09-26T11:15:45Z] #85 attempt=1/2 status=200 0.346s url=https://www.myfonts.com/collections/qelion-font-dareco-studio/?tab=techSpecs
[2026-09-26T11:15:47Z] #86 attempt=1/2 status=200 0.353s url=https://www.myfonts.com/products/matcho-complete-family-package-1231471
[2026-09-26T11:15:48Z] #87 attempt=1/2 status=200 0.370s url=https://www.myfonts.com/collections/matcho-font-bondangail/
[2026-09-26T11:15:49Z] #88 attempt=1/2 status=200 0.346s url=https://www.myfonts.com/collections/matcho-font-bondangail/?tab=techSpecs
[2026-09-26T11:15:50Z] #89 attempt=1/2 status=200 0.325s url=https://www.myfonts.com/products/theravin-complete-family-package-1231455
[2026-09-26T11:15:50Z] #90 attempt=1/2 status=200 0.340s url=https://www.myfonts.com/collections/theravin-font-artisan-themes/
[2026-09-26T11:15:51Z] #91 attempt=1/2 status=200 0.350s url=https://www.myfonts.com/collections/theravin-font-artisan-themes/?tab=techSpecs
[2026-09-26T11:15:52Z] #92 attempt=1/2 status=200 0.350s url=https://www.myfonts.com/products/ardnaree-complete-family-package-1231710
[2026-09-26T11:15:53Z] #93 attempt=1/2 status=200 0.401s url=https://www.myfonts.com/collections/ardnaree-font-designomatt/
[2026-09-26T11:15:53Z] #94 attempt=1/2 status=200 0.318s url=https://www.myfonts.com/collections/ardnaree-font-designomatt/?tab=techSpecs
[2026-09-26T11:15:56Z] #95 attempt=1/2 status=200 1.530s url=https://www.myfonts.com/products/viscosity-complete-family-package-1231470
[2026-09-26T11:15:58Z] #96 attempt=1/2 status=200 2.462s url=https://www.myfonts.com/collections/viscosity-font-artisan-studio/
[2026-09-26T11:16:01Z] #97 attempt=1/2 status=200 2.025s url=https://www.myfonts.com/collections/viscosity-font-artisan-studio/?tab=techSpecs
[2026-09-26T11:16:03Z] #98 attempt=1/2 status=200 0.372s url=https://www.myfonts.com/products/rolotip-complete-family-package-1231459
[2026-09-26T11:16:04Z] #99 attempt=1/2 status=200 0.487s url=https://www.myfonts.com/collections/rolotip-font-benbenworld/
[2026-09-26T11:16:04Z] #100 attempt=1/2 status=200 0.329s url=https://www.myfonts.com/collections/rolotip-font-benbenworld/?tab=techSpecs
[2026-09-26T11:16:06Z] #101 attempt=1/2 status=200 0.370s url=https://www.myfonts.com/products/cs-celia-complete-family-package-1231696
[2026-09-26T11:16:06Z] #102 attempt=1/2 status=200 0.484s url=https://www.myfonts.com/collections/cs-celia-font-craft-supply-co/
[2026-09-26T11:16:07Z] #103 attempt=1/2 status=200 0.381s url=https://www.myfonts.com/collections/cs-celia-font-craft-supply-co/?tab=techSpecs
[2026-09-26T11:16:09Z] #104 attempt=1/6 status=200 0.850s url=https://www.myfonts.com/products.json?limit=100&page=9
[2026-09-26T11:16:10Z] #105 attempt=1/6 status=200 0.828s url=https://www.myfonts.com/products.json?limit=100&page=10
[2026-09-26T11:16:12Z] #106 attempt=1/6 status=200 0.752s url=https://www.myfonts.com/products.json?limit=100&page=11
[2026-09-26T11:16:12Z] #107 attempt=1/2 status=200 0.302s url=https://www.myfonts.com/products/regular-supremus-1230998
[2026-09-26T11:16:13Z] #108 attempt=1/2 status=200 0.303s url=https://www.myfonts.com/collections/supremus-font-alit-design/
[2026-09-26T11:16:13Z] #109 attempt=1/2 status=200 0.292s url=https://www.myfonts.com/collections/supremus-font-alit-design/?tab=techSpecs
[2026-09-26T11:16:14Z] #110 attempt=1/2 status=200 0.300s url=https://www.myfonts.com/products/light-zeakoh-1231717
[2026-09-26T11:16:15Z] #111 attempt=1/2 status=200 0.329s url=https://www.myfonts.com/collections/zeakoh-font-dgsa-type-foundry/
[2026-09-26T11:16:15Z] #112 attempt=1/2 status=200 0.271s url=https://www.myfonts.com/collections/zeakoh-font-dgsa-type-foundry/?tab=techSpecs
[2026-09-26T11:16:17Z] #113 attempt=1/6 status=200 0.846s url=https://www.myfonts.com/products.json?limit=100&page=12
[2026-09-26T11:16:18Z] #114 attempt=1/2 status=200 0.297s url=https://www.myfonts.com/products/regular-bhezikr-1231458
[2026-09-26T11:16:18Z] #115 attempt=1/2 status=200 0.294s url=https://www.myfonts.com/collections/bhezikr-font-artoni/
[2026-09-26T11:16:19Z] #116 attempt=1/2 status=200 0.289s url=https://www.myfonts.com/collections/bhezikr-font-artoni/?tab=techSpecs
[2026-09-26T11:16:21Z] #117 attempt=1/6 status=200 0.910s url=https://www.myfonts.com/products.json?limit=100&page=13
[2026-09-26T11:16:22Z] #118 attempt=1/6 status=200 0.882s url=https://www.myfonts.com/products.json?limit=100&page=14
[2026-09-26T11:16:23Z] #119 attempt=1/2 status=200 0.359s url=https://www.myfonts.com/products/roge-regular-roge-brush-1231724
[2026-09-26T11:16:23Z] #120 attempt=1/2 status=200 0.315s url=https://www.myfonts.com/collections/roge-brush-font-ferry-ardana-putra/
[2026-09-26T11:16:24Z] #121 attempt=1/2 status=200 0.289s url=https://www.myfonts.com/collections/roge-brush-font-ferry-ardana-putra/?tab=techSpecs
[2026-09-26T11:16:25Z] #122 attempt=1/2 status=200 0.324s url=https://www.myfonts.com/products/regular-bramble-bold-1231694
[2026-09-26T11:16:25Z] #123 attempt=1/2 status=200 0.322s url=https://www.myfonts.com/collections/bramble-bold-font-claymoon-lab-studio/
[2026-09-26T11:16:26Z] #124 attempt=1/2 status=200 0.270s url=https://www.myfonts.com/collections/bramble-bold-font-claymoon-lab-studio/?tab=techSpecs
[2026-09-26T11:16:27Z] #125 attempt=1/2 status=200 0.303s url=https://www.myfonts.com/products/regular-varo-1231709
[2026-09-26T11:16:27Z] #126 attempt=1/2 status=200 0.291s url=https://www.myfonts.com/collections/varo-font-dareco-studio/
[2026-09-26T11:16:28Z] #127 attempt=1/2 status=200 0.289s url=https://www.myfonts.com/collections/varo-font-dareco-studio/?tab=techSpecs
[2026-09-26T11:16:28Z] #128 attempt=1/2 status=200 0.313s url=https://www.myfonts.com/products/ghostly-drips-complete-family-package-1230792
[2026-09-26T11:16:29Z] #129 attempt=1/2 status=200 0.346s url=https://www.myfonts.com/collections/ghostly-drips-font-aen-creative-studio/
[2026-09-26T11:16:30Z] #130 attempt=1/2 status=200 0.338s url=https://www.myfonts.com/collections/ghostly-drips-font-aen-creative-studio/?tab=techSpecs
[2026-09-26T11:16:31Z] #131 attempt=1/2 status=200 0.375s url=https://www.myfonts.com/products/renly-complete-family-package-1230014
[2026-09-26T11:16:32Z] #132 attempt=1/2 status=200 0.381s url=https://www.myfonts.com/collections/renly-font-craft-supply-co/
[2026-09-26T11:16:32Z] #133 attempt=1/2 status=200 0.340s url=https://www.myfonts.com/collections/renly-font-craft-supply-co/?tab=techSpecs
[2026-09-26T11:16:33Z] #134 attempt=1/2 status=200 0.345s url=https://www.myfonts.com/products/butterlike-complete-family-package-1229885
[2026-09-26T11:16:34Z] #135 attempt=1/2 status=200 0.397s url=https://www.myfonts.com/collections/butterlike-font-the-native-saint-club/
[2026-09-26T11:16:35Z] #136 attempt=1/2 status=200 0.389s url=https://www.myfonts.com/collections/butterlike-font-the-native-saint-club/?tab=techSpecs
[2026-09-26T11:16:36Z] #137 attempt=1/2 status=200 0.336s url=https://www.myfonts.com/products/mercer-complete-family-package-1230025
[2026-09-26T11:16:37Z] #138 attempt=1/2 status=200 0.377s url=https://www.myfonts.com/collections/mercer-font-mei-suseno/
[2026-09-26T11:16:37Z] #139 attempt=1/2 status=200 0.345s url=https://www.myfonts.com/collections/mercer-font-mei-suseno/?tab=techSpecs
[2026-09-26T11:16:39Z] #140 attempt=1/2 status=200 0.598s url=https://www.myfonts.com/products/mirano-variable-type-system-complete-family-package-1230661
[2026-09-26T11:16:40Z] #141 attempt=1/2 status=200 0.684s url=https://www.myfonts.com/collections/mirano-extended-font-unio-creative-solutions/
[2026-09-26T11:16:41Z] #142 attempt=1/2 status=200 0.547s url=https://www.myfonts.com/collections/mirano-extended-font-unio-creative-solutions/?tab=techSpecs
[2026-09-26T11:16:42Z] #143 attempt=1/2 status=200 0.366s url=https://www.myfonts.com/products/redika-complete-family-package-1230006
[2026-09-26T11:16:43Z] #144 attempt=1/2 status=200 0.391s url=https://www.myfonts.com/collections/redika-font-craft-supply-co/
[2026-09-26T11:16:43Z] #145 attempt=1/2 status=200 0.299s url=https://www.myfonts.com/collections/redika-font-craft-supply-co/?tab=techSpecs
[2026-09-26T11:16:45Z] #146 attempt=1/2 status=200 0.988s url=https://www.myfonts.com/products/butamah-complete-family-package-1230795
[2026-09-26T11:16:46Z] #147 attempt=1/2 status=200 1.171s url=https://www.myfonts.com/collections/butamah-font-abbastype/
[2026-09-26T11:16:48Z] #148 attempt=1/2 status=200 1.228s url=https://www.myfonts.com/collections/butamah-font-abbastype/?tab=techSpecs
[2026-09-26T11:16:50Z] #149 attempt=1/2 status=200 0.878s url=https://www.myfonts.com/products/heghan-complete-family-package-1229895
[2026-09-26T11:16:52Z] #150 attempt=1/2 status=200 1.308s url=https://www.myfonts.com/collections/heghan-font-abbastype/
[2026-09-26T11:16:54Z] #151 attempt=1/2 status=200 1.302s url=https://www.myfonts.com/collections/heghan-font-abbastype/?tab=techSpecs
[2026-09-26T11:16:55Z] #152 attempt=1/2 status=200 0.369s url=https://www.myfonts.com/products/guinsa-complete-family-package-1229892
[2026-09-26T11:16:56Z] #153 attempt=1/2 status=200 0.323s url=https://www.myfonts.com/collections/guinsa-font-craft-supply-co/
[2026-09-26T11:16:56Z] #154 attempt=1/2 status=200 0.324s url=https://www.myfonts.com/collections/guinsa-font-craft-supply-co/?tab=techSpecs
[2026-09-26T11:16:57Z] #155 attempt=1/2 status=200 0.323s url=https://www.myfonts.com/products/machou-display-complete-family-package-1229881
[2026-09-26T11:16:58Z] #156 attempt=1/2 status=200 0.354s url=https://www.myfonts.com/collections/machou-display-font-youandigraphics/
[2026-09-26T11:16:58Z] #157 attempt=1/2 status=200 0.318s url=https://www.myfonts.com/collections/machou-display-font-youandigraphics/?tab=techSpecs
[2026-09-26T11:17:00Z] #158 attempt=1/2 status=200 0.431s url=https://www.myfonts.com/products/paperclip-basic-family-package-798305
[2026-09-26T11:17:00Z] #159 attempt=1/2 status=200 0.418s url=https://www.myfonts.com/collections/paperclip-font-paragraph/
[2026-09-26T11:17:01Z] #160 attempt=1/2 status=200 0.362s url=https://www.myfonts.com/collections/paperclip-font-paragraph/?tab=techSpecs
[2026-09-26T11:17:04Z] #161 attempt=1/2 status=200 1.658s url=https://www.myfonts.com/products/avilona-complete-family-package-1230042
[2026-09-26T11:17:07Z] #162 attempt=1/2 status=200 3.050s url=https://www.myfonts.com/collections/avilona-font-logic-type/
[2026-09-26T11:17:10Z] #163 attempt=1/2 status=200 1.767s url=https://www.myfonts.com/collections/avilona-font-logic-type/?tab=techSpecs
[2026-09-26T11:17:11Z] #164 attempt=1/2 status=200 0.319s url=https://www.myfonts.com/products/hecolle-complete-family-package-1229997
[2026-09-26T11:17:12Z] #165 attempt=1/2 status=200 0.333s url=https://www.myfonts.com/collections/hecolle-font-craft-supply-co/
[2026-09-26T11:17:13Z] #166 attempt=1/2 status=200 0.334s url=https://www.myfonts.com/collections/hecolle-font-craft-supply-co/?tab=techSpecs
[2026-09-26T11:17:14Z] #167 attempt=1/2 status=200 0.312s url=https://www.myfonts.com/products/sfc-west-paras-complete-family-package-1230035
[2026-09-26T11:17:14Z] #168 attempt=1/2 status=200 0.320s url=https://www.myfonts.com/collections/sfc-west-paras-font-skilline-fonts-co/
[2026-09-26T11:17:15Z] #169 attempt=1/2 status=200 0.302s url=https://www.myfonts.com/collections/sfc-west-paras-font-skilline-fonts-co/?tab=techSpecs
[2026-09-26T11:17:16Z] #170 attempt=1/2 status=200 0.323s url=https://www.myfonts.com/products/tartaglia-complete-family-package-1230011
[2026-09-26T11:17:17Z] #171 attempt=1/2 status=200 0.391s url=https://www.myfonts.com/collections/tartaglia-font-tini-fitriani/
[2026-09-26T11:17:17Z] #172 attempt=1/2 status=200 0.301s url=https://www.myfonts.com/collections/tartaglia-font-tini-fitriani/?tab=techSpecs
[2026-09-26T11:17:19Z] #173 attempt=1/2 status=200 0.352s url=https://www.myfonts.com/products/sfc-sortvane-complete-family-package-1230038
[2026-09-26T11:17:19Z] #174 attempt=1/2 status=200 0.341s url=https://www.myfonts.com/collections/sfc-sortvane-font-skilline-fonts-co/
[2026-09-26T11:17:20Z] #175 attempt=1/2 status=200 0.321s url=https://www.myfonts.com/collections/sfc-sortvane-font-skilline-fonts-co/?tab=techSpecs
[2026-09-26T11:17:22Z] #176 attempt=1/2 status=200 0.928s url=https://www.myfonts.com/products/sallshabilla-complete-family-package-1230696
[2026-09-26T11:17:23Z] #177 attempt=1/2 status=200 1.170s url=https://www.myfonts.com/collections/sallshabilla-font-abbastype/
[2026-09-26T11:17:24Z] #178 attempt=1/2 status=200 0.991s url=https://www.myfonts.com/collections/sallshabilla-font-abbastype/?tab=techSpecs
[2026-09-26T11:17:26Z] #179 attempt=1/2 status=200 0.384s url=https://www.myfonts.com/products/heily-complete-family-package-1230001
[2026-09-26T11:17:26Z] #180 attempt=1/2 status=200 0.332s url=https://www.myfonts.com/collections/heily-font-craft-supply-co/
[2026-09-26T11:17:27Z] #181 attempt=1/2 status=200 0.300s url=https://www.myfonts.com/collections/heily-font-craft-supply-co/?tab=techSpecs
[2026-09-26T11:17:28Z] #182 attempt=1/2 status=200 0.331s url=https://www.myfonts.com/products/revalyn-complete-family-package-1230018
[2026-09-26T11:17:29Z] #183 attempt=1/2 status=200 0.330s url=https://www.myfonts.com/collections/revalyn-font-craft-supply-co/
[2026-09-26T11:17:29Z] #184 attempt=1/2 status=200 0.310s url=https://www.myfonts.com/collections/revalyn-font-craft-supply-co/?tab=techSpecs
[2026-09-26T11:17:31Z] #185 attempt=1/2 status=200 0.634s url=https://www.myfonts.com/products/king-of-love-complete-family-package-1230614
[2026-09-26T11:17:32Z] #186 attempt=1/2 status=200 0.837s url=https://www.myfonts.com/collections/king-of-love-font-abbastype/
[2026-09-26T11:17:33Z] #187 attempt=1/2 status=200 0.724s url=https://www.myfonts.com/collections/king-of-love-font-abbastype/?tab=techSpecs
[2026-09-26T11:17:34Z] #188 attempt=1/2 status=200 0.313s url=https://www.myfonts.com/products/sfc-powen-complete-family-package-1230032
[2026-09-26T11:17:35Z] #189 attempt=1/2 status=200 0.367s url=https://www.myfonts.com/collections/sfc-powen-font-skilline-fonts-co/
[2026-09-26T11:17:36Z] #190 attempt=1/2 status=200 0.315s url=https://www.myfonts.com/collections/sfc-powen-font-skilline-fonts-co/?tab=techSpecs
[2026-09-26T11:17:37Z] #191 attempt=1/2 status=200 0.329s url=https://www.myfonts.com/products/hallory-complete-family-package-1229994
[2026-09-26T11:17:37Z] #192 attempt=1/2 status=200 0.364s url=https://www.myfonts.com/collections/hallory-font-craft-supply-co/
[2026-09-26T11:17:38Z] #193 attempt=1/2 status=200 0.302s url=https://www.myfonts.com/collections/hallory-font-craft-supply-co/?tab=techSpecs
[2026-09-26T11:17:39Z] #194 attempt=1/2 status=200 0.512s url=https://www.myfonts.com/products/krivze-hors-3202
[2026-09-26T11:17:40Z] #195 attempt=1/2 status=200 0.527s url=https://www.myfonts.com/collections/hors-font-dima-pole/
[2026-09-26T11:17:41Z] #196 attempt=1/2 status=200 0.524s url=https://www.myfonts.com/collections/hors-font-dima-pole/?tab=techSpecs
[2026-09-26T11:17:43Z] #197 attempt=1/6 status=200 0.851s url=https://www.myfonts.com/products.json?limit=100&page=15
[2026-09-26T11:17:44Z] #198 attempt=1/2 status=200 0.347s url=https://www.myfonts.com/products/bold-diagond-386576
[2026-09-26T11:17:44Z] #199 attempt=1/2 status=200 0.348s url=https://www.myfonts.com/collections/diagond-font-paragraph/
[2026-09-26T11:17:45Z] #200 attempt=1/2 status=200 0.301s url=https://www.myfonts.com/collections/diagond-font-paragraph/?tab=techSpecs
[2026-09-26T11:17:46Z] #201 attempt=1/2 status=200 0.285s url=https://www.myfonts.com/products/light-diagond-386790
[2026-09-26T11:17:46Z] #202 attempt=1/2 status=200 0.192s url=https://www.myfonts.com/collections/diagond-font-paragraph/
[2026-09-26T11:17:47Z] #203 attempt=1/2 status=200 0.200s url=https://www.myfonts.com/collections/diagond-font-paragraph/?tab=techSpecs
[2026-09-26T11:17:48Z] #204 attempt=1/2 status=200 0.396s url=https://www.myfonts.com/products/regular-kuigaf-1230030
[2026-09-26T11:17:49Z] #205 attempt=1/2 status=200 0.324s url=https://www.myfonts.com/collections/kuigaf-font-yumnacreative/
[2026-09-26T11:17:49Z] #206 attempt=1/2 status=200 0.300s url=https://www.myfonts.com/collections/kuigaf-font-yumnacreative/?tab=techSpecs
[2026-09-26T11:17:51Z] #207 attempt=1/6 status=200 0.864s url=https://www.myfonts.com/products.json?limit=100&page=16
[2026-09-26T11:17:52Z] #208 attempt=1/6 status=200 1.010s url=https://www.myfonts.com/products.json?limit=100&page=17
[2026-09-26T11:17:53Z] #209 attempt=1/2 status=200 0.318s url=https://www.myfonts.com/products/regular-blug-1229891
[2026-09-26T11:17:53Z] #210 attempt=1/2 status=200 0.316s url=https://www.myfonts.com/collections/blug-font-sundaylab/
[2026-09-26T11:17:54Z] #211 attempt=1/2 status=200 0.311s url=https://www.myfonts.com/collections/blug-font-sundaylab/?tab=techSpecs
[2026-09-26T11:17:55Z] #212 attempt=1/2 status=200 0.314s url=https://www.myfonts.com/products/regular-waldien-1230031
[2026-09-26T11:17:55Z] #213 attempt=1/2 status=200 0.338s url=https://www.myfonts.com/collections/waldien-font-rasio-studio/
[2026-09-26T11:17:56Z] #214 attempt=1/2 status=200 0.307s url=https://www.myfonts.com/collections/waldien-font-rasio-studio/?tab=techSpecs
[2026-09-26T11:17:57Z] #215 attempt=1/2 status=200 0.313s url=https://www.myfonts.com/products/regular-kimpul-enak-1230004
[2026-09-26T11:17:57Z] #216 attempt=1/2 status=200 0.332s url=https://www.myfonts.com/collections/kimpul-enak-font-twinletter/
[2026-09-26T11:17:58Z] #217 attempt=1/2 status=200 0.346s url=https://www.myfonts.com/collections/kimpul-enak-font-twinletter/?tab=techSpecs
[2026-09-26T11:17:59Z] #218 attempt=1/2 status=200 0.312s url=https://www.myfonts.com/products/regular-drome-1230022
[2026-09-26T11:18:00Z] #219 attempt=1/2 status=200 0.305s url=https://www.myfonts.com/collections/drome-font-typerasa/
[2026-09-26T11:18:00Z] #220 attempt=1/2 status=200 0.284s url=https://www.myfonts.com/collections/drome-font-typerasa/?tab=techSpecs
[2026-09-26T11:18:02Z] #221 attempt=1/6 status=200 0.742s url=https://www.myfonts.com/products.json?limit=100&page=18
[2026-09-26T11:18:02Z] #222 attempt=1/2 status=200 0.295s url=https://www.myfonts.com/products/regular-mau-kopiga-1230009
[2026-09-26T11:18:03Z] #223 attempt=1/2 status=200 0.310s url=https://www.myfonts.com/collections/mau-kopiga-font-trabas-kriya/
[2026-09-26T11:18:03Z] #224 attempt=1/2 status=200 0.277s url=https://www.myfonts.com/collections/mau-kopiga-font-trabas-kriya/?tab=techSpecs
[2026-09-26T11:18:05Z] #225 attempt=1/6 status=200 0.678s url=https://www.myfonts.com/products.json?limit=100&page=19
[2026-09-26T11:18:05Z] #226 attempt=1/2 status=200 0.319s url=https://www.myfonts.com/products/regular-guttor-1229966
[2026-09-26T11:18:06Z] #227 attempt=1/2 status=200 0.332s url=https://www.myfonts.com/collections/guttor-font-dareco-studio/
[2026-09-26T11:18:07Z] #228 attempt=1/2 status=200 0.370s url=https://www.myfonts.com/collections/guttor-font-dareco-studio/?tab=techSpecs
[2026-09-26T11:18:07Z] #229 attempt=1/2 status=200 0.313s url=https://www.myfonts.com/products/regular-angela-queensha-1230041
[2026-09-26T11:18:08Z] #230 attempt=1/2 status=200 0.307s url=https://www.myfonts.com/collections/angela-queensha-font-unitype-studio/
[2026-09-26T11:18:09Z] #231 attempt=1/2 status=200 0.304s url=https://www.myfonts.com/collections/angela-queensha-font-unitype-studio/?tab=techSpecs
[2026-09-26T11:18:10Z] #232 attempt=1/2 status=200 0.319s url=https://www.myfonts.com/products/regular-naugh-1229907
[2026-09-26T11:18:10Z] #233 attempt=1/2 status=200 0.307s url=https://www.myfonts.com/collections/naugh-font-dareco-studio/
[2026-09-26T11:18:11Z] #234 attempt=1/2 status=200 0.403s url=https://www.myfonts.com/collections/naugh-font-dareco-studio/?tab=techSpecs
[2026-09-26T11:18:12Z] #235 attempt=1/6 status=200 0.804s url=https://www.myfonts.com/products.json?limit=100&page=20
[2026-09-26T11:18:13Z] #236 attempt=1/2 status=200 0.276s url=https://www.myfonts.com/products/regular-mltp-celestial-harmony-1230028
[2026-09-26T11:18:13Z] #237 attempt=1/2 status=200 0.313s url=https://www.myfonts.com/collections/mltp-celestial-harmony-font-multype-studio/
[2026-09-26T11:18:14Z] #238 attempt=1/2 status=200 0.273s url=https://www.myfonts.com/collections/mltp-celestial-harmony-font-multype-studio/?tab=techSpecs
[2026-09-26T11:18:17Z] #239 attempt=1/6 status=200 0.828s url=https://www.myfonts.com/products.json?limit=100&page=21
[2026-09-26T11:18:18Z] #240 attempt=1/2 status=200 0.304s url=https://www.myfonts.com/products/regular-regula-siruawn-1230021
[2026-09-26T11:18:18Z] #241 attempt=1/2 status=200 0.342s url=https://www.myfonts.com/collections/siruawn-font-dgsa-type-foundry/
[2026-09-26T11:18:19Z] #242 attempt=1/2 status=200 0.246s url=https://www.myfonts.com/collections/siruawn-font-dgsa-type-foundry/?tab=techSpecs
[2026-09-26T11:18:20Z] #243 attempt=1/6 status=200 0.950s url=https://www.myfonts.com/products.json?limit=100&page=22
[2026-09-26T11:18:22Z] #244 attempt=1/6 status=200 0.809s url=https://www.myfonts.com/products.json?limit=100&page=23
[2026-09-26T11:18:22Z] #245 attempt=1/2 status=200 0.297s url=https://www.myfonts.com/products/regular-rumblepomp-1230017
[2026-09-26T11:18:23Z] #246 attempt=1/2 status=200 0.317s url=https://www.myfonts.com/collections/rumblepomp-font-zorkslide/
[2026-09-26T11:18:23Z] #247 attempt=1/2 status=200 0.254s url=https://www.myfonts.com/collections/rumblepomp-font-zorkslide/?tab=techSpecs
[2026-09-26T11:18:24Z] #248 attempt=1/2 status=200 0.288s url=https://www.myfonts.com/products/regular-glisenda-1230024
[2026-09-26T11:18:25Z] #249 attempt=1/2 status=200 0.301s url=https://www.myfonts.com/collections/glisenda-font-tower-of-babel/
[2026-09-26T11:18:25Z] #250 attempt=1/2 status=200 0.280s url=https://www.myfonts.com/collections/glisenda-font-tower-of-babel/?tab=techSpecs
[2026-09-26T11:18:26Z] #251 attempt=1/2 status=200 0.294s url=https://www.myfonts.com/products/regular-besquiat-1230023
[2026-09-26T11:18:27Z] #252 attempt=1/2 status=200 0.314s url=https://www.myfonts.com/collections/besquiat-font-tower-of-babel/
[2026-09-26T11:18:27Z] #253 attempt=1/2 status=200 0.290s url=https://www.myfonts.com/collections/besquiat-font-tower-of-babel/?tab=techSpecs
[2026-09-26T11:18:29Z] #254 attempt=1/6 status=200 0.838s url=https://www.myfonts.com/products.json?limit=100&page=24
[2026-09-26T11:18:30Z] #255 attempt=1/2 status=200 0.309s url=https://www.myfonts.com/products/tv-hors-3219
[2026-09-26T11:18:30Z] #256 attempt=1/2 status=200 0.368s url=https://www.myfonts.com/collections/hors-font-dima-pole/
[2026-09-26T11:18:31Z] #257 attempt=1/2 status=200 0.212s url=https://www.myfonts.com/collections/hors-font-dima-pole/?tab=techSpecs
[2026-09-26T11:18:32Z] #258 attempt=1/2 status=200 0.298s url=https://www.myfonts.com/products/regular-arzawa-1230029
[2026-09-26T11:18:33Z] #259 attempt=1/2 status=200 0.305s url=https://www.myfonts.com/collections/arzawa-font-dgsa-type-foundry/
[2026-09-26T11:18:33Z] #260 attempt=1/2 status=200 0.288s url=https://www.myfonts.com/collections/arzawa-font-dgsa-type-foundry/?tab=techSpecs
[2026-09-26T11:18:34Z] #261 attempt=1/2 status=200 0.272s url=https://www.myfonts.com/products/regular-morkein-1230010
[2026-09-26T11:18:35Z] #262 attempt=1/2 status=200 0.315s url=https://www.myfonts.com/collections/morkein-font-tini-fitriani/
[2026-09-26T11:18:35Z] #263 attempt=1/2 status=200 0.278s url=https://www.myfonts.com/collections/morkein-font-tini-fitriani/?tab=techSpecs
[2026-09-26T11:18:36Z] #264 attempt=1/2 status=200 0.317s url=https://www.myfonts.com/products/regular-chufela-bite-1230000
[2026-09-26T11:18:37Z] #265 attempt=1/2 status=200 0.321s url=https://www.myfonts.com/collections/chufela-bite-font-twinletter/
[2026-09-26T11:18:37Z] #266 attempt=1/2 status=200 0.280s url=https://www.myfonts.com/collections/chufela-bite-font-twinletter/?tab=techSpecs
[2026-09-26T11:18:38Z] #267 attempt=1/2 status=200 0.420s url=https://www.myfonts.com/products/regular-sonder-sans-1230612
[2026-09-26T11:18:39Z] #268 attempt=1/2 status=200 0.330s url=https://www.myfonts.com/collections/sonder-sans-font-hipfonts/
[2026-09-26T11:18:39Z] #269 attempt=1/2 status=200 0.332s url=https://www.myfonts.com/collections/sonder-sans-font-hipfonts/?tab=techSpecs
[2026-09-26T11:18:40Z] #270 attempt=1/2 status=200 0.316s url=https://www.myfonts.com/products/cosmic-astrogliph-regular-astrogliph-1230613
[2026-09-26T11:18:41Z] #271 attempt=1/2 status=200 0.325s url=https://www.myfonts.com/collections/astrogliph-font-astroglyph/
[2026-09-26T11:18:41Z] #272 attempt=1/2 status=200 0.310s url=https://www.myfonts.com/collections/astrogliph-font-astroglyph/?tab=techSpecs
[2026-09-26T11:18:42Z] #273 attempt=1/2 status=200 0.360s url=https://www.myfonts.com/products/net-blaarr-complete-family-package-1229542
[2026-09-26T11:18:43Z] #274 attempt=1/2 status=200 0.389s url=https://www.myfonts.com/collections/net-blaarr-font-casloop-studio/
[2026-09-26T11:18:43Z] #275 attempt=1/2 status=200 0.358s url=https://www.myfonts.com/collections/net-blaarr-font-casloop-studio/?tab=techSpecs
[2026-09-26T11:18:46Z] #276 attempt=1/2 status=200 1.506s url=https://www.myfonts.com/products/perupa-complete-family-package-1229552
[2026-09-26T11:18:47Z] #277 attempt=1/2 status=200 0.668s url=https://www.myfonts.com/collections/perupa-font-wahyu-sani-co/
[2026-09-26T11:18:48Z] #278 attempt=1/2 status=200 0.490s url=https://www.myfonts.com/collections/perupa-font-wahyu-sani-co/?tab=techSpecs
[2026-09-26T11:18:50Z] #279 attempt=1/2 status=200 1.592s url=https://www.myfonts.com/products/round-package-1229729
[2026-09-26T11:18:54Z] #280 attempt=1/2 status=200 3.359s url=https://www.myfonts.com/collections/gafisah-font-rotterlab-studio/
[2026-09-26T11:18:58Z] #281 attempt=1/2 status=200 2.985s url=https://www.myfonts.com/collections/gafisah-font-rotterlab-studio/?tab=techSpecs
[2026-09-26T11:19:00Z] #282 attempt=1/2 status=200 0.323s url=https://www.myfonts.com/products/wild-fragment-complete-family-package-1229488
[2026-09-26T11:19:00Z] #283 attempt=1/2 status=200 0.339s url=https://www.myfonts.com/collections/wild-fragment-font-sarid-ezra/
[2026-09-26T11:19:01Z] #284 attempt=1/2 status=200 0.340s url=https://www.myfonts.com/collections/wild-fragment-font-sarid-ezra/?tab=techSpecs
[2026-09-26T11:19:03Z] #285 attempt=1/6 status=200 0.840s url=https://www.myfonts.com/products.json?limit=100&page=25
[2026-09-26T11:19:04Z] #286 attempt=1/2 status=200 0.362s url=https://www.myfonts.com/products/gazar-complete-family-package-1229321
[2026-09-26T11:19:04Z] #287 attempt=1/2 status=200 0.441s url=https://www.myfonts.com/collections/gazar-font-md-type/
[2026-09-26T11:19:05Z] #288 attempt=1/2 status=200 0.376s url=https://www.myfonts.com/collections/gazar-font-md-type/?tab=techSpecs
[2026-09-26T11:19:06Z] #289 attempt=1/2 status=200 0.337s url=https://www.myfonts.com/products/rough-city-markers-complete-family-package-1229567
[2026-09-26T11:19:07Z] #290 attempt=1/2 status=200 0.365s url=https://www.myfonts.com/collections/rough-city-markers-font-letterena-studios/
[2026-09-26T11:19:08Z] #291 attempt=1/2 status=200 0.320s url=https://www.myfonts.com/collections/rough-city-markers-font-letterena-studios/?tab=techSpecs
[2026-09-26T11:19:09Z] #292 attempt=1/2 status=200 0.422s url=https://www.myfonts.com/products/gazpacho-standard-pack-package-1229206
[2026-09-26T11:19:10Z] #293 attempt=1/2 status=200 0.513s url=https://www.myfonts.com/collections/gazpacho-font-monotype-imaging/
[2026-09-26T11:19:10Z] #294 attempt=1/2 status=200 0.399s url=https://www.myfonts.com/collections/gazpacho-font-monotype-imaging/?tab=techSpecs
[2026-09-26T11:19:12Z] #295 attempt=1/2 status=200 0.700s url=https://www.myfonts.com/products/britanica-extended-pack-package-1229239
[2026-09-26T11:19:13Z] #296 attempt=1/2 status=200 1.137s url=https://www.myfonts.com/collections/britanica-font-monotype-imaging/
[2026-09-26T11:19:15Z] #297 attempt=1/2 status=200 1.050s url=https://www.myfonts.com/collections/britanica-font-monotype-imaging/?tab=techSpecs
[2026-09-26T11:19:16Z] #298 attempt=1/2 status=200 0.302s url=https://www.myfonts.com/products/moneta-complete-family-package-1229232
[2026-09-26T11:19:17Z] #299 attempt=1/2 status=200 0.339s url=https://www.myfonts.com/collections/moneta-font-monotype-imaging/
[2026-09-26T11:19:17Z] #300 attempt=1/2 status=200 0.363s url=https://www.myfonts.com/collections/moneta-font-monotype-imaging/?tab=techSpecs
[2026-09-26T11:19:19Z] #301 attempt=1/2 status=200 0.975s url=https://www.myfonts.com/products/verrell-complete-family-package-1229320
[2026-09-26T11:19:21Z] #302 attempt=1/2 status=200 1.640s url=https://www.myfonts.com/collections/verrell-font-abbastype/
[2026-09-26T11:19:23Z] #303 attempt=1/2 status=200 1.520s url=https://www.myfonts.com/collections/verrell-font-abbastype/?tab=techSpecs
[2026-09-26T11:19:25Z] #304 attempt=1/2 status=200 0.337s url=https://www.myfonts.com/products/nordigh-complete-family-package-1229581
[2026-09-26T11:19:25Z] #305 attempt=1/2 status=200 0.360s url=https://www.myfonts.com/collections/nordigh-italic-font-figuree-studio/
[2026-09-26T11:19:26Z] #306 attempt=1/2 status=200 0.370s url=https://www.myfonts.com/collections/nordigh-italic-font-figuree-studio/?tab=techSpecs
[2026-09-26T11:19:27Z] #307 attempt=1/2 status=200 0.314s url=https://www.myfonts.com/products/cs-asteria-complete-family-package-1229595
[2026-09-26T11:19:28Z] #308 attempt=1/2 status=200 0.356s url=https://www.myfonts.com/collections/cs-asteria-font-craft-supply-co/
[2026-09-26T11:19:29Z] #309 attempt=1/2 status=200 0.293s url=https://www.myfonts.com/collections/cs-asteria-font-craft-supply-co/?tab=techSpecs
[2026-09-26T11:19:30Z] #310 attempt=1/2 status=200 0.346s url=https://www.myfonts.com/products/moneta-sans-complete-family-package-1229223
[2026-09-26T11:19:30Z] #311 attempt=1/2 status=200 0.442s url=https://www.myfonts.com/collections/moneta-sans-font-monotype-imaging/
[2026-09-26T11:19:31Z] #312 attempt=1/2 status=200 0.364s url=https://www.myfonts.com/collections/moneta-sans-font-monotype-imaging/?tab=techSpecs
[2026-09-26T11:19:32Z] #313 attempt=1/2 status=200 0.372s url=https://www.myfonts.com/products/denz-complete-family-package-1229192
[2026-09-26T11:19:33Z] #314 attempt=1/2 status=200 0.498s url=https://www.myfonts.com/collections/denz-font-paratype/
[2026-09-26T11:19:34Z] #315 attempt=1/2 status=200 0.385s url=https://www.myfonts.com/collections/denz-font-paratype/?tab=techSpecs
[2026-09-26T11:19:35Z] #316 attempt=1/2 status=200 0.381s url=https://www.myfonts.com/products/lithos-complete-family-package-1229730
[2026-09-26T11:19:36Z] #317 attempt=1/2 status=200 0.375s url=https://www.myfonts.com/collections/lithos-font-adobe/
[2026-09-26T11:19:36Z] #318 attempt=1/2 status=200 0.341s url=https://www.myfonts.com/collections/lithos-font-adobe/?tab=techSpecs
[2026-09-26T11:19:37Z] #319 attempt=1/2 status=200 0.335s url=https://www.myfonts.com/products/aspenleigh-complete-family-package-1229391
[2026-09-26T11:19:38Z] #320 attempt=1/2 status=200 0.332s url=https://www.myfonts.com/collections/aspenleigh-font-heinzel-std/
[2026-09-26T11:19:39Z] #321 attempt=1/2 status=200 0.312s url=https://www.myfonts.com/collections/aspenleigh-font-heinzel-std/?tab=techSpecs
[2026-09-26T11:19:40Z] #322 attempt=1/2 status=200 0.302s url=https://www.myfonts.com/products/south-coven-complete-family-package-1229578
[2026-09-26T11:19:40Z] #323 attempt=1/2 status=200 0.380s url=https://www.myfonts.com/collections/south-coven-font-bale-type/
[2026-09-26T11:19:41Z] #324 attempt=1/2 status=200 0.323s url=https://www.myfonts.com/collections/south-coven-font-bale-type/?tab=techSpecs
[2026-09-26T11:19:42Z] #325 attempt=1/2 status=200 0.310s url=https://www.myfonts.com/products/cs-austria-complete-family-package-1229590
[2026-09-26T11:19:43Z] #326 attempt=1/2 status=200 0.345s url=https://www.myfonts.com/collections/cs-austria-font-craft-supply-co/
[2026-09-26T11:19:43Z] #327 attempt=1/2 status=200 0.295s url=https://www.myfonts.com/collections/cs-austria-font-craft-supply-co/?tab=techSpecs
[2026-09-26T11:19:45Z] #328 attempt=1/2 status=200 0.445s url=https://www.myfonts.com/products/crisbon-complete-family-package-1229508
[2026-09-26T11:19:46Z] #329 attempt=1/2 status=200 0.572s url=https://www.myfonts.com/collections/crisbon-font-great-studio/
[2026-09-26T11:19:46Z] #330 attempt=1/2 status=200 0.410s url=https://www.myfonts.com/collections/crisbon-font-great-studio/?tab=techSpecs
[2026-09-26T11:19:47Z] #331 attempt=1/2 status=200 0.337s url=https://www.myfonts.com/products/bellview-complete-family-package-1229533
[2026-09-26T11:19:48Z] #332 attempt=1/2 status=200 0.448s url=https://www.myfonts.com/collections/bellview-font-dora-typefoundry/
[2026-09-26T11:19:49Z] #333 attempt=1/2 status=200 0.387s url=https://www.myfonts.com/collections/bellview-font-dora-typefoundry/?tab=techSpecs
[2026-09-26T11:19:50Z] #334 attempt=1/2 status=200 0.301s url=https://www.myfonts.com/products/starlone-complete-family-package-1229584
[2026-09-26T11:19:51Z] #335 attempt=1/2 status=200 0.350s url=https://www.myfonts.com/collections/starlone-font-bale-type/
[2026-09-26T11:19:52Z] #336 attempt=1/2 status=200 0.744s url=https://www.myfonts.com/collections/starlone-font-bale-type/?tab=techSpecs
[2026-09-26T11:19:53Z] #337 attempt=1/2 status=200 0.347s url=https://www.myfonts.com/products/malta-quarelina-complete-family-package-1229530
[2026-09-26T11:19:54Z] #338 attempt=1/2 status=200 0.580s url=https://www.myfonts.com/collections/malta-quarelina-font-vermilione/
[2026-09-26T11:19:54Z] #339 attempt=1/2 status=200 0.310s url=https://www.myfonts.com/collections/malta-quarelina-font-vermilione/?tab=techSpecs
[2026-09-26T11:19:55Z] #340 attempt=1/2 status=200 0.344s url=https://www.myfonts.com/products/bendor-signature-complete-family-package-1229474
[2026-09-26T11:19:56Z] #341 attempt=1/2 status=200 0.371s url=https://www.myfonts.com/collections/bendor-signature-font-lemonthe/
[2026-09-26T11:19:57Z] #342 attempt=1/2 status=200 0.309s url=https://www.myfonts.com/collections/bendor-signature-font-lemonthe/?tab=techSpecs
[2026-09-26T11:19:58Z] #343 attempt=1/2 status=200 0.317s url=https://www.myfonts.com/products/meskaro-complete-family-package-1229548
[2026-09-26T11:19:59Z] #344 attempt=1/2 status=200 0.340s url=https://www.myfonts.com/collections/meskaro-font-timelesstype-studio/
[2026-09-26T11:19:59Z] #345 attempt=1/2 status=200 0.310s url=https://www.myfonts.com/collections/meskaro-font-timelesstype-studio/?tab=techSpecs
[2026-09-26T11:20:00Z] #346 attempt=1/2 status=200 0.329s url=https://www.myfonts.com/products/scriptique-complete-family-package-1229315
[2026-09-26T11:20:01Z] #347 attempt=1/2 status=200 0.340s url=https://www.myfonts.com/collections/scriptique-font-scriptique/
[2026-09-26T11:20:01Z] #348 attempt=1/2 status=200 0.282s url=https://www.myfonts.com/collections/scriptique-font-scriptique/?tab=techSpecs
[2026-09-26T11:20:03Z] #349 attempt=1/2 status=200 0.385s url=https://www.myfonts.com/products/arosnes-complete-family-package-1229484
[2026-09-26T11:20:03Z] #350 attempt=1/2 status=200 0.555s url=https://www.myfonts.com/collections/arosnes-font-deorde-studio/
[2026-09-26T11:20:04Z] #351 attempt=1/2 status=200 0.419s url=https://www.myfonts.com/collections/arosnes-font-deorde-studio/?tab=techSpecs
[2026-09-26T11:20:06Z] #352 attempt=1/2 status=200 0.330s url=https://www.myfonts.com/products/pelmy-know-complete-family-package-1229599
[2026-09-26T11:20:06Z] #353 attempt=1/2 status=200 0.351s url=https://www.myfonts.com/collections/pelmy-know-font-letterena-studios/
[2026-09-26T11:20:07Z] #354 attempt=1/2 status=200 0.324s url=https://www.myfonts.com/collections/pelmy-know-font-letterena-studios/?tab=techSpecs
[2026-09-26T11:20:08Z] #355 attempt=1/2 status=200 0.346s url=https://www.myfonts.com/products/gekga-complete-family-package-1229480
[2026-09-26T11:20:09Z] #356 attempt=1/2 status=200 0.354s url=https://www.myfonts.com/collections/gekga-font-illushvara/
[2026-09-26T11:20:09Z] #357 attempt=1/2 status=200 0.351s url=https://www.myfonts.com/collections/gekga-font-illushvara/?tab=techSpecs
[2026-09-26T11:20:10Z] summary releases=73 first_429=None log_file=state/myfonts_run_20260926_111356.log
[2026-09-26T11:20:10Z] saved_success_profile path=state/myfonts_success_profile.json
[2026-09-26T11:20:10Z] === MyFonts crawl end ===
