[2026-09-18T11:01:51Z] checkpoint fresh next_page=1 path=state/myfonts_crawl_checkpoint.json
[2026-09-18T11:01:51Z] === MyFonts crawl start source=myfonts ===
[2026-09-18T11:01:51Z] config max_pages=25 page_size=100 start_date=2026-09-17 end_date=2026-09-18 api_delay=0.5s detail_delay=0.2s max_debut_checks=400 max_tech_specs_checks=200 reuse_success_profile=False always_enrich_packages=True language_script_signal_mode=strong force_fresh_run=False start_page=1 browser_mode=False browser_headless=True browser_storage_state_path=state/myfonts_storage_state.json
[2026-09-18T11:01:52Z] #1 attempt=1/6 status=200 1.012s url=https://www.myfonts.com/products.json?limit=100&page=1
[2026-09-18T11:01:53Z] #2 attempt=1/2 status=200 0.601s url=https://www.myfonts.com/products/paradise-point-normal-pack-package-1226563
[2026-09-18T11:01:54Z] #3 attempt=1/2 status=200 0.914s url=https://www.myfonts.com/collections/paradise-point-font-swell-type/
[2026-09-18T11:01:56Z] #4 attempt=1/2 status=200 0.977s url=https://www.myfonts.com/collections/paradise-point-font-swell-type/?tab=techSpecs
[2026-09-18T11:01:57Z] #5 attempt=1/2 status=200 0.609s url=https://www.myfonts.com/products/limit-micro-complete-family-package-1226332
[2026-09-18T11:01:59Z] #6 attempt=1/2 status=200 0.837s url=https://www.myfonts.com/collections/limit-micro-font-bold-guys/
[2026-09-18T11:02:00Z] #7 attempt=1/2 status=200 0.918s url=https://www.myfonts.com/collections/limit-micro-font-bold-guys/?tab=techSpecs
[2026-09-18T11:02:01Z] #8 attempt=1/2 status=200 0.490s url=https://www.myfonts.com/products/hyperspace-capsule-wide-family-package-1226596
[2026-09-18T11:02:02Z] #9 attempt=1/2 status=200 0.801s url=https://www.myfonts.com/collections/hyperspace-race-capsule-font-swell-type/
[2026-09-18T11:02:03Z] #10 attempt=1/2 status=200 0.634s url=https://www.myfonts.com/collections/hyperspace-race-capsule-font-swell-type/?tab=techSpecs
[2026-09-18T11:02:04Z] #11 attempt=1/2 status=200 0.372s url=https://www.myfonts.com/products/limit-file-variable-concept-complete-family-package-1226142
[2026-09-18T11:02:05Z] #12 attempt=1/2 status=200 0.441s url=https://www.myfonts.com/collections/limit-file-variable-concept-font-bold-guys/
[2026-09-18T11:02:06Z] #13 attempt=1/2 status=200 0.424s url=https://www.myfonts.com/collections/limit-file-variable-concept-font-bold-guys/?tab=techSpecs
[2026-09-18T11:02:07Z] #14 attempt=1/2 status=200 0.462s url=https://www.myfonts.com/products/raimundo-complete-family-package-1225860
[2026-09-18T11:02:08Z] #15 attempt=1/2 status=200 0.521s url=https://www.myfonts.com/collections/raimundo-font-latinotype/
[2026-09-18T11:02:09Z] #16 attempt=1/2 status=200 0.472s url=https://www.myfonts.com/collections/raimundo-font-latinotype/?tab=techSpecs
[2026-09-18T11:02:10Z] #17 attempt=1/2 status=200 0.304s url=https://www.myfonts.com/products/limit-text-variable-concept-complete-family-package-1226164
[2026-09-18T11:02:10Z] #18 attempt=1/2 status=200 0.382s url=https://www.myfonts.com/collections/limit-text-variable-concept-font-bold-guys/
[2026-09-18T11:02:11Z] #19 attempt=1/2 status=200 0.237s url=https://www.myfonts.com/collections/limit-text-variable-concept-font-bold-guys/?tab=techSpecs
[2026-09-18T11:02:12Z] #20 attempt=1/2 status=200 0.392s url=https://www.myfonts.com/products/just-serif-complete-family-package-1226598
[2026-09-18T11:02:12Z] #21 attempt=1/2 status=200 0.475s url=https://www.myfonts.com/collections/just-serif-font-just-creative/
[2026-09-18T11:02:13Z] #22 attempt=1/2 status=200 0.480s url=https://www.myfonts.com/collections/just-serif-font-just-creative/?tab=techSpecs
[2026-09-18T11:02:14Z] #23 attempt=1/2 status=200 0.330s url=https://www.myfonts.com/products/limit-variable-concept-full-complete-family-package-1226138
[2026-09-18T11:02:15Z] #24 attempt=1/2 status=200 0.401s url=https://www.myfonts.com/collections/limit-variable-concept-full-font-bold-guys/
[2026-09-18T11:02:16Z] #25 attempt=1/2 status=200 0.379s url=https://www.myfonts.com/collections/limit-variable-concept-full-font-bold-guys/?tab=techSpecs
[2026-09-18T11:02:17Z] #26 attempt=1/2 status=200 0.792s url=https://www.myfonts.com/products/limit-text-xcompressed-package-1226442
[2026-09-18T11:02:18Z] #27 attempt=1/2 status=200 0.937s url=https://www.myfonts.com/collections/limit-text-font-bold-guys/
[2026-09-18T11:02:19Z] #28 attempt=1/2 status=200 0.303s url=https://www.myfonts.com/collections/limit-text-font-bold-guys/?tab=techSpecs
[2026-09-18T11:02:21Z] #29 attempt=1/2 status=200 0.596s url=https://www.myfonts.com/products/ador-hairline-complete-family-package-1226079
[2026-09-18T11:02:22Z] #30 attempt=1/2 status=200 0.825s url=https://www.myfonts.com/collections/ador-hairline-font-arne-freytag/
[2026-09-18T11:02:23Z] #31 attempt=1/2 status=200 0.632s url=https://www.myfonts.com/collections/ador-hairline-font-arne-freytag/?tab=techSpecs
[2026-09-18T11:02:25Z] #32 attempt=1/2 status=200 1.676s url=https://www.myfonts.com/products/vantori-complete-family-package-1226168
[2026-09-18T11:02:29Z] #33 attempt=1/2 status=200 2.966s url=https://www.myfonts.com/collections/vantori-font-stripes-studio/
[2026-09-18T11:02:33Z] #34 attempt=1/2 status=200 3.212s url=https://www.myfonts.com/collections/vantori-font-stripes-studio/?tab=techSpecs
[2026-09-18T11:02:35Z] #35 attempt=1/2 status=200 0.367s url=https://www.myfonts.com/products/esmira-complete-family-package-1226098
[2026-09-18T11:02:35Z] #36 attempt=1/2 status=200 0.420s url=https://www.myfonts.com/collections/esmira-font-dgsa-type-foundry/
[2026-09-18T11:02:36Z] #37 attempt=1/2 status=200 0.377s url=https://www.myfonts.com/collections/esmira-font-dgsa-type-foundry/?tab=techSpecs
[2026-09-18T11:02:37Z] #38 attempt=1/2 status=200 0.344s url=https://www.myfonts.com/products/limit-frwy-variable-concept-complete-family-package-1226100
[2026-09-18T11:02:38Z] #39 attempt=1/2 status=200 0.427s url=https://www.myfonts.com/collections/limit-frwy-variable-concept-font-bold-guys/
[2026-09-18T11:02:38Z] #40 attempt=1/2 status=200 0.439s url=https://www.myfonts.com/collections/limit-frwy-variable-concept-font-bold-guys/?tab=techSpecs
[2026-09-18T11:02:40Z] #41 attempt=1/2 status=200 0.370s url=https://www.myfonts.com/products/limit-micro-variable-concept-complete-family-package-1226160
[2026-09-18T11:02:40Z] #42 attempt=1/2 status=200 0.400s url=https://www.myfonts.com/collections/limit-micro-variable-concept-font-bold-guys/
[2026-09-18T11:02:41Z] #43 attempt=1/2 status=200 0.225s url=https://www.myfonts.com/collections/limit-micro-variable-concept-font-bold-guys/?tab=techSpecs
[2026-09-18T11:02:43Z] #44 attempt=1/6 status=200 0.995s url=https://www.myfonts.com/products.json?limit=100&page=2
[2026-09-18T11:02:43Z] #45 attempt=1/2 status=200 0.333s url=https://www.myfonts.com/products/light-italic-nosferatu-1226081
[2026-09-18T11:02:44Z] #46 attempt=1/2 status=200 0.353s url=https://www.myfonts.com/collections/nosferatu-font-blaze-type/
[2026-09-18T11:02:44Z] #47 attempt=1/2 status=200 0.214s url=https://www.myfonts.com/collections/nosferatu-font-blaze-type/?tab=techSpecs
[2026-09-18T11:02:46Z] #48 attempt=1/6 status=200 0.903s url=https://www.myfonts.com/products.json?limit=100&page=3
[2026-09-18T11:02:47Z] #49 attempt=1/2 status=200 0.864s url=https://www.myfonts.com/products/limit-display-condensed-package-1226533
[2026-09-18T11:02:48Z] #50 attempt=1/2 status=200 1.169s url=https://www.myfonts.com/collections/limit-display-font-bold-guys/
[2026-09-18T11:02:51Z] #51 attempt=1/2 status=200 1.326s url=https://www.myfonts.com/collections/limit-display-font-bold-guys/?tab=techSpecs
[2026-09-18T11:02:52Z] #52 attempt=1/2 status=200 0.374s url=https://www.myfonts.com/products/limit-display-variable-concept-complete-family-package-1226446
[2026-09-18T11:02:52Z] #53 attempt=1/2 status=200 0.330s url=https://www.myfonts.com/collections/limit-display-variable-concept-font-bold-guys/
[2026-09-18T11:02:53Z] #54 attempt=1/2 status=200 0.403s url=https://www.myfonts.com/collections/limit-display-variable-concept-font-bold-guys/?tab=techSpecs
[2026-09-18T11:02:55Z] #55 attempt=1/2 status=200 0.727s url=https://www.myfonts.com/products/condensed-medium-limit-frwy-1226119
[2026-09-18T11:02:56Z] #56 attempt=1/2 status=200 1.073s url=https://www.myfonts.com/collections/limit-frwy-font-bold-guys/
[2026-09-18T11:02:57Z] #57 attempt=1/2 status=200 1.038s url=https://www.myfonts.com/collections/limit-frwy-font-bold-guys/?tab=techSpecs
[2026-09-18T11:02:59Z] #58 attempt=1/6 status=200 0.829s url=https://www.myfonts.com/products.json?limit=100&page=4
[2026-09-18T11:03:00Z] #59 attempt=1/2 status=200 0.453s url=https://www.myfonts.com/products/limit-file-complete-family-package-1226146
[2026-09-18T11:03:01Z] #60 attempt=1/2 status=200 0.564s url=https://www.myfonts.com/collections/limit-file-font-bold-guys/
[2026-09-18T11:03:02Z] #61 attempt=1/2 status=200 0.582s url=https://www.myfonts.com/collections/limit-file-font-bold-guys/?tab=techSpecs
[2026-09-18T11:03:03Z] #62 attempt=1/2 status=200 0.839s url=https://www.myfonts.com/products/dtp-fty-strategycide-561256
[2026-09-18T11:03:04Z] #63 attempt=1/2 status=200 0.458s url=https://www.myfonts.com/collections/fty-strategycide-font-the-fontry/
[2026-09-18T11:03:05Z] #64 attempt=1/2 status=200 0.494s url=https://www.myfonts.com/collections/fty-strategycide-font-the-fontry/?tab=techSpecs
[2026-09-18T11:03:06Z] #65 attempt=1/2 status=200 0.395s url=https://www.myfonts.com/products/ironhorse-iron-561216
[2026-09-18T11:03:07Z] #66 attempt=1/2 status=200 0.455s url=https://www.myfonts.com/collections/iron-font-the-fontry/
[2026-09-18T11:03:07Z] #67 attempt=1/2 status=200 0.349s url=https://www.myfonts.com/collections/iron-font-the-fontry/?tab=techSpecs
[2026-09-18T11:03:08Z] #68 attempt=1/2 status=200 0.483s url=https://www.myfonts.com/products/spangle-2-bold-italic-cfb1-shielded-avenger-554647
[2026-09-18T11:03:09Z] #69 attempt=1/2 status=200 0.610s url=https://www.myfonts.com/collections/cfb1-shielded-avenger-font-the-fontry/
[2026-09-18T11:03:10Z] #70 attempt=1/2 status=200 0.558s url=https://www.myfonts.com/collections/cfb1-shielded-avenger-font-the-fontry/?tab=techSpecs
[2026-09-18T11:03:11Z] #71 attempt=1/2 status=200 0.464s url=https://www.myfonts.com/products/vortex-earth-a-d-561250
[2026-09-18T11:03:12Z] #72 attempt=1/2 status=200 0.582s url=https://www.myfonts.com/collections/earth-a-d-font-the-fontry/
[2026-09-18T11:03:13Z] #73 attempt=1/2 status=200 0.721s url=https://www.myfonts.com/collections/earth-a-d-font-the-fontry/?tab=techSpecs
[2026-09-18T11:03:14Z] #74 attempt=1/2 status=200 0.402s url=https://www.myfonts.com/products/italic-droeming-561228
[2026-09-18T11:03:15Z] #75 attempt=1/2 status=200 0.350s url=https://www.myfonts.com/collections/droeming-font-the-fontry/
[2026-09-18T11:03:15Z] #76 attempt=1/2 status=200 0.383s url=https://www.myfonts.com/collections/droeming-font-the-fontry/?tab=techSpecs
[2026-09-18T11:03:17Z] #77 attempt=1/6 status=200 0.779s url=https://www.myfonts.com/products.json?limit=100&page=5
[2026-09-18T11:03:19Z] #78 attempt=1/6 status=200 0.906s url=https://www.myfonts.com/products.json?limit=100&page=6
[2026-09-18T11:03:19Z] #79 attempt=1/2 status=200 0.376s url=https://www.myfonts.com/products/reca-luno-complete-family-package-1225849
[2026-09-18T11:03:20Z] #80 attempt=1/2 status=200 0.391s url=https://www.myfonts.com/collections/reca-luno-font-tini-fitriani/
[2026-09-18T11:03:20Z] #81 attempt=1/2 status=200 0.216s url=https://www.myfonts.com/collections/reca-luno-font-tini-fitriani/?tab=techSpecs
[2026-09-18T11:03:22Z] #82 attempt=1/2 status=200 0.907s url=https://www.myfonts.com/products/beachwood-starter-set-package-1225959
[2026-09-18T11:03:24Z] #83 attempt=1/2 status=200 1.404s url=https://www.myfonts.com/collections/beachwood-font-swell-type/
[2026-09-18T11:03:26Z] #84 attempt=1/2 status=200 1.719s url=https://www.myfonts.com/collections/beachwood-font-swell-type/?tab=techSpecs
[2026-09-18T11:03:27Z] #85 attempt=1/2 status=200 0.403s url=https://www.myfonts.com/products/mei-complete-family-package-1225586
[2026-09-18T11:03:28Z] #86 attempt=1/2 status=200 0.394s url=https://www.myfonts.com/collections/mei-font-md-type/
[2026-09-18T11:03:29Z] #87 attempt=1/2 status=200 0.404s url=https://www.myfonts.com/collections/mei-font-md-type/?tab=techSpecs
[2026-09-18T11:03:30Z] #88 attempt=1/2 status=200 0.531s url=https://www.myfonts.com/products/basic-package-1225390
[2026-09-18T11:03:31Z] #89 attempt=1/2 status=200 0.662s url=https://www.myfonts.com/collections/formis-font-dani-senso/
[2026-09-18T11:03:32Z] #90 attempt=1/2 status=200 0.672s url=https://www.myfonts.com/collections/formis-font-dani-senso/?tab=techSpecs
[2026-09-18T11:03:33Z] #91 attempt=1/2 status=200 0.414s url=https://www.myfonts.com/products/bloompy-complete-family-package-1225657
[2026-09-18T11:03:34Z] #92 attempt=1/2 status=200 0.411s url=https://www.myfonts.com/collections/bloompy-font-inkstone-typewrk/
[2026-09-18T11:03:34Z] #93 attempt=1/2 status=200 0.386s url=https://www.myfonts.com/collections/bloompy-font-inkstone-typewrk/?tab=techSpecs
[2026-09-18T11:03:36Z] #94 attempt=1/2 status=200 0.548s url=https://www.myfonts.com/products/display-package-1225627
[2026-09-18T11:03:37Z] #95 attempt=1/2 status=200 0.864s url=https://www.myfonts.com/collections/zinkraft-font-rohh/
[2026-09-18T11:03:38Z] #96 attempt=1/2 status=200 0.681s url=https://www.myfonts.com/collections/zinkraft-font-rohh/?tab=techSpecs
[2026-09-18T11:03:39Z] #97 attempt=1/2 status=200 0.353s url=https://www.myfonts.com/products/wonky-wildlings-complete-family-package-1225552
[2026-09-18T11:03:40Z] #98 attempt=1/2 status=200 0.506s url=https://www.myfonts.com/collections/wonky-wildlings-font-cocodesign/
[2026-09-18T11:03:40Z] #99 attempt=1/2 status=200 0.407s url=https://www.myfonts.com/collections/wonky-wildlings-font-cocodesign/?tab=techSpecs
[2026-09-18T11:03:42Z] #100 attempt=1/2 status=200 0.728s url=https://www.myfonts.com/products/jetlab-squeeze-family-package-1226063
[2026-09-18T11:03:43Z] #101 attempt=1/2 status=200 0.912s url=https://www.myfonts.com/collections/jetlab-font-swell-type/
[2026-09-18T11:03:45Z] #102 attempt=1/2 status=200 1.187s url=https://www.myfonts.com/collections/jetlab-font-swell-type/?tab=techSpecs
[2026-09-18T11:03:46Z] #103 attempt=1/2 status=200 0.536s url=https://www.myfonts.com/products/vtf-berezin-complete-family-package-1222981
[2026-09-18T11:03:47Z] #104 attempt=1/2 status=200 0.611s url=https://www.myfonts.com/collections/vtf-berezin-font-variable-type-foundry/
[2026-09-18T11:03:47Z] #105 attempt=1/2 status=200 0.231s url=https://www.myfonts.com/collections/vtf-berezin-font-variable-type-foundry/?tab=techSpecs
[2026-09-18T11:03:49Z] #106 attempt=1/2 status=200 0.738s url=https://www.myfonts.com/products/goodland-condensed-family-package-1226013
[2026-09-18T11:03:50Z] #107 attempt=1/2 status=200 0.923s url=https://www.myfonts.com/collections/goodland-font-swell-type/
[2026-09-18T11:03:52Z] #108 attempt=1/2 status=200 0.969s url=https://www.myfonts.com/collections/goodland-font-swell-type/?tab=techSpecs
[2026-09-18T11:03:53Z] #109 attempt=1/2 status=200 0.427s url=https://www.myfonts.com/products/senren-complete-family-package-1226068
[2026-09-18T11:03:54Z] #110 attempt=1/2 status=200 0.428s url=https://www.myfonts.com/collections/senren-font-yk-type/
[2026-09-18T11:03:55Z] #111 attempt=1/2 status=200 0.905s url=https://www.myfonts.com/collections/senren-font-yk-type/?tab=techSpecs
[2026-09-18T11:03:56Z] #112 attempt=1/2 status=200 0.390s url=https://www.myfonts.com/products/ethoris-complete-family-package-1225843
[2026-09-18T11:03:56Z] #113 attempt=1/2 status=200 0.380s url=https://www.myfonts.com/collections/ethoris-font-burntilldead/
[2026-09-18T11:03:57Z] #114 attempt=1/2 status=200 0.384s url=https://www.myfonts.com/collections/ethoris-font-burntilldead/?tab=techSpecs
[2026-09-18T11:03:58Z] #115 attempt=1/2 status=200 0.528s url=https://www.myfonts.com/products/montblack-ground-complete-family-package-1225768
[2026-09-18T11:03:59Z] #116 attempt=1/2 status=200 0.676s url=https://www.myfonts.com/collections/montblack-ground-font-unitype-studio/
[2026-09-18T11:04:00Z] #117 attempt=1/2 status=200 0.670s url=https://www.myfonts.com/collections/montblack-ground-font-unitype-studio/?tab=techSpecs
[2026-09-18T11:04:02Z] #118 attempt=1/2 status=200 0.533s url=https://www.myfonts.com/products/vioneta-sloane-complete-family-package-1225749
[2026-09-18T11:04:02Z] #119 attempt=1/2 status=200 0.571s url=https://www.myfonts.com/collections/vioneta-sloane-font-jafar07/
[2026-09-18T11:04:03Z] #120 attempt=1/2 status=200 0.240s url=https://www.myfonts.com/collections/vioneta-sloane-font-jafar07/?tab=techSpecs
[2026-09-18T11:04:05Z] #121 attempt=1/2 status=200 0.867s url=https://www.myfonts.com/products/silver-streak-starter-set-package-1225870
[2026-09-18T11:04:06Z] #122 attempt=1/2 status=200 1.439s url=https://www.myfonts.com/collections/silver-streak-font-swell-type/
[2026-09-18T11:04:08Z] #123 attempt=1/2 status=200 1.156s url=https://www.myfonts.com/collections/silver-streak-font-swell-type/?tab=techSpecs
[2026-09-18T11:04:09Z] #124 attempt=1/2 status=200 0.406s url=https://www.myfonts.com/products/waxxup-complete-family-package-1217540
[2026-09-18T11:04:10Z] #125 attempt=1/2 status=200 0.508s url=https://www.myfonts.com/collections/waxxup-font-resistenza/
[2026-09-18T11:04:11Z] #126 attempt=1/2 status=200 0.383s url=https://www.myfonts.com/collections/waxxup-font-resistenza/?tab=techSpecs
[2026-09-18T11:04:12Z] #127 attempt=1/2 status=200 0.397s url=https://www.myfonts.com/products/lazy-curls-complete-family-package-1225650
[2026-09-18T11:04:13Z] #128 attempt=1/2 status=200 0.482s url=https://www.myfonts.com/collections/lazy-curls-font-pizzadude-dk/
[2026-09-18T11:04:13Z] #129 attempt=1/2 status=200 0.275s url=https://www.myfonts.com/collections/lazy-curls-font-pizzadude-dk/?tab=techSpecs
[2026-09-18T11:04:14Z] #130 attempt=1/2 status=200 0.450s url=https://www.myfonts.com/products/gc-bustle-sans-complete-family-package-1225813
[2026-09-18T11:04:15Z] #131 attempt=1/2 status=200 0.464s url=https://www.myfonts.com/collections/gc-bustle-sans-font-onyx-studio/
[2026-09-18T11:04:16Z] #132 attempt=1/2 status=200 0.479s url=https://www.myfonts.com/collections/gc-bustle-sans-font-onyx-studio/?tab=techSpecs
[2026-09-18T11:04:17Z] #133 attempt=1/2 status=200 0.463s url=https://www.myfonts.com/products/montage-brawl-complete-family-package-1225824
[2026-09-18T11:04:18Z] #134 attempt=1/2 status=200 0.616s url=https://www.myfonts.com/collections/montage-brawl-font-unitype-studio/
[2026-09-18T11:04:19Z] #135 attempt=1/2 status=200 0.593s url=https://www.myfonts.com/collections/montage-brawl-font-unitype-studio/?tab=techSpecs
[2026-09-18T11:04:20Z] #136 attempt=1/2 status=200 0.441s url=https://www.myfonts.com/products/neu-t-complete-family-package-1224527
[2026-09-18T11:04:21Z] #137 attempt=1/2 status=200 0.461s url=https://www.myfonts.com/collections/neu-t-font-neuclique-design/
[2026-09-18T11:04:21Z] #138 attempt=1/2 status=200 0.372s url=https://www.myfonts.com/collections/neu-t-font-neuclique-design/?tab=techSpecs
[2026-09-18T11:04:23Z] #139 attempt=1/2 status=200 0.494s url=https://www.myfonts.com/products/gonya-complete-family-package-1225787
[2026-09-18T11:04:23Z] #140 attempt=1/2 status=200 0.594s url=https://www.myfonts.com/collections/gonya-font-dareco-studio/
[2026-09-18T11:04:24Z] #141 attempt=1/2 status=200 0.512s url=https://www.myfonts.com/collections/gonya-font-dareco-studio/?tab=techSpecs
[2026-09-18T11:04:26Z] #142 attempt=1/2 status=200 1.380s url=https://www.myfonts.com/products/azelith-complete-family-package-1226075
[2026-09-18T11:04:29Z] #143 attempt=1/2 status=200 2.072s url=https://www.myfonts.com/collections/azelith-font-nia-typework/
[2026-09-18T11:04:32Z] #144 attempt=1/2 status=200 2.034s url=https://www.myfonts.com/collections/azelith-font-nia-typework/?tab=techSpecs
[2026-09-18T11:04:33Z] #145 attempt=1/2 status=200 0.652s url=https://www.myfonts.com/products/thornwood-starter-set-package-1225960
[2026-09-18T11:04:35Z] #146 attempt=1/2 status=200 0.964s url=https://www.myfonts.com/collections/thornwood-font-swell-type/
[2026-09-18T11:04:35Z] #147 attempt=1/2 status=200 0.244s url=https://www.myfonts.com/collections/thornwood-font-swell-type/?tab=techSpecs
[2026-09-18T11:04:36Z] #148 attempt=1/2 status=200 0.365s url=https://www.myfonts.com/products/dreamy-holiday-complete-family-package-1225853
[2026-09-18T11:04:37Z] #149 attempt=1/2 status=200 0.438s url=https://www.myfonts.com/collections/dreamy-holiday-font-abbasy-studio/
[2026-09-18T11:04:38Z] #150 attempt=1/2 status=200 0.354s url=https://www.myfonts.com/collections/dreamy-holiday-font-abbasy-studio/?tab=techSpecs
[2026-09-18T11:04:39Z] #151 attempt=1/2 status=200 0.526s url=https://www.myfonts.com/products/cadge-sans-complete-family-package-1225631
[2026-09-18T11:04:40Z] #152 attempt=1/2 status=200 0.476s url=https://www.myfonts.com/collections/cadge-sans-font-sealoung/
[2026-09-18T11:04:40Z] #153 attempt=1/2 status=200 0.242s url=https://www.myfonts.com/collections/cadge-sans-font-sealoung/?tab=techSpecs
[2026-09-18T11:04:41Z] #154 attempt=1/2 status=200 0.387s url=https://www.myfonts.com/products/gc-roxane-complete-family-package-1225807
[2026-09-18T11:04:42Z] #155 attempt=1/2 status=200 0.435s url=https://www.myfonts.com/collections/gc-roxane-font-onyx-studio/
[2026-09-18T11:04:43Z] #156 attempt=1/2 status=200 0.378s url=https://www.myfonts.com/collections/gc-roxane-font-onyx-studio/?tab=techSpecs
[2026-09-18T11:04:44Z] #157 attempt=1/2 status=200 0.407s url=https://www.myfonts.com/products/brikton-slab-complete-family-package-1225556
[2026-09-18T11:04:45Z] #158 attempt=1/2 status=200 0.459s url=https://www.myfonts.com/collections/brikton-slab-font-glyphofik-type/
[2026-09-18T11:04:45Z] #159 attempt=1/2 status=200 0.214s url=https://www.myfonts.com/collections/brikton-slab-font-glyphofik-type/?tab=techSpecs
[2026-09-18T11:04:47Z] #160 attempt=1/6 status=200 1.007s url=https://www.myfonts.com/products.json?limit=100&page=7
[2026-09-18T11:04:48Z] #161 attempt=1/2 status=200 0.326s url=https://www.myfonts.com/products/regular-riot-rages-1224880
[2026-09-18T11:04:48Z] #162 attempt=1/2 status=200 0.325s url=https://www.myfonts.com/collections/riot-rages-font-gassstype/
[2026-09-18T11:04:49Z] #163 attempt=1/2 status=200 0.314s url=https://www.myfonts.com/collections/riot-rages-font-gassstype/?tab=techSpecs
[2026-09-18T11:04:50Z] #164 attempt=1/2 status=200 0.384s url=https://www.myfonts.com/products/regular-toraku-1225857
[2026-09-18T11:04:50Z] #165 attempt=1/2 status=200 0.341s url=https://www.myfonts.com/collections/toraku-font-hipfonts/
[2026-09-18T11:04:51Z] #166 attempt=1/2 status=200 0.365s url=https://www.myfonts.com/collections/toraku-font-hipfonts/?tab=techSpecs
[2026-09-18T11:04:52Z] #167 attempt=1/2 status=200 0.370s url=https://www.myfonts.com/products/bold-genoid-1224879
[2026-09-18T11:04:52Z] #168 attempt=1/2 status=200 0.306s url=https://www.myfonts.com/collections/genoid-font-limitype/
[2026-09-18T11:04:53Z] #169 attempt=1/2 status=200 0.493s url=https://www.myfonts.com/collections/genoid-font-limitype/?tab=techSpecs
[2026-09-18T11:04:54Z] #170 attempt=1/2 status=200 0.343s url=https://www.myfonts.com/products/regular-majesty-rosaria-1224871
[2026-09-18T11:04:54Z] #171 attempt=1/2 status=200 0.388s url=https://www.myfonts.com/collections/majesty-rosaria-font-alit-design/
[2026-09-18T11:04:55Z] #172 attempt=1/2 status=200 0.347s url=https://www.myfonts.com/collections/majesty-rosaria-font-alit-design/?tab=techSpecs
[2026-09-18T11:04:56Z] #173 attempt=1/2 status=200 0.339s url=https://www.myfonts.com/products/regular-broken-prints-1224886
[2026-09-18T11:04:57Z] #174 attempt=1/2 status=200 0.344s url=https://www.myfonts.com/collections/broken-prints-font-bale-type/
[2026-09-18T11:04:57Z] #175 attempt=1/2 status=200 0.202s url=https://www.myfonts.com/collections/broken-prints-font-bale-type/?tab=techSpecs
[2026-09-18T11:04:58Z] #176 attempt=1/2 status=200 0.354s url=https://www.myfonts.com/products/regular-dela-fomigo-1224878
[2026-09-18T11:04:58Z] #177 attempt=1/2 status=200 0.375s url=https://www.myfonts.com/collections/dela-fomigo-font-black-junst/
[2026-09-18T11:04:59Z] #178 attempt=1/2 status=200 0.377s url=https://www.myfonts.com/collections/dela-fomigo-font-black-junst/?tab=techSpecs
[2026-09-18T11:05:01Z] #179 attempt=1/6 status=200 0.877s url=https://www.myfonts.com/products.json?limit=100&page=8
[2026-09-18T11:05:01Z] #180 attempt=1/2 status=200 0.406s url=https://www.myfonts.com/products/regular-gruiby-1225654
[2026-09-18T11:05:02Z] #181 attempt=1/2 status=200 0.406s url=https://www.myfonts.com/collections/gruiby-font-letterhanna-studio/
[2026-09-18T11:05:03Z] #182 attempt=1/2 status=200 0.336s url=https://www.myfonts.com/collections/gruiby-font-letterhanna-studio/?tab=techSpecs
[2026-09-18T11:05:04Z] #183 attempt=1/2 status=200 0.436s url=https://www.myfonts.com/products/regular-shores-1225656
[2026-09-18T11:05:04Z] #184 attempt=1/2 status=200 0.324s url=https://www.myfonts.com/collections/shores-font-yumnacreative/
[2026-09-18T11:05:05Z] #185 attempt=1/2 status=200 0.220s url=https://www.myfonts.com/collections/shores-font-yumnacreative/?tab=techSpecs
[2026-09-18T11:05:06Z] #186 attempt=1/6 status=200 0.873s url=https://www.myfonts.com/products.json?limit=100&page=9
[2026-09-18T11:05:07Z] #187 attempt=1/2 status=200 0.376s url=https://www.myfonts.com/products/regular-bone-dust-1225653
[2026-09-18T11:05:08Z] #188 attempt=1/2 status=200 0.396s url=https://www.myfonts.com/collections/bone-dust-font-seemly-fonts/
[2026-09-18T11:05:08Z] #189 attempt=1/2 status=200 0.205s url=https://www.myfonts.com/collections/bone-dust-font-seemly-fonts/?tab=techSpecs
[2026-09-18T11:05:09Z] #190 attempt=1/2 status=200 0.315s url=https://www.myfonts.com/products/variable-bailon-variable-1225660
[2026-09-18T11:05:09Z] #191 attempt=1/2 status=200 0.336s url=https://www.myfonts.com/collections/bailon-variable-font-zafira-type/
[2026-09-18T11:05:10Z] #192 attempt=1/2 status=200 0.336s url=https://www.myfonts.com/collections/bailon-variable-font-zafira-type/?tab=techSpecs
[2026-09-18T11:05:11Z] #193 attempt=1/2 status=200 0.290s url=https://www.myfonts.com/products/regular-sunny-dinner-1224870
[2026-09-18T11:05:11Z] #194 attempt=1/2 status=200 0.366s url=https://www.myfonts.com/collections/sunny-dinner-font-wyarecreatype/
[2026-09-18T11:05:12Z] #195 attempt=1/2 status=200 0.342s url=https://www.myfonts.com/collections/sunny-dinner-font-wyarecreatype/?tab=techSpecs
[2026-09-18T11:05:13Z] #196 attempt=1/2 status=200 0.362s url=https://www.myfonts.com/products/regular-new-drunken-master-1224881
[2026-09-18T11:05:13Z] #197 attempt=1/2 status=200 0.363s url=https://www.myfonts.com/collections/new-drunken-master-font-woodcutter/
[2026-09-18T11:05:14Z] #198 attempt=1/2 status=200 0.262s url=https://www.myfonts.com/collections/new-drunken-master-font-woodcutter/?tab=techSpecs
[2026-09-18T11:05:15Z] #199 attempt=1/2 status=200 0.387s url=https://www.myfonts.com/products/regular-anitty-1224887
[2026-09-18T11:05:15Z] #200 attempt=1/2 status=200 0.363s url=https://www.myfonts.com/collections/anitty-font-gassstype/
[2026-09-18T11:05:16Z] #201 attempt=1/2 status=200 0.217s url=https://www.myfonts.com/collections/anitty-font-gassstype/?tab=techSpecs
[2026-09-18T11:05:17Z] #202 attempt=1/2 status=200 0.381s url=https://www.myfonts.com/products/regular-silken-luxe-1224882
[2026-09-18T11:05:17Z] #203 attempt=1/2 status=200 0.392s url=https://www.myfonts.com/collections/silken-luxe-font-bale-type/
[2026-09-18T11:05:18Z] #204 attempt=1/2 status=200 0.441s url=https://www.myfonts.com/collections/silken-luxe-font-bale-type/?tab=techSpecs
[2026-09-18T11:05:19Z] #205 attempt=1/2 status=200 0.399s url=https://www.myfonts.com/products/regular-caffella-1225856
[2026-09-18T11:05:20Z] #206 attempt=1/2 status=200 0.397s url=https://www.myfonts.com/collections/caffella-font-epiclinez/
[2026-09-18T11:05:20Z] #207 attempt=1/2 status=200 0.394s url=https://www.myfonts.com/collections/caffella-font-epiclinez/?tab=techSpecs
[2026-09-18T11:05:22Z] #208 attempt=1/6 status=200 0.910s url=https://www.myfonts.com/products.json?limit=100&page=10
[2026-09-18T11:05:23Z] #209 attempt=1/2 status=200 0.427s url=https://www.myfonts.com/products/regular-mltp-acromes-1225655
[2026-09-18T11:05:23Z] #210 attempt=1/2 status=200 0.360s url=https://www.myfonts.com/collections/mltp-acromes-font-multype-studio/
[2026-09-18T11:05:24Z] #211 attempt=1/2 status=200 0.356s url=https://www.myfonts.com/collections/mltp-acromes-font-multype-studio/?tab=techSpecs
[2026-09-18T11:05:25Z] #212 attempt=1/2 status=200 0.472s url=https://www.myfonts.com/products/regular-monstrous-1225567
[2026-09-18T11:05:26Z] #213 attempt=1/2 status=200 0.631s url=https://www.myfonts.com/collections/monstrous-font-alpercakici/
[2026-09-18T11:05:27Z] #214 attempt=1/2 status=200 0.896s url=https://www.myfonts.com/products/supertype-font-bundle-package-678866
[2026-09-18T11:05:28Z] #215 attempt=1/2 status=404 0.341s url=https://www.myfonts.com/collections/supertype-font-bundle-font-hafishidayat
[2026-09-18T11:05:28Z] #216 attempt=1/2 status=200 0.407s url=https://www.myfonts.com/products/regular-please-scared-1225848
[2026-09-18T11:05:29Z] #217 attempt=1/2 status=200 0.377s url=https://www.myfonts.com/collections/please-scared-font-tini-fitriani/
[2026-09-18T11:05:29Z] #218 attempt=1/2 status=200 0.363s url=https://www.myfonts.com/collections/please-scared-font-tini-fitriani/?tab=techSpecs
[2026-09-18T11:05:30Z] #219 attempt=1/2 status=200 0.371s url=https://www.myfonts.com/products/regular-quicktor-1225847
[2026-09-18T11:05:31Z] #220 attempt=1/2 status=200 0.413s url=https://www.myfonts.com/collections/quicktor-font-dareco-studio/
[2026-09-18T11:05:31Z] #221 attempt=1/2 status=200 0.219s url=https://www.myfonts.com/collections/quicktor-font-dareco-studio/?tab=techSpecs
[2026-09-18T11:05:32Z] #222 attempt=1/2 status=200 0.414s url=https://www.myfonts.com/products/regular-paipu-1225852
[2026-09-18T11:05:33Z] #223 attempt=1/2 status=200 0.429s url=https://www.myfonts.com/collections/paipu-font-facetype/
[2026-09-18T11:05:34Z] #224 attempt=1/2 status=200 0.391s url=https://www.myfonts.com/collections/paipu-font-facetype/?tab=techSpecs
[2026-09-18T11:05:34Z] #225 attempt=1/2 status=200 0.334s url=https://www.myfonts.com/products/regular-kuro-spirit-1225859
[2026-09-18T11:05:35Z] #226 attempt=1/2 status=200 0.355s url=https://www.myfonts.com/collections/kuro-spirit-font-hipfonts/
[2026-09-18T11:05:36Z] #227 attempt=1/2 status=200 0.372s url=https://www.myfonts.com/collections/kuro-spirit-font-hipfonts/?tab=techSpecs
[2026-09-18T11:05:37Z] #228 attempt=1/2 status=200 0.354s url=https://www.myfonts.com/products/regular-purgo-1225806
[2026-09-18T11:05:37Z] #229 attempt=1/2 status=200 0.369s url=https://www.myfonts.com/collections/purgo-font-drizy-font/
[2026-09-18T11:05:38Z] #230 attempt=1/2 status=200 0.336s url=https://www.myfonts.com/collections/purgo-font-drizy-font/?tab=techSpecs
[2026-09-18T11:05:39Z] #231 attempt=1/2 status=200 0.349s url=https://www.myfonts.com/products/regular-oakthorn-1225858
[2026-09-18T11:05:39Z] #232 attempt=1/2 status=200 0.352s url=https://www.myfonts.com/collections/oakthorn-font-hipfonts/
[2026-09-18T11:05:40Z] #233 attempt=1/2 status=200 0.329s url=https://www.myfonts.com/collections/oakthorn-font-hipfonts/?tab=techSpecs
[2026-09-18T11:05:41Z] #234 attempt=1/2 status=200 0.315s url=https://www.myfonts.com/products/regular-blissful-night-1225748
[2026-09-18T11:05:41Z] #235 attempt=1/2 status=200 0.419s url=https://www.myfonts.com/collections/blissful-night-font-gassstype/
[2026-09-18T11:05:42Z] #236 attempt=1/2 status=200 0.427s url=https://www.myfonts.com/collections/blissful-night-font-gassstype/?tab=techSpecs
[2026-09-18T11:05:43Z] #237 attempt=1/2 status=200 0.455s url=https://www.myfonts.com/products/bold-skin-package-package-1225747
[2026-09-18T11:05:44Z] #238 attempt=1/2 status=200 0.525s url=https://www.myfonts.com/collections/sx-liberate-font-sixtype-foundry/
[2026-09-18T11:05:44Z] #239 attempt=1/2 status=200 0.439s url=https://www.myfonts.com/collections/sx-liberate-font-sixtype-foundry/?tab=techSpecs
[2026-09-18T11:05:46Z] #240 attempt=1/2 status=200 0.868s url=https://www.myfonts.com/products/rosediga-complete-family-package-1225662
[2026-09-18T11:05:48Z] #241 attempt=1/2 status=200 1.230s url=https://www.myfonts.com/collections/rosediga-font-creatorism/
[2026-09-18T11:05:49Z] #242 attempt=1/2 status=200 1.099s url=https://www.myfonts.com/collections/rosediga-font-creatorism/?tab=techSpecs
[2026-09-18T11:05:51Z] #243 attempt=1/6 status=200 0.988s url=https://www.myfonts.com/products.json?limit=100&page=11
[2026-09-18T11:05:52Z] #244 attempt=1/2 status=200 0.333s url=https://www.myfonts.com/products/regular-peche-1225737
[2026-09-18T11:05:52Z] #245 attempt=1/2 status=200 0.402s url=https://www.myfonts.com/collections/peche-font-letterzep-studio/
[2026-09-18T11:05:53Z] #246 attempt=1/2 status=200 0.207s url=https://www.myfonts.com/collections/peche-font-letterzep-studio/?tab=techSpecs
[2026-09-18T11:05:54Z] #247 attempt=1/2 status=200 0.332s url=https://www.myfonts.com/products/regular-mltp-roxaline-1225736
[2026-09-18T11:05:54Z] #248 attempt=1/2 status=200 0.404s url=https://www.myfonts.com/collections/mltp-roxaline-font-multype-studio/
[2026-09-18T11:05:55Z] #249 attempt=1/2 status=200 0.203s url=https://www.myfonts.com/collections/mltp-roxaline-font-multype-studio/?tab=techSpecs
[2026-09-18T11:05:56Z] #250 attempt=1/2 status=200 0.309s url=https://www.myfonts.com/products/elimost-regular-elimost-1225735
[2026-09-18T11:05:56Z] #251 attempt=1/2 status=200 0.328s url=https://www.myfonts.com/collections/elimost-font-flawlessandco/
[2026-09-18T11:05:57Z] #252 attempt=1/2 status=200 0.356s url=https://www.myfonts.com/collections/elimost-font-flawlessandco/?tab=techSpecs
[2026-09-18T11:05:58Z] #253 attempt=1/2 status=200 0.349s url=https://www.myfonts.com/products/regular-alsond-1225661
[2026-09-18T11:05:58Z] #254 attempt=1/2 status=200 0.345s url=https://www.myfonts.com/collections/alsond-font-dareco-studio/
[2026-09-18T11:05:59Z] #255 attempt=1/2 status=200 0.401s url=https://www.myfonts.com/collections/alsond-font-dareco-studio/?tab=techSpecs
[2026-09-18T11:06:00Z] #256 attempt=1/2 status=200 0.430s url=https://www.myfonts.com/products/regular-street-flow-1225595
[2026-09-18T11:06:01Z] #257 attempt=1/2 status=200 0.422s url=https://www.myfonts.com/collections/street-flow-font-woodcutter/
[2026-09-18T11:06:01Z] #258 attempt=1/2 status=200 0.372s url=https://www.myfonts.com/collections/street-flow-font-woodcutter/?tab=techSpecs
[2026-09-18T11:06:02Z] #259 attempt=1/2 status=200 0.325s url=https://www.myfonts.com/products/regular-rogin-1225594
[2026-09-18T11:06:03Z] #260 attempt=1/2 status=200 0.482s url=https://www.myfonts.com/collections/rogin-font-dareco-studio/
[2026-09-18T11:06:04Z] #261 attempt=1/2 status=200 0.473s url=https://www.myfonts.com/collections/rogin-font-dareco-studio/?tab=techSpecs
[2026-09-18T11:06:04Z] #262 attempt=1/2 status=200 0.354s url=https://www.myfonts.com/products/regular-boom-tags-1225593
[2026-09-18T11:06:05Z] #263 attempt=1/2 status=200 0.451s url=https://www.myfonts.com/collections/boom-tags-font-gassstype/
[2026-09-18T11:06:06Z] #264 attempt=1/2 status=200 0.221s url=https://www.myfonts.com/collections/boom-tags-font-gassstype/?tab=techSpecs
[2026-09-18T11:06:06Z] #265 attempt=1/2 status=200 0.352s url=https://www.myfonts.com/products/regular-gred-menzy-1225592
[2026-09-18T11:06:07Z] #266 attempt=1/2 status=200 0.480s url=https://www.myfonts.com/collections/gred-menzy-font-black-junst/
[2026-09-18T11:06:08Z] #267 attempt=1/2 status=200 0.419s url=https://www.myfonts.com/collections/gred-menzy-font-black-junst/?tab=techSpecs
[2026-09-18T11:06:09Z] #268 attempt=1/2 status=200 0.329s url=https://www.myfonts.com/products/solid-balaur-1225585
[2026-09-18T11:06:09Z] #269 attempt=1/2 status=200 0.365s url=https://www.myfonts.com/collections/balaur-font-the-ampersand-forest/
[2026-09-18T11:06:10Z] #270 attempt=1/2 status=200 0.345s url=https://www.myfonts.com/collections/balaur-font-the-ampersand-forest/?tab=techSpecs
[2026-09-18T11:06:12Z] #271 attempt=1/6 status=200 0.951s url=https://www.myfonts.com/products.json?limit=100&page=12
[2026-09-18T11:06:12Z] #272 attempt=1/2 status=200 0.446s url=https://www.myfonts.com/products/kind-hangul-complete-family-package-1225398
[2026-09-18T11:06:13Z] #273 attempt=1/2 status=200 0.459s url=https://www.myfonts.com/collections/kind-hangul-font-attype-studio/
[2026-09-18T11:06:14Z] #274 attempt=1/2 status=200 0.541s url=https://www.myfonts.com/collections/kind-hangul-font-attype-studio/?tab=techSpecs
[2026-09-18T11:06:15Z] #275 attempt=1/2 status=200 0.397s url=https://www.myfonts.com/products/ot-magnet-mono-complete-family-package-1225475
[2026-09-18T11:06:16Z] #276 attempt=1/2 status=200 0.510s url=https://www.myfonts.com/collections/ot-magnet-mono-font-oz-design/
[2026-09-18T11:06:17Z] #277 attempt=1/2 status=200 0.462s url=https://www.myfonts.com/collections/ot-magnet-mono-font-oz-design/?tab=techSpecs
[2026-09-18T11:06:18Z] #278 attempt=1/2 status=200 0.975s url=https://www.myfonts.com/products/sogreth-complete-family-package-1224733
[2026-09-18T11:06:20Z] #279 attempt=1/2 status=200 1.221s url=https://www.myfonts.com/collections/sogreth-font-existype/
[2026-09-18T11:06:22Z] #280 attempt=1/2 status=200 1.191s url=https://www.myfonts.com/collections/sogreth-font-existype/?tab=techSpecs
[2026-09-18T11:06:23Z] #281 attempt=1/2 status=200 0.402s url=https://www.myfonts.com/products/tfc-fragile-complete-family-package-1224932
[2026-09-18T11:06:24Z] #282 attempt=1/2 status=200 0.433s url=https://www.myfonts.com/collections/tfc-fragile-font-typeflock/
[2026-09-18T11:06:24Z] #283 attempt=1/2 status=200 0.495s url=https://www.myfonts.com/collections/tfc-fragile-font-typeflock/?tab=techSpecs
[2026-09-18T11:06:25Z] #284 attempt=1/2 status=200 0.370s url=https://www.myfonts.com/products/vielotta-serif-complete-family-package-1225395
[2026-09-18T11:06:26Z] #285 attempt=1/2 status=200 0.402s url=https://www.myfonts.com/collections/vielotta-serif-font-amorfa-type/
[2026-09-18T11:06:27Z] #286 attempt=1/2 status=200 0.411s url=https://www.myfonts.com/collections/vielotta-serif-font-amorfa-type/?tab=techSpecs
[2026-09-18T11:06:28Z] #287 attempt=1/2 status=200 0.370s url=https://www.myfonts.com/products/goverda-complete-family-package-1225472
[2026-09-18T11:06:28Z] #288 attempt=1/2 status=200 0.396s url=https://www.myfonts.com/collections/goverda-font-font-liner/
[2026-09-18T11:06:29Z] #289 attempt=1/2 status=200 0.369s url=https://www.myfonts.com/collections/goverda-font-font-liner/?tab=techSpecs
[2026-09-18T11:06:30Z] #290 attempt=1/2 status=200 0.362s url=https://www.myfonts.com/products/recoils-complete-family-package-1224730
[2026-09-18T11:06:31Z] #291 attempt=1/2 status=200 0.377s url=https://www.myfonts.com/collections/recoils-font-zaain-type/
[2026-09-18T11:06:32Z] #292 attempt=1/2 status=200 0.401s url=https://www.myfonts.com/collections/recoils-font-zaain-type/?tab=techSpecs
[2026-09-18T11:06:33Z] #293 attempt=1/2 status=200 0.505s url=https://www.myfonts.com/products/serifant-complete-family-package-1224920
[2026-09-18T11:06:34Z] #294 attempt=1/2 status=200 0.568s url=https://www.myfonts.com/collections/serifant-font-lettertype-studio/
[2026-09-18T11:06:34Z] #295 attempt=1/2 status=200 0.568s url=https://www.myfonts.com/collections/serifant-font-lettertype-studio/?tab=techSpecs
[2026-09-18T11:06:35Z] #296 attempt=1/2 status=200 0.374s url=https://www.myfonts.com/products/kiava-complete-family-package-1225392
[2026-09-18T11:06:36Z] #297 attempt=1/2 status=200 0.361s url=https://www.myfonts.com/collections/kiava-font-salamahtype/
[2026-09-18T11:06:37Z] #298 attempt=1/2 status=200 0.379s url=https://www.myfonts.com/collections/kiava-font-salamahtype/?tab=techSpecs
[2026-09-18T11:06:38Z] #299 attempt=1/2 status=200 0.533s url=https://www.myfonts.com/products/copo-copo-complete-family-package-1224900
[2026-09-18T11:06:39Z] #300 attempt=1/2 status=200 0.571s url=https://www.myfonts.com/collections/copo-copo-font-casloop-studio/
[2026-09-18T11:06:40Z] #301 attempt=1/2 status=200 0.606s url=https://www.myfonts.com/collections/copo-copo-font-casloop-studio/?tab=techSpecs
[2026-09-18T11:06:41Z] #302 attempt=1/2 status=200 0.567s url=https://www.myfonts.com/products/nerro-complete-family-package-1225455
[2026-09-18T11:06:42Z] #303 attempt=1/2 status=200 0.576s url=https://www.myfonts.com/collections/nerro-font-pictranoosa/
[2026-09-18T11:06:43Z] #304 attempt=1/2 status=200 0.687s url=https://www.myfonts.com/collections/nerro-font-pictranoosa/?tab=techSpecs
[2026-09-18T11:06:44Z] #305 attempt=1/2 status=200 0.378s url=https://www.myfonts.com/products/fedgloya-complete-family-package-1224708
[2026-09-18T11:06:45Z] #306 attempt=1/2 status=200 0.358s url=https://www.myfonts.com/collections/fedgloya-font-rvandtype/
[2026-09-18T11:06:45Z] #307 attempt=1/2 status=200 0.353s url=https://www.myfonts.com/collections/fedgloya-font-rvandtype/?tab=techSpecs
[2026-09-18T11:06:48Z] #308 attempt=1/2 status=200 1.983s url=https://www.myfonts.com/products/be-part-estetic-package-1225379
[2026-09-18T11:06:51Z] #309 attempt=1/2 status=200 2.776s url=https://www.myfonts.com/collections/be-part-font-groenstudio/
[2026-09-18T11:06:57Z] #310 attempt=1/2 status=200 4.290s url=https://www.myfonts.com/collections/be-part-font-groenstudio/?tab=techSpecs
[2026-09-18T11:06:59Z] #311 attempt=1/2 status=200 0.400s url=https://www.myfonts.com/products/aera-condensed-complete-family-package-1225440
[2026-09-18T11:07:00Z] #312 attempt=1/2 status=200 0.544s url=https://www.myfonts.com/collections/aera-condensed-font-md-type/
[2026-09-18T11:07:01Z] #313 attempt=1/2 status=200 0.598s url=https://www.myfonts.com/collections/aera-condensed-font-md-type/?tab=techSpecs
[2026-09-18T11:07:02Z] #314 attempt=1/2 status=200 0.387s url=https://www.myfonts.com/products/murisa-suchtelen-complete-family-package-1224704
[2026-09-18T11:07:03Z] #315 attempt=1/2 status=200 0.463s url=https://www.myfonts.com/collections/murisa-suchtelen-font-murisa-studio/
[2026-09-18T11:07:03Z] #316 attempt=1/2 status=200 0.415s url=https://www.myfonts.com/collections/murisa-suchtelen-font-murisa-studio/?tab=techSpecs
[2026-09-18T11:07:04Z] #317 attempt=1/2 status=200 0.338s url=https://www.myfonts.com/products/brain-eater-complete-family-package-1224883
[2026-09-18T11:07:05Z] #318 attempt=1/2 status=200 0.363s url=https://www.myfonts.com/collections/brain-eater-font-bale-type/
[2026-09-18T11:07:06Z] #319 attempt=1/2 status=200 0.401s url=https://www.myfonts.com/collections/brain-eater-font-bale-type/?tab=techSpecs
[2026-09-18T11:07:07Z] #320 attempt=1/2 status=200 0.477s url=https://www.myfonts.com/products/bombehond-1993-complete-family-package-1225532
[2026-09-18T11:07:08Z] #321 attempt=1/2 status=200 0.551s url=https://www.myfonts.com/collections/bombehond-1993-font-owl-king-project/
[2026-09-18T11:07:09Z] #322 attempt=1/2 status=200 0.531s url=https://www.myfonts.com/collections/bombehond-1993-font-owl-king-project/?tab=techSpecs
[2026-09-18T11:07:10Z] #323 attempt=1/2 status=200 0.464s url=https://www.myfonts.com/products/aera-complete-family-package-1225429
[2026-09-18T11:07:11Z] #324 attempt=1/2 status=200 0.506s url=https://www.myfonts.com/collections/aera-font-md-type/
[2026-09-18T11:07:11Z] #325 attempt=1/2 status=200 0.544s url=https://www.myfonts.com/collections/aera-font-md-type/?tab=techSpecs
[2026-09-18T11:07:13Z] #326 attempt=1/2 status=200 1.070s url=https://www.myfonts.com/products/lunaverac-complete-family-package-1224613
[2026-09-18T11:07:15Z] #327 attempt=1/2 status=200 1.558s url=https://www.myfonts.com/collections/lunaverac-font-weformera-studio/
[2026-09-18T11:07:17Z] #328 attempt=1/2 status=200 1.232s url=https://www.myfonts.com/collections/lunaverac-font-weformera-studio/?tab=techSpecs
[2026-09-18T11:07:18Z] #329 attempt=1/2 status=200 0.384s url=https://www.myfonts.com/products/kiku-complete-family-package-1224872
[2026-09-18T11:07:19Z] #330 attempt=1/2 status=200 0.406s url=https://www.myfonts.com/collections/kiku-font-md-type/
[2026-09-18T11:07:19Z] #331 attempt=1/2 status=200 0.225s url=https://www.myfonts.com/collections/kiku-font-md-type/?tab=techSpecs
[2026-09-18T11:07:20Z] #332 attempt=1/2 status=200 0.342s url=https://www.myfonts.com/products/bouncy-bites-complete-family-package-1225062
[2026-09-18T11:07:21Z] #333 attempt=1/2 status=200 0.465s url=https://www.myfonts.com/collections/bouncy-bites-font-salamahtype/
[2026-09-18T11:07:22Z] #334 attempt=1/2 status=200 0.367s url=https://www.myfonts.com/collections/bouncy-bites-font-salamahtype/?tab=techSpecs
[2026-09-18T11:07:23Z] #335 attempt=1/2 status=200 0.591s url=https://www.myfonts.com/products/grasso-complete-family-package-1225490
[2026-09-18T11:07:24Z] #336 attempt=1/2 status=200 0.781s url=https://www.myfonts.com/collections/grasso-font-unio-creative-solutions/
[2026-09-18T11:07:25Z] #337 attempt=1/2 status=200 0.597s url=https://www.myfonts.com/collections/grasso-font-unio-creative-solutions/?tab=techSpecs
[2026-09-18T11:07:26Z] #338 attempt=1/2 status=200 0.457s url=https://www.myfonts.com/products/raftile-complete-family-package-1225410
[2026-09-18T11:07:27Z] #339 attempt=1/2 status=200 0.597s url=https://www.myfonts.com/collections/raftile-font-vermilione/
[2026-09-18T11:07:28Z] #340 attempt=1/2 status=200 0.227s url=https://www.myfonts.com/collections/raftile-font-vermilione/?tab=techSpecs
[2026-09-18T11:07:29Z] #341 attempt=1/2 status=200 0.422s url=https://www.myfonts.com/products/evenstar-complete-family-package-1224549
[2026-09-18T11:07:30Z] #342 attempt=1/2 status=200 0.512s url=https://www.myfonts.com/collections/evenstar-font-kereatype/
[2026-09-18T11:07:31Z] #343 attempt=1/2 status=200 1.129s url=https://www.myfonts.com/collections/evenstar-font-kereatype/?tab=techSpecs
[2026-09-18T11:07:32Z] #344 attempt=1/2 status=200 0.477s url=https://www.myfonts.com/products/brenco-complete-family-package-1224711
[2026-09-18T11:07:33Z] #345 attempt=1/2 status=200 0.681s url=https://www.myfonts.com/collections/brenco-font-zeenesia-studio/
[2026-09-18T11:07:34Z] #346 attempt=1/2 status=200 0.592s url=https://www.myfonts.com/collections/brenco-font-zeenesia-studio/?tab=techSpecs
[2026-09-18T11:07:35Z] #347 attempt=1/2 status=200 0.343s url=https://www.myfonts.com/products/sound-seekers-complete-family-package-1225399
[2026-09-18T11:07:36Z] #348 attempt=1/2 status=200 0.375s url=https://www.myfonts.com/collections/sound-seekers-font-amorfa-type/
[2026-09-18T11:07:37Z] #349 attempt=1/2 status=200 0.364s url=https://www.myfonts.com/collections/sound-seekers-font-amorfa-type/?tab=techSpecs
[2026-09-18T11:07:38Z] #350 attempt=1/2 status=200 0.369s url=https://www.myfonts.com/products/chaleo-complete-family-package-1225487
[2026-09-18T11:07:38Z] #351 attempt=1/2 status=200 0.397s url=https://www.myfonts.com/collections/chaleo-font-ragamkata/
[2026-09-18T11:07:39Z] #352 attempt=1/2 status=200 0.389s url=https://www.myfonts.com/collections/chaleo-font-ragamkata/?tab=techSpecs
[2026-09-18T11:07:40Z] #353 attempt=1/2 status=200 0.536s url=https://www.myfonts.com/products/visuelt-family-package-package-1224529
[2026-09-18T11:07:41Z] #354 attempt=1/2 status=200 0.551s url=https://www.myfonts.com/collections/visuelt-font-colophon-foundry/
[2026-09-18T11:07:42Z] #355 attempt=1/2 status=200 0.447s url=https://www.myfonts.com/collections/visuelt-font-colophon-foundry/?tab=techSpecs
[2026-09-18T11:07:43Z] #356 attempt=1/2 status=200 0.574s url=https://www.myfonts.com/products/plumb-complete-family-package-1224823
[2026-09-18T11:07:44Z] #357 attempt=1/2 status=200 0.645s url=https://www.myfonts.com/collections/plumb-font-md-type/
[2026-09-18T11:07:45Z] #358 attempt=1/2 status=200 0.237s url=https://www.myfonts.com/collections/plumb-font-md-type/?tab=techSpecs
[2026-09-18T11:07:47Z] #359 attempt=1/6 status=200 0.956s url=https://www.myfonts.com/products.json?limit=100&page=13
[2026-09-18T11:07:48Z] #360 attempt=1/6 status=200 0.962s url=https://www.myfonts.com/products.json?limit=100&page=14
[2026-09-18T11:07:50Z] #361 attempt=1/6 status=200 0.890s url=https://www.myfonts.com/products.json?limit=100&page=15
[2026-09-18T11:07:50Z] #362 attempt=1/2 status=200 0.323s url=https://www.myfonts.com/products/regular-ez-nagtic-1225380
[2026-09-18T11:07:51Z] #363 attempt=1/2 status=200 0.335s url=https://www.myfonts.com/collections/ez-nagtic-font-zafara-studios/
[2026-09-18T11:07:51Z] #364 attempt=1/2 status=200 0.342s url=https://www.myfonts.com/collections/ez-nagtic-font-zafara-studios/?tab=techSpecs
[2026-09-18T11:07:53Z] #365 attempt=1/6 status=200 0.878s url=https://www.myfonts.com/products.json?limit=100&page=16
[2026-09-18T11:07:54Z] #366 attempt=1/6 status=200 0.777s url=https://www.myfonts.com/products.json?limit=100&page=17
[2026-09-18T11:07:56Z] #367 attempt=1/6 status=200 0.987s url=https://www.myfonts.com/products.json?limit=100&page=18
[2026-09-18T11:07:56Z] #368 attempt=1/2 status=200 0.322s url=https://www.myfonts.com/products/regular-racing-starter-1224707
[2026-09-18T11:07:57Z] #369 attempt=1/2 status=200 0.351s url=https://www.myfonts.com/collections/racing-starter-font-dgtype/
[2026-09-18T11:07:57Z] #370 attempt=1/2 status=200 0.200s url=https://www.myfonts.com/collections/racing-starter-font-dgtype/?tab=techSpecs
[2026-09-18T11:07:58Z] #371 attempt=1/2 status=200 0.320s url=https://www.myfonts.com/products/script-winterish-1224931
[2026-09-18T11:07:59Z] #372 attempt=1/2 status=200 0.368s url=https://www.myfonts.com/collections/winterish-font-flavortype/
[2026-09-18T11:07:59Z] #373 attempt=1/2 status=200 0.193s url=https://www.myfonts.com/collections/winterish-font-flavortype/?tab=techSpecs
[2026-09-18T11:08:00Z] #374 attempt=1/2 status=200 0.423s url=https://www.myfonts.com/products/groovy-ghoul-complete-family-package-1224867
[2026-09-18T11:08:01Z] #375 attempt=1/2 status=200 0.422s url=https://www.myfonts.com/collections/groovy-ghoul-font-jinan-studio/
[2026-09-18T11:08:01Z] #376 attempt=1/2 status=200 0.335s url=https://www.myfonts.com/collections/groovy-ghoul-font-jinan-studio/?tab=techSpecs
[2026-09-18T11:08:03Z] #377 attempt=1/2 status=200 0.406s url=https://www.myfonts.com/products/deconsider-complete-family-package-1224892
[2026-09-18T11:08:03Z] #378 attempt=1/2 status=200 0.415s url=https://www.myfonts.com/collections/deconsider-font-casloop-studio/
[2026-09-18T11:08:04Z] #379 attempt=1/2 status=200 0.458s url=https://www.myfonts.com/collections/deconsider-font-casloop-studio/?tab=techSpecs
[2026-09-18T11:08:05Z] #380 attempt=1/2 status=200 0.379s url=https://www.myfonts.com/products/les-bridgetise-complete-family-package-1224862
[2026-09-18T11:08:06Z] #381 attempt=1/2 status=200 0.457s url=https://www.myfonts.com/collections/les-bridgetise-font-sarid-ezra/
[2026-09-18T11:08:07Z] #382 attempt=1/2 status=200 0.515s url=https://www.myfonts.com/collections/les-bridgetise-font-sarid-ezra/?tab=techSpecs
[2026-09-18T11:08:08Z] #383 attempt=1/2 status=200 0.339s url=https://www.myfonts.com/products/pattys-diner-complete-family-package-1224888
[2026-09-18T11:08:08Z] #384 attempt=1/2 status=200 0.366s url=https://www.myfonts.com/collections/pattys-diner-font-woodcutter/
[2026-09-18T11:08:09Z] #385 attempt=1/2 status=200 0.331s url=https://www.myfonts.com/collections/pattys-diner-font-woodcutter/?tab=techSpecs
[2026-09-18T11:08:10Z] #386 attempt=1/2 status=200 0.344s url=https://www.myfonts.com/products/robelous-complete-family-package-1224855
[2026-09-18T11:08:10Z] #387 attempt=1/2 status=200 0.373s url=https://www.myfonts.com/collections/robelous-font-arterfak-project/
[2026-09-18T11:08:11Z] #388 attempt=1/2 status=200 0.412s url=https://www.myfonts.com/collections/robelous-font-arterfak-project/?tab=techSpecs
[2026-09-18T11:08:12Z] #389 attempt=1/2 status=200 0.361s url=https://www.myfonts.com/products/lameur-complete-family-package-1224858
[2026-09-18T11:08:13Z] #390 attempt=1/2 status=200 0.409s url=https://www.myfonts.com/collections/lameur-font-hishand-studio/
[2026-09-18T11:08:14Z] #391 attempt=1/2 status=200 0.386s url=https://www.myfonts.com/collections/lameur-font-hishand-studio/?tab=techSpecs
[2026-09-18T11:08:15Z] #392 attempt=1/6 status=200 0.880s url=https://www.myfonts.com/products.json?limit=100&page=19
[2026-09-18T11:08:16Z] #393 attempt=1/2 status=200 0.362s url=https://www.myfonts.com/products/regular-whimney-catcher-1224919
[2026-09-18T11:08:17Z] #394 attempt=1/2 status=200 0.342s url=https://www.myfonts.com/collections/whimney-catcher-font-anxietype-foundry/
[2026-09-18T11:08:17Z] #395 attempt=1/2 status=200 0.370s url=https://www.myfonts.com/collections/whimney-catcher-font-anxietype-foundry/?tab=techSpecs
[2026-09-18T11:08:18Z] #396 attempt=1/2 status=200 0.334s url=https://www.myfonts.com/products/regular-zaferak-1225492
[2026-09-18T11:08:19Z] #397 attempt=1/2 status=200 0.347s url=https://www.myfonts.com/collections/zaferak-font-dgsa-type-foundry/
[2026-09-18T11:08:19Z] #398 attempt=1/2 status=200 0.217s url=https://www.myfonts.com/collections/zaferak-font-dgsa-type-foundry/?tab=techSpecs
[2026-09-18T11:08:20Z] #399 attempt=1/2 status=200 0.398s url=https://www.myfonts.com/products/regular-good-foot-pro-1225542
[2026-09-18T11:08:21Z] #400 attempt=1/2 status=200 0.370s url=https://www.myfonts.com/collections/good-foot-pro-font-pizzadude-dk/
[2026-09-18T11:08:21Z] #401 attempt=1/2 status=200 0.407s url=https://www.myfonts.com/collections/good-foot-pro-font-pizzadude-dk/?tab=techSpecs
[2026-09-18T11:08:22Z] #402 attempt=1/2 status=200 0.353s url=https://www.myfonts.com/products/regular-flamelisse-1225485
[2026-09-18T11:08:23Z] #403 attempt=1/2 status=200 0.334s url=https://www.myfonts.com/collections/flamelisse-font-moontiontype/
[2026-09-18T11:08:23Z] #404 attempt=1/2 status=200 0.342s url=https://www.myfonts.com/collections/flamelisse-font-moontiontype/?tab=techSpecs
[2026-09-18T11:08:25Z] #405 attempt=1/6 status=200 0.875s url=https://www.myfonts.com/products.json?limit=100&page=20
[2026-09-18T11:08:26Z] #406 attempt=1/2 status=200 0.293s url=https://www.myfonts.com/products/light-novran-light-1224940
[2026-09-18T11:08:26Z] #407 attempt=1/2 status=200 0.350s url=https://www.myfonts.com/collections/novran-light-font-dgsa-type-foundry/
[2026-09-18T11:08:27Z] #408 attempt=1/2 status=200 0.325s url=https://www.myfonts.com/collections/novran-light-font-dgsa-type-foundry/?tab=techSpecs
[2026-09-18T11:08:28Z] #409 attempt=1/2 status=200 0.350s url=https://www.myfonts.com/products/regular-roselvine-greetings-1224896
[2026-09-18T11:08:28Z] #410 attempt=1/2 status=200 0.354s url=https://www.myfonts.com/collections/roselvine-greetings-font-letterhend/
[2026-09-18T11:08:29Z] #411 attempt=1/2 status=200 0.376s url=https://www.myfonts.com/collections/roselvine-greetings-font-letterhend/?tab=techSpecs
[2026-09-18T11:08:30Z] #412 attempt=1/2 status=200 0.339s url=https://www.myfonts.com/products/regular-rafion-1224891
[2026-09-18T11:08:30Z] #413 attempt=1/2 status=200 0.340s url=https://www.myfonts.com/collections/rafion-font-inviline/
[2026-09-18T11:08:31Z] #414 attempt=1/2 status=200 0.226s url=https://www.myfonts.com/collections/rafion-font-inviline/?tab=techSpecs
[2026-09-18T11:08:32Z] #415 attempt=1/2 status=200 0.373s url=https://www.myfonts.com/products/regular-radical-fighter-1225529
[2026-09-18T11:08:32Z] #416 attempt=1/2 status=200 0.313s url=https://www.myfonts.com/collections/radical-fighter-font-mvmet/
[2026-09-18T11:08:33Z] #417 attempt=1/2 status=200 0.355s url=https://www.myfonts.com/collections/radical-fighter-font-mvmet/?tab=techSpecs
[2026-09-18T11:08:34Z] #418 attempt=1/2 status=200 0.298s url=https://www.myfonts.com/products/regular-asmy-1224852
[2026-09-18T11:08:34Z] #419 attempt=1/2 status=200 0.329s url=https://www.myfonts.com/collections/asmy-font-letternesia-studio/
[2026-09-18T11:08:35Z] #420 attempt=1/2 status=200 0.414s url=https://www.myfonts.com/collections/asmy-font-letternesia-studio/?tab=techSpecs
[2026-09-18T11:08:36Z] #421 attempt=1/2 status=200 0.330s url=https://www.myfonts.com/products/regular-love-mine-1225486
[2026-09-18T11:08:36Z] #422 attempt=1/2 status=200 0.355s url=https://www.myfonts.com/collections/love-mine-font-moontiontype/
[2026-09-18T11:08:37Z] #423 attempt=1/2 status=200 0.341s url=https://www.myfonts.com/collections/love-mine-font-moontiontype/?tab=techSpecs
[2026-09-18T11:08:38Z] #424 attempt=1/2 status=200 0.308s url=https://www.myfonts.com/products/regular-rigade-1225531
[2026-09-18T11:08:38Z] #425 attempt=1/2 status=200 0.314s url=https://www.myfonts.com/collections/rigade-font-aiquitype/
[2026-09-18T11:08:39Z] #426 attempt=1/2 status=200 0.327s url=https://www.myfonts.com/collections/rigade-font-aiquitype/?tab=techSpecs
[2026-09-18T11:08:40Z] #427 attempt=1/2 status=200 0.324s url=https://www.myfonts.com/products/regular-maroes-1225530
[2026-09-18T11:08:40Z] #428 attempt=1/2 status=200 0.403s url=https://www.myfonts.com/collections/maroes-font-aiquitype/
[2026-09-18T11:08:41Z] #429 attempt=1/2 status=200 0.349s url=https://www.myfonts.com/collections/maroes-font-aiquitype/?tab=techSpecs
[2026-09-18T11:08:43Z] #430 attempt=1/6 status=200 1.042s url=https://www.myfonts.com/products.json?limit=100&page=21
[2026-09-18T11:08:43Z] #431 attempt=1/2 status=200 0.353s url=https://www.myfonts.com/products/yoon-liquid-sans-vf-regular-yoon-liquid-sans-variable-1224853
[2026-09-18T11:08:44Z] #432 attempt=1/2 status=200 0.381s url=https://www.myfonts.com/collections/yoon-liquid-sans-variable-font-yoon-design/
[2026-09-18T11:08:44Z] #433 attempt=1/2 status=200 0.303s url=https://www.myfonts.com/collections/yoon-liquid-sans-variable-font-yoon-design/?tab=techSpecs
[2026-09-18T11:08:45Z] #434 attempt=1/2 status=200 0.357s url=https://www.myfonts.com/products/regular-the-arkanes-handmade-1224941
[2026-09-18T11:08:46Z] #435 attempt=1/2 status=200 0.323s url=https://www.myfonts.com/collections/the-arkanes-handmade-font-gleb-guralnyk/
[2026-09-18T11:08:46Z] #436 attempt=1/2 status=200 0.330s url=https://www.myfonts.com/collections/the-arkanes-handmade-font-gleb-guralnyk/?tab=techSpecs
[2026-09-18T11:08:47Z] #437 attempt=1/2 status=200 0.535s url=https://www.myfonts.com/products/cronova-complete-family-package-1224594
[2026-09-18T11:08:48Z] #438 attempt=1/2 status=200 0.589s url=https://www.myfonts.com/collections/cronova-font-eotype/
[2026-09-18T11:08:49Z] #439 attempt=1/2 status=200 0.554s url=https://www.myfonts.com/collections/cronova-font-eotype/?tab=techSpecs
[2026-09-18T11:08:50Z] #440 attempt=1/2 status=200 0.365s url=https://www.myfonts.com/products/caramel-sundae-complete-family-package-1224581
[2026-09-18T11:08:51Z] #441 attempt=1/2 status=200 0.386s url=https://www.myfonts.com/collections/caramel-sundae-font-vermilione/
[2026-09-18T11:08:52Z] #442 attempt=1/2 status=200 0.401s url=https://www.myfonts.com/collections/caramel-sundae-font-vermilione/?tab=techSpecs
[2026-09-18T11:08:53Z] #443 attempt=1/2 status=200 0.493s url=https://www.myfonts.com/products/bailon-upright-family-package-1224578
[2026-09-18T11:08:54Z] #444 attempt=1/2 status=200 0.697s url=https://www.myfonts.com/collections/bailon-font-zafira-type/
[2026-09-18T11:08:55Z] #445 attempt=1/2 status=200 0.718s url=https://www.myfonts.com/collections/bailon-font-zafira-type/?tab=techSpecs
[2026-09-18T11:08:57Z] #446 attempt=1/2 status=200 1.029s url=https://www.myfonts.com/products/therry-woggens-complete-family-package-1224585
[2026-09-18T11:08:57Z] #447 attempt=1/2 status=200 0.479s url=https://www.myfonts.com/collections/therry-woggens-font-naufal-paramata/
[2026-09-18T11:08:58Z] #448 attempt=1/2 status=200 0.411s url=https://www.myfonts.com/collections/therry-woggens-font-naufal-paramata/?tab=techSpecs
[2026-09-18T11:08:59Z] #449 attempt=1/2 status=200 0.331s url=https://www.myfonts.com/products/regular-rabbit-station-1224592
[2026-09-18T11:09:00Z] #450 attempt=1/2 status=200 0.369s url=https://www.myfonts.com/collections/rabbit-station-font-mvmet/
[2026-09-18T11:09:00Z] #451 attempt=1/2 status=200 0.431s url=https://www.myfonts.com/collections/rabbit-station-font-mvmet/?tab=techSpecs
[2026-09-18T11:09:01Z] #452 attempt=1/2 status=200 0.302s url=https://www.myfonts.com/products/regular-monne-1224579
[2026-09-18T11:09:02Z] #453 attempt=1/2 status=200 0.316s url=https://www.myfonts.com/collections/monne-font-dareco-studio/
[2026-09-18T11:09:02Z] #454 attempt=1/2 status=200 0.362s url=https://www.myfonts.com/collections/monne-font-dareco-studio/?tab=techSpecs
[2026-09-18T11:09:03Z] #455 attempt=1/2 status=200 0.335s url=https://www.myfonts.com/products/regular-crode-1224580
[2026-09-18T11:09:04Z] #456 attempt=1/2 status=200 0.341s url=https://www.myfonts.com/collections/crode-font-dareco-studio/
[2026-09-18T11:09:04Z] #457 attempt=1/2 status=200 0.369s url=https://www.myfonts.com/collections/crode-font-dareco-studio/?tab=techSpecs
[2026-09-18T11:09:05Z] #458 attempt=1/2 status=200 0.325s url=https://www.myfonts.com/products/regular-somerset-1224584
[2026-09-18T11:09:06Z] #459 attempt=1/2 status=200 0.469s url=https://www.myfonts.com/collections/somerset-font-vampstudio/
[2026-09-18T11:09:07Z] #460 attempt=1/2 status=200 0.317s url=https://www.myfonts.com/collections/somerset-font-vampstudio/?tab=techSpecs
[2026-09-18T11:09:07Z] #461 attempt=1/2 status=200 0.350s url=https://www.myfonts.com/products/regular-third-prize-1224593
[2026-09-18T11:09:08Z] #462 attempt=1/2 status=200 0.375s url=https://www.myfonts.com/collections/third-prize-font-dirty-bandits/
[2026-09-18T11:09:09Z] #463 attempt=1/2 status=200 0.359s url=https://www.myfonts.com/collections/third-prize-font-dirty-bandits/?tab=techSpecs
[2026-09-18T11:09:10Z] #464 attempt=1/2 status=200 0.369s url=https://www.myfonts.com/products/visuelt-variable-complete-family-package-1224546
[2026-09-18T11:09:10Z] #465 attempt=1/2 status=200 0.427s url=https://www.myfonts.com/collections/visuelt-variable-font-colophon-foundry/
[2026-09-18T11:09:11Z] #466 attempt=1/2 status=200 0.377s url=https://www.myfonts.com/collections/visuelt-variable-font-colophon-foundry/?tab=techSpecs
[2026-09-18T11:09:12Z] #467 attempt=1/2 status=200 0.381s url=https://www.myfonts.com/products/click-volume-package-533383
[2026-09-18T11:09:13Z] #468 attempt=1/2 status=200 0.368s url=https://www.myfonts.com/collections/click-font-identikal/
[2026-09-18T11:09:13Z] #469 attempt=1/2 status=200 0.487s url=https://www.myfonts.com/collections/click-font-identikal/?tab=techSpecs
[2026-09-18T11:09:14Z] #470 attempt=1/2 status=200 0.215s url=https://www.myfonts.com/collections/click-font-identikal/
[2026-09-18T11:09:15Z] #471 attempt=1/2 status=404 0.325s url=https://www.myfonts.com/collections/click-volume-font-identikal
[2026-09-18T11:09:15Z] #472 attempt=1/2 status=200 0.385s url=https://www.myfonts.com/products/bennu-sans-b-complete-family-pack-package-547330
[2026-09-18T11:09:16Z] #473 attempt=1/2 status=200 0.442s url=https://www.myfonts.com/collections/bennu-sans-b-font-identikal/
[2026-09-18T11:09:17Z] #474 attempt=1/2 status=200 0.430s url=https://www.myfonts.com/collections/bennu-sans-b-font-identikal/?tab=techSpecs
[2026-09-18T11:09:18Z] #475 attempt=1/2 status=200 0.224s url=https://www.myfonts.com/collections/bennu-sans-b-font-identikal/
[2026-09-18T11:09:18Z] #476 attempt=1/2 status=404 0.283s url=https://www.myfonts.com/collections/bennu-sans-b-complete-family-pack-font-identikal
[2026-09-18T11:09:19Z] #477 attempt=1/2 status=200 0.392s url=https://www.myfonts.com/products/22nd-closed-complete-family-pack-package-549956
[2026-09-18T11:09:20Z] #478 attempt=1/2 status=200 0.428s url=https://www.myfonts.com/collections/22nd-font-identikal/
[2026-09-18T11:09:20Z] #479 attempt=1/2 status=200 0.484s url=https://www.myfonts.com/collections/22nd-font-identikal/?tab=techSpecs
[2026-09-18T11:09:21Z] #480 attempt=1/2 status=200 0.215s url=https://www.myfonts.com/collections/22nd-font-identikal/
[2026-09-18T11:09:22Z] #481 attempt=1/2 status=404 0.315s url=https://www.myfonts.com/collections/22nd-closed-complete-family-pack-font-identikal
[2026-09-18T11:09:23Z] #482 attempt=1/6 status=200 0.386s url=https://www.myfonts.com/products.json?limit=100&page=22
[2026-09-18T11:09:23Z] #483 attempt=1/2 status=200 0.329s url=https://www.myfonts.com/products/emporio-complete-family-pack-package-549958
[2026-09-18T11:09:24Z] #484 attempt=1/2 status=200 0.350s url=https://www.myfonts.com/collections/emporio-font-identikal/
[2026-09-18T11:09:25Z] #485 attempt=1/2 status=200 0.360s url=https://www.myfonts.com/collections/emporio-font-identikal/?tab=techSpecs
[2026-09-18T11:09:26Z] #486 attempt=1/2 status=200 0.374s url=https://www.myfonts.com/collections/emporio-font-identikal/
[2026-09-18T11:09:26Z] #487 attempt=1/2 status=404 0.248s url=https://www.myfonts.com/collections/emporio-complete-family-pack-font-identikal
[2026-09-18T11:09:27Z] #488 attempt=1/2 status=200 0.379s url=https://www.myfonts.com/products/identikal-sans-complete-family-pack-package-549959
[2026-09-18T11:09:27Z] #489 attempt=1/2 status=200 0.391s url=https://www.myfonts.com/collections/sans-font-identikal/
[2026-09-18T11:09:28Z] #490 attempt=1/2 status=200 0.216s url=https://www.myfonts.com/collections/sans-font-identikal/?tab=techSpecs
[2026-09-18T11:09:29Z] #491 attempt=1/2 status=200 0.439s url=https://www.myfonts.com/collections/sans-font-identikal/
[2026-09-18T11:09:30Z] #492 attempt=1/2 status=200 0.388s url=https://www.myfonts.com/products/sampler-volume-package-533376
[2026-09-18T11:09:30Z] #493 attempt=1/2 status=200 0.419s url=https://www.myfonts.com/collections/sampler-font-identikal/
[2026-09-18T11:09:31Z] #494 attempt=1/2 status=200 0.394s url=https://www.myfonts.com/collections/sampler-font-identikal/?tab=techSpecs
[2026-09-18T11:09:32Z] #495 attempt=1/2 status=200 0.330s url=https://www.myfonts.com/collections/sampler-font-identikal/
[2026-09-18T11:09:33Z] #496 attempt=1/2 status=404 0.309s url=https://www.myfonts.com/collections/sampler-volume-font-identikal
[2026-09-18T11:09:33Z] #497 attempt=1/2 status=200 0.397s url=https://www.myfonts.com/products/neutraliser-serif-complete-family-pack-package-549965
[2026-09-18T11:09:34Z] #498 attempt=1/2 status=200 0.620s url=https://www.myfonts.com/collections/neutraliser-font-identikal/
[2026-09-18T11:09:35Z] #499 attempt=1/2 status=200 0.244s url=https://www.myfonts.com/collections/neutraliser-font-identikal/?tab=techSpecs
[2026-09-18T11:09:36Z] #500 attempt=1/2 status=200 0.634s url=https://www.myfonts.com/collections/neutraliser-font-identikal/
[2026-09-18T11:09:37Z] #501 attempt=1/2 status=404 0.240s url=https://www.myfonts.com/collections/neutraliser-serif-complete-family-pack-font-identikal
[2026-09-18T11:09:37Z] #502 attempt=1/2 status=200 0.342s url=https://www.myfonts.com/products/positec-volume-package-533385
[2026-09-18T11:09:38Z] #503 attempt=1/2 status=200 0.420s url=https://www.myfonts.com/collections/positec-font-identikal/
[2026-09-18T11:09:39Z] #504 attempt=1/2 status=200 0.413s url=https://www.myfonts.com/collections/positec-font-identikal/?tab=techSpecs
[2026-09-18T11:09:40Z] #505 attempt=1/2 status=200 0.215s url=https://www.myfonts.com/collections/positec-font-identikal/
[2026-09-18T11:09:40Z] #506 attempt=1/2 status=404 0.250s url=https://www.myfonts.com/collections/positec-volume-font-identikal
[2026-09-18T11:09:41Z] #507 attempt=1/2 status=200 0.344s url=https://www.myfonts.com/products/invada-complete-family-pack-package-549966
[2026-09-18T11:09:41Z] #508 attempt=1/2 status=200 0.383s url=https://www.myfonts.com/collections/invada-font-identikal/
[2026-09-18T11:09:42Z] #509 attempt=1/2 status=200 0.371s url=https://www.myfonts.com/collections/invada-font-identikal/?tab=techSpecs
[2026-09-18T11:09:43Z] #510 attempt=1/2 status=200 0.368s url=https://www.myfonts.com/collections/invada-font-identikal/
[2026-09-18T11:09:44Z] #511 attempt=1/2 status=404 0.387s url=https://www.myfonts.com/collections/invada-complete-family-pack-font-identikal
[2026-09-18T11:09:44Z] #512 attempt=1/2 status=200 0.401s url=https://www.myfonts.com/products/kowboy-complete-family-pack-package-549961
[2026-09-18T11:09:45Z] #513 attempt=1/2 status=200 0.359s url=https://www.myfonts.com/collections/kowboy-font-identikal/
[2026-09-18T11:09:45Z] #514 attempt=1/2 status=200 0.196s url=https://www.myfonts.com/collections/kowboy-font-identikal/?tab=techSpecs
[2026-09-18T11:09:46Z] #515 attempt=1/2 status=200 0.336s url=https://www.myfonts.com/collections/kowboy-font-identikal/
[2026-09-18T11:09:47Z] #516 attempt=1/2 status=404 0.256s url=https://www.myfonts.com/collections/kowboy-complete-family-pack-font-identikal
[2026-09-18T11:09:47Z] #517 attempt=1/2 status=200 0.360s url=https://www.myfonts.com/products/tremble-volume-package-533378
[2026-09-18T11:09:48Z] #518 attempt=1/2 status=200 0.381s url=https://www.myfonts.com/collections/tremble-font-identikal/
[2026-09-18T11:09:49Z] #519 attempt=1/2 status=200 0.401s url=https://www.myfonts.com/collections/tremble-font-identikal/?tab=techSpecs
[2026-09-18T11:09:50Z] #520 attempt=1/2 status=200 0.236s url=https://www.myfonts.com/collections/tremble-font-identikal/
[2026-09-18T11:09:50Z] #521 attempt=1/2 status=404 0.294s url=https://www.myfonts.com/collections/tremble-volume-font-identikal
[2026-09-18T11:09:51Z] #522 attempt=1/2 status=200 0.379s url=https://www.myfonts.com/products/kelt-complete-family-pack-package-549960
[2026-09-18T11:09:52Z] #523 attempt=1/2 status=200 0.511s url=https://www.myfonts.com/collections/kelt-font-identikal/
[2026-09-18T11:09:52Z] #524 attempt=1/2 status=200 0.399s url=https://www.myfonts.com/collections/kelt-font-identikal/?tab=techSpecs
[2026-09-18T11:09:53Z] #525 attempt=1/2 status=200 0.199s url=https://www.myfonts.com/collections/kelt-font-identikal/
[2026-09-18T11:09:54Z] #526 attempt=1/2 status=404 0.240s url=https://www.myfonts.com/collections/kelt-complete-family-pack-font-identikal
[2026-09-18T11:09:54Z] #527 attempt=1/2 status=200 0.386s url=https://www.myfonts.com/products/bennu-sans-a-complete-family-pack-package-547327
[2026-09-18T11:09:55Z] #528 attempt=1/2 status=200 0.427s url=https://www.myfonts.com/collections/bennu-sans-a-font-identikal/
[2026-09-18T11:09:56Z] #529 attempt=1/2 status=200 0.391s url=https://www.myfonts.com/collections/bennu-sans-a-font-identikal/?tab=techSpecs
[2026-09-18T11:09:57Z] #530 attempt=1/2 status=200 0.436s url=https://www.myfonts.com/collections/bennu-sans-a-font-identikal/
[2026-09-18T11:09:57Z] #531 attempt=1/2 status=404 0.225s url=https://www.myfonts.com/collections/bennu-sans-a-complete-family-pack-font-identikal
[2026-09-18T11:09:58Z] #532 attempt=1/2 status=200 0.326s url=https://www.myfonts.com/products/ramblok-complete-family-pack-package-549967
[2026-09-18T11:09:58Z] #533 attempt=1/2 status=200 0.400s url=https://www.myfonts.com/collections/ramblok-font-identikal/
[2026-09-18T11:09:59Z] #534 attempt=1/2 status=200 0.237s url=https://www.myfonts.com/collections/ramblok-font-identikal/?tab=techSpecs
[2026-09-18T11:10:00Z] #535 attempt=1/2 status=200 0.379s url=https://www.myfonts.com/collections/ramblok-font-identikal/
[2026-09-18T11:10:01Z] #536 attempt=1/2 status=404 0.267s url=https://www.myfonts.com/collections/ramblok-complete-family-pack-font-identikal
[2026-09-18T11:10:01Z] #537 attempt=1/2 status=200 0.349s url=https://www.myfonts.com/products/light-regular-kanal-536598
[2026-09-18T11:10:02Z] #538 attempt=1/2 status=200 0.384s url=https://www.myfonts.com/collections/kanal-font-identikal/
[2026-09-18T11:10:03Z] #539 attempt=1/2 status=200 0.464s url=https://www.myfonts.com/collections/kanal-font-identikal/?tab=techSpecs
[2026-09-18T11:10:04Z] #540 attempt=1/2 status=200 0.391s url=https://www.myfonts.com/collections/kanal-font-identikal/
[2026-09-18T11:10:04Z] #541 attempt=1/2 status=404 0.285s url=https://www.myfonts.com/collections/light-regular-kanal-536598-font-identikal
[2026-09-18T11:10:05Z] #542 attempt=1/2 status=200 0.448s url=https://www.myfonts.com/products/triangle-fine-unda-536988
[2026-09-18T11:10:05Z] #543 attempt=1/2 status=200 0.471s url=https://www.myfonts.com/collections/unda-font-identikal/
[2026-09-18T11:10:06Z] #544 attempt=1/2 status=200 0.430s url=https://www.myfonts.com/collections/unda-font-identikal/?tab=techSpecs
[2026-09-18T11:10:08Z] #545 attempt=1/2 status=200 0.443s url=https://www.myfonts.com/collections/unda-font-identikal/
[2026-09-18T11:10:08Z] #546 attempt=1/2 status=404 0.221s url=https://www.myfonts.com/collections/triangle-fine-unda-536988-font-identikal
[2026-09-18T11:10:09Z] #547 attempt=1/2 status=200 0.392s url=https://www.myfonts.com/products/regular-distilla-536460
[2026-09-18T11:10:09Z] #548 attempt=1/2 status=200 0.387s url=https://www.myfonts.com/collections/distilla-font-identikal/
[2026-09-18T11:10:10Z] #549 attempt=1/2 status=200 0.353s url=https://www.myfonts.com/collections/distilla-font-identikal/?tab=techSpecs
[2026-09-18T11:10:11Z] #550 attempt=1/2 status=200 0.367s url=https://www.myfonts.com/collections/distilla-font-identikal/
[2026-09-18T11:10:11Z] #551 attempt=1/2 status=404 0.283s url=https://www.myfonts.com/collections/regular-distilla-536460-font-identikal
[2026-09-18T11:10:12Z] #552 attempt=1/2 status=200 0.353s url=https://www.myfonts.com/products/light-dieppe-536449
[2026-09-18T11:10:13Z] #553 attempt=1/2 status=200 0.383s url=https://www.myfonts.com/collections/dieppe-font-identikal/
[2026-09-18T11:10:13Z] #554 attempt=1/2 status=200 0.407s url=https://www.myfonts.com/collections/dieppe-font-identikal/?tab=techSpecs
[2026-09-18T11:10:15Z] #555 attempt=1/2 status=200 0.378s url=https://www.myfonts.com/collections/dieppe-font-identikal/
[2026-09-18T11:10:15Z] #556 attempt=1/2 status=404 0.265s url=https://www.myfonts.com/collections/light-dieppe-536449-font-identikal
[2026-09-18T11:10:16Z] #557 attempt=1/2 status=200 0.429s url=https://www.myfonts.com/products/super-fine-21st-536350
[2026-09-18T11:10:16Z] #558 attempt=1/2 status=200 0.436s url=https://www.myfonts.com/collections/21st-font-identikal/
[2026-09-18T11:10:17Z] #559 attempt=1/2 status=200 0.392s url=https://www.myfonts.com/collections/21st-font-identikal/?tab=techSpecs
[2026-09-18T11:10:18Z] #560 attempt=1/2 status=200 0.215s url=https://www.myfonts.com/collections/21st-font-identikal/
[2026-09-18T11:10:18Z] #561 attempt=1/2 status=404 0.245s url=https://www.myfonts.com/collections/super-fine-21st-536350-font-identikal
[2026-09-18T11:10:19Z] #562 attempt=1/2 status=200 0.393s url=https://www.myfonts.com/products/bold-italic-curvature-536417
[2026-09-18T11:10:20Z] #563 attempt=1/2 status=200 0.380s url=https://www.myfonts.com/collections/curvature-font-identikal/
[2026-09-18T11:10:20Z] #564 attempt=1/2 status=200 0.411s url=https://www.myfonts.com/collections/curvature-font-identikal/?tab=techSpecs
[2026-09-18T11:10:21Z] #565 attempt=1/2 status=200 0.400s url=https://www.myfonts.com/collections/curvature-font-identikal/
[2026-09-18T11:10:22Z] #566 attempt=1/2 status=404 0.309s url=https://www.myfonts.com/collections/bold-italic-curvature-536417-font-identikal
[2026-09-18T11:10:23Z] #567 attempt=1/2 status=200 0.387s url=https://www.myfonts.com/products/ultra-light-45-degrees-536361
[2026-09-18T11:10:23Z] #568 attempt=1/2 status=200 0.364s url=https://www.myfonts.com/collections/45-degrees-font-identikal/
[2026-09-18T11:10:24Z] #569 attempt=1/2 status=200 0.446s url=https://www.myfonts.com/collections/45-degrees-font-identikal/?tab=techSpecs
[2026-09-18T11:10:25Z] #570 attempt=1/2 status=200 0.354s url=https://www.myfonts.com/collections/45-degrees-font-identikal/
[2026-09-18T11:10:26Z] #571 attempt=1/2 status=404 0.253s url=https://www.myfonts.com/collections/ultra-light-45-degrees-536361-font-identikal
[2026-09-18T11:10:26Z] #572 attempt=1/2 status=200 0.410s url=https://www.myfonts.com/products/fine-italic-trak-536951
[2026-09-18T11:10:27Z] #573 attempt=1/2 status=200 0.390s url=https://www.myfonts.com/collections/trak-font-identikal/
[2026-09-18T11:10:28Z] #574 attempt=1/2 status=200 0.455s url=https://www.myfonts.com/collections/trak-font-identikal/?tab=techSpecs
[2026-09-18T11:10:29Z] #575 attempt=1/2 status=200 0.403s url=https://www.myfonts.com/collections/trak-font-identikal/
[2026-09-18T11:10:29Z] #576 attempt=1/2 status=404 0.237s url=https://www.myfonts.com/collections/fine-italic-trak-536951-font-identikal
[2026-09-18T11:10:30Z] #577 attempt=1/2 status=200 0.356s url=https://www.myfonts.com/products/light-wired-537023
[2026-09-18T11:10:30Z] #578 attempt=1/2 status=200 0.403s url=https://www.myfonts.com/collections/wired-font-identikal/
[2026-09-18T11:10:31Z] #579 attempt=1/2 status=200 0.365s url=https://www.myfonts.com/collections/wired-font-identikal/?tab=techSpecs
[2026-09-18T11:10:32Z] #580 attempt=1/2 status=200 0.387s url=https://www.myfonts.com/collections/wired-font-identikal/
[2026-09-18T11:10:33Z] #581 attempt=1/2 status=404 0.268s url=https://www.myfonts.com/collections/light-wired-537023-font-identikal
[2026-09-18T11:10:33Z] #582 attempt=1/2 status=200 0.357s url=https://www.myfonts.com/products/light-italic-skrean-554752
[2026-09-18T11:10:34Z] #583 attempt=1/2 status=200 0.385s url=https://www.myfonts.com/collections/skrean-font-identikal/
[2026-09-18T11:10:35Z] #584 attempt=1/2 status=200 0.387s url=https://www.myfonts.com/collections/skrean-font-identikal/?tab=techSpecs
[2026-09-18T11:10:35Z] #585 attempt=1/2 status=200 0.216s url=https://www.myfonts.com/collections/skrean-font-identikal/
[2026-09-18T11:10:36Z] #586 attempt=1/2 status=404 0.241s url=https://www.myfonts.com/collections/light-italic-skrean-554752-font-identikal
[2026-09-18T11:10:37Z] #587 attempt=1/2 status=200 0.407s url=https://www.myfonts.com/products/open-italic-seize-536908
[2026-09-18T11:10:37Z] #588 attempt=1/2 status=200 0.372s url=https://www.myfonts.com/collections/seize-font-identikal/
[2026-09-18T11:10:38Z] #589 attempt=1/2 status=200 0.350s url=https://www.myfonts.com/collections/seize-font-identikal/?tab=techSpecs
[2026-09-18T11:10:39Z] #590 attempt=1/2 status=200 0.360s url=https://www.myfonts.com/collections/seize-font-identikal/
[2026-09-18T11:10:39Z] #591 attempt=1/2 status=404 0.246s url=https://www.myfonts.com/collections/open-italic-seize-536908-font-identikal
[2026-09-18T11:10:40Z] #592 attempt=1/2 status=200 0.331s url=https://www.myfonts.com/products/closed-bold-zero-537031
[2026-09-18T11:10:40Z] #593 attempt=1/2 status=200 0.345s url=https://www.myfonts.com/collections/zero-font-identikal/
[2026-09-18T11:10:41Z] #594 attempt=1/2 status=200 0.371s url=https://www.myfonts.com/collections/zero-font-identikal/?tab=techSpecs
[2026-09-18T11:10:42Z] #595 attempt=1/2 status=200 0.402s url=https://www.myfonts.com/collections/zero-font-identikal/
[2026-09-18T11:10:43Z] #596 attempt=1/2 status=404 0.250s url=https://www.myfonts.com/collections/closed-bold-zero-537031-font-identikal
[2026-09-18T11:10:43Z] #597 attempt=1/2 status=200 0.354s url=https://www.myfonts.com/products/light-oblique-stak-536937
[2026-09-18T11:10:44Z] #598 attempt=1/2 status=200 0.372s url=https://www.myfonts.com/collections/stak-font-identikal/
[2026-09-18T11:10:45Z] #599 attempt=1/2 status=200 0.351s url=https://www.myfonts.com/collections/stak-font-identikal/?tab=techSpecs
[2026-09-18T11:10:46Z] #600 attempt=1/2 status=200 0.377s url=https://www.myfonts.com/collections/stak-font-identikal/
[2026-09-18T11:10:46Z] #601 attempt=1/2 status=404 0.219s url=https://www.myfonts.com/collections/light-oblique-stak-536937-font-identikal
[2026-09-18T11:10:47Z] #602 attempt=1/2 status=200 0.335s url=https://www.myfonts.com/products/outline-regular-connect-536406
[2026-09-18T11:10:47Z] #603 attempt=1/2 status=200 0.324s url=https://www.myfonts.com/collections/connect-font-identikal/
[2026-09-18T11:10:48Z] #604 attempt=1/2 status=200 0.341s url=https://www.myfonts.com/collections/connect-font-identikal/?tab=techSpecs
[2026-09-18T11:10:49Z] #605 attempt=1/2 status=200 0.370s url=https://www.myfonts.com/collections/connect-font-identikal/
[2026-09-18T11:10:49Z] #606 attempt=1/2 status=404 0.243s url=https://www.myfonts.com/collections/outline-regular-connect-536406-font-identikal
[2026-09-18T11:10:50Z] #607 attempt=1/2 status=200 0.332s url=https://www.myfonts.com/products/bold-robustik-536881
[2026-09-18T11:10:50Z] #608 attempt=1/2 status=200 0.346s url=https://www.myfonts.com/collections/robustik-font-identikal/
[2026-09-18T11:10:51Z] #609 attempt=1/2 status=200 0.343s url=https://www.myfonts.com/collections/robustik-font-identikal/?tab=techSpecs
[2026-09-18T11:10:53Z] #610 attempt=1/2 status=200 0.608s url=https://www.myfonts.com/collections/robustik-font-identikal/
[2026-09-18T11:10:53Z] #611 attempt=1/2 status=404 0.248s url=https://www.myfonts.com/collections/bold-robustik-536881-font-identikal
[2026-09-18T11:10:54Z] #612 attempt=1/2 status=200 0.361s url=https://www.myfonts.com/products/blunt-italic-rayzor-536781
[2026-09-18T11:10:54Z] #613 attempt=1/2 status=200 0.403s url=https://www.myfonts.com/collections/rayzor-font-identikal/
[2026-09-18T11:10:55Z] #614 attempt=1/2 status=200 0.206s url=https://www.myfonts.com/collections/rayzor-font-identikal/?tab=techSpecs
[2026-09-18T11:10:56Z] #615 attempt=1/2 status=200 0.396s url=https://www.myfonts.com/collections/rayzor-font-identikal/
[2026-09-18T11:10:56Z] #616 attempt=1/2 status=404 0.221s url=https://www.myfonts.com/collections/blunt-italic-rayzor-536781-font-identikal
[2026-09-18T11:10:57Z] #617 attempt=1/2 status=200 0.329s url=https://www.myfonts.com/products/bold-italic-revalo-classic-536852
[2026-09-18T11:10:57Z] #618 attempt=1/2 status=200 0.345s url=https://www.myfonts.com/collections/revalo-classic-font-identikal/
[2026-09-18T11:10:58Z] #619 attempt=1/2 status=200 0.196s url=https://www.myfonts.com/collections/revalo-classic-font-identikal/?tab=techSpecs
[2026-09-18T11:10:59Z] #620 attempt=1/2 status=200 0.376s url=https://www.myfonts.com/collections/revalo-classic-font-identikal/
[2026-09-18T11:11:00Z] #621 attempt=1/2 status=404 0.232s url=https://www.myfonts.com/collections/bold-italic-revalo-classic-536852-font-identikal
[2026-09-18T11:11:00Z] #622 attempt=1/2 status=200 0.399s url=https://www.myfonts.com/products/a-italic-regular-panic-536690
[2026-09-18T11:11:01Z] #623 attempt=1/2 status=200 0.344s url=https://www.myfonts.com/collections/panic-font-identikal/
[2026-09-18T11:11:01Z] #624 attempt=1/2 status=200 0.370s url=https://www.myfonts.com/collections/panic-font-identikal/?tab=techSpecs
[2026-09-18T11:11:02Z] #625 attempt=1/2 status=200 0.195s url=https://www.myfonts.com/collections/panic-font-identikal/
[2026-09-18T11:11:03Z] #626 attempt=1/2 status=404 0.244s url=https://www.myfonts.com/collections/a-italic-regular-panic-536690-font-identikal
[2026-09-18T11:11:03Z] #627 attempt=1/2 status=200 0.318s url=https://www.myfonts.com/products/ultra-italic-sharp-536912
[2026-09-18T11:11:04Z] #628 attempt=1/2 status=200 0.413s url=https://www.myfonts.com/collections/sharp-font-identikal/
[2026-09-18T11:11:05Z] #629 attempt=1/2 status=200 0.394s url=https://www.myfonts.com/collections/sharp-font-identikal/?tab=techSpecs
[2026-09-18T11:11:06Z] #630 attempt=1/2 status=200 0.333s url=https://www.myfonts.com/collections/sharp-font-identikal/
[2026-09-18T11:11:06Z] #631 attempt=1/2 status=200 0.339s url=https://www.myfonts.com/products/italic-regular-rally-536773
[2026-09-18T11:11:07Z] #632 attempt=1/2 status=200 0.433s url=https://www.myfonts.com/collections/rally-font-identikal/
[2026-09-18T11:11:08Z] #633 attempt=1/2 status=200 0.377s url=https://www.myfonts.com/collections/rally-font-identikal/?tab=techSpecs
[2026-09-18T11:11:09Z] #634 attempt=1/2 status=200 0.354s url=https://www.myfonts.com/collections/rally-font-identikal/
[2026-09-18T11:11:09Z] #635 attempt=1/2 status=404 0.267s url=https://www.myfonts.com/collections/italic-regular-rally-536773-font-identikal
[2026-09-18T11:11:10Z] #636 attempt=1/2 status=200 0.329s url=https://www.myfonts.com/products/bold-oblique-monark-536672
[2026-09-18T11:11:10Z] #637 attempt=1/2 status=200 0.361s url=https://www.myfonts.com/collections/monark-font-identikal/
[2026-09-18T11:11:11Z] #638 attempt=1/2 status=200 0.201s url=https://www.myfonts.com/collections/monark-font-identikal/?tab=techSpecs
[2026-09-18T11:11:12Z] #639 attempt=1/2 status=200 0.216s url=https://www.myfonts.com/collections/monark-font-identikal/
[2026-09-18T11:11:12Z] #640 attempt=1/2 status=404 0.209s url=https://www.myfonts.com/collections/bold-oblique-monark-536672-font-identikal
[2026-09-18T11:11:13Z] #641 attempt=1/2 status=200 0.321s url=https://www.myfonts.com/products/regular-revalo-modern-536871
[2026-09-18T11:11:13Z] #642 attempt=1/2 status=200 0.360s url=https://www.myfonts.com/collections/revalo-modern-font-identikal/
[2026-09-18T11:11:14Z] #643 attempt=1/2 status=200 0.336s url=https://www.myfonts.com/collections/revalo-modern-font-identikal/?tab=techSpecs
[2026-09-18T11:11:15Z] #644 attempt=1/2 status=200 0.392s url=https://www.myfonts.com/collections/revalo-modern-font-identikal/
[2026-09-18T11:11:15Z] #645 attempt=1/2 status=404 0.217s url=https://www.myfonts.com/collections/regular-revalo-modern-536871-font-identikal
[2026-09-18T11:11:16Z] #646 attempt=1/2 status=200 0.348s url=https://www.myfonts.com/products/regular-italic-masta-536637
[2026-09-18T11:11:17Z] #647 attempt=1/2 status=200 0.337s url=https://www.myfonts.com/collections/masta-font-identikal/
[2026-09-18T11:11:17Z] #648 attempt=1/2 status=200 0.378s url=https://www.myfonts.com/collections/masta-font-identikal/?tab=techSpecs
[2026-09-18T11:11:18Z] #649 attempt=1/2 status=200 0.364s url=https://www.myfonts.com/collections/masta-font-identikal/
[2026-09-18T11:11:19Z] #650 attempt=1/2 status=404 0.213s url=https://www.myfonts.com/collections/regular-italic-masta-536637-font-identikal
[2026-09-18T11:11:19Z] #651 attempt=1/2 status=200 0.356s url=https://www.myfonts.com/products/fine-rebirth-536839
[2026-09-18T11:11:20Z] #652 attempt=1/2 status=200 0.377s url=https://www.myfonts.com/collections/rebirth-font-identikal/
[2026-09-18T11:11:21Z] #653 attempt=1/2 status=200 0.348s url=https://www.myfonts.com/collections/rebirth-font-identikal/?tab=techSpecs
[2026-09-18T11:11:22Z] #654 attempt=1/2 status=200 0.336s url=https://www.myfonts.com/collections/rebirth-font-identikal/
[2026-09-18T11:11:22Z] #655 attempt=1/2 status=404 0.206s url=https://www.myfonts.com/collections/fine-rebirth-536839-font-identikal
[2026-09-18T11:11:23Z] #656 attempt=1/2 status=200 0.318s url=https://www.myfonts.com/products/bold-reaction-536809
[2026-09-18T11:11:23Z] #657 attempt=1/2 status=200 0.366s url=https://www.myfonts.com/collections/reaction-font-identikal/
[2026-09-18T11:11:24Z] #658 attempt=1/2 status=200 0.388s url=https://www.myfonts.com/collections/reaction-font-identikal/?tab=techSpecs
[2026-09-18T11:11:25Z] #659 attempt=1/2 status=200 0.358s url=https://www.myfonts.com/collections/reaction-font-identikal/
[2026-09-18T11:11:26Z] #660 attempt=1/2 status=404 0.233s url=https://www.myfonts.com/collections/bold-reaction-536809-font-identikal
[2026-09-18T11:11:26Z] #661 attempt=1/2 status=200 0.316s url=https://www.myfonts.com/products/light-plotta-536749
[2026-09-18T11:11:27Z] #662 attempt=1/2 status=200 0.391s url=https://www.myfonts.com/collections/plotta-font-identikal/
[2026-09-18T11:11:27Z] #663 attempt=1/2 status=200 0.301s url=https://www.myfonts.com/collections/plotta-font-identikal/?tab=techSpecs
[2026-09-18T11:11:28Z] #664 attempt=1/2 status=200 0.395s url=https://www.myfonts.com/collections/plotta-font-identikal/
[2026-09-18T11:11:29Z] #665 attempt=1/2 status=404 0.217s url=https://www.myfonts.com/collections/light-plotta-536749-font-identikal
[2026-09-18T11:11:30Z] #666 attempt=1/6 status=200 0.390s url=https://www.myfonts.com/products.json?limit=100&page=23
[2026-09-18T11:11:30Z] #667 attempt=1/2 status=200 0.394s url=https://www.myfonts.com/products/black-italic-regular-phuture-odc-536737
[2026-09-18T11:11:31Z] #668 attempt=1/2 status=200 0.325s url=https://www.myfonts.com/collections/phuture-odc-font-identikal/
[2026-09-18T11:11:32Z] #669 attempt=1/2 status=200 0.367s url=https://www.myfonts.com/collections/phuture-odc-font-identikal/?tab=techSpecs
[2026-09-18T11:11:33Z] #670 attempt=1/2 status=200 0.392s url=https://www.myfonts.com/collections/phuture-odc-font-identikal/
[2026-09-18T11:11:33Z] #671 attempt=1/2 status=404 0.228s url=https://www.myfonts.com/collections/black-italic-regular-phuture-odc-536737-font-identikal
[2026-09-18T11:11:34Z] #672 attempt=1/2 status=200 0.356s url=https://www.myfonts.com/products/bold-podium-536755
[2026-09-18T11:11:34Z] #673 attempt=1/2 status=200 0.356s url=https://www.myfonts.com/collections/podium-font-identikal/
[2026-09-18T11:11:35Z] #674 attempt=1/2 status=200 0.416s url=https://www.myfonts.com/collections/podium-font-identikal/?tab=techSpecs
[2026-09-18T11:11:36Z] #675 attempt=1/2 status=200 0.369s url=https://www.myfonts.com/collections/podium-font-identikal/
[2026-09-18T11:11:37Z] #676 attempt=1/2 status=404 0.209s url=https://www.myfonts.com/collections/bold-podium-536755-font-identikal
[2026-09-18T11:11:37Z] #677 attempt=1/2 status=200 0.338s url=https://www.myfonts.com/products/open-a-italic-regular-metron-536660
[2026-09-18T11:11:38Z] #678 attempt=1/2 status=200 0.400s url=https://www.myfonts.com/collections/metron-font-identikal/
[2026-09-18T11:11:38Z] #679 attempt=1/2 status=200 0.227s url=https://www.myfonts.com/collections/metron-font-identikal/?tab=techSpecs
[2026-09-18T11:11:39Z] #680 attempt=1/2 status=200 0.347s url=https://www.myfonts.com/collections/metron-font-identikal/
[2026-09-18T11:11:40Z] #681 attempt=1/2 status=404 0.209s url=https://www.myfonts.com/collections/open-a-italic-regular-metron-536660-font-identikal
[2026-09-18T11:11:40Z] #682 attempt=1/2 status=200 0.394s url=https://www.myfonts.com/products/bold-italic-kneeon-536610
[2026-09-18T11:11:41Z] #683 attempt=1/2 status=200 0.323s url=https://www.myfonts.com/collections/kneeon-font-identikal/
[2026-09-18T11:11:42Z] #684 attempt=1/2 status=200 0.401s url=https://www.myfonts.com/collections/kneeon-font-identikal/?tab=techSpecs
[2026-09-18T11:11:43Z] #685 attempt=1/2 status=200 0.219s url=https://www.myfonts.com/collections/kneeon-font-identikal/
[2026-09-18T11:11:43Z] #686 attempt=1/2 status=404 0.227s url=https://www.myfonts.com/collections/bold-italic-kneeon-536610-font-identikal
[2026-09-18T11:11:44Z] #687 attempt=1/2 status=200 0.356s url=https://www.myfonts.com/products/bold-phantom-536699
[2026-09-18T11:11:44Z] #688 attempt=1/2 status=200 0.351s url=https://www.myfonts.com/collections/phantom-font-identikal/
[2026-09-18T11:11:45Z] #689 attempt=1/2 status=200 0.344s url=https://www.myfonts.com/collections/phantom-font-identikal/?tab=techSpecs
[2026-09-18T11:11:46Z] #690 attempt=1/2 status=200 0.369s url=https://www.myfonts.com/collections/phantom-font-identikal/
[2026-09-18T11:11:46Z] #691 attempt=1/2 status=404 0.242s url=https://www.myfonts.com/collections/bold-phantom-536699-font-identikal
[2026-09-18T11:11:47Z] #692 attempt=1/2 status=200 0.294s url=https://www.myfonts.com/products/regular-chord-536394
[2026-09-18T11:11:48Z] #693 attempt=1/2 status=200 0.400s url=https://www.myfonts.com/collections/chord-font-identikal/
[2026-09-18T11:11:48Z] #694 attempt=1/2 status=200 0.370s url=https://www.myfonts.com/collections/chord-font-identikal/?tab=techSpecs
[2026-09-18T11:11:49Z] #695 attempt=1/2 status=200 0.338s url=https://www.myfonts.com/collections/chord-font-identikal/
[2026-09-18T11:11:50Z] #696 attempt=1/2 status=404 0.309s url=https://www.myfonts.com/collections/regular-chord-536394-font-identikal
[2026-09-18T11:11:50Z] #697 attempt=1/2 status=200 0.350s url=https://www.myfonts.com/products/ultra-light-italic-46-degrees-536364
[2026-09-18T11:11:51Z] #698 attempt=1/2 status=200 0.341s url=https://www.myfonts.com/collections/46-degrees-font-identikal/
[2026-09-18T11:11:51Z] #699 attempt=1/2 status=200 0.194s url=https://www.myfonts.com/collections/46-degrees-font-identikal/?tab=techSpecs
[2026-09-18T11:11:52Z] #700 attempt=1/2 status=200 0.317s url=https://www.myfonts.com/collections/46-degrees-font-identikal/
[2026-09-18T11:11:53Z] #701 attempt=1/2 status=404 0.229s url=https://www.myfonts.com/collections/ultra-light-italic-46-degrees-536364-font-identikal
[2026-09-18T11:11:54Z] #702 attempt=1/6 status=200 0.396s url=https://www.myfonts.com/products.json?limit=100&page=24
[2026-09-18T11:11:54Z] #703 attempt=1/2 status=200 0.402s url=https://www.myfonts.com/products/round-negative-phlex-536717
[2026-09-18T11:11:55Z] #704 attempt=1/2 status=200 0.352s url=https://www.myfonts.com/collections/phlex-font-identikal/
[2026-09-18T11:11:55Z] #705 attempt=1/2 status=200 0.341s url=https://www.myfonts.com/collections/phlex-font-identikal/?tab=techSpecs
[2026-09-18T11:11:57Z] #706 attempt=1/2 status=200 0.407s url=https://www.myfonts.com/collections/phlex-font-identikal/
[2026-09-18T11:11:58Z] #707 attempt=1/2 status=404 0.235s url=https://www.myfonts.com/collections/round-negative-phlex-536717-font-identikal
[2026-09-18T11:11:58Z] #708 attempt=1/2 status=200 0.302s url=https://www.myfonts.com/products/outline-regular-act-stern-536371
[2026-09-18T11:11:59Z] #709 attempt=1/2 status=200 0.512s url=https://www.myfonts.com/collections/act-stern-font-identikal/
[2026-09-18T11:11:59Z] #710 attempt=1/2 status=200 0.219s url=https://www.myfonts.com/collections/act-stern-font-identikal/?tab=techSpecs
[2026-09-18T11:12:00Z] #711 attempt=1/2 status=200 0.343s url=https://www.myfonts.com/collections/act-stern-font-identikal/
[2026-09-18T11:12:01Z] #712 attempt=1/2 status=404 0.230s url=https://www.myfonts.com/collections/outline-regular-act-stern-536371-font-identikal
[2026-09-18T11:12:02Z] #713 attempt=1/6 status=200 0.498s url=https://www.myfonts.com/products.json?limit=100&page=25
[2026-09-18T11:12:02Z] #714 attempt=1/2 status=200 0.292s url=https://www.myfonts.com/products/italic-regular-attac-536385
[2026-09-18T11:12:03Z] #715 attempt=1/2 status=200 0.349s url=https://www.myfonts.com/collections/attac-font-identikal/
[2026-09-18T11:12:04Z] #716 attempt=1/2 status=200 0.308s url=https://www.myfonts.com/collections/attac-font-identikal/?tab=techSpecs
[2026-09-18T11:12:05Z] #717 attempt=1/2 status=200 0.352s url=https://www.myfonts.com/collections/attac-font-identikal/
[2026-09-18T11:12:05Z] #718 attempt=1/2 status=404 0.258s url=https://www.myfonts.com/collections/italic-regular-attac-536385-font-identikal
[2026-09-18T11:12:06Z] #719 attempt=1/2 status=200 0.791s url=https://www.myfonts.com/products/serif-and-san-serif-best-font-bundle-package-721139
[2026-09-18T11:12:06Z] #720 attempt=1/2 status=404 0.251s url=https://www.myfonts.com/collections/serif-and-san-serif-best-font-bundle-font-canden-meutuah
[2026-09-18T11:12:07Z] #721 attempt=1/2 status=200 0.360s url=https://www.myfonts.com/products/mltp-hade-rasty-signature-complete-family-package-1223794
[2026-09-18T11:12:08Z] #722 attempt=1/2 status=200 0.374s url=https://www.myfonts.com/collections/mltp-hade-rasty-signature-font-multype-studio/
[2026-09-18T11:12:10Z] #723 attempt=1/2 status=200 1.924s url=https://www.myfonts.com/products/nuviora-complete-family-package-1224362
[2026-09-18T11:12:13Z] #724 attempt=1/2 status=200 2.314s url=https://www.myfonts.com/collections/nuviora-font-stripes-studio/
[2026-09-18T11:12:14Z] #725 attempt=1/2 status=200 0.378s url=https://www.myfonts.com/products/olyford-variable-complete-family-package-1224360
[2026-09-18T11:12:15Z] #726 attempt=1/2 status=200 0.448s url=https://www.myfonts.com/collections/olyford-variable-font-nicolass-fonts/
[2026-09-18T11:12:15Z] #727 attempt=1/2 status=200 0.364s url=https://www.myfonts.com/products/techmono-complete-family-package-1223779
[2026-09-18T11:12:16Z] #728 attempt=1/2 status=200 0.462s url=https://www.myfonts.com/collections/techmono-font-maverick26designs/
[2026-09-18T11:12:17Z] #729 attempt=1/2 status=200 0.371s url=https://www.myfonts.com/products/pg-wensokia-complete-family-package-1224292
[2026-09-18T11:12:17Z] #730 attempt=1/2 status=200 0.431s url=https://www.myfonts.com/collections/pg-wensokia-font-pretty-glyphs/
[2026-09-18T11:12:18Z] #731 attempt=1/2 status=200 0.381s url=https://www.myfonts.com/products/woblen-complete-family-package-1223776
[2026-09-18T11:12:19Z] #732 attempt=1/2 status=200 0.451s url=https://www.myfonts.com/collections/woblen-font-muksal-creatives/
[2026-09-18T11:12:20Z] #733 attempt=1/2 status=200 0.377s url=https://www.myfonts.com/products/ruster-complete-family-package-1224346
[2026-09-18T11:12:20Z] #734 attempt=1/2 status=200 0.363s url=https://www.myfonts.com/collections/ruster-font-dareco-studio/
[2026-09-18T11:12:21Z] #735 attempt=1/2 status=200 0.722s url=https://www.myfonts.com/products/dear-mother-complete-family-package-1223073
[2026-09-18T11:12:22Z] #736 attempt=1/2 status=200 0.878s url=https://www.myfonts.com/collections/dear-mother-font-abbastype/
[2026-09-18T11:12:23Z] #737 attempt=1/2 status=200 0.463s url=https://www.myfonts.com/products/glorious-condensed-complete-family-package-1224271
[2026-09-18T11:12:24Z] #738 attempt=1/2 status=200 0.662s url=https://www.myfonts.com/collections/glorious-condensed-font-unitype-studio/
[2026-09-18T11:12:26Z] #739 attempt=1/2 status=200 1.155s url=https://www.myfonts.com/products/bentico-complete-family-package-1223624
[2026-09-18T11:12:28Z] #740 attempt=1/2 status=200 1.533s url=https://www.myfonts.com/collections/bentico-font-mordex-studio/
[2026-09-18T11:12:29Z] #741 attempt=1/2 status=200 0.359s url=https://www.myfonts.com/products/wech-complete-family-package-1224343
[2026-09-18T11:12:29Z] #742 attempt=1/2 status=200 0.399s url=https://www.myfonts.com/collections/wech-font-dareco-studio/
[2026-09-18T11:12:30Z] #743 attempt=1/2 status=200 0.468s url=https://www.myfonts.com/products/tf-bragado-complete-family-package-1222887
[2026-09-18T11:12:31Z] #744 attempt=1/2 status=200 0.639s url=https://www.myfonts.com/collections/tf-bragado-font-typeflock/
[2026-09-18T11:12:32Z] #745 attempt=1/2 status=200 0.397s url=https://www.myfonts.com/products/le-mighty-legacy-complete-family-package-1223613
[2026-09-18T11:12:32Z] #746 attempt=1/2 status=200 0.492s url=https://www.myfonts.com/collections/le-mighty-legacy-font-ivan-rosenberg/
[2026-09-18T11:12:34Z] #747 attempt=1/2 status=200 1.003s url=https://www.myfonts.com/products/selfinty-complete-family-package-1223039
[2026-09-18T11:12:36Z] #748 attempt=1/2 status=200 1.491s url=https://www.myfonts.com/collections/selfinty-font-madjack-font/
[2026-09-18T11:12:37Z] #749 attempt=1/2 status=200 0.438s url=https://www.myfonts.com/products/autumn-reverie-complete-family-package-1224262
[2026-09-18T11:12:37Z] #750 attempt=1/2 status=200 0.466s url=https://www.myfonts.com/collections/autumn-reverie-font-yoga-letter/
[2026-09-18T11:12:38Z] #751 attempt=1/2 status=200 0.397s url=https://www.myfonts.com/products/bigvalue-complete-family-package-1224340
[2026-09-18T11:12:39Z] #752 attempt=1/2 status=200 0.367s url=https://www.myfonts.com/collections/bigvalue-font-artiveko/
[2026-09-18T11:12:39Z] #753 attempt=1/2 status=200 0.365s url=https://www.myfonts.com/products/chunky-zorvy-complete-family-package-1222883
[2026-09-18T11:12:44Z] #754 attempt=1/2 status=200 4.523s url=https://www.myfonts.com/collections/chunky-zorvy-font-syauqi-studio/
[2026-09-18T11:12:44Z] summary releases=32 first_429=None log_file=state/myfonts_run_20260918_110151.log
[2026-09-18T11:12:44Z] saved_success_profile path=state/myfonts_success_profile.json
[2026-09-18T11:12:44Z] === MyFonts crawl end ===
