[2026-09-14T12:31:09Z] checkpoint fresh next_page=1 path=state/myfonts_crawl_checkpoint.json
[2026-09-14T12:31:09Z] === MyFonts crawl start source=myfonts ===
[2026-09-14T12:31:09Z] config max_pages=25 page_size=100 start_date=2026-09-13 end_date=2026-09-14 api_delay=0.5s detail_delay=0.2s max_debut_checks=400 max_tech_specs_checks=200 reuse_success_profile=False always_enrich_packages=True language_script_signal_mode=strong force_fresh_run=False start_page=1 browser_mode=False browser_headless=True browser_storage_state_path=state/myfonts_storage_state.json
[2026-09-14T12:31:11Z] #1 attempt=1/6 status=200 1.081s url=https://www.myfonts.com/products.json?limit=100&page=1
[2026-09-14T12:31:12Z] #2 attempt=1/2 status=200 0.503s url=https://www.myfonts.com/products/xxxx-package-1222791
[2026-09-14T12:31:12Z] #3 attempt=1/2 status=200 0.626s url=https://www.myfonts.com/collections/wtf-hammer-font-without-foundry/
[2026-09-14T12:31:13Z] #4 attempt=1/2 status=200 0.284s url=https://www.myfonts.com/collections/wtf-hammer-font-without-foundry/?tab=techSpecs
[2026-09-14T12:31:15Z] #5 attempt=1/2 status=200 0.364s url=https://www.myfonts.com/products/olyford-pro-variable-complete-family-package-1222765
[2026-09-14T12:31:15Z] #6 attempt=1/2 status=200 0.387s url=https://www.myfonts.com/collections/olyford-pro-variable-font-nicolass-fonts/
[2026-09-14T12:31:16Z] #7 attempt=1/2 status=200 0.209s url=https://www.myfonts.com/collections/olyford-pro-variable-font-nicolass-fonts/?tab=techSpecs
[2026-09-14T12:31:17Z] #8 attempt=1/2 status=200 0.338s url=https://www.myfonts.com/products/as-wca26-complete-family-package-1222761
[2026-09-14T12:31:18Z] #9 attempt=1/2 status=200 0.374s url=https://www.myfonts.com/collections/as-wc26-font-sallam-type/
[2026-09-14T12:31:18Z] #10 attempt=1/2 status=200 0.204s url=https://www.myfonts.com/collections/as-wc26-font-sallam-type/?tab=techSpecs
[2026-09-14T12:31:19Z] #11 attempt=1/2 status=200 0.343s url=https://www.myfonts.com/products/mellow-munch-complete-family-package-1222808
[2026-09-14T12:31:20Z] #12 attempt=1/2 status=200 0.363s url=https://www.myfonts.com/collections/mellow-munch-font-cocodesign/
[2026-09-14T12:31:20Z] #13 attempt=1/2 status=200 0.204s url=https://www.myfonts.com/collections/mellow-munch-font-cocodesign/?tab=techSpecs
[2026-09-14T12:31:22Z] #14 attempt=1/2 status=200 0.374s url=https://www.myfonts.com/products/bulgash-complete-family-package-1222811
[2026-09-14T12:31:22Z] #15 attempt=1/2 status=200 0.353s url=https://www.myfonts.com/collections/bulgash-font-zaain-type/
[2026-09-14T12:31:23Z] #16 attempt=1/2 status=200 0.237s url=https://www.myfonts.com/collections/bulgash-font-zaain-type/?tab=techSpecs
[2026-09-14T12:31:24Z] #17 attempt=1/2 status=200 0.302s url=https://www.myfonts.com/products/regular-hidden-stories-1222806
[2026-09-14T12:31:24Z] #18 attempt=1/2 status=200 0.305s url=https://www.myfonts.com/collections/hidden-stories-font-littlehand/
[2026-09-14T12:31:25Z] #19 attempt=1/2 status=200 0.226s url=https://www.myfonts.com/collections/hidden-stories-font-littlehand/?tab=techSpecs
[2026-09-14T12:31:26Z] #20 attempt=1/2 status=200 0.273s url=https://www.myfonts.com/products/regular-damoria-1222805
[2026-09-14T12:31:26Z] #21 attempt=1/2 status=200 0.331s url=https://www.myfonts.com/collections/damoria-font-maulana-creative/
[2026-09-14T12:31:27Z] #22 attempt=1/2 status=200 0.216s url=https://www.myfonts.com/collections/damoria-font-maulana-creative/?tab=techSpecs
[2026-09-14T12:31:28Z] #23 attempt=1/2 status=200 0.431s url=https://www.myfonts.com/products/regular-geometric-branding-1222807
[2026-09-14T12:31:28Z] #24 attempt=1/2 status=200 0.320s url=https://www.myfonts.com/collections/geometric-branding-font-dareco-studio/
[2026-09-14T12:31:29Z] #25 attempt=1/2 status=200 0.209s url=https://www.myfonts.com/collections/geometric-branding-font-dareco-studio/?tab=techSpecs
[2026-09-14T12:31:30Z] #26 attempt=1/2 status=200 0.304s url=https://www.myfonts.com/products/regular-ut-melfina-1222804
[2026-09-14T12:31:30Z] #27 attempt=1/2 status=200 0.336s url=https://www.myfonts.com/collections/ut-melfina-font-unitype-studio/
[2026-09-14T12:31:31Z] #28 attempt=1/2 status=200 0.212s url=https://www.myfonts.com/collections/ut-melfina-font-unitype-studio/?tab=techSpecs
[2026-09-14T12:31:31Z] #29 attempt=1/2 status=200 0.341s url=https://www.myfonts.com/products/neu-t-italics-neu-t-1222764
[2026-09-14T12:31:32Z] #30 attempt=1/2 status=200 0.394s url=https://www.myfonts.com/collections/neu-t-font-neuclique-design/
[2026-09-14T12:31:33Z] #31 attempt=1/2 status=200 0.261s url=https://www.myfonts.com/collections/neu-t-font-neuclique-design/?tab=techSpecs
[2026-09-14T12:31:34Z] #32 attempt=1/2 status=200 0.544s url=https://www.myfonts.com/products/corsario-variable-complete-family-package-1222757
[2026-09-14T12:31:35Z] #33 attempt=1/2 status=200 0.373s url=https://www.myfonts.com/collections/corsariovf-font-floodfonts/
[2026-09-14T12:31:35Z] #34 attempt=1/2 status=200 0.217s url=https://www.myfonts.com/collections/corsariovf-font-floodfonts/?tab=techSpecs
[2026-09-14T12:31:36Z] #35 attempt=1/2 status=200 0.419s url=https://www.myfonts.com/products/mochimo-complete-family-package-1222743
[2026-09-14T12:31:37Z] #36 attempt=1/2 status=200 0.447s url=https://www.myfonts.com/collections/mochimo-font-fargun-studio/
[2026-09-14T12:31:38Z] #37 attempt=1/2 status=200 0.243s url=https://www.myfonts.com/collections/mochimo-font-fargun-studio/?tab=techSpecs
[2026-09-14T12:31:39Z] #38 attempt=1/2 status=200 0.939s url=https://www.myfonts.com/products/the-modern-type-duo-package-1222756
[2026-09-14T12:31:40Z] #39 attempt=1/2 status=404 0.323s url=https://www.myfonts.com/collections/the-modern-type-duo-font-fontop
[2026-09-14T12:31:40Z] #40 attempt=1/2 status=200 0.349s url=https://www.myfonts.com/products/flamor-complete-family-package-1222635
[2026-09-14T12:31:41Z] #41 attempt=1/2 status=200 0.318s url=https://www.myfonts.com/collections/flamor-font-artisan-themes/
[2026-09-14T12:31:42Z] #42 attempt=1/2 status=200 0.211s url=https://www.myfonts.com/collections/flamor-font-artisan-themes/?tab=techSpecs
[2026-09-14T12:31:43Z] #43 attempt=1/2 status=200 0.377s url=https://www.myfonts.com/products/hagios-complete-family-package-1222658
[2026-09-14T12:31:44Z] #44 attempt=1/2 status=200 0.393s url=https://www.myfonts.com/collections/hagios-font-dgtype/
[2026-09-14T12:31:44Z] #45 attempt=1/2 status=200 0.229s url=https://www.myfonts.com/collections/hagios-font-dgtype/?tab=techSpecs
[2026-09-14T12:31:45Z] #46 attempt=1/2 status=200 0.319s url=https://www.myfonts.com/products/informix-complete-family-package-1222607
[2026-09-14T12:31:46Z] #47 attempt=1/2 status=200 0.376s url=https://www.myfonts.com/collections/informix-font-arterfak-project/
[2026-09-14T12:31:46Z] #48 attempt=1/2 status=200 0.215s url=https://www.myfonts.com/collections/informix-font-arterfak-project/?tab=techSpecs
[2026-09-14T12:31:48Z] #49 attempt=1/2 status=200 0.389s url=https://www.myfonts.com/products/moderica-complete-family-package-1222624
[2026-09-14T12:31:48Z] #50 attempt=1/2 status=200 0.361s url=https://www.myfonts.com/collections/moderica-font-tini-fitriani/
[2026-09-14T12:31:49Z] #51 attempt=1/2 status=200 0.197s url=https://www.myfonts.com/collections/moderica-font-tini-fitriani/?tab=techSpecs
[2026-09-14T12:31:50Z] #52 attempt=1/2 status=200 0.370s url=https://www.myfonts.com/products/winning-deal-pro-complete-family-package-1222552
[2026-09-14T12:31:51Z] #53 attempt=1/2 status=200 0.408s url=https://www.myfonts.com/collections/winning-deal-pro-font-hanoded/
[2026-09-14T12:31:51Z] #54 attempt=1/2 status=200 0.223s url=https://www.myfonts.com/collections/winning-deal-pro-font-hanoded/?tab=techSpecs
[2026-09-14T12:31:52Z] #55 attempt=1/2 status=200 0.417s url=https://www.myfonts.com/products/voorty-complete-family-package-1222642
[2026-09-14T12:31:53Z] #56 attempt=1/2 status=200 0.436s url=https://www.myfonts.com/collections/voorty-font-bimaksara/
[2026-09-14T12:31:54Z] #57 attempt=1/2 status=200 0.227s url=https://www.myfonts.com/collections/voorty-font-bimaksara/?tab=techSpecs
[2026-09-14T12:31:55Z] #58 attempt=1/2 status=200 0.455s url=https://www.myfonts.com/products/bree-devanagari-complete-family-package-1222748
[2026-09-14T12:31:56Z] #59 attempt=1/2 status=200 0.401s url=https://www.myfonts.com/collections/bree-devanagari-font-type-together/
[2026-09-14T12:31:56Z] #60 attempt=1/2 status=200 0.227s url=https://www.myfonts.com/collections/bree-devanagari-font-type-together/?tab=techSpecs
[2026-09-14T12:31:57Z] #61 attempt=1/2 status=200 0.340s url=https://www.myfonts.com/products/plumo-complete-family-package-1222668
[2026-09-14T12:31:58Z] #62 attempt=1/2 status=200 0.364s url=https://www.myfonts.com/collections/plumo-font-ethylene/
[2026-09-14T12:31:58Z] #63 attempt=1/2 status=200 0.211s url=https://www.myfonts.com/collections/plumo-font-ethylene/?tab=techSpecs
[2026-09-14T12:32:00Z] #64 attempt=1/2 status=200 0.321s url=https://www.myfonts.com/products/veyron-complete-family-package-1222628
[2026-09-14T12:32:00Z] #65 attempt=1/2 status=200 0.388s url=https://www.myfonts.com/collections/veyron-font-steptype/
[2026-09-14T12:32:01Z] #66 attempt=1/2 status=200 0.227s url=https://www.myfonts.com/collections/veyron-font-steptype/?tab=techSpecs
[2026-09-14T12:32:02Z] #67 attempt=1/2 status=200 0.361s url=https://www.myfonts.com/products/crunchero-complete-family-package-1222599
[2026-09-14T12:32:02Z] #68 attempt=1/2 status=200 0.392s url=https://www.myfonts.com/collections/crunchero-font-steptype/
[2026-09-14T12:32:03Z] #69 attempt=1/2 status=200 0.213s url=https://www.myfonts.com/collections/crunchero-font-steptype/?tab=techSpecs
[2026-09-14T12:32:04Z] #70 attempt=1/2 status=200 0.336s url=https://www.myfonts.com/products/crafted-storybook-complete-family-package-1222639
[2026-09-14T12:32:05Z] #71 attempt=1/2 status=200 0.363s url=https://www.myfonts.com/collections/crafted-storybook-font-bale-type/
[2026-09-14T12:32:05Z] #72 attempt=1/2 status=200 0.235s url=https://www.myfonts.com/collections/crafted-storybook-font-bale-type/?tab=techSpecs
[2026-09-14T12:32:07Z] #73 attempt=1/2 status=200 0.410s url=https://www.myfonts.com/products/chevin-pro-complete-family-package-1222585
[2026-09-14T12:32:07Z] #74 attempt=1/2 status=200 0.724s url=https://www.myfonts.com/collections/chevin-pro-font-g-type/
[2026-09-14T12:32:08Z] #75 attempt=1/2 status=200 0.453s url=https://www.myfonts.com/collections/chevin-pro-font-g-type/?tab=techSpecs
[2026-09-14T12:32:09Z] #76 attempt=1/2 status=200 0.326s url=https://www.myfonts.com/products/nestora-sharp-complete-family-package-1222562
[2026-09-14T12:32:10Z] #77 attempt=1/2 status=200 0.353s url=https://www.myfonts.com/collections/nestora-sharp-font-steptype/
[2026-09-14T12:32:10Z] #78 attempt=1/2 status=200 0.218s url=https://www.myfonts.com/collections/nestora-sharp-font-steptype/?tab=techSpecs
[2026-09-14T12:32:12Z] #79 attempt=1/2 status=200 0.299s url=https://www.myfonts.com/products/regular-astedy-victoria-1222598
[2026-09-14T12:32:12Z] #80 attempt=1/2 status=200 0.332s url=https://www.myfonts.com/collections/astedy-victoria-font-sensatype-studio/
[2026-09-14T12:32:13Z] #81 attempt=1/2 status=200 0.209s url=https://www.myfonts.com/collections/astedy-victoria-font-sensatype-studio/?tab=techSpecs
[2026-09-14T12:32:14Z] #82 attempt=1/2 status=200 0.334s url=https://www.myfonts.com/products/regular-tofu-chips-1222667
[2026-09-14T12:32:14Z] #83 attempt=1/2 status=200 0.316s url=https://www.myfonts.com/collections/tofu-chips-font-epiclinez/
[2026-09-14T12:32:15Z] #84 attempt=1/2 status=200 0.216s url=https://www.myfonts.com/collections/tofu-chips-font-epiclinez/?tab=techSpecs
[2026-09-14T12:32:16Z] #85 attempt=1/2 status=200 0.313s url=https://www.myfonts.com/products/bold-kineks-symbol-1222651
[2026-09-14T12:32:16Z] #86 attempt=1/2 status=200 0.304s url=https://www.myfonts.com/collections/kineks-symbol-font-bykineks/
[2026-09-14T12:32:17Z] #87 attempt=1/2 status=200 0.207s url=https://www.myfonts.com/collections/kineks-symbol-font-bykineks/?tab=techSpecs
[2026-09-14T12:32:17Z] #88 attempt=1/2 status=200 0.309s url=https://www.myfonts.com/products/regular-ez-lintwell-1222610
[2026-09-14T12:32:18Z] #89 attempt=1/2 status=200 0.311s url=https://www.myfonts.com/collections/ez-lintwell-font-zafara-studios/
[2026-09-14T12:32:18Z] #90 attempt=1/2 status=200 0.224s url=https://www.myfonts.com/collections/ez-lintwell-font-zafara-studios/?tab=techSpecs
[2026-09-14T12:32:19Z] #91 attempt=1/2 status=200 0.327s url=https://www.myfonts.com/products/regular-effervescent-1222602
[2026-09-14T12:32:20Z] #92 attempt=1/2 status=200 0.338s url=https://www.myfonts.com/collections/effervescent-font-gassstype/
[2026-09-14T12:32:20Z] #93 attempt=1/2 status=200 0.229s url=https://www.myfonts.com/collections/effervescent-font-gassstype/?tab=techSpecs
[2026-09-14T12:32:22Z] #94 attempt=1/6 status=200 0.954s url=https://www.myfonts.com/products.json?limit=100&page=2
[2026-09-14T12:32:23Z] #95 attempt=1/2 status=200 0.685s url=https://www.myfonts.com/products/hyperspace-race-wide-family-package-1222741
[2026-09-14T12:32:24Z] #96 attempt=1/2 status=200 0.864s url=https://www.myfonts.com/collections/hyperspace-race-font-swell-type/
[2026-09-14T12:32:25Z] #97 attempt=1/2 status=200 0.295s url=https://www.myfonts.com/collections/hyperspace-race-font-swell-type/?tab=techSpecs
[2026-09-14T12:32:26Z] #98 attempt=1/2 status=200 0.411s url=https://www.myfonts.com/products/dectone-complete-family-package-1222672
[2026-09-14T12:32:27Z] #99 attempt=1/2 status=200 0.422s url=https://www.myfonts.com/collections/dectone-font-flawlessandco/
[2026-09-14T12:32:27Z] #100 attempt=1/2 status=200 0.225s url=https://www.myfonts.com/collections/dectone-font-flawlessandco/?tab=techSpecs
[2026-09-14T12:32:29Z] #101 attempt=1/2 status=200 0.471s url=https://www.myfonts.com/products/fox-bunko-complete-family-package-1222686
[2026-09-14T12:32:30Z] #102 attempt=1/2 status=200 0.430s url=https://www.myfonts.com/collections/fox-bunko-font-fox7/
[2026-09-14T12:32:30Z] #103 attempt=1/2 status=200 0.243s url=https://www.myfonts.com/collections/fox-bunko-font-fox7/?tab=techSpecs
[2026-09-14T12:32:31Z] #104 attempt=1/2 status=200 0.364s url=https://www.myfonts.com/products/buchy-kids-complete-family-package-1222683
[2026-09-14T12:32:32Z] #105 attempt=1/2 status=200 0.379s url=https://www.myfonts.com/collections/buchy-kids-font-font-liner/
[2026-09-14T12:32:33Z] #106 attempt=1/2 status=200 0.254s url=https://www.myfonts.com/collections/buchy-kids-font-font-liner/?tab=techSpecs
[2026-09-14T12:32:34Z] #107 attempt=1/2 status=200 0.376s url=https://www.myfonts.com/products/regular-blaze-fury-1222611
[2026-09-14T12:32:35Z] #108 attempt=1/2 status=200 0.376s url=https://www.myfonts.com/collections/blaze-fury-font-ferry-ardana-putra/
[2026-09-14T12:32:35Z] #109 attempt=1/2 status=200 0.244s url=https://www.myfonts.com/collections/blaze-fury-font-ferry-ardana-putra/?tab=techSpecs
[2026-09-14T12:32:36Z] #110 attempt=1/2 status=200 0.312s url=https://www.myfonts.com/products/regular-shook-ones-1222656
[2026-09-14T12:32:37Z] #111 attempt=1/2 status=200 0.333s url=https://www.myfonts.com/collections/shook-ones-font-crumphand/
[2026-09-14T12:32:37Z] #112 attempt=1/2 status=200 0.226s url=https://www.myfonts.com/collections/shook-ones-font-crumphand/?tab=techSpecs
[2026-09-14T12:32:38Z] #113 attempt=1/2 status=200 0.341s url=https://www.myfonts.com/products/regular-berry-boy-1222671
[2026-09-14T12:32:39Z] #114 attempt=1/2 status=200 0.335s url=https://www.myfonts.com/collections/berry-boy-font-fikryal/
[2026-09-14T12:32:39Z] #115 attempt=1/2 status=200 0.220s url=https://www.myfonts.com/collections/berry-boy-font-fikryal/?tab=techSpecs
[2026-09-14T12:32:40Z] #116 attempt=1/2 status=200 0.334s url=https://www.myfonts.com/products/regular-ut-rockgym-1222623
[2026-09-14T12:32:41Z] #117 attempt=1/2 status=200 0.323s url=https://www.myfonts.com/collections/ut-rockgym-font-unitype-studio/
[2026-09-14T12:32:41Z] #118 attempt=1/2 status=200 0.197s url=https://www.myfonts.com/collections/ut-rockgym-font-unitype-studio/?tab=techSpecs
[2026-09-14T12:32:42Z] #119 attempt=1/2 status=200 0.317s url=https://www.myfonts.com/products/regular-osseira-1222634
[2026-09-14T12:32:42Z] #120 attempt=1/2 status=200 0.317s url=https://www.myfonts.com/collections/osseira-font-arif-novianto/
[2026-09-14T12:32:43Z] #121 attempt=1/2 status=200 0.228s url=https://www.myfonts.com/collections/osseira-font-arif-novianto/?tab=techSpecs
[2026-09-14T12:32:44Z] #122 attempt=1/2 status=200 0.341s url=https://www.myfonts.com/products/regular-palm-tango-1222622
[2026-09-14T12:32:44Z] #123 attempt=1/2 status=200 0.352s url=https://www.myfonts.com/collections/palm-tango-font-unitype-studio/
[2026-09-14T12:32:45Z] #124 attempt=1/2 status=200 0.241s url=https://www.myfonts.com/collections/palm-tango-font-unitype-studio/?tab=techSpecs
[2026-09-14T12:32:46Z] #125 attempt=1/2 status=200 0.378s url=https://www.myfonts.com/products/regular-grogol-1222666
[2026-09-14T12:32:46Z] #126 attempt=1/2 status=200 0.326s url=https://www.myfonts.com/collections/grogol-font-drizy-font/
[2026-09-14T12:32:47Z] #127 attempt=1/2 status=200 0.198s url=https://www.myfonts.com/collections/grogol-font-drizy-font/?tab=techSpecs
[2026-09-14T12:32:48Z] #128 attempt=1/2 status=200 0.306s url=https://www.myfonts.com/products/medium-curious-kitty-1222632
[2026-09-14T12:32:48Z] #129 attempt=1/2 status=200 0.316s url=https://www.myfonts.com/collections/curious-kitty-font-aisyah/
[2026-09-14T12:32:49Z] #130 attempt=1/2 status=200 0.258s url=https://www.myfonts.com/collections/curious-kitty-font-aisyah/?tab=techSpecs
[2026-09-14T12:32:50Z] #131 attempt=1/2 status=200 0.451s url=https://www.myfonts.com/products/regular-alkonite-1222657
[2026-09-14T12:32:50Z] #132 attempt=1/2 status=200 0.389s url=https://www.myfonts.com/collections/alkonite-font-artoni/
[2026-09-14T12:32:51Z] #133 attempt=1/2 status=200 0.242s url=https://www.myfonts.com/collections/alkonite-font-artoni/?tab=techSpecs
[2026-09-14T12:32:52Z] #134 attempt=1/2 status=200 0.355s url=https://www.myfonts.com/products/regular-maristein-1222682
[2026-09-14T12:32:52Z] #135 attempt=1/2 status=200 0.345s url=https://www.myfonts.com/collections/maristein-font-flawlessandco/
[2026-09-14T12:32:53Z] #136 attempt=1/2 status=200 0.205s url=https://www.myfonts.com/collections/maristein-font-flawlessandco/?tab=techSpecs
[2026-09-14T12:32:54Z] #137 attempt=1/2 status=200 0.299s url=https://www.myfonts.com/products/regular-blackbazz-1222638
[2026-09-14T12:32:54Z] #138 attempt=1/2 status=200 0.313s url=https://www.myfonts.com/collections/blackbazz-font-atasi-studio/
[2026-09-14T12:32:55Z] #139 attempt=1/2 status=200 0.208s url=https://www.myfonts.com/collections/blackbazz-font-atasi-studio/?tab=techSpecs
[2026-09-14T12:32:56Z] #140 attempt=1/2 status=200 0.326s url=https://www.myfonts.com/products/regular-madness-scratch-1222627
[2026-09-14T12:32:56Z] #141 attempt=1/2 status=200 0.310s url=https://www.myfonts.com/collections/madness-scratch-font-tini-fitriani/
[2026-09-14T12:32:57Z] #142 attempt=1/2 status=200 0.199s url=https://www.myfonts.com/collections/madness-scratch-font-tini-fitriani/?tab=techSpecs
[2026-09-14T12:32:58Z] #143 attempt=1/2 status=200 0.344s url=https://www.myfonts.com/products/regular-nika-marker-1222631
[2026-09-14T12:32:58Z] #144 attempt=1/2 status=200 0.354s url=https://www.myfonts.com/collections/nika-marker-font-611-studio/
[2026-09-14T12:32:59Z] #145 attempt=1/2 status=200 0.228s url=https://www.myfonts.com/collections/nika-marker-font-611-studio/?tab=techSpecs
[2026-09-14T12:33:01Z] #146 attempt=1/6 status=200 0.956s url=https://www.myfonts.com/products.json?limit=100&page=3
[2026-09-14T12:33:01Z] #147 attempt=1/2 status=200 0.355s url=https://www.myfonts.com/products/regular-august-memories-1222633
[2026-09-14T12:33:02Z] #148 attempt=1/2 status=200 0.368s url=https://www.myfonts.com/collections/august-memories-font-anxietype-foundry/
[2026-09-14T12:33:02Z] #149 attempt=1/2 status=200 0.228s url=https://www.myfonts.com/collections/august-memories-font-anxietype-foundry/?tab=techSpecs
[2026-09-14T12:33:03Z] #150 attempt=1/2 status=200 0.339s url=https://www.myfonts.com/products/mochinud-complete-family-package-1222616
[2026-09-14T12:33:04Z] #151 attempt=1/2 status=200 0.395s url=https://www.myfonts.com/collections/mochinud-font-made-deduk/
[2026-09-14T12:33:04Z] #152 attempt=1/2 status=200 0.210s url=https://www.myfonts.com/collections/mochinud-font-made-deduk/?tab=techSpecs
[2026-09-14T12:33:06Z] #153 attempt=1/2 status=200 0.370s url=https://www.myfonts.com/products/victoria-winter-complete-family-package-1222603
[2026-09-14T12:33:06Z] #154 attempt=1/2 status=200 0.361s url=https://www.myfonts.com/collections/victoria-winter-font-sensatype-studio/
[2026-09-14T12:33:07Z] #155 attempt=1/2 status=200 0.212s url=https://www.myfonts.com/collections/victoria-winter-font-sensatype-studio/?tab=techSpecs
[2026-09-14T12:33:08Z] #156 attempt=1/2 status=200 0.316s url=https://www.myfonts.com/products/brush-endless-regular-brush-endless-1222615
[2026-09-14T12:33:09Z] #157 attempt=1/2 status=200 0.390s url=https://www.myfonts.com/collections/brush-endless-font-alit-design/
[2026-09-14T12:33:09Z] #158 attempt=1/2 status=200 0.249s url=https://www.myfonts.com/collections/brush-endless-font-alit-design/?tab=techSpecs
[2026-09-14T12:33:10Z] #159 attempt=1/2 status=200 0.320s url=https://www.myfonts.com/products/regular-rikoil-1222619
[2026-09-14T12:33:11Z] #160 attempt=1/2 status=200 0.312s url=https://www.myfonts.com/collections/rikoil-font-flawlessandco/
[2026-09-14T12:33:11Z] #161 attempt=1/2 status=200 0.218s url=https://www.myfonts.com/collections/rikoil-font-flawlessandco/?tab=techSpecs
[2026-09-14T12:33:12Z] #162 attempt=1/2 status=200 0.362s url=https://www.myfonts.com/products/regular-brush-sans-1222614
[2026-09-14T12:33:13Z] #163 attempt=1/2 status=200 0.314s url=https://www.myfonts.com/collections/brush-sans-font-crumphand/
[2026-09-14T12:33:13Z] #164 attempt=1/2 status=200 0.215s url=https://www.myfonts.com/collections/brush-sans-font-crumphand/?tab=techSpecs
[2026-09-14T12:33:14Z] #165 attempt=1/2 status=200 0.326s url=https://www.myfonts.com/products/regular-grimblade-1222621
[2026-09-14T12:33:14Z] #166 attempt=1/2 status=200 0.314s url=https://www.myfonts.com/collections/grimblade-font-unitype-studio/
[2026-09-14T12:33:15Z] #167 attempt=1/2 status=200 0.231s url=https://www.myfonts.com/collections/grimblade-font-unitype-studio/?tab=techSpecs
[2026-09-14T12:33:16Z] #168 attempt=1/2 status=200 0.377s url=https://www.myfonts.com/products/regular-stelloo-lumelo-1222612
[2026-09-14T12:33:16Z] #169 attempt=1/2 status=200 0.351s url=https://www.myfonts.com/collections/stelloo-lumelo-font-product-type/
[2026-09-14T12:33:17Z] #170 attempt=1/2 status=200 0.214s url=https://www.myfonts.com/collections/stelloo-lumelo-font-product-type/?tab=techSpecs
[2026-09-14T12:33:18Z] #171 attempt=1/2 status=200 0.297s url=https://www.myfonts.com/products/smudge-regular-smudge-brush-1222613
[2026-09-14T12:33:18Z] #172 attempt=1/2 status=200 0.387s url=https://www.myfonts.com/collections/smudge-brush-font-ferry-ardana-putra/
[2026-09-14T12:33:19Z] #173 attempt=1/2 status=200 0.211s url=https://www.myfonts.com/collections/smudge-brush-font-ferry-ardana-putra/?tab=techSpecs
[2026-09-14T12:33:20Z] #174 attempt=1/2 status=200 0.355s url=https://www.myfonts.com/products/regular-crypt-keeper-1222620
[2026-09-14T12:33:20Z] #175 attempt=1/2 status=200 0.327s url=https://www.myfonts.com/collections/crypt-keeper-font-tini-fitriani/
[2026-09-14T12:33:21Z] #176 attempt=1/2 status=200 0.265s url=https://www.myfonts.com/collections/crypt-keeper-font-tini-fitriani/?tab=techSpecs
[2026-09-14T12:33:22Z] #177 attempt=1/2 status=200 0.325s url=https://www.myfonts.com/products/nm-lavender-sans-regular-nm-lavender-sans-1222560
[2026-09-14T12:33:22Z] #178 attempt=1/2 status=200 0.317s url=https://www.myfonts.com/collections/nm-lavender-sans-font-norm/
[2026-09-14T12:33:23Z] #179 attempt=1/2 status=200 0.243s url=https://www.myfonts.com/collections/nm-lavender-sans-font-norm/?tab=techSpecs
[2026-09-14T12:33:24Z] #180 attempt=1/2 status=200 0.306s url=https://www.myfonts.com/products/regular-brotherhood-projects-1222565
[2026-09-14T12:33:24Z] #181 attempt=1/2 status=200 0.322s url=https://www.myfonts.com/collections/brotherhood-projects-font-gassstype/
[2026-09-14T12:33:25Z] #182 attempt=1/2 status=200 0.200s url=https://www.myfonts.com/collections/brotherhood-projects-font-gassstype/?tab=techSpecs
[2026-09-14T12:33:26Z] #183 attempt=1/2 status=200 0.323s url=https://www.myfonts.com/products/regular-mutu-1222561
[2026-09-14T12:33:26Z] #184 attempt=1/2 status=200 0.327s url=https://www.myfonts.com/collections/mutu-font-gassstype/
[2026-09-14T12:33:27Z] #185 attempt=1/2 status=200 0.219s url=https://www.myfonts.com/collections/mutu-font-gassstype/?tab=techSpecs
[2026-09-14T12:33:28Z] #186 attempt=1/2 status=200 0.326s url=https://www.myfonts.com/products/regular-deadly-october-1222559
[2026-09-14T12:33:28Z] #187 attempt=1/2 status=200 0.391s url=https://www.myfonts.com/collections/deadly-october-font-seemly-fonts/
[2026-09-14T12:33:29Z] #188 attempt=1/2 status=200 0.224s url=https://www.myfonts.com/collections/deadly-october-font-seemly-fonts/?tab=techSpecs
[2026-09-14T12:33:30Z] #189 attempt=1/2 status=200 0.471s url=https://www.myfonts.com/products/visuelt-family-package-package-911760
[2026-09-14T12:33:30Z] #190 attempt=1/2 status=200 0.513s url=https://www.myfonts.com/collections/visuelt-font-colophon-foundry/
[2026-09-14T12:33:31Z] #191 attempt=1/2 status=200 0.259s url=https://www.myfonts.com/collections/visuelt-font-colophon-foundry/?tab=techSpecs
[2026-09-14T12:33:32Z] #192 attempt=1/2 status=200 0.350s url=https://www.myfonts.com/products/nuega-complete-family-package-1222050
[2026-09-14T12:33:33Z] #193 attempt=1/2 status=200 0.443s url=https://www.myfonts.com/collections/nuega-font-blankids/
[2026-09-14T12:33:33Z] #194 attempt=1/2 status=200 0.247s url=https://www.myfonts.com/collections/nuega-font-blankids/?tab=techSpecs
[2026-09-14T12:33:35Z] #195 attempt=1/2 status=200 0.413s url=https://www.myfonts.com/products/vertaz-display-complete-family-package-1222059
[2026-09-14T12:33:35Z] #196 attempt=1/2 status=200 0.416s url=https://www.myfonts.com/collections/vertaz-display-font-jolicia-type/
[2026-09-14T12:33:36Z] #197 attempt=1/2 status=200 0.227s url=https://www.myfonts.com/collections/vertaz-display-font-jolicia-type/?tab=techSpecs
[2026-09-14T12:33:37Z] #198 attempt=1/2 status=200 0.437s url=https://www.myfonts.com/products/bold-skin-package-package-1222038
[2026-09-14T12:33:38Z] #199 attempt=1/2 status=200 0.479s url=https://www.myfonts.com/collections/sx-statue-extended-font-sixtype-foundry/
[2026-09-14T12:33:38Z] #200 attempt=1/2 status=200 0.226s url=https://www.myfonts.com/collections/sx-statue-extended-font-sixtype-foundry/?tab=techSpecs
[2026-09-14T12:33:40Z] #201 attempt=1/2 status=200 0.423s url=https://www.myfonts.com/products/lander-complete-family-package-1222041
[2026-09-14T12:33:40Z] #202 attempt=1/2 status=200 0.349s url=https://www.myfonts.com/collections/lander-font-vultype-co/
[2026-09-14T12:33:41Z] #203 attempt=1/2 status=200 0.220s url=https://www.myfonts.com/collections/lander-font-vultype-co/?tab=techSpecs
[2026-09-14T12:33:42Z] #204 attempt=1/2 status=200 0.371s url=https://www.myfonts.com/products/silvora-complete-family-package-1222076
[2026-09-14T12:33:43Z] #205 attempt=1/2 status=200 0.410s url=https://www.myfonts.com/collections/silvora-font-ragamkata/
[2026-09-14T12:33:43Z] #206 attempt=1/2 status=200 0.218s url=https://www.myfonts.com/collections/silvora-font-ragamkata/?tab=techSpecs
[2026-09-14T12:33:44Z] #207 attempt=1/2 status=200 0.433s url=https://www.myfonts.com/products/iowan-old-style-bt-complete-family-pack-package-1221283
[2026-09-14T12:33:45Z] #208 attempt=1/2 status=200 0.527s url=https://www.myfonts.com/collections/iowan-old-style-font-bitstream/
[2026-09-14T12:33:46Z] #209 attempt=1/2 status=200 0.225s url=https://www.myfonts.com/collections/iowan-old-style-font-bitstream/?tab=techSpecs
[2026-09-14T12:33:48Z] #210 attempt=1/2 status=200 1.134s url=https://www.myfonts.com/products/atakana-script-complete-family-package-1222082
[2026-09-14T12:33:49Z] #211 attempt=1/2 status=200 1.076s url=https://www.myfonts.com/collections/atakana-script-font-abbastype/
[2026-09-14T12:33:50Z] #212 attempt=1/2 status=200 0.312s url=https://www.myfonts.com/collections/atakana-script-font-abbastype/?tab=techSpecs
[2026-09-14T12:33:53Z] #213 attempt=1/2 status=200 1.492s url=https://www.myfonts.com/products/winner-sans-complete-family-package-1221286
[2026-09-14T12:33:55Z] #214 attempt=1/2 status=200 1.785s url=https://www.myfonts.com/collections/winner-sans-font-sportsfonts/
[2026-09-14T12:33:56Z] #215 attempt=1/2 status=200 0.401s url=https://www.myfonts.com/collections/winner-sans-font-sportsfonts/?tab=techSpecs
[2026-09-14T12:33:58Z] #216 attempt=1/2 status=200 0.347s url=https://www.myfonts.com/products/bungahday-complete-family-package-1222047
[2026-09-14T12:33:58Z] #217 attempt=1/2 status=200 0.477s url=https://www.myfonts.com/collections/bungahday-font-artiveko/
[2026-09-14T12:33:59Z] #218 attempt=1/2 status=200 0.243s url=https://www.myfonts.com/collections/bungahday-font-artiveko/?tab=techSpecs
[2026-09-14T12:34:00Z] #219 attempt=1/2 status=200 0.380s url=https://www.myfonts.com/products/kana-takahope-maru-natu-complete-family-package-1222019
[2026-09-14T12:34:01Z] #220 attempt=1/2 status=200 0.403s url=https://www.myfonts.com/collections/kana-takahope-maru-natu-font-taka-design-production/
[2026-09-14T12:34:01Z] #221 attempt=1/2 status=200 0.232s url=https://www.myfonts.com/collections/kana-takahope-maru-natu-font-taka-design-production/?tab=techSpecs
[2026-09-14T12:34:02Z] #222 attempt=1/2 status=200 0.246s url=https://www.myfonts.com/collections/kana-takahope-maru-natu-font-taka-design-production/
[2026-09-14T12:34:03Z] #223 attempt=1/2 status=200 0.362s url=https://www.myfonts.com/products/mothers-great-complete-family-package-1222171
[2026-09-14T12:34:04Z] #224 attempt=1/2 status=200 0.454s url=https://www.myfonts.com/collections/mothers-great-font-groenstudio/
[2026-09-14T12:34:05Z] #225 attempt=1/2 status=200 0.266s url=https://www.myfonts.com/collections/mothers-great-font-groenstudio/?tab=techSpecs
[2026-09-14T12:34:06Z] #226 attempt=1/2 status=200 0.355s url=https://www.myfonts.com/products/coastal-tropicana-complete-family-package-1222027
[2026-09-14T12:34:07Z] #227 attempt=1/2 status=200 0.351s url=https://www.myfonts.com/collections/coastal-tropicana-font-sixtype-foundry/
[2026-09-14T12:34:08Z] #228 attempt=1/2 status=200 0.241s url=https://www.myfonts.com/collections/coastal-tropicana-font-sixtype-foundry/?tab=techSpecs
[2026-09-14T12:34:09Z] #229 attempt=1/2 status=200 0.378s url=https://www.myfonts.com/products/actrist-stylish-complete-family-package-1222062
[2026-09-14T12:34:10Z] #230 attempt=1/2 status=200 0.553s url=https://www.myfonts.com/collections/actrist-stylish-font-font-liner/
[2026-09-14T12:34:10Z] #231 attempt=1/2 status=200 0.229s url=https://www.myfonts.com/collections/actrist-stylish-font-font-liner/?tab=techSpecs
[2026-09-14T12:34:11Z] #232 attempt=1/2 status=200 0.334s url=https://www.myfonts.com/products/orlevin-complete-family-package-1222054
[2026-09-14T12:34:12Z] #233 attempt=1/2 status=200 0.373s url=https://www.myfonts.com/collections/orlevin-font-tini-fitriani/
[2026-09-14T12:34:13Z] #234 attempt=1/2 status=200 0.214s url=https://www.myfonts.com/collections/orlevin-font-tini-fitriani/?tab=techSpecs
[2026-09-14T12:34:14Z] #235 attempt=1/2 status=200 0.379s url=https://www.myfonts.com/products/sunnybite-complete-family-package-1222044
[2026-09-14T12:34:14Z] #236 attempt=1/2 status=200 0.359s url=https://www.myfonts.com/collections/sunnybite-font-vermilione/
[2026-09-14T12:34:15Z] #237 attempt=1/2 status=200 0.215s url=https://www.myfonts.com/collections/sunnybite-font-vermilione/?tab=techSpecs
[2026-09-14T12:34:16Z] #238 attempt=1/2 status=200 0.329s url=https://www.myfonts.com/products/regular-imreg-1222057
[2026-09-14T12:34:17Z] #239 attempt=1/2 status=200 0.314s url=https://www.myfonts.com/collections/imreg-font-nian-keun-studio/
[2026-09-14T12:34:17Z] #240 attempt=1/2 status=200 0.229s url=https://www.myfonts.com/collections/imreg-font-nian-keun-studio/?tab=techSpecs
[2026-09-14T12:34:19Z] #241 attempt=1/6 status=200 0.963s url=https://www.myfonts.com/products.json?limit=100&page=4
[2026-09-14T12:34:19Z] #242 attempt=1/2 status=200 0.318s url=https://www.myfonts.com/products/regular-graveshred-exhumed-1222058
[2026-09-14T12:34:20Z] #243 attempt=1/2 status=200 0.334s url=https://www.myfonts.com/collections/graveshred-exhumed-font-alchemynoir/
[2026-09-14T12:34:20Z] #244 attempt=1/2 status=200 0.197s url=https://www.myfonts.com/collections/graveshred-exhumed-font-alchemynoir/?tab=techSpecs
[2026-09-14T12:34:21Z] #245 attempt=1/2 status=200 0.381s url=https://www.myfonts.com/products/regular-super-funky-vibes-1222075
[2026-09-14T12:34:22Z] #246 attempt=1/2 status=200 0.316s url=https://www.myfonts.com/collections/super-funky-vibes-font-type-haven-studio/
[2026-09-14T12:34:22Z] #247 attempt=1/2 status=200 0.204s url=https://www.myfonts.com/collections/super-funky-vibes-font-type-haven-studio/?tab=techSpecs
[2026-09-14T12:34:23Z] #248 attempt=1/2 status=200 0.327s url=https://www.myfonts.com/products/regular-resulton-1222040
[2026-09-14T12:34:24Z] #249 attempt=1/2 status=200 0.301s url=https://www.myfonts.com/collections/resulton-font-gassstype/
[2026-09-14T12:34:24Z] #250 attempt=1/2 status=200 0.200s url=https://www.myfonts.com/collections/resulton-font-gassstype/?tab=techSpecs
[2026-09-14T12:34:26Z] #251 attempt=1/6 status=200 0.777s url=https://www.myfonts.com/products.json?limit=100&page=5
[2026-09-14T12:34:28Z] #252 attempt=1/2 status=200 1.518s url=https://www.myfonts.com/products/vantori-complete-family-package-1222388
[2026-09-14T12:34:30Z] #253 attempt=1/2 status=200 1.681s url=https://www.myfonts.com/collections/vantori-font-stripes-studio/
[2026-09-14T12:34:31Z] #254 attempt=1/2 status=200 0.416s url=https://www.myfonts.com/collections/vantori-font-stripes-studio/?tab=techSpecs
[2026-09-14T12:34:33Z] #255 attempt=1/6 status=200 0.938s url=https://www.myfonts.com/products.json?limit=100&page=6
[2026-09-14T12:34:34Z] #256 attempt=1/2 status=200 0.352s url=https://www.myfonts.com/products/regular-racky-1222170
[2026-09-14T12:34:35Z] #257 attempt=1/2 status=200 0.374s url=https://www.myfonts.com/collections/racky-font-dareco-studio/
[2026-09-14T12:34:35Z] #258 attempt=1/2 status=200 0.206s url=https://www.myfonts.com/collections/racky-font-dareco-studio/?tab=techSpecs
[2026-09-14T12:34:36Z] #259 attempt=1/2 status=200 0.311s url=https://www.myfonts.com/products/regular-concrete-poppies-1222168
[2026-09-14T12:34:36Z] #260 attempt=1/2 status=200 0.333s url=https://www.myfonts.com/collections/concrete-poppies-font-inviline/
[2026-09-14T12:34:37Z] #261 attempt=1/2 status=200 0.211s url=https://www.myfonts.com/collections/concrete-poppies-font-inviline/?tab=techSpecs
[2026-09-14T12:34:38Z] #262 attempt=1/2 status=200 0.359s url=https://www.myfonts.com/products/regular-peachy-mighties-1222169
[2026-09-14T12:34:38Z] #263 attempt=1/2 status=200 0.312s url=https://www.myfonts.com/collections/peachy-mighties-font-zeenesia-studio/
[2026-09-14T12:34:39Z] #264 attempt=1/2 status=200 0.221s url=https://www.myfonts.com/collections/peachy-mighties-font-zeenesia-studio/?tab=techSpecs
[2026-09-14T12:34:40Z] #265 attempt=1/2 status=200 0.382s url=https://www.myfonts.com/products/regular-angoba-1222167
[2026-09-14T12:34:40Z] #266 attempt=1/2 status=200 0.382s url=https://www.myfonts.com/collections/angoba-font-fed-tunik/
[2026-09-14T12:34:41Z] #267 attempt=1/2 status=200 0.220s url=https://www.myfonts.com/collections/angoba-font-fed-tunik/?tab=techSpecs
[2026-09-14T12:34:42Z] #268 attempt=1/2 status=200 0.354s url=https://www.myfonts.com/products/regular-grestanic-1222079
[2026-09-14T12:34:42Z] #269 attempt=1/2 status=200 0.336s url=https://www.myfonts.com/collections/grestanic-font-maulana-creative/
[2026-09-14T12:34:43Z] #270 attempt=1/2 status=200 0.250s url=https://www.myfonts.com/collections/grestanic-font-maulana-creative/?tab=techSpecs
[2026-09-14T12:34:44Z] #271 attempt=1/6 status=200 0.675s url=https://www.myfonts.com/products.json?limit=100&page=7
[2026-09-14T12:34:45Z] #272 attempt=1/2 status=200 0.348s url=https://www.myfonts.com/products/regular-gatelli-1222081
[2026-09-14T12:34:45Z] #273 attempt=1/2 status=200 0.312s url=https://www.myfonts.com/collections/gatelli-font-artolabs/
[2026-09-14T12:34:46Z] #274 attempt=1/2 status=200 0.222s url=https://www.myfonts.com/collections/gatelli-font-artolabs/?tab=techSpecs
[2026-09-14T12:34:47Z] #275 attempt=1/2 status=200 0.336s url=https://www.myfonts.com/products/regular-grand-mexico-1222080
[2026-09-14T12:34:48Z] #276 attempt=1/2 status=200 0.446s url=https://www.myfonts.com/collections/grand-mexico-font-mvmet/
[2026-09-14T12:34:48Z] #277 attempt=1/2 status=200 0.210s url=https://www.myfonts.com/collections/grand-mexico-font-mvmet/?tab=techSpecs
[2026-09-14T12:34:50Z] #278 attempt=1/6 status=200 0.956s url=https://www.myfonts.com/products.json?limit=100&page=8
[2026-09-14T12:34:50Z] #279 attempt=1/2 status=200 0.401s url=https://www.myfonts.com/products/kana-takabox-maru-complete-family-package-1221531
[2026-09-14T12:34:51Z] #280 attempt=1/2 status=200 0.400s url=https://www.myfonts.com/collections/kana-takabox-maru-font-taka-design-production/
[2026-09-14T12:34:52Z] #281 attempt=1/2 status=200 0.211s url=https://www.myfonts.com/collections/kana-takabox-maru-font-taka-design-production/?tab=techSpecs
[2026-09-14T12:34:53Z] #282 attempt=1/2 status=200 0.215s url=https://www.myfonts.com/collections/kana-takabox-maru-font-taka-design-production/
[2026-09-14T12:34:53Z] #283 attempt=1/2 status=200 0.378s url=https://www.myfonts.com/products/kana-takahappy-maru-haru-complete-family-package-1221579
[2026-09-14T12:34:54Z] #284 attempt=1/2 status=200 0.399s url=https://www.myfonts.com/collections/kana-takahappy-maru-haru-font-taka-design-production/
[2026-09-14T12:34:54Z] #285 attempt=1/2 status=200 0.209s url=https://www.myfonts.com/collections/kana-takahappy-maru-haru-font-taka-design-production/?tab=techSpecs
[2026-09-14T12:34:56Z] #286 attempt=1/2 status=200 0.221s url=https://www.myfonts.com/collections/kana-takahappy-maru-haru-font-taka-design-production/
[2026-09-14T12:34:56Z] #287 attempt=1/2 status=200 0.447s url=https://www.myfonts.com/products/kana-takacool-maru-complete-family-package-1221523
[2026-09-14T12:34:57Z] #288 attempt=1/2 status=200 0.520s url=https://www.myfonts.com/collections/kana-takacool-maru-font-taka-design-production/
[2026-09-14T12:34:58Z] #289 attempt=1/2 status=200 0.209s url=https://www.myfonts.com/collections/kana-takacool-maru-font-taka-design-production/?tab=techSpecs
[2026-09-14T12:34:59Z] #290 attempt=1/2 status=200 0.225s url=https://www.myfonts.com/collections/kana-takacool-maru-font-taka-design-production/
[2026-09-14T12:34:59Z] #291 attempt=1/2 status=200 0.404s url=https://www.myfonts.com/products/kana-takaautumn-complete-family-package-1221571
[2026-09-14T12:35:00Z] #292 attempt=1/2 status=200 0.463s url=https://www.myfonts.com/collections/kana-takaautumn-font-taka-design-production/
[2026-09-14T12:35:01Z] #293 attempt=1/2 status=200 0.228s url=https://www.myfonts.com/collections/kana-takaautumn-font-taka-design-production/?tab=techSpecs
[2026-09-14T12:35:02Z] #294 attempt=1/2 status=200 0.211s url=https://www.myfonts.com/collections/kana-takaautumn-font-taka-design-production/
[2026-09-14T12:35:02Z] #295 attempt=1/2 status=200 0.436s url=https://www.myfonts.com/products/kana-takacorner-maru-complete-family-package-1221619
[2026-09-14T12:35:03Z] #296 attempt=1/2 status=200 0.397s url=https://www.myfonts.com/collections/kana-takacorner-maru-font-taka-design-production/
[2026-09-14T12:35:04Z] #297 attempt=1/2 status=200 0.220s url=https://www.myfonts.com/collections/kana-takacorner-maru-font-taka-design-production/?tab=techSpecs
[2026-09-14T12:35:05Z] #298 attempt=1/2 status=200 0.217s url=https://www.myfonts.com/collections/kana-takacorner-maru-font-taka-design-production/
[2026-09-14T12:35:05Z] #299 attempt=1/2 status=200 0.395s url=https://www.myfonts.com/products/kana-takahappy-maru-complete-family-package-1221563
[2026-09-14T12:35:06Z] #300 attempt=1/2 status=200 0.392s url=https://www.myfonts.com/collections/kana-takahappy-maru-font-taka-design-production/
[2026-09-14T12:35:06Z] #301 attempt=1/2 status=200 0.219s url=https://www.myfonts.com/collections/kana-takahappy-maru-font-taka-design-production/?tab=techSpecs
[2026-09-14T12:35:07Z] #302 attempt=1/2 status=200 0.209s url=https://www.myfonts.com/collections/kana-takahappy-maru-font-taka-design-production/
[2026-09-14T12:35:08Z] #303 attempt=1/2 status=200 0.416s url=https://www.myfonts.com/products/kana-takahappy-complete-family-package-1221515
[2026-09-14T12:35:09Z] #304 attempt=1/2 status=200 0.415s url=https://www.myfonts.com/collections/kana-takahappy-font-taka-design-production/
[2026-09-14T12:35:09Z] #305 attempt=1/2 status=200 0.229s url=https://www.myfonts.com/collections/kana-takahappy-font-taka-design-production/?tab=techSpecs
[2026-09-14T12:35:11Z] #306 attempt=1/2 status=200 0.243s url=https://www.myfonts.com/collections/kana-takahappy-font-taka-design-production/
[2026-09-14T12:35:11Z] #307 attempt=1/2 status=200 0.339s url=https://www.myfonts.com/products/kana-takaautumn-maru-complete-family-package-1221611
[2026-09-14T12:35:12Z] #308 attempt=1/2 status=200 0.402s url=https://www.myfonts.com/collections/kana-takaautumn-maru-font-taka-design-production/
[2026-09-14T12:35:12Z] #309 attempt=1/2 status=200 0.237s url=https://www.myfonts.com/collections/kana-takaautumn-maru-font-taka-design-production/?tab=techSpecs
[2026-09-14T12:35:13Z] #310 attempt=1/2 status=200 0.222s url=https://www.myfonts.com/collections/kana-takaautumn-maru-font-taka-design-production/
[2026-09-14T12:35:14Z] #311 attempt=1/2 status=200 0.465s url=https://www.myfonts.com/products/kana-takabox-complete-family-package-1221507
[2026-09-14T12:35:15Z] #312 attempt=1/2 status=200 0.423s url=https://www.myfonts.com/collections/kana-takabox-font-taka-design-production/
[2026-09-14T12:35:15Z] #313 attempt=1/2 status=200 0.205s url=https://www.myfonts.com/collections/kana-takabox-font-taka-design-production/?tab=techSpecs
[2026-09-14T12:35:16Z] #314 attempt=1/2 status=200 0.257s url=https://www.myfonts.com/collections/kana-takabox-font-taka-design-production/
[2026-09-14T12:35:17Z] #315 attempt=1/2 status=200 0.443s url=https://www.myfonts.com/products/kana-takahappy-kai-complete-family-package-1221555
[2026-09-14T12:35:18Z] #316 attempt=1/2 status=200 0.404s url=https://www.myfonts.com/collections/kana-takahappy-kai-font-taka-design-production/
[2026-09-14T12:35:18Z] #317 attempt=1/2 status=200 0.227s url=https://www.myfonts.com/collections/kana-takahappy-kai-font-taka-design-production/?tab=techSpecs
[2026-09-14T12:35:19Z] #318 attempt=1/2 status=200 0.269s url=https://www.myfonts.com/collections/kana-takahappy-kai-font-taka-design-production/
[2026-09-14T12:35:20Z] #319 attempt=1/2 status=200 0.373s url=https://www.myfonts.com/products/kana-takafriends-complete-family-package-1221603
[2026-09-14T12:35:21Z] #320 attempt=1/2 status=200 0.374s url=https://www.myfonts.com/collections/kana-takafriends-font-taka-design-production/
[2026-09-14T12:35:21Z] #321 attempt=1/2 status=200 0.211s url=https://www.myfonts.com/collections/kana-takafriends-font-taka-design-production/?tab=techSpecs
[2026-09-14T12:35:22Z] #322 attempt=1/2 status=200 0.213s url=https://www.myfonts.com/collections/kana-takafriends-font-taka-design-production/
[2026-09-14T12:35:23Z] #323 attempt=1/2 status=200 0.424s url=https://www.myfonts.com/products/kana-takaacacia-maru-complete-family-package-1221499
[2026-09-14T12:35:23Z] #324 attempt=1/2 status=200 0.376s url=https://www.myfonts.com/collections/kana-takaacacia-maru-font-taka-design-production/
[2026-09-14T12:35:24Z] #325 attempt=1/2 status=200 0.216s url=https://www.myfonts.com/collections/kana-takaacacia-maru-font-taka-design-production/?tab=techSpecs
[2026-09-14T12:35:25Z] #326 attempt=1/2 status=200 0.251s url=https://www.myfonts.com/collections/kana-takaacacia-maru-font-taka-design-production/
[2026-09-14T12:35:26Z] #327 attempt=1/2 status=200 0.387s url=https://www.myfonts.com/products/kana-takahope-maru-complete-family-package-1221547
[2026-09-14T12:35:26Z] #328 attempt=1/2 status=200 0.391s url=https://www.myfonts.com/collections/kana-takahope-maru-font-taka-design-production/
[2026-09-14T12:35:27Z] #329 attempt=1/2 status=200 0.213s url=https://www.myfonts.com/collections/kana-takahope-maru-font-taka-design-production/?tab=techSpecs
[2026-09-14T12:35:28Z] #330 attempt=1/2 status=200 0.211s url=https://www.myfonts.com/collections/kana-takahope-maru-font-taka-design-production/
[2026-09-14T12:35:29Z] #331 attempt=1/2 status=200 0.434s url=https://www.myfonts.com/products/kana-takacourse-maru-complete-family-package-1221595
[2026-09-14T12:35:29Z] #332 attempt=1/2 status=200 0.408s url=https://www.myfonts.com/collections/kana-takacourse-maru-font-taka-design-production/
[2026-09-14T12:35:30Z] #333 attempt=1/2 status=200 0.421s url=https://www.myfonts.com/collections/kana-takacourse-maru-font-taka-design-production/?tab=techSpecs
[2026-09-14T12:35:31Z] #334 attempt=1/2 status=200 0.210s url=https://www.myfonts.com/collections/kana-takacourse-maru-font-taka-design-production/
[2026-09-14T12:35:32Z] #335 attempt=1/2 status=200 0.369s url=https://www.myfonts.com/products/kana-takacurve-maru-complete-family-package-1221587
[2026-09-14T12:35:32Z] #336 attempt=1/2 status=200 0.375s url=https://www.myfonts.com/collections/kana-takacurve-maru-font-taka-design-production/
[2026-09-14T12:35:33Z] #337 attempt=1/2 status=200 0.217s url=https://www.myfonts.com/collections/kana-takacurve-maru-font-taka-design-production/?tab=techSpecs
[2026-09-14T12:35:34Z] #338 attempt=1/2 status=200 0.219s url=https://www.myfonts.com/collections/kana-takacurve-maru-font-taka-design-production/
[2026-09-14T12:35:34Z] #339 attempt=1/2 status=200 0.331s url=https://www.myfonts.com/products/kana-takacorner-complete-family-package-1221539
[2026-09-14T12:35:35Z] #340 attempt=1/2 status=200 0.419s url=https://www.myfonts.com/collections/kana-takacorner-font-taka-design-production/
[2026-09-14T12:35:36Z] #341 attempt=1/2 status=200 0.235s url=https://www.myfonts.com/collections/kana-takacorner-font-taka-design-production/?tab=techSpecs
[2026-09-14T12:35:37Z] #342 attempt=1/2 status=200 0.205s url=https://www.myfonts.com/collections/kana-takacorner-font-taka-design-production/
[2026-09-14T12:35:37Z] #343 attempt=1/2 status=200 0.396s url=https://www.myfonts.com/products/kana-takahappy-maru-natu-complete-family-package-1221491
[2026-09-14T12:35:38Z] #344 attempt=1/2 status=200 0.389s url=https://www.myfonts.com/collections/kana-takahappy-maru-natu-font-taka-design-production/
[2026-09-14T12:35:39Z] #345 attempt=1/2 status=200 0.227s url=https://www.myfonts.com/collections/kana-takahappy-maru-natu-font-taka-design-production/?tab=techSpecs
[2026-09-14T12:35:40Z] #346 attempt=1/2 status=200 0.248s url=https://www.myfonts.com/collections/kana-takahappy-maru-natu-font-taka-design-production/
[2026-09-14T12:35:40Z] #347 attempt=1/2 status=200 0.347s url=https://www.myfonts.com/products/light-kana-takapoplar-maru-1221925
[2026-09-14T12:35:41Z] #348 attempt=1/2 status=200 0.385s url=https://www.myfonts.com/collections/kana-takapoplar-maru-font-taka-design-production/
[2026-09-14T12:35:41Z] #349 attempt=1/2 status=200 0.219s url=https://www.myfonts.com/collections/kana-takapoplar-maru-font-taka-design-production/?tab=techSpecs
[2026-09-14T12:35:43Z] #350 attempt=1/2 status=200 0.212s url=https://www.myfonts.com/collections/kana-takapoplar-maru-font-taka-design-production/
[2026-09-14T12:35:43Z] #351 attempt=1/2 status=200 0.372s url=https://www.myfonts.com/products/bold-kana-takafriends-maru-1221696
[2026-09-14T12:35:44Z] #352 attempt=1/2 status=200 0.392s url=https://www.myfonts.com/collections/kana-takafriends-maru-font-taka-design-production/
[2026-09-14T12:35:44Z] #353 attempt=1/2 status=200 0.216s url=https://www.myfonts.com/collections/kana-takafriends-maru-font-taka-design-production/?tab=techSpecs
[2026-09-14T12:35:45Z] #354 attempt=1/2 status=200 0.233s url=https://www.myfonts.com/collections/kana-takafriends-maru-font-taka-design-production/
[2026-09-14T12:35:46Z] #355 attempt=1/2 status=200 0.335s url=https://www.myfonts.com/products/ultra-kana-takasky-1221923
[2026-09-14T12:35:47Z] #356 attempt=1/2 status=200 0.358s url=https://www.myfonts.com/collections/kana-takasky-font-taka-design-production/
[2026-09-14T12:35:47Z] #357 attempt=1/2 status=200 0.202s url=https://www.myfonts.com/collections/kana-takasky-font-taka-design-production/?tab=techSpecs
[2026-09-14T12:35:48Z] #358 attempt=1/2 status=200 0.221s url=https://www.myfonts.com/collections/kana-takasky-font-taka-design-production/
[2026-09-14T12:35:49Z] #359 attempt=1/2 status=200 0.446s url=https://www.myfonts.com/products/medium-kana-takalike-maru-1221806
[2026-09-14T12:35:50Z] #360 attempt=1/2 status=200 0.401s url=https://www.myfonts.com/collections/kana-takalike-maru-font-taka-design-production/
[2026-09-14T12:35:50Z] #361 attempt=1/2 status=200 0.237s url=https://www.myfonts.com/collections/kana-takalike-maru-font-taka-design-production/?tab=techSpecs
[2026-09-14T12:35:51Z] #362 attempt=1/2 status=200 0.252s url=https://www.myfonts.com/collections/kana-takalike-maru-font-taka-design-production/
[2026-09-14T12:35:52Z] #363 attempt=1/2 status=200 0.402s url=https://www.myfonts.com/products/ultra-kana-takalike-1221802
[2026-09-14T12:35:52Z] #364 attempt=1/2 status=200 0.354s url=https://www.myfonts.com/collections/kana-takalike-font-taka-design-production/
[2026-09-14T12:35:53Z] #365 attempt=1/2 status=200 0.245s url=https://www.myfonts.com/collections/kana-takalike-font-taka-design-production/?tab=techSpecs
[2026-09-14T12:35:54Z] #366 attempt=1/2 status=200 0.224s url=https://www.myfonts.com/collections/kana-takalike-font-taka-design-production/
[2026-09-14T12:35:55Z] #367 attempt=1/2 status=200 0.381s url=https://www.myfonts.com/products/bold-kana-takasunflo-1221960
[2026-09-14T12:35:55Z] #368 attempt=1/2 status=200 0.376s url=https://www.myfonts.com/collections/kana-takasunflo-font-taka-design-production/
[2026-09-14T12:35:56Z] #369 attempt=1/2 status=200 0.240s url=https://www.myfonts.com/collections/kana-takasunflo-font-taka-design-production/?tab=techSpecs
[2026-09-14T12:35:57Z] #370 attempt=1/2 status=200 0.227s url=https://www.myfonts.com/collections/kana-takasunflo-font-taka-design-production/
[2026-09-14T12:35:58Z] #371 attempt=1/2 status=200 0.379s url=https://www.myfonts.com/products/bold-kana-takasky-maru-1221880
[2026-09-14T12:35:58Z] #372 attempt=1/2 status=200 0.355s url=https://www.myfonts.com/collections/kana-takasky-maru-font-taka-design-production/
[2026-09-14T12:35:59Z] #373 attempt=1/2 status=200 0.220s url=https://www.myfonts.com/collections/kana-takasky-maru-font-taka-design-production/?tab=techSpecs
[2026-09-14T12:36:00Z] #374 attempt=1/2 status=200 0.221s url=https://www.myfonts.com/collections/kana-takasky-maru-font-taka-design-production/
[2026-09-14T12:36:01Z] #375 attempt=1/2 status=200 0.379s url=https://www.myfonts.com/products/light-kana-takapark-1221732
[2026-09-14T12:36:01Z] #376 attempt=1/2 status=200 0.423s url=https://www.myfonts.com/collections/kana-takapark-font-taka-design-production/
[2026-09-14T12:36:02Z] #377 attempt=1/2 status=200 0.220s url=https://www.myfonts.com/collections/kana-takapark-font-taka-design-production/?tab=techSpecs
[2026-09-14T12:36:03Z] #378 attempt=1/2 status=200 0.235s url=https://www.myfonts.com/collections/kana-takapark-font-taka-design-production/
[2026-09-14T12:36:03Z] #379 attempt=1/2 status=200 0.337s url=https://www.myfonts.com/products/ultra-kana-takabanana-1221690
[2026-09-14T12:36:04Z] #380 attempt=1/2 status=200 0.406s url=https://www.myfonts.com/collections/kana-takabanana-font-taka-design-production/
[2026-09-14T12:36:04Z] #381 attempt=1/2 status=200 0.220s url=https://www.myfonts.com/collections/kana-takabanana-font-taka-design-production/?tab=techSpecs
[2026-09-14T12:36:05Z] #382 attempt=1/2 status=200 0.215s url=https://www.myfonts.com/collections/kana-takabanana-font-taka-design-production/
[2026-09-14T12:36:06Z] #383 attempt=1/2 status=200 0.414s url=https://www.myfonts.com/products/ultra-kana-takahope-1221730
[2026-09-14T12:36:07Z] #384 attempt=1/2 status=200 0.427s url=https://www.myfonts.com/collections/kana-takahope-font-taka-design-production/
[2026-09-14T12:36:07Z] #385 attempt=1/2 status=200 0.222s url=https://www.myfonts.com/collections/kana-takahope-font-taka-design-production/?tab=techSpecs
[2026-09-14T12:36:08Z] #386 attempt=1/2 status=200 0.209s url=https://www.myfonts.com/collections/kana-takahope-font-taka-design-production/
[2026-09-14T12:36:09Z] #387 attempt=1/2 status=200 0.384s url=https://www.myfonts.com/products/ultra-kana-takalucky-maru-1221874
[2026-09-14T12:36:10Z] #388 attempt=1/2 status=200 0.353s url=https://www.myfonts.com/collections/kana-takalucky-maru-font-taka-design-production/
[2026-09-14T12:36:10Z] #389 attempt=1/2 status=200 0.215s url=https://www.myfonts.com/collections/kana-takalucky-maru-font-taka-design-production/?tab=techSpecs
[2026-09-14T12:36:11Z] #390 attempt=1/2 status=200 0.239s url=https://www.myfonts.com/collections/kana-takalucky-maru-font-taka-design-production/
[2026-09-14T12:36:13Z] #391 attempt=1/6 status=200 0.909s url=https://www.myfonts.com/products.json?limit=100&page=9
[2026-09-14T12:36:13Z] #392 attempt=1/2 status=200 0.388s url=https://www.myfonts.com/products/demibold-kana-takaswing-maru-1221767
[2026-09-14T12:36:14Z] #393 attempt=1/2 status=200 0.366s url=https://www.myfonts.com/collections/kana-takaswing-maru-font-taka-design-production/
[2026-09-14T12:36:14Z] #394 attempt=1/2 status=200 0.207s url=https://www.myfonts.com/collections/kana-takaswing-maru-font-taka-design-production/?tab=techSpecs
[2026-09-14T12:36:15Z] #395 attempt=1/2 status=200 0.203s url=https://www.myfonts.com/collections/kana-takaswing-maru-font-taka-design-production/
[2026-09-14T12:36:16Z] #396 attempt=1/2 status=200 0.347s url=https://www.myfonts.com/products/ultra-kana-takapop-maru-1221866
[2026-09-14T12:36:17Z] #397 attempt=1/2 status=200 0.384s url=https://www.myfonts.com/collections/kana-takapop-maru-font-taka-design-production/
[2026-09-14T12:36:17Z] #398 attempt=1/2 status=200 0.219s url=https://www.myfonts.com/collections/kana-takapop-maru-font-taka-design-production/?tab=techSpecs
[2026-09-14T12:36:18Z] #399 attempt=1/2 status=200 0.222s url=https://www.myfonts.com/collections/kana-takapop-maru-font-taka-design-production/
[2026-09-14T12:36:19Z] #400 attempt=1/2 status=200 0.359s url=https://www.myfonts.com/products/ultra-kana-takalucky-maru-haru-1221915
[2026-09-14T12:36:20Z] #401 attempt=1/2 status=200 0.405s url=https://www.myfonts.com/collections/kana-takalucky-maru-haru-font-taka-design-production/
[2026-09-14T12:36:20Z] #402 attempt=1/2 status=200 0.228s url=https://www.myfonts.com/collections/kana-takalucky-maru-haru-font-taka-design-production/?tab=techSpecs
[2026-09-14T12:36:21Z] #403 attempt=1/2 status=200 0.218s url=https://www.myfonts.com/collections/kana-takalucky-maru-haru-font-taka-design-production/
[2026-09-14T12:36:22Z] #404 attempt=1/2 status=200 0.425s url=https://www.myfonts.com/products/light-kana-takalucky-kai-1221996
[2026-09-14T12:36:23Z] #405 attempt=1/2 status=200 0.432s url=https://www.myfonts.com/collections/kana-takalucky-kai-font-taka-design-production/
[2026-09-14T12:36:23Z] #406 attempt=1/2 status=200 0.251s url=https://www.myfonts.com/collections/kana-takalucky-kai-font-taka-design-production/?tab=techSpecs
[2026-09-14T12:36:24Z] #407 attempt=1/2 status=200 0.215s url=https://www.myfonts.com/collections/kana-takalucky-kai-font-taka-design-production/
[2026-09-14T12:36:25Z] #408 attempt=1/2 status=200 0.357s url=https://www.myfonts.com/products/heavy-kana-takalilac-maru-1221954
[2026-09-14T12:36:25Z] #409 attempt=1/2 status=200 0.412s url=https://www.myfonts.com/collections/kana-takalilac-maru-font-taka-design-production/
[2026-09-14T12:36:26Z] #410 attempt=1/2 status=200 0.216s url=https://www.myfonts.com/collections/kana-takalilac-maru-font-taka-design-production/?tab=techSpecs
[2026-09-14T12:36:27Z] #411 attempt=1/2 status=200 0.227s url=https://www.myfonts.com/collections/kana-takalilac-maru-font-taka-design-production/
[2026-09-14T12:36:28Z] #412 attempt=1/2 status=200 0.379s url=https://www.myfonts.com/products/ultra-kana-takasummer-1221994
[2026-09-14T12:36:28Z] #413 attempt=1/2 status=200 0.363s url=https://www.myfonts.com/collections/kana-takasummer-font-taka-design-production/
[2026-09-14T12:36:29Z] #414 attempt=1/2 status=200 0.211s url=https://www.myfonts.com/collections/kana-takasummer-font-taka-design-production/?tab=techSpecs
[2026-09-14T12:36:30Z] #415 attempt=1/2 status=200 0.232s url=https://www.myfonts.com/collections/kana-takasummer-font-taka-design-production/
[2026-09-14T12:36:30Z] #416 attempt=1/2 status=200 0.390s url=https://www.myfonts.com/products/ultra-kana-takaline21-maru-1221794
[2026-09-14T12:36:31Z] #417 attempt=1/2 status=200 0.356s url=https://www.myfonts.com/collections/kana-takaline21-maru-font-taka-design-production/
[2026-09-14T12:36:32Z] #418 attempt=1/2 status=200 0.232s url=https://www.myfonts.com/collections/kana-takaline21-maru-font-taka-design-production/?tab=techSpecs
[2026-09-14T12:36:33Z] #419 attempt=1/2 status=200 0.406s url=https://www.myfonts.com/collections/kana-takaline21-maru-font-taka-design-production/
[2026-09-14T12:36:34Z] #420 attempt=1/2 status=200 0.385s url=https://www.myfonts.com/products/ultra-kana-takarainbow-maru-1221858
[2026-09-14T12:36:34Z] #421 attempt=1/2 status=200 0.384s url=https://www.myfonts.com/collections/kana-takarainbow-maru-font-taka-design-production/
[2026-09-14T12:36:35Z] #422 attempt=1/2 status=200 0.253s url=https://www.myfonts.com/collections/kana-takarainbow-maru-font-taka-design-production/?tab=techSpecs
[2026-09-14T12:36:36Z] #423 attempt=1/2 status=200 0.218s url=https://www.myfonts.com/collections/kana-takarainbow-maru-font-taka-design-production/
[2026-09-14T12:36:36Z] #424 attempt=1/2 status=200 0.368s url=https://www.myfonts.com/products/ultra-kana-takarainbow-1221762
[2026-09-14T12:36:37Z] #425 attempt=1/2 status=200 0.390s url=https://www.myfonts.com/collections/kana-takarainbow-font-taka-design-production/
[2026-09-14T12:36:38Z] #426 attempt=1/2 status=200 0.224s url=https://www.myfonts.com/collections/kana-takarainbow-font-taka-design-production/?tab=techSpecs
[2026-09-14T12:36:39Z] #427 attempt=1/2 status=200 0.211s url=https://www.myfonts.com/collections/kana-takarainbow-font-taka-design-production/
[2026-09-14T12:36:39Z] #428 attempt=1/2 status=200 0.350s url=https://www.myfonts.com/products/ultra-kana-takalucky-maru-natu-1222018
[2026-09-14T12:36:40Z] #429 attempt=1/2 status=200 0.388s url=https://www.myfonts.com/collections/kana-takalucky-maru-natu-font-taka-design-production/
[2026-09-14T12:36:40Z] #430 attempt=1/2 status=200 0.204s url=https://www.myfonts.com/collections/kana-takalucky-maru-natu-font-taka-design-production/?tab=techSpecs
[2026-09-14T12:36:41Z] #431 attempt=1/2 status=200 0.219s url=https://www.myfonts.com/collections/kana-takalucky-maru-natu-font-taka-design-production/
[2026-09-14T12:36:42Z] #432 attempt=1/2 status=200 0.356s url=https://www.myfonts.com/products/ultra-kana-takacourse-1221722
[2026-09-14T12:36:43Z] #433 attempt=1/2 status=200 0.367s url=https://www.myfonts.com/collections/kana-takacourse-font-taka-design-production/
[2026-09-14T12:36:43Z] #434 attempt=1/2 status=200 0.223s url=https://www.myfonts.com/collections/kana-takacourse-font-taka-design-production/?tab=techSpecs
[2026-09-14T12:36:44Z] #435 attempt=1/2 status=200 0.208s url=https://www.myfonts.com/collections/kana-takacourse-font-taka-design-production/
[2026-09-14T12:36:45Z] #436 attempt=1/2 status=200 0.349s url=https://www.myfonts.com/products/ultra-kana-takamate-1221850
[2026-09-14T12:36:45Z] #437 attempt=1/2 status=200 0.462s url=https://www.myfonts.com/collections/kana-takamate-font-taka-design-production/
[2026-09-14T12:36:46Z] #438 attempt=1/2 status=200 0.390s url=https://www.myfonts.com/collections/kana-takamate-font-taka-design-production/?tab=techSpecs
[2026-09-14T12:36:47Z] #439 attempt=1/2 status=200 0.213s url=https://www.myfonts.com/collections/kana-takamate-font-taka-design-production/
[2026-09-14T12:36:49Z] #440 attempt=1/6 status=200 0.874s url=https://www.myfonts.com/products.json?limit=100&page=10
[2026-09-14T12:36:49Z] #441 attempt=1/2 status=200 0.392s url=https://www.myfonts.com/products/ultra-kana-takaalps-1221682
[2026-09-14T12:36:50Z] #442 attempt=1/2 status=200 0.401s url=https://www.myfonts.com/collections/kana-takaalps-font-taka-design-production/
[2026-09-14T12:36:51Z] #443 attempt=1/2 status=200 0.205s url=https://www.myfonts.com/collections/kana-takaalps-font-taka-design-production/?tab=techSpecs
[2026-09-14T12:36:52Z] #444 attempt=1/2 status=200 0.215s url=https://www.myfonts.com/collections/kana-takaalps-font-taka-design-production/
[2026-09-14T12:36:52Z] #445 attempt=1/2 status=200 0.360s url=https://www.myfonts.com/products/ultra-kana-takapop-1221986
[2026-09-14T12:36:53Z] #446 attempt=1/2 status=200 0.384s url=https://www.myfonts.com/collections/kana-takapop-font-taka-design-production/
[2026-09-14T12:36:53Z] #447 attempt=1/2 status=200 0.241s url=https://www.myfonts.com/collections/kana-takapop-font-taka-design-production/?tab=techSpecs
[2026-09-14T12:36:54Z] #448 attempt=1/2 status=200 0.234s url=https://www.myfonts.com/collections/kana-takapop-font-taka-design-production/
[2026-09-14T12:36:55Z] #449 attempt=1/2 status=200 0.370s url=https://www.myfonts.com/products/ultra-kana-takahope-maru-haru-1221842
[2026-09-14T12:36:56Z] #450 attempt=1/2 status=200 0.362s url=https://www.myfonts.com/collections/kana-takahope-maru-haru-font-taka-design-production/
[2026-09-14T12:36:56Z] #451 attempt=1/2 status=200 0.220s url=https://www.myfonts.com/collections/kana-takahope-maru-haru-font-taka-design-production/?tab=techSpecs
[2026-09-14T12:36:57Z] #452 attempt=1/2 status=200 0.213s url=https://www.myfonts.com/collections/kana-takahope-maru-haru-font-taka-design-production/
[2026-09-14T12:36:58Z] #453 attempt=1/2 status=200 0.348s url=https://www.myfonts.com/products/ultra-kana-takaline21-1221947
[2026-09-14T12:36:58Z] #454 attempt=1/2 status=200 0.383s url=https://www.myfonts.com/collections/kana-takaline21-font-taka-design-production/
[2026-09-14T12:36:59Z] #455 attempt=1/2 status=200 0.216s url=https://www.myfonts.com/collections/kana-takaline21-font-taka-design-production/?tab=techSpecs
[2026-09-14T12:37:00Z] #456 attempt=1/2 status=200 0.387s url=https://www.myfonts.com/collections/kana-takaline21-font-taka-design-production/
[2026-09-14T12:37:01Z] #457 attempt=1/2 status=200 0.384s url=https://www.myfonts.com/products/ultra-kana-takalucky-san-1221786
[2026-09-14T12:37:01Z] #458 attempt=1/2 status=200 0.407s url=https://www.myfonts.com/collections/kana-takalucky-san-font-taka-design-production/
[2026-09-14T12:37:02Z] #459 attempt=1/2 status=200 0.231s url=https://www.myfonts.com/collections/kana-takalucky-san-font-taka-design-production/?tab=techSpecs
[2026-09-14T12:37:03Z] #460 attempt=1/2 status=200 0.222s url=https://www.myfonts.com/collections/kana-takalucky-san-font-taka-design-production/
[2026-09-14T12:37:04Z] #461 attempt=1/2 status=200 0.352s url=https://www.myfonts.com/products/ultra-kana-takasunflo-maru-1221907
[2026-09-14T12:37:04Z] #462 attempt=1/2 status=200 0.363s url=https://www.myfonts.com/collections/kana-takasunflo-maru-font-taka-design-production/
[2026-09-14T12:37:05Z] #463 attempt=1/2 status=200 0.216s url=https://www.myfonts.com/collections/kana-takasunflo-maru-font-taka-design-production/?tab=techSpecs
[2026-09-14T12:37:06Z] #464 attempt=1/2 status=200 0.229s url=https://www.myfonts.com/collections/kana-takasunflo-maru-font-taka-design-production/
[2026-09-14T12:37:06Z] #465 attempt=1/2 status=200 0.363s url=https://www.myfonts.com/products/ultra-kana-takalucky-kadomaru-1221834
[2026-09-14T12:37:07Z] #466 attempt=1/2 status=200 0.367s url=https://www.myfonts.com/collections/kana-takalucky-kadomaru-font-taka-design-production/
[2026-09-14T12:37:08Z] #467 attempt=1/2 status=200 0.214s url=https://www.myfonts.com/collections/kana-takalucky-kadomaru-font-taka-design-production/?tab=techSpecs
[2026-09-14T12:37:09Z] #468 attempt=1/2 status=200 0.224s url=https://www.myfonts.com/collections/kana-takalucky-kadomaru-font-taka-design-production/
[2026-09-14T12:37:10Z] #469 attempt=1/2 status=200 0.378s url=https://www.myfonts.com/products/ultra-kana-takahope-san-1221754
[2026-09-14T12:37:10Z] #470 attempt=1/2 status=200 0.374s url=https://www.myfonts.com/collections/kana-takahope-san-font-taka-design-production/
[2026-09-14T12:37:11Z] #471 attempt=1/2 status=200 0.228s url=https://www.myfonts.com/collections/kana-takahope-san-font-taka-design-production/?tab=techSpecs
[2026-09-14T12:37:12Z] #472 attempt=1/2 status=200 0.213s url=https://www.myfonts.com/collections/kana-takahope-san-font-taka-design-production/
[2026-09-14T12:37:13Z] #473 attempt=1/2 status=200 0.375s url=https://www.myfonts.com/products/light-kana-takahope-kadomaru-1221652
[2026-09-14T12:37:13Z] #474 attempt=1/2 status=200 0.402s url=https://www.myfonts.com/collections/kana-takahope-kadomaru-font-taka-design-production/
[2026-09-14T12:37:14Z] #475 attempt=1/2 status=200 0.226s url=https://www.myfonts.com/collections/kana-takahope-kadomaru-font-taka-design-production/?tab=techSpecs
[2026-09-14T12:37:15Z] #476 attempt=1/2 status=200 0.232s url=https://www.myfonts.com/collections/kana-takahope-kadomaru-font-taka-design-production/
[2026-09-14T12:37:16Z] #477 attempt=1/2 status=200 0.355s url=https://www.myfonts.com/products/ultra-kana-takahappy-san-1221650
[2026-09-14T12:37:16Z] #478 attempt=1/2 status=200 0.373s url=https://www.myfonts.com/collections/kana-takahappy-san-font-taka-design-production/
[2026-09-14T12:37:17Z] #479 attempt=1/2 status=200 0.211s url=https://www.myfonts.com/collections/kana-takahappy-san-font-taka-design-production/?tab=techSpecs
[2026-09-14T12:37:18Z] #480 attempt=1/2 status=200 0.231s url=https://www.myfonts.com/collections/kana-takahappy-san-font-taka-design-production/
[2026-09-14T12:37:18Z] #481 attempt=1/2 status=200 0.384s url=https://www.myfonts.com/products/ultra-kana-takacurve-1221714
[2026-09-14T12:37:19Z] #482 attempt=1/2 status=200 0.370s url=https://www.myfonts.com/collections/kana-takacurve-font-taka-design-production/
[2026-09-14T12:37:19Z] #483 attempt=1/2 status=200 0.219s url=https://www.myfonts.com/collections/kana-takacurve-font-taka-design-production/?tab=techSpecs
[2026-09-14T12:37:21Z] #484 attempt=1/2 status=200 0.220s url=https://www.myfonts.com/collections/kana-takacurve-font-taka-design-production/
[2026-09-14T12:37:21Z] #485 attempt=1/2 status=200 0.353s url=https://www.myfonts.com/products/ultra-kana-takasummer-maru-1222010
[2026-09-14T12:37:22Z] #486 attempt=1/2 status=200 0.409s url=https://www.myfonts.com/collections/kana-takasummer-maru-font-taka-design-production/
[2026-09-14T12:37:22Z] #487 attempt=1/2 status=200 0.232s url=https://www.myfonts.com/collections/kana-takasummer-maru-font-taka-design-production/?tab=techSpecs
[2026-09-14T12:37:24Z] #488 attempt=1/2 status=200 0.231s url=https://www.myfonts.com/collections/kana-takasummer-maru-font-taka-design-production/
[2026-09-14T12:37:24Z] #489 attempt=1/2 status=200 0.382s url=https://www.myfonts.com/products/ultra-kana-takatown-1221978
[2026-09-14T12:37:25Z] #490 attempt=1/2 status=200 0.367s url=https://www.myfonts.com/collections/kana-takatown-font-taka-design-production/
[2026-09-14T12:37:25Z] #491 attempt=1/2 status=200 0.218s url=https://www.myfonts.com/collections/kana-takatown-font-taka-design-production/?tab=techSpecs
[2026-09-14T12:37:26Z] #492 attempt=1/2 status=200 0.206s url=https://www.myfonts.com/collections/kana-takatown-font-taka-design-production/
[2026-09-14T12:37:28Z] #493 attempt=1/6 status=200 0.895s url=https://www.myfonts.com/products.json?limit=100&page=11
[2026-09-14T12:37:28Z] #494 attempt=1/2 status=200 0.389s url=https://www.myfonts.com/products/ultra-kana-takacool-1221674
[2026-09-14T12:37:29Z] #495 attempt=1/2 status=200 0.396s url=https://www.myfonts.com/collections/kana-takacool-font-taka-design-production/
[2026-09-14T12:37:30Z] #496 attempt=1/2 status=200 0.218s url=https://www.myfonts.com/collections/kana-takacool-font-taka-design-production/?tab=techSpecs
[2026-09-14T12:37:31Z] #497 attempt=1/2 status=200 0.216s url=https://www.myfonts.com/collections/kana-takacool-font-taka-design-production/
[2026-09-14T12:37:31Z] #498 attempt=1/2 status=200 0.397s url=https://www.myfonts.com/products/ultra-kana-takalilac-1221899
[2026-09-14T12:37:32Z] #499 attempt=1/2 status=200 0.402s url=https://www.myfonts.com/collections/kana-takalilac-font-taka-design-production/
[2026-09-14T12:37:32Z] #500 attempt=1/2 status=200 0.215s url=https://www.myfonts.com/collections/kana-takalilac-font-taka-design-production/?tab=techSpecs
[2026-09-14T12:37:33Z] #501 attempt=1/2 status=200 0.204s url=https://www.myfonts.com/collections/kana-takalilac-font-taka-design-production/
[2026-09-14T12:37:34Z] #502 attempt=1/2 status=200 0.375s url=https://www.myfonts.com/products/ultra-kana-takatown-maru-1221826
[2026-09-14T12:37:35Z] #503 attempt=1/2 status=200 0.375s url=https://www.myfonts.com/collections/kana-takatown-maru-font-taka-design-production/
[2026-09-14T12:37:35Z] #504 attempt=1/2 status=200 0.231s url=https://www.myfonts.com/collections/kana-takatown-maru-font-taka-design-production/?tab=techSpecs
[2026-09-14T12:37:36Z] #505 attempt=1/2 status=200 0.201s url=https://www.myfonts.com/collections/kana-takatown-maru-font-taka-design-production/
[2026-09-14T12:37:37Z] #506 attempt=1/2 status=200 0.417s url=https://www.myfonts.com/products/ultra-kana-takasunk-1221939
[2026-09-14T12:37:37Z] #507 attempt=1/2 status=200 0.373s url=https://www.myfonts.com/collections/kana-takasunk-font-taka-design-production/
[2026-09-14T12:37:38Z] #508 attempt=1/2 status=200 0.228s url=https://www.myfonts.com/collections/kana-takasunk-font-taka-design-production/?tab=techSpecs
[2026-09-14T12:37:39Z] #509 attempt=1/2 status=200 0.226s url=https://www.myfonts.com/collections/kana-takasunk-font-taka-design-production/
[2026-09-14T12:37:40Z] #510 attempt=1/2 status=200 0.369s url=https://www.myfonts.com/products/heavy-kana-takamate-maru-1221745
[2026-09-14T12:37:40Z] #511 attempt=1/2 status=200 0.413s url=https://www.myfonts.com/collections/kana-takamate-maru-font-taka-design-production/
[2026-09-14T12:37:41Z] #512 attempt=1/2 status=200 0.218s url=https://www.myfonts.com/collections/kana-takamate-maru-font-taka-design-production/?tab=techSpecs
[2026-09-14T12:37:42Z] #513 attempt=1/2 status=200 0.228s url=https://www.myfonts.com/collections/kana-takamate-maru-font-taka-design-production/
[2026-09-14T12:37:43Z] #514 attempt=1/2 status=200 0.320s url=https://www.myfonts.com/products/ultra-kana-takalucky-1221778
[2026-09-14T12:37:43Z] #515 attempt=1/2 status=200 0.417s url=https://www.myfonts.com/collections/kana-takalucky-font-taka-design-production/
[2026-09-14T12:37:44Z] #516 attempt=1/2 status=200 0.222s url=https://www.myfonts.com/collections/kana-takalucky-font-taka-design-production/?tab=techSpecs
[2026-09-14T12:37:45Z] #517 attempt=1/2 status=200 0.229s url=https://www.myfonts.com/collections/kana-takalucky-font-taka-design-production/
[2026-09-14T12:37:46Z] #518 attempt=1/2 status=200 0.355s url=https://www.myfonts.com/products/ultra-kana-takaacacia-1221642
[2026-09-14T12:37:46Z] #519 attempt=1/2 status=200 0.395s url=https://www.myfonts.com/collections/kana-takaacacia-font-taka-design-production/
[2026-09-14T12:37:47Z] #520 attempt=1/2 status=200 0.224s url=https://www.myfonts.com/collections/kana-takaacacia-font-taka-design-production/?tab=techSpecs
[2026-09-14T12:37:48Z] #521 attempt=1/2 status=200 0.228s url=https://www.myfonts.com/collections/kana-takaacacia-font-taka-design-production/
[2026-09-14T12:37:48Z] #522 attempt=1/2 status=200 0.362s url=https://www.myfonts.com/products/ultra-kana-takahappy-kadomaru-1221666
[2026-09-14T12:37:49Z] #523 attempt=1/2 status=200 0.381s url=https://www.myfonts.com/collections/kana-takahappy-kadomaru-font-taka-design-production/
[2026-09-14T12:37:50Z] #524 attempt=1/2 status=200 0.232s url=https://www.myfonts.com/collections/kana-takahappy-kadomaru-font-taka-design-production/?tab=techSpecs
[2026-09-14T12:37:51Z] #525 attempt=1/2 status=200 0.229s url=https://www.myfonts.com/collections/kana-takahappy-kadomaru-font-taka-design-production/
[2026-09-14T12:37:51Z] #526 attempt=1/2 status=200 0.351s url=https://www.myfonts.com/products/ultra-kana-takaandes-1221706
[2026-09-14T12:37:52Z] #527 attempt=1/2 status=200 0.394s url=https://www.myfonts.com/collections/kana-takaandes-font-taka-design-production/
[2026-09-14T12:37:52Z] #528 attempt=1/2 status=200 0.235s url=https://www.myfonts.com/collections/kana-takaandes-font-taka-design-production/?tab=techSpecs
[2026-09-14T12:37:54Z] #529 attempt=1/2 status=200 0.222s url=https://www.myfonts.com/collections/kana-takaandes-font-taka-design-production/
[2026-09-14T12:37:54Z] #530 attempt=1/2 status=200 0.376s url=https://www.myfonts.com/products/ultra-kana-takapark-maru-1221970
[2026-09-14T12:37:55Z] #531 attempt=1/2 status=200 0.390s url=https://www.myfonts.com/collections/kana-takapark-maru-font-taka-design-production/
[2026-09-14T12:37:55Z] #532 attempt=1/2 status=200 0.232s url=https://www.myfonts.com/collections/kana-takapark-maru-font-taka-design-production/?tab=techSpecs
[2026-09-14T12:37:56Z] #533 attempt=1/2 status=200 0.238s url=https://www.myfonts.com/collections/kana-takapark-maru-font-taka-design-production/
[2026-09-14T12:37:57Z] #534 attempt=1/2 status=200 0.361s url=https://www.myfonts.com/products/ultra-kana-takaswing-1221818
[2026-09-14T12:37:58Z] #535 attempt=1/2 status=200 0.410s url=https://www.myfonts.com/collections/kana-takaswing-font-taka-design-production/
[2026-09-14T12:37:58Z] #536 attempt=1/2 status=200 0.223s url=https://www.myfonts.com/collections/kana-takaswing-font-taka-design-production/?tab=techSpecs
[2026-09-14T12:37:59Z] #537 attempt=1/2 status=200 0.217s url=https://www.myfonts.com/collections/kana-takaswing-font-taka-design-production/
[2026-09-14T12:38:00Z] #538 attempt=1/2 status=200 0.361s url=https://www.myfonts.com/products/ultra-kana-takapoplar-1221890
[2026-09-14T12:38:00Z] #539 attempt=1/2 status=200 0.368s url=https://www.myfonts.com/collections/kana-takapoplar-font-taka-design-production/
[2026-09-14T12:38:01Z] #540 attempt=1/2 status=200 0.241s url=https://www.myfonts.com/collections/kana-takapoplar-font-taka-design-production/?tab=techSpecs
[2026-09-14T12:38:02Z] #541 attempt=1/2 status=200 0.222s url=https://www.myfonts.com/collections/kana-takapoplar-font-taka-design-production/
[2026-09-14T12:38:04Z] #542 attempt=1/6 status=200 0.829s url=https://www.myfonts.com/products.json?limit=100&page=12
[2026-09-14T12:38:04Z] #543 attempt=1/2 status=200 0.370s url=https://www.myfonts.com/products/ultra-kana-takahope-kai-1221634
[2026-09-14T12:38:05Z] #544 attempt=1/2 status=200 0.400s url=https://www.myfonts.com/collections/kana-takahope-kai-font-taka-design-production/
[2026-09-14T12:38:05Z] #545 attempt=1/2 status=200 0.207s url=https://www.myfonts.com/collections/kana-takahope-kai-font-taka-design-production/?tab=techSpecs
[2026-09-14T12:38:06Z] #546 attempt=1/2 status=200 0.248s url=https://www.myfonts.com/collections/kana-takahope-kai-font-taka-design-production/
[2026-09-14T12:38:08Z] #547 attempt=1/6 status=200 1.047s url=https://www.myfonts.com/products.json?limit=100&page=13
[2026-09-14T12:38:09Z] #548 attempt=1/2 status=200 0.471s url=https://www.myfonts.com/products/chaster-complete-family-package-1221469
[2026-09-14T12:38:10Z] #549 attempt=1/2 status=200 0.535s url=https://www.myfonts.com/collections/chaster-font-fargun-studio/
[2026-09-14T12:38:10Z] #550 attempt=1/2 status=200 0.234s url=https://www.myfonts.com/collections/chaster-font-fargun-studio/?tab=techSpecs
[2026-09-14T12:38:12Z] #551 attempt=1/2 status=200 0.562s url=https://www.myfonts.com/products/hackensack-complete-family-package-1221282
[2026-09-14T12:38:12Z] #552 attempt=1/2 status=200 0.493s url=https://www.myfonts.com/collections/hackensack-font-typodermic/
[2026-09-14T12:38:13Z] #553 attempt=1/2 status=200 0.252s url=https://www.myfonts.com/collections/hackensack-font-typodermic/?tab=techSpecs
[2026-09-14T12:38:15Z] #554 attempt=1/2 status=200 1.063s url=https://www.myfonts.com/products/handcrafted-signature-font-bundle-package-772696
[2026-09-14T12:38:16Z] #555 attempt=1/2 status=404 0.345s url=https://www.myfonts.com/collections/handcrafted-signature-font-bundle-font-lemonthe
[2026-09-14T12:38:16Z] #556 attempt=1/2 status=200 0.358s url=https://www.myfonts.com/products/regular-mrmarker-1221276
[2026-09-14T12:38:17Z] #557 attempt=1/2 status=200 0.346s url=https://www.myfonts.com/collections/mrmarker-font-paratype/
[2026-09-14T12:38:17Z] #558 attempt=1/2 status=200 0.225s url=https://www.myfonts.com/collections/mrmarker-font-paratype/?tab=techSpecs
[2026-09-14T12:38:18Z] #559 attempt=1/2 status=200 0.382s url=https://www.myfonts.com/products/ostrich-complete-family-package-1217499
[2026-09-14T12:38:19Z] #560 attempt=1/2 status=200 0.385s url=https://www.myfonts.com/collections/ostrich-font-jafar07/
[2026-09-14T12:38:19Z] #561 attempt=1/2 status=200 0.239s url=https://www.myfonts.com/collections/ostrich-font-jafar07/?tab=techSpecs
[2026-09-14T12:38:22Z] #562 attempt=1/2 status=200 2.218s url=https://www.myfonts.com/products/essential-font-family-package-1221107
[2026-09-14T12:38:26Z] #563 attempt=1/2 status=200 3.214s url=https://www.myfonts.com/collections/gathime-font-logic-type/
[2026-09-14T12:38:28Z] #564 attempt=1/2 status=200 0.530s url=https://www.myfonts.com/collections/gathime-font-logic-type/?tab=techSpecs
[2026-09-14T12:38:30Z] #565 attempt=1/2 status=200 0.413s url=https://www.myfonts.com/products/phidias-block-package-1218153
[2026-09-14T12:38:31Z] #566 attempt=1/2 status=200 0.391s url=https://www.myfonts.com/collections/phidias-font-spencer-and-sons-co/
[2026-09-14T12:38:31Z] #567 attempt=1/2 status=200 0.223s url=https://www.myfonts.com/collections/phidias-font-spencer-and-sons-co/?tab=techSpecs
[2026-09-14T12:38:32Z] #568 attempt=1/2 status=200 0.407s url=https://www.myfonts.com/products/finlado-variable-complete-family-package-1220454
[2026-09-14T12:38:33Z] #569 attempt=1/2 status=200 0.391s url=https://www.myfonts.com/collections/finlado-variable-font-bartama-graphic/
[2026-09-14T12:38:34Z] #570 attempt=1/2 status=200 0.212s url=https://www.myfonts.com/collections/finlado-variable-font-bartama-graphic/?tab=techSpecs
[2026-09-14T12:38:35Z] #571 attempt=1/2 status=200 0.366s url=https://www.myfonts.com/products/nathen-complete-family-package-1217503
[2026-09-14T12:38:36Z] #572 attempt=1/2 status=200 0.389s url=https://www.myfonts.com/collections/nathen-font-ekahermawan/
[2026-09-14T12:38:36Z] #573 attempt=1/2 status=200 0.260s url=https://www.myfonts.com/collections/nathen-font-ekahermawan/?tab=techSpecs
[2026-09-14T12:38:37Z] #574 attempt=1/2 status=200 0.422s url=https://www.myfonts.com/products/snasm-complete-family-package-1219001
[2026-09-14T12:38:38Z] #575 attempt=1/2 status=200 0.505s url=https://www.myfonts.com/collections/snasm-font-typodermic/
[2026-09-14T12:38:39Z] #576 attempt=1/2 status=200 0.245s url=https://www.myfonts.com/collections/snasm-font-typodermic/?tab=techSpecs
[2026-09-14T12:38:40Z] #577 attempt=1/2 status=200 0.819s url=https://www.myfonts.com/products/the-selfia-elegance-complete-family-package-1217930
[2026-09-14T12:38:42Z] #578 attempt=1/2 status=200 1.237s url=https://www.myfonts.com/collections/the-selfia-elegance-font-romie-creative/
[2026-09-14T12:38:43Z] #579 attempt=1/2 status=200 0.315s url=https://www.myfonts.com/collections/the-selfia-elegance-font-romie-creative/?tab=techSpecs
[2026-09-14T12:38:44Z] #580 attempt=1/2 status=200 0.469s url=https://www.myfonts.com/products/laga-complete-family-package-1218657
[2026-09-14T12:38:45Z] #581 attempt=1/2 status=200 0.516s url=https://www.myfonts.com/collections/laga-font-typerasa/
[2026-09-14T12:38:46Z] #582 attempt=1/2 status=200 0.256s url=https://www.myfonts.com/collections/laga-font-typerasa/?tab=techSpecs
[2026-09-14T12:38:49Z] #583 attempt=1/2 status=200 2.152s url=https://www.myfonts.com/products/tanflisc-complete-family-package-1218592
[2026-09-14T12:38:52Z] #584 attempt=1/2 status=200 2.882s url=https://www.myfonts.com/collections/tanflisc-font-pista-mova/
[2026-09-14T12:38:54Z] #585 attempt=1/2 status=200 0.452s url=https://www.myfonts.com/collections/tanflisc-font-pista-mova/?tab=techSpecs
[2026-09-14T12:38:55Z] #586 attempt=1/2 status=200 0.371s url=https://www.myfonts.com/products/musty-serif-complete-family-package-1218768
[2026-09-14T12:38:56Z] #587 attempt=1/2 status=200 0.474s url=https://www.myfonts.com/collections/musty-serif-font-flawlessandco/
[2026-09-14T12:38:57Z] #588 attempt=1/2 status=200 0.209s url=https://www.myfonts.com/collections/musty-serif-font-flawlessandco/?tab=techSpecs
[2026-09-14T12:39:00Z] #589 attempt=1/2 status=200 2.175s url=https://www.myfonts.com/products/expanded-package-1221275
[2026-09-14T12:39:03Z] #590 attempt=1/2 status=200 3.173s url=https://www.myfonts.com/collections/polisha-reynold-font-bosstypestudio/
[2026-09-14T12:39:05Z] #591 attempt=1/2 status=200 0.481s url=https://www.myfonts.com/collections/polisha-reynold-font-bosstypestudio/?tab=techSpecs
[2026-09-14T12:39:07Z] #592 attempt=1/2 status=200 0.337s url=https://www.myfonts.com/products/jellybean-lemonade-complete-family-package-1218195
[2026-09-14T12:39:08Z] #593 attempt=1/2 status=200 0.440s url=https://www.myfonts.com/collections/jellybean-lemonade-font-jinan-studio/
[2026-09-14T12:39:09Z] #594 attempt=1/2 status=200 0.229s url=https://www.myfonts.com/collections/jellybean-lemonade-font-jinan-studio/?tab=techSpecs
[2026-09-14T12:39:10Z] #595 attempt=1/2 status=200 0.536s url=https://www.myfonts.com/products/ayah-complete-family-package-1218114
[2026-09-14T12:39:11Z] #596 attempt=1/2 status=200 0.629s url=https://www.myfonts.com/collections/ayah-font-abbastype/
[2026-09-14T12:39:11Z] #597 attempt=1/2 status=200 0.255s url=https://www.myfonts.com/collections/ayah-font-abbastype/?tab=techSpecs
[2026-09-14T12:39:13Z] #598 attempt=1/2 status=200 0.398s url=https://www.myfonts.com/products/naglia-complete-family-package-1218944
[2026-09-14T12:39:13Z] #599 attempt=1/2 status=200 0.382s url=https://www.myfonts.com/collections/naglia-font-vultype-co/
[2026-09-14T12:39:14Z] #600 attempt=1/2 status=200 0.227s url=https://www.myfonts.com/collections/naglia-font-vultype-co/?tab=techSpecs
[2026-09-14T12:39:15Z] #601 attempt=1/2 status=200 0.339s url=https://www.myfonts.com/products/hamidlak-complete-family-package-1218526
[2026-09-14T12:39:16Z] #602 attempt=1/2 status=200 0.367s url=https://www.myfonts.com/collections/hamidlak-font-maulana-creative/
[2026-09-14T12:39:16Z] #603 attempt=1/2 status=200 0.243s url=https://www.myfonts.com/collections/hamidlak-font-maulana-creative/?tab=techSpecs
[2026-09-14T12:39:18Z] #604 attempt=1/2 status=200 0.936s url=https://www.myfonts.com/products/ranykinaya-bold-complete-family-package-1219252
[2026-09-14T12:39:19Z] #605 attempt=1/2 status=200 1.097s url=https://www.myfonts.com/collections/ranykinaya-bold-font-abbastype/
[2026-09-14T12:39:20Z] #606 attempt=1/2 status=200 0.311s url=https://www.myfonts.com/collections/ranykinaya-bold-font-abbastype/?tab=techSpecs
[2026-09-14T12:39:22Z] #607 attempt=1/2 status=200 0.311s url=https://www.myfonts.com/products/rellia-complete-family-package-1220303
[2026-09-14T12:39:22Z] #608 attempt=1/2 status=200 0.368s url=https://www.myfonts.com/collections/rellia-font-anxietype-foundry/
[2026-09-14T12:39:23Z] #609 attempt=1/2 status=200 0.216s url=https://www.myfonts.com/collections/rellia-font-anxietype-foundry/?tab=techSpecs
[2026-09-14T12:39:24Z] #610 attempt=1/2 status=200 0.375s url=https://www.myfonts.com/products/heritage-angles-complete-family-package-1217518
[2026-09-14T12:39:24Z] #611 attempt=1/2 status=200 0.454s url=https://www.myfonts.com/collections/heritage-angles-font-vermilione/
[2026-09-14T12:39:25Z] #612 attempt=1/2 status=200 0.224s url=https://www.myfonts.com/collections/heritage-angles-font-vermilione/?tab=techSpecs
[2026-09-14T12:39:26Z] #613 attempt=1/2 status=200 0.406s url=https://www.myfonts.com/products/kufi-20-complete-family-package-1219019
[2026-09-14T12:39:27Z] #614 attempt=1/2 status=200 0.406s url=https://www.myfonts.com/collections/kufi-20-font-grafikarfonts/
[2026-09-14T12:39:27Z] #615 attempt=1/2 status=200 0.210s url=https://www.myfonts.com/collections/kufi-20-font-grafikarfonts/?tab=techSpecs
[2026-09-14T12:39:29Z] #616 attempt=1/2 status=200 0.885s url=https://www.myfonts.com/products/valetia-complete-family-package-1219046
[2026-09-14T12:39:30Z] #617 attempt=1/2 status=200 1.041s url=https://www.myfonts.com/collections/valetia-font-abbastype/
[2026-09-14T12:39:31Z] #618 attempt=1/2 status=200 0.354s url=https://www.myfonts.com/collections/valetia-font-abbastype/?tab=techSpecs
[2026-09-14T12:39:35Z] #619 attempt=1/2 status=200 2.235s url=https://www.myfonts.com/products/normal-package-1219481
[2026-09-14T12:39:37Z] #620 attempt=1/2 status=200 2.503s url=https://www.myfonts.com/collections/gafisah-font-rotterlab-studio/
[2026-09-14T12:39:39Z] #621 attempt=1/2 status=200 0.526s url=https://www.myfonts.com/collections/gafisah-font-rotterlab-studio/?tab=techSpecs
[2026-09-14T12:39:41Z] #622 attempt=1/2 status=200 0.329s url=https://www.myfonts.com/products/curlovia-complete-family-package-1218881
[2026-09-14T12:39:42Z] #623 attempt=1/2 status=200 0.369s url=https://www.myfonts.com/collections/curlovia-font-tini-fitriani/
[2026-09-14T12:39:42Z] #624 attempt=1/2 status=200 0.225s url=https://www.myfonts.com/collections/curlovia-font-tini-fitriani/?tab=techSpecs
[2026-09-14T12:39:45Z] #625 attempt=1/2 status=200 1.981s url=https://www.myfonts.com/products/en-passant-complete-family-package-1217550
[2026-09-14T12:39:48Z] #626 attempt=1/2 status=200 2.050s url=https://www.myfonts.com/collections/en-passant-font-artisan-studio/
[2026-09-14T12:39:49Z] #627 attempt=1/2 status=200 0.399s url=https://www.myfonts.com/collections/en-passant-font-artisan-studio/?tab=techSpecs
[2026-09-14T12:39:51Z] #628 attempt=1/2 status=200 0.339s url=https://www.myfonts.com/products/bravoon-complete-family-package-1219037
[2026-09-14T12:39:51Z] #629 attempt=1/2 status=200 0.370s url=https://www.myfonts.com/collections/bravoon-font-muksal-creatives/
[2026-09-14T12:39:52Z] #630 attempt=1/2 status=200 0.220s url=https://www.myfonts.com/collections/bravoon-font-muksal-creatives/?tab=techSpecs
[2026-09-14T12:39:54Z] #631 attempt=1/2 status=200 0.945s url=https://www.myfonts.com/products/hanasoba-soft-complete-family-package-1218238
[2026-09-14T12:39:55Z] #632 attempt=1/2 status=200 1.012s url=https://www.myfonts.com/collections/hanasoba-soft-font-creatorism/
[2026-09-14T12:39:56Z] #633 attempt=1/2 status=200 0.281s url=https://www.myfonts.com/collections/hanasoba-soft-font-creatorism/?tab=techSpecs
[2026-09-14T12:39:58Z] #634 attempt=1/2 status=200 1.366s url=https://www.myfonts.com/products/fendrok-complete-family-package-1217549
[2026-09-14T12:40:00Z] #635 attempt=1/2 status=200 1.852s url=https://www.myfonts.com/collections/fendrok-font-stripes-studio/
[2026-09-14T12:40:02Z] #636 attempt=1/2 status=200 0.454s url=https://www.myfonts.com/collections/fendrok-font-stripes-studio/?tab=techSpecs
[2026-09-14T12:40:04Z] #637 attempt=1/2 status=200 0.960s url=https://www.myfonts.com/products/bunda-complete-family-package-1219483
[2026-09-14T12:40:05Z] #638 attempt=1/2 status=200 1.082s url=https://www.myfonts.com/collections/bunda-font-abbastype/
[2026-09-14T12:40:06Z] #639 attempt=1/2 status=200 0.317s url=https://www.myfonts.com/collections/bunda-font-abbastype/?tab=techSpecs
[2026-09-14T12:40:09Z] #640 attempt=1/2 status=200 1.574s url=https://www.myfonts.com/products/loreva-complete-family-package-1219665
[2026-09-14T12:40:11Z] #641 attempt=1/2 status=200 2.149s url=https://www.myfonts.com/collections/loreva-font-trick-type-style/
[2026-09-14T12:40:14Z] #642 attempt=1/2 status=200 1.637s url=https://www.myfonts.com/collections/loreva-font-trick-type-style/?tab=techSpecs
[2026-09-14T12:40:15Z] #643 attempt=1/2 status=200 0.395s url=https://www.myfonts.com/products/valloria-complete-family-package-1217521
[2026-09-14T12:40:16Z] #644 attempt=1/2 status=200 0.450s url=https://www.myfonts.com/collections/valloria-font-flawlessandco/
[2026-09-14T12:40:16Z] #645 attempt=1/2 status=200 0.240s url=https://www.myfonts.com/collections/valloria-font-flawlessandco/?tab=techSpecs
[2026-09-14T12:40:18Z] #646 attempt=1/2 status=200 1.172s url=https://www.myfonts.com/products/crayola-complete-family-package-1220306
[2026-09-14T12:40:20Z] #647 attempt=1/2 status=200 1.557s url=https://www.myfonts.com/collections/crayola-font-dorado-foundry/
[2026-09-14T12:40:22Z] #648 attempt=1/2 status=200 0.413s url=https://www.myfonts.com/collections/crayola-font-dorado-foundry/?tab=techSpecs
[2026-09-14T12:40:23Z] #649 attempt=1/2 status=200 0.342s url=https://www.myfonts.com/products/ss-macrola-complete-family-package-1219042
[2026-09-14T12:40:24Z] #650 attempt=1/2 status=200 0.361s url=https://www.myfonts.com/collections/ss-macrola-font-vermilione/
[2026-09-14T12:40:24Z] #651 attempt=1/2 status=200 0.226s url=https://www.myfonts.com/collections/ss-macrola-font-vermilione/?tab=techSpecs
[2026-09-14T12:40:26Z] #652 attempt=1/2 status=200 0.625s url=https://www.myfonts.com/products/poster-press-printed-complete-family-package-1218194
[2026-09-14T12:40:27Z] #653 attempt=1/2 status=200 0.769s url=https://www.myfonts.com/collections/poster-press-font-spencer-and-sons-co/
[2026-09-14T12:40:27Z] #654 attempt=1/2 status=200 0.306s url=https://www.myfonts.com/collections/poster-press-font-spencer-and-sons-co/?tab=techSpecs
[2026-09-14T12:40:29Z] #655 attempt=1/2 status=200 0.383s url=https://www.myfonts.com/products/aeroline-linear-complete-family-package-1219028
[2026-09-14T12:40:29Z] #656 attempt=1/2 status=200 0.408s url=https://www.myfonts.com/collections/aeroline-linear-font-kufic-studio/
[2026-09-14T12:40:30Z] #657 attempt=1/2 status=200 0.311s url=https://www.myfonts.com/collections/aeroline-linear-font-kufic-studio/?tab=techSpecs
[2026-09-14T12:40:31Z] #658 attempt=1/2 status=200 0.415s url=https://www.myfonts.com/products/qubbe-complete-family-package-1219014
[2026-09-14T12:40:32Z] #659 attempt=1/2 status=200 0.374s url=https://www.myfonts.com/collections/qubbe-font-ahmet-altun/
[2026-09-14T12:40:33Z] #660 attempt=1/2 status=200 0.400s url=https://www.myfonts.com/collections/qubbe-font-ahmet-altun/?tab=techSpecs
[2026-09-14T12:40:34Z] #661 attempt=1/2 status=200 0.860s url=https://www.myfonts.com/products/kerling-script-complete-family-package-1218529
[2026-09-14T12:40:35Z] #662 attempt=1/2 status=200 0.993s url=https://www.myfonts.com/collections/kerling-script-font-abbastype/
[2026-09-14T12:40:36Z] #663 attempt=1/2 status=200 0.312s url=https://www.myfonts.com/collections/kerling-script-font-abbastype/?tab=techSpecs
[2026-09-14T12:40:38Z] #664 attempt=1/2 status=200 0.357s url=https://www.myfonts.com/products/mirety-complete-family-package-1218996
[2026-09-14T12:40:38Z] #665 attempt=1/2 status=200 0.390s url=https://www.myfonts.com/collections/mirety-font-issam-type/
[2026-09-14T12:40:39Z] #666 attempt=1/2 status=200 0.228s url=https://www.myfonts.com/collections/mirety-font-issam-type/?tab=techSpecs
[2026-09-14T12:40:41Z] #667 attempt=1/2 status=200 1.298s url=https://www.myfonts.com/products/gasterik-complete-family-package-1218198
[2026-09-14T12:40:43Z] #668 attempt=1/2 status=200 1.977s url=https://www.myfonts.com/collections/gasterik-font-josstype/
[2026-09-14T12:40:45Z] #669 attempt=1/2 status=200 0.437s url=https://www.myfonts.com/collections/gasterik-font-josstype/?tab=techSpecs
[2026-09-14T12:40:48Z] #670 attempt=1/2 status=200 2.019s url=https://www.myfonts.com/products/rounded-package-1220301
[2026-09-14T12:40:50Z] #671 attempt=1/2 status=200 2.242s url=https://www.myfonts.com/collections/flatoue-font-fontdroe/
[2026-09-14T12:40:52Z] #672 attempt=1/2 status=200 0.538s url=https://www.myfonts.com/collections/flatoue-font-fontdroe/?tab=techSpecs
[2026-09-14T12:40:55Z] #673 attempt=1/2 status=200 0.435s url=https://www.myfonts.com/products/veyrix-complete-family-package-1217472
[2026-09-14T12:40:55Z] #674 attempt=1/2 status=200 0.465s url=https://www.myfonts.com/collections/veyrix-font-qiubare-studio/
[2026-09-14T12:40:56Z] #675 attempt=1/2 status=200 0.223s url=https://www.myfonts.com/collections/veyrix-font-qiubare-studio/?tab=techSpecs
[2026-09-14T12:40:57Z] #676 attempt=1/2 status=200 0.369s url=https://www.myfonts.com/products/grily-complete-family-package-1217489
[2026-09-14T12:40:58Z] #677 attempt=1/2 status=200 0.392s url=https://www.myfonts.com/collections/grily-font-artiveko/
[2026-09-14T12:40:58Z] #678 attempt=1/2 status=200 0.422s url=https://www.myfonts.com/collections/grily-font-artiveko/?tab=techSpecs
[2026-09-14T12:41:00Z] #679 attempt=1/2 status=200 1.027s url=https://www.myfonts.com/products/amigora-complete-family-package-1218001
[2026-09-14T12:41:02Z] #680 attempt=1/2 status=200 1.170s url=https://www.myfonts.com/collections/amigora-font-zane-studio/
[2026-09-14T12:41:03Z] #681 attempt=1/2 status=200 0.374s url=https://www.myfonts.com/products/murisa-ida-complete-family-package-1219025
[2026-09-14T12:41:03Z] #682 attempt=1/2 status=200 0.347s url=https://www.myfonts.com/collections/murisa-ida-font-murisa-studio/
[2026-09-14T12:41:04Z] #683 attempt=1/2 status=200 0.794s url=https://www.myfonts.com/products/gilferos-cntr-complete-family-package-1218453
[2026-09-14T12:41:06Z] #684 attempt=1/2 status=200 1.119s url=https://www.myfonts.com/collections/gilferos-cntr-font-gatype/
[2026-09-14T12:41:07Z] #685 attempt=1/2 status=200 0.373s url=https://www.myfonts.com/products/bouncy-mochi-complete-family-package-1217513
[2026-09-14T12:41:07Z] #686 attempt=1/2 status=200 0.402s url=https://www.myfonts.com/collections/bouncy-mochi-font-cocodesign/
[2026-09-14T12:41:09Z] #687 attempt=1/2 status=200 1.033s url=https://www.myfonts.com/products/heyhai-complete-family-package-1219568
[2026-09-14T12:41:10Z] #688 attempt=1/2 status=200 1.213s url=https://www.myfonts.com/collections/heyhai-font-abbastype/
[2026-09-14T12:41:11Z] #689 attempt=1/2 status=200 0.333s url=https://www.myfonts.com/products/taska-complete-family-package-1217485
[2026-09-14T12:41:12Z] #690 attempt=1/2 status=200 0.379s url=https://www.myfonts.com/collections/taska-font-hishand-studio/
[2026-09-14T12:41:14Z] #691 attempt=1/2 status=200 1.612s url=https://www.myfonts.com/products/ethnology-complete-family-package-1219828
[2026-09-14T12:41:16Z] #692 attempt=1/2 status=200 2.279s url=https://www.myfonts.com/collections/ethnology-font-groenstudio/
[2026-09-14T12:41:19Z] #693 attempt=1/6 status=200 0.777s url=https://www.myfonts.com/products.json?limit=100&page=14
[2026-09-14T12:41:20Z] #694 attempt=1/6 status=200 0.930s url=https://www.myfonts.com/products.json?limit=100&page=15
[2026-09-14T12:41:21Z] #695 attempt=1/2 status=200 0.331s url=https://www.myfonts.com/products/regular-herjima-1218452
[2026-09-14T12:41:21Z] #696 attempt=1/2 status=200 0.337s url=https://www.myfonts.com/collections/herjima-font-arif-novianto/
[2026-09-14T12:41:23Z] #697 attempt=1/6 status=200 0.956s url=https://www.myfonts.com/products.json?limit=100&page=16
[2026-09-14T12:41:23Z] #698 attempt=1/2 status=200 0.373s url=https://www.myfonts.com/products/regular-velmiqura-1219041
[2026-09-14T12:41:24Z] #699 attempt=1/2 status=200 0.354s url=https://www.myfonts.com/collections/velmiqura-font-arif-novianto/
[2026-09-14T12:41:25Z] #700 attempt=1/6 status=200 0.844s url=https://www.myfonts.com/products.json?limit=100&page=17
[2026-09-14T12:41:27Z] #701 attempt=1/6 status=200 0.980s url=https://www.myfonts.com/products.json?limit=100&page=18
[2026-09-14T12:41:28Z] #702 attempt=1/6 status=200 0.820s url=https://www.myfonts.com/products.json?limit=100&page=19
[2026-09-14T12:41:29Z] #703 attempt=1/6 status=200 0.857s url=https://www.myfonts.com/products.json?limit=100&page=20
[2026-09-14T12:41:31Z] #704 attempt=1/6 status=200 1.025s url=https://www.myfonts.com/products.json?limit=100&page=21
[2026-09-14T12:41:32Z] #705 attempt=1/2 status=200 0.432s url=https://www.myfonts.com/products/regular-chetabi-1219045
[2026-09-14T12:41:32Z] #706 attempt=1/2 status=200 0.366s url=https://www.myfonts.com/collections/chetabi-font-maulana-creative/
[2026-09-14T12:41:34Z] #707 attempt=1/6 status=200 0.857s url=https://www.myfonts.com/products.json?limit=100&page=22
[2026-09-14T12:41:35Z] #708 attempt=1/6 status=200 0.978s url=https://www.myfonts.com/products.json?limit=100&page=23
[2026-09-14T12:41:36Z] #709 attempt=1/2 status=200 0.328s url=https://www.myfonts.com/products/regular-rosewater-1218994
[2026-09-14T12:41:37Z] #710 attempt=1/2 status=200 0.341s url=https://www.myfonts.com/collections/rosewater-font-fontcake/
[2026-09-14T12:41:38Z] #711 attempt=1/6 status=200 0.851s url=https://www.myfonts.com/products.json?limit=100&page=24
[2026-09-14T12:41:39Z] #712 attempt=1/6 status=200 0.807s url=https://www.myfonts.com/products.json?limit=100&page=25
[2026-09-14T12:41:40Z] #713 attempt=1/2 status=200 0.344s url=https://www.myfonts.com/products/light-favoralight-1219829
[2026-09-14T12:41:40Z] #714 attempt=1/2 status=200 0.338s url=https://www.myfonts.com/collections/favoralight-font-dgsa-type-foundry/
[2026-09-14T12:41:40Z] summary releases=36 first_429=None log_file=state/myfonts_run_20260914_123109.log
[2026-09-14T12:41:40Z] saved_success_profile path=state/myfonts_success_profile.json
[2026-09-14T12:41:40Z] === MyFonts crawl end ===
