[2026-05-15T09:20:49Z] checkpoint fresh next_page=1 path=state/myfonts_crawl_checkpoint.json
[2026-05-15T09:20:49Z] === MyFonts crawl start source=myfonts ===
[2026-05-15T09:20:49Z] config max_pages=25 page_size=100 start_date=2026-05-14 end_date=2026-05-15 api_delay=0.5s detail_delay=0.2s max_debut_checks=400 max_tech_specs_checks=200 reuse_success_profile=False always_enrich_packages=True language_script_signal_mode=strong force_fresh_run=False start_page=1 browser_mode=False browser_headless=True browser_storage_state_path=state/myfonts_storage_state.json
[2026-05-15T09:20:51Z] #1 attempt=1/6 status=200 1.006s url=https://www.myfonts.com/products.json?limit=100&page=1
[2026-05-15T09:20:51Z] #2 attempt=1/2 status=200 0.288s url=https://www.myfonts.com/products/bold-handset-sans-canaborig-1153546
[2026-05-15T09:20:52Z] #3 attempt=1/2 status=200 0.320s url=https://www.myfonts.com/collections/handset-sans-canaborig-font-oem-monotype/
[2026-05-15T09:20:52Z] #4 attempt=1/2 status=200 0.264s url=https://www.myfonts.com/collections/handset-sans-canaborig-font-oem-monotype/?tab=techSpecs
[2026-05-15T09:20:53Z] #5 attempt=1/2 status=200 0.297s url=https://www.myfonts.com/collections/handset-sans-canaborig-font-oem-monotype/
[2026-05-15T09:20:54Z] #6 attempt=1/2 status=200 0.718s url=https://www.myfonts.com/products/expanded-package-1152547
[2026-05-15T09:20:57Z] #7 attempt=1/2 status=200 2.504s url=https://www.myfonts.com/collections/qorvyn-font-groenstudio/
[2026-05-15T09:20:58Z] #8 attempt=1/2 status=200 0.185s url=https://www.myfonts.com/collections/qorvyn-font-groenstudio/?tab=techSpecs
[2026-05-15T09:20:59Z] #9 attempt=1/2 status=200 0.133s url=https://www.myfonts.com/products/normal-package-1152939
[2026-05-15T09:21:01Z] #10 attempt=1/2 status=200 1.929s url=https://www.myfonts.com/collections/new-novaryn-font-jorsetype/
[2026-05-15T09:21:04Z] #11 attempt=1/2 status=200 1.715s url=https://www.myfonts.com/collections/new-novaryn-font-jorsetype/?tab=techSpecs
[2026-05-15T09:21:05Z] #12 attempt=1/2 status=200 0.849s url=https://www.myfonts.com/products/clastin-complete-family-package-1152558
[2026-05-15T09:21:07Z] #13 attempt=1/2 status=200 1.095s url=https://www.myfonts.com/collections/clastin-font-stripes-studio/
[2026-05-15T09:21:08Z] #14 attempt=1/2 status=200 1.271s url=https://www.myfonts.com/collections/clastin-font-stripes-studio/?tab=techSpecs
[2026-05-15T09:21:10Z] #15 attempt=1/2 status=200 0.473s url=https://www.myfonts.com/products/reforma-grotesk-complete-family-package-1152343
[2026-05-15T09:21:10Z] #16 attempt=1/2 status=200 0.441s url=https://www.myfonts.com/collections/reforma-grotesk-bold-e-font-paratype/
[2026-05-15T09:21:11Z] #17 attempt=1/2 status=200 0.691s url=https://www.myfonts.com/collections/reforma-grotesk-bold-e-font-paratype/?tab=techSpecs
[2026-05-15T09:21:13Z] #18 attempt=1/2 status=200 0.411s url=https://www.myfonts.com/products/ring-slab-complete-family-package-1153475
[2026-05-15T09:21:13Z] #19 attempt=1/2 status=200 0.665s url=https://www.myfonts.com/collections/ring-slab-font-ochakov/
[2026-05-15T09:21:15Z] #20 attempt=1/2 status=200 0.926s url=https://www.myfonts.com/collections/ring-slab-font-ochakov/?tab=techSpecs
[2026-05-15T09:21:16Z] #21 attempt=1/2 status=200 0.360s url=https://www.myfonts.com/products/julethia-complete-family-package-1152819
[2026-05-15T09:21:16Z] #22 attempt=1/2 status=200 0.422s url=https://www.myfonts.com/collections/julethia-font-tini-fitriani/
[2026-05-15T09:21:17Z] #23 attempt=1/2 status=200 0.174s url=https://www.myfonts.com/collections/julethia-font-tini-fitriani/?tab=techSpecs
[2026-05-15T09:21:18Z] #24 attempt=1/2 status=200 0.304s url=https://www.myfonts.com/products/wolgen-complete-family-package-1152950
[2026-05-15T09:21:19Z] #25 attempt=1/2 status=200 0.467s url=https://www.myfonts.com/collections/wolgen-font-sensatype-studio/
[2026-05-15T09:21:19Z] #26 attempt=1/2 status=200 0.396s url=https://www.myfonts.com/collections/wolgen-font-sensatype-studio/?tab=techSpecs
[2026-05-15T09:21:20Z] #27 attempt=1/2 status=200 0.328s url=https://www.myfonts.com/products/zulta-music-complete-family-package-1152809
[2026-05-15T09:21:21Z] #28 attempt=1/2 status=200 0.443s url=https://www.myfonts.com/collections/zulta-music-font-illushvara/
[2026-05-15T09:21:22Z] #29 attempt=1/2 status=200 0.374s url=https://www.myfonts.com/collections/zulta-music-font-illushvara/?tab=techSpecs
[2026-05-15T09:21:23Z] #30 attempt=1/2 status=200 0.404s url=https://www.myfonts.com/products/district-complete-family-package-1152357
[2026-05-15T09:21:24Z] #31 attempt=1/2 status=200 0.572s url=https://www.myfonts.com/collections/district-pro-font-garagefonts/
[2026-05-15T09:21:25Z] #32 attempt=1/2 status=200 0.776s url=https://www.myfonts.com/collections/district-pro-font-garagefonts/?tab=techSpecs
[2026-05-15T09:21:26Z] #33 attempt=1/2 status=200 0.755s url=https://www.myfonts.com/products/expanded-package-1153098
[2026-05-15T09:21:29Z] #34 attempt=1/2 status=200 2.397s url=https://www.myfonts.com/collections/orvessia-font-artisan-studio/
[2026-05-15T09:21:32Z] #35 attempt=1/2 status=200 2.802s url=https://www.myfonts.com/collections/orvessia-font-artisan-studio/?tab=techSpecs
[2026-05-15T09:21:33Z] #36 attempt=1/2 status=200 0.142s url=https://www.myfonts.com/products/first-memoirs-complete-family-package-1152812
[2026-05-15T09:21:34Z] #37 attempt=1/2 status=200 0.548s url=https://www.myfonts.com/collections/first-memoirs-font-tini-fitriani/
[2026-05-15T09:21:35Z] #38 attempt=1/2 status=200 0.389s url=https://www.myfonts.com/collections/first-memoirs-font-tini-fitriani/?tab=techSpecs
[2026-05-15T09:21:36Z] #39 attempt=1/2 status=200 0.378s url=https://www.myfonts.com/products/slutsker-script-complete-family-package-1152356
[2026-05-15T09:21:37Z] #40 attempt=1/2 status=200 0.462s url=https://www.myfonts.com/collections/slutsker-script-font-paratype/
[2026-05-15T09:21:37Z] #41 attempt=1/2 status=200 0.176s url=https://www.myfonts.com/collections/slutsker-script-font-paratype/?tab=techSpecs
[2026-05-15T09:21:38Z] #42 attempt=1/2 status=200 0.355s url=https://www.myfonts.com/products/magnie-complete-family-package-1152387
[2026-05-15T09:21:39Z] #43 attempt=1/2 status=200 0.594s url=https://www.myfonts.com/collections/magnie-font-spencer-and-sons-co/
[2026-05-15T09:21:40Z] #44 attempt=1/2 status=200 0.582s url=https://www.myfonts.com/collections/magnie-font-spencer-and-sons-co/?tab=techSpecs
[2026-05-15T09:21:41Z] #45 attempt=1/2 status=200 0.335s url=https://www.myfonts.com/products/del-carna-complete-family-package-1152957
[2026-05-15T09:21:42Z] #46 attempt=1/2 status=200 0.549s url=https://www.myfonts.com/collections/del-carna-font-rashdrawn/
[2026-05-15T09:21:42Z] #47 attempt=1/2 status=200 0.163s url=https://www.myfonts.com/collections/del-carna-font-rashdrawn/?tab=techSpecs
[2026-05-15T09:21:43Z] #48 attempt=1/2 status=200 0.449s url=https://www.myfonts.com/products/natio-pack-2-package-1152341
[2026-05-15T09:21:44Z] #49 attempt=1/2 status=200 0.727s url=https://www.myfonts.com/collections/natio-font-degarism-studio/
[2026-05-15T09:21:45Z] #50 attempt=1/2 status=200 0.807s url=https://www.myfonts.com/collections/natio-font-degarism-studio/?tab=techSpecs
[2026-05-15T09:21:47Z] #51 attempt=1/2 status=200 0.482s url=https://www.myfonts.com/products/fono-complete-family-package-1153147
[2026-05-15T09:21:47Z] #52 attempt=1/2 status=200 0.494s url=https://www.myfonts.com/collections/fono-font-garagefonts/
[2026-05-15T09:21:48Z] #53 attempt=1/2 status=200 0.147s url=https://www.myfonts.com/collections/fono-font-garagefonts/?tab=techSpecs
[2026-05-15T09:21:49Z] #54 attempt=1/2 status=200 0.307s url=https://www.myfonts.com/products/shafikon-serif-complete-family-package-1153163
[2026-05-15T09:21:49Z] #55 attempt=1/2 status=200 0.403s url=https://www.myfonts.com/collections/shafikon-serif-font-madjack-font/
[2026-05-15T09:21:50Z] #56 attempt=1/2 status=200 0.149s url=https://www.myfonts.com/collections/shafikon-serif-font-madjack-font/?tab=techSpecs
[2026-05-15T09:21:51Z] #57 attempt=1/2 status=200 0.557s url=https://www.myfonts.com/products/selina-complete-family-package-1152355
[2026-05-15T09:21:52Z] #58 attempt=1/2 status=200 0.644s url=https://www.myfonts.com/collections/selina-font-paratype/
[2026-05-15T09:21:53Z] #59 attempt=1/2 status=200 0.691s url=https://www.myfonts.com/collections/selina-font-paratype/?tab=techSpecs
[2026-05-15T09:21:54Z] #60 attempt=1/2 status=200 0.335s url=https://www.myfonts.com/products/candywrap-complete-family-package-1153133
[2026-05-15T09:21:55Z] #61 attempt=1/2 status=200 0.633s url=https://www.myfonts.com/collections/candywrap-font-outerend/
[2026-05-15T09:21:56Z] #62 attempt=1/2 status=200 0.654s url=https://www.myfonts.com/collections/candywrap-font-outerend/?tab=techSpecs
[2026-05-15T09:21:57Z] #63 attempt=1/2 status=200 0.396s url=https://www.myfonts.com/products/lebecque-complete-family-package-1153100
[2026-05-15T09:21:58Z] #64 attempt=1/2 status=200 0.495s url=https://www.myfonts.com/collections/lebecque-font-alffonts/
[2026-05-15T09:21:59Z] #65 attempt=1/2 status=200 0.520s url=https://www.myfonts.com/collections/lebecque-font-alffonts/?tab=techSpecs
[2026-05-15T09:22:00Z] #66 attempt=1/2 status=200 0.425s url=https://www.myfonts.com/products/din-next-complete-family-package-1152372
[2026-05-15T09:22:01Z] #67 attempt=1/2 status=200 1.121s url=https://www.myfonts.com/collections/din-next-font-monotype-imaging/
[2026-05-15T09:22:02Z] #68 attempt=1/2 status=200 0.204s url=https://www.myfonts.com/collections/din-next-font-monotype-imaging/?tab=techSpecs
[2026-05-15T09:22:03Z] #69 attempt=1/2 status=200 0.378s url=https://www.myfonts.com/products/chago-complete-family-package-1153166
[2026-05-15T09:22:04Z] #70 attempt=1/2 status=200 0.375s url=https://www.myfonts.com/collections/chago-font-grontype/
[2026-05-15T09:22:04Z] #71 attempt=1/2 status=200 0.426s url=https://www.myfonts.com/collections/chago-font-grontype/?tab=techSpecs
[2026-05-15T09:22:06Z] #72 attempt=1/2 status=200 0.714s url=https://www.myfonts.com/products/eryndor-complete-family-package-1152621
[2026-05-15T09:22:08Z] #73 attempt=1/2 status=200 1.717s url=https://www.myfonts.com/collections/eryndor-font-typehill-studio/
[2026-05-15T09:22:09Z] #74 attempt=1/2 status=200 0.192s url=https://www.myfonts.com/collections/eryndor-font-typehill-studio/?tab=techSpecs
[2026-05-15T09:22:10Z] #75 attempt=1/2 status=200 0.473s url=https://www.myfonts.com/products/the-milanos-editorial-complete-family-package-1153170
[2026-05-15T09:22:11Z] #76 attempt=1/2 status=200 0.682s url=https://www.myfonts.com/collections/the-milanos-editorial-font-positive-type/
[2026-05-15T09:22:11Z] #77 attempt=1/2 status=200 0.166s url=https://www.myfonts.com/collections/the-milanos-editorial-font-positive-type/?tab=techSpecs
[2026-05-15T09:22:12Z] #78 attempt=1/2 status=200 0.346s url=https://www.myfonts.com/products/tanya-kata-complete-family-package-1152555
[2026-05-15T09:22:13Z] #79 attempt=1/2 status=200 0.440s url=https://www.myfonts.com/collections/tanya-kata-font-tini-fitriani/
[2026-05-15T09:22:14Z] #80 attempt=1/2 status=200 0.179s url=https://www.myfonts.com/collections/tanya-kata-font-tini-fitriani/?tab=techSpecs
[2026-05-15T09:22:15Z] #81 attempt=1/2 status=200 0.437s url=https://www.myfonts.com/products/archive-complete-family-package-1153154
[2026-05-15T09:22:16Z] #82 attempt=1/2 status=200 0.531s url=https://www.myfonts.com/collections/archive-font-garagefonts/
[2026-05-15T09:22:16Z] #83 attempt=1/2 status=200 0.156s url=https://www.myfonts.com/collections/archive-font-garagefonts/?tab=techSpecs
[2026-05-15T09:22:17Z] #84 attempt=1/2 status=200 0.142s url=https://www.myfonts.com/collections/archive-font-garagefonts/
[2026-05-15T09:22:17Z] #85 attempt=1/2 status=200 0.397s url=https://www.myfonts.com/products/metroflex-uni-complete-family-package-1153111
[2026-05-15T09:22:18Z] #86 attempt=1/2 status=200 0.565s url=https://www.myfonts.com/collections/metroflex-uni-font-garagefonts/
[2026-05-15T09:22:19Z] #87 attempt=1/2 status=200 0.637s url=https://www.myfonts.com/collections/metroflex-uni-font-garagefonts/?tab=techSpecs
[2026-05-15T09:22:20Z] #88 attempt=1/2 status=200 0.316s url=https://www.myfonts.com/products/crashed-complete-family-package-1152961
[2026-05-15T09:22:21Z] #89 attempt=1/2 status=200 0.394s url=https://www.myfonts.com/collections/crashed-font-timelesstype-studio/
[2026-05-15T09:22:22Z] #90 attempt=1/2 status=200 0.419s url=https://www.myfonts.com/collections/crashed-font-timelesstype-studio/?tab=techSpecs
[2026-05-15T09:22:23Z] #91 attempt=1/2 status=200 0.446s url=https://www.myfonts.com/products/amsterdam-serif-complete-family-package-1152302
[2026-05-15T09:22:23Z] #92 attempt=1/2 status=429 0.028s url=https://www.myfonts.com/collections/amsterdam-serif-font-blaze-type/
[2026-05-15T09:22:23Z] first_429 req=92 url=https://www.myfonts.com/collections/amsterdam-serif-font-blaze-type/
[2026-05-15T09:22:26Z] #93 attempt=2/2 status=200 0.823s url=https://www.myfonts.com/collections/amsterdam-serif-font-blaze-type/
[2026-05-15T09:22:27Z] #94 attempt=1/2 status=200 0.400s url=https://www.myfonts.com/products/homage-condensed-complete-family-package-1153103
[2026-05-15T09:22:27Z] #95 attempt=1/2 status=200 0.398s url=https://www.myfonts.com/collections/homage-condensed-font-garagefonts/
[2026-05-15T09:22:28Z] #96 attempt=1/2 status=200 0.341s url=https://www.myfonts.com/products/homes-royale-complete-family-package-1153201
[2026-05-15T09:22:29Z] #97 attempt=1/2 status=200 0.417s url=https://www.myfonts.com/collections/homes-royale-font-sensatype-studio/
[2026-05-15T09:22:29Z] #98 attempt=1/2 status=200 0.337s url=https://www.myfonts.com/products/meckora-complete-family-package-1152943
[2026-05-15T09:22:30Z] #99 attempt=1/2 status=200 0.496s url=https://www.myfonts.com/collections/meckora-font-zaain-type/
[2026-05-15T09:22:30Z] #100 attempt=1/2 status=429 0.036s url=https://www.myfonts.com/products/sheio-complete-family-package-1152920
[2026-05-15T09:22:33Z] #101 attempt=2/2 status=200 0.462s url=https://www.myfonts.com/products/sheio-complete-family-package-1152920
[2026-05-15T09:22:34Z] #102 attempt=1/2 status=200 0.682s url=https://www.myfonts.com/collections/sheio-font-jam-type-design/
[2026-05-15T09:22:35Z] #103 attempt=1/2 status=200 0.383s url=https://www.myfonts.com/products/notevera-complete-family-package-1152825
[2026-05-15T09:22:35Z] #104 attempt=1/2 status=200 0.429s url=https://www.myfonts.com/collections/notevera-font-lettertype-studio/
[2026-05-15T09:22:36Z] #105 attempt=1/2 status=200 0.464s url=https://www.myfonts.com/products/dribell-scribble-complete-family-package-1152549
[2026-05-15T09:22:37Z] #106 attempt=1/2 status=200 0.509s url=https://www.myfonts.com/collections/dribell-scribble-font-vampstudio/
[2026-05-15T09:22:37Z] #107 attempt=1/2 status=200 0.322s url=https://www.myfonts.com/products/authentic-classy-script-complete-family-package-1152552
[2026-05-15T09:22:38Z] #108 attempt=1/2 status=429 0.030s url=https://www.myfonts.com/collections/authentic-classy-script-font-letterfreshstudio/
[2026-05-15T09:22:40Z] #109 attempt=2/2 status=200 0.437s url=https://www.myfonts.com/collections/authentic-classy-script-font-letterfreshstudio/
[2026-05-15T09:22:41Z] #110 attempt=1/2 status=200 0.368s url=https://www.myfonts.com/products/geom-complete-family-package-1152954
[2026-05-15T09:22:42Z] #111 attempt=1/2 status=200 0.386s url=https://www.myfonts.com/collections/geom-font-sensatype-studio/
[2026-05-15T09:22:43Z] #112 attempt=1/2 status=200 0.640s url=https://www.myfonts.com/products/metroflex-narrow-complete-family-package-1153122
[2026-05-15T09:22:43Z] #113 attempt=1/2 status=200 0.569s url=https://www.myfonts.com/collections/metroflex-narrow-font-garagefonts/
[2026-05-15T09:22:44Z] #114 attempt=1/2 status=200 0.363s url=https://www.myfonts.com/products/metroflex-wide-complete-family-package-1153136
[2026-05-15T09:22:44Z] #115 attempt=1/2 status=429 0.033s url=https://www.myfonts.com/collections/metroflex-wide-font-garagefonts/
[2026-05-15T09:22:47Z] #116 attempt=2/2 status=200 0.816s url=https://www.myfonts.com/collections/metroflex-wide-font-garagefonts/
[2026-05-15T09:22:48Z] #117 attempt=1/2 status=200 0.391s url=https://www.myfonts.com/products/gageni-complete-family-package-1152946
[2026-05-15T09:22:49Z] #118 attempt=1/2 status=200 0.365s url=https://www.myfonts.com/collections/gageni-font-agung-sudirman/
[2026-05-15T09:22:49Z] #119 attempt=1/2 status=200 0.391s url=https://www.myfonts.com/products/afolkalips-complete-family-package-1153108
[2026-05-15T09:22:50Z] #120 attempt=1/2 status=200 0.446s url=https://www.myfonts.com/collections/afolkalips-font-arterfak-project/
[2026-05-15T09:22:51Z] #121 attempt=1/2 status=200 0.396s url=https://www.myfonts.com/products/merta-sans-complete-family-package-1152396
[2026-05-15T09:22:52Z] #122 attempt=1/2 status=200 0.777s url=https://www.myfonts.com/collections/merta-sans-font-lettertype-studio/
[2026-05-15T09:22:53Z] #123 attempt=1/2 status=200 0.565s url=https://www.myfonts.com/products/velstra-complete-family-package-1152788
[2026-05-15T09:22:53Z] #124 attempt=1/2 status=429 0.028s url=https://www.myfonts.com/collections/velstra-font-nollev/
[2026-05-15T09:22:56Z] #125 attempt=2/2 status=200 0.596s url=https://www.myfonts.com/collections/velstra-font-nollev/
[2026-05-15T09:22:56Z] #126 attempt=1/2 status=200 0.322s url=https://www.myfonts.com/products/roster-fancy-complete-family-package-1152815
[2026-05-15T09:22:57Z] #127 attempt=1/2 status=200 0.392s url=https://www.myfonts.com/collections/roster-fancy-font-letterytz/
[2026-05-15T09:22:58Z] #128 attempt=1/2 status=200 0.536s url=https://www.myfonts.com/products/fonetika-complete-family-package-1153474
[2026-05-15T09:22:59Z] #129 attempt=1/2 status=200 0.719s url=https://www.myfonts.com/collections/fonetika-font-tokotype/
[2026-05-15T09:22:59Z] #130 attempt=1/2 status=200 0.339s url=https://www.myfonts.com/products/black-tg-neuramatica-31590
[2026-05-15T09:23:00Z] #131 attempt=1/2 status=200 0.528s url=https://www.myfonts.com/collections/tg-neuramatica-font-tegami-type/
[2026-05-15T09:23:00Z] #132 attempt=1/2 status=429 0.031s url=https://www.myfonts.com/products/semi-bold-tg-neuramatica-31578
[2026-05-15T09:23:03Z] #133 attempt=2/2 status=200 0.354s url=https://www.myfonts.com/products/semi-bold-tg-neuramatica-31578
[2026-05-15T09:23:03Z] #134 attempt=1/2 status=200 0.167s url=https://www.myfonts.com/collections/tg-neuramatica-font-tegami-type/
[2026-05-15T09:23:04Z] #135 attempt=1/2 status=200 0.283s url=https://www.myfonts.com/products/light-tg-neuramatica-31586
[2026-05-15T09:23:05Z] #136 attempt=1/2 status=200 0.508s url=https://www.myfonts.com/collections/tg-neuramatica-font-tegami-type/
[2026-05-15T09:23:05Z] #137 attempt=1/2 status=200 0.400s url=https://www.myfonts.com/products/bold-tg-neuramatica-31598
[2026-05-15T09:23:06Z] #138 attempt=1/2 status=200 0.137s url=https://www.myfonts.com/collections/tg-neuramatica-font-tegami-type/
[2026-05-15T09:23:06Z] #139 attempt=1/6 status=429 0.030s url=https://www.myfonts.com/products.json?limit=100&page=2
[2026-05-15T09:23:10Z] #140 attempt=2/6 status=200 0.893s url=https://www.myfonts.com/products.json?limit=100&page=2
[2026-05-15T09:23:10Z] #141 attempt=1/2 status=200 0.279s url=https://www.myfonts.com/products/regular-homage-script-1153102
[2026-05-15T09:23:11Z] #142 attempt=1/2 status=200 0.288s url=https://www.myfonts.com/collections/homage-script-font-garagefonts/
[2026-05-15T09:23:11Z] #143 attempt=1/2 status=200 0.274s url=https://www.myfonts.com/products/regular-author-1152960
[2026-05-15T09:23:12Z] #144 attempt=1/2 status=200 0.325s url=https://www.myfonts.com/collections/author-font-sensatype-studio/
[2026-05-15T09:23:13Z] #145 attempt=1/6 status=200 0.802s url=https://www.myfonts.com/products.json?limit=100&page=3
[2026-05-15T09:23:14Z] #146 attempt=1/2 status=200 0.292s url=https://www.myfonts.com/products/regular-whisky-fudge-1131507
[2026-05-15T09:23:14Z] #147 attempt=1/2 status=200 0.236s url=https://www.myfonts.com/collections/whisky-fudge-font-braw-type/
[2026-05-15T09:23:15Z] #148 attempt=1/2 status=200 0.213s url=https://www.myfonts.com/collections/whisky-fudge-font-braw-type/
[2026-05-15T09:23:15Z] #149 attempt=1/2 status=429 0.025s url=https://www.myfonts.com/collections/regular-whisky-fudge-1131507-font-thistle-type
[2026-05-15T09:23:17Z] #150 attempt=2/2 status=404 0.209s url=https://www.myfonts.com/collections/regular-whisky-fudge-1131507-font-thistle-type
[2026-05-15T09:23:18Z] #151 attempt=1/2 status=200 0.269s url=https://www.myfonts.com/products/medium-minematic-1153169
[2026-05-15T09:23:19Z] #152 attempt=1/2 status=200 0.464s url=https://www.myfonts.com/collections/minematic-font-letterheadstudio-vg/
[2026-05-15T09:23:20Z] #153 attempt=1/6 status=200 0.619s url=https://www.myfonts.com/products.json?limit=100&page=4
[2026-05-15T09:23:20Z] #154 attempt=1/2 status=200 0.482s url=https://www.myfonts.com/products/spectro-space-regular-spectrospace-1152856
[2026-05-15T09:23:21Z] #155 attempt=1/2 status=200 0.410s url=https://www.myfonts.com/collections/spectrospace-font-ledokolua/
[2026-05-15T09:23:21Z] #156 attempt=1/2 status=429 0.031s url=https://www.myfonts.com/products/regular-mobina-1152953
[2026-05-15T09:23:24Z] #157 attempt=2/2 status=200 0.466s url=https://www.myfonts.com/products/regular-mobina-1152953
[2026-05-15T09:23:25Z] #158 attempt=1/2 status=200 0.300s url=https://www.myfonts.com/collections/mobina-font-sensatype-studio/
[2026-05-15T09:23:25Z] #159 attempt=1/2 status=200 0.455s url=https://www.myfonts.com/products/regular-nebyla-1152808
[2026-05-15T09:23:26Z] #160 attempt=1/2 status=200 0.393s url=https://www.myfonts.com/collections/nebyla-font-sealoung/
[2026-05-15T09:23:27Z] #161 attempt=1/6 status=200 0.657s url=https://www.myfonts.com/products.json?limit=100&page=5
[2026-05-15T09:23:28Z] #162 attempt=1/2 status=200 0.336s url=https://www.myfonts.com/products/regular-boiled-shrimp-1152965
[2026-05-15T09:23:28Z] #163 attempt=1/2 status=200 0.322s url=https://www.myfonts.com/collections/boiled-shrimp-font-hanzel-space/
[2026-05-15T09:23:29Z] #164 attempt=1/2 status=200 0.306s url=https://www.myfonts.com/products/regular-orvelia-1152964
[2026-05-15T09:23:29Z] #165 attempt=1/2 status=429 0.036s url=https://www.myfonts.com/collections/orvelia-font-rasio-studio/
[2026-05-15T09:23:32Z] #166 attempt=2/2 status=200 0.408s url=https://www.myfonts.com/collections/orvelia-font-rasio-studio/
[2026-05-15T09:23:33Z] #167 attempt=1/6 status=200 0.724s url=https://www.myfonts.com/products.json?limit=100&page=6
[2026-05-15T09:23:34Z] #168 attempt=1/2 status=200 0.317s url=https://www.myfonts.com/products/regular-pifpaf-display-1152823
[2026-05-15T09:23:34Z] #169 attempt=1/2 status=200 0.263s url=https://www.myfonts.com/collections/pifpaf-display-font-letterheadstudio-vg/
[2026-05-15T09:23:35Z] #170 attempt=1/6 status=200 0.652s url=https://www.myfonts.com/products.json?limit=100&page=7
[2026-05-15T09:23:36Z] #171 attempt=1/2 status=200 0.278s url=https://www.myfonts.com/products/regular-flashy-style-1152949
[2026-05-15T09:23:36Z] #172 attempt=1/2 status=200 0.300s url=https://www.myfonts.com/collections/flashy-style-font-olivetype/
[2026-05-15T09:23:37Z] #173 attempt=1/2 status=200 0.297s url=https://www.myfonts.com/products/regular-kopi-hitam-1152818
[2026-05-15T09:23:37Z] #174 attempt=1/2 status=429 0.034s url=https://www.myfonts.com/collections/kopi-hitam-font-rahagita-type/
[2026-05-15T09:23:40Z] #175 attempt=2/2 status=200 0.352s url=https://www.myfonts.com/collections/kopi-hitam-font-rahagita-type/
[2026-05-15T09:23:41Z] #176 attempt=1/6 status=200 0.648s url=https://www.myfonts.com/products.json?limit=100&page=8
[2026-05-15T09:23:42Z] #177 attempt=1/2 status=200 0.329s url=https://www.myfonts.com/products/regular-biancemori-1152942
[2026-05-15T09:23:42Z] #178 attempt=1/2 status=200 0.311s url=https://www.myfonts.com/collections/biancemori-font-letterytz/
[2026-05-15T09:23:43Z] #179 attempt=1/2 status=200 0.383s url=https://www.myfonts.com/products/regular-sky-butter-1152822
[2026-05-15T09:23:43Z] #180 attempt=1/2 status=200 0.412s url=https://www.myfonts.com/collections/sky-butter-font-aisyah/
[2026-05-15T09:23:45Z] #181 attempt=1/6 status=200 0.705s url=https://www.myfonts.com/products.json?limit=100&page=9
[2026-05-15T09:23:46Z] #182 attempt=1/2 status=200 1.246s url=https://www.myfonts.com/products/scripted-bundle-package-1018864
[2026-05-15T09:23:47Z] #183 attempt=1/2 status=404 0.198s url=https://www.myfonts.com/collections/scripted-bundle-font-lemonthe
[2026-05-15T09:23:48Z] #184 attempt=1/6 status=200 0.725s url=https://www.myfonts.com/products.json?limit=100&page=10
[2026-05-15T09:23:49Z] #185 attempt=1/2 status=200 0.652s url=https://www.myfonts.com/products/slant-riodis-1152080
[2026-05-15T09:23:50Z] #186 attempt=1/2 status=200 1.105s url=https://www.myfonts.com/collections/riodis-font-propertype/
[2026-05-15T09:23:51Z] #187 attempt=1/2 status=200 0.404s url=https://www.myfonts.com/products/slowley-complete-family-package-1151942
[2026-05-15T09:23:52Z] #188 attempt=1/2 status=200 0.510s url=https://www.myfonts.com/collections/slowley-font-koplexs-studio/
[2026-05-15T09:23:52Z] #189 attempt=1/2 status=200 0.336s url=https://www.myfonts.com/products/nice-gourmet-complete-family-package-1151924
[2026-05-15T09:23:53Z] #190 attempt=1/2 status=200 0.388s url=https://www.myfonts.com/collections/nice-gourmet-font-eko-bimantara/
[2026-05-15T09:23:53Z] #191 attempt=1/2 status=429 0.023s url=https://www.myfonts.com/products/cocktails-poetry-complete-family-package-1151886
[2026-05-15T09:23:56Z] #192 attempt=2/2 status=200 0.416s url=https://www.myfonts.com/products/cocktails-poetry-complete-family-package-1151886
[2026-05-15T09:23:57Z] #193 attempt=1/2 status=200 0.601s url=https://www.myfonts.com/collections/cocktails-poetry-font-stylishtype-studio/
[2026-05-15T09:23:57Z] #194 attempt=1/2 status=200 0.337s url=https://www.myfonts.com/products/fasthon-complete-family-package-1151873
[2026-05-15T09:23:58Z] #195 attempt=1/2 status=200 0.431s url=https://www.myfonts.com/collections/fasthon-font-artisan-themes/
[2026-05-15T09:23:59Z] #196 attempt=1/2 status=200 0.422s url=https://www.myfonts.com/products/moraic-complete-family-package-1151816
[2026-05-15T09:23:59Z] #197 attempt=1/2 status=200 0.436s url=https://www.myfonts.com/collections/moraic-font-ethylene/
[2026-05-15T09:24:00Z] #198 attempt=1/2 status=200 0.596s url=https://www.myfonts.com/products/astra-otter-complete-family-package-1151774
[2026-05-15T09:24:01Z] #199 attempt=1/2 status=200 0.723s url=https://www.myfonts.com/collections/astra-otter-font-ottertype/
[2026-05-15T09:24:02Z] #200 attempt=1/2 status=200 0.354s url=https://www.myfonts.com/products/regisha-aurelia-complete-family-package-1151978
[2026-05-15T09:24:02Z] #201 attempt=1/2 status=429 0.040s url=https://www.myfonts.com/collections/regisha-aurelia-font-madjack-font/
[2026-05-15T09:24:05Z] #202 attempt=2/2 status=200 0.440s url=https://www.myfonts.com/collections/regisha-aurelia-font-madjack-font/
[2026-05-15T09:24:06Z] #203 attempt=1/2 status=200 0.309s url=https://www.myfonts.com/products/limit-display-variable-concept-complete-family-package-1151524
[2026-05-15T09:24:06Z] #204 attempt=1/2 status=200 0.432s url=https://www.myfonts.com/collections/limit-display-variable-concept-font-bold-guys/
[2026-05-15T09:24:07Z] #205 attempt=1/2 status=200 0.477s url=https://www.myfonts.com/products/limit-frwy-complete-family-package-1151540
[2026-05-15T09:24:08Z] #206 attempt=1/2 status=200 1.105s url=https://www.myfonts.com/collections/limit-frwy-font-bold-guys/
[2026-05-15T09:24:09Z] #207 attempt=1/2 status=200 0.387s url=https://www.myfonts.com/products/karthins-complete-family-package-1151933
[2026-05-15T09:24:10Z] #208 attempt=1/2 status=200 0.487s url=https://www.myfonts.com/collections/karthins-font-letterena-studios/
[2026-05-15T09:24:11Z] #209 attempt=1/2 status=200 0.663s url=https://www.myfonts.com/products/limit-display-xcompressed-package-1151769
[2026-05-15T09:24:13Z] #210 attempt=1/2 status=200 1.682s url=https://www.myfonts.com/collections/limit-display-font-bold-guys/
[2026-05-15T09:24:14Z] #211 attempt=1/2 status=200 0.322s url=https://www.myfonts.com/products/joyme-complete-family-package-1151912
[2026-05-15T09:24:14Z] #212 attempt=1/2 status=200 0.424s url=https://www.myfonts.com/collections/joyme-font-eko-bimantara/
[2026-05-15T09:24:15Z] #213 attempt=1/2 status=200 0.342s url=https://www.myfonts.com/products/silk-serif-essentials-package-1152004
[2026-05-15T09:24:16Z] #214 attempt=1/2 status=200 0.547s url=https://www.myfonts.com/collections/silk-serif-font-silktype/
[2026-05-15T09:24:16Z] #215 attempt=1/2 status=200 0.425s url=https://www.myfonts.com/products/beqarins-rounded-complete-family-package-1151889
[2026-05-15T09:24:17Z] #216 attempt=1/2 status=200 0.396s url=https://www.myfonts.com/collections/beqarins-rounded-font-timelesstype-studio/
[2026-05-15T09:24:17Z] #217 attempt=1/2 status=429 0.029s url=https://www.myfonts.com/products/bugery-gantik-complete-family-package-1151954
[2026-05-15T09:24:20Z] #218 attempt=2/2 status=200 0.443s url=https://www.myfonts.com/products/bugery-gantik-complete-family-package-1151954
[2026-05-15T09:24:21Z] #219 attempt=1/2 status=200 0.507s url=https://www.myfonts.com/collections/bugery-gantik-font-timelesstype-studio/
[2026-05-15T09:24:21Z] #220 attempt=1/2 status=200 0.398s url=https://www.myfonts.com/products/ancestri-complete-family-package-1152005
[2026-05-15T09:24:22Z] #221 attempt=1/2 status=200 0.763s url=https://www.myfonts.com/collections/ancestri-font-nollev/
[2026-05-15T09:24:23Z] #222 attempt=1/2 status=200 0.774s url=https://www.myfonts.com/products/soft-package-1152026
[2026-05-15T09:24:26Z] #223 attempt=1/2 status=200 1.979s url=https://www.myfonts.com/collections/malisan-font-double-z-studio/
[2026-05-15T09:24:27Z] #224 attempt=1/2 status=200 0.639s url=https://www.myfonts.com/products/gridline-minimal-complete-family-package-1151892
[2026-05-15T09:24:28Z] #225 attempt=1/2 status=200 0.416s url=https://www.myfonts.com/collections/gridline-minimal-font-timelesstype-studio/
[2026-05-15T09:24:29Z] #226 attempt=1/2 status=200 0.345s url=https://www.myfonts.com/products/saeton-markers-complete-family-package-1151896
[2026-05-15T09:24:29Z] #227 attempt=1/2 status=200 0.459s url=https://www.myfonts.com/collections/saeton-markers-font-stylishtype-studio/
[2026-05-15T09:24:31Z] #228 attempt=1/2 status=200 1.225s url=https://www.myfonts.com/products/chairo-sans-complete-family-package-1151340
[2026-05-15T09:24:33Z] #229 attempt=1/2 status=200 2.084s url=https://www.myfonts.com/collections/chairo-sans-font-propertype/
[2026-05-15T09:24:34Z] #230 attempt=1/2 status=200 0.418s url=https://www.myfonts.com/products/gronik-complete-family-package-1151828
[2026-05-15T09:24:35Z] #231 attempt=1/2 status=200 0.418s url=https://www.myfonts.com/collections/gronik-font-jinan-studio/
[2026-05-15T09:24:36Z] #232 attempt=1/2 status=200 0.305s url=https://www.myfonts.com/products/limit-micro-variable-concept-complete-family-package-1151532
[2026-05-15T09:24:36Z] #233 attempt=1/2 status=200 0.491s url=https://www.myfonts.com/collections/limit-micro-variable-concept-font-bold-guys/
[2026-05-15T09:24:37Z] #234 attempt=1/2 status=200 0.598s url=https://www.myfonts.com/products/limit-micro-condensed-package-1151617
[2026-05-15T09:24:39Z] #235 attempt=1/2 status=200 1.521s url=https://www.myfonts.com/collections/limit-micro-font-bold-guys/
[2026-05-15T09:24:40Z] #236 attempt=1/2 status=200 0.306s url=https://www.myfonts.com/products/regal-drownfall-complete-family-package-1151831
[2026-05-15T09:24:40Z] #237 attempt=1/2 status=200 0.382s url=https://www.myfonts.com/collections/regal-drownfall-font-marvadesign/
[2026-05-15T09:24:41Z] #238 attempt=1/2 status=200 0.679s url=https://www.myfonts.com/products/limit-text-compressed-package-1151685
[2026-05-15T09:24:43Z] #239 attempt=1/2 status=200 1.384s url=https://www.myfonts.com/collections/limit-text-font-bold-guys/
[2026-05-15T09:24:44Z] #240 attempt=1/2 status=200 0.733s url=https://www.myfonts.com/products/normal-package-1151332
[2026-05-15T09:24:46Z] #241 attempt=1/2 status=200 1.592s url=https://www.myfonts.com/collections/gavion-font-mj-studio/
[2026-05-15T09:24:47Z] #242 attempt=1/2 status=200 0.447s url=https://www.myfonts.com/products/brook-complete-family-package-1151949
[2026-05-15T09:24:48Z] #243 attempt=1/2 status=200 0.519s url=https://www.myfonts.com/collections/brook-font-factory738/
[2026-05-15T09:24:48Z] #244 attempt=1/2 status=200 0.303s url=https://www.myfonts.com/products/luminor-complete-family-package-1151909
[2026-05-15T09:24:49Z] #245 attempt=1/2 status=200 0.417s url=https://www.myfonts.com/collections/luminor-font-rafis-type/
[2026-05-15T09:24:50Z] #246 attempt=1/2 status=200 0.305s url=https://www.myfonts.com/products/westburth-complete-family-package-1151969
[2026-05-15T09:24:50Z] #247 attempt=1/2 status=200 0.391s url=https://www.myfonts.com/collections/westburth-font-timelesstype-studio/
[2026-05-15T09:24:51Z] #248 attempt=1/2 status=200 0.404s url=https://www.myfonts.com/products/raisket-complete-family-package-1151957
[2026-05-15T09:24:51Z] #249 attempt=1/2 status=200 0.343s url=https://www.myfonts.com/collections/raisket-font-timelesstype-studio/
[2026-05-15T09:24:52Z] #250 attempt=1/2 status=200 0.356s url=https://www.myfonts.com/products/adore-mono-complete-family-package-1152028
[2026-05-15T09:24:53Z] #251 attempt=1/2 status=200 0.598s url=https://www.myfonts.com/collections/adore-mono-font-garagefonts/
[2026-05-15T09:24:53Z] #252 attempt=1/2 status=200 0.140s url=https://www.myfonts.com/collections/adore-mono-font-garagefonts/
[2026-05-15T09:24:54Z] #253 attempt=1/2 status=200 0.265s url=https://www.myfonts.com/products/limit-text-variable-concept-complete-family-package-1151528
[2026-05-15T09:24:55Z] #254 attempt=1/2 status=200 0.407s url=https://www.myfonts.com/collections/limit-text-variable-concept-font-bold-guys/
[2026-05-15T09:24:55Z] #255 attempt=1/2 status=200 0.314s url=https://www.myfonts.com/products/absture-complete-family-package-1151878
[2026-05-15T09:24:55Z] #256 attempt=1/2 status=429 0.046s url=https://www.myfonts.com/collections/absture-font-rotterlab-studio/
[2026-05-15T09:24:58Z] #257 attempt=2/2 status=200 0.590s url=https://www.myfonts.com/collections/absture-font-rotterlab-studio/
[2026-05-15T09:24:59Z] #258 attempt=1/2 status=200 0.311s url=https://www.myfonts.com/products/misago-sweet-complete-family-package-1151960
[2026-05-15T09:25:00Z] #259 attempt=1/2 status=200 0.502s url=https://www.myfonts.com/collections/misago-sweet-font-timelesstype-studio/
[2026-05-15T09:25:00Z] #260 attempt=1/2 status=200 0.340s url=https://www.myfonts.com/products/belavin-complete-family-package-1151930
[2026-05-15T09:25:01Z] #261 attempt=1/2 status=200 0.516s url=https://www.myfonts.com/collections/belavin-font-letterena-studios/
[2026-05-15T09:25:02Z] #262 attempt=1/2 status=200 0.322s url=https://www.myfonts.com/products/glander-complete-family-package-1151918
[2026-05-15T09:25:02Z] #263 attempt=1/2 status=200 0.515s url=https://www.myfonts.com/collections/glander-font-sensatype-studio/
[2026-05-15T09:25:03Z] #264 attempt=1/2 status=200 0.330s url=https://www.myfonts.com/products/bemhila-complete-family-package-1151945
[2026-05-15T09:25:03Z] #265 attempt=1/2 status=429 0.044s url=https://www.myfonts.com/collections/bemhila-font-letterena-studios/
[2026-05-15T09:25:06Z] #266 attempt=2/2 status=200 0.535s url=https://www.myfonts.com/collections/bemhila-font-letterena-studios/
[2026-05-15T09:25:07Z] #267 attempt=1/2 status=200 0.497s url=https://www.myfonts.com/products/vuska-black-complete-family-package-1152041
[2026-05-15T09:25:08Z] #268 attempt=1/2 status=200 0.654s url=https://www.myfonts.com/collections/vuska-black-font-propertype/
[2026-05-15T09:25:08Z] #269 attempt=1/2 status=200 0.168s url=https://www.myfonts.com/products/m-hei-hk-complete-family-package-1151773
[2026-05-15T09:25:09Z] #270 attempt=1/2 status=200 0.428s url=https://www.myfonts.com/collections/m-hei-hk-font-monotype-hk/
[2026-05-15T09:25:09Z] #271 attempt=1/2 status=200 0.329s url=https://www.myfonts.com/products/blazter-complete-family-package-1151964
[2026-05-15T09:25:10Z] #272 attempt=1/2 status=429 0.075s url=https://www.myfonts.com/collections/blazter-font-burntilldead/
[2026-05-15T09:25:12Z] #273 attempt=2/2 status=200 0.498s url=https://www.myfonts.com/collections/blazter-font-burntilldead/
[2026-05-15T09:25:13Z] #274 attempt=1/2 status=200 0.343s url=https://www.myfonts.com/products/bublo-complete-family-package-1151899
[2026-05-15T09:25:14Z] #275 attempt=1/2 status=200 0.398s url=https://www.myfonts.com/collections/bublo-font-divora-type/
[2026-05-15T09:25:14Z] #276 attempt=1/2 status=200 0.355s url=https://www.myfonts.com/products/limit-variable-concept-full-complete-family-package-1151520
[2026-05-15T09:25:15Z] #277 attempt=1/2 status=200 0.470s url=https://www.myfonts.com/collections/limit-variable-concept-full-font-bold-guys/
[2026-05-15T09:25:16Z] #278 attempt=1/2 status=200 0.334s url=https://www.myfonts.com/products/limit-frwy-variable-concept-complete-family-package-1151536
[2026-05-15T09:25:16Z] #279 attempt=1/2 status=429 0.038s url=https://www.myfonts.com/collections/limit-frwy-variable-concept-font-bold-guys/
[2026-05-15T09:25:19Z] #280 attempt=2/2 status=200 0.515s url=https://www.myfonts.com/collections/limit-frwy-variable-concept-font-bold-guys/
[2026-05-15T09:25:19Z] #281 attempt=1/2 status=200 0.345s url=https://www.myfonts.com/products/nomu-massline-complete-family-package-1142838
[2026-05-15T09:25:20Z] #282 attempt=1/2 status=200 0.756s url=https://www.myfonts.com/collections/nomu-massline-font-new-yeast-foundry/
[2026-05-15T09:25:21Z] #283 attempt=1/2 status=200 0.386s url=https://www.myfonts.com/products/ebisu-complete-family-package-1144402
[2026-05-15T09:25:22Z] #284 attempt=1/2 status=200 1.008s url=https://www.myfonts.com/collections/ebisu-font-thinkdust/
[2026-05-15T09:25:23Z] #285 attempt=1/2 status=200 0.434s url=https://www.myfonts.com/products/gummer-complete-family-package-1151853
[2026-05-15T09:25:24Z] #286 attempt=1/2 status=200 0.452s url=https://www.myfonts.com/collections/gummer-font-sensatype-studio/
[2026-05-15T09:25:24Z] #287 attempt=1/2 status=200 0.362s url=https://www.myfonts.com/products/roastery-handmade-complete-family-package-1151974
[2026-05-15T09:25:25Z] #288 attempt=1/2 status=200 0.413s url=https://www.myfonts.com/collections/roastery-handmade-font-cocodesign/
[2026-05-15T09:25:25Z] #289 attempt=1/2 status=429 0.031s url=https://www.myfonts.com/products/bigdora-complete-family-package-1152130
[2026-05-15T09:25:29Z] #290 attempt=2/2 status=200 1.204s url=https://www.myfonts.com/products/bigdora-complete-family-package-1152130
[2026-05-15T09:25:31Z] #291 attempt=1/2 status=200 1.853s url=https://www.myfonts.com/collections/bigdora-font-propertype/
[2026-05-15T09:25:32Z] #292 attempt=1/2 status=200 0.362s url=https://www.myfonts.com/products/gelipo-complete-family-package-1151937
[2026-05-15T09:25:33Z] #293 attempt=1/2 status=200 0.423s url=https://www.myfonts.com/collections/gelipo-font-font-liner/
[2026-05-15T09:25:33Z] #294 attempt=1/2 status=200 0.395s url=https://www.myfonts.com/products/regular-sx-smelten-1151982
[2026-05-15T09:25:34Z] #295 attempt=1/2 status=200 0.330s url=https://www.myfonts.com/collections/sx-smelten-font-sixtype-foundry/
[2026-05-15T09:25:35Z] #296 attempt=1/6 status=200 0.750s url=https://www.myfonts.com/products.json?limit=100&page=11
[2026-05-15T09:25:36Z] #297 attempt=1/2 status=200 0.294s url=https://www.myfonts.com/products/regular-swandale-1151917
[2026-05-15T09:25:36Z] #298 attempt=1/2 status=200 0.345s url=https://www.myfonts.com/collections/swandale-font-eko-bimantara/
[2026-05-15T09:25:37Z] #299 attempt=1/6 status=200 0.661s url=https://www.myfonts.com/products.json?limit=100&page=12
[2026-05-15T09:25:38Z] #300 attempt=1/2 status=200 0.354s url=https://www.myfonts.com/products/regular-rive-gothic-1151972
[2026-05-15T09:25:39Z] #301 attempt=1/2 status=200 0.255s url=https://www.myfonts.com/collections/rive-gothic-font-the-design-speak/
[2026-05-15T09:25:39Z] #302 attempt=1/2 status=200 0.318s url=https://www.myfonts.com/products/regular-bisa-kerja-1151923
[2026-05-15T09:25:40Z] #303 attempt=1/2 status=200 0.440s url=https://www.myfonts.com/collections/bisa-kerja-font-letterytz/
[2026-05-15T09:25:40Z] #304 attempt=1/2 status=200 0.306s url=https://www.myfonts.com/products/regular-uner-1151940
[2026-05-15T09:25:41Z] #305 attempt=1/2 status=429 0.033s url=https://www.myfonts.com/collections/uner-font-the-design-speak/
[2026-05-15T09:25:43Z] #306 attempt=2/2 status=200 0.280s url=https://www.myfonts.com/collections/uner-font-the-design-speak/
[2026-05-15T09:25:44Z] #307 attempt=1/6 status=200 0.731s url=https://www.myfonts.com/products.json?limit=100&page=13
[2026-05-15T09:25:45Z] #308 attempt=1/2 status=200 0.302s url=https://www.myfonts.com/products/regular-vonire-bound-1151963
[2026-05-15T09:25:45Z] #309 attempt=1/2 status=200 0.332s url=https://www.myfonts.com/collections/vonire-bound-font-alit-design/
[2026-05-15T09:25:46Z] #310 attempt=1/2 status=200 0.348s url=https://www.myfonts.com/products/regular-wonder-glow-1151941
[2026-05-15T09:25:47Z] #311 attempt=1/2 status=200 0.377s url=https://www.myfonts.com/collections/wonder-glow-font-fikryal/
[2026-05-15T09:25:47Z] #312 attempt=1/2 status=429 0.031s url=https://www.myfonts.com/products/regular-jubani-1151131
[2026-05-15T09:25:50Z] #313 attempt=2/2 status=200 0.367s url=https://www.myfonts.com/products/regular-jubani-1151131
[2026-05-15T09:25:50Z] #314 attempt=1/2 status=200 0.305s url=https://www.myfonts.com/collections/jubani-font-four-lines-std/
[2026-05-15T09:25:51Z] #315 attempt=1/2 status=200 0.287s url=https://www.myfonts.com/products/regular-monteo-1151983
[2026-05-15T09:25:51Z] #316 attempt=1/2 status=200 0.283s url=https://www.myfonts.com/collections/monteo-font-rasio-studio/
[2026-05-15T09:25:52Z] #317 attempt=1/2 status=200 0.354s url=https://www.myfonts.com/products/sl-wronghand-regular-wronghand-1151905
[2026-05-15T09:25:52Z] #318 attempt=1/2 status=429 0.029s url=https://www.myfonts.com/collections/wronghand-font-sloulyfe-studio/
[2026-05-15T09:25:55Z] #319 attempt=2/2 status=200 0.367s url=https://www.myfonts.com/collections/wronghand-font-sloulyfe-studio/
[2026-05-15T09:25:55Z] #320 attempt=1/2 status=200 0.377s url=https://www.myfonts.com/products/evolnix-regular-evolnix-1151903
[2026-05-15T09:25:56Z] #321 attempt=1/2 status=200 0.255s url=https://www.myfonts.com/collections/evolnix-font-qiubare-studio/
[2026-05-15T09:25:57Z] #322 attempt=1/6 status=200 0.789s url=https://www.myfonts.com/products.json?limit=100&page=14
[2026-05-15T09:25:58Z] #323 attempt=1/2 status=200 0.449s url=https://www.myfonts.com/products/variable-grenette-variable-1151988
[2026-05-15T09:25:59Z] #324 attempt=1/2 status=200 0.404s url=https://www.myfonts.com/collections/grenette-variable-font-colophon-foundry/
[2026-05-15T09:25:59Z] #325 attempt=1/2 status=200 0.349s url=https://www.myfonts.com/products/regular-stilenzio-roman-1151902
[2026-05-15T09:25:59Z] #326 attempt=1/2 status=429 0.030s url=https://www.myfonts.com/collections/stilenzio-roman-font-letterheadstudio-vg/
[2026-05-15T09:26:02Z] #327 attempt=2/2 status=200 0.332s url=https://www.myfonts.com/collections/stilenzio-roman-font-letterheadstudio-vg/
[2026-05-15T09:26:03Z] #328 attempt=1/2 status=200 0.329s url=https://www.myfonts.com/products/regular-cogog-1151907
[2026-05-15T09:26:03Z] #329 attempt=1/2 status=200 0.356s url=https://www.myfonts.com/collections/cogog-font-canden-meutuah/
[2026-05-15T09:26:04Z] #330 attempt=1/6 status=200 0.762s url=https://www.myfonts.com/products.json?limit=100&page=15
[2026-05-15T09:26:05Z] #331 attempt=1/2 status=200 0.347s url=https://www.myfonts.com/products/regular-stretchy-organic-1151936
[2026-05-15T09:26:06Z] #332 attempt=1/2 status=200 0.310s url=https://www.myfonts.com/collections/stretchy-organic-font-azzam-ridhamalik/
[2026-05-15T09:26:06Z] #333 attempt=1/2 status=200 0.303s url=https://www.myfonts.com/products/regular-brhia-1151908
[2026-05-15T09:26:06Z] #334 attempt=1/2 status=429 0.030s url=https://www.myfonts.com/collections/brhia-font-bayuktx/
[2026-05-15T09:26:09Z] #335 attempt=2/2 status=200 0.336s url=https://www.myfonts.com/collections/brhia-font-bayuktx/
[2026-05-15T09:26:10Z] #336 attempt=1/2 status=200 0.350s url=https://www.myfonts.com/products/bold-rostun-1151852
[2026-05-15T09:26:10Z] #337 attempt=1/2 status=200 0.467s url=https://www.myfonts.com/collections/rostun-font-foxtype/
[2026-05-15T09:26:11Z] #338 attempt=1/6 status=200 0.629s url=https://www.myfonts.com/products.json?limit=100&page=16
[2026-05-15T09:26:12Z] #339 attempt=1/2 status=200 0.353s url=https://www.myfonts.com/products/regular-ravishing-solidago-1151885
[2026-05-15T09:26:13Z] #340 attempt=1/2 status=200 0.325s url=https://www.myfonts.com/collections/ravishing-solidago-font-letterhanna-studio/
[2026-05-15T09:26:13Z] #341 attempt=1/2 status=200 0.284s url=https://www.myfonts.com/products/regular-duckin-1151819
[2026-05-15T09:26:13Z] #342 attempt=1/2 status=429 0.029s url=https://www.myfonts.com/collections/duckin-font-four-lines-std/
[2026-05-15T09:26:16Z] #343 attempt=2/2 status=200 0.319s url=https://www.myfonts.com/collections/duckin-font-four-lines-std/
[2026-05-15T09:26:17Z] #344 attempt=1/2 status=200 0.276s url=https://www.myfonts.com/products/regular-prequel-1151815
[2026-05-15T09:26:17Z] #345 attempt=1/2 status=200 0.271s url=https://www.myfonts.com/collections/prequel-font-glowtype/
[2026-05-15T09:26:18Z] #346 attempt=1/2 status=200 0.367s url=https://www.myfonts.com/products/regular-bic-gothic-1151984
[2026-05-15T09:26:18Z] #347 attempt=1/2 status=200 0.298s url=https://www.myfonts.com/collections/bic-gothic-font-the-design-speak/
[2026-05-15T09:26:19Z] #348 attempt=1/2 status=429 0.033s url=https://www.myfonts.com/products/regular-jhon-mona-1151973
[2026-05-15T09:26:21Z] #349 attempt=2/2 status=200 0.371s url=https://www.myfonts.com/products/regular-jhon-mona-1151973
[2026-05-15T09:26:22Z] #350 attempt=1/2 status=200 0.295s url=https://www.myfonts.com/collections/jhon-mona-font-bayuktx/
[2026-05-15T09:26:22Z] #351 attempt=1/2 status=200 0.343s url=https://www.myfonts.com/products/regular-kuficality-1151981
[2026-05-15T09:26:23Z] #352 attempt=1/2 status=200 0.329s url=https://www.myfonts.com/collections/kuficality-font-letterhanna-studio/
[2026-05-15T09:26:23Z] #353 attempt=1/2 status=200 0.258s url=https://www.myfonts.com/products/regular-sleekie-pro-1151985
[2026-05-15T09:26:24Z] #354 attempt=1/2 status=200 0.245s url=https://www.myfonts.com/collections/sleekie-pro-font-the-design-speak/
[2026-05-15T09:26:24Z] #355 attempt=1/6 status=429 0.031s url=https://www.myfonts.com/products.json?limit=100&page=17
[2026-05-15T09:26:28Z] #356 attempt=2/6 status=200 0.681s url=https://www.myfonts.com/products.json?limit=100&page=17
[2026-05-15T09:26:28Z] #357 attempt=1/2 status=200 0.293s url=https://www.myfonts.com/products/regular-bisquine-1151929
[2026-05-15T09:26:29Z] #358 attempt=1/2 status=200 0.423s url=https://www.myfonts.com/collections/bisquine-font-eko-bimantara/
[2026-05-15T09:26:29Z] #359 attempt=1/2 status=200 0.351s url=https://www.myfonts.com/products/regular-slicker-efirates-1151928
[2026-05-15T09:26:30Z] #360 attempt=1/2 status=200 0.366s url=https://www.myfonts.com/collections/slicker-efirates-font-pineungtype-misinklab/
[2026-05-15T09:26:31Z] #361 attempt=1/2 status=200 0.274s url=https://www.myfonts.com/products/regular-noctune-1151927
[2026-05-15T09:26:31Z] #362 attempt=1/2 status=200 0.318s url=https://www.myfonts.com/collections/noctune-font-letterena-studios/
[2026-05-15T09:26:31Z] #363 attempt=1/2 status=429 0.038s url=https://www.myfonts.com/products/regular-wolves-at-vespers-1151913
[2026-05-15T09:26:34Z] #364 attempt=2/2 status=200 0.375s url=https://www.myfonts.com/products/regular-wolves-at-vespers-1151913
[2026-05-15T09:26:35Z] #365 attempt=1/2 status=200 0.361s url=https://www.myfonts.com/collections/wolves-at-vespers-font-the-design-speak/
[2026-05-15T09:26:35Z] #366 attempt=1/2 status=200 0.296s url=https://www.myfonts.com/products/regular-mestain-1151877
[2026-05-15T09:26:36Z] #367 attempt=1/2 status=200 0.338s url=https://www.myfonts.com/collections/mestain-font-letterhend/
[2026-05-15T09:26:36Z] #368 attempt=1/2 status=200 0.369s url=https://www.myfonts.com/products/regular-al-bahjah-1151876
[2026-05-15T09:26:37Z] #369 attempt=1/2 status=200 0.382s url=https://www.myfonts.com/collections/al-bahjah-font-denustudio/
[2026-05-15T09:26:38Z] #370 attempt=1/6 status=200 0.896s url=https://www.myfonts.com/products.json?limit=100&page=18
[2026-05-15T09:26:39Z] #371 attempt=1/2 status=200 0.288s url=https://www.myfonts.com/products/moltrik-regular-moltrik-1151904
[2026-05-15T09:26:39Z] #372 attempt=1/2 status=429 0.036s url=https://www.myfonts.com/collections/moltrik-font-qiubare-studio/
[2026-05-15T09:26:42Z] #373 attempt=2/2 status=200 0.458s url=https://www.myfonts.com/collections/moltrik-font-qiubare-studio/
[2026-05-15T09:26:43Z] #374 attempt=1/2 status=200 0.390s url=https://www.myfonts.com/products/regular-night-sally-1151948
[2026-05-15T09:26:43Z] #375 attempt=1/2 status=200 0.263s url=https://www.myfonts.com/collections/night-sally-font-epiclinez/
[2026-05-15T09:26:44Z] #376 attempt=1/6 status=200 0.756s url=https://www.myfonts.com/products.json?limit=100&page=19
[2026-05-15T09:26:45Z] #377 attempt=1/2 status=200 0.304s url=https://www.myfonts.com/products/regular-velvet-land-1151895
[2026-05-15T09:26:45Z] #378 attempt=1/2 status=200 0.272s url=https://www.myfonts.com/collections/velvet-land-font-epiclinez/
[2026-05-15T09:26:46Z] #379 attempt=1/2 status=200 0.470s url=https://www.myfonts.com/products/ring-neck-complete-family-package-1152322
[2026-05-15T09:26:46Z] #380 attempt=1/2 status=429 0.034s url=https://www.myfonts.com/collections/ring-neck-font-ochakov/
[2026-05-15T09:26:49Z] #381 attempt=2/2 status=200 0.631s url=https://www.myfonts.com/collections/ring-neck-font-ochakov/
[2026-05-15T09:26:50Z] #382 attempt=1/2 status=200 0.306s url=https://www.myfonts.com/products/3x5-complete-family-package-1148650
[2026-05-15T09:26:51Z] #383 attempt=1/2 status=200 0.790s url=https://www.myfonts.com/collections/3x5-font-k-type/
[2026-05-15T09:26:51Z] #384 attempt=1/2 status=200 0.289s url=https://www.myfonts.com/products/regular-nightcrawler-1151906
[2026-05-15T09:26:52Z] #385 attempt=1/2 status=200 0.161s url=https://www.myfonts.com/collections/nightcrawler-font-the-design-speak/
[2026-05-15T09:26:53Z] #386 attempt=1/2 status=200 0.457s url=https://www.myfonts.com/products/imagin-complete-family-package-1151276
[2026-05-15T09:26:54Z] #387 attempt=1/2 status=200 0.761s url=https://www.myfonts.com/collections/imagin-font-dora-typefoundry/
[2026-05-15T09:26:54Z] #388 attempt=1/2 status=200 0.397s url=https://www.myfonts.com/products/dilabo-complete-family-package-1151273
[2026-05-15T09:26:55Z] #389 attempt=1/2 status=200 0.439s url=https://www.myfonts.com/collections/dilabo-font-vermilione/
[2026-05-15T09:26:55Z] #390 attempt=1/2 status=429 0.047s url=https://www.myfonts.com/products/fragcore-complete-family-package-1151158
[2026-05-15T09:26:58Z] #391 attempt=2/2 status=200 0.489s url=https://www.myfonts.com/products/fragcore-complete-family-package-1151158
[2026-05-15T09:26:59Z] #392 attempt=1/2 status=200 0.404s url=https://www.myfonts.com/collections/fragcore-font-vozzy/
[2026-05-15T09:26:59Z] #393 attempt=1/2 status=200 0.350s url=https://www.myfonts.com/products/stockbridge-display-complete-family-package-1150842
[2026-05-15T09:27:00Z] #394 attempt=1/2 status=200 0.405s url=https://www.myfonts.com/collections/stockbridge-display-font-wearecolt/
[2026-05-15T09:27:00Z] #395 attempt=1/2 status=200 0.312s url=https://www.myfonts.com/products/it-caldor-complete-family-package-1151117
[2026-05-15T09:27:01Z] #396 attempt=1/2 status=200 0.413s url=https://www.myfonts.com/collections/it-caldor-font-creatifont-studio/
[2026-05-15T09:27:01Z] #397 attempt=1/2 status=429 0.035s url=https://www.myfonts.com/products/upright-package-1150905
[2026-05-15T09:27:04Z] #398 attempt=2/2 status=200 0.553s url=https://www.myfonts.com/products/upright-package-1150905
[2026-05-15T09:27:05Z] #399 attempt=1/2 status=200 0.829s url=https://www.myfonts.com/collections/nuvetra-font-rndi-type-foundry/
[2026-05-15T09:27:06Z] #400 attempt=1/2 status=200 0.602s url=https://www.myfonts.com/products/semi-condensed-package-1151337
[2026-05-15T09:27:09Z] #401 attempt=1/2 status=200 2.458s url=https://www.myfonts.com/collections/gigestha-font-mj-studio/
[2026-05-15T09:27:10Z] #402 attempt=1/2 status=200 0.306s url=https://www.myfonts.com/products/gattino-spazio-complete-family-package-1151064
[2026-05-15T09:27:10Z] #403 attempt=1/2 status=200 0.438s url=https://www.myfonts.com/collections/gattino-spazio-font-mbonster/
[2026-05-15T09:27:11Z] #404 attempt=1/2 status=200 0.350s url=https://www.myfonts.com/products/designer-edition-package-1151035
[2026-05-15T09:27:12Z] #405 attempt=1/2 status=200 0.579s url=https://www.myfonts.com/collections/tbj-cota-sans-font-taboja-studio/
[2026-05-15T09:27:13Z] #406 attempt=1/2 status=200 0.342s url=https://www.myfonts.com/products/fagor-complete-family-package-1151152
[2026-05-15T09:27:13Z] #407 attempt=1/2 status=200 0.415s url=https://www.myfonts.com/collections/fagor-font-font-liner/
[2026-05-15T09:27:14Z] #408 attempt=1/2 status=200 0.327s url=https://www.myfonts.com/products/marcante-complete-family-package-1146802
[2026-05-15T09:27:14Z] #409 attempt=1/2 status=200 0.477s url=https://www.myfonts.com/collections/marcante-font-latinotype/
[2026-05-15T09:27:15Z] #410 attempt=1/2 status=200 0.738s url=https://www.myfonts.com/products/leonardo-sans-complete-family-package-1151313
[2026-05-15T09:27:17Z] #411 attempt=1/2 status=200 0.812s url=https://www.myfonts.com/collections/leonardo-sans-font-factory738/
[2026-05-15T09:27:17Z] #412 attempt=1/2 status=200 0.396s url=https://www.myfonts.com/products/nerogen-text-style-package-1151149
[2026-05-15T09:27:18Z] #413 attempt=1/2 status=200 0.743s url=https://www.myfonts.com/collections/nerogen-font-sign-studio/
[2026-05-15T09:27:19Z] #414 attempt=1/2 status=200 0.396s url=https://www.myfonts.com/products/astreum-gradient-complete-family-package-1150911
[2026-05-15T09:27:20Z] #415 attempt=1/2 status=200 0.940s url=https://www.myfonts.com/collections/astreum-gradient-font-shape-studio/
[2026-05-15T09:27:21Z] #416 attempt=1/2 status=200 0.385s url=https://www.myfonts.com/products/golden-crumbs-complete-family-package-1151077
[2026-05-15T09:27:22Z] #417 attempt=1/2 status=200 0.461s url=https://www.myfonts.com/collections/golden-crumbs-font-littlehand/
[2026-05-15T09:27:22Z] #418 attempt=1/2 status=429 0.042s url=https://www.myfonts.com/products/desevon-complete-family-package-1151051
[2026-05-15T09:27:24Z] #419 attempt=2/2 status=200 0.319s url=https://www.myfonts.com/products/desevon-complete-family-package-1151051
[2026-05-15T09:27:25Z] #420 attempt=1/2 status=200 0.437s url=https://www.myfonts.com/collections/desevon-font-burntilldead/
[2026-05-15T09:27:26Z] #421 attempt=1/2 status=200 0.320s url=https://www.myfonts.com/products/gc-basic-inktrap-monospace-complete-family-package-1151120
[2026-05-15T09:27:27Z] #422 attempt=1/2 status=200 0.621s url=https://www.myfonts.com/collections/gc-basic-inktrap-monospace-font-onyx-studio/
[2026-05-15T09:27:27Z] #423 attempt=1/2 status=200 0.413s url=https://www.myfonts.com/products/rolynx-complete-family-package-1151067
[2026-05-15T09:27:28Z] #424 attempt=1/2 status=200 0.457s url=https://www.myfonts.com/collections/rolynx-font-madjack-font/
[2026-05-15T09:27:29Z] #425 attempt=1/2 status=200 0.326s url=https://www.myfonts.com/products/modus-complete-family-package-1151300
[2026-05-15T09:27:29Z] #426 attempt=1/2 status=429 0.036s url=https://www.myfonts.com/collections/modus-font-garagefonts/
[2026-05-15T09:27:32Z] #427 attempt=2/2 status=200 0.598s url=https://www.myfonts.com/collections/modus-font-garagefonts/
[2026-05-15T09:27:32Z] #428 attempt=1/2 status=200 0.528s url=https://www.myfonts.com/products/midnight-reflection-complete-family-package-1151110
[2026-05-15T09:27:33Z] #429 attempt=1/2 status=200 0.793s url=https://www.myfonts.com/collections/midnight-reflection-font-fikryal/
[2026-05-15T09:27:35Z] #430 attempt=1/2 status=200 0.738s url=https://www.myfonts.com/products/owning-sans-complete-family-package-1151224
[2026-05-15T09:27:36Z] #431 attempt=1/2 status=200 0.913s url=https://www.myfonts.com/collections/owning-sans-font-dora-typefoundry/
[2026-05-15T09:27:37Z] #432 attempt=1/2 status=200 0.427s url=https://www.myfonts.com/products/chaak-complete-family-package-1151289
[2026-05-15T09:27:37Z] #433 attempt=1/2 status=200 0.661s url=https://www.myfonts.com/collections/chaak-font-ixipcalli/
[2026-05-15T09:27:38Z] #434 attempt=1/2 status=200 0.317s url=https://www.myfonts.com/products/musline-complete-family-package-1151060
[2026-05-15T09:27:39Z] #435 attempt=1/2 status=200 0.445s url=https://www.myfonts.com/collections/musline-font-burntilldead/
[2026-05-15T09:27:39Z] #436 attempt=1/2 status=200 0.352s url=https://www.myfonts.com/products/gatecode-complete-family-package-1151133
[2026-05-15T09:27:40Z] #437 attempt=1/2 status=200 0.392s url=https://www.myfonts.com/collections/gatecode-font-ragamkata/
[2026-05-15T09:27:41Z] #438 attempt=1/2 status=200 0.589s url=https://www.myfonts.com/products/laguna-tropic-complete-family-package-1151208
[2026-05-15T09:27:41Z] #439 attempt=1/2 status=429 0.036s url=https://www.myfonts.com/collections/laguna-tropic-font-edignwn-type/
[2026-05-15T09:27:44Z] #440 attempt=2/2 status=200 0.525s url=https://www.myfonts.com/collections/laguna-tropic-font-edignwn-type/
[2026-05-15T09:27:45Z] #441 attempt=1/2 status=200 0.380s url=https://www.myfonts.com/products/tbj-neuetra-complete-family-package-1151016
[2026-05-15T09:27:45Z] #442 attempt=1/2 status=200 0.583s url=https://www.myfonts.com/collections/tbj-neuetra-font-taboja-studio/
[2026-05-15T09:27:46Z] #443 attempt=1/2 status=200 0.328s url=https://www.myfonts.com/products/cholla-springs-complete-family-package-1151181
[2026-05-15T09:27:47Z] #444 attempt=1/2 status=200 0.798s url=https://www.myfonts.com/collections/cholla-springs-font-vozzy/
[2026-05-15T09:27:48Z] #445 attempt=1/2 status=200 0.408s url=https://www.myfonts.com/products/boogie-blast-complete-family-package-1151054
[2026-05-15T09:27:49Z] #446 attempt=1/2 status=200 0.662s url=https://www.myfonts.com/collections/boogie-blast-font-sipanji21/
[2026-05-15T09:27:49Z] #447 attempt=1/2 status=200 0.355s url=https://www.myfonts.com/products/racemans-american-complete-family-package-1150907
[2026-05-15T09:27:50Z] #448 attempt=1/2 status=200 0.422s url=https://www.myfonts.com/collections/racemans-american-font-timelesstype-studio/
[2026-05-15T09:27:50Z] #449 attempt=1/2 status=429 0.027s url=https://www.myfonts.com/products/boserich-complete-family-package-1151047
[2026-05-15T09:27:53Z] #450 attempt=2/2 status=200 0.374s url=https://www.myfonts.com/products/boserich-complete-family-package-1151047
[2026-05-15T09:27:54Z] #451 attempt=1/2 status=200 0.480s url=https://www.myfonts.com/collections/boserich-font-burntilldead/
[2026-05-15T09:27:54Z] #452 attempt=1/2 status=200 0.344s url=https://www.myfonts.com/products/arbuckle-complete-family-package-1151310
[2026-05-15T09:27:55Z] #453 attempt=1/2 status=200 0.413s url=https://www.myfonts.com/collections/arbuckle-font-garagefonts/
[2026-05-15T09:27:56Z] #454 attempt=1/2 status=200 0.399s url=https://www.myfonts.com/products/rovas-complete-family-package-1151125
[2026-05-15T09:27:56Z] #455 attempt=1/2 status=200 0.388s url=https://www.myfonts.com/collections/rovas-font-grontype/
[2026-05-15T09:27:57Z] #456 attempt=1/2 status=200 0.351s url=https://www.myfonts.com/products/naxero-complete-family-package-1151204
[2026-05-15T09:27:57Z] #457 attempt=1/2 status=429 0.029s url=https://www.myfonts.com/collections/naxero-font-tini-fitriani/
[2026-05-15T09:28:00Z] #458 attempt=2/2 status=200 0.630s url=https://www.myfonts.com/collections/naxero-font-tini-fitriani/
[2026-05-15T09:28:01Z] #459 attempt=1/2 status=200 0.424s url=https://www.myfonts.com/products/foermality-sans-pro-complete-family-package-1151081
[2026-05-15T09:28:02Z] #460 attempt=1/2 status=200 0.675s url=https://www.myfonts.com/collections/foermality-sans-pro-font-laroyba-type/
[2026-05-15T09:28:02Z] #461 attempt=1/2 status=200 0.170s url=https://www.myfonts.com/products/west-postage-complete-family-package-1151213
[2026-05-15T09:28:03Z] #462 attempt=1/2 status=200 0.529s url=https://www.myfonts.com/collections/west-postage-font-sarid-ezra/
[2026-05-15T09:28:03Z] #463 attempt=1/2 status=200 0.383s url=https://www.myfonts.com/products/curly-blush-complete-family-package-1151216
[2026-05-15T09:28:04Z] #464 attempt=1/2 status=200 0.653s url=https://www.myfonts.com/collections/curly-blush-font-littlehand/
[2026-05-15T09:28:05Z] #465 attempt=1/2 status=429 0.052s url=https://www.myfonts.com/products/costague-complete-family-package-1151114
[2026-05-15T09:28:07Z] #466 attempt=2/2 status=200 0.356s url=https://www.myfonts.com/products/costague-complete-family-package-1151114
[2026-05-15T09:28:08Z] #467 attempt=1/2 status=200 0.566s url=https://www.myfonts.com/collections/costague-font-eko-bimantara/
[2026-05-15T09:28:09Z] #468 attempt=1/2 status=200 0.380s url=https://www.myfonts.com/products/sandpack-variable-complete-family-package-1151309
[2026-05-15T09:28:09Z] #469 attempt=1/2 status=200 0.444s url=https://www.myfonts.com/collections/sandpack-variable-font-collectype/
[2026-05-15T09:28:10Z] #470 attempt=1/2 status=200 0.353s url=https://www.myfonts.com/products/ring-soft-complete-family-package-1151006
[2026-05-15T09:28:11Z] #471 attempt=1/2 status=200 0.532s url=https://www.myfonts.com/collections/ring-soft-font-ochakov/
[2026-05-15T09:28:11Z] #472 attempt=1/2 status=200 0.349s url=https://www.myfonts.com/products/barnforge-complete-family-package-1151200
[2026-05-15T09:28:12Z] #473 attempt=1/2 status=429 0.039s url=https://www.myfonts.com/collections/barnforge-font-vozzy/
[2026-05-15T09:28:15Z] #474 attempt=2/2 status=200 0.657s url=https://www.myfonts.com/collections/barnforge-font-vozzy/
[2026-05-15T09:28:15Z] #475 attempt=1/2 status=200 0.284s url=https://www.myfonts.com/products/kawahara-complete-family-package-1151082
[2026-05-15T09:28:16Z] #476 attempt=1/2 status=200 0.448s url=https://www.myfonts.com/collections/kawahara-font-agung-sudirman/
[2026-05-15T09:28:16Z] #477 attempt=1/2 status=200 0.355s url=https://www.myfonts.com/products/camden-mrkt-complete-family-package-1151197
[2026-05-15T09:28:17Z] #478 attempt=1/2 status=200 0.447s url=https://www.myfonts.com/collections/camden-mrkt-font-vozzy/
[2026-05-15T09:28:18Z] #479 attempt=1/2 status=200 0.359s url=https://www.myfonts.com/products/campus-varsity-complete-family-package-1151186
[2026-05-15T09:28:18Z] #480 attempt=1/2 status=429 0.028s url=https://www.myfonts.com/collections/campus-varsity-font-vozzy/
[2026-05-15T09:28:21Z] #481 attempt=2/2 status=200 0.735s url=https://www.myfonts.com/collections/campus-varsity-font-vozzy/
[2026-05-15T09:28:22Z] #482 attempt=1/2 status=200 0.383s url=https://www.myfonts.com/products/focsio-complete-family-package-1151044
[2026-05-15T09:28:22Z] #483 attempt=1/2 status=200 0.547s url=https://www.myfonts.com/collections/focsio-font-tini-fitriani/
[2026-05-15T09:28:23Z] #484 attempt=1/2 status=200 0.413s url=https://www.myfonts.com/products/lecrace-complete-family-package-1150875
[2026-05-15T09:28:24Z] #485 attempt=1/2 status=200 0.510s url=https://www.myfonts.com/collections/lecrace-font-mevstory-studio/
[2026-05-15T09:28:25Z] #486 attempt=1/2 status=200 0.334s url=https://www.myfonts.com/products/novaire-complete-family-package-1150866
[2026-05-15T09:28:25Z] #487 attempt=1/2 status=200 0.510s url=https://www.myfonts.com/collections/novaire-font-enfeeltype/
[2026-05-15T09:28:26Z] #488 attempt=1/2 status=200 0.403s url=https://www.myfonts.com/products/signat-complete-family-package-1151162
[2026-05-15T09:28:26Z] #489 attempt=1/2 status=429 0.036s url=https://www.myfonts.com/collections/signat-font-tipotype/
[2026-05-15T09:28:29Z] #490 attempt=2/2 status=200 0.598s url=https://www.myfonts.com/collections/signat-font-tipotype/
[2026-05-15T09:28:30Z] #491 attempt=1/2 status=200 0.346s url=https://www.myfonts.com/products/sorpant-complete-family-package-1151041
[2026-05-15T09:28:30Z] #492 attempt=1/2 status=200 0.425s url=https://www.myfonts.com/collections/sorpant-font-jolicia-type/
[2026-05-15T09:28:31Z] #493 attempt=1/2 status=200 0.320s url=https://www.myfonts.com/products/royal-veins-complete-family-package-1151036
[2026-05-15T09:28:32Z] #494 attempt=1/2 status=200 0.371s url=https://www.myfonts.com/collections/royal-veins-font-denustudio/
[2026-05-15T09:28:32Z] #495 attempt=1/2 status=200 0.332s url=https://www.myfonts.com/products/saned-complete-family-package-1151298
[2026-05-15T09:28:32Z] #496 attempt=1/2 status=429 0.036s url=https://www.myfonts.com/collections/saned-font-hishand-studio/
[2026-05-15T09:28:35Z] #497 attempt=2/2 status=200 0.436s url=https://www.myfonts.com/collections/saned-font-hishand-studio/
[2026-05-15T09:28:36Z] #498 attempt=1/2 status=200 0.353s url=https://www.myfonts.com/products/advance-glowing-sans-complete-family-package-1151107
[2026-05-15T09:28:36Z] #499 attempt=1/2 status=200 0.427s url=https://www.myfonts.com/collections/advance-glowing-sans-font-madjack-font/
[2026-05-15T09:28:38Z] #500 attempt=1/6 status=200 0.763s url=https://www.myfonts.com/products.json?limit=100&page=20
[2026-05-15T09:28:38Z] #501 attempt=1/2 status=200 0.326s url=https://www.myfonts.com/products/regular-chief-rock-1151076
[2026-05-15T09:28:39Z] #502 attempt=1/2 status=200 0.315s url=https://www.myfonts.com/collections/chief-rock-font-epiclinez/
[2026-05-15T09:28:40Z] #503 attempt=1/2 status=200 0.367s url=https://www.myfonts.com/products/regular-khattalib-1151040
[2026-05-15T09:28:40Z] #504 attempt=1/2 status=429 0.046s url=https://www.myfonts.com/collections/khattalib-font-nian-keun-studio/
[2026-05-15T09:28:42Z] #505 attempt=2/2 status=200 0.433s url=https://www.myfonts.com/collections/khattalib-font-nian-keun-studio/
[2026-05-15T09:28:43Z] #506 attempt=1/2 status=200 0.363s url=https://www.myfonts.com/products/regular-fang-malic-1151039
[2026-05-15T09:28:44Z] #507 attempt=1/2 status=200 0.273s url=https://www.myfonts.com/collections/fang-malic-font-alit-design/
[2026-05-15T09:28:44Z] #508 attempt=1/2 status=200 0.276s url=https://www.myfonts.com/products/regular-marcellyna-1151222
[2026-05-15T09:28:45Z] #509 attempt=1/2 status=200 0.291s url=https://www.myfonts.com/collections/marcellyna-font-inviline/
[2026-05-15T09:28:45Z] #510 attempt=1/2 status=429 0.028s url=https://www.myfonts.com/products/regular-enchanted-thread-1151207
[2026-05-15T09:28:47Z] #511 attempt=2/2 status=200 0.356s url=https://www.myfonts.com/products/regular-enchanted-thread-1151207
[2026-05-15T09:28:48Z] #512 attempt=1/2 status=200 0.346s url=https://www.myfonts.com/collections/enchanted-thread-font-medialabco/
[2026-05-15T09:28:50Z] #513 attempt=1/2 status=200 1.304s url=https://www.myfonts.com/products/regular-velafine-1151113
[2026-05-15T09:28:50Z] #514 attempt=1/2 status=200 0.315s url=https://www.myfonts.com/collections/velafine-font-rasio-studio/
[2026-05-15T09:28:51Z] #515 attempt=1/2 status=200 0.318s url=https://www.myfonts.com/products/regular-basenk-1151106
[2026-05-15T09:28:51Z] #516 attempt=1/2 status=200 0.318s url=https://www.myfonts.com/collections/basenk-font-kangfont-studio/
[2026-05-15T09:28:52Z] #517 attempt=1/2 status=200 0.352s url=https://www.myfonts.com/products/regular-ugloed-1151155
[2026-05-15T09:28:52Z] #518 attempt=1/2 status=429 0.041s url=https://www.myfonts.com/collections/ugloed-font-letterheadstudio-vg/
[2026-05-15T09:28:55Z] #519 attempt=2/2 status=200 0.423s url=https://www.myfonts.com/collections/ugloed-font-letterheadstudio-vg/
[2026-05-15T09:28:56Z] #520 attempt=1/6 status=200 0.612s url=https://www.myfonts.com/products.json?limit=100&page=21
[2026-05-15T09:28:57Z] #521 attempt=1/2 status=200 0.456s url=https://www.myfonts.com/products/regular-qetela-joosy-1151103
[2026-05-15T09:28:57Z] #522 attempt=1/2 status=200 0.365s url=https://www.myfonts.com/collections/qetela-joosy-font-bayuktx/
[2026-05-15T09:28:58Z] #523 attempt=1/2 status=200 0.317s url=https://www.myfonts.com/products/regular-girthy-display-1151150
[2026-05-15T09:28:58Z] #524 attempt=1/2 status=200 0.294s url=https://www.myfonts.com/collections/girthy-display-font-silverdav/
[2026-05-15T09:28:59Z] #525 attempt=1/2 status=200 0.297s url=https://www.myfonts.com/products/regular-duckling-1151128
[2026-05-15T09:28:59Z] #526 attempt=1/2 status=429 0.031s url=https://www.myfonts.com/collections/duckling-font-alpaprana/
[2026-05-15T09:29:02Z] #527 attempt=2/2 status=200 0.378s url=https://www.myfonts.com/collections/duckling-font-alpaprana/
[2026-05-15T09:29:02Z] #528 attempt=1/2 status=200 0.314s url=https://www.myfonts.com/products/script-nocturnal-blossom-1151130
[2026-05-15T09:29:03Z] #529 attempt=1/2 status=200 0.328s url=https://www.myfonts.com/collections/nocturnal-blossom-font-collectype/
[2026-05-15T09:29:04Z] #530 attempt=1/2 status=200 0.286s url=https://www.myfonts.com/products/regular-freetags-1151080
[2026-05-15T09:29:04Z] #531 attempt=1/2 status=200 0.291s url=https://www.myfonts.com/collections/freetags-font-gassstype/
[2026-05-15T09:29:04Z] #532 attempt=1/2 status=429 0.067s url=https://www.myfonts.com/products/regular-rustic-market-1151129
[2026-05-15T09:29:07Z] #533 attempt=2/2 status=200 0.421s url=https://www.myfonts.com/products/regular-rustic-market-1151129
[2026-05-15T09:29:08Z] #534 attempt=1/2 status=200 0.325s url=https://www.myfonts.com/collections/rustic-market-font-collectype/
[2026-05-15T09:29:08Z] #535 attempt=1/2 status=200 0.311s url=https://www.myfonts.com/products/regular-macaria-1151223
[2026-05-15T09:29:09Z] #536 attempt=1/2 status=200 0.283s url=https://www.myfonts.com/collections/macaria-font-imoodev/
[2026-05-15T09:29:09Z] #537 attempt=1/2 status=200 0.314s url=https://www.myfonts.com/products/regular-bront-olo-1151104
[2026-05-15T09:29:10Z] #538 attempt=1/2 status=200 0.259s url=https://www.myfonts.com/collections/bront-olo-font-kangfont-studio/
[2026-05-15T09:29:10Z] #539 attempt=1/6 status=429 0.029s url=https://www.myfonts.com/products.json?limit=100&page=22
[2026-05-15T09:29:14Z] #540 attempt=2/6 status=200 0.790s url=https://www.myfonts.com/products.json?limit=100&page=22
[2026-05-15T09:29:14Z] #541 attempt=1/2 status=200 0.305s url=https://www.myfonts.com/products/regular-baruzen-karma-1151151
[2026-05-15T09:29:15Z] #542 attempt=1/2 status=200 0.312s url=https://www.myfonts.com/collections/baruzen-karma-font-letterhanna-studio/
[2026-05-15T09:29:15Z] #543 attempt=1/2 status=200 0.286s url=https://www.myfonts.com/products/regular-margiona-1151105
[2026-05-15T09:29:16Z] #544 attempt=1/2 status=200 0.308s url=https://www.myfonts.com/collections/margiona-font-rasio-studio/
[2026-05-15T09:29:16Z] #545 attempt=1/2 status=200 0.299s url=https://www.myfonts.com/products/regular-pistachio-brush-1150910
[2026-05-15T09:29:17Z] #546 attempt=1/2 status=200 0.331s url=https://www.myfonts.com/collections/pistachio-brush-font-gatype/
[2026-05-15T09:29:17Z] #547 attempt=1/2 status=429 0.066s url=https://www.myfonts.com/products/italic-bakery-megals-1150827
[2026-05-15T09:29:20Z] #548 attempt=2/2 status=200 0.396s url=https://www.myfonts.com/products/italic-bakery-megals-1150827
[2026-05-15T09:29:21Z] #549 attempt=1/2 status=200 0.398s url=https://www.myfonts.com/collections/bakery-megals-font-timelesstype-studio/
[2026-05-15T09:29:21Z] #550 attempt=1/2 status=200 0.323s url=https://www.myfonts.com/products/regular-mokel-1151157
[2026-05-15T09:29:22Z] #551 attempt=1/2 status=200 0.321s url=https://www.myfonts.com/collections/mokel-font-black-junst/
[2026-05-15T09:29:22Z] #552 attempt=1/2 status=200 0.275s url=https://www.myfonts.com/products/regular-montella-cracken-1151132
[2026-05-15T09:29:23Z] #553 attempt=1/2 status=200 0.283s url=https://www.myfonts.com/collections/montella-cracken-font-collectype/
[2026-05-15T09:29:23Z] #554 attempt=1/2 status=429 0.031s url=https://www.myfonts.com/products/regular-alkomary-1150834
[2026-05-15T09:29:26Z] #555 attempt=2/2 status=200 0.331s url=https://www.myfonts.com/products/regular-alkomary-1150834
[2026-05-15T09:29:26Z] #556 attempt=1/2 status=200 0.273s url=https://www.myfonts.com/collections/alkomary-font-monolimes/
[2026-05-15T09:29:27Z] #557 attempt=1/2 status=200 0.280s url=https://www.myfonts.com/products/regular-pretty-amelina-1151156
[2026-05-15T09:29:27Z] #558 attempt=1/2 status=200 0.334s url=https://www.myfonts.com/collections/pretty-amelina-font-aisyah/
[2026-05-15T09:29:29Z] #559 attempt=1/6 status=200 0.718s url=https://www.myfonts.com/products.json?limit=100&page=23
[2026-05-15T09:29:29Z] #560 attempt=1/2 status=200 0.290s url=https://www.myfonts.com/products/regular-mellisca-1150845
[2026-05-15T09:29:29Z] #561 attempt=1/2 status=429 0.044s url=https://www.myfonts.com/collections/mellisca-font-thirtypath-studio/
[2026-05-15T09:29:32Z] #562 attempt=2/2 status=200 0.366s url=https://www.myfonts.com/collections/mellisca-font-thirtypath-studio/
[2026-05-15T09:29:33Z] #563 attempt=1/2 status=200 0.452s url=https://www.myfonts.com/products/semi-exp-bold-italic-bebas-neue-pro-204882
[2026-05-15T09:29:33Z] #564 attempt=1/2 status=200 0.168s url=https://www.myfonts.com/collections/bebas-neue-pro-font-dharma-type/
[2026-05-15T09:29:34Z] #565 attempt=1/2 status=200 0.338s url=https://www.myfonts.com/products/sans-caprint-1150840
[2026-05-15T09:29:34Z] #566 attempt=1/2 status=200 0.380s url=https://www.myfonts.com/collections/caprint-font-bale-type/
[2026-05-15T09:29:35Z] #567 attempt=1/2 status=200 0.321s url=https://www.myfonts.com/products/makenfy-complete-family-package-1150756
[2026-05-15T09:29:35Z] #568 attempt=1/2 status=429 0.052s url=https://www.myfonts.com/collections/makenfy-font-timelesstype-studio/
[2026-05-15T09:29:38Z] #569 attempt=2/2 status=200 0.681s url=https://www.myfonts.com/collections/makenfy-font-timelesstype-studio/
[2026-05-15T09:29:39Z] #570 attempt=1/2 status=200 0.334s url=https://www.myfonts.com/products/kenbu-pop-complete-family-package-1150765
[2026-05-15T09:29:40Z] #571 attempt=1/2 status=200 0.573s url=https://www.myfonts.com/collections/kenbu-pop-font-ketiga-foundry/
[2026-05-15T09:29:41Z] #572 attempt=1/2 status=200 0.753s url=https://www.myfonts.com/products/normal-package-1150552
[2026-05-15T09:29:43Z] #573 attempt=1/2 status=200 2.075s url=https://www.myfonts.com/collections/brigife-font-rastype-studio/
[2026-05-15T09:29:44Z] #574 attempt=1/2 status=200 0.305s url=https://www.myfonts.com/products/parnelle-complete-family-package-1150623
[2026-05-15T09:29:45Z] #575 attempt=1/2 status=200 0.437s url=https://www.myfonts.com/collections/parnelle-font-youthlabs/
[2026-05-15T09:29:45Z] #576 attempt=1/2 status=200 0.369s url=https://www.myfonts.com/products/alqest-complete-family-package-1150626
[2026-05-15T09:29:46Z] #577 attempt=1/2 status=200 0.407s url=https://www.myfonts.com/collections/alqest-font-zaain-type/
[2026-05-15T09:29:47Z] #578 attempt=1/2 status=200 0.350s url=https://www.myfonts.com/products/arvitto-complete-family-package-1150762
[2026-05-15T09:29:47Z] #579 attempt=1/2 status=200 0.417s url=https://www.myfonts.com/collections/arvitto-font-tini-fitriani/
[2026-05-15T09:29:48Z] #580 attempt=1/2 status=200 0.314s url=https://www.myfonts.com/products/magdes-complete-family-package-1150778
[2026-05-15T09:29:49Z] #581 attempt=1/2 status=200 0.360s url=https://www.myfonts.com/collections/magdes-font-timelesstype-studio/
[2026-05-15T09:29:49Z] #582 attempt=1/2 status=200 0.329s url=https://www.myfonts.com/products/aipshar-complete-family-package-1150616
[2026-05-15T09:29:49Z] #583 attempt=1/2 status=429 0.042s url=https://www.myfonts.com/collections/aipshar-font-tini-fitriani/
[2026-05-15T09:29:52Z] #584 attempt=2/2 status=200 0.730s url=https://www.myfonts.com/collections/aipshar-font-tini-fitriani/
[2026-05-15T09:29:53Z] #585 attempt=1/2 status=200 0.380s url=https://www.myfonts.com/products/monoblock-complete-family-package-1150553
[2026-05-15T09:29:54Z] #586 attempt=1/2 status=200 0.678s url=https://www.myfonts.com/collections/monoblock-font-glowtype/
[2026-05-15T09:29:55Z] #587 attempt=1/2 status=200 0.448s url=https://www.myfonts.com/products/althera-complete-family-package-1150738
[2026-05-15T09:29:56Z] #588 attempt=1/2 status=200 0.770s url=https://www.myfonts.com/collections/althera-font-syauqi-studio/
[2026-05-15T09:29:57Z] #589 attempt=1/2 status=200 0.389s url=https://www.myfonts.com/products/hero-bump-complete-family-package-1150629
[2026-05-15T09:29:57Z] #590 attempt=1/2 status=200 0.421s url=https://www.myfonts.com/collections/hero-bump-font-figuree-studio/
[2026-05-15T09:29:58Z] #591 attempt=1/2 status=200 0.516s url=https://www.myfonts.com/products/bright-kondi-complete-family-package-1150728
[2026-05-15T09:29:59Z] #592 attempt=1/2 status=200 0.470s url=https://www.myfonts.com/collections/bright-kondi-font-timelesstype-studio/
[2026-05-15T09:29:59Z] #593 attempt=1/2 status=200 0.425s url=https://www.myfonts.com/products/david-mf-complete-family-package-1150538
[2026-05-15T09:30:00Z] #594 attempt=1/2 status=200 0.604s url=https://www.myfonts.com/collections/david-font-masterfont/
[2026-05-15T09:30:01Z] #595 attempt=1/2 status=200 0.715s url=https://www.myfonts.com/collections/david-font-masterfont/
[2026-05-15T09:30:02Z] #596 attempt=1/2 status=200 0.361s url=https://www.myfonts.com/products/lelagei-complete-family-package-1150759
[2026-05-15T09:30:02Z] #597 attempt=1/2 status=429 0.043s url=https://www.myfonts.com/collections/lelagei-font-gatype/
[2026-05-15T09:30:05Z] #598 attempt=2/2 status=200 0.401s url=https://www.myfonts.com/collections/lelagei-font-gatype/
[2026-05-15T09:30:05Z] #599 attempt=1/2 status=200 0.351s url=https://www.myfonts.com/products/atomic-beers-complete-family-package-1150731
[2026-05-15T09:30:06Z] #600 attempt=1/2 status=200 0.385s url=https://www.myfonts.com/collections/atomic-beers-font-timelesstype-studio/
[2026-05-15T09:30:07Z] #601 attempt=1/2 status=200 0.842s url=https://www.myfonts.com/products/orvian-complete-family-package-1150638
[2026-05-15T09:30:08Z] #602 attempt=1/2 status=200 1.120s url=https://www.myfonts.com/collections/orvian-font-donyadesign/
[2026-05-15T09:30:09Z] #603 attempt=1/2 status=200 0.390s url=https://www.myfonts.com/products/cubic-ranger-complete-family-package-1150734
[2026-05-15T09:30:10Z] #604 attempt=1/2 status=200 0.524s url=https://www.myfonts.com/collections/cubic-ranger-font-timelesstype-studio/
[2026-05-15T09:30:11Z] #605 attempt=1/2 status=200 0.479s url=https://www.myfonts.com/products/laderas-complete-family-package-1150633
[2026-05-15T09:30:12Z] #606 attempt=1/2 status=200 0.462s url=https://www.myfonts.com/collections/laderas-font-salsipuedes/
[2026-05-15T09:30:12Z] #607 attempt=1/2 status=200 0.419s url=https://www.myfonts.com/products/logpose-complete-family-package-1150781
[2026-05-15T09:30:13Z] #608 attempt=1/2 status=200 0.882s url=https://www.myfonts.com/collections/logpose-font-factory738/
[2026-05-15T09:30:14Z] #609 attempt=1/2 status=200 0.356s url=https://www.myfonts.com/products/regular-strawberry-milkshake-1150620
[2026-05-15T09:30:14Z] #610 attempt=1/2 status=429 0.037s url=https://www.myfonts.com/collections/strawberry-milkshake-font-subectype/
[2026-05-15T09:30:17Z] #611 attempt=2/2 status=200 0.418s url=https://www.myfonts.com/collections/strawberry-milkshake-font-subectype/
[2026-05-15T09:30:18Z] #612 attempt=1/2 status=200 0.260s url=https://www.myfonts.com/products/regular-belgina-1150619
[2026-05-15T09:30:18Z] #613 attempt=1/2 status=200 0.302s url=https://www.myfonts.com/collections/belgina-font-typoraith-co/
[2026-05-15T09:30:19Z] #614 attempt=1/2 status=200 0.425s url=https://www.myfonts.com/products/semi-bold-italic-qlaxe-serif-1150815
[2026-05-15T09:30:20Z] #615 attempt=1/2 status=200 0.929s url=https://www.myfonts.com/collections/qlaxe-serif-font-nollev/
[2026-05-15T09:30:21Z] #616 attempt=1/2 status=200 0.475s url=https://www.myfonts.com/products/regular-groovy-bigsky-1150829
[2026-05-15T09:30:22Z] #617 attempt=1/2 status=200 0.412s url=https://www.myfonts.com/collections/groovy-bigsky-font-timelesstype-studio/
[2026-05-15T09:30:22Z] #618 attempt=1/2 status=200 0.333s url=https://www.myfonts.com/products/regular-briola-1150737
[2026-05-15T09:30:22Z] #619 attempt=1/2 status=429 0.064s url=https://www.myfonts.com/collections/briola-font-sensatype-studio/
[2026-05-15T09:30:25Z] #620 attempt=2/2 status=200 0.338s url=https://www.myfonts.com/collections/briola-font-sensatype-studio/
[2026-05-15T09:30:26Z] #621 attempt=1/2 status=200 0.330s url=https://www.myfonts.com/products/regular-jack-the-mouse-1150727
[2026-05-15T09:30:26Z] #622 attempt=1/2 status=200 0.326s url=https://www.myfonts.com/collections/jack-the-mouse-font-sipanji21/
[2026-05-15T09:30:28Z] #623 attempt=1/6 status=200 0.768s url=https://www.myfonts.com/products.json?limit=100&page=24
[2026-05-15T09:30:28Z] #624 attempt=1/2 status=200 0.391s url=https://www.myfonts.com/products/rounded-pixelta-1150837
[2026-05-15T09:30:29Z] #625 attempt=1/2 status=200 0.403s url=https://www.myfonts.com/collections/pixelta-font-blankids/
[2026-05-15T09:30:29Z] #626 attempt=1/2 status=200 0.285s url=https://www.myfonts.com/products/regular-roadpunks-1150622
[2026-05-15T09:30:30Z] #627 attempt=1/2 status=200 0.343s url=https://www.myfonts.com/collections/roadpunks-font-figuree-studio/
[2026-05-15T09:30:30Z] #628 attempt=1/2 status=429 0.039s url=https://www.myfonts.com/products/jadent-tagriel-regular-mc-jadent-tagriel-1150674
[2026-05-15T09:30:33Z] #629 attempt=2/2 status=200 0.350s url=https://www.myfonts.com/products/jadent-tagriel-regular-mc-jadent-tagriel-1150674
[2026-05-15T09:30:33Z] #630 attempt=1/2 status=200 0.357s url=https://www.myfonts.com/collections/mc-jadent-tagriel-font-maulana-creative/
[2026-05-15T09:30:34Z] #631 attempt=1/2 status=200 0.305s url=https://www.myfonts.com/products/regular-toasty-summer-1150621
[2026-05-15T09:30:34Z] #632 attempt=1/2 status=200 0.320s url=https://www.myfonts.com/collections/toasty-summer-font-seemly-fonts/
[2026-05-15T09:30:35Z] #633 attempt=1/2 status=200 0.351s url=https://www.myfonts.com/products/monoblock-black-monoblock-variable-1150564
[2026-05-15T09:30:35Z] #634 attempt=1/2 status=429 0.049s url=https://www.myfonts.com/collections/monoblock-variable-font-glowtype/
[2026-05-15T09:30:38Z] #635 attempt=2/2 status=200 0.408s url=https://www.myfonts.com/collections/monoblock-variable-font-glowtype/
[2026-05-15T09:30:39Z] #636 attempt=1/2 status=200 0.302s url=https://www.myfonts.com/products/regular-gafloc-1150832
[2026-05-15T09:30:39Z] #637 attempt=1/2 status=200 0.635s url=https://www.myfonts.com/collections/gafloc-font-timelesstype-studio/
[2026-05-15T09:30:41Z] #638 attempt=1/6 status=200 0.761s url=https://www.myfonts.com/products.json?limit=100&page=25
[2026-05-15T09:30:41Z] #639 attempt=1/2 status=200 0.332s url=https://www.myfonts.com/products/regular-heranch-1150639
[2026-05-15T09:30:42Z] #640 attempt=1/2 status=200 0.320s url=https://www.myfonts.com/collections/heranch-font-flawlessandco/
[2026-05-15T09:30:42Z] #641 attempt=1/2 status=200 0.321s url=https://www.myfonts.com/products/regular-megiula-1150632
[2026-05-15T09:30:43Z] #642 attempt=1/2 status=200 0.277s url=https://www.myfonts.com/collections/megiula-font-sealoung/
[2026-05-15T09:30:43Z] #643 attempt=1/2 status=429 0.029s url=https://www.myfonts.com/products/regular-clarsen-1150755
[2026-05-15T09:30:46Z] #644 attempt=2/2 status=200 0.459s url=https://www.myfonts.com/products/regular-clarsen-1150755
[2026-05-15T09:30:47Z] #645 attempt=1/2 status=200 0.426s url=https://www.myfonts.com/collections/clarsen-font-sensatype-studio/
[2026-05-15T09:30:48Z] #646 attempt=1/2 status=200 1.028s url=https://www.myfonts.com/products/handcrafted-signature-font-bundle-package-772696
[2026-05-15T09:30:48Z] #647 attempt=1/2 status=404 0.241s url=https://www.myfonts.com/collections/handcrafted-signature-font-bundle-font-lemonthe
[2026-05-15T09:30:49Z] #648 attempt=1/2 status=200 0.376s url=https://www.myfonts.com/products/italic-regular-ca-emeralda-1150405
[2026-05-15T09:30:50Z] #649 attempt=1/2 status=200 0.494s url=https://www.myfonts.com/collections/ca-emeralda-font-cape-arcona/
[2026-05-15T09:30:50Z] #650 attempt=1/2 status=200 0.325s url=https://www.myfonts.com/products/gotham-variable-complete-family-package-1128984
[2026-05-15T09:30:51Z] #651 attempt=1/2 status=200 0.286s url=https://www.myfonts.com/collections/gotham-variable-font-hoefler-and-co/
[2026-05-15T09:30:51Z] #652 attempt=1/2 status=429 0.034s url=https://www.myfonts.com/products/essential-sans-package-1150452
[2026-05-15T09:30:54Z] #653 attempt=2/2 status=200 1.107s url=https://www.myfonts.com/products/essential-sans-package-1150452
[2026-05-15T09:30:55Z] #654 attempt=1/2 status=404 0.222s url=https://www.myfonts.com/collections/essential-sans-font-fontop
[2026-05-15T09:30:56Z] #655 attempt=1/2 status=200 0.545s url=https://www.myfonts.com/products/quarter-theory-complete-family-package-1150330
[2026-05-15T09:30:57Z] #656 attempt=1/2 status=200 1.068s url=https://www.myfonts.com/collections/quarter-theory-font-propertype/
[2026-05-15T09:30:58Z] #657 attempt=1/2 status=200 0.492s url=https://www.myfonts.com/products/big-whoop-bb-complete-family-package-1149794
[2026-05-15T09:30:59Z] #658 attempt=1/2 status=200 0.534s url=https://www.myfonts.com/collections/big-whoop-bb-font-blambot/
[2026-05-15T09:30:59Z] #659 attempt=1/2 status=200 0.378s url=https://www.myfonts.com/products/sukuna-complete-family-package-1149806
[2026-05-15T09:31:00Z] #660 attempt=1/2 status=200 0.543s url=https://www.myfonts.com/collections/sukuna-font-letternesia-studio/
[2026-05-15T09:31:01Z] #661 attempt=1/2 status=200 0.782s url=https://www.myfonts.com/products/flektura-complete-family-package-1150116
[2026-05-15T09:31:03Z] #662 attempt=1/2 status=200 1.507s url=https://www.myfonts.com/collections/flektura-font-propertype/
[2026-05-15T09:31:04Z] #663 attempt=1/2 status=200 0.357s url=https://www.myfonts.com/products/aneatra-complete-family-package-1149519
[2026-05-15T09:31:05Z] #664 attempt=1/2 status=200 0.571s url=https://www.myfonts.com/collections/aneatra-font-ahweproject/
[2026-05-15T09:31:05Z] #665 attempt=1/2 status=200 0.341s url=https://www.myfonts.com/products/valex-complete-family-package-1149494
[2026-05-15T09:31:06Z] #666 attempt=1/2 status=200 0.507s url=https://www.myfonts.com/collections/valex-font-flavortype/
[2026-05-15T09:31:07Z] #667 attempt=1/2 status=200 0.360s url=https://www.myfonts.com/products/velorath-complete-family-package-1149801
[2026-05-15T09:31:07Z] #668 attempt=1/2 status=200 0.586s url=https://www.myfonts.com/collections/velorath-font-mevstory-studio/
[2026-05-15T09:31:08Z] #669 attempt=1/2 status=200 0.453s url=https://www.myfonts.com/products/heart-package-1149864
[2026-05-15T09:31:08Z] #670 attempt=1/2 status=429 0.044s url=https://www.myfonts.com/collections/cereza-chocolate-font-persik-merino-arte/
[2026-05-15T09:31:11Z] #671 attempt=2/2 status=200 0.643s url=https://www.myfonts.com/collections/cereza-chocolate-font-persik-merino-arte/
[2026-05-15T09:31:12Z] #672 attempt=1/2 status=200 0.334s url=https://www.myfonts.com/products/cantilos-complete-family-package-1149481
[2026-05-15T09:31:13Z] #673 attempt=1/2 status=200 0.424s url=https://www.myfonts.com/collections/cantilos-font-artisan-themes/
[2026-05-15T09:31:13Z] #674 attempt=1/2 status=200 0.335s url=https://www.myfonts.com/products/under-trained-complete-family-package-1149505
[2026-05-15T09:31:14Z] #675 attempt=1/2 status=200 0.404s url=https://www.myfonts.com/collections/under-trained-font-arterfak-project/
[2026-05-15T09:31:15Z] #676 attempt=1/2 status=200 0.629s url=https://www.myfonts.com/products/nothern-sans-complete-family-package-1150264
[2026-05-15T09:31:16Z] #677 attempt=1/2 status=200 0.913s url=https://www.myfonts.com/collections/nothern-sans-font-propertype/
[2026-05-15T09:31:17Z] #678 attempt=1/2 status=200 0.322s url=https://www.myfonts.com/products/broteli-complete-family-package-1149491
[2026-05-15T09:31:17Z] #679 attempt=1/2 status=200 0.403s url=https://www.myfonts.com/collections/broteli-font-artisan-themes/
[2026-05-15T09:31:18Z] #680 attempt=1/2 status=429 0.035s url=https://www.myfonts.com/products/lebora-complete-family-package-1150051
[2026-05-15T09:31:21Z] #681 attempt=2/2 status=200 0.721s url=https://www.myfonts.com/products/lebora-complete-family-package-1150051
[2026-05-15T09:31:22Z] #682 attempt=1/2 status=200 1.108s url=https://www.myfonts.com/collections/lebora-font-propertype/
[2026-05-15T09:31:23Z] #683 attempt=1/2 status=200 0.330s url=https://www.myfonts.com/products/drose-complete-family-package-1149847
[2026-05-15T09:31:24Z] #684 attempt=1/2 status=200 0.514s url=https://www.myfonts.com/collections/drose-font-typebae/
[2026-05-15T09:31:25Z] #685 attempt=1/2 status=200 1.473s url=https://www.myfonts.com/products/degitan-complete-family-package-1149187
[2026-05-15T09:31:28Z] #686 attempt=1/2 status=200 2.419s url=https://www.myfonts.com/collections/degitan-font-propertype/
[2026-05-15T09:31:29Z] #687 attempt=1/2 status=200 0.370s url=https://www.myfonts.com/products/garlic-shine-complete-family-package-1150047
[2026-05-15T09:31:30Z] #688 attempt=1/2 status=200 0.442s url=https://www.myfonts.com/collections/garlic-shine-font-cocodesign/
[2026-05-15T09:31:31Z] #689 attempt=1/2 status=200 0.341s url=https://www.myfonts.com/products/think-complete-family-package-1149721
[2026-05-15T09:31:31Z] #690 attempt=1/2 status=200 0.534s url=https://www.myfonts.com/collections/think-font-up-up-creative/
[2026-05-15T09:31:32Z] #691 attempt=1/2 status=200 0.349s url=https://www.myfonts.com/products/gaprio-display-complete-family-package-1149508
[2026-05-15T09:31:33Z] #692 attempt=1/2 status=200 0.471s url=https://www.myfonts.com/collections/gaprio-display-font-lettertype-studio/
[2026-05-15T09:31:33Z] #693 attempt=1/2 status=200 0.423s url=https://www.myfonts.com/products/sravex-sports-complete-family-package-1149488
[2026-05-15T09:31:34Z] #694 attempt=1/2 status=200 0.466s url=https://www.myfonts.com/collections/sravex-sports-font-nirmana-visual/
[2026-05-15T09:31:35Z] #695 attempt=1/2 status=200 0.326s url=https://www.myfonts.com/products/seratonin-complete-family-package-1149485
[2026-05-15T09:31:35Z] #696 attempt=1/2 status=200 0.390s url=https://www.myfonts.com/collections/seratonin-font-artisan-themes/
[2026-05-15T09:31:36Z] #697 attempt=1/2 status=200 0.323s url=https://www.myfonts.com/products/the-popcuts-complete-family-package-1149855
[2026-05-15T09:31:37Z] #698 attempt=1/2 status=200 0.523s url=https://www.myfonts.com/collections/the-popcuts-font-get-studio/
[2026-05-15T09:31:38Z] #699 attempt=1/2 status=200 0.802s url=https://www.myfonts.com/products/morgazine-complete-family-package-1150190
[2026-05-15T09:31:39Z] #700 attempt=1/2 status=200 1.139s url=https://www.myfonts.com/collections/morgazine-font-propertype/
[2026-05-15T09:31:40Z] #701 attempt=1/2 status=200 0.667s url=https://www.myfonts.com/products/gorvain-stencil-complete-family-package-1149388
[2026-05-15T09:31:42Z] #702 attempt=1/2 status=200 1.651s url=https://www.myfonts.com/collections/gorvain-stencil-font-keren-studio/
[2026-05-15T09:31:43Z] #703 attempt=1/2 status=200 0.346s url=https://www.myfonts.com/products/bingers-complete-family-package-1149514
[2026-05-15T09:31:44Z] #704 attempt=1/2 status=200 0.424s url=https://www.myfonts.com/collections/bingers-font-timelesstype-studio/
[2026-05-15T09:31:44Z] #705 attempt=1/2 status=200 0.337s url=https://www.myfonts.com/products/hyper-squad-complete-family-package-1149852
[2026-05-15T09:31:45Z] #706 attempt=1/2 status=200 0.429s url=https://www.myfonts.com/collections/hyper-squad-font-figuree-studio/
[2026-05-15T09:31:46Z] #707 attempt=1/2 status=200 0.346s url=https://www.myfonts.com/products/cursive-holiday-complete-family-package-1149382
[2026-05-15T09:31:46Z] #708 attempt=1/2 status=200 0.450s url=https://www.myfonts.com/collections/cursive-holiday-font-tiny-graphix/
[2026-05-15T09:31:47Z] #709 attempt=1/2 status=200 0.342s url=https://www.myfonts.com/products/grand-highland-complete-family-package-1149511
[2026-05-15T09:31:48Z] #710 attempt=1/2 status=200 0.516s url=https://www.myfonts.com/collections/grand-highland-font-timelesstype-studio/
[2026-05-15T09:31:48Z] #711 attempt=1/2 status=429 0.044s url=https://www.myfonts.com/products/fitgad-complete-family-package-1149540
[2026-05-15T09:31:51Z] #712 attempt=2/2 status=200 0.940s url=https://www.myfonts.com/products/fitgad-complete-family-package-1149540
[2026-05-15T09:31:53Z] #713 attempt=1/2 status=200 1.743s url=https://www.myfonts.com/collections/fitgad-font-propertype/
[2026-05-15T09:31:55Z] #714 attempt=1/2 status=200 0.527s url=https://www.myfonts.com/products/fx-wadag-complete-family-package-1149809
[2026-05-15T09:31:56Z] #715 attempt=1/2 status=200 0.810s url=https://www.myfonts.com/collections/fx-wadag-font-differentialtype/
[2026-05-15T09:31:56Z] #716 attempt=1/2 status=200 0.350s url=https://www.myfonts.com/products/old-riga-blackletter-complete-family-package-1149502
[2026-05-15T09:31:57Z] #717 attempt=1/2 status=200 0.410s url=https://www.myfonts.com/collections/old-riga-blackletter-font-kaer/
[2026-05-15T09:31:57Z] summary releases=62 first_429=(92, 'https://www.myfonts.com/collections/amsterdam-serif-font-blaze-type/', 0.027532577514648438) log_file=state/myfonts_run_20260515_092049.log
[2026-05-15T09:31:57Z] === MyFonts crawl end ===
