[2026-09-02T11:07:01Z] checkpoint fresh next_page=1 path=state/myfonts_crawl_checkpoint.json
[2026-09-02T11:07:01Z] === MyFonts crawl start source=myfonts ===
[2026-09-02T11:07:01Z] config max_pages=25 page_size=100 start_date=2026-09-01 end_date=2026-09-02 api_delay=0.5s detail_delay=0.2s max_debut_checks=400 max_tech_specs_checks=200 reuse_success_profile=False always_enrich_packages=True language_script_signal_mode=strong force_fresh_run=False start_page=1 browser_mode=False browser_headless=True browser_storage_state_path=state/myfonts_storage_state.json
[2026-09-02T11:07:02Z] #1 attempt=1/6 status=200 1.168s url=https://www.myfonts.com/products.json?limit=100&page=1
[2026-09-02T11:07:03Z] #2 attempt=1/2 status=200 0.451s url=https://www.myfonts.com/products/regular-camu-sicavest-1214371
[2026-09-02T11:07:04Z] #3 attempt=1/2 status=200 0.433s url=https://www.myfonts.com/collections/camu-sicavest-font-trabas-kriya/
[2026-09-02T11:07:04Z] #4 attempt=1/2 status=200 0.480s url=https://www.myfonts.com/collections/camu-sicavest-font-trabas-kriya/?tab=techSpecs
[2026-09-02T11:07:05Z] #5 attempt=1/2 status=200 0.423s url=https://www.myfonts.com/products/regular-rikast-pestafy-1214369
[2026-09-02T11:07:06Z] #6 attempt=1/2 status=200 0.416s url=https://www.myfonts.com/collections/rikast-pestafy-font-twinletter/
[2026-09-02T11:07:07Z] #7 attempt=1/2 status=200 0.369s url=https://www.myfonts.com/collections/rikast-pestafy-font-twinletter/?tab=techSpecs
[2026-09-02T11:07:08Z] #8 attempt=1/2 status=200 0.387s url=https://www.myfonts.com/products/regular-broveld-1214392
[2026-09-02T11:07:08Z] #9 attempt=1/2 status=200 0.445s url=https://www.myfonts.com/collections/broveld-font-bentype/
[2026-09-02T11:07:09Z] #10 attempt=1/2 status=200 0.316s url=https://www.myfonts.com/collections/broveld-font-bentype/?tab=techSpecs
[2026-09-02T11:07:10Z] #11 attempt=1/2 status=200 0.374s url=https://www.myfonts.com/products/regular-jurexo-tuku-1214311
[2026-09-02T11:07:10Z] #12 attempt=1/2 status=200 0.436s url=https://www.myfonts.com/collections/jurexo-tuku-font-twinletter/
[2026-09-02T11:07:11Z] #13 attempt=1/2 status=200 0.407s url=https://www.myfonts.com/collections/jurexo-tuku-font-twinletter/?tab=techSpecs
[2026-09-02T11:07:12Z] #14 attempt=1/2 status=200 0.445s url=https://www.myfonts.com/products/old-world-ink-italic-old-world-ink-1214375
[2026-09-02T11:07:13Z] #15 attempt=1/2 status=200 0.386s url=https://www.myfonts.com/collections/old-world-ink-font-eryn-rose-design/
[2026-09-02T11:07:13Z] #16 attempt=1/2 status=200 0.406s url=https://www.myfonts.com/collections/old-world-ink-font-eryn-rose-design/?tab=techSpecs
[2026-09-02T11:07:14Z] #17 attempt=1/2 status=200 0.424s url=https://www.myfonts.com/products/regular-goofy-thick-1214376
[2026-09-02T11:07:15Z] #18 attempt=1/2 status=200 0.451s url=https://www.myfonts.com/collections/goofy-thick-font-sronstudio/
[2026-09-02T11:07:16Z] #19 attempt=1/2 status=200 0.432s url=https://www.myfonts.com/collections/goofy-thick-font-sronstudio/?tab=techSpecs
[2026-09-02T11:07:16Z] #20 attempt=1/2 status=200 0.362s url=https://www.myfonts.com/products/regular-gekor-spokat-1214370
[2026-09-02T11:07:17Z] #21 attempt=1/2 status=200 0.373s url=https://www.myfonts.com/collections/gekor-spokat-font-trabas-kriya/
[2026-09-02T11:07:18Z] #22 attempt=1/2 status=200 0.427s url=https://www.myfonts.com/collections/gekor-spokat-font-trabas-kriya/?tab=techSpecs
[2026-09-02T11:07:19Z] #23 attempt=1/2 status=200 0.366s url=https://www.myfonts.com/products/regular-metro-marker-1214253
[2026-09-02T11:07:19Z] #24 attempt=1/2 status=200 0.439s url=https://www.myfonts.com/collections/metro-marker-font-gassstype/
[2026-09-02T11:07:20Z] #25 attempt=1/2 status=200 0.365s url=https://www.myfonts.com/collections/metro-marker-font-gassstype/?tab=techSpecs
[2026-09-02T11:07:21Z] #26 attempt=1/2 status=200 0.400s url=https://www.myfonts.com/products/regular-sthayos-1214266
[2026-09-02T11:07:21Z] #27 attempt=1/2 status=200 0.439s url=https://www.myfonts.com/collections/sthayos-font-yumnacreative/
[2026-09-02T11:07:22Z] #28 attempt=1/2 status=200 0.265s url=https://www.myfonts.com/collections/sthayos-font-yumnacreative/?tab=techSpecs
[2026-09-02T11:07:23Z] #29 attempt=1/2 status=200 0.410s url=https://www.myfonts.com/products/regular-eldoria-maison-1214525
[2026-09-02T11:07:24Z] #30 attempt=1/2 status=200 0.451s url=https://www.myfonts.com/collections/eldoria-maison-font-letterhend/
[2026-09-02T11:07:24Z] #31 attempt=1/2 status=200 0.287s url=https://www.myfonts.com/collections/eldoria-maison-font-letterhend/?tab=techSpecs
[2026-09-02T11:07:25Z] #32 attempt=1/2 status=200 0.370s url=https://www.myfonts.com/products/regular-hbt-897-1214252
[2026-09-02T11:07:26Z] #33 attempt=1/2 status=200 0.418s url=https://www.myfonts.com/collections/hbt-897-font-nian-keun-studio/
[2026-09-02T11:07:27Z] #34 attempt=1/2 status=200 0.276s url=https://www.myfonts.com/collections/hbt-897-font-nian-keun-studio/?tab=techSpecs
[2026-09-02T11:07:28Z] #35 attempt=1/2 status=200 0.439s url=https://www.myfonts.com/products/regular-ghost-grim-1214250
[2026-09-02T11:07:28Z] #36 attempt=1/2 status=200 0.449s url=https://www.myfonts.com/collections/ghost-grim-font-mvmet/
[2026-09-02T11:07:29Z] #37 attempt=1/2 status=200 0.294s url=https://www.myfonts.com/collections/ghost-grim-font-mvmet/?tab=techSpecs
[2026-09-02T11:07:30Z] #38 attempt=1/2 status=200 0.451s url=https://www.myfonts.com/products/golden-tomorrow-complete-family-package-1213121
[2026-09-02T11:07:31Z] #39 attempt=1/2 status=200 0.477s url=https://www.myfonts.com/collections/golden-tomorrow-font-letterena-studios/
[2026-09-02T11:07:31Z] #40 attempt=1/2 status=200 0.297s url=https://www.myfonts.com/collections/golden-tomorrow-font-letterena-studios/?tab=techSpecs
[2026-09-02T11:07:32Z] #41 attempt=1/2 status=200 0.443s url=https://www.myfonts.com/products/enogi-complete-family-package-1214178
[2026-09-02T11:07:33Z] #42 attempt=1/2 status=200 0.500s url=https://www.myfonts.com/collections/enogi-font-sensatype-studio/
[2026-09-02T11:07:34Z] #43 attempt=1/2 status=200 0.551s url=https://www.myfonts.com/collections/enogi-font-sensatype-studio/?tab=techSpecs
[2026-09-02T11:07:35Z] #44 attempt=1/2 status=200 0.522s url=https://www.myfonts.com/products/neurath-x-mono-complete-family-package-1212672
[2026-09-02T11:07:36Z] #45 attempt=1/2 status=200 0.755s url=https://www.myfonts.com/collections/neurath-x-mono-font-rene-bieder/
[2026-09-02T11:07:37Z] #46 attempt=1/2 status=200 0.814s url=https://www.myfonts.com/collections/neurath-x-mono-font-rene-bieder/?tab=techSpecs
[2026-09-02T11:07:39Z] #47 attempt=1/2 status=200 0.432s url=https://www.myfonts.com/products/limit-frwy-variable-concept-complete-family-package-1212897
[2026-09-02T11:07:39Z] #48 attempt=1/2 status=200 0.542s url=https://www.myfonts.com/collections/limit-frwy-variable-concept-font-bold-guys/
[2026-09-02T11:07:40Z] #49 attempt=1/2 status=200 0.301s url=https://www.myfonts.com/collections/limit-frwy-variable-concept-font-bold-guys/?tab=techSpecs
[2026-09-02T11:07:41Z] #50 attempt=1/2 status=200 0.410s url=https://www.myfonts.com/products/fendora-complete-family-package-1214110
[2026-09-02T11:07:42Z] #51 attempt=1/2 status=200 0.501s url=https://www.myfonts.com/collections/fendora-font-asbill-studio/
[2026-09-02T11:07:43Z] #52 attempt=1/2 status=200 0.552s url=https://www.myfonts.com/collections/fendora-font-asbill-studio/?tab=techSpecs
[2026-09-02T11:07:45Z] #53 attempt=1/2 status=200 1.493s url=https://www.myfonts.com/products/k73-droms-star-package-1213481
[2026-09-02T11:07:48Z] #54 attempt=1/2 status=200 3.099s url=https://www.myfonts.com/collections/k73-droms-font-k73-type-foundry/
[2026-09-02T11:07:50Z] #55 attempt=1/2 status=200 0.602s url=https://www.myfonts.com/collections/k73-droms-font-k73-type-foundry/?tab=techSpecs
[2026-09-02T11:07:53Z] #56 attempt=1/2 status=200 2.295s url=https://www.myfonts.com/products/soft-package-1214060
[2026-09-02T11:07:57Z] #57 attempt=1/2 status=200 3.764s url=https://www.myfonts.com/collections/seghan-elegant-font-rotterlab-studio/
[2026-09-02T11:08:01Z] #58 attempt=1/2 status=200 3.164s url=https://www.myfonts.com/collections/seghan-elegant-font-rotterlab-studio/?tab=techSpecs
[2026-09-02T11:08:03Z] #59 attempt=1/2 status=200 0.798s url=https://www.myfonts.com/products/voyager-mono-rounded-complete-family-package-1213217
[2026-09-02T11:08:05Z] #60 attempt=1/2 status=200 0.983s url=https://www.myfonts.com/collections/voyager-mono-rounded-font-anton-kokoshka/
[2026-09-02T11:08:05Z] #61 attempt=1/2 status=200 0.397s url=https://www.myfonts.com/collections/voyager-mono-rounded-font-anton-kokoshka/?tab=techSpecs
[2026-09-02T11:08:07Z] #62 attempt=1/2 status=200 0.493s url=https://www.myfonts.com/products/sunday-richmark-complete-family-package-1213107
[2026-09-02T11:08:08Z] #63 attempt=1/2 status=200 0.568s url=https://www.myfonts.com/collections/sunday-richmark-font-din-studio/
[2026-09-02T11:08:08Z] #64 attempt=1/2 status=200 0.306s url=https://www.myfonts.com/collections/sunday-richmark-font-din-studio/?tab=techSpecs
[2026-09-02T11:08:09Z] #65 attempt=1/2 status=200 0.433s url=https://www.myfonts.com/products/zia-eachmont-complete-family-package-1214114
[2026-09-02T11:08:10Z] #66 attempt=1/2 status=200 0.468s url=https://www.myfonts.com/collections/zia-eachmont-font-zia-creative-studio/
[2026-09-02T11:08:11Z] #67 attempt=1/2 status=200 0.502s url=https://www.myfonts.com/collections/zia-eachmont-font-zia-creative-studio/?tab=techSpecs
[2026-09-02T11:08:12Z] #68 attempt=1/2 status=200 0.402s url=https://www.myfonts.com/products/folare-complete-family-package-1214071
[2026-09-02T11:08:13Z] #69 attempt=1/2 status=200 0.520s url=https://www.myfonts.com/collections/folare-font-vermilione/
[2026-09-02T11:08:13Z] #70 attempt=1/2 status=200 0.462s url=https://www.myfonts.com/collections/folare-font-vermilione/?tab=techSpecs
[2026-09-02T11:08:15Z] #71 attempt=1/2 status=200 0.436s url=https://www.myfonts.com/products/saktere-complete-family-package-1213045
[2026-09-02T11:08:15Z] #72 attempt=1/2 status=200 0.475s url=https://www.myfonts.com/collections/saktere-font-burntilldead/
[2026-09-02T11:08:16Z] #73 attempt=1/2 status=200 0.274s url=https://www.myfonts.com/collections/saktere-font-burntilldead/?tab=techSpecs
[2026-09-02T11:08:17Z] #74 attempt=1/2 status=200 0.404s url=https://www.myfonts.com/products/limit-variable-concept-full-complete-family-package-1212880
[2026-09-02T11:08:18Z] #75 attempt=1/2 status=200 0.526s url=https://www.myfonts.com/collections/limit-variable-concept-full-font-bold-guys/
[2026-09-02T11:08:19Z] #76 attempt=1/2 status=200 0.524s url=https://www.myfonts.com/collections/limit-variable-concept-full-font-bold-guys/?tab=techSpecs
[2026-09-02T11:08:20Z] #77 attempt=1/2 status=200 0.405s url=https://www.myfonts.com/products/fazero-complete-family-package-1214107
[2026-09-02T11:08:20Z] #78 attempt=1/2 status=200 0.442s url=https://www.myfonts.com/collections/fazero-font-font-liner/
[2026-09-02T11:08:21Z] #79 attempt=1/2 status=200 0.286s url=https://www.myfonts.com/collections/fazero-font-font-liner/?tab=techSpecs
[2026-09-02T11:08:22Z] #80 attempt=1/2 status=200 0.519s url=https://www.myfonts.com/products/prixma-sans-italic-package-1213154
[2026-09-02T11:08:23Z] #81 attempt=1/2 status=200 0.641s url=https://www.myfonts.com/collections/prixma-sans-font-defharo/
[2026-09-02T11:08:24Z] #82 attempt=1/2 status=200 0.624s url=https://www.myfonts.com/collections/prixma-sans-font-defharo/?tab=techSpecs
[2026-09-02T11:08:25Z] #83 attempt=1/2 status=200 0.520s url=https://www.myfonts.com/products/atelion-complete-family-package-1214156
[2026-09-02T11:08:26Z] #84 attempt=1/2 status=200 0.726s url=https://www.myfonts.com/collections/atelion-font-jafar07/
[2026-09-02T11:08:27Z] #85 attempt=1/2 status=200 0.319s url=https://www.myfonts.com/collections/atelion-font-jafar07/?tab=techSpecs
[2026-09-02T11:08:28Z] #86 attempt=1/2 status=200 0.412s url=https://www.myfonts.com/products/garned-complete-family-package-1213827
[2026-09-02T11:08:29Z] #87 attempt=1/2 status=200 0.454s url=https://www.myfonts.com/collections/garned-font-typebae/
[2026-09-02T11:08:30Z] #88 attempt=1/2 status=200 0.554s url=https://www.myfonts.com/collections/garned-font-typebae/?tab=techSpecs
[2026-09-02T11:08:31Z] #89 attempt=1/2 status=200 1.042s url=https://www.myfonts.com/products/gracilly-complete-family-package-1213664
[2026-09-02T11:08:34Z] #90 attempt=1/2 status=200 2.303s url=https://www.myfonts.com/collections/gracilly-font-existype/
[2026-09-02T11:08:36Z] #91 attempt=1/2 status=200 1.988s url=https://www.myfonts.com/collections/gracilly-font-existype/?tab=techSpecs
[2026-09-02T11:08:38Z] #92 attempt=1/2 status=200 0.400s url=https://www.myfonts.com/products/aslangie-complete-family-package-1213126
[2026-09-02T11:08:39Z] #93 attempt=1/2 status=200 0.541s url=https://www.myfonts.com/collections/aslangie-font-typeclassheroes/
[2026-09-02T11:08:39Z] #94 attempt=1/2 status=200 0.479s url=https://www.myfonts.com/collections/aslangie-font-typeclassheroes/?tab=techSpecs
[2026-09-02T11:08:41Z] #95 attempt=1/2 status=200 0.423s url=https://www.myfonts.com/products/malley-jacklist-complete-family-package-1213171
[2026-09-02T11:08:41Z] #96 attempt=1/2 status=200 0.747s url=https://www.myfonts.com/collections/malley-jacklist-font-maulana-creative/
[2026-09-02T11:08:42Z] #97 attempt=1/2 status=200 0.531s url=https://www.myfonts.com/collections/malley-jacklist-font-maulana-creative/?tab=techSpecs
[2026-09-02T11:08:44Z] #98 attempt=1/2 status=200 1.327s url=https://www.myfonts.com/products/serfio-complete-family-package-1213479
[2026-09-02T11:08:47Z] #99 attempt=1/2 status=200 2.332s url=https://www.myfonts.com/collections/serfio-font-dorado-foundry/
[2026-09-02T11:08:50Z] #100 attempt=1/2 status=200 2.146s url=https://www.myfonts.com/collections/serfio-font-dorado-foundry/?tab=techSpecs
[2026-09-02T11:08:51Z] #101 attempt=1/2 status=200 0.504s url=https://www.myfonts.com/products/mildson-complete-family-package-1214144
[2026-09-02T11:08:52Z] #102 attempt=1/2 status=200 0.508s url=https://www.myfonts.com/collections/mildson-font-blankids/
[2026-09-02T11:08:53Z] #103 attempt=1/2 status=200 0.290s url=https://www.myfonts.com/collections/mildson-font-blankids/?tab=techSpecs
[2026-09-02T11:08:54Z] #104 attempt=1/2 status=200 0.949s url=https://www.myfonts.com/products/sweet-fruity-complete-family-package-1213104
[2026-09-02T11:08:55Z] #105 attempt=1/2 status=200 0.462s url=https://www.myfonts.com/collections/sweet-fruity-font-letterena-studios/
[2026-09-02T11:08:56Z] #106 attempt=1/2 status=200 0.358s url=https://www.myfonts.com/collections/sweet-fruity-font-letterena-studios/?tab=techSpecs
[2026-09-02T11:08:57Z] #107 attempt=1/2 status=200 0.434s url=https://www.myfonts.com/products/limit-file-variable-concept-complete-family-package-1212901
[2026-09-02T11:08:58Z] #108 attempt=1/2 status=200 0.831s url=https://www.myfonts.com/collections/limit-file-variable-concept-font-bold-guys/
[2026-09-02T11:08:59Z] #109 attempt=1/2 status=200 0.376s url=https://www.myfonts.com/collections/limit-file-variable-concept-font-bold-guys/?tab=techSpecs
[2026-09-02T11:09:00Z] #110 attempt=1/2 status=200 0.481s url=https://www.myfonts.com/products/unexpected-typewriter-complete-family-package-1214137
[2026-09-02T11:09:00Z] #111 attempt=1/2 status=200 0.510s url=https://www.myfonts.com/collections/unexpected-typewriter-font-ana-s-fonts/
[2026-09-02T11:09:01Z] #112 attempt=1/2 status=200 0.583s url=https://www.myfonts.com/collections/unexpected-typewriter-font-ana-s-fonts/?tab=techSpecs
[2026-09-02T11:09:02Z] #113 attempt=1/2 status=200 0.413s url=https://www.myfonts.com/products/velantia-complete-family-package-1214058
[2026-09-02T11:09:03Z] #114 attempt=1/2 status=200 0.539s url=https://www.myfonts.com/collections/velantia-font-nexaline-type/
[2026-09-02T11:09:04Z] #115 attempt=1/2 status=200 0.497s url=https://www.myfonts.com/collections/velantia-font-nexaline-type/?tab=techSpecs
[2026-09-02T11:09:05Z] #116 attempt=1/2 status=200 0.534s url=https://www.myfonts.com/products/neurath-x-complete-family-package-1212653
[2026-09-02T11:09:06Z] #117 attempt=1/2 status=200 0.774s url=https://www.myfonts.com/collections/neurath-x-font-rene-bieder/
[2026-09-02T11:09:07Z] #118 attempt=1/2 status=200 0.725s url=https://www.myfonts.com/collections/neurath-x-font-rene-bieder/?tab=techSpecs
[2026-09-02T11:09:09Z] #119 attempt=1/2 status=200 0.525s url=https://www.myfonts.com/products/chigora-display-complete-family-package-1213190
[2026-09-02T11:09:10Z] #120 attempt=1/2 status=200 0.663s url=https://www.myfonts.com/collections/chigora-display-font-romie-creative/
[2026-09-02T11:09:10Z] #121 attempt=1/2 status=200 0.657s url=https://www.myfonts.com/collections/chigora-display-font-romie-creative/?tab=techSpecs
[2026-09-02T11:09:12Z] #122 attempt=1/2 status=200 0.534s url=https://www.myfonts.com/products/ot-ravelin-complete-family-package-1214087
[2026-09-02T11:09:13Z] #123 attempt=1/2 status=200 0.667s url=https://www.myfonts.com/collections/ot-ravelin-font-oz-design/
[2026-09-02T11:09:13Z] #124 attempt=1/2 status=200 0.274s url=https://www.myfonts.com/collections/ot-ravelin-font-oz-design/?tab=techSpecs
[2026-09-02T11:09:15Z] #125 attempt=1/2 status=200 0.480s url=https://www.myfonts.com/products/nisaya-script-complete-family-package-1213175
[2026-09-02T11:09:15Z] #126 attempt=1/2 status=200 0.413s url=https://www.myfonts.com/collections/nisaya-script-font-kalam/
[2026-09-02T11:09:16Z] #127 attempt=1/2 status=200 0.516s url=https://www.myfonts.com/collections/nisaya-script-font-kalam/?tab=techSpecs
[2026-09-02T11:09:17Z] #128 attempt=1/2 status=200 0.497s url=https://www.myfonts.com/products/murisa-temiz-complete-family-package-1214148
[2026-09-02T11:09:18Z] #129 attempt=1/2 status=200 0.440s url=https://www.myfonts.com/collections/murisa-temiz-font-murisa-studio/
[2026-09-02T11:09:18Z] #130 attempt=1/2 status=200 0.263s url=https://www.myfonts.com/collections/murisa-temiz-font-murisa-studio/?tab=techSpecs
[2026-09-02T11:09:20Z] #131 attempt=1/2 status=200 0.425s url=https://www.myfonts.com/products/chunky-moots-complete-family-package-1213506
[2026-09-02T11:09:20Z] #132 attempt=1/2 status=200 0.578s url=https://www.myfonts.com/collections/chunky-moots-font-font-liner/
[2026-09-02T11:09:22Z] #133 attempt=1/2 status=200 0.825s url=https://www.myfonts.com/collections/chunky-moots-font-font-liner/?tab=techSpecs
[2026-09-02T11:09:23Z] #134 attempt=1/2 status=200 0.432s url=https://www.myfonts.com/products/frandy-complete-family-package-1213002
[2026-09-02T11:09:23Z] #135 attempt=1/2 status=200 0.486s url=https://www.myfonts.com/collections/frandy-font-maulana-creative/
[2026-09-02T11:09:24Z] #136 attempt=1/2 status=200 0.581s url=https://www.myfonts.com/collections/frandy-font-maulana-creative/?tab=techSpecs
[2026-09-02T11:09:25Z] #137 attempt=1/2 status=200 0.384s url=https://www.myfonts.com/products/aqubeli-display-complete-family-package-1213134
[2026-09-02T11:09:26Z] #138 attempt=1/2 status=200 0.474s url=https://www.myfonts.com/collections/aqubeli-display-font-kalam/
[2026-09-02T11:09:27Z] #139 attempt=1/2 status=200 0.314s url=https://www.myfonts.com/collections/aqubeli-display-font-kalam/?tab=techSpecs
[2026-09-02T11:09:28Z] #140 attempt=1/2 status=200 0.415s url=https://www.myfonts.com/products/monteba-complete-family-package-1214062
[2026-09-02T11:09:29Z] #141 attempt=1/2 status=200 0.476s url=https://www.myfonts.com/collections/monteba-font-vermilione/
[2026-09-02T11:09:29Z] #142 attempt=1/2 status=200 0.320s url=https://www.myfonts.com/collections/monteba-font-vermilione/?tab=techSpecs
[2026-09-02T11:09:30Z] #143 attempt=1/2 status=200 0.430s url=https://www.myfonts.com/products/limit-micro-variable-concept-complete-family-package-1212893
[2026-09-02T11:09:31Z] #144 attempt=1/2 status=200 0.584s url=https://www.myfonts.com/collections/limit-micro-variable-concept-font-bold-guys/
[2026-09-02T11:09:32Z] #145 attempt=1/2 status=200 0.498s url=https://www.myfonts.com/collections/limit-micro-variable-concept-font-bold-guys/?tab=techSpecs
[2026-09-02T11:09:33Z] #146 attempt=1/2 status=200 0.459s url=https://www.myfonts.com/products/simply-addiction-complete-family-package-1213209
[2026-09-02T11:09:34Z] #147 attempt=1/2 status=200 0.526s url=https://www.myfonts.com/collections/simply-addiction-font-tini-fitriani/
[2026-09-02T11:09:35Z] #148 attempt=1/2 status=200 0.529s url=https://www.myfonts.com/collections/simply-addiction-font-tini-fitriani/?tab=techSpecs
[2026-09-02T11:09:36Z] #149 attempt=1/2 status=200 0.505s url=https://www.myfonts.com/products/munchy-complete-family-package-1213041
[2026-09-02T11:09:37Z] #150 attempt=1/2 status=200 0.518s url=https://www.myfonts.com/collections/munchy-font-steptype/
[2026-09-02T11:09:38Z] #151 attempt=1/2 status=200 0.535s url=https://www.myfonts.com/collections/munchy-font-steptype/?tab=techSpecs
[2026-09-02T11:09:38Z] #152 attempt=1/2 status=429 0.049s url=https://www.myfonts.com/products/mystical-horror-collection-complete-family-package-1213165
[2026-09-02T11:09:38Z] first_429 req=152 url=https://www.myfonts.com/products/mystical-horror-collection-complete-family-package-1213165
[2026-09-02T11:09:41Z] #153 attempt=2/2 status=200 0.557s url=https://www.myfonts.com/products/mystical-horror-collection-complete-family-package-1213165
[2026-09-02T11:09:42Z] #154 attempt=1/2 status=200 0.529s url=https://www.myfonts.com/collections/mystical-horror-collection-font-ahweproject/
[2026-09-02T11:09:43Z] #155 attempt=1/2 status=200 0.418s url=https://www.myfonts.com/products/mltp-rustiga-rose-complete-family-package-1214151
[2026-09-02T11:09:43Z] #156 attempt=1/2 status=200 0.438s url=https://www.myfonts.com/collections/mltp-rustiga-rose-font-multype-studio/
[2026-09-02T11:09:44Z] #157 attempt=1/2 status=200 0.413s url=https://www.myfonts.com/products/mix-accomplice-complete-family-package-1213793
[2026-09-02T11:09:45Z] #158 attempt=1/2 status=200 0.520s url=https://www.myfonts.com/collections/mix-accomplice-font-mix-fonts/
[2026-09-02T11:09:45Z] #159 attempt=1/2 status=429 0.043s url=https://www.myfonts.com/products/lunadeo-complete-family-package-1213185
[2026-09-02T11:09:48Z] #160 attempt=2/2 status=200 0.463s url=https://www.myfonts.com/products/lunadeo-complete-family-package-1213185
[2026-09-02T11:09:48Z] #161 attempt=1/2 status=200 0.573s url=https://www.myfonts.com/collections/lunadeo-font-omur-ozgur/
[2026-09-02T11:09:49Z] #162 attempt=1/2 status=200 0.530s url=https://www.myfonts.com/products/rigid-core-pro-complete-family-package-1214117
[2026-09-02T11:09:50Z] #163 attempt=1/2 status=200 0.657s url=https://www.myfonts.com/collections/rigid-core-pro-font-gleb-guralnyk/
[2026-09-02T11:09:51Z] #164 attempt=1/2 status=200 0.422s url=https://www.myfonts.com/products/handory-complete-family-package-1214092
[2026-09-02T11:09:52Z] #165 attempt=1/2 status=200 0.526s url=https://www.myfonts.com/collections/handory-font-asbill-studio/
[2026-09-02T11:09:52Z] #166 attempt=1/2 status=200 0.391s url=https://www.myfonts.com/products/hueso-bone-complete-family-package-1213116
[2026-09-02T11:09:52Z] #167 attempt=1/2 status=429 0.045s url=https://www.myfonts.com/collections/hueso-bone-font-denustudio/
[2026-09-02T11:09:55Z] #168 attempt=2/2 status=200 0.660s url=https://www.myfonts.com/collections/hueso-bone-font-denustudio/
[2026-09-02T11:09:56Z] #169 attempt=1/2 status=200 0.488s url=https://www.myfonts.com/products/novaret-complete-family-package-1214075
[2026-09-02T11:09:57Z] #170 attempt=1/2 status=200 0.644s url=https://www.myfonts.com/collections/novaret-font-qiubare-studio/
[2026-09-02T11:09:58Z] #171 attempt=1/2 status=200 0.707s url=https://www.myfonts.com/products/merry-sunday-complete-family-package-1213181
[2026-09-02T11:09:59Z] #172 attempt=1/2 status=200 0.521s url=https://www.myfonts.com/collections/merry-sunday-font-cocodesign/
[2026-09-02T11:10:00Z] #173 attempt=1/2 status=200 0.896s url=https://www.myfonts.com/products/veltrix-complete-family-package-1213049
[2026-09-02T11:10:00Z] #174 attempt=1/2 status=429 0.060s url=https://www.myfonts.com/collections/veltrix-font-dora-typefoundry/
[2026-09-02T11:10:03Z] #175 attempt=2/2 status=200 1.091s url=https://www.myfonts.com/collections/veltrix-font-dora-typefoundry/
[2026-09-02T11:10:04Z] #176 attempt=1/2 status=200 0.485s url=https://www.myfonts.com/products/ertea-august-complete-family-package-1213178
[2026-09-02T11:10:05Z] #177 attempt=1/2 status=200 0.440s url=https://www.myfonts.com/collections/ertea-august-font-kalam/
[2026-09-02T11:10:06Z] #178 attempt=1/2 status=200 0.416s url=https://www.myfonts.com/products/dreamy-romance-complete-family-package-1213155
[2026-09-02T11:10:06Z] #179 attempt=1/2 status=200 0.595s url=https://www.myfonts.com/collections/dreamy-romance-font-letterhend/
[2026-09-02T11:10:07Z] #180 attempt=1/2 status=200 0.592s url=https://www.myfonts.com/products/settledown-complete-family-package-1213262
[2026-09-02T11:10:08Z] #181 attempt=1/2 status=200 0.413s url=https://www.myfonts.com/products/limit-display-variable-concept-complete-family-package-1212885
[2026-09-02T11:10:09Z] #182 attempt=1/2 status=200 0.676s url=https://www.myfonts.com/collections/limit-display-variable-concept-font-bold-guys/
[2026-09-02T11:10:10Z] #183 attempt=1/2 status=200 0.424s url=https://www.myfonts.com/products/valerius-blackletter-complete-family-package-1214068
[2026-09-02T11:10:10Z] #184 attempt=1/2 status=200 0.674s url=https://www.myfonts.com/collections/valerius-blackletter-font-kaer/
[2026-09-02T11:10:12Z] #185 attempt=1/2 status=200 0.834s url=https://www.myfonts.com/products/typo-6160-complete-family-package-1213213
[2026-09-02T11:10:12Z] #186 attempt=1/2 status=200 0.511s url=https://www.myfonts.com/collections/typo-6160-font-tension-type/
[2026-09-02T11:10:13Z] #187 attempt=1/2 status=200 0.468s url=https://www.myfonts.com/products/fankey-complete-family-package-1213037
[2026-09-02T11:10:13Z] #188 attempt=1/2 status=429 0.045s url=https://www.myfonts.com/collections/fankey-font-flavortype/
[2026-09-02T11:10:16Z] #189 attempt=2/2 status=200 0.698s url=https://www.myfonts.com/collections/fankey-font-flavortype/
[2026-09-02T11:10:17Z] #190 attempt=1/2 status=200 0.439s url=https://www.myfonts.com/products/limit-text-variable-concept-complete-family-package-1212889
[2026-09-02T11:10:18Z] #191 attempt=1/2 status=200 0.561s url=https://www.myfonts.com/collections/limit-text-variable-concept-font-bold-guys/
[2026-09-02T11:10:18Z] #192 attempt=1/2 status=200 0.461s url=https://www.myfonts.com/products/tiree-complete-family-package-1214131
[2026-09-02T11:10:20Z] #193 attempt=1/2 status=200 1.021s url=https://www.myfonts.com/collections/tiree-font-braw-type/
[2026-09-02T11:10:21Z] #194 attempt=1/2 status=200 0.999s url=https://www.myfonts.com/products/wostan-complete-family-package-1212935
[2026-09-02T11:10:23Z] #195 attempt=1/2 status=200 1.606s url=https://www.myfonts.com/collections/wostan-font-aqeela-studio/
[2026-09-02T11:10:24Z] #196 attempt=1/2 status=200 0.445s url=https://www.myfonts.com/products/olygan-retro-complete-family-package-1213131
[2026-09-02T11:10:24Z] #197 attempt=1/2 status=200 0.450s url=https://www.myfonts.com/collections/olygan-retro-font-yoga-letter/
[2026-09-02T11:10:25Z] #198 attempt=1/2 status=200 0.401s url=https://www.myfonts.com/products/mewah-complete-family-package-1213137
[2026-09-02T11:10:26Z] #199 attempt=1/2 status=200 0.497s url=https://www.myfonts.com/collections/mewah-font-zaain-type/
[2026-09-02T11:10:27Z] #200 attempt=1/2 status=200 0.462s url=https://www.myfonts.com/products/modern-chic-refined-complete-family-package-1212908
[2026-09-02T11:10:27Z] #201 attempt=1/2 status=200 0.554s url=https://www.myfonts.com/collections/modern-chic-refined-font-maxart/
[2026-09-02T11:10:28Z] #202 attempt=1/2 status=200 0.389s url=https://www.myfonts.com/products/skullwick-complete-family-package-1213161
[2026-09-02T11:10:29Z] #203 attempt=1/2 status=200 0.487s url=https://www.myfonts.com/collections/skullwick-font-illushvara/
[2026-09-02T11:10:29Z] #204 attempt=1/2 status=200 0.428s url=https://www.myfonts.com/products/qerdith-complete-family-package-1213158
[2026-09-02T11:10:30Z] #205 attempt=1/2 status=200 0.864s url=https://www.myfonts.com/collections/qerdith-font-arif-novianto/
[2026-09-02T11:10:31Z] #206 attempt=1/2 status=200 0.419s url=https://www.myfonts.com/products/regular-gradley-1213036
[2026-09-02T11:10:31Z] #207 attempt=1/2 status=429 0.057s url=https://www.myfonts.com/collections/gradley-font-denustudio/
[2026-09-02T11:10:34Z] #208 attempt=2/2 status=200 0.643s url=https://www.myfonts.com/collections/gradley-font-denustudio/
[2026-09-02T11:10:36Z] #209 attempt=1/6 status=200 1.184s url=https://www.myfonts.com/products.json?limit=100&page=2
[2026-09-02T11:10:37Z] #210 attempt=1/2 status=200 0.778s url=https://www.myfonts.com/products/regular-am-geometric-regular-1212934
[2026-09-02T11:10:38Z] #211 attempt=1/2 status=200 0.413s url=https://www.myfonts.com/collections/am-geometric-regular-font-amr-mo-vertex/
[2026-09-02T11:10:38Z] #212 attempt=1/2 status=200 0.397s url=https://www.myfonts.com/products/regular-dystopian-system-1214057
[2026-09-02T11:10:39Z] #213 attempt=1/2 status=200 0.437s url=https://www.myfonts.com/collections/dystopian-system-font-gassstype/
[2026-09-02T11:10:40Z] #214 attempt=1/2 status=200 0.497s url=https://www.myfonts.com/products/regular-aribelle-1213129
[2026-09-02T11:10:40Z] #215 attempt=1/2 status=200 0.366s url=https://www.myfonts.com/collections/aribelle-font-letterhanna-studio/
[2026-09-02T11:10:41Z] #216 attempt=1/2 status=200 0.429s url=https://www.myfonts.com/products/regular-brashkick-1214143
[2026-09-02T11:10:42Z] #217 attempt=1/2 status=200 0.463s url=https://www.myfonts.com/collections/brashkick-font-letterhanna-studio/
[2026-09-02T11:10:43Z] #218 attempt=1/2 status=200 0.699s url=https://www.myfonts.com/products/reguler-seraphiq-1214086
[2026-09-02T11:10:43Z] #219 attempt=1/2 status=200 0.533s url=https://www.myfonts.com/collections/seraphiq-font-asbill-studio/
[2026-09-02T11:10:44Z] #220 attempt=1/2 status=200 0.412s url=https://www.myfonts.com/products/regular-basecutter-1214142
[2026-09-02T11:10:44Z] #221 attempt=1/2 status=429 0.051s url=https://www.myfonts.com/collections/basecutter-font-cassette-type/
[2026-09-02T11:10:47Z] #222 attempt=2/2 status=200 0.446s url=https://www.myfonts.com/collections/basecutter-font-cassette-type/
[2026-09-02T11:10:48Z] #223 attempt=1/6 status=200 0.883s url=https://www.myfonts.com/products.json?limit=100&page=3
[2026-09-02T11:10:50Z] #224 attempt=1/6 status=200 1.193s url=https://www.myfonts.com/products.json?limit=100&page=4
[2026-09-02T11:10:51Z] #225 attempt=1/2 status=200 0.451s url=https://www.myfonts.com/products/bold-oresta-1213044
[2026-09-02T11:10:52Z] #226 attempt=1/2 status=200 0.472s url=https://www.myfonts.com/collections/oresta-font-limitype/
[2026-09-02T11:10:53Z] #227 attempt=1/6 status=200 0.984s url=https://www.myfonts.com/products.json?limit=100&page=5
[2026-09-02T11:10:54Z] #228 attempt=1/2 status=200 0.466s url=https://www.myfonts.com/products/regular-rough-runners-1214175
[2026-09-02T11:10:55Z] #229 attempt=1/2 status=200 0.708s url=https://www.myfonts.com/collections/rough-runners-font-gassstype/
[2026-09-02T11:10:55Z] #230 attempt=1/2 status=200 0.394s url=https://www.myfonts.com/products/belajar-nulis-regular-belajar-nulis-1213189
[2026-09-02T11:10:57Z] #231 attempt=1/2 status=200 0.987s url=https://www.myfonts.com/collections/belajar-nulis-font-randy-studio/
[2026-09-02T11:10:57Z] #232 attempt=1/2 status=200 0.428s url=https://www.myfonts.com/products/regular-metroflair-1213873
[2026-09-02T11:10:58Z] #233 attempt=1/2 status=200 0.635s url=https://www.myfonts.com/collections/metroflair-font-gassstype/
[2026-09-02T11:11:00Z] #234 attempt=1/6 status=200 1.478s url=https://www.myfonts.com/products.json?limit=100&page=6
[2026-09-02T11:11:01Z] #235 attempt=1/2 status=200 0.354s url=https://www.myfonts.com/products/uneven-steven-regular-uneven-steven-1213937
[2026-09-02T11:11:01Z] #236 attempt=1/2 status=200 0.469s url=https://www.myfonts.com/collections/uneven-steven-font-eryn-rose-design/
[2026-09-02T11:11:02Z] #237 attempt=1/2 status=200 0.428s url=https://www.myfonts.com/products/regular-amoen-1213130
[2026-09-02T11:11:03Z] #238 attempt=1/2 status=200 0.541s url=https://www.myfonts.com/collections/amoen-font-aiquitype/
[2026-09-02T11:11:04Z] #239 attempt=1/2 status=200 0.395s url=https://www.myfonts.com/products/bold-triver-1214056
[2026-09-02T11:11:04Z] #240 attempt=1/2 status=200 0.420s url=https://www.myfonts.com/collections/triver-font-limitype/
[2026-09-02T11:11:05Z] #241 attempt=1/2 status=200 0.392s url=https://www.myfonts.com/products/regular-valier-1213032
[2026-09-02T11:11:06Z] #242 attempt=1/2 status=200 0.472s url=https://www.myfonts.com/collections/valier-font-graptail/
[2026-09-02T11:11:07Z] #243 attempt=1/6 status=200 0.974s url=https://www.myfonts.com/products.json?limit=100&page=7
[2026-09-02T11:11:09Z] #244 attempt=1/6 status=200 0.964s url=https://www.myfonts.com/products.json?limit=100&page=8
[2026-09-02T11:11:09Z] #245 attempt=1/2 status=200 0.673s url=https://www.myfonts.com/products/regular-sweet-mistake-1214155
[2026-09-02T11:11:10Z] #246 attempt=1/2 status=200 0.755s url=https://www.myfonts.com/collections/sweet-mistake-font-gassstype/
[2026-09-02T11:11:11Z] #247 attempt=1/2 status=200 0.447s url=https://www.myfonts.com/products/regular-creigost-1213174
[2026-09-02T11:11:12Z] #248 attempt=1/2 status=200 0.529s url=https://www.myfonts.com/collections/creigost-font-maulana-creative/
[2026-09-02T11:11:13Z] #249 attempt=1/2 status=200 0.410s url=https://www.myfonts.com/products/regular-gasteroim-1213124
[2026-09-02T11:11:13Z] #250 attempt=1/2 status=200 0.405s url=https://www.myfonts.com/collections/gasteroim-font-maulana-creative/
[2026-09-02T11:11:15Z] #251 attempt=1/6 status=200 1.004s url=https://www.myfonts.com/products.json?limit=100&page=9
[2026-09-02T11:11:15Z] #252 attempt=1/2 status=200 0.373s url=https://www.myfonts.com/products/regular-gladup-1213035
[2026-09-02T11:11:16Z] #253 attempt=1/2 status=200 0.452s url=https://www.myfonts.com/collections/gladup-font-hasnat-studio/
[2026-09-02T11:11:16Z] #254 attempt=1/2 status=429 0.056s url=https://www.myfonts.com/products/regular-calira-1213031
[2026-09-02T11:11:19Z] #255 attempt=2/2 status=200 0.534s url=https://www.myfonts.com/products/regular-calira-1213031
[2026-09-02T11:11:20Z] #256 attempt=1/2 status=200 0.722s url=https://www.myfonts.com/collections/calira-font-graptail/
[2026-09-02T11:11:21Z] #257 attempt=1/2 status=200 0.442s url=https://www.myfonts.com/products/regular-thick-ring-1213048
[2026-09-02T11:11:21Z] #258 attempt=1/2 status=200 0.428s url=https://www.myfonts.com/collections/thick-ring-font-airotype/
[2026-09-02T11:11:22Z] #259 attempt=1/2 status=200 0.430s url=https://www.myfonts.com/products/bellevoire-bellevoire-1213164
[2026-09-02T11:11:22Z] #260 attempt=1/2 status=429 0.051s url=https://www.myfonts.com/collections/bellevoire-font-letterzep-studio/
[2026-09-02T11:11:25Z] #261 attempt=2/2 status=200 0.486s url=https://www.myfonts.com/collections/bellevoire-font-letterzep-studio/
[2026-09-02T11:11:26Z] #262 attempt=1/2 status=200 0.382s url=https://www.myfonts.com/products/madeline-regular-madeline-in-paris-1214136
[2026-09-02T11:11:26Z] #263 attempt=1/2 status=200 0.375s url=https://www.myfonts.com/collections/madeline-in-paris-font-eryn-rose-design/
[2026-09-02T11:11:28Z] #264 attempt=1/6 status=200 0.903s url=https://www.myfonts.com/products.json?limit=100&page=10
[2026-09-02T11:11:28Z] #265 attempt=1/2 status=200 0.379s url=https://www.myfonts.com/products/regular-blukat-1214085
[2026-09-02T11:11:29Z] #266 attempt=1/2 status=200 0.412s url=https://www.myfonts.com/collections/blukat-font-griyotype/
[2026-09-02T11:11:30Z] #267 attempt=1/2 status=200 0.369s url=https://www.myfonts.com/products/regular-vestron-1213040
[2026-09-02T11:11:30Z] #268 attempt=1/2 status=200 0.474s url=https://www.myfonts.com/collections/vestron-font-flawlessandco/
[2026-09-02T11:11:31Z] #269 attempt=1/2 status=200 0.841s url=https://www.myfonts.com/products/regular-gafter-1213033
[2026-09-02T11:11:32Z] #270 attempt=1/2 status=200 0.755s url=https://www.myfonts.com/collections/gafter-font-dareco-studio/
[2026-09-02T11:11:34Z] #271 attempt=1/6 status=200 0.940s url=https://www.myfonts.com/products.json?limit=100&page=11
[2026-09-02T11:11:35Z] #272 attempt=1/2 status=200 0.473s url=https://www.myfonts.com/products/regular-zfbalance-1213216
[2026-09-02T11:11:35Z] #273 attempt=1/2 status=200 0.398s url=https://www.myfonts.com/collections/zfbalance-font-zoofont/
[2026-09-02T11:11:36Z] #274 attempt=1/2 status=200 0.745s url=https://www.myfonts.com/products/regular-paper-cut-1213125
[2026-09-02T11:11:36Z] #275 attempt=1/2 status=429 0.055s url=https://www.myfonts.com/collections/paper-cut-font-jafar07/
[2026-09-02T11:11:39Z] #276 attempt=2/2 status=200 0.500s url=https://www.myfonts.com/collections/paper-cut-font-jafar07/
[2026-09-02T11:11:40Z] #277 attempt=1/2 status=200 0.430s url=https://www.myfonts.com/products/display-kavro-1213279
[2026-09-02T11:11:41Z] #278 attempt=1/2 status=200 0.429s url=https://www.myfonts.com/collections/kavro-font-kavoon/
[2026-09-02T11:11:42Z] #279 attempt=1/2 status=200 0.755s url=https://www.myfonts.com/products/regular-retro-biker-1214177
[2026-09-02T11:11:43Z] #280 attempt=1/2 status=200 0.858s url=https://www.myfonts.com/collections/retro-biker-font-gassstype/
[2026-09-02T11:11:43Z] #281 attempt=1/2 status=200 0.402s url=https://www.myfonts.com/products/regular-restu-ibu-script-1213278
[2026-09-02T11:11:44Z] #282 attempt=1/2 status=200 0.444s url=https://www.myfonts.com/collections/restu-ibu-script-font-kalam/
[2026-09-02T11:11:45Z] #283 attempt=1/6 status=200 0.911s url=https://www.myfonts.com/products.json?limit=100&page=12
[2026-09-02T11:11:46Z] #284 attempt=1/2 status=200 0.481s url=https://www.myfonts.com/products/regular-dalton-john-1214176
[2026-09-02T11:11:46Z] #285 attempt=1/2 status=429 0.054s url=https://www.myfonts.com/collections/dalton-john-font-gassstype/
[2026-09-02T11:11:49Z] #286 attempt=2/2 status=200 0.447s url=https://www.myfonts.com/collections/dalton-john-font-gassstype/
[2026-09-02T11:11:50Z] #287 attempt=1/2 status=200 0.409s url=https://www.myfonts.com/products/regular-streetlight-tags-1214154
[2026-09-02T11:11:50Z] #288 attempt=1/2 status=200 0.490s url=https://www.myfonts.com/collections/streetlight-tags-font-gassstype/
[2026-09-02T11:11:51Z] #289 attempt=1/2 status=200 0.393s url=https://www.myfonts.com/products/regular-didoska-1214181
[2026-09-02T11:11:52Z] #290 attempt=1/2 status=200 0.445s url=https://www.myfonts.com/collections/didoska-font-blankids/
[2026-09-02T11:11:52Z] #291 attempt=1/2 status=200 0.402s url=https://www.myfonts.com/products/regular-siltron-1214182
[2026-09-02T11:11:53Z] #292 attempt=1/2 status=200 0.489s url=https://www.myfonts.com/collections/siltron-font-sensatype-studio/
[2026-09-02T11:11:53Z] #293 attempt=1/2 status=429 0.042s url=https://www.myfonts.com/products/regular-juliet-honey-1213212
[2026-09-02T11:11:56Z] #294 attempt=2/2 status=200 0.500s url=https://www.myfonts.com/products/regular-juliet-honey-1213212
[2026-09-02T11:11:57Z] #295 attempt=1/2 status=200 0.384s url=https://www.myfonts.com/collections/juliet-honey-font-timurtype/
[2026-09-02T11:11:57Z] #296 attempt=1/2 status=200 0.430s url=https://www.myfonts.com/products/regular-criden-1213034
[2026-09-02T11:11:58Z] #297 attempt=1/2 status=200 0.396s url=https://www.myfonts.com/collections/criden-font-lemonthe/
[2026-09-02T11:11:59Z] #298 attempt=1/2 status=200 0.427s url=https://www.myfonts.com/products/regular-sinner-1214074
[2026-09-02T11:11:59Z] #299 attempt=1/2 status=200 0.434s url=https://www.myfonts.com/collections/sinner-font-bimaksara/
[2026-09-02T11:12:00Z] #300 attempt=1/2 status=429 0.054s url=https://www.myfonts.com/products/eska-complete-family-package-1214065
[2026-09-02T11:12:02Z] #301 attempt=2/2 status=200 0.557s url=https://www.myfonts.com/products/eska-complete-family-package-1214065
[2026-09-02T11:12:03Z] #302 attempt=1/2 status=200 0.525s url=https://www.myfonts.com/collections/eska-font-borutta/
[2026-09-02T11:12:05Z] #303 attempt=1/6 status=200 1.019s url=https://www.myfonts.com/products.json?limit=100&page=13
[2026-09-02T11:12:05Z] #304 attempt=1/2 status=200 0.404s url=https://www.myfonts.com/products/saint-austin-complete-family-package-1188521
[2026-09-02T11:12:07Z] #305 attempt=1/2 status=200 0.873s url=https://www.myfonts.com/collections/saint-austin-font-nexaline-type/
[2026-09-02T11:12:07Z] #306 attempt=1/2 status=200 0.541s url=https://www.myfonts.com/products/doodler-complete-family-package-1214183
[2026-09-02T11:12:08Z] #307 attempt=1/2 status=200 0.751s url=https://www.myfonts.com/collections/doodler-font-alpercakici/
[2026-09-02T11:12:09Z] #308 attempt=1/2 status=200 0.414s url=https://www.myfonts.com/products/regular-wengi-1214011
[2026-09-02T11:12:10Z] #309 attempt=1/2 status=200 0.400s url=https://www.myfonts.com/collections/wengi-font-gassstype/
[2026-09-02T11:12:10Z] #310 attempt=1/2 status=200 0.428s url=https://www.myfonts.com/products/regular-quirkoo-1213962
[2026-09-02T11:12:11Z] #311 attempt=1/2 status=200 0.413s url=https://www.myfonts.com/collections/quirkoo-font-letterhanna-studio/
[2026-09-02T11:12:13Z] #312 attempt=1/6 status=200 1.093s url=https://www.myfonts.com/products.json?limit=100&page=14
[2026-09-02T11:12:14Z] #313 attempt=1/2 status=200 0.735s url=https://www.myfonts.com/products/timess-indraprasta-1213482
[2026-09-02T11:12:14Z] #314 attempt=1/2 status=200 0.452s url=https://www.myfonts.com/collections/indraprasta-font-donny-ramadhan/
[2026-09-02T11:12:15Z] #315 attempt=1/2 status=200 0.398s url=https://www.myfonts.com/products/medium-italic-tombola-1212906
[2026-09-02T11:12:15Z] #316 attempt=1/2 status=429 0.046s url=https://www.myfonts.com/collections/tombola-font-rmu/
[2026-09-02T11:12:18Z] #317 attempt=2/2 status=200 0.443s url=https://www.myfonts.com/collections/tombola-font-rmu/
[2026-09-02T11:12:19Z] #318 attempt=1/2 status=200 0.409s url=https://www.myfonts.com/products/viktoria-rmu-regular-rmu-viktoria-1212905
[2026-09-02T11:12:19Z] #319 attempt=1/2 status=200 0.440s url=https://www.myfonts.com/collections/rmu-viktoria-font-rmu/
[2026-09-02T11:12:20Z] #320 attempt=1/2 status=200 0.666s url=https://www.myfonts.com/products/limit-frwy-normal-package-1212738
[2026-09-02T11:12:21Z] #321 attempt=1/2 status=200 0.850s url=https://www.myfonts.com/collections/limit-frwy-font-bold-guys/
[2026-09-02T11:12:22Z] #322 attempt=1/2 status=200 0.375s url=https://www.myfonts.com/products/silken-moment-pro-complete-family-package-1212702
[2026-09-02T11:12:23Z] #323 attempt=1/2 status=200 0.488s url=https://www.myfonts.com/collections/silken-moment-pro-font-hanoded/
[2026-09-02T11:12:23Z] #324 attempt=1/2 status=200 0.440s url=https://www.myfonts.com/products/bunny-chow-pro-complete-family-package-1212699
[2026-09-02T11:12:24Z] #325 attempt=1/2 status=200 0.512s url=https://www.myfonts.com/collections/bunny-chow-pro-font-hanoded/
[2026-09-02T11:12:24Z] #326 attempt=1/2 status=429 0.055s url=https://www.myfonts.com/products/modern-heritage-font-duo-package-1212884
[2026-09-02T11:12:28Z] #327 attempt=2/2 status=200 1.494s url=https://www.myfonts.com/products/modern-heritage-font-duo-package-1212884
[2026-09-02T11:12:29Z] #328 attempt=1/2 status=404 0.379s url=https://www.myfonts.com/collections/modern-heritage-font-duo-font-fontop
[2026-09-02T11:12:30Z] #329 attempt=1/2 status=200 0.950s url=https://www.myfonts.com/products/limit-text-compressed-package-1212872
[2026-09-02T11:12:31Z] #330 attempt=1/2 status=200 1.260s url=https://www.myfonts.com/collections/limit-text-font-bold-guys/
[2026-09-02T11:12:32Z] #331 attempt=1/2 status=200 0.626s url=https://www.myfonts.com/products/limit-micro-normal-package-1212787
[2026-09-02T11:12:34Z] #332 attempt=1/2 status=200 1.480s url=https://www.myfonts.com/collections/limit-micro-font-bold-guys/
[2026-09-02T11:12:36Z] #333 attempt=1/6 status=200 0.820s url=https://www.myfonts.com/products.json?limit=100&page=15
[2026-09-02T11:12:38Z] #334 attempt=1/6 status=200 1.384s url=https://www.myfonts.com/products.json?limit=100&page=16
[2026-09-02T11:12:38Z] #335 attempt=1/2 status=200 0.583s url=https://www.myfonts.com/products/regular-donchenko-serif-479397
[2026-09-02T11:12:39Z] #336 attempt=1/2 status=200 0.715s url=https://www.myfonts.com/collections/donchenko-serif-font-donchenko/
[2026-09-02T11:12:40Z] #337 attempt=1/2 status=200 0.593s url=https://www.myfonts.com/products/charco-complete-family-package-1212697
[2026-09-02T11:12:41Z] #338 attempt=1/2 status=200 0.468s url=https://www.myfonts.com/collections/charco-font-waftype/
[2026-09-02T11:12:42Z] #339 attempt=1/2 status=200 0.755s url=https://www.myfonts.com/products/acherus-standard-vf-package-1212695
[2026-09-02T11:12:43Z] #340 attempt=1/2 status=200 0.969s url=https://www.myfonts.com/collections/acherus-grotesque-font-horizon-type/
[2026-09-02T11:12:44Z] #341 attempt=1/2 status=200 0.715s url=https://www.myfonts.com/products/9extendedmabsam-package-1212649
[2026-09-02T11:12:45Z] #342 attempt=1/2 status=200 0.958s url=https://www.myfonts.com/collections/hs-mabsam-font-hiba-studio/
[2026-09-02T11:12:46Z] #343 attempt=1/2 status=200 0.441s url=https://www.myfonts.com/products/regular-rosbeg-1212691
[2026-09-02T11:12:47Z] #344 attempt=1/2 status=200 0.461s url=https://www.myfonts.com/collections/rosbeg-font-aiquitype/
[2026-09-02T11:12:48Z] #345 attempt=1/2 status=200 0.740s url=https://www.myfonts.com/products/maverse-complete-family-package-1212291
[2026-09-02T11:12:49Z] #346 attempt=1/2 status=200 0.914s url=https://www.myfonts.com/collections/maverse-font-metypeverse/
[2026-09-02T11:12:50Z] #347 attempt=1/2 status=200 0.439s url=https://www.myfonts.com/products/lancero-complete-family-package-1212598
[2026-09-02T11:12:50Z] #348 attempt=1/2 status=200 0.436s url=https://www.myfonts.com/collections/lancero-font-ragamkata/
[2026-09-02T11:12:51Z] #349 attempt=1/2 status=200 0.688s url=https://www.myfonts.com/products/hardren-complete-family-package-1211487
[2026-09-02T11:12:52Z] #350 attempt=1/2 status=200 0.889s url=https://www.myfonts.com/collections/hardren-font-horizon-type/
[2026-09-02T11:12:53Z] #351 attempt=1/2 status=200 0.513s url=https://www.myfonts.com/products/takatokyo-kaku-complete-family-package-1211240
[2026-09-02T11:12:54Z] #352 attempt=1/2 status=200 0.509s url=https://www.myfonts.com/collections/takatokyo-kaku-font-taka-design-production/
[2026-09-02T11:12:55Z] #353 attempt=1/2 status=200 0.438s url=https://www.myfonts.com/products/makovani-complete-family-package-1211798
[2026-09-02T11:12:56Z] #354 attempt=1/2 status=200 0.532s url=https://www.myfonts.com/collections/makovani-font-made-deduk/
[2026-09-02T11:12:56Z] #355 attempt=1/2 status=200 0.472s url=https://www.myfonts.com/products/takaginza-kaku-complete-family-package-1211237
[2026-09-02T11:12:57Z] #356 attempt=1/2 status=200 0.530s url=https://www.myfonts.com/collections/takaginza-kaku-m-font-taka-design-production/
[2026-09-02T11:12:58Z] #357 attempt=1/2 status=200 0.446s url=https://www.myfonts.com/products/grand-major-complete-family-package-1212319
[2026-09-02T11:12:58Z] #358 attempt=1/2 status=200 0.542s url=https://www.myfonts.com/collections/grand-major-font-sensatype-studio/
[2026-09-02T11:12:59Z] #359 attempt=1/2 status=200 0.440s url=https://www.myfonts.com/products/fn-outserif-complete-family-package-1212605
[2026-09-02T11:13:00Z] #360 attempt=1/2 status=200 0.449s url=https://www.myfonts.com/collections/fn-outserif-font-typefoon/
[2026-09-02T11:13:02Z] #361 attempt=1/2 status=200 1.649s url=https://www.myfonts.com/products/avelrune-complete-family-package-1211573
[2026-09-02T11:13:05Z] #362 attempt=1/2 status=200 2.842s url=https://www.myfonts.com/collections/avelrune-font-ajibatype/
[2026-09-02T11:13:06Z] #363 attempt=1/2 status=200 0.522s url=https://www.myfonts.com/products/sx-roomie-complete-family-package-1211493
[2026-09-02T11:13:07Z] #364 attempt=1/2 status=200 0.690s url=https://www.myfonts.com/collections/sx-roomie-font-sixtype-foundry/
[2026-09-02T11:13:10Z] #365 attempt=1/2 status=200 2.329s url=https://www.myfonts.com/products/normal-package-1212604
[2026-09-02T11:13:13Z] #366 attempt=1/2 status=200 3.427s url=https://www.myfonts.com/collections/govelia-font-tm-type/
[2026-09-02T11:13:15Z] #367 attempt=1/2 status=200 0.521s url=https://www.myfonts.com/products/breaffy-complete-family-package-1212103
[2026-09-02T11:13:16Z] #368 attempt=1/2 status=200 0.729s url=https://www.myfonts.com/collections/breaffy-font-designomatt/
[2026-09-02T11:13:17Z] #369 attempt=1/2 status=200 0.449s url=https://www.myfonts.com/products/takayurakucho-kaku-complete-family-package-1211235
[2026-09-02T11:13:17Z] #370 attempt=1/2 status=200 0.519s url=https://www.myfonts.com/collections/takayurakucho-kaku-font-taka-design-production/
[2026-09-02T11:13:18Z] #371 attempt=1/2 status=200 0.897s url=https://www.myfonts.com/products/rascon-complete-family-package-1211867
[2026-09-02T11:13:21Z] #372 attempt=1/2 status=200 1.939s url=https://www.myfonts.com/collections/rascon-font-areatype/
[2026-09-02T11:13:22Z] #373 attempt=1/2 status=200 1.252s url=https://www.myfonts.com/products/dravion-soft-complete-family-package-1211348
[2026-09-02T11:13:25Z] #374 attempt=1/2 status=200 1.913s url=https://www.myfonts.com/collections/dravion-soft-font-keren-studio/
[2026-09-02T11:13:26Z] #375 attempt=1/2 status=200 0.696s url=https://www.myfonts.com/products/toplica-pro-complete-family-package-1211512
[2026-09-02T11:13:27Z] #376 attempt=1/2 status=200 0.728s url=https://www.myfonts.com/collections/toplica-pro-font-jovica-veljovic/
[2026-09-02T11:13:29Z] #377 attempt=1/2 status=200 1.992s url=https://www.myfonts.com/products/novestia-complete-family-package-1211230
[2026-09-02T11:13:33Z] #378 attempt=1/2 status=200 3.276s url=https://www.myfonts.com/collections/novestia-font-nia-typework/
[2026-09-02T11:13:35Z] #379 attempt=1/2 status=200 1.363s url=https://www.myfonts.com/products/helsika-condensed-version-package-1212288
[2026-09-02T11:13:37Z] #380 attempt=1/2 status=200 2.326s url=https://www.myfonts.com/collections/helsika-font-great-studio/
[2026-09-02T11:13:39Z] #381 attempt=1/2 status=200 0.491s url=https://www.myfonts.com/products/baluthi-complete-family-package-1211474
[2026-09-02T11:13:39Z] #382 attempt=1/2 status=200 0.471s url=https://www.myfonts.com/collections/baluthi-font-artisan-themes/
[2026-09-02T11:13:40Z] #383 attempt=1/2 status=200 0.425s url=https://www.myfonts.com/products/almai-complete-family-package-1212650
[2026-09-02T11:13:41Z] #384 attempt=1/2 status=200 0.509s url=https://www.myfonts.com/collections/almai-font-eisa-aleisa/
[2026-09-02T11:13:41Z] #385 attempt=1/2 status=200 0.412s url=https://www.myfonts.com/products/staygrov-complete-family-package-1211343
[2026-09-02T11:13:42Z] #386 attempt=1/2 status=200 0.548s url=https://www.myfonts.com/collections/staygrov-font-jinan-studio/
[2026-09-02T11:13:43Z] #387 attempt=1/2 status=200 0.438s url=https://www.myfonts.com/products/changke-anitsuka-complete-family-package-1211761
[2026-09-02T11:13:44Z] #388 attempt=1/2 status=200 0.470s url=https://www.myfonts.com/collections/changke-anitsuka-font-letterena-studios/
[2026-09-02T11:13:44Z] #389 attempt=1/2 status=200 0.519s url=https://www.myfonts.com/products/boleta-academy-complete-family-package-1211478
[2026-09-02T11:13:45Z] #390 attempt=1/2 status=200 0.459s url=https://www.myfonts.com/collections/boleta-academy-font-kaletre/
[2026-09-02T11:13:46Z] #391 attempt=1/2 status=200 0.479s url=https://www.myfonts.com/products/cronfrom-complete-family-package-1212082
[2026-09-02T11:13:47Z] #392 attempt=1/2 status=200 0.533s url=https://www.myfonts.com/collections/cronfrom-font-maulana-creative/
[2026-09-02T11:13:47Z] #393 attempt=1/2 status=200 0.590s url=https://www.myfonts.com/products/grand-madellin-complete-family-package-1212322
[2026-09-02T11:13:48Z] #394 attempt=1/2 status=200 0.614s url=https://www.myfonts.com/collections/grand-madellin-font-unitype-studio/
[2026-09-02T11:13:50Z] #395 attempt=1/2 status=200 1.277s url=https://www.myfonts.com/products/megiola-complete-family-package-1211207
[2026-09-02T11:13:53Z] #396 attempt=1/2 status=200 2.903s url=https://www.myfonts.com/collections/megiola-font-nia-typework/
[2026-09-02T11:13:54Z] #397 attempt=1/2 status=200 0.468s url=https://www.myfonts.com/products/amoora-complete-family-package-1211290
[2026-09-02T11:13:55Z] #398 attempt=1/2 status=200 0.522s url=https://www.myfonts.com/collections/amoora-font-font-liner/
[2026-09-02T11:13:56Z] #399 attempt=1/2 status=200 0.460s url=https://www.myfonts.com/products/mogrel-complete-family-package-1211294
[2026-09-02T11:13:56Z] #400 attempt=1/2 status=200 0.469s url=https://www.myfonts.com/collections/mogrel-font-vermilione/
[2026-09-02T11:13:57Z] #401 attempt=1/2 status=200 0.499s url=https://www.myfonts.com/products/sonko-complete-family-package-1211776
[2026-09-02T11:13:58Z] #402 attempt=1/2 status=200 0.505s url=https://www.myfonts.com/collections/sonko-font-oka-ayase/
[2026-09-02T11:13:59Z] #403 attempt=1/2 status=200 0.758s url=https://www.myfonts.com/products/mont-complete-family-package-1211206
[2026-09-02T11:14:00Z] #404 attempt=1/2 status=200 0.907s url=https://www.myfonts.com/collections/mont-font-fontfabric/
[2026-09-02T11:14:01Z] #405 attempt=1/2 status=200 0.554s url=https://www.myfonts.com/products/retro-bold-complete-family-package-1211286
[2026-09-02T11:14:02Z] #406 attempt=1/2 status=200 0.615s url=https://www.myfonts.com/collections/retro-bold-font-itc/
[2026-09-02T11:14:02Z] #407 attempt=1/2 status=200 0.432s url=https://www.myfonts.com/products/the-saltwater-society-complete-family-package-1211502
[2026-09-02T11:14:03Z] #408 attempt=1/2 status=200 0.523s url=https://www.myfonts.com/collections/the-saltwater-society-font-medialabco/
[2026-09-02T11:14:04Z] #409 attempt=1/2 status=200 0.432s url=https://www.myfonts.com/products/slugora-complete-family-package-1211787
[2026-09-02T11:14:04Z] #410 attempt=1/2 status=200 0.451s url=https://www.myfonts.com/collections/slugora-font-sixtype-foundry/
[2026-09-02T11:14:05Z] #411 attempt=1/2 status=200 0.483s url=https://www.myfonts.com/products/marvelous-wonder-complete-family-package-1212585
[2026-09-02T11:14:06Z] #412 attempt=1/2 status=200 0.592s url=https://www.myfonts.com/collections/marvelous-wonder-font-unitype-studio/
[2026-09-02T11:14:07Z] #413 attempt=1/2 status=200 0.427s url=https://www.myfonts.com/products/lucent-nocturn-complete-family-package-1212610
[2026-09-02T11:14:07Z] #414 attempt=1/2 status=200 0.491s url=https://www.myfonts.com/collections/lucent-nocturn-font-denustudio/
[2026-09-02T11:14:08Z] #415 attempt=1/2 status=200 0.501s url=https://www.myfonts.com/products/romantic-romance-complete-family-package-1212087
[2026-09-02T11:14:09Z] #416 attempt=1/2 status=200 0.630s url=https://www.myfonts.com/collections/romantic-romance-font-vp-creative-shop/
[2026-09-02T11:14:10Z] #417 attempt=1/2 status=200 0.408s url=https://www.myfonts.com/products/some-full-daily-complete-family-package-1211725
[2026-09-02T11:14:11Z] #418 attempt=1/2 status=200 0.666s url=https://www.myfonts.com/collections/some-full-daily-font-letterena-studios/
[2026-09-02T11:14:11Z] #419 attempt=1/2 status=200 0.443s url=https://www.myfonts.com/products/fn-oddrama-complete-family-package-1212613
[2026-09-02T11:14:12Z] #420 attempt=1/2 status=200 0.409s url=https://www.myfonts.com/collections/fn-oddrama-font-typefoon/
[2026-09-02T11:14:13Z] #421 attempt=1/2 status=200 0.497s url=https://www.myfonts.com/products/falefion-complete-family-package-1211764
[2026-09-02T11:14:14Z] #422 attempt=1/2 status=200 0.672s url=https://www.myfonts.com/collections/falefion-font-madjack-font/
[2026-09-02T11:14:16Z] #423 attempt=1/2 status=200 1.671s url=https://www.myfonts.com/products/extricate-complete-family-package-1211802
[2026-09-02T11:14:20Z] #424 attempt=1/2 status=200 4.062s url=https://www.myfonts.com/collections/extricate-font-eyetype/
[2026-09-02T11:14:21Z] #425 attempt=1/2 status=200 0.548s url=https://www.myfonts.com/products/murisa-agnelli-complete-family-package-1211505
[2026-09-02T11:14:22Z] #426 attempt=1/2 status=200 0.484s url=https://www.myfonts.com/collections/murisa-agnelli-font-murisa-studio/
[2026-09-02T11:14:23Z] #427 attempt=1/6 status=200 0.845s url=https://www.myfonts.com/products.json?limit=100&page=17
[2026-09-02T11:14:24Z] #428 attempt=1/2 status=200 0.831s url=https://www.myfonts.com/products/evertype-complete-family-package-1211347
[2026-09-02T11:14:26Z] #429 attempt=1/2 status=200 1.018s url=https://www.myfonts.com/collections/evertype-font-vp-creative-shop/
[2026-09-02T11:14:26Z] #430 attempt=1/2 status=200 0.460s url=https://www.myfonts.com/products/ralley-empathy-complete-family-package-1211483
[2026-09-02T11:14:27Z] #431 attempt=1/2 status=200 0.476s url=https://www.myfonts.com/collections/ralley-empathy-font-letterena-studios/
[2026-09-02T11:14:28Z] #432 attempt=1/2 status=200 0.414s url=https://www.myfonts.com/products/mltp-tuekila-zeland-complete-family-package-1211508
[2026-09-02T11:14:29Z] #433 attempt=1/2 status=200 0.573s url=https://www.myfonts.com/collections/mltp-tuekila-zeland-font-multype-studio/
[2026-09-02T11:14:30Z] #434 attempt=1/6 status=200 1.117s url=https://www.myfonts.com/products.json?limit=100&page=18
[2026-09-02T11:14:32Z] #435 attempt=1/6 status=200 0.791s url=https://www.myfonts.com/products.json?limit=100&page=19
[2026-09-02T11:14:33Z] #436 attempt=1/6 status=200 0.939s url=https://www.myfonts.com/products.json?limit=100&page=20
[2026-09-02T11:14:34Z] #437 attempt=1/2 status=200 0.357s url=https://www.myfonts.com/products/regular-reglass-1212085
[2026-09-02T11:14:34Z] #438 attempt=1/2 status=200 0.447s url=https://www.myfonts.com/collections/reglass-font-gleb-guralnyk/
[2026-09-02T11:14:36Z] #439 attempt=1/6 status=200 1.033s url=https://www.myfonts.com/products.json?limit=100&page=21
[2026-09-02T11:14:38Z] #440 attempt=1/6 status=200 1.308s url=https://www.myfonts.com/products.json?limit=100&page=22
[2026-09-02T11:14:39Z] #441 attempt=1/6 status=200 1.122s url=https://www.myfonts.com/products.json?limit=100&page=23
[2026-09-02T11:14:40Z] #442 attempt=1/2 status=200 0.357s url=https://www.myfonts.com/products/regular-heiya-1211477
[2026-09-02T11:14:41Z] #443 attempt=1/2 status=200 0.790s url=https://www.myfonts.com/collections/heiya-font-olivetype/
[2026-09-02T11:14:43Z] #444 attempt=1/6 status=200 0.999s url=https://www.myfonts.com/products.json?limit=100&page=24
[2026-09-02T11:14:43Z] #445 attempt=1/2 status=200 0.429s url=https://www.myfonts.com/products/regular-coach-1211435
[2026-09-02T11:14:44Z] #446 attempt=1/2 status=200 0.437s url=https://www.myfonts.com/collections/coach-font-sensatype-studio/
[2026-09-02T11:14:45Z] #447 attempt=1/2 status=200 0.464s url=https://www.myfonts.com/products/regular-biluck-1212086
[2026-09-02T11:14:45Z] #448 attempt=1/2 status=200 0.400s url=https://www.myfonts.com/collections/biluck-font-letternesia-studio/
[2026-09-02T11:14:46Z] #449 attempt=1/2 status=200 0.408s url=https://www.myfonts.com/products/regular-gasto-fadena-1211757
[2026-09-02T11:14:47Z] #450 attempt=1/2 status=200 0.503s url=https://www.myfonts.com/collections/gasto-fadena-font-maulana-creative/
[2026-09-02T11:14:48Z] #451 attempt=1/6 status=200 0.912s url=https://www.myfonts.com/products.json?limit=100&page=25
[2026-09-02T11:14:49Z] #452 attempt=1/2 status=200 0.415s url=https://www.myfonts.com/products/regular-brutally-ursa-1211537
[2026-09-02T11:14:49Z] #453 attempt=1/2 status=200 0.405s url=https://www.myfonts.com/collections/brutally-ursa-font-alit-design/
[2026-09-02T11:14:50Z] #454 attempt=1/2 status=200 0.489s url=https://www.myfonts.com/products/regular-sinnora-delloris-1212317
[2026-09-02T11:14:51Z] #455 attempt=1/2 status=200 0.446s url=https://www.myfonts.com/collections/sinnora-delloris-font-sensatype-studio/
[2026-09-02T11:14:51Z] #456 attempt=1/2 status=200 0.349s url=https://www.myfonts.com/products/regular-sportball-1212316
[2026-09-02T11:14:52Z] #457 attempt=1/2 status=200 0.384s url=https://www.myfonts.com/collections/sportball-font-sensatype-studio/
[2026-09-02T11:14:53Z] #458 attempt=1/2 status=200 0.313s url=https://www.myfonts.com/products/regular-malviro-1212290
[2026-09-02T11:14:53Z] #459 attempt=1/2 status=200 0.451s url=https://www.myfonts.com/collections/malviro-font-arif-novianto/
[2026-09-02T11:14:54Z] #460 attempt=1/2 status=200 0.424s url=https://www.myfonts.com/products/regular-life-mission-1212616
[2026-09-02T11:14:54Z] #461 attempt=1/2 status=429 0.056s url=https://www.myfonts.com/collections/life-mission-font-epiclinez/
[2026-09-02T11:14:57Z] #462 attempt=2/2 status=200 0.655s url=https://www.myfonts.com/collections/life-mission-font-epiclinez/
[2026-09-02T11:14:58Z] #463 attempt=1/2 status=200 0.409s url=https://www.myfonts.com/products/regular-west-coast-1212609
[2026-09-02T11:14:58Z] #464 attempt=1/2 status=200 0.449s url=https://www.myfonts.com/collections/west-coast-font-letterzep-studio/
[2026-09-02T11:14:58Z] summary releases=29 first_429=(152, 'https://www.myfonts.com/products/mystical-horror-collection-complete-family-package-1213165', 0.04912304878234863) log_file=state/myfonts_run_20260902_110701.log
[2026-09-02T11:14:58Z] === MyFonts crawl end ===
