[2026-09-11T11:05:07Z] checkpoint fresh next_page=1 path=state/myfonts_crawl_checkpoint.json
[2026-09-11T11:05:07Z] === MyFonts crawl start source=myfonts ===
[2026-09-11T11:05:07Z] config max_pages=25 page_size=100 start_date=2026-09-10 end_date=2026-09-11 api_delay=0.5s detail_delay=0.2s max_debut_checks=400 max_tech_specs_checks=200 reuse_success_profile=False always_enrich_packages=True language_script_signal_mode=strong force_fresh_run=False start_page=1 browser_mode=False browser_headless=True browser_storage_state_path=state/myfonts_storage_state.json
[2026-09-11T11:05:08Z] #1 attempt=1/6 status=200 1.174s url=https://www.myfonts.com/products.json?limit=100&page=1
[2026-09-11T11:05:10Z] #2 attempt=1/2 status=200 1.514s url=https://www.myfonts.com/products/vantori-complete-family-package-1222388
[2026-09-11T11:05:13Z] #3 attempt=1/2 status=200 2.537s url=https://www.myfonts.com/collections/vantori-font-stripes-studio/
[2026-09-11T11:05:15Z] #4 attempt=1/2 status=200 1.668s url=https://www.myfonts.com/collections/vantori-font-stripes-studio/?tab=techSpecs
[2026-09-11T11:05:17Z] #5 attempt=1/2 status=200 0.797s url=https://www.myfonts.com/products/atakana-bold-grade-expanded-slant-atakana-script-1222117
[2026-09-11T11:05:19Z] #6 attempt=1/2 status=200 1.158s url=https://www.myfonts.com/collections/atakana-script-font-abbastype/
[2026-09-11T11:05:19Z] #7 attempt=1/2 status=200 0.256s url=https://www.myfonts.com/collections/atakana-script-font-abbastype/?tab=techSpecs
[2026-09-11T11:05:21Z] #8 attempt=1/2 status=200 0.310s url=https://www.myfonts.com/products/regular-racky-1222170
[2026-09-11T11:05:21Z] #9 attempt=1/2 status=200 0.348s url=https://www.myfonts.com/collections/racky-font-dareco-studio/
[2026-09-11T11:05:22Z] #10 attempt=1/2 status=200 0.206s url=https://www.myfonts.com/collections/racky-font-dareco-studio/?tab=techSpecs
[2026-09-11T11:05:22Z] #11 attempt=1/2 status=200 0.335s url=https://www.myfonts.com/products/regular-concrete-poppies-1222168
[2026-09-11T11:05:23Z] #12 attempt=1/2 status=200 0.305s url=https://www.myfonts.com/collections/concrete-poppies-font-inviline/
[2026-09-11T11:05:24Z] #13 attempt=1/2 status=200 0.303s url=https://www.myfonts.com/collections/concrete-poppies-font-inviline/?tab=techSpecs
[2026-09-11T11:05:24Z] #14 attempt=1/2 status=200 0.323s url=https://www.myfonts.com/products/regular-peachy-mighties-1222169
[2026-09-11T11:05:25Z] #15 attempt=1/2 status=200 0.347s url=https://www.myfonts.com/collections/peachy-mighties-font-zeenesia-studio/
[2026-09-11T11:05:26Z] #16 attempt=1/2 status=200 0.327s url=https://www.myfonts.com/collections/peachy-mighties-font-zeenesia-studio/?tab=techSpecs
[2026-09-11T11:05:26Z] #17 attempt=1/2 status=200 0.355s url=https://www.myfonts.com/products/regular-angoba-1222167
[2026-09-11T11:05:27Z] #18 attempt=1/2 status=200 0.309s url=https://www.myfonts.com/collections/angoba-font-fed-tunik/
[2026-09-11T11:05:27Z] #19 attempt=1/2 status=200 0.198s url=https://www.myfonts.com/collections/angoba-font-fed-tunik/?tab=techSpecs
[2026-09-11T11:05:28Z] #20 attempt=1/2 status=200 0.371s url=https://www.myfonts.com/products/regular-grestanic-1222079
[2026-09-11T11:05:29Z] #21 attempt=1/2 status=200 0.323s url=https://www.myfonts.com/collections/grestanic-font-maulana-creative/
[2026-09-11T11:05:29Z] #22 attempt=1/2 status=200 0.359s url=https://www.myfonts.com/collections/grestanic-font-maulana-creative/?tab=techSpecs
[2026-09-11T11:05:32Z] #23 attempt=1/6 status=200 1.855s url=https://www.myfonts.com/products.json?limit=100&page=2
[2026-09-11T11:05:33Z] #24 attempt=1/2 status=200 0.315s url=https://www.myfonts.com/products/regular-gatelli-1222081
[2026-09-11T11:05:33Z] #25 attempt=1/2 status=200 0.299s url=https://www.myfonts.com/collections/gatelli-font-artolabs/
[2026-09-11T11:05:34Z] #26 attempt=1/2 status=200 0.367s url=https://www.myfonts.com/collections/gatelli-font-artolabs/?tab=techSpecs
[2026-09-11T11:05:35Z] #27 attempt=1/2 status=200 0.354s url=https://www.myfonts.com/products/regular-grand-mexico-1222080
[2026-09-11T11:05:35Z] #28 attempt=1/2 status=200 0.331s url=https://www.myfonts.com/collections/grand-mexico-font-mvmet/
[2026-09-11T11:05:36Z] #29 attempt=1/2 status=200 0.330s url=https://www.myfonts.com/collections/grand-mexico-font-mvmet/?tab=techSpecs
[2026-09-11T11:05:38Z] #30 attempt=1/6 status=200 1.085s url=https://www.myfonts.com/products.json?limit=100&page=3
[2026-09-11T11:05:38Z] #31 attempt=1/2 status=200 0.423s url=https://www.myfonts.com/products/kana-takabox-maru-complete-family-package-1221531
[2026-09-11T11:05:39Z] #32 attempt=1/2 status=200 0.418s url=https://www.myfonts.com/collections/kana-takabox-maru-font-taka-design-production/
[2026-09-11T11:05:40Z] #33 attempt=1/2 status=200 0.212s url=https://www.myfonts.com/collections/kana-takabox-maru-font-taka-design-production/?tab=techSpecs
[2026-09-11T11:05:41Z] #34 attempt=1/2 status=200 0.510s url=https://www.myfonts.com/collections/kana-takabox-maru-font-taka-design-production/
[2026-09-11T11:05:43Z] #35 attempt=1/2 status=200 0.976s url=https://www.myfonts.com/products/kana-takahappy-maru-haru-complete-family-package-1221579
[2026-09-11T11:05:43Z] #36 attempt=1/2 status=200 0.492s url=https://www.myfonts.com/collections/kana-takahappy-maru-haru-font-taka-design-production/
[2026-09-11T11:05:44Z] #37 attempt=1/2 status=200 0.569s url=https://www.myfonts.com/collections/kana-takahappy-maru-haru-font-taka-design-production/?tab=techSpecs
[2026-09-11T11:05:45Z] #38 attempt=1/2 status=200 0.208s url=https://www.myfonts.com/collections/kana-takahappy-maru-haru-font-taka-design-production/
[2026-09-11T11:05:46Z] #39 attempt=1/2 status=200 0.425s url=https://www.myfonts.com/products/kana-takacool-maru-complete-family-package-1221523
[2026-09-11T11:05:46Z] #40 attempt=1/2 status=200 0.424s url=https://www.myfonts.com/collections/kana-takacool-maru-font-taka-design-production/
[2026-09-11T11:05:47Z] #41 attempt=1/2 status=200 0.503s url=https://www.myfonts.com/collections/kana-takacool-maru-font-taka-design-production/?tab=techSpecs
[2026-09-11T11:05:48Z] #42 attempt=1/2 status=200 0.192s url=https://www.myfonts.com/collections/kana-takacool-maru-font-taka-design-production/
[2026-09-11T11:05:49Z] #43 attempt=1/2 status=200 0.445s url=https://www.myfonts.com/products/kana-takaautumn-complete-family-package-1221571
[2026-09-11T11:05:50Z] #44 attempt=1/2 status=200 0.462s url=https://www.myfonts.com/collections/kana-takaautumn-font-taka-design-production/
[2026-09-11T11:05:50Z] #45 attempt=1/2 status=200 0.516s url=https://www.myfonts.com/collections/kana-takaautumn-font-taka-design-production/?tab=techSpecs
[2026-09-11T11:05:51Z] #46 attempt=1/2 status=200 0.190s url=https://www.myfonts.com/collections/kana-takaautumn-font-taka-design-production/
[2026-09-11T11:05:52Z] #47 attempt=1/2 status=200 0.451s url=https://www.myfonts.com/products/kana-takacorner-maru-complete-family-package-1221619
[2026-09-11T11:05:53Z] #48 attempt=1/2 status=200 0.412s url=https://www.myfonts.com/collections/kana-takacorner-maru-font-taka-design-production/
[2026-09-11T11:05:53Z] #49 attempt=1/2 status=200 0.414s url=https://www.myfonts.com/collections/kana-takacorner-maru-font-taka-design-production/?tab=techSpecs
[2026-09-11T11:05:54Z] #50 attempt=1/2 status=200 0.449s url=https://www.myfonts.com/collections/kana-takacorner-maru-font-taka-design-production/
[2026-09-11T11:05:55Z] #51 attempt=1/2 status=200 0.412s url=https://www.myfonts.com/products/kana-takahappy-maru-complete-family-package-1221563
[2026-09-11T11:05:56Z] #52 attempt=1/2 status=200 0.383s url=https://www.myfonts.com/collections/kana-takahappy-maru-font-taka-design-production/
[2026-09-11T11:05:57Z] #53 attempt=1/2 status=200 0.441s url=https://www.myfonts.com/collections/kana-takahappy-maru-font-taka-design-production/?tab=techSpecs
[2026-09-11T11:05:58Z] #54 attempt=1/2 status=200 0.197s url=https://www.myfonts.com/collections/kana-takahappy-maru-font-taka-design-production/
[2026-09-11T11:05:58Z] #55 attempt=1/2 status=200 0.403s url=https://www.myfonts.com/products/kana-takahappy-complete-family-package-1221515
[2026-09-11T11:05:59Z] #56 attempt=1/2 status=200 0.406s url=https://www.myfonts.com/collections/kana-takahappy-font-taka-design-production/
[2026-09-11T11:05:59Z] #57 attempt=1/2 status=200 0.181s url=https://www.myfonts.com/collections/kana-takahappy-font-taka-design-production/?tab=techSpecs
[2026-09-11T11:06:00Z] #58 attempt=1/2 status=200 0.412s url=https://www.myfonts.com/collections/kana-takahappy-font-taka-design-production/
[2026-09-11T11:06:01Z] #59 attempt=1/2 status=200 0.538s url=https://www.myfonts.com/products/kana-takaautumn-maru-complete-family-package-1221611
[2026-09-11T11:06:02Z] #60 attempt=1/2 status=200 0.587s url=https://www.myfonts.com/collections/kana-takaautumn-maru-font-taka-design-production/
[2026-09-11T11:06:03Z] #61 attempt=1/2 status=200 0.427s url=https://www.myfonts.com/collections/kana-takaautumn-maru-font-taka-design-production/?tab=techSpecs
[2026-09-11T11:06:04Z] #62 attempt=1/2 status=200 0.215s url=https://www.myfonts.com/collections/kana-takaautumn-maru-font-taka-design-production/
[2026-09-11T11:06:04Z] #63 attempt=1/2 status=200 0.389s url=https://www.myfonts.com/products/kana-takabox-complete-family-package-1221507
[2026-09-11T11:06:05Z] #64 attempt=1/2 status=200 0.462s url=https://www.myfonts.com/collections/kana-takabox-font-taka-design-production/
[2026-09-11T11:06:06Z] #65 attempt=1/2 status=200 0.449s url=https://www.myfonts.com/collections/kana-takabox-font-taka-design-production/?tab=techSpecs
[2026-09-11T11:06:07Z] #66 attempt=1/2 status=200 0.221s url=https://www.myfonts.com/collections/kana-takabox-font-taka-design-production/
[2026-09-11T11:06:07Z] #67 attempt=1/2 status=200 0.406s url=https://www.myfonts.com/products/kana-takahappy-kai-complete-family-package-1221555
[2026-09-11T11:06:10Z] #68 attempt=1/2 status=200 1.947s url=https://www.myfonts.com/collections/kana-takahappy-kai-font-taka-design-production/
[2026-09-11T11:06:10Z] #69 attempt=1/2 status=200 0.428s url=https://www.myfonts.com/collections/kana-takahappy-kai-font-taka-design-production/?tab=techSpecs
[2026-09-11T11:06:12Z] #70 attempt=1/2 status=200 0.503s url=https://www.myfonts.com/collections/kana-takahappy-kai-font-taka-design-production/
[2026-09-11T11:06:12Z] #71 attempt=1/2 status=200 0.393s url=https://www.myfonts.com/products/kana-takafriends-complete-family-package-1221603
[2026-09-11T11:06:13Z] #72 attempt=1/2 status=200 0.450s url=https://www.myfonts.com/collections/kana-takafriends-font-taka-design-production/
[2026-09-11T11:06:13Z] #73 attempt=1/2 status=200 0.204s url=https://www.myfonts.com/collections/kana-takafriends-font-taka-design-production/?tab=techSpecs
[2026-09-11T11:06:14Z] #74 attempt=1/2 status=200 0.440s url=https://www.myfonts.com/collections/kana-takafriends-font-taka-design-production/
[2026-09-11T11:06:16Z] #75 attempt=1/2 status=200 0.331s url=https://www.myfonts.com/products/kana-takaacacia-maru-complete-family-package-1221499
[2026-09-11T11:06:16Z] #76 attempt=1/2 status=200 0.460s url=https://www.myfonts.com/collections/kana-takaacacia-maru-font-taka-design-production/
[2026-09-11T11:06:17Z] #77 attempt=1/2 status=200 0.475s url=https://www.myfonts.com/collections/kana-takaacacia-maru-font-taka-design-production/?tab=techSpecs
[2026-09-11T11:06:18Z] #78 attempt=1/2 status=200 0.476s url=https://www.myfonts.com/collections/kana-takaacacia-maru-font-taka-design-production/
[2026-09-11T11:06:19Z] #79 attempt=1/2 status=200 0.406s url=https://www.myfonts.com/products/kana-takahope-maru-complete-family-package-1221547
[2026-09-11T11:06:20Z] #80 attempt=1/2 status=200 0.470s url=https://www.myfonts.com/collections/kana-takahope-maru-font-taka-design-production/
[2026-09-11T11:06:20Z] #81 attempt=1/2 status=200 0.406s url=https://www.myfonts.com/collections/kana-takahope-maru-font-taka-design-production/?tab=techSpecs
[2026-09-11T11:06:21Z] #82 attempt=1/2 status=200 0.202s url=https://www.myfonts.com/collections/kana-takahope-maru-font-taka-design-production/
[2026-09-11T11:06:22Z] #83 attempt=1/2 status=200 0.426s url=https://www.myfonts.com/products/kana-takacourse-maru-complete-family-package-1221595
[2026-09-11T11:06:23Z] #84 attempt=1/2 status=200 0.495s url=https://www.myfonts.com/collections/kana-takacourse-maru-font-taka-design-production/
[2026-09-11T11:06:24Z] #85 attempt=1/2 status=200 0.454s url=https://www.myfonts.com/collections/kana-takacourse-maru-font-taka-design-production/?tab=techSpecs
[2026-09-11T11:06:25Z] #86 attempt=1/2 status=200 0.425s url=https://www.myfonts.com/collections/kana-takacourse-maru-font-taka-design-production/
[2026-09-11T11:06:25Z] #87 attempt=1/2 status=200 0.403s url=https://www.myfonts.com/products/kana-takacurve-maru-complete-family-package-1221587
[2026-09-11T11:06:26Z] #88 attempt=1/2 status=200 0.418s url=https://www.myfonts.com/collections/kana-takacurve-maru-font-taka-design-production/
[2026-09-11T11:06:27Z] #89 attempt=1/2 status=200 0.486s url=https://www.myfonts.com/collections/kana-takacurve-maru-font-taka-design-production/?tab=techSpecs
[2026-09-11T11:06:28Z] #90 attempt=1/2 status=200 0.206s url=https://www.myfonts.com/collections/kana-takacurve-maru-font-taka-design-production/
[2026-09-11T11:06:28Z] #91 attempt=1/2 status=200 0.360s url=https://www.myfonts.com/products/kana-takacorner-complete-family-package-1221539
[2026-09-11T11:06:29Z] #92 attempt=1/2 status=200 0.393s url=https://www.myfonts.com/collections/kana-takacorner-font-taka-design-production/
[2026-09-11T11:06:30Z] #93 attempt=1/2 status=200 0.459s url=https://www.myfonts.com/collections/kana-takacorner-font-taka-design-production/?tab=techSpecs
[2026-09-11T11:06:31Z] #94 attempt=1/2 status=200 0.460s url=https://www.myfonts.com/collections/kana-takacorner-font-taka-design-production/
[2026-09-11T11:06:32Z] #95 attempt=1/2 status=200 0.393s url=https://www.myfonts.com/products/kana-takahappy-maru-natu-complete-family-package-1221491
[2026-09-11T11:06:32Z] #96 attempt=1/2 status=200 0.427s url=https://www.myfonts.com/collections/kana-takahappy-maru-natu-font-taka-design-production/
[2026-09-11T11:06:33Z] #97 attempt=1/2 status=200 0.459s url=https://www.myfonts.com/collections/kana-takahappy-maru-natu-font-taka-design-production/?tab=techSpecs
[2026-09-11T11:06:34Z] #98 attempt=1/2 status=200 0.192s url=https://www.myfonts.com/collections/kana-takahappy-maru-natu-font-taka-design-production/
[2026-09-11T11:06:34Z] #99 attempt=1/2 status=200 0.341s url=https://www.myfonts.com/products/light-kana-takapoplar-maru-1221925
[2026-09-11T11:06:35Z] #100 attempt=1/2 status=200 0.376s url=https://www.myfonts.com/collections/kana-takapoplar-maru-font-taka-design-production/
[2026-09-11T11:06:36Z] #101 attempt=1/2 status=200 0.383s url=https://www.myfonts.com/collections/kana-takapoplar-maru-font-taka-design-production/?tab=techSpecs
[2026-09-11T11:06:37Z] #102 attempt=1/2 status=200 0.338s url=https://www.myfonts.com/collections/kana-takapoplar-maru-font-taka-design-production/
[2026-09-11T11:06:37Z] #103 attempt=1/2 status=200 0.343s url=https://www.myfonts.com/products/bold-kana-takafriends-maru-1221696
[2026-09-11T11:06:38Z] #104 attempt=1/2 status=200 0.436s url=https://www.myfonts.com/collections/kana-takafriends-maru-font-taka-design-production/
[2026-09-11T11:06:39Z] #105 attempt=1/2 status=200 0.207s url=https://www.myfonts.com/collections/kana-takafriends-maru-font-taka-design-production/?tab=techSpecs
[2026-09-11T11:06:40Z] #106 attempt=1/2 status=200 0.343s url=https://www.myfonts.com/collections/kana-takafriends-maru-font-taka-design-production/
[2026-09-11T11:06:40Z] #107 attempt=1/2 status=200 0.352s url=https://www.myfonts.com/products/ultra-kana-takasky-1221923
[2026-09-11T11:06:41Z] #108 attempt=1/2 status=200 0.358s url=https://www.myfonts.com/collections/kana-takasky-font-taka-design-production/
[2026-09-11T11:06:41Z] #109 attempt=1/2 status=200 0.195s url=https://www.myfonts.com/collections/kana-takasky-font-taka-design-production/?tab=techSpecs
[2026-09-11T11:06:42Z] #110 attempt=1/2 status=200 0.193s url=https://www.myfonts.com/collections/kana-takasky-font-taka-design-production/
[2026-09-11T11:06:43Z] #111 attempt=1/2 status=200 0.431s url=https://www.myfonts.com/products/medium-kana-takalike-maru-1221806
[2026-09-11T11:06:43Z] #112 attempt=1/2 status=200 0.343s url=https://www.myfonts.com/collections/kana-takalike-maru-font-taka-design-production/
[2026-09-11T11:06:44Z] #113 attempt=1/2 status=200 0.429s url=https://www.myfonts.com/collections/kana-takalike-maru-font-taka-design-production/?tab=techSpecs
[2026-09-11T11:06:45Z] #114 attempt=1/2 status=200 0.191s url=https://www.myfonts.com/collections/kana-takalike-maru-font-taka-design-production/
[2026-09-11T11:06:46Z] #115 attempt=1/2 status=200 0.369s url=https://www.myfonts.com/products/ultra-kana-takalike-1221802
[2026-09-11T11:06:47Z] #116 attempt=1/2 status=200 0.324s url=https://www.myfonts.com/collections/kana-takalike-font-taka-design-production/
[2026-09-11T11:06:48Z] #117 attempt=1/2 status=200 0.363s url=https://www.myfonts.com/collections/kana-takalike-font-taka-design-production/?tab=techSpecs
[2026-09-11T11:06:49Z] #118 attempt=1/2 status=200 0.329s url=https://www.myfonts.com/collections/kana-takalike-font-taka-design-production/
[2026-09-11T11:06:49Z] #119 attempt=1/2 status=200 0.338s url=https://www.myfonts.com/products/bold-kana-takasunflo-1221960
[2026-09-11T11:06:50Z] #120 attempt=1/2 status=200 0.431s url=https://www.myfonts.com/collections/kana-takasunflo-font-taka-design-production/
[2026-09-11T11:06:51Z] #121 attempt=1/2 status=200 0.456s url=https://www.myfonts.com/collections/kana-takasunflo-font-taka-design-production/?tab=techSpecs
[2026-09-11T11:06:52Z] #122 attempt=1/2 status=200 0.187s url=https://www.myfonts.com/collections/kana-takasunflo-font-taka-design-production/
[2026-09-11T11:06:52Z] #123 attempt=1/2 status=200 0.334s url=https://www.myfonts.com/products/bold-kana-takasky-maru-1221880
[2026-09-11T11:06:53Z] #124 attempt=1/2 status=200 0.345s url=https://www.myfonts.com/collections/kana-takasky-maru-font-taka-design-production/
[2026-09-11T11:06:53Z] #125 attempt=1/2 status=200 0.189s url=https://www.myfonts.com/collections/kana-takasky-maru-font-taka-design-production/?tab=techSpecs
[2026-09-11T11:06:54Z] #126 attempt=1/2 status=200 0.206s url=https://www.myfonts.com/collections/kana-takasky-maru-font-taka-design-production/
[2026-09-11T11:06:55Z] #127 attempt=1/2 status=200 0.325s url=https://www.myfonts.com/products/light-kana-takapark-1221732
[2026-09-11T11:06:55Z] #128 attempt=1/2 status=200 0.339s url=https://www.myfonts.com/collections/kana-takapark-font-taka-design-production/
[2026-09-11T11:06:56Z] #129 attempt=1/2 status=200 0.426s url=https://www.myfonts.com/collections/kana-takapark-font-taka-design-production/?tab=techSpecs
[2026-09-11T11:06:57Z] #130 attempt=1/2 status=200 0.199s url=https://www.myfonts.com/collections/kana-takapark-font-taka-design-production/
[2026-09-11T11:06:58Z] #131 attempt=1/2 status=200 0.386s url=https://www.myfonts.com/products/ultra-kana-takabanana-1221690
[2026-09-11T11:06:58Z] #132 attempt=1/2 status=200 0.344s url=https://www.myfonts.com/collections/kana-takabanana-font-taka-design-production/
[2026-09-11T11:06:59Z] #133 attempt=1/2 status=200 0.176s url=https://www.myfonts.com/collections/kana-takabanana-font-taka-design-production/?tab=techSpecs
[2026-09-11T11:06:59Z] #134 attempt=1/2 status=200 0.196s url=https://www.myfonts.com/collections/kana-takabanana-font-taka-design-production/
[2026-09-11T11:07:00Z] #135 attempt=1/2 status=200 0.403s url=https://www.myfonts.com/products/ultra-kana-takahope-1221730
[2026-09-11T11:07:01Z] #136 attempt=1/2 status=200 0.431s url=https://www.myfonts.com/collections/kana-takahope-font-taka-design-production/
[2026-09-11T11:07:01Z] #137 attempt=1/2 status=200 0.400s url=https://www.myfonts.com/collections/kana-takahope-font-taka-design-production/?tab=techSpecs
[2026-09-11T11:07:03Z] #138 attempt=1/2 status=200 0.370s url=https://www.myfonts.com/collections/kana-takahope-font-taka-design-production/
[2026-09-11T11:07:03Z] #139 attempt=1/2 status=200 0.339s url=https://www.myfonts.com/products/ultra-kana-takalucky-maru-1221874
[2026-09-11T11:07:04Z] #140 attempt=1/2 status=200 0.347s url=https://www.myfonts.com/collections/kana-takalucky-maru-font-taka-design-production/
[2026-09-11T11:07:04Z] #141 attempt=1/2 status=200 0.385s url=https://www.myfonts.com/collections/kana-takalucky-maru-font-taka-design-production/?tab=techSpecs
[2026-09-11T11:07:05Z] #142 attempt=1/2 status=200 0.210s url=https://www.myfonts.com/collections/kana-takalucky-maru-font-taka-design-production/
[2026-09-11T11:07:07Z] #143 attempt=1/6 status=200 0.796s url=https://www.myfonts.com/products.json?limit=100&page=4
[2026-09-11T11:07:07Z] #144 attempt=1/2 status=200 0.341s url=https://www.myfonts.com/products/demibold-kana-takaswing-maru-1221767
[2026-09-11T11:07:08Z] #145 attempt=1/2 status=200 0.415s url=https://www.myfonts.com/collections/kana-takaswing-maru-font-taka-design-production/
[2026-09-11T11:07:09Z] #146 attempt=1/2 status=200 0.357s url=https://www.myfonts.com/collections/kana-takaswing-maru-font-taka-design-production/?tab=techSpecs
[2026-09-11T11:07:09Z] #147 attempt=1/2 status=200 0.182s url=https://www.myfonts.com/collections/kana-takaswing-maru-font-taka-design-production/
[2026-09-11T11:07:10Z] #148 attempt=1/2 status=200 0.403s url=https://www.myfonts.com/products/ultra-kana-takapop-maru-1221866
[2026-09-11T11:07:11Z] #149 attempt=1/2 status=200 0.377s url=https://www.myfonts.com/collections/kana-takapop-maru-font-taka-design-production/
[2026-09-11T11:07:11Z] #150 attempt=1/2 status=200 0.200s url=https://www.myfonts.com/collections/kana-takapop-maru-font-taka-design-production/?tab=techSpecs
[2026-09-11T11:07:12Z] #151 attempt=1/2 status=200 0.213s url=https://www.myfonts.com/collections/kana-takapop-maru-font-taka-design-production/
[2026-09-11T11:07:13Z] #152 attempt=1/2 status=200 0.442s url=https://www.myfonts.com/products/ultra-kana-takalucky-maru-haru-1221915
[2026-09-11T11:07:13Z] #153 attempt=1/2 status=200 0.370s url=https://www.myfonts.com/collections/kana-takalucky-maru-haru-font-taka-design-production/
[2026-09-11T11:07:14Z] #154 attempt=1/2 status=200 0.326s url=https://www.myfonts.com/collections/kana-takalucky-maru-haru-font-taka-design-production/?tab=techSpecs
[2026-09-11T11:07:15Z] #155 attempt=1/2 status=200 0.201s url=https://www.myfonts.com/collections/kana-takalucky-maru-haru-font-taka-design-production/
[2026-09-11T11:07:16Z] #156 attempt=1/2 status=200 0.408s url=https://www.myfonts.com/products/light-kana-takalucky-kai-1221996
[2026-09-11T11:07:17Z] #157 attempt=1/2 status=200 0.389s url=https://www.myfonts.com/collections/kana-takalucky-kai-font-taka-design-production/
[2026-09-11T11:07:17Z] #158 attempt=1/2 status=200 0.208s url=https://www.myfonts.com/collections/kana-takalucky-kai-font-taka-design-production/?tab=techSpecs
[2026-09-11T11:07:18Z] #159 attempt=1/2 status=200 0.409s url=https://www.myfonts.com/collections/kana-takalucky-kai-font-taka-design-production/
[2026-09-11T11:07:19Z] #160 attempt=1/2 status=200 0.380s url=https://www.myfonts.com/products/heavy-kana-takalilac-maru-1221954
[2026-09-11T11:07:20Z] #161 attempt=1/2 status=200 0.390s url=https://www.myfonts.com/collections/kana-takalilac-maru-font-taka-design-production/
[2026-09-11T11:07:20Z] #162 attempt=1/2 status=200 0.188s url=https://www.myfonts.com/collections/kana-takalilac-maru-font-taka-design-production/?tab=techSpecs
[2026-09-11T11:07:21Z] #163 attempt=1/2 status=200 0.362s url=https://www.myfonts.com/collections/kana-takalilac-maru-font-taka-design-production/
[2026-09-11T11:07:22Z] #164 attempt=1/2 status=200 0.335s url=https://www.myfonts.com/products/ultra-kana-takasummer-1221994
[2026-09-11T11:07:22Z] #165 attempt=1/2 status=200 0.417s url=https://www.myfonts.com/collections/kana-takasummer-font-taka-design-production/
[2026-09-11T11:07:23Z] #166 attempt=1/2 status=200 0.333s url=https://www.myfonts.com/collections/kana-takasummer-font-taka-design-production/?tab=techSpecs
[2026-09-11T11:07:24Z] #167 attempt=1/2 status=200 0.195s url=https://www.myfonts.com/collections/kana-takasummer-font-taka-design-production/
[2026-09-11T11:07:25Z] #168 attempt=1/2 status=200 0.352s url=https://www.myfonts.com/products/ultra-kana-takaline21-maru-1221794
[2026-09-11T11:07:25Z] #169 attempt=1/2 status=200 0.343s url=https://www.myfonts.com/collections/kana-takaline21-maru-font-taka-design-production/
[2026-09-11T11:07:26Z] #170 attempt=1/2 status=200 0.373s url=https://www.myfonts.com/collections/kana-takaline21-maru-font-taka-design-production/?tab=techSpecs
[2026-09-11T11:07:27Z] #171 attempt=1/2 status=200 0.193s url=https://www.myfonts.com/collections/kana-takaline21-maru-font-taka-design-production/
[2026-09-11T11:07:27Z] #172 attempt=1/2 status=200 0.344s url=https://www.myfonts.com/products/ultra-kana-takarainbow-maru-1221858
[2026-09-11T11:07:28Z] #173 attempt=1/2 status=200 0.394s url=https://www.myfonts.com/collections/kana-takarainbow-maru-font-taka-design-production/
[2026-09-11T11:07:29Z] #174 attempt=1/2 status=200 0.344s url=https://www.myfonts.com/collections/kana-takarainbow-maru-font-taka-design-production/?tab=techSpecs
[2026-09-11T11:07:30Z] #175 attempt=1/2 status=200 0.197s url=https://www.myfonts.com/collections/kana-takarainbow-maru-font-taka-design-production/
[2026-09-11T11:07:30Z] #176 attempt=1/2 status=200 0.361s url=https://www.myfonts.com/products/ultra-kana-takarainbow-1221762
[2026-09-11T11:07:31Z] #177 attempt=1/2 status=200 0.395s url=https://www.myfonts.com/collections/kana-takarainbow-font-taka-design-production/
[2026-09-11T11:07:31Z] #178 attempt=1/2 status=200 0.189s url=https://www.myfonts.com/collections/kana-takarainbow-font-taka-design-production/?tab=techSpecs
[2026-09-11T11:07:32Z] #179 attempt=1/2 status=200 0.352s url=https://www.myfonts.com/collections/kana-takarainbow-font-taka-design-production/
[2026-09-11T11:07:33Z] #180 attempt=1/2 status=200 0.364s url=https://www.myfonts.com/products/ultra-kana-takalucky-maru-natu-1222018
[2026-09-11T11:07:34Z] #181 attempt=1/2 status=200 0.399s url=https://www.myfonts.com/collections/kana-takalucky-maru-natu-font-taka-design-production/
[2026-09-11T11:07:34Z] #182 attempt=1/2 status=200 0.440s url=https://www.myfonts.com/collections/kana-takalucky-maru-natu-font-taka-design-production/?tab=techSpecs
[2026-09-11T11:07:35Z] #183 attempt=1/2 status=200 0.378s url=https://www.myfonts.com/collections/kana-takalucky-maru-natu-font-taka-design-production/
[2026-09-11T11:07:36Z] #184 attempt=1/2 status=200 0.331s url=https://www.myfonts.com/products/ultra-kana-takacourse-1221722
[2026-09-11T11:07:37Z] #185 attempt=1/2 status=200 0.417s url=https://www.myfonts.com/collections/kana-takacourse-font-taka-design-production/
[2026-09-11T11:07:37Z] #186 attempt=1/2 status=200 0.369s url=https://www.myfonts.com/collections/kana-takacourse-font-taka-design-production/?tab=techSpecs
[2026-09-11T11:07:38Z] #187 attempt=1/2 status=200 0.197s url=https://www.myfonts.com/collections/kana-takacourse-font-taka-design-production/
[2026-09-11T11:07:39Z] #188 attempt=1/2 status=200 0.350s url=https://www.myfonts.com/products/ultra-kana-takamate-1221850
[2026-09-11T11:07:39Z] #189 attempt=1/2 status=200 0.360s url=https://www.myfonts.com/collections/kana-takamate-font-taka-design-production/
[2026-09-11T11:07:40Z] #190 attempt=1/2 status=200 0.393s url=https://www.myfonts.com/collections/kana-takamate-font-taka-design-production/?tab=techSpecs
[2026-09-11T11:07:41Z] #191 attempt=1/2 status=200 0.368s url=https://www.myfonts.com/collections/kana-takamate-font-taka-design-production/
[2026-09-11T11:07:43Z] #192 attempt=1/6 status=200 0.790s url=https://www.myfonts.com/products.json?limit=100&page=5
[2026-09-11T11:07:43Z] #193 attempt=1/2 status=200 0.373s url=https://www.myfonts.com/products/ultra-kana-takaalps-1221682
[2026-09-11T11:07:44Z] #194 attempt=1/2 status=200 0.434s url=https://www.myfonts.com/collections/kana-takaalps-font-taka-design-production/
[2026-09-11T11:07:44Z] #195 attempt=1/2 status=200 0.369s url=https://www.myfonts.com/collections/kana-takaalps-font-taka-design-production/?tab=techSpecs
[2026-09-11T11:07:45Z] #196 attempt=1/2 status=200 0.186s url=https://www.myfonts.com/collections/kana-takaalps-font-taka-design-production/
[2026-09-11T11:07:47Z] #197 attempt=1/2 status=200 0.356s url=https://www.myfonts.com/products/ultra-kana-takapop-1221986
[2026-09-11T11:07:47Z] #198 attempt=1/2 status=200 0.418s url=https://www.myfonts.com/collections/kana-takapop-font-taka-design-production/
[2026-09-11T11:07:48Z] #199 attempt=1/2 status=200 0.185s url=https://www.myfonts.com/collections/kana-takapop-font-taka-design-production/?tab=techSpecs
[2026-09-11T11:07:49Z] #200 attempt=1/2 status=200 0.374s url=https://www.myfonts.com/collections/kana-takapop-font-taka-design-production/
[2026-09-11T11:07:49Z] #201 attempt=1/2 status=200 0.379s url=https://www.myfonts.com/products/ultra-kana-takahope-maru-haru-1221842
[2026-09-11T11:07:50Z] #202 attempt=1/2 status=200 0.406s url=https://www.myfonts.com/collections/kana-takahope-maru-haru-font-taka-design-production/
[2026-09-11T11:07:51Z] #203 attempt=1/2 status=200 0.352s url=https://www.myfonts.com/collections/kana-takahope-maru-haru-font-taka-design-production/?tab=techSpecs
[2026-09-11T11:07:52Z] #204 attempt=1/2 status=200 0.391s url=https://www.myfonts.com/collections/kana-takahope-maru-haru-font-taka-design-production/
[2026-09-11T11:07:53Z] #205 attempt=1/2 status=200 0.421s url=https://www.myfonts.com/products/ultra-kana-takaline21-1221947
[2026-09-11T11:07:53Z] #206 attempt=1/2 status=200 0.366s url=https://www.myfonts.com/collections/kana-takaline21-font-taka-design-production/
[2026-09-11T11:07:54Z] #207 attempt=1/2 status=200 0.387s url=https://www.myfonts.com/collections/kana-takaline21-font-taka-design-production/?tab=techSpecs
[2026-09-11T11:07:55Z] #208 attempt=1/2 status=200 0.190s url=https://www.myfonts.com/collections/kana-takaline21-font-taka-design-production/
[2026-09-11T11:07:55Z] #209 attempt=1/2 status=200 0.320s url=https://www.myfonts.com/products/ultra-kana-takalucky-san-1221786
[2026-09-11T11:07:56Z] #210 attempt=1/2 status=200 0.396s url=https://www.myfonts.com/collections/kana-takalucky-san-font-taka-design-production/
[2026-09-11T11:07:56Z] #211 attempt=1/2 status=200 0.194s url=https://www.myfonts.com/collections/kana-takalucky-san-font-taka-design-production/?tab=techSpecs
[2026-09-11T11:07:57Z] #212 attempt=1/2 status=200 0.425s url=https://www.myfonts.com/collections/kana-takalucky-san-font-taka-design-production/
[2026-09-11T11:07:58Z] #213 attempt=1/2 status=200 0.331s url=https://www.myfonts.com/products/ultra-kana-takasunflo-maru-1221907
[2026-09-11T11:07:59Z] #214 attempt=1/2 status=200 0.308s url=https://www.myfonts.com/collections/kana-takasunflo-maru-font-taka-design-production/
[2026-09-11T11:07:59Z] #215 attempt=1/2 status=200 0.377s url=https://www.myfonts.com/collections/kana-takasunflo-maru-font-taka-design-production/?tab=techSpecs
[2026-09-11T11:08:01Z] #216 attempt=1/2 status=200 0.589s url=https://www.myfonts.com/collections/kana-takasunflo-maru-font-taka-design-production/
[2026-09-11T11:08:01Z] #217 attempt=1/2 status=200 0.346s url=https://www.myfonts.com/products/ultra-kana-takalucky-kadomaru-1221834
[2026-09-11T11:08:02Z] #218 attempt=1/2 status=200 0.377s url=https://www.myfonts.com/collections/kana-takalucky-kadomaru-font-taka-design-production/
[2026-09-11T11:08:02Z] #219 attempt=1/2 status=200 0.220s url=https://www.myfonts.com/collections/kana-takalucky-kadomaru-font-taka-design-production/?tab=techSpecs
[2026-09-11T11:08:03Z] #220 attempt=1/2 status=200 0.384s url=https://www.myfonts.com/collections/kana-takalucky-kadomaru-font-taka-design-production/
[2026-09-11T11:08:04Z] #221 attempt=1/2 status=200 0.333s url=https://www.myfonts.com/products/ultra-kana-takahope-san-1221754
[2026-09-11T11:08:05Z] #222 attempt=1/2 status=200 0.432s url=https://www.myfonts.com/collections/kana-takahope-san-font-taka-design-production/
[2026-09-11T11:08:05Z] #223 attempt=1/2 status=200 0.384s url=https://www.myfonts.com/collections/kana-takahope-san-font-taka-design-production/?tab=techSpecs
[2026-09-11T11:08:06Z] #224 attempt=1/2 status=200 0.349s url=https://www.myfonts.com/collections/kana-takahope-san-font-taka-design-production/
[2026-09-11T11:08:07Z] #225 attempt=1/2 status=200 0.370s url=https://www.myfonts.com/products/light-kana-takahope-kadomaru-1221652
[2026-09-11T11:08:08Z] #226 attempt=1/2 status=200 0.352s url=https://www.myfonts.com/collections/kana-takahope-kadomaru-font-taka-design-production/
[2026-09-11T11:08:08Z] #227 attempt=1/2 status=200 0.186s url=https://www.myfonts.com/collections/kana-takahope-kadomaru-font-taka-design-production/?tab=techSpecs
[2026-09-11T11:08:09Z] #228 attempt=1/2 status=200 0.207s url=https://www.myfonts.com/collections/kana-takahope-kadomaru-font-taka-design-production/
[2026-09-11T11:08:10Z] #229 attempt=1/2 status=200 0.371s url=https://www.myfonts.com/products/ultra-kana-takahappy-san-1221650
[2026-09-11T11:08:10Z] #230 attempt=1/2 status=200 0.362s url=https://www.myfonts.com/collections/kana-takahappy-san-font-taka-design-production/
[2026-09-11T11:08:11Z] #231 attempt=1/2 status=200 0.356s url=https://www.myfonts.com/collections/kana-takahappy-san-font-taka-design-production/?tab=techSpecs
[2026-09-11T11:08:12Z] #232 attempt=1/2 status=200 0.198s url=https://www.myfonts.com/collections/kana-takahappy-san-font-taka-design-production/
[2026-09-11T11:08:12Z] #233 attempt=1/2 status=200 0.375s url=https://www.myfonts.com/products/ultra-kana-takacurve-1221714
[2026-09-11T11:08:13Z] #234 attempt=1/2 status=200 0.405s url=https://www.myfonts.com/collections/kana-takacurve-font-taka-design-production/
[2026-09-11T11:08:14Z] #235 attempt=1/2 status=200 0.214s url=https://www.myfonts.com/collections/kana-takacurve-font-taka-design-production/?tab=techSpecs
[2026-09-11T11:08:14Z] #236 attempt=1/2 status=200 0.237s url=https://www.myfonts.com/collections/kana-takacurve-font-taka-design-production/
[2026-09-11T11:08:17Z] #237 attempt=1/6 status=200 0.898s url=https://www.myfonts.com/products.json?limit=100&page=6
[2026-09-11T11:08:17Z] #238 attempt=1/2 status=200 0.392s url=https://www.myfonts.com/products/ultra-kana-takasummer-maru-1222010
[2026-09-11T11:08:18Z] #239 attempt=1/2 status=200 0.354s url=https://www.myfonts.com/collections/kana-takasummer-maru-font-taka-design-production/
[2026-09-11T11:08:18Z] #240 attempt=1/2 status=200 0.359s url=https://www.myfonts.com/collections/kana-takasummer-maru-font-taka-design-production/?tab=techSpecs
[2026-09-11T11:08:19Z] #241 attempt=1/2 status=200 0.194s url=https://www.myfonts.com/collections/kana-takasummer-maru-font-taka-design-production/
[2026-09-11T11:08:20Z] #242 attempt=1/2 status=200 0.402s url=https://www.myfonts.com/products/ultra-kana-takatown-1221978
[2026-09-11T11:08:21Z] #243 attempt=1/2 status=200 0.368s url=https://www.myfonts.com/collections/kana-takatown-font-taka-design-production/
[2026-09-11T11:08:21Z] #244 attempt=1/2 status=200 0.201s url=https://www.myfonts.com/collections/kana-takatown-font-taka-design-production/?tab=techSpecs
[2026-09-11T11:08:22Z] #245 attempt=1/2 status=200 0.187s url=https://www.myfonts.com/collections/kana-takatown-font-taka-design-production/
[2026-09-11T11:08:23Z] #246 attempt=1/2 status=200 0.377s url=https://www.myfonts.com/products/ultra-kana-takacool-1221674
[2026-09-11T11:08:23Z] #247 attempt=1/2 status=200 0.374s url=https://www.myfonts.com/collections/kana-takacool-font-taka-design-production/
[2026-09-11T11:08:24Z] #248 attempt=1/2 status=200 0.409s url=https://www.myfonts.com/collections/kana-takacool-font-taka-design-production/?tab=techSpecs
[2026-09-11T11:08:25Z] #249 attempt=1/2 status=200 0.209s url=https://www.myfonts.com/collections/kana-takacool-font-taka-design-production/
[2026-09-11T11:08:25Z] #250 attempt=1/2 status=200 0.348s url=https://www.myfonts.com/products/ultra-kana-takalilac-1221899
[2026-09-11T11:08:26Z] #251 attempt=1/2 status=200 0.394s url=https://www.myfonts.com/collections/kana-takalilac-font-taka-design-production/
[2026-09-11T11:08:27Z] #252 attempt=1/2 status=200 0.206s url=https://www.myfonts.com/collections/kana-takalilac-font-taka-design-production/?tab=techSpecs
[2026-09-11T11:08:28Z] #253 attempt=1/2 status=200 0.352s url=https://www.myfonts.com/collections/kana-takalilac-font-taka-design-production/
[2026-09-11T11:08:28Z] #254 attempt=1/2 status=200 0.335s url=https://www.myfonts.com/products/ultra-kana-takatown-maru-1221826
[2026-09-11T11:08:29Z] #255 attempt=1/2 status=200 0.426s url=https://www.myfonts.com/collections/kana-takatown-maru-font-taka-design-production/
[2026-09-11T11:08:29Z] #256 attempt=1/2 status=200 0.386s url=https://www.myfonts.com/collections/kana-takatown-maru-font-taka-design-production/?tab=techSpecs
[2026-09-11T11:08:30Z] #257 attempt=1/2 status=200 0.190s url=https://www.myfonts.com/collections/kana-takatown-maru-font-taka-design-production/
[2026-09-11T11:08:31Z] #258 attempt=1/2 status=200 0.386s url=https://www.myfonts.com/products/ultra-kana-takasunk-1221939
[2026-09-11T11:08:32Z] #259 attempt=1/2 status=200 0.426s url=https://www.myfonts.com/collections/kana-takasunk-font-taka-design-production/
[2026-09-11T11:08:32Z] #260 attempt=1/2 status=200 0.197s url=https://www.myfonts.com/collections/kana-takasunk-font-taka-design-production/?tab=techSpecs
[2026-09-11T11:08:33Z] #261 attempt=1/2 status=200 0.363s url=https://www.myfonts.com/collections/kana-takasunk-font-taka-design-production/
[2026-09-11T11:08:34Z] #262 attempt=1/2 status=200 0.454s url=https://www.myfonts.com/products/heavy-kana-takamate-maru-1221745
[2026-09-11T11:08:35Z] #263 attempt=1/2 status=200 0.382s url=https://www.myfonts.com/collections/kana-takamate-maru-font-taka-design-production/
[2026-09-11T11:08:35Z] #264 attempt=1/2 status=200 0.355s url=https://www.myfonts.com/collections/kana-takamate-maru-font-taka-design-production/?tab=techSpecs
[2026-09-11T11:08:36Z] #265 attempt=1/2 status=200 0.217s url=https://www.myfonts.com/collections/kana-takamate-maru-font-taka-design-production/
[2026-09-11T11:08:37Z] #266 attempt=1/2 status=200 0.329s url=https://www.myfonts.com/products/ultra-kana-takalucky-1221778
[2026-09-11T11:08:37Z] #267 attempt=1/2 status=200 0.430s url=https://www.myfonts.com/collections/kana-takalucky-font-taka-design-production/
[2026-09-11T11:08:38Z] #268 attempt=1/2 status=200 0.405s url=https://www.myfonts.com/collections/kana-takalucky-font-taka-design-production/?tab=techSpecs
[2026-09-11T11:08:39Z] #269 attempt=1/2 status=200 0.377s url=https://www.myfonts.com/collections/kana-takalucky-font-taka-design-production/
[2026-09-11T11:08:40Z] #270 attempt=1/2 status=200 0.335s url=https://www.myfonts.com/products/ultra-kana-takaacacia-1221642
[2026-09-11T11:08:40Z] #271 attempt=1/2 status=200 0.350s url=https://www.myfonts.com/collections/kana-takaacacia-font-taka-design-production/
[2026-09-11T11:08:41Z] #272 attempt=1/2 status=200 0.365s url=https://www.myfonts.com/collections/kana-takaacacia-font-taka-design-production/?tab=techSpecs
[2026-09-11T11:08:42Z] #273 attempt=1/2 status=200 0.182s url=https://www.myfonts.com/collections/kana-takaacacia-font-taka-design-production/
[2026-09-11T11:08:42Z] #274 attempt=1/2 status=200 0.348s url=https://www.myfonts.com/products/ultra-kana-takahappy-kadomaru-1221666
[2026-09-11T11:08:43Z] #275 attempt=1/2 status=200 0.387s url=https://www.myfonts.com/collections/kana-takahappy-kadomaru-font-taka-design-production/
[2026-09-11T11:08:44Z] #276 attempt=1/2 status=200 0.203s url=https://www.myfonts.com/collections/kana-takahappy-kadomaru-font-taka-design-production/?tab=techSpecs
[2026-09-11T11:08:45Z] #277 attempt=1/2 status=200 0.425s url=https://www.myfonts.com/collections/kana-takahappy-kadomaru-font-taka-design-production/
[2026-09-11T11:08:46Z] #278 attempt=1/2 status=200 0.370s url=https://www.myfonts.com/products/ultra-kana-takaandes-1221706
[2026-09-11T11:08:47Z] #279 attempt=1/2 status=200 0.373s url=https://www.myfonts.com/collections/kana-takaandes-font-taka-design-production/
[2026-09-11T11:08:47Z] #280 attempt=1/2 status=200 0.355s url=https://www.myfonts.com/collections/kana-takaandes-font-taka-design-production/?tab=techSpecs
[2026-09-11T11:08:48Z] #281 attempt=1/2 status=200 0.189s url=https://www.myfonts.com/collections/kana-takaandes-font-taka-design-production/
[2026-09-11T11:08:49Z] #282 attempt=1/2 status=200 0.376s url=https://www.myfonts.com/products/ultra-kana-takapark-maru-1221970
[2026-09-11T11:08:49Z] #283 attempt=1/2 status=200 0.384s url=https://www.myfonts.com/collections/kana-takapark-maru-font-taka-design-production/
[2026-09-11T11:08:50Z] #284 attempt=1/2 status=200 0.208s url=https://www.myfonts.com/collections/kana-takapark-maru-font-taka-design-production/?tab=techSpecs
[2026-09-11T11:08:51Z] #285 attempt=1/2 status=200 0.202s url=https://www.myfonts.com/collections/kana-takapark-maru-font-taka-design-production/
[2026-09-11T11:08:52Z] #286 attempt=1/6 status=200 0.913s url=https://www.myfonts.com/products.json?limit=100&page=7
[2026-09-11T11:08:53Z] #287 attempt=1/2 status=200 0.351s url=https://www.myfonts.com/products/ultra-kana-takaswing-1221818
[2026-09-11T11:08:53Z] #288 attempt=1/2 status=200 0.326s url=https://www.myfonts.com/collections/kana-takaswing-font-taka-design-production/
[2026-09-11T11:08:54Z] #289 attempt=1/2 status=200 0.385s url=https://www.myfonts.com/collections/kana-takaswing-font-taka-design-production/?tab=techSpecs
[2026-09-11T11:08:55Z] #290 attempt=1/2 status=200 0.359s url=https://www.myfonts.com/collections/kana-takaswing-font-taka-design-production/
[2026-09-11T11:08:56Z] #291 attempt=1/2 status=200 0.332s url=https://www.myfonts.com/products/ultra-kana-takapoplar-1221890
[2026-09-11T11:08:56Z] #292 attempt=1/2 status=200 0.295s url=https://www.myfonts.com/collections/kana-takapoplar-font-taka-design-production/
[2026-09-11T11:08:57Z] #293 attempt=1/2 status=200 0.418s url=https://www.myfonts.com/collections/kana-takapoplar-font-taka-design-production/?tab=techSpecs
[2026-09-11T11:08:58Z] #294 attempt=1/2 status=200 0.430s url=https://www.myfonts.com/collections/kana-takapoplar-font-taka-design-production/
[2026-09-11T11:08:59Z] #295 attempt=1/2 status=200 0.335s url=https://www.myfonts.com/products/ultra-kana-takahope-kai-1221634
[2026-09-11T11:08:59Z] #296 attempt=1/2 status=200 0.356s url=https://www.myfonts.com/collections/kana-takahope-kai-font-taka-design-production/
[2026-09-11T11:09:00Z] #297 attempt=1/2 status=200 0.187s url=https://www.myfonts.com/collections/kana-takahope-kai-font-taka-design-production/?tab=techSpecs
[2026-09-11T11:09:01Z] #298 attempt=1/2 status=200 0.200s url=https://www.myfonts.com/collections/kana-takahope-kai-font-taka-design-production/
[2026-09-11T11:09:02Z] #299 attempt=1/6 status=200 0.950s url=https://www.myfonts.com/products.json?limit=100&page=8
[2026-09-11T11:09:03Z] #300 attempt=1/2 status=200 0.485s url=https://www.myfonts.com/products/chaster-complete-family-package-1221469
[2026-09-11T11:09:04Z] #301 attempt=1/2 status=200 0.576s url=https://www.myfonts.com/collections/chaster-font-fargun-studio/
[2026-09-11T11:09:05Z] #302 attempt=1/2 status=200 0.536s url=https://www.myfonts.com/collections/chaster-font-fargun-studio/?tab=techSpecs
[2026-09-11T11:09:06Z] #303 attempt=1/2 status=200 0.478s url=https://www.myfonts.com/products/pro-titling-iowan-old-style-1221285
[2026-09-11T11:09:07Z] #304 attempt=1/2 status=200 0.507s url=https://www.myfonts.com/collections/iowan-old-style-font-bitstream/
[2026-09-11T11:09:07Z] #305 attempt=1/2 status=200 0.538s url=https://www.myfonts.com/collections/iowan-old-style-font-bitstream/?tab=techSpecs
[2026-09-11T11:09:09Z] #306 attempt=1/2 status=200 0.605s url=https://www.myfonts.com/products/hackensack-complete-family-package-1221282
[2026-09-11T11:09:10Z] #307 attempt=1/2 status=200 0.566s url=https://www.myfonts.com/collections/hackensack-font-typodermic/
[2026-09-11T11:09:11Z] #308 attempt=1/2 status=200 0.802s url=https://www.myfonts.com/collections/hackensack-font-typodermic/?tab=techSpecs
[2026-09-11T11:09:13Z] #309 attempt=1/2 status=200 1.185s url=https://www.myfonts.com/products/handcrafted-signature-font-bundle-package-772696
[2026-09-11T11:09:13Z] #310 attempt=1/2 status=404 0.256s url=https://www.myfonts.com/collections/handcrafted-signature-font-bundle-font-lemonthe
[2026-09-11T11:09:14Z] #311 attempt=1/2 status=200 0.308s url=https://www.myfonts.com/products/regular-mrmarker-1221276
[2026-09-11T11:09:14Z] #312 attempt=1/2 status=200 0.303s url=https://www.myfonts.com/collections/mrmarker-font-paratype/
[2026-09-11T11:09:15Z] #313 attempt=1/2 status=200 0.176s url=https://www.myfonts.com/collections/mrmarker-font-paratype/?tab=techSpecs
[2026-09-11T11:09:15Z] #314 attempt=1/2 status=200 0.334s url=https://www.myfonts.com/products/ostrich-complete-family-package-1217499
[2026-09-11T11:09:16Z] #315 attempt=1/2 status=200 0.383s url=https://www.myfonts.com/collections/ostrich-font-jafar07/
[2026-09-11T11:09:17Z] #316 attempt=1/2 status=200 0.525s url=https://www.myfonts.com/collections/ostrich-font-jafar07/?tab=techSpecs
[2026-09-11T11:09:20Z] #317 attempt=1/2 status=200 2.492s url=https://www.myfonts.com/products/essential-font-family-package-1221107
[2026-09-11T11:09:26Z] #318 attempt=1/2 status=200 5.625s url=https://www.myfonts.com/collections/gathime-font-logic-type/
[2026-09-11T11:09:31Z] #319 attempt=1/2 status=200 3.615s url=https://www.myfonts.com/collections/gathime-font-logic-type/?tab=techSpecs
[2026-09-11T11:09:33Z] #320 attempt=1/2 status=200 0.379s url=https://www.myfonts.com/products/phidias-block-package-1218153
[2026-09-11T11:09:34Z] #321 attempt=1/2 status=200 0.449s url=https://www.myfonts.com/collections/phidias-font-spencer-and-sons-co/
[2026-09-11T11:09:34Z] #322 attempt=1/2 status=200 0.508s url=https://www.myfonts.com/collections/phidias-font-spencer-and-sons-co/?tab=techSpecs
[2026-09-11T11:09:36Z] #323 attempt=1/2 status=200 0.343s url=https://www.myfonts.com/products/finlado-variable-complete-family-package-1220454
[2026-09-11T11:09:36Z] #324 attempt=1/2 status=200 0.426s url=https://www.myfonts.com/collections/finlado-variable-font-bartama-graphic/
[2026-09-11T11:09:37Z] #325 attempt=1/2 status=200 0.367s url=https://www.myfonts.com/collections/finlado-variable-font-bartama-graphic/?tab=techSpecs
[2026-09-11T11:09:38Z] #326 attempt=1/2 status=200 0.349s url=https://www.myfonts.com/products/nathen-complete-family-package-1217503
[2026-09-11T11:09:39Z] #327 attempt=1/2 status=200 0.469s url=https://www.myfonts.com/collections/nathen-font-ekahermawan/
[2026-09-11T11:09:39Z] #328 attempt=1/2 status=200 0.500s url=https://www.myfonts.com/collections/nathen-font-ekahermawan/?tab=techSpecs
[2026-09-11T11:09:40Z] #329 attempt=1/2 status=200 0.450s url=https://www.myfonts.com/products/snasm-complete-family-package-1219001
[2026-09-11T11:09:41Z] #330 attempt=1/2 status=200 0.560s url=https://www.myfonts.com/collections/snasm-font-typodermic/
[2026-09-11T11:09:42Z] #331 attempt=1/2 status=200 0.206s url=https://www.myfonts.com/collections/snasm-font-typodermic/?tab=techSpecs
[2026-09-11T11:09:44Z] #332 attempt=1/2 status=200 1.114s url=https://www.myfonts.com/products/the-selfia-elegance-complete-family-package-1217930
[2026-09-11T11:09:46Z] #333 attempt=1/2 status=200 1.578s url=https://www.myfonts.com/collections/the-selfia-elegance-font-romie-creative/
[2026-09-11T11:09:48Z] #334 attempt=1/2 status=200 1.642s url=https://www.myfonts.com/collections/the-selfia-elegance-font-romie-creative/?tab=techSpecs
[2026-09-11T11:09:49Z] #335 attempt=1/2 status=200 0.495s url=https://www.myfonts.com/products/laga-complete-family-package-1218657
[2026-09-11T11:09:50Z] #336 attempt=1/2 status=200 0.589s url=https://www.myfonts.com/collections/laga-font-typerasa/
[2026-09-11T11:09:51Z] #337 attempt=1/2 status=200 0.595s url=https://www.myfonts.com/collections/laga-font-typerasa/?tab=techSpecs
[2026-09-11T11:09:56Z] #338 attempt=1/2 status=200 4.195s url=https://www.myfonts.com/products/tanflisc-complete-family-package-1218592
[2026-09-11T11:10:00Z] #339 attempt=1/2 status=200 4.273s url=https://www.myfonts.com/collections/tanflisc-font-pista-mova/
[2026-09-11T11:10:05Z] #340 attempt=1/2 status=200 3.011s url=https://www.myfonts.com/collections/tanflisc-font-pista-mova/?tab=techSpecs
[2026-09-11T11:10:06Z] #341 attempt=1/2 status=200 0.388s url=https://www.myfonts.com/products/musty-serif-complete-family-package-1218768
[2026-09-11T11:10:07Z] #342 attempt=1/2 status=200 0.380s url=https://www.myfonts.com/collections/musty-serif-font-flawlessandco/
[2026-09-11T11:10:07Z] #343 attempt=1/2 status=200 0.195s url=https://www.myfonts.com/collections/musty-serif-font-flawlessandco/?tab=techSpecs
[2026-09-11T11:10:11Z] #344 attempt=1/2 status=200 3.012s url=https://www.myfonts.com/products/expanded-package-1221275
[2026-09-11T11:10:16Z] #345 attempt=1/2 status=200 4.098s url=https://www.myfonts.com/collections/polisha-reynold-font-bosstypestudio/
[2026-09-11T11:10:18Z] #346 attempt=1/2 status=200 0.492s url=https://www.myfonts.com/collections/polisha-reynold-font-bosstypestudio/?tab=techSpecs
[2026-09-11T11:10:19Z] #347 attempt=1/2 status=200 0.318s url=https://www.myfonts.com/products/jellybean-lemonade-complete-family-package-1218195
[2026-09-11T11:10:20Z] #348 attempt=1/2 status=200 0.378s url=https://www.myfonts.com/collections/jellybean-lemonade-font-jinan-studio/
[2026-09-11T11:10:21Z] #349 attempt=1/2 status=200 0.403s url=https://www.myfonts.com/collections/jellybean-lemonade-font-jinan-studio/?tab=techSpecs
[2026-09-11T11:10:22Z] #350 attempt=1/2 status=200 0.651s url=https://www.myfonts.com/products/ayah-complete-family-package-1218114
[2026-09-11T11:10:23Z] #351 attempt=1/2 status=200 0.796s url=https://www.myfonts.com/collections/ayah-font-abbastype/
[2026-09-11T11:10:24Z] #352 attempt=1/2 status=200 0.805s url=https://www.myfonts.com/collections/ayah-font-abbastype/?tab=techSpecs
[2026-09-11T11:10:25Z] #353 attempt=1/2 status=200 0.348s url=https://www.myfonts.com/products/naglia-complete-family-package-1218944
[2026-09-11T11:10:26Z] #354 attempt=1/2 status=200 0.393s url=https://www.myfonts.com/collections/naglia-font-vultype-co/
[2026-09-11T11:10:27Z] #355 attempt=1/2 status=200 0.397s url=https://www.myfonts.com/collections/naglia-font-vultype-co/?tab=techSpecs
[2026-09-11T11:10:28Z] #356 attempt=1/2 status=200 0.337s url=https://www.myfonts.com/products/hamidlak-complete-family-package-1218526
[2026-09-11T11:10:28Z] #357 attempt=1/2 status=200 0.371s url=https://www.myfonts.com/collections/hamidlak-font-maulana-creative/
[2026-09-11T11:10:29Z] #358 attempt=1/2 status=200 0.199s url=https://www.myfonts.com/collections/hamidlak-font-maulana-creative/?tab=techSpecs
[2026-09-11T11:10:31Z] #359 attempt=1/2 status=200 1.048s url=https://www.myfonts.com/products/ranykinaya-bold-complete-family-package-1219252
[2026-09-11T11:10:32Z] #360 attempt=1/2 status=200 1.278s url=https://www.myfonts.com/collections/ranykinaya-bold-font-abbastype/
[2026-09-11T11:10:34Z] #361 attempt=1/2 status=200 1.574s url=https://www.myfonts.com/collections/ranykinaya-bold-font-abbastype/?tab=techSpecs
[2026-09-11T11:10:35Z] #362 attempt=1/2 status=200 0.306s url=https://www.myfonts.com/products/rellia-complete-family-package-1220303
[2026-09-11T11:10:36Z] #363 attempt=1/2 status=200 0.368s url=https://www.myfonts.com/collections/rellia-font-anxietype-foundry/
[2026-09-11T11:10:37Z] #364 attempt=1/2 status=200 0.428s url=https://www.myfonts.com/collections/rellia-font-anxietype-foundry/?tab=techSpecs
[2026-09-11T11:10:38Z] #365 attempt=1/2 status=200 0.340s url=https://www.myfonts.com/products/heritage-angles-complete-family-package-1217518
[2026-09-11T11:10:38Z] #366 attempt=1/2 status=200 0.372s url=https://www.myfonts.com/collections/heritage-angles-font-vermilione/
[2026-09-11T11:10:39Z] #367 attempt=1/2 status=200 0.412s url=https://www.myfonts.com/collections/heritage-angles-font-vermilione/?tab=techSpecs
[2026-09-11T11:10:40Z] #368 attempt=1/2 status=200 0.391s url=https://www.myfonts.com/products/kufi-20-complete-family-package-1219019
[2026-09-11T11:10:41Z] #369 attempt=1/2 status=200 0.638s url=https://www.myfonts.com/collections/kufi-20-font-grafikarfonts/
[2026-09-11T11:10:42Z] #370 attempt=1/2 status=200 0.424s url=https://www.myfonts.com/collections/kufi-20-font-grafikarfonts/?tab=techSpecs
[2026-09-11T11:10:44Z] #371 attempt=1/2 status=200 1.194s url=https://www.myfonts.com/products/valetia-complete-family-package-1219046
[2026-09-11T11:10:45Z] #372 attempt=1/2 status=200 1.332s url=https://www.myfonts.com/collections/valetia-font-abbastype/
[2026-09-11T11:10:48Z] #373 attempt=1/2 status=200 1.961s url=https://www.myfonts.com/collections/valetia-font-abbastype/?tab=techSpecs
[2026-09-11T11:10:51Z] #374 attempt=1/2 status=200 2.601s url=https://www.myfonts.com/products/normal-package-1219481
[2026-09-11T11:10:56Z] #375 attempt=1/2 status=200 4.813s url=https://www.myfonts.com/collections/gafisah-font-rotterlab-studio/
[2026-09-11T11:10:58Z] #376 attempt=1/2 status=200 0.471s url=https://www.myfonts.com/collections/gafisah-font-rotterlab-studio/?tab=techSpecs
[2026-09-11T11:11:00Z] #377 attempt=1/2 status=200 0.380s url=https://www.myfonts.com/products/curlovia-complete-family-package-1218881
[2026-09-11T11:11:01Z] #378 attempt=1/2 status=200 0.333s url=https://www.myfonts.com/collections/curlovia-font-tini-fitriani/
[2026-09-11T11:11:01Z] #379 attempt=1/2 status=200 0.232s url=https://www.myfonts.com/collections/curlovia-font-tini-fitriani/?tab=techSpecs
[2026-09-11T11:11:04Z] #380 attempt=1/2 status=200 2.167s url=https://www.myfonts.com/products/en-passant-complete-family-package-1217550
[2026-09-11T11:11:06Z] #381 attempt=1/2 status=200 1.880s url=https://www.myfonts.com/collections/en-passant-font-artisan-studio/
[2026-09-11T11:11:10Z] #382 attempt=1/2 status=200 2.798s url=https://www.myfonts.com/collections/en-passant-font-artisan-studio/?tab=techSpecs
[2026-09-11T11:11:12Z] #383 attempt=1/2 status=200 0.336s url=https://www.myfonts.com/products/bravoon-complete-family-package-1219037
[2026-09-11T11:11:12Z] #384 attempt=1/2 status=200 0.324s url=https://www.myfonts.com/collections/bravoon-font-muksal-creatives/
[2026-09-11T11:11:13Z] #385 attempt=1/2 status=200 0.402s url=https://www.myfonts.com/collections/bravoon-font-muksal-creatives/?tab=techSpecs
[2026-09-11T11:11:15Z] #386 attempt=1/2 status=200 1.044s url=https://www.myfonts.com/products/hanasoba-soft-complete-family-package-1218238
[2026-09-11T11:11:16Z] #387 attempt=1/2 status=200 1.137s url=https://www.myfonts.com/collections/hanasoba-soft-font-creatorism/
[2026-09-11T11:11:18Z] #388 attempt=1/2 status=200 1.467s url=https://www.myfonts.com/collections/hanasoba-soft-font-creatorism/?tab=techSpecs
[2026-09-11T11:11:21Z] #389 attempt=1/2 status=200 1.759s url=https://www.myfonts.com/products/fendrok-complete-family-package-1217549
[2026-09-11T11:11:23Z] #390 attempt=1/2 status=200 1.808s url=https://www.myfonts.com/collections/fendrok-font-stripes-studio/
[2026-09-11T11:11:26Z] #391 attempt=1/2 status=200 2.002s url=https://www.myfonts.com/collections/fendrok-font-stripes-studio/?tab=techSpecs
[2026-09-11T11:11:28Z] #392 attempt=1/2 status=200 1.036s url=https://www.myfonts.com/products/bunda-complete-family-package-1219483
[2026-09-11T11:11:29Z] #393 attempt=1/2 status=200 1.276s url=https://www.myfonts.com/collections/bunda-font-abbastype/
[2026-09-11T11:11:32Z] #394 attempt=1/2 status=200 1.728s url=https://www.myfonts.com/collections/bunda-font-abbastype/?tab=techSpecs
[2026-09-11T11:11:34Z] #395 attempt=1/2 status=200 1.712s url=https://www.myfonts.com/products/loreva-complete-family-package-1219665
[2026-09-11T11:11:36Z] #396 attempt=1/2 status=200 1.719s url=https://www.myfonts.com/collections/loreva-font-trick-type-style/
[2026-09-11T11:11:39Z] #397 attempt=1/2 status=200 2.306s url=https://www.myfonts.com/collections/loreva-font-trick-type-style/?tab=techSpecs
[2026-09-11T11:11:41Z] #398 attempt=1/2 status=200 0.436s url=https://www.myfonts.com/products/valloria-complete-family-package-1217521
[2026-09-11T11:11:42Z] #399 attempt=1/2 status=200 0.473s url=https://www.myfonts.com/collections/valloria-font-flawlessandco/
[2026-09-11T11:11:42Z] #400 attempt=1/2 status=200 0.524s url=https://www.myfonts.com/collections/valloria-font-flawlessandco/?tab=techSpecs
[2026-09-11T11:11:44Z] #401 attempt=1/2 status=200 1.107s url=https://www.myfonts.com/products/crayola-complete-family-package-1220306
[2026-09-11T11:11:46Z] #402 attempt=1/2 status=200 1.605s url=https://www.myfonts.com/collections/crayola-font-dorado-foundry/
[2026-09-11T11:11:50Z] #403 attempt=1/2 status=200 2.649s url=https://www.myfonts.com/collections/crayola-font-dorado-foundry/?tab=techSpecs
[2026-09-11T11:11:51Z] #404 attempt=1/2 status=200 0.333s url=https://www.myfonts.com/products/ss-macrola-complete-family-package-1219042
[2026-09-11T11:11:51Z] #405 attempt=1/2 status=200 0.362s url=https://www.myfonts.com/collections/ss-macrola-font-vermilione/
[2026-09-11T11:11:52Z] #406 attempt=1/2 status=200 0.323s url=https://www.myfonts.com/collections/ss-macrola-font-vermilione/?tab=techSpecs
[2026-09-11T11:11:54Z] #407 attempt=1/2 status=200 0.767s url=https://www.myfonts.com/products/poster-press-printed-complete-family-package-1218194
[2026-09-11T11:11:55Z] #408 attempt=1/2 status=200 0.942s url=https://www.myfonts.com/collections/poster-press-font-spencer-and-sons-co/
[2026-09-11T11:11:56Z] #409 attempt=1/2 status=200 0.779s url=https://www.myfonts.com/collections/poster-press-font-spencer-and-sons-co/?tab=techSpecs
[2026-09-11T11:11:57Z] #410 attempt=1/2 status=200 0.379s url=https://www.myfonts.com/products/aeroline-linear-complete-family-package-1219028
[2026-09-11T11:11:58Z] #411 attempt=1/2 status=200 0.462s url=https://www.myfonts.com/collections/aeroline-linear-font-kufic-studio/
[2026-09-11T11:11:59Z] #412 attempt=1/2 status=200 0.442s url=https://www.myfonts.com/collections/aeroline-linear-font-kufic-studio/?tab=techSpecs
[2026-09-11T11:12:00Z] #413 attempt=1/2 status=200 0.352s url=https://www.myfonts.com/products/qubbe-complete-family-package-1219014
[2026-09-11T11:12:00Z] #414 attempt=1/2 status=200 0.358s url=https://www.myfonts.com/collections/qubbe-font-ahmet-altun/
[2026-09-11T11:12:01Z] #415 attempt=1/2 status=200 0.434s url=https://www.myfonts.com/collections/qubbe-font-ahmet-altun/?tab=techSpecs
[2026-09-11T11:12:03Z] #416 attempt=1/2 status=200 1.055s url=https://www.myfonts.com/products/kerling-script-complete-family-package-1218529
[2026-09-11T11:12:04Z] #417 attempt=1/2 status=200 1.145s url=https://www.myfonts.com/collections/kerling-script-font-abbastype/
[2026-09-11T11:12:06Z] #418 attempt=1/2 status=200 1.242s url=https://www.myfonts.com/collections/kerling-script-font-abbastype/?tab=techSpecs
[2026-09-11T11:12:07Z] #419 attempt=1/2 status=200 0.345s url=https://www.myfonts.com/products/mirety-complete-family-package-1218996
[2026-09-11T11:12:08Z] #420 attempt=1/2 status=200 0.414s url=https://www.myfonts.com/collections/mirety-font-issam-type/
[2026-09-11T11:12:08Z] #421 attempt=1/2 status=200 0.192s url=https://www.myfonts.com/collections/mirety-font-issam-type/?tab=techSpecs
[2026-09-11T11:12:11Z] #422 attempt=1/2 status=200 1.734s url=https://www.myfonts.com/products/gasterik-complete-family-package-1218198
[2026-09-11T11:12:14Z] #423 attempt=1/2 status=200 2.820s url=https://www.myfonts.com/collections/gasterik-font-josstype/
[2026-09-11T11:12:16Z] #424 attempt=1/2 status=200 1.585s url=https://www.myfonts.com/collections/gasterik-font-josstype/?tab=techSpecs
[2026-09-11T11:12:20Z] #425 attempt=1/2 status=200 2.767s url=https://www.myfonts.com/products/rounded-package-1220301
[2026-09-11T11:12:24Z] #426 attempt=1/2 status=200 3.600s url=https://www.myfonts.com/collections/flatoue-font-fontdroe/
[2026-09-11T11:12:26Z] #427 attempt=1/2 status=200 0.466s url=https://www.myfonts.com/collections/flatoue-font-fontdroe/?tab=techSpecs
[2026-09-11T11:12:28Z] #428 attempt=1/2 status=200 0.416s url=https://www.myfonts.com/products/veyrix-complete-family-package-1217472
[2026-09-11T11:12:28Z] #429 attempt=1/2 status=200 0.463s url=https://www.myfonts.com/collections/veyrix-font-qiubare-studio/
[2026-09-11T11:12:29Z] #430 attempt=1/2 status=200 0.406s url=https://www.myfonts.com/collections/veyrix-font-qiubare-studio/?tab=techSpecs
[2026-09-11T11:12:30Z] #431 attempt=1/2 status=200 0.341s url=https://www.myfonts.com/products/grily-complete-family-package-1217489
[2026-09-11T11:12:31Z] #432 attempt=1/2 status=200 0.519s url=https://www.myfonts.com/collections/grily-font-artiveko/
[2026-09-11T11:12:32Z] #433 attempt=1/2 status=200 0.346s url=https://www.myfonts.com/collections/grily-font-artiveko/?tab=techSpecs
[2026-09-11T11:12:33Z] #434 attempt=1/2 status=200 1.273s url=https://www.myfonts.com/products/amigora-complete-family-package-1218001
[2026-09-11T11:12:35Z] #435 attempt=1/2 status=200 1.003s url=https://www.myfonts.com/collections/amigora-font-zane-studio/
[2026-09-11T11:12:36Z] #436 attempt=1/2 status=200 1.198s url=https://www.myfonts.com/collections/amigora-font-zane-studio/?tab=techSpecs
[2026-09-11T11:12:38Z] #437 attempt=1/2 status=200 0.328s url=https://www.myfonts.com/products/murisa-ida-complete-family-package-1219025
[2026-09-11T11:12:38Z] #438 attempt=1/2 status=200 0.415s url=https://www.myfonts.com/collections/murisa-ida-font-murisa-studio/
[2026-09-11T11:12:39Z] #439 attempt=1/2 status=200 0.323s url=https://www.myfonts.com/collections/murisa-ida-font-murisa-studio/?tab=techSpecs
[2026-09-11T11:12:41Z] #440 attempt=1/2 status=200 1.096s url=https://www.myfonts.com/products/gilferos-cntr-complete-family-package-1218453
[2026-09-11T11:12:42Z] #441 attempt=1/2 status=200 1.102s url=https://www.myfonts.com/collections/gilferos-cntr-font-gatype/
[2026-09-11T11:12:44Z] #442 attempt=1/2 status=200 1.180s url=https://www.myfonts.com/collections/gilferos-cntr-font-gatype/?tab=techSpecs
[2026-09-11T11:12:45Z] #443 attempt=1/2 status=200 0.365s url=https://www.myfonts.com/products/bouncy-mochi-complete-family-package-1217513
[2026-09-11T11:12:46Z] #444 attempt=1/2 status=200 0.335s url=https://www.myfonts.com/collections/bouncy-mochi-font-cocodesign/
[2026-09-11T11:12:46Z] #445 attempt=1/2 status=200 0.203s url=https://www.myfonts.com/collections/bouncy-mochi-font-cocodesign/?tab=techSpecs
[2026-09-11T11:12:48Z] #446 attempt=1/6 status=200 0.875s url=https://www.myfonts.com/products.json?limit=100&page=9
[2026-09-11T11:12:49Z] #447 attempt=1/2 status=200 1.103s url=https://www.myfonts.com/products/heyhai-complete-family-package-1219568
[2026-09-11T11:12:51Z] #448 attempt=1/2 status=200 1.629s url=https://www.myfonts.com/collections/heyhai-font-abbastype/
[2026-09-11T11:12:52Z] #449 attempt=1/2 status=200 0.357s url=https://www.myfonts.com/collections/heyhai-font-abbastype/?tab=techSpecs
[2026-09-11T11:12:53Z] #450 attempt=1/2 status=200 0.330s url=https://www.myfonts.com/products/taska-complete-family-package-1217485
[2026-09-11T11:12:54Z] #451 attempt=1/2 status=200 0.370s url=https://www.myfonts.com/collections/taska-font-hishand-studio/
[2026-09-11T11:12:55Z] #452 attempt=1/2 status=200 0.399s url=https://www.myfonts.com/collections/taska-font-hishand-studio/?tab=techSpecs
[2026-09-11T11:12:57Z] #453 attempt=1/2 status=200 1.761s url=https://www.myfonts.com/products/ethnology-complete-family-package-1219828
[2026-09-11T11:13:00Z] #454 attempt=1/2 status=200 2.876s url=https://www.myfonts.com/collections/ethnology-font-groenstudio/
[2026-09-11T11:13:02Z] #455 attempt=1/2 status=200 0.450s url=https://www.myfonts.com/collections/ethnology-font-groenstudio/?tab=techSpecs
[2026-09-11T11:13:04Z] #456 attempt=1/6 status=200 0.850s url=https://www.myfonts.com/products.json?limit=100&page=10
[2026-09-11T11:13:05Z] #457 attempt=1/2 status=200 0.319s url=https://www.myfonts.com/products/regular-herjima-1218452
[2026-09-11T11:13:05Z] #458 attempt=1/2 status=200 0.307s url=https://www.myfonts.com/collections/herjima-font-arif-novianto/
[2026-09-11T11:13:06Z] #459 attempt=1/2 status=200 0.328s url=https://www.myfonts.com/collections/herjima-font-arif-novianto/?tab=techSpecs
[2026-09-11T11:13:07Z] #460 attempt=1/6 status=200 0.921s url=https://www.myfonts.com/products.json?limit=100&page=11
[2026-09-11T11:13:08Z] #461 attempt=1/2 status=200 0.312s url=https://www.myfonts.com/products/regular-velmiqura-1219041
[2026-09-11T11:13:09Z] #462 attempt=1/2 status=200 0.313s url=https://www.myfonts.com/collections/velmiqura-font-arif-novianto/
[2026-09-11T11:13:09Z] #463 attempt=1/2 status=200 0.282s url=https://www.myfonts.com/collections/velmiqura-font-arif-novianto/?tab=techSpecs
[2026-09-11T11:13:11Z] #464 attempt=1/6 status=200 0.911s url=https://www.myfonts.com/products.json?limit=100&page=12
[2026-09-11T11:13:12Z] #465 attempt=1/6 status=200 0.881s url=https://www.myfonts.com/products.json?limit=100&page=13
[2026-09-11T11:13:14Z] #466 attempt=1/6 status=200 0.831s url=https://www.myfonts.com/products.json?limit=100&page=14
[2026-09-11T11:13:15Z] #467 attempt=1/6 status=200 0.930s url=https://www.myfonts.com/products.json?limit=100&page=15
[2026-09-11T11:13:17Z] #468 attempt=1/6 status=200 0.967s url=https://www.myfonts.com/products.json?limit=100&page=16
[2026-09-11T11:13:17Z] #469 attempt=1/2 status=200 0.273s url=https://www.myfonts.com/products/regular-chetabi-1219045
[2026-09-11T11:13:18Z] #470 attempt=1/2 status=200 0.338s url=https://www.myfonts.com/collections/chetabi-font-maulana-creative/
[2026-09-11T11:13:18Z] #471 attempt=1/2 status=200 0.286s url=https://www.myfonts.com/collections/chetabi-font-maulana-creative/?tab=techSpecs
[2026-09-11T11:13:20Z] #472 attempt=1/6 status=200 0.962s url=https://www.myfonts.com/products.json?limit=100&page=17
[2026-09-11T11:13:21Z] #473 attempt=1/6 status=200 0.889s url=https://www.myfonts.com/products.json?limit=100&page=18
[2026-09-11T11:13:22Z] #474 attempt=1/2 status=200 0.319s url=https://www.myfonts.com/products/regular-rosewater-1218994
[2026-09-11T11:13:23Z] #475 attempt=1/2 status=200 0.356s url=https://www.myfonts.com/collections/rosewater-font-fontcake/
[2026-09-11T11:13:23Z] #476 attempt=1/2 status=200 0.308s url=https://www.myfonts.com/collections/rosewater-font-fontcake/?tab=techSpecs
[2026-09-11T11:13:25Z] #477 attempt=1/6 status=200 0.829s url=https://www.myfonts.com/products.json?limit=100&page=19
[2026-09-11T11:13:26Z] #478 attempt=1/6 status=200 0.818s url=https://www.myfonts.com/products.json?limit=100&page=20
[2026-09-11T11:13:27Z] #479 attempt=1/2 status=200 0.322s url=https://www.myfonts.com/products/light-favoralight-1219829
[2026-09-11T11:13:27Z] #480 attempt=1/2 status=200 0.327s url=https://www.myfonts.com/collections/favoralight-font-dgsa-type-foundry/
[2026-09-11T11:13:28Z] #481 attempt=1/2 status=200 0.230s url=https://www.myfonts.com/collections/favoralight-font-dgsa-type-foundry/?tab=techSpecs
[2026-09-11T11:13:29Z] #482 attempt=1/6 status=200 0.871s url=https://www.myfonts.com/products.json?limit=100&page=21
[2026-09-11T11:13:31Z] #483 attempt=1/6 status=200 0.838s url=https://www.myfonts.com/products.json?limit=100&page=22
[2026-09-11T11:13:32Z] #484 attempt=1/6 status=200 0.875s url=https://www.myfonts.com/products.json?limit=100&page=23
[2026-09-11T11:13:33Z] #485 attempt=1/2 status=200 0.294s url=https://www.myfonts.com/products/regular-ranthina-1219018
[2026-09-11T11:13:33Z] #486 attempt=1/2 status=200 0.318s url=https://www.myfonts.com/collections/ranthina-font-dgtype/
[2026-09-11T11:13:34Z] #487 attempt=1/2 status=200 0.192s url=https://www.myfonts.com/collections/ranthina-font-dgtype/?tab=techSpecs
[2026-09-11T11:13:35Z] #488 attempt=1/6 status=200 0.875s url=https://www.myfonts.com/products.json?limit=100&page=24
[2026-09-11T11:13:36Z] #489 attempt=1/2 status=200 0.329s url=https://www.myfonts.com/products/regular-machinay-1220453
[2026-09-11T11:13:36Z] #490 attempt=1/2 status=200 0.294s url=https://www.myfonts.com/collections/machinay-font-hishand-studio/
[2026-09-11T11:13:37Z] #491 attempt=1/2 status=200 0.295s url=https://www.myfonts.com/collections/machinay-font-hishand-studio/?tab=techSpecs
[2026-09-11T11:13:38Z] #492 attempt=1/2 status=200 0.307s url=https://www.myfonts.com/products/regular-miracle-friday-1219040
[2026-09-11T11:13:38Z] #493 attempt=1/2 status=200 0.318s url=https://www.myfonts.com/collections/miracle-friday-font-anxietype-foundry/
[2026-09-11T11:13:39Z] #494 attempt=1/2 status=200 0.189s url=https://www.myfonts.com/collections/miracle-friday-font-anxietype-foundry/?tab=techSpecs
[2026-09-11T11:13:40Z] #495 attempt=1/6 status=200 0.884s url=https://www.myfonts.com/products.json?limit=100&page=25
[2026-09-11T11:13:40Z] summary releases=722 first_429=None log_file=state/myfonts_run_20260911_110507.log
[2026-09-11T11:13:40Z] saved_success_profile path=state/myfonts_success_profile.json
[2026-09-11T11:13:40Z] === MyFonts crawl end ===
