[2026-08-18T06:55:52Z] checkpoint fresh next_page=1 path=state/myfonts_crawl_checkpoint.json
[2026-08-18T06:55:52Z] === MyFonts crawl start source=myfonts ===
[2026-08-18T06:55:52Z] config max_pages=25 page_size=100 start_date=2026-08-17 end_date=2026-08-18 api_delay=0.5s detail_delay=0.2s max_debut_checks=400 max_tech_specs_checks=200 reuse_success_profile=False always_enrich_packages=True language_script_signal_mode=strong force_fresh_run=False start_page=1 browser_mode=False browser_headless=True browser_storage_state_path=state/myfonts_storage_state.json
[2026-08-18T06:55:54Z] #1 attempt=1/6 status=200 1.057s url=https://www.myfonts.com/products.json?limit=100&page=1
[2026-08-18T06:55:54Z] #2 attempt=1/2 status=200 0.368s url=https://www.myfonts.com/products/sbrougher-complete-family-package-1204236
[2026-08-18T06:55:55Z] #3 attempt=1/2 status=200 0.375s url=https://www.myfonts.com/collections/sbrougher-font-griyotype/
[2026-08-18T06:55:55Z] #4 attempt=1/2 status=200 0.203s url=https://www.myfonts.com/collections/sbrougher-font-griyotype/?tab=techSpecs
[2026-08-18T06:55:57Z] #5 attempt=1/2 status=200 0.818s url=https://www.myfonts.com/products/brunellaupa-extexpgrade-brunella-script-1204635
[2026-08-18T06:55:58Z] #6 attempt=1/2 status=200 1.293s url=https://www.myfonts.com/collections/brunella-script-font-seniors-studio/
[2026-08-18T06:55:59Z] #7 attempt=1/2 status=200 0.288s url=https://www.myfonts.com/collections/brunella-script-font-seniors-studio/?tab=techSpecs
[2026-08-18T06:56:01Z] #8 attempt=1/2 status=200 0.377s url=https://www.myfonts.com/products/semi-bold-semi-condensed-trion-sans-1204306
[2026-08-18T06:56:01Z] #9 attempt=1/2 status=200 0.352s url=https://www.myfonts.com/collections/trion-sans-font-trick-type-style/
[2026-08-18T06:56:02Z] #10 attempt=1/2 status=200 0.194s url=https://www.myfonts.com/collections/trion-sans-font-trick-type-style/?tab=techSpecs
[2026-08-18T06:56:03Z] #11 attempt=1/2 status=200 0.361s url=https://www.myfonts.com/products/regular-starbuth-1204235
[2026-08-18T06:56:03Z] #12 attempt=1/2 status=200 0.416s url=https://www.myfonts.com/collections/starbuth-font-syafbe/
[2026-08-18T06:56:04Z] #13 attempt=1/2 status=200 0.206s url=https://www.myfonts.com/collections/starbuth-font-syafbe/?tab=techSpecs
[2026-08-18T06:56:05Z] #14 attempt=1/2 status=200 0.341s url=https://www.myfonts.com/products/formal-regular-luxable-1204213
[2026-08-18T06:56:05Z] #15 attempt=1/2 status=200 0.371s url=https://www.myfonts.com/collections/luxable-font-varifont/
[2026-08-18T06:56:06Z] #16 attempt=1/2 status=200 0.196s url=https://www.myfonts.com/collections/luxable-font-varifont/?tab=techSpecs
[2026-08-18T06:56:07Z] #17 attempt=1/2 status=200 0.355s url=https://www.myfonts.com/products/regular-zumpy-1204239
[2026-08-18T06:56:07Z] #18 attempt=1/2 status=200 0.358s url=https://www.myfonts.com/collections/zumpy-font-ezinxo-foundry/
[2026-08-18T06:56:08Z] #19 attempt=1/2 status=200 0.204s url=https://www.myfonts.com/collections/zumpy-font-ezinxo-foundry/?tab=techSpecs
[2026-08-18T06:56:09Z] #20 attempt=1/2 status=200 0.365s url=https://www.myfonts.com/products/regular-theodore-hamilton-1204240
[2026-08-18T06:56:09Z] #21 attempt=1/2 status=200 0.365s url=https://www.myfonts.com/collections/theodore-hamilton-font-lemonthe/
[2026-08-18T06:56:10Z] #22 attempt=1/2 status=200 0.188s url=https://www.myfonts.com/collections/theodore-hamilton-font-lemonthe/?tab=techSpecs
[2026-08-18T06:56:12Z] #23 attempt=1/6 status=200 0.944s url=https://www.myfonts.com/products.json?limit=100&page=2
[2026-08-18T06:56:12Z] #24 attempt=1/2 status=200 0.359s url=https://www.myfonts.com/products/regular-kawasemi-1204172
[2026-08-18T06:56:13Z] #25 attempt=1/2 status=200 0.331s url=https://www.myfonts.com/collections/kawasemi-font-myhandwritings/
[2026-08-18T06:56:13Z] #26 attempt=1/2 status=200 0.197s url=https://www.myfonts.com/collections/kawasemi-font-myhandwritings/?tab=techSpecs
[2026-08-18T06:56:14Z] #27 attempt=1/2 status=200 0.376s url=https://www.myfonts.com/products/regular-paffilo-1204185
[2026-08-18T06:56:15Z] #28 attempt=1/2 status=200 0.378s url=https://www.myfonts.com/collections/paffilo-font-syauqi-studio/
[2026-08-18T06:56:15Z] #29 attempt=1/2 status=200 0.182s url=https://www.myfonts.com/collections/paffilo-font-syauqi-studio/?tab=techSpecs
[2026-08-18T06:56:16Z] #30 attempt=1/2 status=200 0.362s url=https://www.myfonts.com/products/regular-rf-rack-1204170
[2026-08-18T06:56:17Z] #31 attempt=1/2 status=200 0.339s url=https://www.myfonts.com/collections/rf-rack-font-renegade-fonts/
[2026-08-18T06:56:17Z] #32 attempt=1/2 status=200 0.202s url=https://www.myfonts.com/collections/rf-rack-font-renegade-fonts/?tab=techSpecs
[2026-08-18T06:56:18Z] #33 attempt=1/2 status=200 0.334s url=https://www.myfonts.com/products/regular-demise-1204171
[2026-08-18T06:56:19Z] #34 attempt=1/2 status=200 0.398s url=https://www.myfonts.com/collections/demise-font-reyrey-blue-std/
[2026-08-18T06:56:19Z] #35 attempt=1/2 status=200 0.201s url=https://www.myfonts.com/collections/demise-font-reyrey-blue-std/?tab=techSpecs
[2026-08-18T06:56:20Z] #36 attempt=1/2 status=200 0.346s url=https://www.myfonts.com/products/regular-melta-bubbly-1204176
[2026-08-18T06:56:21Z] #37 attempt=1/2 status=200 0.375s url=https://www.myfonts.com/collections/melta-bubbly-font-struvictory-art/
[2026-08-18T06:56:22Z] #38 attempt=1/2 status=200 0.214s url=https://www.myfonts.com/collections/melta-bubbly-font-struvictory-art/?tab=techSpecs
[2026-08-18T06:56:23Z] #39 attempt=1/2 status=200 0.379s url=https://www.myfonts.com/products/dustnote-scribble-complete-family-package-1204155
[2026-08-18T06:56:23Z] #40 attempt=1/2 status=200 0.400s url=https://www.myfonts.com/collections/dustnote-scribble-font-prioritype/
[2026-08-18T06:56:24Z] #41 attempt=1/2 status=200 0.198s url=https://www.myfonts.com/collections/dustnote-scribble-font-prioritype/?tab=techSpecs
[2026-08-18T06:56:25Z] #42 attempt=1/2 status=200 0.360s url=https://www.myfonts.com/products/regular-nmmeltingchocolate-1204153
[2026-08-18T06:56:25Z] #43 attempt=1/2 status=200 0.333s url=https://www.myfonts.com/collections/nmmeltingchocolate-font-norm/
[2026-08-18T06:56:26Z] #44 attempt=1/2 status=200 0.205s url=https://www.myfonts.com/collections/nmmeltingchocolate-font-norm/?tab=techSpecs
[2026-08-18T06:56:27Z] #45 attempt=1/2 status=200 0.364s url=https://www.myfonts.com/products/regular-prak-phonical-1204154
[2026-08-18T06:56:27Z] #46 attempt=1/2 status=200 0.334s url=https://www.myfonts.com/collections/prak-phonical-font-praktypes/
[2026-08-18T06:56:28Z] #47 attempt=1/2 status=200 0.202s url=https://www.myfonts.com/collections/prak-phonical-font-praktypes/?tab=techSpecs
[2026-08-18T06:56:29Z] #48 attempt=1/2 status=200 0.346s url=https://www.myfonts.com/products/rawflesia-regular-rawflesia-hand-drawn-font-1204152
[2026-08-18T06:56:29Z] #49 attempt=1/2 status=200 0.357s url=https://www.myfonts.com/collections/rawflesia-hand-drawn-font-font-mufara-studio/
[2026-08-18T06:56:30Z] #50 attempt=1/2 status=200 0.201s url=https://www.myfonts.com/collections/rawflesia-hand-drawn-font-font-mufara-studio/?tab=techSpecs
[2026-08-18T06:56:31Z] #51 attempt=1/2 status=200 0.360s url=https://www.myfonts.com/products/mix-max-volume-regular-max-volume-1204151
[2026-08-18T06:56:31Z] #52 attempt=1/2 status=200 0.353s url=https://www.myfonts.com/collections/max-volume-font-mix-fonts/
[2026-08-18T06:56:32Z] #53 attempt=1/2 status=200 0.225s url=https://www.myfonts.com/collections/max-volume-font-mix-fonts/?tab=techSpecs
[2026-08-18T06:56:33Z] #54 attempt=1/2 status=200 0.544s url=https://www.myfonts.com/products/jinzero-complete-family-package-1164576
[2026-08-18T06:56:34Z] #55 attempt=1/2 status=200 0.567s url=https://www.myfonts.com/collections/jinzero-font-zafara-studios/
[2026-08-18T06:56:34Z] #56 attempt=1/2 status=200 0.229s url=https://www.myfonts.com/collections/jinzero-font-zafara-studios/?tab=techSpecs
[2026-08-18T06:56:35Z] #57 attempt=1/2 status=200 0.389s url=https://www.myfonts.com/products/fulava-complete-family-package-1204144
[2026-08-18T06:56:36Z] #58 attempt=1/2 status=200 0.415s url=https://www.myfonts.com/collections/fulava-font-illushvara/
[2026-08-18T06:56:37Z] #59 attempt=1/2 status=200 0.203s url=https://www.myfonts.com/collections/fulava-font-illushvara/?tab=techSpecs
[2026-08-18T06:56:38Z] #60 attempt=1/2 status=200 0.389s url=https://www.myfonts.com/products/renicey-complete-family-package-1204141
[2026-08-18T06:56:38Z] #61 attempt=1/2 status=200 0.416s url=https://www.myfonts.com/collections/renicey-font-hasnat-studio/
[2026-08-18T06:56:39Z] #62 attempt=1/2 status=200 0.244s url=https://www.myfonts.com/collections/renicey-font-hasnat-studio/?tab=techSpecs
[2026-08-18T06:56:41Z] #63 attempt=1/2 status=200 0.983s url=https://www.myfonts.com/products/semi-bold-extra-expanded-italic-selogia-1180624
[2026-08-18T06:56:42Z] #64 attempt=1/2 status=200 1.113s url=https://www.myfonts.com/collections/selogia-font-trick-type-style/
[2026-08-18T06:56:43Z] #65 attempt=1/2 status=200 0.295s url=https://www.myfonts.com/collections/selogia-font-trick-type-style/?tab=techSpecs
[2026-08-18T06:56:44Z] #66 attempt=1/2 status=200 0.338s url=https://www.myfonts.com/products/regular-oldisire-script-1204148
[2026-08-18T06:56:44Z] #67 attempt=1/2 status=429 0.028s url=https://www.myfonts.com/collections/oldisire-script-font-jolicia-type/
[2026-08-18T06:56:44Z] first_429 req=67 url=https://www.myfonts.com/collections/oldisire-script-font-jolicia-type/
[2026-08-18T06:56:47Z] #68 attempt=2/2 status=429 0.127s url=https://www.myfonts.com/collections/oldisire-script-font-jolicia-type/
[2026-08-18T06:56:52Z] max_retries_exhausted url=https://www.myfonts.com/collections/oldisire-script-font-jolicia-type/
[2026-08-18T06:56:52Z] #69 attempt=1/2 status=404 0.446s url=https://www.myfonts.com/collections/regular-oldisire-script-1204148-font-jolicia-type
[2026-08-18T06:56:53Z] #70 attempt=1/2 status=429 0.025s url=https://www.myfonts.com/products/regular-raissa-1168084
[2026-08-18T06:56:55Z] #71 attempt=2/2 status=429 0.123s url=https://www.myfonts.com/products/regular-raissa-1168084
[2026-08-18T06:57:00Z] max_retries_exhausted url=https://www.myfonts.com/products/regular-raissa-1168084
[2026-08-18T06:57:00Z] #72 attempt=1/2 status=429 0.136s url=https://www.myfonts.com/collections/regular-raissa-1168084-font-typoraith-co
[2026-08-18T06:57:03Z] #73 attempt=2/2 status=404 0.312s url=https://www.myfonts.com/collections/regular-raissa-1168084-font-typoraith-co
[2026-08-18T06:57:04Z] #74 attempt=1/2 status=200 0.381s url=https://www.myfonts.com/products/regular-floralice-1204097
[2026-08-18T06:57:04Z] #75 attempt=1/2 status=200 0.400s url=https://www.myfonts.com/collections/floralice-font-claymoon-lab-studio/
[2026-08-18T06:57:05Z] #76 attempt=1/2 status=200 0.415s url=https://www.myfonts.com/products/regular-waterboy-1204109
[2026-08-18T06:57:06Z] #77 attempt=1/2 status=200 0.371s url=https://www.myfonts.com/collections/waterboy-font-epiclinez/
[2026-08-18T06:57:07Z] #78 attempt=1/6 status=200 0.876s url=https://www.myfonts.com/products.json?limit=100&page=3
[2026-08-18T06:57:08Z] #79 attempt=1/2 status=200 0.448s url=https://www.myfonts.com/products/regular-bandosa-1204096
[2026-08-18T06:57:09Z] #80 attempt=1/2 status=200 0.353s url=https://www.myfonts.com/collections/bandosa-font-blankids/
[2026-08-18T06:57:09Z] #81 attempt=1/2 status=200 0.374s url=https://www.myfonts.com/products/regular-ac-leafs-1204085
[2026-08-18T06:57:09Z] #82 attempt=1/2 status=429 0.042s url=https://www.myfonts.com/collections/ac-leafs-font-antoine-crama/
[2026-08-18T06:57:12Z] #83 attempt=2/2 status=200 0.481s url=https://www.myfonts.com/collections/ac-leafs-font-antoine-crama/
[2026-08-18T06:57:13Z] #84 attempt=1/2 status=200 0.384s url=https://www.myfonts.com/products/regular-strum-genks-1204095
[2026-08-18T06:57:13Z] #85 attempt=1/2 status=200 0.451s url=https://www.myfonts.com/collections/strum-genks-font-black-junst/
[2026-08-18T06:57:14Z] #86 attempt=1/2 status=200 0.391s url=https://www.myfonts.com/products/regular-baroth-1204149
[2026-08-18T06:57:15Z] #87 attempt=1/2 status=200 0.375s url=https://www.myfonts.com/collections/baroth-font-koplexs-studio/
[2026-08-18T06:57:15Z] #88 attempt=1/2 status=200 0.438s url=https://www.myfonts.com/products/regular-chunky-sprout-1204147
[2026-08-18T06:57:16Z] #89 attempt=1/2 status=200 0.432s url=https://www.myfonts.com/collections/chunky-sprout-font-imoodev/
[2026-08-18T06:57:16Z] #90 attempt=1/2 status=429 0.041s url=https://www.myfonts.com/products/halja-complete-family-package-1192918
[2026-08-18T06:57:19Z] #91 attempt=2/2 status=200 0.473s url=https://www.myfonts.com/products/halja-complete-family-package-1192918
[2026-08-18T06:57:20Z] #92 attempt=1/2 status=200 0.361s url=https://www.myfonts.com/collections/halja-font-t-26/
[2026-08-18T06:57:20Z] #93 attempt=1/2 status=200 0.200s url=https://www.myfonts.com/collections/halja-font-t-26/
[2026-08-18T06:57:22Z] #94 attempt=1/2 status=200 1.937s url=https://www.myfonts.com/products/dravion-serif-complete-family-package-1203842
[2026-08-18T06:57:25Z] #95 attempt=1/2 status=200 2.092s url=https://www.myfonts.com/collections/dravion-serif-font-keren-studio/
[2026-08-18T06:57:26Z] #96 attempt=1/2 status=200 0.324s url=https://www.myfonts.com/products/yoon-urbanmodern-complete-family-package-1204025
[2026-08-18T06:57:26Z] #97 attempt=1/2 status=200 0.407s url=https://www.myfonts.com/collections/yoon-urbanmodern-font-yoon-design/
[2026-08-18T06:57:28Z] #98 attempt=1/2 status=200 1.162s url=https://www.myfonts.com/products/midland-luxury-complete-family-package-1203506
[2026-08-18T06:57:29Z] #99 attempt=1/2 status=200 1.142s url=https://www.myfonts.com/collections/midland-luxury-font-areatype/
[2026-08-18T06:57:31Z] #100 attempt=1/2 status=200 1.596s url=https://www.myfonts.com/products/callisen-complete-family-package-1203600
[2026-08-18T06:57:33Z] #101 attempt=1/2 status=200 1.785s url=https://www.myfonts.com/collections/callisen-font-zane-studio/
[2026-08-18T06:57:35Z] #102 attempt=1/2 status=200 0.426s url=https://www.myfonts.com/products/helio-rainbow-serif-complete-family-package-1203834
[2026-08-18T06:57:35Z] #103 attempt=1/2 status=200 0.385s url=https://www.myfonts.com/collections/helio-rainbow-serif-font-wacaksara-co/
[2026-08-18T06:57:36Z] #104 attempt=1/2 status=200 0.375s url=https://www.myfonts.com/products/blue-talk-complete-family-package-1203826
[2026-08-18T06:57:37Z] #105 attempt=1/2 status=200 0.461s url=https://www.myfonts.com/collections/blue-talk-font-pizzadude-dk/
[2026-08-18T06:57:37Z] #106 attempt=1/2 status=200 0.354s url=https://www.myfonts.com/products/the-villas-complete-family-package-1203837
[2026-08-18T06:57:38Z] #107 attempt=1/2 status=200 0.397s url=https://www.myfonts.com/collections/the-villas-font-nollev/
[2026-08-18T06:57:39Z] #108 attempt=1/2 status=200 0.417s url=https://www.myfonts.com/products/genya-complete-family-package-1203814
[2026-08-18T06:57:39Z] #109 attempt=1/2 status=200 0.485s url=https://www.myfonts.com/collections/genya-font-vermilione/
[2026-08-18T06:57:40Z] #110 attempt=1/2 status=200 0.469s url=https://www.myfonts.com/products/ringold-complete-family-package-1204062
[2026-08-18T06:57:41Z] #111 attempt=1/2 status=200 0.433s url=https://www.myfonts.com/collections/ringold-font-bijou-type/
[2026-08-18T06:57:43Z] #112 attempt=1/2 status=200 2.211s url=https://www.myfonts.com/products/soft-package-1204061
[2026-08-18T06:57:45Z] #113 attempt=1/2 status=200 2.020s url=https://www.myfonts.com/collections/norvixa-font-ajibatype/
[2026-08-18T06:57:47Z] #114 attempt=1/2 status=200 0.365s url=https://www.myfonts.com/products/geome-cute-complete-family-package-1203789
[2026-08-18T06:57:47Z] #115 attempt=1/2 status=200 0.387s url=https://www.myfonts.com/collections/geome-cute-font-kalam/
[2026-08-18T06:57:48Z] #116 attempt=1/2 status=200 0.364s url=https://www.myfonts.com/products/euples-complete-family-package-1203818
[2026-08-18T06:57:49Z] #117 attempt=1/2 status=200 0.390s url=https://www.myfonts.com/collections/euples-font-hasnat-studio/
[2026-08-18T06:57:49Z] #118 attempt=1/2 status=200 0.365s url=https://www.myfonts.com/products/rutro-complete-family-package-1204051
[2026-08-18T06:57:50Z] #119 attempt=1/2 status=200 0.368s url=https://www.myfonts.com/collections/rutro-font-artiveko/
[2026-08-18T06:57:51Z] #120 attempt=1/2 status=200 0.449s url=https://www.myfonts.com/products/amora-maison-complete-family-package-1204054
[2026-08-18T06:57:51Z] #121 attempt=1/2 status=200 0.395s url=https://www.myfonts.com/collections/amora-maison-font-maghrib-type/
[2026-08-18T06:57:52Z] #122 attempt=1/2 status=200 1.002s url=https://www.myfonts.com/products/cotnes-complete-family-package-1203696
[2026-08-18T06:57:54Z] #123 attempt=1/2 status=200 1.173s url=https://www.myfonts.com/collections/cotnes-font-aqeela-studio/
[2026-08-18T06:57:55Z] #124 attempt=1/2 status=200 0.393s url=https://www.myfonts.com/products/rigflek-complete-family-package-1203830
[2026-08-18T06:57:55Z] #125 attempt=1/2 status=200 0.363s url=https://www.myfonts.com/collections/rigflek-font-timelesstype-studio/
[2026-08-18T06:57:56Z] #126 attempt=1/2 status=200 0.425s url=https://www.myfonts.com/products/tbj-pros-vogen-complete-family-package-1200311
[2026-08-18T06:57:57Z] #127 attempt=1/2 status=200 0.439s url=https://www.myfonts.com/collections/tbj-pros-vogen-font-taboja-studio/
[2026-08-18T06:57:57Z] #128 attempt=1/2 status=200 0.388s url=https://www.myfonts.com/products/sf-nuha-complete-family-package-1204045
[2026-08-18T06:57:58Z] #129 attempt=1/2 status=200 0.430s url=https://www.myfonts.com/collections/sf-nuha-font-sultan-fonts/
[2026-08-18T06:57:59Z] #130 attempt=1/2 status=200 0.384s url=https://www.myfonts.com/products/merida-coast-complete-family-package-1204028
[2026-08-18T06:57:59Z] #131 attempt=1/2 status=200 0.405s url=https://www.myfonts.com/collections/merida-coast-font-letterhend/
[2026-08-18T06:58:00Z] #132 attempt=1/2 status=200 0.510s url=https://www.myfonts.com/products/novaform-complete-family-package-1203793
[2026-08-18T06:58:01Z] #133 attempt=1/2 status=200 0.610s url=https://www.myfonts.com/collections/novaform-font-moritz-kleinsorge/
[2026-08-18T06:58:03Z] #134 attempt=1/6 status=200 0.901s url=https://www.myfonts.com/products.json?limit=100&page=4
[2026-08-18T06:58:03Z] #135 attempt=1/2 status=200 0.373s url=https://www.myfonts.com/products/regular-nmsweetsnow-1203840
[2026-08-18T06:58:04Z] #136 attempt=1/2 status=200 0.349s url=https://www.myfonts.com/collections/nmsweetsnow-font-norm/
[2026-08-18T06:58:04Z] #137 attempt=1/2 status=200 0.344s url=https://www.myfonts.com/products/regular-evoire-1203833
[2026-08-18T06:58:05Z] #138 attempt=1/2 status=200 0.344s url=https://www.myfonts.com/collections/evoire-font-rasio-studio/
[2026-08-18T06:58:06Z] #139 attempt=1/2 status=200 0.365s url=https://www.myfonts.com/products/regular-nmoriginalcute-1203841
[2026-08-18T06:58:06Z] #140 attempt=1/2 status=200 0.411s url=https://www.myfonts.com/collections/nmoriginalcute-font-norm/
[2026-08-18T06:58:08Z] #141 attempt=1/6 status=200 0.788s url=https://www.myfonts.com/products.json?limit=100&page=5
[2026-08-18T06:58:09Z] #142 attempt=1/6 status=200 0.753s url=https://www.myfonts.com/products.json?limit=100&page=6
[2026-08-18T06:58:10Z] #143 attempt=1/6 status=200 0.897s url=https://www.myfonts.com/products.json?limit=100&page=7
[2026-08-18T06:58:12Z] #144 attempt=1/6 status=200 0.836s url=https://www.myfonts.com/products.json?limit=100&page=8
[2026-08-18T06:58:12Z] #145 attempt=1/2 status=200 0.424s url=https://www.myfonts.com/products/regular-morka-1204050
[2026-08-18T06:58:13Z] #146 attempt=1/2 status=200 0.368s url=https://www.myfonts.com/collections/morka-font-maghrib-type/
[2026-08-18T06:58:14Z] #147 attempt=1/2 status=200 0.349s url=https://www.myfonts.com/products/regular-ruana-1204059
[2026-08-18T06:58:14Z] #148 attempt=1/2 status=200 0.361s url=https://www.myfonts.com/collections/ruana-font-rasio-studio/
[2026-08-18T06:58:14Z] #149 attempt=1/2 status=429 0.026s url=https://www.myfonts.com/products/regular-emsen-1204058
[2026-08-18T06:58:17Z] #150 attempt=2/2 status=200 0.463s url=https://www.myfonts.com/products/regular-emsen-1204058
[2026-08-18T06:58:18Z] #151 attempt=1/2 status=200 0.369s url=https://www.myfonts.com/collections/emsen-font-rasio-studio/
[2026-08-18T06:58:18Z] #152 attempt=1/2 status=200 0.394s url=https://www.myfonts.com/products/regular-palgrace-1204057
[2026-08-18T06:58:19Z] #153 attempt=1/2 status=200 0.421s url=https://www.myfonts.com/collections/palgrace-font-vadova-std/
[2026-08-18T06:58:20Z] #154 attempt=1/2 status=200 0.400s url=https://www.myfonts.com/products/the-casillac-paramount-serif-complete-family-package-1204035
[2026-08-18T06:58:20Z] #155 attempt=1/2 status=429 0.037s url=https://www.myfonts.com/collections/the-casillac-paramount-serif-font-suza-studio/
[2026-08-18T06:58:23Z] #156 attempt=2/2 status=200 0.575s url=https://www.myfonts.com/collections/the-casillac-paramount-serif-font-suza-studio/
[2026-08-18T06:58:23Z] #157 attempt=1/2 status=200 0.418s url=https://www.myfonts.com/products/kindora-complete-family-package-1204042
[2026-08-18T06:58:24Z] #158 attempt=1/2 status=200 0.444s url=https://www.myfonts.com/collections/kindora-font-shape-studio/
[2026-08-18T06:58:25Z] #159 attempt=1/2 status=200 0.455s url=https://www.myfonts.com/products/oxelar-complete-family-package-1204039
[2026-08-18T06:58:26Z] #160 attempt=1/2 status=200 0.469s url=https://www.myfonts.com/collections/oxelar-font-font-liner/
[2026-08-18T06:58:26Z] #161 attempt=1/2 status=200 0.472s url=https://www.myfonts.com/products/regular-food-imaji-1204034
[2026-08-18T06:58:27Z] #162 attempt=1/2 status=200 0.582s url=https://www.myfonts.com/collections/food-imaji-font-illushvara/
[2026-08-18T06:58:29Z] #163 attempt=1/6 status=200 1.190s url=https://www.myfonts.com/products.json?limit=100&page=9
[2026-08-18T06:58:30Z] #164 attempt=1/2 status=200 0.512s url=https://www.myfonts.com/products/trasy-brush-complete-family-package-1203823
[2026-08-18T06:58:30Z] #165 attempt=1/2 status=200 0.509s url=https://www.myfonts.com/collections/trasy-brush-font-mei-suseno/
[2026-08-18T06:58:31Z] #166 attempt=1/2 status=200 0.633s url=https://www.myfonts.com/products/regular-rendey-1203466
[2026-08-18T06:58:33Z] #167 attempt=1/2 status=200 1.042s url=https://www.myfonts.com/collections/rendey-font-gatype/
[2026-08-18T06:58:34Z] #168 attempt=1/2 status=200 0.565s url=https://www.myfonts.com/products/italic-crossed-signals-pro-1203365
[2026-08-18T06:58:34Z] #169 attempt=1/2 status=200 0.494s url=https://www.myfonts.com/collections/crossed-signals-pro-font-hanoded/
[2026-08-18T06:58:36Z] #170 attempt=1/2 status=200 1.374s url=https://www.myfonts.com/products/cavellis-extra-bold-expanded-italic-cavellis-serif-1200872
[2026-08-18T06:58:37Z] #171 attempt=1/2 status=200 1.273s url=https://www.myfonts.com/collections/cavellis-serif-font-zane-studio/
[2026-08-18T06:58:39Z] #172 attempt=1/2 status=200 0.936s url=https://www.myfonts.com/products/grade-semi-condensed-salicraft-1203488
[2026-08-18T06:58:40Z] #173 attempt=1/2 status=200 1.012s url=https://www.myfonts.com/collections/salicraft-font-gatype/
[2026-08-18T06:58:41Z] #174 attempt=1/2 status=200 0.414s url=https://www.myfonts.com/products/regular-rayhan-script-1203822
[2026-08-18T06:58:42Z] #175 attempt=1/2 status=200 0.392s url=https://www.myfonts.com/collections/rayhan-script-font-namela/
[2026-08-18T06:58:42Z] #176 attempt=1/2 status=200 0.419s url=https://www.myfonts.com/products/italic-cycle-of-fourths-pro-1203362
[2026-08-18T06:58:43Z] #177 attempt=1/2 status=200 0.473s url=https://www.myfonts.com/collections/cycle-of-fourths-pro-font-hanoded/
[2026-08-18T06:58:43Z] #178 attempt=1/2 status=429 0.043s url=https://www.myfonts.com/products/script-driest-1203817
[2026-08-18T06:58:46Z] #179 attempt=2/2 status=200 0.506s url=https://www.myfonts.com/products/script-driest-1203817
[2026-08-18T06:58:47Z] #180 attempt=1/2 status=200 0.384s url=https://www.myfonts.com/collections/driest-font-groenstudio/
[2026-08-18T06:58:47Z] #181 attempt=1/2 status=200 0.396s url=https://www.myfonts.com/products/regular-swannli-1203792
[2026-08-18T06:58:48Z] #182 attempt=1/2 status=200 0.421s url=https://www.myfonts.com/collections/swannli-font-hasnat-studio/
[2026-08-18T06:58:49Z] #183 attempt=1/2 status=200 0.466s url=https://www.myfonts.com/products/italic-distant-future-pro-1203359
[2026-08-18T06:58:49Z] #184 attempt=1/2 status=200 0.487s url=https://www.myfonts.com/collections/distant-future-pro-font-hanoded/
[2026-08-18T06:58:50Z] #185 attempt=1/2 status=200 0.377s url=https://www.myfonts.com/products/regular-high-blast-1203697
[2026-08-18T06:58:50Z] #186 attempt=1/2 status=429 0.037s url=https://www.myfonts.com/collections/high-blast-font-denustudio/
[2026-08-18T06:58:53Z] #187 attempt=2/2 status=200 0.470s url=https://www.myfonts.com/collections/high-blast-font-denustudio/
[2026-08-18T06:58:54Z] #188 attempt=1/2 status=200 0.376s url=https://www.myfonts.com/products/bold-italic-perfect-timing-1186856
[2026-08-18T06:58:54Z] #189 attempt=1/2 status=200 0.441s url=https://www.myfonts.com/collections/perfect-timing-font-pizzadude-dk/
[2026-08-18T06:58:55Z] #190 attempt=1/2 status=200 0.327s url=https://www.myfonts.com/products/regular-northslash-1203695
[2026-08-18T06:58:56Z] #191 attempt=1/2 status=200 0.356s url=https://www.myfonts.com/collections/northslash-font-letterhanna-studio/
[2026-08-18T06:58:56Z] #192 attempt=1/2 status=200 0.327s url=https://www.myfonts.com/products/regular-te-nastaaliq-1200973
[2026-08-18T06:58:56Z] #193 attempt=1/2 status=429 0.027s url=https://www.myfonts.com/collections/te-nastaaliq-font-tharwat-emara/
[2026-08-18T06:58:59Z] #194 attempt=2/2 status=200 0.584s url=https://www.myfonts.com/collections/te-nastaaliq-font-tharwat-emara/
[2026-08-18T06:59:00Z] #195 attempt=1/2 status=200 0.739s url=https://www.myfonts.com/products/shepia-script-complete-family-package-1200668
[2026-08-18T06:59:02Z] #196 attempt=1/2 status=200 1.156s url=https://www.myfonts.com/collections/shepia-script-font-seniors-studio/
[2026-08-18T06:59:03Z] #197 attempt=1/2 status=200 0.963s url=https://www.myfonts.com/products/olimpos-complete-family-package-1203407
[2026-08-18T06:59:05Z] #198 attempt=1/2 status=200 1.413s url=https://www.myfonts.com/collections/olimpos-font-gatype/
[2026-08-18T06:59:07Z] #199 attempt=1/2 status=200 2.162s url=https://www.myfonts.com/products/font-collection-2026-package-1198552
[2026-08-18T06:59:09Z] #200 attempt=1/2 status=404 0.256s url=https://www.myfonts.com/collections/font-collection-2026-font-gatype
[2026-08-18T06:59:09Z] #201 attempt=1/2 status=200 0.415s url=https://www.myfonts.com/products/buzzword-marker-complete-family-package-1199247
[2026-08-18T06:59:10Z] #202 attempt=1/2 status=200 0.440s url=https://www.myfonts.com/collections/buzzword-marker-font-mvmet/
[2026-08-18T06:59:11Z] #203 attempt=1/2 status=200 0.515s url=https://www.myfonts.com/products/agency-gothic-ct-complete-family-package-1199300
[2026-08-18T06:59:12Z] #204 attempt=1/2 status=200 0.665s url=https://www.myfonts.com/collections/agency-gothic-ct-font-castletype/
[2026-08-18T06:59:13Z] #205 attempt=1/2 status=200 0.769s url=https://www.myfonts.com/products/bright-style-complete-family-package-1199372
[2026-08-18T06:59:14Z] #206 attempt=1/2 status=200 0.772s url=https://www.myfonts.com/collections/bright-style-font-gatype/
[2026-08-18T06:59:15Z] #207 attempt=1/2 status=200 0.992s url=https://www.myfonts.com/products/soft-package-1198647
[2026-08-18T06:59:18Z] #208 attempt=1/2 status=200 2.297s url=https://www.myfonts.com/collections/radebin-font-ajibatype/
[2026-08-18T06:59:20Z] #209 attempt=1/2 status=200 1.054s url=https://www.myfonts.com/products/auther-complete-family-package-1198709
[2026-08-18T06:59:21Z] #210 attempt=1/2 status=200 1.090s url=https://www.myfonts.com/collections/auther-font-seniors-studio/
[2026-08-18T06:59:22Z] #211 attempt=1/2 status=200 0.704s url=https://www.myfonts.com/products/baze-complete-family-package-1198890
[2026-08-18T06:59:23Z] #212 attempt=1/2 status=200 0.792s url=https://www.myfonts.com/collections/baze-font-gatype/
[2026-08-18T06:59:24Z] #213 attempt=1/2 status=200 0.479s url=https://www.myfonts.com/products/goudy-complete-family-package-1201374
[2026-08-18T06:59:25Z] #214 attempt=1/2 status=200 0.432s url=https://www.myfonts.com/collections/goudy-forum-pro-font-matteson-typographics/
[2026-08-18T06:59:26Z] #215 attempt=1/2 status=200 0.944s url=https://www.myfonts.com/products/groute-script-complete-family-package-1199789
[2026-08-18T06:59:28Z] #216 attempt=1/2 status=200 1.216s url=https://www.myfonts.com/collections/groute-script-font-gian-studio/
[2026-08-18T06:59:29Z] #217 attempt=1/2 status=200 0.942s url=https://www.myfonts.com/products/astone-nisam-complete-family-package-1199307
[2026-08-18T06:59:30Z] #218 attempt=1/2 status=200 1.128s url=https://www.myfonts.com/collections/astone-nisam-font-gatype/
[2026-08-18T06:59:31Z] #219 attempt=1/2 status=200 0.473s url=https://www.myfonts.com/products/kingcraft-comic-complete-family-package-1199244
[2026-08-18T06:59:32Z] #220 attempt=1/2 status=200 0.445s url=https://www.myfonts.com/collections/kingcraft-comic-font-mvmet/
[2026-08-18T06:59:33Z] #221 attempt=1/2 status=200 0.800s url=https://www.myfonts.com/products/mister-luston-complete-family-package-1200617
[2026-08-18T06:59:34Z] #222 attempt=1/2 status=200 0.844s url=https://www.myfonts.com/collections/mister-luston-font-gian-studio/
[2026-08-18T06:59:35Z] #223 attempt=1/2 status=200 0.649s url=https://www.myfonts.com/products/fantasi-women-complete-family-package-1203367
[2026-08-18T06:59:36Z] #224 attempt=1/2 status=200 0.786s url=https://www.myfonts.com/collections/fantasi-women-font-gatype/
[2026-08-18T06:59:37Z] #225 attempt=1/2 status=200 0.995s url=https://www.myfonts.com/products/blanton-script-complete-family-package-1198648
[2026-08-18T06:59:39Z] #226 attempt=1/2 status=200 1.136s url=https://www.myfonts.com/collections/blanton-script-font-ajibatype/
[2026-08-18T06:59:41Z] #227 attempt=1/2 status=200 1.291s url=https://www.myfonts.com/products/switnesa-script-complete-family-package-1199074
[2026-08-18T06:59:42Z] #228 attempt=1/2 status=200 1.435s url=https://www.myfonts.com/collections/switnesa-script-font-seniors-studio/
[2026-08-18T06:59:44Z] #229 attempt=1/2 status=200 0.417s url=https://www.myfonts.com/products/pericles-complete-family-package-1201372
[2026-08-18T06:59:44Z] #230 attempt=1/2 status=200 0.433s url=https://www.myfonts.com/collections/pericles-pro-font-matteson-typographics/
[2026-08-18T06:59:45Z] #231 attempt=1/2 status=200 0.535s url=https://www.myfonts.com/products/brundox-complete-family-package-1199760
[2026-08-18T06:59:46Z] #232 attempt=1/2 status=200 0.716s url=https://www.myfonts.com/collections/brundox-font-gian-studio/
[2026-08-18T06:59:47Z] #233 attempt=1/2 status=200 0.781s url=https://www.myfonts.com/products/water-doomsday-complete-family-package-1198339
[2026-08-18T06:59:48Z] #234 attempt=1/2 status=200 0.922s url=https://www.myfonts.com/collections/water-doomsday-font-layarbahtera/
[2026-08-18T06:59:49Z] #235 attempt=1/2 status=200 0.650s url=https://www.myfonts.com/products/koffins-complete-family-package-1203397
[2026-08-18T06:59:50Z] #236 attempt=1/2 status=200 0.822s url=https://www.myfonts.com/collections/koffins-font-gatype/
[2026-08-18T06:59:52Z] #237 attempt=1/2 status=200 1.135s url=https://www.myfonts.com/products/shintia-script-complete-family-package-1198961
[2026-08-18T06:59:54Z] #238 attempt=1/2 status=200 1.585s url=https://www.myfonts.com/collections/shintia-script-font-seniors-studio/
[2026-08-18T06:59:55Z] #239 attempt=1/2 status=200 0.860s url=https://www.myfonts.com/products/the-sweetest-thing-complete-family-package-1199187
[2026-08-18T06:59:56Z] #240 attempt=1/2 status=200 1.024s url=https://www.myfonts.com/collections/the-sweetest-thing-font-seniors-studio/
[2026-08-18T06:59:57Z] #241 attempt=1/2 status=200 0.379s url=https://www.myfonts.com/products/radioactive-comic-complete-family-package-1198887
[2026-08-18T06:59:58Z] #242 attempt=1/2 status=200 0.463s url=https://www.myfonts.com/collections/radioactive-comic-font-mvmet/
[2026-08-18T06:59:59Z] #243 attempt=1/2 status=200 1.013s url=https://www.myfonts.com/products/bailsun-complete-family-package-1198817
[2026-08-18T07:00:01Z] #244 attempt=1/2 status=200 1.076s url=https://www.myfonts.com/collections/bailsun-font-gatype/
[2026-08-18T07:00:02Z] #245 attempt=1/2 status=200 0.511s url=https://www.myfonts.com/products/lindsey-complete-family-package-1201373
[2026-08-18T07:00:02Z] #246 attempt=1/2 status=200 0.531s url=https://www.myfonts.com/collections/lindsey-pro-font-matteson-typographics/
[2026-08-18T07:00:03Z] #247 attempt=1/2 status=200 0.866s url=https://www.myfonts.com/products/layarbahtera-beyond-complete-family-package-1198806
[2026-08-18T07:00:05Z] #248 attempt=1/2 status=200 1.057s url=https://www.myfonts.com/collections/layarbahtera-beyond-font-layarbahtera/
[2026-08-18T07:00:06Z] #249 attempt=1/2 status=200 1.062s url=https://www.myfonts.com/products/zially-complete-family-package-1199675
[2026-08-18T07:00:08Z] #250 attempt=1/2 status=200 1.139s url=https://www.myfonts.com/collections/zially-font-fontdroe/
[2026-08-18T07:00:09Z] #251 attempt=1/6 status=200 0.830s url=https://www.myfonts.com/products.json?limit=100&page=10
[2026-08-18T07:00:10Z] #252 attempt=1/2 status=200 0.439s url=https://www.myfonts.com/products/regular-robecto-1198484
[2026-08-18T07:00:10Z] #253 attempt=1/2 status=200 0.355s url=https://www.myfonts.com/collections/robecto-font-black-junst/
[2026-08-18T07:00:12Z] #254 attempt=1/6 status=200 0.770s url=https://www.myfonts.com/products.json?limit=100&page=11
[2026-08-18T07:00:13Z] #255 attempt=1/6 status=200 0.888s url=https://www.myfonts.com/products.json?limit=100&page=12
[2026-08-18T07:00:14Z] #256 attempt=1/2 status=200 0.519s url=https://www.myfonts.com/products/italic-cobono-1199406
[2026-08-18T07:00:15Z] #257 attempt=1/2 status=200 0.484s url=https://www.myfonts.com/collections/cobono-font-t-26/
[2026-08-18T07:00:16Z] #258 attempt=1/6 status=200 0.894s url=https://www.myfonts.com/products.json?limit=100&page=13
[2026-08-18T07:00:18Z] #259 attempt=1/6 status=200 1.021s url=https://www.myfonts.com/products.json?limit=100&page=14
[2026-08-18T07:00:19Z] #260 attempt=1/6 status=200 0.877s url=https://www.myfonts.com/products.json?limit=100&page=15
[2026-08-18T07:00:20Z] #261 attempt=1/2 status=200 0.449s url=https://www.myfonts.com/products/regular-bladecut-1198929
[2026-08-18T07:00:20Z] #262 attempt=1/2 status=200 0.410s url=https://www.myfonts.com/collections/bladecut-font-heartcore/
[2026-08-18T07:00:22Z] #263 attempt=1/6 status=200 0.955s url=https://www.myfonts.com/products.json?limit=100&page=16
[2026-08-18T07:00:23Z] #264 attempt=1/6 status=200 0.808s url=https://www.myfonts.com/products.json?limit=100&page=17
[2026-08-18T07:00:25Z] #265 attempt=1/6 status=200 0.890s url=https://www.myfonts.com/products.json?limit=100&page=18
[2026-08-18T07:00:26Z] #266 attempt=1/6 status=200 0.869s url=https://www.myfonts.com/products.json?limit=100&page=19
[2026-08-18T07:00:27Z] #267 attempt=1/2 status=200 0.442s url=https://www.myfonts.com/products/regular-aljawhara-1199335
[2026-08-18T07:00:27Z] #268 attempt=1/2 status=200 0.418s url=https://www.myfonts.com/collections/aljawhara-font-eisa-aleisa/
[2026-08-18T07:00:29Z] #269 attempt=1/6 status=200 0.860s url=https://www.myfonts.com/products.json?limit=100&page=20
[2026-08-18T07:00:30Z] #270 attempt=1/6 status=200 0.894s url=https://www.myfonts.com/products.json?limit=100&page=21
[2026-08-18T07:00:31Z] #271 attempt=1/2 status=200 0.475s url=https://www.myfonts.com/products/retro-smile-complete-family-package-1203503
[2026-08-18T07:00:32Z] #272 attempt=1/2 status=200 0.398s url=https://www.myfonts.com/collections/retro-smile-font-mvmet/
[2026-08-18T07:00:32Z] #273 attempt=1/2 status=200 0.565s url=https://www.myfonts.com/products/rellita-displaygrade-semi-expanded-slant-rellita-display-1203448
[2026-08-18T07:00:33Z] #274 attempt=1/2 status=200 0.746s url=https://www.myfonts.com/collections/rellita-display-font-gatype/
[2026-08-18T07:00:36Z] #275 attempt=1/2 status=200 1.877s url=https://www.myfonts.com/products/light-semi-expanded-cadera-1201787
[2026-08-18T07:00:38Z] #276 attempt=1/2 status=200 2.199s url=https://www.myfonts.com/collections/cadera-font-ws-studio/
[2026-08-18T07:00:41Z] #277 attempt=1/2 status=200 2.570s url=https://www.myfonts.com/products/semi-condensed-slant-artrend-soft-1202417
[2026-08-18T07:00:44Z] #278 attempt=1/2 status=200 2.496s url=https://www.myfonts.com/collections/artrend-soft-font-propertype/
[2026-08-18T07:00:46Z] #279 attempt=1/2 status=200 0.429s url=https://www.myfonts.com/products/italic-hauterly-1187235
[2026-08-18T07:00:46Z] #280 attempt=1/2 status=200 0.419s url=https://www.myfonts.com/collections/hauterly-font-letterena-studios/
[2026-08-18T07:00:48Z] #281 attempt=1/2 status=200 1.194s url=https://www.myfonts.com/products/sans-bold-condensed-abigant-1202216
[2026-08-18T07:00:51Z] #282 attempt=1/2 status=200 3.282s url=https://www.myfonts.com/collections/abigant-font-ckr-type-foundry/
[2026-08-18T07:00:54Z] #283 attempt=1/6 status=200 1.018s url=https://www.myfonts.com/products.json?limit=100&page=22
[2026-08-18T07:00:56Z] #284 attempt=1/2 status=200 1.529s url=https://www.myfonts.com/products/black-condensed-senviro-1202703
[2026-08-18T07:00:58Z] #285 attempt=1/2 status=200 2.162s url=https://www.myfonts.com/collections/senviro-font-stripes-studio/
[2026-08-18T07:01:01Z] #286 attempt=1/2 status=200 1.466s url=https://www.myfonts.com/products/ultra-expanded-slanted-megiola-1201683
[2026-08-18T07:01:03Z] #287 attempt=1/2 status=200 1.721s url=https://www.myfonts.com/collections/megiola-font-nia-typework/
[2026-08-18T07:01:04Z] #288 attempt=1/2 status=200 0.709s url=https://www.myfonts.com/products/semi-expanded-catiler-1203342
[2026-08-18T07:01:06Z] #289 attempt=1/2 status=200 1.040s url=https://www.myfonts.com/collections/catiler-font-gatype/
[2026-08-18T07:01:07Z] #290 attempt=1/2 status=200 0.924s url=https://www.myfonts.com/products/soft-ultraexpanded-italic-dont-worry-1203315
[2026-08-18T07:01:08Z] #291 attempt=1/2 status=200 1.263s url=https://www.myfonts.com/collections/dont-worry-font-gian-studio/
[2026-08-18T07:01:09Z] #292 attempt=1/2 status=200 0.453s url=https://www.myfonts.com/products/regular-silhuett-mhike-1187551
[2026-08-18T07:01:10Z] #293 attempt=1/2 status=200 0.473s url=https://www.myfonts.com/collections/silhuett-mhike-font-letterena-studios/
[2026-08-18T07:01:11Z] #294 attempt=1/2 status=200 0.431s url=https://www.myfonts.com/products/outline-casa-oliva-maravilla-1201483
[2026-08-18T07:01:11Z] #295 attempt=1/2 status=200 0.493s url=https://www.myfonts.com/collections/casa-oliva-maravilla-font-struggle-studio/
[2026-08-18T07:01:12Z] #296 attempt=1/2 status=200 0.443s url=https://www.myfonts.com/products/italic-adriel-setaco-1190203
[2026-08-18T07:01:13Z] #297 attempt=1/2 status=200 0.458s url=https://www.myfonts.com/collections/adriel-setaco-font-letterena-studios/
[2026-08-18T07:01:14Z] #298 attempt=1/2 status=200 0.491s url=https://www.myfonts.com/products/semibold-jaso-sans-pro-1201466
[2026-08-18T07:01:14Z] #299 attempt=1/2 status=200 0.607s url=https://www.myfonts.com/collections/jaso-sans-pro-font-studio-jaso/
[2026-08-18T07:01:15Z] #300 attempt=1/2 status=200 0.428s url=https://www.myfonts.com/products/regular-melghita-1188527
[2026-08-18T07:01:16Z] #301 attempt=1/2 status=200 0.445s url=https://www.myfonts.com/collections/melghita-font-letterena-studios/
[2026-08-18T07:01:17Z] #302 attempt=1/2 status=200 0.878s url=https://www.myfonts.com/products/extra-expanded-hottera-1201189
[2026-08-18T07:01:18Z] #303 attempt=1/2 status=200 1.089s url=https://www.myfonts.com/collections/hottera-font-gian-studio/
[2026-08-18T07:01:19Z] #304 attempt=1/2 status=200 0.432s url=https://www.myfonts.com/products/regular-handwritten-karleina-1188225
[2026-08-18T07:01:20Z] #305 attempt=1/2 status=200 0.453s url=https://www.myfonts.com/collections/handwritten-karleina-font-letterena-studios/
[2026-08-18T07:01:21Z] #306 attempt=1/6 status=200 0.889s url=https://www.myfonts.com/products.json?limit=100&page=23
[2026-08-18T07:01:23Z] #307 attempt=1/2 status=200 1.054s url=https://www.myfonts.com/products/black-condensed-kannesha-1200962
[2026-08-18T07:01:24Z] #308 attempt=1/2 status=200 1.252s url=https://www.myfonts.com/collections/kannesha-font-areatype/
[2026-08-18T07:01:25Z] #309 attempt=1/2 status=200 0.612s url=https://www.myfonts.com/products/exbold-earth-doomsday-1200758
[2026-08-18T07:01:26Z] #310 attempt=1/2 status=200 0.701s url=https://www.myfonts.com/collections/earth-doomsday-font-layarbahtera/
[2026-08-18T07:01:28Z] #311 attempt=1/2 status=200 1.077s url=https://www.myfonts.com/products/black-semi-condensed-shemekia-1198430
[2026-08-18T07:01:29Z] #312 attempt=1/2 status=200 1.302s url=https://www.myfonts.com/collections/shemekia-font-areatype/
[2026-08-18T07:01:30Z] #313 attempt=1/2 status=200 0.536s url=https://www.myfonts.com/products/ultra-light-oblique-tilson-1198947
[2026-08-18T07:01:31Z] #314 attempt=1/2 status=200 0.547s url=https://www.myfonts.com/collections/tilson-font-marc-lohner/
[2026-08-18T07:01:32Z] #315 attempt=1/2 status=200 0.413s url=https://www.myfonts.com/products/slant-setan-kampung-1202600
[2026-08-18T07:01:33Z] #316 attempt=1/2 status=200 0.452s url=https://www.myfonts.com/collections/setan-kampung-font-heavyrain/
[2026-08-18T07:01:33Z] #317 attempt=1/2 status=200 0.450s url=https://www.myfonts.com/products/bold-lunar-type-1203324
[2026-08-18T07:01:34Z] #318 attempt=1/2 status=200 0.473s url=https://www.myfonts.com/collections/lunar-type-font-flawlessandco/
[2026-08-18T07:01:35Z] #319 attempt=1/2 status=200 0.838s url=https://www.myfonts.com/products/randion-serif-extra-bold-expanded-slanted-randion-serif-family-1201916
[2026-08-18T07:01:36Z] #320 attempt=1/2 status=200 1.059s url=https://www.myfonts.com/collections/randion-serif-family-font-rhd-studio/
[2026-08-18T07:01:38Z] #321 attempt=1/6 status=200 0.934s url=https://www.myfonts.com/products.json?limit=100&page=24
[2026-08-18T07:01:39Z] #322 attempt=1/2 status=200 0.546s url=https://www.myfonts.com/products/semi-expanded-ignoria-1201519
[2026-08-18T07:01:40Z] #323 attempt=1/2 status=200 0.858s url=https://www.myfonts.com/collections/ignoria-font-wildan-carfont/
[2026-08-18T07:01:41Z] #324 attempt=1/2 status=200 0.401s url=https://www.myfonts.com/products/italic-wekfis-batch-1202607
[2026-08-18T07:01:42Z] #325 attempt=1/2 status=200 0.470s url=https://www.myfonts.com/collections/wekfis-batch-font-timelesstype-studio/
[2026-08-18T07:01:43Z] #326 attempt=1/6 status=200 0.893s url=https://www.myfonts.com/products.json?limit=100&page=25
[2026-08-18T07:01:44Z] #327 attempt=1/2 status=200 0.417s url=https://www.myfonts.com/products/bold-ccs-madson-1201862
[2026-08-18T07:01:44Z] #328 attempt=1/2 status=200 0.452s url=https://www.myfonts.com/collections/ccs-madson-font-creative-corner-studio/
[2026-08-18T07:01:45Z] #329 attempt=1/2 status=200 0.531s url=https://www.myfonts.com/products/light-jhc-katsubie-1201445
[2026-08-18T07:01:46Z] #330 attempt=1/2 status=200 0.670s url=https://www.myfonts.com/collections/jhc-katsubie-font-jehoo-creative/
[2026-08-18T07:01:46Z] summary releases=44 first_429=(67, 'https://www.myfonts.com/collections/oldisire-script-font-jolicia-type/', 0.028352022171020508) log_file=state/myfonts_run_20260818_065552.log
[2026-08-18T07:01:46Z] === MyFonts crawl end ===
