[2026-05-24T08:41:23Z] checkpoint fresh next_page=1 path=state/myfonts_crawl_checkpoint.json
[2026-05-24T08:41:23Z] === MyFonts crawl start source=myfonts ===
[2026-05-24T08:41:23Z] config max_pages=25 page_size=100 start_date=2026-05-23 end_date=2026-05-24 api_delay=0.5s detail_delay=0.2s max_debut_checks=400 max_tech_specs_checks=200 reuse_success_profile=False always_enrich_packages=True language_script_signal_mode=strong force_fresh_run=False start_page=1 browser_mode=False browser_headless=True browser_storage_state_path=state/myfonts_storage_state.json
[2026-05-24T08:41:25Z] #1 attempt=1/6 status=200 0.966s url=https://www.myfonts.com/products.json?limit=100&page=1
[2026-05-24T08:41:25Z] #2 attempt=1/2 status=200 0.601s url=https://www.myfonts.com/products/medieval-bundle-package-1060795
[2026-05-24T08:41:26Z] #3 attempt=1/2 status=200 0.328s url=https://www.myfonts.com/products/dual-magic-systems-package-1083402
[2026-05-24T08:41:28Z] #4 attempt=1/2 status=200 1.526s url=https://www.myfonts.com/products/soft-thin-semicondensed-adhesian-serif-1159215
[2026-05-24T08:41:29Z] #5 attempt=1/2 status=200 1.151s url=https://www.myfonts.com/collections/adhesian-serif-font-propertype/
[2026-05-24T08:41:31Z] #6 attempt=1/2 status=200 1.439s url=https://www.myfonts.com/collections/adhesian-serif-font-propertype/?tab=techSpecs
[2026-05-24T08:41:34Z] #7 attempt=1/2 status=200 1.528s url=https://www.myfonts.com/products/soft-semiexpanded-quirlone-1159172
[2026-05-24T08:41:35Z] #8 attempt=1/2 status=200 1.427s url=https://www.myfonts.com/collections/quirlone-font-propertype/
[2026-05-24T08:41:38Z] #9 attempt=1/2 status=200 2.049s url=https://www.myfonts.com/collections/quirlone-font-propertype/?tab=techSpecs
[2026-05-24T08:41:40Z] #10 attempt=1/2 status=200 1.111s url=https://www.myfonts.com/products/figo-shiftz-editcntr-extralight-expanded-italic-figo-shiftz-editorial-1159098
[2026-05-24T08:41:42Z] #11 attempt=1/2 status=200 1.408s url=https://www.myfonts.com/collections/figo-shiftz-editorial-font-propertype/
[2026-05-24T08:41:42Z] #12 attempt=1/2 status=200 0.165s url=https://www.myfonts.com/collections/figo-shiftz-editorial-font-propertype/?tab=techSpecs
[2026-05-24T08:41:44Z] #13 attempt=1/2 status=200 0.486s url=https://www.myfonts.com/products/soft-medium-getishan-1159064
[2026-05-24T08:41:45Z] #14 attempt=1/2 status=200 0.593s url=https://www.myfonts.com/collections/getishan-font-propertype/
[2026-05-24T08:41:45Z] #15 attempt=1/2 status=200 0.426s url=https://www.myfonts.com/collections/getishan-font-propertype/?tab=techSpecs
[2026-05-24T08:41:48Z] #16 attempt=1/2 status=200 1.700s url=https://www.myfonts.com/products/variable-thin-volkys-serif-1159246
[2026-05-24T08:41:50Z] #17 attempt=1/2 status=200 1.514s url=https://www.myfonts.com/collections/volkys-serif-font-propertype/
[2026-05-24T08:41:50Z] #18 attempt=1/2 status=200 0.170s url=https://www.myfonts.com/collections/volkys-serif-font-propertype/?tab=techSpecs
[2026-05-24T08:41:52Z] #19 attempt=1/6 status=200 0.670s url=https://www.myfonts.com/products.json?limit=100&page=2
[2026-05-24T08:41:53Z] #20 attempt=1/2 status=200 0.303s url=https://www.myfonts.com/products/pg-solmerist-complete-family-package-1158552
[2026-05-24T08:41:53Z] #21 attempt=1/2 status=200 0.467s url=https://www.myfonts.com/collections/pg-solmerist-font-pretty-glyphs/
[2026-05-24T08:41:54Z] #22 attempt=1/2 status=200 0.377s url=https://www.myfonts.com/collections/pg-solmerist-font-pretty-glyphs/?tab=techSpecs
[2026-05-24T08:41:55Z] #23 attempt=1/2 status=200 0.316s url=https://www.myfonts.com/products/surfo-complete-family-package-1158565
[2026-05-24T08:41:56Z] #24 attempt=1/2 status=200 0.312s url=https://www.myfonts.com/collections/surfo-font-the-native-saint-club/
[2026-05-24T08:41:56Z] #25 attempt=1/2 status=200 0.348s url=https://www.myfonts.com/collections/surfo-font-the-native-saint-club/?tab=techSpecs
[2026-05-24T08:41:57Z] #26 attempt=1/2 status=200 0.278s url=https://www.myfonts.com/products/arial-hebrew-complete-family-package-1158518
[2026-05-24T08:41:58Z] #27 attempt=1/2 status=200 0.357s url=https://www.myfonts.com/collections/arial-hebrew-font-monotype-imaging/
[2026-05-24T08:41:58Z] #28 attempt=1/2 status=200 0.138s url=https://www.myfonts.com/collections/arial-hebrew-font-monotype-imaging/?tab=techSpecs
[2026-05-24T08:41:59Z] #29 attempt=1/2 status=200 0.305s url=https://www.myfonts.com/products/gc-back-ford-complete-family-package-1158522
[2026-05-24T08:42:00Z] #30 attempt=1/2 status=200 0.525s url=https://www.myfonts.com/collections/gc-back-ford-font-onyx-studio/
[2026-05-24T08:42:01Z] #31 attempt=1/2 status=200 0.617s url=https://www.myfonts.com/collections/gc-back-ford-font-onyx-studio/?tab=techSpecs
[2026-05-24T08:42:02Z] #32 attempt=1/2 status=200 0.285s url=https://www.myfonts.com/products/saloka-complete-family-package-1158488
[2026-05-24T08:42:03Z] #33 attempt=1/2 status=200 0.432s url=https://www.myfonts.com/collections/saloka-font-fernande/
[2026-05-24T08:42:03Z] #34 attempt=1/2 status=200 0.359s url=https://www.myfonts.com/collections/saloka-font-fernande/?tab=techSpecs
[2026-05-24T08:42:05Z] #35 attempt=1/6 status=200 0.789s url=https://www.myfonts.com/products.json?limit=100&page=3
[2026-05-24T08:42:06Z] #36 attempt=1/2 status=200 0.340s url=https://www.myfonts.com/products/krisma-serif-complete-family-package-1158495
[2026-05-24T08:42:06Z] #37 attempt=1/2 status=200 0.422s url=https://www.myfonts.com/collections/krisma-serif-font-krismagraph/
[2026-05-24T08:42:07Z] #38 attempt=1/2 status=200 0.346s url=https://www.myfonts.com/collections/krisma-serif-font-krismagraph/?tab=techSpecs
[2026-05-24T08:42:08Z] #39 attempt=1/2 status=200 0.367s url=https://www.myfonts.com/products/wonderful-branding-complete-family-package-1158395
[2026-05-24T08:42:09Z] #40 attempt=1/2 status=200 0.398s url=https://www.myfonts.com/collections/wonderful-branding-font-din-studio/
[2026-05-24T08:42:09Z] #41 attempt=1/2 status=200 0.354s url=https://www.myfonts.com/collections/wonderful-branding-font-din-studio/?tab=techSpecs
[2026-05-24T08:42:10Z] #42 attempt=1/2 status=200 0.302s url=https://www.myfonts.com/products/kabrio-complete-family-package-1158559
[2026-05-24T08:42:11Z] #43 attempt=1/2 status=200 0.390s url=https://www.myfonts.com/collections/kabrio-font-agung-sudirman/
[2026-05-24T08:42:11Z] #44 attempt=1/2 status=200 0.125s url=https://www.myfonts.com/collections/kabrio-font-agung-sudirman/?tab=techSpecs
[2026-05-24T08:42:12Z] #45 attempt=1/2 status=200 0.428s url=https://www.myfonts.com/products/racleys-complete-family-package-1158533
[2026-05-24T08:42:13Z] #46 attempt=1/2 status=200 0.570s url=https://www.myfonts.com/collections/racleys-font-glyphminds-studios/
[2026-05-24T08:42:14Z] #47 attempt=1/2 status=200 0.139s url=https://www.myfonts.com/collections/racleys-font-glyphminds-studios/?tab=techSpecs
[2026-05-24T08:42:16Z] #48 attempt=1/2 status=200 1.173s url=https://www.myfonts.com/products/sherika-complete-family-package-1158397
[2026-05-24T08:42:18Z] #49 attempt=1/2 status=200 2.244s url=https://www.myfonts.com/collections/sherika-font-seniors-studio/
[2026-05-24T08:42:21Z] #50 attempt=1/2 status=200 1.917s url=https://www.myfonts.com/collections/sherika-font-seniors-studio/?tab=techSpecs
[2026-05-24T08:42:22Z] #51 attempt=1/2 status=200 0.334s url=https://www.myfonts.com/products/feeling-passionate-complete-family-package-1158393
[2026-05-24T08:42:23Z] #52 attempt=1/2 status=200 0.361s url=https://www.myfonts.com/collections/feeling-passionate-font-din-studio/
[2026-05-24T08:42:23Z] #53 attempt=1/2 status=200 0.173s url=https://www.myfonts.com/collections/feeling-passionate-font-din-studio/?tab=techSpecs
[2026-05-24T08:42:24Z] #54 attempt=1/2 status=200 0.407s url=https://www.myfonts.com/products/novarick-complete-family-package-1158499
[2026-05-24T08:42:25Z] #55 attempt=1/2 status=200 0.554s url=https://www.myfonts.com/collections/novarick-font-din-studio/
[2026-05-24T08:42:26Z] #56 attempt=1/2 status=200 0.142s url=https://www.myfonts.com/collections/novarick-font-din-studio/?tab=techSpecs
[2026-05-24T08:42:27Z] #57 attempt=1/2 status=200 0.314s url=https://www.myfonts.com/products/movie-silentina-976062
[2026-05-24T08:42:27Z] #58 attempt=1/2 status=200 0.343s url=https://www.myfonts.com/collections/silentina-font-typodermic/
[2026-05-24T08:42:28Z] #59 attempt=1/2 status=200 0.381s url=https://www.myfonts.com/collections/silentina-font-typodermic/?tab=techSpecs
[2026-05-24T08:42:29Z] #60 attempt=1/2 status=200 0.287s url=https://www.myfonts.com/products/regular-poolside-1158562
[2026-05-24T08:42:29Z] #61 attempt=1/2 status=200 0.246s url=https://www.myfonts.com/collections/poolside-font-fenotype/
[2026-05-24T08:42:30Z] #62 attempt=1/2 status=200 0.217s url=https://www.myfonts.com/collections/poolside-font-fenotype/?tab=techSpecs
[2026-05-24T08:42:31Z] #63 attempt=1/2 status=200 0.250s url=https://www.myfonts.com/products/regular-goldyane-1158568
[2026-05-24T08:42:31Z] #64 attempt=1/2 status=200 0.239s url=https://www.myfonts.com/collections/goldyane-font-syntype/
[2026-05-24T08:42:32Z] #65 attempt=1/2 status=200 0.328s url=https://www.myfonts.com/collections/goldyane-font-syntype/?tab=techSpecs
[2026-05-24T08:42:32Z] #66 attempt=1/2 status=200 0.256s url=https://www.myfonts.com/products/regular-black-roane-1158494
[2026-05-24T08:42:33Z] #67 attempt=1/2 status=200 0.246s url=https://www.myfonts.com/collections/black-roane-font-pandeka-studio/
[2026-05-24T08:42:34Z] #68 attempt=1/2 status=200 0.289s url=https://www.myfonts.com/collections/black-roane-font-pandeka-studio/?tab=techSpecs
[2026-05-24T08:42:34Z] #69 attempt=1/2 status=200 0.325s url=https://www.myfonts.com/products/italic-special-forces-945211
[2026-05-24T08:42:35Z] #70 attempt=1/2 status=200 0.424s url=https://www.myfonts.com/collections/special-forces-font-typodermic/
[2026-05-24T08:42:36Z] #71 attempt=1/2 status=200 0.349s url=https://www.myfonts.com/collections/special-forces-font-typodermic/?tab=techSpecs
[2026-05-24T08:42:37Z] #72 attempt=1/2 status=200 0.221s url=https://www.myfonts.com/products/regular-gatok-1158570
[2026-05-24T08:42:37Z] #73 attempt=1/2 status=200 0.315s url=https://www.myfonts.com/collections/gatok-font-afkari-studio/
[2026-05-24T08:42:38Z] #74 attempt=1/2 status=200 0.294s url=https://www.myfonts.com/collections/gatok-font-afkari-studio/?tab=techSpecs
[2026-05-24T08:42:38Z] #75 attempt=1/2 status=200 0.280s url=https://www.myfonts.com/products/regular-quowist-display-1158569
[2026-05-24T08:42:39Z] #76 attempt=1/2 status=200 0.280s url=https://www.myfonts.com/collections/quowist-display-font-afkari-studio/
[2026-05-24T08:42:39Z] #77 attempt=1/2 status=200 0.139s url=https://www.myfonts.com/collections/quowist-display-font-afkari-studio/?tab=techSpecs
[2026-05-24T08:42:40Z] #78 attempt=1/2 status=200 0.305s url=https://www.myfonts.com/products/regular-pound-961181
[2026-05-24T08:42:41Z] #79 attempt=1/2 status=200 0.361s url=https://www.myfonts.com/collections/pound-font-typodermic/
[2026-05-24T08:42:41Z] #80 attempt=1/2 status=200 0.412s url=https://www.myfonts.com/collections/pound-font-typodermic/?tab=techSpecs
[2026-05-24T08:42:42Z] #81 attempt=1/2 status=200 0.298s url=https://www.myfonts.com/products/neulandstar-neuland-1127211
[2026-05-24T08:42:43Z] #82 attempt=1/2 status=429 0.037s url=https://www.myfonts.com/collections/neuland-font-linotype/
[2026-05-24T08:42:43Z] first_429 req=82 url=https://www.myfonts.com/collections/neuland-font-linotype/
[2026-05-24T08:42:45Z] #83 attempt=2/2 status=200 0.406s url=https://www.myfonts.com/collections/neuland-font-linotype/
[2026-05-24T08:42:47Z] #84 attempt=1/6 status=200 0.648s url=https://www.myfonts.com/products.json?limit=100&page=4
[2026-05-24T08:42:47Z] #85 attempt=1/2 status=429 0.041s url=https://www.myfonts.com/products/brush-raw-voltage-1158564
[2026-05-24T08:42:49Z] #86 attempt=2/2 status=200 0.340s url=https://www.myfonts.com/products/brush-raw-voltage-1158564
[2026-05-24T08:42:50Z] #87 attempt=1/2 status=200 0.267s url=https://www.myfonts.com/collections/raw-voltage-font-atom/
[2026-05-24T08:42:50Z] #88 attempt=1/2 status=429 0.029s url=https://www.myfonts.com/products/regular-rancok-1158558
[2026-05-24T08:42:53Z] #89 attempt=2/2 status=200 0.276s url=https://www.myfonts.com/products/regular-rancok-1158558
[2026-05-24T08:42:53Z] #90 attempt=1/2 status=429 0.044s url=https://www.myfonts.com/collections/rancok-font-imoodev/
[2026-05-24T08:42:55Z] #91 attempt=2/2 status=200 0.339s url=https://www.myfonts.com/collections/rancok-font-imoodev/
[2026-05-24T08:42:56Z] #92 attempt=1/2 status=200 0.297s url=https://www.myfonts.com/products/regular-miscala-aesthetic-1158557
[2026-05-24T08:42:56Z] #93 attempt=1/2 status=429 0.051s url=https://www.myfonts.com/collections/miscala-aesthetic-font-imoodev/
[2026-05-24T08:42:59Z] #94 attempt=2/2 status=200 0.375s url=https://www.myfonts.com/collections/miscala-aesthetic-font-imoodev/
[2026-05-24T08:42:59Z] #95 attempt=1/2 status=429 0.031s url=https://www.myfonts.com/products/regular-delaghen-1158571
[2026-05-24T08:43:02Z] #96 attempt=2/2 status=200 0.309s url=https://www.myfonts.com/products/regular-delaghen-1158571
[2026-05-24T08:43:02Z] #97 attempt=1/2 status=200 0.304s url=https://www.myfonts.com/collections/delaghen-font-afkari-studio/
[2026-05-24T08:43:03Z] #98 attempt=1/2 status=200 0.273s url=https://www.myfonts.com/products/regular-mabriella-1158492
[2026-05-24T08:43:03Z] #99 attempt=1/2 status=200 0.176s url=https://www.myfonts.com/collections/mabriella-font-sealoung/
[2026-05-24T08:43:04Z] #100 attempt=1/2 status=200 0.286s url=https://www.myfonts.com/products/regular-begob-1158493
[2026-05-24T08:43:04Z] #101 attempt=1/2 status=429 0.035s url=https://www.myfonts.com/collections/begob-font-pandeka-studio/
[2026-05-24T08:43:07Z] #102 attempt=2/2 status=200 0.564s url=https://www.myfonts.com/collections/begob-font-pandeka-studio/
[2026-05-24T08:43:07Z] #103 attempt=1/2 status=200 0.316s url=https://www.myfonts.com/products/regular-mosva-1158563
[2026-05-24T08:43:08Z] #104 attempt=1/2 status=200 0.269s url=https://www.myfonts.com/collections/mosva-font-imoodev/
[2026-05-24T08:43:08Z] #105 attempt=1/2 status=200 0.313s url=https://www.myfonts.com/products/regular-echoria-1158498
[2026-05-24T08:43:09Z] #106 attempt=1/2 status=200 0.369s url=https://www.myfonts.com/collections/echoria-font-epiclinez/
[2026-05-24T08:43:09Z] #107 attempt=1/2 status=429 0.046s url=https://www.myfonts.com/products/regular-maftiga-1158491
[2026-05-24T08:43:12Z] #108 attempt=2/2 status=200 0.340s url=https://www.myfonts.com/products/regular-maftiga-1158491
[2026-05-24T08:43:12Z] #109 attempt=1/2 status=200 0.290s url=https://www.myfonts.com/collections/maftiga-font-sensatype-studio/
[2026-05-24T08:43:14Z] #110 attempt=1/2 status=200 0.969s url=https://www.myfonts.com/products/the-essential-display-bundle-package-720447
[2026-05-24T08:43:14Z] #111 attempt=1/2 status=404 0.169s url=https://www.myfonts.com/collections/the-essential-display-bundle-font-letteralle
[2026-05-24T08:43:16Z] #112 attempt=1/2 status=200 1.537s url=https://www.myfonts.com/products/round-package-1158923
[2026-05-24T08:43:19Z] #113 attempt=1/2 status=500 3.220s url=https://www.myfonts.com/collections/julima-font-akbartype/
[2026-05-24T08:43:20Z] #114 attempt=1/2 status=404 0.148s url=https://www.myfonts.com/collections/round-font-akbartype
[2026-05-24T08:43:20Z] #115 attempt=1/2 status=200 0.304s url=https://www.myfonts.com/products/limit-display-variable-concept-complete-family-package-1157932
[2026-05-24T08:43:21Z] #116 attempt=1/2 status=200 0.373s url=https://www.myfonts.com/collections/limit-display-variable-concept-font-bold-guys/
[2026-05-24T08:43:22Z] #117 attempt=1/2 status=200 0.683s url=https://www.myfonts.com/products/limit-display-complete-family-package-1157847
[2026-05-24T08:43:24Z] #118 attempt=1/2 status=200 1.583s url=https://www.myfonts.com/collections/limit-display-font-bold-guys/
[2026-05-24T08:43:25Z] #119 attempt=1/2 status=200 0.688s url=https://www.myfonts.com/products/limit-text-xcompressed-package-1158005
[2026-05-24T08:43:26Z] #120 attempt=1/2 status=200 1.283s url=https://www.myfonts.com/collections/limit-text-font-bold-guys/
[2026-05-24T08:43:27Z] #121 attempt=1/2 status=200 0.328s url=https://www.myfonts.com/products/elmonta-complete-family-package-1158021
[2026-05-24T08:43:28Z] #122 attempt=1/2 status=200 0.371s url=https://www.myfonts.com/collections/elmonta-font-shanaf/
[2026-05-24T08:43:29Z] #123 attempt=1/2 status=200 0.529s url=https://www.myfonts.com/products/gastrin-complete-family-package-1158046
[2026-05-24T08:43:30Z] #124 attempt=1/2 status=200 0.827s url=https://www.myfonts.com/collections/gastrin-font-pista-mova/
[2026-05-24T08:43:31Z] #125 attempt=1/2 status=200 0.325s url=https://www.myfonts.com/products/limit-variable-concept-full-complete-family-package-1157936
[2026-05-24T08:43:31Z] #126 attempt=1/2 status=200 0.388s url=https://www.myfonts.com/collections/limit-variable-concept-full-font-bold-guys/
[2026-05-24T08:43:32Z] #127 attempt=1/2 status=200 0.358s url=https://www.myfonts.com/products/gw-motera-complete-family-package-1158137
[2026-05-24T08:43:32Z] #128 attempt=1/2 status=200 0.399s url=https://www.myfonts.com/collections/gw-motera-font-goodwheel-studio/
[2026-05-24T08:43:33Z] #129 attempt=1/2 status=200 0.362s url=https://www.myfonts.com/products/svetlana-complete-family-package-1157828
[2026-05-24T08:43:34Z] #130 attempt=1/2 status=200 0.535s url=https://www.myfonts.com/collections/svetlana-font-paratype/
[2026-05-24T08:43:34Z] #131 attempt=1/2 status=200 0.300s url=https://www.myfonts.com/products/rose-titan-complete-family-package-1158188
[2026-05-24T08:43:35Z] #132 attempt=1/2 status=200 0.419s url=https://www.myfonts.com/collections/rose-titan-font-littlehand/
[2026-05-24T08:43:36Z] #133 attempt=1/2 status=200 0.299s url=https://www.myfonts.com/products/hola-cuervo-complete-family-package-1158147
[2026-05-24T08:43:36Z] #134 attempt=1/2 status=200 0.353s url=https://www.myfonts.com/collections/hola-cuervo-font-remedy667/
[2026-05-24T08:43:37Z] #135 attempt=1/2 status=200 0.394s url=https://www.myfonts.com/products/boujee-complete-family-package-1158163
[2026-05-24T08:43:37Z] #136 attempt=1/2 status=429 0.054s url=https://www.myfonts.com/collections/boujee-font-jehoo-creative/
[2026-05-24T08:43:40Z] #137 attempt=2/2 status=200 0.644s url=https://www.myfonts.com/collections/boujee-font-jehoo-creative/
[2026-05-24T08:43:41Z] #138 attempt=1/2 status=200 0.331s url=https://www.myfonts.com/products/corva-complete-family-package-1158035
[2026-05-24T08:43:41Z] #139 attempt=1/2 status=200 0.423s url=https://www.myfonts.com/collections/corva-font-rezastudio/
[2026-05-24T08:43:42Z] #140 attempt=1/2 status=200 0.324s url=https://www.myfonts.com/products/magic-rainbow-complete-family-package-1158122
[2026-05-24T08:43:43Z] #141 attempt=1/2 status=200 0.437s url=https://www.myfonts.com/collections/magic-rainbow-font-alpaprana/
[2026-05-24T08:43:45Z] #142 attempt=1/2 status=200 1.637s url=https://www.myfonts.com/products/arthura-complete-family-package-1158212
[2026-05-24T08:43:47Z] #143 attempt=1/2 status=200 1.997s url=https://www.myfonts.com/collections/arthura-font-seniors-studio/
[2026-05-24T08:43:48Z] #144 attempt=1/2 status=200 0.350s url=https://www.myfonts.com/products/back-beat-complete-family-package-1158201
[2026-05-24T08:43:49Z] #145 attempt=1/2 status=200 0.442s url=https://www.myfonts.com/collections/back-beat-font-comicraft/
[2026-05-24T08:43:50Z] #146 attempt=1/2 status=200 0.323s url=https://www.myfonts.com/products/smena-complete-family-package-1157825
[2026-05-24T08:43:50Z] #147 attempt=1/2 status=200 0.342s url=https://www.myfonts.com/collections/smena-font-paratype/
[2026-05-24T08:43:51Z] #148 attempt=1/2 status=200 0.351s url=https://www.myfonts.com/products/susan-complete-family-package-1157826
[2026-05-24T08:43:52Z] #149 attempt=1/2 status=200 0.428s url=https://www.myfonts.com/collections/susan-font-paratype/
[2026-05-24T08:43:52Z] #150 attempt=1/2 status=200 0.271s url=https://www.myfonts.com/products/limit-text-variable-concept-complete-family-package-1157834
[2026-05-24T08:43:53Z] #151 attempt=1/2 status=200 0.329s url=https://www.myfonts.com/collections/limit-text-variable-concept-font-bold-guys/
[2026-05-24T08:43:54Z] #152 attempt=1/6 status=200 0.676s url=https://www.myfonts.com/products.json?limit=100&page=5
[2026-05-24T08:43:55Z] #153 attempt=1/2 status=200 0.445s url=https://www.myfonts.com/products/vaccine-sans-complete-family-package-1157829
[2026-05-24T08:43:55Z] #154 attempt=1/2 status=200 0.411s url=https://www.myfonts.com/collections/vaccine-sans-font-paratype/
[2026-05-24T08:43:56Z] #155 attempt=1/2 status=200 0.298s url=https://www.myfonts.com/products/broshela-complete-family-package-1158160
[2026-05-24T08:43:56Z] #156 attempt=1/2 status=429 0.031s url=https://www.myfonts.com/collections/broshela-font-vampstudio/
[2026-05-24T08:43:59Z] #157 attempt=2/2 status=200 0.390s url=https://www.myfonts.com/collections/broshela-font-vampstudio/
[2026-05-24T08:44:00Z] #158 attempt=1/2 status=200 0.339s url=https://www.myfonts.com/products/sanger-memo-complete-family-package-1158184
[2026-05-24T08:44:00Z] #159 attempt=1/2 status=200 0.430s url=https://www.myfonts.com/collections/sanger-memo-font-afkari-studio/
[2026-05-24T08:44:01Z] #160 attempt=1/2 status=200 0.442s url=https://www.myfonts.com/products/augrid-complete-family-package-1158192
[2026-05-24T08:44:02Z] #161 attempt=1/2 status=200 0.401s url=https://www.myfonts.com/collections/augrid-font-sensatype-studio/
[2026-05-24T08:44:02Z] #162 attempt=1/2 status=200 0.362s url=https://www.myfonts.com/products/cryonex-complete-family-package-1158017
[2026-05-24T08:44:03Z] #163 attempt=1/2 status=429 0.084s url=https://www.myfonts.com/collections/cryonex-font-shanaf/
[2026-05-24T08:44:05Z] #164 attempt=2/2 status=200 0.487s url=https://www.myfonts.com/collections/cryonex-font-shanaf/
[2026-05-24T08:44:06Z] #165 attempt=1/2 status=200 0.392s url=https://www.myfonts.com/products/transport-new-complete-family-package-1157818
[2026-05-24T08:44:07Z] #166 attempt=1/2 status=200 0.418s url=https://www.myfonts.com/collections/transport-new-font-k-type/
[2026-05-24T08:44:07Z] #167 attempt=1/2 status=200 0.318s url=https://www.myfonts.com/products/grey-lunar-complete-family-package-1158153
[2026-05-24T08:44:08Z] #168 attempt=1/2 status=200 0.395s url=https://www.myfonts.com/collections/grey-lunar-font-vampstudio/
[2026-05-24T08:44:08Z] #169 attempt=1/2 status=200 0.273s url=https://www.myfonts.com/products/salt-blue-complete-family-package-1158133
[2026-05-24T08:44:09Z] #170 attempt=1/2 status=429 0.036s url=https://www.myfonts.com/collections/salt-blue-font-eko-bimantara/
[2026-05-24T08:44:11Z] #171 attempt=2/2 status=200 0.526s url=https://www.myfonts.com/collections/salt-blue-font-eko-bimantara/
[2026-05-24T08:44:12Z] #172 attempt=1/2 status=200 0.276s url=https://www.myfonts.com/products/marise-complete-family-package-1158026
[2026-05-24T08:44:13Z] #173 attempt=1/2 status=200 0.435s url=https://www.myfonts.com/collections/marise-font-shanaf/
[2026-05-24T08:44:13Z] #174 attempt=1/2 status=200 0.297s url=https://www.myfonts.com/products/noggo-complete-family-package-1158111
[2026-05-24T08:44:14Z] #175 attempt=1/2 status=200 0.323s url=https://www.myfonts.com/collections/noggo-font-artiveko/
[2026-05-24T08:44:14Z] #176 attempt=1/2 status=200 0.286s url=https://www.myfonts.com/products/millgary-complete-family-package-1158115
[2026-05-24T08:44:15Z] #177 attempt=1/2 status=429 0.058s url=https://www.myfonts.com/collections/millgary-font-bryantamanh/
[2026-05-24T08:44:17Z] #178 attempt=2/2 status=200 0.378s url=https://www.myfonts.com/collections/millgary-font-bryantamanh/
[2026-05-24T08:44:18Z] #179 attempt=1/2 status=200 0.307s url=https://www.myfonts.com/products/dirty-stroke-complete-family-package-1158082
[2026-05-24T08:44:18Z] #180 attempt=1/2 status=200 0.366s url=https://www.myfonts.com/collections/dirty-stroke-font-cocodesign/
[2026-05-24T08:44:19Z] #181 attempt=1/2 status=200 0.309s url=https://www.myfonts.com/products/limit-micro-variable-concept-complete-family-package-1157830
[2026-05-24T08:44:20Z] #182 attempt=1/2 status=200 0.368s url=https://www.myfonts.com/collections/limit-micro-variable-concept-font-bold-guys/
[2026-05-24T08:44:20Z] #183 attempt=1/2 status=429 0.069s url=https://www.myfonts.com/products/turbo-strike-complete-family-package-1158030
[2026-05-24T08:44:23Z] #184 attempt=2/2 status=200 0.373s url=https://www.myfonts.com/products/turbo-strike-complete-family-package-1158030
[2026-05-24T08:44:23Z] #185 attempt=1/2 status=200 0.333s url=https://www.myfonts.com/collections/turbo-strike-font-shanaf/
[2026-05-24T08:44:24Z] #186 attempt=1/2 status=200 0.304s url=https://www.myfonts.com/products/gw-swingstar-complete-family-package-1158140
[2026-05-24T08:44:24Z] #187 attempt=1/2 status=200 0.398s url=https://www.myfonts.com/collections/gw-swingstar-font-goodwheel-studio/
[2026-05-24T08:44:25Z] #188 attempt=1/2 status=200 0.268s url=https://www.myfonts.com/products/housemail-complete-family-package-1158130
[2026-05-24T08:44:25Z] #189 attempt=1/2 status=429 0.030s url=https://www.myfonts.com/collections/housemail-font-eko-bimantara/
[2026-05-24T08:44:28Z] #190 attempt=2/2 status=200 0.396s url=https://www.myfonts.com/collections/housemail-font-eko-bimantara/
[2026-05-24T08:44:28Z] #191 attempt=1/2 status=200 0.277s url=https://www.myfonts.com/products/klyra-complete-family-package-1158107
[2026-05-24T08:44:29Z] #192 attempt=1/2 status=200 0.368s url=https://www.myfonts.com/collections/klyra-font-zaain-type/
[2026-05-24T08:44:29Z] #193 attempt=1/2 status=200 0.324s url=https://www.myfonts.com/products/susan-sans-complete-family-package-1157827
[2026-05-24T08:44:30Z] #194 attempt=1/2 status=200 0.397s url=https://www.myfonts.com/collections/susan-sans-font-paratype/
[2026-05-24T08:44:30Z] #195 attempt=1/2 status=429 0.039s url=https://www.myfonts.com/products/sillymily-complete-family-package-1158042
[2026-05-24T08:44:33Z] #196 attempt=2/2 status=200 0.293s url=https://www.myfonts.com/products/sillymily-complete-family-package-1158042
[2026-05-24T08:44:34Z] #197 attempt=1/2 status=200 0.355s url=https://www.myfonts.com/collections/sillymily-font-letterytz/
[2026-05-24T08:44:34Z] #198 attempt=1/2 status=200 0.284s url=https://www.myfonts.com/products/proten-complete-family-package-1158118
[2026-05-24T08:44:35Z] #199 attempt=1/2 status=200 0.367s url=https://www.myfonts.com/collections/proten-font-koplexs-studio/
[2026-05-24T08:44:35Z] #200 attempt=1/2 status=200 0.320s url=https://www.myfonts.com/products/enkyfa-complete-family-package-1158012
[2026-05-24T08:44:36Z] #201 attempt=1/2 status=429 0.031s url=https://www.myfonts.com/collections/enkyfa-font-timelesstype-studio/
[2026-05-24T08:44:38Z] #202 attempt=2/2 status=200 0.447s url=https://www.myfonts.com/collections/enkyfa-font-timelesstype-studio/
[2026-05-24T08:44:39Z] #203 attempt=1/2 status=200 0.316s url=https://www.myfonts.com/products/regular-fashion-complete-family-package-1158197
[2026-05-24T08:44:39Z] #204 attempt=1/2 status=200 0.310s url=https://www.myfonts.com/collections/regular-fashion-font-pizzadudedk/
[2026-05-24T08:44:40Z] #205 attempt=1/2 status=200 0.249s url=https://www.myfonts.com/products/regular-brunko-1158015
[2026-05-24T08:44:40Z] #206 attempt=1/2 status=200 0.252s url=https://www.myfonts.com/collections/brunko-font-rasio-studio/
[2026-05-24T08:44:42Z] #207 attempt=1/6 status=200 0.649s url=https://www.myfonts.com/products.json?limit=100&page=6
[2026-05-24T08:44:42Z] #208 attempt=1/2 status=429 0.030s url=https://www.myfonts.com/products/regular-monadila-1158150
[2026-05-24T08:44:44Z] #209 attempt=2/2 status=200 0.299s url=https://www.myfonts.com/products/regular-monadila-1158150
[2026-05-24T08:44:45Z] #210 attempt=1/2 status=200 0.249s url=https://www.myfonts.com/collections/monadila-font-mars-creative/
[2026-05-24T08:44:45Z] #211 attempt=1/2 status=200 0.252s url=https://www.myfonts.com/products/script-selow-1158010
[2026-05-24T08:44:46Z] #212 attempt=1/2 status=200 0.274s url=https://www.myfonts.com/collections/selow-font-bondangail/
[2026-05-24T08:44:46Z] #213 attempt=1/2 status=200 0.320s url=https://www.myfonts.com/products/news-nomu-massline-1157538
[2026-05-24T08:44:47Z] #214 attempt=1/2 status=429 0.029s url=https://www.myfonts.com/collections/nomu-massline-font-new-yeast-foundry/
[2026-05-24T08:44:49Z] #215 attempt=2/2 status=200 0.403s url=https://www.myfonts.com/collections/nomu-massline-font-new-yeast-foundry/
[2026-05-24T08:44:50Z] #216 attempt=1/2 status=200 0.271s url=https://www.myfonts.com/products/regular-milesdane-1158125
[2026-05-24T08:44:50Z] #217 attempt=1/2 status=200 0.244s url=https://www.myfonts.com/collections/milesdane-font-eko-bimantara/
[2026-05-24T08:44:51Z] #218 attempt=1/2 status=200 0.265s url=https://www.myfonts.com/products/chock-tagmed-mc-chock-tagmed-1158152
[2026-05-24T08:44:51Z] #219 attempt=1/2 status=429 0.067s url=https://www.myfonts.com/collections/mc-chock-tagmed-font-maulana-creative/
[2026-05-24T08:44:54Z] #220 attempt=2/2 status=200 0.273s url=https://www.myfonts.com/collections/mc-chock-tagmed-font-maulana-creative/
[2026-05-24T08:44:54Z] #221 attempt=1/2 status=200 0.258s url=https://www.myfonts.com/products/regular-geomighty-1157534
[2026-05-24T08:44:55Z] #222 attempt=1/2 status=200 0.311s url=https://www.myfonts.com/collections/geomighty-font-bondangail/
[2026-05-24T08:44:56Z] #223 attempt=1/6 status=200 0.649s url=https://www.myfonts.com/products.json?limit=100&page=7
[2026-05-24T08:44:56Z] #224 attempt=1/2 status=200 0.249s url=https://www.myfonts.com/products/regular-melvoria-1158127
[2026-05-24T08:44:57Z] #225 attempt=1/2 status=200 0.261s url=https://www.myfonts.com/collections/melvoria-font-only-fonts/
[2026-05-24T08:44:57Z] #226 attempt=1/2 status=429 0.031s url=https://www.myfonts.com/products/regular-tender-blossom-1158029
[2026-05-24T08:45:00Z] #227 attempt=2/2 status=200 0.317s url=https://www.myfonts.com/products/regular-tender-blossom-1158029
[2026-05-24T08:45:00Z] #228 attempt=1/2 status=200 0.274s url=https://www.myfonts.com/collections/tender-blossom-font-shanaf/
[2026-05-24T08:45:01Z] #229 attempt=1/2 status=200 0.264s url=https://www.myfonts.com/products/regular-keenan-aure-1158020
[2026-05-24T08:45:01Z] #230 attempt=1/2 status=200 0.300s url=https://www.myfonts.com/collections/keenan-aure-font-rasio-studio/
[2026-05-24T08:45:02Z] #231 attempt=1/2 status=200 0.340s url=https://www.myfonts.com/products/regular-jettiares-1158045
[2026-05-24T08:45:02Z] #232 attempt=1/2 status=429 0.040s url=https://www.myfonts.com/collections/jettiares-font-letterhanna-studio/
[2026-05-24T08:45:05Z] #233 attempt=2/2 status=200 0.320s url=https://www.myfonts.com/collections/jettiares-font-letterhanna-studio/
[2026-05-24T08:45:05Z] #234 attempt=1/2 status=200 0.271s url=https://www.myfonts.com/products/regular-aremeo-1158128
[2026-05-24T08:45:06Z] #235 attempt=1/2 status=200 0.323s url=https://www.myfonts.com/collections/aremeo-font-only-fonts/
[2026-05-24T08:45:06Z] #236 attempt=1/2 status=200 0.280s url=https://www.myfonts.com/products/regular-marble-galaxy-1158196
[2026-05-24T08:45:07Z] #237 attempt=1/2 status=429 0.033s url=https://www.myfonts.com/collections/marble-galaxy-font-alit-design/
[2026-05-24T08:45:09Z] #238 attempt=2/2 status=200 0.303s url=https://www.myfonts.com/collections/marble-galaxy-font-alit-design/
[2026-05-24T08:45:10Z] #239 attempt=1/2 status=200 0.291s url=https://www.myfonts.com/products/regular-corvinix-1140099
[2026-05-24T08:45:10Z] #240 attempt=1/2 status=200 0.280s url=https://www.myfonts.com/collections/corvinix-font-fontanatype/
[2026-05-24T08:45:11Z] #241 attempt=1/2 status=200 0.257s url=https://www.myfonts.com/products/regular-ghost-bolpi-1158033
[2026-05-24T08:45:11Z] #242 attempt=1/2 status=200 0.286s url=https://www.myfonts.com/collections/ghost-bolpi-font-pineungtype-misinklab/
[2026-05-24T08:45:12Z] #243 attempt=1/2 status=429 0.032s url=https://www.myfonts.com/products/regular-brick-slash-1158016
[2026-05-24T08:45:14Z] #244 attempt=2/2 status=200 0.319s url=https://www.myfonts.com/products/regular-brick-slash-1158016
[2026-05-24T08:45:15Z] #245 attempt=1/2 status=200 0.328s url=https://www.myfonts.com/collections/brick-slash-font-shanaf/
[2026-05-24T08:45:15Z] #246 attempt=1/2 status=200 0.258s url=https://www.myfonts.com/products/regular-ongunkan-bactrian-script-1120328
[2026-05-24T08:45:16Z] #247 attempt=1/2 status=404 0.174s url=https://www.myfonts.com/collections/regular-ongunkan-bactrian-script-1120328-font-runic-world-tamgaci
[2026-05-24T08:45:17Z] #248 attempt=1/6 status=200 0.764s url=https://www.myfonts.com/products.json?limit=100&page=8
[2026-05-24T08:45:17Z] #249 attempt=1/2 status=200 0.254s url=https://www.myfonts.com/products/kids-regular-zibboo-1157555
[2026-05-24T08:45:18Z] #250 attempt=1/2 status=429 0.055s url=https://www.myfonts.com/collections/zibboo-font-mei-suseno/
[2026-05-24T08:45:20Z] #251 attempt=2/2 status=200 0.429s url=https://www.myfonts.com/collections/zibboo-font-mei-suseno/
[2026-05-24T08:45:21Z] #252 attempt=1/2 status=200 0.308s url=https://www.myfonts.com/products/regular-evelina-hand-1158121
[2026-05-24T08:45:21Z] #253 attempt=1/2 status=200 0.278s url=https://www.myfonts.com/collections/evelina-hand-font-letterhanna-studio/
[2026-05-24T08:45:22Z] #254 attempt=1/2 status=200 0.284s url=https://www.myfonts.com/products/regular-dark-hermes-1158114
[2026-05-24T08:45:22Z] #255 attempt=1/2 status=429 0.028s url=https://www.myfonts.com/collections/dark-hermes-font-alit-design/
[2026-05-24T08:45:25Z] #256 attempt=2/2 status=200 0.372s url=https://www.myfonts.com/collections/dark-hermes-font-alit-design/
[2026-05-24T08:45:25Z] #257 attempt=1/2 status=200 0.284s url=https://www.myfonts.com/products/bold-laughsmith-1157550
[2026-05-24T08:45:26Z] #258 attempt=1/2 status=200 0.258s url=https://www.myfonts.com/collections/laughsmith-font-margi-studio/
[2026-05-24T08:45:27Z] #259 attempt=1/6 status=200 0.753s url=https://www.myfonts.com/products.json?limit=100&page=9
[2026-05-24T08:45:28Z] #260 attempt=1/2 status=200 0.252s url=https://www.myfonts.com/products/marblis-thin-marblis-variable-1158009
[2026-05-24T08:45:28Z] #261 attempt=1/2 status=200 0.254s url=https://www.myfonts.com/collections/marblis-variable-font-julien-fincker/
[2026-05-24T08:45:28Z] #262 attempt=1/2 status=429 0.026s url=https://www.myfonts.com/products/regular-ongunkan-hatran-hatrean-1120329
[2026-05-24T08:45:31Z] #263 attempt=2/2 status=200 0.381s url=https://www.myfonts.com/products/regular-ongunkan-hatran-hatrean-1120329
[2026-05-24T08:45:31Z] #264 attempt=1/2 status=404 0.157s url=https://www.myfonts.com/collections/regular-ongunkan-hatran-hatrean-1120329-font-runic-world-tamgaci
[2026-05-24T08:45:32Z] #265 attempt=1/2 status=200 0.306s url=https://www.myfonts.com/products/regular-valenoire-1158136
[2026-05-24T08:45:32Z] #266 attempt=1/2 status=200 0.272s url=https://www.myfonts.com/collections/valenoire-font-eko-bimantara/
[2026-05-24T08:45:33Z] #267 attempt=1/2 status=200 0.371s url=https://www.myfonts.com/products/regular-santara-1157554
[2026-05-24T08:45:33Z] #268 attempt=1/2 status=429 0.034s url=https://www.myfonts.com/collections/santara-font-mei-suseno/
[2026-05-24T08:45:36Z] #269 attempt=2/2 status=200 0.391s url=https://www.myfonts.com/collections/santara-font-mei-suseno/
[2026-05-24T08:45:36Z] #270 attempt=1/2 status=200 0.234s url=https://www.myfonts.com/products/regular-zfthankful-1158011
[2026-05-24T08:45:37Z] #271 attempt=1/2 status=200 0.276s url=https://www.myfonts.com/collections/zfthankful-font-zoofont/
[2026-05-24T08:45:38Z] #272 attempt=1/2 status=200 0.252s url=https://www.myfonts.com/products/regular-maria-1158191
[2026-05-24T08:45:38Z] #273 attempt=1/2 status=429 0.038s url=https://www.myfonts.com/collections/maria-font-sensatype-studio/
[2026-05-24T08:45:40Z] #274 attempt=2/2 status=200 0.260s url=https://www.myfonts.com/collections/maria-font-sensatype-studio/
[2026-05-24T08:45:41Z] #275 attempt=1/2 status=200 0.307s url=https://www.myfonts.com/products/gediol-paund-regular-mc-gediol-paund-1158151
[2026-05-24T08:45:41Z] #276 attempt=1/2 status=200 0.251s url=https://www.myfonts.com/collections/mc-gediol-paund-font-maulana-creative/
[2026-05-24T08:45:42Z] #277 attempt=1/2 status=200 0.252s url=https://www.myfonts.com/products/regular-kasem-1158126
[2026-05-24T08:45:42Z] #278 attempt=1/2 status=200 0.278s url=https://www.myfonts.com/collections/kasem-font-only-fonts/
[2026-05-24T08:45:43Z] #279 attempt=1/6 status=429 0.037s url=https://www.myfonts.com/products.json?limit=100&page=10
[2026-05-24T08:45:46Z] #280 attempt=2/6 status=200 0.820s url=https://www.myfonts.com/products.json?limit=100&page=10
[2026-05-24T08:45:47Z] #281 attempt=1/2 status=200 0.262s url=https://www.myfonts.com/products/regular-titanic-fraktur-1158110
[2026-05-24T08:45:47Z] #282 attempt=1/2 status=200 0.222s url=https://www.myfonts.com/collections/titanic-fraktur-font-alit-design/
[2026-05-24T08:45:48Z] #283 attempt=1/2 status=200 0.262s url=https://www.myfonts.com/products/regular-misty-yarra-1158047
[2026-05-24T08:45:48Z] #284 attempt=1/2 status=200 0.262s url=https://www.myfonts.com/collections/misty-yarra-font-olivetype/
[2026-05-24T08:45:49Z] #285 attempt=1/2 status=200 0.257s url=https://www.myfonts.com/products/regular-authentic-gokpesi-1158034
[2026-05-24T08:45:49Z] #286 attempt=1/2 status=429 0.034s url=https://www.myfonts.com/collections/authentic-gokpesi-font-pineungtype-misinklab/
[2026-05-24T08:45:52Z] #287 attempt=2/2 status=200 0.281s url=https://www.myfonts.com/collections/authentic-gokpesi-font-pineungtype-misinklab/
[2026-05-24T08:45:52Z] #288 attempt=1/2 status=200 0.227s url=https://www.myfonts.com/products/regular-ongunkan-proto-canaanite-1143849
[2026-05-24T08:45:52Z] #289 attempt=1/2 status=404 0.160s url=https://www.myfonts.com/collections/regular-ongunkan-proto-canaanite-1143849-font-runic-world-tamgaci
[2026-05-24T08:45:53Z] #290 attempt=1/2 status=200 0.327s url=https://www.myfonts.com/products/regular-liquid-mirage-1158025
[2026-05-24T08:45:53Z] #291 attempt=1/2 status=429 0.030s url=https://www.myfonts.com/collections/liquid-mirage-font-shanaf/
[2026-05-24T08:45:56Z] #292 attempt=2/2 status=200 0.262s url=https://www.myfonts.com/collections/liquid-mirage-font-shanaf/
[2026-05-24T08:45:56Z] #293 attempt=1/2 status=200 0.257s url=https://www.myfonts.com/products/regular-haute-frame-1158024
[2026-05-24T08:45:57Z] #294 attempt=1/2 status=200 0.228s url=https://www.myfonts.com/collections/haute-frame-font-shanaf/
[2026-05-24T08:45:57Z] #295 attempt=1/2 status=200 0.333s url=https://www.myfonts.com/products/epopeya-complete-family-package-1157838
[2026-05-24T08:45:58Z] #296 attempt=1/2 status=200 0.413s url=https://www.myfonts.com/collections/epopeya-font-tour-de-force/
[2026-05-24T08:45:58Z] #297 attempt=1/2 status=429 0.028s url=https://www.myfonts.com/products/ruma-complete-family-package-1157586
[2026-05-24T08:46:01Z] #298 attempt=2/2 status=200 0.342s url=https://www.myfonts.com/products/ruma-complete-family-package-1157586
[2026-05-24T08:46:01Z] #299 attempt=1/2 status=200 0.337s url=https://www.myfonts.com/collections/ruma-font-the-native-saint-club/
[2026-05-24T08:46:02Z] #300 attempt=1/2 status=200 0.337s url=https://www.myfonts.com/products/foermality-sans-outline-complete-family-package-1157596
[2026-05-24T08:46:03Z] #301 attempt=1/2 status=200 0.429s url=https://www.myfonts.com/collections/foermality-sans-outline-font-laroyba-type/
[2026-05-24T08:46:03Z] #302 attempt=1/2 status=200 0.292s url=https://www.myfonts.com/products/alvora-complete-family-package-1157580
[2026-05-24T08:46:03Z] #303 attempt=1/2 status=429 0.031s url=https://www.myfonts.com/collections/alvora-font-font-liner/
[2026-05-24T08:46:06Z] #304 attempt=2/2 status=200 0.447s url=https://www.myfonts.com/collections/alvora-font-font-liner/
[2026-05-24T08:46:07Z] #305 attempt=1/2 status=200 0.425s url=https://www.myfonts.com/products/gutter-complete-family-package-1157816
[2026-05-24T08:46:07Z] #306 attempt=1/2 status=200 0.372s url=https://www.myfonts.com/collections/gutter-font-dikas-studio/
[2026-05-24T08:46:08Z] #307 attempt=1/2 status=200 0.517s url=https://www.myfonts.com/products/limit-micro-complete-family-package-1157628
[2026-05-24T08:46:09Z] #308 attempt=1/2 status=200 0.954s url=https://www.myfonts.com/collections/limit-micro-font-bold-guys/
[2026-05-24T08:46:10Z] #309 attempt=1/2 status=200 0.304s url=https://www.myfonts.com/products/dryeyes-complete-family-package-1157547
[2026-05-24T08:46:11Z] #310 attempt=1/2 status=200 0.356s url=https://www.myfonts.com/collections/dryeyes-font-letterytz/
[2026-05-24T08:46:11Z] #311 attempt=1/2 status=200 0.294s url=https://www.myfonts.com/products/elitha-beauty-italic-complete-family-package-1157591
[2026-05-24T08:46:12Z] #312 attempt=1/2 status=429 0.085s url=https://www.myfonts.com/collections/elitha-beauty-italic-font-yoga-letter/
[2026-05-24T08:46:14Z] #313 attempt=2/2 status=200 0.350s url=https://www.myfonts.com/collections/elitha-beauty-italic-font-yoga-letter/
[2026-05-24T08:46:15Z] #314 attempt=1/2 status=200 0.337s url=https://www.myfonts.com/products/salt-fine-collection-complete-family-package-1157551
[2026-05-24T08:46:15Z] #315 attempt=1/2 status=200 0.349s url=https://www.myfonts.com/collections/salt-fine-collection-font-rhd-studio/
[2026-05-24T08:46:16Z] #316 attempt=1/2 status=200 0.318s url=https://www.myfonts.com/products/ayaha-complete-family-package-1157618
[2026-05-24T08:46:17Z] #317 attempt=1/2 status=200 0.429s url=https://www.myfonts.com/collections/ayaha-font-pedro-teixeira/
[2026-05-24T08:46:17Z] #318 attempt=1/2 status=200 0.311s url=https://www.myfonts.com/products/001-sans-serif-family-complete-family-package-1157607
[2026-05-24T08:46:18Z] #319 attempt=1/2 status=429 0.031s url=https://www.myfonts.com/collections/001-sans-serif-family-font-pedro-teixeira/
[2026-05-24T08:46:20Z] #320 attempt=2/2 status=200 0.418s url=https://www.myfonts.com/collections/001-sans-serif-family-font-pedro-teixeira/
[2026-05-24T08:46:21Z] #321 attempt=1/2 status=200 0.328s url=https://www.myfonts.com/products/wesyo-complete-family-package-1157603
[2026-05-24T08:46:21Z] #322 attempt=1/2 status=200 0.359s url=https://www.myfonts.com/collections/wesyo-font-letterytz/
[2026-05-24T08:46:22Z] #323 attempt=1/2 status=200 0.362s url=https://www.myfonts.com/products/mognakin-complete-family-package-1157544
[2026-05-24T08:46:23Z] #324 attempt=1/2 status=200 0.341s url=https://www.myfonts.com/collections/mognakin-font-timelesstype-studio/
[2026-05-24T08:46:23Z] #325 attempt=1/2 status=200 0.293s url=https://www.myfonts.com/products/lotzo-complete-family-package-1157556
[2026-05-24T08:46:24Z] #326 attempt=1/2 status=429 0.108s url=https://www.myfonts.com/collections/lotzo-font-font-liner/
[2026-05-24T08:46:26Z] #327 attempt=2/2 status=200 0.480s url=https://www.myfonts.com/collections/lotzo-font-font-liner/
[2026-05-24T08:46:27Z] #328 attempt=1/2 status=200 0.324s url=https://www.myfonts.com/products/calistany-sweet-romance-complete-family-package-1157561
[2026-05-24T08:46:27Z] #329 attempt=1/2 status=200 0.335s url=https://www.myfonts.com/collections/calistany-sweet-romance-font-letterena-studios/
[2026-05-24T08:46:28Z] #330 attempt=1/2 status=200 0.638s url=https://www.myfonts.com/products/the-aesthetic-swash-box-12-script-font-bundle-package-1157817
[2026-05-24T08:46:29Z] #331 attempt=1/2 status=404 0.161s url=https://www.myfonts.com/collections/the-aesthetic-swash-box-12-script-font-bundle-font-letterhanna-studio
[2026-05-24T08:46:29Z] #332 attempt=1/2 status=429 0.038s url=https://www.myfonts.com/products/morgan-strike-complete-family-package-1157583
[2026-05-24T08:46:31Z] #333 attempt=2/2 status=200 0.302s url=https://www.myfonts.com/products/morgan-strike-complete-family-package-1157583
[2026-05-24T08:46:32Z] #334 attempt=1/2 status=200 0.370s url=https://www.myfonts.com/collections/morgan-strike-font-yoga-letter/
[2026-05-24T08:46:33Z] #335 attempt=1/2 status=200 0.365s url=https://www.myfonts.com/products/kibtah-arabic-complete-family-package-1157559
[2026-05-24T08:46:33Z] #336 attempt=1/2 status=200 0.411s url=https://www.myfonts.com/collections/kibtah-arabic-font-namela/
[2026-05-24T08:46:34Z] #337 attempt=1/2 status=200 0.280s url=https://www.myfonts.com/products/guess-street-complete-family-package-1157576
[2026-05-24T08:46:35Z] #338 attempt=1/2 status=200 0.394s url=https://www.myfonts.com/collections/guess-street-font-stylishtype-studio/
[2026-05-24T08:46:35Z] #339 attempt=1/2 status=429 0.049s url=https://www.myfonts.com/products/regular-mistifine-1157595
[2026-05-24T08:46:37Z] #340 attempt=2/2 status=200 0.321s url=https://www.myfonts.com/products/regular-mistifine-1157595
[2026-05-24T08:46:38Z] #341 attempt=1/2 status=200 0.259s url=https://www.myfonts.com/collections/mistifine-font-yohanes-oktav/
[2026-05-24T08:46:39Z] #342 attempt=1/6 status=200 0.909s url=https://www.myfonts.com/products.json?limit=100&page=11
[2026-05-24T08:46:40Z] #343 attempt=1/2 status=200 0.294s url=https://www.myfonts.com/products/regular-tazmeera-1157575
[2026-05-24T08:46:40Z] #344 attempt=1/2 status=200 0.276s url=https://www.myfonts.com/collections/tazmeera-font-denustudio/
[2026-05-24T08:46:41Z] #345 attempt=1/2 status=200 0.263s url=https://www.myfonts.com/products/regular-thick-block-1157594
[2026-05-24T08:46:41Z] #346 attempt=1/2 status=200 0.257s url=https://www.myfonts.com/collections/thick-block-font-maxart/
[2026-05-24T08:46:42Z] #347 attempt=1/2 status=429 0.032s url=https://www.myfonts.com/products/arabica-neue-regular-arabicaneu-1143500
[2026-05-24T08:46:44Z] #348 attempt=2/2 status=200 0.358s url=https://www.myfonts.com/products/arabica-neue-regular-arabicaneu-1143500
[2026-05-24T08:46:45Z] #349 attempt=1/2 status=200 0.258s url=https://www.myfonts.com/collections/arabicaneu-font-kangfont-studio/
[2026-05-24T08:46:45Z] #350 attempt=1/2 status=200 0.397s url=https://www.myfonts.com/products/semibold-expressway-soft-970139
[2026-05-24T08:46:46Z] #351 attempt=1/2 status=200 0.467s url=https://www.myfonts.com/collections/expressway-soft-font-typodermic/
[2026-05-24T08:46:47Z] #352 attempt=1/2 status=200 0.279s url=https://www.myfonts.com/products/regular-lazover-classico-1157606
[2026-05-24T08:46:47Z] #353 attempt=1/2 status=429 0.049s url=https://www.myfonts.com/collections/lazover-classico-font-mei-suseno/
[2026-05-24T08:46:50Z] #354 attempt=2/2 status=200 0.303s url=https://www.myfonts.com/collections/lazover-classico-font-mei-suseno/
[2026-05-24T08:46:50Z] #355 attempt=1/2 status=200 0.347s url=https://www.myfonts.com/products/compressed-thin-dean-soft-slab-vf-1127851
[2026-05-24T08:46:51Z] #356 attempt=1/2 status=200 0.253s url=https://www.myfonts.com/collections/dean-soft-slab-vf-font-blaze-type/
[2026-05-24T08:46:51Z] #357 attempt=1/2 status=200 0.317s url=https://www.myfonts.com/products/italic-liong-1157814
[2026-05-24T08:46:52Z] #358 attempt=1/2 status=200 0.411s url=https://www.myfonts.com/collections/liong-font-dikas-studio/
[2026-05-24T08:46:52Z] #359 attempt=1/2 status=429 0.032s url=https://www.myfonts.com/products/anti-mythology-regular-antimythology-1157589
[2026-05-24T08:46:55Z] #360 attempt=2/2 status=200 0.321s url=https://www.myfonts.com/products/anti-mythology-regular-antimythology-1157589
[2026-05-24T08:46:55Z] #361 attempt=1/2 status=200 0.279s url=https://www.myfonts.com/collections/antimythology-font-margi-studio/
[2026-05-24T08:46:56Z] #362 attempt=1/2 status=200 0.260s url=https://www.myfonts.com/products/regular-ethereal-nymeria-1157590
[2026-05-24T08:46:56Z] #363 attempt=1/2 status=200 0.216s url=https://www.myfonts.com/collections/ethereal-nymeria-font-letterhanna-studio/
[2026-05-24T08:46:57Z] #364 attempt=1/2 status=200 0.266s url=https://www.myfonts.com/products/regular-fhanta-slamdunk-1157571
[2026-05-24T08:46:57Z] #365 attempt=1/2 status=429 0.031s url=https://www.myfonts.com/collections/fhanta-slamdunk-font-pineungtype-misinklab/
[2026-05-24T08:47:00Z] #366 attempt=2/2 status=200 0.322s url=https://www.myfonts.com/collections/fhanta-slamdunk-font-pineungtype-misinklab/
[2026-05-24T08:47:00Z] #367 attempt=1/2 status=200 0.320s url=https://www.myfonts.com/products/regular-aurellis-1143496
[2026-05-24T08:47:01Z] #368 attempt=1/2 status=200 0.391s url=https://www.myfonts.com/collections/aurellis-font-kangfont-studio/
[2026-05-24T08:47:01Z] #369 attempt=1/2 status=200 0.305s url=https://www.myfonts.com/products/regular-jomiw-1157579
[2026-05-24T08:47:02Z] #370 attempt=1/2 status=200 0.251s url=https://www.myfonts.com/collections/jomiw-font-linecreative/
[2026-05-24T08:47:02Z] #371 attempt=1/2 status=429 0.037s url=https://www.myfonts.com/products/regular-whisker-bites-1157543
[2026-05-24T08:47:05Z] #372 attempt=2/2 status=200 0.317s url=https://www.myfonts.com/products/regular-whisker-bites-1157543
[2026-05-24T08:47:05Z] #373 attempt=1/2 status=200 0.243s url=https://www.myfonts.com/collections/whisker-bites-font-shanaf/
[2026-05-24T08:47:06Z] #374 attempt=1/2 status=200 0.264s url=https://www.myfonts.com/products/regular-axenor-1143504
[2026-05-24T08:47:06Z] #375 attempt=1/2 status=200 0.249s url=https://www.myfonts.com/collections/axenor-font-kangfont-studio/
[2026-05-24T08:47:07Z] #376 attempt=1/2 status=429 0.046s url=https://www.myfonts.com/products/medium-ld-cherries-1157815
[2026-05-24T08:47:09Z] #377 attempt=2/2 status=200 0.470s url=https://www.myfonts.com/products/medium-ld-cherries-1157815
[2026-05-24T08:47:10Z] #378 attempt=1/2 status=200 0.568s url=https://www.myfonts.com/collections/ld-cherries-font-dikas-studio/
[2026-05-24T08:47:11Z] #379 attempt=1/2 status=200 0.884s url=https://www.myfonts.com/products/all-the-typewriter-fonts-you-will-ever-need-package-916464
[2026-05-24T08:47:12Z] #380 attempt=1/2 status=404 0.159s url=https://www.myfonts.com/collections/all-the-typewriter-fonts-you-will-ever-need-font-anas-fonts
[2026-05-24T08:47:13Z] #381 attempt=1/2 status=200 0.958s url=https://www.myfonts.com/products/the-handmade-fonts-and-illustrations-collection-package-916568
[2026-05-24T08:47:13Z] #382 attempt=1/2 status=404 0.150s url=https://www.myfonts.com/collections/the-handmade-fonts-and-illustrations-collection-font-anas-fonts
[2026-05-24T08:47:14Z] #383 attempt=1/2 status=200 0.289s url=https://www.myfonts.com/products/regular-boxarone-1157384
[2026-05-24T08:47:14Z] #384 attempt=1/2 status=429 0.045s url=https://www.myfonts.com/collections/boxarone-font-mei-suseno/
[2026-05-24T08:47:16Z] #385 attempt=2/2 status=200 0.359s url=https://www.myfonts.com/collections/boxarone-font-mei-suseno/
[2026-05-24T08:47:17Z] #386 attempt=1/2 status=200 0.340s url=https://www.myfonts.com/products/sallintine-calligraphy-complete-family-package-1157210
[2026-05-24T08:47:18Z] #387 attempt=1/2 status=200 0.333s url=https://www.myfonts.com/collections/sallintine-calligraphy-font-logic-type/
[2026-05-24T08:47:18Z] #388 attempt=1/2 status=200 0.391s url=https://www.myfonts.com/products/tbj-valmist-complete-family-package-1126597
[2026-05-24T08:47:19Z] #389 attempt=1/2 status=200 0.517s url=https://www.myfonts.com/collections/tbj-valmist-font-taboja-studio/
[2026-05-24T08:47:20Z] #390 attempt=1/2 status=200 0.662s url=https://www.myfonts.com/products/bomburst-complete-family-package-1157189
[2026-05-24T08:47:21Z] #391 attempt=1/2 status=200 1.005s url=https://www.myfonts.com/collections/bomburst-font-versustwin/
[2026-05-24T08:47:23Z] #392 attempt=1/2 status=200 1.423s url=https://www.myfonts.com/products/frontend-complete-family-package-1156132
[2026-05-24T08:47:25Z] #393 attempt=1/2 status=200 1.674s url=https://www.myfonts.com/collections/frontend-font-trick-type-style/
[2026-05-24T08:47:26Z] #394 attempt=1/2 status=200 0.341s url=https://www.myfonts.com/products/calteo-complete-family-package-1157356
[2026-05-24T08:47:27Z] #395 attempt=1/2 status=200 0.367s url=https://www.myfonts.com/collections/calteo-font-ragamkata/
[2026-05-24T08:47:28Z] #396 attempt=1/2 status=200 0.469s url=https://www.myfonts.com/products/bilgen-complete-family-package-1157516
[2026-05-24T08:47:29Z] #397 attempt=1/2 status=200 0.748s url=https://www.myfonts.com/collections/bilgen-font-bykineks/
[2026-05-24T08:47:29Z] #398 attempt=1/2 status=200 0.320s url=https://www.myfonts.com/products/best-remind-complete-family-package-1157353
[2026-05-24T08:47:30Z] #399 attempt=1/2 status=200 0.348s url=https://www.myfonts.com/collections/best-remind-font-ragamkata/
[2026-05-24T08:47:31Z] #400 attempt=1/2 status=200 0.318s url=https://www.myfonts.com/products/ls-selebriti-complete-family-package-1157387
[2026-05-24T08:47:31Z] #401 attempt=1/2 status=200 0.388s url=https://www.myfonts.com/collections/ls-selebriti-font-letternesia-studio/
[2026-05-24T08:47:32Z] #402 attempt=1/2 status=429 0.026s url=https://www.myfonts.com/products/brodies-soft-package-1157351
[2026-05-24T08:47:34Z] #403 attempt=2/2 status=200 0.617s url=https://www.myfonts.com/products/brodies-soft-package-1157351
[2026-05-24T08:47:36Z] #404 attempt=1/2 status=200 0.906s url=https://www.myfonts.com/collections/brodies-font-glowtype/
[2026-05-24T08:47:36Z] #405 attempt=1/2 status=200 0.307s url=https://www.myfonts.com/products/satzo-complete-family-package-1156931
[2026-05-24T08:47:37Z] #406 attempt=1/2 status=200 0.319s url=https://www.myfonts.com/collections/satzo-font-ragamkata/
[2026-05-24T08:47:38Z] #407 attempt=1/6 status=200 0.690s url=https://www.myfonts.com/products.json?limit=100&page=12
[2026-05-24T08:47:39Z] #408 attempt=1/2 status=200 0.358s url=https://www.myfonts.com/products/serion-complete-family-package-1157396
[2026-05-24T08:47:39Z] #409 attempt=1/2 status=200 0.464s url=https://www.myfonts.com/collections/serion-font-prestige-artsy-studio/
[2026-05-24T08:47:40Z] #410 attempt=1/2 status=200 0.273s url=https://www.myfonts.com/products/akore-complete-family-package-1157206
[2026-05-24T08:47:41Z] #411 attempt=1/2 status=200 0.407s url=https://www.myfonts.com/collections/akore-font-grontype/
[2026-05-24T08:47:41Z] #412 attempt=1/2 status=200 0.336s url=https://www.myfonts.com/products/gotham-core-pack-package-1144273
[2026-05-24T08:47:41Z] #413 attempt=1/2 status=429 0.028s url=https://www.myfonts.com/collections/gotham-font-hoefler-and-co/
[2026-05-24T08:47:45Z] #414 attempt=2/2 status=200 0.926s url=https://www.myfonts.com/collections/gotham-font-hoefler-and-co/
[2026-05-24T08:47:46Z] #415 attempt=1/2 status=200 0.262s url=https://www.myfonts.com/products/dust-forge-complete-family-package-1157215
[2026-05-24T08:47:46Z] #416 attempt=1/2 status=200 0.363s url=https://www.myfonts.com/collections/dust-forge-font-letterhend/
[2026-05-24T08:47:47Z] #417 attempt=1/2 status=200 0.331s url=https://www.myfonts.com/products/starligh-timber-complete-family-package-1156917
[2026-05-24T08:47:47Z] #418 attempt=1/2 status=200 0.376s url=https://www.myfonts.com/collections/starligh-timber-font-stylishtype-studio/
[2026-05-24T08:47:50Z] #419 attempt=1/2 status=200 2.109s url=https://www.myfonts.com/products/griggs-complete-family-package-1156430
[2026-05-24T08:47:53Z] #420 attempt=1/2 status=200 2.837s url=https://www.myfonts.com/collections/griggs-font-seniors-studio/
[2026-05-24T08:47:54Z] #421 attempt=1/2 status=200 0.305s url=https://www.myfonts.com/products/grill-time-complete-family-package-1156922
[2026-05-24T08:47:55Z] #422 attempt=1/2 status=200 0.422s url=https://www.myfonts.com/collections/grill-time-font-vozzy/
[2026-05-24T08:47:56Z] #423 attempt=1/2 status=200 1.053s url=https://www.myfonts.com/products/bolshoi-complete-family-package-1157413
[2026-05-24T08:47:58Z] #424 attempt=1/2 status=200 1.378s url=https://www.myfonts.com/collections/bolshoi-font-alpercakici/
[2026-05-24T08:47:59Z] #425 attempt=1/2 status=200 0.293s url=https://www.myfonts.com/products/milviano-complete-family-package-1157390
[2026-05-24T08:47:59Z] #426 attempt=1/2 status=200 0.322s url=https://www.myfonts.com/collections/milviano-font-fridaytype/
[2026-05-24T08:48:01Z] #427 attempt=1/2 status=200 0.935s url=https://www.myfonts.com/products/cuptcha-complete-family-package-1156935
[2026-05-24T08:48:02Z] #428 attempt=1/2 status=200 1.412s url=https://www.myfonts.com/collections/cuptcha-font-blaze-type/
[2026-05-24T08:48:04Z] #429 attempt=1/2 status=200 0.636s url=https://www.myfonts.com/products/orochima-complete-family-package-1155868
[2026-05-24T08:48:05Z] #430 attempt=1/2 status=200 0.839s url=https://www.myfonts.com/collections/orochima-font-alpercakici/
[2026-05-24T08:48:07Z] #431 attempt=1/2 status=200 1.392s url=https://www.myfonts.com/products/protector-complete-family-package-1157044
[2026-05-24T08:48:08Z] #432 attempt=1/2 status=200 1.472s url=https://www.myfonts.com/collections/protector-font-alpercakici/
[2026-05-24T08:48:09Z] #433 attempt=1/2 status=200 0.307s url=https://www.myfonts.com/products/wisageni-complete-family-package-1156928
[2026-05-24T08:48:10Z] #434 attempt=1/2 status=200 0.335s url=https://www.myfonts.com/collections/wisageni-font-agung-sudirman/
[2026-05-24T08:48:11Z] #435 attempt=1/2 status=200 0.299s url=https://www.myfonts.com/products/fogira-khuils-complete-family-package-1156910
[2026-05-24T08:48:11Z] #436 attempt=1/2 status=200 0.344s url=https://www.myfonts.com/collections/fogira-khuils-font-timelesstype-studio/
[2026-05-24T08:48:12Z] #437 attempt=1/2 status=200 0.438s url=https://www.myfonts.com/products/middleweight-style-package-1157190
[2026-05-24T08:48:13Z] #438 attempt=1/2 status=200 0.609s url=https://www.myfonts.com/collections/otflag-sans-font-oktnum-type-foundry/
[2026-05-24T08:48:13Z] #439 attempt=1/2 status=200 0.327s url=https://www.myfonts.com/products/khairullah-complete-family-package-1156914
[2026-05-24T08:48:14Z] #440 attempt=1/2 status=200 0.297s url=https://www.myfonts.com/collections/khairullah-font-made-deduk/
[2026-05-24T08:48:15Z] #441 attempt=1/2 status=200 0.651s url=https://www.myfonts.com/products/itadori-complete-family-package-1157363
[2026-05-24T08:48:16Z] #442 attempt=1/2 status=200 0.556s url=https://www.myfonts.com/collections/itadori-font-zafara-studios/
[2026-05-24T08:48:16Z] #443 attempt=1/2 status=200 0.290s url=https://www.myfonts.com/products/roxelis-complete-family-package-1157359
[2026-05-24T08:48:17Z] #444 attempt=1/2 status=200 0.406s url=https://www.myfonts.com/collections/roxelis-font-valorix-studio/
[2026-05-24T08:48:18Z] #445 attempt=1/2 status=200 0.424s url=https://www.myfonts.com/products/de-floras-complete-family-package-1156888
[2026-05-24T08:48:18Z] #446 attempt=1/2 status=200 0.410s url=https://www.myfonts.com/collections/de-floras-font-dikas-studio/
[2026-05-24T08:48:19Z] #447 attempt=1/2 status=200 0.738s url=https://www.myfonts.com/products/griggs-serif-complete-family-package-1156552
[2026-05-24T08:48:20Z] #448 attempt=1/2 status=200 0.947s url=https://www.myfonts.com/collections/griggs-serif-font-seniors-studio/
[2026-05-24T08:48:22Z] #449 attempt=1/2 status=200 0.806s url=https://www.myfonts.com/products/calitra-complete-family-package-1157218
[2026-05-24T08:48:23Z] #450 attempt=1/2 status=200 1.296s url=https://www.myfonts.com/collections/calitra-font-soft-creative/
[2026-05-24T08:48:24Z] #451 attempt=1/2 status=200 0.346s url=https://www.myfonts.com/products/belon-fine-kanteris-complete-family-package-1157409
[2026-05-24T08:48:25Z] #452 attempt=1/2 status=200 0.363s url=https://www.myfonts.com/collections/belon-fine-kanteris-font-letterena-studios/
[2026-05-24T08:48:25Z] #453 attempt=1/2 status=200 0.259s url=https://www.myfonts.com/products/gud-female-complete-family-package-1157393
[2026-05-24T08:48:26Z] #454 attempt=1/2 status=200 0.359s url=https://www.myfonts.com/collections/gud-female-font-letterena-studios/
[2026-05-24T08:48:27Z] #455 attempt=1/2 status=200 0.815s url=https://www.myfonts.com/products/griggs-sans-complete-family-package-1156521
[2026-05-24T08:48:28Z] #456 attempt=1/2 status=200 0.915s url=https://www.myfonts.com/collections/griggs-sans-font-seniors-studio/
[2026-05-24T08:48:29Z] #457 attempt=1/2 status=200 0.334s url=https://www.myfonts.com/products/qasel-sans-complete-family-package-1156901
[2026-05-24T08:48:30Z] #458 attempt=1/2 status=200 0.379s url=https://www.myfonts.com/collections/qasel-sans-font-elyas-beria/
[2026-05-24T08:48:31Z] #459 attempt=1/2 status=200 0.813s url=https://www.myfonts.com/products/griggs-flare-complete-family-package-1156583
[2026-05-24T08:48:32Z] #460 attempt=1/2 status=200 1.196s url=https://www.myfonts.com/collections/griggs-flare-font-seniors-studio/
[2026-05-24T08:48:33Z] #461 attempt=1/2 status=200 0.344s url=https://www.myfonts.com/products/blackout-child-of-evil-667-1156086
[2026-05-24T08:48:34Z] #462 attempt=1/2 status=200 0.414s url=https://www.myfonts.com/collections/child-of-evil-667-font-remedy667/
[2026-05-24T08:48:34Z] #463 attempt=1/2 status=200 0.378s url=https://www.myfonts.com/products/light-oblique-hovide-mono-1156068
[2026-05-24T08:48:35Z] #464 attempt=1/2 status=429 0.028s url=https://www.myfonts.com/collections/hovide-mono-font-zafara-studios/
[2026-05-24T08:48:37Z] #465 attempt=2/2 status=200 0.540s url=https://www.myfonts.com/collections/hovide-mono-font-zafara-studios/
[2026-05-24T08:48:38Z] #466 attempt=1/2 status=200 0.261s url=https://www.myfonts.com/products/oblique-fever-gothic-667-1156102
[2026-05-24T08:48:39Z] #467 attempt=1/2 status=200 0.304s url=https://www.myfonts.com/collections/fever-gothic-667-font-remedy667/
[2026-05-24T08:48:39Z] #468 attempt=1/2 status=200 0.269s url=https://www.myfonts.com/products/regular-valorine-1156920
[2026-05-24T08:48:40Z] #469 attempt=1/2 status=200 0.271s url=https://www.myfonts.com/collections/valorine-font-letterstock/
[2026-05-24T08:48:40Z] #470 attempt=1/2 status=429 0.037s url=https://www.myfonts.com/products/o-upright-brains-for-breakfast-1156095
[2026-05-24T08:48:43Z] #471 attempt=2/2 status=200 0.337s url=https://www.myfonts.com/products/o-upright-brains-for-breakfast-1156095
[2026-05-24T08:48:43Z] #472 attempt=1/2 status=200 0.357s url=https://www.myfonts.com/collections/brains-for-breakfast-font-remedy667/
[2026-05-24T08:48:44Z] #473 attempt=1/6 status=200 0.733s url=https://www.myfonts.com/products.json?limit=100&page=13
[2026-05-24T08:48:45Z] #474 attempt=1/2 status=200 0.270s url=https://www.myfonts.com/products/regular-melarune-1156022
[2026-05-24T08:48:45Z] #475 attempt=1/2 status=200 0.269s url=https://www.myfonts.com/collections/melarune-font-vadova-std/
[2026-05-24T08:48:46Z] #476 attempt=1/2 status=200 0.337s url=https://www.myfonts.com/products/oblique-grave-tripper-667-1156098
[2026-05-24T08:48:46Z] #477 attempt=1/2 status=429 0.046s url=https://www.myfonts.com/collections/grave-tripper-667-font-remedy667/
[2026-05-24T08:48:49Z] #478 attempt=2/2 status=200 0.379s url=https://www.myfonts.com/collections/grave-tripper-667-font-remedy667/
[2026-05-24T08:48:49Z] #479 attempt=1/2 status=200 0.278s url=https://www.myfonts.com/products/regular-colossia-1156023
[2026-05-24T08:48:50Z] #480 attempt=1/2 status=200 0.259s url=https://www.myfonts.com/collections/colossia-font-vadova-std/
[2026-05-24T08:48:51Z] #481 attempt=1/6 status=200 0.651s url=https://www.myfonts.com/products.json?limit=100&page=14
[2026-05-24T08:48:52Z] #482 attempt=1/2 status=200 0.390s url=https://www.myfonts.com/products/regular-black-morgana-1156913
[2026-05-24T08:48:52Z] #483 attempt=1/2 status=200 0.217s url=https://www.myfonts.com/collections/black-morgana-font-alit-design/
[2026-05-24T08:48:53Z] #484 attempt=1/6 status=429 0.029s url=https://www.myfonts.com/products.json?limit=100&page=15
[2026-05-24T08:48:56Z] #485 attempt=2/6 status=200 0.771s url=https://www.myfonts.com/products.json?limit=100&page=15
[2026-05-24T08:48:57Z] #486 attempt=1/2 status=200 0.248s url=https://www.myfonts.com/products/regular-essence-purelight-1157412
[2026-05-24T08:48:57Z] #487 attempt=1/2 status=200 0.268s url=https://www.myfonts.com/collections/essence-purelight-font-bonjourtype/
[2026-05-24T08:48:58Z] #488 attempt=1/6 status=200 0.720s url=https://www.myfonts.com/products.json?limit=100&page=16
[2026-05-24T08:48:59Z] #489 attempt=1/2 status=200 0.317s url=https://www.myfonts.com/products/regular-enrole-1156017
[2026-05-24T08:48:59Z] #490 attempt=1/2 status=200 0.249s url=https://www.myfonts.com/collections/enrole-font-vadova-std/
[2026-05-24T08:49:01Z] #491 attempt=1/6 status=200 0.855s url=https://www.myfonts.com/products.json?limit=100&page=17
[2026-05-24T08:49:01Z] #492 attempt=1/2 status=200 0.262s url=https://www.myfonts.com/products/regular-the-rakety-bophaq-1156034
[2026-05-24T08:49:02Z] #493 attempt=1/2 status=200 0.272s url=https://www.myfonts.com/collections/the-rakety-bophaq-font-pineungtype-misinklab/
[2026-05-24T08:49:02Z] #494 attempt=1/6 status=429 0.038s url=https://www.myfonts.com/products.json?limit=100&page=18
[2026-05-24T08:49:06Z] #495 attempt=2/6 status=200 0.777s url=https://www.myfonts.com/products.json?limit=100&page=18
[2026-05-24T08:49:06Z] #496 attempt=1/2 status=200 0.304s url=https://www.myfonts.com/products/regular-the-sanchez-monthly-1156921
[2026-05-24T08:49:07Z] #497 attempt=1/2 status=200 0.273s url=https://www.myfonts.com/collections/the-sanchez-monthly-font-moontiontype/
[2026-05-24T08:49:07Z] #498 attempt=1/2 status=200 0.302s url=https://www.myfonts.com/products/italic-write-the-next-line-1156061
[2026-05-24T08:49:08Z] #499 attempt=1/2 status=200 0.394s url=https://www.myfonts.com/collections/write-the-next-line-font-pizzadudedk/
[2026-05-24T08:49:09Z] #500 attempt=1/2 status=200 0.271s url=https://www.myfonts.com/products/regular-klauge-1156030
[2026-05-24T08:49:09Z] #501 attempt=1/2 status=200 0.205s url=https://www.myfonts.com/collections/klauge-font-bryantamanh/
[2026-05-24T08:49:10Z] #502 attempt=1/6 status=200 0.604s url=https://www.myfonts.com/products.json?limit=100&page=19
[2026-05-24T08:49:10Z] #503 attempt=1/2 status=429 0.025s url=https://www.myfonts.com/products/regular-slovia-1157296
[2026-05-24T08:49:13Z] #504 attempt=2/2 status=200 0.377s url=https://www.myfonts.com/products/regular-slovia-1157296
[2026-05-24T08:49:13Z] #505 attempt=1/2 status=200 0.260s url=https://www.myfonts.com/collections/slovia-font-limitype/
[2026-05-24T08:49:14Z] #506 attempt=1/2 status=200 0.257s url=https://www.myfonts.com/products/regular-everight-1157362
[2026-05-24T08:49:14Z] #507 attempt=1/2 status=200 0.250s url=https://www.myfonts.com/collections/everight-font-epiclinez/
[2026-05-24T08:49:15Z] #508 attempt=1/2 status=200 0.313s url=https://www.myfonts.com/products/rough-texture-falkenridge-1156019
[2026-05-24T08:49:15Z] #509 attempt=1/2 status=429 0.059s url=https://www.myfonts.com/collections/falkenridge-font-casloop-studio/
[2026-05-24T08:49:18Z] #510 attempt=2/2 status=200 0.346s url=https://www.myfonts.com/collections/falkenridge-font-casloop-studio/
[2026-05-24T08:49:18Z] #511 attempt=1/2 status=200 0.256s url=https://www.myfonts.com/products/regular-rolyzim-1156927
[2026-05-24T08:49:19Z] #512 attempt=1/2 status=200 0.258s url=https://www.myfonts.com/collections/rolyzim-font-erifqizefont/
[2026-05-24T08:49:20Z] #513 attempt=1/2 status=200 0.255s url=https://www.myfonts.com/products/regular-clavoso-1157386
[2026-05-24T08:49:20Z] #514 attempt=1/2 status=200 0.236s url=https://www.myfonts.com/collections/clavoso-font-true-story-letterworks/
[2026-05-24T08:49:20Z] #515 attempt=1/2 status=429 0.036s url=https://www.myfonts.com/products/regular-majestica-royale-1157369
[2026-05-24T08:49:23Z] #516 attempt=2/2 status=200 0.372s url=https://www.myfonts.com/products/regular-majestica-royale-1157369
[2026-05-24T08:49:23Z] #517 attempt=1/2 status=200 0.255s url=https://www.myfonts.com/collections/majestica-royale-font-bluestype-studio/
[2026-05-24T08:49:25Z] #518 attempt=1/6 status=200 0.740s url=https://www.myfonts.com/products.json?limit=100&page=20
[2026-05-24T08:49:25Z] #519 attempt=1/2 status=200 0.290s url=https://www.myfonts.com/products/regular-blazionix-1156025
[2026-05-24T08:49:26Z] #520 attempt=1/2 status=200 0.238s url=https://www.myfonts.com/collections/blazionix-font-vadova-std/
[2026-05-24T08:49:27Z] #521 attempt=1/6 status=200 0.732s url=https://www.myfonts.com/products.json?limit=100&page=21
[2026-05-24T08:49:27Z] #522 attempt=1/2 status=200 0.252s url=https://www.myfonts.com/products/script-hammerfos-1156028
[2026-05-24T08:49:28Z] #523 attempt=1/2 status=200 0.232s url=https://www.myfonts.com/collections/hammerfos-font-letterytz/
[2026-05-24T08:49:28Z] #524 attempt=1/2 status=429 0.033s url=https://www.myfonts.com/products/regular-splurge-carmage-1157214
[2026-05-24T08:49:31Z] #525 attempt=2/2 status=200 0.377s url=https://www.myfonts.com/products/regular-splurge-carmage-1157214
[2026-05-24T08:49:31Z] #526 attempt=1/2 status=200 0.303s url=https://www.myfonts.com/collections/splurge-carmage-font-inviline/
[2026-05-24T08:49:32Z] #527 attempt=1/2 status=200 0.255s url=https://www.myfonts.com/products/kang-xi-dictionary-shiwen-regular-kangxi-dictionary-shiwen-1156029
[2026-05-24T08:49:32Z] #528 attempt=1/2 status=200 0.261s url=https://www.myfonts.com/collections/kangxi-dictionary-shiwen-font-kangxizidian/
[2026-05-24T08:49:33Z] #529 attempt=1/2 status=200 0.253s url=https://www.myfonts.com/products/regular-xintau-1156055
[2026-05-24T08:49:33Z] #530 attempt=1/2 status=429 0.034s url=https://www.myfonts.com/collections/xintau-font-gian-studio/
[2026-05-24T08:49:36Z] #531 attempt=2/2 status=200 0.380s url=https://www.myfonts.com/collections/xintau-font-gian-studio/
[2026-05-24T08:49:37Z] #532 attempt=1/6 status=200 0.623s url=https://www.myfonts.com/products.json?limit=100&page=22
[2026-05-24T08:49:38Z] #533 attempt=1/2 status=200 0.388s url=https://www.myfonts.com/products/script-brusselco-1156099
[2026-05-24T08:49:38Z] #534 attempt=1/2 status=200 0.233s url=https://www.myfonts.com/collections/brusselco-font-bondangail/
[2026-05-24T08:49:39Z] #535 attempt=1/2 status=200 0.291s url=https://www.myfonts.com/products/right-nova-regular-right-nova-1156026
[2026-05-24T08:49:39Z] #536 attempt=1/2 status=200 0.235s url=https://www.myfonts.com/collections/right-nova-font-imoodev/
[2026-05-24T08:49:39Z] #537 attempt=1/2 status=429 0.061s url=https://www.myfonts.com/products/regular-make-your-move-1156900
[2026-05-24T08:49:42Z] #538 attempt=2/2 status=200 0.277s url=https://www.myfonts.com/products/regular-make-your-move-1156900
[2026-05-24T08:49:42Z] #539 attempt=1/2 status=200 0.258s url=https://www.myfonts.com/collections/make-your-move-font-bonjourtype/
[2026-05-24T08:49:43Z] #540 attempt=1/2 status=200 0.268s url=https://www.myfonts.com/products/cuptcha-compressed-thin-cuptcha-variable-1156934
[2026-05-24T08:49:43Z] #541 attempt=1/2 status=200 0.281s url=https://www.myfonts.com/collections/cuptcha-variable-font-blaze-type/
[2026-05-24T08:49:45Z] #542 attempt=1/6 status=200 0.803s url=https://www.myfonts.com/products.json?limit=100&page=23
[2026-05-24T08:49:46Z] #543 attempt=1/6 status=200 0.738s url=https://www.myfonts.com/products.json?limit=100&page=24
[2026-05-24T08:49:47Z] #544 attempt=1/6 status=200 0.756s url=https://www.myfonts.com/products.json?limit=100&page=25
[2026-05-24T08:49:47Z] summary releases=6 first_429=(82, 'https://www.myfonts.com/collections/neuland-font-linotype/', 0.03660726547241211) log_file=state/myfonts_run_20260524_084123.log
[2026-05-24T08:49:47Z] === MyFonts crawl end ===
