[2026-07-21T08:40:29Z] checkpoint fresh next_page=1 path=state/myfonts_crawl_checkpoint.json
[2026-07-21T08:40:29Z] === MyFonts crawl start source=myfonts ===
[2026-07-21T08:40:29Z] config max_pages=25 page_size=100 start_date=2026-07-20 end_date=2026-07-21 api_delay=0.5s detail_delay=0.2s max_debut_checks=400 max_tech_specs_checks=200 reuse_success_profile=False always_enrich_packages=True language_script_signal_mode=strong force_fresh_run=False start_page=1 browser_mode=False browser_headless=True browser_storage_state_path=state/myfonts_storage_state.json
[2026-07-21T08:40:30Z] #1 attempt=1/6 status=503 0.267s url=https://www.myfonts.com/products.json?limit=100&page=1
[2026-07-21T08:40:30Z] retryable_503 attempt=1/6 waiting=5s
[2026-07-21T08:40:38Z] #2 attempt=2/6 status=200 2.753s url=https://www.myfonts.com/products.json?limit=100&page=1
[2026-07-21T08:40:39Z] #3 attempt=1/2 status=503 0.091s url=https://www.myfonts.com/products/the-ultimate-script-bundle-7-elegant-handwritten-fonts-package-1185090
[2026-07-21T08:40:39Z] retryable_503 attempt=1/2 waiting=2s
[2026-07-21T08:40:44Z] #4 attempt=2/2 status=200 2.674s url=https://www.myfonts.com/products/the-ultimate-script-bundle-7-elegant-handwritten-fonts-package-1185090
[2026-07-21T08:40:44Z] #5 attempt=1/2 status=503 0.106s url=https://www.myfonts.com/collections/the-ultimate-script-bundle-7-elegant-handwritten-fonts-font-jorsetype
[2026-07-21T08:40:44Z] retryable_503 attempt=1/2 waiting=2s
[2026-07-21T08:40:46Z] #6 attempt=2/2 status=404 0.283s url=https://www.myfonts.com/collections/the-ultimate-script-bundle-7-elegant-handwritten-fonts-font-jorsetype
[2026-07-21T08:40:47Z] #7 attempt=1/2 status=503 0.094s url=https://www.myfonts.com/products/type-empire-10-premium-serif-font-bundle-package-1185089
[2026-07-21T08:40:47Z] retryable_503 attempt=1/2 waiting=2s
[2026-07-21T08:40:49Z] #8 attempt=2/2 status=503 0.093s url=https://www.myfonts.com/products/type-empire-10-premium-serif-font-bundle-package-1185089
[2026-07-21T08:40:49Z] retryable_503 attempt=2/2 waiting=2s
[2026-07-21T08:40:51Z] max_retries_exhausted url=https://www.myfonts.com/products/type-empire-10-premium-serif-font-bundle-package-1185089
[2026-07-21T08:40:51Z] #9 attempt=1/2 status=503 0.100s url=https://www.myfonts.com/collections/type-empire-10-premium-serif-font-bundle-font-groen-studio
[2026-07-21T08:40:51Z] retryable_503 attempt=1/2 waiting=2s
[2026-07-21T08:40:54Z] #10 attempt=2/2 status=404 0.998s url=https://www.myfonts.com/collections/type-empire-10-premium-serif-font-bundle-font-groen-studio
[2026-07-21T08:40:56Z] #11 attempt=1/2 status=200 1.253s url=https://www.myfonts.com/products/semi-bold-semi-condensed-italic-abigen-1184392
[2026-07-21T08:40:58Z] #12 attempt=1/2 status=200 2.070s url=https://www.myfonts.com/collections/abigen-font-kaidosan/
[2026-07-21T08:40:59Z] #13 attempt=1/2 status=503 0.107s url=https://www.myfonts.com/collections/abigen-font-kaidosan/?tab=techSpecs
[2026-07-21T08:40:59Z] retryable_503 attempt=1/2 waiting=2s
[2026-07-21T08:41:01Z] #14 attempt=2/2 status=503 0.121s url=https://www.myfonts.com/collections/abigen-font-kaidosan/?tab=techSpecs
[2026-07-21T08:41:01Z] retryable_503 attempt=2/2 waiting=2s
[2026-07-21T08:41:03Z] max_retries_exhausted url=https://www.myfonts.com/collections/abigen-font-kaidosan/
[2026-07-21T08:41:03Z] #15 attempt=1/2 status=503 0.095s url=https://www.myfonts.com/products/condensed-monten-1180470
[2026-07-21T08:41:03Z] retryable_503 attempt=1/2 waiting=2s
[2026-07-21T08:41:06Z] #16 attempt=2/2 status=503 0.095s url=https://www.myfonts.com/products/condensed-monten-1180470
[2026-07-21T08:41:06Z] retryable_503 attempt=2/2 waiting=2s
[2026-07-21T08:41:08Z] max_retries_exhausted url=https://www.myfonts.com/products/condensed-monten-1180470
[2026-07-21T08:41:08Z] #17 attempt=1/2 status=503 0.095s url=https://www.myfonts.com/collections/condensed-monten-1180470-font-gatype
[2026-07-21T08:41:08Z] retryable_503 attempt=1/2 waiting=2s
[2026-07-21T08:41:10Z] #18 attempt=2/2 status=503 0.109s url=https://www.myfonts.com/collections/condensed-monten-1180470-font-gatype
[2026-07-21T08:41:10Z] retryable_503 attempt=2/2 waiting=2s
[2026-07-21T08:41:12Z] max_retries_exhausted url=https://www.myfonts.com/collections/condensed-monten-1180470-font-gatype
[2026-07-21T08:41:13Z] #19 attempt=1/2 status=503 0.089s url=https://www.myfonts.com/products/humbles-light-semi-expanded-humbles-soft-1184299
[2026-07-21T08:41:13Z] retryable_503 attempt=1/2 waiting=2s
[2026-07-21T08:41:16Z] #20 attempt=2/2 status=200 1.619s url=https://www.myfonts.com/products/humbles-light-semi-expanded-humbles-soft-1184299
[2026-07-21T08:41:17Z] #21 attempt=1/2 status=503 0.092s url=https://www.myfonts.com/collections/humbles-soft-font-propertype/
[2026-07-21T08:41:17Z] retryable_503 attempt=1/2 waiting=2s
[2026-07-21T08:41:21Z] #22 attempt=2/2 status=200 2.331s url=https://www.myfonts.com/collections/humbles-soft-font-propertype/
[2026-07-21T08:41:22Z] #23 attempt=1/2 status=503 0.087s url=https://www.myfonts.com/collections/humbles-soft-font-propertype/?tab=techSpecs
[2026-07-21T08:41:22Z] retryable_503 attempt=1/2 waiting=2s
[2026-07-21T08:41:25Z] #24 attempt=2/2 status=200 1.048s url=https://www.myfonts.com/collections/humbles-soft-font-propertype/?tab=techSpecs
[2026-07-21T08:41:27Z] #25 attempt=1/2 status=200 0.862s url=https://www.myfonts.com/products/light-semi-expanded-galmiten-semi-serif-1183302
[2026-07-21T08:41:28Z] #26 attempt=1/2 status=503 0.094s url=https://www.myfonts.com/collections/galmiten-semi-serif-font-logic-type/
[2026-07-21T08:41:28Z] retryable_503 attempt=1/2 waiting=2s
[2026-07-21T08:41:30Z] #27 attempt=2/2 status=503 0.195s url=https://www.myfonts.com/collections/galmiten-semi-serif-font-logic-type/
[2026-07-21T08:41:30Z] retryable_503 attempt=2/2 waiting=2s
[2026-07-21T08:41:32Z] max_retries_exhausted url=https://www.myfonts.com/collections/galmiten-semi-serif-font-logic-type/
[2026-07-21T08:41:33Z] #28 attempt=1/2 status=404 0.378s url=https://www.myfonts.com/collections/light-semi-expanded-galmiten-semi-serif-1183302-font-im-studio
[2026-07-21T08:41:34Z] #29 attempt=1/2 status=200 1.630s url=https://www.myfonts.com/products/extralight-pragmatica-next-1183752
[2026-07-21T08:41:37Z] #30 attempt=1/2 status=200 2.545s url=https://www.myfonts.com/collections/pragmatica-next-font-paratype/
[2026-07-21T08:41:38Z] #31 attempt=1/2 status=503 0.089s url=https://www.myfonts.com/collections/pragmatica-next-font-paratype/?tab=techSpecs
[2026-07-21T08:41:38Z] retryable_503 attempt=1/2 waiting=2s
[2026-07-21T08:41:40Z] #32 attempt=2/2 status=503 0.093s url=https://www.myfonts.com/collections/pragmatica-next-font-paratype/?tab=techSpecs
[2026-07-21T08:41:40Z] retryable_503 attempt=2/2 waiting=2s
[2026-07-21T08:41:42Z] max_retries_exhausted url=https://www.myfonts.com/collections/pragmatica-next-font-paratype/
[2026-07-21T08:41:42Z] #33 attempt=1/2 status=503 0.104s url=https://www.myfonts.com/products/thin-deeply-rooted-1182090
[2026-07-21T08:41:42Z] retryable_503 attempt=1/2 waiting=2s
[2026-07-21T08:41:45Z] #34 attempt=2/2 status=503 0.097s url=https://www.myfonts.com/products/thin-deeply-rooted-1182090
[2026-07-21T08:41:45Z] retryable_503 attempt=2/2 waiting=2s
[2026-07-21T08:41:47Z] max_retries_exhausted url=https://www.myfonts.com/products/thin-deeply-rooted-1182090
[2026-07-21T08:41:47Z] #35 attempt=1/2 status=404 0.252s url=https://www.myfonts.com/collections/thin-deeply-rooted-1182090-font-gleb-guralnyk
[2026-07-21T08:41:50Z] #36 attempt=1/2 status=200 2.326s url=https://www.myfonts.com/products/thin-extra-expanded-galmiten-1180884
[2026-07-21T08:41:53Z] #37 attempt=1/2 status=500 3.155s url=https://www.myfonts.com/collections/galmiten-font-logic-type/
[2026-07-21T08:41:55Z] #38 attempt=1/2 status=404 1.524s url=https://www.myfonts.com/collections/thin-extra-expanded-galmiten-1180884-font-im-studio
[2026-07-21T08:41:56Z] #39 attempt=1/2 status=200 0.864s url=https://www.myfonts.com/products/soft-slant-italic-wiliam-grobal-1181371
[2026-07-21T08:41:57Z] #40 attempt=1/2 status=200 0.797s url=https://www.myfonts.com/collections/wiliam-grobal-font-gatype/
[2026-07-21T08:41:58Z] #41 attempt=1/2 status=200 0.831s url=https://www.myfonts.com/collections/wiliam-grobal-font-gatype/?tab=techSpecs
[2026-07-21T08:42:00Z] #42 attempt=1/2 status=200 0.542s url=https://www.myfonts.com/products/block-lican-boxy-1180680
[2026-07-21T08:42:00Z] #43 attempt=1/2 status=200 0.582s url=https://www.myfonts.com/collections/lican-boxy-font-sipanji21/
[2026-07-21T08:42:01Z] #44 attempt=1/2 status=200 0.770s url=https://www.myfonts.com/collections/lican-boxy-font-sipanji21/?tab=techSpecs
[2026-07-21T08:42:03Z] #45 attempt=1/2 status=200 0.770s url=https://www.myfonts.com/products/extralight-italic-gatega-1181933
[2026-07-21T08:42:04Z] #46 attempt=1/2 status=200 0.988s url=https://www.myfonts.com/collections/gatega-font-agny-hasya-studio/
[2026-07-21T08:42:05Z] #47 attempt=1/2 status=200 0.734s url=https://www.myfonts.com/collections/gatega-font-agny-hasya-studio/?tab=techSpecs
[2026-07-21T08:42:07Z] #48 attempt=1/2 status=200 0.824s url=https://www.myfonts.com/products/soft-semiexpanded-italic-andeas-1181199
[2026-07-21T08:42:07Z] #49 attempt=1/2 status=503 0.104s url=https://www.myfonts.com/collections/andeas-font-gatype/
[2026-07-21T08:42:07Z] retryable_503 attempt=1/2 waiting=2s
[2026-07-21T08:42:10Z] #50 attempt=2/2 status=200 0.714s url=https://www.myfonts.com/collections/andeas-font-gatype/
[2026-07-21T08:42:10Z] #51 attempt=1/2 status=503 0.096s url=https://www.myfonts.com/collections/andeas-font-gatype/?tab=techSpecs
[2026-07-21T08:42:10Z] retryable_503 attempt=1/2 waiting=2s
[2026-07-21T08:42:13Z] #52 attempt=2/2 status=200 0.332s url=https://www.myfonts.com/collections/andeas-font-gatype/?tab=techSpecs
[2026-07-21T08:42:16Z] #53 attempt=1/2 status=200 1.770s url=https://www.myfonts.com/products/news-wide-kulutu-1181592
[2026-07-21T08:42:19Z] #54 attempt=1/2 status=200 2.928s url=https://www.myfonts.com/collections/kulutu-font-aukimvisuel/
[2026-07-21T08:42:23Z] #55 attempt=1/2 status=500 3.125s url=https://www.myfonts.com/collections/kulutu-font-aukimvisuel/?tab=techSpecs
[2026-07-21T08:42:25Z] #56 attempt=1/2 status=200 1.759s url=https://www.myfonts.com/products/black-rathing-1182200
[2026-07-21T08:42:25Z] #57 attempt=1/2 status=503 0.094s url=https://www.myfonts.com/collections/rathing-font-propertype/
[2026-07-21T08:42:25Z] retryable_503 attempt=1/2 waiting=2s
[2026-07-21T08:42:29Z] #58 attempt=2/2 status=200 1.737s url=https://www.myfonts.com/collections/rathing-font-propertype/
[2026-07-21T08:42:31Z] #59 attempt=1/2 status=200 1.694s url=https://www.myfonts.com/collections/rathing-font-propertype/?tab=techSpecs
[2026-07-21T08:42:33Z] #60 attempt=1/2 status=503 0.091s url=https://www.myfonts.com/products/semi-expanded-sweet-vusstain-1181315
[2026-07-21T08:42:33Z] retryable_503 attempt=1/2 waiting=2s
[2026-07-21T08:42:35Z] #61 attempt=2/2 status=503 0.097s url=https://www.myfonts.com/products/semi-expanded-sweet-vusstain-1181315
[2026-07-21T08:42:35Z] retryable_503 attempt=2/2 waiting=2s
[2026-07-21T08:42:37Z] max_retries_exhausted url=https://www.myfonts.com/products/semi-expanded-sweet-vusstain-1181315
[2026-07-21T08:42:37Z] #62 attempt=1/2 status=503 0.092s url=https://www.myfonts.com/collections/semi-expanded-sweet-vusstain-1181315-font-gatype
[2026-07-21T08:42:37Z] retryable_503 attempt=1/2 waiting=2s
[2026-07-21T08:42:39Z] #63 attempt=2/2 status=503 0.086s url=https://www.myfonts.com/collections/semi-expanded-sweet-vusstain-1181315-font-gatype
[2026-07-21T08:42:39Z] retryable_503 attempt=2/2 waiting=2s
[2026-07-21T08:42:41Z] max_retries_exhausted url=https://www.myfonts.com/collections/semi-expanded-sweet-vusstain-1181315-font-gatype
[2026-07-21T08:42:42Z] #64 attempt=1/2 status=200 0.850s url=https://www.myfonts.com/products/condensed-slant-origamet-hamida-1181101
[2026-07-21T08:42:43Z] #65 attempt=1/2 status=200 0.828s url=https://www.myfonts.com/collections/origamet-hamida-font-gatype/
[2026-07-21T08:42:45Z] #66 attempt=1/2 status=200 0.743s url=https://www.myfonts.com/collections/origamet-hamida-font-gatype/?tab=techSpecs
[2026-07-21T08:42:47Z] #67 attempt=1/2 status=200 1.625s url=https://www.myfonts.com/products/condensed-din-2014-1183667
[2026-07-21T08:42:48Z] #68 attempt=1/2 status=503 0.099s url=https://www.myfonts.com/collections/din-2014-font-paratype/
[2026-07-21T08:42:48Z] retryable_503 attempt=1/2 waiting=2s
[2026-07-21T08:42:50Z] #69 attempt=2/2 status=503 0.087s url=https://www.myfonts.com/collections/din-2014-font-paratype/
[2026-07-21T08:42:50Z] retryable_503 attempt=2/2 waiting=2s
[2026-07-21T08:42:52Z] max_retries_exhausted url=https://www.myfonts.com/collections/din-2014-font-paratype/
[2026-07-21T08:42:52Z] #70 attempt=1/2 status=503 0.099s url=https://www.myfonts.com/collections/condensed-din-2014-1183667-font-paratype
[2026-07-21T08:42:52Z] retryable_503 attempt=1/2 waiting=2s
[2026-07-21T08:42:56Z] #71 attempt=2/2 status=404 1.423s url=https://www.myfonts.com/collections/condensed-din-2014-1183667-font-paratype
[2026-07-21T08:42:58Z] #72 attempt=1/2 status=200 2.089s url=https://www.myfonts.com/products/regular-jhc-chiona-1181989
[2026-07-21T08:42:58Z] #73 attempt=1/2 status=503 0.106s url=https://www.myfonts.com/collections/jhc-chiona-font-jehoo-creative/
[2026-07-21T08:42:58Z] retryable_503 attempt=1/2 waiting=2s
[2026-07-21T08:43:01Z] #74 attempt=2/2 status=503 0.105s url=https://www.myfonts.com/collections/jhc-chiona-font-jehoo-creative/
[2026-07-21T08:43:01Z] retryable_503 attempt=2/2 waiting=2s
[2026-07-21T08:43:03Z] max_retries_exhausted url=https://www.myfonts.com/collections/jhc-chiona-font-jehoo-creative/
[2026-07-21T08:43:03Z] #75 attempt=1/2 status=503 0.092s url=https://www.myfonts.com/collections/regular-jhc-chiona-1181989-font-jehoo-creative
[2026-07-21T08:43:03Z] retryable_503 attempt=1/2 waiting=2s
[2026-07-21T08:43:05Z] #76 attempt=2/2 status=503 0.087s url=https://www.myfonts.com/collections/regular-jhc-chiona-1181989-font-jehoo-creative
[2026-07-21T08:43:05Z] retryable_503 attempt=2/2 waiting=2s
[2026-07-21T08:43:07Z] max_retries_exhausted url=https://www.myfonts.com/collections/regular-jhc-chiona-1181989-font-jehoo-creative
[2026-07-21T08:43:09Z] #77 attempt=1/2 status=200 1.214s url=https://www.myfonts.com/products/regular-geranos-1182081
[2026-07-21T08:43:09Z] #78 attempt=1/2 status=200 0.431s url=https://www.myfonts.com/collections/geranos-font-super-dust/
[2026-07-21T08:43:10Z] #79 attempt=1/2 status=200 0.786s url=https://www.myfonts.com/collections/geranos-font-super-dust/?tab=techSpecs
[2026-07-21T08:43:11Z] #80 attempt=1/2 status=503 0.087s url=https://www.myfonts.com/products/vibe-italic-milwaukee-boogie-1183605
[2026-07-21T08:43:11Z] retryable_503 attempt=1/2 waiting=2s
[2026-07-21T08:43:14Z] #81 attempt=2/2 status=200 0.660s url=https://www.myfonts.com/products/vibe-italic-milwaukee-boogie-1183605
[2026-07-21T08:43:17Z] #82 attempt=1/2 status=200 2.909s url=https://www.myfonts.com/collections/milwaukee-boogie-font-visualizeunited-fonts/
[2026-07-21T08:43:18Z] #83 attempt=1/2 status=200 0.615s url=https://www.myfonts.com/collections/milwaukee-boogie-font-visualizeunited-fonts/?tab=techSpecs
[2026-07-21T08:43:19Z] #84 attempt=1/2 status=200 0.488s url=https://www.myfonts.com/products/slant-ink-tella-1184168
[2026-07-21T08:43:20Z] #85 attempt=1/2 status=200 0.657s url=https://www.myfonts.com/collections/ink-tella-font-letterytz/
[2026-07-21T08:43:21Z] #86 attempt=1/2 status=200 0.463s url=https://www.myfonts.com/collections/ink-tella-font-letterytz/?tab=techSpecs
[2026-07-21T08:43:22Z] #87 attempt=1/2 status=503 0.093s url=https://www.myfonts.com/products/soft-semi-condensed-slant-morgini-1180989
[2026-07-21T08:43:22Z] retryable_503 attempt=1/2 waiting=2s
[2026-07-21T08:43:24Z] #88 attempt=2/2 status=200 0.573s url=https://www.myfonts.com/products/soft-semi-condensed-slant-morgini-1180989
[2026-07-21T08:43:25Z] #89 attempt=1/2 status=503 0.092s url=https://www.myfonts.com/collections/morgini-font-gatype/
[2026-07-21T08:43:25Z] retryable_503 attempt=1/2 waiting=2s
[2026-07-21T08:43:28Z] #90 attempt=2/2 status=200 0.861s url=https://www.myfonts.com/collections/morgini-font-gatype/
[2026-07-21T08:43:29Z] #91 attempt=1/2 status=200 0.789s url=https://www.myfonts.com/collections/morgini-font-gatype/?tab=techSpecs
[2026-07-21T08:43:30Z] #92 attempt=1/2 status=200 0.547s url=https://www.myfonts.com/products/expanded-regular-moras-1183966
[2026-07-21T08:43:31Z] #93 attempt=1/2 status=200 0.487s url=https://www.myfonts.com/collections/moras-font-deorde-studio/
[2026-07-21T08:43:33Z] #94 attempt=1/2 status=200 1.431s url=https://www.myfonts.com/collections/moras-font-deorde-studio/?tab=techSpecs
[2026-07-21T08:43:35Z] #95 attempt=1/2 status=200 0.985s url=https://www.myfonts.com/products/satari-soft-expanded-satari-display-1181244
[2026-07-21T08:43:38Z] #96 attempt=1/2 status=200 3.413s url=https://www.myfonts.com/collections/satari-display-font-gatype/
[2026-07-21T08:43:39Z] #97 attempt=1/2 status=200 0.520s url=https://www.myfonts.com/collections/satari-display-font-gatype/?tab=techSpecs
[2026-07-21T08:43:41Z] #98 attempt=1/2 status=200 1.524s url=https://www.myfonts.com/products/soft-semi-expanded-sanggar-1181225
[2026-07-21T08:43:42Z] #99 attempt=1/2 status=200 0.811s url=https://www.myfonts.com/collections/sanggar-font-gatype/
[2026-07-21T08:43:44Z] #100 attempt=1/2 status=200 1.093s url=https://www.myfonts.com/collections/sanggar-font-gatype/?tab=techSpecs
[2026-07-21T08:43:46Z] #101 attempt=1/2 status=200 1.138s url=https://www.myfonts.com/products/regular-velamer-1184360
[2026-07-21T08:43:46Z] #102 attempt=1/2 status=200 0.629s url=https://www.myfonts.com/collections/velamer-font-rasio-studio/
[2026-07-21T08:43:47Z] #103 attempt=1/2 status=200 0.372s url=https://www.myfonts.com/collections/velamer-font-rasio-studio/?tab=techSpecs
[2026-07-21T08:43:48Z] #104 attempt=1/2 status=503 0.097s url=https://www.myfonts.com/products/rough-regular-smelly-taxi-pro-1183624
[2026-07-21T08:43:48Z] retryable_503 attempt=1/2 waiting=2s
[2026-07-21T08:43:51Z] #105 attempt=2/2 status=200 0.957s url=https://www.myfonts.com/products/rough-regular-smelly-taxi-pro-1183624
[2026-07-21T08:43:52Z] #106 attempt=1/2 status=200 0.620s url=https://www.myfonts.com/collections/smelly-taxi-pro-font-hanoded/
[2026-07-21T08:43:52Z] #107 attempt=1/2 status=200 0.325s url=https://www.myfonts.com/collections/smelly-taxi-pro-font-hanoded/?tab=techSpecs
[2026-07-21T08:43:54Z] #108 attempt=1/2 status=200 0.770s url=https://www.myfonts.com/products/bold-propilen-1179586
[2026-07-21T08:43:55Z] #109 attempt=1/2 status=200 1.057s url=https://www.myfonts.com/collections/propilen-font-glyphminds-studios/
[2026-07-21T08:43:56Z] #110 attempt=1/2 status=503 0.095s url=https://www.myfonts.com/collections/propilen-font-glyphminds-studios/?tab=techSpecs
[2026-07-21T08:43:56Z] retryable_503 attempt=1/2 waiting=2s
[2026-07-21T08:43:58Z] #111 attempt=2/2 status=200 0.479s url=https://www.myfonts.com/collections/propilen-font-glyphminds-studios/?tab=techSpecs
[2026-07-21T08:44:01Z] #112 attempt=1/6 status=200 1.450s url=https://www.myfonts.com/products.json?limit=100&page=2
[2026-07-21T08:44:01Z] #113 attempt=1/2 status=503 0.090s url=https://www.myfonts.com/products/soft-condensed-storia-lettering-1181271
[2026-07-21T08:44:01Z] retryable_503 attempt=1/2 waiting=2s
[2026-07-21T08:44:04Z] #114 attempt=2/2 status=200 0.802s url=https://www.myfonts.com/products/soft-condensed-storia-lettering-1181271
[2026-07-21T08:44:05Z] #115 attempt=1/2 status=200 1.181s url=https://www.myfonts.com/collections/storia-lettering-font-gatype/
[2026-07-21T08:44:07Z] #116 attempt=1/2 status=200 0.810s url=https://www.myfonts.com/collections/storia-lettering-font-gatype/?tab=techSpecs
[2026-07-21T08:44:08Z] #117 attempt=1/2 status=200 0.694s url=https://www.myfonts.com/products/soft-semi-expanded-dotine-1179639
[2026-07-21T08:44:09Z] #118 attempt=1/2 status=200 0.833s url=https://www.myfonts.com/collections/dotine-font-gatype/
[2026-07-21T08:44:10Z] #119 attempt=1/2 status=200 0.895s url=https://www.myfonts.com/collections/dotine-font-gatype/?tab=techSpecs
[2026-07-21T08:44:11Z] #120 attempt=1/2 status=200 0.358s url=https://www.myfonts.com/products/extra-bold-semi-condensed-norche-1184048
[2026-07-21T08:44:12Z] #121 attempt=1/2 status=404 0.267s url=https://www.myfonts.com/collections/extra-bold-semi-condensed-norche-1184048-font-dora-typefoundry
[2026-07-21T08:44:13Z] #122 attempt=1/2 status=200 0.744s url=https://www.myfonts.com/products/soft-slant-walison-1181159
[2026-07-21T08:44:14Z] #123 attempt=1/2 status=200 0.774s url=https://www.myfonts.com/collections/walison-font-gatype/
[2026-07-21T08:44:15Z] #124 attempt=1/2 status=200 0.327s url=https://www.myfonts.com/collections/walison-font-gatype/?tab=techSpecs
[2026-07-21T08:44:16Z] #125 attempt=1/2 status=200 0.506s url=https://www.myfonts.com/products/semi-expanded-orange-glos-1181079
[2026-07-21T08:44:17Z] #126 attempt=1/2 status=200 0.865s url=https://www.myfonts.com/collections/orange-glos-font-gatype/
[2026-07-21T08:44:18Z] #127 attempt=1/2 status=200 0.776s url=https://www.myfonts.com/collections/orange-glos-font-gatype/?tab=techSpecs
[2026-07-21T08:44:20Z] #128 attempt=1/2 status=200 0.618s url=https://www.myfonts.com/products/soft-expanded-vainest-1181345
[2026-07-21T08:44:21Z] #129 attempt=1/2 status=200 0.815s url=https://www.myfonts.com/collections/vainest-font-gatype/
[2026-07-21T08:44:22Z] #130 attempt=1/2 status=200 0.739s url=https://www.myfonts.com/collections/vainest-font-gatype/?tab=techSpecs
[2026-07-21T08:44:23Z] #131 attempt=1/2 status=200 0.620s url=https://www.myfonts.com/products/soft-condensed-nesti-sweet-1181015
[2026-07-21T08:44:24Z] #132 attempt=1/2 status=200 0.673s url=https://www.myfonts.com/collections/nesti-sweet-font-gatype/
[2026-07-21T08:44:25Z] #133 attempt=1/2 status=200 0.983s url=https://www.myfonts.com/collections/nesti-sweet-font-gatype/?tab=techSpecs
[2026-07-21T08:44:28Z] #134 attempt=1/2 status=200 1.807s url=https://www.myfonts.com/products/soft-extra-black-expanded-italic-eunabil-1179423
[2026-07-21T08:44:32Z] #135 attempt=1/2 status=500 3.638s url=https://www.myfonts.com/collections/eunabil-font-fontdroe/
[2026-07-21T08:44:33Z] #136 attempt=1/2 status=404 0.723s url=https://www.myfonts.com/collections/soft-extra-black-expanded-italic-eunabil-1179423-font-fontdroe
[2026-07-21T08:44:34Z] #137 attempt=1/2 status=200 1.085s url=https://www.myfonts.com/products/soft-condensed-remaid-typeface-1181106
[2026-07-21T08:44:36Z] #138 attempt=1/2 status=200 1.800s url=https://www.myfonts.com/collections/remaid-typeface-font-gatype/
[2026-07-21T08:44:37Z] #139 attempt=1/2 status=200 1.007s url=https://www.myfonts.com/collections/remaid-typeface-font-gatype/?tab=techSpecs
[2026-07-21T08:44:40Z] #140 attempt=1/2 status=200 1.256s url=https://www.myfonts.com/products/nixed-soft-semi-expanded-slant-nixed-1181034
[2026-07-21T08:44:41Z] #141 attempt=1/2 status=200 0.852s url=https://www.myfonts.com/collections/nixed-font-gatype/
[2026-07-21T08:44:42Z] #142 attempt=1/2 status=200 0.763s url=https://www.myfonts.com/collections/nixed-font-gatype/?tab=techSpecs
[2026-07-21T08:44:43Z] #143 attempt=1/2 status=200 0.443s url=https://www.myfonts.com/products/thin-ibar-sans-variable-1183851
[2026-07-21T08:44:44Z] #144 attempt=1/2 status=200 0.429s url=https://www.myfonts.com/collections/ibar-sans-variable-font-ibar-fonts/
[2026-07-21T08:44:44Z] #145 attempt=1/2 status=503 0.092s url=https://www.myfonts.com/collections/ibar-sans-variable-font-ibar-fonts/?tab=techSpecs
[2026-07-21T08:44:44Z] retryable_503 attempt=1/2 waiting=2s
[2026-07-21T08:44:47Z] #146 attempt=2/2 status=200 0.428s url=https://www.myfonts.com/collections/ibar-sans-variable-font-ibar-fonts/?tab=techSpecs
[2026-07-21T08:44:48Z] #147 attempt=1/2 status=200 0.653s url=https://www.myfonts.com/products/soft-regular-glories-1179706
[2026-07-21T08:44:49Z] #148 attempt=1/2 status=200 0.803s url=https://www.myfonts.com/collections/glories-font-gatype/
[2026-07-21T08:44:51Z] #149 attempt=1/2 status=200 1.495s url=https://www.myfonts.com/collections/glories-font-gatype/?tab=techSpecs
[2026-07-21T08:44:52Z] #150 attempt=1/2 status=200 1.021s url=https://www.myfonts.com/products/italic-marzena-1184278
[2026-07-21T08:44:53Z] #151 attempt=1/2 status=503 0.093s url=https://www.myfonts.com/collections/marzena-font-hishand-studio/
[2026-07-21T08:44:53Z] retryable_503 attempt=1/2 waiting=2s
[2026-07-21T08:44:56Z] #152 attempt=2/2 status=200 0.980s url=https://www.myfonts.com/collections/marzena-font-hishand-studio/
[2026-07-21T08:44:57Z] #153 attempt=1/2 status=200 1.024s url=https://www.myfonts.com/collections/marzena-font-hishand-studio/?tab=techSpecs
[2026-07-21T08:44:59Z] #154 attempt=1/2 status=200 0.743s url=https://www.myfonts.com/products/light-skannia-1184176
[2026-07-21T08:45:00Z] #155 attempt=1/2 status=200 0.546s url=https://www.myfonts.com/collections/skannia-font-habitype/
[2026-07-21T08:45:00Z] #156 attempt=1/2 status=503 0.090s url=https://www.myfonts.com/collections/skannia-font-habitype/?tab=techSpecs
[2026-07-21T08:45:00Z] retryable_503 attempt=1/2 waiting=2s
[2026-07-21T08:45:02Z] #157 attempt=2/2 status=200 0.302s url=https://www.myfonts.com/collections/skannia-font-habitype/?tab=techSpecs
[2026-07-21T08:45:04Z] #158 attempt=1/2 status=200 0.485s url=https://www.myfonts.com/products/italic-greatfield-1183844
[2026-07-21T08:45:04Z] #159 attempt=1/2 status=200 0.502s url=https://www.myfonts.com/collections/greatfield-font-great-studio/
[2026-07-21T08:45:05Z] #160 attempt=1/2 status=200 0.259s url=https://www.myfonts.com/collections/greatfield-font-great-studio/?tab=techSpecs
[2026-07-21T08:45:06Z] #161 attempt=1/2 status=200 0.406s url=https://www.myfonts.com/products/bold-frutti-1183849
[2026-07-21T08:45:07Z] #162 attempt=1/2 status=200 0.510s url=https://www.myfonts.com/collections/frutti-font-mans-greback/
[2026-07-21T08:45:08Z] #163 attempt=1/2 status=200 0.345s url=https://www.myfonts.com/collections/frutti-font-mans-greback/?tab=techSpecs
[2026-07-21T08:45:09Z] #164 attempt=1/2 status=200 0.482s url=https://www.myfonts.com/products/medium-guirnalda-1183822
[2026-07-21T08:45:10Z] #165 attempt=1/2 status=200 0.591s url=https://www.myfonts.com/collections/guirnalda-font-blaze-type/
[2026-07-21T08:45:10Z] #166 attempt=1/2 status=200 0.528s url=https://www.myfonts.com/collections/guirnalda-font-blaze-type/?tab=techSpecs
[2026-07-21T08:45:12Z] #167 attempt=1/2 status=200 0.613s url=https://www.myfonts.com/products/expanded-rengita-1181132
[2026-07-21T08:45:13Z] #168 attempt=1/2 status=200 0.629s url=https://www.myfonts.com/collections/rengita-font-gatype/
[2026-07-21T08:45:14Z] #169 attempt=1/2 status=200 0.760s url=https://www.myfonts.com/collections/rengita-font-gatype/?tab=techSpecs
[2026-07-21T08:45:15Z] #170 attempt=1/2 status=200 0.488s url=https://www.myfonts.com/products/slant-sakamoto-1181147
[2026-07-21T08:45:16Z] #171 attempt=1/2 status=200 0.735s url=https://www.myfonts.com/collections/sakamoto-font-gatype/
[2026-07-21T08:45:17Z] #172 attempt=1/2 status=200 0.339s url=https://www.myfonts.com/collections/sakamoto-font-gatype/?tab=techSpecs
[2026-07-21T08:45:18Z] #173 attempt=1/2 status=200 0.439s url=https://www.myfonts.com/products/regular-oktural-1183832
[2026-07-21T08:45:18Z] #174 attempt=1/2 status=200 0.429s url=https://www.myfonts.com/collections/oktural-font-vermilione/
[2026-07-21T08:45:19Z] #175 attempt=1/2 status=200 0.524s url=https://www.myfonts.com/collections/oktural-font-vermilione/?tab=techSpecs
[2026-07-21T08:45:22Z] #176 attempt=1/6 status=200 1.094s url=https://www.myfonts.com/products.json?limit=100&page=3
[2026-07-21T08:45:23Z] #177 attempt=1/2 status=200 0.597s url=https://www.myfonts.com/products/thin-italic-gluaymai-1181387
[2026-07-21T08:45:24Z] #178 attempt=1/2 status=200 0.790s url=https://www.myfonts.com/collections/gluaymai-font-jipatype/
[2026-07-21T08:45:25Z] #179 attempt=1/2 status=200 0.660s url=https://www.myfonts.com/collections/gluaymai-font-jipatype/?tab=techSpecs
[2026-07-21T08:45:26Z] #180 attempt=1/2 status=200 0.442s url=https://www.myfonts.com/products/sans-prime-academy-1183840
[2026-07-21T08:45:26Z] #181 attempt=1/2 status=200 0.434s url=https://www.myfonts.com/collections/prime-academy-font-sarid-ezra/
[2026-07-21T08:45:27Z] #182 attempt=1/2 status=200 0.476s url=https://www.myfonts.com/collections/prime-academy-font-sarid-ezra/?tab=techSpecs
[2026-07-21T08:45:28Z] #183 attempt=1/2 status=200 0.467s url=https://www.myfonts.com/products/expanded-slant-flanela-1179691
[2026-07-21T08:45:29Z] #184 attempt=1/2 status=200 0.712s url=https://www.myfonts.com/collections/flanela-font-gatype/
[2026-07-21T08:45:31Z] #185 attempt=1/2 status=200 0.914s url=https://www.myfonts.com/collections/flanela-font-gatype/?tab=techSpecs
[2026-07-21T08:45:32Z] #186 attempt=1/2 status=200 0.393s url=https://www.myfonts.com/products/regular-fardiale-1183836
[2026-07-21T08:45:33Z] #187 attempt=1/2 status=200 0.609s url=https://www.myfonts.com/collections/fardiale-font-tini-fitriani/
[2026-07-21T08:45:33Z] #188 attempt=1/2 status=200 0.510s url=https://www.myfonts.com/collections/fardiale-font-tini-fitriani/?tab=techSpecs
[2026-07-21T08:45:34Z] #189 attempt=1/2 status=200 0.610s url=https://www.myfonts.com/products/regular-busy-backpack-1184169
[2026-07-21T08:45:35Z] #190 attempt=1/2 status=200 0.354s url=https://www.myfonts.com/collections/busy-backpack-font-yoga-letter/
[2026-07-21T08:45:36Z] #191 attempt=1/2 status=200 0.555s url=https://www.myfonts.com/collections/busy-backpack-font-yoga-letter/?tab=techSpecs
[2026-07-21T08:45:38Z] #192 attempt=1/6 status=200 1.145s url=https://www.myfonts.com/products.json?limit=100&page=4
[2026-07-21T08:45:39Z] #193 attempt=1/2 status=200 0.444s url=https://www.myfonts.com/products/outline2x-secribble-astenic-stencil-1182881
[2026-07-21T08:45:40Z] #194 attempt=1/2 status=200 0.599s url=https://www.myfonts.com/collections/astenic-stencil-font-anzone-glyph/
[2026-07-21T08:45:41Z] #195 attempt=1/2 status=200 1.449s url=https://www.myfonts.com/collections/astenic-stencil-font-anzone-glyph/?tab=techSpecs
[2026-07-21T08:45:43Z] #196 attempt=1/2 status=200 0.555s url=https://www.myfonts.com/products/semi-condensed-slant-notelia-1181060
[2026-07-21T08:45:44Z] #197 attempt=1/2 status=200 0.724s url=https://www.myfonts.com/collections/notelia-font-gatype/
[2026-07-21T08:45:45Z] #198 attempt=1/2 status=200 0.873s url=https://www.myfonts.com/collections/notelia-font-gatype/?tab=techSpecs
[2026-07-21T08:45:47Z] #199 attempt=1/2 status=200 0.640s url=https://www.myfonts.com/products/regular-gerstein-1179617
[2026-07-21T08:45:48Z] #200 attempt=1/2 status=200 0.671s url=https://www.myfonts.com/collections/gerstein-font-grezline-studio/
[2026-07-21T08:45:49Z] #201 attempt=1/2 status=200 0.667s url=https://www.myfonts.com/collections/gerstein-font-grezline-studio/?tab=techSpecs
[2026-07-21T08:45:51Z] #202 attempt=1/2 status=200 0.599s url=https://www.myfonts.com/products/hello-bosnia-script-condensed-hello-bosnia-serif-1179733
[2026-07-21T08:45:52Z] #203 attempt=1/2 status=200 0.595s url=https://www.myfonts.com/collections/hello-bosnia-serif-font-gatype/
[2026-07-21T08:45:53Z] #204 attempt=1/2 status=200 0.719s url=https://www.myfonts.com/collections/hello-bosnia-serif-font-gatype/?tab=techSpecs
[2026-07-21T08:45:54Z] #205 attempt=1/2 status=200 0.563s url=https://www.myfonts.com/products/regular-avelior-1183829
[2026-07-21T08:45:55Z] #206 attempt=1/2 status=200 0.896s url=https://www.myfonts.com/collections/avelior-font-only-fonts/
[2026-07-21T08:45:56Z] #207 attempt=1/2 status=200 0.335s url=https://www.myfonts.com/collections/avelior-font-only-fonts/?tab=techSpecs
[2026-07-21T08:45:58Z] #208 attempt=1/6 status=200 1.188s url=https://www.myfonts.com/products.json?limit=100&page=5
[2026-07-21T08:45:59Z] #209 attempt=1/2 status=200 0.696s url=https://www.myfonts.com/products/extra-light-the-rosemide-1180663
[2026-07-21T08:45:59Z] #210 attempt=1/2 status=200 0.663s url=https://www.myfonts.com/collections/the-rosemide-font-skinny-type/
[2026-07-21T08:46:01Z] #211 attempt=1/2 status=200 0.821s url=https://www.myfonts.com/collections/the-rosemide-font-skinny-type/?tab=techSpecs
[2026-07-21T08:46:02Z] #212 attempt=1/2 status=200 0.588s url=https://www.myfonts.com/products/soft-semi-condensed-slant-epidemic-1179665
[2026-07-21T08:46:03Z] #213 attempt=1/2 status=200 0.838s url=https://www.myfonts.com/collections/epidemic-font-gatype/
[2026-07-21T08:46:04Z] #214 attempt=1/2 status=200 0.292s url=https://www.myfonts.com/collections/epidemic-font-gatype/?tab=techSpecs
[2026-07-21T08:46:05Z] #215 attempt=1/2 status=200 0.433s url=https://www.myfonts.com/products/italic-imaji-1181947
[2026-07-21T08:46:06Z] #216 attempt=1/2 status=200 0.495s url=https://www.myfonts.com/collections/imaji-font-fernande/
[2026-07-21T08:46:06Z] #217 attempt=1/2 status=200 0.463s url=https://www.myfonts.com/collections/imaji-font-fernande/?tab=techSpecs
[2026-07-21T08:46:08Z] #218 attempt=1/2 status=200 0.560s url=https://www.myfonts.com/products/rough-gellacto-1179555
[2026-07-21T08:46:08Z] #219 attempt=1/2 status=200 0.534s url=https://www.myfonts.com/collections/gellacto-font-maenjari-std/
[2026-07-21T08:46:09Z] #220 attempt=1/2 status=200 0.496s url=https://www.myfonts.com/collections/gellacto-font-maenjari-std/?tab=techSpecs
[2026-07-21T08:46:11Z] #221 attempt=1/2 status=200 0.492s url=https://www.myfonts.com/products/italic-bibliopola-pro-lcg-1179500
[2026-07-21T08:46:11Z] #222 attempt=1/2 status=200 0.684s url=https://www.myfonts.com/collections/bibliopola-pro-lcg-font-jovica-veljovic/
[2026-07-21T08:46:12Z] #223 attempt=1/2 status=200 0.276s url=https://www.myfonts.com/collections/bibliopola-pro-lcg-font-jovica-veljovic/?tab=techSpecs
[2026-07-21T08:46:13Z] #224 attempt=1/2 status=200 0.370s url=https://www.myfonts.com/products/regular-zolo-1184174
[2026-07-21T08:46:14Z] #225 attempt=1/2 status=200 0.395s url=https://www.myfonts.com/collections/zolo-font-flawlessandco/
[2026-07-21T08:46:15Z] #226 attempt=1/2 status=200 0.249s url=https://www.myfonts.com/collections/zolo-font-flawlessandco/?tab=techSpecs
[2026-07-21T08:46:16Z] #227 attempt=1/6 status=200 0.907s url=https://www.myfonts.com/products.json?limit=100&page=6
[2026-07-21T08:46:18Z] #228 attempt=1/2 status=200 0.679s url=https://www.myfonts.com/products/soft-semi-expanded-slant-bubbly-1179071
[2026-07-21T08:46:19Z] #229 attempt=1/2 status=200 0.804s url=https://www.myfonts.com/collections/bubbly-font-gatype/
[2026-07-21T08:46:20Z] #230 attempt=1/2 status=200 0.825s url=https://www.myfonts.com/collections/bubbly-font-gatype/?tab=techSpecs
[2026-07-21T08:46:21Z] #231 attempt=1/2 status=200 0.597s url=https://www.myfonts.com/products/expanded-oblique-authors-special-1181977
[2026-07-21T08:46:22Z] #232 attempt=1/2 status=200 0.778s url=https://www.myfonts.com/collections/authors-special-font-positive-type/
[2026-07-21T08:46:23Z] #233 attempt=1/2 status=200 0.389s url=https://www.myfonts.com/collections/authors-special-font-positive-type/?tab=techSpecs
[2026-07-21T08:46:24Z] #234 attempt=1/2 status=200 0.586s url=https://www.myfonts.com/products/soft-expanded-care-dairy-1179097
[2026-07-21T08:46:25Z] #235 attempt=1/2 status=200 0.763s url=https://www.myfonts.com/collections/care-dairy-font-gatype/
[2026-07-21T08:46:26Z] #236 attempt=1/2 status=200 0.788s url=https://www.myfonts.com/collections/care-dairy-font-gatype/?tab=techSpecs
[2026-07-21T08:46:28Z] #237 attempt=1/2 status=200 0.675s url=https://www.myfonts.com/products/semi-condensed-debora-celina-script-1179173
[2026-07-21T08:46:29Z] #238 attempt=1/2 status=200 1.052s url=https://www.myfonts.com/collections/debora-celina-script-font-gatype/
[2026-07-21T08:46:30Z] #239 attempt=1/2 status=200 0.812s url=https://www.myfonts.com/collections/debora-celina-script-font-gatype/?tab=techSpecs
[2026-07-21T08:46:32Z] #240 attempt=1/2 status=200 0.583s url=https://www.myfonts.com/products/soft-expanded-slant-astone-nouvea-1179035
[2026-07-21T08:46:33Z] #241 attempt=1/2 status=200 0.797s url=https://www.myfonts.com/collections/astone-nouvea-font-gatype/
[2026-07-21T08:46:34Z] #242 attempt=1/2 status=200 0.842s url=https://www.myfonts.com/collections/astone-nouvea-font-gatype/?tab=techSpecs
[2026-07-21T08:46:35Z] #243 attempt=1/2 status=200 0.664s url=https://www.myfonts.com/products/expanded-bekinder-1179061
[2026-07-21T08:46:36Z] #244 attempt=1/2 status=200 0.859s url=https://www.myfonts.com/collections/bekinder-font-gatype/
[2026-07-21T08:46:38Z] #245 attempt=1/2 status=200 1.073s url=https://www.myfonts.com/collections/bekinder-font-gatype/?tab=techSpecs
[2026-07-21T08:46:40Z] #246 attempt=1/2 status=200 0.565s url=https://www.myfonts.com/products/slant-cresing-1179133
[2026-07-21T08:46:40Z] #247 attempt=1/2 status=200 0.681s url=https://www.myfonts.com/collections/cresing-font-gatype/
[2026-07-21T08:46:42Z] #248 attempt=1/2 status=200 0.786s url=https://www.myfonts.com/collections/cresing-font-gatype/?tab=techSpecs
[2026-07-21T08:46:44Z] #249 attempt=1/6 status=200 0.869s url=https://www.myfonts.com/products.json?limit=100&page=7
[2026-07-21T08:46:45Z] #250 attempt=1/2 status=200 0.470s url=https://www.myfonts.com/products/slant-regular-gaorge-1179491
[2026-07-21T08:46:45Z] #251 attempt=1/2 status=200 0.553s url=https://www.myfonts.com/collections/gaorge-font-deorde-studio/
[2026-07-21T08:46:46Z] #252 attempt=1/2 status=200 0.558s url=https://www.myfonts.com/collections/gaorge-font-deorde-studio/?tab=techSpecs
[2026-07-21T08:46:48Z] #253 attempt=1/2 status=200 1.450s url=https://www.myfonts.com/products/coffee-serif-bundle-package-1092098
[2026-07-21T08:46:49Z] #254 attempt=1/2 status=404 0.286s url=https://www.myfonts.com/collections/coffee-serif-bundle-font-adita-fonts
[2026-07-21T08:46:50Z] #255 attempt=1/2 status=200 0.740s url=https://www.myfonts.com/products/summer-font-bundle-package-937446
[2026-07-21T08:46:50Z] #256 attempt=1/2 status=404 0.268s url=https://www.myfonts.com/collections/summer-font-bundle-font-adita-fonts
[2026-07-21T08:46:51Z] #257 attempt=1/2 status=200 0.692s url=https://www.myfonts.com/products/christmas-font-sale-package-1084324
[2026-07-21T08:46:52Z] #258 attempt=1/2 status=404 0.297s url=https://www.myfonts.com/collections/christmas-font-sale-font-adita-fonts
[2026-07-21T08:46:53Z] #259 attempt=1/2 status=200 0.597s url=https://www.myfonts.com/products/spring-offer-package-913969
[2026-07-21T08:46:53Z] #260 attempt=1/2 status=404 0.307s url=https://www.myfonts.com/collections/spring-offer-font-adita-fonts
[2026-07-21T08:46:55Z] #261 attempt=1/2 status=200 1.518s url=https://www.myfonts.com/products/friends-forever-package-1092100
[2026-07-21T08:46:55Z] #262 attempt=1/2 status=404 0.351s url=https://www.myfonts.com/collections/friends-forever-font-adita-fonts
[2026-07-21T08:46:56Z] #263 attempt=1/2 status=200 0.730s url=https://www.myfonts.com/products/wedding-script-bundle-package-1091853
[2026-07-21T08:46:57Z] #264 attempt=1/2 status=404 0.274s url=https://www.myfonts.com/collections/wedding-script-bundle-font-adita-fonts
[2026-07-21T08:46:58Z] #265 attempt=1/2 status=200 0.477s url=https://www.myfonts.com/products/tt-nooks-script-non-variable-package-package-1178147
[2026-07-21T08:46:58Z] #266 attempt=1/2 status=200 0.578s url=https://www.myfonts.com/collections/tt-nooks-script-font-typetype/
[2026-07-21T08:46:59Z] #267 attempt=1/2 status=200 0.543s url=https://www.myfonts.com/collections/tt-nooks-script-font-typetype/?tab=techSpecs
[2026-07-21T08:47:00Z] #268 attempt=1/2 status=200 0.435s url=https://www.myfonts.com/products/snappy-fingers-pro-complete-family-package-1182499
[2026-07-21T08:47:01Z] #269 attempt=1/2 status=200 0.528s url=https://www.myfonts.com/collections/snappy-fingers-pro-font-hanoded/
[2026-07-21T08:47:02Z] #270 attempt=1/2 status=200 0.609s url=https://www.myfonts.com/collections/snappy-fingers-pro-font-hanoded/?tab=techSpecs
[2026-07-21T08:47:03Z] #271 attempt=1/2 status=200 0.417s url=https://www.myfonts.com/products/monimer-serif-complete-family-package-1163997
[2026-07-21T08:47:04Z] #272 attempt=1/2 status=200 0.500s url=https://www.myfonts.com/collections/monimer-serif-font-mans-greback/
[2026-07-21T08:47:05Z] #273 attempt=1/2 status=200 0.549s url=https://www.myfonts.com/collections/monimer-serif-font-mans-greback/?tab=techSpecs
[2026-07-21T08:47:06Z] #274 attempt=1/2 status=200 0.434s url=https://www.myfonts.com/products/bhorudyn-complete-family-package-1182868
[2026-07-21T08:47:07Z] #275 attempt=1/2 status=200 0.491s url=https://www.myfonts.com/collections/bhorudyn-font-typeclassheroes/
[2026-07-21T08:47:08Z] #276 attempt=1/2 status=200 0.550s url=https://www.myfonts.com/collections/bhorudyn-font-typeclassheroes/?tab=techSpecs
[2026-07-21T08:47:09Z] #277 attempt=1/2 status=200 0.457s url=https://www.myfonts.com/products/mellow-script-complete-family-package-1182888
[2026-07-21T08:47:09Z] #278 attempt=1/2 status=200 0.438s url=https://www.myfonts.com/collections/mellow-script-font-tini-fitriani/
[2026-07-21T08:47:10Z] #279 attempt=1/2 status=200 0.278s url=https://www.myfonts.com/collections/mellow-script-font-tini-fitriani/?tab=techSpecs
[2026-07-21T08:47:11Z] #280 attempt=1/2 status=200 0.477s url=https://www.myfonts.com/products/noctifa-complete-family-package-1181999
[2026-07-21T08:47:12Z] #281 attempt=1/2 status=200 0.480s url=https://www.myfonts.com/collections/noctifa-font-ragamkata/
[2026-07-21T08:47:13Z] #282 attempt=1/2 status=200 0.453s url=https://www.myfonts.com/collections/noctifa-font-ragamkata/?tab=techSpecs
[2026-07-21T08:47:14Z] #283 attempt=1/2 status=200 0.423s url=https://www.myfonts.com/products/flicko-complete-family-package-1182872
[2026-07-21T08:47:15Z] #284 attempt=1/2 status=200 0.442s url=https://www.myfonts.com/collections/flicko-font-vermilione/
[2026-07-21T08:47:15Z] #285 attempt=1/2 status=200 0.426s url=https://www.myfonts.com/collections/flicko-font-vermilione/?tab=techSpecs
[2026-07-21T08:47:16Z] #286 attempt=1/2 status=200 0.462s url=https://www.myfonts.com/products/murisa-mikano-complete-family-package-1179627
[2026-07-21T08:47:17Z] #287 attempt=1/2 status=200 0.458s url=https://www.myfonts.com/collections/murisa-mikano-font-murisa-studio/
[2026-07-21T08:47:17Z] #288 attempt=1/2 status=429 0.056s url=https://www.myfonts.com/collections/murisa-mikano-font-murisa-studio/?tab=techSpecs
[2026-07-21T08:47:17Z] first_429 req=288 url=https://www.myfonts.com/collections/murisa-mikano-font-murisa-studio/?tab=techSpecs
[2026-07-21T08:47:20Z] #289 attempt=2/2 status=200 0.312s url=https://www.myfonts.com/collections/murisa-mikano-font-murisa-studio/?tab=techSpecs
[2026-07-21T08:47:21Z] #290 attempt=1/2 status=200 0.446s url=https://www.myfonts.com/products/night-growl-complete-family-package-1179525
[2026-07-21T08:47:22Z] #291 attempt=1/2 status=200 0.444s url=https://www.myfonts.com/collections/night-growl-font-java-pep/
[2026-07-21T08:47:23Z] #292 attempt=1/2 status=200 0.345s url=https://www.myfonts.com/products/nevroda-wisdom-complete-family-package-1182074
[2026-07-21T08:47:23Z] #293 attempt=1/2 status=200 0.381s url=https://www.myfonts.com/collections/nevroda-wisdom-font-tini-fitriani/
[2026-07-21T08:47:23Z] #294 attempt=1/2 status=429 0.047s url=https://www.myfonts.com/products/tenquira-complete-family-package-1183610
[2026-07-21T08:47:26Z] #295 attempt=2/2 status=200 0.570s url=https://www.myfonts.com/products/tenquira-complete-family-package-1183610
[2026-07-21T08:47:27Z] #296 attempt=1/2 status=200 0.472s url=https://www.myfonts.com/collections/tenquira-font-hishand-studio/
[2026-07-21T08:47:28Z] #297 attempt=1/2 status=200 0.413s url=https://www.myfonts.com/products/fille-de-joie-complete-family-package-1183616
[2026-07-21T08:47:28Z] #298 attempt=1/2 status=200 0.427s url=https://www.myfonts.com/collections/fille-de-joie-font-tension-type/
[2026-07-21T08:47:29Z] #299 attempt=1/2 status=200 0.482s url=https://www.myfonts.com/products/steaming-noodles-pro-complete-family-package-1182496
[2026-07-21T08:47:30Z] #300 attempt=1/2 status=200 0.456s url=https://www.myfonts.com/collections/steaming-noodles-pro-font-hanoded/
[2026-07-21T08:47:30Z] #301 attempt=1/2 status=200 0.453s url=https://www.myfonts.com/products/lucky-wonky-complete-family-package-1179633
[2026-07-21T08:47:31Z] #302 attempt=1/2 status=200 0.512s url=https://www.myfonts.com/collections/lucky-wonky-font-tini-fitriani/
[2026-07-21T08:47:31Z] #303 attempt=1/2 status=429 0.039s url=https://www.myfonts.com/products/thin-italic-worgant-1182033
[2026-07-21T08:47:34Z] #304 attempt=2/2 status=200 0.840s url=https://www.myfonts.com/products/thin-italic-worgant-1182033
[2026-07-21T08:47:35Z] #305 attempt=1/2 status=200 0.636s url=https://www.myfonts.com/collections/worgant-font-font-liner/
[2026-07-21T08:47:37Z] #306 attempt=1/6 status=200 0.851s url=https://www.myfonts.com/products.json?limit=100&page=8
[2026-07-21T08:47:38Z] #307 attempt=1/2 status=200 0.523s url=https://www.myfonts.com/products/semi-condensed-slant-starsight-1181257
[2026-07-21T08:47:38Z] #308 attempt=1/2 status=200 0.650s url=https://www.myfonts.com/collections/starsight-font-gatype/
[2026-07-21T08:47:39Z] #309 attempt=1/2 status=200 0.346s url=https://www.myfonts.com/products/regular-georune-1183370
[2026-07-21T08:47:40Z] #310 attempt=1/2 status=200 0.377s url=https://www.myfonts.com/collections/georune-font-flawlessandco/
[2026-07-21T08:47:41Z] #311 attempt=1/6 status=200 0.916s url=https://www.myfonts.com/products.json?limit=100&page=9
[2026-07-21T08:47:42Z] #312 attempt=1/2 status=200 0.404s url=https://www.myfonts.com/products/italic-supreme-leader-pro-1182495
[2026-07-21T08:47:42Z] #313 attempt=1/2 status=200 0.449s url=https://www.myfonts.com/collections/supreme-leader-pro-font-hanoded/
[2026-07-21T08:47:43Z] #314 attempt=1/2 status=200 0.515s url=https://www.myfonts.com/products/asteru-soft-slant-asteru-1178958
[2026-07-21T08:47:44Z] #315 attempt=1/2 status=429 0.038s url=https://www.myfonts.com/collections/asteru-font-gatype/
[2026-07-21T08:47:47Z] #316 attempt=2/2 status=200 0.968s url=https://www.myfonts.com/collections/asteru-font-gatype/
[2026-07-21T08:47:48Z] #317 attempt=1/2 status=200 0.588s url=https://www.myfonts.com/products/soft-condensed-slant-albatros-1178977
[2026-07-21T08:47:49Z] #318 attempt=1/2 status=200 0.751s url=https://www.myfonts.com/collections/albatros-font-gatype/
[2026-07-21T08:47:49Z] #319 attempt=1/2 status=200 0.470s url=https://www.myfonts.com/products/slant-cremotic-1179116
[2026-07-21T08:47:50Z] #320 attempt=1/2 status=200 0.638s url=https://www.myfonts.com/collections/cremotic-font-gatype/
[2026-07-21T08:47:52Z] #321 attempt=1/6 status=200 0.856s url=https://www.myfonts.com/products.json?limit=100&page=10
[2026-07-21T08:47:52Z] #322 attempt=1/2 status=200 0.452s url=https://www.myfonts.com/products/bold-mit-vrochea-1179550
[2026-07-21T08:47:53Z] #323 attempt=1/2 status=200 0.527s url=https://www.myfonts.com/collections/mit-vrochea-font-maculinc/
[2026-07-21T08:47:54Z] #324 attempt=1/2 status=200 0.593s url=https://www.myfonts.com/products/soft-expanded-dona-siona-1179187
[2026-07-21T08:47:55Z] #325 attempt=1/2 status=200 0.746s url=https://www.myfonts.com/collections/dona-siona-font-gatype/
[2026-07-21T08:47:56Z] #326 attempt=1/2 status=200 0.497s url=https://www.myfonts.com/products/light-giukter-1179430
[2026-07-21T08:47:57Z] #327 attempt=1/2 status=200 0.618s url=https://www.myfonts.com/collections/giukter-font-smz-design/
[2026-07-21T08:47:57Z] #328 attempt=1/2 status=200 0.442s url=https://www.myfonts.com/products/italic-italic-master-victory-1179591
[2026-07-21T08:47:58Z] #329 attempt=1/2 status=200 0.497s url=https://www.myfonts.com/collections/master-victory-font-yoga-letter/
[2026-07-21T08:47:59Z] #330 attempt=1/2 status=200 0.567s url=https://www.myfonts.com/products/arthur-soft-semi-condensed-slant-arthur-serif-1179012
[2026-07-21T08:48:00Z] #331 attempt=1/2 status=200 0.766s url=https://www.myfonts.com/collections/arthur-serif-font-gatype/
[2026-07-21T08:48:00Z] #332 attempt=1/2 status=429 0.042s url=https://www.myfonts.com/products/sports-font-bundle-btl-4-package-721442
[2026-07-21T08:48:04Z] #333 attempt=2/2 status=200 1.581s url=https://www.myfonts.com/products/sports-font-bundle-btl-4-package-721442
[2026-07-21T08:48:05Z] #334 attempt=1/2 status=404 0.262s url=https://www.myfonts.com/collections/sports-font-bundle-btl-4-font-boxtube-labs
[2026-07-21T08:48:05Z] #335 attempt=1/2 status=200 0.412s url=https://www.myfonts.com/products/rhoda-complete-family-package-1182560
[2026-07-21T08:48:06Z] #336 attempt=1/2 status=200 0.486s url=https://www.myfonts.com/collections/rhoda-font-rmu/
[2026-07-21T08:48:07Z] #337 attempt=1/2 status=200 0.414s url=https://www.myfonts.com/products/linden-avenue-complete-family-package-1164010
[2026-07-21T08:48:07Z] #338 attempt=1/2 status=200 0.455s url=https://www.myfonts.com/collections/linden-avenue-font-mans-greback/
[2026-07-21T08:48:08Z] #339 attempt=1/2 status=200 0.487s url=https://www.myfonts.com/products/amigavel-essential-package-1178191
[2026-07-21T08:48:09Z] #340 attempt=1/2 status=200 0.641s url=https://www.myfonts.com/collections/amigavel-font-latinotype/
[2026-07-21T08:48:10Z] #341 attempt=1/2 status=200 0.400s url=https://www.myfonts.com/products/chapelargo-complete-family-package-1182126
[2026-07-21T08:48:10Z] #342 attempt=1/2 status=200 0.434s url=https://www.myfonts.com/collections/chapelargo-font-tini-fitriani/
[2026-07-21T08:48:11Z] #343 attempt=1/2 status=200 0.346s url=https://www.myfonts.com/products/regular-osean-1182562
[2026-07-21T08:48:11Z] #344 attempt=1/2 status=429 0.056s url=https://www.myfonts.com/collections/osean-font-bondangail/
[2026-07-21T08:48:14Z] #345 attempt=2/2 status=200 0.431s url=https://www.myfonts.com/collections/osean-font-bondangail/
[2026-07-21T08:48:14Z] #346 attempt=1/2 status=200 0.365s url=https://www.myfonts.com/products/regular-glantiq-1179205
[2026-07-21T08:48:15Z] #347 attempt=1/2 status=200 0.369s url=https://www.myfonts.com/collections/glantiq-font-habitype/
[2026-07-21T08:48:17Z] #348 attempt=1/6 status=200 1.095s url=https://www.myfonts.com/products.json?limit=100&page=11
[2026-07-21T08:48:17Z] #349 attempt=1/2 status=200 0.354s url=https://www.myfonts.com/products/regular-elgand-1179595
[2026-07-21T08:48:18Z] #350 attempt=1/2 status=200 0.346s url=https://www.myfonts.com/collections/elgand-font-habitype/
[2026-07-21T08:48:19Z] #351 attempt=1/2 status=200 1.393s url=https://www.myfonts.com/products/trustha-handwritten-font-bundle-package-677606
[2026-07-21T08:48:20Z] #352 attempt=1/2 status=404 0.248s url=https://www.myfonts.com/collections/trustha-handwritten-font-bundle-font-trustha
[2026-07-21T08:48:21Z] #353 attempt=1/2 status=200 0.531s url=https://www.myfonts.com/products/scramble-complete-family-package-1184599
[2026-07-21T08:48:22Z] #354 attempt=1/2 status=200 0.698s url=https://www.myfonts.com/collections/scramble-font-agny-hasya-studio/
[2026-07-21T08:48:22Z] #355 attempt=1/2 status=200 0.478s url=https://www.myfonts.com/products/cavren-condensed-complete-family-package-1177991
[2026-07-21T08:48:23Z] #356 attempt=1/2 status=200 0.644s url=https://www.myfonts.com/collections/cavren-condensed-font-typehill-studio/
[2026-07-21T08:48:24Z] #357 attempt=1/2 status=200 0.437s url=https://www.myfonts.com/products/halvarson-complete-family-package-1163968
[2026-07-21T08:48:24Z] #358 attempt=1/2 status=429 0.040s url=https://www.myfonts.com/collections/halvarson-font-mans-greback/
[2026-07-21T08:48:27Z] #359 attempt=2/2 status=200 0.478s url=https://www.myfonts.com/collections/halvarson-font-mans-greback/
[2026-07-21T08:48:28Z] #360 attempt=1/2 status=200 0.417s url=https://www.myfonts.com/products/rosery-complete-family-package-1179573
[2026-07-21T08:48:28Z] #361 attempt=1/2 status=200 0.443s url=https://www.myfonts.com/collections/rosery-font-font-liner/
[2026-07-21T08:48:29Z] #362 attempt=1/2 status=200 0.418s url=https://www.myfonts.com/products/error-state-rounded-complete-family-package-1177988
[2026-07-21T08:48:30Z] #363 attempt=1/2 status=200 0.375s url=https://www.myfonts.com/collections/error-state-rounded-font-tini-fitriani/
[2026-07-21T08:48:30Z] #364 attempt=1/2 status=200 0.456s url=https://www.myfonts.com/products/trio-ct-complete-family-package-1183845
[2026-07-21T08:48:31Z] #365 attempt=1/2 status=200 0.588s url=https://www.myfonts.com/collections/trio-ct-font-castletype/
[2026-07-21T08:48:31Z] #366 attempt=1/2 status=429 0.032s url=https://www.myfonts.com/products/bolte-complete-family-package-1177799
[2026-07-21T08:48:34Z] #367 attempt=2/2 status=200 0.720s url=https://www.myfonts.com/products/bolte-complete-family-package-1177799
[2026-07-21T08:48:35Z] #368 attempt=1/2 status=200 0.847s url=https://www.myfonts.com/collections/bolte-font-glowtype/
[2026-07-21T08:48:36Z] #369 attempt=1/2 status=200 0.442s url=https://www.myfonts.com/products/jaybird-complete-family-package-1163973
[2026-07-21T08:48:37Z] #370 attempt=1/2 status=200 0.438s url=https://www.myfonts.com/collections/jaybird-font-mans-greback/
[2026-07-21T08:48:37Z] #371 attempt=1/2 status=200 0.383s url=https://www.myfonts.com/products/layoce-complete-family-package-1179212
[2026-07-21T08:48:38Z] #372 attempt=1/2 status=200 0.397s url=https://www.myfonts.com/collections/layoce-font-vermilione/
[2026-07-21T08:48:39Z] #373 attempt=1/2 status=200 0.527s url=https://www.myfonts.com/products/radioactive-comic-complete-family-package-1177985
[2026-07-21T08:48:40Z] #374 attempt=1/2 status=200 0.507s url=https://www.myfonts.com/collections/radioactive-comic-font-mvmet/
[2026-07-21T08:48:40Z] #375 attempt=1/2 status=200 0.419s url=https://www.myfonts.com/products/mlue-complete-family-package-1178572
[2026-07-21T08:48:41Z] #376 attempt=1/2 status=200 0.429s url=https://www.myfonts.com/collections/mlue-font-ethylene/
[2026-07-21T08:48:41Z] #377 attempt=1/2 status=429 0.037s url=https://www.myfonts.com/products/marland-complete-family-package-1177821
[2026-07-21T08:48:44Z] #378 attempt=2/2 status=200 0.515s url=https://www.myfonts.com/products/marland-complete-family-package-1177821
[2026-07-21T08:48:45Z] #379 attempt=1/2 status=200 0.510s url=https://www.myfonts.com/collections/marland-font-letterhend/
[2026-07-21T08:48:45Z] #380 attempt=1/2 status=200 0.430s url=https://www.myfonts.com/products/tsanger-fwjt-complete-family-package-1182557
[2026-07-21T08:48:46Z] #381 attempt=1/2 status=200 0.573s url=https://www.myfonts.com/collections/tsanger-fwjt-font-tsanger/
[2026-07-21T08:48:47Z] #382 attempt=1/2 status=200 0.455s url=https://www.myfonts.com/collections/tsanger-fwjt-font-tsanger/
[2026-07-21T08:48:48Z] #383 attempt=1/2 status=200 0.389s url=https://www.myfonts.com/products/sri-rejeki-complete-family-package-1180966
[2026-07-21T08:48:48Z] #384 attempt=1/2 status=200 0.411s url=https://www.myfonts.com/collections/sri-rejeki-font-burntilldead/
[2026-07-21T08:48:49Z] #385 attempt=1/2 status=200 0.403s url=https://www.myfonts.com/products/finlado-variable-complete-family-package-1184582
[2026-07-21T08:48:49Z] #386 attempt=1/2 status=429 0.049s url=https://www.myfonts.com/collections/finlado-variable-font-bartama-graphic/
[2026-07-21T08:48:52Z] #387 attempt=2/2 status=200 0.674s url=https://www.myfonts.com/collections/finlado-variable-font-bartama-graphic/
[2026-07-21T08:48:53Z] #388 attempt=1/2 status=200 0.586s url=https://www.myfonts.com/products/black-ibar-sans-1177606
[2026-07-21T08:48:54Z] #389 attempt=1/2 status=200 0.647s url=https://www.myfonts.com/collections/ibar-sans-font-ibar-fonts/
[2026-07-21T08:48:55Z] #390 attempt=1/2 status=200 0.422s url=https://www.myfonts.com/products/black-deco-savoy-1178519
[2026-07-21T08:48:55Z] #391 attempt=1/2 status=200 0.404s url=https://www.myfonts.com/collections/deco-savoy-font-mazur-type/
[2026-07-21T08:48:56Z] #392 attempt=1/2 status=200 0.394s url=https://www.myfonts.com/products/regular-visconty-1178409
[2026-07-21T08:48:57Z] #393 attempt=1/2 status=200 0.746s url=https://www.myfonts.com/collections/visconty-font-ceeskiiw/
[2026-07-21T08:48:57Z] #394 attempt=1/2 status=200 0.421s url=https://www.myfonts.com/products/regular-cake-nougats-1179563
[2026-07-21T08:48:58Z] #395 attempt=1/2 status=200 0.385s url=https://www.myfonts.com/collections/cake-nougats-font-aisyah/
[2026-07-21T08:48:58Z] #396 attempt=1/2 status=429 0.083s url=https://www.myfonts.com/products/regular-seasat-1179206
[2026-07-21T08:49:01Z] #397 attempt=2/2 status=200 0.443s url=https://www.myfonts.com/products/regular-seasat-1179206
[2026-07-21T08:49:02Z] #398 attempt=1/2 status=200 0.434s url=https://www.myfonts.com/collections/seasat-font-koplexs-studio/
[2026-07-21T08:49:02Z] #399 attempt=1/2 status=200 0.379s url=https://www.myfonts.com/products/regular-gasno-1178410
[2026-07-21T08:49:03Z] #400 attempt=1/2 status=200 0.374s url=https://www.myfonts.com/collections/gasno-font-pandeka-studio/
[2026-07-21T08:49:04Z] #401 attempt=1/6 status=200 0.823s url=https://www.myfonts.com/products.json?limit=100&page=12
[2026-07-21T08:49:05Z] #402 attempt=1/2 status=200 0.381s url=https://www.myfonts.com/products/regular-drimelty-1182050
[2026-07-21T08:49:06Z] #403 attempt=1/2 status=200 0.464s url=https://www.myfonts.com/collections/drimelty-font-imoodev/
[2026-07-21T08:49:06Z] #404 attempt=1/2 status=200 0.383s url=https://www.myfonts.com/products/rough-cornville-1182056
[2026-07-21T08:49:07Z] #405 attempt=1/2 status=429 0.045s url=https://www.myfonts.com/collections/cornville-font-hipfonts/
[2026-07-21T08:49:09Z] #406 attempt=2/2 status=200 0.476s url=https://www.myfonts.com/collections/cornville-font-hipfonts/
[2026-07-21T08:49:10Z] #407 attempt=1/2 status=200 0.408s url=https://www.myfonts.com/products/regular-bollu-1181944
[2026-07-21T08:49:11Z] #408 attempt=1/2 status=200 0.374s url=https://www.myfonts.com/collections/bollu-font-epiclinez/
[2026-07-21T08:49:11Z] #409 attempt=1/2 status=200 0.399s url=https://www.myfonts.com/products/regular-morey-1180654
[2026-07-21T08:49:12Z] #410 attempt=1/2 status=200 0.432s url=https://www.myfonts.com/collections/morey-font-jaruka-creative/
[2026-07-21T08:49:12Z] #411 attempt=1/2 status=200 0.396s url=https://www.myfonts.com/products/regular-faulty-scribble-1179204
[2026-07-21T08:49:13Z] #412 attempt=1/2 status=200 0.347s url=https://www.myfonts.com/collections/faulty-scribble-font-tini-fitriani/
[2026-07-21T08:49:13Z] #413 attempt=1/2 status=429 0.058s url=https://www.myfonts.com/products/regular-trabas-bubble-1179507
[2026-07-21T08:49:16Z] #414 attempt=2/2 status=200 0.461s url=https://www.myfonts.com/products/regular-trabas-bubble-1179507
[2026-07-21T08:49:17Z] #415 attempt=1/2 status=200 0.368s url=https://www.myfonts.com/collections/trabas-bubble-font-mei-suseno/
[2026-07-21T08:49:17Z] #416 attempt=1/2 status=200 0.386s url=https://www.myfonts.com/products/regular-paleko-1180954
[2026-07-21T08:49:18Z] #417 attempt=1/2 status=200 0.404s url=https://www.myfonts.com/collections/paleko-font-jaruka-creative/
[2026-07-21T08:49:19Z] #418 attempt=1/2 status=200 0.437s url=https://www.myfonts.com/products/regular-chasy-1180653
[2026-07-21T08:49:19Z] #419 attempt=1/2 status=200 0.438s url=https://www.myfonts.com/collections/chasy-font-jaruka-creative/
[2026-07-21T08:49:20Z] #420 attempt=1/2 status=200 0.403s url=https://www.myfonts.com/products/regular-dork-neytal-1179437
[2026-07-21T08:49:20Z] #421 attempt=1/2 status=429 0.053s url=https://www.myfonts.com/collections/dork-neytal-font-denustudio/
[2026-07-21T08:49:23Z] #422 attempt=2/2 status=200 0.545s url=https://www.myfonts.com/collections/dork-neytal-font-denustudio/
[2026-07-21T08:49:24Z] #423 attempt=1/2 status=200 0.427s url=https://www.myfonts.com/products/regular-cybrok-1180951
[2026-07-21T08:49:24Z] #424 attempt=1/2 status=200 0.417s url=https://www.myfonts.com/collections/cybrok-font-drizy-font/
[2026-07-21T08:49:25Z] #425 attempt=1/2 status=200 0.375s url=https://www.myfonts.com/products/regular-biscuit-munch-1182053
[2026-07-21T08:49:26Z] #426 attempt=1/2 status=200 0.449s url=https://www.myfonts.com/collections/biscuit-munch-font-hipfonts/
[2026-07-21T08:49:27Z] #427 attempt=1/6 status=200 0.986s url=https://www.myfonts.com/products.json?limit=100&page=13
[2026-07-21T08:49:29Z] #428 attempt=1/2 status=200 1.836s url=https://www.myfonts.com/products/canto-complete-family-package-1178192
[2026-07-21T08:49:32Z] #429 attempt=1/2 status=200 2.380s url=https://www.myfonts.com/collections/canto-font-gian-studio/
[2026-07-21T08:49:33Z] #430 attempt=1/2 status=200 0.677s url=https://www.myfonts.com/products/albatros-soft-semi-condensed-analogist-1178995
[2026-07-21T08:49:34Z] #431 attempt=1/2 status=200 0.774s url=https://www.myfonts.com/collections/analogist-font-gatype/
[2026-07-21T08:49:35Z] #432 attempt=1/2 status=200 0.457s url=https://www.myfonts.com/products/italic-acr-semi-mono-1178680
[2026-07-21T08:49:36Z] #433 attempt=1/2 status=200 0.513s url=https://www.myfonts.com/collections/acr-semi-mono-font-blaze-type/
[2026-07-21T08:49:37Z] #434 attempt=1/2 status=200 0.561s url=https://www.myfonts.com/products/variable-zenteff-1178570
[2026-07-21T08:49:38Z] #435 attempt=1/2 status=200 0.768s url=https://www.myfonts.com/collections/zenteff-font-outerend/
[2026-07-21T08:49:39Z] #436 attempt=1/2 status=200 1.007s url=https://www.myfonts.com/products/rnd-dry-italic-marodina-1178628
[2026-07-21T08:49:41Z] #437 attempt=1/2 status=200 1.647s url=https://www.myfonts.com/collections/marodina-font-alpercakici/
[2026-07-21T08:49:42Z] #438 attempt=1/2 status=200 0.734s url=https://www.myfonts.com/products/semi-condensed-trabat-display-1178889
[2026-07-21T08:49:43Z] #439 attempt=1/2 status=200 1.128s url=https://www.myfonts.com/collections/trabat-display-font-gian-studio/
[2026-07-21T08:49:45Z] #440 attempt=1/2 status=200 0.935s url=https://www.myfonts.com/products/semibold-cond-fine-italic-exedra-1178469
[2026-07-21T08:49:46Z] #441 attempt=1/2 status=200 1.226s url=https://www.myfonts.com/collections/exedra-font-tipo-pepel/
[2026-07-21T08:49:47Z] #442 attempt=1/2 status=200 0.795s url=https://www.myfonts.com/products/italic-extra-condensed-helliona-display-1178837
[2026-07-21T08:49:49Z] #443 attempt=1/2 status=200 1.416s url=https://www.myfonts.com/collections/helliona-display-font-gian-studio/
[2026-07-21T08:49:50Z] #444 attempt=1/2 status=200 0.529s url=https://www.myfonts.com/products/black-aeros-1178487
[2026-07-21T08:49:51Z] #445 attempt=1/2 status=200 0.672s url=https://www.myfonts.com/collections/aeros-font-ayca-atalay/
[2026-07-21T08:49:52Z] #446 attempt=1/2 status=200 0.690s url=https://www.myfonts.com/products/condensed-italic-leostut-1178534
[2026-07-21T08:49:53Z] #447 attempt=1/2 status=200 0.975s url=https://www.myfonts.com/collections/leostut-font-gian-studio/
[2026-07-21T08:49:54Z] #448 attempt=1/2 status=200 0.537s url=https://www.myfonts.com/products/solid-drizzle-honey-1178428
[2026-07-21T08:49:54Z] #449 attempt=1/2 status=200 0.445s url=https://www.myfonts.com/collections/drizzle-honey-font-the-native-saint-club/
[2026-07-21T08:49:56Z] #450 attempt=1/2 status=200 1.024s url=https://www.myfonts.com/products/rotundus-x-rotundus-rounded-package-929224
[2026-07-21T08:49:56Z] #451 attempt=1/2 status=404 0.297s url=https://www.myfonts.com/collections/rotundus-x-rotundus-rounded-font-dayflash
[2026-07-21T08:49:58Z] #452 attempt=1/6 status=200 1.158s url=https://www.myfonts.com/products.json?limit=100&page=14
[2026-07-21T08:50:00Z] #453 attempt=1/2 status=200 1.354s url=https://www.myfonts.com/products/the-complete-135-font-collection-package-1112511
[2026-07-21T08:50:00Z] #454 attempt=1/2 status=404 0.270s url=https://www.myfonts.com/collections/the-complete-135-font-collection-font-beary
[2026-07-21T08:50:01Z] #455 attempt=1/2 status=200 0.461s url=https://www.myfonts.com/products/sagarana-family-package-738
[2026-07-21T08:50:01Z] #456 attempt=1/2 status=200 0.526s url=https://www.myfonts.com/collections/sagarana-font-eller-type/
[2026-07-21T08:50:02Z] #457 attempt=1/2 status=200 0.603s url=https://www.myfonts.com/products/semibold-reomyr-1173787
[2026-07-21T08:50:03Z] #458 attempt=1/2 status=200 0.631s url=https://www.myfonts.com/collections/reomyr-font-erwin-krump/
[2026-07-21T08:50:04Z] #459 attempt=1/2 status=200 0.517s url=https://www.myfonts.com/products/bold-sagarana-733
[2026-07-21T08:50:05Z] #460 attempt=1/2 status=200 0.305s url=https://www.myfonts.com/collections/sagarana-font-eller-type/
[2026-07-21T08:50:05Z] #461 attempt=1/2 status=200 0.391s url=https://www.myfonts.com/products/semi-bold-sagarana-728
[2026-07-21T08:50:06Z] #462 attempt=1/2 status=200 0.606s url=https://www.myfonts.com/collections/sagarana-font-eller-type/
[2026-07-21T08:50:07Z] #463 attempt=1/2 status=200 0.396s url=https://www.myfonts.com/products/eryka-regular-eryka-1182051
[2026-07-21T08:50:07Z] #464 attempt=1/2 status=200 0.393s url=https://www.myfonts.com/collections/eryka-font-mazefonts/
[2026-07-21T08:50:08Z] #465 attempt=1/2 status=200 0.387s url=https://www.myfonts.com/products/regular-scardoom-1181922
[2026-07-21T08:50:09Z] #466 attempt=1/2 status=200 0.401s url=https://www.myfonts.com/collections/scardoom-font-denustudio/
[2026-07-21T08:50:10Z] #467 attempt=1/6 status=200 0.877s url=https://www.myfonts.com/products.json?limit=100&page=15
[2026-07-21T08:50:11Z] #468 attempt=1/2 status=200 0.694s url=https://www.myfonts.com/products/ultimate-script-bundle-package-1183614
[2026-07-21T08:50:11Z] #469 attempt=1/2 status=404 0.273s url=https://www.myfonts.com/collections/ultimate-script-bundle-font-fontdroe
[2026-07-21T08:50:12Z] #470 attempt=1/2 status=200 0.445s url=https://www.myfonts.com/products/pesti-complete-family-package-1178434
[2026-07-21T08:50:12Z] #471 attempt=1/2 status=429 0.060s url=https://www.myfonts.com/collections/pesti-font-monovo/
[2026-07-21T08:50:15Z] #472 attempt=2/2 status=200 0.605s url=https://www.myfonts.com/collections/pesti-font-monovo/
[2026-07-21T08:50:16Z] #473 attempt=1/2 status=200 0.954s url=https://www.myfonts.com/products/cagront-soft-extracondensed-italic-cagront-serif-1178086
[2026-07-21T08:50:18Z] #474 attempt=1/2 status=200 1.185s url=https://www.myfonts.com/collections/cagront-serif-font-gian-studio/
[2026-07-21T08:50:20Z] #475 attempt=1/2 status=200 1.313s url=https://www.myfonts.com/products/bold-semi-expanded-kenisya-1177713
[2026-07-21T08:50:22Z] #476 attempt=1/2 status=200 2.230s url=https://www.myfonts.com/collections/kenisya-font-mordex-studio/
[2026-07-21T08:50:23Z] #477 attempt=1/2 status=200 0.400s url=https://www.myfonts.com/products/bold-finco-1180980
[2026-07-21T08:50:24Z] #478 attempt=1/2 status=200 0.402s url=https://www.myfonts.com/collections/finco-font-vuuuds/
[2026-07-21T08:50:24Z] #479 attempt=1/2 status=200 0.493s url=https://www.myfonts.com/products/extra-bold-italic-apn-chora-1178805
[2026-07-21T08:50:25Z] #480 attempt=1/2 status=200 0.522s url=https://www.myfonts.com/collections/apn-chora-font-alphabets-patrick-nell/
[2026-07-21T08:50:26Z] #481 attempt=1/2 status=200 0.671s url=https://www.myfonts.com/products/soft-semicondensed-italic-adoloen-1178040
[2026-07-21T08:50:27Z] #482 attempt=1/2 status=200 0.885s url=https://www.myfonts.com/collections/adoloen-font-gian-studio/
[2026-07-21T08:50:28Z] #483 attempt=1/2 status=200 0.431s url=https://www.myfonts.com/products/bold-crooked-morning-1178403
[2026-07-21T08:50:29Z] #484 attempt=1/2 status=200 0.479s url=https://www.myfonts.com/collections/crooked-morning-font-littlehand/
[2026-07-21T08:50:30Z] #485 attempt=1/2 status=200 0.591s url=https://www.myfonts.com/products/regular-caps-proscenium-brush-1177942
[2026-07-21T08:50:31Z] #486 attempt=1/2 status=200 0.826s url=https://www.myfonts.com/collections/proscenium-brush-font-wings-art-studio/
[2026-07-21T08:50:32Z] #487 attempt=1/6 status=200 0.854s url=https://www.myfonts.com/products.json?limit=100&page=16
[2026-07-21T08:50:33Z] #488 attempt=1/2 status=200 0.456s url=https://www.myfonts.com/products/italic-bakszen-crown-1178014
[2026-07-21T08:50:33Z] #489 attempt=1/2 status=200 0.433s url=https://www.myfonts.com/collections/bakszen-crown-font-timelesstype-studio/
[2026-07-21T08:50:34Z] #490 attempt=1/2 status=200 0.536s url=https://www.myfonts.com/products/bold-machine-gk-1177837
[2026-07-21T08:50:35Z] #491 attempt=1/2 status=200 0.693s url=https://www.myfonts.com/collections/machine-gk-font-blaze-type/
[2026-07-21T08:50:36Z] #492 attempt=1/2 status=200 0.485s url=https://www.myfonts.com/products/italic-blazing-furnace-pro-1178789
[2026-07-21T08:50:37Z] #493 attempt=1/2 status=200 0.509s url=https://www.myfonts.com/collections/blazing-furnace-pro-font-hanoded/
[2026-07-21T08:50:38Z] #494 attempt=1/2 status=200 0.544s url=https://www.myfonts.com/products/semi-bold-voltera-1177919
[2026-07-21T08:50:38Z] #495 attempt=1/2 status=200 0.750s url=https://www.myfonts.com/collections/voltera-font-vermilione/
[2026-07-21T08:50:39Z] #496 attempt=1/2 status=200 0.436s url=https://www.myfonts.com/products/italic-excite-brands-1178425
[2026-07-21T08:50:39Z] #497 attempt=1/2 status=429 0.068s url=https://www.myfonts.com/collections/excite-brands-font-timelesstype-studio/
[2026-07-21T08:50:42Z] #498 attempt=2/2 status=200 0.581s url=https://www.myfonts.com/collections/excite-brands-font-timelesstype-studio/
[2026-07-21T08:50:43Z] #499 attempt=1/2 status=200 0.517s url=https://www.myfonts.com/products/regular-vankis-1177764
[2026-07-21T08:50:44Z] #500 attempt=1/2 status=200 0.828s url=https://www.myfonts.com/collections/vankis-font-zeenesia-studio/
[2026-07-21T08:50:45Z] #501 attempt=1/2 status=200 0.414s url=https://www.myfonts.com/products/defensive-midfielder-complete-family-package-1179455
[2026-07-21T08:50:46Z] #502 attempt=1/2 status=200 0.481s url=https://www.myfonts.com/collections/defensive-midfielder-font-mevstory-studio/
[2026-07-21T08:50:46Z] #503 attempt=1/2 status=200 0.368s url=https://www.myfonts.com/products/fioltia-classica-complete-family-package-1181691
[2026-07-21T08:50:46Z] #504 attempt=1/2 status=429 0.050s url=https://www.myfonts.com/collections/fioltia-classica-font-tini-fitriani/
[2026-07-21T08:50:49Z] #505 attempt=2/2 status=200 0.561s url=https://www.myfonts.com/collections/fioltia-classica-font-tini-fitriani/
[2026-07-21T08:50:50Z] #506 attempt=1/2 status=200 0.414s url=https://www.myfonts.com/products/briarhill-complete-family-package-1180655
[2026-07-21T08:50:51Z] #507 attempt=1/2 status=200 0.439s url=https://www.myfonts.com/collections/briarhill-font-cocodesign/
[2026-07-21T08:50:51Z] #508 attempt=1/2 status=200 0.549s url=https://www.myfonts.com/products/bernadete-complete-family-package-1181320
[2026-07-21T08:50:52Z] #509 attempt=1/2 status=200 0.781s url=https://www.myfonts.com/collections/bernadete-font-gravitacional/
[2026-07-21T08:50:53Z] #510 attempt=1/2 status=200 0.420s url=https://www.myfonts.com/products/gastilo-complete-family-package-1180480
[2026-07-21T08:50:53Z] #511 attempt=1/2 status=429 0.045s url=https://www.myfonts.com/collections/gastilo-font-vermilione/
[2026-07-21T08:50:56Z] #512 attempt=2/2 status=200 0.441s url=https://www.myfonts.com/collections/gastilo-font-vermilione/
[2026-07-21T08:50:57Z] #513 attempt=1/2 status=200 0.444s url=https://www.myfonts.com/products/hs-sawsan-static-complete-family-package-1180691
[2026-07-21T08:50:58Z] #514 attempt=1/2 status=200 0.518s url=https://www.myfonts.com/collections/hs-sawsan-font-hiba-studio/
[2026-07-21T08:50:58Z] #515 attempt=1/2 status=200 0.477s url=https://www.myfonts.com/products/ingrida-complete-family-package-1182513
[2026-07-21T08:50:59Z] #516 attempt=1/2 status=200 0.592s url=https://www.myfonts.com/collections/ingrida-font-fontastica/
[2026-07-21T08:51:00Z] #517 attempt=1/2 status=200 0.386s url=https://www.myfonts.com/products/neba-complete-family-package-1180944
[2026-07-21T08:51:00Z] #518 attempt=1/2 status=429 0.050s url=https://www.myfonts.com/collections/neba-font-pandeka-studio/
[2026-07-21T08:51:03Z] #519 attempt=2/2 status=200 0.739s url=https://www.myfonts.com/collections/neba-font-pandeka-studio/
[2026-07-21T08:51:04Z] #520 attempt=1/2 status=200 0.447s url=https://www.myfonts.com/products/dirtoea-complete-family-package-1180943
[2026-07-21T08:51:04Z] #521 attempt=1/2 status=200 0.501s url=https://www.myfonts.com/collections/dirtoea-font-pandeka-studio/
[2026-07-21T08:51:05Z] #522 attempt=1/2 status=200 0.444s url=https://www.myfonts.com/products/dalanane-complete-family-package-1180961
[2026-07-21T08:51:06Z] #523 attempt=1/2 status=200 0.447s url=https://www.myfonts.com/collections/dalanane-font-mei-suseno/
[2026-07-21T08:51:07Z] #524 attempt=1/2 status=200 0.416s url=https://www.myfonts.com/products/friend-bestie-complete-family-package-1180969
[2026-07-21T08:51:07Z] #525 attempt=1/2 status=200 0.464s url=https://www.myfonts.com/collections/friend-bestie-font-collectype/
[2026-07-21T08:51:08Z] #526 attempt=1/2 status=200 0.434s url=https://www.myfonts.com/products/anymore-complete-family-package-1180559
[2026-07-21T08:51:08Z] #527 attempt=1/2 status=429 0.045s url=https://www.myfonts.com/collections/anymore-font-font-liner/
[2026-07-21T08:51:11Z] #528 attempt=2/2 status=200 0.641s url=https://www.myfonts.com/collections/anymore-font-font-liner/
[2026-07-21T08:51:12Z] #529 attempt=1/2 status=200 0.503s url=https://www.myfonts.com/products/suthope-enternity-complete-family-package-1179522
[2026-07-21T08:51:13Z] #530 attempt=1/2 status=200 0.416s url=https://www.myfonts.com/collections/suthope-enternity-font-dora-typefoundry/
[2026-07-21T08:51:14Z] #531 attempt=1/6 status=200 1.117s url=https://www.myfonts.com/products.json?limit=100&page=17
[2026-07-21T08:51:15Z] #532 attempt=1/2 status=200 0.354s url=https://www.myfonts.com/products/regular-vestara-1180982
[2026-07-21T08:51:15Z] #533 attempt=1/2 status=200 0.392s url=https://www.myfonts.com/collections/vestara-font-hipfonts/
[2026-07-21T08:51:16Z] #534 attempt=1/2 status=200 0.366s url=https://www.myfonts.com/products/script-luxury-romantic-1180964
[2026-07-21T08:51:17Z] #535 attempt=1/2 status=200 0.400s url=https://www.myfonts.com/collections/luxury-romantic-font-collectype/
[2026-07-21T08:51:17Z] #536 attempt=1/2 status=200 0.395s url=https://www.myfonts.com/products/regular-shorin-1180957
[2026-07-21T08:51:18Z] #537 attempt=1/2 status=200 0.452s url=https://www.myfonts.com/collections/shorin-font-jaruka-creative/
[2026-07-21T08:51:18Z] #538 attempt=1/2 status=429 0.062s url=https://www.myfonts.com/products/script-achilleus-1180965
[2026-07-21T08:51:21Z] #539 attempt=2/2 status=200 0.534s url=https://www.myfonts.com/products/script-achilleus-1180965
[2026-07-21T08:51:22Z] #540 attempt=1/2 status=200 0.360s url=https://www.myfonts.com/collections/achilleus-font-collectype/
[2026-07-21T08:51:22Z] #541 attempt=1/2 status=200 0.382s url=https://www.myfonts.com/products/rolarten-regular-rolarten-1180956
[2026-07-21T08:51:23Z] #542 attempt=1/2 status=200 0.370s url=https://www.myfonts.com/collections/rolarten-font-flawlessandco/
[2026-07-21T08:51:23Z] #543 attempt=1/2 status=200 0.332s url=https://www.myfonts.com/products/regular-pandalungan-1179483
[2026-07-21T08:51:24Z] #544 attempt=1/2 status=200 0.342s url=https://www.myfonts.com/collections/pandalungan-font-claymoon-lab-studio/
[2026-07-21T08:51:25Z] #545 attempt=1/6 status=200 0.828s url=https://www.myfonts.com/products.json?limit=100&page=18
[2026-07-21T08:51:26Z] #546 attempt=1/2 status=200 0.389s url=https://www.myfonts.com/products/regular-troned-1180960
[2026-07-21T08:51:26Z] #547 attempt=1/2 status=429 0.047s url=https://www.myfonts.com/collections/troned-font-jaruka-creative/
[2026-07-21T08:51:29Z] #548 attempt=2/2 status=200 0.400s url=https://www.myfonts.com/collections/troned-font-jaruka-creative/
[2026-07-21T08:51:30Z] #549 attempt=1/2 status=200 0.365s url=https://www.myfonts.com/products/luckies-regular-luckies-1180942
[2026-07-21T08:51:30Z] #550 attempt=1/2 status=200 0.385s url=https://www.myfonts.com/collections/luckies-font-flawlessandco/
[2026-07-21T08:51:32Z] #551 attempt=1/6 status=200 0.871s url=https://www.myfonts.com/products.json?limit=100&page=19
[2026-07-21T08:51:32Z] #552 attempt=1/2 status=200 0.360s url=https://www.myfonts.com/products/regular-wielgard-1180975
[2026-07-21T08:51:33Z] #553 attempt=1/2 status=200 0.363s url=https://www.myfonts.com/collections/wielgard-font-denustudio/
[2026-07-21T08:51:33Z] #554 attempt=1/2 status=200 0.323s url=https://www.myfonts.com/products/regular-chronicle-reign-1180973
[2026-07-21T08:51:34Z] #555 attempt=1/2 status=200 0.378s url=https://www.myfonts.com/collections/chronicle-reign-font-denustudio/
[2026-07-21T08:51:34Z] #556 attempt=1/2 status=429 0.038s url=https://www.myfonts.com/products/regular-bostaire-1179605
[2026-07-21T08:51:37Z] #557 attempt=2/2 status=200 0.434s url=https://www.myfonts.com/products/regular-bostaire-1179605
[2026-07-21T08:51:38Z] #558 attempt=1/2 status=200 0.428s url=https://www.myfonts.com/collections/bostaire-font-heinzel-std/
[2026-07-21T08:51:38Z] #559 attempt=1/2 status=200 0.367s url=https://www.myfonts.com/products/regular-duryan-mango-1179562
[2026-07-21T08:51:39Z] #560 attempt=1/2 status=200 0.487s url=https://www.myfonts.com/collections/duryan-mango-font-aisyah/
[2026-07-21T08:51:39Z] #561 attempt=1/2 status=200 0.365s url=https://www.myfonts.com/products/regular-void-briar-1180974
[2026-07-21T08:51:40Z] #562 attempt=1/2 status=200 0.371s url=https://www.myfonts.com/collections/void-briar-font-denustudio/
[2026-07-21T08:51:41Z] #563 attempt=1/6 status=200 0.829s url=https://www.myfonts.com/products.json?limit=100&page=20
[2026-07-21T08:51:42Z] #564 attempt=1/2 status=200 0.371s url=https://www.myfonts.com/products/regular-clatine-1180955
[2026-07-21T08:51:42Z] #565 attempt=1/2 status=429 0.048s url=https://www.myfonts.com/collections/clatine-font-habitype/
[2026-07-21T08:51:45Z] #566 attempt=2/2 status=200 0.426s url=https://www.myfonts.com/collections/clatine-font-habitype/
[2026-07-21T08:51:47Z] #567 attempt=1/6 status=200 0.973s url=https://www.myfonts.com/products.json?limit=100&page=21
[2026-07-21T08:51:47Z] #568 attempt=1/2 status=200 0.330s url=https://www.myfonts.com/products/regular-nordic-queen-1180983
[2026-07-21T08:51:48Z] #569 attempt=1/2 status=200 0.384s url=https://www.myfonts.com/collections/nordic-queen-font-hipfonts/
[2026-07-21T08:51:49Z] #570 attempt=1/6 status=200 0.828s url=https://www.myfonts.com/products.json?limit=100&page=22
[2026-07-21T08:51:50Z] #571 attempt=1/2 status=200 0.361s url=https://www.myfonts.com/products/regular-cortiga-1180652
[2026-07-21T08:51:50Z] #572 attempt=1/2 status=200 0.424s url=https://www.myfonts.com/collections/cortiga-font-bimaksara/
[2026-07-21T08:51:51Z] #573 attempt=1/2 status=200 0.414s url=https://www.myfonts.com/products/linkehand-pro-complete-family-package-327647
[2026-07-21T08:51:52Z] #574 attempt=1/2 status=200 0.407s url=https://www.myfonts.com/collections/linkehand-pro-font-oliver-linke/
[2026-07-21T08:51:52Z] #575 attempt=1/2 status=200 0.380s url=https://www.myfonts.com/products/bold-linkehand-pro-327649
[2026-07-21T08:51:52Z] #576 attempt=1/2 status=429 0.030s url=https://www.myfonts.com/collections/linkehand-pro-font-oliver-linke/
[2026-07-21T08:51:55Z] #577 attempt=2/2 status=200 0.491s url=https://www.myfonts.com/collections/linkehand-pro-font-oliver-linke/
[2026-07-21T08:51:56Z] #578 attempt=1/2 status=200 0.420s url=https://www.myfonts.com/products/regular-linkehand-pro-327648
[2026-07-21T08:51:57Z] #579 attempt=1/2 status=200 0.527s url=https://www.myfonts.com/collections/linkehand-pro-font-oliver-linke/
[2026-07-21T08:51:57Z] #580 attempt=1/2 status=200 0.399s url=https://www.myfonts.com/products/italic-black-hustle-1179530
[2026-07-21T08:51:58Z] #581 attempt=1/2 status=200 0.460s url=https://www.myfonts.com/collections/black-hustle-font-dora-typefoundry/
[2026-07-21T08:51:59Z] #582 attempt=1/2 status=200 0.465s url=https://www.myfonts.com/products/essential-pragmata-pro-complete-family-package-1181697
[2026-07-21T08:51:59Z] #583 attempt=1/2 status=200 0.431s url=https://www.myfonts.com/collections/essential-pragmata-pro-font-fsd/
[2026-07-21T08:52:00Z] #584 attempt=1/2 status=200 0.490s url=https://www.myfonts.com/products/gastic-complete-family-package-1178420
[2026-07-21T08:52:00Z] #585 attempt=1/2 status=429 0.092s url=https://www.myfonts.com/collections/gastic-font-timelesstype-studio/
[2026-07-21T08:52:03Z] #586 attempt=2/2 status=200 0.507s url=https://www.myfonts.com/collections/gastic-font-timelesstype-studio/
[2026-07-21T08:52:04Z] #587 attempt=1/2 status=200 0.489s url=https://www.myfonts.com/products/nutra-complete-family-package-1178411
[2026-07-21T08:52:05Z] #588 attempt=1/2 status=200 0.520s url=https://www.myfonts.com/collections/nutra-font-habitype/
[2026-07-21T08:52:05Z] #589 attempt=1/2 status=200 0.415s url=https://www.myfonts.com/products/sagemount-complete-family-package-1178406
[2026-07-21T08:52:06Z] #590 attempt=1/2 status=200 0.528s url=https://www.myfonts.com/collections/sagemount-font-sixtype-foundry/
[2026-07-21T08:52:07Z] #591 attempt=1/2 status=200 0.368s url=https://www.myfonts.com/products/oligierky-complete-family-package-1179511
[2026-07-21T08:52:07Z] #592 attempt=1/2 status=200 0.439s url=https://www.myfonts.com/collections/oligierky-font-timelesstype-studio/
[2026-07-21T08:52:08Z] #593 attempt=1/2 status=200 0.371s url=https://www.myfonts.com/products/davincy-jarkol-complete-family-package-1179630
[2026-07-21T08:52:08Z] #594 attempt=1/2 status=429 0.055s url=https://www.myfonts.com/collections/davincy-jarkol-font-stylishtype-studio/
[2026-07-21T08:52:11Z] #595 attempt=2/2 status=200 0.540s url=https://www.myfonts.com/collections/davincy-jarkol-font-stylishtype-studio/
[2026-07-21T08:52:12Z] #596 attempt=1/2 status=200 0.398s url=https://www.myfonts.com/products/quiet-story-complete-family-package-1178398
[2026-07-21T08:52:12Z] #597 attempt=1/2 status=200 0.411s url=https://www.myfonts.com/collections/quiet-story-font-letterhend/
[2026-07-21T08:52:13Z] #598 attempt=1/2 status=200 0.372s url=https://www.myfonts.com/products/filagio-complete-family-package-1179218
[2026-07-21T08:52:14Z] #599 attempt=1/2 status=200 0.415s url=https://www.myfonts.com/collections/filagio-font-font-liner/
[2026-07-21T08:52:14Z] #600 attempt=1/2 status=200 0.368s url=https://www.myfonts.com/products/milctey-complete-family-package-1179215
[2026-07-21T08:52:15Z] #601 attempt=1/2 status=200 0.464s url=https://www.myfonts.com/collections/milctey-font-agung-sudirman/
[2026-07-21T08:52:15Z] #602 attempt=1/2 status=429 0.048s url=https://www.myfonts.com/products/mexi-gantiko-complete-family-package-1178579
[2026-07-21T08:52:18Z] #603 attempt=2/2 status=200 0.532s url=https://www.myfonts.com/products/mexi-gantiko-complete-family-package-1178579
[2026-07-21T08:52:19Z] #604 attempt=1/2 status=200 0.430s url=https://www.myfonts.com/collections/mexi-gantiko-font-timelesstype-studio/
[2026-07-21T08:52:19Z] #605 attempt=1/2 status=200 0.363s url=https://www.myfonts.com/products/loadspeaky-absolute-complete-family-package-1178394
[2026-07-21T08:52:20Z] #606 attempt=1/2 status=200 0.443s url=https://www.myfonts.com/collections/loadspeaky-absolute-font-stylishtype-studio/
[2026-07-21T08:52:21Z] #607 attempt=1/2 status=200 0.466s url=https://www.myfonts.com/products/gagiko-complete-family-package-1179597
[2026-07-21T08:52:21Z] #608 attempt=1/2 status=200 0.512s url=https://www.myfonts.com/collections/gagiko-font-heavyrain/
[2026-07-21T08:52:22Z] #609 attempt=1/2 status=200 0.508s url=https://www.myfonts.com/products/deadspace-complete-family-package-1178171
[2026-07-21T08:52:23Z] #610 attempt=1/2 status=429 0.085s url=https://www.myfonts.com/collections/deadspace-font-tension-type/
[2026-07-21T08:52:25Z] #611 attempt=2/2 status=200 0.492s url=https://www.myfonts.com/collections/deadspace-font-tension-type/
[2026-07-21T08:52:26Z] #612 attempt=1/2 status=200 0.412s url=https://www.myfonts.com/products/axiom-bizer-complete-family-package-1178575
[2026-07-21T08:52:27Z] #613 attempt=1/2 status=200 0.451s url=https://www.myfonts.com/collections/axiom-bizer-font-timelesstype-studio/
[2026-07-21T08:52:27Z] #614 attempt=1/2 status=200 0.456s url=https://www.myfonts.com/products/slober-complete-family-package-1179592
[2026-07-21T08:52:28Z] #615 attempt=1/2 status=200 0.396s url=https://www.myfonts.com/collections/slober-font-bale-type/
[2026-07-21T08:52:29Z] #616 attempt=1/2 status=200 0.496s url=https://www.myfonts.com/products/intonare-oblique-light-regular-and-bold-package-1178170
[2026-07-21T08:52:30Z] #617 attempt=1/2 status=200 0.748s url=https://www.myfonts.com/collections/intonare-font-applied-systems-design-studio/
[2026-07-21T08:52:31Z] #618 attempt=1/2 status=200 0.516s url=https://www.myfonts.com/products/hafunten-complete-family-package-1178375
[2026-07-21T08:52:31Z] #619 attempt=1/2 status=200 0.681s url=https://www.myfonts.com/collections/hafunten-font-owl-king-project/
[2026-07-21T08:52:32Z] #620 attempt=1/2 status=200 0.349s url=https://www.myfonts.com/products/fonca-complete-family-package-1179570
[2026-07-21T08:52:32Z] #621 attempt=1/2 status=429 0.049s url=https://www.myfonts.com/collections/fonca-font-qweera-studio/
[2026-07-21T08:52:35Z] #622 attempt=2/2 status=200 0.524s url=https://www.myfonts.com/collections/fonca-font-qweera-studio/
[2026-07-21T08:52:36Z] #623 attempt=1/2 status=200 0.392s url=https://www.myfonts.com/products/stunco-complete-family-package-1179207
[2026-07-21T08:52:36Z] #624 attempt=1/2 status=200 0.397s url=https://www.myfonts.com/collections/stunco-font-tini-fitriani/
[2026-07-21T08:52:37Z] #625 attempt=1/2 status=200 0.364s url=https://www.myfonts.com/products/kindage-complete-family-package-1179201
[2026-07-21T08:52:38Z] #626 attempt=1/2 status=200 0.396s url=https://www.myfonts.com/collections/kindage-font-timelesstype-studio/
[2026-07-21T08:52:38Z] #627 attempt=1/2 status=200 0.395s url=https://www.myfonts.com/products/margoe-complete-family-package-1179567
[2026-07-21T08:52:39Z] #628 attempt=1/2 status=200 0.399s url=https://www.myfonts.com/collections/margoe-font-qweera-studio/
[2026-07-21T08:52:39Z] #629 attempt=1/2 status=429 0.033s url=https://www.myfonts.com/products/charzio-geez-complete-family-package-1179197
[2026-07-21T08:52:42Z] #630 attempt=2/2 status=200 0.502s url=https://www.myfonts.com/products/charzio-geez-complete-family-package-1179197
[2026-07-21T08:52:43Z] #631 attempt=1/2 status=200 0.444s url=https://www.myfonts.com/collections/charzio-geez-font-black-junst/
[2026-07-21T08:52:43Z] #632 attempt=1/2 status=200 0.471s url=https://www.myfonts.com/products/biscuits-and-spam-pro-complete-family-package-1178784
[2026-07-21T08:52:44Z] #633 attempt=1/2 status=200 0.437s url=https://www.myfonts.com/collections/biscuits-and-spam-pro-font-hanoded/
[2026-07-21T08:52:45Z] #634 attempt=1/6 status=200 0.874s url=https://www.myfonts.com/products.json?limit=100&page=23
[2026-07-21T08:52:46Z] #635 attempt=1/2 status=200 0.426s url=https://www.myfonts.com/products/gellatio-complete-family-package-1178129
[2026-07-21T08:52:47Z] #636 attempt=1/2 status=200 0.506s url=https://www.myfonts.com/collections/gellatio-font-din-studio/
[2026-07-21T08:52:48Z] #637 attempt=1/2 status=200 0.449s url=https://www.myfonts.com/products/sisterhood-complete-family-package-1178127
[2026-07-21T08:52:48Z] #638 attempt=1/2 status=200 0.535s url=https://www.myfonts.com/collections/sisterhood-font-din-studio/
[2026-07-21T08:52:49Z] #639 attempt=1/2 status=200 0.389s url=https://www.myfonts.com/products/sakyena-complete-family-package-1179543
[2026-07-21T08:52:49Z] #640 attempt=1/2 status=429 0.052s url=https://www.myfonts.com/collections/sakyena-font-typeclassheroes/
[2026-07-21T08:52:52Z] #641 attempt=2/2 status=200 0.433s url=https://www.myfonts.com/collections/sakyena-font-typeclassheroes/
[2026-07-21T08:52:53Z] #642 attempt=1/2 status=200 0.410s url=https://www.myfonts.com/products/sorella-coast-complete-family-package-1178430
[2026-07-21T08:52:53Z] #643 attempt=1/2 status=200 0.442s url=https://www.myfonts.com/collections/sorella-coast-font-cocodesign/
[2026-07-21T08:52:54Z] #644 attempt=1/2 status=200 0.548s url=https://www.myfonts.com/products/equipage-pro-complete-family-package-1178675
[2026-07-21T08:52:55Z] #645 attempt=1/2 status=200 0.450s url=https://www.myfonts.com/collections/equipage-pro-font-hanoded/
[2026-07-21T08:52:55Z] #646 attempt=1/2 status=200 0.341s url=https://www.myfonts.com/products/qulicken-thopan-complete-family-package-1179535
[2026-07-21T08:52:56Z] #647 attempt=1/2 status=200 0.424s url=https://www.myfonts.com/collections/qulicken-thopan-font-dora-typefoundry/
[2026-07-21T08:52:56Z] #648 attempt=1/2 status=429 0.035s url=https://www.myfonts.com/products/headlight-blue-pro-complete-family-package-1178670
[2026-07-21T08:52:59Z] #649 attempt=2/2 status=200 0.529s url=https://www.myfonts.com/products/headlight-blue-pro-complete-family-package-1178670
[2026-07-21T08:53:00Z] #650 attempt=1/2 status=200 0.521s url=https://www.myfonts.com/collections/headlight-blue-pro-font-hanoded/
[2026-07-21T08:53:01Z] #651 attempt=1/2 status=200 0.523s url=https://www.myfonts.com/products/tazugane-gothic-complete-family-package-1181698
[2026-07-21T08:53:01Z] #652 attempt=1/2 status=200 0.615s url=https://www.myfonts.com/collections/tazugane-gothic-font-monotype-imaging/
[2026-07-21T08:53:02Z] #653 attempt=1/2 status=200 0.439s url=https://www.myfonts.com/products/pantoufle-pro-complete-family-package-1178667
[2026-07-21T08:53:02Z] #654 attempt=1/2 status=429 0.060s url=https://www.myfonts.com/collections/pantoufle-pro-font-hanoded/
[2026-07-21T08:53:05Z] #655 attempt=2/2 status=200 0.600s url=https://www.myfonts.com/collections/pantoufle-pro-font-hanoded/
[2026-07-21T08:53:06Z] #656 attempt=1/2 status=200 0.414s url=https://www.myfonts.com/products/regular-bloodclaw-1179518
[2026-07-21T08:53:07Z] #657 attempt=1/2 status=200 0.447s url=https://www.myfonts.com/collections/bloodclaw-font-letterhanna-studio/
[2026-07-21T08:53:08Z] #658 attempt=1/6 status=200 0.832s url=https://www.myfonts.com/products.json?limit=100&page=24
[2026-07-21T08:53:09Z] #659 attempt=1/2 status=200 0.488s url=https://www.myfonts.com/products/regular-scota-1179517
[2026-07-21T08:53:10Z] #660 attempt=1/2 status=200 0.590s url=https://www.myfonts.com/collections/scota-font-limitype/
[2026-07-21T08:53:10Z] #661 attempt=1/2 status=200 0.514s url=https://www.myfonts.com/products/regular-mn-thalmera-1179576
[2026-07-21T08:53:11Z] #662 attempt=1/2 status=200 0.493s url=https://www.myfonts.com/collections/mn-thalmera-font-mantra-naga-studio/
[2026-07-21T08:53:12Z] #663 attempt=1/2 status=200 0.401s url=https://www.myfonts.com/products/regular-syailine-sweet-monogram-1179460
[2026-07-21T08:53:12Z] #664 attempt=1/2 status=200 0.472s url=https://www.myfonts.com/collections/syailine-sweet-monogram-font-yoga-letter/
[2026-07-21T08:53:13Z] #665 attempt=1/2 status=200 0.469s url=https://www.myfonts.com/products/regular-benjo-1179510
[2026-07-21T08:53:13Z] #666 attempt=1/2 status=429 0.138s url=https://www.myfonts.com/collections/benjo-font-habitype/
[2026-07-21T08:53:16Z] #667 attempt=2/2 status=200 0.548s url=https://www.myfonts.com/collections/benjo-font-habitype/
[2026-07-21T08:53:18Z] #668 attempt=1/6 status=200 0.775s url=https://www.myfonts.com/products.json?limit=100&page=25
[2026-07-21T08:53:18Z] #669 attempt=1/2 status=200 0.382s url=https://www.myfonts.com/products/regular-manning-moderne-1179426
[2026-07-21T08:53:19Z] #670 attempt=1/2 status=200 0.371s url=https://www.myfonts.com/collections/manning-moderne-font-the-ampersand-forest/
[2026-07-21T08:53:19Z] #671 attempt=1/2 status=200 0.380s url=https://www.myfonts.com/products/regular-shaken-nedsul-1179509
[2026-07-21T08:53:20Z] #672 attempt=1/2 status=200 0.355s url=https://www.myfonts.com/collections/shaken-nedsul-font-madjack-font/
[2026-07-21T08:53:21Z] #673 attempt=1/2 status=200 0.392s url=https://www.myfonts.com/products/regular-sackline-1179508
[2026-07-21T08:53:21Z] #674 attempt=1/2 status=200 0.402s url=https://www.myfonts.com/collections/sackline-font-sealoung/
[2026-07-21T08:53:22Z] #675 attempt=1/2 status=200 0.374s url=https://www.myfonts.com/products/regular-kalya-malya-1179484
[2026-07-21T08:53:22Z] #676 attempt=1/2 status=429 0.069s url=https://www.myfonts.com/collections/kalya-malya-font-okshutypeco/
[2026-07-21T08:53:25Z] #677 attempt=2/2 status=200 0.480s url=https://www.myfonts.com/collections/kalya-malya-font-okshutypeco/
[2026-07-21T08:53:26Z] #678 attempt=1/2 status=200 0.350s url=https://www.myfonts.com/products/regular-belash-1179454
[2026-07-21T08:53:26Z] #679 attempt=1/2 status=200 0.373s url=https://www.myfonts.com/collections/belash-font-drizy-font/
[2026-07-21T08:53:26Z] summary releases=120 first_429=(288, 'https://www.myfonts.com/collections/murisa-mikano-font-murisa-studio/?tab=techSpecs', 0.056046485900878906) log_file=state/myfonts_run_20260721_084029.log
[2026-07-21T08:53:26Z] === MyFonts crawl end ===
