[2026-08-06T08:48:55Z] checkpoint fresh next_page=1 path=state/myfonts_crawl_checkpoint.json
[2026-08-06T08:48:55Z] === MyFonts crawl start source=myfonts ===
[2026-08-06T08:48:55Z] config max_pages=25 page_size=100 start_date=2026-08-05 end_date=2026-08-06 api_delay=0.5s detail_delay=0.2s max_debut_checks=400 max_tech_specs_checks=200 reuse_success_profile=False always_enrich_packages=True language_script_signal_mode=strong force_fresh_run=False start_page=1 browser_mode=False browser_headless=True browser_storage_state_path=state/myfonts_storage_state.json
[2026-08-06T08:48:57Z] #1 attempt=1/6 status=200 1.489s url=https://www.myfonts.com/products.json?limit=100&page=1
[2026-08-06T08:48:58Z] #2 attempt=1/2 status=200 0.407s url=https://www.myfonts.com/products/astrum-heart-complete-package-320134
[2026-08-06T08:48:59Z] #3 attempt=1/2 status=200 0.376s url=https://www.myfonts.com/collections/astrum-heart-font-fontex/
[2026-08-06T08:48:59Z] #4 attempt=1/2 status=200 0.184s url=https://www.myfonts.com/collections/astrum-heart-font-fontex/?tab=techSpecs
[2026-08-06T08:49:00Z] #5 attempt=1/2 status=200 0.544s url=https://www.myfonts.com/products/boos-complete-package-318962
[2026-08-06T08:49:01Z] #6 attempt=1/2 status=200 0.643s url=https://www.myfonts.com/collections/boos-font-fontex/
[2026-08-06T08:49:02Z] #7 attempt=1/2 status=200 0.178s url=https://www.myfonts.com/collections/boos-font-fontex/?tab=techSpecs
[2026-08-06T08:49:03Z] #8 attempt=1/2 status=200 0.546s url=https://www.myfonts.com/products/brillian-complete-package-318459
[2026-08-06T08:49:04Z] #9 attempt=1/2 status=200 0.912s url=https://www.myfonts.com/collections/brillian-font-fontex/
[2026-08-06T08:49:05Z] #10 attempt=1/2 status=200 0.600s url=https://www.myfonts.com/collections/brillian-font-fontex/?tab=techSpecs
[2026-08-06T08:49:06Z] #11 attempt=1/2 status=200 0.355s url=https://www.myfonts.com/products/brillian-greek-complete-package-318475
[2026-08-06T08:49:06Z] #12 attempt=1/2 status=200 0.193s url=https://www.myfonts.com/collections/brillian-font-fontex/
[2026-08-06T08:49:07Z] #13 attempt=1/2 status=200 0.185s url=https://www.myfonts.com/collections/brillian-font-fontex/?tab=techSpecs
[2026-08-06T08:49:08Z] #14 attempt=1/2 status=200 0.471s url=https://www.myfonts.com/products/astrum-latin-family-package-320932
[2026-08-06T08:49:09Z] #15 attempt=1/2 status=200 0.524s url=https://www.myfonts.com/collections/astrum-font-fontex/
[2026-08-06T08:49:09Z] #16 attempt=1/2 status=200 0.187s url=https://www.myfonts.com/collections/astrum-font-fontex/?tab=techSpecs
[2026-08-06T08:49:10Z] #17 attempt=1/2 status=200 0.418s url=https://www.myfonts.com/products/brillian-latin-complete-package-318449
[2026-08-06T08:49:11Z] #18 attempt=1/2 status=200 0.194s url=https://www.myfonts.com/collections/brillian-font-fontex/
[2026-08-06T08:49:12Z] #19 attempt=1/2 status=200 0.604s url=https://www.myfonts.com/collections/brillian-font-fontex/?tab=techSpecs
[2026-08-06T08:49:13Z] #20 attempt=1/2 status=200 0.451s url=https://www.myfonts.com/products/brillian-cyrillic-complete-package-318439
[2026-08-06T08:49:13Z] #21 attempt=1/2 status=200 0.182s url=https://www.myfonts.com/collections/brillian-font-fontex/
[2026-08-06T08:49:14Z] #22 attempt=1/2 status=200 0.187s url=https://www.myfonts.com/collections/brillian-font-fontex/?tab=techSpecs
[2026-08-06T08:49:15Z] #23 attempt=1/2 status=200 0.353s url=https://www.myfonts.com/products/ajsha-family-package-319315
[2026-08-06T08:49:16Z] #24 attempt=1/2 status=200 0.410s url=https://www.myfonts.com/collections/ajsha-light-font-fontex/
[2026-08-06T08:49:16Z] #25 attempt=1/2 status=200 0.396s url=https://www.myfonts.com/collections/ajsha-light-font-fontex/?tab=techSpecs
[2026-08-06T08:49:17Z] #26 attempt=1/2 status=200 0.375s url=https://www.myfonts.com/products/cyrll-cond-light-brillian-318470
[2026-08-06T08:49:18Z] #27 attempt=1/2 status=200 0.193s url=https://www.myfonts.com/collections/brillian-font-fontex/
[2026-08-06T08:49:18Z] #28 attempt=1/2 status=200 0.229s url=https://www.myfonts.com/collections/brillian-font-fontex/?tab=techSpecs
[2026-08-06T08:49:19Z] #29 attempt=1/2 status=200 0.412s url=https://www.myfonts.com/products/mod-bold-boos-318930
[2026-08-06T08:49:20Z] #30 attempt=1/2 status=200 0.196s url=https://www.myfonts.com/collections/boos-font-fontex/
[2026-08-06T08:49:21Z] #31 attempt=1/2 status=200 0.468s url=https://www.myfonts.com/collections/boos-font-fontex/?tab=techSpecs
[2026-08-06T08:49:22Z] #32 attempt=1/2 status=200 0.406s url=https://www.myfonts.com/products/mod-black-boos-318925
[2026-08-06T08:49:23Z] #33 attempt=1/2 status=200 0.597s url=https://www.myfonts.com/collections/boos-font-fontex/
[2026-08-06T08:49:23Z] #34 attempt=1/2 status=200 0.176s url=https://www.myfonts.com/collections/boos-font-fontex/?tab=techSpecs
[2026-08-06T08:49:24Z] #35 attempt=1/2 status=200 0.415s url=https://www.myfonts.com/products/serb-cond-light-brillian-318506
[2026-08-06T08:49:25Z] #36 attempt=1/2 status=200 0.204s url=https://www.myfonts.com/collections/brillian-font-fontex/
[2026-08-06T08:49:25Z] #37 attempt=1/2 status=200 0.188s url=https://www.myfonts.com/collections/brillian-font-fontex/?tab=techSpecs
[2026-08-06T08:49:26Z] #38 attempt=1/2 status=200 0.314s url=https://www.myfonts.com/products/medium-ajsha-light-319308
[2026-08-06T08:49:27Z] #39 attempt=1/2 status=200 0.392s url=https://www.myfonts.com/collections/ajsha-light-font-fontex/
[2026-08-06T08:49:27Z] #40 attempt=1/2 status=200 0.204s url=https://www.myfonts.com/collections/ajsha-light-font-fontex/?tab=techSpecs
[2026-08-06T08:49:28Z] #41 attempt=1/2 status=200 0.441s url=https://www.myfonts.com/products/latin-cond-light-brillian-318454
[2026-08-06T08:49:29Z] #42 attempt=1/2 status=200 0.205s url=https://www.myfonts.com/collections/brillian-font-fontex/
[2026-08-06T08:49:29Z] #43 attempt=1/2 status=200 0.203s url=https://www.myfonts.com/collections/brillian-font-fontex/?tab=techSpecs
[2026-08-06T08:49:30Z] #44 attempt=1/2 status=200 0.340s url=https://www.myfonts.com/products/latin-exp-med-brillian-318483
[2026-08-06T08:49:31Z] #45 attempt=1/2 status=200 0.195s url=https://www.myfonts.com/collections/brillian-font-fontex/
[2026-08-06T08:49:31Z] #46 attempt=1/2 status=200 0.194s url=https://www.myfonts.com/collections/brillian-font-fontex/?tab=techSpecs
[2026-08-06T08:49:32Z] #47 attempt=1/2 status=200 0.376s url=https://www.myfonts.com/products/greek-exp-med-brillian-318494
[2026-08-06T08:49:33Z] #48 attempt=1/2 status=200 0.204s url=https://www.myfonts.com/collections/brillian-font-fontex/
[2026-08-06T08:49:33Z] #49 attempt=1/2 status=200 0.219s url=https://www.myfonts.com/collections/brillian-font-fontex/?tab=techSpecs
[2026-08-06T08:49:34Z] #50 attempt=1/2 status=200 0.333s url=https://www.myfonts.com/products/small-bold-astrum-320952
[2026-08-06T08:49:35Z] #51 attempt=1/2 status=200 0.672s url=https://www.myfonts.com/collections/astrum-font-fontex/
[2026-08-06T08:49:36Z] #52 attempt=1/2 status=200 0.203s url=https://www.myfonts.com/collections/astrum-font-fontex/?tab=techSpecs
[2026-08-06T08:49:37Z] #53 attempt=1/2 status=200 0.339s url=https://www.myfonts.com/products/cyrll-exp-med-brillian-318444
[2026-08-06T08:49:37Z] #54 attempt=1/2 status=200 0.211s url=https://www.myfonts.com/collections/brillian-font-fontex/
[2026-08-06T08:49:38Z] #55 attempt=1/2 status=200 0.201s url=https://www.myfonts.com/collections/brillian-font-fontex/?tab=techSpecs
[2026-08-06T08:49:39Z] #56 attempt=1/2 status=200 0.345s url=https://www.myfonts.com/products/cyrll-cond-reg-brillian-318436
[2026-08-06T08:49:39Z] #57 attempt=1/2 status=200 0.227s url=https://www.myfonts.com/collections/brillian-font-fontex/
[2026-08-06T08:49:40Z] #58 attempt=1/2 status=200 0.217s url=https://www.myfonts.com/collections/brillian-font-fontex/?tab=techSpecs
[2026-08-06T08:49:41Z] #59 attempt=1/2 status=200 0.296s url=https://www.myfonts.com/products/light-ajsha-light-319313
[2026-08-06T08:49:41Z] #60 attempt=1/2 status=200 0.196s url=https://www.myfonts.com/collections/ajsha-light-font-fontex/
[2026-08-06T08:49:42Z] #61 attempt=1/2 status=200 0.224s url=https://www.myfonts.com/collections/ajsha-light-font-fontex/?tab=techSpecs
[2026-08-06T08:49:43Z] #62 attempt=1/2 status=200 0.342s url=https://www.myfonts.com/products/cond-bold-boos-318950
[2026-08-06T08:49:43Z] #63 attempt=1/2 status=200 0.210s url=https://www.myfonts.com/collections/boos-font-fontex/
[2026-08-06T08:49:43Z] #64 attempt=1/2 status=429 0.024s url=https://www.myfonts.com/collections/boos-font-fontex/?tab=techSpecs
[2026-08-06T08:49:43Z] first_429 req=64 url=https://www.myfonts.com/collections/boos-font-fontex/?tab=techSpecs
[2026-08-06T08:49:46Z] #65 attempt=2/2 status=200 0.327s url=https://www.myfonts.com/collections/boos-font-fontex/?tab=techSpecs
[2026-08-06T08:49:47Z] #66 attempt=1/2 status=429 0.022s url=https://www.myfonts.com/products/cyrillic-regular-astrum-320919
[2026-08-06T08:49:49Z] #67 attempt=2/2 status=429 0.072s url=https://www.myfonts.com/products/cyrillic-regular-astrum-320919
[2026-08-06T08:49:54Z] max_retries_exhausted url=https://www.myfonts.com/products/cyrillic-regular-astrum-320919
[2026-08-06T08:49:54Z] #68 attempt=1/2 status=429 0.069s url=https://www.myfonts.com/collections/cyrillic-regular-astrum-320919-font-fontex
[2026-08-06T08:49:57Z] #69 attempt=2/2 status=429 0.152s url=https://www.myfonts.com/collections/cyrillic-regular-astrum-320919-font-fontex
[2026-08-06T08:50:02Z] max_retries_exhausted url=https://www.myfonts.com/collections/cyrillic-regular-astrum-320919-font-fontex
[2026-08-06T08:50:02Z] #70 attempt=1/2 status=200 0.527s url=https://www.myfonts.com/products/cond-med-boos-318946
[2026-08-06T08:50:03Z] #71 attempt=1/2 status=200 0.202s url=https://www.myfonts.com/collections/boos-font-fontex/
[2026-08-06T08:50:03Z] #72 attempt=1/2 status=200 0.368s url=https://www.myfonts.com/products/mod-light-boos-318979
[2026-08-06T08:50:04Z] #73 attempt=1/2 status=200 0.196s url=https://www.myfonts.com/collections/boos-font-fontex/
[2026-08-06T08:50:04Z] #74 attempt=1/2 status=429 0.025s url=https://www.myfonts.com/products/cond-black-boos-318921
[2026-08-06T08:50:07Z] #75 attempt=2/2 status=200 0.410s url=https://www.myfonts.com/products/cond-black-boos-318921
[2026-08-06T08:50:07Z] #76 attempt=1/2 status=200 0.195s url=https://www.myfonts.com/collections/boos-font-fontex/
[2026-08-06T08:50:08Z] #77 attempt=1/2 status=200 0.321s url=https://www.myfonts.com/products/small-light-astrum-320947
[2026-08-06T08:50:08Z] #78 attempt=1/2 status=200 0.183s url=https://www.myfonts.com/collections/astrum-font-fontex/
[2026-08-06T08:50:08Z] #79 attempt=1/2 status=429 0.022s url=https://www.myfonts.com/products/cyrillic-small-regular-astrum-320978
[2026-08-06T08:50:11Z] #80 attempt=2/2 status=200 0.522s url=https://www.myfonts.com/products/cyrillic-small-regular-astrum-320978
[2026-08-06T08:50:12Z] #81 attempt=1/2 status=200 0.198s url=https://www.myfonts.com/collections/astrum-font-fontex/
[2026-08-06T08:50:12Z] #82 attempt=1/2 status=200 0.323s url=https://www.myfonts.com/products/mod-med-boos-318965
[2026-08-06T08:50:13Z] #83 attempt=1/2 status=200 0.185s url=https://www.myfonts.com/collections/boos-font-fontex/
[2026-08-06T08:50:13Z] #84 attempt=1/2 status=200 0.442s url=https://www.myfonts.com/products/regular-astrum-320937
[2026-08-06T08:50:14Z] #85 attempt=1/2 status=200 0.176s url=https://www.myfonts.com/collections/astrum-font-fontex/
[2026-08-06T08:50:14Z] #86 attempt=1/2 status=429 0.022s url=https://www.myfonts.com/products/small-regular-astrum-320957
[2026-08-06T08:50:17Z] #87 attempt=2/2 status=200 0.450s url=https://www.myfonts.com/products/small-regular-astrum-320957
[2026-08-06T08:50:17Z] #88 attempt=1/2 status=200 0.485s url=https://www.myfonts.com/collections/astrum-font-fontex/
[2026-08-06T08:50:18Z] #89 attempt=1/2 status=200 0.379s url=https://www.myfonts.com/products/greek-reg-brillian-318499
[2026-08-06T08:50:18Z] #90 attempt=1/2 status=200 0.190s url=https://www.myfonts.com/collections/brillian-font-fontex/
[2026-08-06T08:50:19Z] #91 attempt=1/2 status=200 0.346s url=https://www.myfonts.com/products/cyrillic-small-light-astrum-320968
[2026-08-06T08:50:19Z] #92 attempt=1/2 status=429 0.024s url=https://www.myfonts.com/collections/astrum-font-fontex/
[2026-08-06T08:50:22Z] #93 attempt=2/2 status=200 0.343s url=https://www.myfonts.com/collections/astrum-font-fontex/
[2026-08-06T08:50:23Z] #94 attempt=1/2 status=200 0.379s url=https://www.myfonts.com/products/cyrillic-small-bold-astrum-320917
[2026-08-06T08:50:23Z] #95 attempt=1/2 status=200 0.185s url=https://www.myfonts.com/collections/astrum-font-fontex/
[2026-08-06T08:50:24Z] #96 attempt=1/2 status=200 0.382s url=https://www.myfonts.com/products/regular-astrum-heart-320124
[2026-08-06T08:50:24Z] #97 attempt=1/2 status=200 0.384s url=https://www.myfonts.com/collections/astrum-heart-font-fontex/
[2026-08-06T08:50:25Z] #98 attempt=1/2 status=200 0.385s url=https://www.myfonts.com/products/medium-boos-318940
[2026-08-06T08:50:25Z] #99 attempt=1/2 status=200 0.216s url=https://www.myfonts.com/collections/boos-font-fontex/
[2026-08-06T08:50:26Z] #100 attempt=1/2 status=429 0.028s url=https://www.myfonts.com/products/light-astrum-320942
[2026-08-06T08:50:28Z] #101 attempt=2/2 status=200 0.365s url=https://www.myfonts.com/products/light-astrum-320942
[2026-08-06T08:50:29Z] #102 attempt=1/2 status=200 0.201s url=https://www.myfonts.com/collections/astrum-font-fontex/
[2026-08-06T08:50:29Z] #103 attempt=1/2 status=200 0.355s url=https://www.myfonts.com/products/light-boos-318975
[2026-08-06T08:50:30Z] #104 attempt=1/2 status=200 0.188s url=https://www.myfonts.com/collections/boos-font-fontex/
[2026-08-06T08:50:30Z] #105 attempt=1/2 status=429 0.021s url=https://www.myfonts.com/products/bold-astrum-320962
[2026-08-06T08:50:33Z] #106 attempt=2/2 status=200 0.403s url=https://www.myfonts.com/products/bold-astrum-320962
[2026-08-06T08:50:33Z] #107 attempt=1/2 status=200 0.203s url=https://www.myfonts.com/collections/astrum-font-fontex/
[2026-08-06T08:50:34Z] #108 attempt=1/2 status=200 0.315s url=https://www.myfonts.com/products/greek-cond-light-brillian-318489
[2026-08-06T08:50:34Z] #109 attempt=1/2 status=200 0.208s url=https://www.myfonts.com/collections/brillian-font-fontex/
[2026-08-06T08:50:34Z] #110 attempt=1/2 status=429 0.023s url=https://www.myfonts.com/products/regular-2-astrum-heart-320129
[2026-08-06T08:50:37Z] #111 attempt=2/2 status=200 0.411s url=https://www.myfonts.com/products/regular-2-astrum-heart-320129
[2026-08-06T08:50:38Z] #112 attempt=1/2 status=200 0.194s url=https://www.myfonts.com/collections/astrum-heart-font-fontex/
[2026-08-06T08:50:38Z] #113 attempt=1/2 status=200 0.364s url=https://www.myfonts.com/products/serb-exp-med-brillian-318504
[2026-08-06T08:50:39Z] #114 attempt=1/2 status=200 0.197s url=https://www.myfonts.com/collections/brillian-font-fontex/
[2026-08-06T08:50:39Z] #115 attempt=1/2 status=200 0.308s url=https://www.myfonts.com/products/cyrillic-bold-astrum-320927
[2026-08-06T08:50:39Z] #116 attempt=1/2 status=429 0.023s url=https://www.myfonts.com/collections/astrum-font-fontex/
[2026-08-06T08:50:42Z] #117 attempt=2/2 status=200 0.254s url=https://www.myfonts.com/collections/astrum-font-fontex/
[2026-08-06T08:50:43Z] #118 attempt=1/2 status=200 0.367s url=https://www.myfonts.com/products/black-boos-318969
[2026-08-06T08:50:43Z] #119 attempt=1/2 status=200 0.185s url=https://www.myfonts.com/collections/boos-font-fontex/
[2026-08-06T08:50:44Z] #120 attempt=1/2 status=200 0.384s url=https://www.myfonts.com/products/latin-regular-brillian-318464
[2026-08-06T08:50:44Z] #121 attempt=1/2 status=200 0.197s url=https://www.myfonts.com/collections/brillian-font-fontex/
[2026-08-06T08:50:44Z] #122 attempt=1/2 status=429 0.021s url=https://www.myfonts.com/products/bold-boos-318954
[2026-08-06T08:50:47Z] #123 attempt=2/2 status=200 0.455s url=https://www.myfonts.com/products/bold-boos-318954
[2026-08-06T08:50:47Z] #124 attempt=1/2 status=200 0.206s url=https://www.myfonts.com/collections/boos-font-fontex/
[2026-08-06T08:50:48Z] #125 attempt=1/2 status=200 0.343s url=https://www.myfonts.com/products/cyrillic-light-astrum-320923
[2026-08-06T08:50:48Z] #126 attempt=1/2 status=200 0.186s url=https://www.myfonts.com/collections/astrum-font-fontex/
[2026-08-06T08:50:49Z] #127 attempt=1/2 status=200 0.352s url=https://www.myfonts.com/products/cond-light-boos-318935
[2026-08-06T08:50:49Z] #128 attempt=1/2 status=429 0.023s url=https://www.myfonts.com/collections/boos-font-fontex/
[2026-08-06T08:50:52Z] #129 attempt=2/2 status=200 0.245s url=https://www.myfonts.com/collections/boos-font-fontex/
[2026-08-06T08:50:53Z] #130 attempt=1/2 status=200 0.393s url=https://www.myfonts.com/products/serb-reg-brillian-318480
[2026-08-06T08:50:53Z] #131 attempt=1/2 status=200 0.213s url=https://www.myfonts.com/collections/brillian-font-fontex/
[2026-08-06T08:50:54Z] #132 attempt=1/2 status=200 0.310s url=https://www.myfonts.com/products/regular-magrena-1193157
[2026-08-06T08:50:54Z] #133 attempt=1/2 status=200 0.304s url=https://www.myfonts.com/collections/magrena-font-bimaksara/
[2026-08-06T08:50:54Z] #134 attempt=1/2 status=429 0.020s url=https://www.myfonts.com/products/regular-crown-rose-1193156
[2026-08-06T08:50:57Z] #135 attempt=2/2 status=200 0.397s url=https://www.myfonts.com/products/regular-crown-rose-1193156
[2026-08-06T08:50:58Z] #136 attempt=1/2 status=200 0.300s url=https://www.myfonts.com/collections/crown-rose-font-tertoecreative/
[2026-08-06T08:50:58Z] #137 attempt=1/2 status=200 0.268s url=https://www.myfonts.com/products/regular-id-kaizaro-condensed-1193142
[2026-08-06T08:50:59Z] #138 attempt=1/2 status=200 0.330s url=https://www.myfonts.com/collections/id-kaizaro-condensed-font-izouuss-design/
[2026-08-06T08:50:59Z] #139 attempt=1/2 status=200 0.328s url=https://www.myfonts.com/products/regular-puerile-display-1193141
[2026-08-06T08:50:59Z] #140 attempt=1/2 status=429 0.035s url=https://www.myfonts.com/collections/puerile-display-font-applied-systems-design-studio/
[2026-08-06T08:51:02Z] #141 attempt=2/2 status=200 0.390s url=https://www.myfonts.com/collections/puerile-display-font-applied-systems-design-studio/
[2026-08-06T08:51:03Z] #142 attempt=1/2 status=200 0.285s url=https://www.myfonts.com/products/regular-bronk-condensed-1193161
[2026-08-06T08:51:03Z] #143 attempt=1/2 status=200 0.337s url=https://www.myfonts.com/collections/bronk-condensed-font-tebaltipis-studio/
[2026-08-06T08:51:04Z] #144 attempt=1/2 status=200 0.398s url=https://www.myfonts.com/products/citizen-complete-family-package-1193137
[2026-08-06T08:51:05Z] #145 attempt=1/2 status=200 0.526s url=https://www.myfonts.com/collections/citizen-font-marcin-regucki/
[2026-08-06T08:51:05Z] #146 attempt=1/2 status=200 0.487s url=https://www.myfonts.com/products/erangle-complete-family-package-1192633
[2026-08-06T08:51:06Z] #147 attempt=1/2 status=200 0.849s url=https://www.myfonts.com/collections/erangle-font-gatype/
[2026-08-06T08:51:07Z] #148 attempt=1/2 status=200 0.316s url=https://www.myfonts.com/products/harax-complete-family-package-1192570
[2026-08-06T08:51:07Z] #149 attempt=1/2 status=429 0.022s url=https://www.myfonts.com/collections/harax-font-letterara/
[2026-08-06T08:51:10Z] #150 attempt=2/2 status=200 0.422s url=https://www.myfonts.com/collections/harax-font-letterara/
[2026-08-06T08:51:11Z] #151 attempt=1/2 status=200 0.593s url=https://www.myfonts.com/products/calvin-complete-family-package-1192935
[2026-08-06T08:51:12Z] #152 attempt=1/2 status=200 0.686s url=https://www.myfonts.com/collections/calvin-font-t-26/
[2026-08-06T08:51:13Z] #153 attempt=1/2 status=200 0.717s url=https://www.myfonts.com/collections/calvin-font-t-26/
[2026-08-06T08:51:14Z] #154 attempt=1/2 status=200 0.646s url=https://www.myfonts.com/products/dealing-complete-family-package-1192597
[2026-08-06T08:51:15Z] #155 attempt=1/2 status=200 0.845s url=https://www.myfonts.com/collections/dealing-font-gatype/
[2026-08-06T08:51:16Z] #156 attempt=1/2 status=200 0.383s url=https://www.myfonts.com/products/branding-pack-package-1192592
[2026-08-06T08:51:16Z] #157 attempt=1/2 status=200 0.590s url=https://www.myfonts.com/collections/granse-font-yukita-creative/
[2026-08-06T08:51:17Z] #158 attempt=1/2 status=200 0.313s url=https://www.myfonts.com/products/anchora-anchord-complete-family-package-1192553
[2026-08-06T08:51:18Z] #159 attempt=1/2 status=200 0.349s url=https://www.myfonts.com/collections/anchora-anchord-font-tini-fitriani/
[2026-08-06T08:51:18Z] #160 attempt=1/2 status=200 0.313s url=https://www.myfonts.com/products/zombie-graveyard-complete-family-package-1192581
[2026-08-06T08:51:18Z] #161 attempt=1/2 status=429 0.022s url=https://www.myfonts.com/collections/zombie-graveyard-font-aen-creative-studio/
[2026-08-06T08:51:21Z] #162 attempt=2/2 status=200 0.405s url=https://www.myfonts.com/collections/zombie-graveyard-font-aen-creative-studio/
[2026-08-06T08:51:22Z] #163 attempt=1/2 status=200 0.336s url=https://www.myfonts.com/products/otha-complete-family-package-1192576
[2026-08-06T08:51:22Z] #164 attempt=1/2 status=200 0.369s url=https://www.myfonts.com/collections/otha-font-pandeka-studio/
[2026-08-06T08:51:23Z] #165 attempt=1/2 status=200 0.378s url=https://www.myfonts.com/products/rf-adios-complete-family-package-1192561
[2026-08-06T08:51:23Z] #166 attempt=1/2 status=200 0.398s url=https://www.myfonts.com/collections/rf-adios-font-renegade-fonts/
[2026-08-06T08:51:24Z] #167 attempt=1/2 status=200 0.323s url=https://www.myfonts.com/products/monvele-complete-family-package-1192573
[2026-08-06T08:51:24Z] #168 attempt=1/2 status=429 0.024s url=https://www.myfonts.com/collections/monvele-font-letterara/
[2026-08-06T08:51:27Z] #169 attempt=2/2 status=200 0.373s url=https://www.myfonts.com/collections/monvele-font-letterara/
[2026-08-06T08:51:28Z] #170 attempt=1/2 status=200 0.349s url=https://www.myfonts.com/products/faxfont-plus-complete-family-package-1192556
[2026-08-06T08:51:28Z] #171 attempt=1/2 status=200 0.458s url=https://www.myfonts.com/collections/faxfont-plus-font-t-26/
[2026-08-06T08:51:29Z] #172 attempt=1/2 status=200 0.845s url=https://www.myfonts.com/products/frileder-complete-family-package-1192668
[2026-08-06T08:51:31Z] #173 attempt=1/2 status=200 1.094s url=https://www.myfonts.com/collections/frileder-font-gatype/
[2026-08-06T08:51:32Z] #174 attempt=1/2 status=200 0.486s url=https://www.myfonts.com/products/k73-hogan-grotesk-complete-family-package-1192567
[2026-08-06T08:51:33Z] #175 attempt=1/2 status=200 0.703s url=https://www.myfonts.com/collections/k73-hogan-grotesk-font-k73-type-foundry/
[2026-08-06T08:51:33Z] #176 attempt=1/2 status=200 0.575s url=https://www.myfonts.com/products/earth-doomsday-complete-family-package-1192959
[2026-08-06T08:51:34Z] #177 attempt=1/2 status=200 0.696s url=https://www.myfonts.com/collections/earth-doomsday-font-layarbahtera/
[2026-08-06T08:51:36Z] #178 attempt=1/6 status=200 0.805s url=https://www.myfonts.com/products.json?limit=100&page=2
[2026-08-06T08:51:37Z] #179 attempt=1/6 status=200 0.945s url=https://www.myfonts.com/products.json?limit=100&page=3
[2026-08-06T08:51:38Z] #180 attempt=1/2 status=200 0.479s url=https://www.myfonts.com/products/checkpoint-complete-family-package-1192919
[2026-08-06T08:51:39Z] #181 attempt=1/2 status=200 0.491s url=https://www.myfonts.com/collections/checkpoint-font-t-26/
[2026-08-06T08:51:39Z] #182 attempt=1/2 status=200 0.302s url=https://www.myfonts.com/products/halja-complete-family-package-1192918
[2026-08-06T08:51:40Z] #183 attempt=1/2 status=200 0.316s url=https://www.myfonts.com/collections/halja-font-t-26/
[2026-08-06T08:51:40Z] #184 attempt=1/2 status=200 0.174s url=https://www.myfonts.com/collections/halja-font-t-26/
[2026-08-06T08:51:42Z] #185 attempt=1/6 status=200 1.049s url=https://www.myfonts.com/products.json?limit=100&page=4
[2026-08-06T08:51:43Z] #186 attempt=1/2 status=200 0.586s url=https://www.myfonts.com/products/rannex-complete-family-package-1192882
[2026-08-06T08:51:44Z] #187 attempt=1/2 status=200 0.888s url=https://www.myfonts.com/collections/rannex-font-gatype/
[2026-08-06T08:51:45Z] #188 attempt=1/2 status=200 0.647s url=https://www.myfonts.com/products/lanchitas-complete-family-package-1192846
[2026-08-06T08:51:46Z] #189 attempt=1/2 status=200 0.875s url=https://www.myfonts.com/collections/lanchitas-font-gatype/
[2026-08-06T08:51:47Z] #190 attempt=1/2 status=200 0.662s url=https://www.myfonts.com/products/korela-serif-complete-family-package-1192812
[2026-08-06T08:51:48Z] #191 attempt=1/2 status=200 0.880s url=https://www.myfonts.com/collections/korela-serif-font-gatype/
[2026-08-06T08:51:49Z] #192 attempt=1/2 status=200 0.908s url=https://www.myfonts.com/products/kestion-complete-family-package-1192739
[2026-08-06T08:51:51Z] #193 attempt=1/2 status=200 1.115s url=https://www.myfonts.com/collections/kestion-font-gatype/
[2026-08-06T08:51:52Z] #194 attempt=1/6 status=200 0.898s url=https://www.myfonts.com/products.json?limit=100&page=5
[2026-08-06T08:51:53Z] #195 attempt=1/2 status=200 0.294s url=https://www.myfonts.com/products/regular-dark-bristelle-1192596
[2026-08-06T08:51:53Z] #196 attempt=1/2 status=200 0.323s url=https://www.myfonts.com/collections/dark-bristelle-font-asbill-studio/
[2026-08-06T08:51:54Z] #197 attempt=1/2 status=200 0.291s url=https://www.myfonts.com/products/regular-mecka-brush-1192569
[2026-08-06T08:51:54Z] #198 attempt=1/2 status=200 0.311s url=https://www.myfonts.com/collections/mecka-brush-font-alit-design/
[2026-08-06T08:51:55Z] #199 attempt=1/2 status=200 0.329s url=https://www.myfonts.com/products/regular-hebrew-vilna-caps-1192568
[2026-08-06T08:51:55Z] #200 attempt=1/2 status=429 0.024s url=https://www.myfonts.com/collections/hebrew-vilna-caps-font-samtype/
[2026-08-06T08:51:58Z] #201 attempt=2/2 status=200 0.402s url=https://www.myfonts.com/collections/hebrew-vilna-caps-font-samtype/
[2026-08-06T08:51:59Z] #202 attempt=1/2 status=200 0.646s url=https://www.myfonts.com/products/web-pack-alt-package-1192275
[2026-08-06T08:52:00Z] #203 attempt=1/2 status=200 1.310s url=https://www.myfonts.com/collections/chamer-font-yukita-creative/
[2026-08-06T08:52:01Z] #204 attempt=1/2 status=200 0.407s url=https://www.myfonts.com/products/other-half-package-package-1192139
[2026-08-06T08:52:02Z] #205 attempt=1/2 status=200 0.574s url=https://www.myfonts.com/collections/roda-sans-font-typeberry/
[2026-08-06T08:52:03Z] #206 attempt=1/2 status=200 0.365s url=https://www.myfonts.com/products/quirkalo-kids-complete-family-package-1192212
[2026-08-06T08:52:03Z] #207 attempt=1/2 status=200 0.406s url=https://www.myfonts.com/collections/quirkalo-kids-font-mei-suseno/
[2026-08-06T08:52:04Z] #208 attempt=1/2 status=200 0.335s url=https://www.myfonts.com/products/sweet-hidden-complete-family-package-1192304
[2026-08-06T08:52:04Z] #209 attempt=1/2 status=429 0.024s url=https://www.myfonts.com/collections/sweet-hidden-font-letterena-studios/
[2026-08-06T08:52:07Z] #210 attempt=2/2 status=200 0.434s url=https://www.myfonts.com/collections/sweet-hidden-font-letterena-studios/
[2026-08-06T08:52:09Z] #211 attempt=1/2 status=200 2.391s url=https://www.myfonts.com/products/expanded-package-1187186
[2026-08-06T08:52:12Z] #212 attempt=1/2 status=200 2.825s url=https://www.myfonts.com/collections/polisha-reynold-font-bosstypestudio/
[2026-08-06T08:52:14Z] #213 attempt=1/2 status=200 0.473s url=https://www.myfonts.com/products/coligra-complete-family-package-1192384
[2026-08-06T08:52:15Z] #214 attempt=1/2 status=200 0.558s url=https://www.myfonts.com/collections/coligra-font-gatype/
[2026-08-06T08:52:16Z] #215 attempt=1/2 status=200 0.360s url=https://www.myfonts.com/products/ghomare-complete-family-package-1192277
[2026-08-06T08:52:16Z] #216 attempt=1/2 status=200 0.483s url=https://www.myfonts.com/collections/ghomare-font-shape-studio/
[2026-08-06T08:52:17Z] #217 attempt=1/2 status=200 0.359s url=https://www.myfonts.com/products/kurvan-complete-family-package-1192316
[2026-08-06T08:52:18Z] #218 attempt=1/2 status=200 0.409s url=https://www.myfonts.com/collections/kurvan-font-timelesstype-studio/
[2026-08-06T08:52:18Z] #219 attempt=1/2 status=200 0.352s url=https://www.myfonts.com/products/broskesh-complete-family-package-1192301
[2026-08-06T08:52:19Z] #220 attempt=1/2 status=200 0.323s url=https://www.myfonts.com/collections/broskesh-font-stylishtype-studio/
[2026-08-06T08:52:19Z] #221 attempt=1/2 status=200 0.418s url=https://www.myfonts.com/products/solance-serif-italic-complete-family-package-1192291
[2026-08-06T08:52:20Z] #222 attempt=1/2 status=200 0.448s url=https://www.myfonts.com/collections/solance-serif-italic-font-sans-and-sons/
[2026-08-06T08:52:21Z] #223 attempt=1/2 status=200 0.513s url=https://www.myfonts.com/products/nesti-sweet-complete-family-package-1181005
[2026-08-06T08:52:22Z] #224 attempt=1/2 status=200 0.677s url=https://www.myfonts.com/collections/nesti-sweet-font-gatype/
[2026-08-06T08:52:23Z] #225 attempt=1/2 status=200 0.549s url=https://www.myfonts.com/products/chicago-darling-serif-complete-family-package-1192355
[2026-08-06T08:52:24Z] #226 attempt=1/2 status=200 0.875s url=https://www.myfonts.com/collections/chicago-darling-serif-font-gatype/
[2026-08-06T08:52:26Z] #227 attempt=1/2 status=200 1.691s url=https://www.myfonts.com/products/ckr-slab-complete-family-package-1176730
[2026-08-06T08:52:28Z] #228 attempt=1/2 status=200 2.302s url=https://www.myfonts.com/collections/ckr-slab-font-ckr-type-foundry/
[2026-08-06T08:52:30Z] #229 attempt=1/2 status=200 0.917s url=https://www.myfonts.com/products/fire-doomsday-complete-family-package-1192348
[2026-08-06T08:52:31Z] #230 attempt=1/2 status=200 1.074s url=https://www.myfonts.com/collections/fire-doomsday-font-layarbahtera/
[2026-08-06T08:52:33Z] #231 attempt=1/6 status=200 0.872s url=https://www.myfonts.com/products.json?limit=100&page=6
[2026-08-06T08:52:34Z] #232 attempt=1/2 status=200 0.475s url=https://www.myfonts.com/products/alquranalkareem-package-1192552
[2026-08-06T08:52:34Z] #233 attempt=1/2 status=404 0.209s url=https://www.myfonts.com/collections/alquranalkareem-font-tharwat-emara
[2026-08-06T08:52:36Z] #234 attempt=1/2 status=200 1.209s url=https://www.myfonts.com/products/alimboo-complete-family-package-1192140
[2026-08-06T08:52:37Z] #235 attempt=1/2 status=200 1.280s url=https://www.myfonts.com/collections/alimboo-font-donyadesign/
[2026-08-06T08:52:38Z] #236 attempt=1/2 status=200 0.364s url=https://www.myfonts.com/products/jacky-bethomi-complete-family-package-1192307
[2026-08-06T08:52:38Z] #237 attempt=1/2 status=200 0.345s url=https://www.myfonts.com/collections/jacky-bethomi-font-stylishtype-studio/
[2026-08-06T08:52:39Z] #238 attempt=1/2 status=200 0.654s url=https://www.myfonts.com/products/crobista-complete-family-package-1192494
[2026-08-06T08:52:41Z] #239 attempt=1/2 status=200 0.926s url=https://www.myfonts.com/collections/crobista-font-gatype/
[2026-08-06T08:52:42Z] #240 attempt=1/2 status=200 0.581s url=https://www.myfonts.com/products/total-black-complete-family-package-1192530
[2026-08-06T08:52:42Z] #241 attempt=1/2 status=200 0.622s url=https://www.myfonts.com/collections/total-black-font-resistenza/
[2026-08-06T08:52:43Z] #242 attempt=1/2 status=200 0.674s url=https://www.myfonts.com/products/crima-complete-family-package-1192458
[2026-08-06T08:52:45Z] #243 attempt=1/2 status=200 0.951s url=https://www.myfonts.com/collections/crima-font-gatype/
[2026-08-06T08:52:45Z] #244 attempt=1/2 status=200 0.301s url=https://www.myfonts.com/products/orang-tersenyum-script-complete-family-package-1192126
[2026-08-06T08:52:46Z] #245 attempt=1/2 status=200 0.426s url=https://www.myfonts.com/collections/orang-tersenyum-script-font-mei-suseno/
[2026-08-06T08:52:47Z] #246 attempt=1/2 status=200 0.539s url=https://www.myfonts.com/products/brisk-compact-complete-family-package-1192059
[2026-08-06T08:52:48Z] #247 attempt=1/2 status=200 0.709s url=https://www.myfonts.com/collections/brisk-compact-font-gatype/
[2026-08-06T08:52:49Z] #248 attempt=1/2 status=200 1.061s url=https://www.myfonts.com/products/baskela-display-complete-family-package-1191897
[2026-08-06T08:52:51Z] #249 attempt=1/2 status=200 1.275s url=https://www.myfonts.com/collections/baskela-display-font-gatype/
[2026-08-06T08:52:52Z] #250 attempt=1/2 status=200 0.761s url=https://www.myfonts.com/products/avone-series-regular-complete-family-package-1191837
[2026-08-06T08:52:53Z] #251 attempt=1/2 status=200 1.273s url=https://www.myfonts.com/collections/avone-series-regular-font-gatype/
[2026-08-06T08:52:54Z] #252 attempt=1/2 status=200 0.609s url=https://www.myfonts.com/products/begota-display-complete-family-package-1191971
[2026-08-06T08:52:55Z] #253 attempt=1/2 status=200 0.931s url=https://www.myfonts.com/collections/begota-display-font-gatype/
[2026-08-06T08:52:57Z] #254 attempt=1/2 status=200 0.968s url=https://www.myfonts.com/products/universal-doomsday-complete-family-package-1192034
[2026-08-06T08:52:59Z] #255 attempt=1/2 status=200 1.455s url=https://www.myfonts.com/collections/universal-doomsday-font-layarbahtera/
[2026-08-06T08:52:59Z] #256 attempt=1/2 status=200 0.397s url=https://www.myfonts.com/products/xenotra-complete-family-package-1192286
[2026-08-06T08:53:00Z] #257 attempt=1/2 status=200 0.395s url=https://www.myfonts.com/collections/xenotra-font-mei-suseno/
[2026-08-06T08:53:01Z] #258 attempt=1/2 status=200 0.360s url=https://www.myfonts.com/products/scrumble-complete-family-package-1192283
[2026-08-06T08:53:01Z] #259 attempt=1/2 status=200 0.395s url=https://www.myfonts.com/collections/scrumble-font-griyotype/
[2026-08-06T08:53:02Z] #260 attempt=1/2 status=200 0.392s url=https://www.myfonts.com/products/bramblestone-slab-complete-family-package-1185521
[2026-08-06T08:53:03Z] #261 attempt=1/2 status=200 0.502s url=https://www.myfonts.com/collections/bramblestone-slab-font-up-up-creative/
[2026-08-06T08:53:04Z] #262 attempt=1/2 status=200 0.786s url=https://www.myfonts.com/products/catiler-complete-family-package-1192083
[2026-08-06T08:53:05Z] #263 attempt=1/2 status=200 0.988s url=https://www.myfonts.com/collections/catiler-font-gatype/
[2026-08-06T08:53:06Z] #264 attempt=1/2 status=200 0.345s url=https://www.myfonts.com/products/butter-daisy-duo-complete-family-package-1192311
[2026-08-06T08:53:06Z] #265 attempt=1/2 status=200 0.362s url=https://www.myfonts.com/collections/butter-daisy-duo-font-cocodesign/
[2026-08-06T08:53:07Z] #266 attempt=1/2 status=200 0.385s url=https://www.myfonts.com/products/bright-style-complete-family-package-1192008
[2026-08-06T08:53:08Z] #267 attempt=1/2 status=200 0.668s url=https://www.myfonts.com/collections/bright-style-font-gatype/
[2026-08-06T08:53:09Z] #268 attempt=1/2 status=200 0.572s url=https://www.myfonts.com/products/coralis-elegant-complete-family-package-1192422
[2026-08-06T08:53:10Z] #269 attempt=1/2 status=200 0.763s url=https://www.myfonts.com/collections/coralis-elegant-font-gatype/
[2026-08-06T08:53:11Z] #270 attempt=1/6 status=200 0.924s url=https://www.myfonts.com/products.json?limit=100&page=7
[2026-08-06T08:53:13Z] #271 attempt=1/6 status=200 0.851s url=https://www.myfonts.com/products.json?limit=100&page=8
[2026-08-06T08:53:14Z] #272 attempt=1/6 status=200 0.948s url=https://www.myfonts.com/products.json?limit=100&page=9
[2026-08-06T08:53:16Z] #273 attempt=1/6 status=200 0.859s url=https://www.myfonts.com/products.json?limit=100&page=10
[2026-08-06T08:53:17Z] #274 attempt=1/6 status=200 0.836s url=https://www.myfonts.com/products.json?limit=100&page=11
[2026-08-06T08:53:18Z] #275 attempt=1/6 status=200 0.772s url=https://www.myfonts.com/products.json?limit=100&page=12
[2026-08-06T08:53:20Z] #276 attempt=1/6 status=200 0.861s url=https://www.myfonts.com/products.json?limit=100&page=13
[2026-08-06T08:53:21Z] #277 attempt=1/6 status=200 0.857s url=https://www.myfonts.com/products.json?limit=100&page=14
[2026-08-06T08:53:22Z] #278 attempt=1/2 status=200 0.336s url=https://www.myfonts.com/products/regular-psikey-1191768
[2026-08-06T08:53:22Z] #279 attempt=1/2 status=200 0.325s url=https://www.myfonts.com/collections/psikey-font-mkgd/
[2026-08-06T08:53:24Z] #280 attempt=1/6 status=200 0.991s url=https://www.myfonts.com/products.json?limit=100&page=15
[2026-08-06T08:53:24Z] #281 attempt=1/2 status=200 0.362s url=https://www.myfonts.com/products/italic-tahoma-433118
[2026-08-06T08:53:25Z] #282 attempt=1/2 status=200 0.370s url=https://www.myfonts.com/collections/tahoma-font-microsoft-corporation/
[2026-08-06T08:53:26Z] #283 attempt=1/2 status=200 0.454s url=https://www.myfonts.com/products/cargen-pro-complete-family-package-1192327
[2026-08-06T08:53:26Z] #284 attempt=1/2 status=200 0.615s url=https://www.myfonts.com/collections/cargen-pro-font-bimaksara/
[2026-08-06T08:53:27Z] #285 attempt=1/2 status=200 0.355s url=https://www.myfonts.com/products/regular-gangsta-verse-1192319
[2026-08-06T08:53:28Z] #286 attempt=1/2 status=200 0.317s url=https://www.myfonts.com/collections/gangsta-verse-font-denustudio/
[2026-08-06T08:53:28Z] #287 attempt=1/2 status=200 0.303s url=https://www.myfonts.com/products/regular-rasa-panggang-1192326
[2026-08-06T08:53:29Z] #288 attempt=1/2 status=200 0.316s url=https://www.myfonts.com/collections/rasa-panggang-font-trabas-kriya/
[2026-08-06T08:53:29Z] #289 attempt=1/2 status=200 0.320s url=https://www.myfonts.com/products/regular-camosta-1192310
[2026-08-06T08:53:30Z] #290 attempt=1/2 status=200 0.283s url=https://www.myfonts.com/collections/camosta-font-flawlessandco/
[2026-08-06T08:53:30Z] #291 attempt=1/2 status=429 0.022s url=https://www.myfonts.com/products/regular-hidden-cafe-1192328
[2026-08-06T08:53:33Z] #292 attempt=2/2 status=200 0.351s url=https://www.myfonts.com/products/regular-hidden-cafe-1192328
[2026-08-06T08:53:33Z] #293 attempt=1/2 status=200 0.279s url=https://www.myfonts.com/collections/hidden-cafe-font-epiclinez/
[2026-08-06T08:53:34Z] #294 attempt=1/2 status=200 0.340s url=https://www.myfonts.com/products/roulte-regular-roulte-1192129
[2026-08-06T08:53:34Z] #295 attempt=1/2 status=200 0.328s url=https://www.myfonts.com/collections/roulte-font-maikohatta/
[2026-08-06T08:53:35Z] #296 attempt=1/2 status=200 0.309s url=https://www.myfonts.com/products/regular-heavy-block-1192315
[2026-08-06T08:53:35Z] #297 attempt=1/2 status=429 0.026s url=https://www.myfonts.com/collections/heavy-block-font-jinan-studio/
[2026-08-06T08:53:38Z] #298 attempt=2/2 status=200 0.386s url=https://www.myfonts.com/collections/heavy-block-font-jinan-studio/
[2026-08-06T08:53:38Z] #299 attempt=1/2 status=200 0.344s url=https://www.myfonts.com/products/regular-grety-playfull-1192300
[2026-08-06T08:53:39Z] #300 attempt=1/2 status=200 0.309s url=https://www.myfonts.com/collections/grety-playfull-font-morisco-studio/
[2026-08-06T08:53:39Z] #301 attempt=1/2 status=429 0.020s url=https://www.myfonts.com/products/regular-bangkar-rowers-1192290
[2026-08-06T08:53:42Z] #302 attempt=2/2 status=200 0.531s url=https://www.myfonts.com/products/regular-bangkar-rowers-1192290
[2026-08-06T08:53:42Z] #303 attempt=1/2 status=200 0.312s url=https://www.myfonts.com/collections/bangkar-rowers-font-maulana-creative/
[2026-08-06T08:53:43Z] #304 attempt=1/2 status=200 0.329s url=https://www.myfonts.com/products/regular-giblu-1192299
[2026-08-06T08:53:44Z] #305 attempt=1/2 status=200 0.361s url=https://www.myfonts.com/collections/giblu-font-morisco-studio/
[2026-08-06T08:53:44Z] #306 attempt=1/2 status=200 0.307s url=https://www.myfonts.com/products/regular-montegito-signature-1192236
[2026-08-06T08:53:44Z] #307 attempt=1/2 status=429 0.024s url=https://www.myfonts.com/collections/montegito-signature-font-mercurial/
[2026-08-06T08:53:47Z] #308 attempt=2/2 status=200 0.380s url=https://www.myfonts.com/collections/montegito-signature-font-mercurial/
[2026-08-06T08:53:48Z] #309 attempt=1/2 status=200 0.319s url=https://www.myfonts.com/products/regular-roastberry-1192141
[2026-08-06T08:53:48Z] #310 attempt=1/2 status=200 0.331s url=https://www.myfonts.com/collections/roastberry-font-ikiikowrk/
[2026-08-06T08:53:48Z] #311 attempt=1/2 status=429 0.024s url=https://www.myfonts.com/products/regular-cosmo-core-1192347
[2026-08-06T08:53:51Z] #312 attempt=2/2 status=200 0.362s url=https://www.myfonts.com/products/regular-cosmo-core-1192347
[2026-08-06T08:53:52Z] #313 attempt=1/2 status=200 0.340s url=https://www.myfonts.com/collections/cosmo-core-font-tini-fitriani/
[2026-08-06T08:53:52Z] #314 attempt=1/2 status=200 0.374s url=https://www.myfonts.com/products/poliphili-complete-family-package-1191832
[2026-08-06T08:53:53Z] #315 attempt=1/2 status=200 0.362s url=https://www.myfonts.com/collections/poliphili-font-flanker/
[2026-08-06T08:53:53Z] #316 attempt=1/2 status=429 0.024s url=https://www.myfonts.com/products/italic-soft-slant-italic-astone-nisam-1191788
[2026-08-06T08:53:56Z] #317 attempt=2/2 status=200 0.772s url=https://www.myfonts.com/products/italic-soft-slant-italic-astone-nisam-1191788
[2026-08-06T08:53:57Z] #318 attempt=1/2 status=200 1.101s url=https://www.myfonts.com/collections/astone-nisam-font-gatype/
[2026-08-06T08:53:59Z] #319 attempt=1/6 status=200 0.983s url=https://www.myfonts.com/products.json?limit=100&page=16
[2026-08-06T08:54:01Z] #320 attempt=1/2 status=200 1.199s url=https://www.myfonts.com/products/the-handwritten-font-library-35-premium-fonts-package-1191767
[2026-08-06T08:54:01Z] #321 attempt=1/2 status=404 0.192s url=https://www.myfonts.com/collections/the-handwritten-font-library-35-premium-fonts-font-pineungtype-misinklab
[2026-08-06T08:54:02Z] #322 attempt=1/2 status=200 0.450s url=https://www.myfonts.com/products/micher-complete-family-package-1191755
[2026-08-06T08:54:02Z] #323 attempt=1/2 status=200 0.519s url=https://www.myfonts.com/collections/micher-font-waftype/
[2026-08-06T08:54:03Z] #324 attempt=1/2 status=200 0.580s url=https://www.myfonts.com/products/walver-complete-family-package-1191765
[2026-08-06T08:54:04Z] #325 attempt=1/2 status=200 0.586s url=https://www.myfonts.com/collections/walver-font-waftype/
[2026-08-06T08:54:05Z] #326 attempt=1/2 status=200 0.320s url=https://www.myfonts.com/products/layar-bahtera-complete-family-package-1191752
[2026-08-06T08:54:05Z] #327 attempt=1/2 status=200 0.380s url=https://www.myfonts.com/collections/layar-bahtera-font-layarbahtera/
[2026-08-06T08:54:06Z] #328 attempt=1/2 status=200 0.521s url=https://www.myfonts.com/products/cella-complete-family-package-1191763
[2026-08-06T08:54:06Z] #329 attempt=1/2 status=429 0.023s url=https://www.myfonts.com/collections/cella-font-waftype/
[2026-08-06T08:54:09Z] #330 attempt=2/2 status=200 0.705s url=https://www.myfonts.com/collections/cella-font-waftype/
[2026-08-06T08:54:11Z] #331 attempt=1/2 status=200 1.808s url=https://www.myfonts.com/products/auralic-semi-condensed-package-1191744
[2026-08-06T08:54:15Z] #332 attempt=1/2 status=200 3.271s url=https://www.myfonts.com/collections/auralic-font-black-studio/
[2026-08-06T08:54:16Z] #333 attempt=1/2 status=200 0.552s url=https://www.myfonts.com/products/carrieson-complete-family-package-1191761
[2026-08-06T08:54:17Z] #334 attempt=1/2 status=200 0.700s url=https://www.myfonts.com/collections/carrieson-family-font-waftype/
[2026-08-06T08:54:19Z] #335 attempt=1/2 status=200 1.015s url=https://www.myfonts.com/products/sizek-pro-stencil-complete-family-package-1191533
[2026-08-06T08:54:21Z] #336 attempt=1/2 status=200 1.968s url=https://www.myfonts.com/collections/sizek-pro-stencil-font-blaze-type/
[2026-08-06T08:54:22Z] #337 attempt=1/2 status=200 0.480s url=https://www.myfonts.com/products/bigma-complete-family-package-1191757
[2026-08-06T08:54:23Z] #338 attempt=1/2 status=200 0.505s url=https://www.myfonts.com/collections/bigma-font-waftype/
[2026-08-06T08:54:24Z] #339 attempt=1/2 status=200 0.914s url=https://www.myfonts.com/products/dean-stencil-normal-complete-family-package-1178683
[2026-08-06T08:54:25Z] #340 attempt=1/2 status=200 1.095s url=https://www.myfonts.com/collections/dean-stencil-normal-font-blaze-type/
[2026-08-06T08:54:26Z] #341 attempt=1/2 status=200 0.444s url=https://www.myfonts.com/products/zeyond-stencil-complete-family-package-1177841
[2026-08-06T08:54:27Z] #342 attempt=1/2 status=200 0.477s url=https://www.myfonts.com/collections/zeyond-stencil-font-blaze-type/
[2026-08-06T08:54:28Z] #343 attempt=1/2 status=200 0.417s url=https://www.myfonts.com/products/salvea-complete-family-package-1191759
[2026-08-06T08:54:28Z] #344 attempt=1/2 status=200 0.553s url=https://www.myfonts.com/collections/salvea-font-waftype/
[2026-08-06T08:54:29Z] #345 attempt=1/2 status=200 0.290s url=https://www.myfonts.com/products/regular-te-nastaaliq-1191831
[2026-08-06T08:54:30Z] #346 attempt=1/2 status=200 0.349s url=https://www.myfonts.com/collections/te-nastaaliq-font-tharwat-emara/
[2026-08-06T08:54:31Z] #347 attempt=1/6 status=200 0.871s url=https://www.myfonts.com/products.json?limit=100&page=17
[2026-08-06T08:54:33Z] #348 attempt=1/6 status=200 1.038s url=https://www.myfonts.com/products.json?limit=100&page=18
[2026-08-06T08:54:35Z] #349 attempt=1/2 status=200 1.597s url=https://www.myfonts.com/products/cond-heavy-neo-gram-328476
[2026-08-06T08:54:37Z] #350 attempt=1/2 status=200 2.110s url=https://www.myfonts.com/collections/neo-gram-font-the-northern-block/
[2026-08-06T08:54:38Z] #351 attempt=1/2 status=200 0.653s url=https://www.myfonts.com/products/comic-book-classics-package-921915
[2026-08-06T08:54:39Z] #352 attempt=1/2 status=404 0.235s url=https://www.myfonts.com/collections/comic-book-classics-font-comicraft
[2026-08-06T08:54:39Z] #353 attempt=1/2 status=200 0.659s url=https://www.myfonts.com/products/spectacular-comicraft-sound-effects-package-915619
[2026-08-06T08:54:40Z] #354 attempt=1/2 status=404 0.207s url=https://www.myfonts.com/collections/spectacular-comicraft-sound-effects-font-comicraft
[2026-08-06T08:54:41Z] #355 attempt=1/6 status=200 0.813s url=https://www.myfonts.com/products.json?limit=100&page=19
[2026-08-06T08:54:43Z] #356 attempt=1/6 status=200 0.952s url=https://www.myfonts.com/products.json?limit=100&page=20
[2026-08-06T08:54:43Z] #357 attempt=1/2 status=200 0.434s url=https://www.myfonts.com/products/tt-nooks-serif-non-variable-package-package-1187456
[2026-08-06T08:54:44Z] #358 attempt=1/2 status=200 0.534s url=https://www.myfonts.com/collections/tt-nooks-serif-font-typetype/
[2026-08-06T08:54:45Z] #359 attempt=1/2 status=200 1.010s url=https://www.myfonts.com/products/built-for-speed-package-1191532
[2026-08-06T08:54:46Z] #360 attempt=1/2 status=404 0.255s url=https://www.myfonts.com/collections/built-for-speed-font-mevstory-studio
[2026-08-06T08:54:46Z] #361 attempt=1/2 status=200 0.367s url=https://www.myfonts.com/products/organic-display-complete-family-package-1191528
[2026-08-06T08:54:47Z] #362 attempt=1/2 status=200 0.431s url=https://www.myfonts.com/collections/organic-display-font-bogstav/
[2026-08-06T08:54:48Z] #363 attempt=1/2 status=200 0.400s url=https://www.myfonts.com/products/heart-pack-package-1191527
[2026-08-06T08:54:48Z] #364 attempt=1/2 status=200 0.414s url=https://www.myfonts.com/collections/cereza-chocolate-font-persik-merino-arte/
[2026-08-06T08:54:49Z] #365 attempt=1/2 status=200 0.369s url=https://www.myfonts.com/products/aoife-complete-family-package-1191516
[2026-08-06T08:54:50Z] #366 attempt=1/2 status=200 0.510s url=https://www.myfonts.com/collections/aoife-font-designomatt/
[2026-08-06T08:54:50Z] #367 attempt=1/2 status=200 0.347s url=https://www.myfonts.com/products/regular-id-sera-one-pro-1191515
[2026-08-06T08:54:51Z] #368 attempt=1/2 status=200 0.325s url=https://www.myfonts.com/collections/id-sera-one-pro-font-izouuss-design/
[2026-08-06T08:54:52Z] #369 attempt=1/2 status=200 0.602s url=https://www.myfonts.com/products/netropix-complete-family-package-1191197
[2026-08-06T08:54:53Z] #370 attempt=1/2 status=200 0.724s url=https://www.myfonts.com/collections/netropix-font-dewan-type/
[2026-08-06T08:54:54Z] #371 attempt=1/2 status=200 1.082s url=https://www.myfonts.com/products/normal-package-1190870
[2026-08-06T08:54:57Z] #372 attempt=1/2 status=200 2.069s url=https://www.myfonts.com/collections/glosira-font-ajibatype/
[2026-08-06T08:54:58Z] #373 attempt=1/2 status=200 0.550s url=https://www.myfonts.com/products/fha-broken-gothic-package-package-1191513
[2026-08-06T08:54:59Z] #374 attempt=1/2 status=200 0.660s url=https://www.myfonts.com/collections/fha-broken-gothic-font-fontry-west/
[2026-08-06T08:54:59Z] #375 attempt=1/2 status=200 0.350s url=https://www.myfonts.com/products/liyanea-brush-complete-family-package-1190685
[2026-08-06T08:55:00Z] #376 attempt=1/2 status=200 0.419s url=https://www.myfonts.com/collections/liyanea-brush-font-mei-suseno/
[2026-08-06T08:55:01Z] #377 attempt=1/2 status=200 0.339s url=https://www.myfonts.com/products/roundora-summers-complete-family-package-1191417
[2026-08-06T08:55:01Z] #378 attempt=1/2 status=200 0.402s url=https://www.myfonts.com/collections/roundora-summers-font-shape-studio/
[2026-08-06T08:55:02Z] #379 attempt=1/2 status=200 0.376s url=https://www.myfonts.com/products/darko-trace-italic-complete-family-package-1191314
[2026-08-06T08:55:03Z] #380 attempt=1/2 status=200 0.354s url=https://www.myfonts.com/collections/darko-trace-italic-font-yoga-letter/
[2026-08-06T08:55:03Z] #381 attempt=1/2 status=200 0.341s url=https://www.myfonts.com/products/samorthy-complete-family-package-1191401
[2026-08-06T08:55:04Z] #382 attempt=1/2 status=200 0.414s url=https://www.myfonts.com/collections/samorthy-font-stylishtype-studio/
[2026-08-06T08:55:05Z] #383 attempt=1/2 status=200 0.380s url=https://www.myfonts.com/products/gearline-motors-complete-family-package-1191410
[2026-08-06T08:55:05Z] #384 attempt=1/2 status=200 0.486s url=https://www.myfonts.com/collections/gearline-motors-font-edignwn-type/
[2026-08-06T08:55:06Z] #385 attempt=1/2 status=200 0.418s url=https://www.myfonts.com/products/kyova-grotesk-complete-family-package-1191425
[2026-08-06T08:55:07Z] #386 attempt=1/2 status=200 0.618s url=https://www.myfonts.com/collections/kyova-grotesk-font-godbless-studio/
[2026-08-06T08:55:08Z] #387 attempt=1/2 status=200 0.604s url=https://www.myfonts.com/products/silver-streak-xtall-collection-package-1191497
[2026-08-06T08:55:09Z] #388 attempt=1/2 status=200 1.057s url=https://www.myfonts.com/collections/silver-streak-font-swell-type/
[2026-08-06T08:55:11Z] #389 attempt=1/2 status=200 1.076s url=https://www.myfonts.com/products/regaris-normal-italic-family-package-1191166
[2026-08-06T08:55:13Z] #390 attempt=1/2 status=200 2.373s url=https://www.myfonts.com/collections/regaris-font-black-studio/
[2026-08-06T08:55:15Z] #391 attempt=1/2 status=200 0.393s url=https://www.myfonts.com/products/visinegrid-normal-package-1191352
[2026-08-06T08:55:15Z] #392 attempt=1/2 status=200 0.474s url=https://www.myfonts.com/collections/visinegrid-font-koral-creative/
[2026-08-06T08:55:16Z] #393 attempt=1/2 status=200 0.370s url=https://www.myfonts.com/products/shoping-ckeots-complete-family-package-1191421
[2026-08-06T08:55:17Z] #394 attempt=1/2 status=200 0.418s url=https://www.myfonts.com/collections/shoping-ckeots-font-black-junst/
[2026-08-06T08:55:17Z] #395 attempt=1/2 status=200 0.374s url=https://www.myfonts.com/products/gravorn-complete-family-package-1191362
[2026-08-06T08:55:18Z] #396 attempt=1/2 status=200 0.375s url=https://www.myfonts.com/collections/gravorn-font-muksal-creatives/
[2026-08-06T08:55:19Z] #397 attempt=1/2 status=200 0.322s url=https://www.myfonts.com/products/notedum-fasking-complete-family-package-1191395
[2026-08-06T08:55:19Z] #398 attempt=1/2 status=200 0.367s url=https://www.myfonts.com/collections/notedum-fasking-font-stylishtype-studio/
[2026-08-06T08:55:20Z] #399 attempt=1/2 status=200 0.321s url=https://www.myfonts.com/products/safgery-complete-family-package-1191398
[2026-08-06T08:55:20Z] #400 attempt=1/2 status=429 0.026s url=https://www.myfonts.com/collections/safgery-font-stylishtype-studio/
[2026-08-06T08:55:23Z] #401 attempt=2/2 status=200 0.424s url=https://www.myfonts.com/collections/safgery-font-stylishtype-studio/
[2026-08-06T08:55:24Z] #402 attempt=1/6 status=200 0.931s url=https://www.myfonts.com/products.json?limit=100&page=21
[2026-08-06T08:55:25Z] #403 attempt=1/2 status=200 0.339s url=https://www.myfonts.com/products/milavera-complete-family-package-1191359
[2026-08-06T08:55:25Z] #404 attempt=1/2 status=200 0.353s url=https://www.myfonts.com/collections/milavera-font-cocodesign/
[2026-08-06T08:55:26Z] #405 attempt=1/2 status=200 0.350s url=https://www.myfonts.com/products/dialetika-complete-family-package-1191407
[2026-08-06T08:55:27Z] #406 attempt=1/2 status=200 0.348s url=https://www.myfonts.com/collections/dialetika-font-tini-fitriani/
[2026-08-06T08:55:28Z] #407 attempt=1/2 status=200 0.764s url=https://www.myfonts.com/products/standard-package-1191289
[2026-08-06T08:55:29Z] #408 attempt=1/2 status=200 1.453s url=https://www.myfonts.com/collections/calogen-soft-font-fargun-studio/
[2026-08-06T08:55:30Z] #409 attempt=1/2 status=200 0.421s url=https://www.myfonts.com/products/sansform-complete-family-package-1190873
[2026-08-06T08:55:30Z] #410 attempt=1/2 status=429 0.024s url=https://www.myfonts.com/collections/sansform-font-vp-creative-shop/
[2026-08-06T08:55:33Z] #411 attempt=2/2 status=200 0.724s url=https://www.myfonts.com/collections/sansform-font-vp-creative-shop/
[2026-08-06T08:55:34Z] #412 attempt=1/2 status=200 0.351s url=https://www.myfonts.com/products/rindlex-complete-family-package-1191356
[2026-08-06T08:55:35Z] #413 attempt=1/2 status=200 0.391s url=https://www.myfonts.com/collections/rindlex-font-hindia-studio/
[2026-08-06T08:55:35Z] #414 attempt=1/2 status=200 0.457s url=https://www.myfonts.com/products/variable-package-package-1191394
[2026-08-06T08:55:36Z] #415 attempt=1/2 status=200 0.798s url=https://www.myfonts.com/collections/zt-moven-font-zelow-type/
[2026-08-06T08:55:37Z] #416 attempt=1/2 status=200 0.415s url=https://www.myfonts.com/products/dorevant-complete-family-package-1191333
[2026-08-06T08:55:38Z] #417 attempt=1/2 status=200 0.495s url=https://www.myfonts.com/collections/dorevant-font-groenstudio/
[2026-08-06T08:55:39Z] #418 attempt=1/2 status=200 0.480s url=https://www.myfonts.com/products/stellar-core-complete-family-package-1191291
[2026-08-06T08:55:40Z] #419 attempt=1/2 status=200 0.767s url=https://www.myfonts.com/collections/stellar-core-font-gleb-guralnyk/
[2026-08-06T08:55:40Z] #420 attempt=1/2 status=429 0.022s url=https://www.myfonts.com/products/robertine-complete-family-package-1191326
[2026-08-06T08:55:43Z] #421 attempt=2/2 status=200 0.558s url=https://www.myfonts.com/products/robertine-complete-family-package-1191326
[2026-08-06T08:55:43Z] #422 attempt=1/2 status=200 0.376s url=https://www.myfonts.com/collections/robertine-font-robraphics/
[2026-08-06T08:55:44Z] #423 attempt=1/2 status=200 0.338s url=https://www.myfonts.com/products/berikutimewa-complete-family-package-1191353
[2026-08-06T08:55:45Z] #424 attempt=1/2 status=200 0.347s url=https://www.myfonts.com/collections/berikutimewa-font-mei-suseno/
[2026-08-06T08:55:45Z] #425 attempt=1/2 status=200 0.354s url=https://www.myfonts.com/products/magode-complete-family-package-1190892
[2026-08-06T08:55:45Z] #426 attempt=1/2 status=429 0.024s url=https://www.myfonts.com/collections/magode-font-timelesstype-studio/
[2026-08-06T08:55:48Z] #427 attempt=2/2 status=200 0.512s url=https://www.myfonts.com/collections/magode-font-timelesstype-studio/
[2026-08-06T08:55:49Z] #428 attempt=1/2 status=200 0.410s url=https://www.myfonts.com/products/purwotan-street-complete-family-package-1191321
[2026-08-06T08:55:49Z] #429 attempt=1/2 status=200 0.368s url=https://www.myfonts.com/collections/purwotan-street-font-mei-suseno/
[2026-08-06T08:55:50Z] #430 attempt=1/2 status=200 0.405s url=https://www.myfonts.com/products/quiby-complete-family-package-1190678
[2026-08-06T08:55:50Z] #431 attempt=1/2 status=429 0.025s url=https://www.myfonts.com/collections/quiby-font-flavortype/
[2026-08-06T08:55:53Z] #432 attempt=2/2 status=200 0.545s url=https://www.myfonts.com/collections/quiby-font-flavortype/
[2026-08-06T08:55:54Z] #433 attempt=1/2 status=200 0.377s url=https://www.myfonts.com/products/daehyonse-complete-family-package-1191391
[2026-08-06T08:55:54Z] #434 attempt=1/2 status=200 0.372s url=https://www.myfonts.com/collections/daehyonse-font-made-deduk/
[2026-08-06T08:55:55Z] #435 attempt=1/2 status=200 0.341s url=https://www.myfonts.com/products/sugeng-script-complete-family-package-1191318
[2026-08-06T08:55:56Z] #436 attempt=1/2 status=200 0.358s url=https://www.myfonts.com/collections/sugeng-script-font-mei-suseno/
[2026-08-06T08:55:56Z] #437 attempt=1/2 status=200 0.326s url=https://www.myfonts.com/products/vlnl-reep-complete-family-package-1187546
[2026-08-06T08:55:56Z] #438 attempt=1/2 status=429 0.025s url=https://www.myfonts.com/collections/vlnl-reep-font-vetteletters/
[2026-08-06T08:55:59Z] #439 attempt=2/2 status=200 0.401s url=https://www.myfonts.com/collections/vlnl-reep-font-vetteletters/
[2026-08-06T08:56:01Z] #440 attempt=1/6 status=200 0.857s url=https://www.myfonts.com/products.json?limit=100&page=22
[2026-08-06T08:56:01Z] #441 attempt=1/2 status=200 0.473s url=https://www.myfonts.com/products/italic-kuro-1190897
[2026-08-06T08:56:02Z] #442 attempt=1/2 status=200 0.597s url=https://www.myfonts.com/collections/kuro-font-the-northern-block/
[2026-08-06T08:56:03Z] #443 attempt=1/6 status=200 0.821s url=https://www.myfonts.com/products.json?limit=100&page=23
[2026-08-06T08:56:05Z] #444 attempt=1/6 status=200 0.878s url=https://www.myfonts.com/products.json?limit=100&page=24
[2026-08-06T08:56:06Z] #445 attempt=1/6 status=200 0.789s url=https://www.myfonts.com/products.json?limit=100&page=25
[2026-08-06T08:56:06Z] summary releases=5 first_429=(64, 'https://www.myfonts.com/collections/boos-font-fontex/?tab=techSpecs', 0.02388453483581543) log_file=state/myfonts_run_20260806_084855.log
[2026-08-06T08:56:06Z] === MyFonts crawl end ===
