[2026-04-21T08:05:37Z] checkpoint fresh next_page=1 path=state/myfonts_crawl_checkpoint.json
[2026-04-21T08:05:37Z] === MyFonts crawl start source=myfonts ===
[2026-04-21T08:05:37Z] config max_pages=25 page_size=100 start_date=2026-04-20 end_date=2026-04-21 api_delay=0.5s detail_delay=0.2s max_debut_checks=400 max_tech_specs_checks=200 reuse_success_profile=False always_enrich_packages=True language_script_signal_mode=strong force_fresh_run=False start_page=1 browser_mode=False browser_headless=True browser_storage_state_path=state/myfonts_storage_state.json
[2026-04-21T08:05:39Z] #1 attempt=1/6 status=200 1.051s url=https://www.myfonts.com/products.json?limit=100&page=1
[2026-04-21T08:05:39Z] #2 attempt=1/2 status=200 0.344s url=https://www.myfonts.com/products/regular-finestrea-1136670
[2026-04-21T08:05:40Z] #3 attempt=1/2 status=200 0.394s url=https://www.myfonts.com/collections/finestrea-font-nathatype/
[2026-04-21T08:05:40Z] #4 attempt=1/2 status=200 0.182s url=https://www.myfonts.com/collections/finestrea-font-nathatype/?tab=techSpecs
[2026-04-21T08:05:41Z] #5 attempt=1/2 status=200 0.317s url=https://www.myfonts.com/products/regular-cegil-1136621
[2026-04-21T08:05:42Z] #6 attempt=1/2 status=200 0.299s url=https://www.myfonts.com/collections/cegil-font-eotype/
[2026-04-21T08:05:42Z] #7 attempt=1/2 status=200 0.386s url=https://www.myfonts.com/collections/cegil-font-eotype/?tab=techSpecs
[2026-04-21T08:05:43Z] #8 attempt=1/2 status=200 0.454s url=https://www.myfonts.com/products/regular-skypie-summary-1136659
[2026-04-21T08:05:44Z] #9 attempt=1/2 status=200 0.461s url=https://www.myfonts.com/collections/skypie-summary-font-tini-fitriani/
[2026-04-21T08:05:45Z] #10 attempt=1/2 status=200 0.334s url=https://www.myfonts.com/collections/skypie-summary-font-tini-fitriani/?tab=techSpecs
[2026-04-21T08:05:46Z] #11 attempt=1/2 status=200 0.398s url=https://www.myfonts.com/products/regular-mooxy-1136671
[2026-04-21T08:05:46Z] #12 attempt=1/2 status=200 0.436s url=https://www.myfonts.com/collections/mooxy-font-flawlessandco/
[2026-04-21T08:05:47Z] #13 attempt=1/2 status=200 0.337s url=https://www.myfonts.com/collections/mooxy-font-flawlessandco/?tab=techSpecs
[2026-04-21T08:05:48Z] #14 attempt=1/2 status=200 0.340s url=https://www.myfonts.com/products/regular-banso-fuzzy-1136615
[2026-04-21T08:05:48Z] #15 attempt=1/2 status=200 0.380s url=https://www.myfonts.com/collections/banso-fuzzy-font-marvadesign/
[2026-04-21T08:05:49Z] #16 attempt=1/2 status=200 0.295s url=https://www.myfonts.com/collections/banso-fuzzy-font-marvadesign/?tab=techSpecs
[2026-04-21T08:05:50Z] #17 attempt=1/2 status=200 0.461s url=https://www.myfonts.com/products/dreamwave-complete-family-package-1136622
[2026-04-21T08:05:51Z] #18 attempt=1/2 status=200 0.705s url=https://www.myfonts.com/collections/dreamwave-font-vozzy/
[2026-04-21T08:05:52Z] #19 attempt=1/2 status=200 0.617s url=https://www.myfonts.com/collections/dreamwave-font-vozzy/?tab=techSpecs
[2026-04-21T08:05:53Z] #20 attempt=1/2 status=200 0.436s url=https://www.myfonts.com/products/ege-basalt-complete-family-package-1136663
[2026-04-21T08:05:54Z] #21 attempt=1/2 status=200 0.696s url=https://www.myfonts.com/collections/ege-basalt-font-lena-schmidt/
[2026-04-21T08:05:55Z] #22 attempt=1/2 status=200 0.603s url=https://www.myfonts.com/collections/ege-basalt-font-lena-schmidt/?tab=techSpecs
[2026-04-21T08:05:56Z] #23 attempt=1/2 status=200 0.458s url=https://www.myfonts.com/products/okle-complete-family-package-1136660
[2026-04-21T08:05:57Z] #24 attempt=1/2 status=200 0.438s url=https://www.myfonts.com/collections/okle-font-artiveko/
[2026-04-21T08:05:57Z] #25 attempt=1/2 status=200 0.163s url=https://www.myfonts.com/collections/okle-font-artiveko/?tab=techSpecs
[2026-04-21T08:05:59Z] #26 attempt=1/2 status=200 0.552s url=https://www.myfonts.com/products/savero-complete-family-package-1136641
[2026-04-21T08:06:00Z] #27 attempt=1/2 status=200 0.728s url=https://www.myfonts.com/collections/savero-font-vermilione/
[2026-04-21T08:06:00Z] #28 attempt=1/2 status=200 0.372s url=https://www.myfonts.com/collections/savero-font-vermilione/?tab=techSpecs
[2026-04-21T08:06:01Z] #29 attempt=1/2 status=200 0.340s url=https://www.myfonts.com/products/aftershave-complete-family-package-1136638
[2026-04-21T08:06:02Z] #30 attempt=1/2 status=200 0.619s url=https://www.myfonts.com/collections/aftershave-font-vozzy/
[2026-04-21T08:06:03Z] #31 attempt=1/2 status=200 1.026s url=https://www.myfonts.com/collections/aftershave-font-vozzy/?tab=techSpecs
[2026-04-21T08:06:05Z] #32 attempt=1/2 status=200 0.500s url=https://www.myfonts.com/products/spring-spirit-complete-family-package-1136672
[2026-04-21T08:06:06Z] #33 attempt=1/2 status=200 0.809s url=https://www.myfonts.com/collections/spring-spirit-font-bale-type/
[2026-04-21T08:06:07Z] #34 attempt=1/2 status=200 0.611s url=https://www.myfonts.com/collections/spring-spirit-font-bale-type/?tab=techSpecs
[2026-04-21T08:06:08Z] #35 attempt=1/2 status=200 0.535s url=https://www.myfonts.com/products/outline-regular-sagiel-prenock-1136619
[2026-04-21T08:06:09Z] #36 attempt=1/2 status=200 0.387s url=https://www.myfonts.com/collections/sagiel-prenock-font-black-junst/
[2026-04-21T08:06:09Z] #37 attempt=1/2 status=200 0.158s url=https://www.myfonts.com/collections/sagiel-prenock-font-black-junst/?tab=techSpecs
[2026-04-21T08:06:10Z] #38 attempt=1/2 status=200 0.405s url=https://www.myfonts.com/products/gyroscope-complete-family-package-1136603
[2026-04-21T08:06:11Z] #39 attempt=1/2 status=200 0.668s url=https://www.myfonts.com/collections/gyroscope-font-milan-pleva/
[2026-04-21T08:06:13Z] #40 attempt=1/2 status=200 0.951s url=https://www.myfonts.com/collections/gyroscope-font-milan-pleva/?tab=techSpecs
[2026-04-21T08:06:14Z] #41 attempt=1/2 status=200 1.021s url=https://www.myfonts.com/products/adore-mono-complete-family-package-961124
[2026-04-21T08:06:16Z] #42 attempt=1/2 status=200 0.889s url=https://www.myfonts.com/collections/adore-mono-font-garagefonts/
[2026-04-21T08:06:16Z] #43 attempt=1/2 status=200 0.700s url=https://www.myfonts.com/collections/adore-mono-font-garagefonts/?tab=techSpecs
[2026-04-21T08:06:17Z] #44 attempt=1/2 status=200 0.131s url=https://www.myfonts.com/collections/adore-mono-font-garagefonts/
[2026-04-21T08:06:18Z] #45 attempt=1/2 status=200 0.488s url=https://www.myfonts.com/products/modus-complete-family-package-973917
[2026-04-21T08:06:19Z] #46 attempt=1/2 status=200 0.540s url=https://www.myfonts.com/collections/modus-font-garagefonts/
[2026-04-21T08:06:20Z] #47 attempt=1/2 status=200 1.215s url=https://www.myfonts.com/collections/modus-font-garagefonts/?tab=techSpecs
[2026-04-21T08:06:22Z] #48 attempt=1/2 status=200 0.519s url=https://www.myfonts.com/products/ancestri-complete-family-package-1136254
[2026-04-21T08:06:23Z] #49 attempt=1/2 status=200 0.901s url=https://www.myfonts.com/collections/ancestri-font-nollev/
[2026-04-21T08:06:26Z] #50 attempt=1/2 status=200 2.399s url=https://www.myfonts.com/collections/ancestri-font-nollev/?tab=techSpecs
[2026-04-21T08:06:27Z] #51 attempt=1/2 status=200 0.654s url=https://www.myfonts.com/products/monch-neue-complete-family-package-1133973
[2026-04-21T08:06:28Z] #52 attempt=1/2 status=200 0.743s url=https://www.myfonts.com/collections/monch-neue-font-monovo/
[2026-04-21T08:06:29Z] #53 attempt=1/2 status=200 0.835s url=https://www.myfonts.com/collections/monch-neue-font-monovo/?tab=techSpecs
[2026-04-21T08:06:31Z] #54 attempt=1/2 status=200 1.039s url=https://www.myfonts.com/products/bananku-complete-family-package-1136275
[2026-04-21T08:06:34Z] #55 attempt=1/2 status=200 2.445s url=https://www.myfonts.com/collections/bananku-font-alpercakici/
[2026-04-21T08:06:35Z] #56 attempt=1/2 status=200 1.140s url=https://www.myfonts.com/collections/bananku-font-alpercakici/?tab=techSpecs
[2026-04-21T08:06:37Z] #57 attempt=1/2 status=200 0.831s url=https://www.myfonts.com/products/monch-neue-rebellion-complete-family-package-1131247
[2026-04-21T08:06:38Z] #58 attempt=1/2 status=200 0.983s url=https://www.myfonts.com/collections/monch-neue-rebellion-font-monovo/
[2026-04-21T08:06:39Z] #59 attempt=1/2 status=200 0.186s url=https://www.myfonts.com/collections/monch-neue-rebellion-font-monovo/?tab=techSpecs
[2026-04-21T08:06:40Z] #60 attempt=1/2 status=200 0.487s url=https://www.myfonts.com/products/todaya-scriptua-complete-family-package-1136250
[2026-04-21T08:06:41Z] #61 attempt=1/2 status=200 0.502s url=https://www.myfonts.com/collections/todaya-scriptua-font-andfonts/
[2026-04-21T08:06:43Z] #62 attempt=1/2 status=200 1.258s url=https://www.myfonts.com/collections/todaya-scriptua-font-andfonts/?tab=techSpecs
[2026-04-21T08:06:44Z] #63 attempt=1/2 status=200 0.369s url=https://www.myfonts.com/products/regular-befriend-comic-1054163
[2026-04-21T08:06:44Z] #64 attempt=1/2 status=200 0.332s url=https://www.myfonts.com/collections/befriend-comic-font-mvmet/
[2026-04-21T08:06:45Z] #65 attempt=1/2 status=200 0.273s url=https://www.myfonts.com/collections/befriend-comic-font-mvmet/?tab=techSpecs
[2026-04-21T08:06:46Z] #66 attempt=1/2 status=200 0.334s url=https://www.myfonts.com/products/regular-alicante-1054369
[2026-04-21T08:06:46Z] #67 attempt=1/2 status=200 0.295s url=https://www.myfonts.com/collections/alicante-font-simpletype-studios/
[2026-04-21T08:06:47Z] #68 attempt=1/2 status=200 0.139s url=https://www.myfonts.com/collections/alicante-font-simpletype-studios/?tab=techSpecs
[2026-04-21T08:06:48Z] #69 attempt=1/2 status=200 0.305s url=https://www.myfonts.com/products/regular-krumple-1054568
[2026-04-21T08:06:48Z] #70 attempt=1/2 status=200 0.563s url=https://www.myfonts.com/collections/krumple-font-slidehack/
[2026-04-21T08:06:49Z] #71 attempt=1/2 status=200 0.365s url=https://www.myfonts.com/collections/krumple-font-slidehack/?tab=techSpecs
[2026-04-21T08:06:50Z] #72 attempt=1/2 status=200 0.341s url=https://www.myfonts.com/products/regular-manston-1054190
[2026-04-21T08:06:50Z] #73 attempt=1/2 status=200 0.299s url=https://www.myfonts.com/collections/manston-font-rhd-studio/
[2026-04-21T08:06:51Z] #74 attempt=1/2 status=200 0.479s url=https://www.myfonts.com/collections/manston-font-rhd-studio/?tab=techSpecs
[2026-04-21T08:06:52Z] #75 attempt=1/2 status=200 0.321s url=https://www.myfonts.com/products/regular-earlives-1054368
[2026-04-21T08:06:53Z] #76 attempt=1/2 status=200 0.334s url=https://www.myfonts.com/collections/earlives-font-unicode-studio/
[2026-04-21T08:06:53Z] #77 attempt=1/2 status=200 0.450s url=https://www.myfonts.com/collections/earlives-font-unicode-studio/?tab=techSpecs
[2026-04-21T08:06:55Z] #78 attempt=1/6 status=200 0.815s url=https://www.myfonts.com/products.json?limit=100&page=2
[2026-04-21T08:06:55Z] #79 attempt=1/2 status=200 0.298s url=https://www.myfonts.com/products/regular-nolgatine-1054191
[2026-04-21T08:06:56Z] #80 attempt=1/2 status=200 0.245s url=https://www.myfonts.com/collections/nolgatine-font-arendxstudio/
[2026-04-21T08:06:57Z] #81 attempt=1/2 status=200 0.460s url=https://www.myfonts.com/collections/nolgatine-font-arendxstudio/?tab=techSpecs
[2026-04-21T08:06:58Z] #82 attempt=1/2 status=200 0.362s url=https://www.myfonts.com/products/black-blue-blossom-1054213
[2026-04-21T08:06:58Z] #83 attempt=1/2 status=200 0.361s url=https://www.myfonts.com/collections/blue-blossom-font-stockbucket/
[2026-04-21T08:06:59Z] #84 attempt=1/2 status=200 0.622s url=https://www.myfonts.com/collections/blue-blossom-font-stockbucket/?tab=techSpecs
[2026-04-21T08:07:00Z] #85 attempt=1/2 status=200 0.345s url=https://www.myfonts.com/products/ageia-regular-ageia-1054379
[2026-04-21T08:07:00Z] #86 attempt=1/2 status=200 0.328s url=https://www.myfonts.com/collections/ageia-font-lone-army/
[2026-04-21T08:07:01Z] #87 attempt=1/2 status=200 0.561s url=https://www.myfonts.com/collections/ageia-font-lone-army/?tab=techSpecs
[2026-04-21T08:07:03Z] #88 attempt=1/6 status=200 1.004s url=https://www.myfonts.com/products.json?limit=100&page=3
[2026-04-21T08:07:04Z] #89 attempt=1/2 status=200 0.295s url=https://www.myfonts.com/products/regular-sweet-dilemma-1054378
[2026-04-21T08:07:04Z] #90 attempt=1/2 status=200 0.422s url=https://www.myfonts.com/collections/sweet-dilemma-font-epiclinez/
[2026-04-21T08:07:05Z] #91 attempt=1/2 status=200 0.806s url=https://www.myfonts.com/collections/sweet-dilemma-font-epiclinez/?tab=techSpecs
[2026-04-21T08:07:06Z] #92 attempt=1/2 status=200 0.409s url=https://www.myfonts.com/products/regular-festagsia-1054940
[2026-04-21T08:07:07Z] #93 attempt=1/2 status=200 0.591s url=https://www.myfonts.com/collections/festagsia-font-phoenix-group/
[2026-04-21T08:07:08Z] #94 attempt=1/2 status=200 0.357s url=https://www.myfonts.com/collections/festagsia-font-phoenix-group/?tab=techSpecs
[2026-04-21T08:07:08Z] #95 attempt=1/2 status=200 0.306s url=https://www.myfonts.com/products/regular-fantine-1054947
[2026-04-21T08:07:09Z] #96 attempt=1/2 status=200 0.298s url=https://www.myfonts.com/collections/fantine-font-phoenix-group/
[2026-04-21T08:07:09Z] #97 attempt=1/2 status=200 0.132s url=https://www.myfonts.com/collections/fantine-font-phoenix-group/?tab=techSpecs
[2026-04-21T08:07:10Z] #98 attempt=1/2 status=200 0.573s url=https://www.myfonts.com/products/regular-honey-marlone-1054923
[2026-04-21T08:07:11Z] #99 attempt=1/2 status=200 0.309s url=https://www.myfonts.com/collections/honey-marlone-font-ergibi-studio/
[2026-04-21T08:07:12Z] #100 attempt=1/2 status=200 0.302s url=https://www.myfonts.com/collections/honey-marlone-font-ergibi-studio/?tab=techSpecs
[2026-04-21T08:07:13Z] #101 attempt=1/2 status=200 0.512s url=https://www.myfonts.com/products/medium-clarice-407921
[2026-04-21T08:07:13Z] #102 attempt=1/2 status=200 0.525s url=https://www.myfonts.com/collections/clarice-font-garagefonts/
[2026-04-21T08:07:14Z] #103 attempt=1/2 status=200 0.323s url=https://www.myfonts.com/collections/clarice-font-garagefonts/?tab=techSpecs
[2026-04-21T08:07:15Z] #104 attempt=1/2 status=200 0.149s url=https://www.myfonts.com/collections/clarice-font-garagefonts/
[2026-04-21T08:07:16Z] #105 attempt=1/2 status=200 0.583s url=https://www.myfonts.com/products/compressed-unicase-fono-407538
[2026-04-21T08:07:16Z] #106 attempt=1/2 status=200 0.409s url=https://www.myfonts.com/collections/fono-font-garagefonts/
[2026-04-21T08:07:17Z] #107 attempt=1/2 status=200 0.177s url=https://www.myfonts.com/collections/fono-font-garagefonts/?tab=techSpecs
[2026-04-21T08:07:18Z] #108 attempt=1/2 status=200 0.311s url=https://www.myfonts.com/collections/fono-font-garagefonts/
[2026-04-21T08:07:19Z] #109 attempt=1/2 status=200 0.370s url=https://www.myfonts.com/products/contour-arbuckle-409291
[2026-04-21T08:07:19Z] #110 attempt=1/2 status=200 0.344s url=https://www.myfonts.com/collections/arbuckle-font-garagefonts/
[2026-04-21T08:07:20Z] #111 attempt=1/2 status=200 0.299s url=https://www.myfonts.com/collections/arbuckle-font-garagefonts/?tab=techSpecs
[2026-04-21T08:07:21Z] #112 attempt=1/2 status=200 0.470s url=https://www.myfonts.com/products/heavy-obl-metroflex-wide-408313
[2026-04-21T08:07:22Z] #113 attempt=1/2 status=200 0.611s url=https://www.myfonts.com/collections/metroflex-wide-font-garagefonts/
[2026-04-21T08:07:23Z] #114 attempt=1/2 status=200 0.431s url=https://www.myfonts.com/collections/metroflex-wide-font-garagefonts/?tab=techSpecs
[2026-04-21T08:07:23Z] #115 attempt=1/2 status=200 0.128s url=https://www.myfonts.com/collections/metroflex-wide-font-garagefonts/
[2026-04-21T08:07:24Z] #116 attempt=1/2 status=200 0.438s url=https://www.myfonts.com/products/med-obl-osf-metroflex-uni-408136
[2026-04-21T08:07:25Z] #117 attempt=1/2 status=200 0.361s url=https://www.myfonts.com/collections/metroflex-uni-font-garagefonts/
[2026-04-21T08:07:25Z] #118 attempt=1/2 status=200 0.139s url=https://www.myfonts.com/collections/metroflex-uni-font-garagefonts/?tab=techSpecs
[2026-04-21T08:07:26Z] #119 attempt=1/2 status=200 0.394s url=https://www.myfonts.com/collections/metroflex-uni-font-garagefonts/
[2026-04-21T08:07:27Z] #120 attempt=1/2 status=200 0.478s url=https://www.myfonts.com/products/light-obl-metroflex-narrow-408056
[2026-04-21T08:07:28Z] #121 attempt=1/2 status=200 0.403s url=https://www.myfonts.com/collections/metroflex-narrow-font-garagefonts/
[2026-04-21T08:07:28Z] #122 attempt=1/2 status=200 0.118s url=https://www.myfonts.com/collections/metroflex-narrow-font-garagefonts/?tab=techSpecs
[2026-04-21T08:07:29Z] #123 attempt=1/2 status=200 0.209s url=https://www.myfonts.com/collections/metroflex-narrow-font-garagefonts/
[2026-04-21T08:07:30Z] #124 attempt=1/2 status=200 0.376s url=https://www.myfonts.com/products/extra-bold-dotted-weekend-538259
[2026-04-21T08:07:30Z] #125 attempt=1/2 status=200 0.372s url=https://www.myfonts.com/collections/dotted-weekend-font-garagefonts/
[2026-04-21T08:07:31Z] #126 attempt=1/2 status=200 0.374s url=https://www.myfonts.com/collections/dotted-weekend-font-garagefonts/?tab=techSpecs
[2026-04-21T08:07:32Z] #127 attempt=1/2 status=200 0.122s url=https://www.myfonts.com/collections/dotted-weekend-font-garagefonts/
[2026-04-21T08:07:33Z] #128 attempt=1/2 status=404 0.163s url=https://www.myfonts.com/collections/extra-bold-dotted-weekend-538259-font-garagefonts
[2026-04-21T08:07:33Z] #129 attempt=1/2 status=200 0.350s url=https://www.myfonts.com/products/bold-alternates-rough-weekend-538390
[2026-04-21T08:07:34Z] #130 attempt=1/2 status=200 0.481s url=https://www.myfonts.com/collections/rough-weekend-font-garagefonts/
[2026-04-21T08:07:34Z] #131 attempt=1/2 status=200 0.126s url=https://www.myfonts.com/collections/rough-weekend-font-garagefonts/?tab=techSpecs
[2026-04-21T08:07:35Z] #132 attempt=1/2 status=200 0.386s url=https://www.myfonts.com/collections/rough-weekend-font-garagefonts/
[2026-04-21T08:07:36Z] #133 attempt=1/2 status=404 0.183s url=https://www.myfonts.com/collections/bold-alternates-rough-weekend-538390-font-garagefonts
[2026-04-21T08:07:36Z] #134 attempt=1/2 status=200 0.344s url=https://www.myfonts.com/products/normal-alternates-nice-weekend-538346
[2026-04-21T08:07:37Z] #135 attempt=1/2 status=200 0.315s url=https://www.myfonts.com/collections/nice-weekend-font-garagefonts/
[2026-04-21T08:07:37Z] #136 attempt=1/2 status=200 0.141s url=https://www.myfonts.com/collections/nice-weekend-font-garagefonts/?tab=techSpecs
[2026-04-21T08:07:38Z] #137 attempt=1/2 status=200 0.357s url=https://www.myfonts.com/collections/nice-weekend-font-garagefonts/
[2026-04-21T08:07:39Z] #138 attempt=1/2 status=404 0.196s url=https://www.myfonts.com/collections/normal-alternates-nice-weekend-538346-font-garagefonts
[2026-04-21T08:07:39Z] #139 attempt=1/2 status=200 0.379s url=https://www.myfonts.com/products/light-archive-538397
[2026-04-21T08:07:40Z] #140 attempt=1/2 status=200 0.410s url=https://www.myfonts.com/collections/archive-font-garagefonts/
[2026-04-21T08:07:41Z] #141 attempt=1/2 status=200 0.297s url=https://www.myfonts.com/collections/archive-font-garagefonts/?tab=techSpecs
[2026-04-21T08:07:42Z] #142 attempt=1/2 status=200 0.156s url=https://www.myfonts.com/collections/archive-font-garagefonts/
[2026-04-21T08:07:42Z] #143 attempt=1/2 status=404 0.198s url=https://www.myfonts.com/collections/light-archive-538397-font-garagefonts
[2026-04-21T08:07:43Z] #144 attempt=1/2 status=200 0.518s url=https://www.myfonts.com/products/medium-district-pro-412176
[2026-04-21T08:07:44Z] #145 attempt=1/2 status=200 0.486s url=https://www.myfonts.com/collections/district-pro-font-garagefonts/
[2026-04-21T08:07:44Z] #146 attempt=1/2 status=200 0.456s url=https://www.myfonts.com/collections/district-pro-font-garagefonts/?tab=techSpecs
[2026-04-21T08:07:46Z] #147 attempt=1/2 status=200 0.352s url=https://www.myfonts.com/products/black-homage-condensed-415710
[2026-04-21T08:07:46Z] #148 attempt=1/2 status=200 0.305s url=https://www.myfonts.com/collections/homage-condensed-font-garagefonts/
[2026-04-21T08:07:47Z] #149 attempt=1/2 status=200 0.324s url=https://www.myfonts.com/collections/homage-condensed-font-garagefonts/?tab=techSpecs
[2026-04-21T08:07:49Z] #150 attempt=1/6 status=200 0.863s url=https://www.myfonts.com/products.json?limit=100&page=4
[2026-04-21T08:07:49Z] #151 attempt=1/2 status=200 0.268s url=https://www.myfonts.com/products/regular-homage-script-415695
[2026-04-21T08:07:50Z] #152 attempt=1/2 status=200 0.284s url=https://www.myfonts.com/collections/homage-script-font-garagefonts/
[2026-04-21T08:07:50Z] #153 attempt=1/2 status=200 0.253s url=https://www.myfonts.com/collections/homage-script-font-garagefonts/?tab=techSpecs
[2026-04-21T08:07:52Z] #154 attempt=1/2 status=200 1.037s url=https://www.myfonts.com/products/rigeras-ultra-expanded-package-1136130
[2026-04-21T08:07:55Z] #155 attempt=1/2 status=200 2.977s url=https://www.myfonts.com/collections/rigeras-font-seniors-studio/
[2026-04-21T08:07:59Z] #156 attempt=1/2 status=500 3.108s url=https://www.myfonts.com/collections/rigeras-font-seniors-studio/?tab=techSpecs
[2026-04-21T08:08:00Z] #157 attempt=1/2 status=200 0.411s url=https://www.myfonts.com/products/limit-text-normal-package-1135841
[2026-04-21T08:08:01Z] #158 attempt=1/2 status=200 1.331s url=https://www.myfonts.com/collections/limit-text-font-bold-guystm/
[2026-04-21T08:08:02Z] #159 attempt=1/2 status=200 0.900s url=https://www.myfonts.com/collections/limit-text-font-bold-guystm/?tab=techSpecs
[2026-04-21T08:08:04Z] #160 attempt=1/2 status=200 0.381s url=https://www.myfonts.com/products/limit-micro-compressed-package-1135770
[2026-04-21T08:08:05Z] #161 attempt=1/2 status=200 1.313s url=https://www.myfonts.com/collections/limit-micro-font-bold-guystm/
[2026-04-21T08:08:07Z] #162 attempt=1/2 status=200 0.928s url=https://www.myfonts.com/collections/limit-micro-font-bold-guystm/?tab=techSpecs
[2026-04-21T08:08:08Z] #163 attempt=1/2 status=200 0.390s url=https://www.myfonts.com/products/limit-display-normal-package-1136009
[2026-04-21T08:08:09Z] #164 attempt=1/2 status=200 0.924s url=https://www.myfonts.com/collections/limit-display-font-bold-guystm/
[2026-04-21T08:08:10Z] #165 attempt=1/2 status=200 0.190s url=https://www.myfonts.com/collections/limit-display-font-bold-guystm/?tab=techSpecs
[2026-04-21T08:08:11Z] #166 attempt=1/2 status=200 0.382s url=https://www.myfonts.com/products/limit-micro-variable-concept-complete-family-package-1135724
[2026-04-21T08:08:12Z] #167 attempt=1/2 status=200 0.382s url=https://www.myfonts.com/collections/limit-micro-variable-concept-font-bold-guystm/
[2026-04-21T08:08:12Z] #168 attempt=1/2 status=200 0.150s url=https://www.myfonts.com/collections/limit-micro-variable-concept-font-bold-guystm/?tab=techSpecs
[2026-04-21T08:08:13Z] #169 attempt=1/2 status=200 0.421s url=https://www.myfonts.com/products/limit-display-variable-concept-complete-family-package-1135716
[2026-04-21T08:08:14Z] #170 attempt=1/2 status=200 0.448s url=https://www.myfonts.com/collections/limit-display-variable-concept-font-bold-guystm/
[2026-04-21T08:08:14Z] #171 attempt=1/2 status=200 0.139s url=https://www.myfonts.com/collections/limit-display-variable-concept-font-bold-guystm/?tab=techSpecs
[2026-04-21T08:08:17Z] #172 attempt=1/2 status=200 0.961s url=https://www.myfonts.com/products/expanded-package-1135715
[2026-04-21T08:08:19Z] #173 attempt=1/2 status=200 2.088s url=https://www.myfonts.com/collections/sharink-font-nia-typework/
[2026-04-21T08:08:20Z] #174 attempt=1/2 status=200 0.232s url=https://www.myfonts.com/collections/sharink-font-nia-typework/?tab=techSpecs
[2026-04-21T08:08:22Z] #175 attempt=1/6 status=200 0.744s url=https://www.myfonts.com/products.json?limit=100&page=5
[2026-04-21T08:08:23Z] #176 attempt=1/2 status=200 0.282s url=https://www.myfonts.com/products/limit-variable-concept-full-complete-family-package-1136010
[2026-04-21T08:08:24Z] #177 attempt=1/2 status=200 0.604s url=https://www.myfonts.com/collections/limit-variable-concept-full-font-bold-guystm/
[2026-04-21T08:08:24Z] #178 attempt=1/2 status=200 0.469s url=https://www.myfonts.com/collections/limit-variable-concept-full-font-bold-guystm/?tab=techSpecs
[2026-04-21T08:08:26Z] #179 attempt=1/2 status=200 1.014s url=https://www.myfonts.com/products/climber-complete-family-package-1136131
[2026-04-21T08:08:28Z] #180 attempt=1/2 status=200 1.459s url=https://www.myfonts.com/collections/climber-font-alpercakici/
[2026-04-21T08:08:30Z] #181 attempt=1/2 status=200 1.450s url=https://www.myfonts.com/collections/climber-font-alpercakici/?tab=techSpecs
[2026-04-21T08:08:32Z] #182 attempt=1/2 status=200 0.693s url=https://www.myfonts.com/products/midgard-complete-family-package-1136014
[2026-04-21T08:08:33Z] #183 attempt=1/2 status=200 0.869s url=https://www.myfonts.com/collections/midgard-font-alpercakici/
[2026-04-21T08:08:34Z] #184 attempt=1/2 status=200 0.844s url=https://www.myfonts.com/collections/midgard-font-alpercakici/?tab=techSpecs
[2026-04-21T08:08:35Z] #185 attempt=1/2 status=200 0.277s url=https://www.myfonts.com/products/limit-text-variable-concept-complete-family-package-1135720
[2026-04-21T08:08:36Z] #186 attempt=1/2 status=200 0.532s url=https://www.myfonts.com/collections/limit-text-variable-concept-font-bold-guystm/
[2026-04-21T08:08:36Z] #187 attempt=1/2 status=200 0.133s url=https://www.myfonts.com/collections/limit-text-variable-concept-font-bold-guystm/?tab=techSpecs
[2026-04-21T08:08:38Z] #188 attempt=1/6 status=200 0.590s url=https://www.myfonts.com/products.json?limit=100&page=6
[2026-04-21T08:08:39Z] #189 attempt=1/6 status=200 0.716s url=https://www.myfonts.com/products.json?limit=100&page=7
[2026-04-21T08:08:40Z] #190 attempt=1/2 status=200 0.310s url=https://www.myfonts.com/products/loceane-complete-family-package-1135652
[2026-04-21T08:08:41Z] #191 attempt=1/2 status=200 0.577s url=https://www.myfonts.com/collections/loceane-font-mirachma/
[2026-04-21T08:08:41Z] #192 attempt=1/2 status=200 0.462s url=https://www.myfonts.com/collections/loceane-font-mirachma/?tab=techSpecs
[2026-04-21T08:08:43Z] #193 attempt=1/2 status=200 0.372s url=https://www.myfonts.com/products/angusta-complete-family-package-1135639
[2026-04-21T08:08:44Z] #194 attempt=1/2 status=200 0.602s url=https://www.myfonts.com/collections/angusta-font-the-northern-block/
[2026-04-21T08:08:45Z] #195 attempt=1/2 status=200 0.524s url=https://www.myfonts.com/collections/angusta-font-the-northern-block/?tab=techSpecs
[2026-04-21T08:08:46Z] #196 attempt=1/2 status=200 0.277s url=https://www.myfonts.com/products/regular-label-machine-1135709
[2026-04-21T08:08:46Z] #197 attempt=1/2 status=200 0.240s url=https://www.myfonts.com/collections/label-machine-font-jeff-levine/
[2026-04-21T08:08:47Z] #198 attempt=1/2 status=200 0.393s url=https://www.myfonts.com/collections/label-machine-font-jeff-levine/?tab=techSpecs
[2026-04-21T08:08:49Z] #199 attempt=1/6 status=200 0.945s url=https://www.myfonts.com/products.json?limit=100&page=8
[2026-04-21T08:08:50Z] #200 attempt=1/2 status=200 0.961s url=https://www.myfonts.com/products/modern-elegance-set-package-1135710
[2026-04-21T08:08:50Z] #201 attempt=1/2 status=404 0.170s url=https://www.myfonts.com/collections/modern-elegance-set-font-fontop
[2026-04-21T08:08:51Z] #202 attempt=1/2 status=200 0.949s url=https://www.myfonts.com/products/thinkdust-nanami-font-bundle-package-857723
[2026-04-21T08:08:52Z] #203 attempt=1/2 status=404 0.169s url=https://www.myfonts.com/collections/thinkdust-nanami-font-bundle-font-hyperfluro
[2026-04-21T08:08:52Z] #204 attempt=1/2 status=200 0.356s url=https://www.myfonts.com/products/the-divine-font-bundle-package-945588
[2026-04-21T08:08:53Z] #205 attempt=1/2 status=404 0.172s url=https://www.myfonts.com/collections/the-divine-font-bundle-font-hyperfluro
[2026-04-21T08:08:54Z] #206 attempt=1/2 status=200 0.820s url=https://www.myfonts.com/products/eighty-killer-fonts-one-insane-deal-package-1022813
[2026-04-21T08:08:54Z] #207 attempt=1/2 status=404 0.187s url=https://www.myfonts.com/collections/eighty-killer-fonts-one-insane-deal-font-hyperfluro
[2026-04-21T08:08:55Z] #208 attempt=1/2 status=200 0.375s url=https://www.myfonts.com/products/the-ultimate-font-bundle-for-bold-statements-package-1023030
[2026-04-21T08:08:55Z] #209 attempt=1/2 status=404 0.184s url=https://www.myfonts.com/collections/the-ultimate-font-bundle-for-bold-statements-font-hyperfluro
[2026-04-21T08:08:56Z] #210 attempt=1/2 status=200 0.508s url=https://www.myfonts.com/products/the-cyberpunk-bundle-package-945589
[2026-04-21T08:08:56Z] #211 attempt=1/2 status=404 0.171s url=https://www.myfonts.com/collections/the-cyberpunk-bundle-font-hyperfluro
[2026-04-21T08:08:57Z] #212 attempt=1/2 status=200 0.872s url=https://www.myfonts.com/products/workhorse-pro-bundle-package-1023031
[2026-04-21T08:08:58Z] #213 attempt=1/2 status=404 0.184s url=https://www.myfonts.com/collections/workhorse-pro-bundle-font-hyperfluro
[2026-04-21T08:08:59Z] #214 attempt=1/2 status=200 0.700s url=https://www.myfonts.com/products/ultimate-font-bundle-package-1003954
[2026-04-21T08:08:59Z] #215 attempt=1/2 status=404 0.208s url=https://www.myfonts.com/collections/ultimate-font-bundle-font-hyperfluro
[2026-04-21T08:09:00Z] #216 attempt=1/2 status=200 0.449s url=https://www.myfonts.com/products/111-font-bundle-package-951499
[2026-04-21T08:09:00Z] #217 attempt=1/2 status=404 0.166s url=https://www.myfonts.com/collections/111-font-bundle-font-hyperfluro
[2026-04-21T08:09:01Z] #218 attempt=1/2 status=200 0.599s url=https://www.myfonts.com/products/thinkdust-nanami-font-bundle-package-863063
[2026-04-21T08:09:01Z] #219 attempt=1/2 status=404 0.157s url=https://www.myfonts.com/collections/thinkdust-nanami-font-bundle-font-hyperfluro
[2026-04-21T08:09:02Z] #220 attempt=1/2 status=200 0.587s url=https://www.myfonts.com/products/1-week-wonder-font-bundle-package-1022814
[2026-04-21T08:09:02Z] #221 attempt=1/2 status=404 0.160s url=https://www.myfonts.com/collections/1-week-wonder-font-bundle-font-hyperfluro
[2026-04-21T08:09:03Z] #222 attempt=1/2 status=200 0.911s url=https://www.myfonts.com/products/modern-duo-package-1135657
[2026-04-21T08:09:04Z] #223 attempt=1/2 status=404 0.207s url=https://www.myfonts.com/collections/modern-duo-font-fontop
[2026-04-21T08:09:05Z] #224 attempt=1/2 status=200 1.123s url=https://www.myfonts.com/products/humanist-package-992336
[2026-04-21T08:09:06Z] #225 attempt=1/2 status=404 0.199s url=https://www.myfonts.com/collections/humanist-font-the-northern-block
[2026-04-21T08:09:06Z] #226 attempt=1/2 status=200 0.488s url=https://www.myfonts.com/products/wionah-fellow-complete-family-package-1134902
[2026-04-21T08:09:07Z] #227 attempt=1/2 status=200 0.494s url=https://www.myfonts.com/collections/wionah-fellow-font-tini-fitriani/
[2026-04-21T08:09:07Z] #228 attempt=1/2 status=200 0.122s url=https://www.myfonts.com/collections/wionah-fellow-font-tini-fitriani/?tab=techSpecs
[2026-04-21T08:09:09Z] #229 attempt=1/2 status=200 0.344s url=https://www.myfonts.com/products/curlish-complete-family-package-1135220
[2026-04-21T08:09:09Z] #230 attempt=1/2 status=200 0.451s url=https://www.myfonts.com/collections/curlish-font-cocodesign/
[2026-04-21T08:09:10Z] #231 attempt=1/2 status=200 0.751s url=https://www.myfonts.com/collections/curlish-font-cocodesign/?tab=techSpecs
[2026-04-21T08:09:12Z] #232 attempt=1/2 status=200 0.410s url=https://www.myfonts.com/products/joyfair-complete-family-package-1135216
[2026-04-21T08:09:12Z] #233 attempt=1/2 status=200 0.598s url=https://www.myfonts.com/collections/joyfair-font-nathatype/
[2026-04-21T08:09:13Z] #234 attempt=1/2 status=200 0.146s url=https://www.myfonts.com/collections/joyfair-font-nathatype/?tab=techSpecs
[2026-04-21T08:09:15Z] #235 attempt=1/2 status=200 1.257s url=https://www.myfonts.com/products/standard-package-1134898
[2026-04-21T08:09:17Z] #236 attempt=1/2 status=200 2.038s url=https://www.myfonts.com/collections/bruchey-font-fargun-studio/
[2026-04-21T08:09:19Z] #237 attempt=1/2 status=200 1.808s url=https://www.myfonts.com/collections/bruchey-font-fargun-studio/?tab=techSpecs
[2026-04-21T08:09:21Z] #238 attempt=1/2 status=200 0.332s url=https://www.myfonts.com/products/cavella-society-complete-family-package-1135353
[2026-04-21T08:09:22Z] #239 attempt=1/2 status=200 0.432s url=https://www.myfonts.com/collections/cavella-society-font-black-junst/
[2026-04-21T08:09:23Z] #240 attempt=1/2 status=200 0.560s url=https://www.myfonts.com/collections/cavella-society-font-black-junst/?tab=techSpecs
[2026-04-21T08:09:24Z] #241 attempt=1/2 status=200 0.921s url=https://www.myfonts.com/products/sandport-complete-family-package-1135510
[2026-04-21T08:09:26Z] #242 attempt=1/2 status=200 1.332s url=https://www.myfonts.com/collections/sandport-font-district-62-studio/
[2026-04-21T08:09:28Z] #243 attempt=1/2 status=200 1.162s url=https://www.myfonts.com/collections/sandport-font-district-62-studio/?tab=techSpecs
[2026-04-21T08:09:29Z] #244 attempt=1/2 status=200 0.455s url=https://www.myfonts.com/products/geshing-complete-family-package-1135579
[2026-04-21T08:09:30Z] #245 attempt=1/2 status=200 0.802s url=https://www.myfonts.com/collections/geshing-font-syafbe/
[2026-04-21T08:09:31Z] #246 attempt=1/2 status=200 0.831s url=https://www.myfonts.com/collections/geshing-font-syafbe/?tab=techSpecs
[2026-04-21T08:09:32Z] #247 attempt=1/2 status=200 0.340s url=https://www.myfonts.com/products/melted-donuts-complete-family-package-1135511
[2026-04-21T08:09:33Z] #248 attempt=1/2 status=200 0.446s url=https://www.myfonts.com/collections/melted-donuts-font-letterafandi-studio/
[2026-04-21T08:09:34Z] #249 attempt=1/2 status=200 0.348s url=https://www.myfonts.com/collections/melted-donuts-font-letterafandi-studio/?tab=techSpecs
[2026-04-21T08:09:35Z] #250 attempt=1/2 status=200 0.397s url=https://www.myfonts.com/products/sora-carnel-complete-family-package-1134797
[2026-04-21T08:09:36Z] #251 attempt=1/2 status=200 0.505s url=https://www.myfonts.com/collections/sora-carnel-font-vermilione/
[2026-04-21T08:09:36Z] #252 attempt=1/2 status=200 0.397s url=https://www.myfonts.com/collections/sora-carnel-font-vermilione/?tab=techSpecs
[2026-04-21T08:09:37Z] #253 attempt=1/2 status=200 0.357s url=https://www.myfonts.com/products/raban-complete-family-package-1134791
[2026-04-21T08:09:38Z] #254 attempt=1/2 status=200 0.485s url=https://www.myfonts.com/collections/raban-font-borutta/
[2026-04-21T08:09:39Z] #255 attempt=1/2 status=200 0.118s url=https://www.myfonts.com/collections/raban-font-borutta/?tab=techSpecs
[2026-04-21T08:09:40Z] #256 attempt=1/2 status=200 0.427s url=https://www.myfonts.com/products/warfield-complete-family-package-1135234
[2026-04-21T08:09:41Z] #257 attempt=1/2 status=200 0.702s url=https://www.myfonts.com/collections/warfield-font-defharo/
[2026-04-21T08:09:42Z] #258 attempt=1/2 status=200 0.569s url=https://www.myfonts.com/collections/warfield-font-defharo/?tab=techSpecs
[2026-04-21T08:09:43Z] #259 attempt=1/2 status=200 0.399s url=https://www.myfonts.com/products/blue-cosmic-complete-family-package-1134800
[2026-04-21T08:09:44Z] #260 attempt=1/2 status=200 0.501s url=https://www.myfonts.com/collections/blue-cosmic-font-font-liner/
[2026-04-21T08:09:44Z] #261 attempt=1/2 status=200 0.543s url=https://www.myfonts.com/collections/blue-cosmic-font-font-liner/?tab=techSpecs
[2026-04-21T08:09:45Z] #262 attempt=1/2 status=200 0.348s url=https://www.myfonts.com/products/plumgumty-complete-family-package-1135559
[2026-04-21T08:09:46Z] #263 attempt=1/2 status=200 0.506s url=https://www.myfonts.com/collections/plumgumty-font-rashdrawn/
[2026-04-21T08:09:47Z] #264 attempt=1/2 status=200 0.479s url=https://www.myfonts.com/collections/plumgumty-font-rashdrawn/?tab=techSpecs
[2026-04-21T08:09:48Z] #265 attempt=1/2 status=200 0.362s url=https://www.myfonts.com/products/violetta-estrada-complete-family-package-1135225
[2026-04-21T08:09:49Z] #266 attempt=1/2 status=200 0.469s url=https://www.myfonts.com/collections/violetta-estrada-font-qweera-studio/
[2026-04-21T08:09:49Z] #267 attempt=1/2 status=200 0.372s url=https://www.myfonts.com/collections/violetta-estrada-font-qweera-studio/?tab=techSpecs
[2026-04-21T08:09:51Z] #268 attempt=1/2 status=200 0.414s url=https://www.myfonts.com/products/pn-harpischord-complete-family-package-1135474
[2026-04-21T08:09:51Z] #269 attempt=1/2 status=200 0.593s url=https://www.myfonts.com/collections/pn-harpischord-font-lettering-delights/
[2026-04-21T08:09:52Z] #270 attempt=1/2 status=200 0.581s url=https://www.myfonts.com/collections/pn-harpischord-font-lettering-delights/?tab=techSpecs
[2026-04-21T08:09:54Z] #271 attempt=1/2 status=200 0.459s url=https://www.myfonts.com/products/atherna-complete-family-package-1135487
[2026-04-21T08:09:55Z] #272 attempt=1/2 status=200 0.435s url=https://www.myfonts.com/collections/atherna-font-burntilldead/
[2026-04-21T08:09:55Z] #273 attempt=1/2 status=200 0.134s url=https://www.myfonts.com/collections/atherna-font-burntilldead/?tab=techSpecs
[2026-04-21T08:09:56Z] #274 attempt=1/2 status=200 0.371s url=https://www.myfonts.com/products/blah-blah-upper-complete-family-package-1135628
[2026-04-21T08:09:57Z] #275 attempt=1/2 status=200 0.471s url=https://www.myfonts.com/collections/blah-blah-upper-font-comicraft/
[2026-04-21T08:09:58Z] #276 attempt=1/2 status=200 0.669s url=https://www.myfonts.com/collections/blah-blah-upper-font-comicraft/?tab=techSpecs
[2026-04-21T08:10:00Z] #277 attempt=1/2 status=200 0.611s url=https://www.myfonts.com/products/version-c-package-1134789
[2026-04-21T08:10:01Z] #278 attempt=1/2 status=200 1.371s url=https://www.myfonts.com/collections/version-t-font-pizzatypefaces/
[2026-04-21T08:10:02Z] #279 attempt=1/2 status=200 0.191s url=https://www.myfonts.com/collections/version-t-font-pizzatypefaces/?tab=techSpecs
[2026-04-21T08:10:03Z] #280 attempt=1/2 status=200 0.417s url=https://www.myfonts.com/products/perfect-roman-complete-family-package-1135615
[2026-04-21T08:10:04Z] #281 attempt=1/2 status=200 0.739s url=https://www.myfonts.com/collections/perfect-roman-font-flanker/
[2026-04-21T08:10:04Z] #282 attempt=1/2 status=200 0.132s url=https://www.myfonts.com/collections/perfect-roman-font-flanker/?tab=techSpecs
[2026-04-21T08:10:06Z] #283 attempt=1/2 status=200 0.393s url=https://www.myfonts.com/products/pn-beautimous-complete-family-package-1135459
[2026-04-21T08:10:06Z] #284 attempt=1/2 status=200 0.629s url=https://www.myfonts.com/collections/pn-beautimous-font-lettering-delights/
[2026-04-21T08:10:07Z] #285 attempt=1/2 status=200 0.511s url=https://www.myfonts.com/collections/pn-beautimous-font-lettering-delights/?tab=techSpecs
[2026-04-21T08:10:09Z] #286 attempt=1/2 status=200 0.324s url=https://www.myfonts.com/products/rosy-meadow-complete-family-package-1134908
[2026-04-21T08:10:09Z] #287 attempt=1/2 status=200 0.453s url=https://www.myfonts.com/collections/rosy-meadow-font-shanaf/
[2026-04-21T08:10:10Z] #288 attempt=1/2 status=200 0.135s url=https://www.myfonts.com/collections/rosy-meadow-font-shanaf/?tab=techSpecs
[2026-04-21T08:10:11Z] #289 attempt=1/2 status=200 0.354s url=https://www.myfonts.com/products/dreamy-glitter-complete-family-package-1135210
[2026-04-21T08:10:12Z] #290 attempt=1/2 status=200 0.701s url=https://www.myfonts.com/collections/dreamy-glitter-font-rashdrawn/
[2026-04-21T08:10:12Z] #291 attempt=1/2 status=200 0.351s url=https://www.myfonts.com/collections/dreamy-glitter-font-rashdrawn/?tab=techSpecs
[2026-04-21T08:10:14Z] #292 attempt=1/2 status=200 0.398s url=https://www.myfonts.com/products/ragu-complete-family-package-1135023
[2026-04-21T08:10:14Z] #293 attempt=1/2 status=200 0.586s url=https://www.myfonts.com/collections/ragu-font-nova-type-foundry/
[2026-04-21T08:10:15Z] #294 attempt=1/2 status=200 0.482s url=https://www.myfonts.com/collections/ragu-font-nova-type-foundry/?tab=techSpecs
[2026-04-21T08:10:17Z] #295 attempt=1/2 status=200 0.416s url=https://www.myfonts.com/products/clusty-complete-family-package-1135501
[2026-04-21T08:10:17Z] #296 attempt=1/2 status=200 0.434s url=https://www.myfonts.com/collections/clusty-font-ragamkata/
[2026-04-21T08:10:18Z] #297 attempt=1/2 status=200 0.139s url=https://www.myfonts.com/collections/clusty-font-ragamkata/?tab=techSpecs
[2026-04-21T08:10:20Z] #298 attempt=1/2 status=200 1.566s url=https://www.myfonts.com/products/kornesia-complete-family-package-1135356
[2026-04-21T08:10:22Z] #299 attempt=1/2 status=200 1.321s url=https://www.myfonts.com/collections/kornesia-font-mantype-studio/
[2026-04-21T08:10:24Z] #300 attempt=1/2 status=200 1.688s url=https://www.myfonts.com/collections/kornesia-font-mantype-studio/?tab=techSpecs
[2026-04-21T08:10:26Z] #301 attempt=1/2 status=200 0.618s url=https://www.myfonts.com/products/georgia-praline-script-complete-family-package-1135506
[2026-04-21T08:10:26Z] #302 attempt=1/2 status=200 0.461s url=https://www.myfonts.com/collections/georgia-praline-script-font-font-liner/
[2026-04-21T08:10:27Z] #303 attempt=1/2 status=200 0.528s url=https://www.myfonts.com/collections/georgia-praline-script-font-font-liner/?tab=techSpecs
[2026-04-21T08:10:29Z] #304 attempt=1/2 status=200 0.523s url=https://www.myfonts.com/products/zp-red-roses-complete-family-package-1135448
[2026-04-21T08:10:29Z] #305 attempt=1/2 status=200 0.482s url=https://www.myfonts.com/collections/zp-red-roses-font-lettering-delights/
[2026-04-21T08:10:30Z] #306 attempt=1/2 status=200 0.132s url=https://www.myfonts.com/collections/zp-red-roses-font-lettering-delights/?tab=techSpecs
[2026-04-21T08:10:31Z] #307 attempt=1/2 status=200 0.331s url=https://www.myfonts.com/products/huffleheim-complete-family-package-1135228
[2026-04-21T08:10:32Z] #308 attempt=1/2 status=200 0.908s url=https://www.myfonts.com/collections/huffleheim-font-qweera-studio/
[2026-04-21T08:10:32Z] #309 attempt=1/2 status=200 0.148s url=https://www.myfonts.com/collections/huffleheim-font-qweera-studio/?tab=techSpecs
[2026-04-21T08:10:34Z] #310 attempt=1/2 status=200 0.943s url=https://www.myfonts.com/products/screwby-complete-family-package-1118856
[2026-04-21T08:10:36Z] #311 attempt=1/2 status=200 1.240s url=https://www.myfonts.com/collections/screwby-font-pink-broccoli/
[2026-04-21T08:10:36Z] #312 attempt=1/2 status=200 0.170s url=https://www.myfonts.com/collections/screwby-font-pink-broccoli/?tab=techSpecs
[2026-04-21T08:10:37Z] #313 attempt=1/2 status=200 0.343s url=https://www.myfonts.com/products/yinderia-complete-family-package-1135493
[2026-04-21T08:10:38Z] #314 attempt=1/2 status=200 0.388s url=https://www.myfonts.com/collections/yinderia-font-tini-fitriani/
[2026-04-21T08:10:39Z] #315 attempt=1/2 status=200 0.572s url=https://www.myfonts.com/collections/yinderia-font-tini-fitriani/?tab=techSpecs
[2026-04-21T08:10:40Z] #316 attempt=1/2 status=200 0.384s url=https://www.myfonts.com/products/segalys-complete-family-package-1134723
[2026-04-21T08:10:41Z] #317 attempt=1/2 status=200 0.597s url=https://www.myfonts.com/collections/segalys-font-enfeeltype/
[2026-04-21T08:10:41Z] #318 attempt=1/2 status=200 0.130s url=https://www.myfonts.com/collections/segalys-font-enfeeltype/?tab=techSpecs
[2026-04-21T08:10:43Z] #319 attempt=1/2 status=200 0.400s url=https://www.myfonts.com/products/exatron-complete-family-package-1135599
[2026-04-21T08:10:43Z] #320 attempt=1/2 status=200 0.555s url=https://www.myfonts.com/collections/exatron-font-hipfonts/
[2026-04-21T08:10:44Z] #321 attempt=1/2 status=200 0.197s url=https://www.myfonts.com/collections/exatron-font-hipfonts/?tab=techSpecs
[2026-04-21T08:10:45Z] #322 attempt=1/2 status=200 0.346s url=https://www.myfonts.com/products/maison-veloria-complete-family-package-1134912
[2026-04-21T08:10:46Z] #323 attempt=1/2 status=200 0.438s url=https://www.myfonts.com/collections/maison-veloria-font-shanaf/
[2026-04-21T08:10:46Z] #324 attempt=1/2 status=200 0.392s url=https://www.myfonts.com/collections/maison-veloria-font-shanaf/?tab=techSpecs
[2026-04-21T08:10:47Z] #325 attempt=1/2 status=200 0.304s url=https://www.myfonts.com/products/mexican-brotherhood-complete-family-package-1135350
[2026-04-21T08:10:48Z] #326 attempt=1/2 status=200 0.425s url=https://www.myfonts.com/collections/mexican-brotherhood-font-woodcutter/
[2026-04-21T08:10:49Z] #327 attempt=1/2 status=200 0.279s url=https://www.myfonts.com/collections/mexican-brotherhood-font-woodcutter/?tab=techSpecs
[2026-04-21T08:10:50Z] #328 attempt=1/2 status=200 0.312s url=https://www.myfonts.com/products/morally-northern-complete-family-package-1135497
[2026-04-21T08:10:51Z] #329 attempt=1/2 status=200 0.460s url=https://www.myfonts.com/collections/morally-northern-font-marvadesign/
[2026-04-21T08:10:51Z] #330 attempt=1/2 status=200 0.148s url=https://www.myfonts.com/collections/morally-northern-font-marvadesign/?tab=techSpecs
[2026-04-21T08:10:52Z] #331 attempt=1/2 status=200 0.316s url=https://www.myfonts.com/products/gelgira-complete-family-package-1135231
[2026-04-21T08:10:53Z] #332 attempt=1/2 status=200 0.380s url=https://www.myfonts.com/collections/gelgira-font-qweera-studio/
[2026-04-21T08:10:53Z] #333 attempt=1/2 status=200 0.127s url=https://www.myfonts.com/collections/gelgira-font-qweera-studio/?tab=techSpecs
[2026-04-21T08:10:54Z] #334 attempt=1/2 status=200 0.512s url=https://www.myfonts.com/products/hint-complete-family-package-1135315
[2026-04-21T08:10:55Z] #335 attempt=1/2 status=200 0.566s url=https://www.myfonts.com/collections/hint-font-paratype/
[2026-04-21T08:10:56Z] #336 attempt=1/2 status=200 0.138s url=https://www.myfonts.com/collections/hint-font-paratype/?tab=techSpecs
[2026-04-21T08:10:57Z] #337 attempt=1/2 status=200 0.842s url=https://www.myfonts.com/products/circular-brush-quareg-1134923
[2026-04-21T08:10:59Z] #338 attempt=1/2 status=200 1.357s url=https://www.myfonts.com/collections/quareg-font-alpercakici/
[2026-04-21T08:11:00Z] #339 attempt=1/2 status=200 1.112s url=https://www.myfonts.com/collections/quareg-font-alpercakici/?tab=techSpecs
[2026-04-21T08:11:02Z] #340 attempt=1/2 status=200 0.496s url=https://www.myfonts.com/products/rough-italic-rochia-1135257
[2026-04-21T08:11:03Z] #341 attempt=1/2 status=200 0.681s url=https://www.myfonts.com/collections/rochia-font-alpercakici/
[2026-04-21T08:11:04Z] #342 attempt=1/2 status=200 0.584s url=https://www.myfonts.com/collections/rochia-font-alpercakici/?tab=techSpecs
[2026-04-21T08:11:06Z] #343 attempt=1/2 status=200 1.028s url=https://www.myfonts.com/products/circular-outline-italic-transform-1135137
[2026-04-21T08:11:07Z] #344 attempt=1/2 status=200 1.396s url=https://www.myfonts.com/collections/transform-font-alpercakici/
[2026-04-21T08:11:09Z] #345 attempt=1/2 status=200 1.422s url=https://www.myfonts.com/collections/transform-font-alpercakici/?tab=techSpecs
[2026-04-21T08:11:11Z] #346 attempt=1/2 status=200 0.468s url=https://www.myfonts.com/products/brush-charro-1135291
[2026-04-21T08:11:12Z] #347 attempt=1/2 status=200 0.727s url=https://www.myfonts.com/collections/charro-font-alpercakici/
[2026-04-21T08:11:12Z] #348 attempt=1/2 status=200 0.133s url=https://www.myfonts.com/collections/charro-font-alpercakici/?tab=techSpecs
[2026-04-21T08:11:14Z] #349 attempt=1/2 status=200 0.558s url=https://www.myfonts.com/products/compressed-light-italic-forley-micro-1135073
[2026-04-21T08:11:15Z] #350 attempt=1/2 status=200 1.283s url=https://www.myfonts.com/collections/forley-micro-font-monotype-imaging/
[2026-04-21T08:11:16Z] #351 attempt=1/2 status=200 0.910s url=https://www.myfonts.com/collections/forley-micro-font-monotype-imaging/?tab=techSpecs
[2026-04-21T08:11:18Z] #352 attempt=1/6 status=200 0.679s url=https://www.myfonts.com/products.json?limit=100&page=9
[2026-04-21T08:11:19Z] #353 attempt=1/2 status=200 0.545s url=https://www.myfonts.com/products/semibold-baga-1135019
[2026-04-21T08:11:20Z] #354 attempt=1/2 status=200 0.556s url=https://www.myfonts.com/collections/baga-font-nova-type-foundry/
[2026-04-21T08:11:21Z] #355 attempt=1/2 status=200 0.515s url=https://www.myfonts.com/collections/baga-font-nova-type-foundry/?tab=techSpecs
[2026-04-21T08:11:22Z] #356 attempt=1/2 status=200 0.338s url=https://www.myfonts.com/products/regular-cynthera-grace-1134729
[2026-04-21T08:11:22Z] #357 attempt=1/2 status=200 0.345s url=https://www.myfonts.com/collections/cynthera-grace-font-qiubare-studio/
[2026-04-21T08:11:23Z] #358 attempt=1/2 status=200 0.262s url=https://www.myfonts.com/collections/cynthera-grace-font-qiubare-studio/?tab=techSpecs
[2026-04-21T08:11:24Z] #359 attempt=1/2 status=200 0.291s url=https://www.myfonts.com/products/rinaz-regular-rinaz-1134831
[2026-04-21T08:11:24Z] #360 attempt=1/2 status=200 0.247s url=https://www.myfonts.com/collections/rinaz-font-razetype/
[2026-04-21T08:11:25Z] #361 attempt=1/2 status=200 0.314s url=https://www.myfonts.com/collections/rinaz-font-razetype/?tab=techSpecs
[2026-04-21T08:11:26Z] #362 attempt=1/2 status=200 0.581s url=https://www.myfonts.com/products/regular-cursive-amber-1134731
[2026-04-21T08:11:26Z] #363 attempt=1/2 status=200 0.394s url=https://www.myfonts.com/collections/cursive-amber-font-timurtype/
[2026-04-21T08:11:27Z] #364 attempt=1/2 status=200 0.153s url=https://www.myfonts.com/collections/cursive-amber-font-timurtype/?tab=techSpecs
[2026-04-21T08:11:29Z] #365 attempt=1/6 status=200 0.961s url=https://www.myfonts.com/products.json?limit=100&page=10
[2026-04-21T08:11:29Z] #366 attempt=1/2 status=200 0.304s url=https://www.myfonts.com/products/regular-ocean-brezze-1134911
[2026-04-21T08:11:30Z] #367 attempt=1/2 status=200 0.325s url=https://www.myfonts.com/collections/ocean-brezze-font-shanaf/
[2026-04-21T08:11:30Z] #368 attempt=1/2 status=200 0.292s url=https://www.myfonts.com/collections/ocean-brezze-font-shanaf/?tab=techSpecs
[2026-04-21T08:11:31Z] #369 attempt=1/2 status=200 0.288s url=https://www.myfonts.com/products/regular-eriko-1135490
[2026-04-21T08:11:32Z] #370 attempt=1/2 status=200 0.268s url=https://www.myfonts.com/collections/eriko-font-sensatype-studio/
[2026-04-21T08:11:32Z] #371 attempt=1/2 status=200 0.358s url=https://www.myfonts.com/collections/eriko-font-sensatype-studio/?tab=techSpecs
[2026-04-21T08:11:33Z] #372 attempt=1/2 status=200 0.414s url=https://www.myfonts.com/products/regular-bone-alchemy-1135609
[2026-04-21T08:11:34Z] #373 attempt=1/2 status=200 0.301s url=https://www.myfonts.com/collections/bone-alchemy-font-hipfonts/
[2026-04-21T08:11:34Z] #374 attempt=1/2 status=200 0.121s url=https://www.myfonts.com/collections/bone-alchemy-font-hipfonts/?tab=techSpecs
[2026-04-21T08:11:35Z] #375 attempt=1/2 status=200 0.331s url=https://www.myfonts.com/products/regular-rebel-college-script-1135500
[2026-04-21T08:11:36Z] #376 attempt=1/2 status=200 0.383s url=https://www.myfonts.com/collections/rebel-college-script-font-mvmet/
[2026-04-21T08:11:36Z] #377 attempt=1/2 status=200 0.318s url=https://www.myfonts.com/collections/rebel-college-script-font-mvmet/?tab=techSpecs
[2026-04-21T08:11:37Z] #378 attempt=1/2 status=200 0.277s url=https://www.myfonts.com/products/regular-aroin-1135010
[2026-04-21T08:11:38Z] #379 attempt=1/2 status=200 0.274s url=https://www.myfonts.com/collections/aroin-font-pandeka-studio/
[2026-04-21T08:11:38Z] #380 attempt=1/2 status=200 0.124s url=https://www.myfonts.com/collections/aroin-font-pandeka-studio/?tab=techSpecs
[2026-04-21T08:11:39Z] #381 attempt=1/6 status=200 0.720s url=https://www.myfonts.com/products.json?limit=100&page=11
[2026-04-21T08:11:40Z] #382 attempt=1/2 status=200 0.357s url=https://www.myfonts.com/products/regular-zesto-1134905
[2026-04-21T08:11:41Z] #383 attempt=1/2 status=200 0.402s url=https://www.myfonts.com/collections/zesto-font-shanaf/
[2026-04-21T08:11:41Z] #384 attempt=1/2 status=200 0.466s url=https://www.myfonts.com/collections/zesto-font-shanaf/?tab=techSpecs
[2026-04-21T08:11:42Z] #385 attempt=1/2 status=200 0.490s url=https://www.myfonts.com/products/regular-curlicue-garden-1135219
[2026-04-21T08:11:43Z] #386 attempt=1/2 status=200 0.369s url=https://www.myfonts.com/collections/curlicue-garden-font-denustudio/
[2026-04-21T08:11:43Z] #387 attempt=1/2 status=200 0.137s url=https://www.myfonts.com/collections/curlicue-garden-font-denustudio/?tab=techSpecs
[2026-04-21T08:11:44Z] #388 attempt=1/2 status=200 0.310s url=https://www.myfonts.com/products/regular-roselife-1135215
[2026-04-21T08:11:45Z] #389 attempt=1/2 status=200 0.313s url=https://www.myfonts.com/collections/roselife-font-nathatype/
[2026-04-21T08:11:45Z] #390 attempt=1/2 status=200 0.364s url=https://www.myfonts.com/collections/roselife-font-nathatype/?tab=techSpecs
[2026-04-21T08:11:46Z] #391 attempt=1/2 status=200 0.276s url=https://www.myfonts.com/products/regular-venom-voltage-1135610
[2026-04-21T08:11:47Z] #392 attempt=1/2 status=200 0.246s url=https://www.myfonts.com/collections/venom-voltage-font-hipfonts/
[2026-04-21T08:11:47Z] #393 attempt=1/2 status=200 0.444s url=https://www.myfonts.com/collections/venom-voltage-font-hipfonts/?tab=techSpecs
[2026-04-21T08:11:48Z] #394 attempt=1/2 status=200 0.294s url=https://www.myfonts.com/products/regular-nocpro-1135491
[2026-04-21T08:11:49Z] #395 attempt=1/2 status=200 0.398s url=https://www.myfonts.com/collections/nocpro-font-tini-fitriani/
[2026-04-21T08:11:50Z] #396 attempt=1/2 status=200 0.490s url=https://www.myfonts.com/collections/nocpro-font-tini-fitriani/?tab=techSpecs
[2026-04-21T08:11:51Z] #397 attempt=1/6 status=200 0.746s url=https://www.myfonts.com/products.json?limit=100&page=12
[2026-04-21T08:11:52Z] #398 attempt=1/2 status=200 0.295s url=https://www.myfonts.com/products/regular-crustte-bubbly-1134901
[2026-04-21T08:11:52Z] #399 attempt=1/2 status=200 0.295s url=https://www.myfonts.com/collections/crustte-bubbly-font-tini-fitriani/
[2026-04-21T08:11:53Z] #400 attempt=1/2 status=200 0.301s url=https://www.myfonts.com/collections/crustte-bubbly-font-tini-fitriani/?tab=techSpecs
[2026-04-21T08:11:54Z] #401 attempt=1/2 status=200 0.323s url=https://www.myfonts.com/products/regular-zelqa-1134730
[2026-04-21T08:11:54Z] #402 attempt=1/2 status=200 0.265s url=https://www.myfonts.com/collections/zelqa-font-zaain-type/
[2026-04-21T08:11:55Z] #403 attempt=1/2 status=200 0.290s url=https://www.myfonts.com/collections/zelqa-font-zaain-type/?tab=techSpecs
[2026-04-21T08:11:56Z] #404 attempt=1/6 status=200 0.804s url=https://www.myfonts.com/products.json?limit=100&page=13
[2026-04-21T08:11:57Z] #405 attempt=1/2 status=200 0.323s url=https://www.myfonts.com/products/regular-luxmont-1135598
[2026-04-21T08:11:57Z] #406 attempt=1/2 status=200 0.284s url=https://www.myfonts.com/collections/luxmont-font-hipfonts/
[2026-04-21T08:11:58Z] #407 attempt=1/2 status=200 0.336s url=https://www.myfonts.com/collections/luxmont-font-hipfonts/?tab=techSpecs
[2026-04-21T08:11:59Z] #408 attempt=1/2 status=200 0.321s url=https://www.myfonts.com/products/regular-bristleon-1135209
[2026-04-21T08:11:59Z] #409 attempt=1/2 status=200 0.314s url=https://www.myfonts.com/collections/bristleon-font-rhd-creative/
[2026-04-21T08:12:00Z] #410 attempt=1/2 status=200 0.122s url=https://www.myfonts.com/collections/bristleon-font-rhd-creative/?tab=techSpecs
[2026-04-21T08:12:01Z] #411 attempt=1/2 status=200 0.275s url=https://www.myfonts.com/products/regular-neumonics-1134893
[2026-04-21T08:12:01Z] #412 attempt=1/2 status=200 0.294s url=https://www.myfonts.com/collections/neumonics-font-zamjump/
[2026-04-21T08:12:02Z] #413 attempt=1/2 status=200 0.311s url=https://www.myfonts.com/collections/neumonics-font-zamjump/?tab=techSpecs
[2026-04-21T08:12:03Z] #414 attempt=1/2 status=200 0.306s url=https://www.myfonts.com/products/regular-summer-rhythm-1134907
[2026-04-21T08:12:03Z] #415 attempt=1/2 status=200 0.284s url=https://www.myfonts.com/collections/summer-rhythm-font-shanaf/
[2026-04-21T08:12:04Z] #416 attempt=1/2 status=200 0.330s url=https://www.myfonts.com/collections/summer-rhythm-font-shanaf/?tab=techSpecs
[2026-04-21T08:12:04Z] #417 attempt=1/2 status=200 0.303s url=https://www.myfonts.com/products/regular-vintage-runner-1134906
[2026-04-21T08:12:05Z] #418 attempt=1/2 status=200 0.293s url=https://www.myfonts.com/collections/vintage-runner-font-shanaf/
[2026-04-21T08:12:06Z] #419 attempt=1/2 status=200 0.304s url=https://www.myfonts.com/collections/vintage-runner-font-shanaf/?tab=techSpecs
[2026-04-21T08:12:06Z] #420 attempt=1/2 status=200 0.261s url=https://www.myfonts.com/products/regular-nordic-omen-1135611
[2026-04-21T08:12:07Z] #421 attempt=1/2 status=200 0.299s url=https://www.myfonts.com/collections/nordic-omen-font-hipfonts/
[2026-04-21T08:12:08Z] #422 attempt=1/2 status=200 0.426s url=https://www.myfonts.com/collections/nordic-omen-font-hipfonts/?tab=techSpecs
[2026-04-21T08:12:09Z] #423 attempt=1/6 status=200 0.591s url=https://www.myfonts.com/products.json?limit=100&page=14
[2026-04-21T08:12:09Z] #424 attempt=1/2 status=200 0.326s url=https://www.myfonts.com/products/regular-vounell-1135473
[2026-04-21T08:12:10Z] #425 attempt=1/2 status=200 0.281s url=https://www.myfonts.com/collections/vounell-font-outerend/
[2026-04-21T08:12:10Z] #426 attempt=1/2 status=200 0.132s url=https://www.myfonts.com/collections/vounell-font-outerend/?tab=techSpecs
[2026-04-21T08:12:11Z] #427 attempt=1/2 status=200 0.276s url=https://www.myfonts.com/products/regular-gixxer-1134790
[2026-04-21T08:12:12Z] #428 attempt=1/2 status=200 0.313s url=https://www.myfonts.com/collections/gixxer-font-epiclinez/
[2026-04-21T08:12:12Z] #429 attempt=1/2 status=200 0.294s url=https://www.myfonts.com/collections/gixxer-font-epiclinez/?tab=techSpecs
[2026-04-21T08:12:13Z] #430 attempt=1/2 status=200 0.372s url=https://www.myfonts.com/products/regular-surge-1135283
[2026-04-21T08:12:14Z] #431 attempt=1/2 status=200 0.341s url=https://www.myfonts.com/collections/surge-font-linecreative/
[2026-04-21T08:12:14Z] #432 attempt=1/2 status=200 0.124s url=https://www.myfonts.com/collections/surge-font-linecreative/?tab=techSpecs
[2026-04-21T08:12:15Z] #433 attempt=1/2 status=200 0.599s url=https://www.myfonts.com/products/regular-dirello-meadow-1135496
[2026-04-21T08:12:16Z] #434 attempt=1/2 status=200 0.304s url=https://www.myfonts.com/collections/dirello-meadow-font-tini-fitriani/
[2026-04-21T08:12:16Z] #435 attempt=1/2 status=200 0.225s url=https://www.myfonts.com/collections/dirello-meadow-font-tini-fitriani/?tab=techSpecs
[2026-04-21T08:12:17Z] #436 attempt=1/2 status=200 0.307s url=https://www.myfonts.com/products/regular-frenchy-1135214
[2026-04-21T08:12:18Z] #437 attempt=1/2 status=200 0.390s url=https://www.myfonts.com/collections/frenchy-font-krismagraph/
[2026-04-21T08:12:18Z] #438 attempt=1/2 status=200 0.275s url=https://www.myfonts.com/collections/frenchy-font-krismagraph/?tab=techSpecs
[2026-04-21T08:12:20Z] #439 attempt=1/6 status=200 0.781s url=https://www.myfonts.com/products.json?limit=100&page=15
[2026-04-21T08:12:20Z] #440 attempt=1/2 status=200 0.349s url=https://www.myfonts.com/products/regular-dango-1135213
[2026-04-21T08:12:21Z] #441 attempt=1/2 status=200 0.266s url=https://www.myfonts.com/collections/dango-font-marvadesign/
[2026-04-21T08:12:21Z] #442 attempt=1/2 status=200 0.189s url=https://www.myfonts.com/collections/dango-font-marvadesign/?tab=techSpecs
[2026-04-21T08:12:22Z] #443 attempt=1/2 status=200 0.472s url=https://www.myfonts.com/products/regular-polais-1135612
[2026-04-21T08:12:23Z] #444 attempt=1/2 status=200 0.492s url=https://www.myfonts.com/collections/polais-font-hipfonts/
[2026-04-21T08:12:24Z] #445 attempt=1/2 status=200 0.253s url=https://www.myfonts.com/collections/polais-font-hipfonts/?tab=techSpecs
[2026-04-21T08:12:24Z] #446 attempt=1/2 status=200 0.283s url=https://www.myfonts.com/products/regular-pops-cloud-1135492
[2026-04-21T08:12:25Z] #447 attempt=1/2 status=200 0.459s url=https://www.myfonts.com/collections/pops-cloud-font-tini-fitriani/
[2026-04-21T08:12:26Z] #448 attempt=1/2 status=200 0.332s url=https://www.myfonts.com/collections/pops-cloud-font-tini-fitriani/?tab=techSpecs
[2026-04-21T08:12:27Z] #449 attempt=1/6 status=200 0.679s url=https://www.myfonts.com/products.json?limit=100&page=16
[2026-04-21T08:12:28Z] #450 attempt=1/2 status=200 0.243s url=https://www.myfonts.com/products/regular-suffrot-1134804
[2026-04-21T08:12:28Z] #451 attempt=1/2 status=200 0.265s url=https://www.myfonts.com/collections/suffrot-font-razetype/
[2026-04-21T08:12:29Z] #452 attempt=1/2 status=200 0.127s url=https://www.myfonts.com/collections/suffrot-font-razetype/?tab=techSpecs
[2026-04-21T08:12:29Z] #453 attempt=1/2 status=200 0.278s url=https://www.myfonts.com/products/regular-vanta-1135578
[2026-04-21T08:12:30Z] #454 attempt=1/2 status=200 0.297s url=https://www.myfonts.com/collections/vanta-font-eotype/
[2026-04-21T08:12:30Z] #455 attempt=1/2 status=200 0.224s url=https://www.myfonts.com/collections/vanta-font-eotype/?tab=techSpecs
[2026-04-21T08:12:31Z] #456 attempt=1/2 status=200 0.309s url=https://www.myfonts.com/products/regular-te-quran-surah1-tharwat-1135638
[2026-04-21T08:12:32Z] #457 attempt=1/2 status=200 0.357s url=https://www.myfonts.com/collections/te-quran-surah1-tharwat-font-tharwat-emara/
[2026-04-21T08:12:32Z] #458 attempt=1/2 status=200 0.257s url=https://www.myfonts.com/collections/te-quran-surah1-tharwat-font-tharwat-emara/?tab=techSpecs
[2026-04-21T08:12:33Z] #459 attempt=1/2 status=200 0.298s url=https://www.myfonts.com/products/regular-te-quran-surah3-tharwat-1135637
[2026-04-21T08:12:34Z] #460 attempt=1/2 status=200 0.299s url=https://www.myfonts.com/collections/te-quran-surah3-tharwat-font-tharwat-emara/
[2026-04-21T08:12:34Z] #461 attempt=1/2 status=200 0.245s url=https://www.myfonts.com/collections/te-quran-surah3-tharwat-font-tharwat-emara/?tab=techSpecs
[2026-04-21T08:12:35Z] #462 attempt=1/2 status=200 0.286s url=https://www.myfonts.com/products/regular-te-quran-surah2-tharwat-1135636
[2026-04-21T08:12:35Z] #463 attempt=1/2 status=200 0.321s url=https://www.myfonts.com/collections/te-quran-surah2-tharwat-font-tharwat-emara/
[2026-04-21T08:12:36Z] #464 attempt=1/2 status=200 0.238s url=https://www.myfonts.com/collections/te-quran-surah2-tharwat-font-tharwat-emara/?tab=techSpecs
[2026-04-21T08:12:37Z] #465 attempt=1/2 status=200 0.515s url=https://www.myfonts.com/products/novel-sans-hebrew-complete-family-package-1135626
[2026-04-21T08:12:38Z] #466 attempt=1/2 status=200 0.897s url=https://www.myfonts.com/collections/novel-sans-hebrew-font-atlasfontfoundry/
[2026-04-21T08:12:39Z] #467 attempt=1/2 status=200 0.904s url=https://www.myfonts.com/collections/novel-sans-hebrew-font-atlasfontfoundry/?tab=techSpecs
[2026-04-21T08:12:41Z] #468 attempt=1/2 status=200 0.352s url=https://www.myfonts.com/products/novel-sans-greek-complete-family-package-1135625
[2026-04-21T08:12:42Z] #469 attempt=1/2 status=200 0.939s url=https://www.myfonts.com/collections/novel-sans-greek-font-atlasfontfoundry/
[2026-04-21T08:12:43Z] #470 attempt=1/2 status=200 0.663s url=https://www.myfonts.com/collections/novel-sans-greek-font-atlasfontfoundry/?tab=techSpecs
[2026-04-21T08:12:46Z] #471 attempt=1/2 status=200 0.682s url=https://www.myfonts.com/products/bold-italic-th-regular-migorta-elegance-1134276
[2026-04-21T08:12:47Z] #472 attempt=1/2 status=200 0.941s url=https://www.myfonts.com/collections/migorta-elegance-font-gold-type/
[2026-04-21T08:12:48Z] #473 attempt=1/2 status=200 1.015s url=https://www.myfonts.com/collections/migorta-elegance-font-gold-type/?tab=techSpecs
[2026-04-21T08:12:50Z] #474 attempt=1/2 status=200 0.365s url=https://www.myfonts.com/products/regular-dino-slow-1135457
[2026-04-21T08:12:50Z] #475 attempt=1/2 status=200 0.318s url=https://www.myfonts.com/collections/dino-slow-font-yoga-letter/
[2026-04-21T08:12:51Z] #476 attempt=1/2 status=200 0.372s url=https://www.myfonts.com/collections/dino-slow-font-yoga-letter/?tab=techSpecs
[2026-04-21T08:12:51Z] #477 attempt=1/2 status=200 0.297s url=https://www.myfonts.com/products/regular-island-splash-1135456
[2026-04-21T08:12:52Z] #478 attempt=1/2 status=200 0.372s url=https://www.myfonts.com/collections/island-splash-font-yoga-letter/
[2026-04-21T08:12:52Z] #479 attempt=1/2 status=200 0.192s url=https://www.myfonts.com/collections/island-splash-font-yoga-letter/?tab=techSpecs
[2026-04-21T08:12:53Z] #480 attempt=1/2 status=200 0.299s url=https://www.myfonts.com/products/regular-fluffy-woof-1135458
[2026-04-21T08:12:54Z] #481 attempt=1/2 status=200 0.407s url=https://www.myfonts.com/collections/fluffy-woof-font-yoga-letter/
[2026-04-21T08:12:54Z] #482 attempt=1/2 status=200 0.252s url=https://www.myfonts.com/collections/fluffy-woof-font-yoga-letter/?tab=techSpecs
[2026-04-21T08:12:55Z] #483 attempt=1/2 status=200 0.317s url=https://www.myfonts.com/products/regular-peachy-sunshine-1135455
[2026-04-21T08:12:56Z] #484 attempt=1/2 status=200 0.308s url=https://www.myfonts.com/collections/peachy-sunshine-font-yoga-letter/
[2026-04-21T08:12:57Z] #485 attempt=1/2 status=200 0.419s url=https://www.myfonts.com/collections/peachy-sunshine-font-yoga-letter/?tab=techSpecs
[2026-04-21T08:12:58Z] #486 attempt=1/2 status=200 0.361s url=https://www.myfonts.com/products/encave-outline-complete-family-package-1135335
[2026-04-21T08:12:58Z] #487 attempt=1/2 status=200 0.460s url=https://www.myfonts.com/collections/encave-outline-font-font-liner/
[2026-04-21T08:12:59Z] #488 attempt=1/2 status=200 0.536s url=https://www.myfonts.com/collections/encave-outline-font-font-liner/?tab=techSpecs
[2026-04-21T08:13:00Z] #489 attempt=1/2 status=200 0.338s url=https://www.myfonts.com/products/favions-complete-family-package-1135328
[2026-04-21T08:13:01Z] #490 attempt=1/2 status=200 0.444s url=https://www.myfonts.com/collections/favions-font-ragamkata/
[2026-04-21T08:13:02Z] #491 attempt=1/2 status=200 0.403s url=https://www.myfonts.com/collections/favions-font-ragamkata/?tab=techSpecs
[2026-04-21T08:13:03Z] #492 attempt=1/2 status=200 0.345s url=https://www.myfonts.com/products/bull-circus-complete-family-package-1135347
[2026-04-21T08:13:04Z] #493 attempt=1/2 status=200 0.562s url=https://www.myfonts.com/collections/bull-circus-font-woodcutter/
[2026-04-21T08:13:04Z] #494 attempt=1/2 status=200 0.294s url=https://www.myfonts.com/collections/bull-circus-font-woodcutter/?tab=techSpecs
[2026-04-21T08:13:05Z] #495 attempt=1/2 status=200 0.304s url=https://www.myfonts.com/products/velocia-complete-family-package-1135339
[2026-04-21T08:13:06Z] #496 attempt=1/2 status=200 0.410s url=https://www.myfonts.com/collections/velocia-font-vermilione/
[2026-04-21T08:13:06Z] #497 attempt=1/2 status=200 0.134s url=https://www.myfonts.com/collections/velocia-font-vermilione/?tab=techSpecs
[2026-04-21T08:13:08Z] #498 attempt=1/2 status=200 0.343s url=https://www.myfonts.com/products/drigt-complete-family-package-1135325
[2026-04-21T08:13:08Z] #499 attempt=1/2 status=200 0.361s url=https://www.myfonts.com/collections/drigt-font-artiveko/
[2026-04-21T08:13:09Z] #500 attempt=1/2 status=200 0.479s url=https://www.myfonts.com/collections/drigt-font-artiveko/?tab=techSpecs
[2026-04-21T08:13:10Z] #501 attempt=1/2 status=200 0.340s url=https://www.myfonts.com/products/navida-complete-family-package-1135331
[2026-04-21T08:13:11Z] #502 attempt=1/2 status=200 0.390s url=https://www.myfonts.com/collections/navida-font-valorix-studio/
[2026-04-21T08:13:12Z] #503 attempt=1/2 status=200 0.532s url=https://www.myfonts.com/collections/navida-font-valorix-studio/?tab=techSpecs
[2026-04-21T08:13:13Z] #504 attempt=1/2 status=200 0.309s url=https://www.myfonts.com/products/saigon-melon-complete-family-package-1135344
[2026-04-21T08:13:14Z] #505 attempt=1/2 status=200 0.582s url=https://www.myfonts.com/collections/saigon-melon-font-woodcutter/
[2026-04-21T08:13:14Z] #506 attempt=1/2 status=200 0.392s url=https://www.myfonts.com/collections/saigon-melon-font-woodcutter/?tab=techSpecs
[2026-04-21T08:13:16Z] #507 attempt=1/6 status=200 0.725s url=https://www.myfonts.com/products.json?limit=100&page=17
[2026-04-21T08:13:17Z] #508 attempt=1/2 status=200 0.402s url=https://www.myfonts.com/products/bold-derusans-1109105
[2026-04-21T08:13:17Z] #509 attempt=1/2 status=200 0.521s url=https://www.myfonts.com/collections/derusans-font-typerasa/
[2026-04-21T08:13:18Z] #510 attempt=1/2 status=200 0.235s url=https://www.myfonts.com/collections/derusans-font-typerasa/?tab=techSpecs
[2026-04-21T08:13:19Z] #511 attempt=1/2 status=200 0.437s url=https://www.myfonts.com/products/wroteful-authentic-complete-family-package-1122738
[2026-04-21T08:13:20Z] #512 attempt=1/2 status=200 0.427s url=https://www.myfonts.com/collections/wroteful-authentic-font-stylishtype-studio/
[2026-04-21T08:13:20Z] #513 attempt=1/2 status=200 0.171s url=https://www.myfonts.com/collections/wroteful-authentic-font-stylishtype-studio/?tab=techSpecs
[2026-04-21T08:13:23Z] #514 attempt=1/2 status=200 1.287s url=https://www.myfonts.com/products/extra-condensed-package-1134469
[2026-04-21T08:13:26Z] #515 attempt=1/2 status=500 3.099s url=https://www.myfonts.com/collections/nisanbel-font-pista-mova/
[2026-04-21T08:13:26Z] #516 attempt=1/2 status=404 0.165s url=https://www.myfonts.com/collections/extra-condensed-font-pista-mova
[2026-04-21T08:13:27Z] #517 attempt=1/2 status=200 0.689s url=https://www.myfonts.com/products/pencil-italic-montuna-1109311
[2026-04-21T08:13:28Z] #518 attempt=1/2 status=200 0.919s url=https://www.myfonts.com/collections/montuna-font-alpercakici/
[2026-04-21T08:13:30Z] #519 attempt=1/2 status=200 1.052s url=https://www.myfonts.com/collections/montuna-font-alpercakici/?tab=techSpecs
[2026-04-21T08:13:31Z] #520 attempt=1/2 status=200 0.306s url=https://www.myfonts.com/products/kanita-aquieloz-complete-family-package-961508
[2026-04-21T08:13:32Z] #521 attempt=1/2 status=200 0.586s url=https://www.myfonts.com/collections/kanita-aquieloz-font-tini-fitriani/
[2026-04-21T08:13:33Z] #522 attempt=1/2 status=200 0.491s url=https://www.myfonts.com/collections/kanita-aquieloz-font-tini-fitriani/?tab=techSpecs
[2026-04-21T08:13:34Z] #523 attempt=1/2 status=200 0.506s url=https://www.myfonts.com/products/eleni-text-package-package-1134709
[2026-04-21T08:13:35Z] #524 attempt=1/2 status=200 0.806s url=https://www.myfonts.com/collections/eleni-pro-font-ekke-wolf/
[2026-04-21T08:13:35Z] #525 attempt=1/2 status=200 0.122s url=https://www.myfonts.com/collections/eleni-pro-font-ekke-wolf/?tab=techSpecs
[2026-04-21T08:13:38Z] #526 attempt=1/2 status=200 1.296s url=https://www.myfonts.com/products/10-vintage-font-families-bundle-package-915132
[2026-04-21T08:13:39Z] #527 attempt=1/2 status=200 0.778s url=https://www.myfonts.com/collections/fractal-font-factory-foundry/
[2026-04-21T08:13:39Z] #528 attempt=1/2 status=200 0.156s url=https://www.myfonts.com/collections/fractal-font-factory-foundry/?tab=techSpecs
[2026-04-21T08:13:39Z] #529 attempt=1/2 status=200 0.162s url=https://www.myfonts.com/collections/fractal-font-factory-foundry/
[2026-04-21T08:13:40Z] #530 attempt=1/2 status=404 0.208s url=https://www.myfonts.com/collections/10-vintage-font-families-bundle-font-fractal-font-factory
[2026-04-21T08:13:40Z] #531 attempt=1/2 status=200 0.263s url=https://www.myfonts.com/products/regular-hustle-strokes-1134010
[2026-04-21T08:13:41Z] #532 attempt=1/2 status=200 0.315s url=https://www.myfonts.com/collections/hustle-strokes-font-yoga-letter/
[2026-04-21T08:13:41Z] #533 attempt=1/2 status=200 0.129s url=https://www.myfonts.com/collections/hustle-strokes-font-yoga-letter/?tab=techSpecs
[2026-04-21T08:13:42Z] #534 attempt=1/2 status=200 0.352s url=https://www.myfonts.com/products/regular-amorelle-1134011
[2026-04-21T08:13:43Z] #535 attempt=1/2 status=200 0.358s url=https://www.myfonts.com/collections/amorelle-font-rhd-creative/
[2026-04-21T08:13:43Z] #536 attempt=1/2 status=200 0.276s url=https://www.myfonts.com/collections/amorelle-font-rhd-creative/?tab=techSpecs
[2026-04-21T08:13:44Z] #537 attempt=1/2 status=200 0.392s url=https://www.myfonts.com/products/regular-saltyfine-1133946
[2026-04-21T08:13:45Z] #538 attempt=1/2 status=200 0.282s url=https://www.myfonts.com/collections/saltyfine-font-unicode-studio/
[2026-04-21T08:13:45Z] #539 attempt=1/2 status=200 0.131s url=https://www.myfonts.com/collections/saltyfine-font-unicode-studio/?tab=techSpecs
[2026-04-21T08:13:46Z] #540 attempt=1/2 status=200 0.299s url=https://www.myfonts.com/products/regular-hasfegia-1133992
[2026-04-21T08:13:46Z] #541 attempt=1/2 status=200 0.238s url=https://www.myfonts.com/collections/hasfegia-font-rvandtype/
[2026-04-21T08:13:47Z] #542 attempt=1/2 status=200 0.441s url=https://www.myfonts.com/collections/hasfegia-font-rvandtype/?tab=techSpecs
[2026-04-21T08:13:48Z] #543 attempt=1/2 status=200 0.328s url=https://www.myfonts.com/products/regular-garco-racing-1133993
[2026-04-21T08:13:49Z] #544 attempt=1/2 status=200 0.587s url=https://www.myfonts.com/collections/garco-racing-font-multype-studio/
[2026-04-21T08:13:49Z] #545 attempt=1/2 status=200 0.277s url=https://www.myfonts.com/collections/garco-racing-font-multype-studio/?tab=techSpecs
[2026-04-21T08:13:50Z] #546 attempt=1/2 status=200 0.264s url=https://www.myfonts.com/products/regular-klassic-memory-1134066
[2026-04-21T08:13:51Z] #547 attempt=1/2 status=200 0.255s url=https://www.myfonts.com/collections/klassic-memory-font-madjack-font/
[2026-04-21T08:13:51Z] #548 attempt=1/2 status=200 0.111s url=https://www.myfonts.com/collections/klassic-memory-font-madjack-font/?tab=techSpecs
[2026-04-21T08:13:52Z] #549 attempt=1/2 status=200 0.288s url=https://www.myfonts.com/products/regular-dreadglyph-1134299
[2026-04-21T08:13:53Z] #550 attempt=1/2 status=200 0.437s url=https://www.myfonts.com/collections/dreadglyph-font-inviline/
[2026-04-21T08:13:53Z] #551 attempt=1/2 status=200 0.137s url=https://www.myfonts.com/collections/dreadglyph-font-inviline/?tab=techSpecs
[2026-04-21T08:13:54Z] #552 attempt=1/2 status=200 0.449s url=https://www.myfonts.com/products/regular-kazena-1133969
[2026-04-21T08:13:55Z] #553 attempt=1/2 status=200 0.374s url=https://www.myfonts.com/collections/kazena-font-dareco-studio/
[2026-04-21T08:13:55Z] #554 attempt=1/2 status=200 0.135s url=https://www.myfonts.com/collections/kazena-font-dareco-studio/?tab=techSpecs
[2026-04-21T08:13:56Z] #555 attempt=1/2 status=200 0.275s url=https://www.myfonts.com/products/regular-goofy-comic-1134240
[2026-04-21T08:13:56Z] #556 attempt=1/2 status=200 0.304s url=https://www.myfonts.com/collections/goofy-comic-font-mvmet/
[2026-04-21T08:13:57Z] #557 attempt=1/2 status=200 0.375s url=https://www.myfonts.com/collections/goofy-comic-font-mvmet/?tab=techSpecs
[2026-04-21T08:13:58Z] #558 attempt=1/2 status=200 0.270s url=https://www.myfonts.com/products/regular-waneroo-1134235
[2026-04-21T08:13:58Z] #559 attempt=1/2 status=200 0.265s url=https://www.myfonts.com/collections/waneroo-font-epiclinez/
[2026-04-21T08:13:59Z] #560 attempt=1/2 status=200 0.309s url=https://www.myfonts.com/collections/waneroo-font-epiclinez/?tab=techSpecs
[2026-04-21T08:14:00Z] #561 attempt=1/2 status=200 0.327s url=https://www.myfonts.com/products/regular-florivea-1134222
[2026-04-21T08:14:00Z] #562 attempt=1/2 status=200 0.289s url=https://www.myfonts.com/collections/florivea-font-letterhend/
[2026-04-21T08:14:01Z] #563 attempt=1/2 status=200 0.418s url=https://www.myfonts.com/collections/florivea-font-letterhend/?tab=techSpecs
[2026-04-21T08:14:02Z] #564 attempt=1/2 status=200 0.341s url=https://www.myfonts.com/products/regular-brogame-1133950
[2026-04-21T08:14:02Z] #565 attempt=1/2 status=200 0.334s url=https://www.myfonts.com/collections/brogame-font-vadova-std/
[2026-04-21T08:14:03Z] #566 attempt=1/2 status=200 0.279s url=https://www.myfonts.com/collections/brogame-font-vadova-std/?tab=techSpecs
[2026-04-21T08:14:04Z] #567 attempt=1/2 status=200 0.284s url=https://www.myfonts.com/products/regular-whacky-cartoon-1134230
[2026-04-21T08:14:04Z] #568 attempt=1/2 status=200 0.308s url=https://www.myfonts.com/collections/whacky-cartoon-font-mvmet/
[2026-04-21T08:14:05Z] #569 attempt=1/2 status=200 0.256s url=https://www.myfonts.com/collections/whacky-cartoon-font-mvmet/?tab=techSpecs
[2026-04-21T08:14:06Z] #570 attempt=1/2 status=200 0.298s url=https://www.myfonts.com/products/regular-borgal-1134221
[2026-04-21T08:14:06Z] #571 attempt=1/2 status=200 0.313s url=https://www.myfonts.com/collections/borgal-font-imoodev/
[2026-04-21T08:14:07Z] #572 attempt=1/2 status=200 0.270s url=https://www.myfonts.com/collections/borgal-font-imoodev/?tab=techSpecs
[2026-04-21T08:14:08Z] #573 attempt=1/2 status=200 0.276s url=https://www.myfonts.com/products/regular-hobsky-1134229
[2026-04-21T08:14:08Z] #574 attempt=1/2 status=200 0.262s url=https://www.myfonts.com/collections/hobsky-font-limitype/
[2026-04-21T08:14:09Z] #575 attempt=1/2 status=200 0.235s url=https://www.myfonts.com/collections/hobsky-font-limitype/?tab=techSpecs
[2026-04-21T08:14:09Z] #576 attempt=1/2 status=200 0.271s url=https://www.myfonts.com/products/regular-roughberry-1134214
[2026-04-21T08:14:10Z] #577 attempt=1/2 status=200 0.270s url=https://www.myfonts.com/collections/roughberry-font-cocodesign/
[2026-04-21T08:14:10Z] #578 attempt=1/2 status=200 0.320s url=https://www.myfonts.com/collections/roughberry-font-cocodesign/?tab=techSpecs
[2026-04-21T08:14:12Z] #579 attempt=1/2 status=200 1.287s url=https://www.myfonts.com/products/miogra-sans-complete-family-package-1134067
[2026-04-21T08:14:14Z] #580 attempt=1/2 status=200 1.501s url=https://www.myfonts.com/collections/miogra-sans-font-romie-creative/
[2026-04-21T08:14:16Z] #581 attempt=1/2 status=200 1.577s url=https://www.myfonts.com/collections/miogra-sans-font-romie-creative/?tab=techSpecs
[2026-04-21T08:14:18Z] #582 attempt=1/2 status=200 0.419s url=https://www.myfonts.com/products/roelvo-complete-family-package-1134476
[2026-04-21T08:14:18Z] #583 attempt=1/2 status=200 0.664s url=https://www.myfonts.com/collections/roelvo-font-qweera-studio/
[2026-04-21T08:14:19Z] #584 attempt=1/2 status=200 0.513s url=https://www.myfonts.com/collections/roelvo-font-qweera-studio/?tab=techSpecs
[2026-04-21T08:14:20Z] #585 attempt=1/2 status=200 0.366s url=https://www.myfonts.com/products/lebecque-complete-family-package-1134241
[2026-04-21T08:14:21Z] #586 attempt=1/2 status=200 0.660s url=https://www.myfonts.com/collections/lebecque-font-alffonts/
[2026-04-21T08:14:22Z] #587 attempt=1/2 status=200 0.708s url=https://www.myfonts.com/collections/lebecque-font-alffonts/?tab=techSpecs
[2026-04-21T08:14:23Z] #588 attempt=1/2 status=200 0.369s url=https://www.myfonts.com/products/hugells-complete-family-package-1133958
[2026-04-21T08:14:24Z] #589 attempt=1/2 status=200 0.494s url=https://www.myfonts.com/collections/hugells-font-arterfak-project/
[2026-04-21T08:14:25Z] #590 attempt=1/2 status=200 0.801s url=https://www.myfonts.com/collections/hugells-font-arterfak-project/?tab=techSpecs
[2026-04-21T08:14:27Z] #591 attempt=1/2 status=200 0.357s url=https://www.myfonts.com/products/katsuha-complete-family-package-1134218
[2026-04-21T08:14:27Z] #592 attempt=1/2 status=200 0.430s url=https://www.myfonts.com/collections/katsuha-font-made-deduk/
[2026-04-21T08:14:28Z] #593 attempt=1/2 status=200 0.437s url=https://www.myfonts.com/collections/katsuha-font-made-deduk/?tab=techSpecs
[2026-04-21T08:14:29Z] #594 attempt=1/2 status=200 0.333s url=https://www.myfonts.com/products/reglica-complete-family-package-1134483
[2026-04-21T08:14:30Z] #595 attempt=1/2 status=200 0.446s url=https://www.myfonts.com/collections/reglica-font-qweera-studio/
[2026-04-21T08:14:30Z] #596 attempt=1/2 status=200 0.409s url=https://www.myfonts.com/collections/reglica-font-qweera-studio/?tab=techSpecs
[2026-04-21T08:14:31Z] #597 attempt=1/2 status=200 0.347s url=https://www.myfonts.com/products/filontiya-amarilis-complete-family-package-1133994
[2026-04-21T08:14:32Z] #598 attempt=1/2 status=200 0.492s url=https://www.myfonts.com/collections/filontiya-amarilis-font-denustudio/
[2026-04-21T08:14:33Z] #599 attempt=1/2 status=200 0.572s url=https://www.myfonts.com/collections/filontiya-amarilis-font-denustudio/?tab=techSpecs
[2026-04-21T08:14:35Z] #600 attempt=1/2 status=200 0.597s url=https://www.myfonts.com/products/cnd-extralight-novel-mono-1133890
[2026-04-21T08:14:35Z] #601 attempt=1/2 status=200 0.616s url=https://www.myfonts.com/collections/novel-mono-font-atlasfontfoundry/
[2026-04-21T08:14:36Z] #602 attempt=1/2 status=200 0.632s url=https://www.myfonts.com/collections/novel-mono-font-atlasfontfoundry/?tab=techSpecs
[2026-04-21T08:14:38Z] #603 attempt=1/2 status=200 0.685s url=https://www.myfonts.com/products/extended-zekton-1133692
[2026-04-21T08:14:39Z] #604 attempt=1/2 status=200 1.039s url=https://www.myfonts.com/collections/zekton-font-typodermic/
[2026-04-21T08:14:40Z] #605 attempt=1/2 status=200 0.132s url=https://www.myfonts.com/collections/zekton-font-typodermic/?tab=techSpecs
[2026-04-21T08:14:41Z] #606 attempt=1/2 status=200 0.333s url=https://www.myfonts.com/products/italic-qoncila-1134492
[2026-04-21T08:14:42Z] #607 attempt=1/2 status=200 0.491s url=https://www.myfonts.com/collections/qoncila-font-qweera-studio/
[2026-04-21T08:14:43Z] #608 attempt=1/2 status=200 0.395s url=https://www.myfonts.com/collections/qoncila-font-qweera-studio/?tab=techSpecs
[2026-04-21T08:14:44Z] #609 attempt=1/6 status=200 0.640s url=https://www.myfonts.com/products.json?limit=100&page=18
[2026-04-21T08:14:45Z] #610 attempt=1/2 status=200 0.390s url=https://www.myfonts.com/products/light-dafe-ranst-1134285
[2026-04-21T08:14:46Z] #611 attempt=1/2 status=200 0.669s url=https://www.myfonts.com/collections/dafe-ranst-font-moriztype/
[2026-04-21T08:14:47Z] #612 attempt=1/2 status=200 0.775s url=https://www.myfonts.com/collections/dafe-ranst-font-moriztype/?tab=techSpecs
[2026-04-21T08:14:48Z] #613 attempt=1/2 status=200 0.364s url=https://www.myfonts.com/products/regular-beli-1134237
[2026-04-21T08:14:49Z] #614 attempt=1/2 status=200 0.458s url=https://www.myfonts.com/collections/beli-font-zaain-type/
[2026-04-21T08:14:49Z] #615 attempt=1/2 status=200 0.122s url=https://www.myfonts.com/collections/beli-font-zaain-type/?tab=techSpecs
[2026-04-21T08:14:51Z] #616 attempt=1/2 status=200 0.719s url=https://www.myfonts.com/products/circular-brush-italic-vmesto-1133482
[2026-04-21T08:14:52Z] #617 attempt=1/2 status=200 0.779s url=https://www.myfonts.com/collections/vmesto-font-alpercakici/
[2026-04-21T08:14:52Z] #618 attempt=1/2 status=200 0.133s url=https://www.myfonts.com/collections/vmesto-font-alpercakici/?tab=techSpecs
[2026-04-21T08:14:54Z] #619 attempt=1/2 status=200 0.340s url=https://www.myfonts.com/products/regular-slugger-union-1134227
[2026-04-21T08:14:54Z] #620 attempt=1/2 status=200 0.285s url=https://www.myfonts.com/collections/slugger-union-font-letterhend/
[2026-04-21T08:14:55Z] #621 attempt=1/2 status=200 0.126s url=https://www.myfonts.com/collections/slugger-union-font-letterhend/?tab=techSpecs
[2026-04-21T08:14:56Z] #622 attempt=1/2 status=200 0.436s url=https://www.myfonts.com/products/regular-marseliyon-1133956
[2026-04-21T08:14:57Z] #623 attempt=1/2 status=200 0.437s url=https://www.myfonts.com/collections/marseliyon-font-tini-fitriani/
[2026-04-21T08:14:57Z] #624 attempt=1/2 status=200 0.369s url=https://www.myfonts.com/products/regular-bigpen-1134488
[2026-04-21T08:14:58Z] #625 attempt=1/2 status=200 0.428s url=https://www.myfonts.com/collections/bigpen-font-qweera-studio/
[2026-04-21T08:14:58Z] #626 attempt=1/2 status=200 0.440s url=https://www.myfonts.com/products/semi-bold-harshika-1133972
[2026-04-21T08:14:59Z] #627 attempt=1/2 status=200 0.384s url=https://www.myfonts.com/collections/harshika-font-zorkslide/
[2026-04-21T08:15:00Z] #628 attempt=1/6 status=200 0.662s url=https://www.myfonts.com/products.json?limit=100&page=19
[2026-04-21T08:15:01Z] #629 attempt=1/2 status=200 0.360s url=https://www.myfonts.com/products/regular-it-seron-1133952
[2026-04-21T08:15:02Z] #630 attempt=1/2 status=200 0.533s url=https://www.myfonts.com/collections/it-seron-font-creatifont-studio/
[2026-04-21T08:15:02Z] #631 attempt=1/2 status=200 0.379s url=https://www.myfonts.com/products/slanted-family-package-1132501
[2026-04-21T08:15:03Z] #632 attempt=1/2 status=200 0.776s url=https://www.myfonts.com/collections/os-hardline-variable-font-off-season/
[2026-04-21T08:15:04Z] #633 attempt=1/2 status=200 0.364s url=https://www.myfonts.com/products/pn-bleautiful-complete-family-package-1133997
[2026-04-21T08:15:05Z] #634 attempt=1/2 status=200 0.614s url=https://www.myfonts.com/collections/pn-bleautiful-font-lettering-delights/
[2026-04-21T08:15:06Z] #635 attempt=1/2 status=200 0.546s url=https://www.myfonts.com/products/novel-sans-cyrillic-condensed-pack-package-1119956
[2026-04-21T08:15:07Z] #636 attempt=1/2 status=200 1.062s url=https://www.myfonts.com/collections/novel-sans-cyrillic-font-atlasfontfoundry/
[2026-04-21T08:15:08Z] #637 attempt=1/2 status=200 0.979s url=https://www.myfonts.com/products/kraken-complete-family-package-1134496
[2026-04-21T08:15:10Z] #638 attempt=1/2 status=200 1.588s url=https://www.myfonts.com/collections/kraken-font-alpercakici/
[2026-04-21T08:15:11Z] #639 attempt=1/2 status=200 0.393s url=https://www.myfonts.com/products/foermality-condensed-variable-complete-family-package-1133868
[2026-04-21T08:15:12Z] #640 attempt=1/2 status=200 0.546s url=https://www.myfonts.com/collections/foermality-condensed-variable-font-laroyba-type/
[2026-04-21T08:15:12Z] #641 attempt=1/2 status=200 0.411s url=https://www.myfonts.com/products/sugar-serif-complete-family-package-1134215
[2026-04-21T08:15:13Z] #642 attempt=1/2 status=200 0.547s url=https://www.myfonts.com/collections/sugar-serif-font-cocodesign/
[2026-04-21T08:15:14Z] #643 attempt=1/2 status=200 0.355s url=https://www.myfonts.com/products/balyt-complete-family-package-1134063
[2026-04-21T08:15:15Z] #644 attempt=1/2 status=200 0.484s url=https://www.myfonts.com/collections/balyt-font-artiveko/
[2026-04-21T08:15:16Z] #645 attempt=1/2 status=200 1.073s url=https://www.myfonts.com/products/standard-package-1133845
[2026-04-21T08:15:18Z] #646 attempt=1/2 status=200 1.916s url=https://www.myfonts.com/collections/vegora-font-fargun-studio/
[2026-04-21T08:15:19Z] #647 attempt=1/2 status=200 0.394s url=https://www.myfonts.com/products/designer-edition-package-1131438
[2026-04-21T08:15:20Z] #648 attempt=1/2 status=200 0.696s url=https://www.myfonts.com/collections/tbj-dogmu-font-taboja-studio/
[2026-04-21T08:15:21Z] #649 attempt=1/2 status=200 0.462s url=https://www.myfonts.com/products/ragazzi-complete-family-package-1133706
[2026-04-21T08:15:22Z] #650 attempt=1/2 status=200 1.139s url=https://www.myfonts.com/collections/ragazzi-font-tour-de-force/
[2026-04-21T08:15:23Z] #651 attempt=1/2 status=200 0.408s url=https://www.myfonts.com/products/strawberrymilk-complete-family-package-1133871
[2026-04-21T08:15:24Z] #652 attempt=1/2 status=200 0.654s url=https://www.myfonts.com/collections/strawberrymilk-font-hohohtype/
[2026-04-21T08:15:24Z] #653 attempt=1/2 status=200 0.387s url=https://www.myfonts.com/products/403-obrinda-complete-family-package-1133714
[2026-04-21T08:15:25Z] #654 attempt=1/2 status=200 0.613s url=https://www.myfonts.com/collections/403-obrinda-font-403tf/
[2026-04-21T08:15:26Z] #655 attempt=1/2 status=200 0.969s url=https://www.myfonts.com/products/dopestype-foundry-collection-package-1133848
[2026-04-21T08:15:27Z] #656 attempt=1/2 status=404 0.198s url=https://www.myfonts.com/collections/dopestype-foundry-collection-font-dopestype
[2026-04-21T08:15:28Z] #657 attempt=1/2 status=200 0.833s url=https://www.myfonts.com/products/mordoe-complete-family-package-1134597
[2026-04-21T08:15:29Z] #658 attempt=1/2 status=200 1.503s url=https://www.myfonts.com/collections/mordoe-font-alpercakici/
[2026-04-21T08:15:30Z] #659 attempt=1/2 status=200 0.439s url=https://www.myfonts.com/products/novel-sans-arabic-complete-family-package-1123255
[2026-04-21T08:15:31Z] #660 attempt=1/2 status=200 0.875s url=https://www.myfonts.com/collections/novel-sans-arabic-font-atlasfontfoundry/
[2026-04-21T08:15:33Z] #661 attempt=1/2 status=200 1.249s url=https://www.myfonts.com/products/soffline-complete-family-package-1132680
[2026-04-21T08:15:35Z] #662 attempt=1/2 status=200 1.948s url=https://www.myfonts.com/collections/soffline-font-trick-type-style/
[2026-04-21T08:15:36Z] #663 attempt=1/2 status=200 0.560s url=https://www.myfonts.com/products/doodles-scribble-chaos-1134061
[2026-04-21T08:15:37Z] #664 attempt=1/2 status=200 0.479s url=https://www.myfonts.com/collections/scribble-chaos-font-cocodesign/
[2026-04-21T08:15:38Z] #665 attempt=1/2 status=200 0.385s url=https://www.myfonts.com/products/regular-brigant-1133967
[2026-04-21T08:15:38Z] #666 attempt=1/2 status=200 0.480s url=https://www.myfonts.com/collections/brigant-font-dareco-studio/
[2026-04-21T08:15:40Z] #667 attempt=1/6 status=200 0.631s url=https://www.myfonts.com/products.json?limit=100&page=20
[2026-04-21T08:15:40Z] #668 attempt=1/2 status=200 0.421s url=https://www.myfonts.com/products/black-italic-foermality-condensed-1133867
[2026-04-21T08:15:41Z] #669 attempt=1/2 status=200 0.444s url=https://www.myfonts.com/collections/foermality-condensed-font-laroyba-type/
[2026-04-21T08:15:42Z] #670 attempt=1/6 status=200 0.700s url=https://www.myfonts.com/products.json?limit=100&page=21
[2026-04-21T08:15:43Z] #671 attempt=1/2 status=200 0.302s url=https://www.myfonts.com/products/regular-neomarine-1134232
[2026-04-21T08:15:43Z] #672 attempt=1/2 status=200 0.320s url=https://www.myfonts.com/collections/neomarine-font-illusletra/
[2026-04-21T08:15:45Z] #673 attempt=1/6 status=200 0.739s url=https://www.myfonts.com/products.json?limit=100&page=22
[2026-04-21T08:15:45Z] #674 attempt=1/2 status=200 0.387s url=https://www.myfonts.com/products/italic-nalkor-serif-1133949
[2026-04-21T08:15:46Z] #675 attempt=1/2 status=200 0.418s url=https://www.myfonts.com/collections/nalkor-serif-font-faristaputra/
[2026-04-21T08:15:47Z] #676 attempt=1/6 status=200 0.658s url=https://www.myfonts.com/products.json?limit=100&page=23
[2026-04-21T08:15:48Z] #677 attempt=1/2 status=200 0.319s url=https://www.myfonts.com/products/banly-thecs-regular-mc-banly-thecs-1134013
[2026-04-21T08:15:48Z] #678 attempt=1/2 status=200 0.271s url=https://www.myfonts.com/collections/mc-banly-thecs-font-maulana-creative/
[2026-04-21T08:15:49Z] #679 attempt=1/6 status=200 0.707s url=https://www.myfonts.com/products.json?limit=100&page=24
[2026-04-21T08:15:51Z] #680 attempt=1/6 status=200 0.675s url=https://www.myfonts.com/products.json?limit=100&page=25
[2026-04-21T08:15:51Z] #681 attempt=1/2 status=200 0.376s url=https://www.myfonts.com/products/italic-belvina-1134303
[2026-04-21T08:15:52Z] #682 attempt=1/2 status=200 0.394s url=https://www.myfonts.com/collections/belvina-font-qweera-studio/
[2026-04-21T08:15:52Z] summary releases=104 first_429=None log_file=state/myfonts_run_20260421_080537.log
[2026-04-21T08:15:52Z] saved_success_profile path=state/myfonts_success_profile.json
[2026-04-21T08:15:52Z] === MyFonts crawl end ===
