[2026-05-11T09:56:48Z] checkpoint fresh next_page=1 path=state/myfonts_crawl_checkpoint.json
[2026-05-11T09:56:48Z] === MyFonts crawl start source=myfonts ===
[2026-05-11T09:56:48Z] config max_pages=25 page_size=100 start_date=2026-05-10 end_date=2026-05-11 api_delay=0.5s detail_delay=0.2s max_debut_checks=400 max_tech_specs_checks=200 reuse_success_profile=False always_enrich_packages=True language_script_signal_mode=strong force_fresh_run=False start_page=1 browser_mode=False browser_headless=True browser_storage_state_path=state/myfonts_storage_state.json
[2026-05-11T09:56:49Z] #1 attempt=1/6 status=200 0.745s url=https://www.myfonts.com/products.json?limit=100&page=1
[2026-05-11T09:56:49Z] #2 attempt=1/2 status=200 0.412s url=https://www.myfonts.com/products/gafloc-complete-family-package-1150831
[2026-05-11T09:56:50Z] #3 attempt=1/2 status=200 0.413s url=https://www.myfonts.com/collections/gafloc-font-timelesstype-studio/
[2026-05-11T09:56:51Z] #4 attempt=1/2 status=200 0.176s url=https://www.myfonts.com/collections/gafloc-font-timelesstype-studio/?tab=techSpecs
[2026-05-11T09:56:52Z] #5 attempt=1/2 status=200 0.326s url=https://www.myfonts.com/products/pixelta-complete-family-package-1150835
[2026-05-11T09:56:52Z] #6 attempt=1/2 status=200 0.392s url=https://www.myfonts.com/collections/pixelta-font-blankids/
[2026-05-11T09:56:53Z] #7 attempt=1/2 status=200 0.436s url=https://www.myfonts.com/collections/pixelta-font-blankids/?tab=techSpecs
[2026-05-11T09:56:54Z] #8 attempt=1/2 status=200 0.368s url=https://www.myfonts.com/products/groovy-bigsky-complete-family-package-1150828
[2026-05-11T09:56:55Z] #9 attempt=1/2 status=200 0.358s url=https://www.myfonts.com/collections/groovy-bigsky-font-timelesstype-studio/
[2026-05-11T09:56:55Z] #10 attempt=1/2 status=200 0.237s url=https://www.myfonts.com/collections/groovy-bigsky-font-timelesstype-studio/?tab=techSpecs
[2026-05-11T09:56:57Z] #11 attempt=1/2 status=200 0.530s url=https://www.myfonts.com/products/caprint-complete-family-package-1150838
[2026-05-11T09:56:57Z] #12 attempt=1/2 status=200 0.371s url=https://www.myfonts.com/collections/caprint-font-bale-type/
[2026-05-11T09:56:58Z] #13 attempt=1/2 status=200 0.488s url=https://www.myfonts.com/collections/caprint-font-bale-type/?tab=techSpecs
[2026-05-11T09:56:59Z] #14 attempt=1/2 status=200 0.313s url=https://www.myfonts.com/products/bakery-megals-complete-family-package-1150825
[2026-05-11T09:57:00Z] #15 attempt=1/2 status=200 0.827s url=https://www.myfonts.com/collections/bakery-megals-font-timelesstype-studio/
[2026-05-11T09:57:00Z] #16 attempt=1/2 status=200 0.192s url=https://www.myfonts.com/collections/bakery-megals-font-timelesstype-studio/?tab=techSpecs
[2026-05-11T09:57:02Z] #17 attempt=1/2 status=200 0.710s url=https://www.myfonts.com/products/qlaxe-serif-variable-pro-package-1150824
[2026-05-11T09:57:04Z] #18 attempt=1/2 status=200 1.230s url=https://www.myfonts.com/collections/qlaxe-serif-font-nollev/
[2026-05-11T09:57:04Z] #19 attempt=1/2 status=200 0.183s url=https://www.myfonts.com/collections/qlaxe-serif-font-nollev/?tab=techSpecs
[2026-05-11T09:57:06Z] #20 attempt=1/2 status=200 1.098s url=https://www.myfonts.com/products/handcrafted-signature-font-bundle-package-772696
[2026-05-11T09:57:07Z] #21 attempt=1/2 status=404 0.243s url=https://www.myfonts.com/collections/handcrafted-signature-font-bundle-font-lemonthe
[2026-05-11T09:57:07Z] #22 attempt=1/2 status=200 0.620s url=https://www.myfonts.com/products/limit-micro-complete-family-package-1150407
[2026-05-11T09:57:09Z] #23 attempt=1/2 status=200 1.316s url=https://www.myfonts.com/collections/limit-micro-font-bold-guys/
[2026-05-11T09:57:11Z] #24 attempt=1/2 status=200 1.284s url=https://www.myfonts.com/collections/limit-micro-font-bold-guys/?tab=techSpecs
[2026-05-11T09:57:12Z] #25 attempt=1/2 status=200 0.524s url=https://www.myfonts.com/products/limit-display-condensed-package-1150536
[2026-05-11T09:57:15Z] #26 attempt=1/2 status=200 1.890s url=https://www.myfonts.com/collections/limit-display-font-bold-guys/
[2026-05-11T09:57:17Z] #27 attempt=1/2 status=200 2.351s url=https://www.myfonts.com/collections/limit-display-font-bold-guys/?tab=techSpecs
[2026-05-11T09:57:19Z] #28 attempt=1/2 status=200 0.377s url=https://www.myfonts.com/products/italic-regular-ca-emeralda-1150405
[2026-05-11T09:57:19Z] #29 attempt=1/2 status=200 0.459s url=https://www.myfonts.com/collections/ca-emeralda-font-cape-arcona/
[2026-05-11T09:57:20Z] #30 attempt=1/2 status=200 0.388s url=https://www.myfonts.com/collections/ca-emeralda-font-cape-arcona/?tab=techSpecs
[2026-05-11T09:57:22Z] #31 attempt=1/6 status=200 0.725s url=https://www.myfonts.com/products.json?limit=100&page=2
[2026-05-11T09:57:23Z] #32 attempt=1/2 status=200 0.382s url=https://www.myfonts.com/products/gotham-variable-complete-family-package-1128984
[2026-05-11T09:57:23Z] #33 attempt=1/2 status=200 0.409s url=https://www.myfonts.com/collections/gotham-variable-font-hoefler-and-co/
[2026-05-11T09:57:24Z] #34 attempt=1/2 status=200 0.416s url=https://www.myfonts.com/collections/gotham-variable-font-hoefler-and-co/?tab=techSpecs
[2026-05-11T09:57:26Z] #35 attempt=1/2 status=200 1.079s url=https://www.myfonts.com/products/essential-sans-package-1150452
[2026-05-11T09:57:26Z] #36 attempt=1/2 status=404 0.244s url=https://www.myfonts.com/collections/essential-sans-font-fontop
[2026-05-11T09:57:27Z] #37 attempt=1/2 status=200 0.826s url=https://www.myfonts.com/products/quarter-theory-complete-family-package-1150330
[2026-05-11T09:57:29Z] #38 attempt=1/2 status=200 1.151s url=https://www.myfonts.com/collections/quarter-theory-font-propertype/
[2026-05-11T09:57:30Z] #39 attempt=1/2 status=200 1.090s url=https://www.myfonts.com/collections/quarter-theory-font-propertype/?tab=techSpecs
[2026-05-11T09:57:32Z] #40 attempt=1/2 status=200 0.325s url=https://www.myfonts.com/products/big-whoop-bb-complete-family-package-1149794
[2026-05-11T09:57:32Z] #41 attempt=1/2 status=200 0.485s url=https://www.myfonts.com/collections/big-whoop-bb-font-blambot/
[2026-05-11T09:57:33Z] #42 attempt=1/2 status=200 0.159s url=https://www.myfonts.com/collections/big-whoop-bb-font-blambot/?tab=techSpecs
[2026-05-11T09:57:34Z] #43 attempt=1/2 status=200 0.344s url=https://www.myfonts.com/products/sukuna-complete-family-package-1149806
[2026-05-11T09:57:35Z] #44 attempt=1/2 status=200 0.512s url=https://www.myfonts.com/collections/sukuna-font-letternesia-studio/
[2026-05-11T09:57:35Z] #45 attempt=1/2 status=200 0.443s url=https://www.myfonts.com/collections/sukuna-font-letternesia-studio/?tab=techSpecs
[2026-05-11T09:57:37Z] #46 attempt=1/2 status=200 0.676s url=https://www.myfonts.com/products/flektura-complete-family-package-1150116
[2026-05-11T09:57:38Z] #47 attempt=1/2 status=200 1.134s url=https://www.myfonts.com/collections/flektura-font-propertype/
[2026-05-11T09:57:39Z] #48 attempt=1/2 status=200 0.193s url=https://www.myfonts.com/collections/flektura-font-propertype/?tab=techSpecs
[2026-05-11T09:57:40Z] #49 attempt=1/2 status=200 0.370s url=https://www.myfonts.com/products/aneatra-complete-family-package-1149519
[2026-05-11T09:57:41Z] #50 attempt=1/2 status=200 0.663s url=https://www.myfonts.com/collections/aneatra-font-ahweproject/
[2026-05-11T09:57:41Z] #51 attempt=1/2 status=200 0.187s url=https://www.myfonts.com/collections/aneatra-font-ahweproject/?tab=techSpecs
[2026-05-11T09:57:42Z] #52 attempt=1/2 status=200 0.356s url=https://www.myfonts.com/products/valex-complete-family-package-1149494
[2026-05-11T09:57:43Z] #53 attempt=1/2 status=200 0.427s url=https://www.myfonts.com/collections/valex-font-flavortype/
[2026-05-11T09:57:44Z] #54 attempt=1/2 status=200 0.569s url=https://www.myfonts.com/collections/valex-font-flavortype/?tab=techSpecs
[2026-05-11T09:57:45Z] #55 attempt=1/2 status=200 0.377s url=https://www.myfonts.com/products/limit-micro-variable-concept-complete-family-package-1149728
[2026-05-11T09:57:46Z] #56 attempt=1/2 status=200 0.420s url=https://www.myfonts.com/collections/limit-micro-variable-concept-font-bold-guys/
[2026-05-11T09:57:47Z] #57 attempt=1/2 status=200 0.493s url=https://www.myfonts.com/collections/limit-micro-variable-concept-font-bold-guys/?tab=techSpecs
[2026-05-11T09:57:48Z] #58 attempt=1/2 status=200 0.453s url=https://www.myfonts.com/products/velorath-complete-family-package-1149801
[2026-05-11T09:57:48Z] #59 attempt=1/2 status=200 0.362s url=https://www.myfonts.com/collections/velorath-font-mevstory-studio/
[2026-05-11T09:57:49Z] #60 attempt=1/2 status=200 0.193s url=https://www.myfonts.com/collections/velorath-font-mevstory-studio/?tab=techSpecs
[2026-05-11T09:57:50Z] #61 attempt=1/2 status=200 0.376s url=https://www.myfonts.com/products/heart-package-1149864
[2026-05-11T09:57:51Z] #62 attempt=1/2 status=200 0.628s url=https://www.myfonts.com/collections/cereza-chocolate-font-persik-merino-arte/
[2026-05-11T09:57:52Z] #63 attempt=1/2 status=200 0.468s url=https://www.myfonts.com/collections/cereza-chocolate-font-persik-merino-arte/?tab=techSpecs
[2026-05-11T09:57:53Z] #64 attempt=1/2 status=200 0.337s url=https://www.myfonts.com/products/cantilos-complete-family-package-1149481
[2026-05-11T09:57:53Z] #65 attempt=1/2 status=200 0.452s url=https://www.myfonts.com/collections/cantilos-font-artisan-themes/
[2026-05-11T09:57:54Z] #66 attempt=1/2 status=200 0.538s url=https://www.myfonts.com/collections/cantilos-font-artisan-themes/?tab=techSpecs
[2026-05-11T09:57:55Z] #67 attempt=1/2 status=200 0.335s url=https://www.myfonts.com/products/under-trained-complete-family-package-1149505
[2026-05-11T09:57:56Z] #68 attempt=1/2 status=200 0.435s url=https://www.myfonts.com/collections/under-trained-font-arterfak-project/
[2026-05-11T09:57:57Z] #69 attempt=1/2 status=200 0.424s url=https://www.myfonts.com/collections/under-trained-font-arterfak-project/?tab=techSpecs
[2026-05-11T09:57:59Z] #70 attempt=1/2 status=200 1.193s url=https://www.myfonts.com/products/nothern-sans-complete-family-package-1150264
[2026-05-11T09:58:00Z] #71 attempt=1/2 status=200 1.231s url=https://www.myfonts.com/collections/nothern-sans-font-propertype/
[2026-05-11T09:58:01Z] #72 attempt=1/2 status=200 0.205s url=https://www.myfonts.com/collections/nothern-sans-font-propertype/?tab=techSpecs
[2026-05-11T09:58:02Z] #73 attempt=1/2 status=200 0.363s url=https://www.myfonts.com/products/broteli-complete-family-package-1149491
[2026-05-11T09:58:03Z] #74 attempt=1/2 status=200 0.478s url=https://www.myfonts.com/collections/broteli-font-artisan-themes/
[2026-05-11T09:58:03Z] #75 attempt=1/2 status=200 0.160s url=https://www.myfonts.com/collections/broteli-font-artisan-themes/?tab=techSpecs
[2026-05-11T09:58:05Z] #76 attempt=1/2 status=200 0.757s url=https://www.myfonts.com/products/lebora-complete-family-package-1150051
[2026-05-11T09:58:06Z] #77 attempt=1/2 status=200 1.279s url=https://www.myfonts.com/collections/lebora-font-propertype/
[2026-05-11T09:58:07Z] #78 attempt=1/2 status=200 0.212s url=https://www.myfonts.com/collections/lebora-font-propertype/?tab=techSpecs
[2026-05-11T09:58:08Z] #79 attempt=1/2 status=200 0.331s url=https://www.myfonts.com/products/drose-complete-family-package-1149847
[2026-05-11T09:58:09Z] #80 attempt=1/2 status=200 0.438s url=https://www.myfonts.com/collections/drose-font-typebae/
[2026-05-11T09:58:09Z] #81 attempt=1/2 status=200 0.411s url=https://www.myfonts.com/collections/drose-font-typebae/?tab=techSpecs
[2026-05-11T09:58:12Z] #82 attempt=1/2 status=200 1.510s url=https://www.myfonts.com/products/degitan-complete-family-package-1149187
[2026-05-11T09:58:14Z] #83 attempt=1/2 status=200 2.326s url=https://www.myfonts.com/collections/degitan-font-propertype/
[2026-05-11T09:58:18Z] #84 attempt=1/2 status=200 2.629s url=https://www.myfonts.com/collections/degitan-font-propertype/?tab=techSpecs
[2026-05-11T09:58:19Z] #85 attempt=1/2 status=200 0.366s url=https://www.myfonts.com/products/garlic-shine-complete-family-package-1150047
[2026-05-11T09:58:20Z] #86 attempt=1/2 status=200 0.503s url=https://www.myfonts.com/collections/garlic-shine-font-cocodesign/
[2026-05-11T09:58:21Z] #87 attempt=1/2 status=200 0.596s url=https://www.myfonts.com/collections/garlic-shine-font-cocodesign/?tab=techSpecs
[2026-05-11T09:58:22Z] #88 attempt=1/2 status=200 0.332s url=https://www.myfonts.com/products/limit-variable-concept-full-complete-family-package-1149731
[2026-05-11T09:58:23Z] #89 attempt=1/2 status=200 0.426s url=https://www.myfonts.com/collections/limit-variable-concept-full-font-bold-guys/
[2026-05-11T09:58:23Z] #90 attempt=1/2 status=200 0.590s url=https://www.myfonts.com/collections/limit-variable-concept-full-font-bold-guys/?tab=techSpecs
[2026-05-11T09:58:25Z] #91 attempt=1/2 status=200 0.368s url=https://www.myfonts.com/products/think-complete-family-package-1149721
[2026-05-11T09:58:25Z] #92 attempt=1/2 status=200 0.611s url=https://www.myfonts.com/collections/think-font-up-up-creative/
[2026-05-11T09:58:26Z] #93 attempt=1/2 status=200 0.175s url=https://www.myfonts.com/collections/think-font-up-up-creative/?tab=techSpecs
[2026-05-11T09:58:27Z] #94 attempt=1/2 status=200 0.334s url=https://www.myfonts.com/products/gaprio-display-complete-family-package-1149508
[2026-05-11T09:58:28Z] #95 attempt=1/2 status=200 0.499s url=https://www.myfonts.com/collections/gaprio-display-font-lettertype-studio/
[2026-05-11T09:58:29Z] #96 attempt=1/2 status=200 0.673s url=https://www.myfonts.com/collections/gaprio-display-font-lettertype-studio/?tab=techSpecs
[2026-05-11T09:58:30Z] #97 attempt=1/2 status=200 0.360s url=https://www.myfonts.com/products/sravex-sports-complete-family-package-1149488
[2026-05-11T09:58:31Z] #98 attempt=1/2 status=200 0.482s url=https://www.myfonts.com/collections/sravex-sports-font-nirmana-visual/
[2026-05-11T09:58:32Z] #99 attempt=1/2 status=200 0.408s url=https://www.myfonts.com/collections/sravex-sports-font-nirmana-visual/?tab=techSpecs
[2026-05-11T09:58:34Z] #100 attempt=1/2 status=200 1.445s url=https://www.myfonts.com/products/brigife-complete-family-package-1149865
[2026-05-11T09:58:37Z] #101 attempt=1/2 status=200 2.543s url=https://www.myfonts.com/collections/brigife-font-rastype-studio/
[2026-05-11T09:58:39Z] #102 attempt=1/2 status=200 2.179s url=https://www.myfonts.com/collections/brigife-font-rastype-studio/?tab=techSpecs
[2026-05-11T09:58:41Z] #103 attempt=1/2 status=200 0.387s url=https://www.myfonts.com/products/seratonin-complete-family-package-1149485
[2026-05-11T09:58:42Z] #104 attempt=1/2 status=200 0.498s url=https://www.myfonts.com/collections/seratonin-font-artisan-themes/
[2026-05-11T09:58:42Z] #105 attempt=1/2 status=200 0.576s url=https://www.myfonts.com/collections/seratonin-font-artisan-themes/?tab=techSpecs
[2026-05-11T09:58:44Z] #106 attempt=1/2 status=200 0.353s url=https://www.myfonts.com/products/the-popcuts-complete-family-package-1149855
[2026-05-11T09:58:45Z] #107 attempt=1/2 status=200 0.704s url=https://www.myfonts.com/collections/the-popcuts-font-get-studio/
[2026-05-11T09:58:45Z] #108 attempt=1/2 status=200 0.170s url=https://www.myfonts.com/collections/the-popcuts-font-get-studio/?tab=techSpecs
[2026-05-11T09:58:47Z] #109 attempt=1/2 status=200 0.722s url=https://www.myfonts.com/products/morgazine-complete-family-package-1150190
[2026-05-11T09:58:48Z] #110 attempt=1/2 status=200 1.340s url=https://www.myfonts.com/collections/morgazine-font-propertype/
[2026-05-11T09:58:50Z] #111 attempt=1/2 status=200 1.179s url=https://www.myfonts.com/collections/morgazine-font-propertype/?tab=techSpecs
[2026-05-11T09:58:52Z] #112 attempt=1/2 status=200 0.797s url=https://www.myfonts.com/products/gorvain-stencil-complete-family-package-1149388
[2026-05-11T09:58:53Z] #113 attempt=1/2 status=200 1.626s url=https://www.myfonts.com/collections/gorvain-stencil-font-keren-studio/
[2026-05-11T09:58:55Z] #114 attempt=1/2 status=200 1.186s url=https://www.myfonts.com/collections/gorvain-stencil-font-keren-studio/?tab=techSpecs
[2026-05-11T09:58:57Z] #115 attempt=1/2 status=200 0.429s url=https://www.myfonts.com/products/bingers-complete-family-package-1149514
[2026-05-11T09:58:58Z] #116 attempt=1/2 status=200 0.540s url=https://www.myfonts.com/collections/bingers-font-timelesstype-studio/
[2026-05-11T09:58:58Z] #117 attempt=1/2 status=200 0.486s url=https://www.myfonts.com/collections/bingers-font-timelesstype-studio/?tab=techSpecs
[2026-05-11T09:59:00Z] #118 attempt=1/2 status=200 0.378s url=https://www.myfonts.com/products/limit-display-variable-concept-complete-family-package-1149725
[2026-05-11T09:59:00Z] #119 attempt=1/2 status=200 0.420s url=https://www.myfonts.com/collections/limit-display-variable-concept-font-bold-guys/
[2026-05-11T09:59:01Z] #120 attempt=1/2 status=200 0.508s url=https://www.myfonts.com/collections/limit-display-variable-concept-font-bold-guys/?tab=techSpecs
[2026-05-11T09:59:02Z] #121 attempt=1/2 status=200 0.439s url=https://www.myfonts.com/products/hyper-squad-complete-family-package-1149852
[2026-05-11T09:59:03Z] #122 attempt=1/2 status=200 0.614s url=https://www.myfonts.com/collections/hyper-squad-font-figuree-studio/
[2026-05-11T09:59:04Z] #123 attempt=1/2 status=200 0.181s url=https://www.myfonts.com/collections/hyper-squad-font-figuree-studio/?tab=techSpecs
[2026-05-11T09:59:05Z] #124 attempt=1/2 status=200 0.445s url=https://www.myfonts.com/products/cursive-holiday-complete-family-package-1149382
[2026-05-11T09:59:06Z] #125 attempt=1/2 status=200 0.520s url=https://www.myfonts.com/collections/cursive-holiday-font-tiny-graphix/
[2026-05-11T09:59:06Z] #126 attempt=1/2 status=200 0.185s url=https://www.myfonts.com/collections/cursive-holiday-font-tiny-graphix/?tab=techSpecs
[2026-05-11T09:59:07Z] #127 attempt=1/2 status=200 0.357s url=https://www.myfonts.com/products/grand-highland-complete-family-package-1149511
[2026-05-11T09:59:08Z] #128 attempt=1/2 status=200 0.508s url=https://www.myfonts.com/collections/grand-highland-font-timelesstype-studio/
[2026-05-11T09:59:09Z] #129 attempt=1/2 status=200 0.407s url=https://www.myfonts.com/collections/grand-highland-font-timelesstype-studio/?tab=techSpecs
[2026-05-11T09:59:11Z] #130 attempt=1/2 status=200 1.555s url=https://www.myfonts.com/products/fitgad-complete-family-package-1149540
[2026-05-11T09:59:13Z] #131 attempt=1/2 status=200 1.870s url=https://www.myfonts.com/collections/fitgad-font-propertype/
[2026-05-11T09:59:16Z] #132 attempt=1/2 status=200 2.132s url=https://www.myfonts.com/collections/fitgad-font-propertype/?tab=techSpecs
[2026-05-11T09:59:18Z] #133 attempt=1/2 status=200 0.556s url=https://www.myfonts.com/products/fx-wadag-complete-family-package-1149809
[2026-05-11T09:59:19Z] #134 attempt=1/2 status=200 0.972s url=https://www.myfonts.com/collections/fx-wadag-font-differentialtype/
[2026-05-11T09:59:20Z] #135 attempt=1/2 status=200 1.041s url=https://www.myfonts.com/collections/fx-wadag-font-differentialtype/?tab=techSpecs
[2026-05-11T09:59:22Z] #136 attempt=1/2 status=200 0.419s url=https://www.myfonts.com/products/old-riga-blackletter-complete-family-package-1149502
[2026-05-11T09:59:22Z] #137 attempt=1/2 status=200 0.504s url=https://www.myfonts.com/collections/old-riga-blackletter-font-kaer/
[2026-05-11T09:59:23Z] #138 attempt=1/2 status=200 0.489s url=https://www.myfonts.com/collections/old-riga-blackletter-font-kaer/?tab=techSpecs
[2026-05-11T09:59:25Z] #139 attempt=1/2 status=200 0.364s url=https://www.myfonts.com/products/trivox-complete-family-package-1149497
[2026-05-11T09:59:25Z] #140 attempt=1/2 status=200 0.467s url=https://www.myfonts.com/collections/trivox-font-artisan-themes/
[2026-05-11T09:59:26Z] #141 attempt=1/2 status=200 0.669s url=https://www.myfonts.com/collections/trivox-font-artisan-themes/?tab=techSpecs
[2026-05-11T09:59:27Z] #142 attempt=1/2 status=200 0.322s url=https://www.myfonts.com/products/regular-lazy-moves-1149386
[2026-05-11T09:59:28Z] #143 attempt=1/2 status=200 0.319s url=https://www.myfonts.com/collections/lazy-moves-font-gassstype/
[2026-05-11T09:59:29Z] #144 attempt=1/2 status=200 0.456s url=https://www.myfonts.com/collections/lazy-moves-font-gassstype/?tab=techSpecs
[2026-05-11T09:59:30Z] #145 attempt=1/6 status=200 0.756s url=https://www.myfonts.com/products.json?limit=100&page=3
[2026-05-11T09:59:31Z] #146 attempt=1/2 status=200 0.291s url=https://www.myfonts.com/products/regular-urban-haze-1149387
[2026-05-11T09:59:31Z] #147 attempt=1/2 status=200 0.336s url=https://www.myfonts.com/collections/urban-haze-font-gassstype/
[2026-05-11T09:59:32Z] #148 attempt=1/2 status=200 0.163s url=https://www.myfonts.com/collections/urban-haze-font-gassstype/?tab=techSpecs
[2026-05-11T09:59:33Z] #149 attempt=1/6 status=200 0.805s url=https://www.myfonts.com/products.json?limit=100&page=4
[2026-05-11T09:59:34Z] #150 attempt=1/2 status=200 0.356s url=https://www.myfonts.com/products/regular-hardpaper-1149850
[2026-05-11T09:59:34Z] #151 attempt=1/2 status=200 0.342s url=https://www.myfonts.com/collections/hardpaper-font-gatype/
[2026-05-11T09:59:35Z] #152 attempt=1/2 status=200 0.198s url=https://www.myfonts.com/collections/hardpaper-font-gatype/?tab=techSpecs
[2026-05-11T09:59:36Z] #153 attempt=1/2 status=200 0.281s url=https://www.myfonts.com/products/regular-velcoro-1149531
[2026-05-11T09:59:36Z] #154 attempt=1/2 status=200 0.384s url=https://www.myfonts.com/collections/velcoro-font-rasio-studio/
[2026-05-11T09:59:37Z] #155 attempt=1/2 status=200 0.364s url=https://www.myfonts.com/collections/velcoro-font-rasio-studio/?tab=techSpecs
[2026-05-11T09:59:38Z] #156 attempt=1/2 status=200 0.328s url=https://www.myfonts.com/products/regular-aamora-1149480
[2026-05-11T09:59:38Z] #157 attempt=1/2 status=200 0.326s url=https://www.myfonts.com/collections/aamora-font-gassstype/
[2026-05-11T09:59:39Z] #158 attempt=1/2 status=200 0.330s url=https://www.myfonts.com/collections/aamora-font-gassstype/?tab=techSpecs
[2026-05-11T09:59:40Z] #159 attempt=1/2 status=200 0.425s url=https://www.myfonts.com/products/regular-nexoris-1149846
[2026-05-11T09:59:40Z] #160 attempt=1/2 status=200 0.334s url=https://www.myfonts.com/collections/nexoris-font-rasio-studio/
[2026-05-11T09:59:41Z] #161 attempt=1/2 status=200 0.355s url=https://www.myfonts.com/collections/nexoris-font-rasio-studio/?tab=techSpecs
[2026-05-11T09:59:42Z] #162 attempt=1/2 status=200 0.391s url=https://www.myfonts.com/products/regular-deamor-1149800
[2026-05-11T09:59:42Z] #163 attempt=1/2 status=200 0.337s url=https://www.myfonts.com/collections/deamor-font-bilahstudio/
[2026-05-11T09:59:43Z] #164 attempt=1/2 status=200 0.181s url=https://www.myfonts.com/collections/deamor-font-bilahstudio/?tab=techSpecs
[2026-05-11T09:59:44Z] #165 attempt=1/6 status=200 0.634s url=https://www.myfonts.com/products.json?limit=100&page=5
[2026-05-11T09:59:45Z] #166 attempt=1/2 status=200 0.480s url=https://www.myfonts.com/products/regular-moduline-1149525
[2026-05-11T09:59:45Z] #167 attempt=1/2 status=429 0.044s url=https://www.myfonts.com/collections/moduline-font-vadova-std/
[2026-05-11T09:59:45Z] first_429 req=167 url=https://www.myfonts.com/collections/moduline-font-vadova-std/
[2026-05-11T09:59:48Z] #168 attempt=2/2 status=200 0.428s url=https://www.myfonts.com/collections/moduline-font-vadova-std/
[2026-05-11T09:59:50Z] #169 attempt=1/6 status=200 0.966s url=https://www.myfonts.com/products.json?limit=100&page=6
[2026-05-11T09:59:50Z] #170 attempt=1/2 status=200 0.381s url=https://www.myfonts.com/products/regular-onyra-1149527
[2026-05-11T09:59:51Z] #171 attempt=1/2 status=200 0.382s url=https://www.myfonts.com/collections/onyra-font-vadova-std/
[2026-05-11T09:59:51Z] #172 attempt=1/2 status=200 0.373s url=https://www.myfonts.com/products/regular-norvold-1149526
[2026-05-11T09:59:52Z] #173 attempt=1/2 status=429 0.043s url=https://www.myfonts.com/collections/norvold-font-vadova-std/
[2026-05-11T09:59:54Z] #174 attempt=2/2 status=200 0.465s url=https://www.myfonts.com/collections/norvold-font-vadova-std/
[2026-05-11T09:59:56Z] #175 attempt=1/6 status=200 0.715s url=https://www.myfonts.com/products.json?limit=100&page=7
[2026-05-11T09:59:56Z] #176 attempt=1/2 status=200 0.329s url=https://www.myfonts.com/products/regular-dusk-fortwick-1149385
[2026-05-11T09:59:57Z] #177 attempt=1/2 status=200 0.349s url=https://www.myfonts.com/collections/dusk-fortwick-font-letterhanna-studio/
[2026-05-11T09:59:58Z] #178 attempt=1/2 status=200 0.856s url=https://www.myfonts.com/products/compressed-black-forley-display-1149750
[2026-05-11T09:59:58Z] #179 attempt=1/2 status=429 0.030s url=https://www.myfonts.com/collections/forley-display-font-monotype-imaging/
[2026-05-11T10:00:02Z] #180 attempt=2/2 status=200 1.335s url=https://www.myfonts.com/collections/forley-display-font-monotype-imaging/
[2026-05-11T10:00:02Z] #181 attempt=1/2 status=200 0.403s url=https://www.myfonts.com/products/regular-aexiron-1149532
[2026-05-11T10:00:03Z] #182 attempt=1/2 status=200 0.377s url=https://www.myfonts.com/collections/aexiron-font-rasio-studio/
[2026-05-11T10:00:04Z] #183 attempt=1/6 status=200 0.719s url=https://www.myfonts.com/products.json?limit=100&page=8
[2026-05-11T10:00:05Z] #184 attempt=1/2 status=200 0.497s url=https://www.myfonts.com/products/regular-jagged-spur-1149518
[2026-05-11T10:00:06Z] #185 attempt=1/2 status=200 0.340s url=https://www.myfonts.com/collections/jagged-spur-font-vadova-std/
[2026-05-11T10:00:06Z] #186 attempt=1/2 status=200 0.439s url=https://www.myfonts.com/products/regular-sunbaked-1149524
[2026-05-11T10:00:07Z] #187 attempt=1/2 status=200 0.494s url=https://www.myfonts.com/collections/sunbaked-font-vadova-std/
[2026-05-11T10:00:08Z] #188 attempt=1/2 status=200 0.352s url=https://www.myfonts.com/products/regular-nichol-1149517
[2026-05-11T10:00:08Z] #189 attempt=1/2 status=200 0.469s url=https://www.myfonts.com/collections/nichol-font-limitype/
[2026-05-11T10:00:10Z] #190 attempt=1/6 status=200 0.860s url=https://www.myfonts.com/products.json?limit=100&page=9
[2026-05-11T10:00:10Z] #191 attempt=1/2 status=200 0.342s url=https://www.myfonts.com/products/regular-quoin-1149530
[2026-05-11T10:00:11Z] #192 attempt=1/2 status=429 0.057s url=https://www.myfonts.com/collections/quoin-font-rasio-studio/
[2026-05-11T10:00:13Z] #193 attempt=2/2 status=200 0.298s url=https://www.myfonts.com/collections/quoin-font-rasio-studio/
[2026-05-11T10:00:14Z] #194 attempt=1/2 status=200 0.377s url=https://www.myfonts.com/products/regular-grove-peach-1149858
[2026-05-11T10:00:14Z] #195 attempt=1/2 status=200 0.399s url=https://www.myfonts.com/collections/grove-peach-font-typoraith-co/
[2026-05-11T10:00:16Z] #196 attempt=1/6 status=200 0.795s url=https://www.myfonts.com/products.json?limit=100&page=10
[2026-05-11T10:00:16Z] #197 attempt=1/2 status=200 0.348s url=https://www.myfonts.com/products/regular-envolt-1149533
[2026-05-11T10:00:17Z] #198 attempt=1/2 status=200 0.375s url=https://www.myfonts.com/collections/envolt-font-rasio-studio/
[2026-05-11T10:00:18Z] #199 attempt=1/6 status=200 0.670s url=https://www.myfonts.com/products.json?limit=100&page=11
[2026-05-11T10:00:19Z] #200 attempt=1/2 status=200 0.384s url=https://www.myfonts.com/products/regular-armora-gallery-1149799
[2026-05-11T10:00:19Z] #201 attempt=1/2 status=200 0.285s url=https://www.myfonts.com/collections/armora-gallery-font-vampstudio/
[2026-05-11T10:00:20Z] #202 attempt=1/2 status=429 0.086s url=https://www.myfonts.com/products/regular-carhane-1149528
[2026-05-11T10:00:22Z] #203 attempt=2/2 status=200 0.454s url=https://www.myfonts.com/products/regular-carhane-1149528
[2026-05-11T10:00:23Z] #204 attempt=1/2 status=200 0.524s url=https://www.myfonts.com/collections/carhane-font-vadova-std/
[2026-05-11T10:00:24Z] #205 attempt=1/6 status=200 0.777s url=https://www.myfonts.com/products.json?limit=100&page=12
[2026-05-11T10:00:25Z] #206 attempt=1/2 status=200 0.381s url=https://www.myfonts.com/products/regular-evorine-1149529
[2026-05-11T10:00:25Z] #207 attempt=1/2 status=200 0.292s url=https://www.myfonts.com/collections/evorine-font-letterhend/
[2026-05-11T10:00:27Z] #208 attempt=1/6 status=200 0.774s url=https://www.myfonts.com/products.json?limit=100&page=13
[2026-05-11T10:00:27Z] #209 attempt=1/2 status=200 0.296s url=https://www.myfonts.com/products/bold-beyond-sunrise-1149851
[2026-05-11T10:00:28Z] #210 attempt=1/2 status=200 0.281s url=https://www.myfonts.com/collections/beyond-sunrise-font-olivetype/
[2026-05-11T10:00:28Z] #211 attempt=1/2 status=200 0.370s url=https://www.myfonts.com/products/regular-magic-display-1149859
[2026-05-11T10:00:29Z] #212 attempt=1/2 status=429 0.030s url=https://www.myfonts.com/collections/magic-display-font-typoraith-co/
[2026-05-11T10:00:31Z] #213 attempt=2/2 status=200 0.381s url=https://www.myfonts.com/collections/magic-display-font-typoraith-co/
[2026-05-11T10:00:33Z] #214 attempt=1/2 status=200 1.231s url=https://www.myfonts.com/products/the-modern-collection-calligraphy-font-bundle-package-1150050
[2026-05-11T10:00:33Z] #215 attempt=1/2 status=404 0.258s url=https://www.myfonts.com/collections/the-modern-collection-calligraphy-font-bundle-font-hrz-studio
[2026-05-11T10:00:34Z] #216 attempt=1/2 status=200 0.379s url=https://www.myfonts.com/products/swash-arthein-1150404
[2026-05-11T10:00:35Z] #217 attempt=1/2 status=200 0.546s url=https://www.myfonts.com/collections/arthein-font-sibelumpagi/
[2026-05-11T10:00:35Z] #218 attempt=1/2 status=200 0.387s url=https://www.myfonts.com/products/rasa-sans-complete-family-package-1148849
[2026-05-11T10:00:36Z] #219 attempt=1/2 status=200 1.044s url=https://www.myfonts.com/collections/rasa-sans-font-typerasa/
[2026-05-11T10:00:37Z] #220 attempt=1/2 status=200 0.367s url=https://www.myfonts.com/products/antonia-morben-complete-family-package-1148925
[2026-05-11T10:00:38Z] #221 attempt=1/2 status=200 0.509s url=https://www.myfonts.com/collections/antonia-morben-font-logic-type/
[2026-05-11T10:00:39Z] #222 attempt=1/2 status=200 0.579s url=https://www.myfonts.com/products/upright-package-1148892
[2026-05-11T10:00:39Z] #223 attempt=1/2 status=429 0.039s url=https://www.myfonts.com/collections/panasea-font-skinny-type/
[2026-05-11T10:00:42Z] #224 attempt=2/2 status=200 1.021s url=https://www.myfonts.com/collections/panasea-font-skinny-type/
[2026-05-11T10:00:43Z] #225 attempt=1/2 status=200 0.396s url=https://www.myfonts.com/products/bagion-complete-family-package-1148743
[2026-05-11T10:00:44Z] #226 attempt=1/2 status=200 0.549s url=https://www.myfonts.com/collections/bagion-font-pandeka-studio/
[2026-05-11T10:00:45Z] #227 attempt=1/2 status=200 0.864s url=https://www.myfonts.com/products/selmora-complete-family-package-1149119
[2026-05-11T10:00:46Z] #228 attempt=1/2 status=200 0.959s url=https://www.myfonts.com/collections/selmora-font-stripes-studio/
[2026-05-11T10:00:48Z] #229 attempt=1/2 status=200 1.047s url=https://www.myfonts.com/products/the-stripes-editorial-complete-family-package-1149006
[2026-05-11T10:00:50Z] #230 attempt=1/2 status=200 1.846s url=https://www.myfonts.com/collections/the-stripes-editorial-font-stripes-studio/
[2026-05-11T10:00:51Z] #231 attempt=1/2 status=200 0.375s url=https://www.myfonts.com/products/souvenir-notes-complete-family-package-1148901
[2026-05-11T10:00:51Z] #232 attempt=1/2 status=200 0.476s url=https://www.myfonts.com/collections/souvenir-notes-font-sarid-ezra/
[2026-05-11T10:00:52Z] #233 attempt=1/2 status=200 0.466s url=https://www.myfonts.com/products/lather-complete-family-package-1148909
[2026-05-11T10:00:53Z] #234 attempt=1/2 status=200 0.418s url=https://www.myfonts.com/collections/lather-font-kangfont-studio/
[2026-05-11T10:00:53Z] #235 attempt=1/2 status=200 0.528s url=https://www.myfonts.com/products/proun-complete-family-package-1148798
[2026-05-11T10:00:54Z] #236 attempt=1/2 status=200 0.775s url=https://www.myfonts.com/collections/proun-font-paratype/
[2026-05-11T10:00:55Z] #237 attempt=1/2 status=200 0.584s url=https://www.myfonts.com/products/forley-complete-family-package-1148800
[2026-05-11T10:00:56Z] #238 attempt=1/2 status=200 0.965s url=https://www.myfonts.com/collections/forley-font-monotype-imaging/
[2026-05-11T10:00:58Z] #239 attempt=1/2 status=200 0.741s url=https://www.myfonts.com/products/effidhem-mevagen-complete-family-package-1148924
[2026-05-11T10:00:59Z] #240 attempt=1/2 status=200 0.865s url=https://www.myfonts.com/collections/effidhem-mevagen-font-logic-type/
[2026-05-11T10:00:59Z] #241 attempt=1/2 status=200 0.420s url=https://www.myfonts.com/products/dzakiyah-complete-family-package-1148905
[2026-05-11T10:01:00Z] #242 attempt=1/2 status=200 0.588s url=https://www.myfonts.com/collections/dzakiyah-font-made-deduk/
[2026-05-11T10:01:01Z] #243 attempt=1/2 status=200 0.541s url=https://www.myfonts.com/products/petersburg-complete-family-package-1148794
[2026-05-11T10:01:02Z] #244 attempt=1/2 status=200 0.550s url=https://www.myfonts.com/collections/petersburg-font-paratype/
[2026-05-11T10:01:03Z] #245 attempt=1/2 status=200 0.422s url=https://www.myfonts.com/products/engravers-2-complete-family-package-1148795
[2026-05-11T10:01:04Z] #246 attempt=1/2 status=200 0.981s url=https://www.myfonts.com/collections/engravers-2-font-linotype/
[2026-05-11T10:01:04Z] #247 attempt=1/2 status=200 0.457s url=https://www.myfonts.com/products/quadrat-grotesk-new-complete-family-package-1148799
[2026-05-11T10:01:05Z] #248 attempt=1/2 status=200 0.542s url=https://www.myfonts.com/collections/quadrat-grotesk-new-font-paratype/
[2026-05-11T10:01:06Z] #249 attempt=1/2 status=200 0.721s url=https://www.myfonts.com/products/rettisha-complete-family-package-1148948
[2026-05-11T10:01:07Z] #250 attempt=1/2 status=200 1.019s url=https://www.myfonts.com/collections/rettisha-font-stripes-studio/
[2026-05-11T10:01:08Z] #251 attempt=1/2 status=200 0.459s url=https://www.myfonts.com/products/cattalone-complete-family-package-1148913
[2026-05-11T10:01:09Z] #252 attempt=1/2 status=200 0.572s url=https://www.myfonts.com/collections/cattalone-font-letterena-studios/
[2026-05-11T10:01:10Z] #253 attempt=1/2 status=200 0.462s url=https://www.myfonts.com/products/rougho-complete-family-package-1148894
[2026-05-11T10:01:11Z] #254 attempt=1/2 status=200 0.538s url=https://www.myfonts.com/collections/rougho-font-sekyra-lab/
[2026-05-11T10:01:11Z] #255 attempt=1/2 status=200 0.332s url=https://www.myfonts.com/products/regular-remara-1148936
[2026-05-11T10:01:11Z] #256 attempt=1/2 status=429 0.051s url=https://www.myfonts.com/collections/remara-font-rasio-studio/
[2026-05-11T10:01:14Z] #257 attempt=2/2 status=200 0.394s url=https://www.myfonts.com/collections/remara-font-rasio-studio/
[2026-05-11T10:01:15Z] #258 attempt=1/2 status=200 0.294s url=https://www.myfonts.com/products/script-cinema-tape-cyrillic-1148947
[2026-05-11T10:01:15Z] #259 attempt=1/2 status=200 0.284s url=https://www.myfonts.com/collections/cinema-tape-cyrillic-font-ira-dvilyuk/
[2026-05-11T10:01:16Z] #260 attempt=1/6 status=200 0.714s url=https://www.myfonts.com/products.json?limit=100&page=14
[2026-05-11T10:01:17Z] #261 attempt=1/2 status=200 0.560s url=https://www.myfonts.com/products/regular-kactigona-1148918
[2026-05-11T10:01:18Z] #262 attempt=1/2 status=200 0.303s url=https://www.myfonts.com/collections/kactigona-font-basnistudio/
[2026-05-11T10:01:18Z] #263 attempt=1/2 status=429 0.034s url=https://www.myfonts.com/products/regular-hizba-1148919
[2026-05-11T10:01:21Z] #264 attempt=2/2 status=200 0.367s url=https://www.myfonts.com/products/regular-hizba-1148919
[2026-05-11T10:01:21Z] #265 attempt=1/2 status=200 0.339s url=https://www.myfonts.com/collections/hizba-font-kangfont-studio/
[2026-05-11T10:01:22Z] #266 attempt=1/2 status=200 0.459s url=https://www.myfonts.com/products/regular-dreamy-garden-1148876
[2026-05-11T10:01:22Z] #267 attempt=1/2 status=200 0.279s url=https://www.myfonts.com/collections/dreamy-garden-font-timurtype/
[2026-05-11T10:01:23Z] #268 attempt=1/2 status=200 0.414s url=https://www.myfonts.com/products/regular-matchtime-1148917
[2026-05-11T10:01:24Z] #269 attempt=1/2 status=200 0.319s url=https://www.myfonts.com/collections/matchtime-font-sixtype-foundry/
[2026-05-11T10:01:24Z] #270 attempt=1/2 status=429 0.035s url=https://www.myfonts.com/products/regular-hob-snob-1148875
[2026-05-11T10:01:26Z] #271 attempt=2/2 status=200 0.379s url=https://www.myfonts.com/products/regular-hob-snob-1148875
[2026-05-11T10:01:27Z] #272 attempt=1/2 status=200 0.335s url=https://www.myfonts.com/collections/hob-snob-font-wearecolt/
[2026-05-11T10:01:28Z] #273 attempt=1/6 status=200 0.821s url=https://www.myfonts.com/products.json?limit=100&page=15
[2026-05-11T10:01:29Z] #274 attempt=1/2 status=200 0.317s url=https://www.myfonts.com/products/regular-gravtune-1148746
[2026-05-11T10:01:29Z] #275 attempt=1/2 status=200 0.294s url=https://www.myfonts.com/collections/gravtune-font-kangfont-studio/
[2026-05-11T10:01:30Z] #276 attempt=1/2 status=200 0.350s url=https://www.myfonts.com/products/regular-rocstaine-1148912
[2026-05-11T10:01:30Z] #277 attempt=1/2 status=429 0.057s url=https://www.myfonts.com/collections/rocstaine-font-basnistudio/
[2026-05-11T10:01:33Z] #278 attempt=2/2 status=200 0.461s url=https://www.myfonts.com/collections/rocstaine-font-basnistudio/
[2026-05-11T10:01:34Z] #279 attempt=1/2 status=200 0.326s url=https://www.myfonts.com/products/regular-bongstand-1148908
[2026-05-11T10:01:34Z] #280 attempt=1/2 status=200 0.331s url=https://www.myfonts.com/collections/bongstand-font-basnistudio/
[2026-05-11T10:01:35Z] #281 attempt=1/2 status=200 0.415s url=https://www.myfonts.com/products/regular-swooch-1148916
[2026-05-11T10:01:36Z] #282 attempt=1/2 status=200 0.419s url=https://www.myfonts.com/collections/swooch-font-sixtype-foundry/
[2026-05-11T10:01:37Z] #283 attempt=1/6 status=200 0.751s url=https://www.myfonts.com/products.json?limit=100&page=16
[2026-05-11T10:01:37Z] #284 attempt=1/2 status=200 0.389s url=https://www.myfonts.com/products/regular-prime-mover-1012237
[2026-05-11T10:01:38Z] #285 attempt=1/2 status=429 0.041s url=https://www.myfonts.com/collections/prime-mover-font-ldn-surface-co/
[2026-05-11T10:01:40Z] #286 attempt=2/2 status=200 0.317s url=https://www.myfonts.com/collections/prime-mover-font-ldn-surface-co/
[2026-05-11T10:01:41Z] #287 attempt=1/2 status=200 0.348s url=https://www.myfonts.com/products/regular-nebal-1148921
[2026-05-11T10:01:41Z] #288 attempt=1/2 status=200 0.357s url=https://www.myfonts.com/collections/nebal-font-linecreative/
[2026-05-11T10:01:42Z] #289 attempt=1/2 status=200 0.301s url=https://www.myfonts.com/products/regular-remosca-1148923
[2026-05-11T10:01:43Z] #290 attempt=1/2 status=200 0.429s url=https://www.myfonts.com/collections/remosca-font-sixtype-foundry/
[2026-05-11T10:01:43Z] #291 attempt=1/2 status=429 0.030s url=https://www.myfonts.com/products/regular-soulrise-1148742
[2026-05-11T10:01:46Z] #292 attempt=2/2 status=200 0.389s url=https://www.myfonts.com/products/regular-soulrise-1148742
[2026-05-11T10:01:46Z] #293 attempt=1/2 status=200 0.333s url=https://www.myfonts.com/collections/soulrise-font-eko-bimantara/
[2026-05-11T10:01:47Z] #294 attempt=1/2 status=200 0.310s url=https://www.myfonts.com/products/regular-mrskrepka-1148922
[2026-05-11T10:01:47Z] #295 attempt=1/2 status=200 0.425s url=https://www.myfonts.com/collections/mrskrepka-font-shapovalov-fonts/
[2026-05-11T10:01:48Z] #296 attempt=1/2 status=200 0.384s url=https://www.myfonts.com/products/regular-aesthetic-rigelsia-1148920
[2026-05-11T10:01:49Z] #297 attempt=1/2 status=200 0.393s url=https://www.myfonts.com/collections/aesthetic-rigelsia-font-letterhanna-studio/
[2026-05-11T10:01:49Z] #298 attempt=1/6 status=429 0.047s url=https://www.myfonts.com/products.json?limit=100&page=17
[2026-05-11T10:01:52Z] #299 attempt=2/6 status=200 0.735s url=https://www.myfonts.com/products.json?limit=100&page=17
[2026-05-11T10:01:53Z] #300 attempt=1/2 status=200 0.343s url=https://www.myfonts.com/products/regular-doghy-1148874
[2026-05-11T10:01:53Z] #301 attempt=1/2 status=200 0.307s url=https://www.myfonts.com/collections/doghy-font-rar-typeworks/
[2026-05-11T10:01:55Z] #302 attempt=1/2 status=200 0.806s url=https://www.myfonts.com/products/xcm-thin-limit-text-1148489
[2026-05-11T10:01:56Z] #303 attempt=1/2 status=200 1.675s url=https://www.myfonts.com/collections/limit-text-font-bold-guys/
[2026-05-11T10:01:59Z] #304 attempt=1/2 status=200 1.725s url=https://www.myfonts.com/products/round-bold-julima-1148193
[2026-05-11T10:02:02Z] #305 attempt=1/2 status=200 2.860s url=https://www.myfonts.com/collections/julima-font-akbartype/
[2026-05-11T10:02:03Z] #306 attempt=1/2 status=200 0.565s url=https://www.myfonts.com/products/black-limit-frwy-1148483
[2026-05-11T10:02:05Z] #307 attempt=1/2 status=200 1.133s url=https://www.myfonts.com/collections/limit-frwy-font-bold-guys/
[2026-05-11T10:02:05Z] #308 attempt=1/2 status=200 0.408s url=https://www.myfonts.com/products/extra-black-italic-novel-display-1148421
[2026-05-11T10:02:06Z] #309 attempt=1/2 status=200 0.427s url=https://www.myfonts.com/collections/novel-display-font-atlasfontfoundry/
[2026-05-11T10:02:07Z] #310 attempt=1/2 status=200 0.412s url=https://www.myfonts.com/products/bold-glamure-mono-1148382
[2026-05-11T10:02:08Z] #311 attempt=1/2 status=200 0.543s url=https://www.myfonts.com/collections/glamure-mono-font-fauzistudio/
[2026-05-11T10:02:09Z] #312 attempt=1/2 status=200 0.909s url=https://www.myfonts.com/products/black-semi-expanded-ethically-serif-1148349
[2026-05-11T10:02:10Z] #313 attempt=1/2 status=200 1.194s url=https://www.myfonts.com/collections/ethically-serif-font-romie-creative/
[2026-05-11T10:02:11Z] #314 attempt=1/2 status=200 0.355s url=https://www.myfonts.com/products/outline-3x5-1148651
[2026-05-11T10:02:12Z] #315 attempt=1/2 status=200 0.473s url=https://www.myfonts.com/collections/3x5-font-k-type/
[2026-05-11T10:02:12Z] #316 attempt=1/2 status=200 0.330s url=https://www.myfonts.com/products/bold-italic-shree-punjabi-1760-1147744
[2026-05-11T10:02:13Z] #317 attempt=1/2 status=200 0.511s url=https://www.myfonts.com/collections/shree-punjabi-1760-font-modularinfotech/
[2026-05-11T10:02:14Z] #318 attempt=1/2 status=200 0.504s url=https://www.myfonts.com/collections/shree-punjabi-1760-font-modularinfotech/
[2026-05-11T10:02:15Z] #319 attempt=1/2 status=200 0.735s url=https://www.myfonts.com/products/bold-shree-punjabi-0955-1147693
[2026-05-11T10:02:16Z] #320 attempt=1/2 status=200 0.425s url=https://www.myfonts.com/collections/shree-punjabi-0955-font-modularinfotech/
[2026-05-11T10:02:16Z] #321 attempt=1/2 status=200 0.475s url=https://www.myfonts.com/collections/shree-punjabi-0955-font-modularinfotech/
[2026-05-11T10:02:17Z] #322 attempt=1/2 status=200 0.334s url=https://www.myfonts.com/products/bold-shree-punjabi-1757-1147679
[2026-05-11T10:02:18Z] #323 attempt=1/2 status=200 0.553s url=https://www.myfonts.com/collections/shree-punjabi-1757-font-modularinfotech/
[2026-05-11T10:02:18Z] #324 attempt=1/2 status=200 0.449s url=https://www.myfonts.com/collections/shree-punjabi-1757-font-modularinfotech/
[2026-05-11T10:02:19Z] #325 attempt=1/2 status=200 0.340s url=https://www.myfonts.com/products/italic-shree-punjabi-1750-1147675
[2026-05-11T10:02:20Z] #326 attempt=1/2 status=200 0.457s url=https://www.myfonts.com/collections/shree-punjabi-1750-font-modularinfotech/
[2026-05-11T10:02:20Z] #327 attempt=1/2 status=200 0.445s url=https://www.myfonts.com/collections/shree-punjabi-1750-font-modularinfotech/
[2026-05-11T10:02:21Z] #328 attempt=1/2 status=200 0.320s url=https://www.myfonts.com/products/regular-shree-punjabi-1778-1147662
[2026-05-11T10:02:22Z] #329 attempt=1/2 status=200 0.580s url=https://www.myfonts.com/collections/shree-punjabi-1778-font-modularinfotech/
[2026-05-11T10:02:22Z] #330 attempt=1/2 status=200 0.154s url=https://www.myfonts.com/collections/shree-punjabi-1778-font-modularinfotech/
[2026-05-11T10:02:22Z] #331 attempt=1/2 status=429 0.028s url=https://www.myfonts.com/products/italic-shree-punjabi-3109-1147625
[2026-05-11T10:02:25Z] #332 attempt=2/2 status=200 0.534s url=https://www.myfonts.com/products/italic-shree-punjabi-3109-1147625
[2026-05-11T10:02:26Z] #333 attempt=1/2 status=200 0.369s url=https://www.myfonts.com/collections/shree-punjabi-3109-font-modularinfotech/
[2026-05-11T10:02:26Z] #334 attempt=1/2 status=200 0.176s url=https://www.myfonts.com/collections/shree-punjabi-3109-font-modularinfotech/
[2026-05-11T10:02:27Z] #335 attempt=1/2 status=200 0.343s url=https://www.myfonts.com/products/italic-shree-punjabi-1782-1147611
[2026-05-11T10:02:27Z] #336 attempt=1/2 status=429 0.034s url=https://www.myfonts.com/collections/shree-punjabi-1782-font-modularinfotech/
[2026-05-11T10:02:30Z] #337 attempt=2/2 status=200 0.500s url=https://www.myfonts.com/collections/shree-punjabi-1782-font-modularinfotech/
[2026-05-11T10:02:30Z] #338 attempt=1/2 status=200 0.370s url=https://www.myfonts.com/collections/shree-punjabi-1782-font-modularinfotech/
[2026-05-11T10:02:31Z] #339 attempt=1/2 status=200 0.443s url=https://www.myfonts.com/products/italic-shree-punjabi-1798-1147608
[2026-05-11T10:02:32Z] #340 attempt=1/2 status=200 0.586s url=https://www.myfonts.com/collections/shree-punjabi-1798-font-modularinfotech/
[2026-05-11T10:02:33Z] #341 attempt=1/2 status=200 0.443s url=https://www.myfonts.com/collections/shree-punjabi-1798-font-modularinfotech/
[2026-05-11T10:02:33Z] #342 attempt=1/2 status=200 0.421s url=https://www.myfonts.com/products/icon-kids-school-1147530
[2026-05-11T10:02:34Z] #343 attempt=1/2 status=429 0.039s url=https://www.myfonts.com/collections/kids-school-font-sensatype-studio/
[2026-05-11T10:02:36Z] #344 attempt=2/2 status=200 0.621s url=https://www.myfonts.com/collections/kids-school-font-sensatype-studio/
[2026-05-11T10:02:37Z] #345 attempt=1/2 status=200 0.415s url=https://www.myfonts.com/products/icon-saned-1146796
[2026-05-11T10:02:38Z] #346 attempt=1/2 status=200 0.403s url=https://www.myfonts.com/collections/saned-font-hishand-studio/
[2026-05-11T10:02:39Z] #347 attempt=1/6 status=200 0.951s url=https://www.myfonts.com/products.json?limit=100&page=18
[2026-05-11T10:02:40Z] #348 attempt=1/2 status=200 0.416s url=https://www.myfonts.com/products/rnd-inner-citizen-1148015
[2026-05-11T10:02:41Z] #349 attempt=1/2 status=200 0.420s url=https://www.myfonts.com/collections/citizen-font-marcin-regucki/
[2026-05-11T10:02:42Z] #350 attempt=1/2 status=200 1.625s url=https://www.myfonts.com/products/aukim-ii-regular-aukim-ii-shape-1147761
[2026-05-11T10:02:45Z] #351 attempt=1/2 status=200 2.620s url=https://www.myfonts.com/collections/aukim-ii-shape-font-aukimvisuel/
[2026-05-11T10:02:46Z] #352 attempt=1/2 status=200 0.343s url=https://www.myfonts.com/products/italic-shree-punjabi-1785-1147753
[2026-05-11T10:02:47Z] #353 attempt=1/2 status=200 0.441s url=https://www.myfonts.com/collections/shree-punjabi-1785-font-modularinfotech/
[2026-05-11T10:02:48Z] #354 attempt=1/2 status=200 0.498s url=https://www.myfonts.com/collections/shree-punjabi-1785-font-modularinfotech/
[2026-05-11T10:02:49Z] #355 attempt=1/2 status=200 0.372s url=https://www.myfonts.com/products/medium-italic-shree-punjabi-3173-1147717
[2026-05-11T10:02:49Z] #356 attempt=1/2 status=200 0.560s url=https://www.myfonts.com/collections/shree-punjabi-3173-font-modularinfotech/
[2026-05-11T10:02:50Z] #357 attempt=1/2 status=200 0.391s url=https://www.myfonts.com/products/regular-shree-punjabi-5807-1147702
[2026-05-11T10:02:51Z] #358 attempt=1/2 status=200 0.435s url=https://www.myfonts.com/collections/shree-punjabi-5807-font-modularinfotech/
[2026-05-11T10:02:51Z] #359 attempt=1/2 status=200 0.350s url=https://www.myfonts.com/products/regular-shree-punjabi-3119-1147668
[2026-05-11T10:02:52Z] #360 attempt=1/2 status=200 0.417s url=https://www.myfonts.com/collections/shree-punjabi-3119-font-modularinfotech/
[2026-05-11T10:02:52Z] #361 attempt=1/2 status=200 0.189s url=https://www.myfonts.com/collections/shree-punjabi-3119-font-modularinfotech/
[2026-05-11T10:02:53Z] #362 attempt=1/2 status=429 0.031s url=https://www.myfonts.com/products/medium-italic-shree-punjabi-3187-1147653
[2026-05-11T10:02:55Z] #363 attempt=2/2 status=200 0.448s url=https://www.myfonts.com/products/medium-italic-shree-punjabi-3187-1147653
[2026-05-11T10:02:56Z] #364 attempt=1/2 status=200 0.183s url=https://www.myfonts.com/collections/shree-punjabi-3187-font-modularinfotech/
[2026-05-11T10:02:56Z] #365 attempt=1/2 status=200 0.389s url=https://www.myfonts.com/products/italic-shree-punjabi-5800-1147728
[2026-05-11T10:02:57Z] #366 attempt=1/2 status=200 0.495s url=https://www.myfonts.com/collections/shree-punjabi-5800-font-modularinfotech/
[2026-05-11T10:02:58Z] #367 attempt=1/2 status=200 0.379s url=https://www.myfonts.com/products/italic-shree-punjabi-1791-1147602
[2026-05-11T10:02:58Z] #368 attempt=1/2 status=429 0.035s url=https://www.myfonts.com/collections/shree-punjabi-1791-font-modularinfotech/
[2026-05-11T10:03:01Z] #369 attempt=2/2 status=200 0.607s url=https://www.myfonts.com/collections/shree-punjabi-1791-font-modularinfotech/
[2026-05-11T10:03:01Z] #370 attempt=1/2 status=200 0.190s url=https://www.myfonts.com/collections/shree-punjabi-1791-font-modularinfotech/
[2026-05-11T10:03:02Z] #371 attempt=1/2 status=200 0.398s url=https://www.myfonts.com/products/regular-shree-punjabi-3121-1147732
[2026-05-11T10:03:03Z] #372 attempt=1/2 status=200 0.713s url=https://www.myfonts.com/collections/shree-punjabi-3121-font-modularinfotech/
[2026-05-11T10:03:04Z] #373 attempt=1/2 status=200 0.427s url=https://www.myfonts.com/products/italic-shree-punjabi-1753-1147750
[2026-05-11T10:03:04Z] #374 attempt=1/2 status=200 0.583s url=https://www.myfonts.com/collections/shree-punjabi-1753-font-modularinfotech/
[2026-05-11T10:03:05Z] #375 attempt=1/2 status=200 0.241s url=https://www.myfonts.com/collections/shree-punjabi-1753-font-modularinfotech/
[2026-05-11T10:03:06Z] #376 attempt=1/6 status=429 0.047s url=https://www.myfonts.com/products.json?limit=100&page=19
[2026-05-11T10:03:09Z] #377 attempt=2/6 status=200 0.778s url=https://www.myfonts.com/products.json?limit=100&page=19
[2026-05-11T10:03:10Z] #378 attempt=1/2 status=200 0.452s url=https://www.myfonts.com/products/regular-shree-punjabi-1755-1147696
[2026-05-11T10:03:10Z] #379 attempt=1/2 status=200 0.570s url=https://www.myfonts.com/collections/shree-punjabi-1755-font-modularinfotech/
[2026-05-11T10:03:11Z] #380 attempt=1/2 status=200 0.156s url=https://www.myfonts.com/collections/shree-punjabi-1755-font-modularinfotech/
[2026-05-11T10:03:11Z] #381 attempt=1/2 status=200 0.353s url=https://www.myfonts.com/products/regular-shree-punjabi-1788-1147746
[2026-05-11T10:03:12Z] #382 attempt=1/2 status=200 0.436s url=https://www.myfonts.com/collections/shree-punjabi-1788-font-modularinfotech/
[2026-05-11T10:03:12Z] #383 attempt=1/2 status=200 0.156s url=https://www.myfonts.com/collections/shree-punjabi-1788-font-modularinfotech/
[2026-05-11T10:03:13Z] #384 attempt=1/2 status=429 0.032s url=https://www.myfonts.com/products/italic-shree-punjabi-1789-1147689
[2026-05-11T10:03:15Z] #385 attempt=2/2 status=200 0.551s url=https://www.myfonts.com/products/italic-shree-punjabi-1789-1147689
[2026-05-11T10:03:16Z] #386 attempt=1/2 status=200 0.495s url=https://www.myfonts.com/collections/shree-punjabi-1789-font-modularinfotech/
[2026-05-11T10:03:17Z] #387 attempt=1/2 status=200 0.584s url=https://www.myfonts.com/collections/shree-punjabi-1789-font-modularinfotech/
[2026-05-11T10:03:18Z] #388 attempt=1/2 status=200 0.321s url=https://www.myfonts.com/products/italic-shree-punjabi-1764-1147666
[2026-05-11T10:03:18Z] #389 attempt=1/2 status=200 0.384s url=https://www.myfonts.com/collections/shree-punjabi-1764-font-modularinfotech/
[2026-05-11T10:03:19Z] #390 attempt=1/2 status=200 0.415s url=https://www.myfonts.com/collections/shree-punjabi-1764-font-modularinfotech/
[2026-05-11T10:03:20Z] #391 attempt=1/2 status=200 0.333s url=https://www.myfonts.com/products/regular-shree-punjabi-3140-1147705
[2026-05-11T10:03:20Z] #392 attempt=1/2 status=429 0.038s url=https://www.myfonts.com/collections/shree-punjabi-3140-font-modularinfotech/
[2026-05-11T10:03:22Z] #393 attempt=2/2 status=200 0.478s url=https://www.myfonts.com/collections/shree-punjabi-3140-font-modularinfotech/
[2026-05-11T10:03:23Z] #394 attempt=1/2 status=200 0.388s url=https://www.myfonts.com/products/bold-italic-shree-punjabi-3128-1147632
[2026-05-11T10:03:24Z] #395 attempt=1/2 status=200 0.468s url=https://www.myfonts.com/collections/shree-punjabi-3128-font-modularinfotech/
[2026-05-11T10:03:24Z] #396 attempt=1/2 status=200 0.299s url=https://www.myfonts.com/products/regular-shree-punjabi-3104-1147682
[2026-05-11T10:03:25Z] #397 attempt=1/2 status=200 0.504s url=https://www.myfonts.com/collections/shree-punjabi-3104-font-modularinfotech/
[2026-05-11T10:03:26Z] #398 attempt=1/2 status=200 0.531s url=https://www.myfonts.com/collections/shree-punjabi-3104-font-modularinfotech/
[2026-05-11T10:03:27Z] #399 attempt=1/2 status=200 0.389s url=https://www.myfonts.com/products/black-italic-shree-punjabi-0951-1147648
[2026-05-11T10:03:27Z] #400 attempt=1/2 status=429 0.057s url=https://www.myfonts.com/collections/shree-punjabi-0951-font-modularinfotech/
[2026-05-11T10:03:30Z] #401 attempt=2/2 status=200 0.519s url=https://www.myfonts.com/collections/shree-punjabi-0951-font-modularinfotech/
[2026-05-11T10:03:30Z] #402 attempt=1/2 status=200 0.145s url=https://www.myfonts.com/collections/shree-punjabi-0951-font-modularinfotech/
[2026-05-11T10:03:31Z] #403 attempt=1/2 status=200 0.334s url=https://www.myfonts.com/products/italic-shree-punjabi-3112-1147596
[2026-05-11T10:03:31Z] #404 attempt=1/2 status=200 0.419s url=https://www.myfonts.com/collections/shree-punjabi-3112-font-modularinfotech/
[2026-05-11T10:03:32Z] #405 attempt=1/2 status=200 0.374s url=https://www.myfonts.com/collections/shree-punjabi-3112-font-modularinfotech/
[2026-05-11T10:03:32Z] #406 attempt=1/2 status=200 0.336s url=https://www.myfonts.com/products/bold-italic-shree-punjabi-1766-1147639
[2026-05-11T10:03:33Z] #407 attempt=1/2 status=429 0.026s url=https://www.myfonts.com/collections/shree-punjabi-1766-font-modularinfotech/
[2026-05-11T10:03:35Z] #408 attempt=2/2 status=200 0.428s url=https://www.myfonts.com/collections/shree-punjabi-1766-font-modularinfotech/
[2026-05-11T10:03:36Z] #409 attempt=1/2 status=200 0.464s url=https://www.myfonts.com/collections/shree-punjabi-1766-font-modularinfotech/
[2026-05-11T10:03:37Z] #410 attempt=1/2 status=200 0.443s url=https://www.myfonts.com/products/regular-shree-punjabi-3101-1147671
[2026-05-11T10:03:38Z] #411 attempt=1/2 status=200 0.495s url=https://www.myfonts.com/collections/shree-punjabi-3101-font-modularinfotech/
[2026-05-11T10:03:38Z] #412 attempt=1/2 status=200 0.409s url=https://www.myfonts.com/collections/shree-punjabi-3101-font-modularinfotech/
[2026-05-11T10:03:39Z] #413 attempt=1/2 status=200 0.326s url=https://www.myfonts.com/products/italic-shree-punjabi-3143-1147614
[2026-05-11T10:03:39Z] #414 attempt=1/2 status=429 0.040s url=https://www.myfonts.com/collections/shree-punjabi-3143-font-modularinfotech/
[2026-05-11T10:03:42Z] #415 attempt=2/2 status=200 0.482s url=https://www.myfonts.com/collections/shree-punjabi-3143-font-modularinfotech/
[2026-05-11T10:03:42Z] #416 attempt=1/2 status=200 0.341s url=https://www.myfonts.com/products/regular-selicha-1147526
[2026-05-11T10:03:43Z] #417 attempt=1/2 status=200 0.384s url=https://www.myfonts.com/collections/selicha-font-almeera-studio/
[2026-05-11T10:03:44Z] #418 attempt=1/2 status=200 0.329s url=https://www.myfonts.com/products/italic-shree-punjabi-3100-1147605
[2026-05-11T10:03:44Z] #419 attempt=1/2 status=200 0.501s url=https://www.myfonts.com/collections/shree-punjabi-3100-font-modularinfotech/
[2026-05-11T10:03:45Z] #420 attempt=1/2 status=200 0.201s url=https://www.myfonts.com/collections/shree-punjabi-3100-font-modularinfotech/
[2026-05-11T10:03:45Z] #421 attempt=1/2 status=429 0.039s url=https://www.myfonts.com/products/regular-jouncy-1147060
[2026-05-11T10:03:48Z] #422 attempt=2/2 status=200 0.400s url=https://www.myfonts.com/products/regular-jouncy-1147060
[2026-05-11T10:03:48Z] #423 attempt=1/2 status=200 0.353s url=https://www.myfonts.com/collections/jouncy-font-syntype/
[2026-05-11T10:03:49Z] #424 attempt=1/2 status=200 0.338s url=https://www.myfonts.com/products/regular-glide-orwate-1148096
[2026-05-11T10:03:49Z] #425 attempt=1/2 status=200 0.399s url=https://www.myfonts.com/collections/glide-orwate-font-maikohatta/
[2026-05-11T10:03:50Z] #426 attempt=1/2 status=200 0.356s url=https://www.myfonts.com/products/demo-graffiti-ptx-1147547
[2026-05-11T10:03:50Z] #427 attempt=1/2 status=429 0.031s url=https://www.myfonts.com/collections/graffiti-ptx-font-pedro-teixeira/
[2026-05-11T10:03:53Z] #428 attempt=2/2 status=200 0.463s url=https://www.myfonts.com/collections/graffiti-ptx-font-pedro-teixeira/
[2026-05-11T10:03:54Z] #429 attempt=1/2 status=200 0.479s url=https://www.myfonts.com/products/stencil-ptx-sprayed-demo-stencil-ptx-1147545
[2026-05-11T10:03:54Z] #430 attempt=1/2 status=200 0.479s url=https://www.myfonts.com/collections/stencil-ptx-font-pedro-teixeira/
[2026-05-11T10:03:55Z] #431 attempt=1/2 status=200 0.331s url=https://www.myfonts.com/products/light-monino-pro-1147535
[2026-05-11T10:03:56Z] #432 attempt=1/2 status=200 0.374s url=https://www.myfonts.com/collections/monino-pro-font-thinkdust/
[2026-05-11T10:03:56Z] #433 attempt=1/2 status=200 0.358s url=https://www.myfonts.com/products/regular-comic-craft-1148275
[2026-05-11T10:03:57Z] #434 attempt=1/2 status=200 0.299s url=https://www.myfonts.com/collections/comic-craft-font-gassstype/
[2026-05-11T10:03:57Z] #435 attempt=1/2 status=429 0.039s url=https://www.myfonts.com/products/italic-limit-text-variable-concept-1148444
[2026-05-11T10:04:00Z] #436 attempt=2/2 status=200 0.540s url=https://www.myfonts.com/products/italic-limit-text-variable-concept-1148444
[2026-05-11T10:04:01Z] #437 attempt=1/2 status=200 0.432s url=https://www.myfonts.com/collections/limit-text-variable-concept-font-bold-guys/
[2026-05-11T10:04:01Z] #438 attempt=1/2 status=200 0.375s url=https://www.myfonts.com/products/ongunkan-brahmi-regular-ongunkan-brahmi-script-1147765
[2026-05-11T10:04:02Z] #439 attempt=1/2 status=200 0.362s url=https://www.myfonts.com/collections/ongunkan-brahmi-script-font-runic-world-tamgac/
[2026-05-11T10:04:03Z] #440 attempt=1/6 status=200 0.699s url=https://www.myfonts.com/products.json?limit=100&page=20
[2026-05-11T10:04:04Z] #441 attempt=1/2 status=200 0.366s url=https://www.myfonts.com/products/regular-shree-punjabi-1784-1147721
[2026-05-11T10:04:04Z] #442 attempt=1/2 status=200 0.470s url=https://www.myfonts.com/collections/shree-punjabi-1784-font-modularinfotech/
[2026-05-11T10:04:05Z] #443 attempt=1/2 status=429 0.055s url=https://www.myfonts.com/collections/shree-punjabi-1784-font-modularinfotech/
[2026-05-11T10:04:07Z] #444 attempt=2/2 status=200 0.244s url=https://www.myfonts.com/collections/shree-punjabi-1784-font-modularinfotech/
[2026-05-11T10:04:08Z] #445 attempt=1/2 status=200 0.299s url=https://www.myfonts.com/products/regular-shree-punjabi-5823-1147724
[2026-05-11T10:04:08Z] #446 attempt=1/2 status=200 0.584s url=https://www.myfonts.com/collections/shree-punjabi-5823-font-modularinfotech/
[2026-05-11T10:04:09Z] #447 attempt=1/2 status=200 0.308s url=https://www.myfonts.com/products/italic-shree-punjabi-3117-1147700
[2026-05-11T10:04:10Z] #448 attempt=1/2 status=200 0.508s url=https://www.myfonts.com/collections/shree-punjabi-3117-font-modularinfotech/
[2026-05-11T10:04:11Z] #449 attempt=1/2 status=200 0.593s url=https://www.myfonts.com/collections/shree-punjabi-3117-font-modularinfotech/
[2026-05-11T10:04:11Z] #450 attempt=1/2 status=429 0.034s url=https://www.myfonts.com/products/regular-strokia-1147532
[2026-05-11T10:04:13Z] #451 attempt=2/2 status=200 0.436s url=https://www.myfonts.com/products/regular-strokia-1147532
[2026-05-11T10:04:14Z] #452 attempt=1/2 status=200 0.286s url=https://www.myfonts.com/collections/strokia-font-rndi-type-foundry/
[2026-05-11T10:04:15Z] #453 attempt=1/2 status=200 0.320s url=https://www.myfonts.com/products/regular-shree-punjabi-1792-1147685
[2026-05-11T10:04:15Z] #454 attempt=1/2 status=200 0.407s url=https://www.myfonts.com/collections/shree-punjabi-1792-font-modularinfotech/
[2026-05-11T10:04:16Z] #455 attempt=1/2 status=200 0.159s url=https://www.myfonts.com/collections/shree-punjabi-1792-font-modularinfotech/
[2026-05-11T10:04:16Z] #456 attempt=1/2 status=429 0.040s url=https://www.myfonts.com/products/regular-shree-punjabi-3102-1147621
[2026-05-11T10:04:19Z] #457 attempt=2/2 status=200 0.431s url=https://www.myfonts.com/products/regular-shree-punjabi-3102-1147621
[2026-05-11T10:04:19Z] #458 attempt=1/2 status=200 0.499s url=https://www.myfonts.com/collections/shree-punjabi-3102-font-modularinfotech/
[2026-05-11T10:04:20Z] #459 attempt=1/2 status=200 0.489s url=https://www.myfonts.com/collections/shree-punjabi-3102-font-modularinfotech/
[2026-05-11T10:04:21Z] #460 attempt=1/2 status=200 0.490s url=https://www.myfonts.com/products/regular-shree-punjabi-3118-1147708
[2026-05-11T10:04:21Z] #461 attempt=1/2 status=200 0.494s url=https://www.myfonts.com/collections/shree-punjabi-3118-font-modularinfotech/
[2026-05-11T10:04:22Z] #462 attempt=1/2 status=200 0.170s url=https://www.myfonts.com/collections/shree-punjabi-3118-font-modularinfotech/
[2026-05-11T10:04:22Z] #463 attempt=1/2 status=429 0.037s url=https://www.myfonts.com/products/upright-limit-frwy-variable-concept-1148435
[2026-05-11T10:04:25Z] #464 attempt=2/2 status=200 0.513s url=https://www.myfonts.com/products/upright-limit-frwy-variable-concept-1148435
[2026-05-11T10:04:26Z] #465 attempt=1/2 status=200 0.503s url=https://www.myfonts.com/collections/limit-frwy-variable-concept-font-bold-guys/
[2026-05-11T10:04:26Z] #466 attempt=1/2 status=200 0.297s url=https://www.myfonts.com/products/regular-avelira-1148277
[2026-05-11T10:04:27Z] #467 attempt=1/2 status=200 0.283s url=https://www.myfonts.com/collections/avelira-font-chekart/
[2026-05-11T10:04:28Z] #468 attempt=1/6 status=200 0.805s url=https://www.myfonts.com/products.json?limit=100&page=21
[2026-05-11T10:04:29Z] #469 attempt=1/2 status=200 0.322s url=https://www.myfonts.com/products/regular-shree-punjabi-1762-1147598
[2026-05-11T10:04:29Z] #470 attempt=1/2 status=200 0.418s url=https://www.myfonts.com/collections/shree-punjabi-1762-font-modularinfotech/
[2026-05-11T10:04:30Z] #471 attempt=1/2 status=200 0.144s url=https://www.myfonts.com/collections/shree-punjabi-1762-font-modularinfotech/
[2026-05-11T10:04:30Z] #472 attempt=1/2 status=429 0.029s url=https://www.myfonts.com/products/italic-shree-punjabi-3106-1147619
[2026-05-11T10:04:33Z] #473 attempt=2/2 status=200 0.500s url=https://www.myfonts.com/products/italic-shree-punjabi-3106-1147619
[2026-05-11T10:04:34Z] #474 attempt=1/2 status=200 0.622s url=https://www.myfonts.com/collections/shree-punjabi-3106-font-modularinfotech/
[2026-05-11T10:04:34Z] #475 attempt=1/2 status=200 0.557s url=https://www.myfonts.com/collections/shree-punjabi-3106-font-modularinfotech/
[2026-05-11T10:04:35Z] #476 attempt=1/2 status=200 0.354s url=https://www.myfonts.com/products/regular-schmale-etienne-1147548
[2026-05-11T10:04:36Z] #477 attempt=1/2 status=200 0.395s url=https://www.myfonts.com/collections/schmale-etienne-font-rmu/
[2026-05-11T10:04:36Z] #478 attempt=1/2 status=200 0.419s url=https://www.myfonts.com/products/italic-shree-punjabi-1799-1147660
[2026-05-11T10:04:37Z] #479 attempt=1/2 status=429 0.043s url=https://www.myfonts.com/collections/shree-punjabi-1799-font-modularinfotech/
[2026-05-11T10:04:39Z] #480 attempt=2/2 status=200 0.698s url=https://www.myfonts.com/collections/shree-punjabi-1799-font-modularinfotech/
[2026-05-11T10:04:40Z] #481 attempt=1/2 status=200 0.262s url=https://www.myfonts.com/collections/shree-punjabi-1799-font-modularinfotech/
[2026-05-11T10:04:41Z] #482 attempt=1/6 status=200 0.880s url=https://www.myfonts.com/products.json?limit=100&page=22
[2026-05-11T10:04:42Z] #483 attempt=1/2 status=200 0.349s url=https://www.myfonts.com/products/italic-shree-punjabi-1752-1147712
[2026-05-11T10:04:43Z] #484 attempt=1/2 status=200 0.632s url=https://www.myfonts.com/collections/shree-punjabi-1752-font-modularinfotech/
[2026-05-11T10:04:44Z] #485 attempt=1/2 status=200 0.501s url=https://www.myfonts.com/collections/shree-punjabi-1752-font-modularinfotech/
[2026-05-11T10:04:44Z] #486 attempt=1/2 status=200 0.330s url=https://www.myfonts.com/products/regular-hormuz-1147527
[2026-05-11T10:04:45Z] #487 attempt=1/2 status=200 0.382s url=https://www.myfonts.com/collections/hormuz-font-afkari-studio/
[2026-05-11T10:04:46Z] #488 attempt=1/2 status=200 1.042s url=https://www.myfonts.com/products/rebellion-font-bundle-package-1092099
[2026-05-11T10:04:47Z] #489 attempt=1/2 status=404 0.193s url=https://www.myfonts.com/collections/rebellion-font-bundle-font-adita-fonts
[2026-05-11T10:04:47Z] #490 attempt=1/2 status=429 0.044s url=https://www.myfonts.com/products/basic-commercial-complete-family-package-1148649
[2026-05-11T10:04:49Z] #491 attempt=2/2 status=200 0.379s url=https://www.myfonts.com/products/basic-commercial-complete-family-package-1148649
[2026-05-11T10:04:50Z] #492 attempt=1/2 status=200 0.409s url=https://www.myfonts.com/collections/basic-commercial-lt-font-linotype/
[2026-05-11T10:04:51Z] #493 attempt=1/2 status=200 0.411s url=https://www.myfonts.com/products/rockwell-complete-family-package-1148648
[2026-05-11T10:04:51Z] #494 attempt=1/2 status=200 0.526s url=https://www.myfonts.com/collections/rockwell-font-monotype-imaging/
[2026-05-11T10:04:52Z] #495 attempt=1/2 status=200 0.734s url=https://www.myfonts.com/products/ff-dax-pro-wide-1-volume-package-1148647
[2026-05-11T10:04:54Z] #496 attempt=1/2 status=200 1.687s url=https://www.myfonts.com/collections/ff-dax-font-fontfont/
[2026-05-11T10:04:56Z] #497 attempt=1/2 status=200 1.027s url=https://www.myfonts.com/products/eurostile-next-wide-family-pack-package-1147759
[2026-05-11T10:04:57Z] #498 attempt=1/2 status=200 1.449s url=https://www.myfonts.com/collections/eurostile-next-font-linotype/
[2026-05-11T10:04:59Z] #499 attempt=1/2 status=200 0.703s url=https://www.myfonts.com/products/novel-mono-xxxcondensed-pack-package-1148433
[2026-05-11T10:05:00Z] #500 attempt=1/2 status=200 1.110s url=https://www.myfonts.com/collections/novel-mono-font-atlasfontfoundry/
[2026-05-11T10:05:01Z] #501 attempt=1/2 status=200 0.965s url=https://www.myfonts.com/products/novel-sans-hair-xxxcondensed-pack-package-1148428
[2026-05-11T10:05:03Z] #502 attempt=1/2 status=200 1.496s url=https://www.myfonts.com/collections/novel-sans-hair-pro-font-atlasfontfoundry/
[2026-05-11T10:05:05Z] #503 attempt=1/6 status=200 0.916s url=https://www.myfonts.com/products.json?limit=100&page=23
[2026-05-11T10:05:06Z] #504 attempt=1/2 status=200 0.531s url=https://www.myfonts.com/products/ac-texto-serif-pro-complete-family-package-1148694
[2026-05-11T10:05:07Z] #505 attempt=1/2 status=200 0.937s url=https://www.myfonts.com/collections/ac-texto-serif-pro-font-antoine-crama/
[2026-05-11T10:05:08Z] #506 attempt=1/2 status=200 0.528s url=https://www.myfonts.com/products/4-styles-package-1148738
[2026-05-11T10:05:09Z] #507 attempt=1/2 status=200 1.174s url=https://www.myfonts.com/collections/ac-texto-serif-font-antoine-crama/
[2026-05-11T10:05:10Z] #508 attempt=1/2 status=200 0.790s url=https://www.myfonts.com/products/the-mini-bundle-slab-serif-font-package-772420
[2026-05-11T10:05:11Z] #509 attempt=1/2 status=404 0.243s url=https://www.myfonts.com/collections/the-mini-bundle-slab-serif-font-font-linecreative
[2026-05-11T10:05:12Z] #510 attempt=1/2 status=200 1.326s url=https://www.myfonts.com/products/light-slant-condensed-malisan-1147780
[2026-05-11T10:05:14Z] #511 attempt=1/2 status=200 1.577s url=https://www.myfonts.com/collections/malisan-font-double-z-studio/
[2026-05-11T10:05:16Z] #512 attempt=1/6 status=200 0.817s url=https://www.myfonts.com/products.json?limit=100&page=24
[2026-05-11T10:05:17Z] #513 attempt=1/2 status=200 0.514s url=https://www.myfonts.com/products/regular-blues-derlons-1147766
[2026-05-11T10:05:17Z] #514 attempt=1/2 status=200 0.312s url=https://www.myfonts.com/collections/blues-derlons-font-bayuktx/
[2026-05-11T10:05:19Z] #515 attempt=1/6 status=200 0.693s url=https://www.myfonts.com/products.json?limit=100&page=25
[2026-05-11T10:05:19Z] summary releases=6 first_429=(167, 'https://www.myfonts.com/collections/moduline-font-vadova-std/', 0.04352736473083496) log_file=state/myfonts_run_20260511_095648.log
[2026-05-11T10:05:19Z] === MyFonts crawl end ===
