[2026-08-26T07:00:37Z] checkpoint fresh next_page=1 path=state/myfonts_crawl_checkpoint.json
[2026-08-26T07:00:37Z] === MyFonts crawl start source=myfonts ===
[2026-08-26T07:00:37Z] config max_pages=25 page_size=100 start_date=2026-08-25 end_date=2026-08-26 api_delay=0.5s detail_delay=0.2s max_debut_checks=400 max_tech_specs_checks=200 reuse_success_profile=False always_enrich_packages=True language_script_signal_mode=strong force_fresh_run=False start_page=1 browser_mode=False browser_headless=True browser_storage_state_path=state/myfonts_storage_state.json
[2026-08-26T07:00:39Z] #1 attempt=1/6 status=200 1.050s url=https://www.myfonts.com/products.json?limit=100&page=1
[2026-08-26T07:00:39Z] #2 attempt=1/2 status=200 0.419s url=https://www.myfonts.com/products/regular-hollowick-1210895
[2026-08-26T07:00:40Z] #3 attempt=1/2 status=200 0.453s url=https://www.myfonts.com/collections/hollowick-font-denustudio/
[2026-08-26T07:00:41Z] #4 attempt=1/2 status=200 0.372s url=https://www.myfonts.com/collections/hollowick-font-denustudio/?tab=techSpecs
[2026-08-26T07:00:42Z] #5 attempt=1/2 status=200 0.384s url=https://www.myfonts.com/products/regular-emirtha-signature-1210993
[2026-08-26T07:00:42Z] #6 attempt=1/2 status=200 0.398s url=https://www.myfonts.com/collections/emirtha-signature-font-tebaltipis-studio/
[2026-08-26T07:00:43Z] #7 attempt=1/2 status=200 0.396s url=https://www.myfonts.com/collections/emirtha-signature-font-tebaltipis-studio/?tab=techSpecs
[2026-08-26T07:00:44Z] #8 attempt=1/2 status=200 0.417s url=https://www.myfonts.com/products/regular-themusion-signature-1211007
[2026-08-26T07:00:44Z] #9 attempt=1/2 status=200 0.378s url=https://www.myfonts.com/collections/themusion-signature-font-tebaltipis-studio/
[2026-08-26T07:00:45Z] #10 attempt=1/2 status=200 0.397s url=https://www.myfonts.com/collections/themusion-signature-font-tebaltipis-studio/?tab=techSpecs
[2026-08-26T07:00:46Z] #11 attempt=1/2 status=200 0.325s url=https://www.myfonts.com/products/regular-wolfsburg-heritage-1210647
[2026-08-26T07:00:46Z] #12 attempt=1/2 status=200 0.373s url=https://www.myfonts.com/collections/wolfsburg-heritage-font-unitype-studio/
[2026-08-26T07:00:47Z] #13 attempt=1/2 status=200 0.395s url=https://www.myfonts.com/collections/wolfsburg-heritage-font-unitype-studio/?tab=techSpecs
[2026-08-26T07:00:48Z] #14 attempt=1/2 status=200 0.381s url=https://www.myfonts.com/products/bold-kinnielc-1210544
[2026-08-26T07:00:49Z] #15 attempt=1/2 status=200 0.429s url=https://www.myfonts.com/products/perfect-union-variable-bold-perfect-union-script-1210443
[2026-08-26T07:00:49Z] #16 attempt=1/2 status=200 0.451s url=https://www.myfonts.com/collections/perfect-union-script-font-ibar-fonts/
[2026-08-26T07:00:50Z] #17 attempt=1/2 status=200 0.257s url=https://www.myfonts.com/collections/perfect-union-script-font-ibar-fonts/?tab=techSpecs
[2026-08-26T07:00:51Z] #18 attempt=1/2 status=200 0.390s url=https://www.myfonts.com/products/regular-rushville-swash-1210806
[2026-08-26T07:00:52Z] #19 attempt=1/2 status=200 0.397s url=https://www.myfonts.com/collections/rushville-swash-font-unitype-studio/
[2026-08-26T07:00:52Z] #20 attempt=1/2 status=200 0.368s url=https://www.myfonts.com/collections/rushville-swash-font-unitype-studio/?tab=techSpecs
[2026-08-26T07:00:53Z] #21 attempt=1/2 status=200 0.370s url=https://www.myfonts.com/products/regular-waffelli-signature-1210996
[2026-08-26T07:00:54Z] #22 attempt=1/2 status=200 0.381s url=https://www.myfonts.com/collections/waffelli-signature-font-tebaltipis-studio/
[2026-08-26T07:00:54Z] #23 attempt=1/2 status=200 0.242s url=https://www.myfonts.com/collections/waffelli-signature-font-tebaltipis-studio/?tab=techSpecs
[2026-08-26T07:00:55Z] #24 attempt=1/2 status=200 0.391s url=https://www.myfonts.com/products/regular-ursie-bellove-signature-1210995
[2026-08-26T07:00:56Z] #25 attempt=1/2 status=200 0.386s url=https://www.myfonts.com/collections/ursie-bellove-signature-font-tebaltipis-studio/
[2026-08-26T07:00:56Z] #26 attempt=1/2 status=200 0.257s url=https://www.myfonts.com/collections/ursie-bellove-signature-font-tebaltipis-studio/?tab=techSpecs
[2026-08-26T07:00:57Z] #27 attempt=1/2 status=200 0.355s url=https://www.myfonts.com/products/regular-another-inkley-signature-1210946
[2026-08-26T07:00:58Z] #28 attempt=1/2 status=200 0.372s url=https://www.myfonts.com/collections/another-inkley-signature-font-tebaltipis-studio/
[2026-08-26T07:00:59Z] #29 attempt=1/2 status=200 0.429s url=https://www.myfonts.com/collections/another-inkley-signature-font-tebaltipis-studio/?tab=techSpecs
[2026-08-26T07:01:00Z] #30 attempt=1/2 status=200 0.368s url=https://www.myfonts.com/products/raviko-rift-complete-family-package-1210651
[2026-08-26T07:01:01Z] #31 attempt=1/2 status=200 0.387s url=https://www.myfonts.com/collections/raviko-rift-font-mei-suseno/
[2026-08-26T07:01:01Z] #32 attempt=1/2 status=200 0.245s url=https://www.myfonts.com/collections/raviko-rift-font-mei-suseno/?tab=techSpecs
[2026-08-26T07:01:02Z] #33 attempt=1/2 status=200 0.389s url=https://www.myfonts.com/products/adab-adil-complete-family-package-1210654
[2026-08-26T07:01:03Z] #34 attempt=1/2 status=200 0.450s url=https://www.myfonts.com/collections/adab-adil-font-kalam/
[2026-08-26T07:01:04Z] #35 attempt=1/2 status=200 0.423s url=https://www.myfonts.com/collections/adab-adil-font-kalam/?tab=techSpecs
[2026-08-26T07:01:05Z] #36 attempt=1/2 status=200 0.394s url=https://www.myfonts.com/products/luna-muse-complete-family-package-1210648
[2026-08-26T07:01:05Z] #37 attempt=1/2 status=200 0.415s url=https://www.myfonts.com/collections/luna-muse-font-mei-suseno/
[2026-08-26T07:01:06Z] #38 attempt=1/2 status=200 0.256s url=https://www.myfonts.com/collections/luna-muse-font-mei-suseno/?tab=techSpecs
[2026-08-26T07:01:08Z] #39 attempt=1/2 status=200 0.970s url=https://www.myfonts.com/products/soft-semi-bold-semi-condensed-gaslighter-1209942
[2026-08-26T07:01:09Z] #40 attempt=1/2 status=200 1.287s url=https://www.myfonts.com/collections/gaslighter-font-bosstypestudio/
[2026-08-26T07:01:10Z] #41 attempt=1/2 status=200 0.435s url=https://www.myfonts.com/collections/gaslighter-font-bosstypestudio/?tab=techSpecs
[2026-08-26T07:01:12Z] #42 attempt=1/2 status=200 0.769s url=https://www.myfonts.com/products/soft-light-italic-semi-condensed-goldtyne-1209890
[2026-08-26T07:01:14Z] #43 attempt=1/2 status=200 1.788s url=https://www.myfonts.com/collections/goldtyne-font-bosstypestudio/
[2026-08-26T07:01:16Z] #44 attempt=1/2 status=200 1.648s url=https://www.myfonts.com/collections/goldtyne-font-bosstypestudio/?tab=techSpecs
[2026-08-26T07:01:18Z] #45 attempt=1/6 status=200 0.968s url=https://www.myfonts.com/products.json?limit=100&page=2
[2026-08-26T07:01:19Z] #46 attempt=1/2 status=200 0.349s url=https://www.myfonts.com/products/extralight-gravis-text-1210422
[2026-08-26T07:01:19Z] #47 attempt=1/2 status=404 0.319s url=https://www.myfonts.com/collections/extralight-gravis-text-1210422-font-webhance
[2026-08-26T07:01:21Z] #48 attempt=1/6 status=200 0.862s url=https://www.myfonts.com/products.json?limit=100&page=3
[2026-08-26T07:01:22Z] #49 attempt=1/2 status=200 0.673s url=https://www.myfonts.com/products/cubron-variable-pack-package-1209395
[2026-08-26T07:01:23Z] #50 attempt=1/2 status=200 0.878s url=https://www.myfonts.com/collections/cubron-grotesk-font-horizon-type/
[2026-08-26T07:01:24Z] #51 attempt=1/2 status=200 1.138s url=https://www.myfonts.com/collections/cubron-grotesk-font-horizon-type/?tab=techSpecs
[2026-08-26T07:01:25Z] #52 attempt=1/2 status=200 0.424s url=https://www.myfonts.com/products/medium-expanded-italic-dietary-1210409
[2026-08-26T07:01:26Z] #53 attempt=1/2 status=200 0.448s url=https://www.myfonts.com/collections/dietary-font-groenstudio/
[2026-08-26T07:01:27Z] #54 attempt=1/2 status=200 0.448s url=https://www.myfonts.com/collections/dietary-font-groenstudio/?tab=techSpecs
[2026-08-26T07:01:28Z] #55 attempt=1/2 status=200 0.417s url=https://www.myfonts.com/products/kalviro-complete-family-package-1209347
[2026-08-26T07:01:29Z] #56 attempt=1/2 status=200 0.517s url=https://www.myfonts.com/collections/kalviro-font-rafis-type/
[2026-08-26T07:01:29Z] #57 attempt=1/2 status=200 0.320s url=https://www.myfonts.com/collections/kalviro-font-rafis-type/?tab=techSpecs
[2026-08-26T07:01:31Z] #58 attempt=1/2 status=200 0.441s url=https://www.myfonts.com/products/sugar-blushy-complete-family-package-1209331
[2026-08-26T07:01:31Z] #59 attempt=1/2 status=200 0.444s url=https://www.myfonts.com/collections/sugar-blushy-font-letterena-studios/
[2026-08-26T07:01:32Z] #60 attempt=1/2 status=200 0.431s url=https://www.myfonts.com/collections/sugar-blushy-font-letterena-studios/?tab=techSpecs
[2026-08-26T07:01:33Z] #61 attempt=1/2 status=200 0.443s url=https://www.myfonts.com/products/armonia-sans-vf-complete-family-package-1208267
[2026-08-26T07:01:34Z] #62 attempt=1/2 status=200 0.421s url=https://www.myfonts.com/collections/armonia-sans-vf-font-vp-creative-shop/
[2026-08-26T07:01:34Z] #63 attempt=1/2 status=200 0.236s url=https://www.myfonts.com/collections/armonia-sans-vf-font-vp-creative-shop/?tab=techSpecs
[2026-08-26T07:01:36Z] #64 attempt=1/2 status=200 0.413s url=https://www.myfonts.com/products/rondapo-complete-family-package-1209344
[2026-08-26T07:01:36Z] #65 attempt=1/2 status=200 0.413s url=https://www.myfonts.com/collections/rondapo-font-qiubare-studio/
[2026-08-26T07:01:37Z] #66 attempt=1/2 status=200 0.228s url=https://www.myfonts.com/collections/rondapo-font-qiubare-studio/?tab=techSpecs
[2026-08-26T07:01:38Z] #67 attempt=1/2 status=200 0.440s url=https://www.myfonts.com/products/mondique-complete-family-package-1204225
[2026-08-26T07:01:39Z] #68 attempt=1/2 status=200 0.537s url=https://www.myfonts.com/collections/mondique-font-marc-lohner/
[2026-08-26T07:01:39Z] #69 attempt=1/2 status=200 0.423s url=https://www.myfonts.com/collections/mondique-font-marc-lohner/?tab=techSpecs
[2026-08-26T07:01:41Z] #70 attempt=1/2 status=200 0.435s url=https://www.myfonts.com/products/boldega-complete-family-package-1209327
[2026-08-26T07:01:41Z] #71 attempt=1/2 status=200 0.401s url=https://www.myfonts.com/collections/boldega-font-jafar07/
[2026-08-26T07:01:42Z] #72 attempt=1/2 status=200 0.414s url=https://www.myfonts.com/collections/boldega-font-jafar07/?tab=techSpecs
[2026-08-26T07:01:43Z] #73 attempt=1/2 status=200 0.451s url=https://www.myfonts.com/products/baulgante-complete-family-package-1209286
[2026-08-26T07:01:44Z] #74 attempt=1/2 status=200 0.641s url=https://www.myfonts.com/collections/baulgante-font-deorde-studio/
[2026-08-26T07:01:45Z] #75 attempt=1/2 status=200 0.548s url=https://www.myfonts.com/collections/baulgante-font-deorde-studio/?tab=techSpecs
[2026-08-26T07:01:47Z] #76 attempt=1/2 status=200 1.407s url=https://www.myfonts.com/products/montile-complete-family-package-1207926
[2026-08-26T07:01:49Z] #77 attempt=1/2 status=200 1.728s url=https://www.myfonts.com/collections/montile-font-akna-typefoundry/
[2026-08-26T07:01:50Z] #78 attempt=1/2 status=200 0.339s url=https://www.myfonts.com/collections/montile-font-akna-typefoundry/?tab=techSpecs
[2026-08-26T07:01:52Z] #79 attempt=1/2 status=200 1.602s url=https://www.myfonts.com/products/rounvia-complete-family-package-1208122
[2026-08-26T07:01:55Z] #80 attempt=1/2 status=200 2.406s url=https://www.myfonts.com/collections/rounvia-font-kaidosan/
[2026-08-26T07:01:58Z] #81 attempt=1/2 status=200 2.215s url=https://www.myfonts.com/collections/rounvia-font-kaidosan/?tab=techSpecs
[2026-08-26T07:02:00Z] #82 attempt=1/6 status=200 0.884s url=https://www.myfonts.com/products.json?limit=100&page=4
[2026-08-26T07:02:01Z] #83 attempt=1/2 status=200 0.384s url=https://www.myfonts.com/products/black-rustik-complete-family-package-1209324
[2026-08-26T07:02:01Z] #84 attempt=1/2 status=200 0.508s url=https://www.myfonts.com/collections/black-rustik-font-illushvara/
[2026-08-26T07:02:02Z] #85 attempt=1/2 status=200 0.464s url=https://www.myfonts.com/collections/black-rustik-font-illushvara/?tab=techSpecs
[2026-08-26T07:02:04Z] #86 attempt=1/2 status=200 1.206s url=https://www.myfonts.com/products/new-bight-complete-family-package-1207537
[2026-08-26T07:02:06Z] #87 attempt=1/2 status=200 1.406s url=https://www.myfonts.com/collections/new-bight-font-groenstudio/
[2026-08-26T07:02:08Z] #88 attempt=1/2 status=200 1.536s url=https://www.myfonts.com/collections/new-bight-font-groenstudio/?tab=techSpecs
[2026-08-26T07:02:09Z] #89 attempt=1/2 status=200 0.411s url=https://www.myfonts.com/products/norevia-complete-family-package-1209340
[2026-08-26T07:02:10Z] #90 attempt=1/2 status=200 0.405s url=https://www.myfonts.com/collections/norevia-font-muksal-creatives/
[2026-08-26T07:02:10Z] #91 attempt=1/2 status=200 0.237s url=https://www.myfonts.com/collections/norevia-font-muksal-creatives/?tab=techSpecs
[2026-08-26T07:02:12Z] #92 attempt=1/2 status=200 0.398s url=https://www.myfonts.com/products/harvellia-complete-family-package-1209364
[2026-08-26T07:02:12Z] #93 attempt=1/2 status=200 0.615s url=https://www.myfonts.com/collections/harvellia-font-vermilione/
[2026-08-26T07:02:13Z] #94 attempt=1/2 status=200 0.572s url=https://www.myfonts.com/collections/harvellia-font-vermilione/?tab=techSpecs
[2026-08-26T07:02:14Z] #95 attempt=1/2 status=200 0.395s url=https://www.myfonts.com/products/ss-sparling-complete-family-package-1208061
[2026-08-26T07:02:15Z] #96 attempt=1/2 status=200 0.485s url=https://www.myfonts.com/collections/ss-sparling-font-vermilione/
[2026-08-26T07:02:16Z] #97 attempt=1/2 status=200 0.401s url=https://www.myfonts.com/collections/ss-sparling-font-vermilione/?tab=techSpecs
[2026-08-26T07:02:17Z] #98 attempt=1/2 status=200 0.481s url=https://www.myfonts.com/products/badalia-complete-family-package-1209309
[2026-08-26T07:02:18Z] #99 attempt=1/2 status=200 0.529s url=https://www.myfonts.com/collections/badalia-font-thinkdust/
[2026-08-26T07:02:18Z] #100 attempt=1/2 status=200 0.259s url=https://www.myfonts.com/collections/badalia-font-thinkdust/?tab=techSpecs
[2026-08-26T07:02:20Z] #101 attempt=1/2 status=200 0.390s url=https://www.myfonts.com/products/saucy-society-bubble-complete-family-package-1209301
[2026-08-26T07:02:20Z] #102 attempt=1/2 status=200 0.419s url=https://www.myfonts.com/collections/saucy-society-bubble-font-four-lines-std/
[2026-08-26T07:02:21Z] #103 attempt=1/2 status=200 0.237s url=https://www.myfonts.com/collections/saucy-society-bubble-font-four-lines-std/?tab=techSpecs
[2026-08-26T07:02:24Z] #104 attempt=1/2 status=200 1.903s url=https://www.myfonts.com/products/kelmitha-complete-family-package-1207461
[2026-08-26T07:02:27Z] #105 attempt=1/2 status=200 3.005s url=https://www.myfonts.com/collections/kelmitha-font-propertype/
[2026-08-26T07:02:31Z] #106 attempt=1/2 status=500 3.108s url=https://www.myfonts.com/collections/kelmitha-font-propertype/?tab=techSpecs
[2026-08-26T07:02:32Z] #107 attempt=1/2 status=200 0.363s url=https://www.myfonts.com/products/sylvian-complete-family-package-1208021
[2026-08-26T07:02:32Z] #108 attempt=1/2 status=200 0.501s url=https://www.myfonts.com/collections/sylvian-font-vermilione/
[2026-08-26T07:02:33Z] #109 attempt=1/2 status=200 0.406s url=https://www.myfonts.com/collections/sylvian-font-vermilione/?tab=techSpecs
[2026-08-26T07:02:34Z] #110 attempt=1/2 status=200 0.410s url=https://www.myfonts.com/products/wonder-castle-complete-family-package-1209361
[2026-08-26T07:02:35Z] #111 attempt=1/2 status=200 0.429s url=https://www.myfonts.com/collections/wonder-castle-font-sloulyfe-studio/
[2026-08-26T07:02:36Z] #112 attempt=1/2 status=200 0.434s url=https://www.myfonts.com/collections/wonder-castle-font-sloulyfe-studio/?tab=techSpecs
[2026-08-26T07:02:37Z] #113 attempt=1/2 status=200 0.400s url=https://www.myfonts.com/products/lowera-complete-family-package-1209305
[2026-08-26T07:02:38Z] #114 attempt=1/2 status=200 0.417s url=https://www.myfonts.com/collections/lowera-font-hishand-studio/
[2026-08-26T07:02:38Z] #115 attempt=1/2 status=200 0.436s url=https://www.myfonts.com/collections/lowera-font-hishand-studio/?tab=techSpecs
[2026-08-26T07:02:40Z] #116 attempt=1/2 status=200 0.399s url=https://www.myfonts.com/products/markerly-truely-complete-family-package-1209337
[2026-08-26T07:02:40Z] #117 attempt=1/2 status=200 0.445s url=https://www.myfonts.com/collections/markerly-truely-font-letterytz/
[2026-08-26T07:02:41Z] #118 attempt=1/2 status=200 0.403s url=https://www.myfonts.com/collections/markerly-truely-font-letterytz/?tab=techSpecs
[2026-08-26T07:02:42Z] #119 attempt=1/2 status=200 0.381s url=https://www.myfonts.com/products/quadfix-complete-family-package-1207457
[2026-08-26T07:02:43Z] #120 attempt=1/2 status=200 0.430s url=https://www.myfonts.com/collections/quadfix-font-hasnat-studio/
[2026-08-26T07:02:43Z] #121 attempt=1/2 status=200 0.241s url=https://www.myfonts.com/collections/quadfix-font-hasnat-studio/?tab=techSpecs
[2026-08-26T07:02:44Z] #122 attempt=1/2 status=200 0.415s url=https://www.myfonts.com/products/laveno-qauline-complete-family-package-1207923
[2026-08-26T07:02:45Z] #123 attempt=1/2 status=200 0.424s url=https://www.myfonts.com/collections/laveno-qauline-font-vermilione/
[2026-08-26T07:02:46Z] #124 attempt=1/2 status=200 0.403s url=https://www.myfonts.com/collections/laveno-qauline-font-vermilione/?tab=techSpecs
[2026-08-26T07:02:47Z] #125 attempt=1/2 status=200 0.371s url=https://www.myfonts.com/products/drakewyn-complete-family-package-1209297
[2026-08-26T07:02:48Z] #126 attempt=1/2 status=200 0.472s url=https://www.myfonts.com/collections/drakewyn-font-din-studio/
[2026-08-26T07:02:48Z] #127 attempt=1/2 status=200 0.391s url=https://www.myfonts.com/collections/drakewyn-font-din-studio/?tab=techSpecs
[2026-08-26T07:02:50Z] #128 attempt=1/2 status=200 0.415s url=https://www.myfonts.com/products/augler-complete-family-package-1209351
[2026-08-26T07:02:50Z] #129 attempt=1/2 status=200 0.556s url=https://www.myfonts.com/collections/augler-font-sarid-ezra/
[2026-08-26T07:02:51Z] #130 attempt=1/2 status=200 0.584s url=https://www.myfonts.com/collections/augler-font-sarid-ezra/?tab=techSpecs
[2026-08-26T07:02:52Z] #131 attempt=1/2 status=200 0.370s url=https://www.myfonts.com/products/writeroom-script-complete-family-package-1209334
[2026-08-26T07:02:53Z] #132 attempt=1/2 status=200 0.444s url=https://www.myfonts.com/collections/writeroom-script-font-letterytz/
[2026-08-26T07:02:54Z] #133 attempt=1/2 status=200 0.431s url=https://www.myfonts.com/collections/writeroom-script-font-letterytz/?tab=techSpecs
[2026-08-26T07:02:55Z] #134 attempt=1/2 status=200 0.378s url=https://www.myfonts.com/products/hanor-dhams-complete-family-package-1207127
[2026-08-26T07:02:56Z] #135 attempt=1/2 status=200 0.447s url=https://www.myfonts.com/collections/hanor-dhams-font-letterena-studios/
[2026-08-26T07:02:56Z] #136 attempt=1/2 status=200 0.379s url=https://www.myfonts.com/collections/hanor-dhams-font-letterena-studios/?tab=techSpecs
[2026-08-26T07:02:58Z] #137 attempt=1/2 status=200 0.409s url=https://www.myfonts.com/products/afterspace-complete-family-package-1208354
[2026-08-26T07:02:58Z] #138 attempt=1/2 status=200 0.430s url=https://www.myfonts.com/collections/afterspace-font-metypeverse/
[2026-08-26T07:02:59Z] #139 attempt=1/2 status=200 0.239s url=https://www.myfonts.com/collections/afterspace-font-metypeverse/?tab=techSpecs
[2026-08-26T07:03:00Z] #140 attempt=1/2 status=200 0.474s url=https://www.myfonts.com/products/regular-dura-europos-rustica-1208109
[2026-08-26T07:03:01Z] #141 attempt=1/2 status=200 0.535s url=https://www.myfonts.com/collections/dura-europos-rustica-font-mysterian/
[2026-08-26T07:03:01Z] #142 attempt=1/2 status=200 0.230s url=https://www.myfonts.com/collections/dura-europos-rustica-font-mysterian/?tab=techSpecs
[2026-08-26T07:03:02Z] #143 attempt=1/2 status=200 0.374s url=https://www.myfonts.com/products/display-maerath-1209330
[2026-08-26T07:03:03Z] #144 attempt=1/2 status=200 0.422s url=https://www.myfonts.com/collections/maerath-font-kavoon/
[2026-08-26T07:03:04Z] #145 attempt=1/2 status=200 0.437s url=https://www.myfonts.com/collections/maerath-font-kavoon/?tab=techSpecs
[2026-08-26T07:03:04Z] #146 attempt=1/2 status=200 0.348s url=https://www.myfonts.com/products/zorell-regular-zorell-1208024
[2026-08-26T07:03:05Z] #147 attempt=1/2 status=200 0.402s url=https://www.myfonts.com/collections/zorell-font-zefrar/
[2026-08-26T07:03:05Z] #148 attempt=1/2 status=429 0.040s url=https://www.myfonts.com/collections/zorell-font-zefrar/?tab=techSpecs
[2026-08-26T07:03:05Z] first_429 req=148 url=https://www.myfonts.com/collections/zorell-font-zefrar/?tab=techSpecs
[2026-08-26T07:03:08Z] #149 attempt=2/2 status=200 0.534s url=https://www.myfonts.com/collections/zorell-font-zefrar/?tab=techSpecs
[2026-08-26T07:03:10Z] #150 attempt=1/6 status=200 0.932s url=https://www.myfonts.com/products.json?limit=100&page=5
[2026-08-26T07:03:10Z] #151 attempt=1/2 status=200 0.369s url=https://www.myfonts.com/products/regular-torq-1208343
[2026-08-26T07:03:11Z] #152 attempt=1/2 status=200 0.438s url=https://www.myfonts.com/collections/torq-font-sipanji21/
[2026-08-26T07:03:12Z] #153 attempt=1/2 status=200 0.351s url=https://www.myfonts.com/products/bold-tejobase-1208121
[2026-08-26T07:03:12Z] #154 attempt=1/2 status=200 0.346s url=https://www.myfonts.com/collections/tejobase-font-wontenart/
[2026-08-26T07:03:13Z] #155 attempt=1/2 status=200 0.365s url=https://www.myfonts.com/products/regular-halozed-1209304
[2026-08-26T07:03:14Z] #156 attempt=1/2 status=200 0.352s url=https://www.myfonts.com/collections/halozed-font-hasnat-studio/
[2026-08-26T07:03:14Z] #157 attempt=1/2 status=200 0.455s url=https://www.myfonts.com/products/vf-regular-godskin-grotesk-1209387
[2026-08-26T07:03:15Z] #158 attempt=1/2 status=200 0.668s url=https://www.myfonts.com/collections/godskin-grotesk-font-horizon-type/
[2026-08-26T07:03:16Z] #159 attempt=1/2 status=429 0.039s url=https://www.myfonts.com/products/regular-modbee-1209300
[2026-08-26T07:03:18Z] #160 attempt=2/2 status=200 0.530s url=https://www.myfonts.com/products/regular-modbee-1209300
[2026-08-26T07:03:19Z] #161 attempt=1/2 status=200 0.395s url=https://www.myfonts.com/collections/modbee-font-flawlessandco/
[2026-08-26T07:03:20Z] #162 attempt=1/6 status=200 0.819s url=https://www.myfonts.com/products.json?limit=100&page=6
[2026-08-26T07:03:21Z] #163 attempt=1/2 status=200 0.359s url=https://www.myfonts.com/products/regular-vexmour-1209367
[2026-08-26T07:03:21Z] #164 attempt=1/2 status=200 0.407s url=https://www.myfonts.com/collections/vexmour-font-arif-novianto/
[2026-08-26T07:03:24Z] #165 attempt=1/6 status=200 0.863s url=https://www.myfonts.com/products.json?limit=100&page=7
[2026-08-26T07:03:24Z] #166 attempt=1/2 status=200 0.350s url=https://www.myfonts.com/products/regular-seprolle-1209273
[2026-08-26T07:03:25Z] #167 attempt=1/2 status=200 0.364s url=https://www.myfonts.com/collections/seprolle-font-anxietype-foundry/
[2026-08-26T07:03:25Z] #168 attempt=1/2 status=200 0.354s url=https://www.myfonts.com/products/regular-ac-leafs-1209258
[2026-08-26T07:03:26Z] #169 attempt=1/2 status=200 0.402s url=https://www.myfonts.com/collections/ac-leafs-font-antoine-crama/
[2026-08-26T07:03:27Z] #170 attempt=1/6 status=429 0.049s url=https://www.myfonts.com/products.json?limit=100&page=8
[2026-08-26T07:03:30Z] #171 attempt=2/6 status=200 0.946s url=https://www.myfonts.com/products.json?limit=100&page=8
[2026-08-26T07:03:31Z] #172 attempt=1/2 status=200 0.499s url=https://www.myfonts.com/products/regular-bloopie-1207460
[2026-08-26T07:03:31Z] #173 attempt=1/2 status=200 0.406s url=https://www.myfonts.com/collections/bloopie-font-zefrar/
[2026-08-26T07:03:32Z] #174 attempt=1/2 status=200 0.368s url=https://www.myfonts.com/products/regular-vinagosta-1207130
[2026-08-26T07:03:33Z] #175 attempt=1/2 status=200 0.465s url=https://www.myfonts.com/collections/vinagosta-font-letterhanna-studio/
[2026-08-26T07:03:33Z] #176 attempt=1/2 status=200 0.369s url=https://www.myfonts.com/products/regular-miette-1208960
[2026-08-26T07:03:34Z] #177 attempt=1/2 status=200 0.319s url=https://www.myfonts.com/collections/miette-font-sloulyfe-studio/
[2026-08-26T07:03:35Z] #178 attempt=1/6 status=200 0.985s url=https://www.myfonts.com/products.json?limit=100&page=9
[2026-08-26T07:03:36Z] #179 attempt=1/2 status=200 0.353s url=https://www.myfonts.com/products/regular-mask-1208818
[2026-08-26T07:03:37Z] #180 attempt=1/2 status=200 0.347s url=https://www.myfonts.com/collections/mask-font-sensatype-studio/
[2026-08-26T07:03:37Z] #181 attempt=1/2 status=200 0.333s url=https://www.myfonts.com/products/regular-delicio-1208344
[2026-08-26T07:03:37Z] #182 attempt=1/2 status=429 0.037s url=https://www.myfonts.com/collections/delicio-font-sensatype-studio/
[2026-08-26T07:03:40Z] #183 attempt=2/2 status=200 0.504s url=https://www.myfonts.com/collections/delicio-font-sensatype-studio/
[2026-08-26T07:03:42Z] #184 attempt=1/6 status=200 0.810s url=https://www.myfonts.com/products.json?limit=100&page=10
[2026-08-26T07:03:43Z] #185 attempt=1/6 status=200 0.761s url=https://www.myfonts.com/products.json?limit=100&page=11
[2026-08-26T07:03:43Z] #186 attempt=1/2 status=200 0.404s url=https://www.myfonts.com/products/regular-zfscribelle-1207126
[2026-08-26T07:03:44Z] #187 attempt=1/2 status=200 0.397s url=https://www.myfonts.com/collections/zfscribelle-font-zoofont/
[2026-08-26T07:03:46Z] #188 attempt=1/6 status=200 1.076s url=https://www.myfonts.com/products.json?limit=100&page=12
[2026-08-26T07:03:46Z] #189 attempt=1/2 status=200 0.358s url=https://www.myfonts.com/products/regular-brond-1209350
[2026-08-26T07:03:47Z] #190 attempt=1/2 status=200 0.435s url=https://www.myfonts.com/collections/brond-font-rasio-studio/
[2026-08-26T07:03:48Z] #191 attempt=1/2 status=200 0.352s url=https://www.myfonts.com/products/regular-drakhon-brush-1209343
[2026-08-26T07:03:48Z] #192 attempt=1/2 status=200 0.409s url=https://www.myfonts.com/collections/drakhon-brush-font-pointlab/
[2026-08-26T07:03:48Z] #193 attempt=1/2 status=429 0.044s url=https://www.myfonts.com/products/the-vintage-font-collection-package-933106
[2026-08-26T07:03:52Z] #194 attempt=2/2 status=200 1.425s url=https://www.myfonts.com/products/the-vintage-font-collection-package-933106
[2026-08-26T07:03:53Z] #195 attempt=1/2 status=404 0.305s url=https://www.myfonts.com/collections/the-vintage-font-collection-font-anas-fonts
[2026-08-26T07:03:54Z] #196 attempt=1/2 status=200 1.164s url=https://www.myfonts.com/products/the-script-and-serif-font-bundle-package-933151
[2026-08-26T07:03:55Z] #197 attempt=1/2 status=404 0.219s url=https://www.myfonts.com/collections/the-script-and-serif-font-bundle-font-anas-fonts
[2026-08-26T07:03:55Z] #198 attempt=1/2 status=200 0.430s url=https://www.myfonts.com/products/the-simplie-complete-family-package-1209274
[2026-08-26T07:03:56Z] #199 attempt=1/2 status=200 0.378s url=https://www.myfonts.com/collections/the-simplie-font-abbasy-studio/
[2026-08-26T07:03:56Z] #200 attempt=1/2 status=200 0.351s url=https://www.myfonts.com/products/arimels-complete-family-package-1209283
[2026-08-26T07:03:57Z] #201 attempt=1/2 status=200 0.353s url=https://www.myfonts.com/collections/arimels-font-artisan-themes/
[2026-08-26T07:03:58Z] #202 attempt=1/2 status=200 0.414s url=https://www.myfonts.com/products/gumbolt-complete-family-package-1209277
[2026-08-26T07:03:58Z] #203 attempt=1/2 status=200 0.379s url=https://www.myfonts.com/collections/gumbolt-font-arterfak-project/
[2026-08-26T07:03:59Z] #204 attempt=1/2 status=200 0.392s url=https://www.myfonts.com/products/fluctus-complete-family-package-1208965
[2026-08-26T07:03:59Z] #205 attempt=1/2 status=429 0.040s url=https://www.myfonts.com/collections/fluctus-font-kaisertype/
[2026-08-26T07:04:02Z] #206 attempt=2/2 status=200 0.619s url=https://www.myfonts.com/collections/fluctus-font-kaisertype/
[2026-08-26T07:04:03Z] #207 attempt=1/2 status=200 0.397s url=https://www.myfonts.com/products/balveros-vecia-script-complete-family-package-1208351
[2026-08-26T07:04:03Z] #208 attempt=1/2 status=200 0.426s url=https://www.myfonts.com/collections/balveros-vecia-script-font-maulana-creative/
[2026-08-26T07:04:04Z] #209 attempt=1/2 status=200 0.339s url=https://www.myfonts.com/products/lush-refinement-complete-family-package-1208264
[2026-08-26T07:04:04Z] #210 attempt=1/2 status=429 0.039s url=https://www.myfonts.com/collections/lush-refinement-font-vermilione/
[2026-08-26T07:04:07Z] #211 attempt=2/2 status=200 0.530s url=https://www.myfonts.com/collections/lush-refinement-font-vermilione/
[2026-08-26T07:04:08Z] #212 attempt=1/2 status=200 0.840s url=https://www.myfonts.com/products/mondeya-complete-family-package-1208292
[2026-08-26T07:04:09Z] #213 attempt=1/2 status=200 0.966s url=https://www.myfonts.com/collections/mondeya-font-bungletter/
[2026-08-26T07:04:11Z] #214 attempt=1/2 status=200 1.182s url=https://www.myfonts.com/products/bargalis-complete-family-package-1208025
[2026-08-26T07:04:12Z] #215 attempt=1/2 status=200 1.425s url=https://www.myfonts.com/collections/bargalis-font-ulfa-foundry/
[2026-08-26T07:04:13Z] #216 attempt=1/2 status=200 0.378s url=https://www.myfonts.com/products/zenosix-complete-family-package-1208962
[2026-08-26T07:04:14Z] #217 attempt=1/2 status=200 0.437s url=https://www.myfonts.com/collections/zenosix-font-metypeverse/
[2026-08-26T07:04:15Z] #218 attempt=1/2 status=200 0.786s url=https://www.myfonts.com/products/gasby-binega-complete-family-package-1207426
[2026-08-26T07:04:16Z] #219 attempt=1/2 status=200 0.618s url=https://www.myfonts.com/collections/gasby-binega-font-gatype/
[2026-08-26T07:04:18Z] #220 attempt=1/2 status=200 2.043s url=https://www.myfonts.com/products/kulutu-alt-complete-family-package-1207131
[2026-08-26T07:04:22Z] #221 attempt=1/2 status=200 3.787s url=https://www.myfonts.com/collections/kulutu-alt-font-aukimvisuel/
[2026-08-26T07:04:24Z] #222 attempt=1/2 status=200 0.354s url=https://www.myfonts.com/products/keep-it-real-complete-family-package-1207937
[2026-08-26T07:04:24Z] #223 attempt=1/2 status=200 0.520s url=https://www.myfonts.com/collections/keep-it-real-font-pizzadude-dk/
[2026-08-26T07:04:25Z] #224 attempt=1/2 status=200 0.426s url=https://www.myfonts.com/products/nabellin-complete-family-package-1208977
[2026-08-26T07:04:26Z] #225 attempt=1/2 status=200 0.506s url=https://www.myfonts.com/collections/nabellin-font-nollev/
[2026-08-26T07:04:27Z] #226 attempt=1/2 status=200 0.502s url=https://www.myfonts.com/products/autentica-classic-complete-family-package-1209259
[2026-08-26T07:04:27Z] #227 attempt=1/2 status=200 0.532s url=https://www.myfonts.com/collections/autentica-classic-font-sofiamohr/
[2026-08-26T07:04:28Z] #228 attempt=1/2 status=200 0.429s url=https://www.myfonts.com/products/panther-brush-complete-family-package-1173799
[2026-08-26T07:04:29Z] #229 attempt=1/2 status=200 0.436s url=https://www.myfonts.com/collections/panther-brush-font-sign-studio/
[2026-08-26T07:04:32Z] #230 attempt=1/2 status=200 2.282s url=https://www.myfonts.com/products/besinar-complete-family-package-1208350
[2026-08-26T07:04:34Z] #231 attempt=1/2 status=200 2.500s url=https://www.myfonts.com/collections/besinar-font-ajibatype/
[2026-08-26T07:04:36Z] #232 attempt=1/2 status=200 0.596s url=https://www.myfonts.com/products/armonia-sans-complete-family-package-1208270
[2026-08-26T07:04:37Z] #233 attempt=1/2 status=200 0.642s url=https://www.myfonts.com/collections/armonia-sans-font-vp-creative-shop/
[2026-08-26T07:04:37Z] #234 attempt=1/2 status=200 0.541s url=https://www.myfonts.com/products/mounsfield-complete-family-package-1208995
[2026-08-26T07:04:38Z] #235 attempt=1/2 status=200 0.711s url=https://www.myfonts.com/collections/mounsfield-font-unitype-studio/
[2026-08-26T07:04:40Z] #236 attempt=1/2 status=200 0.820s url=https://www.myfonts.com/products/iqarus-complete-family-package-1209123
[2026-08-26T07:04:41Z] #237 attempt=1/2 status=200 1.176s url=https://www.myfonts.com/collections/iqarus-font-alpercakici/
[2026-08-26T07:04:42Z] #238 attempt=1/2 status=200 0.938s url=https://www.myfonts.com/products/giselax-complete-family-package-1208357
[2026-08-26T07:04:44Z] #239 attempt=1/2 status=200 1.848s url=https://www.myfonts.com/collections/giselax-font-donyadesign/
[2026-08-26T07:04:46Z] #240 attempt=1/2 status=200 0.894s url=https://www.myfonts.com/products/segikan-complete-family-package-1209184
[2026-08-26T07:04:47Z] #241 attempt=1/2 status=200 1.221s url=https://www.myfonts.com/collections/segikan-font-areatype/
[2026-08-26T07:04:48Z] #242 attempt=1/2 status=200 0.345s url=https://www.myfonts.com/products/reotta-complete-family-package-1208973
[2026-08-26T07:04:49Z] #243 attempt=1/2 status=200 0.371s url=https://www.myfonts.com/collections/reotta-font-mbonster/
[2026-08-26T07:04:50Z] #244 attempt=1/2 status=200 0.421s url=https://www.myfonts.com/products/ft-baile-complete-family-package-1208984
[2026-08-26T07:04:50Z] #245 attempt=1/2 status=200 0.536s url=https://www.myfonts.com/collections/ft-baile-font-fateh-lab/
[2026-08-26T07:04:51Z] #246 attempt=1/2 status=200 0.368s url=https://www.myfonts.com/products/labeled-complete-family-package-1208340
[2026-08-26T07:04:52Z] #247 attempt=1/2 status=200 0.373s url=https://www.myfonts.com/collections/labeled-font-tension-type/
[2026-08-26T07:04:52Z] #248 attempt=1/2 status=200 0.387s url=https://www.myfonts.com/products/perfect-sprouts-complete-family-package-1208345
[2026-08-26T07:04:53Z] #249 attempt=1/2 status=200 0.397s url=https://www.myfonts.com/collections/perfect-sprouts-font-type-peace/
[2026-08-26T07:04:53Z] #250 attempt=1/2 status=200 0.351s url=https://www.myfonts.com/products/sacred-grove-complete-family-package-1208289
[2026-08-26T07:04:54Z] #251 attempt=1/2 status=200 0.336s url=https://www.myfonts.com/collections/sacred-grove-font-ragamkata/
[2026-08-26T07:04:55Z] #252 attempt=1/2 status=200 0.342s url=https://www.myfonts.com/products/chimela-complete-family-package-1208970
[2026-08-26T07:04:55Z] #253 attempt=1/2 status=200 0.374s url=https://www.myfonts.com/collections/chimela-font-font-liner/
[2026-08-26T07:04:57Z] #254 attempt=1/2 status=200 1.061s url=https://www.myfonts.com/products/solsano-complete-family-package-1209014
[2026-08-26T07:04:58Z] #255 attempt=1/2 status=200 1.520s url=https://www.myfonts.com/collections/solsano-font-rcky-studio/
[2026-08-26T07:05:00Z] #256 attempt=1/6 status=200 1.002s url=https://www.myfonts.com/products.json?limit=100&page=13
[2026-08-26T07:05:01Z] #257 attempt=1/2 status=200 0.333s url=https://www.myfonts.com/products/regular-maldiko-1208860
[2026-08-26T07:05:01Z] #258 attempt=1/2 status=200 0.350s url=https://www.myfonts.com/collections/maldiko-font-arif-novianto/
[2026-08-26T07:05:03Z] #259 attempt=1/6 status=200 0.876s url=https://www.myfonts.com/products.json?limit=100&page=14
[2026-08-26T07:05:04Z] #260 attempt=1/6 status=200 0.855s url=https://www.myfonts.com/products.json?limit=100&page=15
[2026-08-26T07:05:05Z] #261 attempt=1/6 status=200 0.778s url=https://www.myfonts.com/products.json?limit=100&page=16
[2026-08-26T07:05:06Z] #262 attempt=1/2 status=200 0.336s url=https://www.myfonts.com/products/regular-cartela-1208961
[2026-08-26T07:05:07Z] #263 attempt=1/2 status=200 0.376s url=https://www.myfonts.com/collections/cartela-font-artolabs/
[2026-08-26T07:05:08Z] #264 attempt=1/6 status=200 0.918s url=https://www.myfonts.com/products.json?limit=100&page=17
[2026-08-26T07:05:10Z] #265 attempt=1/6 status=200 0.939s url=https://www.myfonts.com/products.json?limit=100&page=18
[2026-08-26T07:05:11Z] #266 attempt=1/6 status=200 0.913s url=https://www.myfonts.com/products.json?limit=100&page=19
[2026-08-26T07:05:12Z] #267 attempt=1/6 status=200 0.675s url=https://www.myfonts.com/products.json?limit=100&page=20
[2026-08-26T07:05:14Z] #268 attempt=1/6 status=200 0.833s url=https://www.myfonts.com/products.json?limit=100&page=21
[2026-08-26T07:05:14Z] #269 attempt=1/2 status=200 0.342s url=https://www.myfonts.com/products/regular-halvorix-1208976
[2026-08-26T07:05:15Z] #270 attempt=1/2 status=200 0.365s url=https://www.myfonts.com/collections/halvorix-font-letterhanna-studio/
[2026-08-26T07:05:15Z] #271 attempt=1/2 status=200 0.364s url=https://www.myfonts.com/products/lee-van-cleef-complete-family-package-1208623
[2026-08-26T07:05:16Z] #272 attempt=1/2 status=200 0.405s url=https://www.myfonts.com/collections/lee-van-cleef-font-woodcutter/
[2026-08-26T07:05:18Z] #273 attempt=1/6 status=200 0.967s url=https://www.myfonts.com/products.json?limit=100&page=22
[2026-08-26T07:05:18Z] #274 attempt=1/2 status=200 0.344s url=https://www.myfonts.com/products/regular-morzeth-1208725
[2026-08-26T07:05:19Z] #275 attempt=1/2 status=200 0.352s url=https://www.myfonts.com/collections/morzeth-font-arif-novianto/
[2026-08-26T07:05:20Z] #276 attempt=1/6 status=200 0.967s url=https://www.myfonts.com/products.json?limit=100&page=23
[2026-08-26T07:05:21Z] #277 attempt=1/2 status=200 0.519s url=https://www.myfonts.com/products/estima-pro-complete-family-package-1209106
[2026-08-26T07:05:22Z] #278 attempt=1/2 status=200 0.609s url=https://www.myfonts.com/collections/estima-pro-font-igor-gli-ski/
[2026-08-26T07:05:23Z] #279 attempt=1/2 status=200 0.393s url=https://www.myfonts.com/products/medium-zt-aveline-chapter-1207118
[2026-08-26T07:05:23Z] #280 attempt=1/2 status=200 0.411s url=https://www.myfonts.com/collections/zt-aveline-chapter-font-zafira-type/
[2026-08-26T07:05:25Z] #281 attempt=1/6 status=200 0.801s url=https://www.myfonts.com/products.json?limit=100&page=24
[2026-08-26T07:05:25Z] #282 attempt=1/2 status=200 0.375s url=https://www.myfonts.com/products/deelora-regular-de-elora-1207124
[2026-08-26T07:05:26Z] #283 attempt=1/2 status=200 0.383s url=https://www.myfonts.com/collections/de-elora-font-storictype/
[2026-08-26T07:05:27Z] #284 attempt=1/6 status=200 1.102s url=https://www.myfonts.com/products.json?limit=100&page=25
[2026-08-26T07:05:27Z] summary releases=299 first_429=(148, 'https://www.myfonts.com/collections/zorell-font-zefrar/?tab=techSpecs', 0.04034161567687988) log_file=state/myfonts_run_20260826_070037.log
[2026-08-26T07:05:27Z] === MyFonts crawl end ===
