[2026-08-20T06:57:44Z] checkpoint fresh next_page=1 path=state/myfonts_crawl_checkpoint.json
[2026-08-20T06:57:44Z] === MyFonts crawl start source=myfonts ===
[2026-08-20T06:57:44Z] config max_pages=25 page_size=100 start_date=2026-08-19 end_date=2026-08-20 api_delay=0.5s detail_delay=0.2s max_debut_checks=400 max_tech_specs_checks=200 reuse_success_profile=False always_enrich_packages=True language_script_signal_mode=strong force_fresh_run=False start_page=1 browser_mode=False browser_headless=True browser_storage_state_path=state/myfonts_storage_state.json
[2026-08-20T06:57:45Z] #1 attempt=1/6 status=200 0.757s url=https://www.myfonts.com/products.json?limit=100&page=1
[2026-08-20T06:57:46Z] #2 attempt=1/2 status=200 0.431s url=https://www.myfonts.com/products/regular-dark-charis-1205293
[2026-08-20T06:57:46Z] #3 attempt=1/2 status=200 0.396s url=https://www.myfonts.com/collections/dark-charis-font-flawlessandco/
[2026-08-20T06:57:47Z] #4 attempt=1/2 status=200 0.231s url=https://www.myfonts.com/collections/dark-charis-font-flawlessandco/?tab=techSpecs
[2026-08-20T06:57:48Z] #5 attempt=1/2 status=200 0.360s url=https://www.myfonts.com/products/regular-thread-vamp-1205292
[2026-08-20T06:57:48Z] #6 attempt=1/2 status=200 0.366s url=https://www.myfonts.com/collections/thread-vamp-font-product-type/
[2026-08-20T06:57:49Z] #7 attempt=1/2 status=200 0.217s url=https://www.myfonts.com/collections/thread-vamp-font-product-type/?tab=techSpecs
[2026-08-20T06:57:50Z] #8 attempt=1/2 status=200 0.369s url=https://www.myfonts.com/products/regular-ikilor-thival-1205281
[2026-08-20T06:57:50Z] #9 attempt=1/2 status=200 0.361s url=https://www.myfonts.com/collections/ikilor-thival-font-product-type/
[2026-08-20T06:57:51Z] #10 attempt=1/2 status=200 0.194s url=https://www.myfonts.com/collections/ikilor-thival-font-product-type/?tab=techSpecs
[2026-08-20T06:57:52Z] #11 attempt=1/2 status=200 0.374s url=https://www.myfonts.com/products/regular-chastel-compank-1205091
[2026-08-20T06:57:52Z] #12 attempt=1/2 status=200 0.365s url=https://www.myfonts.com/collections/chastel-compank-font-twinletter/
[2026-08-20T06:57:53Z] #13 attempt=1/2 status=200 0.184s url=https://www.myfonts.com/collections/chastel-compank-font-twinletter/?tab=techSpecs
[2026-08-20T06:57:54Z] #14 attempt=1/2 status=200 0.702s url=https://www.myfonts.com/products/the-ultimate-font-bundle-for-bold-statements-package-1023030
[2026-08-20T06:57:55Z] #15 attempt=1/2 status=404 0.264s url=https://www.myfonts.com/collections/the-ultimate-font-bundle-for-bold-statements-font-hyperfluro
[2026-08-20T06:57:56Z] #16 attempt=1/2 status=200 0.716s url=https://www.myfonts.com/products/111-font-bundle-package-951499
[2026-08-20T06:57:56Z] #17 attempt=1/2 status=404 0.233s url=https://www.myfonts.com/collections/111-font-bundle-font-hyperfluro
[2026-08-20T06:57:57Z] #18 attempt=1/2 status=200 0.625s url=https://www.myfonts.com/products/eighty-killer-fonts-one-insane-deal-package-1022813
[2026-08-20T06:57:57Z] #19 attempt=1/2 status=404 0.251s url=https://www.myfonts.com/collections/eighty-killer-fonts-one-insane-deal-font-hyperfluro
[2026-08-20T06:57:58Z] #20 attempt=1/2 status=200 0.541s url=https://www.myfonts.com/products/the-cyberpunk-bundle-package-945589
[2026-08-20T06:57:59Z] #21 attempt=1/2 status=404 0.217s url=https://www.myfonts.com/collections/the-cyberpunk-bundle-font-hyperfluro
[2026-08-20T06:58:00Z] #22 attempt=1/2 status=200 0.808s url=https://www.myfonts.com/products/thinkdust-nanami-font-bundle-package-863063
[2026-08-20T06:58:00Z] #23 attempt=1/2 status=404 0.222s url=https://www.myfonts.com/collections/thinkdust-nanami-font-bundle-font-hyperfluro
[2026-08-20T06:58:01Z] #24 attempt=1/2 status=200 0.445s url=https://www.myfonts.com/products/thinkdust-nanami-font-bundle-package-857723
[2026-08-20T06:58:01Z] #25 attempt=1/2 status=404 0.243s url=https://www.myfonts.com/collections/thinkdust-nanami-font-bundle-font-hyperfluro
[2026-08-20T06:58:02Z] #26 attempt=1/2 status=200 0.371s url=https://www.myfonts.com/products/the-divine-font-bundle-package-945588
[2026-08-20T06:58:02Z] #27 attempt=1/2 status=404 0.220s url=https://www.myfonts.com/collections/the-divine-font-bundle-font-hyperfluro
[2026-08-20T06:58:03Z] #28 attempt=1/2 status=200 0.443s url=https://www.myfonts.com/products/regular-ez-humpkin-1205084
[2026-08-20T06:58:03Z] #29 attempt=1/2 status=200 0.348s url=https://www.myfonts.com/collections/ez-humpkin-font-zafara-studios/
[2026-08-20T06:58:04Z] #30 attempt=1/2 status=200 0.216s url=https://www.myfonts.com/collections/ez-humpkin-font-zafara-studios/?tab=techSpecs
[2026-08-20T06:58:05Z] #31 attempt=1/2 status=200 0.362s url=https://www.myfonts.com/products/regular-brovan-1205067
[2026-08-20T06:58:06Z] #32 attempt=1/2 status=200 0.385s url=https://www.myfonts.com/collections/brovan-font-illushvara/
[2026-08-20T06:58:06Z] #33 attempt=1/2 status=200 0.222s url=https://www.myfonts.com/collections/brovan-font-illushvara/?tab=techSpecs
[2026-08-20T06:58:07Z] #34 attempt=1/2 status=200 0.394s url=https://www.myfonts.com/products/bold-revoid-1205074
[2026-08-20T06:58:08Z] #35 attempt=1/2 status=200 0.367s url=https://www.myfonts.com/collections/revoid-font-limitype/
[2026-08-20T06:58:08Z] #36 attempt=1/2 status=200 0.248s url=https://www.myfonts.com/collections/revoid-font-limitype/?tab=techSpecs
[2026-08-20T06:58:09Z] #37 attempt=1/2 status=200 0.374s url=https://www.myfonts.com/products/regular-diamond-well-1205073
[2026-08-20T06:58:10Z] #38 attempt=1/2 status=200 0.393s url=https://www.myfonts.com/collections/diamond-well-font-letterhanna-studio/
[2026-08-20T06:58:10Z] #39 attempt=1/2 status=200 0.203s url=https://www.myfonts.com/collections/diamond-well-font-letterhanna-studio/?tab=techSpecs
[2026-08-20T06:58:11Z] #40 attempt=1/2 status=200 0.385s url=https://www.myfonts.com/products/regular-megalme-1205072
[2026-08-20T06:58:12Z] #41 attempt=1/2 status=200 0.398s url=https://www.myfonts.com/collections/megalme-font-mega-type/
[2026-08-20T06:58:12Z] #42 attempt=1/2 status=200 0.200s url=https://www.myfonts.com/collections/megalme-font-mega-type/?tab=techSpecs
[2026-08-20T06:58:13Z] #43 attempt=1/2 status=200 0.457s url=https://www.myfonts.com/products/regular-lumera-editorial-1205068
[2026-08-20T06:58:14Z] #44 attempt=1/2 status=200 0.373s url=https://www.myfonts.com/collections/lumera-editorial-font-jinan-studio/
[2026-08-20T06:58:14Z] #45 attempt=1/2 status=200 0.207s url=https://www.myfonts.com/collections/lumera-editorial-font-jinan-studio/?tab=techSpecs
[2026-08-20T06:58:16Z] #46 attempt=1/2 status=200 0.355s url=https://www.myfonts.com/products/regular-fisreps-jansoic-1204927
[2026-08-20T06:58:16Z] #47 attempt=1/2 status=200 0.312s url=https://www.myfonts.com/collections/fisreps-jansoic-font-black-junst/
[2026-08-20T06:58:17Z] #48 attempt=1/2 status=200 0.180s url=https://www.myfonts.com/collections/fisreps-jansoic-font-black-junst/?tab=techSpecs
[2026-08-20T06:58:17Z] #49 attempt=1/2 status=200 0.188s url=https://www.myfonts.com/collections/fisreps-jansoic-font-black-junst/
[2026-08-20T06:58:18Z] #50 attempt=1/2 status=404 0.218s url=https://www.myfonts.com/collections/regular-fisreps-jansoic-1204927-font-black-junst
[2026-08-20T06:58:18Z] #51 attempt=1/2 status=200 0.361s url=https://www.myfonts.com/products/variable-font-tally-pixel-1204916
[2026-08-20T06:58:19Z] #52 attempt=1/2 status=200 0.376s url=https://www.myfonts.com/collections/tally-pixel-font-attype-studio/
[2026-08-20T06:58:19Z] #53 attempt=1/2 status=200 0.196s url=https://www.myfonts.com/collections/tally-pixel-font-attype-studio/?tab=techSpecs
[2026-08-20T06:58:20Z] #54 attempt=1/2 status=200 0.391s url=https://www.myfonts.com/products/eliot-complete-family-package-1204730
[2026-08-20T06:58:21Z] #55 attempt=1/2 status=200 0.459s url=https://www.myfonts.com/collections/eliot-font-eliot-wolin/
[2026-08-20T06:58:21Z] #56 attempt=1/2 status=200 0.188s url=https://www.myfonts.com/collections/eliot-font-eliot-wolin/?tab=techSpecs
[2026-08-20T06:58:23Z] #57 attempt=1/2 status=200 0.583s url=https://www.myfonts.com/products/gatich-sans-complete-family-package-1204711
[2026-08-20T06:58:24Z] #58 attempt=1/2 status=200 0.616s url=https://www.myfonts.com/collections/gatich-sans-font-sealoung/
[2026-08-20T06:58:24Z] #59 attempt=1/2 status=200 0.226s url=https://www.myfonts.com/collections/gatich-sans-font-sealoung/?tab=techSpecs
[2026-08-20T06:58:27Z] #60 attempt=1/2 status=200 1.572s url=https://www.myfonts.com/products/selogia-complete-family-package-1180483
[2026-08-20T06:58:29Z] #61 attempt=1/2 status=200 1.900s url=https://www.myfonts.com/collections/selogia-font-trick-type-style/
[2026-08-20T06:58:30Z] #62 attempt=1/2 status=200 0.380s url=https://www.myfonts.com/collections/selogia-font-trick-type-style/?tab=techSpecs
[2026-08-20T06:58:31Z] #63 attempt=1/2 status=200 0.395s url=https://www.myfonts.com/products/enormous-progress-complete-family-package-1204911
[2026-08-20T06:58:32Z] #64 attempt=1/2 status=200 0.541s url=https://www.myfonts.com/collections/enormous-progress-font-177studio/
[2026-08-20T06:58:33Z] #65 attempt=1/2 status=200 0.192s url=https://www.myfonts.com/collections/enormous-progress-font-177studio/?tab=techSpecs
[2026-08-20T06:58:34Z] #66 attempt=1/2 status=200 0.479s url=https://www.myfonts.com/products/tazugane-gothic-body-text-collection-package-1204905
[2026-08-20T06:58:35Z] #67 attempt=1/2 status=200 0.563s url=https://www.myfonts.com/collections/tazugane-gothic-font-monotype-imaging/
[2026-08-20T06:58:35Z] #68 attempt=1/2 status=200 0.224s url=https://www.myfonts.com/collections/tazugane-gothic-font-monotype-imaging/?tab=techSpecs
[2026-08-20T06:58:37Z] #69 attempt=1/2 status=200 0.422s url=https://www.myfonts.com/products/radiant-extra-condensed-ct-complete-family-package-1204902
[2026-08-20T06:58:37Z] #70 attempt=1/2 status=200 0.488s url=https://www.myfonts.com/collections/radiant-extra-condensed-ct-font-castletype/
[2026-08-20T06:58:38Z] #71 attempt=1/2 status=200 0.213s url=https://www.myfonts.com/collections/radiant-extra-condensed-ct-font-castletype/?tab=techSpecs
[2026-08-20T06:58:39Z] #72 attempt=1/2 status=200 0.412s url=https://www.myfonts.com/products/regular-kidicate-1195073
[2026-08-20T06:58:40Z] #73 attempt=1/2 status=200 0.441s url=https://www.myfonts.com/collections/kidicate-font-steptype/
[2026-08-20T06:58:40Z] #74 attempt=1/2 status=200 0.218s url=https://www.myfonts.com/collections/kidicate-font-steptype/?tab=techSpecs
[2026-08-20T06:58:41Z] #75 attempt=1/2 status=200 0.433s url=https://www.myfonts.com/products/regular-midnil-brush-1204915
[2026-08-20T06:58:42Z] #76 attempt=1/2 status=200 0.384s url=https://www.myfonts.com/collections/midnil-brush-font-arif-novianto/
[2026-08-20T06:58:42Z] #77 attempt=1/2 status=429 0.020s url=https://www.myfonts.com/collections/midnil-brush-font-arif-novianto/?tab=techSpecs
[2026-08-20T06:58:42Z] first_429 req=77 url=https://www.myfonts.com/collections/midnil-brush-font-arif-novianto/?tab=techSpecs
[2026-08-20T06:58:45Z] #78 attempt=2/2 status=200 0.254s url=https://www.myfonts.com/collections/midnil-brush-font-arif-novianto/?tab=techSpecs
[2026-08-20T06:58:45Z] #79 attempt=1/6 status=429 0.020s url=https://www.myfonts.com/products.json?limit=100&page=2
[2026-08-20T06:58:49Z] #80 attempt=2/6 status=200 0.770s url=https://www.myfonts.com/products.json?limit=100&page=2
[2026-08-20T06:58:49Z] #81 attempt=1/2 status=429 0.022s url=https://www.myfonts.com/products/regular-barsey-1204914
[2026-08-20T06:58:52Z] #82 attempt=2/2 status=200 0.489s url=https://www.myfonts.com/products/regular-barsey-1204914
[2026-08-20T06:58:52Z] #83 attempt=1/2 status=200 0.390s url=https://www.myfonts.com/collections/barsey-font-anxietype-foundry/
[2026-08-20T06:58:53Z] #84 attempt=1/2 status=429 0.021s url=https://www.myfonts.com/products/almai-complete-family-package-1204106
[2026-08-20T06:58:55Z] #85 attempt=2/2 status=200 0.445s url=https://www.myfonts.com/products/almai-complete-family-package-1204106
[2026-08-20T06:58:55Z] #86 attempt=1/2 status=429 0.021s url=https://www.myfonts.com/collections/almai-font-eisa-aleisa/
[2026-08-20T06:58:58Z] #87 attempt=2/2 status=200 0.440s url=https://www.myfonts.com/collections/almai-font-eisa-aleisa/
[2026-08-20T06:58:58Z] #88 attempt=1/2 status=429 0.021s url=https://www.myfonts.com/products/salicraft-complete-family-package-1204710
[2026-08-20T06:59:02Z] #89 attempt=2/2 status=200 0.889s url=https://www.myfonts.com/products/salicraft-complete-family-package-1204710
[2026-08-20T06:59:03Z] #90 attempt=1/2 status=200 1.078s url=https://www.myfonts.com/collections/salicraft-font-gatype/
[2026-08-20T06:59:05Z] #91 attempt=1/2 status=200 1.234s url=https://www.myfonts.com/products/brunella-script-complete-family-package-1204566
[2026-08-20T06:59:06Z] #92 attempt=1/2 status=200 1.485s url=https://www.myfonts.com/collections/brunella-script-font-seniors-studio/
[2026-08-20T06:59:07Z] #93 attempt=1/2 status=200 0.434s url=https://www.myfonts.com/products/cheap-as-chips-pro-complete-family-package-1204074
[2026-08-20T06:59:08Z] #94 attempt=1/2 status=200 0.409s url=https://www.myfonts.com/collections/cheap-as-chips-pro-font-hanoded/
[2026-08-20T06:59:10Z] #95 attempt=1/2 status=200 1.263s url=https://www.myfonts.com/products/trion-sans-complete-family-package-1204241
[2026-08-20T06:59:13Z] #96 attempt=1/2 status=200 2.702s url=https://www.myfonts.com/collections/trion-sans-font-trick-type-style/
[2026-08-20T06:59:14Z] #97 attempt=1/2 status=200 0.419s url=https://www.myfonts.com/products/thegora-complete-family-package-1204232
[2026-08-20T06:59:15Z] #98 attempt=1/2 status=200 0.394s url=https://www.myfonts.com/collections/thegora-font-vermilione/
[2026-08-20T06:59:16Z] #99 attempt=1/2 status=200 0.379s url=https://www.myfonts.com/products/avelind-complete-family-package-1204221
[2026-08-20T06:59:16Z] #100 attempt=1/2 status=200 0.414s url=https://www.myfonts.com/collections/avelind-font-font-liner/
[2026-08-20T06:59:17Z] #101 attempt=1/2 status=200 0.417s url=https://www.myfonts.com/products/cuano-complete-family-package-1204195
[2026-08-20T06:59:18Z] #102 attempt=1/2 status=200 0.399s url=https://www.myfonts.com/collections/cuano-font-viaction-type/
[2026-08-20T06:59:18Z] #103 attempt=1/2 status=200 0.502s url=https://www.myfonts.com/products/luxable-formal-package-1204224
[2026-08-20T06:59:19Z] #104 attempt=1/2 status=200 0.628s url=https://www.myfonts.com/collections/luxable-font-varifont/
[2026-08-20T06:59:20Z] #105 attempt=1/2 status=200 0.354s url=https://www.myfonts.com/products/cute-aurora-complete-family-package-1204079
[2026-08-20T06:59:21Z] #106 attempt=1/2 status=200 0.363s url=https://www.myfonts.com/collections/cute-aurora-font-611-studio/
[2026-08-20T06:59:21Z] #107 attempt=1/2 status=200 0.379s url=https://www.myfonts.com/products/makayoi-complete-family-package-1204192
[2026-08-20T06:59:22Z] #108 attempt=1/2 status=200 0.472s url=https://www.myfonts.com/collections/makayoi-font-typeclassheroes/
[2026-08-20T06:59:23Z] #109 attempt=1/2 status=200 0.419s url=https://www.myfonts.com/products/sf-nuha-solid-complete-family-package-1204180
[2026-08-20T06:59:23Z] #110 attempt=1/2 status=200 0.496s url=https://www.myfonts.com/collections/sf-nuha-solid-font-sultan-fonts/
[2026-08-20T06:59:24Z] #111 attempt=1/2 status=200 0.479s url=https://www.myfonts.com/products/celineso-aroma-complete-family-package-1204189
[2026-08-20T06:59:25Z] #112 attempt=1/2 status=200 0.441s url=https://www.myfonts.com/collections/celineso-aroma-font-timelesstype-studio/
[2026-08-20T06:59:26Z] #113 attempt=1/2 status=200 0.414s url=https://www.myfonts.com/products/windraw-aesthetic-complete-family-package-1204086
[2026-08-20T06:59:26Z] #114 attempt=1/2 status=200 0.425s url=https://www.myfonts.com/collections/windraw-aesthetic-font-arterfak-project/
[2026-08-20T06:59:27Z] #115 attempt=1/2 status=200 0.428s url=https://www.myfonts.com/products/sofithanks-complete-family-package-1204177
[2026-08-20T06:59:27Z] #116 attempt=1/2 status=429 0.019s url=https://www.myfonts.com/collections/sofithanks-font-stylishtype-studio/
[2026-08-20T06:59:30Z] #117 attempt=2/2 status=200 0.478s url=https://www.myfonts.com/collections/sofithanks-font-stylishtype-studio/
[2026-08-20T06:59:31Z] #118 attempt=1/2 status=200 0.388s url=https://www.myfonts.com/products/ricket-complete-family-package-1204110
[2026-08-20T06:59:31Z] #119 attempt=1/2 status=200 0.385s url=https://www.myfonts.com/collections/ricket-font-flavortype/
[2026-08-20T06:59:32Z] #120 attempt=1/2 status=200 0.364s url=https://www.myfonts.com/products/silk-serif-variable-complete-family-package-1204173
[2026-08-20T06:59:33Z] #121 attempt=1/2 status=200 0.471s url=https://www.myfonts.com/collections/silk-serif-variable-font-silktype/
[2026-08-20T06:59:33Z] #122 attempt=1/2 status=200 0.402s url=https://www.myfonts.com/products/glimore-complete-family-package-1204138
[2026-08-20T06:59:34Z] #123 attempt=1/2 status=200 0.413s url=https://www.myfonts.com/collections/glimore-font-font-liner/
[2026-08-20T06:59:34Z] #124 attempt=1/2 status=429 0.017s url=https://www.myfonts.com/products/alinistic-complete-family-package-1204186
[2026-08-20T06:59:37Z] #125 attempt=2/2 status=200 0.480s url=https://www.myfonts.com/products/alinistic-complete-family-package-1204186
[2026-08-20T06:59:38Z] #126 attempt=1/2 status=200 0.520s url=https://www.myfonts.com/collections/alinistic-font-syntype/
[2026-08-20T06:59:38Z] #127 attempt=1/2 status=200 0.452s url=https://www.myfonts.com/products/sunshine-vacation-complete-family-package-1204098
[2026-08-20T06:59:39Z] #128 attempt=1/2 status=200 0.453s url=https://www.myfonts.com/collections/sunshine-vacation-font-cocodesign/
[2026-08-20T06:59:40Z] #129 attempt=1/2 status=200 0.447s url=https://www.myfonts.com/products/white-ascents-complete-family-package-1204092
[2026-08-20T06:59:41Z] #130 attempt=1/2 status=200 0.483s url=https://www.myfonts.com/collections/white-ascents-font-bale-type/
[2026-08-20T06:59:41Z] #131 attempt=1/2 status=200 0.476s url=https://www.myfonts.com/products/the-lumina-awesome-complete-family-package-1204158
[2026-08-20T06:59:42Z] #132 attempt=1/2 status=200 0.554s url=https://www.myfonts.com/collections/the-lumina-awesome-font-zane-studio/
[2026-08-20T06:59:42Z] #133 attempt=1/2 status=429 0.019s url=https://www.myfonts.com/products/ccs-neue-carla-sans-complete-family-package-1204101
[2026-08-20T06:59:45Z] #134 attempt=2/2 status=200 0.460s url=https://www.myfonts.com/products/ccs-neue-carla-sans-complete-family-package-1204101
[2026-08-20T06:59:46Z] #135 attempt=1/2 status=200 0.504s url=https://www.myfonts.com/collections/ccs-neue-carla-sans-font-creative-corner-studio/
[2026-08-20T06:59:47Z] #136 attempt=1/2 status=200 0.567s url=https://www.myfonts.com/products/goliathus-rounded-complete-family-package-1204115
[2026-08-20T06:59:48Z] #137 attempt=1/2 status=200 0.599s url=https://www.myfonts.com/collections/goliathus-rounded-font-ghozai-studio/
[2026-08-20T06:59:48Z] #138 attempt=1/2 status=200 0.456s url=https://www.myfonts.com/products/relaku-complete-family-package-1204198
[2026-08-20T06:59:49Z] #139 attempt=1/2 status=200 0.458s url=https://www.myfonts.com/collections/relaku-font-zaain-type/
[2026-08-20T06:59:50Z] #140 attempt=1/2 status=200 0.487s url=https://www.myfonts.com/products/cheering-section-pro-complete-family-package-1204071
[2026-08-20T06:59:51Z] #141 attempt=1/2 status=200 0.474s url=https://www.myfonts.com/collections/cheering-section-pro-font-hanoded/
[2026-08-20T06:59:51Z] #142 attempt=1/2 status=200 0.461s url=https://www.myfonts.com/products/redgato-complete-family-package-1204134
[2026-08-20T06:59:52Z] #143 attempt=1/2 status=200 0.542s url=https://www.myfonts.com/collections/redgato-font-get-studio/
[2026-08-20T06:59:52Z] #144 attempt=1/2 status=429 0.018s url=https://www.myfonts.com/products/cobweb-afternoon-pro-complete-family-package-1204064
[2026-08-20T06:59:55Z] #145 attempt=2/2 status=200 0.732s url=https://www.myfonts.com/products/cobweb-afternoon-pro-complete-family-package-1204064
[2026-08-20T06:59:56Z] #146 attempt=1/2 status=200 0.483s url=https://www.myfonts.com/collections/cobweb-afternoon-pro-font-hanoded/
[2026-08-20T06:59:57Z] #147 attempt=1/2 status=200 0.419s url=https://www.myfonts.com/products/sunday-poetry-complete-family-package-1204082
[2026-08-20T06:59:58Z] #148 attempt=1/2 status=200 0.467s url=https://www.myfonts.com/collections/sunday-poetry-font-andrewpixel/
[2026-08-20T06:59:58Z] #149 attempt=1/2 status=200 0.425s url=https://www.myfonts.com/products/royal-blast-complete-family-package-1204089
[2026-08-20T06:59:59Z] #150 attempt=1/2 status=200 0.397s url=https://www.myfonts.com/collections/royal-blast-font-asbill-studio/
[2026-08-20T07:00:00Z] #151 attempt=1/2 status=200 1.298s url=https://www.myfonts.com/products/catiler-complete-family-package-1204679
[2026-08-20T07:00:02Z] #152 attempt=1/2 status=200 1.325s url=https://www.myfonts.com/collections/catiler-font-gatype/
[2026-08-20T07:00:03Z] #153 attempt=1/2 status=200 0.391s url=https://www.myfonts.com/products/mostern-mostern-1204114
[2026-08-20T07:00:04Z] #154 attempt=1/2 status=200 0.383s url=https://www.myfonts.com/collections/mostern-font-habitype/
[2026-08-20T07:00:05Z] #155 attempt=1/6 status=200 0.770s url=https://www.myfonts.com/products.json?limit=100&page=3
[2026-08-20T07:00:06Z] #156 attempt=1/2 status=200 0.392s url=https://www.myfonts.com/products/regular-shady-rocks-1204150
[2026-08-20T07:00:06Z] #157 attempt=1/2 status=200 0.419s url=https://www.myfonts.com/collections/shady-rocks-font-littlehand/
[2026-08-20T07:00:07Z] #158 attempt=1/2 status=200 0.355s url=https://www.myfonts.com/products/regular-gevilra-1204113
[2026-08-20T07:00:08Z] #159 attempt=1/2 status=200 0.419s url=https://www.myfonts.com/collections/gevilra-font-flawlessandco/
[2026-08-20T07:00:09Z] #160 attempt=1/6 status=200 0.856s url=https://www.myfonts.com/products.json?limit=100&page=4
[2026-08-20T07:00:10Z] #161 attempt=1/6 status=200 0.734s url=https://www.myfonts.com/products.json?limit=100&page=5
[2026-08-20T07:00:12Z] #162 attempt=1/6 status=200 0.950s url=https://www.myfonts.com/products.json?limit=100&page=6
[2026-08-20T07:00:12Z] #163 attempt=1/2 status=200 0.402s url=https://www.myfonts.com/products/slant-sbrougher-1204238
[2026-08-20T07:00:13Z] #164 attempt=1/2 status=200 0.382s url=https://www.myfonts.com/collections/sbrougher-font-griyotype/
[2026-08-20T07:00:15Z] #165 attempt=1/6 status=200 1.046s url=https://www.myfonts.com/products.json?limit=100&page=7
[2026-08-20T07:00:15Z] #166 attempt=1/2 status=200 0.357s url=https://www.myfonts.com/products/regular-starbuth-1204235
[2026-08-20T07:00:16Z] #167 attempt=1/2 status=200 0.402s url=https://www.myfonts.com/collections/starbuth-font-syafbe/
[2026-08-20T07:00:16Z] #168 attempt=1/2 status=200 0.348s url=https://www.myfonts.com/products/regular-zumpy-1204239
[2026-08-20T07:00:17Z] #169 attempt=1/2 status=200 0.344s url=https://www.myfonts.com/collections/zumpy-font-ezinxo-foundry/
[2026-08-20T07:00:18Z] #170 attempt=1/6 status=200 0.822s url=https://www.myfonts.com/products.json?limit=100&page=8
[2026-08-20T07:00:19Z] #171 attempt=1/2 status=200 0.372s url=https://www.myfonts.com/products/regular-theodore-hamilton-1204240
[2026-08-20T07:00:19Z] #172 attempt=1/2 status=429 0.020s url=https://www.myfonts.com/collections/theodore-hamilton-font-lemonthe/
[2026-08-20T07:00:22Z] #173 attempt=2/2 status=200 0.410s url=https://www.myfonts.com/collections/theodore-hamilton-font-lemonthe/
[2026-08-20T07:00:23Z] #174 attempt=1/2 status=200 0.365s url=https://www.myfonts.com/products/regular-kawasemi-1204172
[2026-08-20T07:00:23Z] #175 attempt=1/2 status=200 0.360s url=https://www.myfonts.com/collections/kawasemi-font-myhandwritings/
[2026-08-20T07:00:24Z] #176 attempt=1/2 status=200 0.361s url=https://www.myfonts.com/products/regular-paffilo-1204185
[2026-08-20T07:00:24Z] #177 attempt=1/2 status=200 0.367s url=https://www.myfonts.com/collections/paffilo-font-syauqi-studio/
[2026-08-20T07:00:25Z] #178 attempt=1/2 status=200 0.370s url=https://www.myfonts.com/products/regular-rf-rack-1204170
[2026-08-20T07:00:25Z] #179 attempt=1/2 status=429 0.023s url=https://www.myfonts.com/collections/rf-rack-font-renegade-fonts/
[2026-08-20T07:00:28Z] #180 attempt=2/2 status=200 0.399s url=https://www.myfonts.com/collections/rf-rack-font-renegade-fonts/
[2026-08-20T07:00:29Z] #181 attempt=1/2 status=200 0.378s url=https://www.myfonts.com/products/regular-demise-1204171
[2026-08-20T07:00:29Z] #182 attempt=1/2 status=200 0.405s url=https://www.myfonts.com/collections/demise-font-reyrey-blue-std/
[2026-08-20T07:00:30Z] #183 attempt=1/2 status=200 0.363s url=https://www.myfonts.com/products/regular-melta-bubbly-1204176
[2026-08-20T07:00:30Z] #184 attempt=1/2 status=200 0.328s url=https://www.myfonts.com/collections/melta-bubbly-font-struvictory-art/
[2026-08-20T07:00:31Z] #185 attempt=1/2 status=200 0.423s url=https://www.myfonts.com/products/dustnote-scribble-complete-family-package-1204155
[2026-08-20T07:00:31Z] #186 attempt=1/2 status=429 0.023s url=https://www.myfonts.com/collections/dustnote-scribble-font-prioritype/
[2026-08-20T07:00:34Z] #187 attempt=2/2 status=200 0.457s url=https://www.myfonts.com/collections/dustnote-scribble-font-prioritype/
[2026-08-20T07:00:35Z] #188 attempt=1/2 status=200 0.407s url=https://www.myfonts.com/products/regular-nmmeltingchocolate-1204153
[2026-08-20T07:00:35Z] #189 attempt=1/2 status=200 0.387s url=https://www.myfonts.com/collections/nmmeltingchocolate-font-norm/
[2026-08-20T07:00:36Z] #190 attempt=1/2 status=200 0.394s url=https://www.myfonts.com/products/regular-prak-phonical-1204154
[2026-08-20T07:00:37Z] #191 attempt=1/2 status=200 0.342s url=https://www.myfonts.com/collections/prak-phonical-font-praktypes/
[2026-08-20T07:00:37Z] #192 attempt=1/2 status=200 0.402s url=https://www.myfonts.com/products/rawflesia-regular-rawflesia-hand-drawn-font-1204152
[2026-08-20T07:00:38Z] #193 attempt=1/2 status=200 0.357s url=https://www.myfonts.com/collections/rawflesia-hand-drawn-font-font-mufara-studio/
[2026-08-20T07:00:38Z] #194 attempt=1/2 status=429 0.020s url=https://www.myfonts.com/products/mix-max-volume-regular-max-volume-1204151
[2026-08-20T07:00:41Z] #195 attempt=2/2 status=200 0.469s url=https://www.myfonts.com/products/mix-max-volume-regular-max-volume-1204151
[2026-08-20T07:00:41Z] #196 attempt=1/2 status=200 0.362s url=https://www.myfonts.com/collections/max-volume-font-mix-fonts/
[2026-08-20T07:00:42Z] #197 attempt=1/2 status=200 0.470s url=https://www.myfonts.com/products/jinzero-complete-family-package-1164576
[2026-08-20T07:00:43Z] #198 attempt=1/2 status=200 0.572s url=https://www.myfonts.com/collections/jinzero-font-zafara-studios/
[2026-08-20T07:00:44Z] #199 attempt=1/2 status=200 0.368s url=https://www.myfonts.com/products/fulava-complete-family-package-1204144
[2026-08-20T07:00:44Z] #200 attempt=1/2 status=200 0.423s url=https://www.myfonts.com/collections/fulava-font-illushvara/
[2026-08-20T07:00:45Z] #201 attempt=1/2 status=200 0.444s url=https://www.myfonts.com/products/renicey-complete-family-package-1204141
[2026-08-20T07:00:45Z] #202 attempt=1/2 status=429 0.026s url=https://www.myfonts.com/collections/renicey-font-hasnat-studio/
[2026-08-20T07:00:48Z] #203 attempt=2/2 status=200 0.503s url=https://www.myfonts.com/collections/renicey-font-hasnat-studio/
[2026-08-20T07:00:49Z] #204 attempt=1/2 status=200 0.364s url=https://www.myfonts.com/products/regular-oldisire-script-1204148
[2026-08-20T07:00:49Z] #205 attempt=1/2 status=200 0.443s url=https://www.myfonts.com/collections/oldisire-script-font-jolicia-type/
[2026-08-20T07:00:50Z] #206 attempt=1/2 status=200 0.358s url=https://www.myfonts.com/products/regular-raissa-1168084
[2026-08-20T07:00:51Z] #207 attempt=1/2 status=200 0.329s url=https://www.myfonts.com/collections/raissa-font-typoraith-co/
[2026-08-20T07:00:51Z] #208 attempt=1/2 status=200 0.367s url=https://www.myfonts.com/products/regular-floralice-1204097
[2026-08-20T07:00:52Z] #209 attempt=1/2 status=200 0.368s url=https://www.myfonts.com/collections/floralice-font-claymoon-lab-studio/
[2026-08-20T07:00:52Z] #210 attempt=1/2 status=429 0.019s url=https://www.myfonts.com/products/regular-waterboy-1204109
[2026-08-20T07:00:55Z] #211 attempt=2/2 status=200 0.408s url=https://www.myfonts.com/products/regular-waterboy-1204109
[2026-08-20T07:00:55Z] #212 attempt=1/2 status=200 0.380s url=https://www.myfonts.com/collections/waterboy-font-epiclinez/
[2026-08-20T07:00:57Z] #213 attempt=1/6 status=200 0.927s url=https://www.myfonts.com/products.json?limit=100&page=9
[2026-08-20T07:00:58Z] #214 attempt=1/2 status=200 0.389s url=https://www.myfonts.com/products/regular-bandosa-1204096
[2026-08-20T07:00:58Z] #215 attempt=1/2 status=200 0.393s url=https://www.myfonts.com/collections/bandosa-font-blankids/
[2026-08-20T07:00:59Z] #216 attempt=1/2 status=200 0.378s url=https://www.myfonts.com/products/regular-ac-leafs-1204085
[2026-08-20T07:01:00Z] #217 attempt=1/2 status=200 0.404s url=https://www.myfonts.com/collections/ac-leafs-font-antoine-crama/
[2026-08-20T07:01:00Z] #218 attempt=1/2 status=429 0.021s url=https://www.myfonts.com/products/regular-strum-genks-1204095
[2026-08-20T07:01:02Z] #219 attempt=2/2 status=200 0.434s url=https://www.myfonts.com/products/regular-strum-genks-1204095
[2026-08-20T07:01:03Z] #220 attempt=1/2 status=200 0.450s url=https://www.myfonts.com/collections/strum-genks-font-black-junst/
[2026-08-20T07:01:04Z] #221 attempt=1/2 status=200 0.388s url=https://www.myfonts.com/products/regular-baroth-1204149
[2026-08-20T07:01:04Z] #222 attempt=1/2 status=200 0.320s url=https://www.myfonts.com/collections/baroth-font-koplexs-studio/
[2026-08-20T07:01:05Z] #223 attempt=1/2 status=200 0.353s url=https://www.myfonts.com/products/regular-chunky-sprout-1204147
[2026-08-20T07:01:05Z] #224 attempt=1/2 status=429 0.023s url=https://www.myfonts.com/collections/chunky-sprout-font-imoodev/
[2026-08-20T07:01:08Z] #225 attempt=2/2 status=200 0.483s url=https://www.myfonts.com/collections/chunky-sprout-font-imoodev/
[2026-08-20T07:01:10Z] #226 attempt=1/2 status=200 1.883s url=https://www.myfonts.com/products/dravion-serif-complete-family-package-1203842
[2026-08-20T07:01:12Z] #227 attempt=1/2 status=200 1.837s url=https://www.myfonts.com/collections/dravion-serif-font-keren-studio/
[2026-08-20T07:01:14Z] #228 attempt=1/2 status=200 0.395s url=https://www.myfonts.com/products/yoon-urbanmodern-complete-family-package-1204025
[2026-08-20T07:01:14Z] #229 attempt=1/2 status=200 0.419s url=https://www.myfonts.com/collections/yoon-urbanmodern-font-yoon-design/
[2026-08-20T07:01:15Z] #230 attempt=1/2 status=200 0.809s url=https://www.myfonts.com/products/midland-luxury-complete-family-package-1203506
[2026-08-20T07:01:17Z] #231 attempt=1/2 status=200 1.197s url=https://www.myfonts.com/collections/midland-luxury-font-areatype/
[2026-08-20T07:01:19Z] #232 attempt=1/2 status=200 1.633s url=https://www.myfonts.com/products/callisen-complete-family-package-1203600
[2026-08-20T07:01:21Z] #233 attempt=1/2 status=200 1.978s url=https://www.myfonts.com/collections/callisen-font-zane-studio/
[2026-08-20T07:01:22Z] #234 attempt=1/2 status=200 0.380s url=https://www.myfonts.com/products/helio-rainbow-serif-complete-family-package-1203834
[2026-08-20T07:01:23Z] #235 attempt=1/2 status=200 0.448s url=https://www.myfonts.com/collections/helio-rainbow-serif-font-wacaksara-co/
[2026-08-20T07:01:24Z] #236 attempt=1/2 status=200 0.394s url=https://www.myfonts.com/products/blue-talk-complete-family-package-1203826
[2026-08-20T07:01:24Z] #237 attempt=1/2 status=200 0.494s url=https://www.myfonts.com/collections/blue-talk-font-pizzadude-dk/
[2026-08-20T07:01:25Z] #238 attempt=1/2 status=200 0.408s url=https://www.myfonts.com/products/the-villas-complete-family-package-1203837
[2026-08-20T07:01:26Z] #239 attempt=1/2 status=200 0.385s url=https://www.myfonts.com/collections/the-villas-font-nollev/
[2026-08-20T07:01:26Z] #240 attempt=1/2 status=200 0.388s url=https://www.myfonts.com/products/genya-complete-family-package-1203814
[2026-08-20T07:01:27Z] #241 attempt=1/2 status=200 0.436s url=https://www.myfonts.com/collections/genya-font-vermilione/
[2026-08-20T07:01:28Z] #242 attempt=1/2 status=200 0.481s url=https://www.myfonts.com/products/ringold-complete-family-package-1204062
[2026-08-20T07:01:29Z] #243 attempt=1/2 status=200 0.610s url=https://www.myfonts.com/collections/ringold-font-bijou-type/
[2026-08-20T07:01:30Z] #244 attempt=1/2 status=200 1.139s url=https://www.myfonts.com/products/soft-package-1204061
[2026-08-20T07:01:35Z] #245 attempt=1/2 status=200 4.110s url=https://www.myfonts.com/collections/norvixa-font-ajibatype/
[2026-08-20T07:01:36Z] #246 attempt=1/2 status=200 0.429s url=https://www.myfonts.com/products/geome-cute-complete-family-package-1203789
[2026-08-20T07:01:37Z] #247 attempt=1/2 status=200 0.433s url=https://www.myfonts.com/collections/geome-cute-font-kalam/
[2026-08-20T07:01:37Z] #248 attempt=1/2 status=200 0.435s url=https://www.myfonts.com/products/euples-complete-family-package-1203818
[2026-08-20T07:01:38Z] #249 attempt=1/2 status=200 0.445s url=https://www.myfonts.com/collections/euples-font-hasnat-studio/
[2026-08-20T07:01:39Z] #250 attempt=1/2 status=200 0.477s url=https://www.myfonts.com/products/rutro-complete-family-package-1204051
[2026-08-20T07:01:40Z] #251 attempt=1/2 status=200 0.495s url=https://www.myfonts.com/collections/rutro-font-artiveko/
[2026-08-20T07:01:40Z] #252 attempt=1/2 status=200 0.525s url=https://www.myfonts.com/products/amora-maison-complete-family-package-1204054
[2026-08-20T07:01:41Z] #253 attempt=1/2 status=200 0.444s url=https://www.myfonts.com/collections/amora-maison-font-maghrib-type/
[2026-08-20T07:01:43Z] #254 attempt=1/2 status=200 1.174s url=https://www.myfonts.com/products/cotnes-complete-family-package-1203696
[2026-08-20T07:01:44Z] #255 attempt=1/2 status=200 1.318s url=https://www.myfonts.com/collections/cotnes-font-aqeela-studio/
[2026-08-20T07:01:45Z] #256 attempt=1/2 status=200 0.388s url=https://www.myfonts.com/products/rigflek-complete-family-package-1203830
[2026-08-20T07:01:46Z] #257 attempt=1/2 status=200 0.436s url=https://www.myfonts.com/collections/rigflek-font-timelesstype-studio/
[2026-08-20T07:01:46Z] #258 attempt=1/2 status=200 0.405s url=https://www.myfonts.com/products/tbj-pros-vogen-complete-family-package-1200311
[2026-08-20T07:01:47Z] #259 attempt=1/2 status=200 0.516s url=https://www.myfonts.com/collections/tbj-pros-vogen-font-taboja-studio/
[2026-08-20T07:01:48Z] #260 attempt=1/2 status=200 0.452s url=https://www.myfonts.com/products/sf-nuha-complete-family-package-1204045
[2026-08-20T07:01:49Z] #261 attempt=1/2 status=200 0.430s url=https://www.myfonts.com/collections/sf-nuha-font-sultan-fonts/
[2026-08-20T07:01:49Z] #262 attempt=1/2 status=200 0.462s url=https://www.myfonts.com/products/merida-coast-complete-family-package-1204028
[2026-08-20T07:01:50Z] #263 attempt=1/2 status=200 0.445s url=https://www.myfonts.com/collections/merida-coast-font-letterhend/
[2026-08-20T07:01:51Z] #264 attempt=1/2 status=200 0.491s url=https://www.myfonts.com/products/novaform-complete-family-package-1203793
[2026-08-20T07:01:52Z] #265 attempt=1/2 status=200 0.692s url=https://www.myfonts.com/collections/novaform-font-moritz-kleinsorge/
[2026-08-20T07:01:53Z] #266 attempt=1/6 status=200 0.890s url=https://www.myfonts.com/products.json?limit=100&page=10
[2026-08-20T07:01:54Z] #267 attempt=1/2 status=200 0.405s url=https://www.myfonts.com/products/regular-nmsweetsnow-1203840
[2026-08-20T07:01:55Z] #268 attempt=1/2 status=200 0.364s url=https://www.myfonts.com/collections/nmsweetsnow-font-norm/
[2026-08-20T07:01:55Z] #269 attempt=1/2 status=200 0.447s url=https://www.myfonts.com/products/regular-evoire-1203833
[2026-08-20T07:01:56Z] #270 attempt=1/2 status=200 0.430s url=https://www.myfonts.com/collections/evoire-font-rasio-studio/
[2026-08-20T07:01:57Z] #271 attempt=1/2 status=200 0.389s url=https://www.myfonts.com/products/regular-nmoriginalcute-1203841
[2026-08-20T07:01:57Z] #272 attempt=1/2 status=200 0.360s url=https://www.myfonts.com/collections/nmoriginalcute-font-norm/
[2026-08-20T07:01:59Z] #273 attempt=1/6 status=200 0.915s url=https://www.myfonts.com/products.json?limit=100&page=11
[2026-08-20T07:02:00Z] #274 attempt=1/6 status=200 0.899s url=https://www.myfonts.com/products.json?limit=100&page=12
[2026-08-20T07:02:02Z] #275 attempt=1/6 status=200 0.886s url=https://www.myfonts.com/products.json?limit=100&page=13
[2026-08-20T07:02:02Z] #276 attempt=1/2 status=200 0.367s url=https://www.myfonts.com/products/regular-halja-131664
[2026-08-20T07:02:03Z] #277 attempt=1/2 status=200 0.368s url=https://www.myfonts.com/collections/halja-font-t-26/
[2026-08-20T07:02:03Z] #278 attempt=1/2 status=200 0.207s url=https://www.myfonts.com/collections/halja-font-t-26/
[2026-08-20T07:02:05Z] #279 attempt=1/6 status=200 0.936s url=https://www.myfonts.com/products.json?limit=100&page=14
[2026-08-20T07:02:06Z] #280 attempt=1/6 status=200 0.959s url=https://www.myfonts.com/products.json?limit=100&page=15
[2026-08-20T07:02:07Z] #281 attempt=1/2 status=200 0.343s url=https://www.myfonts.com/products/regular-morka-1204050
[2026-08-20T07:02:07Z] #282 attempt=1/2 status=200 0.424s url=https://www.myfonts.com/collections/morka-font-maghrib-type/
[2026-08-20T07:02:08Z] #283 attempt=1/2 status=200 0.357s url=https://www.myfonts.com/products/regular-ruana-1204059
[2026-08-20T07:02:09Z] #284 attempt=1/2 status=200 0.362s url=https://www.myfonts.com/collections/ruana-font-rasio-studio/
[2026-08-20T07:02:09Z] #285 attempt=1/2 status=200 0.410s url=https://www.myfonts.com/products/regular-emsen-1204058
[2026-08-20T07:02:10Z] #286 attempt=1/2 status=200 0.371s url=https://www.myfonts.com/collections/emsen-font-rasio-studio/
[2026-08-20T07:02:11Z] #287 attempt=1/2 status=200 0.316s url=https://www.myfonts.com/products/regular-palgrace-1204057
[2026-08-20T07:02:11Z] #288 attempt=1/2 status=200 0.364s url=https://www.myfonts.com/collections/palgrace-font-vadova-std/
[2026-08-20T07:02:12Z] #289 attempt=1/2 status=200 0.399s url=https://www.myfonts.com/products/the-casillac-paramount-serif-complete-family-package-1204035
[2026-08-20T07:02:13Z] #290 attempt=1/2 status=200 0.450s url=https://www.myfonts.com/collections/the-casillac-paramount-serif-font-suza-studio/
[2026-08-20T07:02:13Z] #291 attempt=1/2 status=200 0.405s url=https://www.myfonts.com/products/kindora-complete-family-package-1204042
[2026-08-20T07:02:14Z] #292 attempt=1/2 status=200 0.389s url=https://www.myfonts.com/collections/kindora-font-shape-studio/
[2026-08-20T07:02:14Z] #293 attempt=1/2 status=429 0.023s url=https://www.myfonts.com/products/oxelar-complete-family-package-1204039
[2026-08-20T07:02:17Z] #294 attempt=2/2 status=200 0.539s url=https://www.myfonts.com/products/oxelar-complete-family-package-1204039
[2026-08-20T07:02:18Z] #295 attempt=1/2 status=200 0.411s url=https://www.myfonts.com/collections/oxelar-font-font-liner/
[2026-08-20T07:02:18Z] #296 attempt=1/2 status=200 0.387s url=https://www.myfonts.com/products/regular-food-imaji-1204034
[2026-08-20T07:02:19Z] #297 attempt=1/2 status=200 0.345s url=https://www.myfonts.com/collections/food-imaji-font-illushvara/
[2026-08-20T07:02:20Z] #298 attempt=1/2 status=200 0.390s url=https://www.myfonts.com/products/trasy-brush-complete-family-package-1203823
[2026-08-20T07:02:20Z] #299 attempt=1/2 status=200 0.449s url=https://www.myfonts.com/collections/trasy-brush-font-mei-suseno/
[2026-08-20T07:02:21Z] #300 attempt=1/2 status=200 0.569s url=https://www.myfonts.com/products/regular-rendey-1203466
[2026-08-20T07:02:21Z] #301 attempt=1/2 status=429 0.022s url=https://www.myfonts.com/collections/rendey-font-gatype/
[2026-08-20T07:02:25Z] #302 attempt=2/2 status=200 1.049s url=https://www.myfonts.com/collections/rendey-font-gatype/
[2026-08-20T07:02:25Z] #303 attempt=1/2 status=200 0.383s url=https://www.myfonts.com/products/italic-crossed-signals-pro-1203365
[2026-08-20T07:02:26Z] #304 attempt=1/2 status=200 0.444s url=https://www.myfonts.com/collections/crossed-signals-pro-font-hanoded/
[2026-08-20T07:02:27Z] #305 attempt=1/2 status=200 0.869s url=https://www.myfonts.com/products/cavellis-extra-bold-expanded-italic-cavellis-serif-1200872
[2026-08-20T07:02:29Z] #306 attempt=1/2 status=200 1.596s url=https://www.myfonts.com/collections/cavellis-serif-font-zane-studio/
[2026-08-20T07:02:30Z] #307 attempt=1/2 status=200 0.382s url=https://www.myfonts.com/products/regular-rayhan-script-1203822
[2026-08-20T07:02:31Z] #308 attempt=1/2 status=200 0.385s url=https://www.myfonts.com/collections/rayhan-script-font-namela/
[2026-08-20T07:02:31Z] #309 attempt=1/2 status=200 0.422s url=https://www.myfonts.com/products/italic-cycle-of-fourths-pro-1203362
[2026-08-20T07:02:32Z] #310 attempt=1/2 status=200 0.392s url=https://www.myfonts.com/collections/cycle-of-fourths-pro-font-hanoded/
[2026-08-20T07:02:33Z] #311 attempt=1/2 status=200 0.383s url=https://www.myfonts.com/products/script-driest-1203817
[2026-08-20T07:02:33Z] #312 attempt=1/2 status=200 0.342s url=https://www.myfonts.com/collections/driest-font-groenstudio/
[2026-08-20T07:02:34Z] #313 attempt=1/2 status=200 0.388s url=https://www.myfonts.com/products/regular-swannli-1203792
[2026-08-20T07:02:34Z] #314 attempt=1/2 status=429 0.023s url=https://www.myfonts.com/collections/swannli-font-hasnat-studio/
[2026-08-20T07:02:37Z] #315 attempt=2/2 status=200 0.389s url=https://www.myfonts.com/collections/swannli-font-hasnat-studio/
[2026-08-20T07:02:37Z] #316 attempt=1/2 status=200 0.387s url=https://www.myfonts.com/products/italic-distant-future-pro-1203359
[2026-08-20T07:02:38Z] #317 attempt=1/2 status=200 0.444s url=https://www.myfonts.com/collections/distant-future-pro-font-hanoded/
[2026-08-20T07:02:38Z] #318 attempt=1/2 status=429 0.021s url=https://www.myfonts.com/products/regular-high-blast-1203697
[2026-08-20T07:02:41Z] #319 attempt=2/2 status=200 0.476s url=https://www.myfonts.com/products/regular-high-blast-1203697
[2026-08-20T07:02:42Z] #320 attempt=1/2 status=200 0.359s url=https://www.myfonts.com/collections/high-blast-font-denustudio/
[2026-08-20T07:02:42Z] #321 attempt=1/2 status=200 0.399s url=https://www.myfonts.com/products/bold-italic-perfect-timing-1186856
[2026-08-20T07:02:43Z] #322 attempt=1/2 status=200 0.513s url=https://www.myfonts.com/collections/perfect-timing-font-pizzadude-dk/
[2026-08-20T07:02:44Z] #323 attempt=1/2 status=200 0.401s url=https://www.myfonts.com/products/regular-northslash-1203695
[2026-08-20T07:02:44Z] #324 attempt=1/2 status=200 0.379s url=https://www.myfonts.com/collections/northslash-font-letterhanna-studio/
[2026-08-20T07:02:45Z] #325 attempt=1/2 status=200 0.336s url=https://www.myfonts.com/products/regular-te-nastaaliq-1200973
[2026-08-20T07:02:45Z] #326 attempt=1/2 status=429 0.021s url=https://www.myfonts.com/collections/te-nastaaliq-font-tharwat-emara/
[2026-08-20T07:02:48Z] #327 attempt=2/2 status=200 0.440s url=https://www.myfonts.com/collections/te-nastaaliq-font-tharwat-emara/
[2026-08-20T07:02:49Z] #328 attempt=1/2 status=200 0.993s url=https://www.myfonts.com/products/shepia-script-complete-family-package-1200668
[2026-08-20T07:02:51Z] #329 attempt=1/2 status=200 1.056s url=https://www.myfonts.com/collections/shepia-script-font-seniors-studio/
[2026-08-20T07:02:52Z] #330 attempt=1/2 status=200 0.700s url=https://www.myfonts.com/products/olimpos-complete-family-package-1203407
[2026-08-20T07:02:53Z] #331 attempt=1/2 status=200 1.152s url=https://www.myfonts.com/collections/olimpos-font-gatype/
[2026-08-20T07:02:56Z] #332 attempt=1/2 status=200 2.670s url=https://www.myfonts.com/products/font-collection-2026-package-1198552
[2026-08-20T07:02:58Z] #333 attempt=1/2 status=404 0.536s url=https://www.myfonts.com/collections/font-collection-2026-font-gatype
[2026-08-20T07:02:59Z] #334 attempt=1/2 status=200 0.394s url=https://www.myfonts.com/products/buzzword-marker-complete-family-package-1199247
[2026-08-20T07:03:00Z] #335 attempt=1/2 status=200 0.378s url=https://www.myfonts.com/collections/buzzword-marker-font-mvmet/
[2026-08-20T07:03:00Z] #336 attempt=1/2 status=200 0.422s url=https://www.myfonts.com/products/agency-gothic-ct-complete-family-package-1199300
[2026-08-20T07:03:01Z] #337 attempt=1/2 status=200 0.435s url=https://www.myfonts.com/collections/agency-gothic-ct-font-castletype/
[2026-08-20T07:03:02Z] #338 attempt=1/2 status=200 0.669s url=https://www.myfonts.com/products/bright-style-complete-family-package-1199372
[2026-08-20T07:03:03Z] #339 attempt=1/2 status=200 1.044s url=https://www.myfonts.com/collections/bright-style-font-gatype/
[2026-08-20T07:03:05Z] #340 attempt=1/2 status=200 1.603s url=https://www.myfonts.com/products/soft-package-1198647
[2026-08-20T07:03:08Z] #341 attempt=1/2 status=200 2.582s url=https://www.myfonts.com/collections/radebin-font-ajibatype/
[2026-08-20T07:03:10Z] #342 attempt=1/2 status=200 0.819s url=https://www.myfonts.com/products/auther-complete-family-package-1198709
[2026-08-20T07:03:11Z] #343 attempt=1/2 status=200 1.092s url=https://www.myfonts.com/collections/auther-font-seniors-studio/
[2026-08-20T07:03:13Z] #344 attempt=1/2 status=200 0.757s url=https://www.myfonts.com/products/baze-complete-family-package-1198890
[2026-08-20T07:03:13Z] #345 attempt=1/2 status=200 0.738s url=https://www.myfonts.com/collections/baze-font-gatype/
[2026-08-20T07:03:14Z] #346 attempt=1/2 status=200 0.474s url=https://www.myfonts.com/products/goudy-complete-family-package-1201374
[2026-08-20T07:03:15Z] #347 attempt=1/2 status=200 0.433s url=https://www.myfonts.com/collections/goudy-forum-pro-font-matteson-typographics/
[2026-08-20T07:03:16Z] #348 attempt=1/2 status=200 1.122s url=https://www.myfonts.com/products/groute-script-complete-family-package-1199789
[2026-08-20T07:03:18Z] #349 attempt=1/2 status=200 1.210s url=https://www.myfonts.com/collections/groute-script-font-gian-studio/
[2026-08-20T07:03:19Z] #350 attempt=1/2 status=200 1.017s url=https://www.myfonts.com/products/astone-nisam-complete-family-package-1199307
[2026-08-20T07:03:21Z] #351 attempt=1/2 status=200 1.108s url=https://www.myfonts.com/collections/astone-nisam-font-gatype/
[2026-08-20T07:03:22Z] #352 attempt=1/2 status=200 0.409s url=https://www.myfonts.com/products/kingcraft-comic-complete-family-package-1199244
[2026-08-20T07:03:22Z] #353 attempt=1/2 status=200 0.459s url=https://www.myfonts.com/collections/kingcraft-comic-font-mvmet/
[2026-08-20T07:03:23Z] #354 attempt=1/2 status=200 0.769s url=https://www.myfonts.com/products/mister-luston-complete-family-package-1200617
[2026-08-20T07:03:25Z] #355 attempt=1/2 status=200 0.921s url=https://www.myfonts.com/collections/mister-luston-font-gian-studio/
[2026-08-20T07:03:26Z] #356 attempt=1/2 status=200 0.675s url=https://www.myfonts.com/products/fantasi-women-complete-family-package-1203367
[2026-08-20T07:03:27Z] #357 attempt=1/2 status=200 0.837s url=https://www.myfonts.com/collections/fantasi-women-font-gatype/
[2026-08-20T07:03:28Z] #358 attempt=1/2 status=200 0.950s url=https://www.myfonts.com/products/blanton-script-complete-family-package-1198648
[2026-08-20T07:03:29Z] #359 attempt=1/2 status=200 1.000s url=https://www.myfonts.com/collections/blanton-script-font-ajibatype/
[2026-08-20T07:03:31Z] #360 attempt=1/2 status=200 1.349s url=https://www.myfonts.com/products/switnesa-script-complete-family-package-1199074
[2026-08-20T07:03:33Z] #361 attempt=1/2 status=200 1.670s url=https://www.myfonts.com/collections/switnesa-script-font-seniors-studio/
[2026-08-20T07:03:34Z] #362 attempt=1/2 status=200 0.501s url=https://www.myfonts.com/products/pericles-complete-family-package-1201372
[2026-08-20T07:03:35Z] #363 attempt=1/2 status=200 0.392s url=https://www.myfonts.com/collections/pericles-pro-font-matteson-typographics/
[2026-08-20T07:03:36Z] #364 attempt=1/2 status=200 0.583s url=https://www.myfonts.com/products/brundox-complete-family-package-1199760
[2026-08-20T07:03:37Z] #365 attempt=1/2 status=200 0.670s url=https://www.myfonts.com/collections/brundox-font-gian-studio/
[2026-08-20T07:03:38Z] #366 attempt=1/2 status=200 0.678s url=https://www.myfonts.com/products/water-doomsday-complete-family-package-1198339
[2026-08-20T07:03:39Z] #367 attempt=1/2 status=200 0.820s url=https://www.myfonts.com/collections/water-doomsday-font-layarbahtera/
[2026-08-20T07:03:40Z] #368 attempt=1/2 status=200 0.960s url=https://www.myfonts.com/products/koffins-complete-family-package-1203397
[2026-08-20T07:03:41Z] #369 attempt=1/2 status=200 0.823s url=https://www.myfonts.com/collections/koffins-font-gatype/
[2026-08-20T07:03:43Z] #370 attempt=1/6 status=200 0.880s url=https://www.myfonts.com/products.json?limit=100&page=16
[2026-08-20T07:03:44Z] #371 attempt=1/2 status=200 1.246s url=https://www.myfonts.com/products/shintia-script-complete-family-package-1198961
[2026-08-20T07:03:46Z] #372 attempt=1/2 status=200 1.760s url=https://www.myfonts.com/collections/shintia-script-font-seniors-studio/
[2026-08-20T07:03:48Z] #373 attempt=1/2 status=200 0.830s url=https://www.myfonts.com/products/the-sweetest-thing-complete-family-package-1199187
[2026-08-20T07:03:49Z] #374 attempt=1/2 status=200 1.033s url=https://www.myfonts.com/collections/the-sweetest-thing-font-seniors-studio/
[2026-08-20T07:03:50Z] #375 attempt=1/2 status=200 0.361s url=https://www.myfonts.com/products/radioactive-comic-complete-family-package-1198887
[2026-08-20T07:03:51Z] #376 attempt=1/2 status=200 0.450s url=https://www.myfonts.com/collections/radioactive-comic-font-mvmet/
[2026-08-20T07:03:52Z] #377 attempt=1/2 status=200 0.889s url=https://www.myfonts.com/products/bailsun-complete-family-package-1198817
[2026-08-20T07:03:53Z] #378 attempt=1/2 status=200 1.173s url=https://www.myfonts.com/collections/bailsun-font-gatype/
[2026-08-20T07:03:54Z] #379 attempt=1/2 status=200 0.392s url=https://www.myfonts.com/products/lindsey-complete-family-package-1201373
[2026-08-20T07:03:55Z] #380 attempt=1/2 status=200 0.421s url=https://www.myfonts.com/collections/lindsey-pro-font-matteson-typographics/
[2026-08-20T07:03:56Z] #381 attempt=1/2 status=200 0.763s url=https://www.myfonts.com/products/layarbahtera-beyond-complete-family-package-1198806
[2026-08-20T07:03:57Z] #382 attempt=1/2 status=200 0.801s url=https://www.myfonts.com/collections/layarbahtera-beyond-font-layarbahtera/
[2026-08-20T07:03:58Z] #383 attempt=1/2 status=200 1.016s url=https://www.myfonts.com/products/zially-complete-family-package-1199675
[2026-08-20T07:04:00Z] #384 attempt=1/2 status=200 1.241s url=https://www.myfonts.com/collections/zially-font-fontdroe/
[2026-08-20T07:04:01Z] #385 attempt=1/2 status=200 0.428s url=https://www.myfonts.com/products/regular-robecto-1198484
[2026-08-20T07:04:02Z] #386 attempt=1/2 status=200 0.440s url=https://www.myfonts.com/collections/robecto-font-black-junst/
[2026-08-20T07:04:03Z] #387 attempt=1/6 status=200 0.818s url=https://www.myfonts.com/products.json?limit=100&page=17
[2026-08-20T07:04:04Z] #388 attempt=1/6 status=200 0.806s url=https://www.myfonts.com/products.json?limit=100&page=18
[2026-08-20T07:04:05Z] #389 attempt=1/2 status=200 0.405s url=https://www.myfonts.com/products/italic-cobono-1199406
[2026-08-20T07:04:06Z] #390 attempt=1/2 status=200 0.462s url=https://www.myfonts.com/collections/cobono-font-t-26/
[2026-08-20T07:04:07Z] #391 attempt=1/6 status=200 0.884s url=https://www.myfonts.com/products.json?limit=100&page=19
[2026-08-20T07:04:09Z] #392 attempt=1/6 status=200 0.838s url=https://www.myfonts.com/products.json?limit=100&page=20
[2026-08-20T07:04:10Z] #393 attempt=1/6 status=200 1.001s url=https://www.myfonts.com/products.json?limit=100&page=21
[2026-08-20T07:04:11Z] #394 attempt=1/2 status=200 0.397s url=https://www.myfonts.com/products/regular-bladecut-1198929
[2026-08-20T07:04:11Z] #395 attempt=1/2 status=200 0.357s url=https://www.myfonts.com/collections/bladecut-font-heartcore/
[2026-08-20T07:04:13Z] #396 attempt=1/6 status=200 0.845s url=https://www.myfonts.com/products.json?limit=100&page=22
[2026-08-20T07:04:14Z] #397 attempt=1/6 status=200 0.916s url=https://www.myfonts.com/products.json?limit=100&page=23
[2026-08-20T07:04:16Z] #398 attempt=1/6 status=200 0.882s url=https://www.myfonts.com/products.json?limit=100&page=24
[2026-08-20T07:04:17Z] #399 attempt=1/6 status=200 0.943s url=https://www.myfonts.com/products.json?limit=100&page=25
[2026-08-20T07:04:18Z] #400 attempt=1/2 status=200 0.455s url=https://www.myfonts.com/products/regular-aljawhara-1199335
[2026-08-20T07:04:18Z] #401 attempt=1/2 status=200 0.391s url=https://www.myfonts.com/collections/aljawhara-font-eisa-aleisa/
[2026-08-20T07:04:18Z] summary releases=25 first_429=(77, 'https://www.myfonts.com/collections/midnil-brush-font-arif-novianto/?tab=techSpecs', 0.019575834274291992) log_file=state/myfonts_run_20260820_065744.log
[2026-08-20T07:04:18Z] === MyFonts crawl end ===
