[2026-09-03T11:04:01Z] checkpoint fresh next_page=1 path=state/myfonts_crawl_checkpoint.json
[2026-09-03T11:04:01Z] === MyFonts crawl start source=myfonts ===
[2026-09-03T11:04:01Z] config max_pages=25 page_size=100 start_date=2026-09-02 end_date=2026-09-03 api_delay=0.5s detail_delay=0.2s max_debut_checks=400 max_tech_specs_checks=200 reuse_success_profile=False always_enrich_packages=True language_script_signal_mode=strong force_fresh_run=False start_page=1 browser_mode=False browser_headless=True browser_storage_state_path=state/myfonts_storage_state.json
[2026-09-03T11:04:03Z] #1 attempt=1/6 status=200 0.919s url=https://www.myfonts.com/products.json?limit=100&page=1
[2026-09-03T11:04:03Z] #2 attempt=1/2 status=200 0.395s url=https://www.myfonts.com/products/fty-skradjhuwn-complete-family-package-1214726
[2026-09-03T11:04:04Z] #3 attempt=1/2 status=200 0.421s url=https://www.myfonts.com/collections/fty-skradjhuwn-font-the-fontry/
[2026-09-03T11:04:05Z] #4 attempt=1/2 status=200 0.447s url=https://www.myfonts.com/collections/fty-skradjhuwn-font-the-fontry/?tab=techSpecs
[2026-09-03T11:04:06Z] #5 attempt=1/2 status=200 0.705s url=https://www.myfonts.com/products/titular-complete-family-package-1214725
[2026-09-03T11:04:08Z] #6 attempt=1/2 status=200 1.102s url=https://www.myfonts.com/collections/titular-font-latinotype/
[2026-09-03T11:04:08Z] #7 attempt=1/2 status=200 0.242s url=https://www.myfonts.com/collections/titular-font-latinotype/?tab=techSpecs
[2026-09-03T11:04:10Z] #8 attempt=1/2 status=200 0.365s url=https://www.myfonts.com/products/qubix-complete-family-package-1214732
[2026-09-03T11:04:10Z] #9 attempt=1/2 status=200 0.396s url=https://www.myfonts.com/collections/qubix-font-xdcreative/
[2026-09-03T11:04:11Z] #10 attempt=1/2 status=200 0.222s url=https://www.myfonts.com/collections/qubix-font-xdcreative/?tab=techSpecs
[2026-09-03T11:04:12Z] #11 attempt=1/2 status=200 0.431s url=https://www.myfonts.com/products/mesveda-complete-family-package-1214736
[2026-09-03T11:04:13Z] #12 attempt=1/2 status=200 0.512s url=https://www.myfonts.com/collections/mesveda-font-agny-hasya-studio/
[2026-09-03T11:04:14Z] #13 attempt=1/2 status=200 0.530s url=https://www.myfonts.com/collections/mesveda-font-agny-hasya-studio/?tab=techSpecs
[2026-09-03T11:04:15Z] #14 attempt=1/2 status=200 0.456s url=https://www.myfonts.com/products/arvor-complete-family-package-1214708
[2026-09-03T11:04:16Z] #15 attempt=1/2 status=200 0.621s url=https://www.myfonts.com/collections/arvor-font-octotypo/
[2026-09-03T11:04:16Z] #16 attempt=1/2 status=200 0.226s url=https://www.myfonts.com/collections/arvor-font-octotypo/?tab=techSpecs
[2026-09-03T11:04:20Z] #17 attempt=1/2 status=200 3.479s url=https://www.myfonts.com/products/family-font-bundle-package-1214723
[2026-09-03T11:04:23Z] #18 attempt=1/2 status=404 0.318s url=https://www.myfonts.com/collections/family-font-bundle-font-propertype
[2026-09-03T11:04:24Z] #19 attempt=1/2 status=200 0.499s url=https://www.myfonts.com/products/sigmund-pro-complete-family-package-1214229
[2026-09-03T11:04:24Z] #20 attempt=1/2 status=200 0.660s url=https://www.myfonts.com/collections/sigmund-pro-font-borutta/
[2026-09-03T11:04:25Z] #21 attempt=1/2 status=200 0.612s url=https://www.myfonts.com/collections/sigmund-pro-font-borutta/?tab=techSpecs
[2026-09-03T11:04:26Z] #22 attempt=1/2 status=200 0.332s url=https://www.myfonts.com/products/grenoble-history-complete-family-package-1214384
[2026-09-03T11:04:27Z] #23 attempt=1/2 status=200 0.449s url=https://www.myfonts.com/collections/grenoble-history-font-unitype-studio/
[2026-09-03T11:04:28Z] #24 attempt=1/2 status=200 0.457s url=https://www.myfonts.com/collections/grenoble-history-font-unitype-studio/?tab=techSpecs
[2026-09-03T11:04:30Z] #25 attempt=1/2 status=200 1.540s url=https://www.myfonts.com/products/antrain-complete-family-package-1214420
[2026-09-03T11:04:33Z] #26 attempt=1/2 status=200 2.554s url=https://www.myfonts.com/collections/antrain-font-ws-studio/
[2026-09-03T11:04:36Z] #27 attempt=1/2 status=200 2.250s url=https://www.myfonts.com/collections/antrain-font-ws-studio/?tab=techSpecs
[2026-09-03T11:04:38Z] #28 attempt=1/2 status=200 0.373s url=https://www.myfonts.com/products/wacky-complete-family-package-1214263
[2026-09-03T11:04:38Z] #29 attempt=1/2 status=200 0.405s url=https://www.myfonts.com/collections/wacky-font-timelesstype-studio/
[2026-09-03T11:04:39Z] #30 attempt=1/2 status=200 0.403s url=https://www.myfonts.com/collections/wacky-font-timelesstype-studio/?tab=techSpecs
[2026-09-03T11:04:40Z] #31 attempt=1/2 status=200 0.339s url=https://www.myfonts.com/products/bitebold-complete-family-package-1214575
[2026-09-03T11:04:41Z] #32 attempt=1/2 status=200 0.450s url=https://www.myfonts.com/collections/bitebold-font-steptype/
[2026-09-03T11:04:42Z] #33 attempt=1/2 status=200 0.350s url=https://www.myfonts.com/collections/bitebold-font-steptype/?tab=techSpecs
[2026-09-03T11:04:43Z] #34 attempt=1/2 status=200 0.392s url=https://www.myfonts.com/products/farlot-complete-family-package-1214377
[2026-09-03T11:04:43Z] #35 attempt=1/2 status=200 0.429s url=https://www.myfonts.com/collections/farlot-font-vuuuds/
[2026-09-03T11:04:44Z] #36 attempt=1/2 status=200 0.481s url=https://www.myfonts.com/collections/farlot-font-vuuuds/?tab=techSpecs
[2026-09-03T11:04:45Z] #37 attempt=1/2 status=200 0.513s url=https://www.myfonts.com/products/fabric-grotesk-complete-family-package-1214209
[2026-09-03T11:04:46Z] #38 attempt=1/2 status=200 0.705s url=https://www.myfonts.com/collections/fabric-grotesk-font-fontfabric/
[2026-09-03T11:04:47Z] #39 attempt=1/2 status=200 0.627s url=https://www.myfonts.com/collections/fabric-grotesk-font-fontfabric/?tab=techSpecs
[2026-09-03T11:04:50Z] #40 attempt=1/2 status=200 1.834s url=https://www.myfonts.com/products/softness-package-1214419
[2026-09-03T11:04:53Z] #41 attempt=1/2 status=200 2.410s url=https://www.myfonts.com/collections/avelrune-font-ajibatype/
[2026-09-03T11:04:56Z] #42 attempt=1/2 status=200 2.626s url=https://www.myfonts.com/collections/avelrune-font-ajibatype/?tab=techSpecs
[2026-09-03T11:04:58Z] #43 attempt=1/2 status=200 0.331s url=https://www.myfonts.com/products/daily-vibrant-complete-family-package-1214260
[2026-09-03T11:04:58Z] #44 attempt=1/2 status=200 0.418s url=https://www.myfonts.com/collections/daily-vibrant-font-timelesstype-studio/
[2026-09-03T11:04:59Z] #45 attempt=1/2 status=200 0.219s url=https://www.myfonts.com/collections/daily-vibrant-font-timelesstype-studio/?tab=techSpecs
[2026-09-03T11:05:00Z] #46 attempt=1/2 status=200 0.492s url=https://www.myfonts.com/products/godskin-standard-pack-package-1214705
[2026-09-03T11:05:01Z] #47 attempt=1/2 status=200 0.630s url=https://www.myfonts.com/collections/godskin-grotesk-font-horizon-type/
[2026-09-03T11:05:02Z] #48 attempt=1/2 status=200 0.563s url=https://www.myfonts.com/collections/godskin-grotesk-font-horizon-type/?tab=techSpecs
[2026-09-03T11:05:03Z] #49 attempt=1/2 status=200 0.361s url=https://www.myfonts.com/products/bombify-complete-family-package-1214477
[2026-09-03T11:05:04Z] #50 attempt=1/2 status=200 0.425s url=https://www.myfonts.com/collections/bombify-font-blankids/
[2026-09-03T11:05:04Z] #51 attempt=1/2 status=200 0.330s url=https://www.myfonts.com/collections/bombify-font-blankids/?tab=techSpecs
[2026-09-03T11:05:05Z] #52 attempt=1/2 status=200 0.376s url=https://www.myfonts.com/products/nectavia-complete-family-package-1214372
[2026-09-03T11:05:06Z] #53 attempt=1/2 status=200 0.389s url=https://www.myfonts.com/collections/nectavia-font-flawlessandco/
[2026-09-03T11:05:07Z] #54 attempt=1/2 status=200 0.361s url=https://www.myfonts.com/collections/nectavia-font-flawlessandco/?tab=techSpecs
[2026-09-03T11:05:08Z] #55 attempt=1/2 status=200 0.356s url=https://www.myfonts.com/products/charm-thebite-complete-family-package-1214257
[2026-09-03T11:05:08Z] #56 attempt=1/2 status=200 0.381s url=https://www.myfonts.com/collections/charm-thebite-font-timelesstype-studio/
[2026-09-03T11:05:09Z] #57 attempt=1/2 status=200 0.367s url=https://www.myfonts.com/collections/charm-thebite-font-timelesstype-studio/?tab=techSpecs
[2026-09-03T11:05:10Z] #58 attempt=1/2 status=200 0.560s url=https://www.myfonts.com/products/sft-schrifted-sans-compact-width-package-1214704
[2026-09-03T11:05:11Z] #59 attempt=1/2 status=200 0.849s url=https://www.myfonts.com/collections/sft-schrift-sans-font-schrifteria-foundry/
[2026-09-03T11:05:12Z] #60 attempt=1/2 status=200 0.249s url=https://www.myfonts.com/collections/sft-schrift-sans-font-schrifteria-foundry/?tab=techSpecs
[2026-09-03T11:05:13Z] #61 attempt=1/2 status=200 0.385s url=https://www.myfonts.com/products/lush-windson-complete-family-package-1214415
[2026-09-03T11:05:14Z] #62 attempt=1/2 status=200 0.371s url=https://www.myfonts.com/collections/lush-windson-font-letterena-studios/
[2026-09-03T11:05:15Z] #63 attempt=1/2 status=200 0.377s url=https://www.myfonts.com/collections/lush-windson-font-letterena-studios/?tab=techSpecs
[2026-09-03T11:05:16Z] #64 attempt=1/2 status=200 0.355s url=https://www.myfonts.com/products/italics-only-package-1214429
[2026-09-03T11:05:16Z] #65 attempt=1/2 status=200 0.460s url=https://www.myfonts.com/collections/pulseras-font-lurinzu-studios/
[2026-09-03T11:05:17Z] #66 attempt=1/2 status=200 0.224s url=https://www.myfonts.com/collections/pulseras-font-lurinzu-studios/?tab=techSpecs
[2026-09-03T11:05:18Z] #67 attempt=1/2 status=200 0.333s url=https://www.myfonts.com/products/summer-blythe-complete-family-package-1214275
[2026-09-03T11:05:19Z] #68 attempt=1/2 status=200 0.402s url=https://www.myfonts.com/collections/summer-blythe-font-cocodesign/
[2026-09-03T11:05:19Z] #69 attempt=1/2 status=200 0.208s url=https://www.myfonts.com/collections/summer-blythe-font-cocodesign/?tab=techSpecs
[2026-09-03T11:05:20Z] #70 attempt=1/2 status=200 0.347s url=https://www.myfonts.com/products/exodus-complete-family-package-1214254
[2026-09-03T11:05:21Z] #71 attempt=1/2 status=200 0.364s url=https://www.myfonts.com/collections/exodus-font-timelesstype-studio/
[2026-09-03T11:05:21Z] #72 attempt=1/2 status=200 0.379s url=https://www.myfonts.com/collections/exodus-font-timelesstype-studio/?tab=techSpecs
[2026-09-03T11:05:23Z] #73 attempt=1/2 status=200 0.758s url=https://www.myfonts.com/products/rigstik-serif-complete-family-package-1214274
[2026-09-03T11:05:24Z] #74 attempt=1/2 status=200 1.170s url=https://www.myfonts.com/collections/rigstik-serif-font-madjack-font/
[2026-09-03T11:05:26Z] #75 attempt=1/2 status=200 1.289s url=https://www.myfonts.com/collections/rigstik-serif-font-madjack-font/?tab=techSpecs
[2026-09-03T11:05:27Z] #76 attempt=1/2 status=200 0.355s url=https://www.myfonts.com/products/ballersin-chyntia-complete-family-package-1214412
[2026-09-03T11:05:28Z] #77 attempt=1/2 status=200 0.390s url=https://www.myfonts.com/collections/ballersin-chyntia-font-letterena-studios/
[2026-09-03T11:05:29Z] #78 attempt=1/2 status=200 0.356s url=https://www.myfonts.com/collections/ballersin-chyntia-font-letterena-studios/?tab=techSpecs
[2026-09-03T11:05:30Z] #79 attempt=1/2 status=200 0.662s url=https://www.myfonts.com/products/berka-variable-fonts-package-1214249
[2026-09-03T11:05:31Z] #80 attempt=1/2 status=200 0.714s url=https://www.myfonts.com/collections/berka-font-wahyu-sani-co/
[2026-09-03T11:05:32Z] #81 attempt=1/2 status=200 0.232s url=https://www.myfonts.com/collections/berka-font-wahyu-sani-co/?tab=techSpecs
[2026-09-03T11:05:33Z] #82 attempt=1/2 status=200 0.340s url=https://www.myfonts.com/products/butter-rolling-complete-family-package-1214421
[2026-09-03T11:05:33Z] #83 attempt=1/2 status=200 0.345s url=https://www.myfonts.com/collections/butter-rolling-font-letterena-studios/
[2026-09-03T11:05:34Z] #84 attempt=1/2 status=200 0.426s url=https://www.myfonts.com/collections/butter-rolling-font-letterena-studios/?tab=techSpecs
[2026-09-03T11:05:35Z] #85 attempt=1/2 status=200 0.416s url=https://www.myfonts.com/products/signer-complete-family-package-1214267
[2026-09-03T11:05:36Z] #86 attempt=1/2 status=200 0.371s url=https://www.myfonts.com/collections/signer-font-blankids/
[2026-09-03T11:05:36Z] #87 attempt=1/2 status=200 0.212s url=https://www.myfonts.com/collections/signer-font-blankids/?tab=techSpecs
[2026-09-03T11:05:38Z] #88 attempt=1/2 status=200 0.459s url=https://www.myfonts.com/products/grand-bernabeu-complete-family-package-1214393
[2026-09-03T11:05:39Z] #89 attempt=1/2 status=200 0.587s url=https://www.myfonts.com/collections/grand-bernabeu-font-unitype-studio/
[2026-09-03T11:05:39Z] #90 attempt=1/2 status=200 0.217s url=https://www.myfonts.com/collections/grand-bernabeu-font-unitype-studio/?tab=techSpecs
[2026-09-03T11:05:40Z] #91 attempt=1/2 status=200 0.326s url=https://www.myfonts.com/products/tharwatemara-regular-te-mary2-1214707
[2026-09-03T11:05:41Z] #92 attempt=1/2 status=200 0.316s url=https://www.myfonts.com/collections/te-mary2-font-tharwat-emara/
[2026-09-03T11:05:41Z] #93 attempt=1/2 status=429 0.036s url=https://www.myfonts.com/collections/te-mary2-font-tharwat-emara/?tab=techSpecs
[2026-09-03T11:05:41Z] first_429 req=93 url=https://www.myfonts.com/collections/te-mary2-font-tharwat-emara/?tab=techSpecs
[2026-09-03T11:05:44Z] #94 attempt=2/2 status=200 0.521s url=https://www.myfonts.com/collections/te-mary2-font-tharwat-emara/?tab=techSpecs
[2026-09-03T11:05:45Z] #95 attempt=1/2 status=200 0.409s url=https://www.myfonts.com/products/regular-paper-cut-1214706
[2026-09-03T11:05:45Z] #96 attempt=1/2 status=200 0.328s url=https://www.myfonts.com/collections/paper-cut-font-jafar07/
[2026-09-03T11:05:47Z] #97 attempt=1/6 status=200 0.831s url=https://www.myfonts.com/products.json?limit=100&page=2
[2026-09-03T11:05:48Z] #98 attempt=1/6 status=200 0.740s url=https://www.myfonts.com/products.json?limit=100&page=3
[2026-09-03T11:05:49Z] #99 attempt=1/6 status=200 0.694s url=https://www.myfonts.com/products.json?limit=100&page=4
[2026-09-03T11:05:50Z] #100 attempt=1/2 status=429 0.034s url=https://www.myfonts.com/products/sans-gold-chamber-1214272
[2026-09-03T11:05:52Z] #101 attempt=2/2 status=200 0.529s url=https://www.myfonts.com/products/sans-gold-chamber-1214272
[2026-09-03T11:05:53Z] #102 attempt=1/2 status=200 0.432s url=https://www.myfonts.com/collections/gold-chamber-font-almarkha-type/
[2026-09-03T11:05:54Z] #103 attempt=1/6 status=200 0.819s url=https://www.myfonts.com/products.json?limit=100&page=5
[2026-09-03T11:05:55Z] #104 attempt=1/2 status=200 0.363s url=https://www.myfonts.com/products/regular-spooky-friend-1214251
[2026-09-03T11:05:55Z] #105 attempt=1/2 status=200 0.365s url=https://www.myfonts.com/collections/spooky-friend-font-mvmet/
[2026-09-03T11:05:56Z] #106 attempt=1/2 status=429 0.034s url=https://www.myfonts.com/products/regular-camu-sicavest-1214371
[2026-09-03T11:05:58Z] #107 attempt=2/2 status=200 0.540s url=https://www.myfonts.com/products/regular-camu-sicavest-1214371
[2026-09-03T11:05:59Z] #108 attempt=1/2 status=200 0.374s url=https://www.myfonts.com/collections/camu-sicavest-font-trabas-kriya/
[2026-09-03T11:06:00Z] #109 attempt=1/2 status=200 0.334s url=https://www.myfonts.com/products/regular-rikast-pestafy-1214369
[2026-09-03T11:06:00Z] #110 attempt=1/2 status=429 0.040s url=https://www.myfonts.com/collections/rikast-pestafy-font-twinletter/
[2026-09-03T11:06:03Z] #111 attempt=2/2 status=200 0.492s url=https://www.myfonts.com/collections/rikast-pestafy-font-twinletter/
[2026-09-03T11:06:03Z] #112 attempt=1/2 status=200 0.333s url=https://www.myfonts.com/products/regular-broveld-1214392
[2026-09-03T11:06:04Z] #113 attempt=1/2 status=200 0.363s url=https://www.myfonts.com/collections/broveld-font-bentype/
[2026-09-03T11:06:04Z] #114 attempt=1/2 status=200 0.356s url=https://www.myfonts.com/products/regular-jurexo-tuku-1214311
[2026-09-03T11:06:05Z] #115 attempt=1/2 status=200 0.355s url=https://www.myfonts.com/collections/jurexo-tuku-font-twinletter/
[2026-09-03T11:06:05Z] #116 attempt=1/2 status=429 0.033s url=https://www.myfonts.com/products/old-world-ink-italic-old-world-ink-1214375
[2026-09-03T11:06:08Z] #117 attempt=2/2 status=200 0.479s url=https://www.myfonts.com/products/old-world-ink-italic-old-world-ink-1214375
[2026-09-03T11:06:09Z] #118 attempt=1/2 status=200 0.358s url=https://www.myfonts.com/collections/old-world-ink-font-eryn-rose-design/
[2026-09-03T11:06:10Z] #119 attempt=1/6 status=200 0.970s url=https://www.myfonts.com/products.json?limit=100&page=6
[2026-09-03T11:06:11Z] #120 attempt=1/2 status=200 0.365s url=https://www.myfonts.com/products/regular-goofy-thick-1214376
[2026-09-03T11:06:11Z] #121 attempt=1/2 status=200 0.338s url=https://www.myfonts.com/collections/goofy-thick-font-sronstudio/
[2026-09-03T11:06:12Z] #122 attempt=1/2 status=200 0.327s url=https://www.myfonts.com/products/regular-gekor-spokat-1214370
[2026-09-03T11:06:12Z] #123 attempt=1/2 status=200 0.354s url=https://www.myfonts.com/collections/gekor-spokat-font-trabas-kriya/
[2026-09-03T11:06:13Z] #124 attempt=1/2 status=200 0.301s url=https://www.myfonts.com/products/regular-metro-marker-1214253
[2026-09-03T11:06:13Z] #125 attempt=1/2 status=429 0.041s url=https://www.myfonts.com/collections/metro-marker-font-gassstype/
[2026-09-03T11:06:16Z] #126 attempt=2/2 status=200 0.502s url=https://www.myfonts.com/collections/metro-marker-font-gassstype/
[2026-09-03T11:06:17Z] #127 attempt=1/2 status=200 0.330s url=https://www.myfonts.com/products/regular-sthayos-1214266
[2026-09-03T11:06:17Z] #128 attempt=1/2 status=200 0.388s url=https://www.myfonts.com/collections/sthayos-font-yumnacreative/
[2026-09-03T11:06:18Z] #129 attempt=1/2 status=200 0.348s url=https://www.myfonts.com/products/regular-eldoria-maison-1214525
[2026-09-03T11:06:18Z] #130 attempt=1/2 status=200 0.334s url=https://www.myfonts.com/collections/eldoria-maison-font-letterhend/
[2026-09-03T11:06:19Z] #131 attempt=1/2 status=200 0.338s url=https://www.myfonts.com/products/regular-hbt-897-1214252
[2026-09-03T11:06:19Z] #132 attempt=1/2 status=429 0.036s url=https://www.myfonts.com/collections/hbt-897-font-nian-keun-studio/
[2026-09-03T11:06:22Z] #133 attempt=2/2 status=200 0.560s url=https://www.myfonts.com/collections/hbt-897-font-nian-keun-studio/
[2026-09-03T11:06:23Z] #134 attempt=1/2 status=200 0.344s url=https://www.myfonts.com/products/regular-ghost-grim-1214250
[2026-09-03T11:06:23Z] #135 attempt=1/2 status=200 0.328s url=https://www.myfonts.com/collections/ghost-grim-font-mvmet/
[2026-09-03T11:06:24Z] #136 attempt=1/2 status=200 0.380s url=https://www.myfonts.com/products/golden-tomorrow-complete-family-package-1213121
[2026-09-03T11:06:24Z] #137 attempt=1/2 status=200 0.399s url=https://www.myfonts.com/collections/golden-tomorrow-font-letterena-studios/
[2026-09-03T11:06:25Z] #138 attempt=1/2 status=200 0.405s url=https://www.myfonts.com/products/enogi-complete-family-package-1214178
[2026-09-03T11:06:26Z] #139 attempt=1/2 status=200 0.367s url=https://www.myfonts.com/collections/enogi-font-sensatype-studio/
[2026-09-03T11:06:26Z] #140 attempt=1/2 status=429 0.032s url=https://www.myfonts.com/products/neurath-x-mono-complete-family-package-1212672
[2026-09-03T11:06:29Z] #141 attempt=2/2 status=200 0.536s url=https://www.myfonts.com/products/neurath-x-mono-complete-family-package-1212672
[2026-09-03T11:06:30Z] #142 attempt=1/2 status=200 0.592s url=https://www.myfonts.com/collections/neurath-x-mono-font-rene-bieder/
[2026-09-03T11:06:30Z] #143 attempt=1/2 status=200 0.342s url=https://www.myfonts.com/products/limit-frwy-variable-concept-complete-family-package-1212897
[2026-09-03T11:06:31Z] #144 attempt=1/2 status=200 0.332s url=https://www.myfonts.com/collections/limit-frwy-variable-concept-font-bold-guys/
[2026-09-03T11:06:32Z] #145 attempt=1/2 status=200 0.396s url=https://www.myfonts.com/products/fendora-complete-family-package-1214110
[2026-09-03T11:06:32Z] #146 attempt=1/2 status=200 0.407s url=https://www.myfonts.com/collections/fendora-font-asbill-studio/
[2026-09-03T11:06:32Z] #147 attempt=1/2 status=429 0.034s url=https://www.myfonts.com/products/k73-droms-star-package-1213481
[2026-09-03T11:06:36Z] #148 attempt=2/2 status=200 1.437s url=https://www.myfonts.com/products/k73-droms-star-package-1213481
[2026-09-03T11:06:40Z] #149 attempt=1/2 status=200 3.570s url=https://www.myfonts.com/collections/k73-droms-font-k73-type-foundry/
[2026-09-03T11:06:43Z] #150 attempt=1/2 status=200 2.117s url=https://www.myfonts.com/products/soft-package-1214060
[2026-09-03T11:06:47Z] #151 attempt=1/2 status=200 3.411s url=https://www.myfonts.com/collections/seghan-elegant-font-rotterlab-studio/
[2026-09-03T11:06:48Z] #152 attempt=1/2 status=200 0.640s url=https://www.myfonts.com/products/voyager-mono-rounded-complete-family-package-1213217
[2026-09-03T11:06:50Z] #153 attempt=1/2 status=200 0.870s url=https://www.myfonts.com/collections/voyager-mono-rounded-font-anton-kokoshka/
[2026-09-03T11:06:50Z] #154 attempt=1/2 status=200 0.349s url=https://www.myfonts.com/products/sunday-richmark-complete-family-package-1213107
[2026-09-03T11:06:51Z] #155 attempt=1/2 status=200 0.490s url=https://www.myfonts.com/collections/sunday-richmark-font-din-studio/
[2026-09-03T11:06:52Z] #156 attempt=1/2 status=200 0.399s url=https://www.myfonts.com/products/zia-eachmont-complete-family-package-1214114
[2026-09-03T11:06:52Z] #157 attempt=1/2 status=200 0.394s url=https://www.myfonts.com/collections/zia-eachmont-font-zia-creative-studio/
[2026-09-03T11:06:53Z] #158 attempt=1/2 status=200 0.366s url=https://www.myfonts.com/products/folare-complete-family-package-1214071
[2026-09-03T11:06:54Z] #159 attempt=1/2 status=200 0.429s url=https://www.myfonts.com/collections/folare-font-vermilione/
[2026-09-03T11:06:54Z] #160 attempt=1/2 status=200 0.351s url=https://www.myfonts.com/products/saktere-complete-family-package-1213045
[2026-09-03T11:06:55Z] #161 attempt=1/2 status=200 0.422s url=https://www.myfonts.com/collections/saktere-font-burntilldead/
[2026-09-03T11:06:56Z] #162 attempt=1/2 status=200 0.326s url=https://www.myfonts.com/products/limit-variable-concept-full-complete-family-package-1212880
[2026-09-03T11:06:56Z] #163 attempt=1/2 status=200 0.406s url=https://www.myfonts.com/collections/limit-variable-concept-full-font-bold-guys/
[2026-09-03T11:06:57Z] #164 attempt=1/2 status=200 0.363s url=https://www.myfonts.com/products/fazero-complete-family-package-1214107
[2026-09-03T11:06:58Z] #165 attempt=1/2 status=200 0.457s url=https://www.myfonts.com/collections/fazero-font-font-liner/
[2026-09-03T11:06:58Z] #166 attempt=1/2 status=200 0.357s url=https://www.myfonts.com/products/prixma-sans-italic-package-1213154
[2026-09-03T11:06:59Z] #167 attempt=1/2 status=200 0.619s url=https://www.myfonts.com/collections/prixma-sans-font-defharo/
[2026-09-03T11:07:00Z] #168 attempt=1/2 status=200 0.410s url=https://www.myfonts.com/products/atelion-complete-family-package-1214156
[2026-09-03T11:07:00Z] #169 attempt=1/2 status=200 0.526s url=https://www.myfonts.com/collections/atelion-font-jafar07/
[2026-09-03T11:07:01Z] #170 attempt=1/2 status=200 0.327s url=https://www.myfonts.com/products/garned-complete-family-package-1213827
[2026-09-03T11:07:02Z] #171 attempt=1/2 status=200 0.447s url=https://www.myfonts.com/collections/garned-font-typebae/
[2026-09-03T11:07:03Z] #172 attempt=1/2 status=200 1.039s url=https://www.myfonts.com/products/gracilly-complete-family-package-1213664
[2026-09-03T11:07:05Z] #173 attempt=1/2 status=200 1.813s url=https://www.myfonts.com/collections/gracilly-font-existype/
[2026-09-03T11:07:06Z] #174 attempt=1/2 status=200 0.350s url=https://www.myfonts.com/products/aslangie-complete-family-package-1213126
[2026-09-03T11:07:07Z] #175 attempt=1/2 status=200 0.429s url=https://www.myfonts.com/collections/aslangie-font-typeclassheroes/
[2026-09-03T11:07:07Z] #176 attempt=1/2 status=200 0.332s url=https://www.myfonts.com/products/malley-jacklist-complete-family-package-1213171
[2026-09-03T11:07:08Z] #177 attempt=1/2 status=200 0.453s url=https://www.myfonts.com/collections/malley-jacklist-font-maulana-creative/
[2026-09-03T11:07:09Z] #178 attempt=1/2 status=200 0.900s url=https://www.myfonts.com/products/serfio-complete-family-package-1213479
[2026-09-03T11:07:11Z] #179 attempt=1/2 status=200 1.843s url=https://www.myfonts.com/collections/serfio-font-dorado-foundry/
[2026-09-03T11:07:13Z] #180 attempt=1/2 status=200 0.373s url=https://www.myfonts.com/products/mildson-complete-family-package-1214144
[2026-09-03T11:07:13Z] #181 attempt=1/2 status=200 0.403s url=https://www.myfonts.com/collections/mildson-font-blankids/
[2026-09-03T11:07:14Z] #182 attempt=1/2 status=200 0.330s url=https://www.myfonts.com/products/sweet-fruity-complete-family-package-1213104
[2026-09-03T11:07:14Z] #183 attempt=1/2 status=200 0.377s url=https://www.myfonts.com/collections/sweet-fruity-font-letterena-studios/
[2026-09-03T11:07:15Z] #184 attempt=1/2 status=200 0.382s url=https://www.myfonts.com/products/limit-file-variable-concept-complete-family-package-1212901
[2026-09-03T11:07:16Z] #185 attempt=1/2 status=200 0.515s url=https://www.myfonts.com/collections/limit-file-variable-concept-font-bold-guys/
[2026-09-03T11:07:16Z] #186 attempt=1/2 status=200 0.365s url=https://www.myfonts.com/products/unexpected-typewriter-complete-family-package-1214137
[2026-09-03T11:07:17Z] #187 attempt=1/2 status=200 0.427s url=https://www.myfonts.com/collections/unexpected-typewriter-font-ana-s-fonts/
[2026-09-03T11:07:18Z] #188 attempt=1/2 status=200 0.324s url=https://www.myfonts.com/products/velantia-complete-family-package-1214058
[2026-09-03T11:07:18Z] #189 attempt=1/2 status=200 0.427s url=https://www.myfonts.com/collections/velantia-font-nexaline-type/
[2026-09-03T11:07:19Z] #190 attempt=1/2 status=200 0.413s url=https://www.myfonts.com/products/neurath-x-complete-family-package-1212653
[2026-09-03T11:07:20Z] #191 attempt=1/2 status=200 0.696s url=https://www.myfonts.com/collections/neurath-x-font-rene-bieder/
[2026-09-03T11:07:21Z] #192 attempt=1/2 status=200 0.361s url=https://www.myfonts.com/products/chigora-display-complete-family-package-1213190
[2026-09-03T11:07:21Z] #193 attempt=1/2 status=200 0.550s url=https://www.myfonts.com/collections/chigora-display-font-romie-creative/
[2026-09-03T11:07:22Z] #194 attempt=1/2 status=200 0.499s url=https://www.myfonts.com/products/ot-ravelin-complete-family-package-1214087
[2026-09-03T11:07:23Z] #195 attempt=1/2 status=200 0.557s url=https://www.myfonts.com/collections/ot-ravelin-font-oz-design/
[2026-09-03T11:07:24Z] #196 attempt=1/2 status=200 0.423s url=https://www.myfonts.com/products/nisaya-script-complete-family-package-1213175
[2026-09-03T11:07:24Z] #197 attempt=1/2 status=200 0.412s url=https://www.myfonts.com/collections/nisaya-script-font-kalam/
[2026-09-03T11:07:25Z] #198 attempt=1/2 status=200 0.368s url=https://www.myfonts.com/products/murisa-temiz-complete-family-package-1214148
[2026-09-03T11:07:25Z] #199 attempt=1/2 status=429 0.040s url=https://www.myfonts.com/collections/murisa-temiz-font-murisa-studio/
[2026-09-03T11:07:28Z] #200 attempt=2/2 status=200 0.511s url=https://www.myfonts.com/collections/murisa-temiz-font-murisa-studio/
[2026-09-03T11:07:29Z] #201 attempt=1/2 status=200 0.381s url=https://www.myfonts.com/products/chunky-moots-complete-family-package-1213506
[2026-09-03T11:07:29Z] #202 attempt=1/2 status=200 0.381s url=https://www.myfonts.com/collections/chunky-moots-font-font-liner/
[2026-09-03T11:07:30Z] #203 attempt=1/2 status=200 0.357s url=https://www.myfonts.com/products/frandy-complete-family-package-1213002
[2026-09-03T11:07:30Z] #204 attempt=1/2 status=429 0.036s url=https://www.myfonts.com/collections/frandy-font-maulana-creative/
[2026-09-03T11:07:33Z] #205 attempt=2/2 status=200 0.593s url=https://www.myfonts.com/collections/frandy-font-maulana-creative/
[2026-09-03T11:07:34Z] #206 attempt=1/2 status=200 0.388s url=https://www.myfonts.com/products/aqubeli-display-complete-family-package-1213134
[2026-09-03T11:07:34Z] #207 attempt=1/2 status=200 0.372s url=https://www.myfonts.com/collections/aqubeli-display-font-kalam/
[2026-09-03T11:07:35Z] #208 attempt=1/2 status=200 0.356s url=https://www.myfonts.com/products/monteba-complete-family-package-1214062
[2026-09-03T11:07:35Z] #209 attempt=1/2 status=429 0.040s url=https://www.myfonts.com/collections/monteba-font-vermilione/
[2026-09-03T11:07:38Z] #210 attempt=2/2 status=200 0.540s url=https://www.myfonts.com/collections/monteba-font-vermilione/
[2026-09-03T11:07:39Z] #211 attempt=1/2 status=200 0.374s url=https://www.myfonts.com/products/limit-micro-variable-concept-complete-family-package-1212893
[2026-09-03T11:07:39Z] #212 attempt=1/2 status=200 0.383s url=https://www.myfonts.com/collections/limit-micro-variable-concept-font-bold-guys/
[2026-09-03T11:07:40Z] #213 attempt=1/2 status=200 0.344s url=https://www.myfonts.com/products/simply-addiction-complete-family-package-1213209
[2026-09-03T11:07:40Z] #214 attempt=1/2 status=200 0.359s url=https://www.myfonts.com/collections/simply-addiction-font-tini-fitriani/
[2026-09-03T11:07:41Z] #215 attempt=1/2 status=200 0.357s url=https://www.myfonts.com/products/munchy-complete-family-package-1213041
[2026-09-03T11:07:41Z] #216 attempt=1/2 status=429 0.035s url=https://www.myfonts.com/collections/munchy-font-steptype/
[2026-09-03T11:07:44Z] #217 attempt=2/2 status=200 0.566s url=https://www.myfonts.com/collections/munchy-font-steptype/
[2026-09-03T11:07:45Z] #218 attempt=1/2 status=200 0.404s url=https://www.myfonts.com/products/mystical-horror-collection-complete-family-package-1213165
[2026-09-03T11:07:45Z] #219 attempt=1/2 status=200 0.455s url=https://www.myfonts.com/collections/mystical-horror-collection-font-ahweproject/
[2026-09-03T11:07:46Z] #220 attempt=1/2 status=200 0.383s url=https://www.myfonts.com/products/mltp-rustiga-rose-complete-family-package-1214151
[2026-09-03T11:07:46Z] #221 attempt=1/2 status=429 0.038s url=https://www.myfonts.com/collections/mltp-rustiga-rose-font-multype-studio/
[2026-09-03T11:07:49Z] #222 attempt=2/2 status=200 0.607s url=https://www.myfonts.com/collections/mltp-rustiga-rose-font-multype-studio/
[2026-09-03T11:07:50Z] #223 attempt=1/2 status=200 0.369s url=https://www.myfonts.com/products/mix-accomplice-complete-family-package-1213793
[2026-09-03T11:07:50Z] #224 attempt=1/2 status=200 0.351s url=https://www.myfonts.com/collections/mix-accomplice-font-mix-fonts/
[2026-09-03T11:07:51Z] #225 attempt=1/2 status=200 0.355s url=https://www.myfonts.com/products/lunadeo-complete-family-package-1213185
[2026-09-03T11:07:52Z] #226 attempt=1/2 status=200 0.409s url=https://www.myfonts.com/collections/lunadeo-font-omur-ozgur/
[2026-09-03T11:07:52Z] #227 attempt=1/2 status=429 0.034s url=https://www.myfonts.com/products/rigid-core-pro-complete-family-package-1214117
[2026-09-03T11:07:55Z] #228 attempt=2/2 status=200 0.576s url=https://www.myfonts.com/products/rigid-core-pro-complete-family-package-1214117
[2026-09-03T11:07:56Z] #229 attempt=1/2 status=200 0.580s url=https://www.myfonts.com/collections/rigid-core-pro-font-gleb-guralnyk/
[2026-09-03T11:07:56Z] #230 attempt=1/2 status=200 0.399s url=https://www.myfonts.com/products/handory-complete-family-package-1214092
[2026-09-03T11:07:57Z] #231 attempt=1/2 status=200 0.407s url=https://www.myfonts.com/collections/handory-font-asbill-studio/
[2026-09-03T11:07:58Z] #232 attempt=1/2 status=200 0.329s url=https://www.myfonts.com/products/hueso-bone-complete-family-package-1213116
[2026-09-03T11:07:58Z] #233 attempt=1/2 status=200 0.439s url=https://www.myfonts.com/collections/hueso-bone-font-denustudio/
[2026-09-03T11:07:58Z] #234 attempt=1/2 status=429 0.034s url=https://www.myfonts.com/products/novaret-complete-family-package-1214075
[2026-09-03T11:08:01Z] #235 attempt=2/2 status=200 0.532s url=https://www.myfonts.com/products/novaret-complete-family-package-1214075
[2026-09-03T11:08:02Z] #236 attempt=1/2 status=200 0.501s url=https://www.myfonts.com/collections/novaret-font-qiubare-studio/
[2026-09-03T11:08:03Z] #237 attempt=1/2 status=200 0.322s url=https://www.myfonts.com/products/merry-sunday-complete-family-package-1213181
[2026-09-03T11:08:03Z] #238 attempt=1/2 status=200 0.393s url=https://www.myfonts.com/collections/merry-sunday-font-cocodesign/
[2026-09-03T11:08:03Z] #239 attempt=1/2 status=429 0.034s url=https://www.myfonts.com/products/veltrix-complete-family-package-1213049
[2026-09-03T11:08:06Z] #240 attempt=2/2 status=200 0.761s url=https://www.myfonts.com/products/veltrix-complete-family-package-1213049
[2026-09-03T11:08:08Z] #241 attempt=1/2 status=200 1.012s url=https://www.myfonts.com/collections/veltrix-font-dora-typefoundry/
[2026-09-03T11:08:08Z] #242 attempt=1/2 status=200 0.337s url=https://www.myfonts.com/products/ertea-august-complete-family-package-1213178
[2026-09-03T11:08:09Z] #243 attempt=1/2 status=200 0.389s url=https://www.myfonts.com/collections/ertea-august-font-kalam/
[2026-09-03T11:08:10Z] #244 attempt=1/2 status=200 0.344s url=https://www.myfonts.com/products/dreamy-romance-complete-family-package-1213155
[2026-09-03T11:08:10Z] #245 attempt=1/2 status=200 0.361s url=https://www.myfonts.com/collections/dreamy-romance-font-letterhend/
[2026-09-03T11:08:11Z] #246 attempt=1/2 status=200 0.462s url=https://www.myfonts.com/products/settledown-complete-family-package-1213262
[2026-09-03T11:08:12Z] #247 attempt=1/2 status=200 0.374s url=https://www.myfonts.com/products/limit-display-variable-concept-complete-family-package-1212885
[2026-09-03T11:08:12Z] #248 attempt=1/2 status=200 0.444s url=https://www.myfonts.com/collections/limit-display-variable-concept-font-bold-guys/
[2026-09-03T11:08:13Z] #249 attempt=1/2 status=200 0.411s url=https://www.myfonts.com/products/valerius-blackletter-complete-family-package-1214068
[2026-09-03T11:08:13Z] #250 attempt=1/2 status=429 0.036s url=https://www.myfonts.com/collections/valerius-blackletter-font-kaer/
[2026-09-03T11:08:16Z] #251 attempt=2/2 status=200 0.587s url=https://www.myfonts.com/collections/valerius-blackletter-font-kaer/
[2026-09-03T11:08:17Z] #252 attempt=1/2 status=200 0.374s url=https://www.myfonts.com/products/typo-6160-complete-family-package-1213213
[2026-09-03T11:08:17Z] #253 attempt=1/2 status=200 0.434s url=https://www.myfonts.com/collections/typo-6160-font-tension-type/
[2026-09-03T11:08:18Z] #254 attempt=1/2 status=200 0.345s url=https://www.myfonts.com/products/fankey-complete-family-package-1213037
[2026-09-03T11:08:19Z] #255 attempt=1/2 status=200 0.380s url=https://www.myfonts.com/collections/fankey-font-flavortype/
[2026-09-03T11:08:19Z] #256 attempt=1/2 status=200 0.342s url=https://www.myfonts.com/products/limit-text-variable-concept-complete-family-package-1212889
[2026-09-03T11:08:19Z] #257 attempt=1/2 status=429 0.037s url=https://www.myfonts.com/collections/limit-text-variable-concept-font-bold-guys/
[2026-09-03T11:08:22Z] #258 attempt=2/2 status=200 0.620s url=https://www.myfonts.com/collections/limit-text-variable-concept-font-bold-guys/
[2026-09-03T11:08:23Z] #259 attempt=1/2 status=200 0.386s url=https://www.myfonts.com/products/tiree-complete-family-package-1214131
[2026-09-03T11:08:24Z] #260 attempt=1/2 status=200 0.368s url=https://www.myfonts.com/collections/tiree-font-braw-type/
[2026-09-03T11:08:25Z] #261 attempt=1/2 status=200 0.803s url=https://www.myfonts.com/products/wostan-complete-family-package-1212935
[2026-09-03T11:08:26Z] #262 attempt=1/2 status=200 1.228s url=https://www.myfonts.com/collections/wostan-font-aqeela-studio/
[2026-09-03T11:08:27Z] #263 attempt=1/2 status=200 0.380s url=https://www.myfonts.com/products/olygan-retro-complete-family-package-1213131
[2026-09-03T11:08:28Z] #264 attempt=1/2 status=200 0.407s url=https://www.myfonts.com/collections/olygan-retro-font-yoga-letter/
[2026-09-03T11:08:28Z] #265 attempt=1/2 status=200 0.370s url=https://www.myfonts.com/products/mewah-complete-family-package-1213137
[2026-09-03T11:08:29Z] #266 attempt=1/2 status=200 0.376s url=https://www.myfonts.com/collections/mewah-font-zaain-type/
[2026-09-03T11:08:30Z] #267 attempt=1/2 status=200 0.377s url=https://www.myfonts.com/products/modern-chic-refined-complete-family-package-1212908
[2026-09-03T11:08:30Z] #268 attempt=1/2 status=200 0.423s url=https://www.myfonts.com/collections/modern-chic-refined-font-maxart/
[2026-09-03T11:08:31Z] #269 attempt=1/2 status=200 0.364s url=https://www.myfonts.com/products/skullwick-complete-family-package-1213161
[2026-09-03T11:08:31Z] #270 attempt=1/2 status=429 0.036s url=https://www.myfonts.com/collections/skullwick-font-illushvara/
[2026-09-03T11:08:34Z] #271 attempt=2/2 status=200 0.543s url=https://www.myfonts.com/collections/skullwick-font-illushvara/
[2026-09-03T11:08:35Z] #272 attempt=1/2 status=200 0.386s url=https://www.myfonts.com/products/qerdith-complete-family-package-1213158
[2026-09-03T11:08:35Z] #273 attempt=1/2 status=200 0.306s url=https://www.myfonts.com/collections/qerdith-font-arif-novianto/
[2026-09-03T11:08:36Z] #274 attempt=1/2 status=200 0.338s url=https://www.myfonts.com/products/regular-gradley-1213036
[2026-09-03T11:08:36Z] #275 attempt=1/2 status=200 0.374s url=https://www.myfonts.com/collections/gradley-font-denustudio/
[2026-09-03T11:08:38Z] #276 attempt=1/6 status=200 0.770s url=https://www.myfonts.com/products.json?limit=100&page=7
[2026-09-03T11:08:38Z] #277 attempt=1/2 status=200 0.338s url=https://www.myfonts.com/products/regular-am-geometric-regular-1212934
[2026-09-03T11:08:39Z] #278 attempt=1/2 status=200 0.370s url=https://www.myfonts.com/collections/am-geometric-regular-font-amr-mo-vertex/
[2026-09-03T11:08:39Z] #279 attempt=1/2 status=429 0.033s url=https://www.myfonts.com/products/regular-dystopian-system-1214057
[2026-09-03T11:08:42Z] #280 attempt=2/2 status=200 0.478s url=https://www.myfonts.com/products/regular-dystopian-system-1214057
[2026-09-03T11:08:43Z] #281 attempt=1/2 status=200 0.392s url=https://www.myfonts.com/collections/dystopian-system-font-gassstype/
[2026-09-03T11:08:43Z] #282 attempt=1/2 status=200 0.382s url=https://www.myfonts.com/products/regular-aribelle-1213129
[2026-09-03T11:08:44Z] #283 attempt=1/2 status=200 0.348s url=https://www.myfonts.com/collections/aribelle-font-letterhanna-studio/
[2026-09-03T11:08:44Z] #284 attempt=1/2 status=200 0.325s url=https://www.myfonts.com/products/regular-brashkick-1214143
[2026-09-03T11:08:45Z] #285 attempt=1/2 status=200 0.323s url=https://www.myfonts.com/collections/brashkick-font-letterhanna-studio/
[2026-09-03T11:08:45Z] #286 attempt=1/2 status=429 0.037s url=https://www.myfonts.com/products/reguler-seraphiq-1214086
[2026-09-03T11:08:48Z] #287 attempt=2/2 status=200 0.525s url=https://www.myfonts.com/products/reguler-seraphiq-1214086
[2026-09-03T11:08:48Z] #288 attempt=1/2 status=200 0.364s url=https://www.myfonts.com/collections/seraphiq-font-asbill-studio/
[2026-09-03T11:08:49Z] #289 attempt=1/2 status=200 0.317s url=https://www.myfonts.com/products/regular-basecutter-1214142
[2026-09-03T11:08:50Z] #290 attempt=1/2 status=200 0.388s url=https://www.myfonts.com/collections/basecutter-font-cassette-type/
[2026-09-03T11:08:51Z] #291 attempt=1/6 status=200 0.806s url=https://www.myfonts.com/products.json?limit=100&page=8
[2026-09-03T11:08:52Z] #292 attempt=1/6 status=200 0.829s url=https://www.myfonts.com/products.json?limit=100&page=9
[2026-09-03T11:08:53Z] #293 attempt=1/2 status=200 0.301s url=https://www.myfonts.com/products/bold-oresta-1213044
[2026-09-03T11:08:54Z] #294 attempt=1/2 status=200 0.356s url=https://www.myfonts.com/collections/oresta-font-limitype/
[2026-09-03T11:08:55Z] #295 attempt=1/6 status=200 0.786s url=https://www.myfonts.com/products.json?limit=100&page=10
[2026-09-03T11:08:55Z] #296 attempt=1/2 status=200 0.320s url=https://www.myfonts.com/products/regular-rough-runners-1214175
[2026-09-03T11:08:56Z] #297 attempt=1/2 status=200 0.376s url=https://www.myfonts.com/collections/rough-runners-font-gassstype/
[2026-09-03T11:08:56Z] #298 attempt=1/2 status=429 0.034s url=https://www.myfonts.com/products/belajar-nulis-regular-belajar-nulis-1213189
[2026-09-03T11:08:59Z] #299 attempt=2/2 status=200 0.535s url=https://www.myfonts.com/products/belajar-nulis-regular-belajar-nulis-1213189
[2026-09-03T11:09:00Z] #300 attempt=1/2 status=200 0.509s url=https://www.myfonts.com/collections/belajar-nulis-font-randy-studio/
[2026-09-03T11:09:00Z] #301 attempt=1/2 status=200 0.347s url=https://www.myfonts.com/products/regular-metroflair-1213873
[2026-09-03T11:09:01Z] #302 attempt=1/2 status=200 0.367s url=https://www.myfonts.com/collections/metroflair-font-gassstype/
[2026-09-03T11:09:01Z] #303 attempt=1/2 status=429 0.035s url=https://www.myfonts.com/products/uneven-steven-regular-uneven-steven-1213937
[2026-09-03T11:09:04Z] #304 attempt=2/2 status=200 0.512s url=https://www.myfonts.com/products/uneven-steven-regular-uneven-steven-1213937
[2026-09-03T11:09:05Z] #305 attempt=1/2 status=200 0.366s url=https://www.myfonts.com/collections/uneven-steven-font-eryn-rose-design/
[2026-09-03T11:09:06Z] #306 attempt=1/6 status=200 0.829s url=https://www.myfonts.com/products.json?limit=100&page=11
[2026-09-03T11:09:07Z] #307 attempt=1/2 status=200 0.321s url=https://www.myfonts.com/products/regular-amoen-1213130
[2026-09-03T11:09:07Z] #308 attempt=1/2 status=200 0.433s url=https://www.myfonts.com/collections/amoen-font-aiquitype/
[2026-09-03T11:09:08Z] #309 attempt=1/2 status=200 0.327s url=https://www.myfonts.com/products/bold-triver-1214056
[2026-09-03T11:09:08Z] #310 attempt=1/2 status=200 0.320s url=https://www.myfonts.com/collections/triver-font-limitype/
[2026-09-03T11:09:09Z] #311 attempt=1/2 status=200 0.310s url=https://www.myfonts.com/products/regular-valier-1213032
[2026-09-03T11:09:09Z] #312 attempt=1/2 status=429 0.039s url=https://www.myfonts.com/collections/valier-font-graptail/
[2026-09-03T11:09:12Z] #313 attempt=2/2 status=200 0.474s url=https://www.myfonts.com/collections/valier-font-graptail/
[2026-09-03T11:09:13Z] #314 attempt=1/6 status=200 0.822s url=https://www.myfonts.com/products.json?limit=100&page=12
[2026-09-03T11:09:15Z] #315 attempt=1/6 status=200 0.846s url=https://www.myfonts.com/products.json?limit=100&page=13
[2026-09-03T11:09:15Z] #316 attempt=1/2 status=200 0.305s url=https://www.myfonts.com/products/regular-sweet-mistake-1214155
[2026-09-03T11:09:16Z] #317 attempt=1/2 status=200 0.322s url=https://www.myfonts.com/collections/sweet-mistake-font-gassstype/
[2026-09-03T11:09:16Z] #318 attempt=1/2 status=200 0.339s url=https://www.myfonts.com/products/regular-creigost-1213174
[2026-09-03T11:09:17Z] #319 attempt=1/2 status=200 0.331s url=https://www.myfonts.com/collections/creigost-font-maulana-creative/
[2026-09-03T11:09:18Z] #320 attempt=1/2 status=200 0.325s url=https://www.myfonts.com/products/regular-gasteroim-1213124
[2026-09-03T11:09:18Z] #321 attempt=1/2 status=200 0.336s url=https://www.myfonts.com/collections/gasteroim-font-maulana-creative/
[2026-09-03T11:09:19Z] #322 attempt=1/6 status=200 0.788s url=https://www.myfonts.com/products.json?limit=100&page=14
[2026-09-03T11:09:20Z] #323 attempt=1/2 status=200 0.322s url=https://www.myfonts.com/products/regular-gladup-1213035
[2026-09-03T11:09:20Z] #324 attempt=1/2 status=429 0.035s url=https://www.myfonts.com/collections/gladup-font-hasnat-studio/
[2026-09-03T11:09:23Z] #325 attempt=2/2 status=200 0.491s url=https://www.myfonts.com/collections/gladup-font-hasnat-studio/
[2026-09-03T11:09:24Z] #326 attempt=1/2 status=200 0.337s url=https://www.myfonts.com/products/regular-calira-1213031
[2026-09-03T11:09:24Z] #327 attempt=1/2 status=200 0.332s url=https://www.myfonts.com/collections/calira-font-graptail/
[2026-09-03T11:09:25Z] #328 attempt=1/2 status=200 0.326s url=https://www.myfonts.com/products/regular-thick-ring-1213048
[2026-09-03T11:09:25Z] #329 attempt=1/2 status=200 0.343s url=https://www.myfonts.com/collections/thick-ring-font-airotype/
[2026-09-03T11:09:26Z] #330 attempt=1/2 status=200 0.349s url=https://www.myfonts.com/products/bellevoire-bellevoire-1213164
[2026-09-03T11:09:26Z] #331 attempt=1/2 status=429 0.037s url=https://www.myfonts.com/collections/bellevoire-font-letterzep-studio/
[2026-09-03T11:09:29Z] #332 attempt=2/2 status=200 0.491s url=https://www.myfonts.com/collections/bellevoire-font-letterzep-studio/
[2026-09-03T11:09:29Z] #333 attempt=1/2 status=200 0.336s url=https://www.myfonts.com/products/madeline-regular-madeline-in-paris-1214136
[2026-09-03T11:09:30Z] #334 attempt=1/2 status=200 0.418s url=https://www.myfonts.com/collections/madeline-in-paris-font-eryn-rose-design/
[2026-09-03T11:09:31Z] #335 attempt=1/6 status=200 0.769s url=https://www.myfonts.com/products.json?limit=100&page=15
[2026-09-03T11:09:32Z] #336 attempt=1/2 status=200 0.338s url=https://www.myfonts.com/products/regular-blukat-1214085
[2026-09-03T11:09:33Z] #337 attempt=1/2 status=200 0.379s url=https://www.myfonts.com/collections/blukat-font-griyotype/
[2026-09-03T11:09:33Z] #338 attempt=1/2 status=200 0.351s url=https://www.myfonts.com/products/regular-vestron-1213040
[2026-09-03T11:09:34Z] #339 attempt=1/2 status=200 0.343s url=https://www.myfonts.com/collections/vestron-font-flawlessandco/
[2026-09-03T11:09:34Z] #340 attempt=1/2 status=429 0.035s url=https://www.myfonts.com/products/regular-gafter-1213033
[2026-09-03T11:09:37Z] #341 attempt=2/2 status=200 0.471s url=https://www.myfonts.com/products/regular-gafter-1213033
[2026-09-03T11:09:37Z] #342 attempt=1/2 status=200 0.402s url=https://www.myfonts.com/collections/gafter-font-dareco-studio/
[2026-09-03T11:09:39Z] #343 attempt=1/6 status=200 0.859s url=https://www.myfonts.com/products.json?limit=100&page=16
[2026-09-03T11:09:39Z] #344 attempt=1/2 status=200 0.314s url=https://www.myfonts.com/products/regular-zfbalance-1213216
[2026-09-03T11:09:40Z] #345 attempt=1/2 status=200 0.359s url=https://www.myfonts.com/collections/zfbalance-font-zoofont/
[2026-09-03T11:09:41Z] #346 attempt=1/2 status=200 0.418s url=https://www.myfonts.com/products/display-kavro-1213279
[2026-09-03T11:09:41Z] #347 attempt=1/2 status=200 0.340s url=https://www.myfonts.com/collections/kavro-font-kavoon/
[2026-09-03T11:09:42Z] #348 attempt=1/2 status=200 0.346s url=https://www.myfonts.com/products/regular-retro-biker-1214177
[2026-09-03T11:09:42Z] #349 attempt=1/2 status=429 0.037s url=https://www.myfonts.com/collections/retro-biker-font-gassstype/
[2026-09-03T11:09:45Z] #350 attempt=2/2 status=200 0.513s url=https://www.myfonts.com/collections/retro-biker-font-gassstype/
[2026-09-03T11:09:45Z] #351 attempt=1/2 status=200 0.339s url=https://www.myfonts.com/products/regular-restu-ibu-script-1213278
[2026-09-03T11:09:46Z] #352 attempt=1/2 status=200 0.344s url=https://www.myfonts.com/collections/restu-ibu-script-font-kalam/
[2026-09-03T11:09:47Z] #353 attempt=1/6 status=200 0.799s url=https://www.myfonts.com/products.json?limit=100&page=17
[2026-09-03T11:09:48Z] #354 attempt=1/2 status=200 0.353s url=https://www.myfonts.com/products/regular-dalton-john-1214176
[2026-09-03T11:09:49Z] #355 attempt=1/2 status=200 0.332s url=https://www.myfonts.com/collections/dalton-john-font-gassstype/
[2026-09-03T11:09:49Z] #356 attempt=1/2 status=200 0.301s url=https://www.myfonts.com/products/regular-streetlight-tags-1214154
[2026-09-03T11:09:49Z] #357 attempt=1/2 status=429 0.037s url=https://www.myfonts.com/collections/streetlight-tags-font-gassstype/
[2026-09-03T11:09:52Z] #358 attempt=2/2 status=200 0.514s url=https://www.myfonts.com/collections/streetlight-tags-font-gassstype/
[2026-09-03T11:09:53Z] #359 attempt=1/2 status=200 0.352s url=https://www.myfonts.com/products/regular-didoska-1214181
[2026-09-03T11:09:53Z] #360 attempt=1/2 status=200 0.366s url=https://www.myfonts.com/collections/didoska-font-blankids/
[2026-09-03T11:09:54Z] #361 attempt=1/2 status=200 0.343s url=https://www.myfonts.com/products/regular-siltron-1214182
[2026-09-03T11:09:54Z] #362 attempt=1/2 status=200 0.353s url=https://www.myfonts.com/collections/siltron-font-sensatype-studio/
[2026-09-03T11:09:55Z] #363 attempt=1/2 status=200 0.324s url=https://www.myfonts.com/products/regular-juliet-honey-1213212
[2026-09-03T11:09:55Z] #364 attempt=1/2 status=429 0.036s url=https://www.myfonts.com/collections/juliet-honey-font-timurtype/
[2026-09-03T11:09:58Z] #365 attempt=2/2 status=200 0.464s url=https://www.myfonts.com/collections/juliet-honey-font-timurtype/
[2026-09-03T11:09:59Z] #366 attempt=1/2 status=200 0.342s url=https://www.myfonts.com/products/regular-criden-1213034
[2026-09-03T11:09:59Z] #367 attempt=1/2 status=200 0.351s url=https://www.myfonts.com/collections/criden-font-lemonthe/
[2026-09-03T11:10:00Z] #368 attempt=1/2 status=200 0.342s url=https://www.myfonts.com/products/regular-sinner-1214074
[2026-09-03T11:10:00Z] #369 attempt=1/2 status=429 0.038s url=https://www.myfonts.com/collections/sinner-font-bimaksara/
[2026-09-03T11:10:03Z] #370 attempt=2/2 status=200 0.567s url=https://www.myfonts.com/collections/sinner-font-bimaksara/
[2026-09-03T11:10:03Z] #371 attempt=1/2 status=200 0.392s url=https://www.myfonts.com/products/eska-complete-family-package-1214065
[2026-09-03T11:10:04Z] #372 attempt=1/2 status=200 0.398s url=https://www.myfonts.com/collections/eska-font-borutta/
[2026-09-03T11:10:06Z] #373 attempt=1/6 status=200 0.810s url=https://www.myfonts.com/products.json?limit=100&page=18
[2026-09-03T11:10:06Z] #374 attempt=1/2 status=200 0.399s url=https://www.myfonts.com/products/saint-austin-complete-family-package-1188521
[2026-09-03T11:10:07Z] #375 attempt=1/2 status=200 0.384s url=https://www.myfonts.com/collections/saint-austin-font-nexaline-type/
[2026-09-03T11:10:08Z] #376 attempt=1/2 status=200 0.525s url=https://www.myfonts.com/products/doodler-complete-family-package-1214183
[2026-09-03T11:10:08Z] #377 attempt=1/2 status=200 0.657s url=https://www.myfonts.com/collections/doodler-font-alpercakici/
[2026-09-03T11:10:09Z] #378 attempt=1/2 status=200 0.322s url=https://www.myfonts.com/products/regular-wengi-1214011
[2026-09-03T11:10:09Z] #379 attempt=1/2 status=429 0.035s url=https://www.myfonts.com/collections/wengi-font-gassstype/
[2026-09-03T11:10:12Z] #380 attempt=2/2 status=200 0.470s url=https://www.myfonts.com/collections/wengi-font-gassstype/
[2026-09-03T11:10:13Z] #381 attempt=1/2 status=200 0.361s url=https://www.myfonts.com/products/regular-quirkoo-1213962
[2026-09-03T11:10:13Z] #382 attempt=1/2 status=200 0.347s url=https://www.myfonts.com/collections/quirkoo-font-letterhanna-studio/
[2026-09-03T11:10:15Z] #383 attempt=1/6 status=200 1.001s url=https://www.myfonts.com/products.json?limit=100&page=19
[2026-09-03T11:10:15Z] #384 attempt=1/2 status=200 0.334s url=https://www.myfonts.com/products/timess-indraprasta-1213482
[2026-09-03T11:10:16Z] #385 attempt=1/2 status=200 0.359s url=https://www.myfonts.com/collections/indraprasta-font-donny-ramadhan/
[2026-09-03T11:10:17Z] #386 attempt=1/2 status=200 0.326s url=https://www.myfonts.com/products/medium-italic-tombola-1212906
[2026-09-03T11:10:17Z] #387 attempt=1/2 status=200 0.356s url=https://www.myfonts.com/collections/tombola-font-rmu/
[2026-09-03T11:10:17Z] #388 attempt=1/2 status=429 0.037s url=https://www.myfonts.com/products/viktoria-rmu-regular-rmu-viktoria-1212905
[2026-09-03T11:10:20Z] #389 attempt=2/2 status=200 0.409s url=https://www.myfonts.com/products/viktoria-rmu-regular-rmu-viktoria-1212905
[2026-09-03T11:10:21Z] #390 attempt=1/2 status=200 0.372s url=https://www.myfonts.com/collections/rmu-viktoria-font-rmu/
[2026-09-03T11:10:21Z] #391 attempt=1/2 status=200 0.536s url=https://www.myfonts.com/products/limit-frwy-normal-package-1212738
[2026-09-03T11:10:22Z] #392 attempt=1/2 status=200 0.764s url=https://www.myfonts.com/collections/limit-frwy-font-bold-guys/
[2026-09-03T11:10:23Z] #393 attempt=1/2 status=200 0.369s url=https://www.myfonts.com/products/silken-moment-pro-complete-family-package-1212702
[2026-09-03T11:10:24Z] #394 attempt=1/2 status=200 0.400s url=https://www.myfonts.com/collections/silken-moment-pro-font-hanoded/
[2026-09-03T11:10:25Z] #395 attempt=1/2 status=200 0.399s url=https://www.myfonts.com/products/bunny-chow-pro-complete-family-package-1212699
[2026-09-03T11:10:25Z] #396 attempt=1/2 status=200 0.374s url=https://www.myfonts.com/collections/bunny-chow-pro-font-hanoded/
[2026-09-03T11:10:27Z] #397 attempt=1/2 status=200 1.135s url=https://www.myfonts.com/products/modern-heritage-font-duo-package-1212884
[2026-09-03T11:10:27Z] #398 attempt=1/2 status=404 0.300s url=https://www.myfonts.com/collections/modern-heritage-font-duo-font-fontop
[2026-09-03T11:10:27Z] #399 attempt=1/2 status=429 0.034s url=https://www.myfonts.com/products/limit-text-compressed-package-1212872
[2026-09-03T11:10:30Z] #400 attempt=2/2 status=200 0.928s url=https://www.myfonts.com/products/limit-text-compressed-package-1212872
[2026-09-03T11:10:32Z] #401 attempt=1/2 status=200 1.304s url=https://www.myfonts.com/collections/limit-text-font-bold-guys/
[2026-09-03T11:10:33Z] #402 attempt=1/2 status=200 0.683s url=https://www.myfonts.com/products/limit-micro-normal-package-1212787
[2026-09-03T11:10:34Z] #403 attempt=1/2 status=200 0.807s url=https://www.myfonts.com/collections/limit-micro-font-bold-guys/
[2026-09-03T11:10:36Z] #404 attempt=1/6 status=200 0.724s url=https://www.myfonts.com/products.json?limit=100&page=20
[2026-09-03T11:10:37Z] #405 attempt=1/6 status=200 1.001s url=https://www.myfonts.com/products.json?limit=100&page=21
[2026-09-03T11:10:38Z] #406 attempt=1/2 status=200 0.498s url=https://www.myfonts.com/products/regular-donchenko-serif-479397
[2026-09-03T11:10:39Z] #407 attempt=1/2 status=200 0.614s url=https://www.myfonts.com/collections/donchenko-serif-font-donchenko/
[2026-09-03T11:10:39Z] #408 attempt=1/2 status=200 0.460s url=https://www.myfonts.com/products/charco-complete-family-package-1212697
[2026-09-03T11:10:40Z] #409 attempt=1/2 status=200 0.557s url=https://www.myfonts.com/collections/charco-font-waftype/
[2026-09-03T11:10:41Z] #410 attempt=1/2 status=200 0.629s url=https://www.myfonts.com/products/acherus-standard-vf-package-1212695
[2026-09-03T11:10:42Z] #411 attempt=1/2 status=200 0.787s url=https://www.myfonts.com/collections/acherus-grotesque-font-horizon-type/
[2026-09-03T11:10:43Z] #412 attempt=1/2 status=200 0.552s url=https://www.myfonts.com/products/9extendedmabsam-package-1212649
[2026-09-03T11:10:44Z] #413 attempt=1/2 status=200 0.752s url=https://www.myfonts.com/collections/hs-mabsam-font-hiba-studio/
[2026-09-03T11:10:45Z] #414 attempt=1/2 status=200 0.352s url=https://www.myfonts.com/products/regular-rosbeg-1212691
[2026-09-03T11:10:45Z] #415 attempt=1/2 status=200 0.414s url=https://www.myfonts.com/collections/rosbeg-font-aiquitype/
[2026-09-03T11:10:46Z] #416 attempt=1/2 status=200 0.435s url=https://www.myfonts.com/products/maverse-complete-family-package-1212291
[2026-09-03T11:10:47Z] #417 attempt=1/2 status=200 0.708s url=https://www.myfonts.com/collections/maverse-font-metypeverse/
[2026-09-03T11:10:48Z] #418 attempt=1/2 status=200 0.364s url=https://www.myfonts.com/products/lancero-complete-family-package-1212598
[2026-09-03T11:10:48Z] #419 attempt=1/2 status=200 0.406s url=https://www.myfonts.com/collections/lancero-font-ragamkata/
[2026-09-03T11:10:49Z] #420 attempt=1/2 status=200 0.654s url=https://www.myfonts.com/products/hardren-complete-family-package-1211487
[2026-09-03T11:10:50Z] #421 attempt=1/2 status=200 0.857s url=https://www.myfonts.com/collections/hardren-font-horizon-type/
[2026-09-03T11:10:51Z] #422 attempt=1/2 status=200 0.389s url=https://www.myfonts.com/products/takatokyo-kaku-complete-family-package-1211240
[2026-09-03T11:10:52Z] #423 attempt=1/2 status=200 0.456s url=https://www.myfonts.com/collections/takatokyo-kaku-font-taka-design-production/
[2026-09-03T11:10:53Z] #424 attempt=1/2 status=200 0.426s url=https://www.myfonts.com/products/makovani-complete-family-package-1211798
[2026-09-03T11:10:53Z] #425 attempt=1/2 status=200 0.407s url=https://www.myfonts.com/collections/makovani-font-made-deduk/
[2026-09-03T11:10:54Z] #426 attempt=1/2 status=200 0.371s url=https://www.myfonts.com/products/takaginza-kaku-complete-family-package-1211237
[2026-09-03T11:10:54Z] #427 attempt=1/2 status=429 0.035s url=https://www.myfonts.com/collections/takaginza-kaku-m-font-taka-design-production/
[2026-09-03T11:10:57Z] #428 attempt=2/2 status=200 0.528s url=https://www.myfonts.com/collections/takaginza-kaku-m-font-taka-design-production/
[2026-09-03T11:10:58Z] #429 attempt=1/2 status=200 0.438s url=https://www.myfonts.com/products/grand-major-complete-family-package-1212319
[2026-09-03T11:10:58Z] #430 attempt=1/2 status=200 0.361s url=https://www.myfonts.com/collections/grand-major-font-sensatype-studio/
[2026-09-03T11:10:59Z] #431 attempt=1/2 status=200 0.377s url=https://www.myfonts.com/products/fn-outserif-complete-family-package-1212605
[2026-09-03T11:10:59Z] #432 attempt=1/2 status=200 0.388s url=https://www.myfonts.com/collections/fn-outserif-font-typefoon/
[2026-09-03T11:11:00Z] #433 attempt=1/2 status=200 0.451s url=https://www.myfonts.com/products/sx-roomie-complete-family-package-1211493
[2026-09-03T11:11:00Z] #434 attempt=1/2 status=429 0.038s url=https://www.myfonts.com/collections/sx-roomie-font-sixtype-foundry/
[2026-09-03T11:11:03Z] #435 attempt=2/2 status=200 0.594s url=https://www.myfonts.com/collections/sx-roomie-font-sixtype-foundry/
[2026-09-03T11:11:06Z] #436 attempt=1/2 status=200 2.497s url=https://www.myfonts.com/products/normal-package-1212604
[2026-09-03T11:11:10Z] #437 attempt=1/2 status=200 3.507s url=https://www.myfonts.com/collections/govelia-font-tm-type/
[2026-09-03T11:11:11Z] #438 attempt=1/2 status=200 0.418s url=https://www.myfonts.com/products/breaffy-complete-family-package-1212103
[2026-09-03T11:11:12Z] #439 attempt=1/2 status=200 0.553s url=https://www.myfonts.com/collections/breaffy-font-designomatt/
[2026-09-03T11:11:13Z] #440 attempt=1/2 status=200 0.384s url=https://www.myfonts.com/products/takayurakucho-kaku-complete-family-package-1211235
[2026-09-03T11:11:13Z] #441 attempt=1/2 status=200 0.380s url=https://www.myfonts.com/collections/takayurakucho-kaku-font-taka-design-production/
[2026-09-03T11:11:15Z] #442 attempt=1/2 status=200 0.881s url=https://www.myfonts.com/products/rascon-complete-family-package-1211867
[2026-09-03T11:11:16Z] #443 attempt=1/2 status=200 1.494s url=https://www.myfonts.com/collections/rascon-font-areatype/
[2026-09-03T11:11:18Z] #444 attempt=1/2 status=200 0.894s url=https://www.myfonts.com/products/dravion-soft-complete-family-package-1211348
[2026-09-03T11:11:19Z] #445 attempt=1/2 status=200 1.376s url=https://www.myfonts.com/collections/dravion-soft-font-keren-studio/
[2026-09-03T11:11:21Z] #446 attempt=1/2 status=200 0.465s url=https://www.myfonts.com/products/toplica-pro-complete-family-package-1211512
[2026-09-03T11:11:21Z] #447 attempt=1/2 status=200 0.566s url=https://www.myfonts.com/collections/toplica-pro-font-jovica-veljovic/
[2026-09-03T11:11:23Z] #448 attempt=1/2 status=200 1.781s url=https://www.myfonts.com/products/novestia-complete-family-package-1211230
[2026-09-03T11:11:26Z] #449 attempt=1/2 status=200 2.153s url=https://www.myfonts.com/collections/novestia-font-nia-typework/
[2026-09-03T11:11:28Z] #450 attempt=1/2 status=200 1.518s url=https://www.myfonts.com/products/helsika-condensed-version-package-1212288
[2026-09-03T11:11:31Z] #451 attempt=1/2 status=200 1.975s url=https://www.myfonts.com/collections/helsika-font-great-studio/
[2026-09-03T11:11:32Z] #452 attempt=1/2 status=200 0.341s url=https://www.myfonts.com/products/baluthi-complete-family-package-1211474
[2026-09-03T11:11:32Z] #453 attempt=1/2 status=200 0.426s url=https://www.myfonts.com/collections/baluthi-font-artisan-themes/
[2026-09-03T11:11:33Z] #454 attempt=1/2 status=200 0.372s url=https://www.myfonts.com/products/almai-complete-family-package-1212650
[2026-09-03T11:11:34Z] #455 attempt=1/2 status=200 0.409s url=https://www.myfonts.com/collections/almai-font-eisa-aleisa/
[2026-09-03T11:11:34Z] #456 attempt=1/2 status=200 0.372s url=https://www.myfonts.com/products/staygrov-complete-family-package-1211343
[2026-09-03T11:11:35Z] #457 attempt=1/2 status=200 0.483s url=https://www.myfonts.com/collections/staygrov-font-jinan-studio/
[2026-09-03T11:11:36Z] #458 attempt=1/2 status=200 0.372s url=https://www.myfonts.com/products/changke-anitsuka-complete-family-package-1211761
[2026-09-03T11:11:36Z] #459 attempt=1/2 status=200 0.375s url=https://www.myfonts.com/collections/changke-anitsuka-font-letterena-studios/
[2026-09-03T11:11:37Z] #460 attempt=1/2 status=200 0.378s url=https://www.myfonts.com/products/boleta-academy-complete-family-package-1211478
[2026-09-03T11:11:38Z] #461 attempt=1/2 status=200 0.415s url=https://www.myfonts.com/collections/boleta-academy-font-kaletre/
[2026-09-03T11:11:38Z] #462 attempt=1/2 status=200 0.362s url=https://www.myfonts.com/products/cronfrom-complete-family-package-1212082
[2026-09-03T11:11:39Z] #463 attempt=1/2 status=200 0.384s url=https://www.myfonts.com/collections/cronfrom-font-maulana-creative/
[2026-09-03T11:11:40Z] #464 attempt=1/2 status=200 0.443s url=https://www.myfonts.com/products/grand-madellin-complete-family-package-1212322
[2026-09-03T11:11:40Z] #465 attempt=1/2 status=200 0.560s url=https://www.myfonts.com/collections/grand-madellin-font-unitype-studio/
[2026-09-03T11:11:43Z] #466 attempt=1/2 status=200 2.234s url=https://www.myfonts.com/products/megiola-complete-family-package-1211207
[2026-09-03T11:11:46Z] #467 attempt=1/2 status=200 2.362s url=https://www.myfonts.com/collections/megiola-font-nia-typework/
[2026-09-03T11:11:47Z] #468 attempt=1/2 status=200 0.325s url=https://www.myfonts.com/products/amoora-complete-family-package-1211290
[2026-09-03T11:11:47Z] #469 attempt=1/2 status=200 0.390s url=https://www.myfonts.com/collections/amoora-font-font-liner/
[2026-09-03T11:11:48Z] #470 attempt=1/2 status=200 0.334s url=https://www.myfonts.com/products/mogrel-complete-family-package-1211294
[2026-09-03T11:11:48Z] #471 attempt=1/2 status=200 0.352s url=https://www.myfonts.com/collections/mogrel-font-vermilione/
[2026-09-03T11:11:49Z] #472 attempt=1/2 status=200 0.380s url=https://www.myfonts.com/products/sonko-complete-family-package-1211776
[2026-09-03T11:11:50Z] #473 attempt=1/2 status=200 0.711s url=https://www.myfonts.com/collections/sonko-font-oka-ayase/
[2026-09-03T11:11:51Z] #474 attempt=1/2 status=200 0.535s url=https://www.myfonts.com/products/mont-complete-family-package-1211206
[2026-09-03T11:11:52Z] #475 attempt=1/2 status=200 0.632s url=https://www.myfonts.com/collections/mont-font-fontfabric/
[2026-09-03T11:11:53Z] #476 attempt=1/2 status=200 0.415s url=https://www.myfonts.com/products/retro-bold-complete-family-package-1211286
[2026-09-03T11:11:53Z] #477 attempt=1/2 status=200 0.424s url=https://www.myfonts.com/collections/retro-bold-font-itc/
[2026-09-03T11:11:54Z] #478 attempt=1/2 status=200 0.346s url=https://www.myfonts.com/products/the-saltwater-society-complete-family-package-1211502
[2026-09-03T11:11:55Z] #479 attempt=1/2 status=200 0.470s url=https://www.myfonts.com/collections/the-saltwater-society-font-medialabco/
[2026-09-03T11:11:55Z] #480 attempt=1/2 status=200 0.377s url=https://www.myfonts.com/products/slugora-complete-family-package-1211787
[2026-09-03T11:11:56Z] #481 attempt=1/2 status=200 0.387s url=https://www.myfonts.com/collections/slugora-font-sixtype-foundry/
[2026-09-03T11:11:56Z] #482 attempt=1/2 status=200 0.378s url=https://www.myfonts.com/products/marvelous-wonder-complete-family-package-1212585
[2026-09-03T11:11:57Z] #483 attempt=1/2 status=200 0.542s url=https://www.myfonts.com/collections/marvelous-wonder-font-unitype-studio/
[2026-09-03T11:11:58Z] #484 attempt=1/2 status=200 0.356s url=https://www.myfonts.com/products/lucent-nocturn-complete-family-package-1212610
[2026-09-03T11:11:58Z] #485 attempt=1/2 status=200 0.376s url=https://www.myfonts.com/collections/lucent-nocturn-font-denustudio/
[2026-09-03T11:11:59Z] #486 attempt=1/2 status=200 0.438s url=https://www.myfonts.com/products/romantic-romance-complete-family-package-1212087
[2026-09-03T11:12:00Z] #487 attempt=1/2 status=200 0.544s url=https://www.myfonts.com/collections/romantic-romance-font-vp-creative-shop/
[2026-09-03T11:12:01Z] #488 attempt=1/2 status=200 0.343s url=https://www.myfonts.com/products/some-full-daily-complete-family-package-1211725
[2026-09-03T11:12:01Z] #489 attempt=1/2 status=200 0.354s url=https://www.myfonts.com/collections/some-full-daily-font-letterena-studios/
[2026-09-03T11:12:02Z] #490 attempt=1/2 status=200 0.349s url=https://www.myfonts.com/products/fn-oddrama-complete-family-package-1212613
[2026-09-03T11:12:02Z] #491 attempt=1/2 status=200 0.376s url=https://www.myfonts.com/collections/fn-oddrama-font-typefoon/
[2026-09-03T11:12:03Z] #492 attempt=1/2 status=200 0.405s url=https://www.myfonts.com/products/falefion-complete-family-package-1211764
[2026-09-03T11:12:04Z] #493 attempt=1/2 status=200 0.544s url=https://www.myfonts.com/collections/falefion-font-madjack-font/
[2026-09-03T11:12:06Z] #494 attempt=1/2 status=200 1.841s url=https://www.myfonts.com/products/extricate-complete-family-package-1211802
[2026-09-03T11:12:09Z] #495 attempt=1/2 status=200 2.435s url=https://www.myfonts.com/collections/extricate-font-eyetype/
[2026-09-03T11:12:10Z] #496 attempt=1/2 status=200 0.376s url=https://www.myfonts.com/products/murisa-agnelli-complete-family-package-1211505
[2026-09-03T11:12:10Z] #497 attempt=1/2 status=200 0.359s url=https://www.myfonts.com/collections/murisa-agnelli-font-murisa-studio/
[2026-09-03T11:12:11Z] #498 attempt=1/2 status=200 0.589s url=https://www.myfonts.com/products/evertype-complete-family-package-1211347
[2026-09-03T11:12:12Z] #499 attempt=1/2 status=200 0.737s url=https://www.myfonts.com/collections/evertype-font-vp-creative-shop/
[2026-09-03T11:12:13Z] #500 attempt=1/2 status=200 0.326s url=https://www.myfonts.com/products/ralley-empathy-complete-family-package-1211483
[2026-09-03T11:12:14Z] #501 attempt=1/2 status=200 0.384s url=https://www.myfonts.com/collections/ralley-empathy-font-letterena-studios/
[2026-09-03T11:12:14Z] #502 attempt=1/2 status=200 0.362s url=https://www.myfonts.com/products/mltp-tuekila-zeland-complete-family-package-1211508
[2026-09-03T11:12:15Z] #503 attempt=1/2 status=200 0.361s url=https://www.myfonts.com/collections/mltp-tuekila-zeland-font-multype-studio/
[2026-09-03T11:12:16Z] #504 attempt=1/6 status=200 0.971s url=https://www.myfonts.com/products.json?limit=100&page=22
[2026-09-03T11:12:18Z] #505 attempt=1/6 status=200 0.742s url=https://www.myfonts.com/products.json?limit=100&page=23
[2026-09-03T11:12:19Z] #506 attempt=1/6 status=200 0.849s url=https://www.myfonts.com/products.json?limit=100&page=24
[2026-09-03T11:12:20Z] #507 attempt=1/6 status=200 0.893s url=https://www.myfonts.com/products.json?limit=100&page=25
[2026-09-03T11:12:21Z] #508 attempt=1/2 status=200 0.365s url=https://www.myfonts.com/products/regular-reglass-1212085
[2026-09-03T11:12:22Z] #509 attempt=1/2 status=200 0.321s url=https://www.myfonts.com/collections/reglass-font-gleb-guralnyk/
[2026-09-03T11:12:22Z] summary releases=2 first_429=(93, 'https://www.myfonts.com/collections/te-mary2-font-tharwat-emara/?tab=techSpecs', 0.03564310073852539) log_file=state/myfonts_run_20260903_110401.log
[2026-09-03T11:12:22Z] === MyFonts crawl end ===
