[2026-08-28T18:31:24Z] checkpoint fresh next_page=1 path=state/myfonts_crawl_checkpoint.json
[2026-08-28T18:31:24Z] === MyFonts crawl start source=myfonts ===
[2026-08-28T18:31:24Z] config max_pages=25 page_size=100 start_date=2026-08-27 end_date=2026-08-28 api_delay=0.5s detail_delay=0.2s max_debut_checks=400 max_tech_specs_checks=200 reuse_success_profile=False always_enrich_packages=True language_script_signal_mode=strong force_fresh_run=False start_page=1 browser_mode=False browser_headless=True browser_storage_state_path=state/myfonts_storage_state.json
[2026-08-28T18:31:25Z] #1 attempt=1/6 status=200 1.079s url=https://www.myfonts.com/products.json?limit=100&page=1
[2026-08-28T18:31:26Z] #2 attempt=1/2 status=200 0.446s url=https://www.myfonts.com/products/maverse-complete-family-package-1212291
[2026-08-28T18:31:27Z] #3 attempt=1/2 status=200 0.528s url=https://www.myfonts.com/collections/maverse-font-metypeverse/
[2026-08-28T18:31:27Z] #4 attempt=1/2 status=200 0.247s url=https://www.myfonts.com/collections/maverse-font-metypeverse/?tab=techSpecs
[2026-08-28T18:31:29Z] #5 attempt=1/2 status=200 0.382s url=https://www.myfonts.com/products/lancero-complete-family-package-1212598
[2026-08-28T18:31:29Z] #6 attempt=1/2 status=200 0.516s url=https://www.myfonts.com/collections/lancero-font-ragamkata/
[2026-08-28T18:31:30Z] #7 attempt=1/2 status=200 0.247s url=https://www.myfonts.com/collections/lancero-font-ragamkata/?tab=techSpecs
[2026-08-28T18:31:31Z] #8 attempt=1/2 status=200 0.803s url=https://www.myfonts.com/products/hardren-complete-family-package-1211487
[2026-08-28T18:31:33Z] #9 attempt=1/2 status=200 1.242s url=https://www.myfonts.com/collections/hardren-font-horizon-type/
[2026-08-28T18:31:34Z] #10 attempt=1/2 status=200 0.370s url=https://www.myfonts.com/collections/hardren-font-horizon-type/?tab=techSpecs
[2026-08-28T18:31:35Z] #11 attempt=1/2 status=200 0.427s url=https://www.myfonts.com/products/takatokyo-kaku-complete-family-package-1211240
[2026-08-28T18:31:36Z] #12 attempt=1/2 status=200 0.458s url=https://www.myfonts.com/collections/takatokyo-kaku-font-taka-design-production/
[2026-08-28T18:31:36Z] #13 attempt=1/2 status=200 0.486s url=https://www.myfonts.com/collections/takatokyo-kaku-font-taka-design-production/?tab=techSpecs
[2026-08-28T18:31:37Z] #14 attempt=1/2 status=200 0.295s url=https://www.myfonts.com/products/makovani-complete-family-package-1211798
[2026-08-28T18:31:38Z] #15 attempt=1/2 status=200 0.396s url=https://www.myfonts.com/collections/makovani-font-made-deduk/
[2026-08-28T18:31:38Z] #16 attempt=1/2 status=200 0.214s url=https://www.myfonts.com/collections/makovani-font-made-deduk/?tab=techSpecs
[2026-08-28T18:31:39Z] #17 attempt=1/2 status=200 0.354s url=https://www.myfonts.com/products/takaginza-kaku-complete-family-package-1211237
[2026-08-28T18:31:40Z] #18 attempt=1/2 status=200 0.513s url=https://www.myfonts.com/collections/takaginza-kaku-m-font-taka-design-production/
[2026-08-28T18:31:41Z] #19 attempt=1/2 status=200 0.225s url=https://www.myfonts.com/collections/takaginza-kaku-m-font-taka-design-production/?tab=techSpecs
[2026-08-28T18:31:42Z] #20 attempt=1/2 status=200 0.334s url=https://www.myfonts.com/products/grand-major-complete-family-package-1212319
[2026-08-28T18:31:42Z] #21 attempt=1/2 status=200 0.403s url=https://www.myfonts.com/collections/grand-major-font-sensatype-studio/
[2026-08-28T18:31:43Z] #22 attempt=1/2 status=200 0.373s url=https://www.myfonts.com/collections/grand-major-font-sensatype-studio/?tab=techSpecs
[2026-08-28T18:31:44Z] #23 attempt=1/2 status=200 0.433s url=https://www.myfonts.com/products/fn-outserif-complete-family-package-1212605
[2026-08-28T18:31:45Z] #24 attempt=1/2 status=200 0.527s url=https://www.myfonts.com/collections/fn-outserif-font-typefoon/
[2026-08-28T18:31:46Z] #25 attempt=1/2 status=200 0.352s url=https://www.myfonts.com/collections/fn-outserif-font-typefoon/?tab=techSpecs
[2026-08-28T18:31:47Z] #26 attempt=1/2 status=200 0.999s url=https://www.myfonts.com/products/avelrune-complete-family-package-1211573
[2026-08-28T18:31:50Z] #27 attempt=1/2 status=200 2.589s url=https://www.myfonts.com/collections/avelrune-font-ajibatype/
[2026-08-28T18:31:53Z] #28 attempt=1/2 status=200 2.300s url=https://www.myfonts.com/collections/avelrune-font-ajibatype/?tab=techSpecs
[2026-08-28T18:31:55Z] #29 attempt=1/2 status=200 0.330s url=https://www.myfonts.com/products/charco-complete-family-package-1211298
[2026-08-28T18:31:55Z] #30 attempt=1/2 status=200 0.413s url=https://www.myfonts.com/collections/charco-font-waftype/
[2026-08-28T18:31:56Z] #31 attempt=1/2 status=200 0.675s url=https://www.myfonts.com/collections/charco-font-waftype/?tab=techSpecs
[2026-08-28T18:31:57Z] #32 attempt=1/2 status=200 0.390s url=https://www.myfonts.com/products/sx-roomie-complete-family-package-1211493
[2026-08-28T18:31:58Z] #33 attempt=1/2 status=200 0.495s url=https://www.myfonts.com/collections/sx-roomie-font-sixtype-foundry/
[2026-08-28T18:31:59Z] #34 attempt=1/2 status=200 0.241s url=https://www.myfonts.com/collections/sx-roomie-font-sixtype-foundry/?tab=techSpecs
[2026-08-28T18:32:01Z] #35 attempt=1/2 status=200 1.356s url=https://www.myfonts.com/products/normal-package-1212604
[2026-08-28T18:32:05Z] #36 attempt=1/2 status=200 3.519s url=https://www.myfonts.com/collections/govelia-font-tm-type/
[2026-08-28T18:32:07Z] #37 attempt=1/2 status=200 0.530s url=https://www.myfonts.com/collections/govelia-font-tm-type/?tab=techSpecs
[2026-08-28T18:32:08Z] #38 attempt=1/2 status=200 0.420s url=https://www.myfonts.com/products/breaffy-complete-family-package-1212103
[2026-08-28T18:32:09Z] #39 attempt=1/2 status=200 0.542s url=https://www.myfonts.com/collections/breaffy-font-designomatt/
[2026-08-28T18:32:10Z] #40 attempt=1/2 status=200 0.616s url=https://www.myfonts.com/collections/breaffy-font-designomatt/?tab=techSpecs
[2026-08-28T18:32:12Z] #41 attempt=1/2 status=200 0.401s url=https://www.myfonts.com/products/takayurakucho-kaku-complete-family-package-1211235
[2026-08-28T18:32:13Z] #42 attempt=1/2 status=200 0.517s url=https://www.myfonts.com/collections/takayurakucho-kaku-font-taka-design-production/
[2026-08-28T18:32:13Z] #43 attempt=1/2 status=200 0.242s url=https://www.myfonts.com/collections/takayurakucho-kaku-font-taka-design-production/?tab=techSpecs
[2026-08-28T18:32:15Z] #44 attempt=1/2 status=200 0.797s url=https://www.myfonts.com/products/rascon-complete-family-package-1211867
[2026-08-28T18:32:16Z] #45 attempt=1/2 status=200 1.383s url=https://www.myfonts.com/collections/rascon-font-areatype/
[2026-08-28T18:32:17Z] #46 attempt=1/2 status=200 0.358s url=https://www.myfonts.com/collections/rascon-font-areatype/?tab=techSpecs
[2026-08-28T18:32:19Z] #47 attempt=1/2 status=200 0.836s url=https://www.myfonts.com/products/dravion-soft-complete-family-package-1211348
[2026-08-28T18:32:20Z] #48 attempt=1/2 status=200 1.151s url=https://www.myfonts.com/collections/dravion-soft-font-keren-studio/
[2026-08-28T18:32:22Z] #49 attempt=1/2 status=200 1.411s url=https://www.myfonts.com/collections/dravion-soft-font-keren-studio/?tab=techSpecs
[2026-08-28T18:32:24Z] #50 attempt=1/2 status=200 0.402s url=https://www.myfonts.com/products/toplica-pro-complete-family-package-1211512
[2026-08-28T18:32:25Z] #51 attempt=1/2 status=200 0.725s url=https://www.myfonts.com/collections/toplica-pro-font-jovica-veljovic/
[2026-08-28T18:32:25Z] #52 attempt=1/2 status=200 0.262s url=https://www.myfonts.com/collections/toplica-pro-font-jovica-veljovic/?tab=techSpecs
[2026-08-28T18:32:28Z] #53 attempt=1/2 status=200 1.780s url=https://www.myfonts.com/products/novestia-complete-family-package-1211230
[2026-08-28T18:32:31Z] #54 attempt=1/2 status=200 3.286s url=https://www.myfonts.com/collections/novestia-font-nia-typework/
[2026-08-28T18:32:35Z] #55 attempt=1/2 status=200 2.955s url=https://www.myfonts.com/collections/novestia-font-nia-typework/?tab=techSpecs
[2026-08-28T18:32:37Z] #56 attempt=1/2 status=200 1.097s url=https://www.myfonts.com/products/helsika-condensed-version-package-1212288
[2026-08-28T18:32:41Z] #57 attempt=1/2 status=200 3.293s url=https://www.myfonts.com/collections/helsika-font-great-studio/
[2026-08-28T18:32:45Z] #58 attempt=1/2 status=200 2.640s url=https://www.myfonts.com/collections/helsika-font-great-studio/?tab=techSpecs
[2026-08-28T18:32:46Z] #59 attempt=1/2 status=200 0.431s url=https://www.myfonts.com/products/baluthi-complete-family-package-1211474
[2026-08-28T18:32:47Z] #60 attempt=1/2 status=200 0.374s url=https://www.myfonts.com/collections/baluthi-font-artisan-themes/
[2026-08-28T18:32:47Z] #61 attempt=1/2 status=200 0.396s url=https://www.myfonts.com/collections/baluthi-font-artisan-themes/?tab=techSpecs
[2026-08-28T18:32:49Z] #62 attempt=1/2 status=200 0.400s url=https://www.myfonts.com/products/almai-complete-family-package-1212650
[2026-08-28T18:32:49Z] #63 attempt=1/2 status=200 0.541s url=https://www.myfonts.com/collections/almai-font-eisa-aleisa/
[2026-08-28T18:32:50Z] #64 attempt=1/2 status=200 0.240s url=https://www.myfonts.com/collections/almai-font-eisa-aleisa/?tab=techSpecs
[2026-08-28T18:32:51Z] #65 attempt=1/2 status=200 0.398s url=https://www.myfonts.com/products/staygrov-complete-family-package-1211343
[2026-08-28T18:32:52Z] #66 attempt=1/2 status=200 0.464s url=https://www.myfonts.com/collections/staygrov-font-jinan-studio/
[2026-08-28T18:32:53Z] #67 attempt=1/2 status=200 0.526s url=https://www.myfonts.com/collections/staygrov-font-jinan-studio/?tab=techSpecs
[2026-08-28T18:32:54Z] #68 attempt=1/2 status=200 0.311s url=https://www.myfonts.com/products/changke-anitsuka-complete-family-package-1211761
[2026-08-28T18:32:54Z] #69 attempt=1/2 status=200 0.500s url=https://www.myfonts.com/collections/changke-anitsuka-font-letterena-studios/
[2026-08-28T18:32:55Z] #70 attempt=1/2 status=200 0.423s url=https://www.myfonts.com/collections/changke-anitsuka-font-letterena-studios/?tab=techSpecs
[2026-08-28T18:32:56Z] #71 attempt=1/2 status=200 0.375s url=https://www.myfonts.com/products/boleta-academy-complete-family-package-1211478
[2026-08-28T18:32:57Z] #72 attempt=1/2 status=200 0.464s url=https://www.myfonts.com/collections/boleta-academy-font-kaletre/
[2026-08-28T18:32:57Z] #73 attempt=1/2 status=200 0.403s url=https://www.myfonts.com/collections/boleta-academy-font-kaletre/?tab=techSpecs
[2026-08-28T18:32:58Z] #74 attempt=1/2 status=200 0.382s url=https://www.myfonts.com/products/cronfrom-complete-family-package-1212082
[2026-08-28T18:32:59Z] #75 attempt=1/2 status=200 0.433s url=https://www.myfonts.com/collections/cronfrom-font-maulana-creative/
[2026-08-28T18:33:00Z] #76 attempt=1/2 status=200 0.228s url=https://www.myfonts.com/collections/cronfrom-font-maulana-creative/?tab=techSpecs
[2026-08-28T18:33:01Z] #77 attempt=1/2 status=200 0.335s url=https://www.myfonts.com/products/grand-madellin-complete-family-package-1212322
[2026-08-28T18:33:01Z] #78 attempt=1/2 status=200 0.487s url=https://www.myfonts.com/collections/grand-madellin-font-unitype-studio/
[2026-08-28T18:33:02Z] #79 attempt=1/2 status=200 0.465s url=https://www.myfonts.com/collections/grand-madellin-font-unitype-studio/?tab=techSpecs
[2026-08-28T18:33:04Z] #80 attempt=1/2 status=200 0.909s url=https://www.myfonts.com/products/megiola-complete-family-package-1211207
[2026-08-28T18:33:08Z] #81 attempt=1/2 status=200 2.967s url=https://www.myfonts.com/collections/megiola-font-nia-typework/
[2026-08-28T18:33:11Z] #82 attempt=1/2 status=200 2.772s url=https://www.myfonts.com/collections/megiola-font-nia-typework/?tab=techSpecs
[2026-08-28T18:33:13Z] #83 attempt=1/2 status=200 0.489s url=https://www.myfonts.com/products/amoora-complete-family-package-1211290
[2026-08-28T18:33:14Z] #84 attempt=1/2 status=200 0.398s url=https://www.myfonts.com/collections/amoora-font-font-liner/
[2026-08-28T18:33:14Z] #85 attempt=1/2 status=200 0.196s url=https://www.myfonts.com/collections/amoora-font-font-liner/?tab=techSpecs
[2026-08-28T18:33:15Z] #86 attempt=1/2 status=200 0.482s url=https://www.myfonts.com/products/mogrel-complete-family-package-1211294
[2026-08-28T18:33:16Z] #87 attempt=1/2 status=200 0.426s url=https://www.myfonts.com/collections/mogrel-font-vermilione/
[2026-08-28T18:33:17Z] #88 attempt=1/2 status=200 0.427s url=https://www.myfonts.com/collections/mogrel-font-vermilione/?tab=techSpecs
[2026-08-28T18:33:18Z] #89 attempt=1/2 status=200 0.367s url=https://www.myfonts.com/products/sonko-complete-family-package-1211776
[2026-08-28T18:33:18Z] #90 attempt=1/2 status=200 0.430s url=https://www.myfonts.com/collections/sonko-font-oka-ayase/
[2026-08-28T18:33:19Z] #91 attempt=1/2 status=200 0.422s url=https://www.myfonts.com/collections/sonko-font-oka-ayase/?tab=techSpecs
[2026-08-28T18:33:20Z] #92 attempt=1/2 status=200 0.722s url=https://www.myfonts.com/products/mont-complete-family-package-1211206
[2026-08-28T18:33:21Z] #93 attempt=1/2 status=200 0.809s url=https://www.myfonts.com/collections/mont-font-fontfabric/
[2026-08-28T18:33:22Z] #94 attempt=1/2 status=200 0.245s url=https://www.myfonts.com/collections/mont-font-fontfabric/?tab=techSpecs
[2026-08-28T18:33:23Z] #95 attempt=1/2 status=200 0.548s url=https://www.myfonts.com/products/retro-bold-complete-family-package-1211286
[2026-08-28T18:33:24Z] #96 attempt=1/2 status=200 0.559s url=https://www.myfonts.com/collections/retro-bold-font-itc/
[2026-08-28T18:33:25Z] #97 attempt=1/2 status=200 0.558s url=https://www.myfonts.com/collections/retro-bold-font-itc/?tab=techSpecs
[2026-08-28T18:33:26Z] #98 attempt=1/2 status=200 0.372s url=https://www.myfonts.com/products/the-saltwater-society-complete-family-package-1211502
[2026-08-28T18:33:27Z] #99 attempt=1/2 status=200 0.378s url=https://www.myfonts.com/collections/the-saltwater-society-font-medialabco/
[2026-08-28T18:33:27Z] #100 attempt=1/2 status=200 0.242s url=https://www.myfonts.com/collections/the-saltwater-society-font-medialabco/?tab=techSpecs
[2026-08-28T18:33:28Z] #101 attempt=1/2 status=200 0.365s url=https://www.myfonts.com/products/slugora-complete-family-package-1211787
[2026-08-28T18:33:29Z] #102 attempt=1/2 status=200 0.376s url=https://www.myfonts.com/collections/slugora-font-sixtype-foundry/
[2026-08-28T18:33:30Z] #103 attempt=1/2 status=200 0.436s url=https://www.myfonts.com/collections/slugora-font-sixtype-foundry/?tab=techSpecs
[2026-08-28T18:33:31Z] #104 attempt=1/2 status=200 0.363s url=https://www.myfonts.com/products/marvelous-wonder-complete-family-package-1212585
[2026-08-28T18:33:31Z] #105 attempt=1/2 status=200 0.519s url=https://www.myfonts.com/collections/marvelous-wonder-font-unitype-studio/
[2026-08-28T18:33:32Z] #106 attempt=1/2 status=200 0.305s url=https://www.myfonts.com/collections/marvelous-wonder-font-unitype-studio/?tab=techSpecs
[2026-08-28T18:33:33Z] #107 attempt=1/2 status=200 0.400s url=https://www.myfonts.com/products/lucent-nocturn-complete-family-package-1212610
[2026-08-28T18:33:34Z] #108 attempt=1/2 status=200 0.461s url=https://www.myfonts.com/collections/lucent-nocturn-font-denustudio/
[2026-08-28T18:33:35Z] #109 attempt=1/2 status=200 0.421s url=https://www.myfonts.com/collections/lucent-nocturn-font-denustudio/?tab=techSpecs
[2026-08-28T18:33:36Z] #110 attempt=1/2 status=200 0.353s url=https://www.myfonts.com/products/romantic-romance-complete-family-package-1212087
[2026-08-28T18:33:37Z] #111 attempt=1/2 status=200 0.669s url=https://www.myfonts.com/collections/romantic-romance-font-vp-creative-shop/
[2026-08-28T18:33:37Z] #112 attempt=1/2 status=200 0.244s url=https://www.myfonts.com/collections/romantic-romance-font-vp-creative-shop/?tab=techSpecs
[2026-08-28T18:33:38Z] #113 attempt=1/2 status=200 0.319s url=https://www.myfonts.com/products/some-full-daily-complete-family-package-1211725
[2026-08-28T18:33:39Z] #114 attempt=1/2 status=200 0.407s url=https://www.myfonts.com/collections/some-full-daily-font-letterena-studios/
[2026-08-28T18:33:39Z] #115 attempt=1/2 status=200 0.218s url=https://www.myfonts.com/collections/some-full-daily-font-letterena-studios/?tab=techSpecs
[2026-08-28T18:33:40Z] #116 attempt=1/2 status=200 0.404s url=https://www.myfonts.com/products/fn-oddrama-complete-family-package-1212613
[2026-08-28T18:33:41Z] #117 attempt=1/2 status=200 0.337s url=https://www.myfonts.com/collections/fn-oddrama-font-typefoon/
[2026-08-28T18:33:42Z] #118 attempt=1/2 status=200 0.295s url=https://www.myfonts.com/collections/fn-oddrama-font-typefoon/?tab=techSpecs
[2026-08-28T18:33:43Z] #119 attempt=1/2 status=200 0.346s url=https://www.myfonts.com/products/falefion-complete-family-package-1211764
[2026-08-28T18:33:44Z] #120 attempt=1/2 status=200 0.461s url=https://www.myfonts.com/collections/falefion-font-madjack-font/
[2026-08-28T18:33:45Z] #121 attempt=1/2 status=200 0.501s url=https://www.myfonts.com/collections/falefion-font-madjack-font/?tab=techSpecs
[2026-08-28T18:33:47Z] #122 attempt=1/2 status=200 1.227s url=https://www.myfonts.com/products/extricate-complete-family-package-1211802
[2026-08-28T18:33:49Z] #123 attempt=1/2 status=200 2.272s url=https://www.myfonts.com/collections/extricate-font-eyetype/
[2026-08-28T18:33:53Z] #124 attempt=1/2 status=200 2.766s url=https://www.myfonts.com/collections/extricate-font-eyetype/?tab=techSpecs
[2026-08-28T18:33:54Z] #125 attempt=1/2 status=200 0.330s url=https://www.myfonts.com/products/murisa-agnelli-complete-family-package-1211505
[2026-08-28T18:33:55Z] #126 attempt=1/2 status=200 0.418s url=https://www.myfonts.com/collections/murisa-agnelli-font-murisa-studio/
[2026-08-28T18:33:56Z] #127 attempt=1/2 status=200 0.363s url=https://www.myfonts.com/collections/murisa-agnelli-font-murisa-studio/?tab=techSpecs
[2026-08-28T18:33:57Z] #128 attempt=1/2 status=200 0.441s url=https://www.myfonts.com/products/evertype-complete-family-package-1211347
[2026-08-28T18:33:58Z] #129 attempt=1/2 status=200 0.626s url=https://www.myfonts.com/collections/evertype-font-vp-creative-shop/
[2026-08-28T18:33:59Z] #130 attempt=1/2 status=200 0.689s url=https://www.myfonts.com/collections/evertype-font-vp-creative-shop/?tab=techSpecs
[2026-08-28T18:34:00Z] #131 attempt=1/2 status=200 0.349s url=https://www.myfonts.com/products/ralley-empathy-complete-family-package-1211483
[2026-08-28T18:34:01Z] #132 attempt=1/2 status=200 0.390s url=https://www.myfonts.com/collections/ralley-empathy-font-letterena-studios/
[2026-08-28T18:34:01Z] #133 attempt=1/2 status=200 0.217s url=https://www.myfonts.com/collections/ralley-empathy-font-letterena-studios/?tab=techSpecs
[2026-08-28T18:34:02Z] #134 attempt=1/2 status=200 0.357s url=https://www.myfonts.com/products/mltp-tuekila-zeland-complete-family-package-1211508
[2026-08-28T18:34:03Z] #135 attempt=1/2 status=200 0.460s url=https://www.myfonts.com/collections/mltp-tuekila-zeland-font-multype-studio/
[2026-08-28T18:34:03Z] #136 attempt=1/2 status=200 0.201s url=https://www.myfonts.com/collections/mltp-tuekila-zeland-font-multype-studio/?tab=techSpecs
[2026-08-28T18:34:05Z] #137 attempt=1/6 status=200 1.030s url=https://www.myfonts.com/products.json?limit=100&page=2
[2026-08-28T18:34:07Z] #138 attempt=1/6 status=200 0.960s url=https://www.myfonts.com/products.json?limit=100&page=3
[2026-08-28T18:34:08Z] #139 attempt=1/6 status=200 0.928s url=https://www.myfonts.com/products.json?limit=100&page=4
[2026-08-28T18:34:09Z] #140 attempt=1/2 status=200 0.362s url=https://www.myfonts.com/products/regular-reglass-1212085
[2026-08-28T18:34:10Z] #141 attempt=1/2 status=200 0.389s url=https://www.myfonts.com/collections/reglass-font-gleb-guralnyk/
[2026-08-28T18:34:10Z] #142 attempt=1/2 status=200 0.440s url=https://www.myfonts.com/collections/reglass-font-gleb-guralnyk/?tab=techSpecs
[2026-08-28T18:34:12Z] #143 attempt=1/6 status=200 0.793s url=https://www.myfonts.com/products.json?limit=100&page=5
[2026-08-28T18:34:13Z] #144 attempt=1/6 status=200 0.988s url=https://www.myfonts.com/products.json?limit=100&page=6
[2026-08-28T18:34:15Z] #145 attempt=1/6 status=200 0.776s url=https://www.myfonts.com/products.json?limit=100&page=7
[2026-08-28T18:34:16Z] #146 attempt=1/6 status=200 1.065s url=https://www.myfonts.com/products.json?limit=100&page=8
[2026-08-28T18:34:17Z] #147 attempt=1/2 status=200 0.401s url=https://www.myfonts.com/products/regular-heiya-1211477
[2026-08-28T18:34:18Z] #148 attempt=1/2 status=200 0.357s url=https://www.myfonts.com/collections/heiya-font-olivetype/
[2026-08-28T18:34:18Z] #149 attempt=1/2 status=200 0.217s url=https://www.myfonts.com/collections/heiya-font-olivetype/?tab=techSpecs
[2026-08-28T18:34:19Z] #150 attempt=1/2 status=200 0.357s url=https://www.myfonts.com/products/regular-coach-1211435
[2026-08-28T18:34:19Z] #151 attempt=1/2 status=200 0.318s url=https://www.myfonts.com/collections/coach-font-sensatype-studio/
[2026-08-28T18:34:20Z] #152 attempt=1/2 status=200 0.359s url=https://www.myfonts.com/collections/coach-font-sensatype-studio/?tab=techSpecs
[2026-08-28T18:34:22Z] #153 attempt=1/6 status=200 0.816s url=https://www.myfonts.com/products.json?limit=100&page=9
[2026-08-28T18:34:22Z] #154 attempt=1/2 status=200 0.390s url=https://www.myfonts.com/products/regular-biluck-1212086
[2026-08-28T18:34:23Z] #155 attempt=1/2 status=200 0.310s url=https://www.myfonts.com/collections/biluck-font-letternesia-studio/
[2026-08-28T18:34:23Z] #156 attempt=1/2 status=200 0.208s url=https://www.myfonts.com/collections/biluck-font-letternesia-studio/?tab=techSpecs
[2026-08-28T18:34:25Z] #157 attempt=1/2 status=200 0.624s url=https://www.myfonts.com/products/regular-gasto-fadena-1211757
[2026-08-28T18:34:26Z] #158 attempt=1/2 status=200 0.452s url=https://www.myfonts.com/collections/gasto-fadena-font-maulana-creative/
[2026-08-28T18:34:26Z] #159 attempt=1/2 status=200 0.427s url=https://www.myfonts.com/collections/gasto-fadena-font-maulana-creative/?tab=techSpecs
[2026-08-28T18:34:27Z] #160 attempt=1/2 status=200 0.345s url=https://www.myfonts.com/products/regular-brutally-ursa-1211537
[2026-08-28T18:34:28Z] #161 attempt=1/2 status=200 0.495s url=https://www.myfonts.com/collections/brutally-ursa-font-alit-design/
[2026-08-28T18:34:29Z] #162 attempt=1/2 status=200 0.413s url=https://www.myfonts.com/collections/brutally-ursa-font-alit-design/?tab=techSpecs
[2026-08-28T18:34:30Z] #163 attempt=1/6 status=200 0.819s url=https://www.myfonts.com/products.json?limit=100&page=10
[2026-08-28T18:34:31Z] #164 attempt=1/2 status=200 0.601s url=https://www.myfonts.com/products/regular-sinnora-delloris-1212317
[2026-08-28T18:34:31Z] #165 attempt=1/2 status=429 0.028s url=https://www.myfonts.com/collections/sinnora-delloris-font-sensatype-studio/
[2026-08-28T18:34:31Z] first_429 req=165 url=https://www.myfonts.com/collections/sinnora-delloris-font-sensatype-studio/
[2026-08-28T18:34:34Z] #166 attempt=2/2 status=200 0.513s url=https://www.myfonts.com/collections/sinnora-delloris-font-sensatype-studio/
[2026-08-28T18:34:35Z] #167 attempt=1/2 status=200 0.417s url=https://www.myfonts.com/products/regular-sportball-1212316
[2026-08-28T18:34:35Z] #168 attempt=1/2 status=200 0.372s url=https://www.myfonts.com/collections/sportball-font-sensatype-studio/
[2026-08-28T18:34:36Z] #169 attempt=1/2 status=200 0.373s url=https://www.myfonts.com/products/regular-malviro-1212290
[2026-08-28T18:34:37Z] #170 attempt=1/2 status=200 0.639s url=https://www.myfonts.com/collections/malviro-font-arif-novianto/
[2026-08-28T18:34:38Z] #171 attempt=1/2 status=200 0.432s url=https://www.myfonts.com/products/regular-life-mission-1212616
[2026-08-28T18:34:38Z] #172 attempt=1/2 status=200 0.486s url=https://www.myfonts.com/collections/life-mission-font-epiclinez/
[2026-08-28T18:34:39Z] #173 attempt=1/2 status=200 0.611s url=https://www.myfonts.com/products/regular-west-coast-1212609
[2026-08-28T18:34:39Z] #174 attempt=1/2 status=429 0.029s url=https://www.myfonts.com/collections/west-coast-font-letterzep-studio/
[2026-08-28T18:34:42Z] #175 attempt=2/2 status=200 0.444s url=https://www.myfonts.com/collections/west-coast-font-letterzep-studio/
[2026-08-28T18:34:43Z] #176 attempt=1/2 status=200 0.341s url=https://www.myfonts.com/products/regular-kazuro-1212603
[2026-08-28T18:34:43Z] #177 attempt=1/2 status=200 0.409s url=https://www.myfonts.com/collections/kazuro-font-alit-design/
[2026-08-28T18:34:44Z] #178 attempt=1/2 status=200 0.520s url=https://www.myfonts.com/products/regular-louberty-slab-1212337
[2026-08-28T18:34:44Z] #179 attempt=1/2 status=429 0.029s url=https://www.myfonts.com/collections/louberty-slab-font-unitype-studio/
[2026-08-28T18:34:47Z] #180 attempt=2/2 status=200 0.432s url=https://www.myfonts.com/collections/louberty-slab-font-unitype-studio/
[2026-08-28T18:34:48Z] #181 attempt=1/2 status=200 0.446s url=https://www.myfonts.com/products/regular-codge-1212318
[2026-08-28T18:34:48Z] #182 attempt=1/2 status=200 0.436s url=https://www.myfonts.com/collections/codge-font-sensatype-studio/
[2026-08-28T18:34:49Z] #183 attempt=1/2 status=200 0.420s url=https://www.myfonts.com/products/cardelo-complete-family-package-1212076
[2026-08-28T18:34:50Z] #184 attempt=1/2 status=200 0.556s url=https://www.myfonts.com/collections/cardelo-font-tini-fitriani/
[2026-08-28T18:34:51Z] #185 attempt=1/2 status=200 0.407s url=https://www.myfonts.com/products/aristoteles-complete-family-package-1211566
[2026-08-28T18:34:52Z] #186 attempt=1/2 status=200 0.504s url=https://www.myfonts.com/collections/aristoteles-font-struggle-studio/
[2026-08-28T18:34:52Z] #187 attempt=1/2 status=429 0.029s url=https://www.myfonts.com/products/krisle-complete-family-package-1211570
[2026-08-28T18:34:55Z] #188 attempt=2/2 status=200 0.410s url=https://www.myfonts.com/products/krisle-complete-family-package-1211570
[2026-08-28T18:34:56Z] #189 attempt=1/2 status=200 0.398s url=https://www.myfonts.com/collections/krisle-font-vermilione/
[2026-08-28T18:34:56Z] #190 attempt=1/2 status=200 0.424s url=https://www.myfonts.com/products/morisayib-complete-family-package-1211791
[2026-08-28T18:34:57Z] #191 attempt=1/2 status=200 0.446s url=https://www.myfonts.com/collections/morisayib-font-timelesstype-studio/
[2026-08-28T18:34:58Z] #192 attempt=1/2 status=200 0.417s url=https://www.myfonts.com/products/little-note-complete-family-package-1212079
[2026-08-28T18:34:58Z] #193 attempt=1/2 status=200 0.351s url=https://www.myfonts.com/collections/little-note-font-youandigraphics/
[2026-08-28T18:34:59Z] #194 attempt=1/2 status=200 0.333s url=https://www.myfonts.com/products/neural-kheva-complete-family-package-1211794
[2026-08-28T18:34:59Z] #195 attempt=1/2 status=429 0.047s url=https://www.myfonts.com/collections/neural-kheva-font-timelesstype-studio/
[2026-08-28T18:35:02Z] #196 attempt=2/2 status=200 0.431s url=https://www.myfonts.com/collections/neural-kheva-font-timelesstype-studio/
[2026-08-28T18:35:03Z] #197 attempt=1/2 status=200 0.669s url=https://www.myfonts.com/products/bold-italic-marble-brand-1211561
[2026-08-28T18:35:04Z] #198 attempt=1/2 status=200 0.564s url=https://www.myfonts.com/collections/marble-brand-font-unitype-studio/
[2026-08-28T18:35:04Z] #199 attempt=1/2 status=200 0.416s url=https://www.myfonts.com/products/bold-sugar-magic-serif-1211534
[2026-08-28T18:35:05Z] #200 attempt=1/2 status=200 0.441s url=https://www.myfonts.com/collections/sugar-magic-serif-font-zeenesia-studio/
[2026-08-28T18:35:06Z] #201 attempt=1/6 status=200 0.657s url=https://www.myfonts.com/products.json?limit=100&page=11
[2026-08-28T18:35:07Z] #202 attempt=1/2 status=429 0.057s url=https://www.myfonts.com/products/regular-outlaw-major-1211760
[2026-08-28T18:35:09Z] #203 attempt=2/2 status=200 0.474s url=https://www.myfonts.com/products/regular-outlaw-major-1211760
[2026-08-28T18:35:10Z] #204 attempt=1/2 status=200 0.391s url=https://www.myfonts.com/collections/outlaw-major-font-flawlessandco/
[2026-08-28T18:35:11Z] #205 attempt=1/2 status=200 0.364s url=https://www.myfonts.com/products/slant-meadow-script-1211542
[2026-08-28T18:35:11Z] #206 attempt=1/2 status=200 0.356s url=https://www.myfonts.com/collections/meadow-script-font-letterytz/
[2026-08-28T18:35:12Z] #207 attempt=1/2 status=200 0.417s url=https://www.myfonts.com/products/regular-sabesira-signature-brush-1211540
[2026-08-28T18:35:12Z] #208 attempt=1/2 status=200 0.396s url=https://www.myfonts.com/collections/sabesira-signature-brush-font-tebaltipis-studio/
[2026-08-28T18:35:14Z] #209 attempt=1/2 status=200 0.476s url=https://www.myfonts.com/products/regular-rockavelle-1211797
[2026-08-28T18:35:14Z] #210 attempt=1/2 status=200 0.371s url=https://www.myfonts.com/collections/rockavelle-font-maghrib-type/
[2026-08-28T18:35:15Z] #211 attempt=1/2 status=200 0.305s url=https://www.myfonts.com/products/regular-karanis-1211758
[2026-08-28T18:35:15Z] #212 attempt=1/2 status=429 0.025s url=https://www.myfonts.com/collections/karanis-font-syafbe/
[2026-08-28T18:35:18Z] #213 attempt=2/2 status=200 0.524s url=https://www.myfonts.com/collections/karanis-font-syafbe/
[2026-08-28T18:35:19Z] #214 attempt=1/6 status=200 0.837s url=https://www.myfonts.com/products.json?limit=100&page=12
[2026-08-28T18:35:20Z] #215 attempt=1/2 status=200 0.416s url=https://www.myfonts.com/products/display-pickles-display-1211801
[2026-08-28T18:35:21Z] #216 attempt=1/2 status=200 0.479s url=https://www.myfonts.com/collections/pickles-display-font-youandigraphics/
[2026-08-28T18:35:21Z] #217 attempt=1/2 status=200 0.377s url=https://www.myfonts.com/products/regular-saltriver-grotesk-1211786
[2026-08-28T18:35:22Z] #218 attempt=1/2 status=200 0.494s url=https://www.myfonts.com/collections/saltriver-grotesk-font-sundaylab/
[2026-08-28T18:35:23Z] #219 attempt=1/2 status=200 0.369s url=https://www.myfonts.com/products/regular-monure-1211759
[2026-08-28T18:35:24Z] #220 attempt=1/2 status=200 0.578s url=https://www.myfonts.com/collections/monure-font-rasio-studio/
[2026-08-28T18:35:25Z] #221 attempt=1/6 status=200 1.009s url=https://www.myfonts.com/products.json?limit=100&page=13
[2026-08-28T18:35:26Z] #222 attempt=1/2 status=200 0.391s url=https://www.myfonts.com/products/regular-wiggly-club-1211545
[2026-08-28T18:35:26Z] #223 attempt=1/2 status=200 0.387s url=https://www.myfonts.com/collections/wiggly-club-font-sekyra-lab/
[2026-08-28T18:35:27Z] #224 attempt=1/2 status=200 0.324s url=https://www.myfonts.com/products/regular-mltp-lakores-1211538
[2026-08-28T18:35:27Z] #225 attempt=1/2 status=429 0.027s url=https://www.myfonts.com/collections/mltp-lakores-font-multype-studio/
[2026-08-28T18:35:30Z] #226 attempt=2/2 status=200 0.465s url=https://www.myfonts.com/collections/mltp-lakores-font-multype-studio/
[2026-08-28T18:35:31Z] #227 attempt=1/2 status=200 0.346s url=https://www.myfonts.com/products/regular-ez-incallidove-1211492
[2026-08-28T18:35:31Z] #228 attempt=1/2 status=200 0.491s url=https://www.myfonts.com/collections/ez-incallidove-font-zafara-studios/
[2026-08-28T18:35:32Z] #229 attempt=1/2 status=200 0.529s url=https://www.myfonts.com/products/regular-jolly-notes-1211544
[2026-08-28T18:35:33Z] #230 attempt=1/2 status=200 0.449s url=https://www.myfonts.com/collections/jolly-notes-font-zafira-type/
[2026-08-28T18:35:34Z] #231 attempt=1/2 status=200 0.387s url=https://www.myfonts.com/products/regular-grimbone-1211305
[2026-08-28T18:35:34Z] #232 attempt=1/2 status=200 0.347s url=https://www.myfonts.com/collections/grimbone-font-arif-novianto/
[2026-08-28T18:35:35Z] #233 attempt=1/2 status=200 0.351s url=https://www.myfonts.com/products/regular-cranko-1211486
[2026-08-28T18:35:36Z] #234 attempt=1/2 status=200 0.772s url=https://www.myfonts.com/collections/cranko-font-rasio-studio/
[2026-08-28T18:35:37Z] #235 attempt=1/2 status=200 0.455s url=https://www.myfonts.com/products/regular-mosley-1211307
[2026-08-28T18:35:37Z] #236 attempt=1/2 status=429 0.024s url=https://www.myfonts.com/collections/mosley-font-maghrib-type/
[2026-08-28T18:35:40Z] #237 attempt=2/2 status=200 0.516s url=https://www.myfonts.com/collections/mosley-font-maghrib-type/
[2026-08-28T18:35:41Z] #238 attempt=1/2 status=200 0.360s url=https://www.myfonts.com/products/regular-faymora-1211297
[2026-08-28T18:35:42Z] #239 attempt=1/2 status=200 0.616s url=https://www.myfonts.com/collections/faymora-font-asbill-studio/
[2026-08-28T18:35:42Z] #240 attempt=1/2 status=200 0.354s url=https://www.myfonts.com/products/regular-senja-1211306
[2026-08-28T18:35:43Z] #241 attempt=1/2 status=200 0.454s url=https://www.myfonts.com/collections/senja-font-canden-meutuah/
[2026-08-28T18:35:43Z] #242 attempt=1/2 status=200 0.304s url=https://www.myfonts.com/products/regular-alsawsan-1211293
[2026-08-28T18:35:44Z] #243 attempt=1/2 status=200 0.554s url=https://www.myfonts.com/collections/alsawsan-font-eisa-aleisa/
[2026-08-28T18:35:45Z] #244 attempt=1/2 status=429 0.021s url=https://www.myfonts.com/products/chesham-sans-italic-family-package-1211261
[2026-08-28T18:35:48Z] #245 attempt=2/2 status=200 0.854s url=https://www.myfonts.com/products/chesham-sans-italic-family-package-1211261
[2026-08-28T18:35:49Z] #246 attempt=1/2 status=200 0.994s url=https://www.myfonts.com/collections/chesham-sans-font-quainton-type/
[2026-08-28T18:35:51Z] #247 attempt=1/6 status=200 1.011s url=https://www.myfonts.com/products.json?limit=100&page=14
[2026-08-28T18:35:51Z] #248 attempt=1/2 status=200 0.626s url=https://www.myfonts.com/products/crumbly-combo-package-1211205
[2026-08-28T18:35:52Z] #249 attempt=1/2 status=200 0.856s url=https://www.myfonts.com/collections/crumbly-twinkles-font-black-junst/
[2026-08-28T18:35:54Z] #250 attempt=1/2 status=200 0.782s url=https://www.myfonts.com/products/chesna-standard-vf-package-1211190
[2026-08-28T18:35:55Z] #251 attempt=1/2 status=200 1.034s url=https://www.myfonts.com/collections/chesna-grotesk-font-horizon-type/
[2026-08-28T18:35:56Z] #252 attempt=1/2 status=200 0.464s url=https://www.myfonts.com/products/heilo-complete-family-package-1187847
[2026-08-28T18:35:57Z] #253 attempt=1/2 status=200 0.606s url=https://www.myfonts.com/collections/heilo-font-fateh-lab/
[2026-08-28T18:35:58Z] #254 attempt=1/6 status=200 0.859s url=https://www.myfonts.com/products.json?limit=100&page=15
[2026-08-28T18:35:59Z] #255 attempt=1/2 status=200 0.345s url=https://www.myfonts.com/products/katsuno-japan-italic-complete-family-package-1210998
[2026-08-28T18:35:59Z] #256 attempt=1/2 status=200 0.447s url=https://www.myfonts.com/collections/katsuno-japan-italic-font-yoga-letter/
[2026-08-28T18:36:01Z] #257 attempt=1/2 status=200 1.067s url=https://www.myfonts.com/products/grento-complete-family-package-1209492
[2026-08-28T18:36:03Z] #258 attempt=1/2 status=200 1.795s url=https://www.myfonts.com/collections/grento-font-aqeela-studio/
[2026-08-28T18:36:04Z] #259 attempt=1/2 status=200 0.961s url=https://www.myfonts.com/products/expanded-package-1210791
[2026-08-28T18:36:06Z] #260 attempt=1/2 status=200 1.581s url=https://www.myfonts.com/collections/sonne-font-skinny-type/
[2026-08-28T18:36:07Z] #261 attempt=1/2 status=200 0.448s url=https://www.myfonts.com/products/wispedoodle-complete-family-package-1210690
[2026-08-28T18:36:08Z] #262 attempt=1/2 status=200 0.416s url=https://www.myfonts.com/collections/wispedoodle-font-zorkslide/
[2026-08-28T18:36:09Z] #263 attempt=1/2 status=200 0.480s url=https://www.myfonts.com/products/sub-package-3-package-1209664
[2026-08-28T18:36:10Z] #264 attempt=1/2 status=200 0.758s url=https://www.myfonts.com/collections/editorial-revival-font-maxart/
[2026-08-28T18:36:10Z] #265 attempt=1/2 status=200 0.365s url=https://www.myfonts.com/products/ccs-neue-serave-complete-family-package-1209606
[2026-08-28T18:36:11Z] #266 attempt=1/2 status=200 0.349s url=https://www.myfonts.com/collections/ccs-neue-serave-font-creative-corner-studio/
[2026-08-28T18:36:12Z] #267 attempt=1/2 status=200 0.364s url=https://www.myfonts.com/products/blubero-complete-family-package-1210693
[2026-08-28T18:36:12Z] #268 attempt=1/2 status=200 0.545s url=https://www.myfonts.com/collections/blubero-font-sipanji21/
[2026-08-28T18:36:13Z] #269 attempt=1/2 status=200 0.381s url=https://www.myfonts.com/products/reygrown-complete-family-package-1211001
[2026-08-28T18:36:14Z] #270 attempt=1/2 status=200 0.389s url=https://www.myfonts.com/collections/reygrown-font-tegaki/
[2026-08-28T18:36:16Z] #271 attempt=1/2 status=200 1.731s url=https://www.myfonts.com/products/aplenty-complete-family-package-1210802
[2026-08-28T18:36:19Z] #272 attempt=1/2 status=200 2.731s url=https://www.myfonts.com/collections/aplenty-font-artisan-studio/
[2026-08-28T18:36:21Z] #273 attempt=1/2 status=200 1.488s url=https://www.myfonts.com/products/goldtyne-complete-family-package-1209666
[2026-08-28T18:36:25Z] #274 attempt=1/2 status=200 3.425s url=https://www.myfonts.com/collections/goldtyne-font-bosstypestudio/
[2026-08-28T18:36:27Z] #275 attempt=1/2 status=200 0.665s url=https://www.myfonts.com/products/rounvia-contrast-complete-family-package-1209491
[2026-08-28T18:36:28Z] #276 attempt=1/2 status=200 0.874s url=https://www.myfonts.com/collections/rounvia-contrast-font-kaidosan/
[2026-08-28T18:36:29Z] #277 attempt=1/2 status=200 0.513s url=https://www.myfonts.com/products/unityped-pro-complete-family-package-1209625
[2026-08-28T18:36:30Z] #278 attempt=1/2 status=200 0.423s url=https://www.myfonts.com/collections/unityped-pro-font-tension-type/
[2026-08-28T18:36:30Z] #279 attempt=1/2 status=200 0.405s url=https://www.myfonts.com/products/deltha-complete-family-package-1210803
[2026-08-28T18:36:31Z] #280 attempt=1/2 status=200 0.455s url=https://www.myfonts.com/collections/deltha-font-vultype-co/
[2026-08-28T18:36:32Z] #281 attempt=1/2 status=200 0.350s url=https://www.myfonts.com/products/nora-brindle-complete-family-package-1210687
[2026-08-28T18:36:33Z] #282 attempt=1/2 status=200 0.648s url=https://www.myfonts.com/collections/nora-brindle-font-mei-suseno/
[2026-08-28T18:36:34Z] #283 attempt=1/2 status=200 1.160s url=https://www.myfonts.com/products/dietary-complete-family-package-1210319
[2026-08-28T18:36:36Z] #284 attempt=1/2 status=200 1.760s url=https://www.myfonts.com/collections/dietary-font-groenstudio/
[2026-08-28T18:36:37Z] #285 attempt=1/2 status=200 0.500s url=https://www.myfonts.com/products/gravis-text-complete-family-package-1210420
[2026-08-28T18:36:38Z] #286 attempt=1/2 status=200 0.581s url=https://www.myfonts.com/collections/gravis-text-font-webhance/
[2026-08-28T18:36:39Z] #287 attempt=1/2 status=200 0.479s url=https://www.myfonts.com/products/ot-orthant-complete-family-package-1210661
[2026-08-28T18:36:40Z] #288 attempt=1/2 status=200 0.833s url=https://www.myfonts.com/collections/ot-orthant-font-oz-design/
[2026-08-28T18:36:42Z] #289 attempt=1/2 status=200 1.339s url=https://www.myfonts.com/products/fullgraf-complete-family-package-1211010
[2026-08-28T18:36:45Z] #290 attempt=1/2 status=500 3.144s url=https://www.myfonts.com/collections/fullgraf-font-akbartype/
[2026-08-28T18:36:46Z] #291 attempt=1/2 status=200 0.561s url=https://www.myfonts.com/products/perfect-union-script-complete-family-package-1210438
[2026-08-28T18:36:47Z] #292 attempt=1/2 status=200 0.520s url=https://www.myfonts.com/collections/perfect-union-script-font-ibar-fonts/
[2026-08-28T18:36:47Z] #293 attempt=1/2 status=200 0.439s url=https://www.myfonts.com/products/vyriy-complete-family-package-1209487
[2026-08-28T18:36:48Z] #294 attempt=1/2 status=200 0.404s url=https://www.myfonts.com/collections/vyriy-font-vlad-b/
[2026-08-28T18:36:49Z] #295 attempt=1/2 status=200 0.475s url=https://www.myfonts.com/products/godskin-grotesk-complete-family-package-1209386
[2026-08-28T18:36:50Z] #296 attempt=1/2 status=200 0.619s url=https://www.myfonts.com/collections/godskin-grotesk-font-horizon-type/
[2026-08-28T18:36:50Z] #297 attempt=1/2 status=200 0.457s url=https://www.myfonts.com/products/curve-logic-complete-family-package-1209373
[2026-08-28T18:36:51Z] #298 attempt=1/2 status=200 0.361s url=https://www.myfonts.com/collections/curve-logic-font-isolatype/
[2026-08-28T18:36:52Z] #299 attempt=1/2 status=200 0.543s url=https://www.myfonts.com/products/lunetia-signature-complete-family-package-1211004
[2026-08-28T18:36:53Z] #300 attempt=1/2 status=200 0.478s url=https://www.myfonts.com/collections/lunetia-signature-font-maulana-creative/
[2026-08-28T18:36:53Z] #301 attempt=1/2 status=200 0.433s url=https://www.myfonts.com/products/bouncy-petal-complete-family-package-1210832
[2026-08-28T18:36:54Z] #302 attempt=1/2 status=200 0.458s url=https://www.myfonts.com/collections/bouncy-petal-font-cocodesign/
[2026-08-28T18:36:56Z] #303 attempt=1/2 status=200 1.433s url=https://www.myfonts.com/products/braskion-complete-family-package-1210431
[2026-08-28T18:36:59Z] #304 attempt=1/2 status=200 2.628s url=https://www.myfonts.com/collections/braskion-font-propertype/
[2026-08-28T18:37:00Z] #305 attempt=1/2 status=200 0.427s url=https://www.myfonts.com/products/jingle-wish-complete-family-package-1210658
[2026-08-28T18:37:01Z] #306 attempt=1/2 status=200 0.502s url=https://www.myfonts.com/collections/jingle-wish-font-yoga-letter/
[2026-08-28T18:37:01Z] #307 attempt=1/2 status=200 0.428s url=https://www.myfonts.com/products/catsumi-complete-family-package-1209368
[2026-08-28T18:37:02Z] #308 attempt=1/2 status=200 0.384s url=https://www.myfonts.com/collections/catsumi-font-burntilldead/
[2026-08-28T18:37:03Z] #309 attempt=1/2 status=200 0.623s url=https://www.myfonts.com/products/cubron-grotesk-complete-family-package-1209392
[2026-08-28T18:37:04Z] #310 attempt=1/2 status=200 0.975s url=https://www.myfonts.com/collections/cubron-grotesk-font-horizon-type/
[2026-08-28T18:37:06Z] #311 attempt=1/2 status=200 1.318s url=https://www.myfonts.com/products/gaslighter-complete-family-package-1209667
[2026-08-28T18:37:09Z] #312 attempt=1/2 status=200 3.044s url=https://www.myfonts.com/collections/gaslighter-font-bosstypestudio/
[2026-08-28T18:37:11Z] #313 attempt=1/2 status=200 0.341s url=https://www.myfonts.com/products/kinnielc-complete-family-package-1210540
[2026-08-28T18:37:11Z] #314 attempt=1/2 status=200 0.345s url=https://www.myfonts.com/products/murisa-giancarlo-complete-family-package-1209380
[2026-08-28T18:37:12Z] #315 attempt=1/2 status=200 0.414s url=https://www.myfonts.com/collections/murisa-giancarlo-font-murisa-studio/
[2026-08-28T18:37:13Z] #316 attempt=1/6 status=200 0.695s url=https://www.myfonts.com/products.json?limit=100&page=16
[2026-08-28T18:37:14Z] #317 attempt=1/2 status=200 0.353s url=https://www.myfonts.com/products/nexza-complete-family-package-1210794
[2026-08-28T18:37:15Z] #318 attempt=1/2 status=200 0.453s url=https://www.myfonts.com/collections/nexza-font-hamizan/
[2026-08-28T18:37:15Z] #319 attempt=1/2 status=200 0.412s url=https://www.myfonts.com/products/nieuk-complete-family-package-1205527
[2026-08-28T18:37:16Z] #320 attempt=1/2 status=200 0.510s url=https://www.myfonts.com/collections/nieuk-font-multum/
[2026-08-28T18:37:18Z] #321 attempt=1/6 status=200 0.714s url=https://www.myfonts.com/products.json?limit=100&page=17
[2026-08-28T18:37:18Z] #322 attempt=1/2 status=200 0.312s url=https://www.myfonts.com/products/regular-mournveil-1209486
[2026-08-28T18:37:19Z] #323 attempt=1/2 status=200 0.335s url=https://www.myfonts.com/collections/mournveil-font-alchemynoir/
[2026-08-28T18:37:19Z] #324 attempt=1/2 status=200 0.356s url=https://www.myfonts.com/products/regular-complete-destroy-1210318
[2026-08-28T18:37:20Z] #325 attempt=1/2 status=200 0.654s url=https://www.myfonts.com/collections/complete-destroy-font-woodcutter/
[2026-08-28T18:37:22Z] #326 attempt=1/6 status=200 0.997s url=https://www.myfonts.com/products.json?limit=100&page=18
[2026-08-28T18:37:22Z] #327 attempt=1/2 status=200 0.337s url=https://www.myfonts.com/products/regular-rucka-1209372
[2026-08-28T18:37:23Z] #328 attempt=1/2 status=200 0.403s url=https://www.myfonts.com/collections/rucka-font-eotype/
[2026-08-28T18:37:24Z] #329 attempt=1/2 status=200 0.367s url=https://www.myfonts.com/products/regular-roselime-1209379
[2026-08-28T18:37:24Z] #330 attempt=1/2 status=200 0.382s url=https://www.myfonts.com/collections/roselime-font-monolimes/
[2026-08-28T18:37:25Z] #331 attempt=1/2 status=200 0.445s url=https://www.myfonts.com/products/nmletitchange-regular-nm-let-it-change-1210317
[2026-08-28T18:37:26Z] #332 attempt=1/2 status=200 0.380s url=https://www.myfonts.com/collections/nm-let-it-change-font-norm/
[2026-08-28T18:37:26Z] #333 attempt=1/2 status=200 0.479s url=https://www.myfonts.com/products/regular-quatrix-master-1211009
[2026-08-28T18:37:27Z] #334 attempt=1/2 status=200 0.346s url=https://www.myfonts.com/collections/quatrix-master-font-unitype-studio/
[2026-08-28T18:37:28Z] #335 attempt=1/6 status=200 0.764s url=https://www.myfonts.com/products.json?limit=100&page=19
[2026-08-28T18:37:30Z] #336 attempt=1/6 status=200 1.026s url=https://www.myfonts.com/products.json?limit=100&page=20
[2026-08-28T18:37:30Z] #337 attempt=1/2 status=200 0.372s url=https://www.myfonts.com/products/regular-bronks-1209385
[2026-08-28T18:37:31Z] #338 attempt=1/2 status=200 0.460s url=https://www.myfonts.com/collections/bronks-font-zeptonn/
[2026-08-28T18:37:32Z] #339 attempt=1/2 status=200 0.348s url=https://www.myfonts.com/products/regular-pictton-port-1209371
[2026-08-28T18:37:32Z] #340 attempt=1/2 status=200 0.459s url=https://www.myfonts.com/collections/pictton-port-font-attype-studio/
[2026-08-28T18:37:33Z] #341 attempt=1/2 status=200 0.356s url=https://www.myfonts.com/products/belajar-nulis-regular-belajar-nulis-tipis-1209384
[2026-08-28T18:37:34Z] #342 attempt=1/2 status=200 0.446s url=https://www.myfonts.com/collections/belajar-nulis-tipis-font-randy-studio/
[2026-08-28T18:37:34Z] #343 attempt=1/2 status=200 0.508s url=https://www.myfonts.com/products/regular-pola-words-1209378
[2026-08-28T18:37:35Z] #344 attempt=1/2 status=200 0.505s url=https://www.myfonts.com/collections/pola-words-font-marvadesign/
[2026-08-28T18:37:37Z] #345 attempt=1/6 status=200 1.253s url=https://www.myfonts.com/products.json?limit=100&page=21
[2026-08-28T18:37:38Z] #346 attempt=1/2 status=200 0.558s url=https://www.myfonts.com/products/regular-sparkling-fairy-1209383
[2026-08-28T18:37:38Z] #347 attempt=1/2 status=200 0.377s url=https://www.myfonts.com/collections/sparkling-fairy-font-sarid-ezra/
[2026-08-28T18:37:40Z] #348 attempt=1/6 status=200 1.080s url=https://www.myfonts.com/products.json?limit=100&page=22
[2026-08-28T18:37:40Z] #349 attempt=1/2 status=429 0.034s url=https://www.myfonts.com/products/cleangirl-regular-clean-girl-1210316
[2026-08-28T18:37:43Z] #350 attempt=2/2 status=200 0.420s url=https://www.myfonts.com/products/cleangirl-regular-clean-girl-1210316
[2026-08-28T18:37:44Z] #351 attempt=1/2 status=200 0.381s url=https://www.myfonts.com/collections/clean-girl-font-eryn-rose-design/
[2026-08-28T18:37:45Z] #352 attempt=1/6 status=200 0.997s url=https://www.myfonts.com/products.json?limit=100&page=23
[2026-08-28T18:37:46Z] #353 attempt=1/6 status=200 0.666s url=https://www.myfonts.com/products.json?limit=100&page=24
[2026-08-28T18:37:47Z] #354 attempt=1/2 status=200 0.351s url=https://www.myfonts.com/products/regular-figetress-signature-1210994
[2026-08-28T18:37:48Z] #355 attempt=1/2 status=200 0.399s url=https://www.myfonts.com/collections/figetress-signature-font-tebaltipis-studio/
[2026-08-28T18:37:48Z] #356 attempt=1/2 status=200 0.349s url=https://www.myfonts.com/products/regular-ugly-form-1210432
[2026-08-28T18:37:48Z] #357 attempt=1/2 status=429 0.029s url=https://www.myfonts.com/collections/ugly-form-font-timurtype/
[2026-08-28T18:37:51Z] #358 attempt=2/2 status=200 0.317s url=https://www.myfonts.com/collections/ugly-form-font-timurtype/
[2026-08-28T18:37:52Z] #359 attempt=1/2 status=200 0.329s url=https://www.myfonts.com/products/viktoria-rmu-regular-rmu-viktoria-1210430
[2026-08-28T18:37:52Z] #360 attempt=1/2 status=200 0.351s url=https://www.myfonts.com/collections/rmu-viktoria-font-rmu/
[2026-08-28T18:37:54Z] #361 attempt=1/6 status=200 0.959s url=https://www.myfonts.com/products.json?limit=100&page=25
[2026-08-28T18:37:54Z] summary releases=1280 first_429=(165, 'https://www.myfonts.com/collections/sinnora-delloris-font-sensatype-studio/', 0.028181076049804688) log_file=state/myfonts_run_20260828_183124.log
[2026-08-28T18:37:54Z] === MyFonts crawl end ===
