[2026-07-26T08:36:29Z] checkpoint fresh next_page=1 path=state/myfonts_crawl_checkpoint.json
[2026-07-26T08:36:29Z] === MyFonts crawl start source=myfonts ===
[2026-07-26T08:36:29Z] config max_pages=25 page_size=100 start_date=2026-07-25 end_date=2026-07-26 api_delay=0.5s detail_delay=0.2s max_debut_checks=400 max_tech_specs_checks=200 reuse_success_profile=False always_enrich_packages=True language_script_signal_mode=strong force_fresh_run=False start_page=1 browser_mode=False browser_headless=True browser_storage_state_path=state/myfonts_storage_state.json
[2026-07-26T08:36:31Z] #1 attempt=1/6 status=200 1.058s url=https://www.myfonts.com/products.json?limit=100&page=1
[2026-07-26T08:36:32Z] #2 attempt=1/2 status=200 0.571s url=https://www.myfonts.com/products/prink-complete-family-package-1185550
[2026-07-26T08:36:32Z] #3 attempt=1/2 status=200 0.517s url=https://www.myfonts.com/collections/prink-font-typotheticals/
[2026-07-26T08:36:33Z] #4 attempt=1/2 status=200 0.643s url=https://www.myfonts.com/collections/prink-font-typotheticals/?tab=techSpecs
[2026-07-26T08:36:35Z] #5 attempt=1/2 status=200 0.474s url=https://www.myfonts.com/products/speca-complete-family-package-1185536
[2026-07-26T08:36:36Z] #6 attempt=1/2 status=200 0.719s url=https://www.myfonts.com/collections/speca-font-vlad-b/
[2026-07-26T08:36:37Z] #7 attempt=1/2 status=200 0.539s url=https://www.myfonts.com/collections/speca-font-vlad-b/?tab=techSpecs
[2026-07-26T08:36:38Z] #8 attempt=1/2 status=200 0.508s url=https://www.myfonts.com/products/mommommy-complete-family-package-1179464
[2026-07-26T08:36:39Z] #9 attempt=1/2 status=200 0.493s url=https://www.myfonts.com/collections/mommommy-font-jipatype/
[2026-07-26T08:36:40Z] #10 attempt=1/2 status=200 0.651s url=https://www.myfonts.com/collections/mommommy-font-jipatype/?tab=techSpecs
[2026-07-26T08:36:41Z] #11 attempt=1/2 status=200 0.337s url=https://www.myfonts.com/products/tipo-movin-cdmx-complete-family-package-1185225
[2026-07-26T08:36:41Z] #12 attempt=1/2 status=200 0.385s url=https://www.myfonts.com/collections/tipo-movin-cdmx-font-ixipcalli/
[2026-07-26T08:36:42Z] #13 attempt=1/2 status=200 0.159s url=https://www.myfonts.com/collections/tipo-movin-cdmx-font-ixipcalli/?tab=techSpecs
[2026-07-26T08:36:43Z] #14 attempt=1/2 status=200 0.484s url=https://www.myfonts.com/products/italic-package-1182030
[2026-07-26T08:36:44Z] #15 attempt=1/2 status=200 0.519s url=https://www.myfonts.com/collections/calven-font-vermilione/
[2026-07-26T08:36:45Z] #16 attempt=1/2 status=200 0.722s url=https://www.myfonts.com/collections/calven-font-vermilione/?tab=techSpecs
[2026-07-26T08:36:46Z] #17 attempt=1/2 status=200 0.468s url=https://www.myfonts.com/products/shelf-complete-family-package-1187901
[2026-07-26T08:36:47Z] #18 attempt=1/2 status=200 0.818s url=https://www.myfonts.com/collections/shelf-font-21type/
[2026-07-26T08:36:48Z] #19 attempt=1/2 status=200 0.675s url=https://www.myfonts.com/collections/shelf-font-21type/?tab=techSpecs
[2026-07-26T08:36:50Z] #20 attempt=1/2 status=200 1.714s url=https://www.myfonts.com/products/soft-expanded-complete-package-1185759
[2026-07-26T08:36:54Z] #21 attempt=1/2 status=200 2.835s url=https://www.myfonts.com/collections/glagent-font-logic-type/
[2026-07-26T08:36:57Z] #22 attempt=1/2 status=200 2.268s url=https://www.myfonts.com/collections/glagent-font-logic-type/?tab=techSpecs
[2026-07-26T08:36:58Z] #23 attempt=1/2 status=200 0.325s url=https://www.myfonts.com/products/sunnydew-complete-family-package-1179602
[2026-07-26T08:36:59Z] #24 attempt=1/2 status=200 0.325s url=https://www.myfonts.com/collections/sunnydew-font-burntilldead/
[2026-07-26T08:36:59Z] #25 attempt=1/2 status=200 0.378s url=https://www.myfonts.com/collections/sunnydew-font-burntilldead/?tab=techSpecs
[2026-07-26T08:37:00Z] #26 attempt=1/2 status=200 0.402s url=https://www.myfonts.com/products/hebrew-siddur-complete-family-package-1185108
[2026-07-26T08:37:01Z] #27 attempt=1/2 status=200 0.449s url=https://www.myfonts.com/collections/hebrew-siddur-font-samtype/
[2026-07-26T08:37:02Z] #28 attempt=1/2 status=200 0.178s url=https://www.myfonts.com/collections/hebrew-siddur-font-samtype/?tab=techSpecs
[2026-07-26T08:37:03Z] #29 attempt=1/2 status=200 0.329s url=https://www.myfonts.com/products/holy-macaroni-pro-complete-family-package-1185231
[2026-07-26T08:37:03Z] #30 attempt=1/2 status=200 0.364s url=https://www.myfonts.com/collections/holy-macaroni-pro-font-hanoded/
[2026-07-26T08:37:04Z] #31 attempt=1/2 status=200 0.207s url=https://www.myfonts.com/collections/holy-macaroni-pro-font-hanoded/?tab=techSpecs
[2026-07-26T08:37:05Z] #32 attempt=1/2 status=200 0.370s url=https://www.myfonts.com/products/pg-squishy-drips-complete-family-package-1179558
[2026-07-26T08:37:05Z] #33 attempt=1/2 status=200 0.407s url=https://www.myfonts.com/collections/pg-squishy-drips-font-pretty-glyphs/
[2026-07-26T08:37:06Z] #34 attempt=1/2 status=200 0.431s url=https://www.myfonts.com/collections/pg-squishy-drips-font-pretty-glyphs/?tab=techSpecs
[2026-07-26T08:37:07Z] #35 attempt=1/2 status=200 0.335s url=https://www.myfonts.com/products/popular-solution-pro-complete-family-package-1183682
[2026-07-26T08:37:08Z] #36 attempt=1/2 status=200 0.396s url=https://www.myfonts.com/collections/popular-solution-pro-font-hanoded/
[2026-07-26T08:37:09Z] #37 attempt=1/2 status=200 0.551s url=https://www.myfonts.com/collections/popular-solution-pro-font-hanoded/?tab=techSpecs
[2026-07-26T08:37:10Z] #38 attempt=1/2 status=200 0.364s url=https://www.myfonts.com/products/pastedy-complete-family-package-1185217
[2026-07-26T08:37:10Z] #39 attempt=1/2 status=200 0.369s url=https://www.myfonts.com/collections/pastedy-font-black-junst/
[2026-07-26T08:37:11Z] #40 attempt=1/2 status=200 0.226s url=https://www.myfonts.com/collections/pastedy-font-black-junst/?tab=techSpecs
[2026-07-26T08:37:12Z] #41 attempt=1/2 status=200 0.476s url=https://www.myfonts.com/products/casale-del-natura-complete-family-package-1182077
[2026-07-26T08:37:13Z] #42 attempt=1/2 status=200 0.406s url=https://www.myfonts.com/collections/casale-del-natura-font-marvadesign/
[2026-07-26T08:37:13Z] #43 attempt=1/2 status=200 0.186s url=https://www.myfonts.com/collections/casale-del-natura-font-marvadesign/?tab=techSpecs
[2026-07-26T08:37:14Z] #44 attempt=1/2 status=200 0.399s url=https://www.myfonts.com/products/safety-switch-pro-complete-family-package-1183629
[2026-07-26T08:37:15Z] #45 attempt=1/2 status=200 0.445s url=https://www.myfonts.com/collections/safety-switch-pro-font-hanoded/
[2026-07-26T08:37:15Z] #46 attempt=1/2 status=200 0.394s url=https://www.myfonts.com/collections/safety-switch-pro-font-hanoded/?tab=techSpecs
[2026-07-26T08:37:16Z] #47 attempt=1/2 status=200 0.296s url=https://www.myfonts.com/products/slow-bar-stories-complete-family-package-1182005
[2026-07-26T08:37:17Z] #48 attempt=1/2 status=200 0.509s url=https://www.myfonts.com/collections/slow-bar-stories-font-amorfa-type/
[2026-07-26T08:37:18Z] #49 attempt=1/2 status=200 0.395s url=https://www.myfonts.com/collections/slow-bar-stories-font-amorfa-type/?tab=techSpecs
[2026-07-26T08:37:19Z] #50 attempt=1/2 status=200 0.458s url=https://www.myfonts.com/products/naura-complete-family-package-1183404
[2026-07-26T08:37:20Z] #51 attempt=1/2 status=200 0.451s url=https://www.myfonts.com/collections/naura-font-sign-studio/
[2026-07-26T08:37:20Z] #52 attempt=1/2 status=200 0.513s url=https://www.myfonts.com/collections/naura-font-sign-studio/?tab=techSpecs
[2026-07-26T08:37:22Z] #53 attempt=1/2 status=200 0.572s url=https://www.myfonts.com/products/seville-orange-pro-complete-family-package-1183626
[2026-07-26T08:37:22Z] #54 attempt=1/2 status=200 0.353s url=https://www.myfonts.com/collections/seville-orange-pro-font-hanoded/
[2026-07-26T08:37:23Z] #55 attempt=1/2 status=200 0.183s url=https://www.myfonts.com/collections/seville-orange-pro-font-hanoded/?tab=techSpecs
[2026-07-26T08:37:24Z] #56 attempt=1/2 status=200 0.665s url=https://www.myfonts.com/products/bernadete-complete-family-package-1184645
[2026-07-26T08:37:25Z] #57 attempt=1/2 status=200 0.923s url=https://www.myfonts.com/collections/bernadete-font-gravitacional/
[2026-07-26T08:37:26Z] #58 attempt=1/2 status=200 0.572s url=https://www.myfonts.com/collections/bernadete-font-gravitacional/?tab=techSpecs
[2026-07-26T08:37:27Z] #59 attempt=1/2 status=200 0.314s url=https://www.myfonts.com/products/regona-complete-family-package-1179514
[2026-07-26T08:37:28Z] #60 attempt=1/2 status=200 0.355s url=https://www.myfonts.com/collections/regona-font-sensatype-studio/
[2026-07-26T08:37:28Z] #61 attempt=1/2 status=200 0.311s url=https://www.myfonts.com/collections/regona-font-sensatype-studio/?tab=techSpecs
[2026-07-26T08:37:30Z] #62 attempt=1/2 status=200 0.406s url=https://www.myfonts.com/products/mangova-complete-family-package-1185725
[2026-07-26T08:37:30Z] #63 attempt=1/2 status=200 0.519s url=https://www.myfonts.com/collections/mangova-font-digitype-studio/
[2026-07-26T08:37:31Z] #64 attempt=1/2 status=200 0.568s url=https://www.myfonts.com/collections/mangova-font-digitype-studio/?tab=techSpecs
[2026-07-26T08:37:32Z] #65 attempt=1/2 status=200 0.530s url=https://www.myfonts.com/products/tipo-metro-cdmx-complete-family-package-1185224
[2026-07-26T08:37:33Z] #66 attempt=1/2 status=200 0.208s url=https://www.myfonts.com/collections/tipo-metro-cdmx-font-ixipcalli/
[2026-07-26T08:37:33Z] #67 attempt=1/2 status=200 0.196s url=https://www.myfonts.com/collections/tipo-metro-cdmx-font-ixipcalli/?tab=techSpecs
[2026-07-26T08:37:34Z] #68 attempt=1/2 status=200 0.327s url=https://www.myfonts.com/products/bastick-complete-family-package-1183391
[2026-07-26T08:37:35Z] #69 attempt=1/2 status=200 0.583s url=https://www.myfonts.com/collections/bastick-font-timelesstype-studio/
[2026-07-26T08:37:36Z] #70 attempt=1/2 status=200 0.392s url=https://www.myfonts.com/collections/bastick-font-timelesstype-studio/?tab=techSpecs
[2026-07-26T08:37:37Z] #71 attempt=1/2 status=200 0.747s url=https://www.myfonts.com/products/garamond-now-complete-family-package-1187488
[2026-07-26T08:37:39Z] #72 attempt=1/2 status=200 1.105s url=https://www.myfonts.com/collections/garamond-now-font-monotype-imaging/
[2026-07-26T08:37:40Z] #73 attempt=1/2 status=200 0.829s url=https://www.myfonts.com/collections/garamond-now-font-monotype-imaging/?tab=techSpecs
[2026-07-26T08:37:42Z] #74 attempt=1/2 status=200 1.867s url=https://www.myfonts.com/products/aukim-ii-strokes-complete-family-package-1182587
[2026-07-26T08:37:45Z] #75 attempt=1/2 status=200 2.170s url=https://www.myfonts.com/collections/aukim-ii-strokes-font-aukimvisuel/
[2026-07-26T08:37:46Z] #76 attempt=1/2 status=200 0.332s url=https://www.myfonts.com/collections/aukim-ii-strokes-font-aukimvisuel/?tab=techSpecs
[2026-07-26T08:37:48Z] #77 attempt=1/2 status=200 0.568s url=https://www.myfonts.com/products/nostalgic-condensed-complete-family-package-1185214
[2026-07-26T08:37:48Z] #78 attempt=1/2 status=200 0.359s url=https://www.myfonts.com/collections/nostalgic-condensed-font-font-liner/
[2026-07-26T08:37:49Z] #79 attempt=1/2 status=200 0.162s url=https://www.myfonts.com/collections/nostalgic-condensed-font-font-liner/?tab=techSpecs
[2026-07-26T08:37:50Z] #80 attempt=1/2 status=200 0.325s url=https://www.myfonts.com/products/asihano-complete-family-package-1181382
[2026-07-26T08:37:50Z] #81 attempt=1/2 status=200 0.326s url=https://www.myfonts.com/collections/asihano-font-agung-sudirman/
[2026-07-26T08:37:51Z] #82 attempt=1/2 status=200 0.345s url=https://www.myfonts.com/collections/asihano-font-agung-sudirman/?tab=techSpecs
[2026-07-26T08:37:52Z] #83 attempt=1/2 status=429 0.020s url=https://www.myfonts.com/products/esmeralda-complete-family-package-1181923
[2026-07-26T08:37:52Z] first_429 req=83 url=https://www.myfonts.com/products/esmeralda-complete-family-package-1181923
[2026-07-26T08:37:54Z] #84 attempt=2/2 status=200 0.389s url=https://www.myfonts.com/products/esmeralda-complete-family-package-1181923
[2026-07-26T08:37:55Z] #85 attempt=1/2 status=429 0.021s url=https://www.myfonts.com/collections/esmeralda-font-typemotion/
[2026-07-26T08:37:57Z] #86 attempt=2/2 status=200 0.428s url=https://www.myfonts.com/collections/esmeralda-font-typemotion/
[2026-07-26T08:37:58Z] #87 attempt=1/2 status=200 0.311s url=https://www.myfonts.com/products/goodbye-reality-pro-complete-family-package-1185234
[2026-07-26T08:37:58Z] #88 attempt=1/2 status=429 0.020s url=https://www.myfonts.com/collections/goodbye-reality-pro-font-hanoded/
[2026-07-26T08:38:00Z] #89 attempt=2/2 status=429 0.052s url=https://www.myfonts.com/collections/goodbye-reality-pro-font-hanoded/
[2026-07-26T08:38:05Z] max_retries_exhausted url=https://www.myfonts.com/collections/goodbye-reality-pro-font-hanoded/
[2026-07-26T08:38:06Z] #90 attempt=1/2 status=200 0.503s url=https://www.myfonts.com/products/gazeuse-complete-family-package-1184686
[2026-07-26T08:38:07Z] #91 attempt=1/2 status=200 0.356s url=https://www.myfonts.com/collections/gazeuse-font-hanoded/
[2026-07-26T08:38:07Z] #92 attempt=1/2 status=200 0.334s url=https://www.myfonts.com/products/eight-byte-complete-family-package-1181688
[2026-07-26T08:38:08Z] #93 attempt=1/2 status=200 0.317s url=https://www.myfonts.com/collections/eight-byte-font-tini-fitriani/
[2026-07-26T08:38:09Z] #94 attempt=1/2 status=200 0.478s url=https://www.myfonts.com/products/jechro-complete-family-package-1185607
[2026-07-26T08:38:10Z] #95 attempt=1/2 status=200 0.688s url=https://www.myfonts.com/collections/jechro-font-vermilione/
[2026-07-26T08:38:10Z] #96 attempt=1/2 status=200 0.336s url=https://www.myfonts.com/products/megance-glamour-complete-family-package-1183367
[2026-07-26T08:38:11Z] #97 attempt=1/2 status=200 0.330s url=https://www.myfonts.com/collections/megance-glamour-font-timelesstype-studio/
[2026-07-26T08:38:13Z] #98 attempt=1/2 status=200 2.126s url=https://www.myfonts.com/products/expanded-package-1183215
[2026-07-26T08:38:17Z] #99 attempt=1/2 status=200 3.235s url=https://www.myfonts.com/collections/koldnesy-font-bosstypestudio/
[2026-07-26T08:38:18Z] #100 attempt=1/2 status=200 0.291s url=https://www.myfonts.com/products/insect-jar-pro-complete-family-package-1185226
[2026-07-26T08:38:18Z] #101 attempt=1/2 status=200 0.342s url=https://www.myfonts.com/collections/insect-jar-pro-font-hanoded/
[2026-07-26T08:38:19Z] #102 attempt=1/2 status=200 0.477s url=https://www.myfonts.com/products/casamira-complete-family-package-1181912
[2026-07-26T08:38:20Z] #103 attempt=1/2 status=200 0.530s url=https://www.myfonts.com/collections/casamira-font-pizzatypefaces/
[2026-07-26T08:38:21Z] #104 attempt=1/2 status=200 0.484s url=https://www.myfonts.com/products/deluxe-fashion-complete-family-package-1180692
[2026-07-26T08:38:21Z] #105 attempt=1/2 status=200 0.371s url=https://www.myfonts.com/collections/deluxe-fashion-font-font-liner/
[2026-07-26T08:38:23Z] #106 attempt=1/6 status=200 0.842s url=https://www.myfonts.com/products.json?limit=100&page=2
[2026-07-26T08:38:23Z] #107 attempt=1/2 status=200 0.331s url=https://www.myfonts.com/products/regular-algo-1179538
[2026-07-26T08:38:24Z] #108 attempt=1/2 status=200 0.291s url=https://www.myfonts.com/collections/algo-font-sensatype-studio/
[2026-07-26T08:38:25Z] #109 attempt=1/6 status=200 1.067s url=https://www.myfonts.com/products.json?limit=100&page=3
[2026-07-26T08:38:26Z] #110 attempt=1/2 status=200 0.288s url=https://www.myfonts.com/products/regular-happy-jump-1183975
[2026-07-26T08:38:27Z] #111 attempt=1/2 status=200 0.295s url=https://www.myfonts.com/collections/happy-jump-font-letterstock/
[2026-07-26T08:38:27Z] #112 attempt=1/2 status=200 0.302s url=https://www.myfonts.com/products/ater-display-extralight-ater-display-variable-1183828
[2026-07-26T08:38:28Z] #113 attempt=1/2 status=200 0.291s url=https://www.myfonts.com/collections/ater-display-variable-font-blaze-type/
[2026-07-26T08:38:28Z] #114 attempt=1/2 status=200 0.307s url=https://www.myfonts.com/products/regular-north-stroke-1183830
[2026-07-26T08:38:29Z] #115 attempt=1/2 status=200 0.319s url=https://www.myfonts.com/collections/north-stroke-font-hipfonts/
[2026-07-26T08:38:30Z] #116 attempt=1/6 status=200 0.902s url=https://www.myfonts.com/products.json?limit=100&page=4
[2026-07-26T08:38:31Z] #117 attempt=1/2 status=200 0.334s url=https://www.myfonts.com/products/regular-rallies-1180952
[2026-07-26T08:38:31Z] #118 attempt=1/2 status=200 0.434s url=https://www.myfonts.com/collections/rallies-font-hasta-type/
[2026-07-26T08:38:32Z] #119 attempt=1/2 status=200 0.286s url=https://www.myfonts.com/products/toyland-regular-toyland-palace-1180981
[2026-07-26T08:38:33Z] #120 attempt=1/2 status=200 0.404s url=https://www.myfonts.com/collections/toyland-palace-font-hipfonts/
[2026-07-26T08:38:33Z] #121 attempt=1/2 status=200 0.298s url=https://www.myfonts.com/products/regular-orynko-1182008
[2026-07-26T08:38:34Z] #122 attempt=1/2 status=200 0.286s url=https://www.myfonts.com/collections/orynko-font-morisco-studio/
[2026-07-26T08:38:35Z] #123 attempt=1/6 status=200 0.930s url=https://www.myfonts.com/products.json?limit=100&page=5
[2026-07-26T08:38:36Z] #124 attempt=1/2 status=200 0.292s url=https://www.myfonts.com/products/regular-deeply-rusted-1185220
[2026-07-26T08:38:36Z] #125 attempt=1/2 status=200 0.352s url=https://www.myfonts.com/collections/deeply-rusted-font-gleb-guralnyk/
[2026-07-26T08:38:38Z] #126 attempt=1/6 status=200 0.899s url=https://www.myfonts.com/products.json?limit=100&page=6
[2026-07-26T08:38:38Z] #127 attempt=1/2 status=200 0.319s url=https://www.myfonts.com/products/regular-apex-riot-1185757
[2026-07-26T08:38:39Z] #128 attempt=1/2 status=200 0.323s url=https://www.myfonts.com/collections/apex-riot-font-pictranoosa/
[2026-07-26T08:38:39Z] #129 attempt=1/2 status=429 0.017s url=https://www.myfonts.com/products/regular-sorivela-1183834
[2026-07-26T08:38:42Z] #130 attempt=2/2 status=200 0.353s url=https://www.myfonts.com/products/regular-sorivela-1183834
[2026-07-26T08:38:42Z] #131 attempt=1/2 status=200 0.312s url=https://www.myfonts.com/collections/sorivela-font-donyadesign/
[2026-07-26T08:38:43Z] #132 attempt=1/2 status=200 0.281s url=https://www.myfonts.com/products/regular-morbid-spire-1185547
[2026-07-26T08:38:43Z] #133 attempt=1/2 status=200 0.330s url=https://www.myfonts.com/collections/morbid-spire-font-sipanji21/
[2026-07-26T08:38:45Z] #134 attempt=1/6 status=200 0.688s url=https://www.myfonts.com/products.json?limit=100&page=7
[2026-07-26T08:38:46Z] #135 attempt=1/6 status=200 0.767s url=https://www.myfonts.com/products.json?limit=100&page=8
[2026-07-26T08:38:47Z] #136 attempt=1/2 status=200 0.324s url=https://www.myfonts.com/products/regular-lumiflora-1185223
[2026-07-26T08:38:47Z] #137 attempt=1/2 status=200 0.320s url=https://www.myfonts.com/collections/lumiflora-font-claymoon-lab-studio/
[2026-07-26T08:38:47Z] #138 attempt=1/2 status=429 0.019s url=https://www.myfonts.com/products/regular-sharapova-1184172
[2026-07-26T08:38:50Z] #139 attempt=2/2 status=200 0.315s url=https://www.myfonts.com/products/regular-sharapova-1184172
[2026-07-26T08:38:50Z] #140 attempt=1/2 status=200 0.293s url=https://www.myfonts.com/collections/sharapova-font-gatype/
[2026-07-26T08:38:51Z] #141 attempt=1/2 status=200 0.277s url=https://www.myfonts.com/products/regular-the-memories-1182009
[2026-07-26T08:38:52Z] #142 attempt=1/2 status=200 0.292s url=https://www.myfonts.com/collections/the-memories-font-imoodev/
[2026-07-26T08:38:52Z] #143 attempt=1/2 status=200 0.286s url=https://www.myfonts.com/products/regular-soltina-1180959
[2026-07-26T08:38:52Z] #144 attempt=1/2 status=429 0.017s url=https://www.myfonts.com/collections/soltina-font-jaruka-creative/
[2026-07-26T08:38:55Z] #145 attempt=2/2 status=200 0.348s url=https://www.myfonts.com/collections/soltina-font-jaruka-creative/
[2026-07-26T08:38:56Z] #146 attempt=1/6 status=200 0.799s url=https://www.myfonts.com/products.json?limit=100&page=9
[2026-07-26T08:38:57Z] #147 attempt=1/2 status=200 0.274s url=https://www.myfonts.com/products/regular-meltypie-1185237
[2026-07-26T08:38:57Z] #148 attempt=1/2 status=200 0.284s url=https://www.myfonts.com/collections/meltypie-font-agny-hasya-studio/
[2026-07-26T08:38:58Z] #149 attempt=1/2 status=200 0.279s url=https://www.myfonts.com/products/regular-saneco-1182049
[2026-07-26T08:38:58Z] #150 attempt=1/2 status=200 0.282s url=https://www.myfonts.com/collections/saneco-font-jolicia-type/
[2026-07-26T08:39:00Z] #151 attempt=1/2 status=200 1.100s url=https://www.myfonts.com/products/black-semi-expanded-italic-abigen-1184432
[2026-07-26T08:39:01Z] #152 attempt=1/2 status=200 1.545s url=https://www.myfonts.com/collections/abigen-font-kaidosan/
[2026-07-26T08:39:04Z] #153 attempt=1/2 status=200 1.677s url=https://www.myfonts.com/products/soft-extra-light-expanded-slanted-st-giuliano-slab-1183566
[2026-07-26T08:39:07Z] #154 attempt=1/2 status=200 2.689s url=https://www.myfonts.com/collections/st-giuliano-slab-font-skinny-type/
[2026-07-26T08:39:09Z] #155 attempt=1/2 status=200 0.970s url=https://www.myfonts.com/products/light-semi-condensed-slanted-rogline-1183894
[2026-07-26T08:39:10Z] #156 attempt=1/2 status=200 1.283s url=https://www.myfonts.com/collections/rogline-font-calms-type-foundry/
[2026-07-26T08:39:12Z] #157 attempt=1/2 status=200 1.663s url=https://www.myfonts.com/products/soft-thin-semi-expanded-italic-norche-1184096
[2026-07-26T08:39:15Z] #158 attempt=1/2 status=200 2.884s url=https://www.myfonts.com/collections/norche-font-dora-typefoundry/
[2026-07-26T08:39:18Z] #159 attempt=1/2 status=200 1.444s url=https://www.myfonts.com/products/extra-light-extra-expanded-galmiten-semi-serif-1183335
[2026-07-26T08:39:21Z] #160 attempt=1/2 status=200 3.044s url=https://www.myfonts.com/collections/galmiten-semi-serif-font-logic-type/
[2026-07-26T08:39:23Z] #161 attempt=1/2 status=200 0.859s url=https://www.myfonts.com/products/semi-condensed-marselind-1185117
[2026-07-26T08:39:24Z] #162 attempt=1/2 status=200 0.772s url=https://www.myfonts.com/collections/marselind-font-josstype/
[2026-07-26T08:39:26Z] #163 attempt=1/2 status=200 1.553s url=https://www.myfonts.com/products/extrabold-condensed-humbles-soft-1184211
[2026-07-26T08:39:28Z] #164 attempt=1/2 status=200 1.752s url=https://www.myfonts.com/collections/humbles-soft-font-propertype/
[2026-07-26T08:39:29Z] #165 attempt=1/2 status=200 0.786s url=https://www.myfonts.com/products/audie-soft-cntr-condensed-italic-audie-serif-1184764
[2026-07-26T08:39:31Z] #166 attempt=1/2 status=200 1.122s url=https://www.myfonts.com/collections/audie-serif-font-gian-studio/
[2026-07-26T08:39:32Z] #167 attempt=1/2 status=200 0.697s url=https://www.myfonts.com/products/soft-cntr-semiexpanded-italic-calera-1184869
[2026-07-26T08:39:33Z] #168 attempt=1/2 status=200 0.921s url=https://www.myfonts.com/collections/calera-font-gian-studio/
[2026-07-26T08:39:35Z] #169 attempt=1/6 status=200 1.043s url=https://www.myfonts.com/products.json?limit=100&page=10
[2026-07-26T08:39:35Z] #170 attempt=1/2 status=200 0.411s url=https://www.myfonts.com/products/outline2x-stroke-astenic-stencil-1182880
[2026-07-26T08:39:36Z] #171 attempt=1/2 status=200 0.538s url=https://www.myfonts.com/collections/astenic-stencil-font-anzone-glyph/
[2026-07-26T08:39:37Z] #172 attempt=1/2 status=200 0.895s url=https://www.myfonts.com/products/cntr-ultraexpanded-italic-distraction-1185348
[2026-07-26T08:39:39Z] #173 attempt=1/2 status=200 1.341s url=https://www.myfonts.com/collections/distraction-font-gian-studio/
[2026-07-26T08:39:40Z] #174 attempt=1/2 status=200 0.389s url=https://www.myfonts.com/products/black-fille-de-joie-1183619
[2026-07-26T08:39:40Z] #175 attempt=1/2 status=200 0.370s url=https://www.myfonts.com/collections/fille-de-joie-font-tension-type/
[2026-07-26T08:39:41Z] #176 attempt=1/2 status=200 0.785s url=https://www.myfonts.com/products/condensed-slant-nakumita-1184968
[2026-07-26T08:39:43Z] #177 attempt=1/2 status=200 0.869s url=https://www.myfonts.com/collections/nakumita-font-josstype/
[2026-07-26T08:39:43Z] #178 attempt=1/2 status=200 0.336s url=https://www.myfonts.com/products/medium-autentica-serif-1182517
[2026-07-26T08:39:44Z] #179 attempt=1/2 status=200 0.409s url=https://www.myfonts.com/collections/autentica-serif-font-sofiamohr/
[2026-07-26T08:39:45Z] #180 attempt=1/2 status=200 0.617s url=https://www.myfonts.com/products/grade-expanded-beona-display-1185185
[2026-07-26T08:39:46Z] #181 attempt=1/2 status=200 0.862s url=https://www.myfonts.com/collections/beona-display-font-josstype/
[2026-07-26T08:39:47Z] #182 attempt=1/2 status=200 0.756s url=https://www.myfonts.com/products/serif-expanded-slant-caster-1185404
[2026-07-26T08:39:48Z] #183 attempt=1/2 status=200 0.954s url=https://www.myfonts.com/collections/caster-font-gian-studio/
[2026-07-26T08:39:49Z] #184 attempt=1/2 status=200 0.386s url=https://www.myfonts.com/products/regular-guirnalda-1183820
[2026-07-26T08:39:50Z] #185 attempt=1/2 status=200 0.425s url=https://www.myfonts.com/collections/guirnalda-font-blaze-type/
[2026-07-26T08:39:51Z] #186 attempt=1/2 status=200 0.725s url=https://www.myfonts.com/products/soft-regular-bassidle-1185079
[2026-07-26T08:39:52Z] #187 attempt=1/2 status=200 1.021s url=https://www.myfonts.com/collections/bassidle-font-josstype/
[2026-07-26T08:39:53Z] #188 attempt=1/2 status=200 0.354s url=https://www.myfonts.com/products/extrabold-massilia-jp-1184609
[2026-07-26T08:39:54Z] #189 attempt=1/2 status=200 0.421s url=https://www.myfonts.com/collections/massilia-jp-font-blaze-type/
[2026-07-26T08:39:55Z] #190 attempt=1/2 status=200 0.730s url=https://www.myfonts.com/products/soft-cntr-expanded-breston-1184825
[2026-07-26T08:39:56Z] #191 attempt=1/2 status=200 0.792s url=https://www.myfonts.com/collections/breston-font-gian-studio/
[2026-07-26T08:39:57Z] #192 attempt=1/2 status=200 0.506s url=https://www.myfonts.com/products/narrow-bold-italic-din-2014-1183660
[2026-07-26T08:39:58Z] #193 attempt=1/2 status=200 0.885s url=https://www.myfonts.com/collections/din-2014-font-paratype/
[2026-07-26T08:39:58Z] #194 attempt=1/2 status=200 0.302s url=https://www.myfonts.com/products/the-daily-midtones-complete-family-package-1180015
[2026-07-26T08:39:59Z] #195 attempt=1/2 status=200 0.315s url=https://www.myfonts.com/collections/the-daily-midtones-font-amorfa-type/
[2026-07-26T08:40:00Z] #196 attempt=1/2 status=200 0.367s url=https://www.myfonts.com/products/cornville-complete-family-package-1182054
[2026-07-26T08:40:00Z] #197 attempt=1/2 status=200 0.358s url=https://www.myfonts.com/collections/cornville-font-hipfonts/
[2026-07-26T08:40:01Z] #198 attempt=1/2 status=200 0.361s url=https://www.myfonts.com/products/finco-complete-family-package-1180976
[2026-07-26T08:40:02Z] #199 attempt=1/2 status=200 0.459s url=https://www.myfonts.com/collections/finco-font-vuuuds/
[2026-07-26T08:40:02Z] #200 attempt=1/2 status=200 0.486s url=https://www.myfonts.com/products/italic-package-1180678
[2026-07-26T08:40:03Z] #201 attempt=1/2 status=200 0.690s url=https://www.myfonts.com/collections/the-rosemide-font-skinny-type/
[2026-07-26T08:40:04Z] #202 attempt=1/2 status=200 0.374s url=https://www.myfonts.com/products/fardiale-complete-family-package-1183835
[2026-07-26T08:40:05Z] #203 attempt=1/2 status=200 0.437s url=https://www.myfonts.com/collections/fardiale-font-tini-fitriani/
[2026-07-26T08:40:07Z] #204 attempt=1/2 status=200 1.790s url=https://www.myfonts.com/products/semi-expanded-slanted-rathing-1182219
[2026-07-26T08:40:09Z] #205 attempt=1/2 status=200 2.401s url=https://www.myfonts.com/collections/rathing-font-propertype/
[2026-07-26T08:40:12Z] #206 attempt=1/2 status=200 1.777s url=https://www.myfonts.com/products/ext-lig-sm-exp-slant-galmiten-1180835
[2026-07-26T08:40:15Z] #207 attempt=1/2 status=200 3.219s url=https://www.myfonts.com/collections/galmiten-font-logic-type/
[2026-07-26T08:40:17Z] #208 attempt=1/2 status=200 0.778s url=https://www.myfonts.com/products/semi-condensed-ginfitanle-1185457
[2026-07-26T08:40:19Z] #209 attempt=1/2 status=200 1.668s url=https://www.myfonts.com/collections/ginfitanle-font-gian-studio/
[2026-07-26T08:40:20Z] #210 attempt=1/2 status=200 0.418s url=https://www.myfonts.com/products/expanded-deeply-rooted-1182087
[2026-07-26T08:40:21Z] #211 attempt=1/2 status=200 0.602s url=https://www.myfonts.com/collections/deeply-rooted-font-gleb-guralnyk/
[2026-07-26T08:40:23Z] #212 attempt=1/2 status=200 1.919s url=https://www.myfonts.com/products/sizek-p-st-nrm-regular-italic-sizek-p-stencil-1181896
[2026-07-26T08:40:26Z] #213 attempt=1/2 status=200 2.797s url=https://www.myfonts.com/collections/sizek-p-stencil-font-blaze-type/
[2026-07-26T08:40:28Z] #214 attempt=1/2 status=200 0.357s url=https://www.myfonts.com/products/condensed-regular-moras-1183965
[2026-07-26T08:40:28Z] #215 attempt=1/2 status=200 0.482s url=https://www.myfonts.com/collections/moras-font-deorde-studio/
[2026-07-26T08:40:30Z] #216 attempt=1/6 status=200 0.828s url=https://www.myfonts.com/products.json?limit=100&page=11
[2026-07-26T08:40:31Z] #217 attempt=1/2 status=200 0.680s url=https://www.myfonts.com/products/semi-expanded-slant-storia-lettering-1181281
[2026-07-26T08:40:32Z] #218 attempt=1/2 status=200 0.822s url=https://www.myfonts.com/collections/storia-lettering-font-gatype/
[2026-07-26T08:40:33Z] #219 attempt=1/2 status=200 0.761s url=https://www.myfonts.com/products/justin-brown-sans-soft-regular-justin-brown-monoline-1180192
[2026-07-26T08:40:34Z] #220 attempt=1/2 status=200 0.710s url=https://www.myfonts.com/collections/justin-brown-monoline-font-gatype/
[2026-07-26T08:40:35Z] #221 attempt=1/2 status=200 0.547s url=https://www.myfonts.com/products/soft-expanded-slant-sanggar-1181219
[2026-07-26T08:40:36Z] #222 attempt=1/2 status=200 0.671s url=https://www.myfonts.com/collections/sanggar-font-gatype/
[2026-07-26T08:40:37Z] #223 attempt=1/2 status=200 0.572s url=https://www.myfonts.com/products/soft-semi-condensed-slant-starsight-1181251
[2026-07-26T08:40:37Z] #224 attempt=1/2 status=200 0.640s url=https://www.myfonts.com/collections/starsight-font-gatype/
[2026-07-26T08:40:38Z] #225 attempt=1/2 status=200 0.521s url=https://www.myfonts.com/products/medium-milgram-1184948
[2026-07-26T08:40:39Z] #226 attempt=1/2 status=200 0.464s url=https://www.myfonts.com/collections/milgram-font-signal/
[2026-07-26T08:40:40Z] #227 attempt=1/2 status=200 0.468s url=https://www.myfonts.com/products/expanded-nesti-sweet-1181023
[2026-07-26T08:40:40Z] #228 attempt=1/2 status=200 0.496s url=https://www.myfonts.com/collections/nesti-sweet-font-gatype/
[2026-07-26T08:40:41Z] #229 attempt=1/2 status=200 0.340s url=https://www.myfonts.com/products/normal-playful-friend-bestie-1180971
[2026-07-26T08:40:42Z] #230 attempt=1/2 status=200 0.330s url=https://www.myfonts.com/collections/friend-bestie-font-collectype/
[2026-07-26T08:40:42Z] #231 attempt=1/2 status=200 0.398s url=https://www.myfonts.com/products/soft-semi-expanded-monten-1180462
[2026-07-26T08:40:43Z] #232 attempt=1/2 status=200 0.548s url=https://www.myfonts.com/collections/monten-font-gatype/
[2026-07-26T08:40:44Z] #233 attempt=1/2 status=200 0.391s url=https://www.myfonts.com/products/light-italic-worgant-1182035
[2026-07-26T08:40:45Z] #234 attempt=1/2 status=200 0.550s url=https://www.myfonts.com/collections/worgant-font-font-liner/
[2026-07-26T08:40:45Z] #235 attempt=1/2 status=200 0.458s url=https://www.myfonts.com/products/bold-expanded-slant-kontes-compressed-1180275
[2026-07-26T08:40:46Z] #236 attempt=1/2 status=200 0.576s url=https://www.myfonts.com/collections/kontes-compressed-font-gatype/
[2026-07-26T08:40:47Z] #237 attempt=1/2 status=200 0.297s url=https://www.myfonts.com/products/italic-gastilo-1180482
[2026-07-26T08:40:47Z] #238 attempt=1/2 status=200 0.351s url=https://www.myfonts.com/collections/gastilo-font-vermilione/
[2026-07-26T08:40:50Z] #239 attempt=1/2 status=200 1.935s url=https://www.myfonts.com/products/extra-bold-expanded-kulutu-1181666
[2026-07-26T08:40:52Z] #240 attempt=1/2 status=200 2.343s url=https://www.myfonts.com/collections/kulutu-font-aukimvisuel/
[2026-07-26T08:40:54Z] #241 attempt=1/2 status=200 0.518s url=https://www.myfonts.com/products/lacoste-foliage-soft-semi-expanded-lacoste-foliage-1180311
[2026-07-26T08:40:55Z] #242 attempt=1/2 status=200 0.633s url=https://www.myfonts.com/collections/lacoste-foliage-font-gatype/
[2026-07-26T08:40:55Z] #243 attempt=1/2 status=200 0.464s url=https://www.myfonts.com/products/semi-expanded-slant-mangoli-1180354
[2026-07-26T08:40:56Z] #244 attempt=1/2 status=200 0.574s url=https://www.myfonts.com/collections/mangoli-font-gatype/
[2026-07-26T08:40:57Z] #245 attempt=1/2 status=200 0.470s url=https://www.myfonts.com/products/ultralight-jhc-chiona-1181986
[2026-07-26T08:40:58Z] #246 attempt=1/2 status=200 0.597s url=https://www.myfonts.com/collections/jhc-chiona-font-jehoo-creative/
[2026-07-26T08:40:59Z] #247 attempt=1/2 status=200 0.488s url=https://www.myfonts.com/products/expanded-milk-and-honey-1180392
[2026-07-26T08:41:00Z] #248 attempt=1/2 status=200 0.624s url=https://www.myfonts.com/collections/milk-and-honey-font-gatype/
[2026-07-26T08:41:00Z] #249 attempt=1/2 status=200 0.522s url=https://www.myfonts.com/products/semi-condensed-konecya-1180244
[2026-07-26T08:41:01Z] #250 attempt=1/2 status=200 0.582s url=https://www.myfonts.com/collections/konecya-font-gatype/
[2026-07-26T08:41:02Z] #251 attempt=1/2 status=200 0.533s url=https://www.myfonts.com/products/soft-regular-mini-honysa-1180409
[2026-07-26T08:41:03Z] #252 attempt=1/2 status=200 0.672s url=https://www.myfonts.com/collections/mini-honysa-font-gatype/
[2026-07-26T08:41:04Z] #253 attempt=1/2 status=200 0.430s url=https://www.myfonts.com/products/extralight-gluaymai-1181388
[2026-07-26T08:41:05Z] #254 attempt=1/2 status=200 0.575s url=https://www.myfonts.com/collections/gluaymai-font-jipatype/
[2026-07-26T08:41:05Z] #255 attempt=1/2 status=200 0.472s url=https://www.myfonts.com/products/soft-condensed-vainest-1181351
[2026-07-26T08:41:06Z] #256 attempt=1/2 status=200 0.687s url=https://www.myfonts.com/collections/vainest-font-gatype/
[2026-07-26T08:41:07Z] #257 attempt=1/2 status=200 0.491s url=https://www.myfonts.com/products/semi-expanded-love-casual-1180337
[2026-07-26T08:41:08Z] #258 attempt=1/2 status=200 0.571s url=https://www.myfonts.com/collections/love-casual-font-gatype/
[2026-07-26T08:41:09Z] #259 attempt=1/2 status=200 0.536s url=https://www.myfonts.com/products/soft-semi-condensed-morgini-1180988
[2026-07-26T08:41:10Z] #260 attempt=1/2 status=200 0.558s url=https://www.myfonts.com/collections/morgini-font-gatype/
[2026-07-26T08:41:10Z] #261 attempt=1/2 status=200 0.374s url=https://www.myfonts.com/products/black-chabrier-1182072
[2026-07-26T08:41:11Z] #262 attempt=1/2 status=200 0.557s url=https://www.myfonts.com/collections/chabrier-font-hoftype/
[2026-07-26T08:41:12Z] #263 attempt=1/2 status=200 0.475s url=https://www.myfonts.com/products/nixed-soft-semi-condensed-slant-nixed-1181026
[2026-07-26T08:41:13Z] #264 attempt=1/2 status=200 0.792s url=https://www.myfonts.com/collections/nixed-font-gatype/
[2026-07-26T08:41:15Z] #265 attempt=1/6 status=200 0.955s url=https://www.myfonts.com/products.json?limit=100&page=12
[2026-07-26T08:41:15Z] #266 attempt=1/2 status=200 0.588s url=https://www.myfonts.com/products/soft-condensed-slant-rengita-1181122
[2026-07-26T08:41:16Z] #267 attempt=1/2 status=200 0.626s url=https://www.myfonts.com/collections/rengita-font-gatype/
[2026-07-26T08:41:17Z] #268 attempt=1/2 status=200 0.535s url=https://www.myfonts.com/products/condensed-slant-kurato-1180294
[2026-07-26T08:41:18Z] #269 attempt=1/2 status=200 0.549s url=https://www.myfonts.com/collections/kurato-font-gatype/
[2026-07-26T08:41:19Z] #270 attempt=1/2 status=200 0.572s url=https://www.myfonts.com/products/soft-condensed-slant-sakamoto-1181139
[2026-07-26T08:41:20Z] #271 attempt=1/2 status=200 0.633s url=https://www.myfonts.com/collections/sakamoto-font-gatype/
[2026-07-26T08:41:20Z] #272 attempt=1/2 status=200 0.412s url=https://www.myfonts.com/products/inline-qira-1185767
[2026-07-26T08:41:21Z] #273 attempt=1/2 status=200 0.394s url=https://www.myfonts.com/collections/qira-font-qira/
[2026-07-26T08:41:22Z] #274 attempt=1/2 status=200 0.619s url=https://www.myfonts.com/products/semiexpanded-italic-authors-special-1181969
[2026-07-26T08:41:23Z] #275 attempt=1/2 status=200 0.807s url=https://www.myfonts.com/collections/authors-special-font-positive-type/
[2026-07-26T08:41:24Z] #276 attempt=1/2 status=200 0.371s url=https://www.myfonts.com/products/w03-tsanger-fwjt-1182558
[2026-07-26T08:41:24Z] #277 attempt=1/2 status=200 0.426s url=https://www.myfonts.com/collections/tsanger-fwjt-font-tsanger/
[2026-07-26T08:41:25Z] #278 attempt=1/2 status=200 0.357s url=https://www.myfonts.com/collections/tsanger-fwjt-font-tsanger/
[2026-07-26T08:41:25Z] #279 attempt=1/2 status=429 0.018s url=https://www.myfonts.com/products/italic-milwaukee-boogie-1183608
[2026-07-26T08:41:28Z] #280 attempt=2/2 status=200 0.688s url=https://www.myfonts.com/products/italic-milwaukee-boogie-1183608
[2026-07-26T08:41:29Z] #281 attempt=1/2 status=200 0.601s url=https://www.myfonts.com/collections/milwaukee-boogie-font-visualizeunited-fonts/
[2026-07-26T08:41:30Z] #282 attempt=1/6 status=200 0.872s url=https://www.myfonts.com/products.json?limit=100&page=13
[2026-07-26T08:41:31Z] #283 attempt=1/2 status=200 0.379s url=https://www.myfonts.com/products/bold-blacklady-1182865
[2026-07-26T08:41:32Z] #284 attempt=1/2 status=200 0.667s url=https://www.myfonts.com/collections/blacklady-font-great-studio/
[2026-07-26T08:41:33Z] #285 attempt=1/2 status=200 0.551s url=https://www.myfonts.com/products/semi-expanded-slant-italic-wiliam-grobal-1181379
[2026-07-26T08:41:34Z] #286 attempt=1/2 status=200 0.620s url=https://www.myfonts.com/collections/wiliam-grobal-font-gatype/
[2026-07-26T08:41:34Z] #287 attempt=1/2 status=200 0.455s url=https://www.myfonts.com/products/slant-walison-1181174
[2026-07-26T08:41:35Z] #288 attempt=1/2 status=200 0.626s url=https://www.myfonts.com/collections/walison-font-gatype/
[2026-07-26T08:41:36Z] #289 attempt=1/2 status=200 0.589s url=https://www.myfonts.com/products/expanded-orange-glos-1181076
[2026-07-26T08:41:37Z] #290 attempt=1/2 status=200 0.671s url=https://www.myfonts.com/collections/orange-glos-font-gatype/
[2026-07-26T08:41:38Z] #291 attempt=1/2 status=429 0.021s url=https://www.myfonts.com/products/soft-semi-condensed-slant-notelia-1181050
[2026-07-26T08:41:40Z] #292 attempt=2/2 status=200 0.470s url=https://www.myfonts.com/products/soft-semi-condensed-slant-notelia-1181050
[2026-07-26T08:41:41Z] #293 attempt=1/2 status=200 0.669s url=https://www.myfonts.com/collections/notelia-font-gatype/
[2026-07-26T08:41:42Z] #294 attempt=1/2 status=200 0.425s url=https://www.myfonts.com/products/soft-semi-condensed-origamet-hamida-1181093
[2026-07-26T08:41:43Z] #295 attempt=1/2 status=200 0.528s url=https://www.myfonts.com/collections/origamet-hamida-font-gatype/
[2026-07-26T08:41:43Z] #296 attempt=1/2 status=200 0.556s url=https://www.myfonts.com/products/soft-condensed-slant-migoes-1180364
[2026-07-26T08:41:44Z] #297 attempt=1/2 status=200 0.563s url=https://www.myfonts.com/collections/migoes-font-gatype/
[2026-07-26T08:41:45Z] #298 attempt=1/6 status=429 0.017s url=https://www.myfonts.com/products.json?limit=100&page=14
[2026-07-26T08:41:48Z] #299 attempt=2/6 status=200 0.904s url=https://www.myfonts.com/products.json?limit=100&page=14
[2026-07-26T08:41:49Z] #300 attempt=1/2 status=200 0.424s url=https://www.myfonts.com/products/soft-semi-expanded-montalica-1180445
[2026-07-26T08:41:50Z] #301 attempt=1/2 status=200 0.611s url=https://www.myfonts.com/collections/montalica-font-gatype/
[2026-07-26T08:41:50Z] #302 attempt=1/2 status=200 0.284s url=https://www.myfonts.com/products/italic-zavera-1180651
[2026-07-26T08:41:51Z] #303 attempt=1/2 status=200 0.437s url=https://www.myfonts.com/collections/zavera-font-font-liner/
[2026-07-26T08:41:52Z] #304 attempt=1/2 status=200 0.302s url=https://www.myfonts.com/products/italic-rainhalf-1181687
[2026-07-26T08:41:52Z] #305 attempt=1/2 status=200 0.318s url=https://www.myfonts.com/collections/rainhalf-font-arterfak-project/
[2026-07-26T08:41:53Z] #306 attempt=1/2 status=429 0.018s url=https://www.myfonts.com/products/satari-soft-regular-satari-display-1181243
[2026-07-26T08:41:55Z] #307 attempt=2/2 status=200 0.426s url=https://www.myfonts.com/products/satari-soft-regular-satari-display-1181243
[2026-07-26T08:41:56Z] #308 attempt=1/2 status=200 0.398s url=https://www.myfonts.com/collections/satari-display-font-gatype/
[2026-07-26T08:41:57Z] #309 attempt=1/2 status=200 0.518s url=https://www.myfonts.com/products/grade-sf-semiexpanded-italic-andeas-1181184
[2026-07-26T08:41:58Z] #310 attempt=1/2 status=200 0.810s url=https://www.myfonts.com/collections/andeas-font-gatype/
[2026-07-26T08:41:58Z] #311 attempt=1/2 status=200 0.312s url=https://www.myfonts.com/products/serif-prime-academy-1183839
[2026-07-26T08:41:59Z] #312 attempt=1/2 status=200 0.348s url=https://www.myfonts.com/collections/prime-academy-font-sarid-ezra/
[2026-07-26T08:42:00Z] #313 attempt=1/6 status=429 0.018s url=https://www.myfonts.com/products.json?limit=100&page=15
[2026-07-26T08:42:03Z] #314 attempt=2/6 status=200 0.962s url=https://www.myfonts.com/products.json?limit=100&page=15
[2026-07-26T08:42:04Z] #315 attempt=1/2 status=200 0.376s url=https://www.myfonts.com/products/soft-slant-remaid-typeface-1181112
[2026-07-26T08:42:04Z] #316 attempt=1/2 status=200 0.555s url=https://www.myfonts.com/collections/remaid-typeface-font-gatype/
[2026-07-26T08:42:05Z] #317 attempt=1/2 status=200 0.423s url=https://www.myfonts.com/products/soft-semi-expanded-sweet-hearts-1180173
[2026-07-26T08:42:06Z] #318 attempt=1/2 status=200 0.626s url=https://www.myfonts.com/collections/sweet-hearts-font-gatype/
[2026-07-26T08:42:07Z] #319 attempt=1/2 status=200 0.379s url=https://www.myfonts.com/products/smelly-taxi-pro-complete-family-package-1183621
[2026-07-26T08:42:08Z] #320 attempt=1/2 status=200 0.735s url=https://www.myfonts.com/collections/smelly-taxi-pro-font-hanoded/
[2026-07-26T08:42:09Z] #321 attempt=1/2 status=200 0.618s url=https://www.myfonts.com/products/semi-expanded-slant-italic-hilsfiger-1179934
[2026-07-26T08:42:10Z] #322 attempt=1/2 status=200 0.953s url=https://www.myfonts.com/collections/hilsfiger-font-gatype/
[2026-07-26T08:42:11Z] #323 attempt=1/2 status=200 0.482s url=https://www.myfonts.com/products/alternates-italic-motorsport-1179764
[2026-07-26T08:42:11Z] #324 attempt=1/2 status=200 0.566s url=https://www.myfonts.com/collections/motorsport-font-mevstory-studio/
[2026-07-26T08:42:14Z] #325 attempt=1/2 status=200 2.470s url=https://www.myfonts.com/products/soft-semi-bold-semi-condensed-italic-eunabil-1179287
[2026-07-26T08:42:18Z] #326 attempt=1/2 status=500 3.065s url=https://www.myfonts.com/collections/eunabil-font-fontdroe/
[2026-07-26T08:42:18Z] #327 attempt=1/2 status=404 0.249s url=https://www.myfonts.com/collections/soft-semi-bold-semi-condensed-italic-eunabil-1179287-font-fontdroe
[2026-07-26T08:42:19Z] #328 attempt=1/2 status=200 0.670s url=https://www.myfonts.com/products/soft-expanded-hello-bosnia-serif-1179746
[2026-07-26T08:42:20Z] #329 attempt=1/2 status=200 1.213s url=https://www.myfonts.com/collections/hello-bosnia-serif-font-gatype/
[2026-07-26T08:42:21Z] #330 attempt=1/2 status=200 0.471s url=https://www.myfonts.com/products/semi-condensed-glories-1179710
[2026-07-26T08:42:22Z] #331 attempt=1/2 status=200 0.681s url=https://www.myfonts.com/collections/glories-font-gatype/
[2026-07-26T08:42:23Z] #332 attempt=1/2 status=200 0.663s url=https://www.myfonts.com/products/semi-condensed-flanela-1179692
[2026-07-26T08:42:24Z] #333 attempt=1/2 status=200 0.732s url=https://www.myfonts.com/collections/flanela-font-gatype/
[2026-07-26T08:42:25Z] #334 attempt=1/2 status=200 0.651s url=https://www.myfonts.com/products/semi-expanded-epidemic-1179674
[2026-07-26T08:42:26Z] #335 attempt=1/2 status=200 0.636s url=https://www.myfonts.com/collections/epidemic-font-gatype/
[2026-07-26T08:42:27Z] #336 attempt=1/2 status=200 0.484s url=https://www.myfonts.com/products/condensed-dotine-1179656
[2026-07-26T08:42:28Z] #337 attempt=1/2 status=200 0.735s url=https://www.myfonts.com/collections/dotine-font-gatype/
[2026-07-26T08:42:29Z] #338 attempt=1/6 status=200 0.742s url=https://www.myfonts.com/products.json?limit=100&page=16
[2026-07-26T08:42:30Z] #339 attempt=1/2 status=200 0.395s url=https://www.myfonts.com/products/semi-bold-italic-gerstein-1179622
[2026-07-26T08:42:30Z] #340 attempt=1/2 status=200 0.559s url=https://www.myfonts.com/collections/gerstein-font-grezline-studio/
[2026-07-26T08:42:31Z] #341 attempt=1/2 status=200 0.475s url=https://www.myfonts.com/products/light-propilen-1179582
[2026-07-26T08:42:32Z] #342 attempt=1/2 status=200 0.461s url=https://www.myfonts.com/collections/propilen-font-glyphminds-studios/
[2026-07-26T08:42:33Z] #343 attempt=1/2 status=200 0.462s url=https://www.myfonts.com/products/exstra-expanded-slant-regular-gaorge-1179495
[2026-07-26T08:42:33Z] #344 attempt=1/2 status=200 0.521s url=https://www.myfonts.com/collections/gaorge-font-deorde-studio/
[2026-07-26T08:42:34Z] #345 attempt=1/2 status=200 0.461s url=https://www.myfonts.com/products/black-italic-gatega-1181942
[2026-07-26T08:42:35Z] #346 attempt=1/2 status=200 0.678s url=https://www.myfonts.com/collections/gatega-font-agny-hasya-studio/
[2026-07-26T08:42:36Z] #347 attempt=1/2 status=200 0.505s url=https://www.myfonts.com/products/italic-milctey-1179217
[2026-07-26T08:42:37Z] #348 attempt=1/2 status=200 0.343s url=https://www.myfonts.com/collections/milctey-font-agung-sudirman/
[2026-07-26T08:42:37Z] #349 attempt=1/2 status=200 0.529s url=https://www.myfonts.com/products/semi-condensed-slant-dona-siona-1179195
[2026-07-26T08:42:38Z] #350 attempt=1/2 status=200 0.662s url=https://www.myfonts.com/collections/dona-siona-font-gatype/
[2026-07-26T08:42:39Z] #351 attempt=1/2 status=200 0.327s url=https://www.myfonts.com/products/italic-defensive-midfielder-1179458
[2026-07-26T08:42:40Z] #352 attempt=1/2 status=200 0.369s url=https://www.myfonts.com/collections/defensive-midfielder-font-mevstory-studio/
[2026-07-26T08:42:40Z] #353 attempt=1/2 status=200 0.664s url=https://www.myfonts.com/products/soft-condensed-debora-celina-script-1179160
[2026-07-26T08:42:42Z] #354 attempt=1/2 status=200 0.828s url=https://www.myfonts.com/collections/debora-celina-script-font-gatype/
[2026-07-26T08:42:43Z] #355 attempt=1/6 status=200 0.794s url=https://www.myfonts.com/products.json?limit=100&page=17
[2026-07-26T08:42:44Z] #356 attempt=1/2 status=200 0.436s url=https://www.myfonts.com/products/condensed-slant-cresing-1179129
[2026-07-26T08:42:45Z] #357 attempt=1/2 status=200 0.739s url=https://www.myfonts.com/collections/cresing-font-gatype/
[2026-07-26T08:42:45Z] #358 attempt=1/2 status=200 0.327s url=https://www.myfonts.com/products/thin-italic-minez-1183854
[2026-07-26T08:42:46Z] #359 attempt=1/2 status=200 0.510s url=https://www.myfonts.com/collections/minez-font-font-liner/
[2026-07-26T08:42:48Z] #360 attempt=1/6 status=200 0.892s url=https://www.myfonts.com/products.json?limit=100&page=18
[2026-07-26T08:42:48Z] #361 attempt=1/2 status=200 0.400s url=https://www.myfonts.com/products/velodroma-inlines-package-276224
[2026-07-26T08:42:48Z] #362 attempt=1/2 status=429 0.021s url=https://www.myfonts.com/collections/velodroma-font-jan-charvat/
[2026-07-26T08:42:51Z] #363 attempt=2/2 status=200 0.711s url=https://www.myfonts.com/collections/velodroma-font-jan-charvat/
[2026-07-26T08:42:52Z] #364 attempt=1/2 status=200 0.407s url=https://www.myfonts.com/products/velodroma-fullpackage-package-276216
[2026-07-26T08:42:52Z] #365 attempt=1/2 status=200 0.191s url=https://www.myfonts.com/collections/velodroma-font-jan-charvat/
[2026-07-26T08:42:53Z] #366 attempt=1/2 status=200 0.519s url=https://www.myfonts.com/products/globe-grotesk-display-uprights-package-276277
[2026-07-26T08:42:54Z] #367 attempt=1/2 status=200 0.520s url=https://www.myfonts.com/collections/globe-grotesk-display-font-jan-charvat/
[2026-07-26T08:42:55Z] #368 attempt=1/2 status=200 0.310s url=https://www.myfonts.com/products/velodroma-regulars-package-276214
[2026-07-26T08:42:56Z] #369 attempt=1/2 status=200 0.598s url=https://www.myfonts.com/collections/velodroma-font-jan-charvat/
[2026-07-26T08:42:56Z] #370 attempt=1/2 status=200 0.312s url=https://www.myfonts.com/products/globe-grotesk-display-family-package-276250
[2026-07-26T08:42:56Z] #371 attempt=1/2 status=429 0.023s url=https://www.myfonts.com/collections/globe-grotesk-display-font-jan-charvat/
[2026-07-26T08:42:59Z] #372 attempt=2/2 status=200 0.759s url=https://www.myfonts.com/collections/globe-grotesk-display-font-jan-charvat/
[2026-07-26T08:43:00Z] #373 attempt=1/2 status=200 0.297s url=https://www.myfonts.com/products/velodroma-basics-package-276220
[2026-07-26T08:43:01Z] #374 attempt=1/2 status=200 0.628s url=https://www.myfonts.com/collections/velodroma-font-jan-charvat/
[2026-07-26T08:43:02Z] #375 attempt=1/2 status=200 0.395s url=https://www.myfonts.com/products/medium-italic-globe-grotesk-display-276253
[2026-07-26T08:43:02Z] #376 attempt=1/2 status=200 0.597s url=https://www.myfonts.com/collections/globe-grotesk-display-font-jan-charvat/
[2026-07-26T08:43:03Z] #377 attempt=1/2 status=200 0.395s url=https://www.myfonts.com/products/bold-globe-grotesk-display-276270
[2026-07-26T08:43:03Z] #378 attempt=1/2 status=200 0.160s url=https://www.myfonts.com/collections/globe-grotesk-display-font-jan-charvat/
[2026-07-26T08:43:04Z] #379 attempt=1/2 status=200 0.323s url=https://www.myfonts.com/products/regular-globe-grotesk-display-276246
[2026-07-26T08:43:04Z] #380 attempt=1/2 status=429 0.017s url=https://www.myfonts.com/collections/globe-grotesk-display-font-jan-charvat/
[2026-07-26T08:43:07Z] #381 attempt=2/2 status=200 0.286s url=https://www.myfonts.com/collections/globe-grotesk-display-font-jan-charvat/
[2026-07-26T08:43:07Z] #382 attempt=1/2 status=200 0.357s url=https://www.myfonts.com/products/italic-globe-grotesk-display-276267
[2026-07-26T08:43:08Z] #383 attempt=1/2 status=200 0.186s url=https://www.myfonts.com/collections/globe-grotesk-display-font-jan-charvat/
[2026-07-26T08:43:09Z] #384 attempt=1/2 status=200 0.408s url=https://www.myfonts.com/products/extrabold-italic-globe-grotesk-display-276265
[2026-07-26T08:43:09Z] #385 attempt=1/2 status=200 0.193s url=https://www.myfonts.com/collections/globe-grotesk-display-font-jan-charvat/
[2026-07-26T08:43:09Z] #386 attempt=1/2 status=429 0.018s url=https://www.myfonts.com/products/bold-italic-globe-grotesk-display-276258
[2026-07-26T08:43:12Z] #387 attempt=2/2 status=200 0.438s url=https://www.myfonts.com/products/bold-italic-globe-grotesk-display-276258
[2026-07-26T08:43:12Z] #388 attempt=1/2 status=200 0.179s url=https://www.myfonts.com/collections/globe-grotesk-display-font-jan-charvat/
[2026-07-26T08:43:13Z] #389 attempt=1/2 status=200 0.318s url=https://www.myfonts.com/products/medium-globe-grotesk-display-276256
[2026-07-26T08:43:13Z] #390 attempt=1/2 status=200 0.190s url=https://www.myfonts.com/collections/globe-grotesk-display-font-jan-charvat/
[2026-07-26T08:43:14Z] #391 attempt=1/2 status=200 0.326s url=https://www.myfonts.com/products/extrabold-globe-grotesk-display-276262
[2026-07-26T08:43:14Z] #392 attempt=1/2 status=429 0.017s url=https://www.myfonts.com/collections/globe-grotesk-display-font-jan-charvat/
[2026-07-26T08:43:17Z] #393 attempt=2/2 status=200 0.253s url=https://www.myfonts.com/collections/globe-grotesk-display-font-jan-charvat/
[2026-07-26T08:43:18Z] #394 attempt=1/2 status=200 1.356s url=https://www.myfonts.com/products/black-extra-expanded-matson-1179916
[2026-07-26T08:43:21Z] #395 attempt=1/2 status=200 2.344s url=https://www.myfonts.com/collections/matson-font-josstype/
[2026-07-26T08:43:22Z] #396 attempt=1/2 status=200 0.295s url=https://www.myfonts.com/products/regular-charlotte-garling-1185221
[2026-07-26T08:43:23Z] #397 attempt=1/2 status=200 0.416s url=https://www.myfonts.com/collections/charlotte-garling-font-alcode/
[2026-07-26T08:43:24Z] #398 attempt=1/6 status=200 0.904s url=https://www.myfonts.com/products.json?limit=100&page=19
[2026-07-26T08:43:26Z] #399 attempt=1/6 status=200 1.010s url=https://www.myfonts.com/products.json?limit=100&page=20
[2026-07-26T08:43:26Z] #400 attempt=1/2 status=200 0.437s url=https://www.myfonts.com/products/soft-semi-condensed-sweet-vusstain-1181308
[2026-07-26T08:43:27Z] #401 attempt=1/2 status=200 0.673s url=https://www.myfonts.com/collections/sweet-vusstain-font-gatype/
[2026-07-26T08:43:28Z] #402 attempt=1/2 status=200 0.294s url=https://www.myfonts.com/products/regular-monkade-1185548
[2026-07-26T08:43:28Z] #403 attempt=1/2 status=200 0.303s url=https://www.myfonts.com/collections/monkade-font-bimaksara/
[2026-07-26T08:43:29Z] #404 attempt=1/2 status=200 0.511s url=https://www.myfonts.com/products/tt-commons-pro-expanded-ge-light-italic-tt-commons-pro-georgian-1182373
[2026-07-26T08:43:30Z] #405 attempt=1/2 status=200 0.482s url=https://www.myfonts.com/collections/tt-commons-pro-georgian-font-typetype/
[2026-07-26T08:43:31Z] #406 attempt=1/2 status=200 0.330s url=https://www.myfonts.com/products/italic-snippers-pro-1182507
[2026-07-26T08:43:31Z] #407 attempt=1/2 status=200 0.543s url=https://www.myfonts.com/collections/snippers-pro-font-hanoded/
[2026-07-26T08:43:32Z] #408 attempt=1/2 status=200 0.493s url=https://www.myfonts.com/products/dream-type-bundle-package-678547
[2026-07-26T08:43:33Z] #409 attempt=1/2 status=404 0.171s url=https://www.myfonts.com/collections/dream-type-bundle-font-vp-creative-shop
[2026-07-26T08:43:33Z] #410 attempt=1/2 status=200 0.322s url=https://www.myfonts.com/products/yours-truly-complete-family-package-1163992
[2026-07-26T08:43:33Z] #411 attempt=1/2 status=429 0.021s url=https://www.myfonts.com/collections/yours-truly-font-mans-greback/
[2026-07-26T08:43:36Z] #412 attempt=2/2 status=200 0.415s url=https://www.myfonts.com/collections/yours-truly-font-mans-greback/
[2026-07-26T08:43:37Z] #413 attempt=1/2 status=200 0.412s url=https://www.myfonts.com/products/transport-new-original-family-package-1187484
[2026-07-26T08:43:37Z] #414 attempt=1/2 status=200 0.513s url=https://www.myfonts.com/collections/transport-new-font-k-type/
[2026-07-26T08:43:39Z] #415 attempt=1/6 status=200 0.973s url=https://www.myfonts.com/products.json?limit=100&page=21
[2026-07-26T08:43:39Z] #416 attempt=1/2 status=200 0.335s url=https://www.myfonts.com/products/design-spirit-complete-family-package-1185761
[2026-07-26T08:43:40Z] #417 attempt=1/2 status=200 0.396s url=https://www.myfonts.com/collections/design-spirit-font-shape-studio/
[2026-07-26T08:43:40Z] #418 attempt=1/2 status=429 0.017s url=https://www.myfonts.com/products/klopfzeichen-complete-family-package-1185043
[2026-07-26T08:43:43Z] #419 attempt=2/2 status=200 0.574s url=https://www.myfonts.com/products/klopfzeichen-complete-family-package-1185043
[2026-07-26T08:43:44Z] #420 attempt=1/2 status=200 0.336s url=https://www.myfonts.com/collections/klopfzeichen-font-mysterian/
[2026-07-26T08:43:44Z] #421 attempt=1/2 status=200 0.414s url=https://www.myfonts.com/products/ibar-sans-complete-family-package-1184662
[2026-07-26T08:43:45Z] #422 attempt=1/2 status=200 0.585s url=https://www.myfonts.com/collections/ibar-sans-font-ibar-fonts/
[2026-07-26T08:43:46Z] #423 attempt=1/2 status=200 0.488s url=https://www.myfonts.com/products/herova-italic-complete-family-package-1179992
[2026-07-26T08:43:47Z] #424 attempt=1/2 status=200 0.629s url=https://www.myfonts.com/collections/herova-italic-font-gatype/
[2026-07-26T08:43:48Z] #425 attempt=1/2 status=200 0.814s url=https://www.myfonts.com/products/venera-complete-family-package-1185091
[2026-07-26T08:43:49Z] #426 attempt=1/2 status=200 0.775s url=https://www.myfonts.com/collections/venera-font-the-ampersand-forest/
[2026-07-26T08:43:50Z] #427 attempt=1/2 status=200 0.512s url=https://www.myfonts.com/products/maison-neue-regular-pack-package-1185268
[2026-07-26T08:43:51Z] #428 attempt=1/2 status=200 0.742s url=https://www.myfonts.com/collections/maison-neue-font-milieu-grotesque/
[2026-07-26T08:43:52Z] #429 attempt=1/2 status=200 0.300s url=https://www.myfonts.com/products/velick-complete-family-package-1180165
[2026-07-26T08:43:52Z] #430 attempt=1/2 status=200 0.323s url=https://www.myfonts.com/collections/velick-font-zaain-type/
[2026-07-26T08:43:53Z] #431 attempt=1/2 status=200 0.320s url=https://www.myfonts.com/products/vermillion-complete-family-package-1163988
[2026-07-26T08:43:53Z] #432 attempt=1/2 status=429 0.018s url=https://www.myfonts.com/collections/vermillion-font-mans-greback/
[2026-07-26T08:43:56Z] #433 attempt=2/2 status=200 0.360s url=https://www.myfonts.com/collections/vermillion-font-mans-greback/
[2026-07-26T08:43:56Z] #434 attempt=1/2 status=200 0.447s url=https://www.myfonts.com/products/olyford-pro-basic-package-1184685
[2026-07-26T08:43:57Z] #435 attempt=1/2 status=200 0.576s url=https://www.myfonts.com/collections/olyford-pro-font-nicolass-fonts/
[2026-07-26T08:43:58Z] #436 attempt=1/2 status=200 0.347s url=https://www.myfonts.com/products/magnes-complete-family-package-1185099
[2026-07-26T08:43:59Z] #437 attempt=1/2 status=200 0.419s url=https://www.myfonts.com/collections/magnes-font-roman-melikhov/
[2026-07-26T08:43:59Z] #438 attempt=1/2 status=200 0.343s url=https://www.myfonts.com/products/rosminda-brush-complete-family-package-1179959
[2026-07-26T08:44:00Z] #439 attempt=1/2 status=429 0.020s url=https://www.myfonts.com/collections/rosminda-brush-font-shape-studio/
[2026-07-26T08:44:02Z] #440 attempt=2/2 status=200 0.447s url=https://www.myfonts.com/collections/rosminda-brush-font-shape-studio/
[2026-07-26T08:44:03Z] #441 attempt=1/2 status=200 0.415s url=https://www.myfonts.com/products/hinobie-complete-family-package-1179965
[2026-07-26T08:44:04Z] #442 attempt=1/2 status=200 0.547s url=https://www.myfonts.com/collections/hinobie-font-gatype/
[2026-07-26T08:44:05Z] #443 attempt=1/2 status=200 0.633s url=https://www.myfonts.com/products/kanyon-normal-family-package-1184942
[2026-07-26T08:44:06Z] #444 attempt=1/2 status=200 1.055s url=https://www.myfonts.com/collections/kanyon-font-hurufatfont-type-foundry/
[2026-07-26T08:44:08Z] #445 attempt=1/2 status=200 1.146s url=https://www.myfonts.com/products/glogmy-complete-family-package-1180014
[2026-07-26T08:44:09Z] #446 attempt=1/2 status=200 1.483s url=https://www.myfonts.com/collections/glogmy-font-aqeela-studio/
[2026-07-26T08:44:10Z] #447 attempt=1/2 status=200 0.318s url=https://www.myfonts.com/products/bongseon-complete-family-package-1179768
[2026-07-26T08:44:11Z] #448 attempt=1/2 status=200 0.350s url=https://www.myfonts.com/collections/bongseon-font-made-deduk/
[2026-07-26T08:44:12Z] #449 attempt=1/2 status=200 0.308s url=https://www.myfonts.com/products/mediate-complete-family-package-1183866
[2026-07-26T08:44:12Z] #450 attempt=1/2 status=200 0.344s url=https://www.myfonts.com/collections/mediate-font-ragamkata/
[2026-07-26T08:44:13Z] #451 attempt=1/2 status=200 0.477s url=https://www.myfonts.com/products/mistoni-complete-family-package-1180420
[2026-07-26T08:44:14Z] #452 attempt=1/2 status=200 0.773s url=https://www.myfonts.com/collections/mistoni-font-gatype/
[2026-07-26T08:44:16Z] #453 attempt=1/6 status=200 1.059s url=https://www.myfonts.com/products.json?limit=100&page=22
[2026-07-26T08:44:17Z] #454 attempt=1/6 status=200 0.827s url=https://www.myfonts.com/products.json?limit=100&page=23
[2026-07-26T08:44:18Z] #455 attempt=1/2 status=200 0.321s url=https://www.myfonts.com/products/regular-calvirel-1179987
[2026-07-26T08:44:18Z] #456 attempt=1/2 status=200 0.372s url=https://www.myfonts.com/collections/calvirel-font-only-fonts/
[2026-07-26T08:44:19Z] #457 attempt=1/2 status=200 0.314s url=https://www.myfonts.com/products/regular-ravendale-1180012
[2026-07-26T08:44:19Z] #458 attempt=1/2 status=200 0.322s url=https://www.myfonts.com/collections/ravendale-font-pictranoosa/
[2026-07-26T08:44:21Z] #459 attempt=1/6 status=200 0.767s url=https://www.myfonts.com/products.json?limit=100&page=24
[2026-07-26T08:44:21Z] #460 attempt=1/2 status=200 0.307s url=https://www.myfonts.com/products/regular-monaris-1179759
[2026-07-26T08:44:21Z] #461 attempt=1/2 status=429 0.021s url=https://www.myfonts.com/collections/monaris-font-typoraith-co/
[2026-07-26T08:44:24Z] #462 attempt=2/2 status=200 0.321s url=https://www.myfonts.com/collections/monaris-font-typoraith-co/
[2026-07-26T08:44:25Z] #463 attempt=1/6 status=200 0.814s url=https://www.myfonts.com/products.json?limit=100&page=25
[2026-07-26T08:44:26Z] #464 attempt=1/2 status=200 0.298s url=https://www.myfonts.com/products/regular-timeline-1180164
[2026-07-26T08:44:26Z] #465 attempt=1/2 status=200 0.309s url=https://www.myfonts.com/collections/timeline-font-vermilione/
[2026-07-26T08:44:27Z] #466 attempt=1/2 status=200 0.294s url=https://www.myfonts.com/products/regular-fresh-promise-1183879
[2026-07-26T08:44:27Z] #467 attempt=1/2 status=200 0.283s url=https://www.myfonts.com/collections/fresh-promise-font-seemly-fonts/
[2026-07-26T08:44:28Z] #468 attempt=1/2 status=200 0.256s url=https://www.myfonts.com/products/regular-silvoria-1179985
[2026-07-26T08:44:28Z] #469 attempt=1/2 status=429 0.020s url=https://www.myfonts.com/collections/silvoria-font-only-fonts/
[2026-07-26T08:44:31Z] #470 attempt=2/2 status=200 0.360s url=https://www.myfonts.com/collections/silvoria-font-only-fonts/
[2026-07-26T08:44:31Z] summary releases=6 first_429=(83, 'https://www.myfonts.com/products/esmeralda-complete-family-package-1181923', 0.020472288131713867) log_file=state/myfonts_run_20260726_083629.log
[2026-07-26T08:44:31Z] === MyFonts crawl end ===
