[2026-09-16T11:20:56Z] checkpoint fresh next_page=1 path=state/myfonts_crawl_checkpoint.json
[2026-09-16T11:20:56Z] === MyFonts crawl start source=myfonts ===
[2026-09-16T11:20:56Z] config max_pages=25 page_size=100 start_date=2026-09-15 end_date=2026-09-16 api_delay=0.5s detail_delay=0.2s max_debut_checks=400 max_tech_specs_checks=200 reuse_success_profile=False always_enrich_packages=True language_script_signal_mode=strong force_fresh_run=False start_page=1 browser_mode=False browser_headless=True browser_storage_state_path=state/myfonts_storage_state.json
[2026-09-16T11:20:58Z] #1 attempt=1/6 status=200 1.346s url=https://www.myfonts.com/products.json?limit=100&page=1
[2026-09-16T11:20:58Z] #2 attempt=1/2 status=200 0.467s url=https://www.myfonts.com/products/kind-hangul-complete-family-package-1225398
[2026-09-16T11:20:59Z] #3 attempt=1/2 status=200 0.434s url=https://www.myfonts.com/collections/kind-hangul-font-attype-studio/
[2026-09-16T11:21:00Z] #4 attempt=1/2 status=200 0.452s url=https://www.myfonts.com/collections/kind-hangul-font-attype-studio/?tab=techSpecs
[2026-09-16T11:21:01Z] #5 attempt=1/2 status=200 0.454s url=https://www.myfonts.com/products/ot-magnet-mono-complete-family-package-1225475
[2026-09-16T11:21:02Z] #6 attempt=1/2 status=200 0.665s url=https://www.myfonts.com/collections/ot-magnet-mono-font-oz-design/
[2026-09-16T11:21:03Z] #7 attempt=1/2 status=200 0.457s url=https://www.myfonts.com/collections/ot-magnet-mono-font-oz-design/?tab=techSpecs
[2026-09-16T11:21:05Z] #8 attempt=1/2 status=200 1.585s url=https://www.myfonts.com/products/sogreth-complete-family-package-1224733
[2026-09-16T11:21:07Z] #9 attempt=1/2 status=200 1.445s url=https://www.myfonts.com/collections/sogreth-font-existype/
[2026-09-16T11:21:09Z] #10 attempt=1/2 status=200 1.507s url=https://www.myfonts.com/collections/sogreth-font-existype/?tab=techSpecs
[2026-09-16T11:21:10Z] #11 attempt=1/2 status=200 0.360s url=https://www.myfonts.com/products/tfc-fragile-complete-family-package-1224932
[2026-09-16T11:21:11Z] #12 attempt=1/2 status=200 0.394s url=https://www.myfonts.com/collections/tfc-fragile-font-typeflock/
[2026-09-16T11:21:11Z] #13 attempt=1/2 status=200 0.193s url=https://www.myfonts.com/collections/tfc-fragile-font-typeflock/?tab=techSpecs
[2026-09-16T11:21:12Z] #14 attempt=1/2 status=200 0.309s url=https://www.myfonts.com/products/vielotta-serif-complete-family-package-1225395
[2026-09-16T11:21:13Z] #15 attempt=1/2 status=200 0.384s url=https://www.myfonts.com/collections/vielotta-serif-font-amorfa-type/
[2026-09-16T11:21:13Z] #16 attempt=1/2 status=200 0.206s url=https://www.myfonts.com/collections/vielotta-serif-font-amorfa-type/?tab=techSpecs
[2026-09-16T11:21:14Z] #17 attempt=1/2 status=200 0.256s url=https://www.myfonts.com/products/goverda-complete-family-package-1225472
[2026-09-16T11:21:15Z] #18 attempt=1/2 status=200 0.398s url=https://www.myfonts.com/collections/goverda-font-font-liner/
[2026-09-16T11:21:15Z] #19 attempt=1/2 status=200 0.206s url=https://www.myfonts.com/collections/goverda-font-font-liner/?tab=techSpecs
[2026-09-16T11:21:17Z] #20 attempt=1/2 status=200 0.357s url=https://www.myfonts.com/products/recoils-complete-family-package-1224730
[2026-09-16T11:21:17Z] #21 attempt=1/2 status=200 0.324s url=https://www.myfonts.com/collections/recoils-font-zaain-type/
[2026-09-16T11:21:18Z] #22 attempt=1/2 status=200 0.211s url=https://www.myfonts.com/collections/recoils-font-zaain-type/?tab=techSpecs
[2026-09-16T11:21:19Z] #23 attempt=1/2 status=200 0.421s url=https://www.myfonts.com/products/serifant-complete-family-package-1224920
[2026-09-16T11:21:19Z] #24 attempt=1/2 status=200 0.565s url=https://www.myfonts.com/collections/serifant-font-lettertype-studio/
[2026-09-16T11:21:20Z] #25 attempt=1/2 status=200 0.251s url=https://www.myfonts.com/collections/serifant-font-lettertype-studio/?tab=techSpecs
[2026-09-16T11:21:21Z] #26 attempt=1/2 status=200 0.359s url=https://www.myfonts.com/products/kiava-complete-family-package-1225392
[2026-09-16T11:21:22Z] #27 attempt=1/2 status=200 0.422s url=https://www.myfonts.com/collections/kiava-font-salamahtype/
[2026-09-16T11:21:22Z] #28 attempt=1/2 status=200 0.270s url=https://www.myfonts.com/collections/kiava-font-salamahtype/?tab=techSpecs
[2026-09-16T11:21:24Z] #29 attempt=1/2 status=200 0.585s url=https://www.myfonts.com/products/copo-copo-complete-family-package-1224900
[2026-09-16T11:21:25Z] #30 attempt=1/2 status=200 0.633s url=https://www.myfonts.com/collections/copo-copo-font-casloop-studio/
[2026-09-16T11:21:25Z] #31 attempt=1/2 status=200 0.307s url=https://www.myfonts.com/collections/copo-copo-font-casloop-studio/?tab=techSpecs
[2026-09-16T11:21:27Z] #32 attempt=1/2 status=200 0.545s url=https://www.myfonts.com/products/nerro-complete-family-package-1225455
[2026-09-16T11:21:28Z] #33 attempt=1/2 status=200 0.573s url=https://www.myfonts.com/collections/nerro-font-pictranoosa/
[2026-09-16T11:21:29Z] #34 attempt=1/2 status=200 0.255s url=https://www.myfonts.com/collections/nerro-font-pictranoosa/?tab=techSpecs
[2026-09-16T11:21:30Z] #35 attempt=1/2 status=200 0.308s url=https://www.myfonts.com/products/fedgloya-complete-family-package-1224708
[2026-09-16T11:21:30Z] #36 attempt=1/2 status=200 0.441s url=https://www.myfonts.com/collections/fedgloya-font-rvandtype/
[2026-09-16T11:21:31Z] #37 attempt=1/2 status=200 0.384s url=https://www.myfonts.com/collections/fedgloya-font-rvandtype/?tab=techSpecs
[2026-09-16T11:21:33Z] #38 attempt=1/2 status=200 1.852s url=https://www.myfonts.com/products/be-part-estetic-package-1225379
[2026-09-16T11:21:37Z] #39 attempt=1/2 status=200 2.906s url=https://www.myfonts.com/collections/be-part-font-groenstudio/
[2026-09-16T11:21:43Z] #40 attempt=1/2 status=200 4.379s url=https://www.myfonts.com/collections/be-part-font-groenstudio/?tab=techSpecs
[2026-09-16T11:21:45Z] #41 attempt=1/2 status=200 0.328s url=https://www.myfonts.com/products/aera-condensed-complete-family-package-1225440
[2026-09-16T11:21:45Z] #42 attempt=1/2 status=200 0.508s url=https://www.myfonts.com/collections/aera-condensed-font-md-type/
[2026-09-16T11:21:46Z] #43 attempt=1/2 status=200 0.442s url=https://www.myfonts.com/collections/aera-condensed-font-md-type/?tab=techSpecs
[2026-09-16T11:21:47Z] #44 attempt=1/2 status=200 0.340s url=https://www.myfonts.com/products/murisa-suchtelen-complete-family-package-1224704
[2026-09-16T11:21:48Z] #45 attempt=1/2 status=200 0.334s url=https://www.myfonts.com/collections/murisa-suchtelen-font-murisa-studio/
[2026-09-16T11:21:49Z] #46 attempt=1/2 status=200 0.410s url=https://www.myfonts.com/collections/murisa-suchtelen-font-murisa-studio/?tab=techSpecs
[2026-09-16T11:21:50Z] #47 attempt=1/2 status=200 0.300s url=https://www.myfonts.com/products/brain-eater-complete-family-package-1224883
[2026-09-16T11:21:50Z] #48 attempt=1/2 status=200 0.395s url=https://www.myfonts.com/collections/brain-eater-font-bale-type/
[2026-09-16T11:21:51Z] #49 attempt=1/2 status=200 0.360s url=https://www.myfonts.com/collections/brain-eater-font-bale-type/?tab=techSpecs
[2026-09-16T11:21:52Z] #50 attempt=1/2 status=200 0.412s url=https://www.myfonts.com/products/bombehond-1993-complete-family-package-1225532
[2026-09-16T11:21:53Z] #51 attempt=1/2 status=200 0.461s url=https://www.myfonts.com/collections/bombehond-1993-font-owl-king-project/
[2026-09-16T11:21:54Z] #52 attempt=1/2 status=200 0.568s url=https://www.myfonts.com/collections/bombehond-1993-font-owl-king-project/?tab=techSpecs
[2026-09-16T11:21:55Z] #53 attempt=1/2 status=200 0.450s url=https://www.myfonts.com/products/aera-complete-family-package-1225429
[2026-09-16T11:21:56Z] #54 attempt=1/2 status=200 0.485s url=https://www.myfonts.com/collections/aera-font-md-type/
[2026-09-16T11:21:56Z] #55 attempt=1/2 status=200 0.406s url=https://www.myfonts.com/collections/aera-font-md-type/?tab=techSpecs
[2026-09-16T11:21:58Z] #56 attempt=1/2 status=200 0.883s url=https://www.myfonts.com/products/lunaverac-complete-family-package-1224613
[2026-09-16T11:21:59Z] #57 attempt=1/2 status=200 1.169s url=https://www.myfonts.com/collections/lunaverac-font-weformera-studio/
[2026-09-16T11:22:01Z] #58 attempt=1/2 status=200 1.205s url=https://www.myfonts.com/collections/lunaverac-font-weformera-studio/?tab=techSpecs
[2026-09-16T11:22:03Z] #59 attempt=1/2 status=200 0.291s url=https://www.myfonts.com/products/kiku-complete-family-package-1224872
[2026-09-16T11:22:03Z] #60 attempt=1/2 status=200 0.446s url=https://www.myfonts.com/collections/kiku-font-md-type/
[2026-09-16T11:22:04Z] #61 attempt=1/2 status=200 0.236s url=https://www.myfonts.com/collections/kiku-font-md-type/?tab=techSpecs
[2026-09-16T11:22:06Z] #62 attempt=1/2 status=200 0.341s url=https://www.myfonts.com/products/bouncy-bites-complete-family-package-1225062
[2026-09-16T11:22:06Z] #63 attempt=1/2 status=200 0.305s url=https://www.myfonts.com/collections/bouncy-bites-font-salamahtype/
[2026-09-16T11:22:07Z] #64 attempt=1/2 status=200 0.367s url=https://www.myfonts.com/collections/bouncy-bites-font-salamahtype/?tab=techSpecs
[2026-09-16T11:22:08Z] #65 attempt=1/2 status=200 0.674s url=https://www.myfonts.com/products/grasso-complete-family-package-1225490
[2026-09-16T11:22:09Z] #66 attempt=1/2 status=200 0.741s url=https://www.myfonts.com/collections/grasso-font-unio-creative-solutions/
[2026-09-16T11:22:10Z] #67 attempt=1/2 status=200 0.647s url=https://www.myfonts.com/collections/grasso-font-unio-creative-solutions/?tab=techSpecs
[2026-09-16T11:22:11Z] #68 attempt=1/2 status=200 0.366s url=https://www.myfonts.com/products/raftile-complete-family-package-1225410
[2026-09-16T11:22:12Z] #69 attempt=1/2 status=200 0.647s url=https://www.myfonts.com/collections/raftile-font-vermilione/
[2026-09-16T11:22:13Z] #70 attempt=1/2 status=200 0.535s url=https://www.myfonts.com/collections/raftile-font-vermilione/?tab=techSpecs
[2026-09-16T11:22:14Z] #71 attempt=1/2 status=200 0.412s url=https://www.myfonts.com/products/evenstar-complete-family-package-1224549
[2026-09-16T11:22:15Z] #72 attempt=1/2 status=200 0.513s url=https://www.myfonts.com/collections/evenstar-font-kereatype/
[2026-09-16T11:22:16Z] #73 attempt=1/2 status=200 0.477s url=https://www.myfonts.com/collections/evenstar-font-kereatype/?tab=techSpecs
[2026-09-16T11:22:17Z] #74 attempt=1/2 status=200 0.419s url=https://www.myfonts.com/products/brenco-complete-family-package-1224711
[2026-09-16T11:22:18Z] #75 attempt=1/2 status=200 0.431s url=https://www.myfonts.com/collections/brenco-font-zeenesia-studio/
[2026-09-16T11:22:18Z] #76 attempt=1/2 status=200 0.448s url=https://www.myfonts.com/collections/brenco-font-zeenesia-studio/?tab=techSpecs
[2026-09-16T11:22:19Z] #77 attempt=1/2 status=200 0.333s url=https://www.myfonts.com/products/sound-seekers-complete-family-package-1225399
[2026-09-16T11:22:20Z] #78 attempt=1/2 status=200 0.411s url=https://www.myfonts.com/collections/sound-seekers-font-amorfa-type/
[2026-09-16T11:22:21Z] #79 attempt=1/2 status=200 0.410s url=https://www.myfonts.com/collections/sound-seekers-font-amorfa-type/?tab=techSpecs
[2026-09-16T11:22:22Z] #80 attempt=1/2 status=200 0.417s url=https://www.myfonts.com/products/chaleo-complete-family-package-1225487
[2026-09-16T11:22:23Z] #81 attempt=1/2 status=200 0.414s url=https://www.myfonts.com/collections/chaleo-font-ragamkata/
[2026-09-16T11:22:23Z] #82 attempt=1/2 status=200 0.372s url=https://www.myfonts.com/collections/chaleo-font-ragamkata/?tab=techSpecs
[2026-09-16T11:22:25Z] #83 attempt=1/2 status=200 0.404s url=https://www.myfonts.com/products/visuelt-family-package-package-1224529
[2026-09-16T11:22:25Z] #84 attempt=1/2 status=200 0.460s url=https://www.myfonts.com/collections/visuelt-font-colophon-foundry/
[2026-09-16T11:22:27Z] #85 attempt=1/2 status=200 0.800s url=https://www.myfonts.com/collections/visuelt-font-colophon-foundry/?tab=techSpecs
[2026-09-16T11:22:28Z] #86 attempt=1/2 status=200 0.653s url=https://www.myfonts.com/products/plumb-complete-family-package-1224823
[2026-09-16T11:22:29Z] #87 attempt=1/2 status=200 0.569s url=https://www.myfonts.com/collections/plumb-font-md-type/
[2026-09-16T11:22:29Z] #88 attempt=1/2 status=200 0.362s url=https://www.myfonts.com/collections/plumb-font-md-type/?tab=techSpecs
[2026-09-16T11:22:31Z] #89 attempt=1/6 status=200 0.665s url=https://www.myfonts.com/products.json?limit=100&page=2
[2026-09-16T11:22:32Z] #90 attempt=1/6 status=200 0.700s url=https://www.myfonts.com/products.json?limit=100&page=3
[2026-09-16T11:22:34Z] #91 attempt=1/6 status=200 0.748s url=https://www.myfonts.com/products.json?limit=100&page=4
[2026-09-16T11:22:34Z] #92 attempt=1/2 status=200 0.337s url=https://www.myfonts.com/products/regular-ez-nagtic-1225380
[2026-09-16T11:22:35Z] #93 attempt=1/2 status=200 0.324s url=https://www.myfonts.com/collections/ez-nagtic-font-zafara-studios/
[2026-09-16T11:22:35Z] #94 attempt=1/2 status=200 0.367s url=https://www.myfonts.com/collections/ez-nagtic-font-zafara-studios/?tab=techSpecs
[2026-09-16T11:22:37Z] #95 attempt=1/6 status=200 0.785s url=https://www.myfonts.com/products.json?limit=100&page=5
[2026-09-16T11:22:38Z] #96 attempt=1/6 status=200 0.684s url=https://www.myfonts.com/products.json?limit=100&page=6
[2026-09-16T11:22:40Z] #97 attempt=1/6 status=200 0.867s url=https://www.myfonts.com/products.json?limit=100&page=7
[2026-09-16T11:22:40Z] #98 attempt=1/2 status=200 0.316s url=https://www.myfonts.com/products/regular-racing-starter-1224707
[2026-09-16T11:22:41Z] #99 attempt=1/2 status=200 0.439s url=https://www.myfonts.com/collections/racing-starter-font-dgtype/
[2026-09-16T11:22:42Z] #100 attempt=1/2 status=200 0.325s url=https://www.myfonts.com/collections/racing-starter-font-dgtype/?tab=techSpecs
[2026-09-16T11:22:42Z] #101 attempt=1/2 status=200 0.308s url=https://www.myfonts.com/products/script-winterish-1224931
[2026-09-16T11:22:43Z] #102 attempt=1/2 status=200 0.335s url=https://www.myfonts.com/collections/winterish-font-flavortype/
[2026-09-16T11:22:44Z] #103 attempt=1/2 status=200 0.415s url=https://www.myfonts.com/collections/winterish-font-flavortype/?tab=techSpecs
[2026-09-16T11:22:45Z] #104 attempt=1/2 status=200 0.348s url=https://www.myfonts.com/products/esmira-complete-family-package-1224897
[2026-09-16T11:22:46Z] #105 attempt=1/2 status=200 0.420s url=https://www.myfonts.com/collections/esmira-font-dgsa-type-foundry/
[2026-09-16T11:22:46Z] #106 attempt=1/2 status=200 0.421s url=https://www.myfonts.com/collections/esmira-font-dgsa-type-foundry/?tab=techSpecs
[2026-09-16T11:22:48Z] #107 attempt=1/2 status=200 0.351s url=https://www.myfonts.com/products/groovy-ghoul-complete-family-package-1224867
[2026-09-16T11:22:48Z] #108 attempt=1/2 status=200 0.389s url=https://www.myfonts.com/collections/groovy-ghoul-font-jinan-studio/
[2026-09-16T11:22:49Z] #109 attempt=1/2 status=200 0.188s url=https://www.myfonts.com/collections/groovy-ghoul-font-jinan-studio/?tab=techSpecs
[2026-09-16T11:22:50Z] #110 attempt=1/2 status=200 0.353s url=https://www.myfonts.com/products/deconsider-complete-family-package-1224892
[2026-09-16T11:22:50Z] #111 attempt=1/2 status=200 0.389s url=https://www.myfonts.com/collections/deconsider-font-casloop-studio/
[2026-09-16T11:22:51Z] #112 attempt=1/2 status=200 0.417s url=https://www.myfonts.com/collections/deconsider-font-casloop-studio/?tab=techSpecs
[2026-09-16T11:22:52Z] #113 attempt=1/2 status=200 0.407s url=https://www.myfonts.com/products/les-bridgetise-complete-family-package-1224862
[2026-09-16T11:22:53Z] #114 attempt=1/2 status=200 0.351s url=https://www.myfonts.com/collections/les-bridgetise-font-sarid-ezra/
[2026-09-16T11:22:54Z] #115 attempt=1/2 status=200 0.524s url=https://www.myfonts.com/collections/les-bridgetise-font-sarid-ezra/?tab=techSpecs
[2026-09-16T11:22:55Z] #116 attempt=1/2 status=200 0.342s url=https://www.myfonts.com/products/pattys-diner-complete-family-package-1224888
[2026-09-16T11:22:55Z] #117 attempt=1/2 status=200 0.323s url=https://www.myfonts.com/collections/pattys-diner-font-woodcutter/
[2026-09-16T11:22:56Z] #118 attempt=1/2 status=200 0.208s url=https://www.myfonts.com/collections/pattys-diner-font-woodcutter/?tab=techSpecs
[2026-09-16T11:22:57Z] #119 attempt=1/2 status=200 0.426s url=https://www.myfonts.com/products/robelous-complete-family-package-1224855
[2026-09-16T11:22:57Z] #120 attempt=1/2 status=200 0.297s url=https://www.myfonts.com/collections/robelous-font-arterfak-project/
[2026-09-16T11:22:58Z] #121 attempt=1/2 status=200 0.393s url=https://www.myfonts.com/collections/robelous-font-arterfak-project/?tab=techSpecs
[2026-09-16T11:22:59Z] #122 attempt=1/2 status=200 0.295s url=https://www.myfonts.com/products/lameur-complete-family-package-1224858
[2026-09-16T11:23:00Z] #123 attempt=1/2 status=200 0.461s url=https://www.myfonts.com/collections/lameur-font-hishand-studio/
[2026-09-16T11:23:00Z] #124 attempt=1/2 status=200 0.307s url=https://www.myfonts.com/collections/lameur-font-hishand-studio/?tab=techSpecs
[2026-09-16T11:23:02Z] #125 attempt=1/6 status=200 0.699s url=https://www.myfonts.com/products.json?limit=100&page=8
[2026-09-16T11:23:03Z] #126 attempt=1/2 status=200 0.346s url=https://www.myfonts.com/products/regular-whimney-catcher-1224919
[2026-09-16T11:23:03Z] #127 attempt=1/2 status=200 0.382s url=https://www.myfonts.com/collections/whimney-catcher-font-anxietype-foundry/
[2026-09-16T11:23:04Z] #128 attempt=1/2 status=200 0.370s url=https://www.myfonts.com/collections/whimney-catcher-font-anxietype-foundry/?tab=techSpecs
[2026-09-16T11:23:05Z] #129 attempt=1/2 status=200 0.343s url=https://www.myfonts.com/products/regular-zaferak-1225492
[2026-09-16T11:23:05Z] #130 attempt=1/2 status=200 0.301s url=https://www.myfonts.com/collections/zaferak-font-dgsa-type-foundry/
[2026-09-16T11:23:06Z] #131 attempt=1/2 status=200 0.225s url=https://www.myfonts.com/collections/zaferak-font-dgsa-type-foundry/?tab=techSpecs
[2026-09-16T11:23:07Z] #132 attempt=1/2 status=200 0.363s url=https://www.myfonts.com/products/regular-good-foot-pro-1225542
[2026-09-16T11:23:07Z] #133 attempt=1/2 status=200 0.586s url=https://www.myfonts.com/collections/good-foot-pro-font-pizzadude-dk/
[2026-09-16T11:23:08Z] #134 attempt=1/2 status=200 0.435s url=https://www.myfonts.com/collections/good-foot-pro-font-pizzadude-dk/?tab=techSpecs
[2026-09-16T11:23:10Z] #135 attempt=1/2 status=200 0.352s url=https://www.myfonts.com/products/regular-flamelisse-1225485
[2026-09-16T11:23:10Z] #136 attempt=1/2 status=200 0.341s url=https://www.myfonts.com/collections/flamelisse-font-moontiontype/
[2026-09-16T11:23:11Z] #137 attempt=1/2 status=200 0.330s url=https://www.myfonts.com/collections/flamelisse-font-moontiontype/?tab=techSpecs
[2026-09-16T11:23:12Z] #138 attempt=1/6 status=200 0.827s url=https://www.myfonts.com/products.json?limit=100&page=9
[2026-09-16T11:23:13Z] #139 attempt=1/2 status=200 0.346s url=https://www.myfonts.com/products/light-novran-light-1224940
[2026-09-16T11:23:14Z] #140 attempt=1/2 status=200 0.446s url=https://www.myfonts.com/collections/novran-light-font-dgsa-type-foundry/
[2026-09-16T11:23:14Z] #141 attempt=1/2 status=200 0.345s url=https://www.myfonts.com/collections/novran-light-font-dgsa-type-foundry/?tab=techSpecs
[2026-09-16T11:23:15Z] #142 attempt=1/2 status=200 0.414s url=https://www.myfonts.com/products/regular-roselvine-greetings-1224896
[2026-09-16T11:23:16Z] #143 attempt=1/2 status=200 0.394s url=https://www.myfonts.com/collections/roselvine-greetings-font-letterhend/
[2026-09-16T11:23:16Z] #144 attempt=1/2 status=200 0.326s url=https://www.myfonts.com/collections/roselvine-greetings-font-letterhend/?tab=techSpecs
[2026-09-16T11:23:17Z] #145 attempt=1/2 status=200 0.285s url=https://www.myfonts.com/products/regular-rafion-1224891
[2026-09-16T11:23:18Z] #146 attempt=1/2 status=200 0.286s url=https://www.myfonts.com/collections/rafion-font-inviline/
[2026-09-16T11:23:18Z] #147 attempt=1/2 status=200 0.447s url=https://www.myfonts.com/collections/rafion-font-inviline/?tab=techSpecs
[2026-09-16T11:23:19Z] #148 attempt=1/2 status=200 0.315s url=https://www.myfonts.com/products/regular-radical-fighter-1225529
[2026-09-16T11:23:20Z] #149 attempt=1/2 status=200 0.331s url=https://www.myfonts.com/collections/radical-fighter-font-mvmet/
[2026-09-16T11:23:20Z] #150 attempt=1/2 status=200 0.260s url=https://www.myfonts.com/collections/radical-fighter-font-mvmet/?tab=techSpecs
[2026-09-16T11:23:21Z] #151 attempt=1/2 status=200 0.304s url=https://www.myfonts.com/products/regular-asmy-1224852
[2026-09-16T11:23:22Z] #152 attempt=1/2 status=200 0.419s url=https://www.myfonts.com/collections/asmy-font-letternesia-studio/
[2026-09-16T11:23:22Z] #153 attempt=1/2 status=200 0.253s url=https://www.myfonts.com/collections/asmy-font-letternesia-studio/?tab=techSpecs
[2026-09-16T11:23:23Z] #154 attempt=1/2 status=200 0.300s url=https://www.myfonts.com/products/regular-love-mine-1225486
[2026-09-16T11:23:24Z] #155 attempt=1/2 status=200 0.323s url=https://www.myfonts.com/collections/love-mine-font-moontiontype/
[2026-09-16T11:23:24Z] #156 attempt=1/2 status=200 0.186s url=https://www.myfonts.com/collections/love-mine-font-moontiontype/?tab=techSpecs
[2026-09-16T11:23:25Z] #157 attempt=1/2 status=200 0.389s url=https://www.myfonts.com/products/regular-rigade-1225531
[2026-09-16T11:23:26Z] #158 attempt=1/2 status=200 0.317s url=https://www.myfonts.com/collections/rigade-font-aiquitype/
[2026-09-16T11:23:26Z] #159 attempt=1/2 status=200 0.322s url=https://www.myfonts.com/collections/rigade-font-aiquitype/?tab=techSpecs
[2026-09-16T11:23:27Z] #160 attempt=1/2 status=200 0.345s url=https://www.myfonts.com/products/regular-maroes-1225530
[2026-09-16T11:23:28Z] #161 attempt=1/2 status=200 0.355s url=https://www.myfonts.com/collections/maroes-font-aiquitype/
[2026-09-16T11:23:28Z] #162 attempt=1/2 status=200 0.334s url=https://www.myfonts.com/collections/maroes-font-aiquitype/?tab=techSpecs
[2026-09-16T11:23:30Z] #163 attempt=1/6 status=200 0.764s url=https://www.myfonts.com/products.json?limit=100&page=10
[2026-09-16T11:23:30Z] #164 attempt=1/2 status=200 0.367s url=https://www.myfonts.com/products/yoon-liquid-sans-vf-regular-yoon-liquid-sans-variable-1224853
[2026-09-16T11:23:31Z] #165 attempt=1/2 status=200 0.341s url=https://www.myfonts.com/collections/yoon-liquid-sans-variable-font-yoon-design/
[2026-09-16T11:23:32Z] #166 attempt=1/2 status=200 0.354s url=https://www.myfonts.com/collections/yoon-liquid-sans-variable-font-yoon-design/?tab=techSpecs
[2026-09-16T11:23:33Z] #167 attempt=1/2 status=200 0.283s url=https://www.myfonts.com/products/regular-the-arkanes-handmade-1224941
[2026-09-16T11:23:34Z] #168 attempt=1/2 status=200 0.377s url=https://www.myfonts.com/collections/the-arkanes-handmade-font-gleb-guralnyk/
[2026-09-16T11:23:34Z] #169 attempt=1/2 status=200 0.173s url=https://www.myfonts.com/collections/the-arkanes-handmade-font-gleb-guralnyk/?tab=techSpecs
[2026-09-16T11:23:35Z] #170 attempt=1/2 status=200 0.398s url=https://www.myfonts.com/products/cronova-complete-family-package-1224594
[2026-09-16T11:23:36Z] #171 attempt=1/2 status=200 0.578s url=https://www.myfonts.com/collections/cronova-font-eotype/
[2026-09-16T11:23:37Z] #172 attempt=1/2 status=200 0.560s url=https://www.myfonts.com/collections/cronova-font-eotype/?tab=techSpecs
[2026-09-16T11:23:38Z] #173 attempt=1/2 status=200 0.354s url=https://www.myfonts.com/products/caramel-sundae-complete-family-package-1224581
[2026-09-16T11:23:38Z] #174 attempt=1/2 status=200 0.327s url=https://www.myfonts.com/collections/caramel-sundae-font-vermilione/
[2026-09-16T11:23:39Z] #175 attempt=1/2 status=200 0.348s url=https://www.myfonts.com/collections/caramel-sundae-font-vermilione/?tab=techSpecs
[2026-09-16T11:23:40Z] #176 attempt=1/2 status=200 0.511s url=https://www.myfonts.com/products/bailon-upright-family-package-1224578
[2026-09-16T11:23:41Z] #177 attempt=1/2 status=200 0.656s url=https://www.myfonts.com/collections/bailon-font-zafira-type/
[2026-09-16T11:23:42Z] #178 attempt=1/2 status=200 0.245s url=https://www.myfonts.com/collections/bailon-font-zafira-type/?tab=techSpecs
[2026-09-16T11:23:43Z] #179 attempt=1/2 status=200 0.327s url=https://www.myfonts.com/products/therry-woggens-complete-family-package-1224585
[2026-09-16T11:23:43Z] #180 attempt=1/2 status=200 0.421s url=https://www.myfonts.com/collections/therry-woggens-font-naufal-paramata/
[2026-09-16T11:23:44Z] #181 attempt=1/2 status=200 0.513s url=https://www.myfonts.com/collections/therry-woggens-font-naufal-paramata/?tab=techSpecs
[2026-09-16T11:23:45Z] #182 attempt=1/2 status=200 0.303s url=https://www.myfonts.com/products/regular-rabbit-station-1224592
[2026-09-16T11:23:46Z] #183 attempt=1/2 status=200 0.302s url=https://www.myfonts.com/collections/rabbit-station-font-mvmet/
[2026-09-16T11:23:46Z] #184 attempt=1/2 status=200 0.243s url=https://www.myfonts.com/collections/rabbit-station-font-mvmet/?tab=techSpecs
[2026-09-16T11:23:47Z] #185 attempt=1/2 status=200 0.313s url=https://www.myfonts.com/products/regular-monne-1224579
[2026-09-16T11:23:48Z] #186 attempt=1/2 status=200 0.344s url=https://www.myfonts.com/collections/monne-font-dareco-studio/
[2026-09-16T11:23:48Z] #187 attempt=1/2 status=200 0.286s url=https://www.myfonts.com/collections/monne-font-dareco-studio/?tab=techSpecs
[2026-09-16T11:23:49Z] #188 attempt=1/2 status=200 0.339s url=https://www.myfonts.com/products/regular-crode-1224580
[2026-09-16T11:23:50Z] #189 attempt=1/2 status=200 0.428s url=https://www.myfonts.com/collections/crode-font-dareco-studio/
[2026-09-16T11:23:50Z] #190 attempt=1/2 status=200 0.317s url=https://www.myfonts.com/collections/crode-font-dareco-studio/?tab=techSpecs
[2026-09-16T11:23:51Z] #191 attempt=1/2 status=200 0.250s url=https://www.myfonts.com/products/regular-somerset-1224584
[2026-09-16T11:23:52Z] #192 attempt=1/2 status=200 0.329s url=https://www.myfonts.com/collections/somerset-font-vampstudio/
[2026-09-16T11:23:52Z] #193 attempt=1/2 status=200 0.299s url=https://www.myfonts.com/collections/somerset-font-vampstudio/?tab=techSpecs
[2026-09-16T11:23:53Z] #194 attempt=1/2 status=200 0.340s url=https://www.myfonts.com/products/regular-third-prize-1224593
[2026-09-16T11:23:54Z] #195 attempt=1/2 status=200 0.323s url=https://www.myfonts.com/collections/third-prize-font-dirty-bandits/
[2026-09-16T11:23:54Z] #196 attempt=1/2 status=200 0.283s url=https://www.myfonts.com/collections/third-prize-font-dirty-bandits/?tab=techSpecs
[2026-09-16T11:23:56Z] #197 attempt=1/2 status=200 0.341s url=https://www.myfonts.com/products/visuelt-variable-complete-family-package-1224546
[2026-09-16T11:23:56Z] #198 attempt=1/2 status=200 0.375s url=https://www.myfonts.com/collections/visuelt-variable-font-colophon-foundry/
[2026-09-16T11:23:57Z] #199 attempt=1/2 status=200 0.360s url=https://www.myfonts.com/collections/visuelt-variable-font-colophon-foundry/?tab=techSpecs
[2026-09-16T11:23:58Z] #200 attempt=1/2 status=200 0.268s url=https://www.myfonts.com/products/click-volume-package-533383
[2026-09-16T11:23:59Z] #201 attempt=1/2 status=200 0.517s url=https://www.myfonts.com/collections/click-font-identikal/
[2026-09-16T11:23:59Z] #202 attempt=1/2 status=200 0.350s url=https://www.myfonts.com/collections/click-font-identikal/?tab=techSpecs
[2026-09-16T11:24:00Z] #203 attempt=1/2 status=200 0.236s url=https://www.myfonts.com/collections/click-font-identikal/
[2026-09-16T11:24:01Z] #204 attempt=1/2 status=404 0.271s url=https://www.myfonts.com/collections/click-volume-font-identikal
[2026-09-16T11:24:02Z] #205 attempt=1/2 status=200 0.485s url=https://www.myfonts.com/products/bennu-sans-b-complete-family-pack-package-547330
[2026-09-16T11:24:02Z] #206 attempt=1/2 status=200 0.416s url=https://www.myfonts.com/collections/bennu-sans-b-font-identikal/
[2026-09-16T11:24:03Z] #207 attempt=1/2 status=200 0.174s url=https://www.myfonts.com/collections/bennu-sans-b-font-identikal/?tab=techSpecs
[2026-09-16T11:24:04Z] #208 attempt=1/2 status=200 0.550s url=https://www.myfonts.com/collections/bennu-sans-b-font-identikal/
[2026-09-16T11:24:04Z] #209 attempt=1/2 status=404 0.210s url=https://www.myfonts.com/collections/bennu-sans-b-complete-family-pack-font-identikal
[2026-09-16T11:24:05Z] #210 attempt=1/2 status=200 0.367s url=https://www.myfonts.com/products/22nd-closed-complete-family-pack-package-549956
[2026-09-16T11:24:06Z] #211 attempt=1/2 status=200 0.496s url=https://www.myfonts.com/collections/22nd-font-identikal/
[2026-09-16T11:24:07Z] #212 attempt=1/2 status=200 0.508s url=https://www.myfonts.com/collections/22nd-font-identikal/?tab=techSpecs
[2026-09-16T11:24:08Z] #213 attempt=1/2 status=200 0.272s url=https://www.myfonts.com/collections/22nd-font-identikal/
[2026-09-16T11:24:08Z] #214 attempt=1/2 status=404 0.554s url=https://www.myfonts.com/collections/22nd-closed-complete-family-pack-font-identikal
[2026-09-16T11:24:09Z] #215 attempt=1/6 status=200 0.447s url=https://www.myfonts.com/products.json?limit=100&page=11
[2026-09-16T11:24:10Z] #216 attempt=1/2 status=200 0.373s url=https://www.myfonts.com/products/emporio-complete-family-pack-package-549958
[2026-09-16T11:24:11Z] #217 attempt=1/2 status=200 0.342s url=https://www.myfonts.com/collections/emporio-font-identikal/
[2026-09-16T11:24:11Z] #218 attempt=1/2 status=200 0.269s url=https://www.myfonts.com/collections/emporio-font-identikal/?tab=techSpecs
[2026-09-16T11:24:12Z] #219 attempt=1/2 status=200 0.219s url=https://www.myfonts.com/collections/emporio-font-identikal/
[2026-09-16T11:24:13Z] #220 attempt=1/2 status=404 0.244s url=https://www.myfonts.com/collections/emporio-complete-family-pack-font-identikal
[2026-09-16T11:24:13Z] #221 attempt=1/2 status=200 0.355s url=https://www.myfonts.com/products/identikal-sans-complete-family-pack-package-549959
[2026-09-16T11:24:14Z] #222 attempt=1/2 status=200 0.907s url=https://www.myfonts.com/collections/sans-font-identikal/
[2026-09-16T11:24:15Z] #223 attempt=1/2 status=200 0.208s url=https://www.myfonts.com/collections/sans-font-identikal/?tab=techSpecs
[2026-09-16T11:24:16Z] #224 attempt=1/2 status=200 0.211s url=https://www.myfonts.com/collections/sans-font-identikal/
[2026-09-16T11:24:16Z] #225 attempt=1/2 status=200 0.421s url=https://www.myfonts.com/products/sampler-volume-package-533376
[2026-09-16T11:24:17Z] #226 attempt=1/2 status=200 0.393s url=https://www.myfonts.com/collections/sampler-font-identikal/
[2026-09-16T11:24:18Z] #227 attempt=1/2 status=200 0.319s url=https://www.myfonts.com/collections/sampler-font-identikal/?tab=techSpecs
[2026-09-16T11:24:19Z] #228 attempt=1/2 status=200 0.390s url=https://www.myfonts.com/collections/sampler-font-identikal/
[2026-09-16T11:24:19Z] #229 attempt=1/2 status=404 0.288s url=https://www.myfonts.com/collections/sampler-volume-font-identikal
[2026-09-16T11:24:20Z] #230 attempt=1/2 status=200 0.384s url=https://www.myfonts.com/products/neutraliser-serif-complete-family-pack-package-549965
[2026-09-16T11:24:21Z] #231 attempt=1/2 status=200 0.446s url=https://www.myfonts.com/collections/neutraliser-font-identikal/
[2026-09-16T11:24:21Z] #232 attempt=1/2 status=200 0.445s url=https://www.myfonts.com/collections/neutraliser-font-identikal/?tab=techSpecs
[2026-09-16T11:24:22Z] #233 attempt=1/2 status=200 0.217s url=https://www.myfonts.com/collections/neutraliser-font-identikal/
[2026-09-16T11:24:23Z] #234 attempt=1/2 status=404 0.191s url=https://www.myfonts.com/collections/neutraliser-serif-complete-family-pack-font-identikal
[2026-09-16T11:24:23Z] #235 attempt=1/2 status=200 0.339s url=https://www.myfonts.com/products/positec-volume-package-533385
[2026-09-16T11:24:24Z] #236 attempt=1/2 status=200 0.301s url=https://www.myfonts.com/collections/positec-font-identikal/
[2026-09-16T11:24:24Z] #237 attempt=1/2 status=200 0.190s url=https://www.myfonts.com/collections/positec-font-identikal/?tab=techSpecs
[2026-09-16T11:24:25Z] #238 attempt=1/2 status=200 0.353s url=https://www.myfonts.com/collections/positec-font-identikal/
[2026-09-16T11:24:26Z] #239 attempt=1/2 status=404 0.236s url=https://www.myfonts.com/collections/positec-volume-font-identikal
[2026-09-16T11:24:27Z] #240 attempt=1/2 status=200 0.365s url=https://www.myfonts.com/products/invada-complete-family-pack-package-549966
[2026-09-16T11:24:27Z] #241 attempt=1/2 status=200 0.343s url=https://www.myfonts.com/collections/invada-font-identikal/
[2026-09-16T11:24:28Z] #242 attempt=1/2 status=200 0.298s url=https://www.myfonts.com/collections/invada-font-identikal/?tab=techSpecs
[2026-09-16T11:24:29Z] #243 attempt=1/2 status=200 0.323s url=https://www.myfonts.com/collections/invada-font-identikal/
[2026-09-16T11:24:29Z] #244 attempt=1/2 status=404 0.226s url=https://www.myfonts.com/collections/invada-complete-family-pack-font-identikal
[2026-09-16T11:24:30Z] #245 attempt=1/2 status=200 0.345s url=https://www.myfonts.com/products/kowboy-complete-family-pack-package-549961
[2026-09-16T11:24:31Z] #246 attempt=1/2 status=200 0.312s url=https://www.myfonts.com/collections/kowboy-font-identikal/
[2026-09-16T11:24:32Z] #247 attempt=1/2 status=200 0.368s url=https://www.myfonts.com/collections/kowboy-font-identikal/?tab=techSpecs
[2026-09-16T11:24:33Z] #248 attempt=1/2 status=200 0.421s url=https://www.myfonts.com/collections/kowboy-font-identikal/
[2026-09-16T11:24:33Z] #249 attempt=1/2 status=404 0.190s url=https://www.myfonts.com/collections/kowboy-complete-family-pack-font-identikal
[2026-09-16T11:24:34Z] #250 attempt=1/2 status=200 0.352s url=https://www.myfonts.com/products/tremble-volume-package-533378
[2026-09-16T11:24:34Z] #251 attempt=1/2 status=200 0.320s url=https://www.myfonts.com/collections/tremble-font-identikal/
[2026-09-16T11:24:35Z] #252 attempt=1/2 status=200 0.385s url=https://www.myfonts.com/collections/tremble-font-identikal/?tab=techSpecs
[2026-09-16T11:24:36Z] #253 attempt=1/2 status=200 0.203s url=https://www.myfonts.com/collections/tremble-font-identikal/
[2026-09-16T11:24:36Z] #254 attempt=1/2 status=404 0.223s url=https://www.myfonts.com/collections/tremble-volume-font-identikal
[2026-09-16T11:24:37Z] #255 attempt=1/2 status=200 0.348s url=https://www.myfonts.com/products/kelt-complete-family-pack-package-549960
[2026-09-16T11:24:37Z] #256 attempt=1/2 status=200 0.307s url=https://www.myfonts.com/collections/kelt-font-identikal/
[2026-09-16T11:24:38Z] #257 attempt=1/2 status=200 0.346s url=https://www.myfonts.com/collections/kelt-font-identikal/?tab=techSpecs
[2026-09-16T11:24:39Z] #258 attempt=1/2 status=200 0.320s url=https://www.myfonts.com/collections/kelt-font-identikal/
[2026-09-16T11:24:40Z] #259 attempt=1/2 status=404 0.236s url=https://www.myfonts.com/collections/kelt-complete-family-pack-font-identikal
[2026-09-16T11:24:40Z] #260 attempt=1/2 status=200 0.396s url=https://www.myfonts.com/products/bennu-sans-a-complete-family-pack-package-547327
[2026-09-16T11:24:41Z] #261 attempt=1/2 status=200 0.405s url=https://www.myfonts.com/collections/bennu-sans-a-font-identikal/
[2026-09-16T11:24:42Z] #262 attempt=1/2 status=200 0.406s url=https://www.myfonts.com/collections/bennu-sans-a-font-identikal/?tab=techSpecs
[2026-09-16T11:24:43Z] #263 attempt=1/2 status=200 0.207s url=https://www.myfonts.com/collections/bennu-sans-a-font-identikal/
[2026-09-16T11:24:43Z] #264 attempt=1/2 status=404 0.198s url=https://www.myfonts.com/collections/bennu-sans-a-complete-family-pack-font-identikal
[2026-09-16T11:24:44Z] #265 attempt=1/2 status=200 0.328s url=https://www.myfonts.com/products/ramblok-complete-family-pack-package-549967
[2026-09-16T11:24:44Z] #266 attempt=1/2 status=200 0.376s url=https://www.myfonts.com/collections/ramblok-font-identikal/
[2026-09-16T11:24:45Z] #267 attempt=1/2 status=200 0.302s url=https://www.myfonts.com/collections/ramblok-font-identikal/?tab=techSpecs
[2026-09-16T11:24:46Z] #268 attempt=1/2 status=200 0.195s url=https://www.myfonts.com/collections/ramblok-font-identikal/
[2026-09-16T11:24:46Z] #269 attempt=1/2 status=404 0.298s url=https://www.myfonts.com/collections/ramblok-complete-family-pack-font-identikal
[2026-09-16T11:24:47Z] #270 attempt=1/2 status=200 0.337s url=https://www.myfonts.com/products/light-regular-kanal-536598
[2026-09-16T11:24:47Z] #271 attempt=1/2 status=200 0.358s url=https://www.myfonts.com/collections/kanal-font-identikal/
[2026-09-16T11:24:48Z] #272 attempt=1/2 status=200 0.297s url=https://www.myfonts.com/collections/kanal-font-identikal/?tab=techSpecs
[2026-09-16T11:24:49Z] #273 attempt=1/2 status=200 0.235s url=https://www.myfonts.com/collections/kanal-font-identikal/
[2026-09-16T11:24:49Z] #274 attempt=1/2 status=404 0.262s url=https://www.myfonts.com/collections/light-regular-kanal-536598-font-identikal
[2026-09-16T11:24:51Z] #275 attempt=1/2 status=200 0.354s url=https://www.myfonts.com/products/triangle-fine-unda-536988
[2026-09-16T11:24:51Z] #276 attempt=1/2 status=200 0.565s url=https://www.myfonts.com/collections/unda-font-identikal/
[2026-09-16T11:24:52Z] #277 attempt=1/2 status=200 0.428s url=https://www.myfonts.com/collections/unda-font-identikal/?tab=techSpecs
[2026-09-16T11:24:53Z] #278 attempt=1/2 status=200 0.245s url=https://www.myfonts.com/collections/unda-font-identikal/
[2026-09-16T11:24:54Z] #279 attempt=1/2 status=404 0.236s url=https://www.myfonts.com/collections/triangle-fine-unda-536988-font-identikal
[2026-09-16T11:24:54Z] #280 attempt=1/2 status=200 0.370s url=https://www.myfonts.com/products/regular-distilla-536460
[2026-09-16T11:24:55Z] #281 attempt=1/2 status=200 0.301s url=https://www.myfonts.com/collections/distilla-font-identikal/
[2026-09-16T11:24:56Z] #282 attempt=1/2 status=200 0.398s url=https://www.myfonts.com/collections/distilla-font-identikal/?tab=techSpecs
[2026-09-16T11:24:56Z] #283 attempt=1/2 status=200 0.193s url=https://www.myfonts.com/collections/distilla-font-identikal/
[2026-09-16T11:24:57Z] #284 attempt=1/2 status=404 0.288s url=https://www.myfonts.com/collections/regular-distilla-536460-font-identikal
[2026-09-16T11:24:58Z] #285 attempt=1/2 status=200 0.310s url=https://www.myfonts.com/products/light-dieppe-536449
[2026-09-16T11:24:58Z] #286 attempt=1/2 status=200 0.319s url=https://www.myfonts.com/collections/dieppe-font-identikal/
[2026-09-16T11:24:59Z] #287 attempt=1/2 status=200 0.302s url=https://www.myfonts.com/collections/dieppe-font-identikal/?tab=techSpecs
[2026-09-16T11:25:00Z] #288 attempt=1/2 status=200 0.386s url=https://www.myfonts.com/collections/dieppe-font-identikal/
[2026-09-16T11:25:00Z] #289 attempt=1/2 status=404 0.361s url=https://www.myfonts.com/collections/light-dieppe-536449-font-identikal
[2026-09-16T11:25:01Z] #290 attempt=1/2 status=200 0.386s url=https://www.myfonts.com/products/super-fine-21st-536350
[2026-09-16T11:25:02Z] #291 attempt=1/2 status=200 0.395s url=https://www.myfonts.com/collections/21st-font-identikal/
[2026-09-16T11:25:02Z] #292 attempt=1/2 status=200 0.478s url=https://www.myfonts.com/collections/21st-font-identikal/?tab=techSpecs
[2026-09-16T11:25:03Z] #293 attempt=1/2 status=200 0.339s url=https://www.myfonts.com/collections/21st-font-identikal/
[2026-09-16T11:25:04Z] #294 attempt=1/2 status=404 0.266s url=https://www.myfonts.com/collections/super-fine-21st-536350-font-identikal
[2026-09-16T11:25:05Z] #295 attempt=1/2 status=200 0.418s url=https://www.myfonts.com/products/bold-italic-curvature-536417
[2026-09-16T11:25:05Z] #296 attempt=1/2 status=200 0.397s url=https://www.myfonts.com/collections/curvature-font-identikal/
[2026-09-16T11:25:06Z] #297 attempt=1/2 status=200 0.203s url=https://www.myfonts.com/collections/curvature-font-identikal/?tab=techSpecs
[2026-09-16T11:25:07Z] #298 attempt=1/2 status=200 0.383s url=https://www.myfonts.com/collections/curvature-font-identikal/
[2026-09-16T11:25:07Z] #299 attempt=1/2 status=404 0.248s url=https://www.myfonts.com/collections/bold-italic-curvature-536417-font-identikal
[2026-09-16T11:25:09Z] #300 attempt=1/2 status=200 0.347s url=https://www.myfonts.com/products/ultra-light-45-degrees-536361
[2026-09-16T11:25:09Z] #301 attempt=1/2 status=200 0.297s url=https://www.myfonts.com/collections/45-degrees-font-identikal/
[2026-09-16T11:25:10Z] #302 attempt=1/2 status=200 0.358s url=https://www.myfonts.com/collections/45-degrees-font-identikal/?tab=techSpecs
[2026-09-16T11:25:11Z] #303 attempt=1/2 status=200 0.309s url=https://www.myfonts.com/collections/45-degrees-font-identikal/
[2026-09-16T11:25:11Z] #304 attempt=1/2 status=404 0.314s url=https://www.myfonts.com/collections/ultra-light-45-degrees-536361-font-identikal
[2026-09-16T11:25:12Z] #305 attempt=1/2 status=200 0.330s url=https://www.myfonts.com/products/fine-italic-trak-536951
[2026-09-16T11:25:13Z] #306 attempt=1/2 status=200 0.353s url=https://www.myfonts.com/collections/trak-font-identikal/
[2026-09-16T11:25:13Z] #307 attempt=1/2 status=200 0.204s url=https://www.myfonts.com/collections/trak-font-identikal/?tab=techSpecs
[2026-09-16T11:25:14Z] #308 attempt=1/2 status=200 0.247s url=https://www.myfonts.com/collections/trak-font-identikal/
[2026-09-16T11:25:14Z] #309 attempt=1/2 status=404 0.221s url=https://www.myfonts.com/collections/fine-italic-trak-536951-font-identikal
[2026-09-16T11:25:16Z] #310 attempt=1/2 status=200 0.439s url=https://www.myfonts.com/products/light-wired-537023
[2026-09-16T11:25:16Z] #311 attempt=1/2 status=200 0.385s url=https://www.myfonts.com/collections/wired-font-identikal/
[2026-09-16T11:25:17Z] #312 attempt=1/2 status=200 0.280s url=https://www.myfonts.com/collections/wired-font-identikal/?tab=techSpecs
[2026-09-16T11:25:18Z] #313 attempt=1/2 status=200 0.196s url=https://www.myfonts.com/collections/wired-font-identikal/
[2026-09-16T11:25:18Z] #314 attempt=1/2 status=404 0.179s url=https://www.myfonts.com/collections/light-wired-537023-font-identikal
[2026-09-16T11:25:19Z] #315 attempt=1/2 status=200 0.275s url=https://www.myfonts.com/products/light-italic-skrean-554752
[2026-09-16T11:25:19Z] #316 attempt=1/2 status=200 0.330s url=https://www.myfonts.com/collections/skrean-font-identikal/
[2026-09-16T11:25:20Z] #317 attempt=1/2 status=200 0.250s url=https://www.myfonts.com/collections/skrean-font-identikal/?tab=techSpecs
[2026-09-16T11:25:21Z] #318 attempt=1/2 status=200 0.201s url=https://www.myfonts.com/collections/skrean-font-identikal/
[2026-09-16T11:25:21Z] #319 attempt=1/2 status=404 0.225s url=https://www.myfonts.com/collections/light-italic-skrean-554752-font-identikal
[2026-09-16T11:25:22Z] #320 attempt=1/2 status=200 0.320s url=https://www.myfonts.com/products/open-italic-seize-536908
[2026-09-16T11:25:22Z] #321 attempt=1/2 status=200 0.298s url=https://www.myfonts.com/collections/seize-font-identikal/
[2026-09-16T11:25:23Z] #322 attempt=1/2 status=200 0.309s url=https://www.myfonts.com/collections/seize-font-identikal/?tab=techSpecs
[2026-09-16T11:25:24Z] #323 attempt=1/2 status=200 0.321s url=https://www.myfonts.com/collections/seize-font-identikal/
[2026-09-16T11:25:24Z] #324 attempt=1/2 status=404 0.256s url=https://www.myfonts.com/collections/open-italic-seize-536908-font-identikal
[2026-09-16T11:25:25Z] #325 attempt=1/2 status=200 0.284s url=https://www.myfonts.com/products/closed-bold-zero-537031
[2026-09-16T11:25:26Z] #326 attempt=1/2 status=200 0.319s url=https://www.myfonts.com/collections/zero-font-identikal/
[2026-09-16T11:25:26Z] #327 attempt=1/2 status=200 0.295s url=https://www.myfonts.com/collections/zero-font-identikal/?tab=techSpecs
[2026-09-16T11:25:27Z] #328 attempt=1/2 status=200 0.360s url=https://www.myfonts.com/collections/zero-font-identikal/
[2026-09-16T11:25:28Z] #329 attempt=1/2 status=404 0.318s url=https://www.myfonts.com/collections/closed-bold-zero-537031-font-identikal
[2026-09-16T11:25:28Z] #330 attempt=1/2 status=200 0.395s url=https://www.myfonts.com/products/light-oblique-stak-536937
[2026-09-16T11:25:29Z] #331 attempt=1/2 status=200 0.345s url=https://www.myfonts.com/collections/stak-font-identikal/
[2026-09-16T11:25:29Z] #332 attempt=1/2 status=200 0.180s url=https://www.myfonts.com/collections/stak-font-identikal/?tab=techSpecs
[2026-09-16T11:25:30Z] #333 attempt=1/2 status=200 0.199s url=https://www.myfonts.com/collections/stak-font-identikal/
[2026-09-16T11:25:31Z] #334 attempt=1/2 status=404 0.273s url=https://www.myfonts.com/collections/light-oblique-stak-536937-font-identikal
[2026-09-16T11:25:32Z] #335 attempt=1/2 status=200 0.315s url=https://www.myfonts.com/products/outline-regular-connect-536406
[2026-09-16T11:25:33Z] #336 attempt=1/2 status=200 0.449s url=https://www.myfonts.com/collections/connect-font-identikal/
[2026-09-16T11:25:33Z] #337 attempt=1/2 status=200 0.248s url=https://www.myfonts.com/collections/connect-font-identikal/?tab=techSpecs
[2026-09-16T11:25:34Z] #338 attempt=1/2 status=200 0.398s url=https://www.myfonts.com/collections/connect-font-identikal/
[2026-09-16T11:25:35Z] #339 attempt=1/2 status=404 0.298s url=https://www.myfonts.com/collections/outline-regular-connect-536406-font-identikal
[2026-09-16T11:25:35Z] #340 attempt=1/2 status=200 0.346s url=https://www.myfonts.com/products/bold-robustik-536881
[2026-09-16T11:25:36Z] #341 attempt=1/2 status=200 0.336s url=https://www.myfonts.com/collections/robustik-font-identikal/
[2026-09-16T11:25:37Z] #342 attempt=1/2 status=200 0.191s url=https://www.myfonts.com/collections/robustik-font-identikal/?tab=techSpecs
[2026-09-16T11:25:38Z] #343 attempt=1/2 status=200 0.340s url=https://www.myfonts.com/collections/robustik-font-identikal/
[2026-09-16T11:25:38Z] #344 attempt=1/2 status=404 0.286s url=https://www.myfonts.com/collections/bold-robustik-536881-font-identikal
[2026-09-16T11:25:39Z] #345 attempt=1/2 status=200 0.289s url=https://www.myfonts.com/products/blunt-italic-rayzor-536781
[2026-09-16T11:25:40Z] #346 attempt=1/2 status=200 0.345s url=https://www.myfonts.com/collections/rayzor-font-identikal/
[2026-09-16T11:25:41Z] #347 attempt=1/2 status=200 0.370s url=https://www.myfonts.com/collections/rayzor-font-identikal/?tab=techSpecs
[2026-09-16T11:25:42Z] #348 attempt=1/2 status=200 0.278s url=https://www.myfonts.com/collections/rayzor-font-identikal/
[2026-09-16T11:25:42Z] #349 attempt=1/2 status=404 0.264s url=https://www.myfonts.com/collections/blunt-italic-rayzor-536781-font-identikal
[2026-09-16T11:25:43Z] #350 attempt=1/2 status=200 0.367s url=https://www.myfonts.com/products/bold-italic-revalo-classic-536852
[2026-09-16T11:25:43Z] #351 attempt=1/2 status=200 0.396s url=https://www.myfonts.com/collections/revalo-classic-font-identikal/
[2026-09-16T11:25:44Z] #352 attempt=1/2 status=200 0.356s url=https://www.myfonts.com/collections/revalo-classic-font-identikal/?tab=techSpecs
[2026-09-16T11:25:45Z] #353 attempt=1/2 status=200 0.211s url=https://www.myfonts.com/collections/revalo-classic-font-identikal/
[2026-09-16T11:25:45Z] #354 attempt=1/2 status=404 0.253s url=https://www.myfonts.com/collections/bold-italic-revalo-classic-536852-font-identikal
[2026-09-16T11:25:46Z] #355 attempt=1/2 status=200 0.284s url=https://www.myfonts.com/products/a-italic-regular-panic-536690
[2026-09-16T11:25:46Z] #356 attempt=1/2 status=200 0.356s url=https://www.myfonts.com/collections/panic-font-identikal/
[2026-09-16T11:25:47Z] #357 attempt=1/2 status=200 0.284s url=https://www.myfonts.com/collections/panic-font-identikal/?tab=techSpecs
[2026-09-16T11:25:48Z] #358 attempt=1/2 status=200 0.374s url=https://www.myfonts.com/collections/panic-font-identikal/
[2026-09-16T11:25:49Z] #359 attempt=1/2 status=404 0.226s url=https://www.myfonts.com/collections/a-italic-regular-panic-536690-font-identikal
[2026-09-16T11:25:49Z] #360 attempt=1/2 status=200 0.317s url=https://www.myfonts.com/products/ultra-italic-sharp-536912
[2026-09-16T11:25:50Z] #361 attempt=1/2 status=200 0.508s url=https://www.myfonts.com/collections/sharp-font-identikal/
[2026-09-16T11:25:50Z] #362 attempt=1/2 status=200 0.367s url=https://www.myfonts.com/collections/sharp-font-identikal/?tab=techSpecs
[2026-09-16T11:25:52Z] #363 attempt=1/2 status=200 0.348s url=https://www.myfonts.com/collections/sharp-font-identikal/
[2026-09-16T11:25:52Z] #364 attempt=1/2 status=200 0.307s url=https://www.myfonts.com/products/italic-regular-rally-536773
[2026-09-16T11:25:53Z] #365 attempt=1/2 status=200 0.315s url=https://www.myfonts.com/collections/rally-font-identikal/
[2026-09-16T11:25:53Z] #366 attempt=1/2 status=200 0.425s url=https://www.myfonts.com/collections/rally-font-identikal/?tab=techSpecs
[2026-09-16T11:25:54Z] #367 attempt=1/2 status=200 0.197s url=https://www.myfonts.com/collections/rally-font-identikal/
[2026-09-16T11:25:55Z] #368 attempt=1/2 status=404 0.250s url=https://www.myfonts.com/collections/italic-regular-rally-536773-font-identikal
[2026-09-16T11:25:56Z] #369 attempt=1/2 status=200 0.309s url=https://www.myfonts.com/products/bold-oblique-monark-536672
[2026-09-16T11:25:57Z] #370 attempt=1/2 status=200 0.347s url=https://www.myfonts.com/collections/monark-font-identikal/
[2026-09-16T11:25:57Z] #371 attempt=1/2 status=200 0.454s url=https://www.myfonts.com/collections/monark-font-identikal/?tab=techSpecs
[2026-09-16T11:25:58Z] #372 attempt=1/2 status=200 0.218s url=https://www.myfonts.com/collections/monark-font-identikal/
[2026-09-16T11:25:59Z] #373 attempt=1/2 status=404 0.277s url=https://www.myfonts.com/collections/bold-oblique-monark-536672-font-identikal
[2026-09-16T11:25:59Z] #374 attempt=1/2 status=200 0.284s url=https://www.myfonts.com/products/regular-revalo-modern-536871
[2026-09-16T11:26:00Z] #375 attempt=1/2 status=200 0.342s url=https://www.myfonts.com/collections/revalo-modern-font-identikal/
[2026-09-16T11:26:00Z] #376 attempt=1/2 status=200 0.218s url=https://www.myfonts.com/collections/revalo-modern-font-identikal/?tab=techSpecs
[2026-09-16T11:26:01Z] #377 attempt=1/2 status=200 0.391s url=https://www.myfonts.com/collections/revalo-modern-font-identikal/
[2026-09-16T11:26:02Z] #378 attempt=1/2 status=404 0.221s url=https://www.myfonts.com/collections/regular-revalo-modern-536871-font-identikal
[2026-09-16T11:26:03Z] #379 attempt=1/2 status=200 0.346s url=https://www.myfonts.com/products/regular-italic-masta-536637
[2026-09-16T11:26:03Z] #380 attempt=1/2 status=200 0.381s url=https://www.myfonts.com/collections/masta-font-identikal/
[2026-09-16T11:26:04Z] #381 attempt=1/2 status=200 0.351s url=https://www.myfonts.com/collections/masta-font-identikal/?tab=techSpecs
[2026-09-16T11:26:05Z] #382 attempt=1/2 status=200 0.341s url=https://www.myfonts.com/collections/masta-font-identikal/
[2026-09-16T11:26:05Z] #383 attempt=1/2 status=404 0.218s url=https://www.myfonts.com/collections/regular-italic-masta-536637-font-identikal
[2026-09-16T11:26:07Z] #384 attempt=1/2 status=200 0.261s url=https://www.myfonts.com/products/fine-rebirth-536839
[2026-09-16T11:26:07Z] #385 attempt=1/2 status=200 0.297s url=https://www.myfonts.com/collections/rebirth-font-identikal/
[2026-09-16T11:26:08Z] #386 attempt=1/2 status=200 0.196s url=https://www.myfonts.com/collections/rebirth-font-identikal/?tab=techSpecs
[2026-09-16T11:26:09Z] #387 attempt=1/2 status=200 0.330s url=https://www.myfonts.com/collections/rebirth-font-identikal/
[2026-09-16T11:26:09Z] #388 attempt=1/2 status=404 0.193s url=https://www.myfonts.com/collections/fine-rebirth-536839-font-identikal
[2026-09-16T11:26:10Z] #389 attempt=1/2 status=200 0.347s url=https://www.myfonts.com/products/bold-reaction-536809
[2026-09-16T11:26:11Z] #390 attempt=1/2 status=200 0.409s url=https://www.myfonts.com/collections/reaction-font-identikal/
[2026-09-16T11:26:12Z] #391 attempt=1/2 status=200 0.383s url=https://www.myfonts.com/collections/reaction-font-identikal/?tab=techSpecs
[2026-09-16T11:26:13Z] #392 attempt=1/2 status=200 0.633s url=https://www.myfonts.com/collections/reaction-font-identikal/
[2026-09-16T11:26:13Z] #393 attempt=1/2 status=404 0.215s url=https://www.myfonts.com/collections/bold-reaction-536809-font-identikal
[2026-09-16T11:26:15Z] #394 attempt=1/2 status=200 0.352s url=https://www.myfonts.com/products/light-plotta-536749
[2026-09-16T11:26:15Z] #395 attempt=1/2 status=200 0.431s url=https://www.myfonts.com/collections/plotta-font-identikal/
[2026-09-16T11:26:16Z] #396 attempt=1/2 status=200 0.325s url=https://www.myfonts.com/collections/plotta-font-identikal/?tab=techSpecs
[2026-09-16T11:26:17Z] #397 attempt=1/2 status=200 0.340s url=https://www.myfonts.com/collections/plotta-font-identikal/
[2026-09-16T11:26:17Z] #398 attempt=1/2 status=404 0.228s url=https://www.myfonts.com/collections/light-plotta-536749-font-identikal
[2026-09-16T11:26:18Z] #399 attempt=1/6 status=200 0.341s url=https://www.myfonts.com/products.json?limit=100&page=12
[2026-09-16T11:26:19Z] #400 attempt=1/2 status=200 0.295s url=https://www.myfonts.com/products/black-italic-regular-phuture-odc-536737
[2026-09-16T11:26:19Z] #401 attempt=1/2 status=200 0.333s url=https://www.myfonts.com/collections/phuture-odc-font-identikal/
[2026-09-16T11:26:20Z] #402 attempt=1/2 status=200 0.323s url=https://www.myfonts.com/collections/phuture-odc-font-identikal/?tab=techSpecs
[2026-09-16T11:26:21Z] #403 attempt=1/2 status=200 0.316s url=https://www.myfonts.com/collections/phuture-odc-font-identikal/
[2026-09-16T11:26:22Z] #404 attempt=1/2 status=404 0.201s url=https://www.myfonts.com/collections/black-italic-regular-phuture-odc-536737-font-identikal
[2026-09-16T11:26:23Z] #405 attempt=1/2 status=200 0.333s url=https://www.myfonts.com/products/bold-podium-536755
[2026-09-16T11:26:23Z] #406 attempt=1/2 status=200 0.322s url=https://www.myfonts.com/collections/podium-font-identikal/
[2026-09-16T11:26:24Z] #407 attempt=1/2 status=200 0.193s url=https://www.myfonts.com/collections/podium-font-identikal/?tab=techSpecs
[2026-09-16T11:26:25Z] #408 attempt=1/2 status=200 0.186s url=https://www.myfonts.com/collections/podium-font-identikal/
[2026-09-16T11:26:25Z] #409 attempt=1/2 status=404 0.200s url=https://www.myfonts.com/collections/bold-podium-536755-font-identikal
[2026-09-16T11:26:26Z] #410 attempt=1/2 status=200 0.298s url=https://www.myfonts.com/products/open-a-italic-regular-metron-536660
[2026-09-16T11:26:27Z] #411 attempt=1/2 status=200 0.308s url=https://www.myfonts.com/collections/metron-font-identikal/
[2026-09-16T11:26:28Z] #412 attempt=1/2 status=200 0.337s url=https://www.myfonts.com/collections/metron-font-identikal/?tab=techSpecs
[2026-09-16T11:26:28Z] #413 attempt=1/2 status=200 0.206s url=https://www.myfonts.com/collections/metron-font-identikal/
[2026-09-16T11:26:29Z] #414 attempt=1/2 status=404 0.238s url=https://www.myfonts.com/collections/open-a-italic-regular-metron-536660-font-identikal
[2026-09-16T11:26:29Z] #415 attempt=1/2 status=200 0.352s url=https://www.myfonts.com/products/bold-italic-kneeon-536610
[2026-09-16T11:26:30Z] #416 attempt=1/2 status=200 0.394s url=https://www.myfonts.com/collections/kneeon-font-identikal/
[2026-09-16T11:26:31Z] #417 attempt=1/2 status=200 0.183s url=https://www.myfonts.com/collections/kneeon-font-identikal/?tab=techSpecs
[2026-09-16T11:26:32Z] #418 attempt=1/2 status=200 0.347s url=https://www.myfonts.com/collections/kneeon-font-identikal/
[2026-09-16T11:26:32Z] #419 attempt=1/2 status=404 0.221s url=https://www.myfonts.com/collections/bold-italic-kneeon-536610-font-identikal
[2026-09-16T11:26:33Z] #420 attempt=1/2 status=200 0.331s url=https://www.myfonts.com/products/bold-phantom-536699
[2026-09-16T11:26:34Z] #421 attempt=1/2 status=200 0.295s url=https://www.myfonts.com/collections/phantom-font-identikal/
[2026-09-16T11:26:35Z] #422 attempt=1/2 status=200 0.342s url=https://www.myfonts.com/collections/phantom-font-identikal/?tab=techSpecs
[2026-09-16T11:26:36Z] #423 attempt=1/2 status=200 0.362s url=https://www.myfonts.com/collections/phantom-font-identikal/
[2026-09-16T11:26:36Z] #424 attempt=1/2 status=404 0.198s url=https://www.myfonts.com/collections/bold-phantom-536699-font-identikal
[2026-09-16T11:26:38Z] #425 attempt=1/2 status=200 0.325s url=https://www.myfonts.com/products/regular-chord-536394
[2026-09-16T11:26:39Z] #426 attempt=1/2 status=200 0.354s url=https://www.myfonts.com/collections/chord-font-identikal/
[2026-09-16T11:26:39Z] #427 attempt=1/2 status=200 0.234s url=https://www.myfonts.com/collections/chord-font-identikal/?tab=techSpecs
[2026-09-16T11:26:40Z] #428 attempt=1/2 status=200 0.193s url=https://www.myfonts.com/collections/chord-font-identikal/
[2026-09-16T11:26:40Z] #429 attempt=1/2 status=404 0.250s url=https://www.myfonts.com/collections/regular-chord-536394-font-identikal
[2026-09-16T11:26:42Z] #430 attempt=1/2 status=200 0.268s url=https://www.myfonts.com/products/ultra-light-italic-46-degrees-536364
[2026-09-16T11:26:42Z] #431 attempt=1/2 status=200 0.266s url=https://www.myfonts.com/collections/46-degrees-font-identikal/
[2026-09-16T11:26:43Z] #432 attempt=1/2 status=200 0.332s url=https://www.myfonts.com/collections/46-degrees-font-identikal/?tab=techSpecs
[2026-09-16T11:26:43Z] #433 attempt=1/2 status=200 0.186s url=https://www.myfonts.com/collections/46-degrees-font-identikal/
[2026-09-16T11:26:44Z] #434 attempt=1/2 status=404 0.182s url=https://www.myfonts.com/collections/ultra-light-italic-46-degrees-536364-font-identikal
[2026-09-16T11:26:47Z] #435 attempt=1/6 status=200 0.393s url=https://www.myfonts.com/products.json?limit=100&page=13
[2026-09-16T11:26:50Z] #436 attempt=1/2 status=200 0.401s url=https://www.myfonts.com/products/round-negative-phlex-536717
[2026-09-16T11:26:51Z] #437 attempt=1/2 status=200 0.277s url=https://www.myfonts.com/collections/phlex-font-identikal/
[2026-09-16T11:26:52Z] #438 attempt=1/2 status=200 0.295s url=https://www.myfonts.com/collections/phlex-font-identikal/?tab=techSpecs
[2026-09-16T11:26:53Z] #439 attempt=1/2 status=200 0.319s url=https://www.myfonts.com/collections/phlex-font-identikal/
[2026-09-16T11:26:53Z] #440 attempt=1/2 status=404 0.452s url=https://www.myfonts.com/collections/round-negative-phlex-536717-font-identikal
[2026-09-16T11:26:54Z] #441 attempt=1/2 status=200 0.267s url=https://www.myfonts.com/products/outline-regular-act-stern-536371
[2026-09-16T11:26:55Z] #442 attempt=1/2 status=200 0.522s url=https://www.myfonts.com/collections/act-stern-font-identikal/
[2026-09-16T11:26:56Z] #443 attempt=1/2 status=200 0.332s url=https://www.myfonts.com/collections/act-stern-font-identikal/?tab=techSpecs
[2026-09-16T11:26:57Z] #444 attempt=1/2 status=200 0.192s url=https://www.myfonts.com/collections/act-stern-font-identikal/
[2026-09-16T11:26:57Z] #445 attempt=1/2 status=404 0.233s url=https://www.myfonts.com/collections/outline-regular-act-stern-536371-font-identikal
[2026-09-16T11:27:01Z] #446 attempt=1/6 status=200 0.395s url=https://www.myfonts.com/products.json?limit=100&page=14
[2026-09-16T11:27:07Z] #447 attempt=1/2 status=200 0.260s url=https://www.myfonts.com/products/italic-regular-attac-536385
[2026-09-16T11:27:08Z] #448 attempt=1/2 status=200 0.323s url=https://www.myfonts.com/collections/attac-font-identikal/
[2026-09-16T11:27:08Z] #449 attempt=1/2 status=200 0.203s url=https://www.myfonts.com/collections/attac-font-identikal/?tab=techSpecs
[2026-09-16T11:27:09Z] #450 attempt=1/2 status=200 0.186s url=https://www.myfonts.com/collections/attac-font-identikal/
[2026-09-16T11:27:10Z] #451 attempt=1/2 status=404 0.367s url=https://www.myfonts.com/collections/italic-regular-attac-536385-font-identikal
[2026-09-16T11:27:11Z] #452 attempt=1/2 status=200 0.817s url=https://www.myfonts.com/products/serif-and-san-serif-best-font-bundle-package-721139
[2026-09-16T11:27:11Z] #453 attempt=1/2 status=404 0.188s url=https://www.myfonts.com/collections/serif-and-san-serif-best-font-bundle-font-canden-meutuah
[2026-09-16T11:27:12Z] #454 attempt=1/2 status=200 0.416s url=https://www.myfonts.com/products/mltp-hade-rasty-signature-complete-family-package-1223794
[2026-09-16T11:27:12Z] #455 attempt=1/2 status=200 0.384s url=https://www.myfonts.com/collections/mltp-hade-rasty-signature-font-multype-studio/
[2026-09-16T11:27:13Z] #456 attempt=1/2 status=200 0.223s url=https://www.myfonts.com/collections/mltp-hade-rasty-signature-font-multype-studio/?tab=techSpecs
[2026-09-16T11:27:15Z] #457 attempt=1/2 status=200 1.631s url=https://www.myfonts.com/products/nuviora-complete-family-package-1224362
[2026-09-16T11:27:19Z] #458 attempt=1/2 status=200 3.339s url=https://www.myfonts.com/collections/nuviora-font-stripes-studio/
[2026-09-16T11:27:21Z] #459 attempt=1/2 status=200 0.425s url=https://www.myfonts.com/collections/nuviora-font-stripes-studio/?tab=techSpecs
[2026-09-16T11:27:22Z] #460 attempt=1/2 status=200 0.419s url=https://www.myfonts.com/products/olyford-variable-complete-family-package-1224360
[2026-09-16T11:27:23Z] #461 attempt=1/2 status=200 0.369s url=https://www.myfonts.com/collections/olyford-variable-font-nicolass-fonts/
[2026-09-16T11:27:23Z] #462 attempt=1/2 status=200 0.357s url=https://www.myfonts.com/collections/olyford-variable-font-nicolass-fonts/?tab=techSpecs
[2026-09-16T11:27:25Z] #463 attempt=1/2 status=200 0.367s url=https://www.myfonts.com/products/techmono-complete-family-package-1223779
[2026-09-16T11:27:25Z] #464 attempt=1/2 status=200 0.388s url=https://www.myfonts.com/collections/techmono-font-maverick26designs/
[2026-09-16T11:27:26Z] #465 attempt=1/2 status=200 0.211s url=https://www.myfonts.com/collections/techmono-font-maverick26designs/?tab=techSpecs
[2026-09-16T11:27:27Z] #466 attempt=1/2 status=200 0.323s url=https://www.myfonts.com/products/pg-wensokia-complete-family-package-1224292
[2026-09-16T11:27:27Z] #467 attempt=1/2 status=200 0.413s url=https://www.myfonts.com/collections/pg-wensokia-font-pretty-glyphs/
[2026-09-16T11:27:28Z] #468 attempt=1/2 status=200 0.433s url=https://www.myfonts.com/collections/pg-wensokia-font-pretty-glyphs/?tab=techSpecs
[2026-09-16T11:27:29Z] #469 attempt=1/2 status=200 0.297s url=https://www.myfonts.com/products/woblen-complete-family-package-1223776
[2026-09-16T11:27:30Z] #470 attempt=1/2 status=200 0.281s url=https://www.myfonts.com/collections/woblen-font-muksal-creatives/
[2026-09-16T11:27:30Z] #471 attempt=1/2 status=200 0.179s url=https://www.myfonts.com/collections/woblen-font-muksal-creatives/?tab=techSpecs
[2026-09-16T11:27:31Z] #472 attempt=1/2 status=200 0.301s url=https://www.myfonts.com/products/ruster-complete-family-package-1224346
[2026-09-16T11:27:32Z] #473 attempt=1/2 status=200 0.397s url=https://www.myfonts.com/collections/ruster-font-dareco-studio/
[2026-09-16T11:27:32Z] #474 attempt=1/2 status=200 0.285s url=https://www.myfonts.com/collections/ruster-font-dareco-studio/?tab=techSpecs
[2026-09-16T11:27:34Z] #475 attempt=1/2 status=200 0.827s url=https://www.myfonts.com/products/dear-mother-complete-family-package-1223073
[2026-09-16T11:27:35Z] #476 attempt=1/2 status=200 0.794s url=https://www.myfonts.com/collections/dear-mother-font-abbastype/
[2026-09-16T11:27:36Z] #477 attempt=1/2 status=200 0.981s url=https://www.myfonts.com/collections/dear-mother-font-abbastype/?tab=techSpecs
[2026-09-16T11:27:38Z] #478 attempt=1/2 status=200 0.559s url=https://www.myfonts.com/products/glorious-condensed-complete-family-package-1224271
[2026-09-16T11:27:38Z] #479 attempt=1/2 status=200 0.483s url=https://www.myfonts.com/collections/glorious-condensed-font-unitype-studio/
[2026-09-16T11:27:39Z] #480 attempt=1/2 status=200 0.217s url=https://www.myfonts.com/collections/glorious-condensed-font-unitype-studio/?tab=techSpecs
[2026-09-16T11:27:41Z] #481 attempt=1/2 status=200 1.383s url=https://www.myfonts.com/products/bentico-complete-family-package-1223624
[2026-09-16T11:27:43Z] #482 attempt=1/2 status=200 1.346s url=https://www.myfonts.com/collections/bentico-font-mordex-studio/
[2026-09-16T11:27:45Z] #483 attempt=1/2 status=200 1.187s url=https://www.myfonts.com/collections/bentico-font-mordex-studio/?tab=techSpecs
[2026-09-16T11:27:46Z] #484 attempt=1/2 status=200 0.278s url=https://www.myfonts.com/products/wech-complete-family-package-1224343
[2026-09-16T11:27:47Z] #485 attempt=1/2 status=200 0.354s url=https://www.myfonts.com/collections/wech-font-dareco-studio/
[2026-09-16T11:27:47Z] #486 attempt=1/2 status=200 0.306s url=https://www.myfonts.com/collections/wech-font-dareco-studio/?tab=techSpecs
[2026-09-16T11:27:48Z] #487 attempt=1/2 status=200 0.498s url=https://www.myfonts.com/products/tf-bragado-complete-family-package-1222887
[2026-09-16T11:27:49Z] #488 attempt=1/2 status=200 0.633s url=https://www.myfonts.com/collections/tf-bragado-font-typeflock/
[2026-09-16T11:27:50Z] #489 attempt=1/2 status=200 0.234s url=https://www.myfonts.com/collections/tf-bragado-font-typeflock/?tab=techSpecs
[2026-09-16T11:27:51Z] #490 attempt=1/2 status=200 0.419s url=https://www.myfonts.com/products/le-mighty-legacy-complete-family-package-1223613
[2026-09-16T11:27:52Z] #491 attempt=1/2 status=200 0.434s url=https://www.myfonts.com/collections/le-mighty-legacy-font-ivan-rosenberg/
[2026-09-16T11:27:53Z] #492 attempt=1/2 status=200 0.472s url=https://www.myfonts.com/collections/le-mighty-legacy-font-ivan-rosenberg/?tab=techSpecs
[2026-09-16T11:27:55Z] #493 attempt=1/2 status=200 1.406s url=https://www.myfonts.com/products/selfinty-complete-family-package-1223039
[2026-09-16T11:27:56Z] #494 attempt=1/2 status=200 0.962s url=https://www.myfonts.com/collections/selfinty-font-madjack-font/
[2026-09-16T11:27:57Z] #495 attempt=1/2 status=200 0.275s url=https://www.myfonts.com/collections/selfinty-font-madjack-font/?tab=techSpecs
[2026-09-16T11:27:58Z] #496 attempt=1/2 status=200 0.413s url=https://www.myfonts.com/products/autumn-reverie-complete-family-package-1224262
[2026-09-16T11:27:59Z] #497 attempt=1/2 status=200 0.365s url=https://www.myfonts.com/collections/autumn-reverie-font-yoga-letter/
[2026-09-16T11:28:00Z] #498 attempt=1/2 status=200 0.395s url=https://www.myfonts.com/collections/autumn-reverie-font-yoga-letter/?tab=techSpecs
[2026-09-16T11:28:01Z] #499 attempt=1/2 status=200 0.301s url=https://www.myfonts.com/products/bigvalue-complete-family-package-1224340
[2026-09-16T11:28:01Z] #500 attempt=1/2 status=200 0.333s url=https://www.myfonts.com/collections/bigvalue-font-artiveko/
[2026-09-16T11:28:02Z] #501 attempt=1/2 status=200 0.359s url=https://www.myfonts.com/collections/bigvalue-font-artiveko/?tab=techSpecs
[2026-09-16T11:28:03Z] #502 attempt=1/2 status=200 0.333s url=https://www.myfonts.com/products/chunky-zorvy-complete-family-package-1222883
[2026-09-16T11:28:03Z] #503 attempt=1/2 status=200 0.390s url=https://www.myfonts.com/collections/chunky-zorvy-font-syauqi-studio/
[2026-09-16T11:28:04Z] #504 attempt=1/2 status=200 0.438s url=https://www.myfonts.com/collections/chunky-zorvy-font-syauqi-studio/?tab=techSpecs
[2026-09-16T11:28:06Z] #505 attempt=1/6 status=200 0.821s url=https://www.myfonts.com/products.json?limit=100&page=15
[2026-09-16T11:28:07Z] #506 attempt=1/2 status=200 0.452s url=https://www.myfonts.com/products/axiome-sm-complete-family-package-1223013
[2026-09-16T11:28:07Z] #507 attempt=1/2 status=200 0.569s url=https://www.myfonts.com/collections/axiome-sm-font-product-type/
[2026-09-16T11:28:08Z] #508 attempt=1/2 status=200 0.434s url=https://www.myfonts.com/collections/axiome-sm-font-product-type/?tab=techSpecs
[2026-09-16T11:28:09Z] #509 attempt=1/2 status=200 0.389s url=https://www.myfonts.com/products/murisa-albertina-complete-family-package-1222876
[2026-09-16T11:28:10Z] #510 attempt=1/2 status=200 0.427s url=https://www.myfonts.com/collections/murisa-albertina-font-murisa-studio/
[2026-09-16T11:28:11Z] #511 attempt=1/2 status=200 0.307s url=https://www.myfonts.com/collections/murisa-albertina-font-murisa-studio/?tab=techSpecs
[2026-09-16T11:28:13Z] #512 attempt=1/2 status=200 1.323s url=https://www.myfonts.com/products/var-package-1224260
[2026-09-16T11:28:14Z] #513 attempt=1/2 status=200 1.652s url=https://www.myfonts.com/collections/azelith-font-nia-typework/
[2026-09-16T11:28:16Z] #514 attempt=1/2 status=200 0.430s url=https://www.myfonts.com/collections/azelith-font-nia-typework/?tab=techSpecs
[2026-09-16T11:28:18Z] #515 attempt=1/2 status=200 1.401s url=https://www.myfonts.com/products/adelia-pasha-complete-family-package-1223516
[2026-09-16T11:28:20Z] #516 attempt=1/2 status=200 1.117s url=https://www.myfonts.com/collections/adelia-pasha-font-abbastype/
[2026-09-16T11:28:21Z] #517 attempt=1/2 status=200 1.049s url=https://www.myfonts.com/collections/adelia-pasha-font-abbastype/?tab=techSpecs
[2026-09-16T11:28:23Z] #518 attempt=1/2 status=200 0.394s url=https://www.myfonts.com/products/rocktail-complete-family-package-1224337
[2026-09-16T11:28:23Z] #519 attempt=1/2 status=200 0.306s url=https://www.myfonts.com/collections/rocktail-font-artiveko/
[2026-09-16T11:28:24Z] #520 attempt=1/2 status=200 0.210s url=https://www.myfonts.com/collections/rocktail-font-artiveko/?tab=techSpecs
[2026-09-16T11:28:25Z] #521 attempt=1/2 status=200 0.363s url=https://www.myfonts.com/products/jingle-mochi-italic-complete-family-package-1223005
[2026-09-16T11:28:25Z] #522 attempt=1/2 status=200 0.393s url=https://www.myfonts.com/collections/jingle-mochi-italic-font-yoga-letter/
[2026-09-16T11:28:26Z] #523 attempt=1/2 status=200 0.326s url=https://www.myfonts.com/collections/jingle-mochi-italic-font-yoga-letter/?tab=techSpecs
[2026-09-16T11:28:27Z] #524 attempt=1/2 status=200 0.347s url=https://www.myfonts.com/products/crenka-complete-family-package-1222978
[2026-09-16T11:28:28Z] #525 attempt=1/2 status=200 0.342s url=https://www.myfonts.com/collections/crenka-font-ragamkata/
[2026-09-16T11:28:28Z] #526 attempt=1/2 status=200 0.355s url=https://www.myfonts.com/collections/crenka-font-ragamkata/?tab=techSpecs
[2026-09-16T11:28:29Z] #527 attempt=1/2 status=200 0.336s url=https://www.myfonts.com/products/kinka-complete-family-package-1224100
[2026-09-16T11:28:30Z] #528 attempt=1/2 status=200 0.422s url=https://www.myfonts.com/collections/kinka-font-aiquitype/
[2026-09-16T11:28:31Z] #529 attempt=1/2 status=200 0.464s url=https://www.myfonts.com/collections/kinka-font-aiquitype/?tab=techSpecs
[2026-09-16T11:28:32Z] #530 attempt=1/2 status=200 0.342s url=https://www.myfonts.com/products/oksigen-octa-complete-family-package-1222873
[2026-09-16T11:28:32Z] #531 attempt=1/2 status=200 0.352s url=https://www.myfonts.com/collections/oksigen-octa-font-kalam/
[2026-09-16T11:28:33Z] #532 attempt=1/2 status=200 0.390s url=https://www.myfonts.com/collections/oksigen-octa-font-kalam/?tab=techSpecs
[2026-09-16T11:28:34Z] #533 attempt=1/2 status=200 0.363s url=https://www.myfonts.com/products/duvante-complete-family-package-1224333
[2026-09-16T11:28:35Z] #534 attempt=1/2 status=200 0.301s url=https://www.myfonts.com/collections/duvante-font-artiveko/
[2026-09-16T11:28:35Z] #535 attempt=1/2 status=200 0.379s url=https://www.myfonts.com/collections/duvante-font-artiveko/?tab=techSpecs
[2026-09-16T11:28:37Z] #536 attempt=1/2 status=200 1.129s url=https://www.myfonts.com/products/amelia-diana-complete-family-package-1223322
[2026-09-16T11:28:39Z] #537 attempt=1/2 status=200 1.454s url=https://www.myfonts.com/collections/amelia-diana-font-abbastype/
[2026-09-16T11:28:41Z] #538 attempt=1/2 status=200 1.054s url=https://www.myfonts.com/collections/amelia-diana-font-abbastype/?tab=techSpecs
[2026-09-16T11:28:42Z] #539 attempt=1/2 status=200 0.740s url=https://www.myfonts.com/products/bakin-complete-family-package-1222824
[2026-09-16T11:28:43Z] #540 attempt=1/2 status=200 0.756s url=https://www.myfonts.com/collections/bakin-font-abbastype/
[2026-09-16T11:28:44Z] #541 attempt=1/2 status=200 0.650s url=https://www.myfonts.com/collections/bakin-font-abbastype/?tab=techSpecs
[2026-09-16T11:28:45Z] #542 attempt=1/2 status=200 0.328s url=https://www.myfonts.com/products/pg-goyah-complete-family-package-1222918
[2026-09-16T11:28:46Z] #543 attempt=1/2 status=200 0.379s url=https://www.myfonts.com/collections/pg-goyah-font-pretty-glyphs/
[2026-09-16T11:28:47Z] #544 attempt=1/2 status=200 0.177s url=https://www.myfonts.com/collections/pg-goyah-font-pretty-glyphs/?tab=techSpecs
[2026-09-16T11:28:48Z] #545 attempt=1/2 status=200 0.348s url=https://www.myfonts.com/products/chuks-complete-family-package-1222817
[2026-09-16T11:28:48Z] #546 attempt=1/2 status=200 0.310s url=https://www.myfonts.com/collections/chuks-font-akbar-gumelar/
[2026-09-16T11:28:49Z] #547 attempt=1/2 status=200 0.577s url=https://www.myfonts.com/collections/chuks-font-akbar-gumelar/?tab=techSpecs
[2026-09-16T11:28:51Z] #548 attempt=1/2 status=200 0.881s url=https://www.myfonts.com/products/bheiaga-complete-family-package-1223975
[2026-09-16T11:28:52Z] #549 attempt=1/2 status=200 1.355s url=https://www.myfonts.com/collections/bheiaga-font-abbastype/
[2026-09-16T11:28:55Z] #550 attempt=1/2 status=200 1.661s url=https://www.myfonts.com/collections/bheiaga-font-abbastype/?tab=techSpecs
[2026-09-16T11:28:56Z] #551 attempt=1/2 status=200 0.985s url=https://www.myfonts.com/products/alyssa-ghazali-complete-family-package-1223321
[2026-09-16T11:28:58Z] #552 attempt=1/2 status=200 1.174s url=https://www.myfonts.com/collections/alyssa-ghazali-font-abbastype/
[2026-09-16T11:29:00Z] #553 attempt=1/2 status=200 1.233s url=https://www.myfonts.com/collections/alyssa-ghazali-font-abbastype/?tab=techSpecs
[2026-09-16T11:29:01Z] #554 attempt=1/2 status=200 0.286s url=https://www.myfonts.com/products/rundra-complete-family-package-1224322
[2026-09-16T11:29:02Z] #555 attempt=1/2 status=200 0.518s url=https://www.myfonts.com/collections/rundra-font-md-type/
[2026-09-16T11:29:02Z] #556 attempt=1/2 status=200 0.182s url=https://www.myfonts.com/collections/rundra-font-md-type/?tab=techSpecs
[2026-09-16T11:29:03Z] #557 attempt=1/2 status=200 0.250s url=https://www.myfonts.com/products/crown-monarch-complete-family-package-1222880
[2026-09-16T11:29:04Z] #558 attempt=1/2 status=200 0.372s url=https://www.myfonts.com/collections/crown-monarch-font-vermilione/
[2026-09-16T11:29:04Z] #559 attempt=1/2 status=200 0.295s url=https://www.myfonts.com/collections/crown-monarch-font-vermilione/?tab=techSpecs
[2026-09-16T11:29:06Z] #560 attempt=1/2 status=200 0.588s url=https://www.myfonts.com/products/enagola-complete-family-package-1222814
[2026-09-16T11:29:06Z] #561 attempt=1/2 status=200 0.359s url=https://www.myfonts.com/collections/enagola-font-artiveko/
[2026-09-16T11:29:07Z] #562 attempt=1/2 status=200 0.210s url=https://www.myfonts.com/collections/enagola-font-artiveko/?tab=techSpecs
[2026-09-16T11:29:08Z] #563 attempt=1/2 status=200 0.370s url=https://www.myfonts.com/products/focasino-complete-family-package-1223917
[2026-09-16T11:29:08Z] #564 attempt=1/2 status=200 0.297s url=https://www.myfonts.com/collections/focasino-font-typeclassheroes/
[2026-09-16T11:29:09Z] #565 attempt=1/2 status=200 0.369s url=https://www.myfonts.com/collections/focasino-font-typeclassheroes/?tab=techSpecs
[2026-09-16T11:29:10Z] #566 attempt=1/2 status=200 0.477s url=https://www.myfonts.com/products/wildwritten-complete-family-package-1223280
[2026-09-16T11:29:11Z] #567 attempt=1/2 status=200 0.776s url=https://www.myfonts.com/collections/wildwritten-font-vp-creative-shop/
[2026-09-16T11:29:12Z] #568 attempt=1/2 status=200 0.607s url=https://www.myfonts.com/collections/wildwritten-font-vp-creative-shop/?tab=techSpecs
[2026-09-16T11:29:13Z] #569 attempt=1/2 status=200 0.557s url=https://www.myfonts.com/products/nelga-complete-family-package-1222927
[2026-09-16T11:29:14Z] #570 attempt=1/2 status=200 0.767s url=https://www.myfonts.com/collections/nelga-font-abbastype/
[2026-09-16T11:29:16Z] #571 attempt=1/2 status=200 0.931s url=https://www.myfonts.com/collections/nelga-font-abbastype/?tab=techSpecs
[2026-09-16T11:29:17Z] #572 attempt=1/2 status=200 0.334s url=https://www.myfonts.com/products/north-railway-complete-family-package-1224321
[2026-09-16T11:29:18Z] #573 attempt=1/2 status=200 0.283s url=https://www.myfonts.com/collections/north-railway-font-vermilione/
[2026-09-16T11:29:18Z] #574 attempt=1/2 status=200 0.337s url=https://www.myfonts.com/collections/north-railway-font-vermilione/?tab=techSpecs
[2026-09-16T11:29:19Z] #575 attempt=1/2 status=200 0.390s url=https://www.myfonts.com/products/niko-curt-complete-family-package-1217509
[2026-09-16T11:29:20Z] #576 attempt=1/2 status=200 0.395s url=https://www.myfonts.com/collections/niko-curt-font-greentrik6789/
[2026-09-16T11:29:21Z] #577 attempt=1/2 status=200 0.247s url=https://www.myfonts.com/collections/niko-curt-font-greentrik6789/?tab=techSpecs
[2026-09-16T11:29:22Z] #578 attempt=1/2 status=200 0.741s url=https://www.myfonts.com/products/bay-fresh-complete-family-package-1223905
[2026-09-16T11:29:23Z] #579 attempt=1/2 status=200 0.869s url=https://www.myfonts.com/collections/bay-fresh-font-abbastype/
[2026-09-16T11:29:25Z] #580 attempt=1/2 status=200 1.039s url=https://www.myfonts.com/collections/bay-fresh-font-abbastype/?tab=techSpecs
[2026-09-16T11:29:26Z] #581 attempt=1/2 status=200 0.304s url=https://www.myfonts.com/products/callontine-complete-family-package-1222924
[2026-09-16T11:29:26Z] #582 attempt=1/2 status=200 0.378s url=https://www.myfonts.com/collections/callontine-font-logic-type/
[2026-09-16T11:29:27Z] #583 attempt=1/2 status=200 0.339s url=https://www.myfonts.com/collections/callontine-font-logic-type/?tab=techSpecs
[2026-09-16T11:29:28Z] #584 attempt=1/2 status=200 0.343s url=https://www.myfonts.com/products/ravnar-nordic-runic-complete-family-package-1224316
[2026-09-16T11:29:29Z] #585 attempt=1/2 status=200 0.357s url=https://www.myfonts.com/collections/ravnar-nordic-runic-font-md-type/
[2026-09-16T11:29:29Z] #586 attempt=1/2 status=200 0.195s url=https://www.myfonts.com/collections/ravnar-nordic-runic-font-md-type/?tab=techSpecs
[2026-09-16T11:29:30Z] #587 attempt=1/2 status=200 0.612s url=https://www.myfonts.com/products/thorn-serif-complete-family-package-1215235
[2026-09-16T11:29:31Z] #588 attempt=1/2 status=200 0.484s url=https://www.myfonts.com/collections/thorn-serif-font-type-forward/
[2026-09-16T11:29:32Z] #589 attempt=1/2 status=200 0.432s url=https://www.myfonts.com/collections/thorn-serif-font-type-forward/?tab=techSpecs
[2026-09-16T11:29:33Z] #590 attempt=1/2 status=200 0.401s url=https://www.myfonts.com/products/grafton-complete-family-package-1223180
[2026-09-16T11:29:34Z] #591 attempt=1/2 status=200 0.496s url=https://www.myfonts.com/collections/grafton-font-unitype-studio/
[2026-09-16T11:29:35Z] #592 attempt=1/2 status=200 0.563s url=https://www.myfonts.com/collections/grafton-font-unitype-studio/?tab=techSpecs
[2026-09-16T11:29:36Z] #593 attempt=1/2 status=200 0.821s url=https://www.myfonts.com/products/baikeia-complete-family-package-1223810
[2026-09-16T11:29:38Z] #594 attempt=1/2 status=200 1.250s url=https://www.myfonts.com/collections/baikeia-font-abbastype/
[2026-09-16T11:29:39Z] #595 attempt=1/2 status=200 0.263s url=https://www.myfonts.com/collections/baikeia-font-abbastype/?tab=techSpecs
[2026-09-16T11:29:40Z] #596 attempt=1/2 status=200 0.283s url=https://www.myfonts.com/products/romance-utille-serif-package-1222916
[2026-09-16T11:29:40Z] #597 attempt=1/2 status=200 0.500s url=https://www.myfonts.com/collections/romance-utille-serif-font-artiveko/
[2026-09-16T11:29:41Z] #598 attempt=1/2 status=200 0.194s url=https://www.myfonts.com/collections/romance-utille-serif-font-artiveko/?tab=techSpecs
[2026-09-16T11:29:42Z] #599 attempt=1/2 status=200 0.654s url=https://www.myfonts.com/products/wing-sans-narrow-package-1211342
[2026-09-16T11:29:43Z] #600 attempt=1/2 status=200 0.775s url=https://www.myfonts.com/collections/wings-sans-font-tipotype/
[2026-09-16T11:29:45Z] #601 attempt=1/2 status=200 0.769s url=https://www.myfonts.com/collections/wings-sans-font-tipotype/?tab=techSpecs
[2026-09-16T11:29:46Z] #602 attempt=1/2 status=200 0.311s url=https://www.myfonts.com/products/gilmour-complete-family-package-1224302
[2026-09-16T11:29:46Z] #603 attempt=1/2 status=200 0.428s url=https://www.myfonts.com/collections/gilmour-font-unitype-studio/
[2026-09-16T11:29:47Z] #604 attempt=1/2 status=200 0.502s url=https://www.myfonts.com/collections/gilmour-font-unitype-studio/?tab=techSpecs
[2026-09-16T11:29:48Z] #605 attempt=1/2 status=200 0.326s url=https://www.myfonts.com/products/ghaleria-complete-family-package-1223034
[2026-09-16T11:29:49Z] #606 attempt=1/2 status=200 0.353s url=https://www.myfonts.com/collections/ghaleria-font-font-liner/
[2026-09-16T11:29:49Z] #607 attempt=1/2 status=200 0.317s url=https://www.myfonts.com/collections/ghaleria-font-font-liner/?tab=techSpecs
[2026-09-16T11:29:51Z] #608 attempt=1/2 status=200 0.483s url=https://www.myfonts.com/products/baykonur-complete-family-package-1223802
[2026-09-16T11:29:51Z] #609 attempt=1/2 status=200 0.360s url=https://www.myfonts.com/collections/baykonur-font-viaction-type/
[2026-09-16T11:29:52Z] #610 attempt=1/2 status=200 0.341s url=https://www.myfonts.com/collections/baykonur-font-viaction-type/?tab=techSpecs
[2026-09-16T11:29:53Z] #611 attempt=1/2 status=200 0.302s url=https://www.myfonts.com/products/rozet-complete-family-package-1222907
[2026-09-16T11:29:53Z] #612 attempt=1/2 status=200 0.338s url=https://www.myfonts.com/collections/rozet-font-vlad-b/
[2026-09-16T11:29:54Z] #613 attempt=1/2 status=200 0.194s url=https://www.myfonts.com/collections/rozet-font-vlad-b/?tab=techSpecs
[2026-09-16T11:29:56Z] #614 attempt=1/2 status=200 1.132s url=https://www.myfonts.com/products/natural-fence-complete-family-package-1223179
[2026-09-16T11:29:57Z] #615 attempt=1/2 status=200 1.185s url=https://www.myfonts.com/collections/natural-fence-font-abbastype/
[2026-09-16T11:29:58Z] #616 attempt=1/2 status=200 0.303s url=https://www.myfonts.com/collections/natural-fence-font-abbastype/?tab=techSpecs
[2026-09-16T11:29:59Z] #617 attempt=1/2 status=200 0.359s url=https://www.myfonts.com/products/ravnar-elder-v2-complete-family-package-1224297
[2026-09-16T11:30:00Z] #618 attempt=1/2 status=200 0.390s url=https://www.myfonts.com/collections/ravnar-elder-v2-font-md-type/
[2026-09-16T11:30:00Z] #619 attempt=1/2 status=200 0.196s url=https://www.myfonts.com/collections/ravnar-elder-v2-font-md-type/?tab=techSpecs
[2026-09-16T11:30:02Z] #620 attempt=1/2 status=200 0.332s url=https://www.myfonts.com/products/gas-jenki-complete-family-package-1223799
[2026-09-16T11:30:02Z] #621 attempt=1/2 status=200 0.332s url=https://www.myfonts.com/collections/gas-jenki-font-kalam/
[2026-09-16T11:30:03Z] #622 attempt=1/2 status=200 0.212s url=https://www.myfonts.com/collections/gas-jenki-font-kalam/?tab=techSpecs
[2026-09-16T11:30:04Z] #623 attempt=1/6 status=200 0.831s url=https://www.myfonts.com/products.json?limit=100&page=16
[2026-09-16T11:30:05Z] #624 attempt=1/2 status=200 0.425s url=https://www.myfonts.com/products/regular-brewlin-ruffe-1223809
[2026-09-16T11:30:06Z] #625 attempt=1/2 status=200 0.369s url=https://www.myfonts.com/collections/brewlin-ruffe-font-product-type/
[2026-09-16T11:30:06Z] #626 attempt=1/2 status=200 0.181s url=https://www.myfonts.com/collections/brewlin-ruffe-font-product-type/?tab=techSpecs
[2026-09-16T11:30:07Z] #627 attempt=1/2 status=200 0.275s url=https://www.myfonts.com/products/regular-mltp-romttard-southura-1223798
[2026-09-16T11:30:07Z] #628 attempt=1/2 status=200 0.269s url=https://www.myfonts.com/collections/mltp-romttard-southura-font-multype-studio/
[2026-09-16T11:30:08Z] #629 attempt=1/2 status=200 0.246s url=https://www.myfonts.com/collections/mltp-romttard-southura-font-multype-studio/?tab=techSpecs
[2026-09-16T11:30:09Z] #630 attempt=1/2 status=200 0.325s url=https://www.myfonts.com/products/regular-midnight-ritual-1223797
[2026-09-16T11:30:09Z] #631 attempt=1/2 status=200 0.367s url=https://www.myfonts.com/collections/midnight-ritual-font-hipfonts/
[2026-09-16T11:30:10Z] #632 attempt=1/2 status=200 0.283s url=https://www.myfonts.com/collections/midnight-ritual-font-hipfonts/?tab=techSpecs
[2026-09-16T11:30:11Z] #633 attempt=1/6 status=200 0.627s url=https://www.myfonts.com/products.json?limit=100&page=17
[2026-09-16T11:30:12Z] #634 attempt=1/2 status=200 0.383s url=https://www.myfonts.com/products/regular-coastal-honey-1223793
[2026-09-16T11:30:12Z] #635 attempt=1/2 status=200 0.290s url=https://www.myfonts.com/collections/coastal-honey-font-hipfonts/
[2026-09-16T11:30:13Z] #636 attempt=1/2 status=200 0.201s url=https://www.myfonts.com/collections/coastal-honey-font-hipfonts/?tab=techSpecs
[2026-09-16T11:30:14Z] #637 attempt=1/2 status=200 0.276s url=https://www.myfonts.com/products/regular-ocean-pirates-1223792
[2026-09-16T11:30:14Z] #638 attempt=1/2 status=200 0.234s url=https://www.myfonts.com/collections/ocean-pirates-font-mvmet/
[2026-09-16T11:30:15Z] #639 attempt=1/2 status=200 0.385s url=https://www.myfonts.com/collections/ocean-pirates-font-mvmet/?tab=techSpecs
[2026-09-16T11:30:16Z] #640 attempt=1/2 status=200 0.247s url=https://www.myfonts.com/products/regular-captain-terry-1223791
[2026-09-16T11:30:16Z] #641 attempt=1/2 status=200 0.323s url=https://www.myfonts.com/collections/captain-terry-font-hipfonts/
[2026-09-16T11:30:17Z] #642 attempt=1/2 status=200 0.327s url=https://www.myfonts.com/collections/captain-terry-font-hipfonts/?tab=techSpecs
[2026-09-16T11:30:18Z] #643 attempt=1/2 status=200 0.326s url=https://www.myfonts.com/products/regular-canvas-muse-1223789
[2026-09-16T11:30:18Z] #644 attempt=1/2 status=200 0.310s url=https://www.myfonts.com/collections/canvas-muse-font-hipfonts/
[2026-09-16T11:30:19Z] #645 attempt=1/2 status=200 0.194s url=https://www.myfonts.com/collections/canvas-muse-font-hipfonts/?tab=techSpecs
[2026-09-16T11:30:19Z] #646 attempt=1/2 status=200 0.336s url=https://www.myfonts.com/products/regular-gilded-oath-1223790
[2026-09-16T11:30:20Z] #647 attempt=1/2 status=200 0.377s url=https://www.myfonts.com/collections/gilded-oath-font-hipfonts/
[2026-09-16T11:30:21Z] #648 attempt=1/2 status=200 0.339s url=https://www.myfonts.com/collections/gilded-oath-font-hipfonts/?tab=techSpecs
[2026-09-16T11:30:21Z] #649 attempt=1/2 status=200 0.340s url=https://www.myfonts.com/products/regular-vienna-romance-1223788
[2026-09-16T11:30:22Z] #650 attempt=1/2 status=200 0.439s url=https://www.myfonts.com/collections/vienna-romance-font-hipfonts/
[2026-09-16T11:30:23Z] #651 attempt=1/2 status=200 0.182s url=https://www.myfonts.com/collections/vienna-romance-font-hipfonts/?tab=techSpecs
[2026-09-16T11:30:23Z] #652 attempt=1/2 status=200 0.315s url=https://www.myfonts.com/products/regular-cedar-valley-1223787
[2026-09-16T11:30:24Z] #653 attempt=1/2 status=200 0.436s url=https://www.myfonts.com/collections/cedar-valley-font-hipfonts/
[2026-09-16T11:30:25Z] #654 attempt=1/2 status=200 0.360s url=https://www.myfonts.com/collections/cedar-valley-font-hipfonts/?tab=techSpecs
[2026-09-16T11:30:25Z] #655 attempt=1/2 status=200 0.253s url=https://www.myfonts.com/products/regular-oath-and-ember-1223786
[2026-09-16T11:30:26Z] #656 attempt=1/2 status=200 0.349s url=https://www.myfonts.com/collections/oath-and-ember-font-hipfonts/
[2026-09-16T11:30:27Z] #657 attempt=1/2 status=200 0.311s url=https://www.myfonts.com/collections/oath-and-ember-font-hipfonts/?tab=techSpecs
[2026-09-16T11:30:27Z] #658 attempt=1/2 status=200 0.241s url=https://www.myfonts.com/products/regular-sunkissed-sunday-1223785
[2026-09-16T11:30:28Z] #659 attempt=1/2 status=200 0.302s url=https://www.myfonts.com/collections/sunkissed-sunday-font-hipfonts/
[2026-09-16T11:30:29Z] #660 attempt=1/2 status=200 0.381s url=https://www.myfonts.com/collections/sunkissed-sunday-font-hipfonts/?tab=techSpecs
[2026-09-16T11:30:29Z] #661 attempt=1/2 status=200 0.318s url=https://www.myfonts.com/products/regular-ruined-empire-1223784
[2026-09-16T11:30:30Z] #662 attempt=1/2 status=200 0.326s url=https://www.myfonts.com/collections/ruined-empire-font-hipfonts/
[2026-09-16T11:30:31Z] #663 attempt=1/2 status=200 0.330s url=https://www.myfonts.com/collections/ruined-empire-font-hipfonts/?tab=techSpecs
[2026-09-16T11:30:32Z] #664 attempt=1/6 status=200 0.821s url=https://www.myfonts.com/products.json?limit=100&page=18
[2026-09-16T11:30:33Z] #665 attempt=1/2 status=200 0.336s url=https://www.myfonts.com/products/regular-la-moire-1223680
[2026-09-16T11:30:33Z] #666 attempt=1/2 status=200 0.322s url=https://www.myfonts.com/collections/la-moire-font-modikstype/
[2026-09-16T11:30:34Z] #667 attempt=1/2 status=200 0.208s url=https://www.myfonts.com/collections/la-moire-font-modikstype/?tab=techSpecs
[2026-09-16T11:30:35Z] #668 attempt=1/6 status=200 0.642s url=https://www.myfonts.com/products.json?limit=100&page=19
[2026-09-16T11:30:36Z] #669 attempt=1/2 status=200 0.357s url=https://www.myfonts.com/products/regular-bucintorolc-1223038
[2026-09-16T11:30:36Z] #670 attempt=1/2 status=200 0.245s url=https://www.myfonts.com/products/regular-evil-roar-1224268
[2026-09-16T11:30:37Z] #671 attempt=1/2 status=200 0.300s url=https://www.myfonts.com/collections/evil-roar-font-seemly-fonts/
[2026-09-16T11:30:37Z] #672 attempt=1/2 status=200 0.187s url=https://www.myfonts.com/collections/evil-roar-font-seemly-fonts/?tab=techSpecs
[2026-09-16T11:30:38Z] #673 attempt=1/2 status=200 0.337s url=https://www.myfonts.com/products/regular-wood-puppets-1224267
[2026-09-16T11:30:39Z] #674 attempt=1/2 status=200 0.358s url=https://www.myfonts.com/collections/wood-puppets-font-gassstype/
[2026-09-16T11:30:39Z] #675 attempt=1/2 status=200 0.183s url=https://www.myfonts.com/collections/wood-puppets-font-gassstype/?tab=techSpecs
[2026-09-16T11:30:40Z] #676 attempt=1/2 status=200 0.313s url=https://www.myfonts.com/products/regular-arraya-1224266
[2026-09-16T11:30:40Z] #677 attempt=1/2 status=200 0.302s url=https://www.myfonts.com/collections/arraya-font-gassstype/
[2026-09-16T11:30:41Z] #678 attempt=1/2 status=200 0.246s url=https://www.myfonts.com/collections/arraya-font-gassstype/?tab=techSpecs
[2026-09-16T11:30:42Z] #679 attempt=1/2 status=200 0.347s url=https://www.myfonts.com/products/bold-skyvia-1223037
[2026-09-16T11:30:42Z] #680 attempt=1/2 status=200 0.315s url=https://www.myfonts.com/collections/skyvia-font-limitype/
[2026-09-16T11:30:43Z] #681 attempt=1/2 status=200 0.325s url=https://www.myfonts.com/collections/skyvia-font-limitype/?tab=techSpecs
[2026-09-16T11:30:44Z] #682 attempt=1/2 status=200 0.595s url=https://www.myfonts.com/products/regular-yj-sunday-butter-1223639
[2026-09-16T11:30:45Z] #683 attempt=1/2 status=200 0.334s url=https://www.myfonts.com/collections/yj-sunday-butter-font-yenty-jap-co/
[2026-09-16T11:30:45Z] #684 attempt=1/2 status=200 0.219s url=https://www.myfonts.com/collections/yj-sunday-butter-font-yenty-jap-co/?tab=techSpecs
[2026-09-16T11:30:47Z] #685 attempt=1/6 status=200 0.841s url=https://www.myfonts.com/products.json?limit=100&page=20
[2026-09-16T11:30:48Z] #686 attempt=1/6 status=200 0.658s url=https://www.myfonts.com/products.json?limit=100&page=21
[2026-09-16T11:30:49Z] #687 attempt=1/6 status=200 0.859s url=https://www.myfonts.com/products.json?limit=100&page=22
[2026-09-16T11:30:50Z] #688 attempt=1/2 status=200 0.305s url=https://www.myfonts.com/products/regular-wero-1223625
[2026-09-16T11:30:50Z] #689 attempt=1/2 status=200 0.292s url=https://www.myfonts.com/collections/wero-font-dareco-studio/
[2026-09-16T11:30:51Z] #690 attempt=1/2 status=200 0.228s url=https://www.myfonts.com/collections/wero-font-dareco-studio/?tab=techSpecs
[2026-09-16T11:30:52Z] #691 attempt=1/6 status=200 0.684s url=https://www.myfonts.com/products.json?limit=100&page=23
[2026-09-16T11:30:53Z] #692 attempt=1/2 status=200 0.267s url=https://www.myfonts.com/products/regular-muzaffer-1223515
[2026-09-16T11:30:53Z] #693 attempt=1/2 status=200 0.391s url=https://www.myfonts.com/collections/muzaffer-font-dgsa-type-foundry/
[2026-09-16T11:30:54Z] #694 attempt=1/2 status=200 0.321s url=https://www.myfonts.com/collections/muzaffer-font-dgsa-type-foundry/?tab=techSpecs
[2026-09-16T11:30:55Z] #695 attempt=1/2 status=200 0.227s url=https://www.myfonts.com/products/regular-tharlo-vette-1223012
[2026-09-16T11:30:55Z] #696 attempt=1/2 status=200 0.313s url=https://www.myfonts.com/collections/tharlo-vette-font-twinletter/
[2026-09-16T11:30:56Z] #697 attempt=1/2 status=200 0.361s url=https://www.myfonts.com/collections/tharlo-vette-font-twinletter/?tab=techSpecs
[2026-09-16T11:30:57Z] #698 attempt=1/2 status=200 0.296s url=https://www.myfonts.com/products/regular-kopag-roso-1223011
[2026-09-16T11:30:57Z] #699 attempt=1/2 status=200 0.262s url=https://www.myfonts.com/collections/kopag-roso-font-twinletter/
[2026-09-16T11:30:58Z] #700 attempt=1/2 status=200 0.185s url=https://www.myfonts.com/collections/kopag-roso-font-twinletter/?tab=techSpecs
[2026-09-16T11:30:58Z] #701 attempt=1/2 status=200 0.291s url=https://www.myfonts.com/products/regular-ez-mallowick-1223010
[2026-09-16T11:30:59Z] #702 attempt=1/2 status=200 0.283s url=https://www.myfonts.com/collections/ez-mallowick-font-zafara-studios/
[2026-09-16T11:30:59Z] #703 attempt=1/2 status=200 0.194s url=https://www.myfonts.com/collections/ez-mallowick-font-zafara-studios/?tab=techSpecs
[2026-09-16T11:31:01Z] #704 attempt=1/6 status=200 0.792s url=https://www.myfonts.com/products.json?limit=100&page=24
[2026-09-16T11:31:02Z] #705 attempt=1/2 status=200 0.337s url=https://www.myfonts.com/products/aisbeauty-safron-regular-beauty-safron-1222977
[2026-09-16T11:31:02Z] #706 attempt=1/2 status=200 0.366s url=https://www.myfonts.com/collections/beauty-safron-font-aisyah/
[2026-09-16T11:31:03Z] #707 attempt=1/2 status=200 0.326s url=https://www.myfonts.com/collections/beauty-safron-font-aisyah/?tab=techSpecs
[2026-09-16T11:31:04Z] #708 attempt=1/6 status=200 0.713s url=https://www.myfonts.com/products.json?limit=100&page=25
[2026-09-16T11:31:04Z] summary releases=1372 first_429=None log_file=state/myfonts_run_20260916_112056.log
[2026-09-16T11:31:04Z] saved_success_profile path=state/myfonts_success_profile.json
[2026-09-16T11:31:04Z] === MyFonts crawl end ===
