[2026-09-30T12:23:42Z] checkpoint fresh next_page=1 path=state/myfonts_crawl_checkpoint.json
[2026-09-30T12:23:42Z] === MyFonts crawl start source=myfonts ===
[2026-09-30T12:23:42Z] config max_pages=25 page_size=100 start_date=2026-09-29 end_date=2026-09-30 api_delay=0.5s detail_delay=0.2s max_debut_checks=400 max_tech_specs_checks=200 reuse_success_profile=False always_enrich_packages=True language_script_signal_mode=strong force_fresh_run=False start_page=1 browser_mode=False browser_headless=True browser_storage_state_path=state/myfonts_storage_state.json
[2026-09-30T12:23:44Z] #1 attempt=1/6 status=200 1.236s url=https://www.myfonts.com/products.json?limit=100&page=1
[2026-09-30T12:23:44Z] #2 attempt=1/2 status=200 0.485s url=https://www.myfonts.com/products/neu-t-emboss-lbl-regular-neu-t-1235378
[2026-09-30T12:23:45Z] #3 attempt=1/2 status=200 0.625s url=https://www.myfonts.com/collections/neu-t-font-neuclique-design/
[2026-09-30T12:23:46Z] #4 attempt=1/2 status=200 0.472s url=https://www.myfonts.com/collections/neu-t-font-neuclique-design/?tab=techSpecs
[2026-09-30T12:23:48Z] #5 attempt=1/2 status=200 0.973s url=https://www.myfonts.com/products/sans-package-1234112
[2026-09-30T12:23:49Z] #6 attempt=1/2 status=200 1.077s url=https://www.myfonts.com/collections/tendernote-font-vp-creative-shop/
[2026-09-30T12:23:50Z] #7 attempt=1/2 status=200 0.670s url=https://www.myfonts.com/collections/tendernote-font-vp-creative-shop/?tab=techSpecs
[2026-09-30T12:23:52Z] #8 attempt=1/2 status=200 0.414s url=https://www.myfonts.com/products/cariles-complete-family-package-1234216
[2026-09-30T12:23:52Z] #9 attempt=1/2 status=200 0.542s url=https://www.myfonts.com/collections/cariles-font-ragamkata/
[2026-09-30T12:23:53Z] #10 attempt=1/2 status=200 0.430s url=https://www.myfonts.com/collections/cariles-font-ragamkata/?tab=techSpecs
[2026-09-30T12:23:54Z] #11 attempt=1/2 status=200 0.448s url=https://www.myfonts.com/products/cario-complete-family-package-1235188
[2026-09-30T12:23:55Z] #12 attempt=1/2 status=200 0.434s url=https://www.myfonts.com/collections/cario-font-habitype/
[2026-09-30T12:23:56Z] #13 attempt=1/2 status=200 0.724s url=https://www.myfonts.com/collections/cario-font-habitype/?tab=techSpecs
[2026-09-30T12:23:57Z] #14 attempt=1/2 status=200 0.402s url=https://www.myfonts.com/products/flamor-soft-vf-complete-family-package-1234113
[2026-09-30T12:23:58Z] #15 attempt=1/2 status=200 0.506s url=https://www.myfonts.com/collections/flamor-soft-vf-font-vp-creative-shop/
[2026-09-30T12:23:59Z] #16 attempt=1/2 status=200 0.434s url=https://www.myfonts.com/collections/flamor-soft-vf-font-vp-creative-shop/?tab=techSpecs
[2026-09-30T12:24:02Z] #17 attempt=1/2 status=200 2.508s url=https://www.myfonts.com/products/phiano-grade-complete-package-1234840
[2026-09-30T12:24:07Z] #18 attempt=1/2 status=200 4.529s url=https://www.myfonts.com/collections/phiano-font-akbartype/
[2026-09-30T12:24:13Z] #19 attempt=1/2 status=200 4.710s url=https://www.myfonts.com/collections/phiano-font-akbartype/?tab=techSpecs
[2026-09-30T12:24:15Z] #20 attempt=1/2 status=200 0.439s url=https://www.myfonts.com/products/anacute-complete-family-package-1235317
[2026-09-30T12:24:16Z] #21 attempt=1/2 status=200 0.511s url=https://www.myfonts.com/collections/anacute-font-casloop-studio/
[2026-09-30T12:24:17Z] #22 attempt=1/2 status=200 0.559s url=https://www.myfonts.com/collections/anacute-font-casloop-studio/?tab=techSpecs
[2026-09-30T12:24:18Z] #23 attempt=1/2 status=200 0.391s url=https://www.myfonts.com/products/romance-cubano-complete-family-package-1234963
[2026-09-30T12:24:18Z] #24 attempt=1/2 status=200 0.375s url=https://www.myfonts.com/collections/romance-cubano-font-timelesstype-studio/
[2026-09-30T12:24:19Z] #25 attempt=1/2 status=200 0.374s url=https://www.myfonts.com/collections/romance-cubano-font-timelesstype-studio/?tab=techSpecs
[2026-09-30T12:24:20Z] #26 attempt=1/2 status=200 0.365s url=https://www.myfonts.com/products/sfc-frizola-duo-complete-family-package-1234070
[2026-09-30T12:24:21Z] #27 attempt=1/2 status=200 0.399s url=https://www.myfonts.com/collections/sfc-frizola-duo-font-skilline-fonts-co/
[2026-09-30T12:24:22Z] #28 attempt=1/2 status=200 0.442s url=https://www.myfonts.com/collections/sfc-frizola-duo-font-skilline-fonts-co/?tab=techSpecs
[2026-09-30T12:24:23Z] #29 attempt=1/2 status=200 0.361s url=https://www.myfonts.com/products/bentaris-complete-family-package-1235008
[2026-09-30T12:24:23Z] #30 attempt=1/2 status=200 0.433s url=https://www.myfonts.com/collections/bentaris-font-letterena-studios/
[2026-09-30T12:24:24Z] #31 attempt=1/2 status=200 0.409s url=https://www.myfonts.com/collections/bentaris-font-letterena-studios/?tab=techSpecs
[2026-09-30T12:24:25Z] #32 attempt=1/2 status=200 0.504s url=https://www.myfonts.com/products/flamor-soft-complete-family-package-1234117
[2026-09-30T12:24:26Z] #33 attempt=1/2 status=200 0.682s url=https://www.myfonts.com/collections/flamor-soft-font-vp-creative-shop/
[2026-09-30T12:24:27Z] #34 attempt=1/2 status=200 0.816s url=https://www.myfonts.com/collections/flamor-soft-font-vp-creative-shop/?tab=techSpecs
[2026-09-30T12:24:29Z] #35 attempt=1/2 status=200 0.373s url=https://www.myfonts.com/products/isborglc-complete-family-package-1235181
[2026-09-30T12:24:30Z] #36 attempt=1/2 status=200 0.406s url=https://www.myfonts.com/products/sprucken-complete-family-package-1096306
[2026-09-30T12:24:31Z] #37 attempt=1/2 status=200 0.507s url=https://www.myfonts.com/collections/sprucken-font-mans-greback/
[2026-09-30T12:24:32Z] #38 attempt=1/2 status=200 0.485s url=https://www.myfonts.com/collections/sprucken-font-mans-greback/?tab=techSpecs
[2026-09-30T12:24:33Z] #39 attempt=1/2 status=200 0.557s url=https://www.myfonts.com/products/salient-essentials-pack-package-1234066
[2026-09-30T12:24:34Z] #40 attempt=1/2 status=200 0.721s url=https://www.myfonts.com/collections/salient-font-device/
[2026-09-30T12:24:35Z] #41 attempt=1/2 status=200 0.486s url=https://www.myfonts.com/collections/salient-font-device/?tab=techSpecs
[2026-09-30T12:24:36Z] #42 attempt=1/2 status=200 0.391s url=https://www.myfonts.com/products/madellin-cristales-complete-family-package-1234902
[2026-09-30T12:24:37Z] #43 attempt=1/2 status=200 0.413s url=https://www.myfonts.com/collections/madellin-cristales-font-suza-studio/
[2026-09-30T12:24:37Z] #44 attempt=1/2 status=200 0.357s url=https://www.myfonts.com/collections/madellin-cristales-font-suza-studio/?tab=techSpecs
[2026-09-30T12:24:38Z] #45 attempt=1/2 status=200 0.458s url=https://www.myfonts.com/products/autentica-rounded-complete-family-package-1234935
[2026-09-30T12:24:39Z] #46 attempt=1/2 status=200 0.632s url=https://www.myfonts.com/collections/autentica-rounded-font-sofiamohr/
[2026-09-30T12:24:40Z] #47 attempt=1/2 status=200 0.465s url=https://www.myfonts.com/collections/autentica-rounded-font-sofiamohr/?tab=techSpecs
[2026-09-30T12:24:41Z] #48 attempt=1/2 status=200 0.422s url=https://www.myfonts.com/products/wishdorm-complete-family-package-1235335
[2026-09-30T12:24:42Z] #49 attempt=1/2 status=200 0.420s url=https://www.myfonts.com/collections/wishdorm-font-dgtype/
[2026-09-30T12:24:43Z] #50 attempt=1/2 status=200 0.386s url=https://www.myfonts.com/collections/wishdorm-font-dgtype/?tab=techSpecs
[2026-09-30T12:24:44Z] #51 attempt=1/2 status=200 0.371s url=https://www.myfonts.com/products/naruko-complete-family-package-1235327
[2026-09-30T12:24:45Z] #52 attempt=1/2 status=200 0.503s url=https://www.myfonts.com/collections/naruko-font-cocodesign/
[2026-09-30T12:24:45Z] #53 attempt=1/2 status=200 0.371s url=https://www.myfonts.com/collections/naruko-font-cocodesign/?tab=techSpecs
[2026-09-30T12:24:46Z] #54 attempt=1/2 status=200 0.430s url=https://www.myfonts.com/products/martesny-complete-family-package-1234834
[2026-09-30T12:24:47Z] #55 attempt=1/2 status=200 0.470s url=https://www.myfonts.com/collections/martesny-font-maulana-creative/
[2026-09-30T12:24:48Z] #56 attempt=1/2 status=200 0.340s url=https://www.myfonts.com/collections/martesny-font-maulana-creative/?tab=techSpecs
[2026-09-30T12:24:49Z] #57 attempt=1/2 status=200 0.369s url=https://www.myfonts.com/products/ateroist-complete-family-package-1235174
[2026-09-30T12:24:49Z] #58 attempt=1/2 status=200 0.407s url=https://www.myfonts.com/collections/ateroist-font-typeltf/
[2026-09-30T12:24:50Z] #59 attempt=1/2 status=200 0.342s url=https://www.myfonts.com/collections/ateroist-font-typeltf/?tab=techSpecs
[2026-09-30T12:24:51Z] #60 attempt=1/2 status=200 0.396s url=https://www.myfonts.com/products/selantic-complete-family-package-1234969
[2026-09-30T12:24:52Z] #61 attempt=1/2 status=200 0.400s url=https://www.myfonts.com/collections/selantic-font-letterena-studios/
[2026-09-30T12:24:53Z] #62 attempt=1/2 status=200 0.439s url=https://www.myfonts.com/collections/selantic-font-letterena-studios/?tab=techSpecs
[2026-09-30T12:24:54Z] #63 attempt=1/2 status=200 0.396s url=https://www.myfonts.com/products/nilengo-complete-family-package-1235199
[2026-09-30T12:24:55Z] #64 attempt=1/2 status=200 0.452s url=https://www.myfonts.com/collections/nilengo-font-agung-sudirman/
[2026-09-30T12:24:55Z] #65 attempt=1/2 status=200 0.506s url=https://www.myfonts.com/collections/nilengo-font-agung-sudirman/?tab=techSpecs
[2026-09-30T12:24:56Z] #66 attempt=1/2 status=200 0.417s url=https://www.myfonts.com/products/forge-garage-complete-family-package-1235363
[2026-09-30T12:24:57Z] #67 attempt=1/2 status=200 0.512s url=https://www.myfonts.com/collections/forge-garage-font-edignwn-type/
[2026-09-30T12:24:58Z] #68 attempt=1/2 status=200 0.492s url=https://www.myfonts.com/collections/forge-garage-font-edignwn-type/?tab=techSpecs
[2026-09-30T12:25:00Z] #69 attempt=1/2 status=200 0.459s url=https://www.myfonts.com/products/gloft-complete-family-package-1234951
[2026-09-30T12:25:01Z] #70 attempt=1/2 status=200 0.535s url=https://www.myfonts.com/collections/gloft-font-unitype-studio/
[2026-09-30T12:25:02Z] #71 attempt=1/2 status=200 0.517s url=https://www.myfonts.com/collections/gloft-font-unitype-studio/?tab=techSpecs
[2026-09-30T12:25:05Z] #72 attempt=1/2 status=200 1.882s url=https://www.myfonts.com/products/celoria-complete-family-package-1234279
[2026-09-30T12:25:08Z] #73 attempt=1/2 status=200 2.808s url=https://www.myfonts.com/collections/celoria-font-trick-type-style/
[2026-09-30T12:25:10Z] #74 attempt=1/2 status=200 1.632s url=https://www.myfonts.com/collections/celoria-font-trick-type-style/?tab=techSpecs
[2026-09-30T12:25:12Z] #75 attempt=1/2 status=200 0.483s url=https://www.myfonts.com/products/aubrey-sans-complete-family-package-1234183
[2026-09-30T12:25:13Z] #76 attempt=1/2 status=200 0.640s url=https://www.myfonts.com/collections/aubrey-sans-font-webhance/
[2026-09-30T12:25:13Z] #77 attempt=1/2 status=200 0.432s url=https://www.myfonts.com/collections/aubrey-sans-font-webhance/?tab=techSpecs
[2026-09-30T12:25:15Z] #78 attempt=1/2 status=200 0.436s url=https://www.myfonts.com/products/mockindy-outline-complete-family-package-1234829
[2026-09-30T12:25:15Z] #79 attempt=1/2 status=200 0.425s url=https://www.myfonts.com/collections/mockindy-outline-font-tyedge-studio/
[2026-09-30T12:25:16Z] #80 attempt=1/2 status=200 0.342s url=https://www.myfonts.com/collections/mockindy-outline-font-tyedge-studio/?tab=techSpecs
[2026-09-30T12:25:17Z] #81 attempt=1/2 status=200 0.359s url=https://www.myfonts.com/products/tomyhesa-complete-family-package-1234973
[2026-09-30T12:25:18Z] #82 attempt=1/2 status=200 0.418s url=https://www.myfonts.com/collections/tomyhesa-font-letterena-studios/
[2026-09-30T12:25:19Z] #83 attempt=1/2 status=200 0.441s url=https://www.myfonts.com/collections/tomyhesa-font-letterena-studios/?tab=techSpecs
[2026-09-30T12:25:20Z] #84 attempt=1/2 status=200 0.398s url=https://www.myfonts.com/products/clausville-complete-family-package-1235358
[2026-09-30T12:25:20Z] #85 attempt=1/2 status=200 0.458s url=https://www.myfonts.com/collections/clausville-font-dora-typefoundry/
[2026-09-30T12:25:21Z] #86 attempt=1/2 status=200 0.454s url=https://www.myfonts.com/collections/clausville-font-dora-typefoundry/?tab=techSpecs
[2026-09-30T12:25:22Z] #87 attempt=1/2 status=200 0.425s url=https://www.myfonts.com/products/samida-complete-family-package-1234872
[2026-09-30T12:25:23Z] #88 attempt=1/2 status=200 0.508s url=https://www.myfonts.com/collections/samida-font-yukita-creative/
[2026-09-30T12:25:24Z] #89 attempt=1/2 status=200 0.397s url=https://www.myfonts.com/collections/samida-font-yukita-creative/?tab=techSpecs
[2026-09-30T12:25:25Z] #90 attempt=1/2 status=200 0.573s url=https://www.myfonts.com/products/femhitary-complete-family-package-1234966
[2026-09-30T12:25:26Z] #91 attempt=1/2 status=200 0.404s url=https://www.myfonts.com/collections/femhitary-font-letterena-studios/
[2026-09-30T12:25:26Z] #92 attempt=1/2 status=200 0.434s url=https://www.myfonts.com/collections/femhitary-font-letterena-studios/?tab=techSpecs
[2026-09-30T12:25:29Z] #93 attempt=1/2 status=200 1.562s url=https://www.myfonts.com/products/qreth-complete-family-package-1234972
[2026-09-30T12:25:32Z] #94 attempt=1/2 status=200 2.848s url=https://www.myfonts.com/collections/qreth-font-nia-typework/
[2026-09-30T12:25:35Z] #95 attempt=1/2 status=200 2.337s url=https://www.myfonts.com/collections/qreth-font-nia-typework/?tab=techSpecs
[2026-09-30T12:25:37Z] #96 attempt=1/2 status=200 0.433s url=https://www.myfonts.com/products/vexthorn-complete-family-package-1234203
[2026-09-30T12:25:37Z] #97 attempt=1/2 status=200 0.395s url=https://www.myfonts.com/collections/vexthorn-font-yoga-letter/
[2026-09-30T12:25:38Z] #98 attempt=1/2 status=200 0.425s url=https://www.myfonts.com/collections/vexthorn-font-yoga-letter/?tab=techSpecs
[2026-09-30T12:25:41Z] #99 attempt=1/2 status=200 0.486s url=https://www.myfonts.com/products/atomette-complete-family-package-1234048
[2026-09-30T12:25:41Z] #100 attempt=1/2 status=200 0.487s url=https://www.myfonts.com/collections/atomette-font-device/
[2026-09-30T12:25:42Z] #101 attempt=1/2 status=200 0.485s url=https://www.myfonts.com/collections/atomette-font-device/?tab=techSpecs
[2026-09-30T12:25:44Z] #102 attempt=1/2 status=200 0.646s url=https://www.myfonts.com/products/yoger-package-1234931
[2026-09-30T12:25:45Z] #103 attempt=1/2 status=200 0.833s url=https://www.myfonts.com/collections/yoger-font-smartfont/
[2026-09-30T12:25:46Z] #104 attempt=1/2 status=200 0.834s url=https://www.myfonts.com/collections/yoger-font-smartfont/?tab=techSpecs
[2026-09-30T12:25:47Z] #105 attempt=1/2 status=200 0.371s url=https://www.myfonts.com/products/murisa-vandehaere-complete-family-package-1234861
[2026-09-30T12:25:48Z] #106 attempt=1/2 status=200 0.437s url=https://www.myfonts.com/collections/murisa-vandehaere-font-murisa-studio/
[2026-09-30T12:25:48Z] #107 attempt=1/2 status=200 0.382s url=https://www.myfonts.com/products/maison-lovyelle-complete-family-package-1235195
[2026-09-30T12:25:49Z] #108 attempt=1/2 status=200 0.400s url=https://www.myfonts.com/collections/maison-lovyelle-font-abbasy-studio/
[2026-09-30T12:25:50Z] #109 attempt=1/2 status=200 0.416s url=https://www.myfonts.com/collections/maison-lovyelle-font-abbasy-studio/?tab=techSpecs
[2026-09-30T12:25:51Z] #110 attempt=1/2 status=200 0.377s url=https://www.myfonts.com/products/garoland-complete-family-package-1235314
[2026-09-30T12:25:52Z] #111 attempt=1/2 status=200 0.473s url=https://www.myfonts.com/collections/garoland-font-burntilldead/
[2026-09-30T12:25:52Z] #112 attempt=1/2 status=200 0.424s url=https://www.myfonts.com/collections/garoland-font-burntilldead/?tab=techSpecs
[2026-09-30T12:25:54Z] #113 attempt=1/2 status=200 0.416s url=https://www.myfonts.com/products/promuja-complete-family-package-1234193
[2026-09-30T12:25:54Z] #114 attempt=1/2 status=200 0.441s url=https://www.myfonts.com/collections/promuja-font-wildan-carfont/
[2026-09-30T12:25:55Z] #115 attempt=1/2 status=200 0.396s url=https://www.myfonts.com/collections/promuja-font-wildan-carfont/?tab=techSpecs
[2026-09-30T12:25:56Z] #116 attempt=1/2 status=200 0.400s url=https://www.myfonts.com/products/jollykins-complete-family-package-1234206
[2026-09-30T12:25:57Z] #117 attempt=1/2 status=200 0.422s url=https://www.myfonts.com/collections/jollykins-font-yoga-letter/
[2026-09-30T12:25:58Z] #118 attempt=1/2 status=200 0.406s url=https://www.myfonts.com/collections/jollykins-font-yoga-letter/?tab=techSpecs
[2026-09-30T12:25:59Z] #119 attempt=1/2 status=200 0.352s url=https://www.myfonts.com/products/off-terz-complete-family-package-1234896
[2026-09-30T12:25:59Z] #120 attempt=1/2 status=200 0.475s url=https://www.myfonts.com/collections/off-terz-font-jolicia-type/
[2026-09-30T12:26:00Z] #121 attempt=1/2 status=200 0.401s url=https://www.myfonts.com/collections/off-terz-font-jolicia-type/?tab=techSpecs
[2026-09-30T12:26:01Z] #122 attempt=1/2 status=200 0.409s url=https://www.myfonts.com/products/corta-complete-family-package-1235373
[2026-09-30T12:26:02Z] #123 attempt=1/2 status=200 0.395s url=https://www.myfonts.com/collections/corta-font-flavortype/
[2026-09-30T12:26:02Z] #124 attempt=1/2 status=200 0.363s url=https://www.myfonts.com/collections/corta-font-flavortype/?tab=techSpecs
[2026-09-30T12:26:04Z] #125 attempt=1/2 status=200 0.353s url=https://www.myfonts.com/products/iceberglc-complete-family-package-1235177
[2026-09-30T12:26:06Z] #126 attempt=1/2 status=200 0.729s url=https://www.myfonts.com/products/everdraw-complete-family-package-1234138
[2026-09-30T12:26:07Z] #127 attempt=1/2 status=200 0.906s url=https://www.myfonts.com/collections/everdraw-font-vp-creative-shop/
[2026-09-30T12:26:08Z] #128 attempt=1/2 status=200 0.655s url=https://www.myfonts.com/collections/everdraw-font-vp-creative-shop/?tab=techSpecs
[2026-09-30T12:26:09Z] #129 attempt=1/2 status=200 0.385s url=https://www.myfonts.com/products/geocut-complete-family-package-1234075
[2026-09-30T12:26:10Z] #130 attempt=1/2 status=200 0.496s url=https://www.myfonts.com/collections/geocut-font-vincenzo-crisafulli/
[2026-09-30T12:26:11Z] #131 attempt=1/2 status=200 0.506s url=https://www.myfonts.com/collections/geocut-font-vincenzo-crisafulli/?tab=techSpecs
[2026-09-30T12:26:12Z] #132 attempt=1/2 status=200 0.357s url=https://www.myfonts.com/products/xeura-complete-family-package-1234866
[2026-09-30T12:26:12Z] #133 attempt=1/2 status=200 0.417s url=https://www.myfonts.com/collections/xeura-font-timelesstype-studio/
[2026-09-30T12:26:13Z] #134 attempt=1/2 status=200 0.391s url=https://www.myfonts.com/collections/xeura-font-timelesstype-studio/?tab=techSpecs
[2026-09-30T12:26:14Z] #135 attempt=1/2 status=200 0.369s url=https://www.myfonts.com/products/donetta-complete-family-package-1235069
[2026-09-30T12:26:15Z] #136 attempt=1/2 status=200 0.415s url=https://www.myfonts.com/collections/donetta-font-typeclassheroes/
[2026-09-30T12:26:15Z] #137 attempt=1/2 status=200 0.364s url=https://www.myfonts.com/collections/donetta-font-typeclassheroes/?tab=techSpecs
[2026-09-30T12:26:17Z] #138 attempt=1/2 status=200 0.485s url=https://www.myfonts.com/products/valenary-prana-complete-family-package-1235339
[2026-09-30T12:26:18Z] #139 attempt=1/2 status=200 0.649s url=https://www.myfonts.com/collections/valenary-prana-font-differentialtype/
[2026-09-30T12:26:18Z] #140 attempt=1/2 status=200 0.513s url=https://www.myfonts.com/collections/valenary-prana-font-differentialtype/?tab=techSpecs
[2026-09-30T12:26:20Z] #141 attempt=1/2 status=200 0.476s url=https://www.myfonts.com/products/panometr-sans-complete-family-package-1234841
[2026-09-30T12:26:20Z] #142 attempt=1/2 status=200 0.501s url=https://www.myfonts.com/collections/panometr-sans-font-borutta/
[2026-09-30T12:26:21Z] #143 attempt=1/2 status=200 0.531s url=https://www.myfonts.com/collections/panometr-sans-font-borutta/?tab=techSpecs
[2026-09-30T12:26:22Z] #144 attempt=1/2 status=200 0.371s url=https://www.myfonts.com/products/hyperline-complete-family-package-1235331
[2026-09-30T12:26:23Z] #145 attempt=1/2 status=200 0.418s url=https://www.myfonts.com/collections/hyperline-font-dareco-studio/
[2026-09-30T12:26:24Z] #146 attempt=1/2 status=200 0.326s url=https://www.myfonts.com/collections/hyperline-font-dareco-studio/?tab=techSpecs
[2026-09-30T12:26:25Z] #147 attempt=1/2 status=200 0.374s url=https://www.myfonts.com/products/jaghori-insighte-complete-family-package-1234976
[2026-09-30T12:26:26Z] #148 attempt=1/2 status=200 0.410s url=https://www.myfonts.com/collections/jaghori-insighte-font-letterena-studios/
[2026-09-30T12:26:26Z] #149 attempt=1/2 status=200 0.419s url=https://www.myfonts.com/collections/jaghori-insighte-font-letterena-studios/?tab=techSpecs
[2026-09-30T12:26:27Z] #150 attempt=1/2 status=200 0.464s url=https://www.myfonts.com/products/sfc-rimowa-complete-family-package-1234209
[2026-09-30T12:26:28Z] #151 attempt=1/2 status=200 0.457s url=https://www.myfonts.com/collections/sfc-rimowa-font-skilline-fonts-co/
[2026-09-30T12:26:29Z] #152 attempt=1/2 status=200 0.462s url=https://www.myfonts.com/collections/sfc-rimowa-font-skilline-fonts-co/?tab=techSpecs
[2026-09-30T12:26:30Z] #153 attempt=1/2 status=200 0.366s url=https://www.myfonts.com/products/flow-botanical-complete-family-package-1234858
[2026-09-30T12:26:31Z] #154 attempt=1/2 status=200 0.397s url=https://www.myfonts.com/collections/flow-botanical-font-timelesstype-studio/
[2026-09-30T12:26:31Z] #155 attempt=1/2 status=200 0.435s url=https://www.myfonts.com/collections/flow-botanical-font-timelesstype-studio/?tab=techSpecs
[2026-09-30T12:26:34Z] #156 attempt=1/2 status=200 0.398s url=https://www.myfonts.com/products/regular-bethoria-signature-1235371
[2026-09-30T12:26:34Z] #157 attempt=1/2 status=200 0.419s url=https://www.myfonts.com/collections/bethoria-signature-font-figuree-studio/
[2026-09-30T12:26:35Z] #158 attempt=1/2 status=200 0.388s url=https://www.myfonts.com/collections/bethoria-signature-font-figuree-studio/?tab=techSpecs
[2026-09-30T12:26:37Z] #159 attempt=1/6 status=200 0.812s url=https://www.myfonts.com/products.json?limit=100&page=2
[2026-09-30T12:26:37Z] #160 attempt=1/2 status=200 0.431s url=https://www.myfonts.com/products/regular-qribo-1234950
[2026-09-30T12:26:38Z] #161 attempt=1/2 status=200 0.354s url=https://www.myfonts.com/collections/qribo-font-unitype-studio/
[2026-09-30T12:26:38Z] #162 attempt=1/2 status=200 0.293s url=https://www.myfonts.com/collections/qribo-font-unitype-studio/?tab=techSpecs
[2026-09-30T12:26:39Z] #163 attempt=1/2 status=200 0.374s url=https://www.myfonts.com/products/regular-nostalique-script-1234885
[2026-09-30T12:26:40Z] #164 attempt=1/2 status=200 0.377s url=https://www.myfonts.com/collections/nostalique-script-font-shanaf/
[2026-09-30T12:26:41Z] #165 attempt=1/2 status=200 0.394s url=https://www.myfonts.com/collections/nostalique-script-font-shanaf/?tab=techSpecs
[2026-09-30T12:26:41Z] #166 attempt=1/2 status=200 0.360s url=https://www.myfonts.com/products/regular-hyperon-1235110
[2026-09-30T12:26:42Z] #167 attempt=1/2 status=200 0.354s url=https://www.myfonts.com/collections/hyperon-font-rasio-studio/
[2026-09-30T12:26:43Z] #168 attempt=1/2 status=200 0.450s url=https://www.myfonts.com/collections/hyperon-font-rasio-studio/?tab=techSpecs
[2026-09-30T12:26:44Z] #169 attempt=1/2 status=200 0.335s url=https://www.myfonts.com/products/regular-montaro-1234884
[2026-09-30T12:26:44Z] #170 attempt=1/2 status=200 0.362s url=https://www.myfonts.com/collections/montaro-font-shanaf/
[2026-09-30T12:26:45Z] #171 attempt=1/2 status=200 0.380s url=https://www.myfonts.com/collections/montaro-font-shanaf/?tab=techSpecs
[2026-09-30T12:26:46Z] #172 attempt=1/2 status=200 0.344s url=https://www.myfonts.com/products/regular-kamaline-handbrush-1235198
[2026-09-30T12:26:46Z] #173 attempt=1/2 status=200 0.471s url=https://www.myfonts.com/collections/kamaline-handbrush-font-afkari-studio/
[2026-09-30T12:26:47Z] #174 attempt=1/2 status=200 0.554s url=https://www.myfonts.com/collections/kamaline-handbrush-font-afkari-studio/?tab=techSpecs
[2026-09-30T12:26:49Z] #175 attempt=1/6 status=200 0.908s url=https://www.myfonts.com/products.json?limit=100&page=3
[2026-09-30T12:26:50Z] #176 attempt=1/2 status=200 0.487s url=https://www.myfonts.com/products/regular-nexroid-1234708
[2026-09-30T12:26:50Z] #177 attempt=1/2 status=200 0.479s url=https://www.myfonts.com/collections/nexroid-font-sipanji21/
[2026-09-30T12:26:51Z] #178 attempt=1/2 status=200 0.318s url=https://www.myfonts.com/collections/nexroid-font-sipanji21/?tab=techSpecs
[2026-09-30T12:26:52Z] #179 attempt=1/2 status=200 0.335s url=https://www.myfonts.com/products/toshira-regular-toshira-1234277
[2026-09-30T12:26:52Z] #180 attempt=1/2 status=200 0.379s url=https://www.myfonts.com/collections/toshira-font-maikohatta/
[2026-09-30T12:26:53Z] #181 attempt=1/2 status=200 0.377s url=https://www.myfonts.com/collections/toshira-font-maikohatta/?tab=techSpecs
[2026-09-30T12:26:55Z] #182 attempt=1/6 status=200 0.849s url=https://www.myfonts.com/products.json?limit=100&page=4
[2026-09-30T12:26:55Z] #183 attempt=1/2 status=200 0.345s url=https://www.myfonts.com/products/regular-weird-jokes-1234276
[2026-09-30T12:26:56Z] #184 attempt=1/2 status=200 0.350s url=https://www.myfonts.com/collections/weird-jokes-font-timurtype/
[2026-09-30T12:26:57Z] #185 attempt=1/2 status=200 0.386s url=https://www.myfonts.com/collections/weird-jokes-font-timurtype/?tab=techSpecs
[2026-09-30T12:26:59Z] #186 attempt=1/2 status=200 0.392s url=https://www.myfonts.com/products/regular-manage-1235170
[2026-09-30T12:26:59Z] #187 attempt=1/2 status=200 0.497s url=https://www.myfonts.com/collections/manage-font-sensatype-studio/
[2026-09-30T12:27:00Z] #188 attempt=1/2 status=200 0.399s url=https://www.myfonts.com/collections/manage-font-sensatype-studio/?tab=techSpecs
[2026-09-30T12:27:01Z] #189 attempt=1/2 status=200 0.351s url=https://www.myfonts.com/products/regular-rapikan-1235368
[2026-09-30T12:27:01Z] #190 attempt=1/2 status=200 0.395s url=https://www.myfonts.com/collections/rapikan-font-ekahermawan/
[2026-09-30T12:27:02Z] #191 attempt=1/2 status=200 0.464s url=https://www.myfonts.com/collections/rapikan-font-ekahermawan/?tab=techSpecs
[2026-09-30T12:27:03Z] #192 attempt=1/2 status=200 0.409s url=https://www.myfonts.com/products/regular-roulos-1234961
[2026-09-30T12:27:04Z] #193 attempt=1/2 status=200 0.426s url=https://www.myfonts.com/collections/roulos-font-omzen-type/
[2026-09-30T12:27:04Z] #194 attempt=1/2 status=200 0.412s url=https://www.myfonts.com/collections/roulos-font-omzen-type/?tab=techSpecs
[2026-09-30T12:27:05Z] #195 attempt=1/2 status=200 0.347s url=https://www.myfonts.com/products/regular-dellatino-1235180
[2026-09-30T12:27:06Z] #196 attempt=1/2 status=200 0.375s url=https://www.myfonts.com/collections/dellatino-font-jinan-studio/
[2026-09-30T12:27:06Z] #197 attempt=1/2 status=200 0.306s url=https://www.myfonts.com/collections/dellatino-font-jinan-studio/?tab=techSpecs
[2026-09-30T12:27:08Z] #198 attempt=1/6 status=200 1.023s url=https://www.myfonts.com/products.json?limit=100&page=5
[2026-09-30T12:27:09Z] #199 attempt=1/2 status=200 0.349s url=https://www.myfonts.com/products/regular-traydefo-1235334
[2026-09-30T12:27:10Z] #200 attempt=1/2 status=200 0.355s url=https://www.myfonts.com/collections/traydefo-font-dgsa-type-foundry/
[2026-09-30T12:27:10Z] #201 attempt=1/2 status=200 0.381s url=https://www.myfonts.com/collections/traydefo-font-dgsa-type-foundry/?tab=techSpecs
[2026-09-30T12:27:11Z] #202 attempt=1/2 status=200 0.363s url=https://www.myfonts.com/products/regular-rustyjgp-1235171
[2026-09-30T12:27:12Z] #203 attempt=1/2 status=200 0.377s url=https://www.myfonts.com/collections/rustyjgp-font-jointype/
[2026-09-30T12:27:12Z] #204 attempt=1/2 status=200 0.373s url=https://www.myfonts.com/collections/rustyjgp-font-jointype/?tab=techSpecs
[2026-09-30T12:27:13Z] #205 attempt=1/2 status=200 0.327s url=https://www.myfonts.com/products/regular-ferga-1234273
[2026-09-30T12:27:14Z] #206 attempt=1/2 status=200 0.439s url=https://www.myfonts.com/collections/ferga-font-dareco-studio/
[2026-09-30T12:27:14Z] #207 attempt=1/2 status=200 0.361s url=https://www.myfonts.com/collections/ferga-font-dareco-studio/?tab=techSpecs
[2026-09-30T12:27:16Z] #208 attempt=1/6 status=200 0.821s url=https://www.myfonts.com/products.json?limit=100&page=6
[2026-09-30T12:27:17Z] #209 attempt=1/2 status=200 0.319s url=https://www.myfonts.com/products/regular-bhelmora-1235370
[2026-09-30T12:27:17Z] #210 attempt=1/2 status=200 0.364s url=https://www.myfonts.com/collections/bhelmora-font-figuree-studio/
[2026-09-30T12:27:18Z] #211 attempt=1/2 status=200 0.385s url=https://www.myfonts.com/collections/bhelmora-font-figuree-studio/?tab=techSpecs
[2026-09-30T12:27:20Z] #212 attempt=1/2 status=200 0.371s url=https://www.myfonts.com/products/regular-fitchmore-1234934
[2026-09-30T12:27:21Z] #213 attempt=1/2 status=200 0.355s url=https://www.myfonts.com/collections/fitchmore-font-tower-of-babel/
[2026-09-30T12:27:21Z] #214 attempt=1/2 status=200 0.334s url=https://www.myfonts.com/collections/fitchmore-font-tower-of-babel/?tab=techSpecs
[2026-09-30T12:27:23Z] #215 attempt=1/6 status=200 0.946s url=https://www.myfonts.com/products.json?limit=100&page=7
[2026-09-30T12:27:23Z] #216 attempt=1/2 status=200 0.365s url=https://www.myfonts.com/products/regular-sauropod-1234962
[2026-09-30T12:27:24Z] #217 attempt=1/2 status=200 0.386s url=https://www.myfonts.com/collections/sauropod-font-the-ampersand-forest/
[2026-09-30T12:27:25Z] #218 attempt=1/2 status=200 0.433s url=https://www.myfonts.com/collections/sauropod-font-the-ampersand-forest/?tab=techSpecs
[2026-09-30T12:27:26Z] #219 attempt=1/2 status=200 0.365s url=https://www.myfonts.com/products/regular-widston-1235173
[2026-09-30T12:27:26Z] #220 attempt=1/2 status=200 0.364s url=https://www.myfonts.com/collections/widston-font-mbonster/
[2026-09-30T12:27:27Z] #221 attempt=1/2 status=200 0.381s url=https://www.myfonts.com/collections/widston-font-mbonster/?tab=techSpecs
[2026-09-30T12:27:28Z] #222 attempt=1/2 status=200 0.355s url=https://www.myfonts.com/products/regular-sweet-crumbs-1234889
[2026-09-30T12:27:28Z] #223 attempt=1/2 status=200 0.363s url=https://www.myfonts.com/collections/sweet-crumbs-font-shanaf/
[2026-09-30T12:27:29Z] #224 attempt=1/2 status=200 0.425s url=https://www.myfonts.com/collections/sweet-crumbs-font-shanaf/?tab=techSpecs
[2026-09-30T12:27:30Z] #225 attempt=1/2 status=200 0.377s url=https://www.myfonts.com/products/regular-hugero-1234137
[2026-09-30T12:27:31Z] #226 attempt=1/2 status=200 0.417s url=https://www.myfonts.com/collections/hugero-font-vultype-co/
[2026-09-30T12:27:31Z] #227 attempt=1/2 status=200 0.303s url=https://www.myfonts.com/collections/hugero-font-vultype-co/?tab=techSpecs
[2026-09-30T12:27:32Z] #228 attempt=1/2 status=200 0.360s url=https://www.myfonts.com/products/regular-stone-bricx-1234887
[2026-09-30T12:27:33Z] #229 attempt=1/2 status=200 0.377s url=https://www.myfonts.com/collections/stone-bricx-font-shanaf/
[2026-09-30T12:27:33Z] #230 attempt=1/2 status=200 0.399s url=https://www.myfonts.com/collections/stone-bricx-font-shanaf/?tab=techSpecs
[2026-09-30T12:27:35Z] #231 attempt=1/6 status=200 0.798s url=https://www.myfonts.com/products.json?limit=100&page=8
[2026-09-30T12:27:36Z] #232 attempt=1/2 status=200 0.355s url=https://www.myfonts.com/products/regular-kravino-1234882
[2026-09-30T12:27:36Z] #233 attempt=1/2 status=200 0.418s url=https://www.myfonts.com/collections/kravino-font-shanaf/
[2026-09-30T12:27:37Z] #234 attempt=1/2 status=200 0.360s url=https://www.myfonts.com/collections/kravino-font-shanaf/?tab=techSpecs
[2026-09-30T12:27:38Z] #235 attempt=1/2 status=200 0.382s url=https://www.myfonts.com/products/regular-vexna-1235369
[2026-09-30T12:27:38Z] #236 attempt=1/2 status=200 0.395s url=https://www.myfonts.com/collections/vexna-font-ezinxo-foundry/
[2026-09-30T12:27:39Z] #237 attempt=1/2 status=200 0.387s url=https://www.myfonts.com/collections/vexna-font-ezinxo-foundry/?tab=techSpecs
[2026-09-30T12:27:40Z] #238 attempt=1/2 status=200 0.355s url=https://www.myfonts.com/products/regular-drefiona-1234274
[2026-09-30T12:27:41Z] #239 attempt=1/2 status=200 0.607s url=https://www.myfonts.com/collections/drefiona-font-maulana-creative/
[2026-09-30T12:27:41Z] #240 attempt=1/2 status=200 0.401s url=https://www.myfonts.com/collections/drefiona-font-maulana-creative/?tab=techSpecs
[2026-09-30T12:27:44Z] #241 attempt=1/6 status=200 0.893s url=https://www.myfonts.com/products.json?limit=100&page=9
[2026-09-30T12:27:45Z] #242 attempt=1/2 status=200 0.330s url=https://www.myfonts.com/products/regular-glops-1235372
[2026-09-30T12:27:45Z] #243 attempt=1/2 status=200 0.353s url=https://www.myfonts.com/collections/glops-font-figuree-studio/
[2026-09-30T12:27:46Z] #244 attempt=1/2 status=200 0.398s url=https://www.myfonts.com/collections/glops-font-figuree-studio/?tab=techSpecs
[2026-09-30T12:27:47Z] #245 attempt=1/2 status=200 0.371s url=https://www.myfonts.com/products/regular-basgira-1235168
[2026-09-30T12:27:48Z] #246 attempt=1/2 status=200 0.397s url=https://www.myfonts.com/collections/basgira-font-flawlessandco/
[2026-09-30T12:27:48Z] #247 attempt=1/2 status=200 0.412s url=https://www.myfonts.com/collections/basgira-font-flawlessandco/?tab=techSpecs
[2026-09-30T12:27:49Z] #248 attempt=1/2 status=200 0.363s url=https://www.myfonts.com/products/regular-gottagon-1234275
[2026-09-30T12:27:50Z] #249 attempt=1/2 status=200 0.440s url=https://www.myfonts.com/collections/gottagon-font-syntype/
[2026-09-30T12:27:50Z] #250 attempt=1/2 status=200 0.387s url=https://www.myfonts.com/collections/gottagon-font-syntype/?tab=techSpecs
[2026-09-30T12:27:52Z] #251 attempt=1/6 status=200 1.057s url=https://www.myfonts.com/products.json?limit=100&page=10
[2026-09-30T12:27:53Z] #252 attempt=1/2 status=200 0.340s url=https://www.myfonts.com/products/houljoe-regular-houljoe-1235376
[2026-09-30T12:27:53Z] #253 attempt=1/2 status=200 0.388s url=https://www.myfonts.com/collections/houljoe-font-flawlessandco/
[2026-09-30T12:27:54Z] #254 attempt=1/2 status=200 0.367s url=https://www.myfonts.com/collections/houljoe-font-flawlessandco/?tab=techSpecs
[2026-09-30T12:27:55Z] #255 attempt=1/2 status=200 0.401s url=https://www.myfonts.com/products/palmea-complete-family-package-1234233
[2026-09-30T12:27:56Z] #256 attempt=1/2 status=200 0.400s url=https://www.myfonts.com/collections/palmea-font-maghrib-type/
[2026-09-30T12:27:56Z] #257 attempt=1/2 status=200 0.415s url=https://www.myfonts.com/collections/palmea-font-maghrib-type/?tab=techSpecs
[2026-09-30T12:27:58Z] #258 attempt=1/2 status=200 0.447s url=https://www.myfonts.com/products/regular-and-italic-package-1234272
[2026-09-30T12:27:58Z] #259 attempt=1/2 status=200 0.504s url=https://www.myfonts.com/collections/sfc-signsmith-font-skilline-fonts-co/
[2026-09-30T12:27:59Z] #260 attempt=1/2 status=200 0.476s url=https://www.myfonts.com/collections/sfc-signsmith-font-skilline-fonts-co/?tab=techSpecs
[2026-09-30T12:28:00Z] #261 attempt=1/2 status=200 0.389s url=https://www.myfonts.com/products/cenolle-complete-family-package-1234222
[2026-09-30T12:28:01Z] #262 attempt=1/2 status=200 0.475s url=https://www.myfonts.com/collections/cenolle-font-typeclassheroes/
[2026-09-30T12:28:02Z] #263 attempt=1/2 status=200 0.430s url=https://www.myfonts.com/collections/cenolle-font-typeclassheroes/?tab=techSpecs
[2026-09-30T12:28:03Z] #264 attempt=1/2 status=200 0.370s url=https://www.myfonts.com/products/fallyen-complete-family-package-1234247
[2026-09-30T12:28:04Z] #265 attempt=1/2 status=200 0.403s url=https://www.myfonts.com/collections/fallyen-font-maulana-creative/
[2026-09-30T12:28:04Z] #266 attempt=1/2 status=200 0.370s url=https://www.myfonts.com/collections/fallyen-font-maulana-creative/?tab=techSpecs
[2026-09-30T12:28:05Z] #267 attempt=1/2 status=200 0.428s url=https://www.myfonts.com/products/aspek-complete-family-package-1234250
[2026-09-30T12:28:06Z] #268 attempt=1/2 status=200 0.454s url=https://www.myfonts.com/collections/aspek-font-the-native-saint-club/
[2026-09-30T12:28:07Z] #269 attempt=1/2 status=200 0.476s url=https://www.myfonts.com/collections/aspek-font-the-native-saint-club/?tab=techSpecs
[2026-09-30T12:28:10Z] #270 attempt=1/6 status=200 0.898s url=https://www.myfonts.com/products.json?limit=100&page=11
[2026-09-30T12:28:11Z] #271 attempt=1/2 status=200 0.362s url=https://www.myfonts.com/products/evo-rinnox-complete-family-package-1234225
[2026-09-30T12:28:11Z] #272 attempt=1/2 status=200 0.411s url=https://www.myfonts.com/collections/evo-rinnox-font-tini-fitriani/
[2026-09-30T12:28:12Z] #273 attempt=1/2 status=200 0.398s url=https://www.myfonts.com/collections/evo-rinnox-font-tini-fitriani/?tab=techSpecs
[2026-09-30T12:28:13Z] #274 attempt=1/2 status=200 0.412s url=https://www.myfonts.com/products/regular-halloween-costume-1234074
[2026-09-30T12:28:14Z] #275 attempt=1/2 status=200 0.370s url=https://www.myfonts.com/collections/halloween-costume-font-unitype-studio/
[2026-09-30T12:28:14Z] #276 attempt=1/2 status=200 0.380s url=https://www.myfonts.com/collections/halloween-costume-font-unitype-studio/?tab=techSpecs
[2026-09-30T12:28:15Z] #277 attempt=1/2 status=200 0.339s url=https://www.myfonts.com/products/regular-sfc-zurich-plaza-1234073
[2026-09-30T12:28:16Z] #278 attempt=1/2 status=200 0.475s url=https://www.myfonts.com/collections/sfc-zurich-plaza-font-skilline-fonts-co/
[2026-09-30T12:28:16Z] #279 attempt=1/2 status=200 0.370s url=https://www.myfonts.com/collections/sfc-zurich-plaza-font-skilline-fonts-co/?tab=techSpecs
[2026-09-30T12:28:17Z] #280 attempt=1/2 status=200 0.323s url=https://www.myfonts.com/products/regular-lacola-coco-1234246
[2026-09-30T12:28:18Z] #281 attempt=1/2 status=200 0.386s url=https://www.myfonts.com/collections/lacola-coco-font-maulana-creative/
[2026-09-30T12:28:19Z] #282 attempt=1/2 status=200 0.320s url=https://www.myfonts.com/collections/lacola-coco-font-maulana-creative/?tab=techSpecs
[2026-09-30T12:28:20Z] #283 attempt=1/2 status=200 0.491s url=https://www.myfonts.com/products/medium-sx-comforta-1234241
[2026-09-30T12:28:20Z] #284 attempt=1/2 status=200 0.483s url=https://www.myfonts.com/collections/sx-comforta-font-sixtype-foundry/
[2026-09-30T12:28:21Z] #285 attempt=1/2 status=200 0.628s url=https://www.myfonts.com/collections/sx-comforta-font-sixtype-foundry/?tab=techSpecs
[2026-09-30T12:28:22Z] #286 attempt=1/2 status=200 0.366s url=https://www.myfonts.com/products/regular-krupira-vora-1234221
[2026-09-30T12:28:23Z] #287 attempt=1/2 status=200 0.409s url=https://www.myfonts.com/collections/krupira-vora-font-product-type/
[2026-09-30T12:28:23Z] #288 attempt=1/2 status=200 0.314s url=https://www.myfonts.com/collections/krupira-vora-font-product-type/?tab=techSpecs
[2026-09-30T12:28:24Z] #289 attempt=1/2 status=200 0.320s url=https://www.myfonts.com/products/regular-ralgino-1234231
[2026-09-30T12:28:25Z] #290 attempt=1/2 status=200 0.416s url=https://www.myfonts.com/collections/ralgino-font-struggle-studio/
[2026-09-30T12:28:26Z] #291 attempt=1/2 status=200 0.351s url=https://www.myfonts.com/collections/ralgino-font-struggle-studio/?tab=techSpecs
[2026-09-30T12:28:27Z] #292 attempt=1/2 status=200 0.387s url=https://www.myfonts.com/products/regular-braided-motel-1234232
[2026-09-30T12:28:27Z] #293 attempt=1/2 status=200 0.409s url=https://www.myfonts.com/collections/braided-motel-font-sloulyfe-studio/
[2026-09-30T12:28:28Z] #294 attempt=1/2 status=200 0.360s url=https://www.myfonts.com/collections/braided-motel-font-sloulyfe-studio/?tab=techSpecs
[2026-09-30T12:28:29Z] #295 attempt=1/2 status=200 0.345s url=https://www.myfonts.com/products/regular-stay-awake-1234592
[2026-09-30T12:28:29Z] #296 attempt=1/2 status=200 0.359s url=https://www.myfonts.com/collections/stay-awake-font-olivetype/
[2026-09-30T12:28:30Z] #297 attempt=1/2 status=200 0.374s url=https://www.myfonts.com/collections/stay-awake-font-olivetype/?tab=techSpecs
[2026-09-30T12:28:31Z] #298 attempt=1/2 status=200 0.381s url=https://www.myfonts.com/products/regular-turishall-1234891
[2026-09-30T12:28:32Z] #299 attempt=1/2 status=200 0.488s url=https://www.myfonts.com/collections/turishall-font-syafbe/
[2026-09-30T12:28:32Z] #300 attempt=1/2 status=200 0.319s url=https://www.myfonts.com/collections/turishall-font-syafbe/?tab=techSpecs
[2026-09-30T12:28:34Z] #301 attempt=1/2 status=200 0.357s url=https://www.myfonts.com/products/regular-koolavie-1235187
[2026-09-30T12:28:35Z] #302 attempt=1/2 status=200 0.406s url=https://www.myfonts.com/collections/koolavie-font-letterhanna-studio/
[2026-09-30T12:28:35Z] #303 attempt=1/2 status=200 0.370s url=https://www.myfonts.com/collections/koolavie-font-letterhanna-studio/?tab=techSpecs
[2026-09-30T12:28:36Z] #304 attempt=1/2 status=200 0.377s url=https://www.myfonts.com/products/italic-island-reshort-1234857
[2026-09-30T12:28:37Z] #305 attempt=1/2 status=200 0.357s url=https://www.myfonts.com/collections/island-reshort-font-timelesstype-studio/
[2026-09-30T12:28:37Z] #306 attempt=1/2 status=200 0.333s url=https://www.myfonts.com/collections/island-reshort-font-timelesstype-studio/?tab=techSpecs
[2026-09-30T12:28:39Z] #307 attempt=1/6 status=200 0.960s url=https://www.myfonts.com/products.json?limit=100&page=12
[2026-09-30T12:28:40Z] #308 attempt=1/2 status=200 0.421s url=https://www.myfonts.com/products/regular-megast-1234870
[2026-09-30T12:28:41Z] #309 attempt=1/2 status=200 0.339s url=https://www.myfonts.com/collections/megast-font-timelesstype-studio/
[2026-09-30T12:28:41Z] #310 attempt=1/2 status=200 0.357s url=https://www.myfonts.com/collections/megast-font-timelesstype-studio/?tab=techSpecs
[2026-09-30T12:28:42Z] #311 attempt=1/2 status=200 0.344s url=https://www.myfonts.com/products/italic-creative-vision-1234880
[2026-09-30T12:28:43Z] #312 attempt=1/2 status=200 0.396s url=https://www.myfonts.com/collections/creative-vision-font-timelesstype-studio/
[2026-09-30T12:28:44Z] #313 attempt=1/2 status=200 0.399s url=https://www.myfonts.com/collections/creative-vision-font-timelesstype-studio/?tab=techSpecs
[2026-09-30T12:28:45Z] #314 attempt=1/2 status=200 0.409s url=https://www.myfonts.com/products/regular-fafrelyauntum-1234906
[2026-09-30T12:28:46Z] #315 attempt=1/2 status=200 0.383s url=https://www.myfonts.com/collections/fafrelyauntum-font-tyedge-studio/
[2026-09-30T12:28:46Z] #316 attempt=1/2 status=200 0.364s url=https://www.myfonts.com/collections/fafrelyauntum-font-tyedge-studio/?tab=techSpecs
[2026-09-30T12:28:47Z] #317 attempt=1/2 status=200 0.339s url=https://www.myfonts.com/products/italic-garden-beasty-1234894
[2026-09-30T12:28:48Z] #318 attempt=1/2 status=200 0.408s url=https://www.myfonts.com/collections/garden-beasty-font-timelesstype-studio/
[2026-09-30T12:28:48Z] #319 attempt=1/2 status=200 0.404s url=https://www.myfonts.com/collections/garden-beasty-font-timelesstype-studio/?tab=techSpecs
[2026-09-30T12:28:49Z] #320 attempt=1/2 status=200 0.344s url=https://www.myfonts.com/products/regular-baltders-1234864
[2026-09-30T12:28:50Z] #321 attempt=1/2 status=200 0.398s url=https://www.myfonts.com/collections/baltders-font-zamjump/
[2026-09-30T12:28:51Z] #322 attempt=1/2 status=200 0.288s url=https://www.myfonts.com/collections/baltders-font-zamjump/?tab=techSpecs
[2026-09-30T12:28:51Z] #323 attempt=1/2 status=200 0.369s url=https://www.myfonts.com/products/oblique-senja-jingga-1234839
[2026-09-30T12:28:52Z] #324 attempt=1/2 status=200 0.415s url=https://www.myfonts.com/collections/senja-jingga-font-mei-suseno/
[2026-09-30T12:28:53Z] #325 attempt=1/2 status=200 0.406s url=https://www.myfonts.com/collections/senja-jingga-font-mei-suseno/?tab=techSpecs
[2026-09-30T12:28:54Z] #326 attempt=1/2 status=200 0.335s url=https://www.myfonts.com/products/regular-surreal-culture-1234888
[2026-09-30T12:28:54Z] #327 attempt=1/2 status=200 0.357s url=https://www.myfonts.com/collections/surreal-culture-font-shanaf/
[2026-09-30T12:28:55Z] #328 attempt=1/2 status=200 0.328s url=https://www.myfonts.com/collections/surreal-culture-font-shanaf/?tab=techSpecs
[2026-09-30T12:28:57Z] #329 attempt=1/2 status=200 0.378s url=https://www.myfonts.com/products/regular-brutalist-block-1234881
[2026-09-30T12:28:58Z] #330 attempt=1/2 status=200 0.475s url=https://www.myfonts.com/collections/brutalist-block-font-shanaf/
[2026-09-30T12:28:58Z] #331 attempt=1/2 status=200 0.386s url=https://www.myfonts.com/collections/brutalist-block-font-shanaf/?tab=techSpecs
[2026-09-30T12:28:59Z] #332 attempt=1/2 status=200 0.372s url=https://www.myfonts.com/products/regular-wosh-1234900
[2026-09-30T12:29:00Z] #333 attempt=1/2 status=200 0.378s url=https://www.myfonts.com/collections/wosh-font-zaain-type/
[2026-09-30T12:29:00Z] #334 attempt=1/2 status=200 0.345s url=https://www.myfonts.com/collections/wosh-font-zaain-type/?tab=techSpecs
[2026-09-30T12:29:02Z] #335 attempt=1/2 status=200 0.347s url=https://www.myfonts.com/products/regular-ez-otegura-1234629
[2026-09-30T12:29:02Z] #336 attempt=1/2 status=200 0.422s url=https://www.myfonts.com/collections/ez-otegura-font-zafara-studios/
[2026-09-30T12:29:03Z] #337 attempt=1/2 status=200 0.345s url=https://www.myfonts.com/collections/ez-otegura-font-zafara-studios/?tab=techSpecs
[2026-09-30T12:29:04Z] #338 attempt=1/2 status=200 0.353s url=https://www.myfonts.com/products/regular-patchlc-1234895
[2026-09-30T12:29:04Z] #339 attempt=1/2 status=200 0.322s url=https://www.myfonts.com/products/regular-twisted-noodle-1234890
[2026-09-30T12:29:05Z] #340 attempt=1/2 status=200 0.429s url=https://www.myfonts.com/collections/twisted-noodle-font-shanaf/
[2026-09-30T12:29:05Z] #341 attempt=1/2 status=200 0.330s url=https://www.myfonts.com/collections/twisted-noodle-font-shanaf/?tab=techSpecs
[2026-09-30T12:29:06Z] #342 attempt=1/2 status=200 0.354s url=https://www.myfonts.com/products/regular-ef-baveno-1234865
[2026-09-30T12:29:07Z] #343 attempt=1/2 status=200 0.555s url=https://www.myfonts.com/collections/ef-baveno-font-zafara-studios/
[2026-09-30T12:29:08Z] #344 attempt=1/2 status=200 0.357s url=https://www.myfonts.com/collections/ef-baveno-font-zafara-studios/?tab=techSpecs
[2026-09-30T12:29:09Z] #345 attempt=1/2 status=200 0.342s url=https://www.myfonts.com/products/regular-royal-enigma-1234657
[2026-09-30T12:29:09Z] #346 attempt=1/2 status=200 0.385s url=https://www.myfonts.com/collections/royal-enigma-font-sipanji21/
[2026-09-30T12:29:10Z] #347 attempt=1/2 status=200 0.378s url=https://www.myfonts.com/collections/royal-enigma-font-sipanji21/?tab=techSpecs
[2026-09-30T12:29:11Z] #348 attempt=1/2 status=200 0.370s url=https://www.myfonts.com/products/regular-burquhart-script-1234854
[2026-09-30T12:29:11Z] #349 attempt=1/2 status=200 0.342s url=https://www.myfonts.com/collections/burquhart-script-font-tower-of-babel/
[2026-09-30T12:29:12Z] #350 attempt=1/2 status=200 0.316s url=https://www.myfonts.com/collections/burquhart-script-font-tower-of-babel/?tab=techSpecs
[2026-09-30T12:29:13Z] #351 attempt=1/2 status=200 0.326s url=https://www.myfonts.com/products/regular-novexa-1234886
[2026-09-30T12:29:13Z] #352 attempt=1/2 status=200 0.366s url=https://www.myfonts.com/collections/novexa-font-shanaf/
[2026-09-30T12:29:14Z] #353 attempt=1/2 status=200 0.351s url=https://www.myfonts.com/collections/novexa-font-shanaf/?tab=techSpecs
[2026-09-30T12:29:15Z] #354 attempt=1/2 status=200 0.342s url=https://www.myfonts.com/products/regular-mandraya-1234883
[2026-09-30T12:29:15Z] #355 attempt=1/2 status=200 0.361s url=https://www.myfonts.com/collections/mandraya-font-shanaf/
[2026-09-30T12:29:16Z] #356 attempt=1/2 status=200 0.354s url=https://www.myfonts.com/collections/mandraya-font-shanaf/?tab=techSpecs
[2026-09-30T12:29:18Z] #357 attempt=1/2 status=200 0.369s url=https://www.myfonts.com/products/uspac-italic-uspac-1234770
[2026-09-30T12:29:19Z] #358 attempt=1/2 status=200 0.437s url=https://www.myfonts.com/collections/uspac-font-typeltf/
[2026-09-30T12:29:19Z] #359 attempt=1/2 status=200 0.401s url=https://www.myfonts.com/collections/uspac-font-typeltf/?tab=techSpecs
[2026-09-30T12:29:20Z] #360 attempt=1/2 status=200 0.375s url=https://www.myfonts.com/products/sackers-gothic-complete-family-package-1234054
[2026-09-30T12:29:21Z] #361 attempt=1/2 status=200 0.409s url=https://www.myfonts.com/collections/sackers-gothic-font-monotype-imaging/
[2026-09-30T12:29:22Z] #362 attempt=1/2 status=200 0.421s url=https://www.myfonts.com/collections/sackers-gothic-font-monotype-imaging/?tab=techSpecs
[2026-09-30T12:29:24Z] #363 attempt=1/6 status=200 1.087s url=https://www.myfonts.com/products.json?limit=100&page=13
[2026-09-30T12:29:25Z] #364 attempt=1/2 status=200 0.479s url=https://www.myfonts.com/products/acton-complete-family-package-1233838
[2026-09-30T12:29:25Z] #365 attempt=1/2 status=200 0.527s url=https://www.myfonts.com/collections/acton-font-device/
[2026-09-30T12:29:26Z] #366 attempt=1/2 status=200 0.657s url=https://www.myfonts.com/collections/acton-font-device/?tab=techSpecs
[2026-09-30T12:29:28Z] #367 attempt=1/2 status=200 0.691s url=https://www.myfonts.com/products/arachem-california-complete-family-package-1233726
[2026-09-30T12:29:29Z] #368 attempt=1/2 status=200 0.890s url=https://www.myfonts.com/collections/arachem-california-font-logic-type/
[2026-09-30T12:29:30Z] #369 attempt=1/2 status=200 0.580s url=https://www.myfonts.com/collections/arachem-california-font-logic-type/?tab=techSpecs
[2026-09-30T12:29:33Z] #370 attempt=1/2 status=200 2.100s url=https://www.myfonts.com/products/korolev-complete-family-package-1233891
[2026-09-30T12:29:35Z] #371 attempt=1/2 status=200 2.122s url=https://www.myfonts.com/collections/korolev-font-device/
[2026-09-30T12:29:38Z] #372 attempt=1/2 status=200 1.834s url=https://www.myfonts.com/collections/korolev-font-device/?tab=techSpecs
[2026-09-30T12:29:39Z] #373 attempt=1/2 status=200 0.439s url=https://www.myfonts.com/products/celia-savora-complete-family-package-1233604
[2026-09-30T12:29:40Z] #374 attempt=1/2 status=200 0.456s url=https://www.myfonts.com/collections/celia-savora-font-font-liner/
[2026-09-30T12:29:40Z] #375 attempt=1/2 status=200 0.379s url=https://www.myfonts.com/collections/celia-savora-font-font-liner/?tab=techSpecs
[2026-09-30T12:29:42Z] #376 attempt=1/2 status=200 0.354s url=https://www.myfonts.com/products/the-story-dream-complete-family-package-1234015
[2026-09-30T12:29:42Z] #377 attempt=1/2 status=200 0.479s url=https://www.myfonts.com/collections/the-story-dream-font-joelmaker/
[2026-09-30T12:29:43Z] #378 attempt=1/2 status=200 0.447s url=https://www.myfonts.com/collections/the-story-dream-font-joelmaker/?tab=techSpecs
[2026-09-30T12:29:44Z] #379 attempt=1/2 status=200 0.440s url=https://www.myfonts.com/products/fox-kinda-complete-family-package-1233608
[2026-09-30T12:29:45Z] #380 attempt=1/2 status=200 0.461s url=https://www.myfonts.com/collections/fox-kinda-font-fox7/
[2026-09-30T12:29:46Z] #381 attempt=1/2 status=200 0.531s url=https://www.myfonts.com/collections/fox-kinda-font-fox7/?tab=techSpecs
[2026-09-30T12:29:49Z] #382 attempt=1/2 status=200 2.017s url=https://www.myfonts.com/products/cerant-complete-family-package-1233125
[2026-09-30T12:29:53Z] #383 attempt=1/2 status=200 3.884s url=https://www.myfonts.com/collections/cerant-font-fargun-studio/
[2026-09-30T12:29:58Z] #384 attempt=1/2 status=200 4.283s url=https://www.myfonts.com/collections/cerant-font-fargun-studio/?tab=techSpecs
[2026-09-30T12:30:00Z] #385 attempt=1/2 status=200 0.635s url=https://www.myfonts.com/products/bradbury-five-complete-family-package-1233818
[2026-09-30T12:30:01Z] #386 attempt=1/2 status=200 0.671s url=https://www.myfonts.com/collections/bradbury-five-font-device/
[2026-09-30T12:30:02Z] #387 attempt=1/2 status=200 0.552s url=https://www.myfonts.com/collections/bradbury-five-font-device/?tab=techSpecs
[2026-09-30T12:30:03Z] #388 attempt=1/2 status=200 0.476s url=https://www.myfonts.com/products/satuva-complete-family-package-1233580
[2026-09-30T12:30:04Z] #389 attempt=1/2 status=200 0.551s url=https://www.myfonts.com/collections/satuva-font-flawlessandco/
[2026-09-30T12:30:05Z] #390 attempt=1/2 status=200 0.537s url=https://www.myfonts.com/collections/satuva-font-flawlessandco/?tab=techSpecs
[2026-09-30T12:30:06Z] #391 attempt=1/2 status=200 0.691s url=https://www.myfonts.com/products/cynosure-complete-family-package-1233990
[2026-09-30T12:30:08Z] #392 attempt=1/2 status=200 1.024s url=https://www.myfonts.com/collections/cynosure-font-device/
[2026-09-30T12:30:09Z] #393 attempt=1/2 status=200 1.053s url=https://www.myfonts.com/collections/cynosure-font-device/?tab=techSpecs
[2026-09-30T12:30:10Z] #394 attempt=1/2 status=200 0.399s url=https://www.myfonts.com/products/neuford-complete-family-package-1232646
[2026-09-30T12:30:11Z] #395 attempt=1/2 status=200 0.416s url=https://www.myfonts.com/collections/neuford-font-arterfak-project/
[2026-09-30T12:30:12Z] #396 attempt=1/2 status=200 0.490s url=https://www.myfonts.com/collections/neuford-font-arterfak-project/?tab=techSpecs
[2026-09-30T12:30:13Z] #397 attempt=1/2 status=200 0.476s url=https://www.myfonts.com/products/cynosure-soft-complete-family-package-1233949
[2026-09-30T12:30:14Z] #398 attempt=1/2 status=200 0.650s url=https://www.myfonts.com/collections/cynosure-soft-font-device/
[2026-09-30T12:30:15Z] #399 attempt=1/2 status=200 0.521s url=https://www.myfonts.com/collections/cynosure-soft-font-device/?tab=techSpecs
[2026-09-30T12:30:17Z] #400 attempt=1/2 status=200 1.301s url=https://www.myfonts.com/products/ckr-soft-complete-family-package-1232746
[2026-09-30T12:30:20Z] #401 attempt=1/2 status=200 2.695s url=https://www.myfonts.com/collections/ckr-soft-font-ckr-type-foundry/
[2026-09-30T12:30:23Z] #402 attempt=1/2 status=200 2.321s url=https://www.myfonts.com/collections/ckr-soft-font-ckr-type-foundry/?tab=techSpecs
[2026-09-30T12:30:24Z] #403 attempt=1/2 status=200 0.429s url=https://www.myfonts.com/products/capitol-capitals-complete-family-package-1233964
[2026-09-30T12:30:25Z] #404 attempt=1/2 status=200 0.455s url=https://www.myfonts.com/collections/capitol-font-device/
[2026-09-30T12:30:26Z] #405 attempt=1/2 status=200 0.425s url=https://www.myfonts.com/collections/capitol-font-device/?tab=techSpecs
[2026-09-30T12:30:27Z] #406 attempt=1/2 status=200 0.429s url=https://www.myfonts.com/products/potbank-light-regular-and-bold-package-1232591
[2026-09-30T12:30:28Z] #407 attempt=1/2 status=200 0.639s url=https://www.myfonts.com/collections/potbank-font-applied-systems-design-studio/
[2026-09-30T12:30:29Z] #408 attempt=1/2 status=200 0.475s url=https://www.myfonts.com/collections/potbank-font-applied-systems-design-studio/?tab=techSpecs
[2026-09-30T12:30:30Z] #409 attempt=1/2 status=200 0.547s url=https://www.myfonts.com/products/ceramika-complete-family-package-1233761
[2026-09-30T12:30:31Z] #410 attempt=1/2 status=200 0.782s url=https://www.myfonts.com/collections/ceramika-font-santi-rey/
[2026-09-30T12:30:32Z] #411 attempt=1/2 status=200 0.690s url=https://www.myfonts.com/collections/ceramika-font-santi-rey/?tab=techSpecs
[2026-09-30T12:30:33Z] #412 attempt=1/2 status=200 0.582s url=https://www.myfonts.com/products/dexialis-complete-family-package-1234026
[2026-09-30T12:30:34Z] #413 attempt=1/2 status=200 0.723s url=https://www.myfonts.com/collections/dexialis-font-bartama-graphic/
[2026-09-30T12:30:35Z] #414 attempt=1/2 status=200 0.724s url=https://www.myfonts.com/collections/dexialis-font-bartama-graphic/?tab=techSpecs
[2026-09-30T12:30:37Z] #415 attempt=1/2 status=200 0.445s url=https://www.myfonts.com/products/glitterati-basic-set-package-1233472
[2026-09-30T12:30:38Z] #416 attempt=1/2 status=200 0.583s url=https://www.myfonts.com/collections/glitterati-font-device/
[2026-09-30T12:30:38Z] #417 attempt=1/2 status=200 0.522s url=https://www.myfonts.com/collections/glitterati-font-device/?tab=techSpecs
[2026-09-30T12:30:40Z] #418 attempt=1/2 status=200 0.363s url=https://www.myfonts.com/products/veda-loom-complete-family-package-1234021
[2026-09-30T12:30:40Z] #419 attempt=1/2 status=200 0.410s url=https://www.myfonts.com/collections/veda-loom-font-mei-suseno/
[2026-09-30T12:30:41Z] #420 attempt=1/2 status=200 0.378s url=https://www.myfonts.com/collections/veda-loom-font-mei-suseno/?tab=techSpecs
[2026-09-30T12:30:42Z] #421 attempt=1/2 status=200 0.428s url=https://www.myfonts.com/products/chassis-complete-family-package-1233971
[2026-09-30T12:30:43Z] #422 attempt=1/2 status=200 0.375s url=https://www.myfonts.com/collections/chassis-font-device/
[2026-09-30T12:30:43Z] #423 attempt=1/2 status=200 0.405s url=https://www.myfonts.com/collections/chassis-font-device/?tab=techSpecs
[2026-09-30T12:30:45Z] #424 attempt=1/2 status=200 0.472s url=https://www.myfonts.com/products/hanz-complete-family-package-1232625
[2026-09-30T12:30:46Z] #425 attempt=1/2 status=200 0.750s url=https://www.myfonts.com/collections/hanz-font-santi-rey/
[2026-09-30T12:30:47Z] #426 attempt=1/2 status=200 0.516s url=https://www.myfonts.com/collections/hanz-font-santi-rey/?tab=techSpecs
[2026-09-30T12:30:48Z] #427 attempt=1/2 status=200 0.451s url=https://www.myfonts.com/products/cottingley-complete-family-package-1233969
[2026-09-30T12:30:49Z] #428 attempt=1/2 status=200 0.528s url=https://www.myfonts.com/collections/cottingley-font-device/
[2026-09-30T12:30:49Z] #429 attempt=1/2 status=200 0.451s url=https://www.myfonts.com/collections/cottingley-font-device/?tab=techSpecs
[2026-09-30T12:30:51Z] #430 attempt=1/2 status=200 0.512s url=https://www.myfonts.com/products/gridon-complete-family-package-1233783
[2026-09-30T12:30:51Z] #431 attempt=1/2 status=200 0.634s url=https://www.myfonts.com/collections/gridon-font-jafar07/
[2026-09-30T12:30:52Z] #432 attempt=1/2 status=200 0.579s url=https://www.myfonts.com/collections/gridon-font-jafar07/?tab=techSpecs
[2026-09-30T12:30:54Z] #433 attempt=1/2 status=200 0.416s url=https://www.myfonts.com/products/freeman-complete-family-package-1233332
[2026-09-30T12:30:54Z] #434 attempt=1/2 status=200 0.495s url=https://www.myfonts.com/collections/freeman-font-device/
[2026-09-30T12:30:55Z] #435 attempt=1/2 status=200 0.473s url=https://www.myfonts.com/collections/freeman-font-device/?tab=techSpecs
[2026-09-30T12:30:56Z] #436 attempt=1/2 status=200 0.643s url=https://www.myfonts.com/products/salgano-complete-family-package-1233057
[2026-09-30T12:30:58Z] #437 attempt=1/2 status=200 0.822s url=https://www.myfonts.com/collections/salgano-font-deorde-studio/
[2026-09-30T12:30:59Z] #438 attempt=1/2 status=200 0.700s url=https://www.myfonts.com/collections/salgano-font-deorde-studio/?tab=techSpecs
[2026-09-30T12:31:00Z] #439 attempt=1/2 status=200 0.408s url=https://www.myfonts.com/products/maxing-complete-family-package-1233717
[2026-09-30T12:31:01Z] #440 attempt=1/2 status=200 0.519s url=https://www.myfonts.com/collections/maxing-font-habitype/
[2026-09-30T12:31:01Z] #441 attempt=1/2 status=200 0.469s url=https://www.myfonts.com/collections/maxing-font-habitype/?tab=techSpecs
[2026-09-30T12:31:03Z] #442 attempt=1/2 status=200 0.708s url=https://www.myfonts.com/products/aurore-grotesque-essentials-package-1233860
[2026-09-30T12:31:04Z] #443 attempt=1/2 status=200 0.936s url=https://www.myfonts.com/collections/aurore-grotesque-font-device/
[2026-09-30T12:31:05Z] #444 attempt=1/2 status=200 0.679s url=https://www.myfonts.com/collections/aurore-grotesque-font-device/?tab=techSpecs
[2026-09-30T12:31:07Z] #445 attempt=1/2 status=200 1.047s url=https://www.myfonts.com/products/extinguish-complete-family-package-1233613
[2026-09-30T12:31:08Z] #446 attempt=1/2 status=200 1.306s url=https://www.myfonts.com/collections/extinguish-font-gian-studio/
[2026-09-30T12:31:10Z] #447 attempt=1/2 status=200 1.367s url=https://www.myfonts.com/collections/extinguish-font-gian-studio/?tab=techSpecs
[2026-09-30T12:31:12Z] #448 attempt=1/2 status=200 0.473s url=https://www.myfonts.com/products/armstrong-complete-family-package-1233847
[2026-09-30T12:31:13Z] #449 attempt=1/2 status=200 0.582s url=https://www.myfonts.com/collections/armstrong-font-device/
[2026-09-30T12:31:13Z] #450 attempt=1/2 status=200 0.560s url=https://www.myfonts.com/collections/armstrong-font-device/?tab=techSpecs
[2026-09-30T12:31:15Z] #451 attempt=1/2 status=200 0.929s url=https://www.myfonts.com/products/guildhall-complete-family-package-1233132
[2026-09-30T12:31:17Z] #452 attempt=1/2 status=200 1.480s url=https://www.myfonts.com/collections/guildhall-font-device/
[2026-09-30T12:31:18Z] #453 attempt=1/2 status=200 1.003s url=https://www.myfonts.com/collections/guildhall-font-device/?tab=techSpecs
[2026-09-30T12:31:20Z] #454 attempt=1/2 status=200 0.551s url=https://www.myfonts.com/products/magiko-complete-family-package-1233700
[2026-09-30T12:31:21Z] #455 attempt=1/2 status=200 0.665s url=https://www.myfonts.com/collections/magiko-font-grezline-studio/
[2026-09-30T12:31:22Z] #456 attempt=1/2 status=200 0.651s url=https://www.myfonts.com/collections/magiko-font-grezline-studio/?tab=techSpecs
[2026-09-30T12:31:23Z] #457 attempt=1/2 status=200 0.413s url=https://www.myfonts.com/products/neutora-complete-family-package-1233117
[2026-09-30T12:31:24Z] #458 attempt=1/2 status=200 0.395s url=https://www.myfonts.com/collections/neutora-font-figuree-studio/
[2026-09-30T12:31:24Z] #459 attempt=1/2 status=200 0.450s url=https://www.myfonts.com/collections/neutora-font-figuree-studio/?tab=techSpecs
[2026-09-30T12:31:25Z] #460 attempt=1/2 status=200 0.386s url=https://www.myfonts.com/products/cs-brave-complete-family-package-1233043
[2026-09-30T12:31:26Z] #461 attempt=1/2 status=200 0.474s url=https://www.myfonts.com/collections/cs-brave-font-craft-supply-co/
[2026-09-30T12:31:27Z] #462 attempt=1/2 status=200 0.445s url=https://www.myfonts.com/collections/cs-brave-font-craft-supply-co/?tab=techSpecs
[2026-09-30T12:31:28Z] #463 attempt=1/2 status=200 0.441s url=https://www.myfonts.com/products/bagatelle-complete-family-package-1233851
[2026-09-30T12:31:29Z] #464 attempt=1/2 status=200 0.487s url=https://www.myfonts.com/collections/bagatelle-font-device/
[2026-09-30T12:31:30Z] #465 attempt=1/2 status=200 0.447s url=https://www.myfonts.com/collections/bagatelle-font-device/?tab=techSpecs
[2026-09-30T12:31:31Z] #466 attempt=1/2 status=200 0.420s url=https://www.myfonts.com/products/archela-complete-family-package-1233601
[2026-09-30T12:31:32Z] #467 attempt=1/2 status=200 0.417s url=https://www.myfonts.com/collections/archela-font-font-liner/
[2026-09-30T12:31:32Z] #468 attempt=1/2 status=200 0.409s url=https://www.myfonts.com/collections/archela-font-font-liner/?tab=techSpecs
[2026-09-30T12:31:33Z] #469 attempt=1/2 status=200 0.407s url=https://www.myfonts.com/products/cs-calory-complete-family-package-1233047
[2026-09-30T12:31:34Z] #470 attempt=1/2 status=200 0.495s url=https://www.myfonts.com/collections/cs-calory-font-craft-supply-co/
[2026-09-30T12:31:35Z] #471 attempt=1/2 status=200 0.364s url=https://www.myfonts.com/collections/cs-calory-font-craft-supply-co/?tab=techSpecs
[2026-09-30T12:31:36Z] #472 attempt=1/2 status=200 0.448s url=https://www.myfonts.com/products/brettaline-complete-family-package-1233590
[2026-09-30T12:31:37Z] #473 attempt=1/2 status=200 0.489s url=https://www.myfonts.com/collections/brettaline-font-flawlessandco/
[2026-09-30T12:31:38Z] #474 attempt=1/2 status=200 0.518s url=https://www.myfonts.com/collections/brettaline-font-flawlessandco/?tab=techSpecs
[2026-09-30T12:31:39Z] #475 attempt=1/2 status=200 0.386s url=https://www.myfonts.com/products/welcote-welcome-complete-family-package-1234018
[2026-09-30T12:31:39Z] #476 attempt=1/2 status=200 0.440s url=https://www.myfonts.com/collections/welcote-welcome-font-mei-suseno/
[2026-09-30T12:31:40Z] #477 attempt=1/2 status=200 0.414s url=https://www.myfonts.com/collections/welcote-welcome-font-mei-suseno/?tab=techSpecs
[2026-09-30T12:31:41Z] #478 attempt=1/2 status=200 0.383s url=https://www.myfonts.com/products/heft-complete-family-package-1233376
[2026-09-30T12:31:42Z] #479 attempt=1/2 status=200 0.583s url=https://www.myfonts.com/collections/heft-font-device/
[2026-09-30T12:31:43Z] #480 attempt=1/2 status=200 0.394s url=https://www.myfonts.com/collections/heft-font-device/?tab=techSpecs
[2026-09-30T12:31:44Z] #481 attempt=1/2 status=200 0.471s url=https://www.myfonts.com/products/dazzle-unicase-complete-family-package-1233420
[2026-09-30T12:31:45Z] #482 attempt=1/2 status=200 0.533s url=https://www.myfonts.com/collections/dazzle-unicase-font-device/
[2026-09-30T12:31:46Z] #483 attempt=1/2 status=200 0.473s url=https://www.myfonts.com/collections/dazzle-unicase-font-device/?tab=techSpecs
[2026-09-30T12:31:47Z] #484 attempt=1/2 status=200 0.463s url=https://www.myfonts.com/products/jhc-mauriac-complete-family-package-1233798
[2026-09-30T12:31:48Z] #485 attempt=1/2 status=200 0.642s url=https://www.myfonts.com/collections/jhc-mauriac-font-jehoo-creative/
[2026-09-30T12:31:49Z] #486 attempt=1/2 status=200 0.522s url=https://www.myfonts.com/collections/jhc-mauriac-font-jehoo-creative/?tab=techSpecs
[2026-09-30T12:31:50Z] #487 attempt=1/2 status=200 0.390s url=https://www.myfonts.com/products/overlap-complete-family-package-1233054
[2026-09-30T12:31:50Z] #488 attempt=1/2 status=200 0.492s url=https://www.myfonts.com/collections/overlap-font-dareco-studio/
[2026-09-30T12:31:51Z] #489 attempt=1/2 status=200 0.384s url=https://www.myfonts.com/collections/overlap-font-dareco-studio/?tab=techSpecs
[2026-09-30T12:31:53Z] #490 attempt=1/2 status=200 0.830s url=https://www.myfonts.com/products/korolev-rough-complete-family-package-1233515
[2026-09-30T12:31:54Z] #491 attempt=1/2 status=200 0.888s url=https://www.myfonts.com/collections/korolev-rough-font-device/
[2026-09-30T12:31:55Z] #492 attempt=1/2 status=200 0.615s url=https://www.myfonts.com/collections/korolev-rough-font-device/?tab=techSpecs
[2026-09-30T12:31:57Z] #493 attempt=1/2 status=200 1.588s url=https://www.myfonts.com/products/ckr-slab-soft-complete-family-package-1232716
[2026-09-30T12:32:00Z] #494 attempt=1/2 status=200 2.320s url=https://www.myfonts.com/collections/ckr-slab-soft-font-ckr-type-foundry/
[2026-09-30T12:32:03Z] #495 attempt=1/2 status=200 2.503s url=https://www.myfonts.com/collections/ckr-slab-soft-font-ckr-type-foundry/?tab=techSpecs
[2026-09-30T12:32:06Z] #496 attempt=1/6 status=200 1.257s url=https://www.myfonts.com/products.json?limit=100&page=14
[2026-09-30T12:32:06Z] #497 attempt=1/2 status=200 0.487s url=https://www.myfonts.com/products/regular-shuffle-breaks-1233759
[2026-09-30T12:32:07Z] #498 attempt=1/2 status=200 0.419s url=https://www.myfonts.com/collections/shuffle-breaks-font-inviline/
[2026-09-30T12:32:08Z] #499 attempt=1/2 status=200 0.404s url=https://www.myfonts.com/collections/shuffle-breaks-font-inviline/?tab=techSpecs
[2026-09-30T12:32:09Z] #500 attempt=1/2 status=200 0.377s url=https://www.myfonts.com/products/regular-absinthe-1233849
[2026-09-30T12:32:09Z] #501 attempt=1/2 status=200 0.411s url=https://www.myfonts.com/collections/absinthe-font-device/
[2026-09-30T12:32:10Z] #502 attempt=1/2 status=200 0.365s url=https://www.myfonts.com/collections/absinthe-font-device/?tab=techSpecs
[2026-09-30T12:32:11Z] #503 attempt=1/2 status=200 0.343s url=https://www.myfonts.com/products/regular-great-highway-1233287
[2026-09-30T12:32:11Z] #504 attempt=1/2 status=200 0.379s url=https://www.myfonts.com/collections/great-highway-font-fikryal/
[2026-09-30T12:32:12Z] #505 attempt=1/2 status=200 0.417s url=https://www.myfonts.com/collections/great-highway-font-fikryal/?tab=techSpecs
[2026-09-30T12:32:13Z] #506 attempt=1/2 status=200 0.361s url=https://www.myfonts.com/products/regular-it-snikel-1233754
[2026-09-30T12:32:14Z] #507 attempt=1/2 status=200 0.376s url=https://www.myfonts.com/collections/it-snikel-font-creatifont-studio/
[2026-09-30T12:32:14Z] #508 attempt=1/2 status=200 0.432s url=https://www.myfonts.com/collections/it-snikel-font-creatifont-studio/?tab=techSpecs
[2026-09-30T12:32:16Z] #509 attempt=1/6 status=200 0.965s url=https://www.myfonts.com/products.json?limit=100&page=15
[2026-09-30T12:32:17Z] #510 attempt=1/2 status=200 0.302s url=https://www.myfonts.com/products/battery-park-battery-park-1233886
[2026-09-30T12:32:17Z] #511 attempt=1/2 status=200 0.394s url=https://www.myfonts.com/collections/battery-park-font-device/
[2026-09-30T12:32:18Z] #512 attempt=1/2 status=200 0.399s url=https://www.myfonts.com/collections/battery-park-font-device/?tab=techSpecs
[2026-09-30T12:32:19Z] #513 attempt=1/2 status=200 0.351s url=https://www.myfonts.com/products/regular-bhavindra-1233600
[2026-09-30T12:32:20Z] #514 attempt=1/2 status=200 0.457s url=https://www.myfonts.com/collections/bhavindra-font-flawlessandco/
[2026-09-30T12:32:20Z] #515 attempt=1/2 status=200 0.383s url=https://www.myfonts.com/collections/bhavindra-font-flawlessandco/?tab=techSpecs
[2026-09-30T12:32:21Z] #516 attempt=1/2 status=200 0.355s url=https://www.myfonts.com/products/regular-sawari-script-1233607
[2026-09-30T12:32:22Z] #517 attempt=1/2 status=200 0.382s url=https://www.myfonts.com/collections/sawari-script-font-four-lines-std/
[2026-09-30T12:32:22Z] #518 attempt=1/2 status=200 0.334s url=https://www.myfonts.com/collections/sawari-script-font-four-lines-std/?tab=techSpecs
[2026-09-30T12:32:24Z] #519 attempt=1/6 status=200 0.921s url=https://www.myfonts.com/products.json?limit=100&page=16
[2026-09-30T12:32:26Z] #520 attempt=1/6 status=200 0.968s url=https://www.myfonts.com/products.json?limit=100&page=17
[2026-09-30T12:32:26Z] #521 attempt=1/2 status=200 0.351s url=https://www.myfonts.com/products/cyberdelic-cyberdelic-1233947
[2026-09-30T12:32:27Z] #522 attempt=1/2 status=200 0.386s url=https://www.myfonts.com/collections/cyberdelic-font-device/
[2026-09-30T12:32:27Z] #523 attempt=1/2 status=200 0.456s url=https://www.myfonts.com/collections/cyberdelic-font-device/?tab=techSpecs
[2026-09-30T12:32:28Z] #524 attempt=1/2 status=200 0.382s url=https://www.myfonts.com/products/regular-type-old-writer-1233760
[2026-09-30T12:32:29Z] #525 attempt=1/2 status=200 0.415s url=https://www.myfonts.com/collections/type-old-writer-font-its-me-simon/
[2026-09-30T12:32:30Z] #526 attempt=1/2 status=200 0.393s url=https://www.myfonts.com/collections/type-old-writer-font-its-me-simon/?tab=techSpecs
[2026-09-30T12:32:30Z] #527 attempt=1/2 status=200 0.326s url=https://www.myfonts.com/products/regular-carmento-1233725
[2026-09-30T12:32:31Z] #528 attempt=1/2 status=200 0.444s url=https://www.myfonts.com/collections/carmento-font-ikiikotype/
[2026-09-30T12:32:32Z] #529 attempt=1/2 status=200 0.356s url=https://www.myfonts.com/collections/carmento-font-ikiikotype/?tab=techSpecs
[2026-09-30T12:32:33Z] #530 attempt=1/2 status=200 0.355s url=https://www.myfonts.com/products/regular-clay-allure-1233042
[2026-09-30T12:32:33Z] #531 attempt=1/2 status=200 0.446s url=https://www.myfonts.com/collections/clay-allure-font-claymoon-lab-studio/
[2026-09-30T12:32:34Z] #532 attempt=1/2 status=200 0.375s url=https://www.myfonts.com/collections/clay-allure-font-claymoon-lab-studio/?tab=techSpecs
[2026-09-30T12:32:36Z] #533 attempt=1/6 status=200 0.729s url=https://www.myfonts.com/products.json?limit=100&page=18
[2026-09-30T12:32:37Z] #534 attempt=1/6 status=200 0.905s url=https://www.myfonts.com/products.json?limit=100&page=19
[2026-09-30T12:32:38Z] #535 attempt=1/2 status=200 0.378s url=https://www.myfonts.com/products/regular-degradation-1233503
[2026-09-30T12:32:38Z] #536 attempt=1/2 status=200 0.407s url=https://www.myfonts.com/collections/degradation-font-device/
[2026-09-30T12:32:39Z] #537 attempt=1/2 status=200 0.326s url=https://www.myfonts.com/collections/degradation-font-device/?tab=techSpecs
[2026-09-30T12:32:41Z] #538 attempt=1/6 status=200 0.977s url=https://www.myfonts.com/products.json?limit=100&page=20
[2026-09-30T12:32:42Z] #539 attempt=1/6 status=200 1.000s url=https://www.myfonts.com/products.json?limit=100&page=21
[2026-09-30T12:32:44Z] #540 attempt=1/6 status=200 1.043s url=https://www.myfonts.com/products.json?limit=100&page=22
[2026-09-30T12:32:44Z] #541 attempt=1/2 status=200 0.372s url=https://www.myfonts.com/products/regular-binsruh-1232645
[2026-09-30T12:32:45Z] #542 attempt=1/2 status=200 0.455s url=https://www.myfonts.com/collections/binsruh-font-arif-novianto/
[2026-09-30T12:32:46Z] #543 attempt=1/2 status=200 0.355s url=https://www.myfonts.com/collections/binsruh-font-arif-novianto/?tab=techSpecs
[2026-09-30T12:32:47Z] #544 attempt=1/2 status=200 0.314s url=https://www.myfonts.com/products/regular-dubbelle-1232644
[2026-09-30T12:32:47Z] #545 attempt=1/2 status=200 0.406s url=https://www.myfonts.com/collections/dubbelle-font-arif-novianto/
[2026-09-30T12:32:48Z] #546 attempt=1/2 status=200 0.474s url=https://www.myfonts.com/collections/dubbelle-font-arif-novianto/?tab=techSpecs
[2026-09-30T12:32:49Z] #547 attempt=1/2 status=200 0.359s url=https://www.myfonts.com/products/western-font-rugged-western-1232668
[2026-09-30T12:32:49Z] #548 attempt=1/2 status=200 0.414s url=https://www.myfonts.com/collections/rugged-western-font-billah-typeface/
[2026-09-30T12:32:50Z] #549 attempt=1/2 status=200 0.328s url=https://www.myfonts.com/collections/rugged-western-font-billah-typeface/?tab=techSpecs
[2026-09-30T12:32:52Z] #550 attempt=1/6 status=200 1.012s url=https://www.myfonts.com/products.json?limit=100&page=23
[2026-09-30T12:32:52Z] #551 attempt=1/2 status=200 0.350s url=https://www.myfonts.com/products/heavy-droog-1233412
[2026-09-30T12:32:53Z] #552 attempt=1/2 status=200 0.361s url=https://www.myfonts.com/collections/droog-font-device/
[2026-09-30T12:32:54Z] #553 attempt=1/2 status=200 0.424s url=https://www.myfonts.com/collections/droog-font-device/?tab=techSpecs
[2026-09-30T12:32:55Z] #554 attempt=1/2 status=200 0.469s url=https://www.myfonts.com/products/rhimen-complete-family-package-1234005
[2026-09-30T12:32:55Z] #555 attempt=1/2 status=200 0.526s url=https://www.myfonts.com/collections/rhimen-font-luminatype-studio/
[2026-09-30T12:32:56Z] #556 attempt=1/2 status=200 0.574s url=https://www.myfonts.com/collections/rhimen-font-luminatype-studio/?tab=techSpecs
[2026-09-30T12:32:57Z] #557 attempt=1/2 status=200 0.354s url=https://www.myfonts.com/products/regular-brento-1233051
[2026-09-30T12:32:58Z] #558 attempt=1/2 status=200 0.358s url=https://www.myfonts.com/collections/brento-font-dareco-studio/
[2026-09-30T12:32:59Z] #559 attempt=1/2 status=200 0.359s url=https://www.myfonts.com/collections/brento-font-dareco-studio/?tab=techSpecs
[2026-09-30T12:33:00Z] #560 attempt=1/2 status=200 0.362s url=https://www.myfonts.com/products/regular-karevo-1233053
[2026-09-30T12:33:00Z] #561 attempt=1/2 status=200 0.416s url=https://www.myfonts.com/collections/karevo-font-dareco-studio/
[2026-09-30T12:33:01Z] #562 attempt=1/2 status=200 0.403s url=https://www.myfonts.com/collections/karevo-font-dareco-studio/?tab=techSpecs
[2026-09-30T12:33:02Z] #563 attempt=1/2 status=200 0.414s url=https://www.myfonts.com/products/listen-regular-listen-brush-1233111
[2026-09-30T12:33:03Z] #564 attempt=1/2 status=200 0.446s url=https://www.myfonts.com/collections/listen-brush-font-ferry-ardana-putra/
[2026-09-30T12:33:03Z] #565 attempt=1/2 status=200 0.451s url=https://www.myfonts.com/collections/listen-brush-font-ferry-ardana-putra/?tab=techSpecs
[2026-09-30T12:33:04Z] #566 attempt=1/2 status=200 0.509s url=https://www.myfonts.com/products/regular-argato-1233052
[2026-09-30T12:33:05Z] #567 attempt=1/2 status=200 0.389s url=https://www.myfonts.com/collections/argato-font-dareco-studio/
[2026-09-30T12:33:06Z] #568 attempt=1/2 status=200 0.350s url=https://www.myfonts.com/collections/argato-font-dareco-studio/?tab=techSpecs
[2026-09-30T12:33:07Z] #569 attempt=1/6 status=200 1.035s url=https://www.myfonts.com/products.json?limit=100&page=24
[2026-09-30T12:33:08Z] #570 attempt=1/2 status=200 0.437s url=https://www.myfonts.com/products/electrasonic-complete-family-package-1233121
[2026-09-30T12:33:09Z] #571 attempt=1/2 status=200 0.407s url=https://www.myfonts.com/collections/electrasonic-font-device/
[2026-09-30T12:33:09Z] #572 attempt=1/2 status=200 0.460s url=https://www.myfonts.com/collections/electrasonic-font-device/?tab=techSpecs
[2026-09-30T12:33:11Z] #573 attempt=1/2 status=200 0.356s url=https://www.myfonts.com/products/griffin-complete-family-package-1233112
[2026-09-30T12:33:11Z] #574 attempt=1/2 status=200 0.455s url=https://www.myfonts.com/collections/griffin-font-device/
[2026-09-30T12:33:12Z] #575 attempt=1/2 status=200 0.529s url=https://www.myfonts.com/collections/griffin-font-device/?tab=techSpecs
[2026-09-30T12:33:13Z] #576 attempt=1/2 status=200 0.488s url=https://www.myfonts.com/products/klaxon-complete-family-package-1233553
[2026-09-30T12:33:14Z] #577 attempt=1/2 status=200 0.595s url=https://www.myfonts.com/collections/klaxon-font-device/
[2026-09-30T12:33:15Z] #578 attempt=1/2 status=200 0.455s url=https://www.myfonts.com/collections/klaxon-font-device/?tab=techSpecs
[2026-09-30T12:33:16Z] #579 attempt=1/2 status=200 0.479s url=https://www.myfonts.com/products/sidera-complete-family-package-1233928
[2026-09-30T12:33:17Z] #580 attempt=1/2 status=200 0.664s url=https://www.myfonts.com/collections/sidera-font-resistenza/
[2026-09-30T12:33:18Z] #581 attempt=1/2 status=200 0.691s url=https://www.myfonts.com/collections/sidera-font-resistenza/?tab=techSpecs
[2026-09-30T12:33:20Z] #582 attempt=1/2 status=200 0.635s url=https://www.myfonts.com/products/graphtify-complete-family-package-1233090
[2026-09-30T12:33:21Z] #583 attempt=1/2 status=200 0.629s url=https://www.myfonts.com/collections/graphtify-font-eotype/
[2026-09-30T12:33:21Z] #584 attempt=1/2 status=200 0.523s url=https://www.myfonts.com/collections/graphtify-font-eotype/?tab=techSpecs
[2026-09-30T12:33:23Z] #585 attempt=1/2 status=200 0.378s url=https://www.myfonts.com/products/dolomite-complete-family-package-1233574
[2026-09-30T12:33:23Z] #586 attempt=1/2 status=200 0.449s url=https://www.myfonts.com/collections/dolomite-font-device/
[2026-09-30T12:33:24Z] #587 attempt=1/2 status=200 0.427s url=https://www.myfonts.com/collections/dolomite-font-device/?tab=techSpecs
[2026-09-30T12:33:25Z] #588 attempt=1/2 status=200 0.440s url=https://www.myfonts.com/products/bold-gravel-1233463
[2026-09-30T12:33:26Z] #589 attempt=1/2 status=200 0.534s url=https://www.myfonts.com/collections/gravel-font-device/
[2026-09-30T12:33:26Z] #590 attempt=1/2 status=200 0.370s url=https://www.myfonts.com/collections/gravel-font-device/?tab=techSpecs
[2026-09-30T12:33:28Z] #591 attempt=1/2 status=200 0.498s url=https://www.myfonts.com/products/regular-kimcha-1233131
[2026-09-30T12:33:29Z] #592 attempt=1/2 status=200 0.393s url=https://www.myfonts.com/collections/kimcha-font-figuree-studio/
[2026-09-30T12:33:29Z] #593 attempt=1/2 status=200 0.419s url=https://www.myfonts.com/collections/kimcha-font-figuree-studio/?tab=techSpecs
[2026-09-30T12:33:30Z] #594 attempt=1/2 status=200 0.404s url=https://www.myfonts.com/products/alternates-dauphine-1233360
[2026-09-30T12:33:31Z] #595 attempt=1/2 status=200 0.407s url=https://www.myfonts.com/collections/dauphine-font-device/
[2026-09-30T12:33:31Z] #596 attempt=1/2 status=200 0.394s url=https://www.myfonts.com/collections/dauphine-font-device/?tab=techSpecs
[2026-09-30T12:33:33Z] #597 attempt=1/2 status=200 0.365s url=https://www.myfonts.com/products/regular-roguex-brush-1233110
[2026-09-30T12:33:33Z] #598 attempt=1/2 status=200 0.426s url=https://www.myfonts.com/collections/roguex-brush-font-ergibi-studio/
[2026-09-30T12:33:34Z] #599 attempt=1/2 status=200 0.412s url=https://www.myfonts.com/collections/roguex-brush-font-ergibi-studio/?tab=techSpecs
[2026-09-30T12:33:35Z] #600 attempt=1/2 status=200 0.440s url=https://www.myfonts.com/products/regular-drexler-1233120
[2026-09-30T12:33:36Z] #601 attempt=1/2 status=200 0.383s url=https://www.myfonts.com/collections/drexler-font-device/
[2026-09-30T12:33:36Z] #602 attempt=1/2 status=200 0.371s url=https://www.myfonts.com/collections/drexler-font-device/?tab=techSpecs
[2026-09-30T12:33:37Z] #603 attempt=1/2 status=200 0.415s url=https://www.myfonts.com/products/ampela-regular-ampela-1233088
[2026-09-30T12:33:38Z] #604 attempt=1/2 status=200 0.395s url=https://www.myfonts.com/collections/ampela-font-drizy-font/
[2026-09-30T12:33:38Z] #605 attempt=1/2 status=200 0.385s url=https://www.myfonts.com/collections/ampela-font-drizy-font/?tab=techSpecs
[2026-09-30T12:33:39Z] #606 attempt=1/2 status=200 0.360s url=https://www.myfonts.com/products/regular-baquera-1233756
[2026-09-30T12:33:40Z] #607 attempt=1/2 status=200 0.398s url=https://www.myfonts.com/collections/baquera-font-inviline/
[2026-09-30T12:33:41Z] #608 attempt=1/2 status=200 0.378s url=https://www.myfonts.com/collections/baquera-font-inviline/?tab=techSpecs
[2026-09-30T12:33:43Z] #609 attempt=1/6 status=200 1.002s url=https://www.myfonts.com/products.json?limit=100&page=25
[2026-09-30T12:33:43Z] #610 attempt=1/2 status=200 0.351s url=https://www.myfonts.com/products/milenaro-milenaro-1233089
[2026-09-30T12:33:44Z] #611 attempt=1/2 status=200 0.388s url=https://www.myfonts.com/collections/milenaro-font-dgsa-type-foundry/
[2026-09-30T12:33:44Z] #612 attempt=1/2 status=200 0.346s url=https://www.myfonts.com/collections/milenaro-font-dgsa-type-foundry/?tab=techSpecs
[2026-09-30T12:33:45Z] #613 attempt=1/2 status=200 0.365s url=https://www.myfonts.com/products/regular-sunset-cribs-1233104
[2026-09-30T12:33:46Z] #614 attempt=1/2 status=200 0.354s url=https://www.myfonts.com/collections/sunset-cribs-font-epiclinez/
[2026-09-30T12:33:47Z] #615 attempt=1/2 status=200 0.395s url=https://www.myfonts.com/collections/sunset-cribs-font-epiclinez/?tab=techSpecs
[2026-09-30T12:33:47Z] #616 attempt=1/2 status=200 0.345s url=https://www.myfonts.com/products/regular-sailstone-1233086
[2026-09-30T12:33:48Z] #617 attempt=1/2 status=200 0.403s url=https://www.myfonts.com/collections/sailstone-font-din-studio/
[2026-09-30T12:33:49Z] #618 attempt=1/2 status=200 0.341s url=https://www.myfonts.com/collections/sailstone-font-din-studio/?tab=techSpecs
[2026-09-30T12:33:49Z] #619 attempt=1/2 status=200 0.336s url=https://www.myfonts.com/products/bumps-regular-bumps-1233087
[2026-09-30T12:33:50Z] #620 attempt=1/2 status=200 0.388s url=https://www.myfonts.com/collections/bumps-font-drizy-font/
[2026-09-30T12:33:50Z] summary releases=1183 first_429=None log_file=state/myfonts_run_20260930_122342.log
[2026-09-30T12:33:50Z] saved_success_profile path=state/myfonts_success_profile.json
[2026-09-30T12:33:50Z] === MyFonts crawl end ===
