[2026-05-27T10:11:31Z] checkpoint fresh next_page=1 path=state/myfonts_crawl_checkpoint.json
[2026-05-27T10:11:31Z] === MyFonts crawl start source=myfonts ===
[2026-05-27T10:11:31Z] config max_pages=25 page_size=100 start_date=2026-05-26 end_date=2026-05-27 api_delay=0.5s detail_delay=0.2s max_debut_checks=400 max_tech_specs_checks=200 reuse_success_profile=False always_enrich_packages=True language_script_signal_mode=strong force_fresh_run=False start_page=1 browser_mode=False browser_headless=True browser_storage_state_path=state/myfonts_storage_state.json
[2026-05-27T10:11:32Z] #1 attempt=1/6 status=200 0.817s url=https://www.myfonts.com/products.json?limit=100&page=1
[2026-05-27T10:11:34Z] #2 attempt=1/2 status=200 1.287s url=https://www.myfonts.com/products/circular-sketchy-orionus-1161077
[2026-05-27T10:11:36Z] #3 attempt=1/2 status=200 1.572s url=https://www.myfonts.com/collections/orionus-font-alpercakici/
[2026-05-27T10:11:36Z] #4 attempt=1/2 status=200 0.198s url=https://www.myfonts.com/collections/orionus-font-alpercakici/?tab=techSpecs
[2026-05-27T10:11:38Z] #5 attempt=1/2 status=200 0.355s url=https://www.myfonts.com/products/regular-onikage-asian-1161043
[2026-05-27T10:11:39Z] #6 attempt=1/2 status=200 0.677s url=https://www.myfonts.com/collections/onikage-asian-font-mei-suseno/
[2026-05-27T10:11:40Z] #7 attempt=1/2 status=200 0.156s url=https://www.myfonts.com/collections/onikage-asian-font-mei-suseno/?tab=techSpecs
[2026-05-27T10:11:41Z] #8 attempt=1/2 status=200 0.359s url=https://www.myfonts.com/products/regular-italic-lokoxi-1161028
[2026-05-27T10:11:42Z] #9 attempt=1/2 status=200 1.006s url=https://www.myfonts.com/collections/lokoxi-font-anfound-type/
[2026-05-27T10:11:43Z] #10 attempt=1/2 status=200 0.339s url=https://www.myfonts.com/collections/lokoxi-font-anfound-type/?tab=techSpecs
[2026-05-27T10:11:44Z] #11 attempt=1/2 status=200 0.355s url=https://www.myfonts.com/products/regular-elarisent-1161046
[2026-05-27T10:11:45Z] #12 attempt=1/2 status=200 0.668s url=https://www.myfonts.com/collections/elarisent-font-naiza-studio/
[2026-05-27T10:11:46Z] #13 attempt=1/2 status=200 0.573s url=https://www.myfonts.com/collections/elarisent-font-naiza-studio/?tab=techSpecs
[2026-05-27T10:11:47Z] #14 attempt=1/2 status=200 0.294s url=https://www.myfonts.com/products/regular-lureva-1161044
[2026-05-27T10:11:47Z] #15 attempt=1/2 status=200 0.334s url=https://www.myfonts.com/collections/lureva-font-divora-type/
[2026-05-27T10:11:48Z] #16 attempt=1/2 status=200 0.207s url=https://www.myfonts.com/collections/lureva-font-divora-type/?tab=techSpecs
[2026-05-27T10:11:50Z] #17 attempt=1/6 status=200 0.932s url=https://www.myfonts.com/products.json?limit=100&page=2
[2026-05-27T10:11:50Z] #18 attempt=1/2 status=200 0.443s url=https://www.myfonts.com/products/regular-zorvain-1161019
[2026-05-27T10:11:51Z] #19 attempt=1/2 status=200 0.286s url=https://www.myfonts.com/collections/zorvain-font-vadova-std/
[2026-05-27T10:11:51Z] #20 attempt=1/2 status=200 0.180s url=https://www.myfonts.com/collections/zorvain-font-vadova-std/?tab=techSpecs
[2026-05-27T10:11:53Z] #21 attempt=1/2 status=200 0.747s url=https://www.myfonts.com/products/variable-oblique-thin-oblique-profa-1161195
[2026-05-27T10:11:53Z] #22 attempt=1/2 status=200 0.604s url=https://www.myfonts.com/collections/profa-font-eko-bimantara/
[2026-05-27T10:11:54Z] #23 attempt=1/2 status=200 0.178s url=https://www.myfonts.com/collections/profa-font-eko-bimantara/?tab=techSpecs
[2026-05-27T10:11:55Z] #24 attempt=1/2 status=200 0.308s url=https://www.myfonts.com/products/regular-francy-tiguan-1161021
[2026-05-27T10:11:56Z] #25 attempt=1/2 status=200 0.254s url=https://www.myfonts.com/collections/francy-tiguan-font-jolicia-type/
[2026-05-27T10:11:56Z] #26 attempt=1/2 status=200 0.213s url=https://www.myfonts.com/collections/francy-tiguan-font-jolicia-type/?tab=techSpecs
[2026-05-27T10:11:57Z] #27 attempt=1/2 status=200 0.267s url=https://www.myfonts.com/products/regular-amiret-1161192
[2026-05-27T10:11:57Z] #28 attempt=1/2 status=200 0.253s url=https://www.myfonts.com/collections/amiret-font-only-fonts/
[2026-05-27T10:11:58Z] #29 attempt=1/2 status=200 0.140s url=https://www.myfonts.com/collections/amiret-font-only-fonts/?tab=techSpecs
[2026-05-27T10:11:59Z] #30 attempt=1/2 status=200 0.291s url=https://www.myfonts.com/products/regular-kufict-1161167
[2026-05-27T10:11:59Z] #31 attempt=1/2 status=200 0.283s url=https://www.myfonts.com/collections/kufict-font-only-fonts/
[2026-05-27T10:12:00Z] #32 attempt=1/2 status=200 0.147s url=https://www.myfonts.com/collections/kufict-font-only-fonts/?tab=techSpecs
[2026-05-27T10:12:01Z] #33 attempt=1/2 status=200 0.359s url=https://www.myfonts.com/products/realic-complete-family-package-1161023
[2026-05-27T10:12:02Z] #34 attempt=1/2 status=200 0.560s url=https://www.myfonts.com/collections/realic-font-vermilione/
[2026-05-27T10:12:02Z] #35 attempt=1/2 status=200 0.165s url=https://www.myfonts.com/collections/realic-font-vermilione/?tab=techSpecs
[2026-05-27T10:12:04Z] #36 attempt=1/2 status=200 1.110s url=https://www.myfonts.com/products/griggs-serif-complete-family-package-1160696
[2026-05-27T10:12:07Z] #37 attempt=1/2 status=200 2.107s url=https://www.myfonts.com/collections/griggs-serif-font-seniors-studio/
[2026-05-27T10:12:08Z] #38 attempt=1/2 status=200 0.195s url=https://www.myfonts.com/collections/griggs-serif-font-seniors-studio/?tab=techSpecs
[2026-05-27T10:12:09Z] #39 attempt=1/2 status=200 0.573s url=https://www.myfonts.com/products/medium-compressed-aukim-ii-child-1161263
[2026-05-27T10:12:10Z] #40 attempt=1/2 status=200 0.447s url=https://www.myfonts.com/collections/aukim-ii-child-font-aukimvisuel/
[2026-05-27T10:12:10Z] #41 attempt=1/2 status=200 0.180s url=https://www.myfonts.com/collections/aukim-ii-child-font-aukimvisuel/?tab=techSpecs
[2026-05-27T10:12:12Z] #42 attempt=1/2 status=200 0.946s url=https://www.myfonts.com/products/griggssoft-mediumsansss01-griggs-sans-1160822
[2026-05-27T10:12:14Z] #43 attempt=1/2 status=200 1.483s url=https://www.myfonts.com/collections/griggs-sans-font-seniors-studio/
[2026-05-27T10:12:15Z] #44 attempt=1/2 status=200 0.220s url=https://www.myfonts.com/collections/griggs-sans-font-seniors-studio/?tab=techSpecs
[2026-05-27T10:12:16Z] #45 attempt=1/2 status=200 0.296s url=https://www.myfonts.com/products/regular-velour-delamio-1161022
[2026-05-27T10:12:17Z] #46 attempt=1/2 status=200 0.237s url=https://www.myfonts.com/collections/velour-delamio-font-letterhanna-studio/
[2026-05-27T10:12:17Z] #47 attempt=1/2 status=200 0.173s url=https://www.myfonts.com/collections/velour-delamio-font-letterhanna-studio/?tab=techSpecs
[2026-05-27T10:12:19Z] #48 attempt=1/6 status=200 0.759s url=https://www.myfonts.com/products.json?limit=100&page=3
[2026-05-27T10:12:20Z] #49 attempt=1/2 status=200 0.421s url=https://www.myfonts.com/products/regular-dream-soul-1161020
[2026-05-27T10:12:20Z] #50 attempt=1/2 status=200 0.264s url=https://www.myfonts.com/collections/dream-soul-font-timurtype/
[2026-05-27T10:12:21Z] #51 attempt=1/2 status=200 0.176s url=https://www.myfonts.com/collections/dream-soul-font-timurtype/?tab=techSpecs
[2026-05-27T10:12:22Z] #52 attempt=1/6 status=200 0.782s url=https://www.myfonts.com/products.json?limit=100&page=4
[2026-05-27T10:12:24Z] #53 attempt=1/6 status=200 0.857s url=https://www.myfonts.com/products.json?limit=100&page=5
[2026-05-27T10:12:24Z] #54 attempt=1/2 status=200 0.418s url=https://www.myfonts.com/products/beefy-graffiti-drips-collection-package-1160028
[2026-05-27T10:12:25Z] #55 attempt=1/2 status=200 0.594s url=https://www.myfonts.com/collections/beefy-graffiti-font-chattanooga-tshirt/
[2026-05-27T10:12:25Z] #56 attempt=1/2 status=200 0.181s url=https://www.myfonts.com/collections/beefy-graffiti-font-chattanooga-tshirt/?tab=techSpecs
[2026-05-27T10:12:27Z] #57 attempt=1/2 status=200 0.299s url=https://www.myfonts.com/products/highland-wanders-complete-family-package-1160098
[2026-05-27T10:12:27Z] #58 attempt=1/2 status=200 0.341s url=https://www.myfonts.com/collections/highland-wanders-font-bale-type/
[2026-05-27T10:12:28Z] #59 attempt=1/2 status=200 0.148s url=https://www.myfonts.com/collections/highland-wanders-font-bale-type/?tab=techSpecs
[2026-05-27T10:12:31Z] #60 attempt=1/2 status=200 2.040s url=https://www.myfonts.com/products/compact-collection-package-1160692
[2026-05-27T10:12:33Z] #61 attempt=1/2 status=200 2.467s url=https://www.myfonts.com/collections/awesome-gulgina-font-logic-type/
[2026-05-27T10:12:35Z] #62 attempt=1/2 status=200 0.427s url=https://www.myfonts.com/collections/awesome-gulgina-font-logic-type/?tab=techSpecs
[2026-05-27T10:12:37Z] #63 attempt=1/2 status=200 0.425s url=https://www.myfonts.com/products/nemorosa-variable-complete-family-package-1160322
[2026-05-27T10:12:38Z] #64 attempt=1/2 status=200 0.829s url=https://www.myfonts.com/collections/nemorosa-variable-font-octotypo/
[2026-05-27T10:12:39Z] #65 attempt=1/2 status=200 0.266s url=https://www.myfonts.com/collections/nemorosa-variable-font-octotypo/?tab=techSpecs
[2026-05-27T10:12:40Z] #66 attempt=1/2 status=200 0.443s url=https://www.myfonts.com/products/luxodia-signature-complete-family-package-1160292
[2026-05-27T10:12:41Z] #67 attempt=1/2 status=200 0.725s url=https://www.myfonts.com/collections/luxodia-signature-font-lemonthe/
[2026-05-27T10:12:41Z] #68 attempt=1/2 status=200 0.249s url=https://www.myfonts.com/collections/luxodia-signature-font-lemonthe/?tab=techSpecs
[2026-05-27T10:12:43Z] #69 attempt=1/2 status=200 0.376s url=https://www.myfonts.com/products/partra-complete-family-package-1160410
[2026-05-27T10:12:44Z] #70 attempt=1/2 status=200 0.710s url=https://www.myfonts.com/collections/partra-font-red-type/
[2026-05-27T10:12:44Z] #71 attempt=1/2 status=200 0.407s url=https://www.myfonts.com/collections/partra-font-red-type/?tab=techSpecs
[2026-05-27T10:12:46Z] #72 attempt=1/2 status=200 0.641s url=https://www.myfonts.com/products/brighty-snavs-complete-family-package-1160087
[2026-05-27T10:12:47Z] #73 attempt=1/2 status=200 0.517s url=https://www.myfonts.com/collections/brighty-snavs-font-timelesstype-studio/
[2026-05-27T10:12:47Z] #74 attempt=1/2 status=200 0.190s url=https://www.myfonts.com/collections/brighty-snavs-font-timelesstype-studio/?tab=techSpecs
[2026-05-27T10:12:49Z] #75 attempt=1/2 status=200 0.858s url=https://www.myfonts.com/products/dekota-complete-family-package-1160090
[2026-05-27T10:12:49Z] #76 attempt=1/2 status=200 0.359s url=https://www.myfonts.com/collections/dekota-font-timelesstype-studio/
[2026-05-27T10:12:50Z] #77 attempt=1/2 status=200 0.155s url=https://www.myfonts.com/collections/dekota-font-timelesstype-studio/?tab=techSpecs
[2026-05-27T10:12:51Z] #78 attempt=1/2 status=200 0.391s url=https://www.myfonts.com/products/acreme-bloom-complete-family-package-1160418
[2026-05-27T10:12:52Z] #79 attempt=1/2 status=200 0.433s url=https://www.myfonts.com/collections/acreme-bloom-font-deorde-studio/
[2026-05-27T10:12:52Z] #80 attempt=1/2 status=200 0.195s url=https://www.myfonts.com/collections/acreme-bloom-font-deorde-studio/?tab=techSpecs
[2026-05-27T10:12:54Z] #81 attempt=1/2 status=200 0.776s url=https://www.myfonts.com/products/segidua-complete-family-package-1160328
[2026-05-27T10:12:55Z] #82 attempt=1/2 status=200 0.969s url=https://www.myfonts.com/collections/segidua-font-ajibatype/
[2026-05-27T10:12:56Z] #83 attempt=1/2 status=200 0.168s url=https://www.myfonts.com/collections/segidua-font-ajibatype/?tab=techSpecs
[2026-05-27T10:12:57Z] #84 attempt=1/2 status=200 0.325s url=https://www.myfonts.com/products/kupfer-scriptura-complete-family-package-1160065
[2026-05-27T10:12:58Z] #85 attempt=1/2 status=200 0.371s url=https://www.myfonts.com/collections/kupfer-scriptura-font-kaisertype/
[2026-05-27T10:12:58Z] #86 attempt=1/2 status=200 0.176s url=https://www.myfonts.com/collections/kupfer-scriptura-font-kaisertype/?tab=techSpecs
[2026-05-27T10:13:01Z] #87 attempt=1/2 status=200 1.698s url=https://www.myfonts.com/products/glagter-complete-family-package-1160105
[2026-05-27T10:13:03Z] #88 attempt=1/2 status=200 1.758s url=https://www.myfonts.com/collections/glagter-font-rastype-studio/
[2026-05-27T10:13:04Z] #89 attempt=1/2 status=200 0.298s url=https://www.myfonts.com/collections/glagter-font-rastype-studio/?tab=techSpecs
[2026-05-27T10:13:05Z] #90 attempt=1/2 status=200 0.333s url=https://www.myfonts.com/products/terror-eyes-667-complete-family-package-1160070
[2026-05-27T10:13:06Z] #91 attempt=1/2 status=200 0.362s url=https://www.myfonts.com/collections/terror-eyes-667-font-remedy667/
[2026-05-27T10:13:07Z] #92 attempt=1/2 status=200 0.169s url=https://www.myfonts.com/collections/terror-eyes-667-font-remedy667/?tab=techSpecs
[2026-05-27T10:13:08Z] #93 attempt=1/2 status=200 0.387s url=https://www.myfonts.com/products/designer-stuff-package-1160052
[2026-05-27T10:13:09Z] #94 attempt=1/2 status=200 0.513s url=https://www.myfonts.com/collections/gc-bumble-font-onyx-studio/
[2026-05-27T10:13:09Z] #95 attempt=1/2 status=200 0.160s url=https://www.myfonts.com/collections/gc-bumble-font-onyx-studio/?tab=techSpecs
[2026-05-27T10:13:10Z] #96 attempt=1/2 status=200 0.431s url=https://www.myfonts.com/products/wedding-calligraphy-complete-family-package-1160398
[2026-05-27T10:13:11Z] #97 attempt=1/2 status=200 0.380s url=https://www.myfonts.com/collections/wedding-calligraphy-font-kaer/
[2026-05-27T10:13:11Z] #98 attempt=1/2 status=200 0.159s url=https://www.myfonts.com/collections/wedding-calligraphy-font-kaer/?tab=techSpecs
[2026-05-27T10:13:13Z] #99 attempt=1/2 status=200 0.305s url=https://www.myfonts.com/products/falore-complete-family-package-1160460
[2026-05-27T10:13:13Z] #100 attempt=1/2 status=200 0.383s url=https://www.myfonts.com/collections/falore-font-font-liner/
[2026-05-27T10:13:14Z] #101 attempt=1/2 status=200 0.145s url=https://www.myfonts.com/collections/falore-font-font-liner/?tab=techSpecs
[2026-05-27T10:13:15Z] #102 attempt=1/2 status=200 0.287s url=https://www.myfonts.com/products/mizzen-variable-complete-family-package-1160325
[2026-05-27T10:13:15Z] #103 attempt=1/2 status=200 0.342s url=https://www.myfonts.com/collections/mizzen-variable-font-octotypo/
[2026-05-27T10:13:16Z] #104 attempt=1/2 status=200 0.146s url=https://www.myfonts.com/collections/mizzen-variable-font-octotypo/?tab=techSpecs
[2026-05-27T10:13:17Z] #105 attempt=1/2 status=200 0.318s url=https://www.myfonts.com/products/olyford-variable-complete-family-package-1160315
[2026-05-27T10:13:18Z] #106 attempt=1/2 status=200 0.354s url=https://www.myfonts.com/collections/olyford-variable-font-nicolass-fonts/
[2026-05-27T10:13:18Z] #107 attempt=1/2 status=200 0.153s url=https://www.myfonts.com/collections/olyford-variable-font-nicolass-fonts/?tab=techSpecs
[2026-05-27T10:13:19Z] #108 attempt=1/2 status=200 0.365s url=https://www.myfonts.com/products/wellsville-complete-family-package-1083121
[2026-05-27T10:13:20Z] #109 attempt=1/2 status=200 0.492s url=https://www.myfonts.com/collections/wellsville-font-adam-fathony/
[2026-05-27T10:13:21Z] #110 attempt=1/2 status=200 0.161s url=https://www.myfonts.com/collections/wellsville-font-adam-fathony/?tab=techSpecs
[2026-05-27T10:13:22Z] #111 attempt=1/2 status=200 0.369s url=https://www.myfonts.com/products/rough-valley-complete-family-package-1160093
[2026-05-27T10:13:22Z] #112 attempt=1/2 status=200 0.412s url=https://www.myfonts.com/collections/rough-valley-font-cocodesign/
[2026-05-27T10:13:23Z] #113 attempt=1/2 status=200 0.148s url=https://www.myfonts.com/collections/rough-valley-font-cocodesign/?tab=techSpecs
[2026-05-27T10:13:24Z] #114 attempt=1/2 status=200 0.379s url=https://www.myfonts.com/products/gorgany-complete-family-package-1160432
[2026-05-27T10:13:24Z] #115 attempt=1/2 status=429 0.049s url=https://www.myfonts.com/collections/gorgany-font-vlad-b/
[2026-05-27T10:13:24Z] first_429 req=115 url=https://www.myfonts.com/collections/gorgany-font-vlad-b/
[2026-05-27T10:13:27Z] #116 attempt=2/2 status=200 0.856s url=https://www.myfonts.com/collections/gorgany-font-vlad-b/
[2026-05-27T10:13:28Z] #117 attempt=1/2 status=200 0.281s url=https://www.myfonts.com/products/rosvera-complete-family-package-1160074
[2026-05-27T10:13:29Z] #118 attempt=1/2 status=200 0.367s url=https://www.myfonts.com/collections/rosvera-font-letternesia-studio/
[2026-05-27T10:13:29Z] #119 attempt=1/2 status=200 0.347s url=https://www.myfonts.com/products/mastin-calum-complete-family-package-1160037
[2026-05-27T10:13:30Z] #120 attempt=1/2 status=200 0.360s url=https://www.myfonts.com/collections/mastin-calum-font-tini-fitriani/
[2026-05-27T10:13:30Z] #121 attempt=1/2 status=200 0.392s url=https://www.myfonts.com/products/bast-variable-complete-family-package-1160394
[2026-05-27T10:13:31Z] #122 attempt=1/2 status=429 0.056s url=https://www.myfonts.com/collections/bast-variable-font-octotypo/
[2026-05-27T10:13:33Z] #123 attempt=2/2 status=200 0.467s url=https://www.myfonts.com/collections/bast-variable-font-octotypo/
[2026-05-27T10:13:34Z] #124 attempt=1/2 status=200 0.440s url=https://www.myfonts.com/products/silent-shadow-complete-family-package-1160102
[2026-05-27T10:13:35Z] #125 attempt=1/2 status=200 0.394s url=https://www.myfonts.com/collections/silent-shadow-font-agung-sudirman/
[2026-05-27T10:13:35Z] #126 attempt=1/2 status=200 0.313s url=https://www.myfonts.com/products/high-strange-complete-family-package-1160084
[2026-05-27T10:13:36Z] #127 attempt=1/2 status=200 0.398s url=https://www.myfonts.com/collections/high-strange-font-bale-type/
[2026-05-27T10:13:36Z] #128 attempt=1/2 status=429 0.061s url=https://www.myfonts.com/products/regularitalic-package-1160059
[2026-05-27T10:13:39Z] #129 attempt=2/2 status=200 0.707s url=https://www.myfonts.com/products/regularitalic-package-1160059
[2026-05-27T10:13:40Z] #130 attempt=1/2 status=200 0.443s url=https://www.myfonts.com/collections/verdera-font-maenjari-std/
[2026-05-27T10:13:41Z] #131 attempt=1/2 status=200 0.649s url=https://www.myfonts.com/products/itinera-variable-complete-family-package-1160333
[2026-05-27T10:13:42Z] #132 attempt=1/2 status=200 0.578s url=https://www.myfonts.com/collections/itinera-variable-font-octotypo/
[2026-05-27T10:13:42Z] #133 attempt=1/2 status=200 0.287s url=https://www.myfonts.com/products/bafelo-complete-family-package-1160002
[2026-05-27T10:13:43Z] #134 attempt=1/2 status=200 0.357s url=https://www.myfonts.com/collections/bafelo-font-font-liner/
[2026-05-27T10:13:44Z] #135 attempt=1/2 status=200 0.310s url=https://www.myfonts.com/products/agilov-complete-family-package-1160061
[2026-05-27T10:13:44Z] #136 attempt=1/2 status=429 0.138s url=https://www.myfonts.com/collections/agilov-font-jinan-studio/
[2026-05-27T10:13:47Z] #137 attempt=2/2 status=200 0.458s url=https://www.myfonts.com/collections/agilov-font-jinan-studio/
[2026-05-27T10:13:47Z] #138 attempt=1/2 status=200 0.306s url=https://www.myfonts.com/products/spektora-complete-family-package-1160319
[2026-05-27T10:13:48Z] #139 attempt=1/2 status=200 0.298s url=https://www.myfonts.com/collections/spektora-font-adam-fathony/
[2026-05-27T10:13:48Z] #140 attempt=1/2 status=200 0.307s url=https://www.myfonts.com/products/norack-sekaliye-complete-family-package-1160429
[2026-05-27T10:13:49Z] #141 attempt=1/2 status=429 0.038s url=https://www.myfonts.com/collections/norack-sekaliye-font-risma-type/
[2026-05-27T10:13:51Z] #142 attempt=2/2 status=200 0.463s url=https://www.myfonts.com/collections/norack-sekaliye-font-risma-type/
[2026-05-27T10:13:52Z] #143 attempt=1/2 status=200 0.328s url=https://www.myfonts.com/products/dravonik-complete-family-package-1160041
[2026-05-27T10:13:52Z] #144 attempt=1/2 status=200 0.407s url=https://www.myfonts.com/collections/dravonik-font-sipanji21/
[2026-05-27T10:13:53Z] #145 attempt=1/2 status=200 0.413s url=https://www.myfonts.com/products/pg-bloomella-complete-family-package-1160407
[2026-05-27T10:13:54Z] #146 attempt=1/2 status=200 0.466s url=https://www.myfonts.com/collections/pg-bloomella-font-pretty-glyphs/
[2026-05-27T10:13:55Z] #147 attempt=1/2 status=200 0.333s url=https://www.myfonts.com/products/hello-frolic-complete-family-package-1160079
[2026-05-27T10:13:55Z] #148 attempt=1/2 status=429 0.078s url=https://www.myfonts.com/collections/hello-frolic-font-sensatype-studio/
[2026-05-27T10:13:57Z] #149 attempt=2/2 status=200 0.442s url=https://www.myfonts.com/collections/hello-frolic-font-sensatype-studio/
[2026-05-27T10:13:59Z] #150 attempt=1/6 status=200 0.712s url=https://www.myfonts.com/products.json?limit=100&page=6
[2026-05-27T10:13:59Z] #151 attempt=1/2 status=200 0.275s url=https://www.myfonts.com/products/regular-good-cake-1160019
[2026-05-27T10:14:00Z] #152 attempt=1/2 status=200 0.278s url=https://www.myfonts.com/collections/good-cake-font-pandeka-studio/
[2026-05-27T10:14:00Z] #153 attempt=1/2 status=200 0.282s url=https://www.myfonts.com/products/regular-arabian-mandala-1160078
[2026-05-27T10:14:01Z] #154 attempt=1/2 status=200 0.292s url=https://www.myfonts.com/collections/arabian-mandala-font-denustudio/
[2026-05-27T10:14:01Z] #155 attempt=1/2 status=429 0.040s url=https://www.myfonts.com/products/regular-xtrack-1160035
[2026-05-27T10:14:04Z] #156 attempt=2/2 status=200 0.490s url=https://www.myfonts.com/products/regular-xtrack-1160035
[2026-05-27T10:14:04Z] #157 attempt=1/2 status=200 0.354s url=https://www.myfonts.com/collections/xtrack-font-vadova-std/
[2026-05-27T10:14:05Z] #158 attempt=1/2 status=200 0.289s url=https://www.myfonts.com/products/regular-vibe-shift-1160289
[2026-05-27T10:14:06Z] #159 attempt=1/2 status=200 0.305s url=https://www.myfonts.com/collections/vibe-shift-font-inviline/
[2026-05-27T10:14:07Z] #160 attempt=1/6 status=200 0.697s url=https://www.myfonts.com/products.json?limit=100&page=7
[2026-05-27T10:14:07Z] #161 attempt=1/2 status=200 0.346s url=https://www.myfonts.com/products/regular-thalabul-ilmi-1160097
[2026-05-27T10:14:08Z] #162 attempt=1/2 status=200 0.326s url=https://www.myfonts.com/collections/thalabul-ilmi-font-denustudio/
[2026-05-27T10:14:08Z] #163 attempt=1/2 status=429 0.047s url=https://www.myfonts.com/products/regular-la-papela-1160406
[2026-05-27T10:14:11Z] #164 attempt=2/2 status=200 0.426s url=https://www.myfonts.com/products/regular-la-papela-1160406
[2026-05-27T10:14:11Z] #165 attempt=1/2 status=200 0.264s url=https://www.myfonts.com/collections/la-papela-font-hishand-studio/
[2026-05-27T10:14:12Z] #166 attempt=1/2 status=200 0.279s url=https://www.myfonts.com/products/regular-poetclub-1160397
[2026-05-27T10:14:13Z] #167 attempt=1/2 status=200 0.316s url=https://www.myfonts.com/collections/poetclub-font-inviline/
[2026-05-27T10:14:13Z] #168 attempt=1/2 status=200 0.314s url=https://www.myfonts.com/products/regular-bronetta-1160101
[2026-05-27T10:14:13Z] #169 attempt=1/2 status=429 0.050s url=https://www.myfonts.com/collections/bronetta-font-sototive/
[2026-05-27T10:14:16Z] #170 attempt=2/2 status=200 0.408s url=https://www.myfonts.com/collections/bronetta-font-sototive/
[2026-05-27T10:14:18Z] #171 attempt=1/6 status=200 0.892s url=https://www.myfonts.com/products.json?limit=100&page=8
[2026-05-27T10:14:18Z] #172 attempt=1/2 status=200 0.321s url=https://www.myfonts.com/products/regular-keyclack-font-1119803
[2026-05-27T10:14:19Z] #173 attempt=1/2 status=200 0.226s url=https://www.myfonts.com/collections/keyclack-font-font-owpictures/
[2026-05-27T10:14:19Z] #174 attempt=1/2 status=200 0.153s url=https://www.myfonts.com/collections/keyclack-font-font-owpictures/
[2026-05-27T10:14:19Z] #175 attempt=1/2 status=404 0.173s url=https://www.myfonts.com/collections/regular-keyclack-font-1119803-font-owpictures
[2026-05-27T10:14:20Z] #176 attempt=1/2 status=429 0.036s url=https://www.myfonts.com/products/extrabold-musgo-1160521
[2026-05-27T10:14:22Z] #177 attempt=2/2 status=200 0.420s url=https://www.myfonts.com/products/extrabold-musgo-1160521
[2026-05-27T10:14:23Z] #178 attempt=1/2 status=200 0.305s url=https://www.myfonts.com/collections/musgo-font-antipixel/
[2026-05-27T10:14:23Z] #179 attempt=1/2 status=200 0.330s url=https://www.myfonts.com/products/regular-bornatte-1160031
[2026-05-27T10:14:24Z] #180 attempt=1/2 status=200 0.298s url=https://www.myfonts.com/collections/bornatte-font-rasio-studio/
[2026-05-27T10:14:25Z] #181 attempt=1/2 status=200 0.404s url=https://www.myfonts.com/products/regular-besquen-1160445
[2026-05-27T10:14:25Z] #182 attempt=1/2 status=429 0.050s url=https://www.myfonts.com/collections/besquen-font-heinzel-std/
[2026-05-27T10:14:27Z] #183 attempt=2/2 status=200 0.322s url=https://www.myfonts.com/collections/besquen-font-heinzel-std/
[2026-05-27T10:14:28Z] #184 attempt=1/2 status=200 0.252s url=https://www.myfonts.com/products/regular-philip-1160053
[2026-05-27T10:14:28Z] #185 attempt=1/2 status=200 0.252s url=https://www.myfonts.com/collections/philip-font-people-make-types/
[2026-05-27T10:14:30Z] #186 attempt=1/6 status=200 0.692s url=https://www.myfonts.com/products.json?limit=100&page=9
[2026-05-27T10:14:30Z] #187 attempt=1/2 status=200 0.275s url=https://www.myfonts.com/products/regular-evernoch-1160034
[2026-05-27T10:14:31Z] #188 attempt=1/2 status=200 0.251s url=https://www.myfonts.com/collections/evernoch-font-vadova-std/
[2026-05-27T10:14:31Z] #189 attempt=1/2 status=429 0.036s url=https://www.myfonts.com/products/regular-tasty-mood-1160030
[2026-05-27T10:14:34Z] #190 attempt=2/2 status=200 0.404s url=https://www.myfonts.com/products/regular-tasty-mood-1160030
[2026-05-27T10:14:34Z] #191 attempt=1/2 status=200 0.295s url=https://www.myfonts.com/collections/tasty-mood-font-rasio-studio/
[2026-05-27T10:14:35Z] #192 attempt=1/2 status=200 0.345s url=https://www.myfonts.com/products/regular-aerostreet-1160040
[2026-05-27T10:14:35Z] #193 attempt=1/2 status=200 0.341s url=https://www.myfonts.com/collections/aerostreet-font-vadova-std/
[2026-05-27T10:14:36Z] #194 attempt=1/2 status=200 0.268s url=https://www.myfonts.com/products/regular-rugmelt-1160290
[2026-05-27T10:14:36Z] #195 attempt=1/2 status=200 0.365s url=https://www.myfonts.com/collections/rugmelt-font-heinzel-std/
[2026-05-27T10:14:37Z] #196 attempt=1/2 status=429 0.047s url=https://www.myfonts.com/products/regular-grinola-1160060
[2026-05-27T10:14:39Z] #197 attempt=2/2 status=200 0.421s url=https://www.myfonts.com/products/regular-grinola-1160060
[2026-05-27T10:14:40Z] #198 attempt=1/2 status=200 0.369s url=https://www.myfonts.com/collections/grinola-font-zeenesia-studio/
[2026-05-27T10:14:41Z] #199 attempt=1/2 status=200 0.340s url=https://www.myfonts.com/products/regular-jaeju-grill-1160186
[2026-05-27T10:14:41Z] #200 attempt=1/2 status=200 0.244s url=https://www.myfonts.com/collections/jaeju-grill-font-olivetype/
[2026-05-27T10:14:43Z] #201 attempt=1/6 status=200 0.802s url=https://www.myfonts.com/products.json?limit=100&page=10
[2026-05-27T10:14:43Z] #202 attempt=1/2 status=200 0.508s url=https://www.myfonts.com/products/regular-velunars-1160077
[2026-05-27T10:14:44Z] #203 attempt=1/2 status=200 0.356s url=https://www.myfonts.com/collections/velunars-font-rasio-studio/
[2026-05-27T10:14:44Z] #204 attempt=1/2 status=429 0.038s url=https://www.myfonts.com/products/regular-volkaria-1160029
[2026-05-27T10:14:47Z] #205 attempt=2/2 status=200 0.397s url=https://www.myfonts.com/products/regular-volkaria-1160029
[2026-05-27T10:14:47Z] #206 attempt=1/2 status=200 0.298s url=https://www.myfonts.com/collections/volkaria-font-vadova-std/
[2026-05-27T10:14:48Z] #207 attempt=1/2 status=200 0.328s url=https://www.myfonts.com/products/regular-fyorin-1160032
[2026-05-27T10:14:48Z] #208 attempt=1/2 status=200 0.304s url=https://www.myfonts.com/collections/fyorin-font-rasio-studio/
[2026-05-27T10:14:49Z] #209 attempt=1/2 status=200 0.322s url=https://www.myfonts.com/products/regular-zahara-1052008
[2026-05-27T10:14:49Z] #210 attempt=1/2 status=429 0.053s url=https://www.myfonts.com/collections/zahara-font-inviline/
[2026-05-27T10:14:52Z] #211 attempt=2/2 status=200 0.677s url=https://www.myfonts.com/collections/zahara-font-inviline/
[2026-05-27T10:14:54Z] #212 attempt=1/6 status=200 0.914s url=https://www.myfonts.com/products.json?limit=100&page=11
[2026-05-27T10:14:54Z] #213 attempt=1/2 status=200 0.277s url=https://www.myfonts.com/products/erowsy-regular-erowsy-1160291
[2026-05-27T10:14:55Z] #214 attempt=1/2 status=200 0.230s url=https://www.myfonts.com/collections/erowsy-font-marvadesign/
[2026-05-27T10:14:55Z] #215 attempt=1/2 status=200 0.263s url=https://www.myfonts.com/products/regular-dream-nothing-less-1160576
[2026-05-27T10:14:56Z] #216 attempt=1/2 status=200 0.435s url=https://www.myfonts.com/collections/dream-nothing-less-font-rashdrawn/
[2026-05-27T10:14:57Z] #217 attempt=1/2 status=200 0.370s url=https://www.myfonts.com/products/regular-arelune-1160619
[2026-05-27T10:14:57Z] #218 attempt=1/2 status=200 0.248s url=https://www.myfonts.com/collections/arelune-font-only-fonts/
[2026-05-27T10:14:57Z] #219 attempt=1/2 status=429 0.053s url=https://www.myfonts.com/products/regular-borglas-1160036
[2026-05-27T10:15:00Z] #220 attempt=2/2 status=200 0.318s url=https://www.myfonts.com/products/regular-borglas-1160036
[2026-05-27T10:15:00Z] #221 attempt=1/2 status=200 0.368s url=https://www.myfonts.com/collections/borglas-font-vadova-std/
[2026-05-27T10:15:01Z] #222 attempt=1/2 status=200 0.286s url=https://www.myfonts.com/products/regular-bramonia-1048090
[2026-05-27T10:15:02Z] #223 attempt=1/2 status=200 0.392s url=https://www.myfonts.com/collections/bramonia-font-rantau-type/
[2026-05-27T10:15:02Z] #224 attempt=1/2 status=200 0.425s url=https://www.myfonts.com/products/regular-locanara-1160033
[2026-05-27T10:15:03Z] #225 attempt=1/2 status=200 0.250s url=https://www.myfonts.com/collections/locanara-font-rasio-studio/
[2026-05-27T10:15:03Z] #226 attempt=1/2 status=429 0.050s url=https://www.myfonts.com/products/din-next-rounded-complete-family-package-1152344
[2026-05-27T10:15:06Z] #227 attempt=2/2 status=200 0.412s url=https://www.myfonts.com/products/din-next-rounded-complete-family-package-1152344
[2026-05-27T10:15:07Z] #228 attempt=1/2 status=200 0.480s url=https://www.myfonts.com/collections/din-next-rounded-font-monotype-imaging/
[2026-05-27T10:15:07Z] #229 attempt=1/2 status=200 0.368s url=https://www.myfonts.com/products/kg-primary-penmanship-complete-family-package-989766
[2026-05-27T10:15:08Z] #230 attempt=1/2 status=200 0.419s url=https://www.myfonts.com/collections/kg-primary-penmanship-font-kimberly-geswein/
[2026-05-27T10:15:08Z] #231 attempt=1/2 status=200 0.321s url=https://www.myfonts.com/products/disk-complete-family-package-1159900
[2026-05-27T10:15:09Z] #232 attempt=1/2 status=429 0.065s url=https://www.myfonts.com/collections/disk-font-phospho/
[2026-05-27T10:15:12Z] #233 attempt=2/2 status=200 1.008s url=https://www.myfonts.com/collections/disk-font-phospho/
[2026-05-27T10:15:14Z] #234 attempt=1/2 status=200 1.339s url=https://www.myfonts.com/products/griggs-flare-complete-family-package-1159922
[2026-05-27T10:15:15Z] #235 attempt=1/2 status=200 1.446s url=https://www.myfonts.com/collections/griggs-flare-font-seniors-studio/
[2026-05-27T10:15:17Z] #236 attempt=1/2 status=200 0.437s url=https://www.myfonts.com/products/disk-format-complete-family-package-1159908
[2026-05-27T10:15:17Z] #237 attempt=1/2 status=200 0.593s url=https://www.myfonts.com/collections/disk-format-font-phospho/
[2026-05-27T10:15:19Z] #238 attempt=1/6 status=200 0.825s url=https://www.myfonts.com/products.json?limit=100&page=12
[2026-05-27T10:15:19Z] #239 attempt=1/2 status=200 0.243s url=https://www.myfonts.com/products/regular-ninja-cyber-1160001
[2026-05-27T10:15:20Z] #240 attempt=1/2 status=200 0.283s url=https://www.myfonts.com/collections/ninja-cyber-font-linecreative/
[2026-05-27T10:15:21Z] #241 attempt=1/2 status=200 0.422s url=https://www.myfonts.com/products/escape-complete-family-package-1159595
[2026-05-27T10:15:21Z] #242 attempt=1/2 status=200 0.354s url=https://www.myfonts.com/collections/escape-font-sensatype-studio/
[2026-05-27T10:15:22Z] #243 attempt=1/2 status=200 0.597s url=https://www.myfonts.com/products/kimane-complete-family-package-1159457
[2026-05-27T10:15:23Z] #244 attempt=1/2 status=200 0.532s url=https://www.myfonts.com/collections/kimane-font-hishand-studio/
[2026-05-27T10:15:24Z] #245 attempt=1/2 status=200 0.454s url=https://www.myfonts.com/products/choire-pixel-complete-family-package-1159897
[2026-05-27T10:15:24Z] #246 attempt=1/2 status=200 0.371s url=https://www.myfonts.com/collections/choire-pixel-font-amorfa-type/
[2026-05-27T10:15:27Z] #247 attempt=1/2 status=200 2.179s url=https://www.myfonts.com/products/leighta-complete-family-package-1159591
[2026-05-27T10:15:30Z] #248 attempt=1/2 status=200 3.113s url=https://www.myfonts.com/collections/leighta-font-akbartype/
[2026-05-27T10:15:32Z] #249 attempt=1/2 status=200 0.316s url=https://www.myfonts.com/products/lamrata-complete-family-package-1159465
[2026-05-27T10:15:32Z] #250 attempt=1/2 status=200 0.381s url=https://www.myfonts.com/collections/lamrata-font-hishand-studio/
[2026-05-27T10:15:33Z] #251 attempt=1/2 status=200 0.685s url=https://www.myfonts.com/products/gastrin-complete-family-package-1159401
[2026-05-27T10:15:34Z] #252 attempt=1/2 status=200 0.810s url=https://www.myfonts.com/collections/gastrin-font-pista-mova/
[2026-05-27T10:15:35Z] #253 attempt=1/2 status=200 0.379s url=https://www.myfonts.com/products/foldix-regular-complete-family-package-1159887
[2026-05-27T10:15:36Z] #254 attempt=1/2 status=200 0.362s url=https://www.myfonts.com/collections/foldix-regular-font-timelesstype-studio/
[2026-05-27T10:15:36Z] #255 attempt=1/2 status=200 0.337s url=https://www.myfonts.com/products/talitha-mochy-complete-family-package-1159894
[2026-05-27T10:15:37Z] #256 attempt=1/2 status=200 0.498s url=https://www.myfonts.com/collections/talitha-mochy-font-letterytz/
[2026-05-27T10:15:38Z] #257 attempt=1/2 status=200 0.319s url=https://www.myfonts.com/products/sicelka-complete-family-package-1159463
[2026-05-27T10:15:38Z] #258 attempt=1/2 status=200 0.417s url=https://www.myfonts.com/collections/sicelka-font-hishand-studio/
[2026-05-27T10:15:39Z] #259 attempt=1/2 status=200 0.326s url=https://www.myfonts.com/products/agetya-butterfly-complete-family-package-1159576
[2026-05-27T10:15:40Z] #260 attempt=1/2 status=200 0.410s url=https://www.myfonts.com/collections/agetya-butterfly-font-yoga-letter/
[2026-05-27T10:15:40Z] #261 attempt=1/2 status=200 0.360s url=https://www.myfonts.com/products/saned-complete-family-package-1159461
[2026-05-27T10:15:41Z] #262 attempt=1/2 status=200 0.546s url=https://www.myfonts.com/collections/saned-font-hishand-studio/
[2026-05-27T10:15:42Z] #263 attempt=1/2 status=200 0.340s url=https://www.myfonts.com/products/conega-complete-family-package-1159459
[2026-05-27T10:15:42Z] #264 attempt=1/2 status=200 0.407s url=https://www.myfonts.com/collections/conega-font-hishand-studio/
[2026-05-27T10:15:43Z] #265 attempt=1/2 status=200 0.444s url=https://www.myfonts.com/products/holdem-avenue-complete-family-package-1159890
[2026-05-27T10:15:44Z] #266 attempt=1/2 status=200 0.368s url=https://www.myfonts.com/collections/holdem-avenue-font-tini-fitriani/
[2026-05-27T10:15:44Z] #267 attempt=1/2 status=200 0.301s url=https://www.myfonts.com/products/blonare-complete-family-package-1159592
[2026-05-27T10:15:45Z] #268 attempt=1/2 status=429 0.045s url=https://www.myfonts.com/collections/blonare-font-timelesstype-studio/
[2026-05-27T10:15:47Z] #269 attempt=2/2 status=200 0.464s url=https://www.myfonts.com/collections/blonare-font-timelesstype-studio/
[2026-05-27T10:15:48Z] #270 attempt=1/2 status=200 0.344s url=https://www.myfonts.com/products/bast-complete-family-package-1159579
[2026-05-27T10:15:49Z] #271 attempt=1/2 status=200 0.516s url=https://www.myfonts.com/collections/bast-font-octotypo/
[2026-05-27T10:15:49Z] #272 attempt=1/2 status=200 0.373s url=https://www.myfonts.com/products/paterna-complete-family-package-1159467
[2026-05-27T10:15:50Z] #273 attempt=1/2 status=200 0.609s url=https://www.myfonts.com/collections/paterna-font-hishand-studio/
[2026-05-27T10:15:52Z] #274 attempt=1/6 status=200 1.088s url=https://www.myfonts.com/products.json?limit=100&page=13
[2026-05-27T10:15:53Z] #275 attempt=1/2 status=200 0.442s url=https://www.myfonts.com/products/regular-hachian-1159705
[2026-05-27T10:15:53Z] #276 attempt=1/2 status=200 0.256s url=https://www.myfonts.com/collections/hachian-font-sensatype-studio/
[2026-05-27T10:15:54Z] #277 attempt=1/2 status=200 0.900s url=https://www.myfonts.com/products/regular-continum-1159886
[2026-05-27T10:15:55Z] #278 attempt=1/2 status=200 0.531s url=https://www.myfonts.com/collections/continum-font-angin-studio/
[2026-05-27T10:15:55Z] #279 attempt=1/2 status=429 0.049s url=https://www.myfonts.com/products/regular-bosed-1159599
[2026-05-27T10:15:58Z] #280 attempt=2/2 status=200 0.306s url=https://www.myfonts.com/products/regular-bosed-1159599
[2026-05-27T10:15:59Z] #281 attempt=1/2 status=200 1.025s url=https://www.myfonts.com/collections/bosed-font-sensatype-studio/
[2026-05-27T10:16:00Z] #282 attempt=1/2 status=200 0.687s url=https://www.myfonts.com/products/regular-abbey-sky-1159590
[2026-05-27T10:16:01Z] #283 attempt=1/2 status=200 0.725s url=https://www.myfonts.com/collections/abbey-sky-font-epiclinez/
[2026-05-27T10:16:02Z] #284 attempt=1/6 status=200 0.848s url=https://www.myfonts.com/products.json?limit=100&page=14
[2026-05-27T10:16:04Z] #285 attempt=1/6 status=200 1.311s url=https://www.myfonts.com/products.json?limit=100&page=15
[2026-05-27T10:16:05Z] #286 attempt=1/2 status=200 0.290s url=https://www.myfonts.com/products/regular-crista-sans-1159651
[2026-05-27T10:16:05Z] #287 attempt=1/2 status=200 0.265s url=https://www.myfonts.com/collections/crista-sans-font-sensatype-studio/
[2026-05-27T10:16:06Z] #288 attempt=1/2 status=200 0.510s url=https://www.myfonts.com/products/regular-lipstar-lullaby-1159893
[2026-05-27T10:16:07Z] #289 attempt=1/2 status=200 0.267s url=https://www.myfonts.com/collections/lipstar-lullaby-font-inviline/
[2026-05-27T10:16:07Z] #290 attempt=1/2 status=200 0.573s url=https://www.myfonts.com/products/regular-wondering-miracle-1159574
[2026-05-27T10:16:08Z] #291 attempt=1/2 status=200 0.173s url=https://www.myfonts.com/collections/wondering-miracle-font-vermilione/
[2026-05-27T10:16:09Z] #292 attempt=1/2 status=200 0.504s url=https://www.myfonts.com/products/regular-ragnir-1159492
[2026-05-27T10:16:09Z] #293 attempt=1/2 status=200 0.522s url=https://www.myfonts.com/collections/ragnir-font-ragamkata/
[2026-05-27T10:16:10Z] #294 attempt=1/2 status=429 0.042s url=https://www.myfonts.com/products/pucker-up-complete-family-package-1159552
[2026-05-27T10:16:12Z] #295 attempt=2/2 status=200 0.407s url=https://www.myfonts.com/products/pucker-up-complete-family-package-1159552
[2026-05-27T10:16:13Z] #296 attempt=1/2 status=200 0.481s url=https://www.myfonts.com/collections/pucker-up-font-dirty-bandits/
[2026-05-27T10:16:14Z] #297 attempt=1/2 status=200 0.408s url=https://www.myfonts.com/products/skorse-complete-family-package-1159482
[2026-05-27T10:16:14Z] #298 attempt=1/2 status=200 0.456s url=https://www.myfonts.com/collections/skorse-font-sarid-ezra/
[2026-05-27T10:16:15Z] #299 attempt=1/2 status=200 0.393s url=https://www.myfonts.com/products/clover-fields-complete-family-package-1159472
[2026-05-27T10:16:16Z] #300 attempt=1/2 status=200 0.399s url=https://www.myfonts.com/collections/clover-fields-font-letterhend/
[2026-05-27T10:16:17Z] #301 attempt=1/2 status=200 0.611s url=https://www.myfonts.com/products/k73-hogan-grotesk-complete-family-package-1159520
[2026-05-27T10:16:17Z] #302 attempt=1/2 status=429 0.057s url=https://www.myfonts.com/collections/k73-hogan-grotesk-font-k73-type-foundry/
[2026-05-27T10:16:20Z] #303 attempt=2/2 status=200 0.929s url=https://www.myfonts.com/collections/k73-hogan-grotesk-font-k73-type-foundry/
[2026-05-27T10:16:21Z] #304 attempt=1/2 status=200 0.351s url=https://www.myfonts.com/products/nafolle-complete-family-package-1159469
[2026-05-27T10:16:22Z] #305 attempt=1/2 status=200 0.484s url=https://www.myfonts.com/collections/nafolle-font-tini-fitriani/
[2026-05-27T10:16:22Z] #306 attempt=1/2 status=200 0.335s url=https://www.myfonts.com/products/phatin-angler-complete-family-package-1159487
[2026-05-27T10:16:23Z] #307 attempt=1/2 status=200 0.548s url=https://www.myfonts.com/collections/phatin-angler-font-burntilldead/
[2026-05-27T10:16:24Z] #308 attempt=1/2 status=200 0.487s url=https://www.myfonts.com/products/ravenshire-complete-family-package-1159509
[2026-05-27T10:16:24Z] #309 attempt=1/2 status=200 0.569s url=https://www.myfonts.com/collections/ravenshire-font-rndi-type-foundry/
[2026-05-27T10:16:25Z] #310 attempt=1/2 status=200 0.438s url=https://www.myfonts.com/products/stryvo-complete-family-package-1159557
[2026-05-27T10:16:26Z] #311 attempt=1/2 status=200 0.590s url=https://www.myfonts.com/collections/stryvo-font-sekyra-lab/
[2026-05-27T10:16:26Z] #312 attempt=1/2 status=429 0.038s url=https://www.myfonts.com/products/still-cool-complete-family-package-1159549
[2026-05-27T10:16:29Z] #313 attempt=2/2 status=200 0.396s url=https://www.myfonts.com/products/still-cool-complete-family-package-1159549
[2026-05-27T10:16:30Z] #314 attempt=1/2 status=200 0.479s url=https://www.myfonts.com/collections/still-cool-font-dirty-bandits/
[2026-05-27T10:16:30Z] #315 attempt=1/2 status=200 0.390s url=https://www.myfonts.com/products/mellino-complete-family-package-1159495
[2026-05-27T10:16:31Z] #316 attempt=1/2 status=200 0.422s url=https://www.myfonts.com/collections/mellino-font-nk-studio/
[2026-05-27T10:16:32Z] #317 attempt=1/2 status=200 0.352s url=https://www.myfonts.com/products/alphabet-express-complete-family-package-1159539
[2026-05-27T10:16:32Z] #318 attempt=1/2 status=200 0.492s url=https://www.myfonts.com/collections/alphabet-express-font-ayca-atalay/
[2026-05-27T10:16:33Z] #319 attempt=1/2 status=200 0.480s url=https://www.myfonts.com/products/mokara-handdrawn-complete-family-package-1159478
[2026-05-27T10:16:34Z] #320 attempt=1/2 status=429 0.092s url=https://www.myfonts.com/collections/mokara-handdrawn-font-maghrib-type/
[2026-05-27T10:16:36Z] #321 attempt=2/2 status=200 0.507s url=https://www.myfonts.com/collections/mokara-handdrawn-font-maghrib-type/
[2026-05-27T10:16:37Z] #322 attempt=1/2 status=200 0.341s url=https://www.myfonts.com/products/southern-baseball-complete-family-package-1159475
[2026-05-27T10:16:38Z] #323 attempt=1/2 status=200 0.491s url=https://www.myfonts.com/collections/southern-baseball-font-timelesstype-studio/
[2026-05-27T10:16:38Z] #324 attempt=1/2 status=200 0.472s url=https://www.myfonts.com/products/lazyrich-complete-family-package-1159570
[2026-05-27T10:16:39Z] #325 attempt=1/2 status=200 0.379s url=https://www.myfonts.com/collections/lazyrich-font-letterytz/
[2026-05-27T10:16:40Z] #326 attempt=1/2 status=200 0.339s url=https://www.myfonts.com/products/no-bones-complete-family-package-1159502
[2026-05-27T10:16:40Z] #327 attempt=1/2 status=200 0.586s url=https://www.myfonts.com/collections/no-bones-font-wings-art-studio/
[2026-05-27T10:16:42Z] #328 attempt=1/6 status=200 0.970s url=https://www.myfonts.com/products.json?limit=100&page=16
[2026-05-27T10:16:43Z] #329 attempt=1/2 status=200 0.295s url=https://www.myfonts.com/products/regular-morelia-1159494
[2026-05-27T10:16:43Z] #330 attempt=1/2 status=429 0.050s url=https://www.myfonts.com/collections/morelia-font-viswell/
[2026-05-27T10:16:45Z] #331 attempt=2/2 status=200 0.447s url=https://www.myfonts.com/collections/morelia-font-viswell/
[2026-05-27T10:16:46Z] #332 attempt=1/2 status=200 0.278s url=https://www.myfonts.com/products/regular-varsity-athletic-1159500
[2026-05-27T10:16:47Z] #333 attempt=1/2 status=200 0.412s url=https://www.myfonts.com/collections/varsity-athletic-font-meow-creation-font/
[2026-05-27T10:16:47Z] #334 attempt=1/2 status=200 0.272s url=https://www.myfonts.com/products/regular-special-handwritten-1159486
[2026-05-27T10:16:48Z] #335 attempt=1/2 status=200 0.289s url=https://www.myfonts.com/collections/special-handwritten-font-shape-studio/
[2026-05-27T10:16:49Z] #336 attempt=1/6 status=200 0.778s url=https://www.myfonts.com/products.json?limit=100&page=17
[2026-05-27T10:16:50Z] #337 attempt=1/2 status=200 0.293s url=https://www.myfonts.com/products/regular-squarc-two-1159501
[2026-05-27T10:16:50Z] #338 attempt=1/2 status=429 0.047s url=https://www.myfonts.com/collections/squarc-two-font-talbot-type/
[2026-05-27T10:16:53Z] #339 attempt=2/2 status=200 0.417s url=https://www.myfonts.com/collections/squarc-two-font-talbot-type/
[2026-05-27T10:16:53Z] #340 attempt=1/2 status=200 0.595s url=https://www.myfonts.com/products/regular-bingo-night-1159556
[2026-05-27T10:16:54Z] #341 attempt=1/2 status=200 0.541s url=https://www.myfonts.com/collections/bingo-night-font-dirty-bandits/
[2026-05-27T10:16:55Z] #342 attempt=1/2 status=200 0.286s url=https://www.myfonts.com/products/regular-orvique-1159481
[2026-05-27T10:16:55Z] #343 attempt=1/2 status=200 0.423s url=https://www.myfonts.com/collections/orvique-font-hakara-type/
[2026-05-27T10:16:56Z] #344 attempt=1/2 status=200 0.483s url=https://www.myfonts.com/products/regular-barentina-1159485
[2026-05-27T10:16:57Z] #345 attempt=1/2 status=200 0.934s url=https://www.myfonts.com/collections/barentina-font-shape-studio/
[2026-05-27T10:16:58Z] #346 attempt=1/2 status=200 0.430s url=https://www.myfonts.com/products/wildflower-garden-complete-family-package-1158873
[2026-05-27T10:16:58Z] #347 attempt=1/2 status=429 0.077s url=https://www.myfonts.com/collections/wildflower-garden-font-type-peace/
[2026-05-27T10:17:01Z] #348 attempt=2/2 status=200 0.439s url=https://www.myfonts.com/collections/wildflower-garden-font-type-peace/
[2026-05-27T10:17:03Z] #349 attempt=1/2 status=200 1.284s url=https://www.myfonts.com/products/adhesian-complete-family-package-1159174
[2026-05-27T10:17:05Z] #350 attempt=1/2 status=200 2.128s url=https://www.myfonts.com/collections/adhesian-serif-font-propertype/
[2026-05-27T10:17:06Z] #351 attempt=1/2 status=200 0.446s url=https://www.myfonts.com/products/bubble-bean-complete-family-package-1158967
[2026-05-27T10:17:07Z] #352 attempt=1/2 status=200 0.619s url=https://www.myfonts.com/collections/bubble-bean-font-cocodesign/
[2026-05-27T10:17:08Z] #353 attempt=1/2 status=200 0.664s url=https://www.myfonts.com/products/limit-micro-complete-family-package-1158656
[2026-05-27T10:17:10Z] #354 attempt=1/2 status=200 1.279s url=https://www.myfonts.com/collections/limit-micro-font-bold-guys/
[2026-05-27T10:17:11Z] #355 attempt=1/2 status=200 0.717s url=https://www.myfonts.com/products/pinoccy-complete-family-package-1158935
[2026-05-27T10:17:12Z] #356 attempt=1/2 status=200 0.615s url=https://www.myfonts.com/collections/pinoccy-font-letterytz/
[2026-05-27T10:17:13Z] #357 attempt=1/2 status=200 1.636s url=https://www.myfonts.com/products/volkys-serif-complete-family-package-1159245
[2026-05-27T10:17:16Z] #358 attempt=1/2 status=200 2.295s url=https://www.myfonts.com/collections/volkys-serif-font-propertype/
[2026-05-27T10:17:19Z] #359 attempt=1/2 status=200 2.414s url=https://www.myfonts.com/products/aukim-ii-sharp-complete-family-package-1158572
[2026-05-27T10:17:22Z] #360 attempt=1/2 status=200 2.422s url=https://www.myfonts.com/collections/aukim-ii-sharp-font-aukimvisuel/
[2026-05-27T10:17:24Z] #361 attempt=1/2 status=200 1.094s url=https://www.myfonts.com/products/condensed-package-1159248
[2026-05-27T10:17:26Z] #362 attempt=1/2 status=200 1.666s url=https://www.myfonts.com/collections/calitra-font-soft-creative/
[2026-05-27T10:17:27Z] #363 attempt=1/2 status=200 0.301s url=https://www.myfonts.com/products/rain-jungle-complete-family-package-1158993
[2026-05-27T10:17:28Z] #364 attempt=1/2 status=200 0.584s url=https://www.myfonts.com/collections/rain-jungle-font-ragamkata/
[2026-05-27T10:17:29Z] #365 attempt=1/2 status=200 0.532s url=https://www.myfonts.com/products/caniora-florents-complete-family-package-1158852
[2026-05-27T10:17:29Z] #366 attempt=1/2 status=200 0.522s url=https://www.myfonts.com/collections/caniora-florents-font-tini-fitriani/
[2026-05-27T10:17:30Z] #367 attempt=1/2 status=200 0.704s url=https://www.myfonts.com/products/getishan-complete-family-package-1159048
[2026-05-27T10:17:31Z] #368 attempt=1/2 status=200 0.752s url=https://www.myfonts.com/collections/getishan-font-propertype/
[2026-05-27T10:17:32Z] #369 attempt=1/2 status=200 0.654s url=https://www.myfonts.com/products/ribelle-variable-complete-family-package-1158881
[2026-05-27T10:17:33Z] #370 attempt=1/2 status=200 0.783s url=https://www.myfonts.com/collections/ribelle-variable-font-unio-creative-solutions/
[2026-05-27T10:17:35Z] #371 attempt=1/2 status=200 1.542s url=https://www.myfonts.com/products/quirlone-complete-family-package-1159102
[2026-05-27T10:17:37Z] #372 attempt=1/2 status=200 1.512s url=https://www.myfonts.com/collections/quirlone-font-propertype/
[2026-05-27T10:17:38Z] #373 attempt=1/2 status=200 0.284s url=https://www.myfonts.com/products/runreti-complete-family-package-1158896
[2026-05-27T10:17:39Z] #374 attempt=1/2 status=200 0.430s url=https://www.myfonts.com/collections/runreti-font-mei-suseno/
[2026-05-27T10:17:40Z] #375 attempt=1/2 status=200 0.341s url=https://www.myfonts.com/products/senvera-complete-family-package-1158974
[2026-05-27T10:17:40Z] #376 attempt=1/2 status=200 0.517s url=https://www.myfonts.com/collections/senvera-font-muksal-creatives/
[2026-05-27T10:17:41Z] #377 attempt=1/2 status=200 0.628s url=https://www.myfonts.com/products/olyford-package-1159046
[2026-05-27T10:17:42Z] #378 attempt=1/2 status=200 0.839s url=https://www.myfonts.com/collections/olyford-font-nicolass-fonts/
[2026-05-27T10:17:43Z] #379 attempt=1/2 status=200 0.336s url=https://www.myfonts.com/products/kopile-complete-family-package-1159001
[2026-05-27T10:17:44Z] #380 attempt=1/2 status=200 0.625s url=https://www.myfonts.com/collections/kopile-font-afkari-studio/
[2026-05-27T10:17:45Z] #381 attempt=1/6 status=200 0.694s url=https://www.myfonts.com/products.json?limit=100&page=18
[2026-05-27T10:17:46Z] #382 attempt=1/2 status=200 0.369s url=https://www.myfonts.com/products/slate-batter-complete-family-package-1158971
[2026-05-27T10:17:46Z] #383 attempt=1/2 status=200 0.364s url=https://www.myfonts.com/collections/slate-batter-font-stylishtype-studio/
[2026-05-27T10:17:47Z] #384 attempt=1/2 status=200 0.450s url=https://www.myfonts.com/products/quartet-serif-package-1158918
[2026-05-27T10:17:48Z] #385 attempt=1/2 status=200 0.750s url=https://www.myfonts.com/collections/quartet-font-borutta/
[2026-05-27T10:17:49Z] #386 attempt=1/2 status=200 0.313s url=https://www.myfonts.com/products/childwop-finnaly-complete-family-package-1158945
[2026-05-27T10:17:49Z] #387 attempt=1/2 status=200 0.338s url=https://www.myfonts.com/collections/childwop-finnaly-font-stylishtype-studio/
[2026-05-27T10:17:51Z] #388 attempt=1/2 status=200 0.831s url=https://www.myfonts.com/products/neue-reman-gt-complete-family-package-1159252
[2026-05-27T10:17:53Z] #389 attempt=1/2 status=200 1.725s url=https://www.myfonts.com/collections/neue-reman-gt-font-propertype/
[2026-05-27T10:17:54Z] #390 attempt=1/2 status=200 0.327s url=https://www.myfonts.com/products/contynew-kastifu-complete-family-package-1158938
[2026-05-27T10:17:54Z] #391 attempt=1/2 status=200 0.360s url=https://www.myfonts.com/collections/contynew-kastifu-font-stylishtype-studio/
[2026-05-27T10:17:55Z] #392 attempt=1/2 status=200 0.547s url=https://www.myfonts.com/products/brado-quena-complete-family-package-1159394
[2026-05-27T10:17:56Z] #393 attempt=1/2 status=200 0.505s url=https://www.myfonts.com/collections/brado-quena-font-sign-studio/
[2026-05-27T10:17:58Z] #394 attempt=1/2 status=200 1.750s url=https://www.myfonts.com/products/neue-reman-complete-family-package-1159323
[2026-05-27T10:18:00Z] #395 attempt=1/2 status=200 2.222s url=https://www.myfonts.com/collections/neue-reman-sans-font-propertype/
[2026-05-27T10:18:03Z] #396 attempt=1/2 status=200 1.793s url=https://www.myfonts.com/products/figo-shiftz-editorial-complete-family-package-1159070
[2026-05-27T10:18:05Z] #397 attempt=1/2 status=200 1.558s url=https://www.myfonts.com/collections/figo-shiftz-editorial-font-propertype/
[2026-05-27T10:18:06Z] #398 attempt=1/2 status=200 0.287s url=https://www.myfonts.com/products/garo-complete-family-package-1158998
[2026-05-27T10:18:07Z] #399 attempt=1/2 status=200 1.271s url=https://www.myfonts.com/collections/garo-font-koplexs-studio/
[2026-05-27T10:18:08Z] #400 attempt=1/2 status=200 0.498s url=https://www.myfonts.com/products/os-rotare-sans-complete-family-package-1158951
[2026-05-27T10:18:09Z] #401 attempt=1/2 status=200 1.063s url=https://www.myfonts.com/collections/os-rotare-sans-font-off-season/
[2026-05-27T10:18:10Z] #402 attempt=1/2 status=200 0.379s url=https://www.myfonts.com/products/brachysoma-complete-family-package-1158948
[2026-05-27T10:18:11Z] #403 attempt=1/2 status=200 0.720s url=https://www.myfonts.com/collections/brachysoma-font-gatype/
[2026-05-27T10:18:12Z] #404 attempt=1/2 status=200 0.743s url=https://www.myfonts.com/products/regular-boellath-1158996
[2026-05-27T10:18:13Z] #405 attempt=1/2 status=200 0.653s url=https://www.myfonts.com/collections/boellath-font-maenjari-std/
[2026-05-27T10:18:13Z] #406 attempt=1/2 status=200 0.285s url=https://www.myfonts.com/products/regular-lovaria-1158992
[2026-05-27T10:18:15Z] #407 attempt=1/2 status=200 1.002s url=https://www.myfonts.com/collections/lovaria-font-koplexs-studio/
[2026-05-27T10:18:16Z] #408 attempt=1/2 status=200 0.537s url=https://www.myfonts.com/products/regular-gorvine-1158943
[2026-05-27T10:18:16Z] #409 attempt=1/2 status=200 0.552s url=https://www.myfonts.com/collections/gorvine-font-vadova-std/
[2026-05-27T10:18:17Z] #410 attempt=1/2 status=200 0.682s url=https://www.myfonts.com/products/regular-chubaq-1158941
[2026-05-27T10:18:18Z] #411 attempt=1/2 status=200 0.727s url=https://www.myfonts.com/collections/chubaq-font-sensatype-studio/
[2026-05-27T10:18:19Z] #412 attempt=1/2 status=200 0.666s url=https://www.myfonts.com/products/regular-night-flicker-1158880
[2026-05-27T10:18:20Z] #413 attempt=1/2 status=200 0.359s url=https://www.myfonts.com/collections/night-flicker-font-alpaprana/
[2026-05-27T10:18:20Z] #414 attempt=1/2 status=200 0.300s url=https://www.myfonts.com/products/regular-goal-goodies-1158997
[2026-05-27T10:18:21Z] #415 attempt=1/2 status=200 0.588s url=https://www.myfonts.com/collections/goal-goodies-font-gassstype/
[2026-05-27T10:18:22Z] #416 attempt=1/2 status=200 0.462s url=https://www.myfonts.com/products/regular-desinore-1158934
[2026-05-27T10:18:22Z] #417 attempt=1/2 status=200 0.236s url=https://www.myfonts.com/collections/desinore-font-kangfont-studio/
[2026-05-27T10:18:24Z] #418 attempt=1/6 status=200 0.604s url=https://www.myfonts.com/products.json?limit=100&page=19
[2026-05-27T10:18:24Z] #419 attempt=1/2 status=200 0.436s url=https://www.myfonts.com/products/regular-bold-orange-1158872
[2026-05-27T10:18:25Z] #420 attempt=1/2 status=200 0.661s url=https://www.myfonts.com/collections/bold-orange-font-imoodev/
[2026-05-27T10:18:26Z] #421 attempt=1/2 status=200 0.485s url=https://www.myfonts.com/products/regular-gracie-aquos-1158870
[2026-05-27T10:18:26Z] #422 attempt=1/2 status=200 0.279s url=https://www.myfonts.com/collections/gracie-aquos-font-imoodev/
[2026-05-27T10:18:27Z] #423 attempt=1/2 status=200 0.560s url=https://www.myfonts.com/products/regular-vicarious-1158933
[2026-05-27T10:18:28Z] #424 attempt=1/2 status=200 0.326s url=https://www.myfonts.com/products/regular-kravon-1158900
[2026-05-27T10:18:28Z] #425 attempt=1/2 status=200 0.390s url=https://www.myfonts.com/collections/kravon-font-qiubare-studio/
[2026-05-27T10:18:29Z] #426 attempt=1/2 status=200 0.300s url=https://www.myfonts.com/products/regular-safielle-1158869
[2026-05-27T10:18:29Z] #427 attempt=1/2 status=200 0.265s url=https://www.myfonts.com/collections/safielle-font-chekart/
[2026-05-27T10:18:30Z] #428 attempt=1/2 status=200 0.317s url=https://www.myfonts.com/products/regular-abu-dhabi-solstice-1158879
[2026-05-27T10:18:31Z] #429 attempt=1/2 status=200 0.358s url=https://www.myfonts.com/collections/abu-dhabi-solstice-font-letterhanna-studio/
[2026-05-27T10:18:32Z] #430 attempt=1/6 status=200 0.598s url=https://www.myfonts.com/products.json?limit=100&page=20
[2026-05-27T10:18:32Z] #431 attempt=1/2 status=200 0.318s url=https://www.myfonts.com/products/regular-race-master-1159251
[2026-05-27T10:18:33Z] #432 attempt=1/2 status=200 0.300s url=https://www.myfonts.com/collections/race-master-font-linecreative/
[2026-05-27T10:18:34Z] #433 attempt=1/2 status=200 0.381s url=https://www.myfonts.com/products/regular-tacozy-1158944
[2026-05-27T10:18:34Z] #434 attempt=1/2 status=200 0.383s url=https://www.myfonts.com/collections/tacozy-font-brandearth/
[2026-05-27T10:18:36Z] #435 attempt=1/6 status=200 0.698s url=https://www.myfonts.com/products.json?limit=100&page=21
[2026-05-27T10:18:36Z] #436 attempt=1/2 status=200 0.303s url=https://www.myfonts.com/products/regular-blitz-curlers-1158922
[2026-05-27T10:18:36Z] #437 attempt=1/2 status=429 0.049s url=https://www.myfonts.com/collections/blitz-curlers-font-gian-studio/
[2026-05-27T10:18:39Z] #438 attempt=2/2 status=200 0.457s url=https://www.myfonts.com/collections/blitz-curlers-font-gian-studio/
[2026-05-27T10:18:40Z] #439 attempt=1/2 status=200 0.403s url=https://www.myfonts.com/products/regular-brekid-1158942
[2026-05-27T10:18:40Z] #440 attempt=1/2 status=200 0.333s url=https://www.myfonts.com/collections/brekid-font-erifqizefont/
[2026-05-27T10:18:42Z] #441 attempt=1/6 status=200 0.929s url=https://www.myfonts.com/products.json?limit=100&page=22
[2026-05-27T10:18:43Z] #442 attempt=1/6 status=200 0.864s url=https://www.myfonts.com/products.json?limit=100&page=23
[2026-05-27T10:18:44Z] #443 attempt=1/2 status=200 0.330s url=https://www.myfonts.com/products/regular-mistifine-1159250
[2026-05-27T10:18:44Z] #444 attempt=1/2 status=429 0.050s url=https://www.myfonts.com/collections/mistifine-font-yohanes-oktav/
[2026-05-27T10:18:47Z] #445 attempt=2/2 status=200 0.394s url=https://www.myfonts.com/collections/mistifine-font-yohanes-oktav/
[2026-05-27T10:18:47Z] #446 attempt=1/2 status=200 0.282s url=https://www.myfonts.com/products/regular-untouched-1158895
[2026-05-27T10:18:48Z] #447 attempt=1/2 status=200 0.239s url=https://www.myfonts.com/collections/untouched-font-alpaprana/
[2026-05-27T10:18:48Z] #448 attempt=1/2 status=429 0.065s url=https://www.myfonts.com/products/regular-rapid-storm-1158871
[2026-05-27T10:18:51Z] #449 attempt=2/2 status=200 0.437s url=https://www.myfonts.com/products/regular-rapid-storm-1158871
[2026-05-27T10:18:51Z] #450 attempt=1/2 status=200 0.296s url=https://www.myfonts.com/collections/rapid-storm-font-seemly-fonts/
[2026-05-27T10:18:52Z] #451 attempt=1/2 status=200 0.692s url=https://www.myfonts.com/products/medieval-bundle-package-1060795
[2026-05-27T10:18:53Z] #452 attempt=1/2 status=200 0.334s url=https://www.myfonts.com/products/dual-magic-systems-package-1083402
[2026-05-27T10:18:54Z] #453 attempt=1/6 status=200 0.606s url=https://www.myfonts.com/products.json?limit=100&page=24
[2026-05-27T10:18:54Z] #454 attempt=1/6 status=429 0.047s url=https://www.myfonts.com/products.json?limit=100&page=25
[2026-05-27T10:18:58Z] #455 attempt=2/6 status=200 0.765s url=https://www.myfonts.com/products.json?limit=100&page=25
[2026-05-27T10:18:58Z] #456 attempt=1/2 status=200 0.373s url=https://www.myfonts.com/products/pg-solmerist-complete-family-package-1158552
[2026-05-27T10:18:59Z] #457 attempt=1/2 status=200 0.424s url=https://www.myfonts.com/collections/pg-solmerist-font-pretty-glyphs/
[2026-05-27T10:18:59Z] #458 attempt=1/2 status=200 0.347s url=https://www.myfonts.com/products/surfo-complete-family-package-1158565
[2026-05-27T10:19:00Z] #459 attempt=1/2 status=200 0.427s url=https://www.myfonts.com/collections/surfo-font-the-native-saint-club/
[2026-05-27T10:19:00Z] #460 attempt=1/2 status=429 0.051s url=https://www.myfonts.com/products/arial-hebrew-complete-family-package-1158518
[2026-05-27T10:19:03Z] #461 attempt=2/2 status=200 0.632s url=https://www.myfonts.com/products/arial-hebrew-complete-family-package-1158518
[2026-05-27T10:19:04Z] #462 attempt=1/2 status=200 0.520s url=https://www.myfonts.com/collections/arial-hebrew-font-monotype-imaging/
[2026-05-27T10:19:05Z] #463 attempt=1/2 status=200 0.397s url=https://www.myfonts.com/products/gc-back-ford-complete-family-package-1158522
[2026-05-27T10:19:06Z] #464 attempt=1/2 status=200 0.685s url=https://www.myfonts.com/collections/gc-back-ford-font-onyx-studio/
[2026-05-27T10:19:06Z] #465 attempt=1/2 status=200 0.439s url=https://www.myfonts.com/products/saloka-complete-family-package-1158488
[2026-05-27T10:19:07Z] #466 attempt=1/2 status=200 0.353s url=https://www.myfonts.com/collections/saloka-font-fernande/
[2026-05-27T10:19:08Z] #467 attempt=1/2 status=200 0.490s url=https://www.myfonts.com/products/krisma-serif-complete-family-package-1158495
[2026-05-27T10:19:09Z] #468 attempt=1/2 status=200 0.528s url=https://www.myfonts.com/collections/krisma-serif-font-krismagraph/
[2026-05-27T10:19:09Z] #469 attempt=1/2 status=200 0.319s url=https://www.myfonts.com/products/wonderful-branding-complete-family-package-1158395
[2026-05-27T10:19:09Z] #470 attempt=1/2 status=429 0.037s url=https://www.myfonts.com/collections/wonderful-branding-font-din-studio/
[2026-05-27T10:19:12Z] #471 attempt=2/2 status=200 0.592s url=https://www.myfonts.com/collections/wonderful-branding-font-din-studio/
[2026-05-27T10:19:14Z] #472 attempt=1/2 status=200 1.010s url=https://www.myfonts.com/products/kabrio-complete-family-package-1158559
[2026-05-27T10:19:14Z] #473 attempt=1/2 status=200 0.349s url=https://www.myfonts.com/collections/kabrio-font-agung-sudirman/
[2026-05-27T10:19:15Z] #474 attempt=1/2 status=200 1.069s url=https://www.myfonts.com/products/racleys-complete-family-package-1158533
[2026-05-27T10:19:16Z] #475 attempt=1/2 status=200 0.543s url=https://www.myfonts.com/collections/racleys-font-glyphminds-studios/
[2026-05-27T10:19:18Z] #476 attempt=1/2 status=200 1.313s url=https://www.myfonts.com/products/sherika-complete-family-package-1158397
[2026-05-27T10:19:20Z] #477 attempt=1/2 status=200 1.583s url=https://www.myfonts.com/collections/sherika-font-seniors-studio/
[2026-05-27T10:19:21Z] #478 attempt=1/2 status=200 0.728s url=https://www.myfonts.com/products/feeling-passionate-complete-family-package-1158393
[2026-05-27T10:19:22Z] #479 attempt=1/2 status=200 0.874s url=https://www.myfonts.com/collections/feeling-passionate-font-din-studio/
[2026-05-27T10:19:23Z] #480 attempt=1/2 status=200 0.483s url=https://www.myfonts.com/products/novarick-complete-family-package-1158499
[2026-05-27T10:19:24Z] #481 attempt=1/2 status=200 0.541s url=https://www.myfonts.com/collections/novarick-font-din-studio/
[2026-05-27T10:19:25Z] #482 attempt=1/2 status=200 0.527s url=https://www.myfonts.com/products/movie-silentina-976062
[2026-05-27T10:19:26Z] #483 attempt=1/2 status=200 0.500s url=https://www.myfonts.com/collections/silentina-font-typodermic/
[2026-05-27T10:19:26Z] #484 attempt=1/2 status=200 0.369s url=https://www.myfonts.com/products/regular-poolside-1158562
[2026-05-27T10:19:27Z] #485 attempt=1/2 status=200 0.257s url=https://www.myfonts.com/collections/poolside-font-fenotype/
[2026-05-27T10:19:27Z] #486 attempt=1/2 status=200 0.253s url=https://www.myfonts.com/products/regular-goldyane-1158568
[2026-05-27T10:19:28Z] #487 attempt=1/2 status=200 0.266s url=https://www.myfonts.com/collections/goldyane-font-syntype/
[2026-05-27T10:19:28Z] summary releases=260 first_429=(115, 'https://www.myfonts.com/collections/gorgany-font-vlad-b/', 0.0493316650390625) log_file=state/myfonts_run_20260527_101131.log
[2026-05-27T10:19:28Z] === MyFonts crawl end ===
