[2026-09-28T13:38:45Z] checkpoint fresh next_page=1 path=state/myfonts_crawl_checkpoint.json
[2026-09-28T13:38:45Z] === MyFonts crawl start source=myfonts ===
[2026-09-28T13:38:45Z] config max_pages=25 page_size=100 start_date=2026-09-27 end_date=2026-09-28 api_delay=0.5s detail_delay=0.2s max_debut_checks=400 max_tech_specs_checks=200 reuse_success_profile=False always_enrich_packages=True language_script_signal_mode=strong force_fresh_run=False start_page=1 browser_mode=False browser_headless=True browser_storage_state_path=state/myfonts_storage_state.json
[2026-09-28T13:38:46Z] #1 attempt=1/6 status=200 1.122s url=https://www.myfonts.com/products.json?limit=100&page=1
[2026-09-28T13:38:47Z] #2 attempt=1/2 status=200 0.359s url=https://www.myfonts.com/products/regular-nomad-decorative-1232580
[2026-09-28T13:38:48Z] #3 attempt=1/2 status=200 0.421s url=https://www.myfonts.com/collections/nomad-decorative-font-struvictory-art/
[2026-09-28T13:38:48Z] #4 attempt=1/2 status=200 0.392s url=https://www.myfonts.com/collections/nomad-decorative-font-struvictory-art/?tab=techSpecs
[2026-09-28T13:38:49Z] #5 attempt=1/2 status=200 0.403s url=https://www.myfonts.com/products/supermarche-complete-family-package-1232478
[2026-09-28T13:38:50Z] #6 attempt=1/2 status=200 0.458s url=https://www.myfonts.com/collections/supermarche-font-device/
[2026-09-28T13:38:51Z] #7 attempt=1/2 status=200 0.369s url=https://www.myfonts.com/collections/supermarche-font-device/?tab=techSpecs
[2026-09-28T13:38:52Z] #8 attempt=1/2 status=200 0.415s url=https://www.myfonts.com/products/rogue-serif-complete-family-package-1232463
[2026-09-28T13:38:52Z] #9 attempt=1/2 status=200 0.469s url=https://www.myfonts.com/collections/rogue-serif-font-device/
[2026-09-28T13:38:53Z] #10 attempt=1/2 status=200 0.414s url=https://www.myfonts.com/collections/rogue-serif-font-device/?tab=techSpecs
[2026-09-28T13:38:54Z] #11 attempt=1/2 status=200 0.476s url=https://www.myfonts.com/products/brecksville-complete-family-package-1232417
[2026-09-28T13:38:55Z] #12 attempt=1/2 status=200 0.604s url=https://www.myfonts.com/collections/brecksville-font-oz-design/
[2026-09-28T13:38:56Z] #13 attempt=1/2 status=200 0.425s url=https://www.myfonts.com/collections/brecksville-font-oz-design/?tab=techSpecs
[2026-09-28T13:38:58Z] #14 attempt=1/2 status=200 1.399s url=https://www.myfonts.com/products/garnison-complete-family-package-1232571
[2026-09-28T13:39:01Z] #15 attempt=1/2 status=200 2.220s url=https://www.myfonts.com/collections/garnison-font-oz-design/
[2026-09-28T13:39:03Z] #16 attempt=1/2 status=200 1.680s url=https://www.myfonts.com/collections/garnison-font-oz-design/?tab=techSpecs
[2026-09-28T13:39:04Z] #17 attempt=1/2 status=200 0.574s url=https://www.myfonts.com/products/quagmire-extended-set-package-1232472
[2026-09-28T13:39:05Z] #18 attempt=1/2 status=200 0.847s url=https://www.myfonts.com/collections/quagmire-font-device/
[2026-09-28T13:39:06Z] #19 attempt=1/2 status=200 0.615s url=https://www.myfonts.com/collections/quagmire-font-device/?tab=techSpecs
[2026-09-28T13:39:08Z] #20 attempt=1/2 status=200 0.529s url=https://www.myfonts.com/products/vertex-complete-family-package-1232557
[2026-09-28T13:39:08Z] #21 attempt=1/2 status=200 0.484s url=https://www.myfonts.com/collections/vertex-font-device/
[2026-09-28T13:39:09Z] #22 attempt=1/2 status=200 0.488s url=https://www.myfonts.com/collections/vertex-font-device/?tab=techSpecs
[2026-09-28T13:39:10Z] #23 attempt=1/2 status=200 0.403s url=https://www.myfonts.com/products/radiogram-complete-family-package-1232457
[2026-09-28T13:39:11Z] #24 attempt=1/2 status=200 0.449s url=https://www.myfonts.com/collections/radiogram-font-device/
[2026-09-28T13:39:12Z] #25 attempt=1/2 status=200 0.419s url=https://www.myfonts.com/collections/radiogram-font-device/?tab=techSpecs
[2026-09-28T13:39:13Z] #26 attempt=1/2 status=200 0.379s url=https://www.myfonts.com/products/panther-black-complete-family-package-1232447
[2026-09-28T13:39:13Z] #27 attempt=1/2 status=200 0.501s url=https://www.myfonts.com/collections/panther-black-font-device/
[2026-09-28T13:39:14Z] #28 attempt=1/2 status=200 0.358s url=https://www.myfonts.com/collections/panther-black-font-device/?tab=techSpecs
[2026-09-28T13:39:15Z] #29 attempt=1/2 status=200 0.389s url=https://www.myfonts.com/products/mystique-complete-family-package-1232438
[2026-09-28T13:39:16Z] #30 attempt=1/2 status=200 0.459s url=https://www.myfonts.com/collections/mystique-font-device/
[2026-09-28T13:39:17Z] #31 attempt=1/2 status=200 0.405s url=https://www.myfonts.com/collections/mystique-font-device/?tab=techSpecs
[2026-09-28T13:39:18Z] #32 attempt=1/2 status=200 0.487s url=https://www.myfonts.com/products/milago-complete-family-package-1232415
[2026-09-28T13:39:19Z] #33 attempt=1/2 status=200 0.654s url=https://www.myfonts.com/collections/milago-font-oz-design/
[2026-09-28T13:39:20Z] #34 attempt=1/2 status=200 0.636s url=https://www.myfonts.com/collections/milago-font-oz-design/?tab=techSpecs
[2026-09-28T13:39:21Z] #35 attempt=1/2 status=200 0.422s url=https://www.myfonts.com/products/antigen-complete-family-package-1232561
[2026-09-28T13:39:21Z] #36 attempt=1/2 status=200 0.481s url=https://www.myfonts.com/collections/antigen-font-insigne/
[2026-09-28T13:39:22Z] #37 attempt=1/2 status=200 0.480s url=https://www.myfonts.com/collections/antigen-font-insigne/?tab=techSpecs
[2026-09-28T13:39:24Z] #38 attempt=1/2 status=200 0.686s url=https://www.myfonts.com/products/urbane-condensed-essentials-package-1232521
[2026-09-28T13:39:25Z] #39 attempt=1/2 status=200 0.763s url=https://www.myfonts.com/collections/urbane-condensed-font-device/
[2026-09-28T13:39:26Z] #40 attempt=1/2 status=200 0.736s url=https://www.myfonts.com/collections/urbane-condensed-font-device/?tab=techSpecs
[2026-09-28T13:39:27Z] #41 attempt=1/2 status=200 0.497s url=https://www.myfonts.com/products/silesia-complete-family-package-1232470
[2026-09-28T13:39:28Z] #42 attempt=1/2 status=200 0.514s url=https://www.myfonts.com/collections/silesia-font-device/
[2026-09-28T13:39:29Z] #43 attempt=1/2 status=200 0.598s url=https://www.myfonts.com/collections/silesia-font-device/?tab=techSpecs
[2026-09-28T13:39:30Z] #44 attempt=1/2 status=200 0.405s url=https://www.myfonts.com/products/novak-complete-family-package-1232454
[2026-09-28T13:39:30Z] #45 attempt=1/2 status=200 0.382s url=https://www.myfonts.com/collections/novak-font-device/
[2026-09-28T13:39:31Z] #46 attempt=1/2 status=200 0.406s url=https://www.myfonts.com/collections/novak-font-device/?tab=techSpecs
[2026-09-28T13:39:32Z] #47 attempt=1/2 status=200 0.551s url=https://www.myfonts.com/products/urbane-rounded-complete-family-package-1232535
[2026-09-28T13:39:33Z] #48 attempt=1/2 status=200 0.769s url=https://www.myfonts.com/collections/urbane-rounded-font-device/
[2026-09-28T13:39:34Z] #49 attempt=1/2 status=200 0.679s url=https://www.myfonts.com/collections/urbane-rounded-font-device/?tab=techSpecs
[2026-09-28T13:39:36Z] #50 attempt=1/2 status=200 0.460s url=https://www.myfonts.com/products/neue-alter-complete-family-package-1232413
[2026-09-28T13:39:36Z] #51 attempt=1/2 status=200 0.561s url=https://www.myfonts.com/collections/neue-alter-font-oz-design/
[2026-09-28T13:39:37Z] #52 attempt=1/2 status=200 0.485s url=https://www.myfonts.com/collections/neue-alter-font-oz-design/?tab=techSpecs
[2026-09-28T13:39:39Z] #53 attempt=1/2 status=200 0.578s url=https://www.myfonts.com/products/ot-replica-complete-family-package-1232411
[2026-09-28T13:39:40Z] #54 attempt=1/2 status=200 0.712s url=https://www.myfonts.com/collections/ot-replica-font-oz-design/
[2026-09-28T13:39:41Z] #55 attempt=1/2 status=200 0.680s url=https://www.myfonts.com/collections/ot-replica-font-oz-design/?tab=techSpecs
[2026-09-28T13:39:42Z] #56 attempt=1/2 status=200 0.466s url=https://www.myfonts.com/products/urbane-essentials-package-1232547
[2026-09-28T13:39:42Z] #57 attempt=1/2 status=200 0.528s url=https://www.myfonts.com/collections/urbane-adscript-font-device/
[2026-09-28T13:39:43Z] #58 attempt=1/2 status=200 0.528s url=https://www.myfonts.com/collections/urbane-adscript-font-device/?tab=techSpecs
[2026-09-28T13:39:45Z] #59 attempt=1/2 status=200 0.499s url=https://www.myfonts.com/products/outlander-nova-complete-family-package-1232423
[2026-09-28T13:39:45Z] #60 attempt=1/2 status=200 0.552s url=https://www.myfonts.com/collections/outlander-nova-font-device/
[2026-09-28T13:39:46Z] #61 attempt=1/2 status=200 0.557s url=https://www.myfonts.com/collections/outlander-nova-font-device/?tab=techSpecs
[2026-09-28T13:39:47Z] #62 attempt=1/2 status=200 0.384s url=https://www.myfonts.com/products/sinclair-complete-family-package-1232442
[2026-09-28T13:39:48Z] #63 attempt=1/2 status=200 0.430s url=https://www.myfonts.com/collections/sinclair-2-font-device/
[2026-09-28T13:39:49Z] #64 attempt=1/2 status=200 0.421s url=https://www.myfonts.com/collections/sinclair-2-font-device/?tab=techSpecs
[2026-09-28T13:39:50Z] #65 attempt=1/2 status=200 0.336s url=https://www.myfonts.com/products/regular-mission-sinister-1232481
[2026-09-28T13:39:50Z] #66 attempt=1/2 status=200 0.350s url=https://www.myfonts.com/collections/mission-sinister-font-device/
[2026-09-28T13:39:51Z] #67 attempt=1/2 status=200 0.353s url=https://www.myfonts.com/collections/mission-sinister-font-device/?tab=techSpecs
[2026-09-28T13:39:52Z] #68 attempt=1/2 status=200 0.331s url=https://www.myfonts.com/products/straker-straker-1232445
[2026-09-28T13:39:52Z] #69 attempt=1/2 status=200 0.365s url=https://www.myfonts.com/collections/straker-font-device/
[2026-09-28T13:39:53Z] #70 attempt=1/2 status=200 0.349s url=https://www.myfonts.com/collections/straker-font-device/?tab=techSpecs
[2026-09-28T13:39:54Z] #71 attempt=1/2 status=200 0.375s url=https://www.myfonts.com/products/regular-saturdays-1231695
[2026-09-28T13:39:55Z] #72 attempt=1/2 status=200 0.338s url=https://www.myfonts.com/collections/saturdays-font-context/
[2026-09-28T13:39:55Z] #73 attempt=1/2 status=200 0.366s url=https://www.myfonts.com/collections/saturdays-font-context/?tab=techSpecs
[2026-09-28T13:39:56Z] #74 attempt=1/2 status=200 0.316s url=https://www.myfonts.com/products/regular-pact-1232482
[2026-09-28T13:39:57Z] #75 attempt=1/2 status=200 0.361s url=https://www.myfonts.com/collections/pact-font-device/
[2026-09-28T13:39:57Z] #76 attempt=1/2 status=200 0.323s url=https://www.myfonts.com/collections/pact-font-device/?tab=techSpecs
[2026-09-28T13:39:58Z] #77 attempt=1/2 status=200 0.381s url=https://www.myfonts.com/products/regular-brongline-presiom-1232410
[2026-09-28T13:39:59Z] #78 attempt=1/2 status=200 0.379s url=https://www.myfonts.com/collections/brongline-presiom-font-fallen-graphic/
[2026-09-28T13:39:59Z] #79 attempt=1/2 status=200 0.346s url=https://www.myfonts.com/collections/brongline-presiom-font-fallen-graphic/?tab=techSpecs
[2026-09-28T13:40:00Z] #80 attempt=1/2 status=200 0.403s url=https://www.myfonts.com/products/neu-t-emboss-regular-neu-t-1232579
[2026-09-28T13:40:01Z] #81 attempt=1/2 status=200 0.420s url=https://www.myfonts.com/collections/neu-t-font-neuclique-design/
[2026-09-28T13:40:02Z] #82 attempt=1/2 status=200 0.367s url=https://www.myfonts.com/collections/neu-t-font-neuclique-design/?tab=techSpecs
[2026-09-28T13:40:03Z] #83 attempt=1/2 status=200 0.336s url=https://www.myfonts.com/products/regular-sparrowhawk-1232483
[2026-09-28T13:40:03Z] #84 attempt=1/2 status=200 0.377s url=https://www.myfonts.com/collections/sparrowhawk-font-device/
[2026-09-28T13:40:04Z] #85 attempt=1/2 status=200 0.534s url=https://www.myfonts.com/collections/sparrowhawk-font-device/?tab=techSpecs
[2026-09-28T13:40:05Z] #86 attempt=1/2 status=200 0.346s url=https://www.myfonts.com/products/regular-saintbride-1232462
[2026-09-28T13:40:05Z] #87 attempt=1/2 status=200 0.388s url=https://www.myfonts.com/collections/saintbride-font-device/
[2026-09-28T13:40:06Z] #88 attempt=1/2 status=200 0.320s url=https://www.myfonts.com/collections/saintbride-font-device/?tab=techSpecs
[2026-09-28T13:40:07Z] #89 attempt=1/2 status=200 0.350s url=https://www.myfonts.com/products/regular-module-one-1232421
[2026-09-28T13:40:07Z] #90 attempt=1/2 status=200 0.392s url=https://www.myfonts.com/collections/module-one-font-device/
[2026-09-28T13:40:08Z] #91 attempt=1/2 status=200 0.418s url=https://www.myfonts.com/collections/module-one-font-device/?tab=techSpecs
[2026-09-28T13:40:09Z] #92 attempt=1/2 status=200 0.515s url=https://www.myfonts.com/products/vertigram-soft-essentials-package-1232494
[2026-09-28T13:40:10Z] #93 attempt=1/2 status=200 0.767s url=https://www.myfonts.com/collections/vertigram-font-device/
[2026-09-28T13:40:11Z] #94 attempt=1/2 status=200 0.803s url=https://www.myfonts.com/collections/vertigram-font-device/?tab=techSpecs
[2026-09-28T13:40:13Z] #95 attempt=1/2 status=200 0.383s url=https://www.myfonts.com/products/westway-complete-family-package-1232544
[2026-09-28T13:40:13Z] #96 attempt=1/2 status=200 0.431s url=https://www.myfonts.com/collections/westway-font-device/
[2026-09-28T13:40:14Z] #97 attempt=1/2 status=200 0.381s url=https://www.myfonts.com/collections/westway-font-device/?tab=techSpecs
[2026-09-28T13:40:15Z] #98 attempt=1/2 status=200 0.357s url=https://www.myfonts.com/products/xenotype-complete-family-package-1232530
[2026-09-28T13:40:16Z] #99 attempt=1/2 status=200 0.415s url=https://www.myfonts.com/collections/xenotype-font-device/
[2026-09-28T13:40:16Z] #100 attempt=1/2 status=200 0.428s url=https://www.myfonts.com/collections/xenotype-font-device/?tab=techSpecs
[2026-09-28T13:40:17Z] #101 attempt=1/2 status=200 0.353s url=https://www.myfonts.com/products/wilko-complete-family-package-1232487
[2026-09-28T13:40:18Z] #102 attempt=1/2 status=200 0.489s url=https://www.myfonts.com/collections/wilko-font-device/
[2026-09-28T13:40:19Z] #103 attempt=1/2 status=200 0.414s url=https://www.myfonts.com/collections/wilko-font-device/?tab=techSpecs
[2026-09-28T13:40:21Z] #104 attempt=1/6 status=200 0.812s url=https://www.myfonts.com/products.json?limit=100&page=2
[2026-09-28T13:40:21Z] #105 attempt=1/2 status=200 0.357s url=https://www.myfonts.com/products/valletta-complete-family-package-1232484
[2026-09-28T13:40:22Z] #106 attempt=1/2 status=200 0.486s url=https://www.myfonts.com/collections/valletta-font-device/
[2026-09-28T13:40:23Z] #107 attempt=1/2 status=200 0.389s url=https://www.myfonts.com/collections/valletta-font-device/?tab=techSpecs
[2026-09-28T13:40:24Z] #108 attempt=1/2 status=200 0.328s url=https://www.myfonts.com/products/regular-vektra-1232543
[2026-09-28T13:40:24Z] #109 attempt=1/2 status=200 0.330s url=https://www.myfonts.com/collections/vektra-font-device/
[2026-09-28T13:40:25Z] #110 attempt=1/2 status=200 0.350s url=https://www.myfonts.com/collections/vektra-font-device/?tab=techSpecs
[2026-09-28T13:40:26Z] #111 attempt=1/2 status=200 0.419s url=https://www.myfonts.com/products/the-regulars-package-1232420
[2026-09-28T13:40:26Z] #112 attempt=1/2 status=404 0.299s url=https://www.myfonts.com/collections/the-regulars-font-koral-creative
[2026-09-28T13:40:28Z] #113 attempt=1/2 status=200 0.979s url=https://www.myfonts.com/products/modern-tall-sans-pair-package-1232419
[2026-09-28T13:40:28Z] #114 attempt=1/2 status=404 0.312s url=https://www.myfonts.com/collections/modern-tall-sans-pair-font-fontop
[2026-09-28T13:40:29Z] #115 attempt=1/2 status=200 0.433s url=https://www.myfonts.com/products/regular-prochamp-1232387
[2026-09-28T13:40:30Z] #116 attempt=1/2 status=200 0.585s url=https://www.myfonts.com/collections/prochamp-font-alpercakici/
[2026-09-28T13:40:30Z] #117 attempt=1/2 status=200 0.562s url=https://www.myfonts.com/collections/prochamp-font-alpercakici/?tab=techSpecs
[2026-09-28T13:40:32Z] #118 attempt=1/6 status=200 1.021s url=https://www.myfonts.com/products.json?limit=100&page=3
[2026-09-28T13:40:33Z] #119 attempt=1/2 status=200 0.764s url=https://www.myfonts.com/products/annuario-complete-family-package-1232306
[2026-09-28T13:40:34Z] #120 attempt=1/2 status=200 0.834s url=https://www.myfonts.com/collections/annuario-font-resistenza/
[2026-09-28T13:40:36Z] #121 attempt=1/2 status=200 1.306s url=https://www.myfonts.com/collections/annuario-font-resistenza/?tab=techSpecs
[2026-09-28T13:40:37Z] #122 attempt=1/2 status=200 0.385s url=https://www.myfonts.com/products/variable-hiro-variable-1232305
[2026-09-28T13:40:38Z] #123 attempt=1/2 status=200 0.422s url=https://www.myfonts.com/collections/hiro-variable-font-gg-design/
[2026-09-28T13:40:39Z] #124 attempt=1/2 status=200 0.312s url=https://www.myfonts.com/collections/hiro-variable-font-gg-design/?tab=techSpecs
[2026-09-28T13:40:40Z] #125 attempt=1/2 status=200 0.409s url=https://www.myfonts.com/products/314-bits-hand-314-bits-1232304
[2026-09-28T13:40:40Z] #126 attempt=1/2 status=200 0.503s url=https://www.myfonts.com/collections/314-bits-font-iam-314/
[2026-09-28T13:40:41Z] #127 attempt=1/2 status=200 0.444s url=https://www.myfonts.com/collections/314-bits-font-iam-314/?tab=techSpecs
[2026-09-28T13:40:42Z] #128 attempt=1/2 status=200 0.597s url=https://www.myfonts.com/products/zia-glastyo-complete-family-package-1232291
[2026-09-28T13:40:43Z] #129 attempt=1/2 status=200 0.681s url=https://www.myfonts.com/collections/zia-glastyo-font-zia-creative-studio/
[2026-09-28T13:40:44Z] #130 attempt=1/2 status=200 0.757s url=https://www.myfonts.com/collections/zia-glastyo-font-zia-creative-studio/?tab=techSpecs
[2026-09-28T13:40:46Z] #131 attempt=1/2 status=200 0.680s url=https://www.myfonts.com/products/uprights-condensed-package-1232071
[2026-09-28T13:40:47Z] #132 attempt=1/2 status=200 1.104s url=https://www.myfonts.com/collections/skolasans-font-totem/
[2026-09-28T13:40:48Z] #133 attempt=1/2 status=200 0.754s url=https://www.myfonts.com/collections/skolasans-font-totem/?tab=techSpecs
[2026-09-28T13:40:53Z] #134 attempt=1/2 status=200 3.464s url=https://www.myfonts.com/products/fendrok-complete-family-package-1232074
[2026-09-28T13:40:56Z] #135 attempt=1/2 status=200 3.207s url=https://www.myfonts.com/collections/fendrok-font-stripes-studio/
[2026-09-28T13:41:01Z] #136 attempt=1/2 status=200 3.216s url=https://www.myfonts.com/collections/fendrok-font-stripes-studio/?tab=techSpecs
[2026-09-28T13:41:02Z] #137 attempt=1/2 status=200 0.440s url=https://www.myfonts.com/products/potbank-complete-family-package-1232277
[2026-09-28T13:41:03Z] #138 attempt=1/2 status=200 0.535s url=https://www.myfonts.com/collections/potbank-font-applied-systems-design-studio/
[2026-09-28T13:41:04Z] #139 attempt=1/2 status=200 0.409s url=https://www.myfonts.com/collections/potbank-font-applied-systems-design-studio/?tab=techSpecs
[2026-09-28T13:41:06Z] #140 attempt=1/6 status=200 0.825s url=https://www.myfonts.com/products.json?limit=100&page=4
[2026-09-28T13:41:06Z] #141 attempt=1/2 status=200 0.419s url=https://www.myfonts.com/products/thin-genepi-1232270
[2026-09-28T13:41:07Z] #142 attempt=1/2 status=200 0.486s url=https://www.myfonts.com/collections/genepi-font-santi-rey/
[2026-09-28T13:41:08Z] #143 attempt=1/2 status=200 0.450s url=https://www.myfonts.com/collections/genepi-font-santi-rey/?tab=techSpecs
[2026-09-28T13:41:09Z] #144 attempt=1/2 status=200 0.663s url=https://www.myfonts.com/products/pixel-fonts-bundle-package-1232266
[2026-09-28T13:41:10Z] #145 attempt=1/2 status=404 0.328s url=https://www.myfonts.com/collections/pixel-fonts-bundle-font-gleb-guralnyk
[2026-09-28T13:41:11Z] #146 attempt=1/2 status=200 0.691s url=https://www.myfonts.com/products/heavy-music-fan-bundle-package-988768
[2026-09-28T13:41:11Z] #147 attempt=1/2 status=404 0.337s url=https://www.myfonts.com/collections/heavy-music-fan-bundle-font-gleb-guralnyk
[2026-09-28T13:41:13Z] #148 attempt=1/6 status=200 0.837s url=https://www.myfonts.com/products.json?limit=100&page=5
[2026-09-28T13:41:14Z] #149 attempt=1/6 status=200 1.212s url=https://www.myfonts.com/products.json?limit=100&page=6
[2026-09-28T13:41:15Z] #150 attempt=1/2 status=200 0.458s url=https://www.myfonts.com/products/jagera-complete-family-package-1231744
[2026-09-28T13:41:16Z] #151 attempt=1/2 status=200 0.556s url=https://www.myfonts.com/collections/jagera-font-alpercakici/
[2026-09-28T13:41:18Z] #152 attempt=1/2 status=200 2.004s url=https://www.myfonts.com/products/best-package-package-1231454
[2026-09-28T13:41:21Z] #153 attempt=1/2 status=200 2.718s url=https://www.myfonts.com/collections/agrelis-font-alterspieler/
[2026-09-28T13:41:24Z] #154 attempt=1/2 status=200 2.564s url=https://www.myfonts.com/collections/agrelis-font-alterspieler/?tab=techSpecs
[2026-09-28T13:41:27Z] #155 attempt=1/2 status=200 1.695s url=https://www.myfonts.com/products/grade-complete-package-1231288
[2026-09-28T13:41:31Z] #156 attempt=1/2 status=200 3.551s url=https://www.myfonts.com/collections/modisen-font-ajibatype/
[2026-09-28T13:41:35Z] #157 attempt=1/2 status=200 2.485s url=https://www.myfonts.com/collections/modisen-font-ajibatype/?tab=techSpecs
[2026-09-28T13:41:37Z] #158 attempt=1/2 status=200 0.581s url=https://www.myfonts.com/products/guka-complete-family-package-1232012
[2026-09-28T13:41:38Z] #159 attempt=1/2 status=200 0.700s url=https://www.myfonts.com/collections/guka-font-fontfabric/
[2026-09-28T13:41:38Z] #160 attempt=1/2 status=200 0.557s url=https://www.myfonts.com/collections/guka-font-fontfabric/?tab=techSpecs
[2026-09-28T13:41:40Z] #161 attempt=1/2 status=200 0.424s url=https://www.myfonts.com/products/rose-magnolia-complete-family-package-1231758
[2026-09-28T13:41:40Z] #162 attempt=1/2 status=200 0.494s url=https://www.myfonts.com/collections/rose-magnolia-font-font-liner/
[2026-09-28T13:41:41Z] #163 attempt=1/2 status=200 0.393s url=https://www.myfonts.com/collections/rose-magnolia-font-font-liner/?tab=techSpecs
[2026-09-28T13:41:43Z] #164 attempt=1/2 status=200 0.647s url=https://www.myfonts.com/products/hyperspace-capsule-complete-family-package-1232009
[2026-09-28T13:41:44Z] #165 attempt=1/2 status=200 0.817s url=https://www.myfonts.com/collections/hyperspace-race-capsule-font-swell-type/
[2026-09-28T13:41:45Z] #166 attempt=1/2 status=200 0.973s url=https://www.myfonts.com/collections/hyperspace-race-capsule-font-swell-type/?tab=techSpecs
[2026-09-28T13:41:47Z] #167 attempt=1/2 status=200 0.899s url=https://www.myfonts.com/products/polo-land-complete-family-package-1230892
[2026-09-28T13:41:48Z] #168 attempt=1/2 status=200 1.575s url=https://www.myfonts.com/collections/polo-land-font-abbastype/
[2026-09-28T13:41:50Z] #169 attempt=1/2 status=200 1.102s url=https://www.myfonts.com/collections/polo-land-font-abbastype/?tab=techSpecs
[2026-09-28T13:41:51Z] #170 attempt=1/2 status=200 0.418s url=https://www.myfonts.com/products/racing-sunday-pro-complete-family-package-1230989
[2026-09-28T13:41:52Z] #171 attempt=1/2 status=200 0.488s url=https://www.myfonts.com/collections/racing-sunday-pro-font-ahweproject/
[2026-09-28T13:41:53Z] #172 attempt=1/2 status=200 0.565s url=https://www.myfonts.com/collections/racing-sunday-pro-font-ahweproject/?tab=techSpecs
[2026-09-28T13:41:54Z] #173 attempt=1/2 status=200 0.440s url=https://www.myfonts.com/products/magnolia-complete-family-package-1231725
[2026-09-28T13:41:55Z] #174 attempt=1/2 status=200 0.659s url=https://www.myfonts.com/collections/magnolia-font-alpercakici/
[2026-09-28T13:41:56Z] #175 attempt=1/2 status=200 0.664s url=https://www.myfonts.com/collections/magnolia-font-alpercakici/?tab=techSpecs
[2026-09-28T13:41:59Z] #176 attempt=1/2 status=200 1.955s url=https://www.myfonts.com/products/verasity-complete-family-package-1231776
[2026-09-28T13:42:02Z] #177 attempt=1/2 status=200 3.008s url=https://www.myfonts.com/collections/verasity-font-groenstudio/
[2026-09-28T13:42:06Z] #178 attempt=1/2 status=200 3.179s url=https://www.myfonts.com/collections/verasity-font-groenstudio/?tab=techSpecs
[2026-09-28T13:42:08Z] #179 attempt=1/2 status=200 0.400s url=https://www.myfonts.com/products/piccole-complete-family-package-1231761
[2026-09-28T13:42:08Z] #180 attempt=1/2 status=200 0.493s url=https://www.myfonts.com/collections/piccole-font-glyphminds-studios/
[2026-09-28T13:42:09Z] #181 attempt=1/2 status=200 0.437s url=https://www.myfonts.com/collections/piccole-font-glyphminds-studios/?tab=techSpecs
[2026-09-28T13:42:10Z] #182 attempt=1/2 status=200 0.358s url=https://www.myfonts.com/products/caramile-complete-family-package-1231755
[2026-09-28T13:42:11Z] #183 attempt=1/2 status=200 0.389s url=https://www.myfonts.com/collections/caramile-font-font-liner/
[2026-09-28T13:42:12Z] #184 attempt=1/2 status=200 0.369s url=https://www.myfonts.com/collections/caramile-font-font-liner/?tab=techSpecs
[2026-09-28T13:42:13Z] #185 attempt=1/6 status=200 0.834s url=https://www.myfonts.com/products.json?limit=100&page=7
[2026-09-28T13:42:15Z] #186 attempt=1/6 status=200 0.900s url=https://www.myfonts.com/products.json?limit=100&page=8
[2026-09-28T13:42:16Z] #187 attempt=1/6 status=200 0.874s url=https://www.myfonts.com/products.json?limit=100&page=9
[2026-09-28T13:42:17Z] #188 attempt=1/2 status=200 0.411s url=https://www.myfonts.com/products/favori-package-1232011
[2026-09-28T13:42:18Z] #189 attempt=1/2 status=404 0.340s url=https://www.myfonts.com/collections/favori-font-dgsa-type-foundry
[2026-09-28T13:42:19Z] #190 attempt=1/6 status=200 0.799s url=https://www.myfonts.com/products.json?limit=100&page=10
[2026-09-28T13:42:20Z] #191 attempt=1/2 status=200 0.517s url=https://www.myfonts.com/products/regular-resquel-1231774
[2026-09-28T13:42:20Z] #192 attempt=1/2 status=200 0.366s url=https://www.myfonts.com/collections/resquel-font-heinzel-std/
[2026-09-28T13:42:21Z] #193 attempt=1/2 status=200 0.393s url=https://www.myfonts.com/collections/resquel-font-heinzel-std/?tab=techSpecs
[2026-09-28T13:42:22Z] #194 attempt=1/2 status=200 0.407s url=https://www.myfonts.com/products/regular-sunner-heat-1231775
[2026-09-28T13:42:22Z] #195 attempt=1/2 status=200 0.373s url=https://www.myfonts.com/collections/sunner-heat-font-heinzel-std/
[2026-09-28T13:42:23Z] #196 attempt=1/2 status=200 0.280s url=https://www.myfonts.com/collections/sunner-heat-font-heinzel-std/?tab=techSpecs
[2026-09-28T13:42:25Z] #197 attempt=1/6 status=200 1.026s url=https://www.myfonts.com/products.json?limit=100&page=11
[2026-09-28T13:42:25Z] #198 attempt=1/2 status=200 0.351s url=https://www.myfonts.com/products/kaligrafik-ahenk-1231718
[2026-09-28T13:42:26Z] #199 attempt=1/2 status=200 0.320s url=https://www.myfonts.com/collections/ahenk-font-dgsa-type-foundry/
[2026-09-28T13:42:26Z] #200 attempt=1/2 status=200 0.330s url=https://www.myfonts.com/collections/ahenk-font-dgsa-type-foundry/?tab=techSpecs
[2026-09-28T13:42:27Z] #201 attempt=1/2 status=200 0.355s url=https://www.myfonts.com/products/mama-summer-complete-family-package-1231475
[2026-09-28T13:42:28Z] #202 attempt=1/2 status=200 0.403s url=https://www.myfonts.com/collections/mama-summer-font-brown-cupple-typeface/
[2026-09-28T13:42:29Z] #203 attempt=1/2 status=200 0.429s url=https://www.myfonts.com/collections/mama-summer-font-brown-cupple-typeface/?tab=techSpecs
[2026-09-28T13:42:30Z] #204 attempt=1/2 status=200 0.381s url=https://www.myfonts.com/products/cs-calping-complete-family-package-1231700
[2026-09-28T13:42:30Z] #205 attempt=1/2 status=200 0.454s url=https://www.myfonts.com/collections/cs-calping-font-craft-supply-co/
[2026-09-28T13:42:31Z] #206 attempt=1/2 status=200 0.423s url=https://www.myfonts.com/collections/cs-calping-font-craft-supply-co/?tab=techSpecs
[2026-09-28T13:42:32Z] #207 attempt=1/2 status=200 0.395s url=https://www.myfonts.com/products/ekspato-complete-family-package-1231719
[2026-09-28T13:42:33Z] #208 attempt=1/2 status=200 0.429s url=https://www.myfonts.com/collections/ekspato-font-ekahermawan/
[2026-09-28T13:42:34Z] #209 attempt=1/2 status=200 0.368s url=https://www.myfonts.com/collections/ekspato-font-ekahermawan/?tab=techSpecs
[2026-09-28T13:42:35Z] #210 attempt=1/2 status=200 0.373s url=https://www.myfonts.com/products/qelion-complete-family-package-1231704
[2026-09-28T13:42:35Z] #211 attempt=1/2 status=200 0.444s url=https://www.myfonts.com/collections/qelion-font-dareco-studio/
[2026-09-28T13:42:36Z] #212 attempt=1/2 status=200 0.385s url=https://www.myfonts.com/collections/qelion-font-dareco-studio/?tab=techSpecs
[2026-09-28T13:42:37Z] #213 attempt=1/2 status=200 0.371s url=https://www.myfonts.com/products/matcho-complete-family-package-1231471
[2026-09-28T13:42:38Z] #214 attempt=1/2 status=200 0.463s url=https://www.myfonts.com/collections/matcho-font-bondangail/
[2026-09-28T13:42:39Z] #215 attempt=1/2 status=200 0.444s url=https://www.myfonts.com/collections/matcho-font-bondangail/?tab=techSpecs
[2026-09-28T13:42:40Z] #216 attempt=1/2 status=200 0.385s url=https://www.myfonts.com/products/theravin-complete-family-package-1231455
[2026-09-28T13:42:41Z] #217 attempt=1/2 status=200 0.442s url=https://www.myfonts.com/collections/theravin-font-artisan-themes/
[2026-09-28T13:42:41Z] #218 attempt=1/2 status=200 0.341s url=https://www.myfonts.com/collections/theravin-font-artisan-themes/?tab=techSpecs
[2026-09-28T13:42:42Z] #219 attempt=1/2 status=200 0.396s url=https://www.myfonts.com/products/ardnaree-complete-family-package-1231710
[2026-09-28T13:42:43Z] #220 attempt=1/2 status=200 0.405s url=https://www.myfonts.com/collections/ardnaree-font-designomatt/
[2026-09-28T13:42:43Z] #221 attempt=1/2 status=200 0.357s url=https://www.myfonts.com/collections/ardnaree-font-designomatt/?tab=techSpecs
[2026-09-28T13:42:46Z] #222 attempt=1/2 status=200 1.288s url=https://www.myfonts.com/products/viscosity-complete-family-package-1231470
[2026-09-28T13:42:49Z] #223 attempt=1/2 status=200 3.572s url=https://www.myfonts.com/collections/viscosity-font-artisan-studio/
[2026-09-28T13:42:53Z] #224 attempt=1/2 status=200 2.321s url=https://www.myfonts.com/collections/viscosity-font-artisan-studio/?tab=techSpecs
[2026-09-28T13:42:54Z] #225 attempt=1/2 status=200 0.404s url=https://www.myfonts.com/products/rolotip-complete-family-package-1231459
[2026-09-28T13:42:55Z] #226 attempt=1/2 status=200 0.464s url=https://www.myfonts.com/collections/rolotip-font-benbenworld/
[2026-09-28T13:42:56Z] #227 attempt=1/2 status=200 0.360s url=https://www.myfonts.com/collections/rolotip-font-benbenworld/?tab=techSpecs
[2026-09-28T13:42:57Z] #228 attempt=1/2 status=200 0.362s url=https://www.myfonts.com/products/cs-celia-complete-family-package-1231696
[2026-09-28T13:42:58Z] #229 attempt=1/2 status=200 0.397s url=https://www.myfonts.com/collections/cs-celia-font-craft-supply-co/
[2026-09-28T13:42:58Z] #230 attempt=1/2 status=200 0.424s url=https://www.myfonts.com/collections/cs-celia-font-craft-supply-co/?tab=techSpecs
[2026-09-28T13:43:00Z] #231 attempt=1/6 status=200 0.977s url=https://www.myfonts.com/products.json?limit=100&page=12
[2026-09-28T13:43:02Z] #232 attempt=1/6 status=200 0.829s url=https://www.myfonts.com/products.json?limit=100&page=13
[2026-09-28T13:43:02Z] #233 attempt=1/2 status=200 0.359s url=https://www.myfonts.com/products/regular-supremus-1230998
[2026-09-28T13:43:03Z] #234 attempt=1/2 status=200 0.437s url=https://www.myfonts.com/collections/supremus-font-alit-design/
[2026-09-28T13:43:03Z] #235 attempt=1/2 status=200 0.367s url=https://www.myfonts.com/collections/supremus-font-alit-design/?tab=techSpecs
[2026-09-28T13:43:05Z] #236 attempt=1/6 status=200 0.803s url=https://www.myfonts.com/products.json?limit=100&page=14
[2026-09-28T13:43:06Z] #237 attempt=1/2 status=200 0.321s url=https://www.myfonts.com/products/light-zeakoh-1231717
[2026-09-28T13:43:06Z] #238 attempt=1/2 status=200 0.338s url=https://www.myfonts.com/collections/zeakoh-font-dgsa-type-foundry/
[2026-09-28T13:43:07Z] #239 attempt=1/2 status=200 0.331s url=https://www.myfonts.com/collections/zeakoh-font-dgsa-type-foundry/?tab=techSpecs
[2026-09-28T13:43:08Z] #240 attempt=1/2 status=200 0.324s url=https://www.myfonts.com/products/regular-bhezikr-1231458
[2026-09-28T13:43:08Z] #241 attempt=1/2 status=200 0.396s url=https://www.myfonts.com/collections/bhezikr-font-artoni/
[2026-09-28T13:43:09Z] #242 attempt=1/2 status=200 0.324s url=https://www.myfonts.com/collections/bhezikr-font-artoni/?tab=techSpecs
[2026-09-28T13:43:10Z] #243 attempt=1/6 status=200 0.887s url=https://www.myfonts.com/products.json?limit=100&page=15
[2026-09-28T13:43:12Z] #244 attempt=1/6 status=200 1.028s url=https://www.myfonts.com/products.json?limit=100&page=16
[2026-09-28T13:43:13Z] #245 attempt=1/2 status=200 0.356s url=https://www.myfonts.com/products/roge-regular-roge-brush-1231724
[2026-09-28T13:43:13Z] #246 attempt=1/2 status=200 0.362s url=https://www.myfonts.com/collections/roge-brush-font-ferry-ardana-putra/
[2026-09-28T13:43:14Z] #247 attempt=1/2 status=200 0.298s url=https://www.myfonts.com/collections/roge-brush-font-ferry-ardana-putra/?tab=techSpecs
[2026-09-28T13:43:16Z] #248 attempt=1/6 status=200 1.001s url=https://www.myfonts.com/products.json?limit=100&page=17
[2026-09-28T13:43:16Z] #249 attempt=1/2 status=200 0.367s url=https://www.myfonts.com/products/regular-bramble-bold-1231694
[2026-09-28T13:43:17Z] #250 attempt=1/2 status=200 0.320s url=https://www.myfonts.com/collections/bramble-bold-font-claymoon-lab-studio/
[2026-09-28T13:43:17Z] #251 attempt=1/2 status=200 0.375s url=https://www.myfonts.com/collections/bramble-bold-font-claymoon-lab-studio/?tab=techSpecs
[2026-09-28T13:43:18Z] #252 attempt=1/2 status=200 0.328s url=https://www.myfonts.com/products/regular-varo-1231709
[2026-09-28T13:43:19Z] #253 attempt=1/2 status=200 0.363s url=https://www.myfonts.com/collections/varo-font-dareco-studio/
[2026-09-28T13:43:19Z] #254 attempt=1/2 status=200 0.313s url=https://www.myfonts.com/collections/varo-font-dareco-studio/?tab=techSpecs
[2026-09-28T13:43:20Z] #255 attempt=1/2 status=200 0.385s url=https://www.myfonts.com/products/ghostly-drips-complete-family-package-1230792
[2026-09-28T13:43:21Z] #256 attempt=1/2 status=200 0.384s url=https://www.myfonts.com/collections/ghostly-drips-font-aen-creative-studio/
[2026-09-28T13:43:22Z] #257 attempt=1/2 status=200 0.464s url=https://www.myfonts.com/collections/ghostly-drips-font-aen-creative-studio/?tab=techSpecs
[2026-09-28T13:43:23Z] #258 attempt=1/2 status=200 0.362s url=https://www.myfonts.com/products/renly-complete-family-package-1230014
[2026-09-28T13:43:23Z] #259 attempt=1/2 status=200 0.435s url=https://www.myfonts.com/collections/renly-font-craft-supply-co/
[2026-09-28T13:43:24Z] #260 attempt=1/2 status=200 0.416s url=https://www.myfonts.com/collections/renly-font-craft-supply-co/?tab=techSpecs
[2026-09-28T13:43:25Z] #261 attempt=1/2 status=200 0.399s url=https://www.myfonts.com/products/butterlike-complete-family-package-1229885
[2026-09-28T13:43:26Z] #262 attempt=1/2 status=200 0.465s url=https://www.myfonts.com/collections/butterlike-font-the-native-saint-club/
[2026-09-28T13:43:27Z] #263 attempt=1/2 status=200 0.525s url=https://www.myfonts.com/collections/butterlike-font-the-native-saint-club/?tab=techSpecs
[2026-09-28T13:43:28Z] #264 attempt=1/2 status=200 0.384s url=https://www.myfonts.com/products/mercer-complete-family-package-1230025
[2026-09-28T13:43:29Z] #265 attempt=1/2 status=200 0.423s url=https://www.myfonts.com/collections/mercer-font-mei-suseno/
[2026-09-28T13:43:29Z] #266 attempt=1/2 status=200 0.379s url=https://www.myfonts.com/collections/mercer-font-mei-suseno/?tab=techSpecs
[2026-09-28T13:43:30Z] #267 attempt=1/2 status=200 0.611s url=https://www.myfonts.com/products/mirano-variable-type-system-complete-family-package-1230661
[2026-09-28T13:43:32Z] #268 attempt=1/2 status=200 0.861s url=https://www.myfonts.com/collections/mirano-extended-font-unio-creative-solutions/
[2026-09-28T13:43:33Z] #269 attempt=1/2 status=200 0.937s url=https://www.myfonts.com/collections/mirano-extended-font-unio-creative-solutions/?tab=techSpecs
[2026-09-28T13:43:34Z] #270 attempt=1/2 status=200 0.376s url=https://www.myfonts.com/products/redika-complete-family-package-1230006
[2026-09-28T13:43:35Z] #271 attempt=1/2 status=200 0.404s url=https://www.myfonts.com/collections/redika-font-craft-supply-co/
[2026-09-28T13:43:36Z] #272 attempt=1/2 status=200 0.401s url=https://www.myfonts.com/collections/redika-font-craft-supply-co/?tab=techSpecs
[2026-09-28T13:43:38Z] #273 attempt=1/2 status=200 1.377s url=https://www.myfonts.com/products/butamah-complete-family-package-1230795
[2026-09-28T13:43:39Z] #274 attempt=1/2 status=200 1.364s url=https://www.myfonts.com/collections/butamah-font-abbastype/
[2026-09-28T13:43:41Z] #275 attempt=1/2 status=200 1.645s url=https://www.myfonts.com/collections/butamah-font-abbastype/?tab=techSpecs
[2026-09-28T13:43:44Z] #276 attempt=1/2 status=200 1.309s url=https://www.myfonts.com/products/heghan-complete-family-package-1229895
[2026-09-28T13:43:45Z] #277 attempt=1/2 status=200 1.496s url=https://www.myfonts.com/collections/heghan-font-abbastype/
[2026-09-28T13:43:47Z] #278 attempt=1/2 status=200 1.251s url=https://www.myfonts.com/collections/heghan-font-abbastype/?tab=techSpecs
[2026-09-28T13:43:49Z] #279 attempt=1/2 status=200 0.533s url=https://www.myfonts.com/products/guinsa-complete-family-package-1229892
[2026-09-28T13:43:49Z] #280 attempt=1/2 status=200 0.472s url=https://www.myfonts.com/collections/guinsa-font-craft-supply-co/
[2026-09-28T13:43:50Z] #281 attempt=1/2 status=200 0.395s url=https://www.myfonts.com/collections/guinsa-font-craft-supply-co/?tab=techSpecs
[2026-09-28T13:43:51Z] #282 attempt=1/2 status=200 0.404s url=https://www.myfonts.com/products/machou-display-complete-family-package-1229881
[2026-09-28T13:43:52Z] #283 attempt=1/2 status=200 0.523s url=https://www.myfonts.com/collections/machou-display-font-youandigraphics/
[2026-09-28T13:43:53Z] #284 attempt=1/2 status=200 0.397s url=https://www.myfonts.com/collections/machou-display-font-youandigraphics/?tab=techSpecs
[2026-09-28T13:43:54Z] #285 attempt=1/2 status=200 0.466s url=https://www.myfonts.com/products/paperclip-basic-family-package-798305
[2026-09-28T13:43:55Z] #286 attempt=1/2 status=200 0.448s url=https://www.myfonts.com/collections/paperclip-font-paragraph/
[2026-09-28T13:43:55Z] #287 attempt=1/2 status=200 0.407s url=https://www.myfonts.com/collections/paperclip-font-paragraph/?tab=techSpecs
[2026-09-28T13:43:58Z] #288 attempt=1/2 status=200 1.536s url=https://www.myfonts.com/products/avilona-complete-family-package-1230042
[2026-09-28T13:44:01Z] #289 attempt=1/2 status=200 2.835s url=https://www.myfonts.com/collections/avilona-font-logic-type/
[2026-09-28T13:44:04Z] #290 attempt=1/2 status=200 2.101s url=https://www.myfonts.com/collections/avilona-font-logic-type/?tab=techSpecs
[2026-09-28T13:44:05Z] #291 attempt=1/2 status=200 0.441s url=https://www.myfonts.com/products/hecolle-complete-family-package-1229997
[2026-09-28T13:44:06Z] #292 attempt=1/2 status=200 0.373s url=https://www.myfonts.com/collections/hecolle-font-craft-supply-co/
[2026-09-28T13:44:06Z] #293 attempt=1/2 status=200 0.407s url=https://www.myfonts.com/collections/hecolle-font-craft-supply-co/?tab=techSpecs
[2026-09-28T13:44:08Z] #294 attempt=1/2 status=200 0.412s url=https://www.myfonts.com/products/sfc-west-paras-complete-family-package-1230035
[2026-09-28T13:44:08Z] #295 attempt=1/2 status=200 0.388s url=https://www.myfonts.com/collections/sfc-west-paras-font-skilline-fonts-co/
[2026-09-28T13:44:09Z] #296 attempt=1/2 status=200 0.374s url=https://www.myfonts.com/collections/sfc-west-paras-font-skilline-fonts-co/?tab=techSpecs
[2026-09-28T13:44:11Z] #297 attempt=1/2 status=200 0.349s url=https://www.myfonts.com/products/tartaglia-complete-family-package-1230011
[2026-09-28T13:44:11Z] #298 attempt=1/2 status=200 0.427s url=https://www.myfonts.com/collections/tartaglia-font-tini-fitriani/
[2026-09-28T13:44:12Z] #299 attempt=1/2 status=200 0.379s url=https://www.myfonts.com/collections/tartaglia-font-tini-fitriani/?tab=techSpecs
[2026-09-28T13:44:13Z] #300 attempt=1/2 status=200 0.370s url=https://www.myfonts.com/products/sfc-sortvane-complete-family-package-1230038
[2026-09-28T13:44:14Z] #301 attempt=1/2 status=200 0.436s url=https://www.myfonts.com/collections/sfc-sortvane-font-skilline-fonts-co/
[2026-09-28T13:44:15Z] #302 attempt=1/2 status=200 0.332s url=https://www.myfonts.com/collections/sfc-sortvane-font-skilline-fonts-co/?tab=techSpecs
[2026-09-28T13:44:16Z] #303 attempt=1/2 status=200 0.990s url=https://www.myfonts.com/products/sallshabilla-complete-family-package-1230696
[2026-09-28T13:44:18Z] #304 attempt=1/2 status=200 1.657s url=https://www.myfonts.com/collections/sallshabilla-font-abbastype/
[2026-09-28T13:44:20Z] #305 attempt=1/2 status=200 1.423s url=https://www.myfonts.com/collections/sallshabilla-font-abbastype/?tab=techSpecs
[2026-09-28T13:44:22Z] #306 attempt=1/2 status=200 0.377s url=https://www.myfonts.com/products/heily-complete-family-package-1230001
[2026-09-28T13:44:22Z] #307 attempt=1/2 status=200 0.394s url=https://www.myfonts.com/collections/heily-font-craft-supply-co/
[2026-09-28T13:44:23Z] #308 attempt=1/2 status=200 0.372s url=https://www.myfonts.com/collections/heily-font-craft-supply-co/?tab=techSpecs
[2026-09-28T13:44:24Z] #309 attempt=1/2 status=200 0.470s url=https://www.myfonts.com/products/revalyn-complete-family-package-1230018
[2026-09-28T13:44:25Z] #310 attempt=1/2 status=200 0.385s url=https://www.myfonts.com/collections/revalyn-font-craft-supply-co/
[2026-09-28T13:44:26Z] #311 attempt=1/2 status=200 0.428s url=https://www.myfonts.com/collections/revalyn-font-craft-supply-co/?tab=techSpecs
[2026-09-28T13:44:27Z] #312 attempt=1/2 status=200 0.664s url=https://www.myfonts.com/products/king-of-love-complete-family-package-1230614
[2026-09-28T13:44:29Z] #313 attempt=1/2 status=200 1.174s url=https://www.myfonts.com/collections/king-of-love-font-abbastype/
[2026-09-28T13:44:30Z] #314 attempt=1/2 status=200 0.887s url=https://www.myfonts.com/collections/king-of-love-font-abbastype/?tab=techSpecs
[2026-09-28T13:44:31Z] #315 attempt=1/2 status=200 0.355s url=https://www.myfonts.com/products/sfc-powen-complete-family-package-1230032
[2026-09-28T13:44:32Z] #316 attempt=1/2 status=200 0.423s url=https://www.myfonts.com/collections/sfc-powen-font-skilline-fonts-co/
[2026-09-28T13:44:32Z] #317 attempt=1/2 status=200 0.449s url=https://www.myfonts.com/collections/sfc-powen-font-skilline-fonts-co/?tab=techSpecs
[2026-09-28T13:44:34Z] #318 attempt=1/2 status=200 0.418s url=https://www.myfonts.com/products/hallory-complete-family-package-1229994
[2026-09-28T13:44:34Z] #319 attempt=1/2 status=200 0.411s url=https://www.myfonts.com/collections/hallory-font-craft-supply-co/
[2026-09-28T13:44:35Z] #320 attempt=1/2 status=200 0.377s url=https://www.myfonts.com/collections/hallory-font-craft-supply-co/?tab=techSpecs
[2026-09-28T13:44:36Z] #321 attempt=1/2 status=200 0.521s url=https://www.myfonts.com/products/krivze-hors-3202
[2026-09-28T13:44:37Z] #322 attempt=1/2 status=200 0.614s url=https://www.myfonts.com/collections/hors-font-dima-pole/
[2026-09-28T13:44:38Z] #323 attempt=1/2 status=200 0.506s url=https://www.myfonts.com/collections/hors-font-dima-pole/?tab=techSpecs
[2026-09-28T13:44:39Z] #324 attempt=1/2 status=200 0.400s url=https://www.myfonts.com/products/bold-diagond-386576
[2026-09-28T13:44:40Z] #325 attempt=1/2 status=200 0.360s url=https://www.myfonts.com/collections/diagond-font-paragraph/
[2026-09-28T13:44:40Z] #326 attempt=1/2 status=200 0.440s url=https://www.myfonts.com/collections/diagond-font-paragraph/?tab=techSpecs
[2026-09-28T13:44:41Z] #327 attempt=1/2 status=200 0.321s url=https://www.myfonts.com/products/light-diagond-386790
[2026-09-28T13:44:42Z] #328 attempt=1/2 status=200 0.421s url=https://www.myfonts.com/collections/diagond-font-paragraph/
[2026-09-28T13:44:43Z] #329 attempt=1/2 status=200 0.341s url=https://www.myfonts.com/collections/diagond-font-paragraph/?tab=techSpecs
[2026-09-28T13:44:44Z] #330 attempt=1/2 status=200 0.321s url=https://www.myfonts.com/products/regular-kuigaf-1230030
[2026-09-28T13:44:44Z] #331 attempt=1/2 status=200 0.412s url=https://www.myfonts.com/collections/kuigaf-font-yumnacreative/
[2026-09-28T13:44:45Z] #332 attempt=1/2 status=200 0.298s url=https://www.myfonts.com/collections/kuigaf-font-yumnacreative/?tab=techSpecs
[2026-09-28T13:44:47Z] #333 attempt=1/6 status=200 1.043s url=https://www.myfonts.com/products.json?limit=100&page=18
[2026-09-28T13:44:48Z] #334 attempt=1/6 status=200 0.967s url=https://www.myfonts.com/products.json?limit=100&page=19
[2026-09-28T13:44:50Z] #335 attempt=1/6 status=200 1.027s url=https://www.myfonts.com/products.json?limit=100&page=20
[2026-09-28T13:44:50Z] #336 attempt=1/2 status=200 0.362s url=https://www.myfonts.com/products/regular-blug-1229891
[2026-09-28T13:44:51Z] #337 attempt=1/2 status=200 0.306s url=https://www.myfonts.com/collections/blug-font-sundaylab/
[2026-09-28T13:44:52Z] #338 attempt=1/2 status=200 0.393s url=https://www.myfonts.com/collections/blug-font-sundaylab/?tab=techSpecs
[2026-09-28T13:44:52Z] #339 attempt=1/2 status=200 0.341s url=https://www.myfonts.com/products/regular-waldien-1230031
[2026-09-28T13:44:53Z] #340 attempt=1/2 status=200 0.381s url=https://www.myfonts.com/collections/waldien-font-rasio-studio/
[2026-09-28T13:44:54Z] #341 attempt=1/2 status=200 0.314s url=https://www.myfonts.com/collections/waldien-font-rasio-studio/?tab=techSpecs
[2026-09-28T13:44:55Z] #342 attempt=1/2 status=200 0.350s url=https://www.myfonts.com/products/regular-kimpul-enak-1230004
[2026-09-28T13:44:55Z] #343 attempt=1/2 status=200 0.318s url=https://www.myfonts.com/collections/kimpul-enak-font-twinletter/
[2026-09-28T13:44:56Z] #344 attempt=1/2 status=200 0.368s url=https://www.myfonts.com/collections/kimpul-enak-font-twinletter/?tab=techSpecs
[2026-09-28T13:44:56Z] #345 attempt=1/2 status=200 0.319s url=https://www.myfonts.com/products/regular-drome-1230022
[2026-09-28T13:44:57Z] #346 attempt=1/2 status=200 0.366s url=https://www.myfonts.com/collections/drome-font-typerasa/
[2026-09-28T13:44:58Z] #347 attempt=1/2 status=200 0.335s url=https://www.myfonts.com/collections/drome-font-typerasa/?tab=techSpecs
[2026-09-28T13:44:59Z] #348 attempt=1/6 status=200 0.790s url=https://www.myfonts.com/products.json?limit=100&page=21
[2026-09-28T13:45:00Z] #349 attempt=1/2 status=200 0.370s url=https://www.myfonts.com/products/regular-mau-kopiga-1230009
[2026-09-28T13:45:01Z] #350 attempt=1/2 status=200 0.463s url=https://www.myfonts.com/collections/mau-kopiga-font-trabas-kriya/
[2026-09-28T13:45:01Z] #351 attempt=1/2 status=200 0.331s url=https://www.myfonts.com/collections/mau-kopiga-font-trabas-kriya/?tab=techSpecs
[2026-09-28T13:45:02Z] #352 attempt=1/2 status=200 0.633s url=https://www.myfonts.com/products/regular-guttor-1229966
[2026-09-28T13:45:03Z] #353 attempt=1/2 status=200 0.379s url=https://www.myfonts.com/collections/guttor-font-dareco-studio/
[2026-09-28T13:45:04Z] #354 attempt=1/2 status=200 0.357s url=https://www.myfonts.com/collections/guttor-font-dareco-studio/?tab=techSpecs
[2026-09-28T13:45:04Z] #355 attempt=1/2 status=200 0.341s url=https://www.myfonts.com/products/regular-angela-queensha-1230041
[2026-09-28T13:45:05Z] #356 attempt=1/2 status=200 0.382s url=https://www.myfonts.com/collections/angela-queensha-font-unitype-studio/
[2026-09-28T13:45:06Z] #357 attempt=1/2 status=200 0.373s url=https://www.myfonts.com/collections/angela-queensha-font-unitype-studio/?tab=techSpecs
[2026-09-28T13:45:06Z] #358 attempt=1/2 status=200 0.325s url=https://www.myfonts.com/products/regular-naugh-1229907
[2026-09-28T13:45:07Z] #359 attempt=1/2 status=200 0.429s url=https://www.myfonts.com/collections/naugh-font-dareco-studio/
[2026-09-28T13:45:08Z] #360 attempt=1/2 status=200 0.350s url=https://www.myfonts.com/collections/naugh-font-dareco-studio/?tab=techSpecs
[2026-09-28T13:45:10Z] #361 attempt=1/6 status=200 0.987s url=https://www.myfonts.com/products.json?limit=100&page=22
[2026-09-28T13:45:11Z] #362 attempt=1/6 status=200 0.845s url=https://www.myfonts.com/products.json?limit=100&page=23
[2026-09-28T13:45:11Z] #363 attempt=1/2 status=200 0.326s url=https://www.myfonts.com/products/regular-mltp-celestial-harmony-1230028
[2026-09-28T13:45:12Z] #364 attempt=1/2 status=200 0.387s url=https://www.myfonts.com/collections/mltp-celestial-harmony-font-multype-studio/
[2026-09-28T13:45:13Z] #365 attempt=1/2 status=200 0.505s url=https://www.myfonts.com/collections/mltp-celestial-harmony-font-multype-studio/?tab=techSpecs
[2026-09-28T13:45:14Z] #366 attempt=1/2 status=200 0.331s url=https://www.myfonts.com/products/regular-regula-siruawn-1230021
[2026-09-28T13:45:14Z] #367 attempt=1/2 status=200 0.367s url=https://www.myfonts.com/collections/siruawn-font-dgsa-type-foundry/
[2026-09-28T13:45:15Z] #368 attempt=1/2 status=200 0.345s url=https://www.myfonts.com/collections/siruawn-font-dgsa-type-foundry/?tab=techSpecs
[2026-09-28T13:45:17Z] #369 attempt=1/6 status=200 0.910s url=https://www.myfonts.com/products.json?limit=100&page=24
[2026-09-28T13:45:18Z] #370 attempt=1/6 status=200 0.776s url=https://www.myfonts.com/products.json?limit=100&page=25
[2026-09-28T13:45:18Z] summary releases=3 first_429=None log_file=state/myfonts_run_20260928_133845.log
[2026-09-28T13:45:18Z] saved_success_profile path=state/myfonts_success_profile.json
[2026-09-28T13:45:18Z] === MyFonts crawl end ===
