[2026-08-27T17:36:39Z] checkpoint fresh next_page=1 path=state/myfonts_crawl_checkpoint.json
[2026-08-27T17:36:39Z] === MyFonts crawl start source=myfonts ===
[2026-08-27T17:36:39Z] config max_pages=25 page_size=100 start_date=2026-08-26 end_date=2026-08-27 api_delay=0.5s detail_delay=0.2s max_debut_checks=400 max_tech_specs_checks=200 reuse_success_profile=False always_enrich_packages=True language_script_signal_mode=strong force_fresh_run=False start_page=1 browser_mode=False browser_headless=True browser_storage_state_path=state/myfonts_storage_state.json
[2026-08-27T17:36:41Z] #1 attempt=1/6 status=200 1.050s url=https://www.myfonts.com/products.json?limit=100&page=1
[2026-08-27T17:36:42Z] #2 attempt=1/2 status=200 0.579s url=https://www.myfonts.com/products/crumbly-combo-package-1211205
[2026-08-27T17:36:43Z] #3 attempt=1/2 status=200 0.894s url=https://www.myfonts.com/collections/crumbly-twinkles-font-black-junst/
[2026-08-27T17:36:45Z] #4 attempt=1/2 status=200 2.096s url=https://www.myfonts.com/collections/crumbly-twinkles-font-black-junst/?tab=techSpecs
[2026-08-27T17:36:47Z] #5 attempt=1/2 status=200 0.665s url=https://www.myfonts.com/products/chesna-standard-vf-package-1211190
[2026-08-27T17:36:48Z] #6 attempt=1/2 status=200 0.849s url=https://www.myfonts.com/collections/chesna-grotesk-font-horizon-type/
[2026-08-27T17:36:49Z] #7 attempt=1/2 status=200 0.951s url=https://www.myfonts.com/collections/chesna-grotesk-font-horizon-type/?tab=techSpecs
[2026-08-27T17:36:52Z] #8 attempt=1/2 status=200 1.622s url=https://www.myfonts.com/products/novestia-complete-family-package-1211092
[2026-08-27T17:36:55Z] #9 attempt=1/2 status=200 2.835s url=https://www.myfonts.com/collections/novestia-font-nia-typework/
[2026-08-27T17:36:56Z] #10 attempt=1/2 status=200 0.457s url=https://www.myfonts.com/collections/novestia-font-nia-typework/?tab=techSpecs
[2026-08-27T17:36:58Z] #11 attempt=1/2 status=200 0.465s url=https://www.myfonts.com/products/heilo-complete-family-package-1187847
[2026-08-27T17:36:58Z] #12 attempt=1/2 status=200 0.633s url=https://www.myfonts.com/collections/heilo-font-fateh-lab/
[2026-08-27T17:36:59Z] #13 attempt=1/2 status=200 0.533s url=https://www.myfonts.com/collections/heilo-font-fateh-lab/?tab=techSpecs
[2026-08-27T17:37:00Z] #14 attempt=1/6 status=503 0.066s url=https://www.myfonts.com/products.json?limit=100&page=2
[2026-08-27T17:37:00Z] retryable_503 attempt=1/6 waiting=5s
[2026-08-27T17:37:07Z] #15 attempt=2/6 status=200 0.993s url=https://www.myfonts.com/products.json?limit=100&page=2
[2026-08-27T17:37:08Z] #16 attempt=1/2 status=200 0.363s url=https://www.myfonts.com/products/katsuno-japan-italic-complete-family-package-1210998
[2026-08-27T17:37:08Z] #17 attempt=1/2 status=200 0.415s url=https://www.myfonts.com/collections/katsuno-japan-italic-font-yoga-letter/
[2026-08-27T17:37:09Z] #18 attempt=1/2 status=200 0.408s url=https://www.myfonts.com/collections/katsuno-japan-italic-font-yoga-letter/?tab=techSpecs
[2026-08-27T17:37:11Z] #19 attempt=1/2 status=200 0.992s url=https://www.myfonts.com/products/grento-complete-family-package-1209492
[2026-08-27T17:37:13Z] #20 attempt=1/2 status=200 1.755s url=https://www.myfonts.com/collections/grento-font-aqeela-studio/
[2026-08-27T17:37:14Z] #21 attempt=1/2 status=200 0.458s url=https://www.myfonts.com/collections/grento-font-aqeela-studio/?tab=techSpecs
[2026-08-27T17:37:16Z] #22 attempt=1/2 status=200 1.627s url=https://www.myfonts.com/products/expanded-package-1210791
[2026-08-27T17:37:18Z] #23 attempt=1/2 status=200 1.646s url=https://www.myfonts.com/collections/sonne-font-skinny-type/
[2026-08-27T17:37:20Z] #24 attempt=1/2 status=200 1.592s url=https://www.myfonts.com/collections/sonne-font-skinny-type/?tab=techSpecs
[2026-08-27T17:37:21Z] #25 attempt=1/2 status=200 0.452s url=https://www.myfonts.com/products/wispedoodle-complete-family-package-1210690
[2026-08-27T17:37:22Z] #26 attempt=1/2 status=200 0.415s url=https://www.myfonts.com/collections/wispedoodle-font-zorkslide/
[2026-08-27T17:37:22Z] #27 attempt=1/2 status=200 0.228s url=https://www.myfonts.com/collections/wispedoodle-font-zorkslide/?tab=techSpecs
[2026-08-27T17:37:24Z] #28 attempt=1/2 status=200 0.583s url=https://www.myfonts.com/products/sub-package-3-package-1209664
[2026-08-27T17:37:25Z] #29 attempt=1/2 status=200 0.940s url=https://www.myfonts.com/collections/editorial-revival-font-maxart/
[2026-08-27T17:37:26Z] #30 attempt=1/2 status=200 0.730s url=https://www.myfonts.com/collections/editorial-revival-font-maxart/?tab=techSpecs
[2026-08-27T17:37:27Z] #31 attempt=1/2 status=200 0.409s url=https://www.myfonts.com/products/ccs-neue-serave-complete-family-package-1209606
[2026-08-27T17:37:28Z] #32 attempt=1/2 status=200 0.779s url=https://www.myfonts.com/collections/ccs-neue-serave-font-creative-corner-studio/
[2026-08-27T17:37:29Z] #33 attempt=1/2 status=200 0.494s url=https://www.myfonts.com/collections/ccs-neue-serave-font-creative-corner-studio/?tab=techSpecs
[2026-08-27T17:37:30Z] #34 attempt=1/2 status=200 0.405s url=https://www.myfonts.com/products/blubero-complete-family-package-1210693
[2026-08-27T17:37:31Z] #35 attempt=1/2 status=200 0.562s url=https://www.myfonts.com/collections/blubero-font-sipanji21/
[2026-08-27T17:37:32Z] #36 attempt=1/2 status=200 0.598s url=https://www.myfonts.com/collections/blubero-font-sipanji21/?tab=techSpecs
[2026-08-27T17:37:33Z] #37 attempt=1/2 status=200 0.451s url=https://www.myfonts.com/products/reygrown-complete-family-package-1211001
[2026-08-27T17:37:34Z] #38 attempt=1/2 status=200 0.466s url=https://www.myfonts.com/collections/reygrown-font-tegaki/
[2026-08-27T17:37:34Z] #39 attempt=1/2 status=200 0.232s url=https://www.myfonts.com/collections/reygrown-font-tegaki/?tab=techSpecs
[2026-08-27T17:37:35Z] #40 attempt=1/2 status=200 0.576s url=https://www.myfonts.com/products/chesham-sans-roman-family-package-1209645
[2026-08-27T17:37:36Z] #41 attempt=1/2 status=200 0.923s url=https://www.myfonts.com/collections/chesham-sans-font-quainton-type/
[2026-08-27T17:37:37Z] #42 attempt=1/2 status=200 0.693s url=https://www.myfonts.com/collections/chesham-sans-font-quainton-type/?tab=techSpecs
[2026-08-27T17:37:40Z] #43 attempt=1/2 status=200 2.060s url=https://www.myfonts.com/products/aplenty-complete-family-package-1210802
[2026-08-27T17:37:43Z] #44 attempt=1/2 status=200 2.971s url=https://www.myfonts.com/collections/aplenty-font-artisan-studio/
[2026-08-27T17:37:47Z] #45 attempt=1/2 status=200 2.693s url=https://www.myfonts.com/collections/aplenty-font-artisan-studio/?tab=techSpecs
[2026-08-27T17:37:51Z] #46 attempt=1/2 status=200 2.656s url=https://www.myfonts.com/products/goldtyne-complete-family-package-1209666
[2026-08-27T17:37:55Z] #47 attempt=1/2 status=500 3.684s url=https://www.myfonts.com/collections/goldtyne-font-bosstypestudio/
[2026-08-27T17:37:55Z] #48 attempt=1/2 status=200 0.531s url=https://www.myfonts.com/products/rounvia-contrast-complete-family-package-1209491
[2026-08-27T17:37:56Z] #49 attempt=1/2 status=200 0.836s url=https://www.myfonts.com/collections/rounvia-contrast-font-kaidosan/
[2026-08-27T17:37:58Z] #50 attempt=1/2 status=200 0.846s url=https://www.myfonts.com/collections/rounvia-contrast-font-kaidosan/?tab=techSpecs
[2026-08-27T17:37:59Z] #51 attempt=1/2 status=200 0.351s url=https://www.myfonts.com/products/unityped-pro-complete-family-package-1209625
[2026-08-27T17:37:59Z] #52 attempt=1/2 status=200 0.389s url=https://www.myfonts.com/collections/unityped-pro-font-tension-type/
[2026-08-27T17:38:00Z] #53 attempt=1/2 status=200 0.393s url=https://www.myfonts.com/collections/unityped-pro-font-tension-type/?tab=techSpecs
[2026-08-27T17:38:01Z] #54 attempt=1/2 status=200 0.373s url=https://www.myfonts.com/products/deltha-complete-family-package-1210803
[2026-08-27T17:38:02Z] #55 attempt=1/2 status=200 0.448s url=https://www.myfonts.com/collections/deltha-font-vultype-co/
[2026-08-27T17:38:02Z] #56 attempt=1/2 status=200 0.248s url=https://www.myfonts.com/collections/deltha-font-vultype-co/?tab=techSpecs
[2026-08-27T17:38:04Z] #57 attempt=1/2 status=200 0.454s url=https://www.myfonts.com/products/nora-brindle-complete-family-package-1210687
[2026-08-27T17:38:04Z] #58 attempt=1/2 status=200 0.425s url=https://www.myfonts.com/collections/nora-brindle-font-mei-suseno/
[2026-08-27T17:38:05Z] #59 attempt=1/2 status=200 0.231s url=https://www.myfonts.com/collections/nora-brindle-font-mei-suseno/?tab=techSpecs
[2026-08-27T17:38:07Z] #60 attempt=1/2 status=200 1.180s url=https://www.myfonts.com/products/dietary-complete-family-package-1210319
[2026-08-27T17:38:08Z] #61 attempt=1/2 status=200 1.508s url=https://www.myfonts.com/collections/dietary-font-groenstudio/
[2026-08-27T17:38:11Z] #62 attempt=1/2 status=200 1.594s url=https://www.myfonts.com/collections/dietary-font-groenstudio/?tab=techSpecs
[2026-08-27T17:38:12Z] #63 attempt=1/2 status=200 0.403s url=https://www.myfonts.com/products/gravis-text-complete-family-package-1210420
[2026-08-27T17:38:13Z] #64 attempt=1/2 status=200 0.649s url=https://www.myfonts.com/collections/gravis-text-font-webhance/
[2026-08-27T17:38:14Z] #65 attempt=1/2 status=200 0.568s url=https://www.myfonts.com/collections/gravis-text-font-webhance/?tab=techSpecs
[2026-08-27T17:38:15Z] #66 attempt=1/2 status=200 0.500s url=https://www.myfonts.com/products/ot-orthant-complete-family-package-1210661
[2026-08-27T17:38:16Z] #67 attempt=1/2 status=200 0.728s url=https://www.myfonts.com/collections/ot-orthant-font-oz-design/
[2026-08-27T17:38:16Z] #68 attempt=1/2 status=200 0.396s url=https://www.myfonts.com/collections/ot-orthant-font-oz-design/?tab=techSpecs
[2026-08-27T17:38:18Z] #69 attempt=1/2 status=200 1.387s url=https://www.myfonts.com/products/fullgraf-complete-family-package-1211010
[2026-08-27T17:38:22Z] #70 attempt=1/2 status=500 3.277s url=https://www.myfonts.com/collections/fullgraf-font-akbartype/
[2026-08-27T17:38:23Z] #71 attempt=1/2 status=200 0.408s url=https://www.myfonts.com/products/perfect-union-script-complete-family-package-1210438
[2026-08-27T17:38:24Z] #72 attempt=1/2 status=200 0.434s url=https://www.myfonts.com/collections/perfect-union-script-font-ibar-fonts/
[2026-08-27T17:38:24Z] #73 attempt=1/2 status=200 0.525s url=https://www.myfonts.com/collections/perfect-union-script-font-ibar-fonts/?tab=techSpecs
[2026-08-27T17:38:25Z] #74 attempt=1/2 status=200 0.377s url=https://www.myfonts.com/products/vyriy-complete-family-package-1209487
[2026-08-27T17:38:26Z] #75 attempt=1/2 status=200 0.402s url=https://www.myfonts.com/collections/vyriy-font-vlad-b/
[2026-08-27T17:38:27Z] #76 attempt=1/2 status=200 0.227s url=https://www.myfonts.com/collections/vyriy-font-vlad-b/?tab=techSpecs
[2026-08-27T17:38:28Z] #77 attempt=1/2 status=200 0.492s url=https://www.myfonts.com/products/godskin-grotesk-complete-family-package-1209386
[2026-08-27T17:38:28Z] #78 attempt=1/2 status=200 0.577s url=https://www.myfonts.com/collections/godskin-grotesk-font-horizon-type/
[2026-08-27T17:38:30Z] #79 attempt=1/2 status=200 0.738s url=https://www.myfonts.com/collections/godskin-grotesk-font-horizon-type/?tab=techSpecs
[2026-08-27T17:38:31Z] #80 attempt=1/2 status=200 0.463s url=https://www.myfonts.com/products/curve-logic-complete-family-package-1209373
[2026-08-27T17:38:31Z] #81 attempt=1/2 status=200 0.490s url=https://www.myfonts.com/collections/curve-logic-font-isolatype/
[2026-08-27T17:38:32Z] #82 attempt=1/2 status=200 0.251s url=https://www.myfonts.com/collections/curve-logic-font-isolatype/?tab=techSpecs
[2026-08-27T17:38:33Z] #83 attempt=1/2 status=200 0.366s url=https://www.myfonts.com/products/lunetia-signature-complete-family-package-1211004
[2026-08-27T17:38:34Z] #84 attempt=1/2 status=200 0.462s url=https://www.myfonts.com/collections/lunetia-signature-font-maulana-creative/
[2026-08-27T17:38:35Z] #85 attempt=1/2 status=200 0.513s url=https://www.myfonts.com/collections/lunetia-signature-font-maulana-creative/?tab=techSpecs
[2026-08-27T17:38:36Z] #86 attempt=1/2 status=200 0.363s url=https://www.myfonts.com/products/bouncy-petal-complete-family-package-1210832
[2026-08-27T17:38:36Z] #87 attempt=1/2 status=200 0.457s url=https://www.myfonts.com/collections/bouncy-petal-font-cocodesign/
[2026-08-27T17:38:37Z] #88 attempt=1/2 status=200 0.421s url=https://www.myfonts.com/collections/bouncy-petal-font-cocodesign/?tab=techSpecs
[2026-08-27T17:38:39Z] #89 attempt=1/2 status=200 1.185s url=https://www.myfonts.com/products/braskion-complete-family-package-1210431
[2026-08-27T17:38:42Z] #90 attempt=1/2 status=200 2.491s url=https://www.myfonts.com/collections/braskion-font-propertype/
[2026-08-27T17:38:45Z] #91 attempt=1/2 status=200 2.265s url=https://www.myfonts.com/collections/braskion-font-propertype/?tab=techSpecs
[2026-08-27T17:38:46Z] #92 attempt=1/2 status=200 0.357s url=https://www.myfonts.com/products/jingle-wish-complete-family-package-1210658
[2026-08-27T17:38:47Z] #93 attempt=1/2 status=200 0.479s url=https://www.myfonts.com/collections/jingle-wish-font-yoga-letter/
[2026-08-27T17:38:47Z] #94 attempt=1/2 status=200 0.221s url=https://www.myfonts.com/collections/jingle-wish-font-yoga-letter/?tab=techSpecs
[2026-08-27T17:38:48Z] #95 attempt=1/2 status=200 0.378s url=https://www.myfonts.com/products/catsumi-complete-family-package-1209368
[2026-08-27T17:38:49Z] #96 attempt=1/2 status=200 0.377s url=https://www.myfonts.com/collections/catsumi-font-burntilldead/
[2026-08-27T17:38:49Z] #97 attempt=1/2 status=200 0.222s url=https://www.myfonts.com/collections/catsumi-font-burntilldead/?tab=techSpecs
[2026-08-27T17:38:51Z] #98 attempt=1/2 status=200 0.770s url=https://www.myfonts.com/products/cubron-grotesk-complete-family-package-1209392
[2026-08-27T17:38:52Z] #99 attempt=1/2 status=200 1.226s url=https://www.myfonts.com/collections/cubron-grotesk-font-horizon-type/
[2026-08-27T17:38:53Z] #100 attempt=1/2 status=200 0.269s url=https://www.myfonts.com/collections/cubron-grotesk-font-horizon-type/?tab=techSpecs
[2026-08-27T17:38:55Z] #101 attempt=1/2 status=200 1.305s url=https://www.myfonts.com/products/gaslighter-complete-family-package-1209667
[2026-08-27T17:38:59Z] #102 attempt=1/2 status=200 3.428s url=https://www.myfonts.com/collections/gaslighter-font-bosstypestudio/
[2026-08-27T17:39:03Z] #103 attempt=1/2 status=500 3.124s url=https://www.myfonts.com/collections/gaslighter-font-bosstypestudio/?tab=techSpecs
[2026-08-27T17:39:04Z] #104 attempt=1/2 status=200 0.661s url=https://www.myfonts.com/products/kinnielc-complete-family-package-1210540
[2026-08-27T17:39:04Z] #105 attempt=1/2 status=200 0.329s url=https://www.myfonts.com/products/murisa-giancarlo-complete-family-package-1209380
[2026-08-27T17:39:05Z] #106 attempt=1/2 status=200 0.388s url=https://www.myfonts.com/collections/murisa-giancarlo-font-murisa-studio/
[2026-08-27T17:39:06Z] #107 attempt=1/2 status=200 0.427s url=https://www.myfonts.com/collections/murisa-giancarlo-font-murisa-studio/?tab=techSpecs
[2026-08-27T17:39:07Z] #108 attempt=1/2 status=200 0.410s url=https://www.myfonts.com/products/nexza-complete-family-package-1210794
[2026-08-27T17:39:08Z] #109 attempt=1/2 status=200 0.548s url=https://www.myfonts.com/collections/nexza-font-hamizan/
[2026-08-27T17:39:08Z] #110 attempt=1/2 status=200 0.217s url=https://www.myfonts.com/collections/nexza-font-hamizan/?tab=techSpecs
[2026-08-27T17:39:09Z] #111 attempt=1/2 status=200 0.335s url=https://www.myfonts.com/products/nieuk-complete-family-package-1205527
[2026-08-27T17:39:10Z] #112 attempt=1/2 status=200 0.392s url=https://www.myfonts.com/collections/nieuk-font-multum/
[2026-08-27T17:39:11Z] #113 attempt=1/2 status=200 0.404s url=https://www.myfonts.com/collections/nieuk-font-multum/?tab=techSpecs
[2026-08-27T17:39:13Z] #114 attempt=1/6 status=200 0.893s url=https://www.myfonts.com/products.json?limit=100&page=3
[2026-08-27T17:39:14Z] #115 attempt=1/2 status=200 0.387s url=https://www.myfonts.com/products/regular-mournveil-1209486
[2026-08-27T17:39:14Z] #116 attempt=1/2 status=200 0.409s url=https://www.myfonts.com/collections/mournveil-font-alchemynoir/
[2026-08-27T17:39:15Z] #117 attempt=1/2 status=200 0.339s url=https://www.myfonts.com/collections/mournveil-font-alchemynoir/?tab=techSpecs
[2026-08-27T17:39:17Z] #118 attempt=1/6 status=200 0.928s url=https://www.myfonts.com/products.json?limit=100&page=4
[2026-08-27T17:39:17Z] #119 attempt=1/2 status=200 0.364s url=https://www.myfonts.com/products/regular-complete-destroy-1210318
[2026-08-27T17:39:18Z] #120 attempt=1/2 status=200 0.355s url=https://www.myfonts.com/collections/complete-destroy-font-woodcutter/
[2026-08-27T17:39:18Z] #121 attempt=1/2 status=200 0.301s url=https://www.myfonts.com/collections/complete-destroy-font-woodcutter/?tab=techSpecs
[2026-08-27T17:39:20Z] #122 attempt=1/2 status=200 0.362s url=https://www.myfonts.com/products/regular-rucka-1209372
[2026-08-27T17:39:20Z] #123 attempt=1/2 status=200 0.420s url=https://www.myfonts.com/collections/rucka-font-eotype/
[2026-08-27T17:39:21Z] #124 attempt=1/2 status=200 0.414s url=https://www.myfonts.com/collections/rucka-font-eotype/?tab=techSpecs
[2026-08-27T17:39:22Z] #125 attempt=1/2 status=200 0.334s url=https://www.myfonts.com/products/regular-roselime-1209379
[2026-08-27T17:39:23Z] #126 attempt=1/2 status=200 0.480s url=https://www.myfonts.com/collections/roselime-font-monolimes/
[2026-08-27T17:39:24Z] #127 attempt=1/2 status=200 0.449s url=https://www.myfonts.com/collections/roselime-font-monolimes/?tab=techSpecs
[2026-08-27T17:39:26Z] #128 attempt=1/6 status=200 0.907s url=https://www.myfonts.com/products.json?limit=100&page=5
[2026-08-27T17:39:26Z] #129 attempt=1/2 status=200 0.367s url=https://www.myfonts.com/products/nmletitchange-regular-nm-let-it-change-1210317
[2026-08-27T17:39:27Z] #130 attempt=1/2 status=200 0.511s url=https://www.myfonts.com/collections/nm-let-it-change-font-norm/
[2026-08-27T17:39:27Z] #131 attempt=1/2 status=200 0.314s url=https://www.myfonts.com/collections/nm-let-it-change-font-norm/?tab=techSpecs
[2026-08-27T17:39:28Z] #132 attempt=1/2 status=200 0.332s url=https://www.myfonts.com/products/regular-quatrix-master-1211009
[2026-08-27T17:39:29Z] #133 attempt=1/2 status=200 0.353s url=https://www.myfonts.com/collections/quatrix-master-font-unitype-studio/
[2026-08-27T17:39:29Z] #134 attempt=1/2 status=200 0.374s url=https://www.myfonts.com/collections/quatrix-master-font-unitype-studio/?tab=techSpecs
[2026-08-27T17:39:32Z] #135 attempt=1/6 status=200 1.001s url=https://www.myfonts.com/products.json?limit=100&page=6
[2026-08-27T17:39:33Z] #136 attempt=1/2 status=200 0.341s url=https://www.myfonts.com/products/regular-bronks-1209385
[2026-08-27T17:39:34Z] #137 attempt=1/2 status=200 0.383s url=https://www.myfonts.com/collections/bronks-font-zeptonn/
[2026-08-27T17:39:34Z] #138 attempt=1/2 status=200 0.464s url=https://www.myfonts.com/collections/bronks-font-zeptonn/?tab=techSpecs
[2026-08-27T17:39:36Z] #139 attempt=1/6 status=200 0.890s url=https://www.myfonts.com/products.json?limit=100&page=7
[2026-08-27T17:39:37Z] #140 attempt=1/2 status=200 0.348s url=https://www.myfonts.com/products/regular-pictton-port-1209371
[2026-08-27T17:39:38Z] #141 attempt=1/2 status=200 0.379s url=https://www.myfonts.com/collections/pictton-port-font-attype-studio/
[2026-08-27T17:39:38Z] #142 attempt=1/2 status=200 0.410s url=https://www.myfonts.com/collections/pictton-port-font-attype-studio/?tab=techSpecs
[2026-08-27T17:39:39Z] #143 attempt=1/2 status=200 0.402s url=https://www.myfonts.com/products/belajar-nulis-regular-belajar-nulis-tipis-1209384
[2026-08-27T17:39:40Z] #144 attempt=1/2 status=200 0.383s url=https://www.myfonts.com/collections/belajar-nulis-tipis-font-randy-studio/
[2026-08-27T17:39:41Z] #145 attempt=1/2 status=200 0.374s url=https://www.myfonts.com/collections/belajar-nulis-tipis-font-randy-studio/?tab=techSpecs
[2026-08-27T17:39:41Z] #146 attempt=1/2 status=200 0.404s url=https://www.myfonts.com/products/regular-pola-words-1209378
[2026-08-27T17:39:42Z] #147 attempt=1/2 status=200 0.379s url=https://www.myfonts.com/collections/pola-words-font-marvadesign/
[2026-08-27T17:39:42Z] #148 attempt=1/2 status=429 0.028s url=https://www.myfonts.com/collections/pola-words-font-marvadesign/?tab=techSpecs
[2026-08-27T17:39:42Z] first_429 req=148 url=https://www.myfonts.com/collections/pola-words-font-marvadesign/?tab=techSpecs
[2026-08-27T17:39:45Z] #149 attempt=2/2 status=200 0.418s url=https://www.myfonts.com/collections/pola-words-font-marvadesign/?tab=techSpecs
[2026-08-27T17:39:47Z] #150 attempt=1/6 status=200 0.938s url=https://www.myfonts.com/products.json?limit=100&page=8
[2026-08-27T17:39:48Z] #151 attempt=1/2 status=200 0.346s url=https://www.myfonts.com/products/regular-sparkling-fairy-1209383
[2026-08-27T17:39:49Z] #152 attempt=1/2 status=200 0.510s url=https://www.myfonts.com/collections/sparkling-fairy-font-sarid-ezra/
[2026-08-27T17:39:50Z] #153 attempt=1/2 status=200 0.350s url=https://www.myfonts.com/products/cleangirl-regular-clean-girl-1210316
[2026-08-27T17:39:51Z] #154 attempt=1/2 status=200 0.436s url=https://www.myfonts.com/collections/clean-girl-font-eryn-rose-design/
[2026-08-27T17:39:53Z] #155 attempt=1/6 status=200 0.943s url=https://www.myfonts.com/products.json?limit=100&page=9
[2026-08-27T17:39:55Z] #156 attempt=1/6 status=200 0.970s url=https://www.myfonts.com/products.json?limit=100&page=10
[2026-08-27T17:39:57Z] #157 attempt=1/6 status=200 0.874s url=https://www.myfonts.com/products.json?limit=100&page=11
[2026-08-27T17:39:58Z] #158 attempt=1/2 status=200 0.381s url=https://www.myfonts.com/products/regular-figetress-signature-1210994
[2026-08-27T17:39:58Z] #159 attempt=1/2 status=200 0.333s url=https://www.myfonts.com/collections/figetress-signature-font-tebaltipis-studio/
[2026-08-27T17:39:59Z] #160 attempt=1/2 status=200 0.347s url=https://www.myfonts.com/products/regular-ugly-form-1210432
[2026-08-27T17:40:00Z] #161 attempt=1/2 status=200 0.390s url=https://www.myfonts.com/collections/ugly-form-font-timurtype/
[2026-08-27T17:40:00Z] #162 attempt=1/2 status=200 0.357s url=https://www.myfonts.com/products/viktoria-rmu-regular-rmu-viktoria-1210430
[2026-08-27T17:40:01Z] #163 attempt=1/2 status=200 0.471s url=https://www.myfonts.com/collections/rmu-viktoria-font-rmu/
[2026-08-27T17:40:03Z] #164 attempt=1/6 status=200 0.936s url=https://www.myfonts.com/products.json?limit=100&page=12
[2026-08-27T17:40:04Z] #165 attempt=1/2 status=200 0.452s url=https://www.myfonts.com/products/regular-central-milling-signature-1210997
[2026-08-27T17:40:05Z] #166 attempt=1/2 status=200 0.331s url=https://www.myfonts.com/collections/central-milling-signature-font-tebaltipis-studio/
[2026-08-27T17:40:07Z] #167 attempt=1/6 status=200 0.839s url=https://www.myfonts.com/products.json?limit=100&page=13
[2026-08-27T17:40:08Z] #168 attempt=1/2 status=200 0.335s url=https://www.myfonts.com/products/regular-westerning-brush-signature-1211008
[2026-08-27T17:40:08Z] #169 attempt=1/2 status=200 0.392s url=https://www.myfonts.com/collections/westerning-brush-signature-font-tebaltipis-studio/
[2026-08-27T17:40:09Z] #170 attempt=1/2 status=200 0.362s url=https://www.myfonts.com/products/hossegor-regular-hossegor-retro-surf-serif-display-1210433
[2026-08-27T17:40:09Z] #171 attempt=1/2 status=200 0.355s url=https://www.myfonts.com/collections/hossegor-retro-surf-serif-display-font-pixelbuddha-studio/
[2026-08-27T17:40:10Z] #172 attempt=1/2 status=200 0.427s url=https://www.myfonts.com/products/regular-densha-ni-arimasu-1209557
[2026-08-27T17:40:11Z] #173 attempt=1/2 status=200 0.383s url=https://www.myfonts.com/collections/densha-ni-arimasu-font-maulana-creative/
[2026-08-27T17:40:13Z] #174 attempt=1/6 status=200 0.946s url=https://www.myfonts.com/products.json?limit=100&page=14
[2026-08-27T17:40:13Z] #175 attempt=1/2 status=200 0.331s url=https://www.myfonts.com/products/regular-zaraskids-1210657
[2026-08-27T17:40:14Z] #176 attempt=1/2 status=200 0.419s url=https://www.myfonts.com/collections/zaraskids-font-syafbe/
[2026-08-27T17:40:16Z] #177 attempt=1/6 status=200 1.006s url=https://www.myfonts.com/products.json?limit=100&page=15
[2026-08-27T17:40:17Z] #178 attempt=1/2 status=200 0.341s url=https://www.myfonts.com/products/ruslan-display-regular-believe-in-yourself-1210500
[2026-08-27T17:40:17Z] #179 attempt=1/2 status=200 0.317s url=https://www.myfonts.com/collections/believe-in-yourself-font-muhammad-azhar-khatri/
[2026-08-27T17:40:23Z] #180 attempt=1/6 status=200 1.104s url=https://www.myfonts.com/products.json?limit=100&page=16
[2026-08-27T17:40:25Z] #181 attempt=1/2 status=200 0.310s url=https://www.myfonts.com/products/regular-hollowick-1210895
[2026-08-27T17:40:26Z] #182 attempt=1/2 status=200 0.336s url=https://www.myfonts.com/collections/hollowick-font-denustudio/
[2026-08-27T17:40:26Z] #183 attempt=1/2 status=200 0.336s url=https://www.myfonts.com/products/regular-emirtha-signature-1210993
[2026-08-27T17:40:28Z] #184 attempt=1/2 status=200 1.315s url=https://www.myfonts.com/collections/emirtha-signature-font-tebaltipis-studio/
[2026-08-27T17:40:28Z] #185 attempt=1/2 status=200 0.345s url=https://www.myfonts.com/products/regular-themusion-signature-1211007
[2026-08-27T17:40:29Z] #186 attempt=1/2 status=200 0.376s url=https://www.myfonts.com/collections/themusion-signature-font-tebaltipis-studio/
[2026-08-27T17:40:30Z] #187 attempt=1/2 status=200 0.329s url=https://www.myfonts.com/products/regular-wolfsburg-heritage-1210647
[2026-08-27T17:40:30Z] #188 attempt=1/2 status=200 0.392s url=https://www.myfonts.com/collections/wolfsburg-heritage-font-unitype-studio/
[2026-08-27T17:40:31Z] #189 attempt=1/2 status=200 0.320s url=https://www.myfonts.com/products/regular-rushville-swash-1210806
[2026-08-27T17:40:31Z] #190 attempt=1/2 status=200 0.358s url=https://www.myfonts.com/collections/rushville-swash-font-unitype-studio/
[2026-08-27T17:40:33Z] #191 attempt=1/2 status=200 1.439s url=https://www.myfonts.com/products/regular-waffelli-signature-1210996
[2026-08-27T17:40:34Z] #192 attempt=1/2 status=200 0.464s url=https://www.myfonts.com/collections/waffelli-signature-font-tebaltipis-studio/
[2026-08-27T17:40:34Z] #193 attempt=1/2 status=200 0.363s url=https://www.myfonts.com/products/regular-ursie-bellove-signature-1210995
[2026-08-27T17:40:35Z] #194 attempt=1/2 status=200 0.316s url=https://www.myfonts.com/collections/ursie-bellove-signature-font-tebaltipis-studio/
[2026-08-27T17:40:37Z] #195 attempt=1/2 status=200 2.023s url=https://www.myfonts.com/products/regular-another-inkley-signature-1210946
[2026-08-27T17:40:38Z] #196 attempt=1/2 status=200 0.417s url=https://www.myfonts.com/collections/another-inkley-signature-font-tebaltipis-studio/
[2026-08-27T17:40:38Z] #197 attempt=1/2 status=200 0.352s url=https://www.myfonts.com/products/raviko-rift-complete-family-package-1210651
[2026-08-27T17:40:39Z] #198 attempt=1/2 status=200 0.462s url=https://www.myfonts.com/collections/raviko-rift-font-mei-suseno/
[2026-08-27T17:40:40Z] #199 attempt=1/2 status=200 0.345s url=https://www.myfonts.com/products/adab-adil-complete-family-package-1210654
[2026-08-27T17:40:40Z] #200 attempt=1/2 status=200 0.430s url=https://www.myfonts.com/collections/adab-adil-font-kalam/
[2026-08-27T17:40:43Z] #201 attempt=1/2 status=200 2.048s url=https://www.myfonts.com/products/luna-muse-complete-family-package-1210648
[2026-08-27T17:40:44Z] #202 attempt=1/2 status=200 1.274s url=https://www.myfonts.com/collections/luna-muse-font-mei-suseno/
[2026-08-27T17:40:45Z] #203 attempt=1/6 status=503 0.072s url=https://www.myfonts.com/products.json?limit=100&page=17
[2026-08-27T17:40:45Z] retryable_503 attempt=1/6 waiting=5s
[2026-08-27T17:40:51Z] #204 attempt=2/6 status=200 0.995s url=https://www.myfonts.com/products.json?limit=100&page=17
[2026-08-27T17:40:53Z] #205 attempt=1/6 status=200 0.866s url=https://www.myfonts.com/products.json?limit=100&page=18
[2026-08-27T17:40:54Z] #206 attempt=1/6 status=200 1.027s url=https://www.myfonts.com/products.json?limit=100&page=19
[2026-08-27T17:40:55Z] #207 attempt=1/2 status=200 0.448s url=https://www.myfonts.com/products/kalviro-complete-family-package-1209347
[2026-08-27T17:40:56Z] #208 attempt=1/2 status=200 0.375s url=https://www.myfonts.com/collections/kalviro-font-rafis-type/
[2026-08-27T17:40:56Z] #209 attempt=1/2 status=200 0.419s url=https://www.myfonts.com/products/sugar-blushy-complete-family-package-1209331
[2026-08-27T17:40:57Z] #210 attempt=1/2 status=200 0.446s url=https://www.myfonts.com/collections/sugar-blushy-font-letterena-studios/
[2026-08-27T17:40:58Z] #211 attempt=1/2 status=200 0.366s url=https://www.myfonts.com/products/armonia-sans-vf-complete-family-package-1208267
[2026-08-27T17:40:58Z] #212 attempt=1/2 status=200 0.411s url=https://www.myfonts.com/collections/armonia-sans-vf-font-vp-creative-shop/
[2026-08-27T17:40:59Z] #213 attempt=1/2 status=200 0.380s url=https://www.myfonts.com/products/rondapo-complete-family-package-1209344
[2026-08-27T17:41:00Z] #214 attempt=1/2 status=200 0.345s url=https://www.myfonts.com/collections/rondapo-font-qiubare-studio/
[2026-08-27T17:41:00Z] #215 attempt=1/2 status=200 0.390s url=https://www.myfonts.com/products/mondique-complete-family-package-1204225
[2026-08-27T17:41:01Z] #216 attempt=1/2 status=200 0.495s url=https://www.myfonts.com/collections/mondique-font-marc-lohner/
[2026-08-27T17:41:02Z] #217 attempt=1/2 status=200 0.363s url=https://www.myfonts.com/products/boldega-complete-family-package-1209327
[2026-08-27T17:41:02Z] #218 attempt=1/2 status=200 0.391s url=https://www.myfonts.com/collections/boldega-font-jafar07/
[2026-08-27T17:41:03Z] #219 attempt=1/2 status=200 0.447s url=https://www.myfonts.com/products/baulgante-complete-family-package-1209286
[2026-08-27T17:41:04Z] #220 attempt=1/2 status=200 0.473s url=https://www.myfonts.com/collections/baulgante-font-deorde-studio/
[2026-08-27T17:41:05Z] #221 attempt=1/2 status=200 0.966s url=https://www.myfonts.com/products/montile-complete-family-package-1207926
[2026-08-27T17:41:06Z] #222 attempt=1/2 status=200 1.375s url=https://www.myfonts.com/collections/montile-font-akna-typefoundry/
[2026-08-27T17:41:08Z] #223 attempt=1/2 status=200 1.070s url=https://www.myfonts.com/products/rounvia-complete-family-package-1208122
[2026-08-27T17:41:10Z] #224 attempt=1/2 status=200 1.817s url=https://www.myfonts.com/collections/rounvia-font-kaidosan/
[2026-08-27T17:41:11Z] #225 attempt=1/2 status=200 0.395s url=https://www.myfonts.com/products/black-rustik-complete-family-package-1209324
[2026-08-27T17:41:12Z] #226 attempt=1/2 status=200 0.369s url=https://www.myfonts.com/collections/black-rustik-font-illushvara/
[2026-08-27T17:41:13Z] #227 attempt=1/2 status=200 0.916s url=https://www.myfonts.com/products/new-bight-complete-family-package-1207537
[2026-08-27T17:41:15Z] #228 attempt=1/2 status=200 1.983s url=https://www.myfonts.com/collections/new-bight-font-groenstudio/
[2026-08-27T17:41:16Z] #229 attempt=1/2 status=200 0.417s url=https://www.myfonts.com/products/norevia-complete-family-package-1209340
[2026-08-27T17:41:17Z] #230 attempt=1/2 status=200 0.426s url=https://www.myfonts.com/collections/norevia-font-muksal-creatives/
[2026-08-27T17:41:17Z] #231 attempt=1/2 status=200 0.322s url=https://www.myfonts.com/products/harvellia-complete-family-package-1209364
[2026-08-27T17:41:18Z] #232 attempt=1/2 status=200 0.442s url=https://www.myfonts.com/collections/harvellia-font-vermilione/
[2026-08-27T17:41:19Z] #233 attempt=1/2 status=200 0.449s url=https://www.myfonts.com/products/ss-sparling-complete-family-package-1208061
[2026-08-27T17:41:19Z] #234 attempt=1/2 status=200 0.423s url=https://www.myfonts.com/collections/ss-sparling-font-vermilione/
[2026-08-27T17:41:20Z] #235 attempt=1/2 status=200 0.411s url=https://www.myfonts.com/products/badalia-complete-family-package-1209309
[2026-08-27T17:41:21Z] #236 attempt=1/2 status=200 0.606s url=https://www.myfonts.com/collections/badalia-font-thinkdust/
[2026-08-27T17:41:22Z] #237 attempt=1/2 status=200 0.348s url=https://www.myfonts.com/products/saucy-society-bubble-complete-family-package-1209301
[2026-08-27T17:41:22Z] #238 attempt=1/2 status=200 0.387s url=https://www.myfonts.com/collections/saucy-society-bubble-font-four-lines-std/
[2026-08-27T17:41:24Z] #239 attempt=1/2 status=200 1.275s url=https://www.myfonts.com/products/kelmitha-complete-family-package-1207461
[2026-08-27T17:41:27Z] #240 attempt=1/2 status=200 2.938s url=https://www.myfonts.com/collections/kelmitha-font-propertype/
[2026-08-27T17:41:29Z] #241 attempt=1/2 status=200 0.339s url=https://www.myfonts.com/products/sylvian-complete-family-package-1208021
[2026-08-27T17:41:29Z] #242 attempt=1/2 status=200 0.387s url=https://www.myfonts.com/collections/sylvian-font-vermilione/
[2026-08-27T17:41:30Z] #243 attempt=1/2 status=200 0.389s url=https://www.myfonts.com/products/wonder-castle-complete-family-package-1209361
[2026-08-27T17:41:30Z] #244 attempt=1/2 status=200 0.373s url=https://www.myfonts.com/collections/wonder-castle-font-sloulyfe-studio/
[2026-08-27T17:41:31Z] #245 attempt=1/2 status=200 0.381s url=https://www.myfonts.com/products/lowera-complete-family-package-1209305
[2026-08-27T17:41:32Z] #246 attempt=1/2 status=200 0.376s url=https://www.myfonts.com/collections/lowera-font-hishand-studio/
[2026-08-27T17:41:32Z] #247 attempt=1/2 status=200 0.338s url=https://www.myfonts.com/products/markerly-truely-complete-family-package-1209337
[2026-08-27T17:41:33Z] #248 attempt=1/2 status=200 0.404s url=https://www.myfonts.com/collections/markerly-truely-font-letterytz/
[2026-08-27T17:41:34Z] #249 attempt=1/2 status=200 0.384s url=https://www.myfonts.com/products/quadfix-complete-family-package-1207457
[2026-08-27T17:41:34Z] #250 attempt=1/2 status=200 0.586s url=https://www.myfonts.com/collections/quadfix-font-hasnat-studio/
[2026-08-27T17:41:35Z] #251 attempt=1/2 status=200 0.378s url=https://www.myfonts.com/products/laveno-qauline-complete-family-package-1207923
[2026-08-27T17:41:36Z] #252 attempt=1/2 status=200 0.380s url=https://www.myfonts.com/collections/laveno-qauline-font-vermilione/
[2026-08-27T17:41:36Z] #253 attempt=1/2 status=200 0.342s url=https://www.myfonts.com/products/drakewyn-complete-family-package-1209297
[2026-08-27T17:41:37Z] #254 attempt=1/2 status=200 0.356s url=https://www.myfonts.com/collections/drakewyn-font-din-studio/
[2026-08-27T17:41:37Z] #255 attempt=1/2 status=429 0.024s url=https://www.myfonts.com/products/augler-complete-family-package-1209351
[2026-08-27T17:41:40Z] #256 attempt=2/2 status=200 0.538s url=https://www.myfonts.com/products/augler-complete-family-package-1209351
[2026-08-27T17:41:41Z] #257 attempt=1/2 status=200 0.472s url=https://www.myfonts.com/collections/augler-font-sarid-ezra/
[2026-08-27T17:41:41Z] #258 attempt=1/2 status=200 0.355s url=https://www.myfonts.com/products/writeroom-script-complete-family-package-1209334
[2026-08-27T17:41:42Z] #259 attempt=1/2 status=200 0.426s url=https://www.myfonts.com/collections/writeroom-script-font-letterytz/
[2026-08-27T17:41:43Z] #260 attempt=1/2 status=200 0.355s url=https://www.myfonts.com/products/hanor-dhams-complete-family-package-1207127
[2026-08-27T17:41:43Z] #261 attempt=1/2 status=429 0.033s url=https://www.myfonts.com/collections/hanor-dhams-font-letterena-studios/
[2026-08-27T17:41:45Z] #262 attempt=2/2 status=200 0.394s url=https://www.myfonts.com/collections/hanor-dhams-font-letterena-studios/
[2026-08-27T17:41:46Z] #263 attempt=1/2 status=200 0.378s url=https://www.myfonts.com/products/afterspace-complete-family-package-1208354
[2026-08-27T17:41:47Z] #264 attempt=1/2 status=200 0.370s url=https://www.myfonts.com/collections/afterspace-font-metypeverse/
[2026-08-27T17:41:47Z] #265 attempt=1/2 status=200 0.373s url=https://www.myfonts.com/products/regular-dura-europos-rustica-1208109
[2026-08-27T17:41:48Z] #266 attempt=1/2 status=200 0.376s url=https://www.myfonts.com/collections/dura-europos-rustica-font-mysterian/
[2026-08-27T17:41:48Z] #267 attempt=1/2 status=429 0.037s url=https://www.myfonts.com/products/display-maerath-1209330
[2026-08-27T17:41:51Z] #268 attempt=2/2 status=200 0.496s url=https://www.myfonts.com/products/display-maerath-1209330
[2026-08-27T17:41:52Z] #269 attempt=1/2 status=200 0.379s url=https://www.myfonts.com/collections/maerath-font-kavoon/
[2026-08-27T17:41:52Z] #270 attempt=1/2 status=200 0.441s url=https://www.myfonts.com/products/zorell-regular-zorell-1208024
[2026-08-27T17:41:53Z] #271 attempt=1/2 status=200 0.537s url=https://www.myfonts.com/collections/zorell-font-zefrar/
[2026-08-27T17:41:54Z] #272 attempt=1/6 status=200 0.871s url=https://www.myfonts.com/products.json?limit=100&page=20
[2026-08-27T17:41:55Z] #273 attempt=1/2 status=200 0.378s url=https://www.myfonts.com/products/regular-torq-1208343
[2026-08-27T17:41:55Z] #274 attempt=1/2 status=429 0.038s url=https://www.myfonts.com/collections/torq-font-sipanji21/
[2026-08-27T17:41:58Z] #275 attempt=2/2 status=200 0.555s url=https://www.myfonts.com/collections/torq-font-sipanji21/
[2026-08-27T17:41:59Z] #276 attempt=1/2 status=200 0.368s url=https://www.myfonts.com/products/bold-tejobase-1208121
[2026-08-27T17:41:59Z] #277 attempt=1/2 status=200 0.420s url=https://www.myfonts.com/collections/tejobase-font-wontenart/
[2026-08-27T17:42:01Z] #278 attempt=1/6 status=200 0.890s url=https://www.myfonts.com/products.json?limit=100&page=21
[2026-08-27T17:42:01Z] #279 attempt=1/2 status=200 0.400s url=https://www.myfonts.com/products/regular-halozed-1209304
[2026-08-27T17:42:02Z] #280 attempt=1/2 status=200 0.414s url=https://www.myfonts.com/collections/halozed-font-hasnat-studio/
[2026-08-27T17:42:02Z] #281 attempt=1/2 status=429 0.048s url=https://www.myfonts.com/products/regular-modbee-1209300
[2026-08-27T17:42:05Z] #282 attempt=2/2 status=200 0.386s url=https://www.myfonts.com/products/regular-modbee-1209300
[2026-08-27T17:42:06Z] #283 attempt=1/2 status=200 0.344s url=https://www.myfonts.com/collections/modbee-font-flawlessandco/
[2026-08-27T17:42:06Z] #284 attempt=1/2 status=200 0.330s url=https://www.myfonts.com/products/regular-vexmour-1209367
[2026-08-27T17:42:07Z] #285 attempt=1/2 status=200 0.356s url=https://www.myfonts.com/collections/vexmour-font-arif-novianto/
[2026-08-27T17:42:08Z] #286 attempt=1/6 status=200 0.826s url=https://www.myfonts.com/products.json?limit=100&page=22
[2026-08-27T17:42:09Z] #287 attempt=1/2 status=200 0.367s url=https://www.myfonts.com/products/regular-seprolle-1209273
[2026-08-27T17:42:09Z] #288 attempt=1/2 status=200 0.343s url=https://www.myfonts.com/collections/seprolle-font-anxietype-foundry/
[2026-08-27T17:42:11Z] #289 attempt=1/6 status=200 0.833s url=https://www.myfonts.com/products.json?limit=100&page=23
[2026-08-27T17:42:11Z] #290 attempt=1/2 status=200 0.381s url=https://www.myfonts.com/products/regular-ac-leafs-1209258
[2026-08-27T17:42:12Z] #291 attempt=1/2 status=200 0.410s url=https://www.myfonts.com/collections/ac-leafs-font-antoine-crama/
[2026-08-27T17:42:12Z] #292 attempt=1/2 status=429 0.031s url=https://www.myfonts.com/products/regular-bloopie-1207460
[2026-08-27T17:42:15Z] #293 attempt=2/2 status=200 0.483s url=https://www.myfonts.com/products/regular-bloopie-1207460
[2026-08-27T17:42:16Z] #294 attempt=1/2 status=200 0.768s url=https://www.myfonts.com/collections/bloopie-font-zefrar/
[2026-08-27T17:42:17Z] #295 attempt=1/2 status=200 0.347s url=https://www.myfonts.com/products/regular-vinagosta-1207130
[2026-08-27T17:42:17Z] #296 attempt=1/2 status=200 0.373s url=https://www.myfonts.com/collections/vinagosta-font-letterhanna-studio/
[2026-08-27T17:42:19Z] #297 attempt=1/6 status=200 0.795s url=https://www.myfonts.com/products.json?limit=100&page=24
[2026-08-27T17:42:19Z] #298 attempt=1/2 status=200 0.341s url=https://www.myfonts.com/products/regular-miette-1208960
[2026-08-27T17:42:20Z] #299 attempt=1/2 status=200 0.433s url=https://www.myfonts.com/collections/miette-font-sloulyfe-studio/
[2026-08-27T17:42:20Z] #300 attempt=1/2 status=200 0.378s url=https://www.myfonts.com/products/regular-mask-1208818
[2026-08-27T17:42:21Z] #301 attempt=1/2 status=200 0.384s url=https://www.myfonts.com/collections/mask-font-sensatype-studio/
[2026-08-27T17:42:21Z] #302 attempt=1/2 status=429 0.034s url=https://www.myfonts.com/products/regular-delicio-1208344
[2026-08-27T17:42:24Z] #303 attempt=2/2 status=200 0.416s url=https://www.myfonts.com/products/regular-delicio-1208344
[2026-08-27T17:42:25Z] #304 attempt=1/2 status=200 0.414s url=https://www.myfonts.com/collections/delicio-font-sensatype-studio/
[2026-08-27T17:42:26Z] #305 attempt=1/6 status=200 0.880s url=https://www.myfonts.com/products.json?limit=100&page=25
[2026-08-27T17:42:26Z] summary releases=263 first_429=(148, 'https://www.myfonts.com/collections/pola-words-font-marvadesign/?tab=techSpecs', 0.027962446212768555) log_file=state/myfonts_run_20260827_173639.log
[2026-08-27T17:42:26Z] === MyFonts crawl end ===
