[2026-07-04T08:47:39Z] checkpoint fresh next_page=1 path=state/myfonts_crawl_checkpoint.json
[2026-07-04T08:47:39Z] === MyFonts crawl start source=myfonts ===
[2026-07-04T08:47:39Z] config max_pages=25 page_size=100 start_date=2026-07-03 end_date=2026-07-04 api_delay=0.5s detail_delay=0.2s max_debut_checks=400 max_tech_specs_checks=200 reuse_success_profile=False always_enrich_packages=True language_script_signal_mode=strong force_fresh_run=False start_page=1 browser_mode=False browser_headless=True browser_storage_state_path=state/myfonts_storage_state.json
[2026-07-04T08:47:41Z] #1 attempt=1/6 status=200 1.091s url=https://www.myfonts.com/products.json?limit=100&page=1
[2026-07-04T08:47:42Z] #2 attempt=1/2 status=200 0.397s url=https://www.myfonts.com/products/nexodus-complete-family-package-1176451
[2026-07-04T08:47:42Z] #3 attempt=1/2 status=200 0.507s url=https://www.myfonts.com/collections/nexodus-font-t-26/
[2026-07-04T08:47:43Z] #4 attempt=1/2 status=200 0.176s url=https://www.myfonts.com/collections/nexodus-font-t-26/?tab=techSpecs
[2026-07-04T08:47:44Z] #5 attempt=1/2 status=200 0.136s url=https://www.myfonts.com/collections/nexodus-font-t-26/
[2026-07-04T08:47:44Z] #6 attempt=1/2 status=200 0.359s url=https://www.myfonts.com/products/w04-tsanger-fwjt-1176037
[2026-07-04T08:47:45Z] #7 attempt=1/2 status=200 0.484s url=https://www.myfonts.com/collections/tsanger-fwjt-font-tsanger/
[2026-07-04T08:47:46Z] #8 attempt=1/2 status=200 0.416s url=https://www.myfonts.com/collections/tsanger-fwjt-font-tsanger/?tab=techSpecs
[2026-07-04T08:47:47Z] #9 attempt=1/2 status=200 0.130s url=https://www.myfonts.com/collections/tsanger-fwjt-font-tsanger/
[2026-07-04T08:47:47Z] #10 attempt=1/2 status=200 0.141s url=https://www.myfonts.com/products/expanded-italic-spatial-logic-1176410
[2026-07-04T08:47:49Z] #11 attempt=1/2 status=200 1.704s url=https://www.myfonts.com/collections/spatial-logic-font-ketiga-foundry/
[2026-07-04T08:47:50Z] #12 attempt=1/2 status=200 0.228s url=https://www.myfonts.com/collections/spatial-logic-font-ketiga-foundry/?tab=techSpecs
[2026-07-04T08:47:51Z] #13 attempt=1/2 status=200 0.521s url=https://www.myfonts.com/products/extrabold-italic-mowaq-1176322
[2026-07-04T08:47:52Z] #14 attempt=1/2 status=200 0.782s url=https://www.myfonts.com/collections/mowaq-font-ixipcalli/
[2026-07-04T08:47:53Z] #15 attempt=1/2 status=200 0.600s url=https://www.myfonts.com/collections/mowaq-font-ixipcalli/?tab=techSpecs
[2026-07-04T08:47:54Z] #16 attempt=1/2 status=200 0.404s url=https://www.myfonts.com/products/slant-crispydong-1176163
[2026-07-04T08:47:55Z] #17 attempt=1/2 status=200 0.618s url=https://www.myfonts.com/collections/crispydong-font-letterytz/
[2026-07-04T08:47:55Z] #18 attempt=1/2 status=200 0.145s url=https://www.myfonts.com/collections/crispydong-font-letterytz/?tab=techSpecs
[2026-07-04T08:47:56Z] #19 attempt=1/2 status=200 0.397s url=https://www.myfonts.com/products/w04-tsanger-yihei-1176045
[2026-07-04T08:47:57Z] #20 attempt=1/2 status=200 0.520s url=https://www.myfonts.com/collections/tsanger-yihei-font-tsanger/
[2026-07-04T08:47:58Z] #21 attempt=1/2 status=200 0.134s url=https://www.myfonts.com/collections/tsanger-yihei-font-tsanger/?tab=techSpecs
[2026-07-04T08:47:59Z] #22 attempt=1/2 status=200 0.555s url=https://www.myfonts.com/collections/tsanger-yihei-font-tsanger/
[2026-07-04T08:47:59Z] #23 attempt=1/2 status=200 0.443s url=https://www.myfonts.com/products/std-bold-dante-mt-1176445
[2026-07-04T08:48:00Z] #24 attempt=1/2 status=200 0.769s url=https://www.myfonts.com/collections/dante-mt-font-monotype-imaging/
[2026-07-04T08:48:01Z] #25 attempt=1/2 status=200 0.537s url=https://www.myfonts.com/collections/dante-mt-font-monotype-imaging/?tab=techSpecs
[2026-07-04T08:48:02Z] #26 attempt=1/2 status=200 0.350s url=https://www.myfonts.com/products/regular-bladecut-1176449
[2026-07-04T08:48:03Z] #27 attempt=1/2 status=200 0.372s url=https://www.myfonts.com/collections/bladecut-font-heartcore/
[2026-07-04T08:48:03Z] #28 attempt=1/2 status=200 0.168s url=https://www.myfonts.com/collections/bladecut-font-heartcore/?tab=techSpecs
[2026-07-04T08:48:05Z] #29 attempt=1/2 status=200 0.432s url=https://www.myfonts.com/products/postamp-grotesk-complete-family-package-1176430
[2026-07-04T08:48:05Z] #30 attempt=1/2 status=200 0.533s url=https://www.myfonts.com/collections/postamp-grotesk-font-fontfabric/
[2026-07-04T08:48:06Z] #31 attempt=1/2 status=200 0.667s url=https://www.myfonts.com/collections/postamp-grotesk-font-fontfabric/?tab=techSpecs
[2026-07-04T08:48:07Z] #32 attempt=1/2 status=200 0.350s url=https://www.myfonts.com/products/regular-mooncrest-1176140
[2026-07-04T08:48:08Z] #33 attempt=1/2 status=200 0.364s url=https://www.myfonts.com/collections/mooncrest-font-maghrib-type/
[2026-07-04T08:48:08Z] #34 attempt=1/2 status=200 0.120s url=https://www.myfonts.com/collections/mooncrest-font-maghrib-type/?tab=techSpecs
[2026-07-04T08:48:09Z] #35 attempt=1/2 status=200 0.346s url=https://www.myfonts.com/products/velion-thin-velion-variable-1176426
[2026-07-04T08:48:10Z] #36 attempt=1/2 status=200 0.391s url=https://www.myfonts.com/collections/velion-variable-font-kaidosan/
[2026-07-04T08:48:10Z] #37 attempt=1/2 status=200 0.350s url=https://www.myfonts.com/collections/velion-variable-font-kaidosan/?tab=techSpecs
[2026-07-04T08:48:11Z] #38 attempt=1/2 status=200 0.322s url=https://www.myfonts.com/products/regular-monolithica-1176177
[2026-07-04T08:48:12Z] #39 attempt=1/2 status=200 0.433s url=https://www.myfonts.com/collections/monolithica-font-pictranoosa/
[2026-07-04T08:48:12Z] #40 attempt=1/2 status=200 0.201s url=https://www.myfonts.com/collections/monolithica-font-pictranoosa/?tab=techSpecs
[2026-07-04T08:48:13Z] #41 attempt=1/2 status=200 0.377s url=https://www.myfonts.com/products/regular-rugba-1176216
[2026-07-04T08:48:14Z] #42 attempt=1/2 status=200 0.303s url=https://www.myfonts.com/collections/rugba-font-jaruka-creative/
[2026-07-04T08:48:14Z] #43 attempt=1/2 status=200 0.259s url=https://www.myfonts.com/collections/rugba-font-jaruka-creative/?tab=techSpecs
[2026-07-04T08:48:15Z] #44 attempt=1/2 status=200 0.343s url=https://www.myfonts.com/products/regular-whiken-1176147
[2026-07-04T08:48:16Z] #45 attempt=1/2 status=200 0.328s url=https://www.myfonts.com/collections/whiken-font-jaruka-creative/
[2026-07-04T08:48:16Z] #46 attempt=1/2 status=200 0.331s url=https://www.myfonts.com/collections/whiken-font-jaruka-creative/?tab=techSpecs
[2026-07-04T08:48:17Z] #47 attempt=1/2 status=200 0.474s url=https://www.myfonts.com/products/frestlora-complete-family-package-1176282
[2026-07-04T08:48:18Z] #48 attempt=1/2 status=200 0.407s url=https://www.myfonts.com/collections/frestlora-font-timelesstype-studio/
[2026-07-04T08:48:18Z] #49 attempt=1/2 status=200 0.391s url=https://www.myfonts.com/collections/frestlora-font-timelesstype-studio/?tab=techSpecs
[2026-07-04T08:48:19Z] #50 attempt=1/2 status=200 0.346s url=https://www.myfonts.com/products/script-mahrine-prestige-1176287
[2026-07-04T08:48:20Z] #51 attempt=1/2 status=200 0.497s url=https://www.myfonts.com/collections/mahrine-prestige-font-burntilldead/
[2026-07-04T08:48:21Z] #52 attempt=1/2 status=200 0.198s url=https://www.myfonts.com/collections/mahrine-prestige-font-burntilldead/?tab=techSpecs
[2026-07-04T08:48:22Z] #53 attempt=1/2 status=200 0.334s url=https://www.myfonts.com/products/regular-holfing-notes-1176295
[2026-07-04T08:48:22Z] #54 attempt=1/2 status=200 0.422s url=https://www.myfonts.com/collections/holfing-notes-font-stylishtype-studio/
[2026-07-04T08:48:23Z] #55 attempt=1/2 status=200 0.474s url=https://www.myfonts.com/collections/holfing-notes-font-stylishtype-studio/?tab=techSpecs
[2026-07-04T08:48:24Z] #56 attempt=1/2 status=200 0.322s url=https://www.myfonts.com/products/regular-tsanger-amxs-1176055
[2026-07-04T08:48:24Z] #57 attempt=1/2 status=200 0.315s url=https://www.myfonts.com/collections/tsanger-amxs-font-tsanger/
[2026-07-04T08:48:25Z] #58 attempt=1/2 status=200 0.377s url=https://www.myfonts.com/collections/tsanger-amxs-font-tsanger/?tab=techSpecs
[2026-07-04T08:48:26Z] #59 attempt=1/2 status=200 0.446s url=https://www.myfonts.com/collections/tsanger-amxs-font-tsanger/
[2026-07-04T08:48:28Z] #60 attempt=1/6 status=200 1.394s url=https://www.myfonts.com/products.json?limit=100&page=2
[2026-07-04T08:48:28Z] #61 attempt=1/2 status=200 0.377s url=https://www.myfonts.com/products/regular-ballonk-stevihay-1176301
[2026-07-04T08:48:29Z] #62 attempt=1/2 status=200 0.443s url=https://www.myfonts.com/collections/ballonk-stevihay-font-stylishtype-studio/
[2026-07-04T08:48:30Z] #63 attempt=1/2 status=200 0.397s url=https://www.myfonts.com/collections/ballonk-stevihay-font-stylishtype-studio/?tab=techSpecs
[2026-07-04T08:48:30Z] #64 attempt=1/2 status=200 0.304s url=https://www.myfonts.com/products/w01-tsanger-xyxs-1176040
[2026-07-04T08:48:31Z] #65 attempt=1/2 status=200 0.422s url=https://www.myfonts.com/collections/tsanger-xyxs-font-tsanger/
[2026-07-04T08:48:31Z] #66 attempt=1/2 status=200 0.125s url=https://www.myfonts.com/collections/tsanger-xyxs-font-tsanger/?tab=techSpecs
[2026-07-04T08:48:32Z] #67 attempt=1/2 status=200 0.200s url=https://www.myfonts.com/collections/tsanger-xyxs-font-tsanger/
[2026-07-04T08:48:33Z] #68 attempt=1/2 status=200 0.397s url=https://www.myfonts.com/products/black-ciclo-display-1014018
[2026-07-04T08:48:34Z] #69 attempt=1/2 status=200 0.628s url=https://www.myfonts.com/collections/ciclo-display-font-lechuga-type/
[2026-07-04T08:48:35Z] #70 attempt=1/2 status=200 0.623s url=https://www.myfonts.com/collections/ciclo-display-font-lechuga-type/?tab=techSpecs
[2026-07-04T08:48:36Z] #71 attempt=1/2 status=200 0.422s url=https://www.myfonts.com/products/extra-bold-techno-nue-1011372
[2026-07-04T08:48:36Z] #72 attempt=1/2 status=200 0.483s url=https://www.myfonts.com/collections/techno-nue-font-webhance/
[2026-07-04T08:48:37Z] #73 attempt=1/2 status=200 0.495s url=https://www.myfonts.com/collections/techno-nue-font-webhance/?tab=techSpecs
[2026-07-04T08:48:38Z] #74 attempt=1/2 status=200 0.361s url=https://www.myfonts.com/products/blond-dutch-courage-ale-1010728
[2026-07-04T08:48:39Z] #75 attempt=1/2 status=200 0.805s url=https://www.myfonts.com/collections/dutch-courage-ale-font-comicraft/
[2026-07-04T08:48:40Z] #76 attempt=1/2 status=200 0.149s url=https://www.myfonts.com/collections/dutch-courage-ale-font-comicraft/?tab=techSpecs
[2026-07-04T08:48:40Z] #77 attempt=1/2 status=429 0.062s url=https://www.myfonts.com/products/dunkel-dutch-courage-lager-1010723
[2026-07-04T08:48:40Z] first_429 req=77 url=https://www.myfonts.com/products/dunkel-dutch-courage-lager-1010723
[2026-07-04T08:48:43Z] #78 attempt=2/2 status=200 0.557s url=https://www.myfonts.com/products/dunkel-dutch-courage-lager-1010723
[2026-07-04T08:48:43Z] #79 attempt=1/2 status=429 0.047s url=https://www.myfonts.com/collections/dutch-courage-lager-font-comicraft/
[2026-07-04T08:48:46Z] #80 attempt=2/2 status=200 0.499s url=https://www.myfonts.com/collections/dutch-courage-lager-font-comicraft/
[2026-07-04T08:48:47Z] #81 attempt=1/2 status=200 0.314s url=https://www.myfonts.com/products/regular-te-hafs2-tharwat-emara-1012387
[2026-07-04T08:48:47Z] #82 attempt=1/2 status=429 0.046s url=https://www.myfonts.com/collections/te-hafs2-tharwat-emara-font-tharwat-emara/
[2026-07-04T08:48:50Z] #83 attempt=2/2 status=200 0.369s url=https://www.myfonts.com/collections/te-hafs2-tharwat-emara-font-tharwat-emara/
[2026-07-04T08:48:50Z] #84 attempt=1/2 status=429 0.037s url=https://www.myfonts.com/products/semi-expanded-package-1175797
[2026-07-04T08:48:53Z] #85 attempt=2/2 status=200 1.021s url=https://www.myfonts.com/products/semi-expanded-package-1175797
[2026-07-04T08:48:53Z] #86 attempt=1/2 status=429 0.079s url=https://www.myfonts.com/collections/sprayblock-font-jorsetype/
[2026-07-04T08:48:57Z] #87 attempt=2/2 status=200 1.492s url=https://www.myfonts.com/collections/sprayblock-font-jorsetype/
[2026-07-04T08:48:58Z] #88 attempt=1/2 status=200 0.524s url=https://www.myfonts.com/products/k73-hogan-grotesk-complete-family-package-1176011
[2026-07-04T08:48:58Z] #89 attempt=1/2 status=429 0.035s url=https://www.myfonts.com/collections/k73-hogan-grotesk-font-k73-type-foundry/
[2026-07-04T08:49:02Z] #90 attempt=2/2 status=200 1.318s url=https://www.myfonts.com/collections/k73-hogan-grotesk-font-k73-type-foundry/
[2026-07-04T08:49:03Z] #91 attempt=1/2 status=200 0.329s url=https://www.myfonts.com/products/force-of-habit-pro-complete-family-package-1175965
[2026-07-04T08:49:03Z] #92 attempt=1/2 status=200 0.537s url=https://www.myfonts.com/collections/force-of-habit-pro-font-hanoded/
[2026-07-04T08:49:04Z] #93 attempt=1/2 status=200 0.508s url=https://www.myfonts.com/products/limit-file-complete-family-package-1175416
[2026-07-04T08:49:05Z] #94 attempt=1/2 status=200 0.589s url=https://www.myfonts.com/collections/limit-file-font-bold-guys/
[2026-07-04T08:49:06Z] #95 attempt=1/2 status=200 0.351s url=https://www.myfonts.com/products/ukiyo-mind-pro-complete-family-package-1175962
[2026-07-04T08:49:06Z] #96 attempt=1/2 status=200 0.524s url=https://www.myfonts.com/collections/ukiyo-mind-pro-font-hanoded/
[2026-07-04T08:49:07Z] #97 attempt=1/2 status=200 0.345s url=https://www.myfonts.com/products/alascripty-complete-family-package-1176010
[2026-07-04T08:49:07Z] #98 attempt=1/2 status=429 0.038s url=https://www.myfonts.com/collections/alascripty-font-leksen-design/
[2026-07-04T08:49:10Z] #99 attempt=2/2 status=200 0.476s url=https://www.myfonts.com/collections/alascripty-font-leksen-design/
[2026-07-04T08:49:11Z] #100 attempt=1/2 status=200 0.420s url=https://www.myfonts.com/products/daily-roast-complete-family-package-1175347
[2026-07-04T08:49:11Z] #101 attempt=1/2 status=200 0.402s url=https://www.myfonts.com/collections/daily-roast-font-stylishtype-studio/
[2026-07-04T08:49:12Z] #102 attempt=1/2 status=200 0.342s url=https://www.myfonts.com/products/alles-kaputt-pro-complete-family-package-1176007
[2026-07-04T08:49:12Z] #103 attempt=1/2 status=200 0.431s url=https://www.myfonts.com/collections/alles-kaputt-pro-font-hanoded/
[2026-07-04T08:49:13Z] #104 attempt=1/2 status=200 0.394s url=https://www.myfonts.com/products/northy-chains-complete-family-package-1175344
[2026-07-04T08:49:13Z] #105 attempt=1/2 status=429 0.037s url=https://www.myfonts.com/collections/northy-chains-font-stylishtype-studio/
[2026-07-04T08:49:16Z] #106 attempt=2/2 status=200 0.519s url=https://www.myfonts.com/collections/northy-chains-font-stylishtype-studio/
[2026-07-04T08:49:17Z] #107 attempt=1/2 status=200 0.465s url=https://www.myfonts.com/products/fossegrim-pro-complete-family-package-1175959
[2026-07-04T08:49:18Z] #108 attempt=1/2 status=200 0.499s url=https://www.myfonts.com/collections/fossegrim-pro-font-hanoded/
[2026-07-04T08:49:20Z] #109 attempt=1/2 status=200 1.690s url=https://www.myfonts.com/products/expanded-family-package-1175953
[2026-07-04T08:49:22Z] #110 attempt=1/2 status=200 2.309s url=https://www.myfonts.com/collections/ckr-serif-font-ckr-type-foundry/
[2026-07-04T08:49:23Z] #111 attempt=1/2 status=200 0.395s url=https://www.myfonts.com/products/avelyra-script-complete-family-package-1175090
[2026-07-04T08:49:24Z] #112 attempt=1/2 status=200 0.380s url=https://www.myfonts.com/collections/avelyra-script-font-typehill-studio/
[2026-07-04T08:49:24Z] #113 attempt=1/2 status=200 0.346s url=https://www.myfonts.com/products/six-week-holiday-pro-complete-family-package-1176004
[2026-07-04T08:49:25Z] #114 attempt=1/2 status=200 0.424s url=https://www.myfonts.com/collections/six-week-holiday-pro-font-hanoded/
[2026-07-04T08:49:26Z] #115 attempt=1/2 status=200 0.399s url=https://www.myfonts.com/products/dahlisse-packet-package-1175997
[2026-07-04T08:49:26Z] #116 attempt=1/2 status=200 0.505s url=https://www.myfonts.com/collections/dahlisse-font-ceeskiiw/
[2026-07-04T08:49:27Z] #117 attempt=1/2 status=200 0.534s url=https://www.myfonts.com/products/stupid-sans-complete-family-package-1175039
[2026-07-04T08:49:28Z] #118 attempt=1/2 status=200 0.790s url=https://www.myfonts.com/collections/stupid-sans-font-ll-type-foundry/
[2026-07-04T08:49:29Z] #119 attempt=1/2 status=200 0.608s url=https://www.myfonts.com/products/fx-regant-complete-family-package-1175681
[2026-07-04T08:49:30Z] #120 attempt=1/2 status=200 0.942s url=https://www.myfonts.com/collections/fx-regant-font-fargun-studio/
[2026-07-04T08:49:31Z] #121 attempt=1/2 status=200 0.339s url=https://www.myfonts.com/products/mhexis-complete-family-package-1175016
[2026-07-04T08:49:32Z] #122 attempt=1/2 status=200 0.393s url=https://www.myfonts.com/collections/mhexis-font-timelesstype-studio/
[2026-07-04T08:49:33Z] #123 attempt=1/2 status=200 0.542s url=https://www.myfonts.com/products/mezzogiorno-complete-family-package-1175975
[2026-07-04T08:49:34Z] #124 attempt=1/2 status=200 0.643s url=https://www.myfonts.com/collections/mezzogiorno-font-tarallo-design/
[2026-07-04T08:49:35Z] #125 attempt=1/2 status=200 0.780s url=https://www.myfonts.com/products/regine-complete-family-package-1175643
[2026-07-04T08:49:36Z] #126 attempt=1/2 status=200 0.945s url=https://www.myfonts.com/collections/regine-font-pizzatypefaces/
[2026-07-04T08:49:37Z] #127 attempt=1/2 status=200 0.341s url=https://www.myfonts.com/products/tenford-complete-family-package-1174971
[2026-07-04T08:49:37Z] #128 attempt=1/2 status=200 0.433s url=https://www.myfonts.com/collections/tenford-font-artisan-themes/
[2026-07-04T08:49:38Z] #129 attempt=1/2 status=200 0.338s url=https://www.myfonts.com/products/merpatino-complete-family-package-1175799
[2026-07-04T08:49:38Z] #130 attempt=1/2 status=200 0.461s url=https://www.myfonts.com/collections/merpatino-font-mei-suseno/
[2026-07-04T08:49:39Z] #131 attempt=1/2 status=200 0.492s url=https://www.myfonts.com/products/brave-love-complete-family-package-1175632
[2026-07-04T08:49:40Z] #132 attempt=1/2 status=200 0.574s url=https://www.myfonts.com/collections/brave-love-font-gatype/
[2026-07-04T08:49:40Z] #133 attempt=1/2 status=429 0.033s url=https://www.myfonts.com/products/night-delivery-pro-complete-family-package-1175971
[2026-07-04T08:49:43Z] #134 attempt=2/2 status=200 0.406s url=https://www.myfonts.com/products/night-delivery-pro-complete-family-package-1175971
[2026-07-04T08:49:44Z] #135 attempt=1/2 status=200 0.519s url=https://www.myfonts.com/collections/night-delivery-pro-font-hanoded/
[2026-07-04T08:49:44Z] #136 attempt=1/2 status=200 0.431s url=https://www.myfonts.com/products/cf-angeliki-complete-family-package-1173883
[2026-07-04T08:49:45Z] #137 attempt=1/2 status=200 0.601s url=https://www.myfonts.com/collections/cf-angeliki-font-fonts-gr/
[2026-07-04T08:49:46Z] #138 attempt=1/2 status=200 0.402s url=https://www.myfonts.com/products/early-plum-complete-family-package-1161885
[2026-07-04T08:49:47Z] #139 attempt=1/2 status=200 0.432s url=https://www.myfonts.com/collections/early-plum-font-mans-greback/
[2026-07-04T08:49:47Z] #140 attempt=1/2 status=200 0.409s url=https://www.myfonts.com/products/midnight-asylum-pro-complete-family-package-1175968
[2026-07-04T08:49:48Z] #141 attempt=1/2 status=200 0.466s url=https://www.myfonts.com/collections/midnight-asylum-pro-font-hanoded/
[2026-07-04T08:49:48Z] #142 attempt=1/2 status=429 0.032s url=https://www.myfonts.com/products/macklin-variable-complete-family-package-1175434
[2026-07-04T08:49:51Z] #143 attempt=2/2 status=200 0.516s url=https://www.myfonts.com/products/macklin-variable-complete-family-package-1175434
[2026-07-04T08:49:52Z] #144 attempt=1/2 status=200 0.651s url=https://www.myfonts.com/collections/macklin-variable-font-monotype-imaging/
[2026-07-04T08:49:53Z] #145 attempt=1/2 status=200 0.758s url=https://www.myfonts.com/products/worn-italic-krock-1175470
[2026-07-04T08:49:55Z] #146 attempt=1/2 status=200 1.699s url=https://www.myfonts.com/collections/krock-font-alpercakici/
[2026-07-04T08:49:57Z] #147 attempt=1/6 status=200 1.303s url=https://www.myfonts.com/products.json?limit=100&page=3
[2026-07-04T08:49:58Z] #148 attempt=1/2 status=200 0.414s url=https://www.myfonts.com/products/extralight-italic-ater-display-1175442
[2026-07-04T08:49:59Z] #149 attempt=1/2 status=200 0.751s url=https://www.myfonts.com/collections/ater-display-font-blaze-type/
[2026-07-04T08:49:59Z] #150 attempt=1/2 status=200 0.317s url=https://www.myfonts.com/products/regular-oenoire-1175631
[2026-07-04T08:50:00Z] #151 attempt=1/2 status=200 0.314s url=https://www.myfonts.com/collections/oenoire-font-mkgd/
[2026-07-04T08:50:00Z] #152 attempt=1/2 status=200 0.361s url=https://www.myfonts.com/products/brother-gothic-regular-brother-gothic-1175033
[2026-07-04T08:50:01Z] #153 attempt=1/2 status=200 0.361s url=https://www.myfonts.com/collections/brother-gothic-font-ismanayuda/
[2026-07-04T08:50:01Z] #154 attempt=1/2 status=200 0.262s url=https://www.myfonts.com/products/regular-hygge-adore-1176032
[2026-07-04T08:50:02Z] #155 attempt=1/2 status=200 0.356s url=https://www.myfonts.com/collections/hygge-adore-font-struvictory-art/
[2026-07-04T08:50:03Z] #156 attempt=1/2 status=200 0.305s url=https://www.myfonts.com/products/regular-escamor-1175954
[2026-07-04T08:50:03Z] #157 attempt=1/2 status=200 0.526s url=https://www.myfonts.com/collections/escamor-font-black-junst/
[2026-07-04T08:50:04Z] #158 attempt=1/2 status=200 0.308s url=https://www.myfonts.com/products/decorative-le-tarot-1176030
[2026-07-04T08:50:04Z] #159 attempt=1/2 status=429 0.038s url=https://www.myfonts.com/collections/le-tarot-font-struvictory-art/
[2026-07-04T08:50:07Z] #160 attempt=2/2 status=200 0.433s url=https://www.myfonts.com/collections/le-tarot-font-struvictory-art/
[2026-07-04T08:50:08Z] #161 attempt=1/2 status=200 0.360s url=https://www.myfonts.com/products/regular-elviante-1175114
[2026-07-04T08:50:08Z] #162 attempt=1/2 status=200 0.272s url=https://www.myfonts.com/collections/elviante-font-flawlessandco/
[2026-07-04T08:50:10Z] #163 attempt=1/6 status=200 1.107s url=https://www.myfonts.com/products.json?limit=100&page=4
[2026-07-04T08:50:10Z] #164 attempt=1/2 status=200 0.308s url=https://www.myfonts.com/products/regular-hano-kid-writing-1174899
[2026-07-04T08:50:11Z] #165 attempt=1/2 status=200 0.353s url=https://www.myfonts.com/collections/hano-kid-writing-font-mvmet/
[2026-07-04T08:50:11Z] #166 attempt=1/2 status=429 0.043s url=https://www.myfonts.com/products/regular-bexora-beach-1175351
[2026-07-04T08:50:14Z] #167 attempt=2/2 status=200 0.389s url=https://www.myfonts.com/products/regular-bexora-beach-1175351
[2026-07-04T08:50:14Z] #168 attempt=1/2 status=200 0.329s url=https://www.myfonts.com/collections/bexora-beach-font-maxart/
[2026-07-04T08:50:16Z] #169 attempt=1/6 status=200 1.170s url=https://www.myfonts.com/products.json?limit=100&page=5
[2026-07-04T08:50:17Z] #170 attempt=1/2 status=200 0.361s url=https://www.myfonts.com/products/regular-mulick-benor-1175350
[2026-07-04T08:50:17Z] #171 attempt=1/2 status=200 0.326s url=https://www.myfonts.com/collections/mulick-benor-font-super-dust/
[2026-07-04T08:50:18Z] #172 attempt=1/2 status=200 0.352s url=https://www.myfonts.com/products/regular-tt-qurdisma-1175974
[2026-07-04T08:50:18Z] #173 attempt=1/2 status=200 0.384s url=https://www.myfonts.com/collections/tt-qurdisma-font-typetype/
[2026-07-04T08:50:19Z] #174 attempt=1/2 status=200 0.261s url=https://www.myfonts.com/products/variable-urema-variable-1175800
[2026-07-04T08:50:19Z] #175 attempt=1/2 status=429 0.038s url=https://www.myfonts.com/collections/urema-variable-font-zafira-type/
[2026-07-04T08:50:22Z] #176 attempt=2/2 status=200 0.316s url=https://www.myfonts.com/collections/urema-variable-font-zafira-type/
[2026-07-04T08:50:22Z] #177 attempt=1/2 status=200 0.321s url=https://www.myfonts.com/products/regular-risole-1175752
[2026-07-04T08:50:23Z] #178 attempt=1/2 status=200 0.303s url=https://www.myfonts.com/collections/risole-font-margi-studio/
[2026-07-04T08:50:23Z] #179 attempt=1/2 status=200 0.352s url=https://www.myfonts.com/products/regular-paradise-handwriting-1175031
[2026-07-04T08:50:24Z] #180 attempt=1/2 status=429 0.033s url=https://www.myfonts.com/collections/paradise-handwriting-font-mvmet/
[2026-07-04T08:50:26Z] #181 attempt=2/2 status=200 0.529s url=https://www.myfonts.com/collections/paradise-handwriting-font-mvmet/
[2026-07-04T08:50:27Z] #182 attempt=1/2 status=200 0.320s url=https://www.myfonts.com/products/regular-mltp-rosettiny-1175805
[2026-07-04T08:50:27Z] #183 attempt=1/2 status=200 0.316s url=https://www.myfonts.com/collections/mltp-rosettiny-font-multype-studio/
[2026-07-04T08:50:28Z] #184 attempt=1/2 status=200 0.433s url=https://www.myfonts.com/products/regular-wildflower-notes-1174947
[2026-07-04T08:50:29Z] #185 attempt=1/2 status=200 0.329s url=https://www.myfonts.com/collections/wildflower-notes-font-bluestype-studio/
[2026-07-04T08:50:29Z] #186 attempt=1/2 status=200 0.310s url=https://www.myfonts.com/products/ransahoff-ransahoff-ct-1176060
[2026-07-04T08:50:30Z] #187 attempt=1/2 status=429 0.044s url=https://www.myfonts.com/collections/ransahoff-ct-font-castletype/
[2026-07-04T08:50:32Z] #188 attempt=2/2 status=200 0.479s url=https://www.myfonts.com/collections/ransahoff-ct-font-castletype/
[2026-07-04T08:50:34Z] #189 attempt=1/6 status=200 1.168s url=https://www.myfonts.com/products.json?limit=100&page=6
[2026-07-04T08:50:35Z] #190 attempt=1/2 status=200 0.443s url=https://www.myfonts.com/products/regular-neonray-1176033
[2026-07-04T08:50:35Z] #191 attempt=1/2 status=200 0.310s url=https://www.myfonts.com/collections/neonray-font-phonnastudio/
[2026-07-04T08:50:36Z] #192 attempt=1/2 status=200 0.276s url=https://www.myfonts.com/products/regular-boxvaulth-1174911
[2026-07-04T08:50:36Z] #193 attempt=1/2 status=200 0.355s url=https://www.myfonts.com/collections/boxvaulth-font-mei-suseno/
[2026-07-04T08:50:37Z] #194 attempt=1/2 status=200 0.436s url=https://www.myfonts.com/products/regular-retro-deco-chalk-1175027
[2026-07-04T08:50:37Z] #195 attempt=1/2 status=429 0.048s url=https://www.myfonts.com/collections/retro-deco-chalk-font-mvmet/
[2026-07-04T08:50:40Z] #196 attempt=2/2 status=200 0.369s url=https://www.myfonts.com/collections/retro-deco-chalk-font-mvmet/
[2026-07-04T08:50:42Z] #197 attempt=1/6 status=200 1.146s url=https://www.myfonts.com/products.json?limit=100&page=7
[2026-07-04T08:50:42Z] #198 attempt=1/2 status=200 0.444s url=https://www.myfonts.com/products/regular-mossela-1174938
[2026-07-04T08:50:43Z] #199 attempt=1/2 status=200 0.299s url=https://www.myfonts.com/collections/mossela-font-super-dust/
[2026-07-04T08:50:44Z] #200 attempt=1/2 status=200 0.441s url=https://www.myfonts.com/products/regular-geonica-1176031
[2026-07-04T08:50:44Z] #201 attempt=1/2 status=200 0.353s url=https://www.myfonts.com/collections/geonica-font-struvictory-art/
[2026-07-04T08:50:45Z] #202 attempt=1/2 status=200 0.322s url=https://www.myfonts.com/products/regular-flowpainter-llt-973916
[2026-07-04T08:50:45Z] #203 attempt=1/2 status=200 0.282s url=https://www.myfonts.com/collections/flowpainter-llt-font-lone-letter/
[2026-07-04T08:50:45Z] #204 attempt=1/2 status=429 0.032s url=https://www.myfonts.com/products/limit-file-variable-concept-complete-family-package-1175430
[2026-07-04T08:50:48Z] #205 attempt=2/2 status=200 0.451s url=https://www.myfonts.com/products/limit-file-variable-concept-complete-family-package-1175430
[2026-07-04T08:50:49Z] #206 attempt=1/2 status=200 0.483s url=https://www.myfonts.com/collections/limit-file-variable-concept-font-bold-guys/
[2026-07-04T08:50:51Z] #207 attempt=1/6 status=200 1.124s url=https://www.myfonts.com/products.json?limit=100&page=8
[2026-07-04T08:50:51Z] #208 attempt=1/2 status=200 0.490s url=https://www.myfonts.com/products/48-medium-armin-1175439
[2026-07-04T08:50:52Z] #209 attempt=1/2 status=200 0.537s url=https://www.myfonts.com/collections/armin-font-test-pilot-collective/
[2026-07-04T08:50:53Z] #210 attempt=1/2 status=200 0.572s url=https://www.myfonts.com/collections/armin-font-test-pilot-collective/
[2026-07-04T08:50:54Z] #211 attempt=1/2 status=200 0.567s url=https://www.myfonts.com/products/cf-asty-monospaced-complete-family-package-1173869
[2026-07-04T08:50:54Z] #212 attempt=1/2 status=200 0.524s url=https://www.myfonts.com/collections/cf-asty-monospaced-font-fonts-gr/
[2026-07-04T08:50:55Z] #213 attempt=1/2 status=200 0.332s url=https://www.myfonts.com/products/hirama-complete-family-package-1173950
[2026-07-04T08:50:56Z] #214 attempt=1/2 status=200 0.399s url=https://www.myfonts.com/collections/hirama-font-agung-sudirman/
[2026-07-04T08:50:56Z] #215 attempt=1/2 status=429 0.041s url=https://www.myfonts.com/products/retro-communia-complete-family-package-1175361
[2026-07-04T08:50:59Z] #216 attempt=2/2 status=200 0.390s url=https://www.myfonts.com/products/retro-communia-complete-family-package-1175361
[2026-07-04T08:50:59Z] #217 attempt=1/2 status=200 0.396s url=https://www.myfonts.com/collections/retro-communia-font-ayca-atalay/
[2026-07-04T08:51:00Z] #218 attempt=1/2 status=200 0.393s url=https://www.myfonts.com/products/rengid-afikan-complete-family-package-1175341
[2026-07-04T08:51:01Z] #219 attempt=1/2 status=200 0.556s url=https://www.myfonts.com/collections/rengid-afikan-font-timelesstype-studio/
[2026-07-04T08:51:02Z] #220 attempt=1/2 status=200 1.283s url=https://www.myfonts.com/products/solmerik-complete-family-package-1175133
[2026-07-04T08:51:05Z] #221 attempt=1/2 status=200 2.162s url=https://www.myfonts.com/collections/solmerik-font-mantype-studio/
[2026-07-04T08:51:06Z] #222 attempt=1/2 status=200 0.336s url=https://www.myfonts.com/products/norgiva-complete-family-package-1175034
[2026-07-04T08:51:07Z] #223 attempt=1/2 status=200 0.567s url=https://www.myfonts.com/collections/norgiva-font-jinan-studio/
[2026-07-04T08:51:07Z] #224 attempt=1/2 status=200 0.267s url=https://www.myfonts.com/products/tc-bombay-serif-complete-family-package-1175084
[2026-07-04T08:51:08Z] #225 attempt=1/2 status=200 0.492s url=https://www.myfonts.com/collections/tc-bombay-serif-font-typoclast-studio/
[2026-07-04T08:51:08Z] #226 attempt=1/2 status=200 0.317s url=https://www.myfonts.com/products/morning-lacho-complete-family-package-1174974
[2026-07-04T08:51:09Z] #227 attempt=1/2 status=200 0.406s url=https://www.myfonts.com/collections/morning-lacho-font-timelesstype-studio/
[2026-07-04T08:51:10Z] #228 attempt=1/2 status=200 0.328s url=https://www.myfonts.com/products/coalshackle-complete-family-package-1161882
[2026-07-04T08:51:10Z] #229 attempt=1/2 status=200 0.434s url=https://www.myfonts.com/collections/coalshackle-font-mans-greback/
[2026-07-04T08:51:11Z] #230 attempt=1/2 status=429 0.033s url=https://www.myfonts.com/products/start-playing-cool-complete-family-package-1174958
[2026-07-04T08:51:13Z] #231 attempt=2/2 status=200 0.469s url=https://www.myfonts.com/products/start-playing-cool-complete-family-package-1174958
[2026-07-04T08:51:14Z] #232 attempt=1/2 status=200 0.435s url=https://www.myfonts.com/collections/start-playing-cool-font-pizzadudedk/
[2026-07-04T08:51:15Z] #233 attempt=1/2 status=200 0.348s url=https://www.myfonts.com/products/secret-cantena-complete-family-package-1174954
[2026-07-04T08:51:15Z] #234 attempt=1/2 status=200 0.474s url=https://www.myfonts.com/collections/secret-cantena-font-struggle-studio/
[2026-07-04T08:51:16Z] #235 attempt=1/2 status=200 0.337s url=https://www.myfonts.com/products/madyline-complete-family-package-1175028
[2026-07-04T08:51:17Z] #236 attempt=1/2 status=200 0.378s url=https://www.myfonts.com/collections/madyline-font-adam-fathony/
[2026-07-04T08:51:17Z] #237 attempt=1/2 status=200 0.477s url=https://www.myfonts.com/products/california-poetrisn-complete-family-package-1174901
[2026-07-04T08:51:18Z] #238 attempt=1/2 status=429 0.037s url=https://www.myfonts.com/collections/california-poetrisn-font-suza-studio/
[2026-07-04T08:51:20Z] #239 attempt=2/2 status=200 0.739s url=https://www.myfonts.com/collections/california-poetrisn-font-suza-studio/
[2026-07-04T08:51:21Z] #240 attempt=1/2 status=200 0.330s url=https://www.myfonts.com/products/milano-editorial-vintage-complete-family-package-1174893
[2026-07-04T08:51:22Z] #241 attempt=1/2 status=200 0.361s url=https://www.myfonts.com/collections/milano-editorial-vintage-font-letterfreshstudio/
[2026-07-04T08:51:22Z] #242 attempt=1/2 status=200 0.296s url=https://www.myfonts.com/products/elinkos-complete-family-package-1174998
[2026-07-04T08:51:23Z] #243 attempt=1/2 status=200 0.416s url=https://www.myfonts.com/collections/elinkos-font-timelesstype-studio/
[2026-07-04T08:51:24Z] #244 attempt=1/2 status=200 0.445s url=https://www.myfonts.com/products/hella-punk-complete-family-package-1175061
[2026-07-04T08:51:24Z] #245 attempt=1/2 status=200 0.390s url=https://www.myfonts.com/collections/hella-punk-font-jolicia-type/
[2026-07-04T08:51:25Z] #246 attempt=1/2 status=429 0.038s url=https://www.myfonts.com/products/anticha-atelier-complete-family-package-1175334
[2026-07-04T08:51:27Z] #247 attempt=2/2 status=200 0.366s url=https://www.myfonts.com/products/anticha-atelier-complete-family-package-1175334
[2026-07-04T08:51:28Z] #248 attempt=1/2 status=200 0.375s url=https://www.myfonts.com/collections/anticha-atelier-font-nollev/
[2026-07-04T08:51:28Z] #249 attempt=1/2 status=200 0.346s url=https://www.myfonts.com/products/comsignal-bb-complete-family-package-1174949
[2026-07-04T08:51:29Z] #250 attempt=1/2 status=200 0.404s url=https://www.myfonts.com/collections/comsignal-bb-font-blambot/
[2026-07-04T08:51:30Z] #251 attempt=1/2 status=200 0.369s url=https://www.myfonts.com/products/grakton-complete-family-package-1175338
[2026-07-04T08:51:30Z] #252 attempt=1/2 status=429 0.039s url=https://www.myfonts.com/collections/grakton-font-timelesstype-studio/
[2026-07-04T08:51:33Z] #253 attempt=2/2 status=200 0.505s url=https://www.myfonts.com/collections/grakton-font-timelesstype-studio/
[2026-07-04T08:51:33Z] #254 attempt=1/2 status=200 0.322s url=https://www.myfonts.com/products/black-train-complete-family-package-1175353
[2026-07-04T08:51:34Z] #255 attempt=1/2 status=200 0.576s url=https://www.myfonts.com/collections/black-train-font-tour-de-force/
[2026-07-04T08:51:35Z] #256 attempt=1/2 status=200 0.362s url=https://www.myfonts.com/products/rogue-sable-brush-complete-family-package-1174896
[2026-07-04T08:51:35Z] #257 attempt=1/2 status=200 0.561s url=https://www.myfonts.com/collections/rogue-sable-brush-font-mei-suseno/
[2026-07-04T08:51:36Z] #258 attempt=1/2 status=200 0.368s url=https://www.myfonts.com/products/aukim-ii-variable-complete-family-package-1174944
[2026-07-04T08:51:37Z] #259 attempt=1/2 status=200 0.457s url=https://www.myfonts.com/collections/aukim-ii-variable-font-aukimvisuel/
[2026-07-04T08:51:37Z] #260 attempt=1/2 status=429 0.031s url=https://www.myfonts.com/products/impactors-futuristic-complete-family-package-1174921
[2026-07-04T08:51:40Z] #261 attempt=2/2 status=200 0.391s url=https://www.myfonts.com/products/impactors-futuristic-complete-family-package-1174921
[2026-07-04T08:51:40Z] #262 attempt=1/2 status=200 0.499s url=https://www.myfonts.com/collections/impactors-futuristic-font-minetype/
[2026-07-04T08:51:41Z] #263 attempt=1/2 status=200 0.335s url=https://www.myfonts.com/products/braventra-complete-family-package-1175081
[2026-07-04T08:51:42Z] #264 attempt=1/2 status=200 0.390s url=https://www.myfonts.com/collections/braventra-font-cocodesign/
[2026-07-04T08:51:42Z] #265 attempt=1/2 status=200 0.344s url=https://www.myfonts.com/products/regular-koopers-trend-1174970
[2026-07-04T08:51:43Z] #266 attempt=1/2 status=200 0.295s url=https://www.myfonts.com/collections/koopers-trend-font-flawlessandco/
[2026-07-04T08:51:43Z] #267 attempt=1/2 status=429 0.031s url=https://www.myfonts.com/products/regular-hot-fire-1174941
[2026-07-04T08:51:46Z] #268 attempt=2/2 status=200 0.330s url=https://www.myfonts.com/products/regular-hot-fire-1174941
[2026-07-04T08:51:46Z] #269 attempt=1/2 status=200 0.282s url=https://www.myfonts.com/collections/hot-fire-font-mvmet/
[2026-07-04T08:51:47Z] #270 attempt=1/2 status=200 0.346s url=https://www.myfonts.com/products/regular-grande-1175352
[2026-07-04T08:51:47Z] #271 attempt=1/2 status=200 0.283s url=https://www.myfonts.com/collections/grande-font-jaruka-creative/
[2026-07-04T08:51:49Z] #272 attempt=1/6 status=200 1.099s url=https://www.myfonts.com/products.json?limit=100&page=9
[2026-07-04T08:51:49Z] #273 attempt=1/2 status=200 0.302s url=https://www.myfonts.com/products/regular-boney-mellina-1174927
[2026-07-04T08:51:50Z] #274 attempt=1/2 status=200 0.281s url=https://www.myfonts.com/collections/boney-mellina-font-super-dust/
[2026-07-04T08:51:50Z] #275 attempt=1/2 status=429 0.039s url=https://www.myfonts.com/products/bojagi-regular-bojagi-1175040
[2026-07-04T08:51:53Z] #276 attempt=2/2 status=200 0.350s url=https://www.myfonts.com/products/bojagi-regular-bojagi-1175040
[2026-07-04T08:51:53Z] #277 attempt=1/2 status=200 0.318s url=https://www.myfonts.com/collections/bojagi-font-flawlessandco/
[2026-07-04T08:51:54Z] #278 attempt=1/2 status=200 0.382s url=https://www.myfonts.com/products/regular-jelly-bloom-1174939
[2026-07-04T08:51:55Z] #279 attempt=1/2 status=200 0.309s url=https://www.myfonts.com/collections/jelly-bloom-font-super-dust/
[2026-07-04T08:51:55Z] #280 attempt=1/2 status=200 0.331s url=https://www.myfonts.com/products/regular-graftextlif-1175094
[2026-07-04T08:51:55Z] #281 attempt=1/2 status=429 0.036s url=https://www.myfonts.com/collections/graftextlif-font-niamullah-aqil/
[2026-07-04T08:51:58Z] #282 attempt=2/2 status=200 0.300s url=https://www.myfonts.com/collections/graftextlif-font-niamullah-aqil/
[2026-07-04T08:51:58Z] #283 attempt=1/2 status=200 0.338s url=https://www.myfonts.com/products/regular-gimro-1175065
[2026-07-04T08:51:59Z] #284 attempt=1/2 status=200 0.291s url=https://www.myfonts.com/collections/gimro-font-pandeka-studio/
[2026-07-04T08:52:01Z] #285 attempt=1/6 status=200 0.952s url=https://www.myfonts.com/products.json?limit=100&page=10
[2026-07-04T08:52:01Z] #286 attempt=1/2 status=200 0.313s url=https://www.myfonts.com/products/regular-pixel-hype-1174926
[2026-07-04T08:52:02Z] #287 attempt=1/2 status=200 0.361s url=https://www.myfonts.com/collections/pixel-hype-font-xalt-typography/
[2026-07-04T08:52:02Z] #288 attempt=1/2 status=200 0.385s url=https://www.myfonts.com/products/regular-yep-1174943
[2026-07-04T08:52:03Z] #289 attempt=1/2 status=200 0.452s url=https://www.myfonts.com/collections/yep-font-xalt-typography/
[2026-07-04T08:52:03Z] #290 attempt=1/2 status=429 0.060s url=https://www.myfonts.com/products/regular-lifloon-1175080
[2026-07-04T08:52:06Z] #291 attempt=2/2 status=200 0.411s url=https://www.myfonts.com/products/regular-lifloon-1175080
[2026-07-04T08:52:06Z] #292 attempt=1/2 status=200 0.250s url=https://www.myfonts.com/collections/lifloon-font-linecreative/
[2026-07-04T08:52:07Z] #293 attempt=1/2 status=200 0.367s url=https://www.myfonts.com/products/regular-gothic-ancient-dragon-1174900
[2026-07-04T08:52:07Z] #294 attempt=1/2 status=200 0.222s url=https://www.myfonts.com/collections/gothic-ancient-dragon-font-mvmet/
[2026-07-04T08:52:08Z] #295 attempt=1/2 status=200 0.278s url=https://www.myfonts.com/products/regular-bonrage-1174978
[2026-07-04T08:52:08Z] #296 attempt=1/2 status=429 0.034s url=https://www.myfonts.com/collections/bonrage-font-vadova-std/
[2026-07-04T08:52:11Z] #297 attempt=2/2 status=200 0.414s url=https://www.myfonts.com/collections/bonrage-font-vadova-std/
[2026-07-04T08:52:11Z] #298 attempt=1/2 status=200 0.293s url=https://www.myfonts.com/products/regular-japan-brush-1175366
[2026-07-04T08:52:12Z] #299 attempt=1/2 status=200 0.283s url=https://www.myfonts.com/collections/japan-brush-font-mvmet/
[2026-07-04T08:52:14Z] #300 attempt=1/6 status=200 1.093s url=https://www.myfonts.com/products.json?limit=100&page=11
[2026-07-04T08:52:14Z] #301 attempt=1/2 status=200 0.338s url=https://www.myfonts.com/products/regular-navore-1174977
[2026-07-04T08:52:15Z] #302 attempt=1/2 status=200 0.355s url=https://www.myfonts.com/collections/navore-font-rasio-studio/
[2026-07-04T08:52:15Z] #303 attempt=1/2 status=200 0.396s url=https://www.myfonts.com/products/sad-night-complete-family-package-1174963
[2026-07-04T08:52:16Z] #304 attempt=1/2 status=429 0.037s url=https://www.myfonts.com/collections/sad-night-font-struggle-studio/
[2026-07-04T08:52:19Z] #305 attempt=2/2 status=200 0.642s url=https://www.myfonts.com/collections/sad-night-font-struggle-studio/
[2026-07-04T08:52:20Z] #306 attempt=1/2 status=200 0.952s url=https://www.myfonts.com/products/traced-italic-tokara-1174849
[2026-07-04T08:52:21Z] #307 attempt=1/2 status=200 1.463s url=https://www.myfonts.com/collections/tokara-font-alpercakici/
[2026-07-04T08:52:23Z] #308 attempt=1/2 status=200 0.629s url=https://www.myfonts.com/products/oblique-black-auranix-expanded-1175024
[2026-07-04T08:52:24Z] #309 attempt=1/2 status=200 1.128s url=https://www.myfonts.com/collections/auranix-expanded-font-jinan-studio/
[2026-07-04T08:52:25Z] #310 attempt=1/2 status=200 0.430s url=https://www.myfonts.com/products/light-rhimen-1174931
[2026-07-04T08:52:25Z] #311 attempt=1/2 status=200 0.529s url=https://www.myfonts.com/collections/rhimen-font-luminatype-studio/
[2026-07-04T08:52:26Z] #312 attempt=1/2 status=200 0.460s url=https://www.myfonts.com/products/thin-italic-morvetra-tm-1175317
[2026-07-04T08:52:27Z] #313 attempt=1/2 status=200 0.713s url=https://www.myfonts.com/collections/morvetra-tm-font-twinletter/
[2026-07-04T08:52:28Z] #314 attempt=1/2 status=200 0.517s url=https://www.myfonts.com/products/black-italic-mireno-sans-1175131
[2026-07-04T08:52:29Z] #315 attempt=1/2 status=200 0.566s url=https://www.myfonts.com/collections/mireno-sans-font-syauqi-studio/
[2026-07-04T08:52:30Z] #316 attempt=1/2 status=200 0.455s url=https://www.myfonts.com/products/black-italic-animetry-1175386
[2026-07-04T08:52:31Z] #317 attempt=1/2 status=200 0.853s url=https://www.myfonts.com/collections/animetry-font-syntype/
[2026-07-04T08:52:31Z] #318 attempt=1/2 status=200 0.383s url=https://www.myfonts.com/products/semi-bold-oblique-finlado-1175107
[2026-07-04T08:52:32Z] #319 attempt=1/2 status=200 0.632s url=https://www.myfonts.com/collections/finlado-font-bartama-graphic/
[2026-07-04T08:52:34Z] #320 attempt=1/6 status=200 1.122s url=https://www.myfonts.com/products.json?limit=100&page=12
[2026-07-04T08:52:35Z] #321 attempt=1/2 status=200 0.413s url=https://www.myfonts.com/products/slant-oras-1175067
[2026-07-04T08:52:35Z] #322 attempt=1/2 status=200 0.374s url=https://www.myfonts.com/collections/oras-font-pandeka-studio/
[2026-07-04T08:52:36Z] #323 attempt=1/2 status=200 0.322s url=https://www.myfonts.com/products/bold-cotoris-545181
[2026-07-04T08:52:36Z] #324 attempt=1/2 status=200 0.444s url=https://www.myfonts.com/collections/cotoris-font-dharma-type/
[2026-07-04T08:52:37Z] #325 attempt=1/2 status=200 0.409s url=https://www.myfonts.com/products/rasley-heights-complete-family-package-1161877
[2026-07-04T08:52:38Z] #326 attempt=1/2 status=200 0.418s url=https://www.myfonts.com/collections/rasley-heights-font-mans-greback/
[2026-07-04T08:52:38Z] #327 attempt=1/2 status=429 0.052s url=https://www.myfonts.com/products/larolinea-complete-family-package-1171321
[2026-07-04T08:52:41Z] #328 attempt=2/2 status=200 0.492s url=https://www.myfonts.com/products/larolinea-complete-family-package-1171321
[2026-07-04T08:52:42Z] #329 attempt=1/2 status=200 0.820s url=https://www.myfonts.com/collections/larolinea-font-syafbe/
[2026-07-04T08:52:43Z] #330 attempt=1/2 status=200 0.515s url=https://www.myfonts.com/products/velique-sans-complete-family-package-1162953
[2026-07-04T08:52:44Z] #331 attempt=1/2 status=200 0.807s url=https://www.myfonts.com/collections/velique-sans-font-syauqi-studio/
[2026-07-04T08:52:44Z] #332 attempt=1/2 status=200 0.382s url=https://www.myfonts.com/products/virea-complete-family-package-1173775
[2026-07-04T08:52:45Z] #333 attempt=1/2 status=200 0.462s url=https://www.myfonts.com/collections/virea-font-ceeskiiw/
[2026-07-04T08:52:46Z] #334 attempt=1/2 status=200 0.334s url=https://www.myfonts.com/products/regular-happy-crayon-handwriting-1174940
[2026-07-04T08:52:46Z] #335 attempt=1/2 status=200 0.302s url=https://www.myfonts.com/collections/happy-crayon-handwriting-font-mvmet/
[2026-07-04T08:52:47Z] #336 attempt=1/2 status=200 0.291s url=https://www.myfonts.com/products/pro-bonex-1174942
[2026-07-04T08:52:47Z] #337 attempt=1/2 status=429 0.099s url=https://www.myfonts.com/collections/bonex-font-high-definition-soul/
[2026-07-04T08:52:50Z] #338 attempt=2/2 status=200 0.434s url=https://www.myfonts.com/collections/bonex-font-high-definition-soul/
[2026-07-04T08:52:51Z] #339 attempt=1/6 status=200 1.006s url=https://www.myfonts.com/products.json?limit=100&page=13
[2026-07-04T08:52:52Z] #340 attempt=1/2 status=200 0.274s url=https://www.myfonts.com/products/regular-ink-drips-tag-marker-1175365
[2026-07-04T08:52:52Z] #341 attempt=1/2 status=200 0.299s url=https://www.myfonts.com/collections/ink-drips-tag-marker-font-mvmet/
[2026-07-04T08:52:53Z] #342 attempt=1/2 status=200 0.399s url=https://www.myfonts.com/products/phase-grotesk-complete-family-package-1173978
[2026-07-04T08:52:54Z] #343 attempt=1/2 status=200 0.566s url=https://www.myfonts.com/collections/phase-grotesk-font-font-catalogue/
[2026-07-04T08:52:55Z] #344 attempt=1/2 status=200 1.054s url=https://www.myfonts.com/products/xbold-limit-display-1174686
[2026-07-04T08:52:57Z] #345 attempt=1/2 status=200 1.841s url=https://www.myfonts.com/collections/limit-display-font-bold-guys/
[2026-07-04T08:52:58Z] #346 attempt=1/2 status=200 0.420s url=https://www.myfonts.com/products/light-honfleur-1174595
[2026-07-04T08:52:59Z] #347 attempt=1/2 status=200 0.616s url=https://www.myfonts.com/collections/honfleur-font-typodermic/
[2026-07-04T08:53:00Z] #348 attempt=1/2 status=200 0.841s url=https://www.myfonts.com/products/condensed-xbold-italic-limit-micro-1174571
[2026-07-04T08:53:02Z] #349 attempt=1/2 status=200 1.206s url=https://www.myfonts.com/collections/limit-micro-font-bold-guys/
[2026-07-04T08:53:04Z] #350 attempt=1/6 status=200 1.081s url=https://www.myfonts.com/products.json?limit=100&page=14
[2026-07-04T08:53:04Z] #351 attempt=1/2 status=200 0.738s url=https://www.myfonts.com/products/light-cmx-1175397
[2026-07-04T08:53:05Z] #352 attempt=1/2 status=200 0.635s url=https://www.myfonts.com/collections/cmx-font-ixipcalli/
[2026-07-04T08:53:06Z] #353 attempt=1/2 status=200 0.318s url=https://www.myfonts.com/products/italic-limit-text-variable-concept-1174609
[2026-07-04T08:53:07Z] #354 attempt=1/2 status=200 0.359s url=https://www.myfonts.com/collections/limit-text-variable-concept-font-bold-guys/
[2026-07-04T08:53:07Z] #355 attempt=1/2 status=200 0.360s url=https://www.myfonts.com/products/regular-reinhardt-1175093
[2026-07-04T08:53:08Z] #356 attempt=1/2 status=200 0.299s url=https://www.myfonts.com/collections/reinhardt-font-brainware-graphic/
[2026-07-04T08:53:08Z] #357 attempt=1/2 status=200 0.302s url=https://www.myfonts.com/products/limit-variable-concept-upright-limit-variable-concept-full-1174701
[2026-07-04T08:53:09Z] #358 attempt=1/2 status=200 0.375s url=https://www.myfonts.com/collections/limit-variable-concept-full-font-bold-guys/
[2026-07-04T08:53:09Z] #359 attempt=1/2 status=200 0.326s url=https://www.myfonts.com/products/italic-limit-display-variable-concept-1174698
[2026-07-04T08:53:10Z] #360 attempt=1/2 status=429 0.033s url=https://www.myfonts.com/collections/limit-display-variable-concept-font-bold-guys/
[2026-07-04T08:53:12Z] #361 attempt=2/2 status=200 0.476s url=https://www.myfonts.com/collections/limit-display-variable-concept-font-bold-guys/
[2026-07-04T08:53:13Z] #362 attempt=1/2 status=200 0.377s url=https://www.myfonts.com/products/regular-special-editorial-1175032
[2026-07-04T08:53:14Z] #363 attempt=1/2 status=200 0.272s url=https://www.myfonts.com/collections/special-editorial-font-letterfreshstudio/
[2026-07-04T08:53:15Z] #364 attempt=1/6 status=200 1.082s url=https://www.myfonts.com/products.json?limit=100&page=15
[2026-07-04T08:53:16Z] #365 attempt=1/2 status=200 0.344s url=https://www.myfonts.com/products/rounded-alien-block-plus-1174540
[2026-07-04T08:53:16Z] #366 attempt=1/2 status=200 0.373s url=https://www.myfonts.com/collections/alien-block-plus-font-koci/
[2026-07-04T08:53:17Z] #367 attempt=1/2 status=200 0.301s url=https://www.myfonts.com/products/ksmv-o-black-ksmv-o-1151063
[2026-07-04T08:53:18Z] #368 attempt=1/2 status=200 0.349s url=https://www.myfonts.com/collections/ksmv-o-font-o-type-foundry/
[2026-07-04T08:53:18Z] #369 attempt=1/2 status=429 0.032s url=https://www.myfonts.com/products/bold-italic-sagres-1161876
[2026-07-04T08:53:20Z] #370 attempt=2/2 status=200 0.326s url=https://www.myfonts.com/products/bold-italic-sagres-1161876
[2026-07-04T08:53:21Z] #371 attempt=1/2 status=200 0.586s url=https://www.myfonts.com/collections/sagres-font-mans-greback/
[2026-07-04T08:53:22Z] #372 attempt=1/2 status=200 0.561s url=https://www.myfonts.com/products/selfion-basic-family-9-styles-package-1174704
[2026-07-04T08:53:23Z] #373 attempt=1/2 status=200 0.881s url=https://www.myfonts.com/collections/selfion-font-gusetype/
[2026-07-04T08:53:24Z] #374 attempt=1/2 status=200 0.402s url=https://www.myfonts.com/products/limit-micro-variable-concept-complete-family-package-1174586
[2026-07-04T08:53:25Z] #375 attempt=1/2 status=200 0.513s url=https://www.myfonts.com/collections/limit-micro-variable-concept-font-bold-guys/
[2026-07-04T08:53:25Z] #376 attempt=1/2 status=200 0.474s url=https://www.myfonts.com/products/naolica-complete-family-package-1175387
[2026-07-04T08:53:26Z] #377 attempt=1/2 status=200 0.459s url=https://www.myfonts.com/collections/naolica-font-ixipcalli/
[2026-07-04T08:53:26Z] #378 attempt=1/2 status=429 0.043s url=https://www.myfonts.com/products/ksw-uberground-package-937850
[2026-07-04T08:53:29Z] #379 attempt=2/2 status=200 0.390s url=https://www.myfonts.com/products/ksw-uberground-package-937850
[2026-07-04T08:53:29Z] #380 attempt=1/2 status=404 0.221s url=https://www.myfonts.com/collections/ksw-uberground-font-koshawa
[2026-07-04T08:53:31Z] #381 attempt=1/6 status=200 1.066s url=https://www.myfonts.com/products.json?limit=100&page=16
[2026-07-04T08:53:32Z] #382 attempt=1/2 status=200 0.491s url=https://www.myfonts.com/products/slipway-tales-complete-family-package-1161867
[2026-07-04T08:53:32Z] #383 attempt=1/2 status=200 0.536s url=https://www.myfonts.com/collections/slipway-tales-font-mans-greback/
[2026-07-04T08:53:33Z] #384 attempt=1/2 status=200 0.341s url=https://www.myfonts.com/products/thin-kepater-variable-1174537
[2026-07-04T08:53:34Z] #385 attempt=1/2 status=200 0.275s url=https://www.myfonts.com/collections/kepater-variable-font-differentialtype/
[2026-07-04T08:53:35Z] #386 attempt=1/2 status=200 0.937s url=https://www.myfonts.com/products/foermality-superfamily-package-1174536
[2026-07-04T08:53:35Z] #387 attempt=1/2 status=404 0.190s url=https://www.myfonts.com/collections/foermality-superfamily-font-laroyba-type
[2026-07-04T08:53:35Z] #388 attempt=1/2 status=429 0.040s url=https://www.myfonts.com/products/eraone-complete-family-package-1174451
[2026-07-04T08:53:39Z] #389 attempt=2/2 status=200 0.900s url=https://www.myfonts.com/products/eraone-complete-family-package-1174451
[2026-07-04T08:53:41Z] #390 attempt=1/2 status=200 1.719s url=https://www.myfonts.com/collections/eraone-font-alpercakici/
[2026-07-04T08:53:42Z] #391 attempt=1/6 status=200 1.095s url=https://www.myfonts.com/products.json?limit=100&page=17
[2026-07-04T08:53:43Z] #392 attempt=1/2 status=200 0.409s url=https://www.myfonts.com/products/evening-noise-complete-family-package-1174390
[2026-07-04T08:53:44Z] #393 attempt=1/2 status=200 0.481s url=https://www.myfonts.com/collections/evening-noise-font-hanoded/
[2026-07-04T08:53:44Z] #394 attempt=1/2 status=200 0.433s url=https://www.myfonts.com/products/pesta-babi-complete-family-package-1174387
[2026-07-04T08:53:45Z] #395 attempt=1/2 status=200 0.461s url=https://www.myfonts.com/collections/pesta-babi-font-hanoded/
[2026-07-04T08:53:46Z] #396 attempt=1/2 status=200 0.347s url=https://www.myfonts.com/products/western-choice-complete-family-package-1161862
[2026-07-04T08:53:47Z] #397 attempt=1/2 status=200 0.598s url=https://www.myfonts.com/collections/western-choice-font-mans-greback/
[2026-07-04T08:53:47Z] #398 attempt=1/2 status=200 0.384s url=https://www.myfonts.com/products/ocsquid-complete-family-package-1174432
[2026-07-04T08:53:48Z] #399 attempt=1/2 status=200 0.670s url=https://www.myfonts.com/collections/ocsquid-font-alpercakici/
[2026-07-04T08:53:49Z] #400 attempt=1/2 status=200 0.390s url=https://www.myfonts.com/products/limit-frwy-variable-concept-complete-family-package-1174428
[2026-07-04T08:53:50Z] #401 attempt=1/2 status=200 0.426s url=https://www.myfonts.com/collections/limit-frwy-variable-concept-font-bold-guys/
[2026-07-04T08:53:50Z] #402 attempt=1/2 status=200 0.544s url=https://www.myfonts.com/products/limit-frwy-normal-package-1174427
[2026-07-04T08:53:52Z] #403 attempt=1/2 status=200 1.394s url=https://www.myfonts.com/collections/limit-frwy-font-bold-guys/
[2026-07-04T08:53:53Z] #404 attempt=1/2 status=200 0.277s url=https://www.myfonts.com/products/regular-te-hafs2-tharwat-emara2-1012045
[2026-07-04T08:53:53Z] #405 attempt=1/2 status=200 0.401s url=https://www.myfonts.com/collections/te-hafs2-tharwat-emara2-font-tharwat-emara/
[2026-07-04T08:53:54Z] #406 attempt=1/2 status=200 0.355s url=https://www.myfonts.com/products/genty-pixel-complete-family-package-1174125
[2026-07-04T08:53:54Z] #407 attempt=1/2 status=429 0.038s url=https://www.myfonts.com/collections/genty-pixel-font-flavortype/
[2026-07-04T08:53:57Z] #408 attempt=2/2 status=200 0.541s url=https://www.myfonts.com/collections/genty-pixel-font-flavortype/
[2026-07-04T08:53:58Z] #409 attempt=1/2 status=200 0.495s url=https://www.myfonts.com/products/vastergard-complete-family-package-1174109
[2026-07-04T08:53:59Z] #410 attempt=1/2 status=200 0.879s url=https://www.myfonts.com/collections/vastergard-font-ghozai-studio/
[2026-07-04T08:53:59Z] #411 attempt=1/2 status=200 0.346s url=https://www.myfonts.com/products/abets-complete-family-package-1174009
[2026-07-04T08:54:00Z] #412 attempt=1/2 status=200 0.394s url=https://www.myfonts.com/collections/abets-font-zaain-type/
[2026-07-04T08:54:01Z] #413 attempt=1/2 status=200 0.426s url=https://www.myfonts.com/products/milano-editorial-vintage-script-complete-family-package-1174349
[2026-07-04T08:54:01Z] #414 attempt=1/2 status=200 0.402s url=https://www.myfonts.com/collections/milano-editorial-vintage-script-font-letterfreshstudio/
[2026-07-04T08:54:02Z] #415 attempt=1/2 status=200 0.362s url=https://www.myfonts.com/products/sunday-monare-complete-family-package-1174006
[2026-07-04T08:54:02Z] #416 attempt=1/2 status=429 0.041s url=https://www.myfonts.com/collections/sunday-monare-font-mega-type/
[2026-07-04T08:54:05Z] #417 attempt=2/2 status=200 0.477s url=https://www.myfonts.com/collections/sunday-monare-font-mega-type/
[2026-07-04T08:54:06Z] #418 attempt=1/2 status=200 0.403s url=https://www.myfonts.com/products/rolane-complete-family-package-1174342
[2026-07-04T08:54:06Z] #419 attempt=1/2 status=200 0.475s url=https://www.myfonts.com/collections/rolane-font-burntilldead/
[2026-07-04T08:54:07Z] #420 attempt=1/2 status=200 0.327s url=https://www.myfonts.com/products/miss-brittle-complete-family-package-1173998
[2026-07-04T08:54:08Z] #421 attempt=1/2 status=200 0.563s url=https://www.myfonts.com/collections/miss-brittle-font-lebbad-design/
[2026-07-04T08:54:09Z] #422 attempt=1/2 status=200 0.829s url=https://www.myfonts.com/products/recola-complete-family-package-1174215
[2026-07-04T08:54:10Z] #423 attempt=1/2 status=200 1.237s url=https://www.myfonts.com/collections/recola-font-slex-studio/
[2026-07-04T08:54:11Z] #424 attempt=1/2 status=200 0.304s url=https://www.myfonts.com/products/bulettar-sundel-complete-family-package-1172165
[2026-07-04T08:54:12Z] #425 attempt=1/2 status=200 0.460s url=https://www.myfonts.com/collections/bulettar-sundel-font-letterena-studios/
[2026-07-04T08:54:13Z] #426 attempt=1/2 status=200 0.346s url=https://www.myfonts.com/products/beautiful-malera-complete-family-package-1174102
[2026-07-04T08:54:13Z] #427 attempt=1/2 status=200 0.447s url=https://www.myfonts.com/collections/beautiful-malera-font-yoga-letter/
[2026-07-04T08:54:14Z] #428 attempt=1/2 status=429 0.031s url=https://www.myfonts.com/products/sunshine-outink-complete-family-package-1172148
[2026-07-04T08:54:16Z] #429 attempt=2/2 status=200 0.482s url=https://www.myfonts.com/products/sunshine-outink-complete-family-package-1172148
[2026-07-04T08:54:17Z] #430 attempt=1/2 status=200 0.411s url=https://www.myfonts.com/collections/sunshine-outink-font-letterena-studios/
[2026-07-04T08:54:18Z] #431 attempt=1/2 status=200 1.172s url=https://www.myfonts.com/products/helvetica-now-complete-family-package-1174211
[2026-07-04T08:54:20Z] #432 attempt=1/2 status=200 1.631s url=https://www.myfonts.com/collections/helvetica-now-font-monotype-imaging/
[2026-07-04T08:54:21Z] #433 attempt=1/2 status=200 0.331s url=https://www.myfonts.com/products/bracelet-script-complete-family-package-1161857
[2026-07-04T08:54:22Z] #434 attempt=1/2 status=200 0.523s url=https://www.myfonts.com/collections/bracelet-script-font-mans-greback/
[2026-07-04T08:54:22Z] #435 attempt=1/2 status=200 0.290s url=https://www.myfonts.com/products/regular-bellinati-1174005
[2026-07-04T08:54:23Z] #436 attempt=1/2 status=200 0.278s url=https://www.myfonts.com/collections/bellinati-font-black-junst/
[2026-07-04T08:54:24Z] #437 attempt=1/2 status=200 0.374s url=https://www.myfonts.com/products/regular-struxgle-1174004
[2026-07-04T08:54:24Z] #438 attempt=1/2 status=200 0.285s url=https://www.myfonts.com/collections/struxgle-font-nian-keun-studio/
[2026-07-04T08:54:25Z] #439 attempt=1/2 status=200 0.331s url=https://www.myfonts.com/products/regular-pr-swirlies-11-1174374
[2026-07-04T08:54:25Z] #440 attempt=1/2 status=429 0.031s url=https://www.myfonts.com/collections/pr-swirlies-11-font-pr-fonts/
[2026-07-04T08:54:28Z] #441 attempt=2/2 status=200 0.425s url=https://www.myfonts.com/collections/pr-swirlies-11-font-pr-fonts/
[2026-07-04T08:54:28Z] #442 attempt=1/2 status=200 0.365s url=https://www.myfonts.com/products/regular-pr-swells-01-1174367
[2026-07-04T08:54:29Z] #443 attempt=1/2 status=200 0.295s url=https://www.myfonts.com/collections/pr-swells-01-font-pr-fonts/
[2026-07-04T08:54:30Z] #444 attempt=1/6 status=200 1.084s url=https://www.myfonts.com/products.json?limit=100&page=18
[2026-07-04T08:54:31Z] #445 attempt=1/2 status=200 0.318s url=https://www.myfonts.com/products/regular-pr-xmas-doodles-01-1174380
[2026-07-04T08:54:31Z] #446 attempt=1/2 status=200 0.330s url=https://www.myfonts.com/collections/pr-xmas-doodles-01-font-pr-fonts/
[2026-07-04T08:54:32Z] #447 attempt=1/2 status=200 0.539s url=https://www.myfonts.com/products/regular-pr-hallowdoodles-01-1174357
[2026-07-04T08:54:33Z] #448 attempt=1/2 status=200 0.287s url=https://www.myfonts.com/collections/pr-hallowdoodles-01-font-pr-fonts/
[2026-07-04T08:54:33Z] #449 attempt=1/2 status=200 0.328s url=https://www.myfonts.com/products/regular-pr-foxtail-01-1174356
[2026-07-04T08:54:34Z] #450 attempt=1/2 status=429 0.038s url=https://www.myfonts.com/collections/pr-foxtail-01-font-pr-fonts/
[2026-07-04T08:54:36Z] #451 attempt=2/2 status=200 0.442s url=https://www.myfonts.com/collections/pr-foxtail-01-font-pr-fonts/
[2026-07-04T08:54:37Z] #452 attempt=1/2 status=200 0.282s url=https://www.myfonts.com/products/regular-pr-valendoodle-01-1174385
[2026-07-04T08:54:37Z] #453 attempt=1/2 status=200 0.266s url=https://www.myfonts.com/collections/pr-valendoodle-01-font-pr-fonts/
[2026-07-04T08:54:38Z] #454 attempt=1/2 status=200 0.291s url=https://www.myfonts.com/products/regular-pr-snowflakes-01-1174377
[2026-07-04T08:54:38Z] #455 attempt=1/2 status=429 0.035s url=https://www.myfonts.com/collections/pr-snowflakes-01-font-pr-fonts/
[2026-07-04T08:54:41Z] #456 attempt=2/2 status=200 0.355s url=https://www.myfonts.com/collections/pr-snowflakes-01-font-pr-fonts/
[2026-07-04T08:54:41Z] #457 attempt=1/2 status=200 0.284s url=https://www.myfonts.com/products/regular-pr-bramble-wood-1-1174368
[2026-07-04T08:54:42Z] #458 attempt=1/2 status=200 0.290s url=https://www.myfonts.com/collections/pr-bramble-wood-1-font-pr-fonts/
[2026-07-04T08:54:42Z] #459 attempt=1/2 status=200 0.326s url=https://www.myfonts.com/products/regular-pr-scrolls-1174360
[2026-07-04T08:54:43Z] #460 attempt=1/2 status=200 0.335s url=https://www.myfonts.com/collections/pr-scrolls-font-pr-fonts/
[2026-07-04T08:54:43Z] #461 attempt=1/2 status=429 0.044s url=https://www.myfonts.com/products/regular-pr-nouveau-ornaments-01-1174359
[2026-07-04T08:54:46Z] #462 attempt=2/2 status=200 0.346s url=https://www.myfonts.com/products/regular-pr-nouveau-ornaments-01-1174359
[2026-07-04T08:54:46Z] #463 attempt=1/2 status=200 0.348s url=https://www.myfonts.com/collections/pr-nouveau-ornaments-01-font-pr-fonts/
[2026-07-04T08:54:47Z] #464 attempt=1/2 status=200 0.285s url=https://www.myfonts.com/products/regular-pr-swirlies-06-1174353
[2026-07-04T08:54:47Z] #465 attempt=1/2 status=200 0.297s url=https://www.myfonts.com/collections/pr-swirlies-06-font-pr-fonts/
[2026-07-04T08:54:48Z] #466 attempt=1/2 status=200 0.341s url=https://www.myfonts.com/products/regular-pr-scrolls-02-1174375
[2026-07-04T08:54:48Z] #467 attempt=1/2 status=429 0.033s url=https://www.myfonts.com/collections/pr-scrolls-02-font-pr-fonts/
[2026-07-04T08:54:51Z] #468 attempt=2/2 status=200 0.532s url=https://www.myfonts.com/collections/pr-scrolls-02-font-pr-fonts/
[2026-07-04T08:54:52Z] #469 attempt=1/2 status=200 0.264s url=https://www.myfonts.com/products/regular-pr-swirlies-03-1174379
[2026-07-04T08:54:52Z] #470 attempt=1/2 status=200 0.324s url=https://www.myfonts.com/collections/pr-swirlies-03-font-pr-fonts/
[2026-07-04T08:54:53Z] #471 attempt=1/2 status=200 0.296s url=https://www.myfonts.com/products/regular-pr-sprucewood-01-1174366
[2026-07-04T08:54:53Z] #472 attempt=1/2 status=200 0.244s url=https://www.myfonts.com/collections/pr-sprucewood-01-font-pr-fonts/
[2026-07-04T08:54:54Z] #473 attempt=1/2 status=200 0.300s url=https://www.myfonts.com/products/regular-pr-scrolls-03-1174361
[2026-07-04T08:54:54Z] #474 attempt=1/2 status=429 0.040s url=https://www.myfonts.com/collections/pr-scrolls-03-font-pr-fonts/
[2026-07-04T08:54:57Z] #475 attempt=2/2 status=200 0.513s url=https://www.myfonts.com/collections/pr-scrolls-03-font-pr-fonts/
[2026-07-04T08:54:57Z] #476 attempt=1/2 status=200 0.306s url=https://www.myfonts.com/products/regular-pr-swirlies-13-1174352
[2026-07-04T08:54:58Z] #477 attempt=1/2 status=200 0.290s url=https://www.myfonts.com/collections/pr-swirlies-13-font-pr-fonts/
[2026-07-04T08:54:59Z] #478 attempt=1/6 status=200 1.003s url=https://www.myfonts.com/products.json?limit=100&page=19
[2026-07-04T08:55:00Z] #479 attempt=1/2 status=200 0.333s url=https://www.myfonts.com/products/regular-pr-swirlies-02-1174383
[2026-07-04T08:55:00Z] #480 attempt=1/2 status=200 0.444s url=https://www.myfonts.com/collections/pr-swirlies-02-font-pr-fonts/
[2026-07-04T08:55:01Z] #481 attempt=1/2 status=200 0.343s url=https://www.myfonts.com/products/regular-pr-swirlies-09-1174376
[2026-07-04T08:55:01Z] #482 attempt=1/2 status=429 0.037s url=https://www.myfonts.com/collections/pr-swirlies-09-font-pr-fonts/
[2026-07-04T08:55:04Z] #483 attempt=2/2 status=200 0.682s url=https://www.myfonts.com/collections/pr-swirlies-09-font-pr-fonts/
[2026-07-04T08:55:05Z] #484 attempt=1/2 status=200 0.338s url=https://www.myfonts.com/products/regular-tonia-1174108
[2026-07-04T08:55:05Z] #485 attempt=1/2 status=200 0.328s url=https://www.myfonts.com/collections/tonia-font-pb-type/
[2026-07-04T08:55:06Z] #486 attempt=1/2 status=200 0.268s url=https://www.myfonts.com/products/regular-mary-june-1174003
[2026-07-04T08:55:06Z] #487 attempt=1/2 status=200 0.286s url=https://www.myfonts.com/collections/mary-june-font-bryantamanh/
[2026-07-04T08:55:07Z] #488 attempt=1/2 status=200 0.345s url=https://www.myfonts.com/products/regular-pr-swirlies-10-1174369
[2026-07-04T08:55:07Z] #489 attempt=1/2 status=429 0.048s url=https://www.myfonts.com/collections/pr-swirlies-10-font-pr-fonts/
[2026-07-04T08:55:10Z] #490 attempt=2/2 status=200 0.430s url=https://www.myfonts.com/collections/pr-swirlies-10-font-pr-fonts/
[2026-07-04T08:55:11Z] #491 attempt=1/2 status=200 0.281s url=https://www.myfonts.com/products/regular-gotfather-1174347
[2026-07-04T08:55:11Z] #492 attempt=1/2 status=200 0.291s url=https://www.myfonts.com/collections/gotfather-font-flawlessandco/
[2026-07-04T08:55:12Z] #493 attempt=1/2 status=200 0.254s url=https://www.myfonts.com/products/regular-pr-foxtail-02-1174362
[2026-07-04T08:55:12Z] #494 attempt=1/2 status=200 0.266s url=https://www.myfonts.com/collections/pr-foxtail-02-font-pr-fonts/
[2026-07-04T08:55:12Z] #495 attempt=1/2 status=429 0.030s url=https://www.myfonts.com/products/regular-pr-stars-01-1174382
[2026-07-04T08:55:15Z] #496 attempt=2/2 status=200 0.325s url=https://www.myfonts.com/products/regular-pr-stars-01-1174382
[2026-07-04T08:55:15Z] #497 attempt=1/2 status=200 0.332s url=https://www.myfonts.com/collections/pr-stars-01-font-pr-fonts/
[2026-07-04T08:55:16Z] #498 attempt=1/2 status=200 0.282s url=https://www.myfonts.com/products/regular-pr-hallow-doodles-03-1174386
[2026-07-04T08:55:17Z] #499 attempt=1/2 status=200 0.323s url=https://www.myfonts.com/collections/pr-hallow-doodles-03-font-pr-fonts/
[2026-07-04T08:55:17Z] #500 attempt=1/2 status=200 0.343s url=https://www.myfonts.com/products/regular-pr-pointers-01-1174373
[2026-07-04T08:55:17Z] #501 attempt=1/2 status=429 0.048s url=https://www.myfonts.com/collections/pr-pointers-01-font-pr-fonts/
[2026-07-04T08:55:20Z] #502 attempt=2/2 status=200 0.273s url=https://www.myfonts.com/collections/pr-pointers-01-font-pr-fonts/
[2026-07-04T08:55:20Z] #503 attempt=1/2 status=200 0.291s url=https://www.myfonts.com/collections/pr-pointers-01-font-pr-fonts/
[2026-07-04T08:55:21Z] #504 attempt=1/2 status=200 0.298s url=https://www.myfonts.com/products/regular-pr-arco-1174372
[2026-07-04T08:55:22Z] #505 attempt=1/2 status=200 0.330s url=https://www.myfonts.com/collections/pr-arco-font-pr-fonts/
[2026-07-04T08:55:22Z] #506 attempt=1/2 status=429 0.042s url=https://www.myfonts.com/products/pr-mapping-01-pr-mapping-1174384
[2026-07-04T08:55:24Z] #507 attempt=2/2 status=200 0.352s url=https://www.myfonts.com/products/pr-mapping-01-pr-mapping-1174384
[2026-07-04T08:55:25Z] #508 attempt=1/2 status=200 0.255s url=https://www.myfonts.com/collections/pr-mapping-font-pr-fonts/
[2026-07-04T08:55:25Z] #509 attempt=1/2 status=200 0.298s url=https://www.myfonts.com/products/regular-pr-swirlies-12-1174358
[2026-07-04T08:55:26Z] #510 attempt=1/2 status=200 0.311s url=https://www.myfonts.com/collections/pr-swirlies-12-font-pr-fonts/
[2026-07-04T08:55:27Z] #511 attempt=1/2 status=200 0.396s url=https://www.myfonts.com/products/regular-pr-mysticon-01-1174355
[2026-07-04T08:55:27Z] #512 attempt=1/2 status=429 0.036s url=https://www.myfonts.com/collections/pr-mysticon-01-font-pr-fonts/
[2026-07-04T08:55:30Z] #513 attempt=2/2 status=200 0.385s url=https://www.myfonts.com/collections/pr-mysticon-01-font-pr-fonts/
[2026-07-04T08:55:30Z] #514 attempt=1/2 status=200 0.260s url=https://www.myfonts.com/products/regular-bonithesfa-1174348
[2026-07-04T08:55:31Z] #515 attempt=1/2 status=200 0.314s url=https://www.myfonts.com/collections/bonithesfa-font-ayska/
[2026-07-04T08:55:31Z] #516 attempt=1/2 status=200 0.337s url=https://www.myfonts.com/products/regular-pr-swirlies-04-1174354
[2026-07-04T08:55:32Z] #517 attempt=1/2 status=200 0.421s url=https://www.myfonts.com/collections/pr-swirlies-04-font-pr-fonts/
[2026-07-04T08:55:32Z] #518 attempt=1/2 status=200 0.318s url=https://www.myfonts.com/products/regular-pr-bramble-wood-1174381
[2026-07-04T08:55:33Z] #519 attempt=1/2 status=429 0.031s url=https://www.myfonts.com/collections/pr-bramble-wood-font-pr-fonts/
[2026-07-04T08:55:35Z] #520 attempt=2/2 status=200 0.348s url=https://www.myfonts.com/collections/pr-bramble-wood-font-pr-fonts/
[2026-07-04T08:55:36Z] #521 attempt=1/2 status=200 0.356s url=https://www.myfonts.com/products/regular-pr-hearts-take-wing-01-1174364
[2026-07-04T08:55:36Z] #522 attempt=1/2 status=200 0.295s url=https://www.myfonts.com/collections/pr-hearts-take-wing-01-font-pr-fonts/
[2026-07-04T08:55:37Z] #523 attempt=1/2 status=200 0.391s url=https://www.myfonts.com/products/regular-pr-dim-sum-1174363
[2026-07-04T08:55:38Z] #524 attempt=1/2 status=200 0.361s url=https://www.myfonts.com/collections/pr-dim-sum-font-pr-fonts/
[2026-07-04T08:55:38Z] #525 attempt=1/2 status=429 0.044s url=https://www.myfonts.com/products/regular-pr-hallow-doodles-02-1174371
[2026-07-04T08:55:41Z] #526 attempt=2/2 status=200 0.440s url=https://www.myfonts.com/products/regular-pr-hallow-doodles-02-1174371
[2026-07-04T08:55:41Z] #527 attempt=1/2 status=200 0.275s url=https://www.myfonts.com/collections/pr-hallow-doodles-02-font-pr-fonts/
[2026-07-04T08:55:42Z] #528 attempt=1/2 status=200 0.299s url=https://www.myfonts.com/products/regular-pr-swirlies-01-frames-1174378
[2026-07-04T08:55:42Z] #529 attempt=1/2 status=200 0.330s url=https://www.myfonts.com/collections/pr-swirlies-01-frames-font-pr-fonts/
[2026-07-04T08:55:43Z] #530 attempt=1/2 status=200 0.349s url=https://www.myfonts.com/products/regular-pr-swirlies-08-1174370
[2026-07-04T08:55:43Z] #531 attempt=1/2 status=429 0.042s url=https://www.myfonts.com/collections/pr-swirlies-08-font-pr-fonts/
[2026-07-04T08:55:45Z] #532 attempt=2/2 status=200 0.271s url=https://www.myfonts.com/collections/pr-swirlies-08-font-pr-fonts/
[2026-07-04T08:55:46Z] #533 attempt=1/2 status=200 0.312s url=https://www.myfonts.com/products/regular-rotterdam-siganture-1174063
[2026-07-04T08:55:47Z] #534 attempt=1/2 status=200 0.442s url=https://www.myfonts.com/collections/rotterdam-siganture-font-nh-typestudio/
[2026-07-04T08:55:47Z] #535 attempt=1/2 status=200 0.296s url=https://www.myfonts.com/products/regular-pr-scrolls-04-1174365
[2026-07-04T08:55:48Z] #536 attempt=1/2 status=200 0.266s url=https://www.myfonts.com/collections/pr-scrolls-04-font-pr-fonts/
[2026-07-04T08:55:48Z] #537 attempt=1/2 status=429 0.028s url=https://www.myfonts.com/products/cluster-edge-complete-family-package-1174064
[2026-07-04T08:55:51Z] #538 attempt=2/2 status=200 0.619s url=https://www.myfonts.com/products/cluster-edge-complete-family-package-1174064
[2026-07-04T08:55:52Z] #539 attempt=1/2 status=200 0.755s url=https://www.myfonts.com/collections/cluster-edge-font-kobuzan/
[2026-07-04T08:55:53Z] #540 attempt=1/2 status=200 0.579s url=https://www.myfonts.com/products/cluster-complete-family-package-1174012
[2026-07-04T08:55:54Z] #541 attempt=1/2 status=200 0.799s url=https://www.myfonts.com/collections/cluster-font-kobuzan/
[2026-07-04T08:55:56Z] #542 attempt=1/6 status=200 0.967s url=https://www.myfonts.com/products.json?limit=100&page=20
[2026-07-04T08:55:56Z] #543 attempt=1/2 status=200 0.309s url=https://www.myfonts.com/products/regular-third-mode-1173945
[2026-07-04T08:55:57Z] #544 attempt=1/2 status=200 0.304s url=https://www.myfonts.com/collections/third-mode-font-mega-type/
[2026-07-04T08:55:57Z] #545 attempt=1/2 status=200 0.541s url=https://www.myfonts.com/products/reomyr-complete-family-package-1173780
[2026-07-04T08:55:58Z] #546 attempt=1/2 status=200 0.758s url=https://www.myfonts.com/collections/reomyr-font-erwin-krump/
[2026-07-04T08:55:59Z] #547 attempt=1/2 status=200 0.300s url=https://www.myfonts.com/products/morning-set-complete-family-package-1173777
[2026-07-04T08:56:00Z] #548 attempt=1/2 status=200 0.438s url=https://www.myfonts.com/collections/morning-set-font-hanoded/
[2026-07-04T08:56:00Z] #549 attempt=1/2 status=200 0.331s url=https://www.myfonts.com/products/regular-zhatend-sildyer-1173944
[2026-07-04T08:56:01Z] #550 attempt=1/2 status=200 0.285s url=https://www.myfonts.com/collections/zhatend-sildyer-font-rvandtype/
[2026-07-04T08:56:01Z] #551 attempt=1/2 status=429 0.039s url=https://www.myfonts.com/products/regular-good-human-handwriting-1173940
[2026-07-04T08:56:04Z] #552 attempt=2/2 status=200 0.363s url=https://www.myfonts.com/products/regular-good-human-handwriting-1173940
[2026-07-04T08:56:04Z] #553 attempt=1/2 status=200 0.433s url=https://www.myfonts.com/collections/good-human-handwriting-font-mvmet/
[2026-07-04T08:56:05Z] #554 attempt=1/2 status=200 0.265s url=https://www.myfonts.com/products/regular-garem-marker-1173939
[2026-07-04T08:56:05Z] #555 attempt=1/2 status=200 0.332s url=https://www.myfonts.com/collections/garem-marker-font-mvmet/
[2026-07-04T08:56:06Z] #556 attempt=1/2 status=200 0.296s url=https://www.myfonts.com/products/bold-leelawadee-ui-1173949
[2026-07-04T08:56:06Z] #557 attempt=1/2 status=429 0.032s url=https://www.myfonts.com/collections/leelawadee-ui-font-microsoft-corporation/
[2026-07-04T08:56:09Z] #558 attempt=2/2 status=200 0.399s url=https://www.myfonts.com/collections/leelawadee-ui-font-microsoft-corporation/
[2026-07-04T08:56:10Z] #559 attempt=1/2 status=200 0.365s url=https://www.myfonts.com/products/disthero-complete-family-package-1173925
[2026-07-04T08:56:10Z] #560 attempt=1/2 status=200 0.427s url=https://www.myfonts.com/collections/disthero-font-bale-type/
[2026-07-04T08:56:11Z] #561 attempt=1/2 status=200 0.279s url=https://www.myfonts.com/products/regular-royale-victoria-1173938
[2026-07-04T08:56:11Z] #562 attempt=1/2 status=200 0.282s url=https://www.myfonts.com/collections/royale-victoria-font-jolicia-type/
[2026-07-04T08:56:12Z] #563 attempt=1/2 status=429 0.032s url=https://www.myfonts.com/products/plyn-l-package-1173937
[2026-07-04T08:56:14Z] #564 attempt=2/2 status=200 0.448s url=https://www.myfonts.com/products/plyn-l-package-1173937
[2026-07-04T08:56:15Z] #565 attempt=1/2 status=200 0.674s url=https://www.myfonts.com/collections/plyn-font-vlad-b/
[2026-07-04T08:56:16Z] #566 attempt=1/2 status=200 0.448s url=https://www.myfonts.com/products/regular-fd-sunn-1173921
[2026-07-04T08:56:16Z] #567 attempt=1/2 status=200 0.304s url=https://www.myfonts.com/collections/fd-sunn-font-fortunes-co/
[2026-07-04T08:56:17Z] #568 attempt=1/2 status=200 0.405s url=https://www.myfonts.com/products/regular-mltp-relonra-1173923
[2026-07-04T08:56:18Z] #569 attempt=1/2 status=200 0.336s url=https://www.myfonts.com/collections/mltp-relonra-font-multype-studio/
[2026-07-04T08:56:18Z] #570 attempt=1/2 status=200 0.262s url=https://www.myfonts.com/products/regular-ravenhold-1173922
[2026-07-04T08:56:18Z] #571 attempt=1/2 status=429 0.036s url=https://www.myfonts.com/collections/ravenhold-font-ceeskiiw/
[2026-07-04T08:56:21Z] #572 attempt=2/2 status=200 0.495s url=https://www.myfonts.com/collections/ravenhold-font-ceeskiiw/
[2026-07-04T08:56:22Z] #573 attempt=1/2 status=200 0.438s url=https://www.myfonts.com/products/sf-sultan-complete-family-package-1173769
[2026-07-04T08:56:23Z] #574 attempt=1/2 status=200 0.722s url=https://www.myfonts.com/collections/sf-sultan-font-sultan-fonts/
[2026-07-04T08:56:24Z] #575 attempt=1/2 status=200 0.678s url=https://www.myfonts.com/products/magistral-condensed-set-package-1173599
[2026-07-04T08:56:25Z] #576 attempt=1/2 status=200 0.993s url=https://www.myfonts.com/collections/magistral-font-paratype/
[2026-07-04T08:56:27Z] #577 attempt=1/6 status=200 1.080s url=https://www.myfonts.com/products.json?limit=100&page=21
[2026-07-04T08:56:28Z] #578 attempt=1/2 status=200 0.725s url=https://www.myfonts.com/products/macklin-complete-family-package-1173602
[2026-07-04T08:56:29Z] #579 attempt=1/2 status=200 1.065s url=https://www.myfonts.com/collections/macklin-font-monotype-imaging/
[2026-07-04T08:56:30Z] #580 attempt=1/2 status=200 0.416s url=https://www.myfonts.com/products/branding-essential-package-1157188
[2026-07-04T08:56:31Z] #581 attempt=1/2 status=200 0.672s url=https://www.myfonts.com/collections/sobria-font-pedroglifos/
[2026-07-04T08:56:31Z] #582 attempt=1/2 status=200 0.334s url=https://www.myfonts.com/products/sparling-complete-family-package-1173731
[2026-07-04T08:56:32Z] #583 attempt=1/2 status=200 0.615s url=https://www.myfonts.com/collections/sparling-font-vermilione/
[2026-07-04T08:56:33Z] #584 attempt=1/2 status=200 0.390s url=https://www.myfonts.com/products/merguda-serif-complete-family-package-1161847
[2026-07-04T08:56:33Z] #585 attempt=1/2 status=200 0.442s url=https://www.myfonts.com/collections/merguda-serif-font-mans-greback/
[2026-07-04T08:56:34Z] #586 attempt=1/2 status=200 0.426s url=https://www.myfonts.com/products/counterbalance-complete-family-package-1173734
[2026-07-04T08:56:35Z] #587 attempt=1/2 status=200 0.399s url=https://www.myfonts.com/products/frosha-complete-family-package-1173741
[2026-07-04T08:56:35Z] #588 attempt=1/2 status=429 0.034s url=https://www.myfonts.com/collections/frosha-font-alpercakici/
[2026-07-04T08:56:38Z] #589 attempt=2/2 status=200 0.646s url=https://www.myfonts.com/collections/frosha-font-alpercakici/
[2026-07-04T08:56:39Z] #590 attempt=1/2 status=200 0.353s url=https://www.myfonts.com/products/regular-gooey-slimy-1173737
[2026-07-04T08:56:39Z] #591 attempt=1/2 status=200 0.412s url=https://www.myfonts.com/collections/gooey-slimy-font-gleb-guralnyk/
[2026-07-04T08:56:40Z] #592 attempt=1/2 status=200 0.302s url=https://www.myfonts.com/products/regular-zfcutewitch-1173711
[2026-07-04T08:56:40Z] #593 attempt=1/2 status=200 0.362s url=https://www.myfonts.com/collections/zfcutewitch-font-zoofont/
[2026-07-04T08:56:42Z] #594 attempt=1/6 status=200 0.978s url=https://www.myfonts.com/products.json?limit=100&page=22
[2026-07-04T08:56:43Z] #595 attempt=1/2 status=200 0.447s url=https://www.myfonts.com/products/rounded-outline-spectacus-1173767
[2026-07-04T08:56:43Z] #596 attempt=1/2 status=200 0.526s url=https://www.myfonts.com/collections/spectacus-font-alpercakici/
[2026-07-04T08:56:44Z] #597 attempt=1/2 status=200 0.360s url=https://www.myfonts.com/products/filadel-complete-family-package-1173714
[2026-07-04T08:56:45Z] #598 attempt=1/2 status=200 0.480s url=https://www.myfonts.com/collections/filadel-font-jinan-studio/
[2026-07-04T08:56:45Z] #599 attempt=1/2 status=429 0.038s url=https://www.myfonts.com/products/ultra-expanded-nexaro-1173727
[2026-07-04T08:56:48Z] #600 attempt=2/2 status=200 0.470s url=https://www.myfonts.com/products/ultra-expanded-nexaro-1173727
[2026-07-04T08:56:48Z] #601 attempt=1/2 status=200 0.521s url=https://www.myfonts.com/collections/nexaro-font-qiubare-studio/
[2026-07-04T08:56:49Z] #602 attempt=1/2 status=200 0.354s url=https://www.myfonts.com/products/remukan-chantir-complete-family-package-1173712
[2026-07-04T08:56:50Z] #603 attempt=1/2 status=200 0.486s url=https://www.myfonts.com/collections/remukan-chantir-font-sign-studio/
[2026-07-04T08:56:52Z] #604 attempt=1/2 status=200 1.531s url=https://www.myfonts.com/products/expanded-package-package-1173380
[2026-07-04T08:56:54Z] #605 attempt=1/2 status=200 2.053s url=https://www.myfonts.com/collections/ckr-next-font-ckr-type-foundry/
[2026-07-04T08:56:55Z] #606 attempt=1/2 status=200 0.756s url=https://www.myfonts.com/products/expanded-package-1172796
[2026-07-04T08:56:57Z] #607 attempt=1/2 status=200 1.342s url=https://www.myfonts.com/collections/exovect-font-jorsetype/
[2026-07-04T08:56:59Z] #608 attempt=1/2 status=200 1.198s url=https://www.myfonts.com/products/smiletta-soft-package-1173213
[2026-07-04T08:57:02Z] #609 attempt=1/2 status=500 3.310s url=https://www.myfonts.com/collections/smiletta-font-akbartype/
[2026-07-04T08:57:03Z] #610 attempt=1/2 status=404 0.252s url=https://www.myfonts.com/collections/smiletta-soft-font-akbartype
[2026-07-04T08:57:03Z] #611 attempt=1/2 status=200 0.333s url=https://www.myfonts.com/products/pixel-match-complete-family-package-1173452
[2026-07-04T08:57:04Z] #612 attempt=1/2 status=200 0.603s url=https://www.myfonts.com/collections/pixel-match-font-bale-type/
[2026-07-04T08:57:05Z] #613 attempt=1/2 status=200 0.399s url=https://www.myfonts.com/products/steinwald-pro-complete-family-package-1172635
[2026-07-04T08:57:05Z] #614 attempt=1/2 status=200 0.506s url=https://www.myfonts.com/collections/steinwald-pro-font-hanoded/
[2026-07-04T08:57:06Z] #615 attempt=1/2 status=200 0.368s url=https://www.myfonts.com/products/alarma-toxica-complete-family-package-1172941
[2026-07-04T08:57:07Z] #616 attempt=1/2 status=200 0.368s url=https://www.myfonts.com/collections/alarma-toxica-font-woodcutter/
[2026-07-04T08:57:07Z] #617 attempt=1/2 status=200 0.361s url=https://www.myfonts.com/products/sitting-duck-pro-complete-family-package-1172632
[2026-07-04T08:57:08Z] #618 attempt=1/2 status=200 0.398s url=https://www.myfonts.com/collections/sitting-duck-pro-font-hanoded/
[2026-07-04T08:57:09Z] #619 attempt=1/2 status=200 0.749s url=https://www.myfonts.com/products/qublo-complete-family-package-1173447
[2026-07-04T08:57:11Z] #620 attempt=1/2 status=200 1.320s url=https://www.myfonts.com/collections/qublo-font-pepper-type/
[2026-07-04T08:57:11Z] #621 attempt=1/2 status=200 0.395s url=https://www.myfonts.com/products/rochela-complete-family-package-1172813
[2026-07-04T08:57:12Z] #622 attempt=1/2 status=200 0.525s url=https://www.myfonts.com/collections/rochela-font-vermilione/
[2026-07-04T08:57:13Z] #623 attempt=1/2 status=200 0.322s url=https://www.myfonts.com/products/brer-rabbit-pro-complete-family-package-1172629
[2026-07-04T08:57:13Z] #624 attempt=1/2 status=200 0.407s url=https://www.myfonts.com/collections/brer-rabbit-pro-font-hanoded/
[2026-07-04T08:57:14Z] #625 attempt=1/2 status=200 0.324s url=https://www.myfonts.com/products/lungoyo-script-complete-family-package-1173442
[2026-07-04T08:57:15Z] #626 attempt=1/2 status=200 0.401s url=https://www.myfonts.com/collections/lungoyo-script-font-letterytz/
[2026-07-04T08:57:15Z] #627 attempt=1/2 status=200 0.318s url=https://www.myfonts.com/products/colombard-pro-complete-family-package-1172617
[2026-07-04T08:57:16Z] #628 attempt=1/2 status=200 0.414s url=https://www.myfonts.com/collections/colombard-pro-font-hanoded/
[2026-07-04T08:57:17Z] #629 attempt=1/2 status=200 0.382s url=https://www.myfonts.com/products/garol-complete-family-package-1172810
[2026-07-04T08:57:17Z] #630 attempt=1/2 status=429 0.043s url=https://www.myfonts.com/collections/garol-font-vermilione/
[2026-07-04T08:57:19Z] #631 attempt=2/2 status=200 0.425s url=https://www.myfonts.com/collections/garol-font-vermilione/
[2026-07-04T08:57:20Z] #632 attempt=1/2 status=200 0.299s url=https://www.myfonts.com/products/lovely-moment-complete-family-package-1173439
[2026-07-04T08:57:21Z] #633 attempt=1/2 status=200 0.434s url=https://www.myfonts.com/collections/lovely-moment-font-radesigns21/
[2026-07-04T08:57:21Z] #634 attempt=1/2 status=200 0.458s url=https://www.myfonts.com/products/neu-prompter-complete-family-package-1172461
[2026-07-04T08:57:22Z] #635 attempt=1/2 status=200 0.612s url=https://www.myfonts.com/collections/neu-prompter-font-aretype/
[2026-07-04T08:57:23Z] #636 attempt=1/2 status=200 0.333s url=https://www.myfonts.com/products/richu-mast-complete-family-package-1172639
[2026-07-04T08:57:23Z] #637 attempt=1/2 status=429 0.044s url=https://www.myfonts.com/collections/richu-mast-font-mabhal-studio/
[2026-07-04T08:57:26Z] #638 attempt=2/2 status=200 0.525s url=https://www.myfonts.com/collections/richu-mast-font-mabhal-studio/
[2026-07-04T08:57:27Z] #639 attempt=1/2 status=200 0.329s url=https://www.myfonts.com/products/good-shreak-complete-family-package-1173431
[2026-07-04T08:57:27Z] #640 attempt=1/2 status=200 0.434s url=https://www.myfonts.com/collections/good-shreak-font-mabhal-studio/
[2026-07-04T08:57:28Z] #641 attempt=1/2 status=200 0.303s url=https://www.myfonts.com/products/bormund-complete-family-package-1172806
[2026-07-04T08:57:28Z] #642 attempt=1/2 status=200 0.426s url=https://www.myfonts.com/collections/bormund-font-mooneseye-studio/
[2026-07-04T08:57:29Z] #643 attempt=1/2 status=429 0.036s url=https://www.myfonts.com/products/world-championship-complete-family-package-1161835
[2026-07-04T08:57:31Z] #644 attempt=2/2 status=200 0.480s url=https://www.myfonts.com/products/world-championship-complete-family-package-1161835
[2026-07-04T08:57:32Z] #645 attempt=1/2 status=200 0.525s url=https://www.myfonts.com/collections/world-championship-font-mans-greback/
[2026-07-04T08:57:34Z] #646 attempt=1/2 status=200 1.293s url=https://www.myfonts.com/products/expanded-style-package-1142797
[2026-07-04T08:57:36Z] #647 attempt=1/2 status=200 1.919s url=https://www.myfonts.com/collections/galdertine-charetam-semi-serif-font-logic-type/
[2026-07-04T08:57:37Z] #648 attempt=1/2 status=200 0.387s url=https://www.myfonts.com/products/rakolta-complete-family-package-1172736
[2026-07-04T08:57:37Z] #649 attempt=1/2 status=200 0.419s url=https://www.myfonts.com/collections/rakolta-font-ragamkata/
[2026-07-04T08:57:38Z] #650 attempt=1/2 status=200 0.343s url=https://www.myfonts.com/products/drolling-maker-complete-family-package-1172803
[2026-07-04T08:57:39Z] #651 attempt=1/2 status=200 0.450s url=https://www.myfonts.com/collections/drolling-maker-font-tini-fitriani/
[2026-07-04T08:57:39Z] #652 attempt=1/2 status=200 0.372s url=https://www.myfonts.com/products/craego-complete-family-package-1172653
[2026-07-04T08:57:40Z] #653 attempt=1/2 status=200 0.392s url=https://www.myfonts.com/collections/craego-font-chekart/
[2026-07-04T08:57:41Z] #654 attempt=1/2 status=200 0.311s url=https://www.myfonts.com/products/garvox-complete-family-package-1173428
[2026-07-04T08:57:41Z] #655 attempt=1/2 status=429 0.037s url=https://www.myfonts.com/collections/garvox-font-font-liner/
[2026-07-04T08:57:44Z] #656 attempt=2/2 status=200 0.573s url=https://www.myfonts.com/collections/garvox-font-font-liner/
[2026-07-04T08:57:44Z] #657 attempt=1/2 status=200 0.341s url=https://www.myfonts.com/products/reblade-complete-family-package-1172649
[2026-07-04T08:57:45Z] #658 attempt=1/2 status=200 0.350s url=https://www.myfonts.com/collections/reblade-font-artisan-themes/
[2026-07-04T08:57:46Z] #659 attempt=1/2 status=200 0.507s url=https://www.myfonts.com/products/kill-game-667-complete-family-package-1172798
[2026-07-04T08:57:46Z] #660 attempt=1/2 status=200 0.440s url=https://www.myfonts.com/collections/kill-game-667-font-remedy667/
[2026-07-04T08:57:47Z] #661 attempt=1/2 status=200 0.349s url=https://www.myfonts.com/products/merchad-complete-family-package-1173214
[2026-07-04T08:57:47Z] #662 attempt=1/2 status=429 0.042s url=https://www.myfonts.com/collections/merchad-font-hishand-studio/
[2026-07-04T08:57:50Z] #663 attempt=2/2 status=200 0.516s url=https://www.myfonts.com/collections/merchad-font-hishand-studio/
[2026-07-04T08:57:52Z] #664 attempt=1/6 status=200 1.157s url=https://www.myfonts.com/products.json?limit=100&page=23
[2026-07-04T08:57:52Z] #665 attempt=1/2 status=200 0.319s url=https://www.myfonts.com/products/regular-lafira-1172802
[2026-07-04T08:57:53Z] #666 attempt=1/2 status=200 0.346s url=https://www.myfonts.com/collections/lafira-font-solutype/
[2026-07-04T08:57:54Z] #667 attempt=1/6 status=200 0.981s url=https://www.myfonts.com/products.json?limit=100&page=24
[2026-07-04T08:57:55Z] #668 attempt=1/2 status=200 0.295s url=https://www.myfonts.com/products/regular-wild-angel-667-1172797
[2026-07-04T08:57:55Z] #669 attempt=1/2 status=200 0.264s url=https://www.myfonts.com/collections/wild-angel-667-font-remedy667/
[2026-07-04T08:57:57Z] #670 attempt=1/6 status=200 1.111s url=https://www.myfonts.com/products.json?limit=100&page=25
[2026-07-04T08:57:58Z] #671 attempt=1/2 status=200 0.281s url=https://www.myfonts.com/products/regular-marky-1172793
[2026-07-04T08:57:58Z] #672 attempt=1/2 status=200 0.348s url=https://www.myfonts.com/collections/marky-font-jaruka-creative/
[2026-07-04T08:57:58Z] summary releases=77 first_429=(77, 'https://www.myfonts.com/products/dunkel-dutch-courage-lager-1010723', 0.06241631507873535) log_file=state/myfonts_run_20260704_084739.log
[2026-07-04T08:57:58Z] === MyFonts crawl end ===
