[2026-09-05T10:26:55Z] checkpoint fresh next_page=1 path=state/myfonts_crawl_checkpoint.json
[2026-09-05T10:26:55Z] === MyFonts crawl start source=myfonts ===
[2026-09-05T10:26:55Z] config max_pages=25 page_size=100 start_date=2026-09-04 end_date=2026-09-05 api_delay=0.5s detail_delay=0.2s max_debut_checks=400 max_tech_specs_checks=200 reuse_success_profile=False always_enrich_packages=True language_script_signal_mode=strong force_fresh_run=False start_page=1 browser_mode=False browser_headless=True browser_storage_state_path=state/myfonts_storage_state.json
[2026-09-05T10:26:56Z] #1 attempt=1/6 status=200 1.036s url=https://www.myfonts.com/products.json?limit=100&page=1
[2026-09-05T10:26:57Z] #2 attempt=1/2 status=200 0.423s url=https://www.myfonts.com/products/asgeta-complete-family-package-1216473
[2026-09-05T10:26:57Z] #3 attempt=1/2 status=200 0.384s url=https://www.myfonts.com/collections/asgeta-font-timelesstype-studio/
[2026-09-05T10:26:58Z] #4 attempt=1/2 status=200 0.381s url=https://www.myfonts.com/collections/asgeta-font-timelesstype-studio/?tab=techSpecs
[2026-09-05T10:26:59Z] #5 attempt=1/2 status=200 0.384s url=https://www.myfonts.com/products/murisa-roksana-complete-family-package-1216515
[2026-09-05T10:27:00Z] #6 attempt=1/2 status=200 0.450s url=https://www.myfonts.com/collections/murisa-roksana-font-murisa-studio/
[2026-09-05T10:27:00Z] #7 attempt=1/2 status=200 0.202s url=https://www.myfonts.com/collections/murisa-roksana-font-murisa-studio/?tab=techSpecs
[2026-09-05T10:27:02Z] #8 attempt=1/2 status=200 0.412s url=https://www.myfonts.com/products/markers-noise-complete-family-package-1216754
[2026-09-05T10:27:02Z] #9 attempt=1/2 status=200 0.521s url=https://www.myfonts.com/collections/markers-noise-font-letterena-studios/
[2026-09-05T10:27:03Z] #10 attempt=1/2 status=200 0.433s url=https://www.myfonts.com/collections/markers-noise-font-letterena-studios/?tab=techSpecs
[2026-09-05T10:27:04Z] #11 attempt=1/2 status=200 0.378s url=https://www.myfonts.com/products/pantai-utara-complete-family-package-1216738
[2026-09-05T10:27:05Z] #12 attempt=1/2 status=200 0.396s url=https://www.myfonts.com/collections/pantai-utara-font-kalam/
[2026-09-05T10:27:06Z] #13 attempt=1/2 status=200 0.458s url=https://www.myfonts.com/collections/pantai-utara-font-kalam/?tab=techSpecs
[2026-09-05T10:27:07Z] #14 attempt=1/2 status=200 0.374s url=https://www.myfonts.com/products/mltp-rough-sans-complete-family-package-1216544
[2026-09-05T10:27:07Z] #15 attempt=1/2 status=200 0.398s url=https://www.myfonts.com/collections/mltp-rough-sans-font-multype-studio/
[2026-09-05T10:27:08Z] #16 attempt=1/2 status=200 0.180s url=https://www.myfonts.com/collections/mltp-rough-sans-font-multype-studio/?tab=techSpecs
[2026-09-05T10:27:09Z] #17 attempt=1/2 status=200 0.327s url=https://www.myfonts.com/products/dyrenko-complete-family-package-1216476
[2026-09-05T10:27:10Z] #18 attempt=1/2 status=200 0.525s url=https://www.myfonts.com/collections/dyrenko-font-tini-fitriani/
[2026-09-05T10:27:10Z] #19 attempt=1/2 status=200 0.190s url=https://www.myfonts.com/collections/dyrenko-font-tini-fitriani/?tab=techSpecs
[2026-09-05T10:27:11Z] #20 attempt=1/2 status=200 0.347s url=https://www.myfonts.com/products/gulberg-complete-family-package-1216864
[2026-09-05T10:27:12Z] #21 attempt=1/2 status=200 0.386s url=https://www.myfonts.com/collections/gulberg-font-maulana-creative/
[2026-09-05T10:27:12Z] #22 attempt=1/2 status=200 0.382s url=https://www.myfonts.com/collections/gulberg-font-maulana-creative/?tab=techSpecs
[2026-09-05T10:27:13Z] #23 attempt=1/2 status=200 0.389s url=https://www.myfonts.com/products/vyhor-complete-family-package-1216489
[2026-09-05T10:27:14Z] #24 attempt=1/2 status=200 0.400s url=https://www.myfonts.com/collections/vyhor-font-vlad-b/
[2026-09-05T10:27:15Z] #25 attempt=1/2 status=200 0.404s url=https://www.myfonts.com/collections/vyhor-font-vlad-b/?tab=techSpecs
[2026-09-05T10:27:16Z] #26 attempt=1/2 status=200 0.387s url=https://www.myfonts.com/products/cutefright-halloween-complete-family-package-1216547
[2026-09-05T10:27:17Z] #27 attempt=1/2 status=200 0.724s url=https://www.myfonts.com/collections/cutefright-halloween-font-jinan-studio/
[2026-09-05T10:27:18Z] #28 attempt=1/2 status=200 0.371s url=https://www.myfonts.com/collections/cutefright-halloween-font-jinan-studio/?tab=techSpecs
[2026-09-05T10:27:19Z] #29 attempt=1/2 status=200 0.438s url=https://www.myfonts.com/products/gramola-complete-family-package-1216512
[2026-09-05T10:27:19Z] #30 attempt=1/2 status=200 0.488s url=https://www.myfonts.com/collections/gramola-font-vermilione/
[2026-09-05T10:27:20Z] #31 attempt=1/2 status=200 0.187s url=https://www.myfonts.com/collections/gramola-font-vermilione/?tab=techSpecs
[2026-09-05T10:27:21Z] #32 attempt=1/2 status=200 0.387s url=https://www.myfonts.com/products/glacial-bolt-complete-family-package-1217155
[2026-09-05T10:27:22Z] #33 attempt=1/2 status=200 0.511s url=https://www.myfonts.com/collections/glacial-bolt-font-kalam/
[2026-09-05T10:27:23Z] #34 attempt=1/2 status=200 0.197s url=https://www.myfonts.com/collections/glacial-bolt-font-kalam/?tab=techSpecs
[2026-09-05T10:27:25Z] #35 attempt=1/2 status=200 1.202s url=https://www.myfonts.com/products/soft-extra-light-expanded-evarnique-1217019
[2026-09-05T10:27:26Z] #36 attempt=1/2 status=200 1.242s url=https://www.myfonts.com/collections/evarnique-font-typehill-studio/
[2026-09-05T10:27:27Z] #37 attempt=1/2 status=200 0.315s url=https://www.myfonts.com/collections/evarnique-font-typehill-studio/?tab=techSpecs
[2026-09-05T10:27:28Z] #38 attempt=1/2 status=200 0.317s url=https://www.myfonts.com/products/regular-tellia-1216855
[2026-09-05T10:27:28Z] #39 attempt=1/2 status=200 0.322s url=https://www.myfonts.com/collections/tellia-font-canden-meutuah/
[2026-09-05T10:27:29Z] #40 attempt=1/2 status=200 0.508s url=https://www.myfonts.com/collections/tellia-font-canden-meutuah/?tab=techSpecs
[2026-09-05T10:27:30Z] #41 attempt=1/2 status=200 0.580s url=https://www.myfonts.com/products/expandedslant-ringtab-1216742
[2026-09-05T10:27:31Z] #42 attempt=1/2 status=200 0.761s url=https://www.myfonts.com/collections/ringtab-font-seethistype/
[2026-09-05T10:27:33Z] #43 attempt=1/2 status=200 1.099s url=https://www.myfonts.com/collections/ringtab-font-seethistype/?tab=techSpecs
[2026-09-05T10:27:34Z] #44 attempt=1/2 status=200 0.316s url=https://www.myfonts.com/products/regular-vhamoku-1216816
[2026-09-05T10:27:34Z] #45 attempt=1/2 status=200 0.413s url=https://www.myfonts.com/collections/vhamoku-font-yumnacreative/
[2026-09-05T10:27:35Z] #46 attempt=1/2 status=200 0.338s url=https://www.myfonts.com/collections/vhamoku-font-yumnacreative/?tab=techSpecs
[2026-09-05T10:27:36Z] #47 attempt=1/2 status=200 0.440s url=https://www.myfonts.com/products/extra-light-oblique-ralinder-1216762
[2026-09-05T10:27:37Z] #48 attempt=1/2 status=200 0.454s url=https://www.myfonts.com/collections/ralinder-font-graptail/
[2026-09-05T10:27:37Z] #49 attempt=1/2 status=200 0.442s url=https://www.myfonts.com/collections/ralinder-font-graptail/?tab=techSpecs
[2026-09-05T10:27:39Z] #50 attempt=1/2 status=200 0.927s url=https://www.myfonts.com/products/black-semi-conden-s-getina-1216299
[2026-09-05T10:27:41Z] #51 attempt=1/2 status=200 1.898s url=https://www.myfonts.com/collections/getina-font-logic-type/
[2026-09-05T10:27:43Z] #52 attempt=1/2 status=200 1.005s url=https://www.myfonts.com/collections/getina-font-logic-type/?tab=techSpecs
[2026-09-05T10:27:44Z] #53 attempt=1/2 status=200 0.671s url=https://www.myfonts.com/products/extra-light-italic-richta-1216497
[2026-09-05T10:27:45Z] #54 attempt=1/2 status=200 0.485s url=https://www.myfonts.com/collections/richta-font-sealoung/
[2026-09-05T10:27:46Z] #55 attempt=1/2 status=200 0.477s url=https://www.myfonts.com/collections/richta-font-sealoung/?tab=techSpecs
[2026-09-05T10:27:47Z] #56 attempt=1/2 status=200 0.382s url=https://www.myfonts.com/products/regular-zarket-1216820
[2026-09-05T10:27:47Z] #57 attempt=1/2 status=200 0.339s url=https://www.myfonts.com/collections/zarket-font-arif-novianto/
[2026-09-05T10:27:48Z] #58 attempt=1/2 status=200 0.197s url=https://www.myfonts.com/collections/zarket-font-arif-novianto/?tab=techSpecs
[2026-09-05T10:27:49Z] #59 attempt=1/2 status=200 0.308s url=https://www.myfonts.com/products/bold-italic-inkora-sans-1216827
[2026-09-05T10:27:49Z] #60 attempt=1/2 status=200 0.488s url=https://www.myfonts.com/collections/inkora-sans-font-lettertype-studio/
[2026-09-05T10:27:50Z] #61 attempt=1/2 status=200 0.396s url=https://www.myfonts.com/collections/inkora-sans-font-lettertype-studio/?tab=techSpecs
[2026-09-05T10:27:51Z] #62 attempt=1/2 status=200 0.593s url=https://www.myfonts.com/products/mostivera-sans-ex-condensed-regular-mostivera-script-1216555
[2026-09-05T10:27:52Z] #63 attempt=1/2 status=200 0.410s url=https://www.myfonts.com/collections/mostivera-script-font-deorde-studio/
[2026-09-05T10:27:52Z] #64 attempt=1/2 status=200 0.181s url=https://www.myfonts.com/collections/mostivera-script-font-deorde-studio/?tab=techSpecs
[2026-09-05T10:27:54Z] #65 attempt=1/2 status=200 0.346s url=https://www.myfonts.com/products/regular-luck-and-beauty-1216818
[2026-09-05T10:27:54Z] #66 attempt=1/2 status=429 0.027s url=https://www.myfonts.com/collections/luck-and-beauty-font-gassstype/
[2026-09-05T10:27:54Z] first_429 req=66 url=https://www.myfonts.com/collections/luck-and-beauty-font-gassstype/
[2026-09-05T10:27:56Z] #67 attempt=2/2 status=200 0.466s url=https://www.myfonts.com/collections/luck-and-beauty-font-gassstype/
[2026-09-05T10:27:57Z] #68 attempt=1/2 status=200 0.339s url=https://www.myfonts.com/products/nmlikeyou-regular-nm-likeyou-1216814
[2026-09-05T10:27:58Z] #69 attempt=1/2 status=200 0.350s url=https://www.myfonts.com/collections/nm-likeyou-font-norm/
[2026-09-05T10:27:58Z] #70 attempt=1/2 status=200 0.340s url=https://www.myfonts.com/products/regular-outlaw-biker-1216817
[2026-09-05T10:27:59Z] #71 attempt=1/2 status=200 0.336s url=https://www.myfonts.com/collections/outlaw-biker-font-gassstype/
[2026-09-05T10:28:01Z] #72 attempt=1/6 status=200 1.132s url=https://www.myfonts.com/products.json?limit=100&page=2
[2026-09-05T10:28:01Z] #73 attempt=1/2 status=200 0.416s url=https://www.myfonts.com/products/nmsmalltalk-regular-nm-smalltalk-1216815
[2026-09-05T10:28:02Z] #74 attempt=1/2 status=200 0.416s url=https://www.myfonts.com/collections/nm-smalltalk-font-norm/
[2026-09-05T10:28:02Z] #75 attempt=1/2 status=200 0.352s url=https://www.myfonts.com/products/italic-regular-half-love-1216445
[2026-09-05T10:28:03Z] #76 attempt=1/2 status=200 0.383s url=https://www.myfonts.com/collections/half-love-font-cut-story/
[2026-09-05T10:28:04Z] #77 attempt=1/6 status=200 0.847s url=https://www.myfonts.com/products.json?limit=100&page=3
[2026-09-05T10:28:05Z] #78 attempt=1/2 status=200 0.357s url=https://www.myfonts.com/products/italic-hagiland-1217160
[2026-09-05T10:28:06Z] #79 attempt=1/2 status=200 0.397s url=https://www.myfonts.com/collections/hagiland-font-attype-studio/
[2026-09-05T10:28:06Z] #80 attempt=1/2 status=200 0.317s url=https://www.myfonts.com/products/thin-italic-clayton-1217175
[2026-09-05T10:28:07Z] #81 attempt=1/2 status=200 0.360s url=https://www.myfonts.com/collections/clayton-font-webhance/
[2026-09-05T10:28:07Z] #82 attempt=1/2 status=200 0.393s url=https://www.myfonts.com/products/black-regular-bergham-1217088
[2026-09-05T10:28:08Z] #83 attempt=1/2 status=200 0.352s url=https://www.myfonts.com/collections/bergham-font-ragamkata/
[2026-09-05T10:28:09Z] #84 attempt=1/2 status=200 0.424s url=https://www.myfonts.com/products/memolyne-display-complete-family-package-1215367
[2026-09-05T10:28:09Z] #85 attempt=1/2 status=200 0.455s url=https://www.myfonts.com/collections/memolyne-display-font-tebaltipis-studio/
[2026-09-05T10:28:11Z] #86 attempt=1/2 status=200 0.790s url=https://www.myfonts.com/products/soft-thin-semiexpanded-brimonta-1215480
[2026-09-05T10:28:12Z] #87 attempt=1/2 status=200 0.751s url=https://www.myfonts.com/collections/brimonta-font-gian-studio/
[2026-09-05T10:28:13Z] #88 attempt=1/2 status=200 0.345s url=https://www.myfonts.com/products/light-chiper-1216848
[2026-09-05T10:28:13Z] #89 attempt=1/2 status=200 0.345s url=https://www.myfonts.com/collections/chiper-font-canden-meutuah/
[2026-09-05T10:28:14Z] #90 attempt=1/2 status=200 0.327s url=https://www.myfonts.com/products/regular-school-silence-display-1215366
[2026-09-05T10:28:14Z] #91 attempt=1/2 status=200 0.387s url=https://www.myfonts.com/collections/school-silence-display-font-tebaltipis-studio/
[2026-09-05T10:28:15Z] #92 attempt=1/2 status=200 0.618s url=https://www.myfonts.com/products/bold-ultra-expanded-nuviora-1215709
[2026-09-05T10:28:17Z] #93 attempt=1/2 status=200 1.102s url=https://www.myfonts.com/collections/nuviora-font-stripes-studio/
[2026-09-05T10:28:17Z] #94 attempt=1/2 status=200 0.306s url=https://www.myfonts.com/products/extra-bold-semi-condensed-vandelle-1216598
[2026-09-05T10:28:18Z] #95 attempt=1/2 status=404 0.363s url=https://www.myfonts.com/collections/extra-bold-semi-condensed-vandelle-1216598-font-kaidosan
[2026-09-05T10:28:18Z] #96 attempt=1/2 status=200 0.391s url=https://www.myfonts.com/products/540-ga-sans-1216833
[2026-09-05T10:28:19Z] #97 attempt=1/2 status=200 0.353s url=https://www.myfonts.com/collections/ga-sans-font-typeedition/
[2026-09-05T10:28:20Z] #98 attempt=1/2 status=200 0.294s url=https://www.myfonts.com/products/light-extra-condensed-fontera-1215823
[2026-09-05T10:28:20Z] #99 attempt=1/2 status=404 0.310s url=https://www.myfonts.com/collections/light-extra-condensed-fontera-1215823-font-slex-studio
[2026-09-05T10:28:21Z] #100 attempt=1/6 status=200 0.891s url=https://www.myfonts.com/products.json?limit=100&page=4
[2026-09-05T10:28:22Z] #101 attempt=1/2 status=200 0.353s url=https://www.myfonts.com/products/extended-italic-mor-1215355
[2026-09-05T10:28:23Z] #102 attempt=1/2 status=200 0.438s url=https://www.myfonts.com/collections/mor-font-designomatt/
[2026-09-05T10:28:24Z] #103 attempt=1/2 status=200 0.351s url=https://www.myfonts.com/products/thin-tg-mathos-1215358
[2026-09-05T10:28:24Z] #104 attempt=1/2 status=200 0.341s url=https://www.myfonts.com/collections/tg-mathos-font-typogrid/
[2026-09-05T10:28:26Z] #105 attempt=1/6 status=200 0.949s url=https://www.myfonts.com/products.json?limit=100&page=5
[2026-09-05T10:28:27Z] #106 attempt=1/2 status=200 0.378s url=https://www.myfonts.com/products/regular-mirevalyn-1215310
[2026-09-05T10:28:27Z] #107 attempt=1/2 status=200 0.369s url=https://www.myfonts.com/collections/mirevalyn-font-letterhanna-studio/
[2026-09-05T10:28:28Z] #108 attempt=1/2 status=200 0.337s url=https://www.myfonts.com/products/regular-fern-flow-1215322
[2026-09-05T10:28:29Z] #109 attempt=1/2 status=200 0.365s url=https://www.myfonts.com/collections/fern-flow-font-logga-studio/
[2026-09-05T10:28:29Z] #110 attempt=1/2 status=200 0.424s url=https://www.myfonts.com/products/regular-northwind-1215309
[2026-09-05T10:28:30Z] #111 attempt=1/2 status=200 0.420s url=https://www.myfonts.com/collections/northwind-font-vampstudio/
[2026-09-05T10:28:31Z] #112 attempt=1/2 status=200 0.338s url=https://www.myfonts.com/products/regular-night-stright-1215314
[2026-09-05T10:28:31Z] #113 attempt=1/2 status=200 0.363s url=https://www.myfonts.com/collections/night-stright-font-pandeka-studio/
[2026-09-05T10:28:32Z] #114 attempt=1/2 status=200 0.375s url=https://www.myfonts.com/products/mariglen-regular-mariglen-1215299
[2026-09-05T10:28:32Z] #115 attempt=1/2 status=200 0.350s url=https://www.myfonts.com/collections/mariglen-font-flawlessandco/
[2026-09-05T10:28:33Z] #116 attempt=1/2 status=200 0.378s url=https://www.myfonts.com/products/regular-repeat-after-me-1215312
[2026-09-05T10:28:34Z] #117 attempt=1/2 status=200 0.410s url=https://www.myfonts.com/collections/repeat-after-me-font-littlehand/
[2026-09-05T10:28:34Z] #118 attempt=1/2 status=200 0.315s url=https://www.myfonts.com/products/regular-mon-lotus-de-charlies-1215313
[2026-09-05T10:28:35Z] #119 attempt=1/2 status=200 0.365s url=https://www.myfonts.com/collections/mon-lotus-de-charlies-font-littlehand/
[2026-09-05T10:28:35Z] #120 attempt=1/2 status=200 0.388s url=https://www.myfonts.com/products/regular-mltp-just-fly-brush-1215298
[2026-09-05T10:28:36Z] #121 attempt=1/2 status=200 0.373s url=https://www.myfonts.com/collections/mltp-just-fly-brush-font-multype-studio/
[2026-09-05T10:28:37Z] #122 attempt=1/2 status=200 0.336s url=https://www.myfonts.com/products/regular-greyland-1215297
[2026-09-05T10:28:37Z] #123 attempt=1/2 status=200 0.363s url=https://www.myfonts.com/collections/greyland-font-din-studio/
[2026-09-05T10:28:38Z] #124 attempt=1/2 status=200 0.355s url=https://www.myfonts.com/products/regular-arvexa-1215293
[2026-09-05T10:28:38Z] #125 attempt=1/2 status=200 0.329s url=https://www.myfonts.com/collections/arvexa-font-arif-novianto/
[2026-09-05T10:28:39Z] #126 attempt=1/2 status=200 0.324s url=https://www.myfonts.com/products/regular-boosta-nose-1215311
[2026-09-05T10:28:40Z] #127 attempt=1/2 status=200 0.365s url=https://www.myfonts.com/collections/boosta-nose-font-maulana-creative/
[2026-09-05T10:28:41Z] #128 attempt=1/2 status=200 0.426s url=https://www.myfonts.com/products/basic-set-package-1215290
[2026-09-05T10:28:42Z] #129 attempt=1/2 status=200 0.569s url=https://www.myfonts.com/collections/hark-font-locomotype/
[2026-09-05T10:28:42Z] #130 attempt=1/2 status=200 0.362s url=https://www.myfonts.com/products/mallo-bold-complete-family-package-1215268
[2026-09-05T10:28:43Z] #131 attempt=1/2 status=200 0.410s url=https://www.myfonts.com/collections/mallo-bold-font-jafar07/
[2026-09-05T10:28:43Z] #132 attempt=1/2 status=429 0.034s url=https://www.myfonts.com/products/mizun-typeface-complete-family-package-1215257
[2026-09-05T10:28:46Z] #133 attempt=2/2 status=429 0.149s url=https://www.myfonts.com/products/mizun-typeface-complete-family-package-1215257
[2026-09-05T10:28:51Z] max_retries_exhausted url=https://www.myfonts.com/products/mizun-typeface-complete-family-package-1215257
[2026-09-05T10:28:51Z] #134 attempt=1/2 status=200 0.522s url=https://www.myfonts.com/collections/mizun-typeface-font-khoir
[2026-09-05T10:28:52Z] #135 attempt=1/2 status=429 0.033s url=https://www.myfonts.com/products/westbrew-complete-family-package-1215254
[2026-09-05T10:28:54Z] #136 attempt=2/2 status=200 0.449s url=https://www.myfonts.com/products/westbrew-complete-family-package-1215254
[2026-09-05T10:28:55Z] #137 attempt=1/2 status=200 0.352s url=https://www.myfonts.com/collections/westbrew-font-steptype/
[2026-09-05T10:28:55Z] #138 attempt=1/2 status=200 0.328s url=https://www.myfonts.com/products/regular-rouch-1215291
[2026-09-05T10:28:56Z] #139 attempt=1/2 status=200 0.329s url=https://www.myfonts.com/collections/rouch-font-rasio-studio/
[2026-09-05T10:28:57Z] #140 attempt=1/2 status=200 0.367s url=https://www.myfonts.com/products/regular-overtall-1215292
[2026-09-05T10:28:57Z] #141 attempt=1/2 status=200 0.396s url=https://www.myfonts.com/collections/overtall-font-rasio-studio/
[2026-09-05T10:28:58Z] #142 attempt=1/2 status=200 0.353s url=https://www.myfonts.com/products/regular-stackido-1215267
[2026-09-05T10:28:58Z] #143 attempt=1/2 status=200 0.319s url=https://www.myfonts.com/collections/stackido-font-almarkha-type/
[2026-09-05T10:28:59Z] #144 attempt=1/2 status=200 0.457s url=https://www.myfonts.com/products/regular-gorvex-1215162
[2026-09-05T10:29:00Z] #145 attempt=1/2 status=200 0.551s url=https://www.myfonts.com/collections/gorvex-font-sipanji21/
[2026-09-05T10:29:00Z] #146 attempt=1/2 status=200 0.327s url=https://www.myfonts.com/products/regular-bavdak-1215150
[2026-09-05T10:29:01Z] #147 attempt=1/2 status=200 0.363s url=https://www.myfonts.com/collections/bavdak-font-arif-novianto/
[2026-09-05T10:29:02Z] #148 attempt=1/2 status=200 0.360s url=https://www.myfonts.com/products/regular-dread-ghost-1215152
[2026-09-05T10:29:03Z] #149 attempt=1/2 status=200 0.331s url=https://www.myfonts.com/collections/dread-ghost-font-seemly-fonts/
[2026-09-05T10:29:03Z] #150 attempt=1/2 status=200 0.374s url=https://www.myfonts.com/products/regular-davenia-1215160
[2026-09-05T10:29:04Z] #151 attempt=1/2 status=200 0.371s url=https://www.myfonts.com/collections/davenia-font-vadova-std/
[2026-09-05T10:29:05Z] #152 attempt=1/2 status=200 0.351s url=https://www.myfonts.com/products/regular-giordino-structe-1215153
[2026-09-05T10:29:05Z] #153 attempt=1/2 status=200 0.353s url=https://www.myfonts.com/collections/giordino-structe-font-struggle-studio/
[2026-09-05T10:29:06Z] #154 attempt=1/2 status=200 0.306s url=https://www.myfonts.com/products/regular-weaksblue-champion-1215149
[2026-09-05T10:29:06Z] #155 attempt=1/2 status=200 0.348s url=https://www.myfonts.com/collections/weaksblue-champion-font-maulana-creative/
[2026-09-05T10:29:07Z] #156 attempt=1/2 status=200 0.322s url=https://www.myfonts.com/products/bellerick-regular-bellerick-1215161
[2026-09-05T10:29:07Z] #157 attempt=1/2 status=200 0.319s url=https://www.myfonts.com/collections/bellerick-font-flawlessandco/
[2026-09-05T10:29:08Z] #158 attempt=1/2 status=200 0.428s url=https://www.myfonts.com/products/regular-real-flores-brush-1215151
[2026-09-05T10:29:09Z] #159 attempt=1/2 status=200 0.375s url=https://www.myfonts.com/collections/real-flores-brush-font-tebaltipis-studio/
[2026-09-05T10:29:09Z] #160 attempt=1/2 status=200 0.365s url=https://www.myfonts.com/products/korca-complete-family-package-1214766
[2026-09-05T10:29:10Z] #161 attempt=1/2 status=200 0.390s url=https://www.myfonts.com/collections/korca-font-artiveko/
[2026-09-05T10:29:11Z] #162 attempt=1/2 status=200 0.828s url=https://www.myfonts.com/products/ninoside-complete-family-package-1214835
[2026-09-05T10:29:12Z] #163 attempt=1/2 status=200 1.021s url=https://www.myfonts.com/collections/ninoside-font-rhd-studio/
[2026-09-05T10:29:13Z] #164 attempt=1/2 status=200 0.450s url=https://www.myfonts.com/products/arpeggio-complete-family-package-1214928
[2026-09-05T10:29:14Z] #165 attempt=1/2 status=200 1.000s url=https://www.myfonts.com/collections/arpeggio-font-paulo-goode/
[2026-09-05T10:29:15Z] #166 attempt=1/2 status=200 0.543s url=https://www.myfonts.com/products/elegtro-volt-complete-family-package-1214814
[2026-09-05T10:29:16Z] #167 attempt=1/2 status=200 0.605s url=https://www.myfonts.com/collections/elegtro-volt-font-twinletter/
[2026-09-05T10:29:17Z] #168 attempt=1/2 status=200 0.387s url=https://www.myfonts.com/products/aethrim-complete-family-package-1214763
[2026-09-05T10:29:17Z] #169 attempt=1/2 status=200 0.443s url=https://www.myfonts.com/collections/aethrim-font-artisan-themes/
[2026-09-05T10:29:18Z] #170 attempt=1/2 status=200 0.387s url=https://www.myfonts.com/products/lunadeo-complete-family-package-1215129
[2026-09-05T10:29:19Z] #171 attempt=1/2 status=200 0.411s url=https://www.myfonts.com/collections/lunadeo-font-omur-ozgur/
[2026-09-05T10:29:19Z] #172 attempt=1/2 status=200 0.388s url=https://www.myfonts.com/products/aethelgard-complete-family-package-1214919
[2026-09-05T10:29:20Z] #173 attempt=1/2 status=200 0.367s url=https://www.myfonts.com/collections/aethelgard-font-tini-fitriani/
[2026-09-05T10:29:21Z] #174 attempt=1/2 status=200 0.350s url=https://www.myfonts.com/products/cafespro-weekend-complete-family-package-1214757
[2026-09-05T10:29:21Z] #175 attempt=1/2 status=200 0.378s url=https://www.myfonts.com/collections/cafespro-weekend-font-amorfa-type/
[2026-09-05T10:29:22Z] #176 attempt=1/2 status=200 0.337s url=https://www.myfonts.com/products/rinovich-complete-family-package-1214811
[2026-09-05T10:29:22Z] #177 attempt=1/2 status=200 0.382s url=https://www.myfonts.com/collections/rinovich-font-tini-fitriani/
[2026-09-05T10:29:24Z] #178 attempt=1/2 status=200 0.988s url=https://www.myfonts.com/products/hastoga-complete-family-package-1215044
[2026-09-05T10:29:25Z] #179 attempt=1/2 status=200 1.256s url=https://www.myfonts.com/collections/hastoga-font-salsatype/
[2026-09-05T10:29:26Z] #180 attempt=1/2 status=200 0.439s url=https://www.myfonts.com/products/aino-complete-family-package-1214754
[2026-09-05T10:29:27Z] #181 attempt=1/2 status=200 0.456s url=https://www.myfonts.com/collections/aino-font-agung-sudirman/
[2026-09-05T10:29:28Z] #182 attempt=1/2 status=200 0.488s url=https://www.myfonts.com/products/mochimo-complete-family-package-1214795
[2026-09-05T10:29:28Z] #183 attempt=1/2 status=200 0.412s url=https://www.myfonts.com/collections/mochimo-font-fargun-studio/
[2026-09-05T10:29:29Z] #184 attempt=1/2 status=200 0.374s url=https://www.myfonts.com/products/rapidez-complete-family-package-1214910
[2026-09-05T10:29:29Z] #185 attempt=1/2 status=200 0.424s url=https://www.myfonts.com/collections/rapidez-font-phonnastudio/
[2026-09-05T10:29:30Z] #186 attempt=1/2 status=200 0.421s url=https://www.myfonts.com/products/the-gilleri-complete-family-package-1214751
[2026-09-05T10:29:31Z] #187 attempt=1/2 status=200 0.367s url=https://www.myfonts.com/collections/the-gilleri-font-zane-studio/
[2026-09-05T10:29:31Z] #188 attempt=1/2 status=200 0.318s url=https://www.myfonts.com/products/valkrye-complete-family-package-1214772
[2026-09-05T10:29:32Z] #189 attempt=1/2 status=200 0.374s url=https://www.myfonts.com/collections/valkrye-font-artiveko/
[2026-09-05T10:29:33Z] #190 attempt=1/2 status=200 0.367s url=https://www.myfonts.com/products/ampersands-complete-family-package-1214724
[2026-09-05T10:29:33Z] #191 attempt=1/2 status=200 0.482s url=https://www.myfonts.com/collections/ampersands-font-castletype/
[2026-09-05T10:29:35Z] #192 attempt=1/2 status=200 0.984s url=https://www.myfonts.com/products/hasfejan-complete-family-package-1214956
[2026-09-05T10:29:36Z] #193 attempt=1/2 status=200 1.470s url=https://www.myfonts.com/collections/hasfejan-font-salsatype/
[2026-09-05T10:29:37Z] #194 attempt=1/2 status=200 0.556s url=https://www.myfonts.com/products/malevoice-complete-family-package-1214769
[2026-09-05T10:29:38Z] #195 attempt=1/2 status=200 0.412s url=https://www.myfonts.com/collections/malevoice-font-artiveko/
[2026-09-05T10:29:39Z] #196 attempt=1/2 status=200 0.485s url=https://www.myfonts.com/products/alera-labs-complete-family-package-1214836
[2026-09-05T10:29:40Z] #197 attempt=1/2 status=200 0.671s url=https://www.myfonts.com/collections/alera-labs-font-product-type/
[2026-09-05T10:29:41Z] #198 attempt=1/6 status=200 0.891s url=https://www.myfonts.com/products.json?limit=100&page=6
[2026-09-05T10:29:42Z] #199 attempt=1/2 status=200 0.380s url=https://www.myfonts.com/products/regular-winfly-1214775
[2026-09-05T10:29:42Z] #200 attempt=1/2 status=200 0.356s url=https://www.myfonts.com/collections/winfly-font-beontype/
[2026-09-05T10:29:43Z] #201 attempt=1/2 status=200 0.334s url=https://www.myfonts.com/products/regular-mikamy-1214776
[2026-09-05T10:29:43Z] #202 attempt=1/2 status=200 0.443s url=https://www.myfonts.com/collections/mikamy-font-bimaksara/
[2026-09-05T10:29:44Z] #203 attempt=1/2 status=200 0.573s url=https://www.myfonts.com/products/regular-tearmark-brush-1214762
[2026-09-05T10:29:45Z] #204 attempt=1/2 status=429 0.027s url=https://www.myfonts.com/collections/tearmark-brush-font-arif-novianto/
[2026-09-05T10:29:47Z] #205 attempt=2/2 status=200 0.715s url=https://www.myfonts.com/collections/tearmark-brush-font-arif-novianto/
[2026-09-05T10:29:49Z] #206 attempt=1/6 status=200 0.909s url=https://www.myfonts.com/products.json?limit=100&page=7
[2026-09-05T10:29:50Z] #207 attempt=1/2 status=200 0.357s url=https://www.myfonts.com/products/regular-garitson-1214761
[2026-09-05T10:29:50Z] #208 attempt=1/2 status=200 0.373s url=https://www.myfonts.com/collections/garitson-font-anxietype-foundry/
[2026-09-05T10:29:51Z] #209 attempt=1/2 status=200 0.329s url=https://www.myfonts.com/products/regular-libertian-signature-1214760
[2026-09-05T10:29:51Z] #210 attempt=1/2 status=200 0.340s url=https://www.myfonts.com/collections/libertian-signature-font-anxietype-foundry/
[2026-09-05T10:29:53Z] #211 attempt=1/6 status=200 0.976s url=https://www.myfonts.com/products.json?limit=100&page=8
[2026-09-05T10:29:54Z] #212 attempt=1/2 status=200 0.876s url=https://www.myfonts.com/products/the-vintage-font-bundle-best-seller-vintage-font-bundle-package-1215133
[2026-09-05T10:29:54Z] #213 attempt=1/2 status=404 0.302s url=https://www.myfonts.com/collections/the-vintage-font-bundle-best-seller-vintage-font-bundle-font-vultype-co
[2026-09-05T10:29:55Z] #214 attempt=1/2 status=200 0.353s url=https://www.myfonts.com/products/regular-tumble-trail-1214834
[2026-09-05T10:29:56Z] #215 attempt=1/2 status=200 0.493s url=https://www.myfonts.com/collections/tumble-trail-font-twinletter/
[2026-09-05T10:29:56Z] #216 attempt=1/2 status=200 0.326s url=https://www.myfonts.com/products/regular-keramat-1214922
[2026-09-05T10:29:57Z] #217 attempt=1/2 status=200 0.345s url=https://www.myfonts.com/collections/keramat-font-tini-fitriani/
[2026-09-05T10:29:58Z] #218 attempt=1/2 status=200 0.330s url=https://www.myfonts.com/products/regular-syahru-ramadhan-1215043
[2026-09-05T10:29:58Z] #219 attempt=1/2 status=200 0.454s url=https://www.myfonts.com/collections/syahru-ramadhan-font-unitype-studio/
[2026-09-05T10:29:59Z] #220 attempt=1/2 status=200 0.497s url=https://www.myfonts.com/products/regular-rainy-pixelo-1214918
[2026-09-05T10:30:00Z] #221 attempt=1/2 status=200 0.410s url=https://www.myfonts.com/collections/rainy-pixelo-font-tini-fitriani/
[2026-09-05T10:30:00Z] #222 attempt=1/2 status=200 0.337s url=https://www.myfonts.com/products/regular-lurath-grain-1214822
[2026-09-05T10:30:01Z] #223 attempt=1/2 status=200 0.382s url=https://www.myfonts.com/collections/lurath-grain-font-twinletter/
[2026-09-05T10:30:01Z] #224 attempt=1/2 status=200 0.327s url=https://www.myfonts.com/products/regular-squiler-munchis-1214927
[2026-09-05T10:30:02Z] #225 attempt=1/2 status=200 0.542s url=https://www.myfonts.com/collections/squiler-munchis-font-tini-fitriani/
[2026-09-05T10:30:03Z] #226 attempt=1/2 status=200 0.414s url=https://www.myfonts.com/products/regular-thurket-ovriks-1214917
[2026-09-05T10:30:03Z] #227 attempt=1/2 status=200 0.372s url=https://www.myfonts.com/collections/thurket-ovriks-font-trabas-kriya/
[2026-09-05T10:30:04Z] #228 attempt=1/2 status=200 0.467s url=https://www.myfonts.com/products/regular-cute-kiyo-1214810
[2026-09-05T10:30:05Z] #229 attempt=1/2 status=200 0.331s url=https://www.myfonts.com/collections/cute-kiyo-font-sidkia-fonts/
[2026-09-05T10:30:06Z] #230 attempt=1/6 status=200 1.046s url=https://www.myfonts.com/products.json?limit=100&page=9
[2026-09-05T10:30:07Z] #231 attempt=1/2 status=200 0.382s url=https://www.myfonts.com/products/bold-ddobakhyerim-1214926
[2026-09-05T10:30:08Z] #232 attempt=1/2 status=200 0.509s url=https://www.myfonts.com/collections/ddobakhyerim-font-hyerimhada/
[2026-09-05T10:30:08Z] #233 attempt=1/2 status=200 0.324s url=https://www.myfonts.com/products/regular-lathorn-stalor-1214916
[2026-09-05T10:30:09Z] #234 attempt=1/2 status=200 0.455s url=https://www.myfonts.com/collections/lathorn-stalor-font-trabas-kriya/
[2026-09-05T10:30:09Z] #235 attempt=1/2 status=200 0.358s url=https://www.myfonts.com/products/regular-attern-1214809
[2026-09-05T10:30:10Z] #236 attempt=1/2 status=200 0.365s url=https://www.myfonts.com/collections/attern-font-konstantinestudio/
[2026-09-05T10:30:11Z] #237 attempt=1/2 status=200 0.330s url=https://www.myfonts.com/products/regular-lorveth-haven-1214915
[2026-09-05T10:30:11Z] #238 attempt=1/2 status=200 0.488s url=https://www.myfonts.com/collections/lorveth-haven-font-product-type/
[2026-09-05T10:30:12Z] #239 attempt=1/2 status=200 0.511s url=https://www.myfonts.com/products/milano-perla-script-milano-perla-script-font-1214808
[2026-09-05T10:30:13Z] #240 attempt=1/2 status=200 0.475s url=https://www.myfonts.com/collections/milano-perla-script-font-font-jimtype-studio/
[2026-09-05T10:30:14Z] #241 attempt=1/2 status=200 0.438s url=https://www.myfonts.com/products/neo-mameo-complete-family-package-1214800
[2026-09-05T10:30:14Z] #242 attempt=1/2 status=200 0.525s url=https://www.myfonts.com/collections/neo-mameo-font-kaidosan/
[2026-09-05T10:30:15Z] #243 attempt=1/2 status=200 0.680s url=https://www.myfonts.com/products/coteza-complete-family-package-1214780
[2026-09-05T10:30:16Z] #244 attempt=1/2 status=200 0.443s url=https://www.myfonts.com/collections/coteza-font-font-liner/
[2026-09-05T10:30:17Z] #245 attempt=1/2 status=200 0.396s url=https://www.myfonts.com/products/thin-regular-bold-black-package-1214793
[2026-09-05T10:30:17Z] #246 attempt=1/2 status=200 0.563s url=https://www.myfonts.com/collections/bausik-sans-font-fitrah-type/
[2026-09-05T10:30:18Z] #247 attempt=1/2 status=200 0.303s url=https://www.myfonts.com/products/regular-forest-blossom-1214778
[2026-09-05T10:30:19Z] #248 attempt=1/2 status=200 0.389s url=https://www.myfonts.com/collections/forest-blossom-font-gassstype/
[2026-09-05T10:30:19Z] #249 attempt=1/2 status=200 0.314s url=https://www.myfonts.com/products/regular-gundora-1214777
[2026-09-05T10:30:20Z] #250 attempt=1/2 status=200 0.399s url=https://www.myfonts.com/collections/gundora-font-dareco-studio/
[2026-09-05T10:30:20Z] #251 attempt=1/2 status=200 0.340s url=https://www.myfonts.com/products/regular-emiria-1214779
[2026-09-05T10:30:21Z] #252 attempt=1/2 status=200 0.319s url=https://www.myfonts.com/collections/emiria-font-four-lines-std/
[2026-09-05T10:30:22Z] #253 attempt=1/2 status=200 0.315s url=https://www.myfonts.com/products/regular-ft-darktide-1214794
[2026-09-05T10:30:22Z] #254 attempt=1/2 status=200 0.319s url=https://www.myfonts.com/collections/ft-darktide-font-firstype-studio/
[2026-09-05T10:30:23Z] #255 attempt=1/2 status=200 0.346s url=https://www.myfonts.com/products/regular-wacdeb-1214753
[2026-09-05T10:30:23Z] #256 attempt=1/2 status=200 0.345s url=https://www.myfonts.com/collections/wacdeb-font-hasnat-studio/
[2026-09-05T10:30:24Z] #257 attempt=1/2 status=200 0.357s url=https://www.myfonts.com/products/fty-skradjhuwn-complete-family-package-1214726
[2026-09-05T10:30:25Z] #258 attempt=1/2 status=200 0.436s url=https://www.myfonts.com/collections/fty-skradjhuwn-font-the-fontry/
[2026-09-05T10:30:26Z] #259 attempt=1/2 status=200 0.750s url=https://www.myfonts.com/products/titular-complete-family-package-1214725
[2026-09-05T10:30:28Z] #260 attempt=1/2 status=200 1.925s url=https://www.myfonts.com/collections/titular-font-latinotype/
[2026-09-05T10:30:28Z] #261 attempt=1/2 status=200 0.422s url=https://www.myfonts.com/products/qubix-complete-family-package-1214732
[2026-09-05T10:30:29Z] #262 attempt=1/2 status=200 0.458s url=https://www.myfonts.com/collections/qubix-font-xdcreative/
[2026-09-05T10:30:30Z] #263 attempt=1/2 status=200 0.453s url=https://www.myfonts.com/products/mesveda-complete-family-package-1214736
[2026-09-05T10:30:31Z] #264 attempt=1/2 status=200 0.719s url=https://www.myfonts.com/collections/mesveda-font-agny-hasya-studio/
[2026-09-05T10:30:32Z] #265 attempt=1/2 status=200 0.468s url=https://www.myfonts.com/products/arvor-complete-family-package-1214708
[2026-09-05T10:30:32Z] #266 attempt=1/2 status=200 0.594s url=https://www.myfonts.com/collections/arvor-font-octotypo/
[2026-09-05T10:30:36Z] #267 attempt=1/2 status=500 3.162s url=https://www.myfonts.com/products/family-font-bundle-package-1214723
[2026-09-05T10:30:36Z] #268 attempt=1/2 status=404 0.308s url=https://www.myfonts.com/collections/family-font-bundle-font-propertype
[2026-09-05T10:30:37Z] #269 attempt=1/2 status=200 0.474s url=https://www.myfonts.com/products/sigmund-pro-complete-family-package-1214229
[2026-09-05T10:30:38Z] #270 attempt=1/2 status=200 1.062s url=https://www.myfonts.com/collections/sigmund-pro-font-borutta/
[2026-09-05T10:30:39Z] #271 attempt=1/2 status=200 0.459s url=https://www.myfonts.com/products/grenoble-history-complete-family-package-1214384
[2026-09-05T10:30:40Z] #272 attempt=1/2 status=200 0.494s url=https://www.myfonts.com/collections/grenoble-history-font-unitype-studio/
[2026-09-05T10:30:43Z] #273 attempt=1/2 status=200 2.566s url=https://www.myfonts.com/products/antrain-complete-family-package-1214420
[2026-09-05T10:30:45Z] #274 attempt=1/2 status=200 2.396s url=https://www.myfonts.com/collections/antrain-font-ws-studio/
[2026-09-05T10:30:47Z] #275 attempt=1/2 status=200 0.615s url=https://www.myfonts.com/products/wacky-complete-family-package-1214263
[2026-09-05T10:30:47Z] #276 attempt=1/2 status=200 0.461s url=https://www.myfonts.com/collections/wacky-font-timelesstype-studio/
[2026-09-05T10:30:48Z] #277 attempt=1/2 status=200 0.402s url=https://www.myfonts.com/products/bitebold-complete-family-package-1214575
[2026-09-05T10:30:49Z] #278 attempt=1/2 status=200 0.389s url=https://www.myfonts.com/collections/bitebold-font-steptype/
[2026-09-05T10:30:49Z] #279 attempt=1/2 status=429 0.032s url=https://www.myfonts.com/products/farlot-complete-family-package-1214377
[2026-09-05T10:30:52Z] #280 attempt=2/2 status=200 0.612s url=https://www.myfonts.com/products/farlot-complete-family-package-1214377
[2026-09-05T10:30:52Z] #281 attempt=1/2 status=429 0.040s url=https://www.myfonts.com/collections/farlot-font-vuuuds/
[2026-09-05T10:30:55Z] #282 attempt=2/2 status=200 0.634s url=https://www.myfonts.com/collections/farlot-font-vuuuds/
[2026-09-05T10:30:56Z] #283 attempt=1/2 status=200 0.526s url=https://www.myfonts.com/products/fabric-grotesk-complete-family-package-1214209
[2026-09-05T10:30:56Z] #284 attempt=1/2 status=200 0.524s url=https://www.myfonts.com/collections/fabric-grotesk-font-fontfabric/
[2026-09-05T10:30:59Z] #285 attempt=1/2 status=200 1.912s url=https://www.myfonts.com/products/softness-package-1214419
[2026-09-05T10:31:02Z] #286 attempt=1/2 status=500 3.335s url=https://www.myfonts.com/collections/avelrune-font-ajibatype/
[2026-09-05T10:31:03Z] #287 attempt=1/2 status=404 0.256s url=https://www.myfonts.com/collections/softness-font-ajibatype
[2026-09-05T10:31:04Z] #288 attempt=1/2 status=200 0.687s url=https://www.myfonts.com/products/daily-vibrant-complete-family-package-1214260
[2026-09-05T10:31:04Z] #289 attempt=1/2 status=200 0.500s url=https://www.myfonts.com/collections/daily-vibrant-font-timelesstype-studio/
[2026-09-05T10:31:05Z] #290 attempt=1/2 status=200 0.613s url=https://www.myfonts.com/products/godskin-standard-pack-package-1214705
[2026-09-05T10:31:06Z] #291 attempt=1/2 status=200 0.789s url=https://www.myfonts.com/collections/godskin-grotesk-font-horizon-type/
[2026-09-05T10:31:07Z] #292 attempt=1/2 status=200 0.364s url=https://www.myfonts.com/products/bombify-complete-family-package-1214477
[2026-09-05T10:31:08Z] #293 attempt=1/2 status=200 0.399s url=https://www.myfonts.com/collections/bombify-font-blankids/
[2026-09-05T10:31:08Z] #294 attempt=1/2 status=200 0.343s url=https://www.myfonts.com/products/nectavia-complete-family-package-1214372
[2026-09-05T10:31:09Z] #295 attempt=1/2 status=200 0.408s url=https://www.myfonts.com/collections/nectavia-font-flawlessandco/
[2026-09-05T10:31:10Z] #296 attempt=1/2 status=200 0.399s url=https://www.myfonts.com/products/charm-thebite-complete-family-package-1214257
[2026-09-05T10:31:10Z] #297 attempt=1/2 status=200 0.414s url=https://www.myfonts.com/collections/charm-thebite-font-timelesstype-studio/
[2026-09-05T10:31:11Z] #298 attempt=1/2 status=200 0.731s url=https://www.myfonts.com/products/sft-schrifted-sans-compact-width-package-1214704
[2026-09-05T10:31:12Z] #299 attempt=1/2 status=200 0.853s url=https://www.myfonts.com/collections/sft-schrift-sans-font-schrifteria-foundry/
[2026-09-05T10:31:13Z] #300 attempt=1/2 status=200 0.382s url=https://www.myfonts.com/products/lush-windson-complete-family-package-1214415
[2026-09-05T10:31:14Z] #301 attempt=1/2 status=200 0.530s url=https://www.myfonts.com/collections/lush-windson-font-letterena-studios/
[2026-09-05T10:31:14Z] #302 attempt=1/2 status=200 0.367s url=https://www.myfonts.com/products/italics-only-package-1214429
[2026-09-05T10:31:15Z] #303 attempt=1/2 status=200 0.498s url=https://www.myfonts.com/collections/pulseras-font-lurinzu-studios/
[2026-09-05T10:31:16Z] #304 attempt=1/2 status=200 0.388s url=https://www.myfonts.com/products/summer-blythe-complete-family-package-1214275
[2026-09-05T10:31:17Z] #305 attempt=1/2 status=200 0.864s url=https://www.myfonts.com/collections/summer-blythe-font-cocodesign/
[2026-09-05T10:31:17Z] #306 attempt=1/2 status=200 0.378s url=https://www.myfonts.com/products/exodus-complete-family-package-1214254
[2026-09-05T10:31:19Z] #307 attempt=1/2 status=200 0.973s url=https://www.myfonts.com/collections/exodus-font-timelesstype-studio/
[2026-09-05T10:31:21Z] #308 attempt=1/2 status=200 1.721s url=https://www.myfonts.com/products/rigstik-serif-complete-family-package-1214274
[2026-09-05T10:31:23Z] #309 attempt=1/2 status=200 1.908s url=https://www.myfonts.com/collections/rigstik-serif-font-madjack-font/
[2026-09-05T10:31:24Z] #310 attempt=1/2 status=200 0.360s url=https://www.myfonts.com/products/ballersin-chyntia-complete-family-package-1214412
[2026-09-05T10:31:24Z] #311 attempt=1/2 status=200 0.395s url=https://www.myfonts.com/collections/ballersin-chyntia-font-letterena-studios/
[2026-09-05T10:31:26Z] #312 attempt=1/2 status=200 1.120s url=https://www.myfonts.com/products/berka-variable-fonts-package-1214249
[2026-09-05T10:31:27Z] #313 attempt=1/2 status=200 0.917s url=https://www.myfonts.com/collections/berka-font-wahyu-sani-co/
[2026-09-05T10:31:27Z] #314 attempt=1/2 status=200 0.348s url=https://www.myfonts.com/products/butter-rolling-complete-family-package-1214421
[2026-09-05T10:31:28Z] #315 attempt=1/2 status=200 0.361s url=https://www.myfonts.com/collections/butter-rolling-font-letterena-studios/
[2026-09-05T10:31:30Z] #316 attempt=1/6 status=200 0.969s url=https://www.myfonts.com/products.json?limit=100&page=10
[2026-09-05T10:31:30Z] #317 attempt=1/2 status=200 0.336s url=https://www.myfonts.com/products/signer-complete-family-package-1214267
[2026-09-05T10:31:31Z] #318 attempt=1/2 status=200 0.381s url=https://www.myfonts.com/collections/signer-font-blankids/
[2026-09-05T10:31:32Z] #319 attempt=1/2 status=200 0.483s url=https://www.myfonts.com/products/grand-bernabeu-complete-family-package-1214393
[2026-09-05T10:31:32Z] #320 attempt=1/2 status=200 0.624s url=https://www.myfonts.com/collections/grand-bernabeu-font-unitype-studio/
[2026-09-05T10:31:33Z] #321 attempt=1/2 status=200 0.358s url=https://www.myfonts.com/products/tharwatemara-regular-te-mary2-1214707
[2026-09-05T10:31:34Z] #322 attempt=1/2 status=200 0.416s url=https://www.myfonts.com/collections/te-mary2-font-tharwat-emara/
[2026-09-05T10:31:34Z] #323 attempt=1/2 status=200 0.353s url=https://www.myfonts.com/products/regular-paper-cut-1214706
[2026-09-05T10:31:35Z] #324 attempt=1/2 status=200 0.432s url=https://www.myfonts.com/collections/paper-cut-font-jafar07/
[2026-09-05T10:31:37Z] #325 attempt=1/6 status=200 1.038s url=https://www.myfonts.com/products.json?limit=100&page=11
[2026-09-05T10:31:38Z] #326 attempt=1/6 status=200 0.971s url=https://www.myfonts.com/products.json?limit=100&page=12
[2026-09-05T10:31:39Z] #327 attempt=1/2 status=200 0.342s url=https://www.myfonts.com/products/sans-gold-chamber-1214272
[2026-09-05T10:31:39Z] #328 attempt=1/2 status=200 0.305s url=https://www.myfonts.com/collections/gold-chamber-font-almarkha-type/
[2026-09-05T10:31:41Z] #329 attempt=1/6 status=200 0.836s url=https://www.myfonts.com/products.json?limit=100&page=13
[2026-09-05T10:31:41Z] #330 attempt=1/2 status=200 0.344s url=https://www.myfonts.com/products/regular-spooky-friend-1214251
[2026-09-05T10:31:42Z] #331 attempt=1/2 status=200 0.498s url=https://www.myfonts.com/collections/spooky-friend-font-mvmet/
[2026-09-05T10:31:43Z] #332 attempt=1/6 status=200 1.040s url=https://www.myfonts.com/products.json?limit=100&page=14
[2026-09-05T10:31:44Z] #333 attempt=1/2 status=200 0.353s url=https://www.myfonts.com/products/regular-camu-sicavest-1214371
[2026-09-05T10:31:45Z] #334 attempt=1/2 status=200 0.345s url=https://www.myfonts.com/collections/camu-sicavest-font-trabas-kriya/
[2026-09-05T10:31:45Z] #335 attempt=1/2 status=200 0.316s url=https://www.myfonts.com/products/regular-rikast-pestafy-1214369
[2026-09-05T10:31:46Z] #336 attempt=1/2 status=200 0.311s url=https://www.myfonts.com/collections/rikast-pestafy-font-twinletter/
[2026-09-05T10:31:46Z] #337 attempt=1/2 status=200 0.339s url=https://www.myfonts.com/products/regular-broveld-1214392
[2026-09-05T10:31:47Z] #338 attempt=1/2 status=200 0.346s url=https://www.myfonts.com/collections/broveld-font-bentype/
[2026-09-05T10:31:48Z] #339 attempt=1/2 status=200 0.352s url=https://www.myfonts.com/products/regular-jurexo-tuku-1214311
[2026-09-05T10:31:48Z] #340 attempt=1/2 status=200 0.384s url=https://www.myfonts.com/collections/jurexo-tuku-font-twinletter/
[2026-09-05T10:31:49Z] #341 attempt=1/2 status=200 0.310s url=https://www.myfonts.com/products/old-world-ink-italic-old-world-ink-1214375
[2026-09-05T10:31:50Z] #342 attempt=1/2 status=200 0.588s url=https://www.myfonts.com/collections/old-world-ink-font-eryn-rose-design/
[2026-09-05T10:31:50Z] #343 attempt=1/2 status=200 0.318s url=https://www.myfonts.com/products/regular-goofy-thick-1214376
[2026-09-05T10:31:51Z] #344 attempt=1/2 status=200 0.625s url=https://www.myfonts.com/collections/goofy-thick-font-sronstudio/
[2026-09-05T10:31:52Z] #345 attempt=1/2 status=200 0.326s url=https://www.myfonts.com/products/regular-gekor-spokat-1214370
[2026-09-05T10:31:52Z] #346 attempt=1/2 status=200 0.336s url=https://www.myfonts.com/collections/gekor-spokat-font-trabas-kriya/
[2026-09-05T10:31:52Z] #347 attempt=1/2 status=429 0.028s url=https://www.myfonts.com/products/regular-metro-marker-1214253
[2026-09-05T10:31:55Z] #348 attempt=2/2 status=200 0.586s url=https://www.myfonts.com/products/regular-metro-marker-1214253
[2026-09-05T10:31:56Z] #349 attempt=1/2 status=200 0.363s url=https://www.myfonts.com/collections/metro-marker-font-gassstype/
[2026-09-05T10:31:56Z] #350 attempt=1/2 status=200 0.348s url=https://www.myfonts.com/products/regular-sthayos-1214266
[2026-09-05T10:31:57Z] #351 attempt=1/2 status=200 0.396s url=https://www.myfonts.com/collections/sthayos-font-yumnacreative/
[2026-09-05T10:31:58Z] #352 attempt=1/2 status=200 0.427s url=https://www.myfonts.com/products/regular-eldoria-maison-1214525
[2026-09-05T10:31:58Z] #353 attempt=1/2 status=200 0.445s url=https://www.myfonts.com/collections/eldoria-maison-font-letterhend/
[2026-09-05T10:31:59Z] #354 attempt=1/2 status=200 0.327s url=https://www.myfonts.com/products/regular-hbt-897-1214252
[2026-09-05T10:32:00Z] #355 attempt=1/2 status=200 0.374s url=https://www.myfonts.com/collections/hbt-897-font-nian-keun-studio/
[2026-09-05T10:32:00Z] #356 attempt=1/2 status=200 0.403s url=https://www.myfonts.com/products/regular-ghost-grim-1214250
[2026-09-05T10:32:01Z] #357 attempt=1/2 status=200 0.386s url=https://www.myfonts.com/collections/ghost-grim-font-mvmet/
[2026-09-05T10:32:01Z] #358 attempt=1/2 status=200 0.381s url=https://www.myfonts.com/products/golden-tomorrow-complete-family-package-1213121
[2026-09-05T10:32:02Z] #359 attempt=1/2 status=200 0.403s url=https://www.myfonts.com/collections/golden-tomorrow-font-letterena-studios/
[2026-09-05T10:32:03Z] #360 attempt=1/2 status=200 0.446s url=https://www.myfonts.com/products/enogi-complete-family-package-1214178
[2026-09-05T10:32:03Z] #361 attempt=1/2 status=200 0.398s url=https://www.myfonts.com/collections/enogi-font-sensatype-studio/
[2026-09-05T10:32:04Z] #362 attempt=1/2 status=200 0.699s url=https://www.myfonts.com/products/neurath-x-mono-complete-family-package-1212672
[2026-09-05T10:32:06Z] #363 attempt=1/2 status=200 1.039s url=https://www.myfonts.com/collections/neurath-x-mono-font-rene-bieder/
[2026-09-05T10:32:06Z] #364 attempt=1/2 status=200 0.457s url=https://www.myfonts.com/products/limit-frwy-variable-concept-complete-family-package-1212897
[2026-09-05T10:32:07Z] #365 attempt=1/2 status=200 0.440s url=https://www.myfonts.com/collections/limit-frwy-variable-concept-font-bold-guys/
[2026-09-05T10:32:08Z] #366 attempt=1/2 status=200 0.418s url=https://www.myfonts.com/products/fendora-complete-family-package-1214110
[2026-09-05T10:32:09Z] #367 attempt=1/2 status=200 0.463s url=https://www.myfonts.com/collections/fendora-font-asbill-studio/
[2026-09-05T10:32:12Z] #368 attempt=1/2 status=500 3.096s url=https://www.myfonts.com/products/k73-droms-star-package-1213481
[2026-09-05T10:32:12Z] #369 attempt=1/2 status=404 0.239s url=https://www.myfonts.com/collections/k73-droms-star-font-k73-type-foundry
[2026-09-05T10:32:16Z] #370 attempt=1/2 status=200 3.191s url=https://www.myfonts.com/products/soft-package-1214060
[2026-09-05T10:32:19Z] #371 attempt=1/2 status=500 3.127s url=https://www.myfonts.com/collections/seghan-elegant-font-rotterlab-studio/
[2026-09-05T10:32:20Z] #372 attempt=1/2 status=404 0.234s url=https://www.myfonts.com/collections/soft-font-rotterlab-studio
[2026-09-05T10:32:21Z] #373 attempt=1/2 status=200 0.835s url=https://www.myfonts.com/products/voyager-mono-rounded-complete-family-package-1213217
[2026-09-05T10:32:22Z] #374 attempt=1/2 status=200 1.031s url=https://www.myfonts.com/collections/voyager-mono-rounded-font-anton-kokoshka/
[2026-09-05T10:32:23Z] #375 attempt=1/2 status=200 0.416s url=https://www.myfonts.com/products/sunday-richmark-complete-family-package-1213107
[2026-09-05T10:32:23Z] #376 attempt=1/2 status=200 0.579s url=https://www.myfonts.com/collections/sunday-richmark-font-din-studio/
[2026-09-05T10:32:24Z] #377 attempt=1/2 status=200 0.504s url=https://www.myfonts.com/products/zia-eachmont-complete-family-package-1214114
[2026-09-05T10:32:25Z] #378 attempt=1/2 status=200 0.430s url=https://www.myfonts.com/collections/zia-eachmont-font-zia-creative-studio/
[2026-09-05T10:32:26Z] #379 attempt=1/2 status=200 0.369s url=https://www.myfonts.com/products/folare-complete-family-package-1214071
[2026-09-05T10:32:26Z] #380 attempt=1/2 status=200 0.404s url=https://www.myfonts.com/collections/folare-font-vermilione/
[2026-09-05T10:32:27Z] #381 attempt=1/2 status=200 0.367s url=https://www.myfonts.com/products/saktere-complete-family-package-1213045
[2026-09-05T10:32:27Z] #382 attempt=1/2 status=200 0.400s url=https://www.myfonts.com/collections/saktere-font-burntilldead/
[2026-09-05T10:32:28Z] #383 attempt=1/2 status=200 0.406s url=https://www.myfonts.com/products/limit-variable-concept-full-complete-family-package-1212880
[2026-09-05T10:32:29Z] #384 attempt=1/2 status=200 0.645s url=https://www.myfonts.com/collections/limit-variable-concept-full-font-bold-guys/
[2026-09-05T10:32:30Z] #385 attempt=1/2 status=200 0.592s url=https://www.myfonts.com/products/fazero-complete-family-package-1214107
[2026-09-05T10:32:30Z] #386 attempt=1/2 status=200 0.404s url=https://www.myfonts.com/collections/fazero-font-font-liner/
[2026-09-05T10:32:31Z] #387 attempt=1/2 status=200 0.509s url=https://www.myfonts.com/products/prixma-sans-italic-package-1213154
[2026-09-05T10:32:32Z] #388 attempt=1/2 status=200 0.923s url=https://www.myfonts.com/collections/prixma-sans-font-defharo/
[2026-09-05T10:32:34Z] #389 attempt=1/2 status=200 1.071s url=https://www.myfonts.com/products/atelion-complete-family-package-1214156
[2026-09-05T10:32:35Z] #390 attempt=1/2 status=200 0.828s url=https://www.myfonts.com/collections/atelion-font-jafar07/
[2026-09-05T10:32:35Z] #391 attempt=1/2 status=200 0.368s url=https://www.myfonts.com/products/garned-complete-family-package-1213827
[2026-09-05T10:32:36Z] #392 attempt=1/2 status=200 0.590s url=https://www.myfonts.com/collections/garned-font-typebae/
[2026-09-05T10:32:38Z] #393 attempt=1/2 status=200 1.793s url=https://www.myfonts.com/products/gracilly-complete-family-package-1213664
[2026-09-05T10:32:41Z] #394 attempt=1/2 status=200 2.100s url=https://www.myfonts.com/collections/gracilly-font-existype/
[2026-09-05T10:32:42Z] #395 attempt=1/2 status=200 0.455s url=https://www.myfonts.com/products/aslangie-complete-family-package-1213126
[2026-09-05T10:32:42Z] #396 attempt=1/2 status=200 0.395s url=https://www.myfonts.com/collections/aslangie-font-typeclassheroes/
[2026-09-05T10:32:43Z] #397 attempt=1/2 status=200 0.399s url=https://www.myfonts.com/products/malley-jacklist-complete-family-package-1213171
[2026-09-05T10:32:44Z] #398 attempt=1/2 status=200 0.394s url=https://www.myfonts.com/collections/malley-jacklist-font-maulana-creative/
[2026-09-05T10:32:46Z] #399 attempt=1/2 status=200 1.950s url=https://www.myfonts.com/products/serfio-complete-family-package-1213479
[2026-09-05T10:32:49Z] #400 attempt=1/2 status=200 2.342s url=https://www.myfonts.com/collections/serfio-font-dorado-foundry/
[2026-09-05T10:32:50Z] #401 attempt=1/2 status=200 0.339s url=https://www.myfonts.com/products/mildson-complete-family-package-1214144
[2026-09-05T10:32:50Z] #402 attempt=1/2 status=200 0.478s url=https://www.myfonts.com/collections/mildson-font-blankids/
[2026-09-05T10:32:51Z] #403 attempt=1/2 status=200 0.335s url=https://www.myfonts.com/products/sweet-fruity-complete-family-package-1213104
[2026-09-05T10:32:52Z] #404 attempt=1/2 status=200 0.461s url=https://www.myfonts.com/collections/sweet-fruity-font-letterena-studios/
[2026-09-05T10:32:52Z] #405 attempt=1/2 status=200 0.387s url=https://www.myfonts.com/products/limit-file-variable-concept-complete-family-package-1212901
[2026-09-05T10:32:53Z] #406 attempt=1/2 status=200 0.418s url=https://www.myfonts.com/collections/limit-file-variable-concept-font-bold-guys/
[2026-09-05T10:32:54Z] #407 attempt=1/2 status=200 0.494s url=https://www.myfonts.com/products/unexpected-typewriter-complete-family-package-1214137
[2026-09-05T10:32:54Z] #408 attempt=1/2 status=200 0.478s url=https://www.myfonts.com/collections/unexpected-typewriter-font-ana-s-fonts/
[2026-09-05T10:32:55Z] #409 attempt=1/2 status=200 0.381s url=https://www.myfonts.com/products/velantia-complete-family-package-1214058
[2026-09-05T10:32:56Z] #410 attempt=1/2 status=200 0.417s url=https://www.myfonts.com/collections/velantia-font-nexaline-type/
[2026-09-05T10:32:56Z] #411 attempt=1/2 status=200 0.480s url=https://www.myfonts.com/products/neurath-x-complete-family-package-1212653
[2026-09-05T10:32:57Z] #412 attempt=1/2 status=200 0.561s url=https://www.myfonts.com/collections/neurath-x-font-rene-bieder/
[2026-09-05T10:32:58Z] #413 attempt=1/2 status=200 0.472s url=https://www.myfonts.com/products/chigora-display-complete-family-package-1213190
[2026-09-05T10:32:59Z] #414 attempt=1/2 status=200 0.652s url=https://www.myfonts.com/collections/chigora-display-font-romie-creative/
[2026-09-05T10:33:00Z] #415 attempt=1/2 status=200 0.574s url=https://www.myfonts.com/products/ot-ravelin-complete-family-package-1214087
[2026-09-05T10:33:00Z] #416 attempt=1/2 status=429 0.036s url=https://www.myfonts.com/collections/ot-ravelin-font-oz-design/
[2026-09-05T10:33:03Z] #417 attempt=2/2 status=200 0.615s url=https://www.myfonts.com/collections/ot-ravelin-font-oz-design/
[2026-09-05T10:33:04Z] #418 attempt=1/2 status=200 0.407s url=https://www.myfonts.com/products/nisaya-script-complete-family-package-1213175
[2026-09-05T10:33:04Z] #419 attempt=1/2 status=200 0.391s url=https://www.myfonts.com/collections/nisaya-script-font-kalam/
[2026-09-05T10:33:05Z] #420 attempt=1/2 status=200 0.551s url=https://www.myfonts.com/products/murisa-temiz-complete-family-package-1214148
[2026-09-05T10:33:06Z] #421 attempt=1/2 status=200 0.369s url=https://www.myfonts.com/collections/murisa-temiz-font-murisa-studio/
[2026-09-05T10:33:06Z] #422 attempt=1/2 status=200 0.709s url=https://www.myfonts.com/products/chunky-moots-complete-family-package-1213506
[2026-09-05T10:33:07Z] #423 attempt=1/2 status=200 0.391s url=https://www.myfonts.com/collections/chunky-moots-font-font-liner/
[2026-09-05T10:33:08Z] #424 attempt=1/2 status=200 0.451s url=https://www.myfonts.com/products/frandy-complete-family-package-1213002
[2026-09-05T10:33:08Z] #425 attempt=1/2 status=200 0.361s url=https://www.myfonts.com/collections/frandy-font-maulana-creative/
[2026-09-05T10:33:09Z] #426 attempt=1/2 status=200 0.348s url=https://www.myfonts.com/products/aqubeli-display-complete-family-package-1213134
[2026-09-05T10:33:10Z] #427 attempt=1/2 status=200 0.360s url=https://www.myfonts.com/collections/aqubeli-display-font-kalam/
[2026-09-05T10:33:10Z] #428 attempt=1/2 status=200 0.359s url=https://www.myfonts.com/products/monteba-complete-family-package-1214062
[2026-09-05T10:33:11Z] #429 attempt=1/2 status=200 0.389s url=https://www.myfonts.com/collections/monteba-font-vermilione/
[2026-09-05T10:33:12Z] #430 attempt=1/2 status=200 0.369s url=https://www.myfonts.com/products/limit-micro-variable-concept-complete-family-package-1212893
[2026-09-05T10:33:12Z] #431 attempt=1/2 status=200 0.409s url=https://www.myfonts.com/collections/limit-micro-variable-concept-font-bold-guys/
[2026-09-05T10:33:13Z] #432 attempt=1/2 status=200 0.378s url=https://www.myfonts.com/products/simply-addiction-complete-family-package-1213209
[2026-09-05T10:33:14Z] #433 attempt=1/2 status=200 0.519s url=https://www.myfonts.com/collections/simply-addiction-font-tini-fitriani/
[2026-09-05T10:33:14Z] #434 attempt=1/2 status=200 0.352s url=https://www.myfonts.com/products/munchy-complete-family-package-1213041
[2026-09-05T10:33:15Z] #435 attempt=1/2 status=200 0.440s url=https://www.myfonts.com/collections/munchy-font-steptype/
[2026-09-05T10:33:16Z] #436 attempt=1/2 status=200 0.431s url=https://www.myfonts.com/products/mystical-horror-collection-complete-family-package-1213165
[2026-09-05T10:33:16Z] #437 attempt=1/2 status=200 0.455s url=https://www.myfonts.com/collections/mystical-horror-collection-font-ahweproject/
[2026-09-05T10:33:17Z] #438 attempt=1/2 status=200 0.403s url=https://www.myfonts.com/products/mltp-rustiga-rose-complete-family-package-1214151
[2026-09-05T10:33:17Z] #439 attempt=1/2 status=200 0.373s url=https://www.myfonts.com/collections/mltp-rustiga-rose-font-multype-studio/
[2026-09-05T10:33:18Z] #440 attempt=1/2 status=200 0.353s url=https://www.myfonts.com/products/mix-accomplice-complete-family-package-1213793
[2026-09-05T10:33:19Z] #441 attempt=1/2 status=200 0.396s url=https://www.myfonts.com/collections/mix-accomplice-font-mix-fonts/
[2026-09-05T10:33:20Z] #442 attempt=1/2 status=200 0.496s url=https://www.myfonts.com/products/rigid-core-pro-complete-family-package-1214117
[2026-09-05T10:33:20Z] #443 attempt=1/2 status=200 0.676s url=https://www.myfonts.com/collections/rigid-core-pro-font-gleb-guralnyk/
[2026-09-05T10:33:21Z] #444 attempt=1/2 status=200 0.414s url=https://www.myfonts.com/products/handory-complete-family-package-1214092
[2026-09-05T10:33:22Z] #445 attempt=1/2 status=200 0.378s url=https://www.myfonts.com/collections/handory-font-asbill-studio/
[2026-09-05T10:33:23Z] #446 attempt=1/2 status=200 0.526s url=https://www.myfonts.com/products/hueso-bone-complete-family-package-1213116
[2026-09-05T10:33:23Z] #447 attempt=1/2 status=200 0.635s url=https://www.myfonts.com/collections/hueso-bone-font-denustudio/
[2026-09-05T10:33:24Z] #448 attempt=1/2 status=200 0.381s url=https://www.myfonts.com/products/novaret-complete-family-package-1214075
[2026-09-05T10:33:25Z] #449 attempt=1/2 status=200 0.510s url=https://www.myfonts.com/collections/novaret-font-qiubare-studio/
[2026-09-05T10:33:25Z] #450 attempt=1/2 status=200 0.422s url=https://www.myfonts.com/products/merry-sunday-complete-family-package-1213181
[2026-09-05T10:33:26Z] #451 attempt=1/2 status=200 0.417s url=https://www.myfonts.com/collections/merry-sunday-font-cocodesign/
[2026-09-05T10:33:27Z] #452 attempt=1/2 status=200 0.887s url=https://www.myfonts.com/products/veltrix-complete-family-package-1213049
[2026-09-05T10:33:29Z] #453 attempt=1/2 status=200 1.182s url=https://www.myfonts.com/collections/veltrix-font-dora-typefoundry/
[2026-09-05T10:33:30Z] #454 attempt=1/6 status=200 0.973s url=https://www.myfonts.com/products.json?limit=100&page=15
[2026-09-05T10:33:31Z] #455 attempt=1/2 status=200 0.587s url=https://www.myfonts.com/products/ertea-august-complete-family-package-1213178
[2026-09-05T10:33:32Z] #456 attempt=1/2 status=200 0.410s url=https://www.myfonts.com/collections/ertea-august-font-kalam/
[2026-09-05T10:33:32Z] #457 attempt=1/2 status=200 0.366s url=https://www.myfonts.com/products/dreamy-romance-complete-family-package-1213155
[2026-09-05T10:33:33Z] #458 attempt=1/2 status=200 0.428s url=https://www.myfonts.com/collections/dreamy-romance-font-letterhend/
[2026-09-05T10:33:34Z] #459 attempt=1/2 status=200 0.456s url=https://www.myfonts.com/products/settledown-complete-family-package-1213262
[2026-09-05T10:33:34Z] #460 attempt=1/2 status=200 0.350s url=https://www.myfonts.com/products/limit-display-variable-concept-complete-family-package-1212885
[2026-09-05T10:33:35Z] #461 attempt=1/2 status=200 0.460s url=https://www.myfonts.com/collections/limit-display-variable-concept-font-bold-guys/
[2026-09-05T10:33:36Z] #462 attempt=1/2 status=200 0.742s url=https://www.myfonts.com/products/valerius-blackletter-complete-family-package-1214068
[2026-09-05T10:33:37Z] #463 attempt=1/2 status=200 0.467s url=https://www.myfonts.com/collections/valerius-blackletter-font-kaer/
[2026-09-05T10:33:37Z] #464 attempt=1/2 status=200 0.412s url=https://www.myfonts.com/products/typo-6160-complete-family-package-1213213
[2026-09-05T10:33:38Z] #465 attempt=1/2 status=200 0.410s url=https://www.myfonts.com/collections/typo-6160-font-tension-type/
[2026-09-05T10:33:39Z] #466 attempt=1/2 status=200 0.387s url=https://www.myfonts.com/products/fankey-complete-family-package-1213037
[2026-09-05T10:33:40Z] #467 attempt=1/2 status=200 0.695s url=https://www.myfonts.com/collections/fankey-font-flavortype/
[2026-09-05T10:33:40Z] #468 attempt=1/2 status=200 0.333s url=https://www.myfonts.com/products/limit-text-variable-concept-complete-family-package-1212889
[2026-09-05T10:33:41Z] #469 attempt=1/2 status=200 0.411s url=https://www.myfonts.com/collections/limit-text-variable-concept-font-bold-guys/
[2026-09-05T10:33:42Z] #470 attempt=1/2 status=200 0.408s url=https://www.myfonts.com/products/tiree-complete-family-package-1214131
[2026-09-05T10:33:42Z] #471 attempt=1/2 status=200 0.397s url=https://www.myfonts.com/collections/tiree-font-braw-type/
[2026-09-05T10:33:44Z] #472 attempt=1/2 status=200 1.025s url=https://www.myfonts.com/products/wostan-complete-family-package-1212935
[2026-09-05T10:33:46Z] #473 attempt=1/2 status=200 1.903s url=https://www.myfonts.com/collections/wostan-font-aqeela-studio/
[2026-09-05T10:33:47Z] #474 attempt=1/2 status=200 0.368s url=https://www.myfonts.com/products/olygan-retro-complete-family-package-1213131
[2026-09-05T10:33:47Z] #475 attempt=1/2 status=200 0.373s url=https://www.myfonts.com/collections/olygan-retro-font-yoga-letter/
[2026-09-05T10:33:48Z] #476 attempt=1/2 status=200 0.679s url=https://www.myfonts.com/products/mewah-complete-family-package-1213137
[2026-09-05T10:33:48Z] #477 attempt=1/2 status=429 0.025s url=https://www.myfonts.com/collections/mewah-font-zaain-type/
[2026-09-05T10:33:51Z] #478 attempt=2/2 status=429 0.176s url=https://www.myfonts.com/collections/mewah-font-zaain-type/
[2026-09-05T10:33:56Z] max_retries_exhausted url=https://www.myfonts.com/collections/mewah-font-zaain-type/
[2026-09-05T10:33:56Z] #479 attempt=1/2 status=200 0.538s url=https://www.myfonts.com/products/modern-chic-refined-complete-family-package-1212908
[2026-09-05T10:33:57Z] #480 attempt=1/2 status=200 0.491s url=https://www.myfonts.com/collections/modern-chic-refined-font-maxart/
[2026-09-05T10:33:58Z] #481 attempt=1/2 status=200 0.438s url=https://www.myfonts.com/products/skullwick-complete-family-package-1213161
[2026-09-05T10:33:58Z] #482 attempt=1/2 status=200 0.392s url=https://www.myfonts.com/collections/skullwick-font-illushvara/
[2026-09-05T10:33:59Z] #483 attempt=1/2 status=200 0.336s url=https://www.myfonts.com/products/qerdith-complete-family-package-1213158
[2026-09-05T10:34:00Z] #484 attempt=1/2 status=200 0.409s url=https://www.myfonts.com/collections/qerdith-font-arif-novianto/
[2026-09-05T10:34:00Z] #485 attempt=1/2 status=200 0.329s url=https://www.myfonts.com/products/regular-gradley-1213036
[2026-09-05T10:34:01Z] #486 attempt=1/2 status=200 0.335s url=https://www.myfonts.com/collections/gradley-font-denustudio/
[2026-09-05T10:34:01Z] #487 attempt=1/2 status=200 0.323s url=https://www.myfonts.com/products/regular-am-geometric-regular-1212934
[2026-09-05T10:34:02Z] #488 attempt=1/2 status=200 0.455s url=https://www.myfonts.com/collections/am-geometric-regular-font-amr-mo-vertex/
[2026-09-05T10:34:03Z] #489 attempt=1/2 status=200 0.313s url=https://www.myfonts.com/products/regular-dystopian-system-1214057
[2026-09-05T10:34:03Z] #490 attempt=1/2 status=200 0.499s url=https://www.myfonts.com/collections/dystopian-system-font-gassstype/
[2026-09-05T10:34:04Z] #491 attempt=1/2 status=200 0.321s url=https://www.myfonts.com/products/regular-aribelle-1213129
[2026-09-05T10:34:05Z] #492 attempt=1/2 status=200 0.444s url=https://www.myfonts.com/collections/aribelle-font-letterhanna-studio/
[2026-09-05T10:34:05Z] #493 attempt=1/2 status=200 0.356s url=https://www.myfonts.com/products/regular-brashkick-1214143
[2026-09-05T10:34:06Z] #494 attempt=1/2 status=200 0.366s url=https://www.myfonts.com/collections/brashkick-font-letterhanna-studio/
[2026-09-05T10:34:08Z] #495 attempt=1/6 status=200 1.017s url=https://www.myfonts.com/products.json?limit=100&page=16
[2026-09-05T10:34:08Z] #496 attempt=1/2 status=200 0.374s url=https://www.myfonts.com/products/reguler-seraphiq-1214086
[2026-09-05T10:34:09Z] #497 attempt=1/2 status=200 0.387s url=https://www.myfonts.com/collections/seraphiq-font-asbill-studio/
[2026-09-05T10:34:09Z] #498 attempt=1/2 status=200 0.339s url=https://www.myfonts.com/products/regular-basecutter-1214142
[2026-09-05T10:34:10Z] #499 attempt=1/2 status=200 0.386s url=https://www.myfonts.com/collections/basecutter-font-cassette-type/
[2026-09-05T10:34:11Z] #500 attempt=1/6 status=200 0.844s url=https://www.myfonts.com/products.json?limit=100&page=17
[2026-09-05T10:34:12Z] #501 attempt=1/2 status=200 0.358s url=https://www.myfonts.com/products/bold-oresta-1213044
[2026-09-05T10:34:12Z] #502 attempt=1/2 status=200 0.347s url=https://www.myfonts.com/collections/oresta-font-limitype/
[2026-09-05T10:34:14Z] #503 attempt=1/6 status=200 0.886s url=https://www.myfonts.com/products.json?limit=100&page=18
[2026-09-05T10:34:14Z] #504 attempt=1/2 status=200 0.337s url=https://www.myfonts.com/products/regular-rough-runners-1214175
[2026-09-05T10:34:15Z] #505 attempt=1/2 status=200 0.401s url=https://www.myfonts.com/collections/rough-runners-font-gassstype/
[2026-09-05T10:34:16Z] #506 attempt=1/2 status=200 0.318s url=https://www.myfonts.com/products/belajar-nulis-regular-belajar-nulis-1213189
[2026-09-05T10:34:16Z] #507 attempt=1/2 status=200 0.317s url=https://www.myfonts.com/collections/belajar-nulis-font-randy-studio/
[2026-09-05T10:34:17Z] #508 attempt=1/2 status=200 0.351s url=https://www.myfonts.com/products/regular-metroflair-1213873
[2026-09-05T10:34:18Z] #509 attempt=1/2 status=200 0.531s url=https://www.myfonts.com/collections/metroflair-font-gassstype/
[2026-09-05T10:34:19Z] #510 attempt=1/6 status=200 1.124s url=https://www.myfonts.com/products.json?limit=100&page=19
[2026-09-05T10:34:20Z] #511 attempt=1/2 status=200 0.313s url=https://www.myfonts.com/products/uneven-steven-regular-uneven-steven-1213937
[2026-09-05T10:34:20Z] #512 attempt=1/2 status=200 0.381s url=https://www.myfonts.com/collections/uneven-steven-font-eryn-rose-design/
[2026-09-05T10:34:21Z] #513 attempt=1/2 status=200 0.353s url=https://www.myfonts.com/products/regular-amoen-1213130
[2026-09-05T10:34:22Z] #514 attempt=1/2 status=200 0.360s url=https://www.myfonts.com/collections/amoen-font-aiquitype/
[2026-09-05T10:34:22Z] #515 attempt=1/2 status=200 0.321s url=https://www.myfonts.com/products/bold-triver-1214056
[2026-09-05T10:34:23Z] #516 attempt=1/2 status=200 0.373s url=https://www.myfonts.com/collections/triver-font-limitype/
[2026-09-05T10:34:23Z] #517 attempt=1/2 status=200 0.354s url=https://www.myfonts.com/products/regular-valier-1213032
[2026-09-05T10:34:24Z] #518 attempt=1/2 status=200 0.325s url=https://www.myfonts.com/collections/valier-font-graptail/
[2026-09-05T10:34:25Z] #519 attempt=1/6 status=200 0.864s url=https://www.myfonts.com/products.json?limit=100&page=20
[2026-09-05T10:34:27Z] #520 attempt=1/6 status=200 0.878s url=https://www.myfonts.com/products.json?limit=100&page=21
[2026-09-05T10:34:27Z] #521 attempt=1/2 status=200 0.353s url=https://www.myfonts.com/products/regular-sweet-mistake-1214155
[2026-09-05T10:34:28Z] #522 attempt=1/2 status=200 0.349s url=https://www.myfonts.com/collections/sweet-mistake-font-gassstype/
[2026-09-05T10:34:29Z] #523 attempt=1/2 status=200 0.386s url=https://www.myfonts.com/products/regular-creigost-1213174
[2026-09-05T10:34:29Z] #524 attempt=1/2 status=200 0.343s url=https://www.myfonts.com/collections/creigost-font-maulana-creative/
[2026-09-05T10:34:31Z] #525 attempt=1/6 status=200 0.929s url=https://www.myfonts.com/products.json?limit=100&page=22
[2026-09-05T10:34:31Z] #526 attempt=1/2 status=200 0.311s url=https://www.myfonts.com/products/regular-gasteroim-1213124
[2026-09-05T10:34:32Z] #527 attempt=1/2 status=200 0.418s url=https://www.myfonts.com/collections/gasteroim-font-maulana-creative/
[2026-09-05T10:34:32Z] #528 attempt=1/2 status=200 0.327s url=https://www.myfonts.com/products/regular-gladup-1213035
[2026-09-05T10:34:33Z] #529 attempt=1/2 status=200 0.347s url=https://www.myfonts.com/collections/gladup-font-hasnat-studio/
[2026-09-05T10:34:34Z] #530 attempt=1/2 status=200 0.394s url=https://www.myfonts.com/products/regular-calira-1213031
[2026-09-05T10:34:34Z] #531 attempt=1/2 status=200 0.376s url=https://www.myfonts.com/collections/calira-font-graptail/
[2026-09-05T10:34:35Z] #532 attempt=1/2 status=200 0.331s url=https://www.myfonts.com/products/regular-thick-ring-1213048
[2026-09-05T10:34:35Z] #533 attempt=1/2 status=200 0.362s url=https://www.myfonts.com/collections/thick-ring-font-airotype/
[2026-09-05T10:34:36Z] #534 attempt=1/2 status=200 0.337s url=https://www.myfonts.com/products/bellevoire-bellevoire-1213164
[2026-09-05T10:34:37Z] #535 attempt=1/2 status=200 0.337s url=https://www.myfonts.com/collections/bellevoire-font-letterzep-studio/
[2026-09-05T10:34:38Z] #536 attempt=1/6 status=200 1.329s url=https://www.myfonts.com/products.json?limit=100&page=23
[2026-09-05T10:34:39Z] #537 attempt=1/2 status=200 0.329s url=https://www.myfonts.com/products/madeline-regular-madeline-in-paris-1214136
[2026-09-05T10:34:40Z] #538 attempt=1/2 status=200 0.408s url=https://www.myfonts.com/collections/madeline-in-paris-font-eryn-rose-design/
[2026-09-05T10:34:40Z] #539 attempt=1/2 status=200 0.354s url=https://www.myfonts.com/products/regular-blukat-1214085
[2026-09-05T10:34:41Z] #540 attempt=1/2 status=200 0.343s url=https://www.myfonts.com/collections/blukat-font-griyotype/
[2026-09-05T10:34:42Z] #541 attempt=1/2 status=200 0.536s url=https://www.myfonts.com/products/regular-vestron-1213040
[2026-09-05T10:34:42Z] #542 attempt=1/2 status=200 0.331s url=https://www.myfonts.com/collections/vestron-font-flawlessandco/
[2026-09-05T10:34:44Z] #543 attempt=1/6 status=200 1.011s url=https://www.myfonts.com/products.json?limit=100&page=24
[2026-09-05T10:34:44Z] #544 attempt=1/2 status=429 0.035s url=https://www.myfonts.com/products/regular-gafter-1213033
[2026-09-05T10:34:47Z] #545 attempt=2/2 status=200 0.529s url=https://www.myfonts.com/products/regular-gafter-1213033
[2026-09-05T10:34:47Z] #546 attempt=1/2 status=200 0.398s url=https://www.myfonts.com/collections/gafter-font-dareco-studio/
[2026-09-05T10:34:48Z] #547 attempt=1/2 status=200 0.345s url=https://www.myfonts.com/products/regular-zfbalance-1213216
[2026-09-05T10:34:49Z] #548 attempt=1/2 status=200 0.417s url=https://www.myfonts.com/collections/zfbalance-font-zoofont/
[2026-09-05T10:34:50Z] #549 attempt=1/6 status=200 1.157s url=https://www.myfonts.com/products.json?limit=100&page=25
[2026-09-05T10:34:51Z] #550 attempt=1/2 status=200 0.342s url=https://www.myfonts.com/products/display-kavro-1213279
[2026-09-05T10:34:52Z] #551 attempt=1/2 status=200 0.340s url=https://www.myfonts.com/collections/kavro-font-kavoon/
[2026-09-05T10:34:52Z] #552 attempt=1/2 status=200 0.312s url=https://www.myfonts.com/products/regular-retro-biker-1214177
[2026-09-05T10:34:53Z] #553 attempt=1/2 status=200 0.384s url=https://www.myfonts.com/collections/retro-biker-font-gassstype/
[2026-09-05T10:34:53Z] #554 attempt=1/2 status=200 0.337s url=https://www.myfonts.com/products/regular-restu-ibu-script-1213278
[2026-09-05T10:34:54Z] #555 attempt=1/2 status=200 0.485s url=https://www.myfonts.com/collections/restu-ibu-script-font-kalam/
[2026-09-05T10:34:55Z] #556 attempt=1/2 status=200 0.499s url=https://www.myfonts.com/products/regular-dalton-john-1214176
[2026-09-05T10:34:56Z] #557 attempt=1/2 status=200 0.584s url=https://www.myfonts.com/collections/dalton-john-font-gassstype/
[2026-09-05T10:34:56Z] #558 attempt=1/2 status=200 0.313s url=https://www.myfonts.com/products/regular-streetlight-tags-1214154
[2026-09-05T10:34:57Z] #559 attempt=1/2 status=200 0.473s url=https://www.myfonts.com/collections/streetlight-tags-font-gassstype/
[2026-09-05T10:34:58Z] #560 attempt=1/2 status=200 0.547s url=https://www.myfonts.com/products/regular-didoska-1214181
[2026-09-05T10:34:58Z] #561 attempt=1/2 status=200 0.343s url=https://www.myfonts.com/collections/didoska-font-blankids/
[2026-09-05T10:34:59Z] #562 attempt=1/2 status=200 0.344s url=https://www.myfonts.com/products/regular-siltron-1214182
[2026-09-05T10:34:59Z] #563 attempt=1/2 status=200 0.367s url=https://www.myfonts.com/collections/siltron-font-sensatype-studio/
[2026-09-05T10:35:00Z] #564 attempt=1/2 status=200 0.314s url=https://www.myfonts.com/products/regular-juliet-honey-1213212
[2026-09-05T10:35:01Z] #565 attempt=1/2 status=200 0.726s url=https://www.myfonts.com/collections/juliet-honey-font-timurtype/
[2026-09-05T10:35:02Z] #566 attempt=1/2 status=200 0.316s url=https://www.myfonts.com/products/regular-criden-1213034
[2026-09-05T10:35:02Z] #567 attempt=1/2 status=200 0.321s url=https://www.myfonts.com/collections/criden-font-lemonthe/
[2026-09-05T10:35:03Z] #568 attempt=1/2 status=200 0.349s url=https://www.myfonts.com/products/regular-sinner-1214074
[2026-09-05T10:35:03Z] #569 attempt=1/2 status=200 0.332s url=https://www.myfonts.com/collections/sinner-font-bimaksara/
[2026-09-05T10:35:03Z] summary releases=453 first_429=(66, 'https://www.myfonts.com/collections/luck-and-beauty-font-gassstype/', 0.026699542999267578) log_file=state/myfonts_run_20260905_102655.log
[2026-09-05T10:35:03Z] === MyFonts crawl end ===
