[2026-10-02T12:21:08Z] checkpoint fresh next_page=1 path=state/myfonts_crawl_checkpoint.json
[2026-10-02T12:21:08Z] === MyFonts crawl start source=myfonts ===
[2026-10-02T12:21:08Z] config max_pages=25 page_size=100 start_date=2026-10-01 end_date=2026-10-02 api_delay=0.5s detail_delay=0.2s max_debut_checks=400 max_tech_specs_checks=200 reuse_success_profile=False always_enrich_packages=True language_script_signal_mode=strong force_fresh_run=False start_page=1 browser_mode=False browser_headless=True browser_storage_state_path=state/myfonts_storage_state.json
[2026-10-02T12:21:10Z] #1 attempt=1/6 status=200 1.105s url=https://www.myfonts.com/products.json?limit=100&page=1
[2026-10-02T12:21:11Z] #2 attempt=1/2 status=200 0.831s url=https://www.myfonts.com/products/tt-lakes-complete-family-package-1235785
[2026-10-02T12:21:12Z] #3 attempt=1/2 status=200 0.833s url=https://www.myfonts.com/collections/tt-lakes-font-typetype/
[2026-10-02T12:21:13Z] #4 attempt=1/2 status=200 0.704s url=https://www.myfonts.com/collections/tt-lakes-font-typetype/?tab=techSpecs
[2026-10-02T12:21:15Z] #5 attempt=1/2 status=200 1.103s url=https://www.myfonts.com/products/tt-polihaus-non-variable-package-package-1235792
[2026-10-02T12:21:16Z] #6 attempt=1/2 status=200 1.125s url=https://www.myfonts.com/collections/tt-polihaus-font-typetype/
[2026-10-02T12:21:17Z] #7 attempt=1/2 status=200 0.365s url=https://www.myfonts.com/collections/tt-polihaus-font-typetype/?tab=techSpecs
[2026-10-02T12:21:18Z] #8 attempt=1/2 status=200 0.388s url=https://www.myfonts.com/products/neu-t-complete-family-package-1235711
[2026-10-02T12:21:19Z] #9 attempt=1/2 status=200 0.356s url=https://www.myfonts.com/collections/neu-t-font-neuclique-design/
[2026-10-02T12:21:20Z] #10 attempt=1/2 status=200 1.411s url=https://www.myfonts.com/collections/neu-t-font-neuclique-design/?tab=techSpecs
[2026-10-02T12:21:23Z] #11 attempt=1/2 status=200 1.458s url=https://www.myfonts.com/products/bold-new-odyssey-1235784
[2026-10-02T12:21:23Z] #12 attempt=1/2 status=200 0.506s url=https://www.myfonts.com/collections/new-odyssey-font-par-dfaut/
[2026-10-02T12:21:24Z] #13 attempt=1/2 status=200 0.408s url=https://www.myfonts.com/collections/new-odyssey-font-par-dfaut/?tab=techSpecs
[2026-10-02T12:21:25Z] #14 attempt=1/2 status=200 0.327s url=https://www.myfonts.com/products/regular-clay-timber-1235807
[2026-10-02T12:21:26Z] #15 attempt=1/2 status=200 0.304s url=https://www.myfonts.com/collections/clay-timber-font-claymoon-lab-studio/
[2026-10-02T12:21:27Z] #16 attempt=1/2 status=200 0.292s url=https://www.myfonts.com/collections/clay-timber-font-claymoon-lab-studio/?tab=techSpecs
[2026-10-02T12:21:27Z] #17 attempt=1/2 status=200 0.295s url=https://www.myfonts.com/products/regular-wirana-1235803
[2026-10-02T12:21:28Z] #18 attempt=1/2 status=200 0.323s url=https://www.myfonts.com/collections/wirana-font-bentype/
[2026-10-02T12:21:28Z] #19 attempt=1/2 status=200 0.281s url=https://www.myfonts.com/collections/wirana-font-bentype/?tab=techSpecs
[2026-10-02T12:21:31Z] #20 attempt=1/2 status=200 1.421s url=https://www.myfonts.com/products/regular-mangut-1235805
[2026-10-02T12:21:31Z] #21 attempt=1/2 status=200 0.282s url=https://www.myfonts.com/collections/mangut-font-canden-meutuah/
[2026-10-02T12:21:33Z] #22 attempt=1/2 status=200 1.286s url=https://www.myfonts.com/collections/mangut-font-canden-meutuah/?tab=techSpecs
[2026-10-02T12:21:34Z] #23 attempt=1/2 status=200 0.803s url=https://www.myfonts.com/products/semi-condensed-package-1235900
[2026-10-02T12:21:36Z] #24 attempt=1/2 status=200 1.926s url=https://www.myfonts.com/collections/aganote-typeface-font-bosstypestudio/
[2026-10-02T12:21:38Z] #25 attempt=1/2 status=200 0.970s url=https://www.myfonts.com/collections/aganote-typeface-font-bosstypestudio/?tab=techSpecs
[2026-10-02T12:21:39Z] #26 attempt=1/2 status=200 0.437s url=https://www.myfonts.com/products/halloween-essentials-package-1235904
[2026-10-02T12:21:41Z] #27 attempt=1/2 status=404 1.229s url=https://www.myfonts.com/collections/halloween-essentials-font-the-ampersand-forest
[2026-10-02T12:21:42Z] #28 attempt=1/2 status=200 1.278s url=https://www.myfonts.com/products/periskop-complete-family-package-1235794
[2026-10-02T12:21:44Z] #29 attempt=1/2 status=200 1.294s url=https://www.myfonts.com/collections/periskop-font-artiveko/
[2026-10-02T12:21:44Z] #30 attempt=1/2 status=200 0.287s url=https://www.myfonts.com/collections/periskop-font-artiveko/?tab=techSpecs
[2026-10-02T12:21:45Z] #31 attempt=1/2 status=200 0.334s url=https://www.myfonts.com/products/gurl-bones-complete-family-package-1235797
[2026-10-02T12:21:46Z] #32 attempt=1/2 status=200 0.384s url=https://www.myfonts.com/collections/gurl-bones-font-artisan-themes/
[2026-10-02T12:21:47Z] #33 attempt=1/2 status=200 0.305s url=https://www.myfonts.com/collections/gurl-bones-font-artisan-themes/?tab=techSpecs
[2026-10-02T12:21:48Z] #34 attempt=1/2 status=200 0.300s url=https://www.myfonts.com/products/draventa-complete-family-package-1235800
[2026-10-02T12:21:48Z] #35 attempt=1/2 status=200 0.468s url=https://www.myfonts.com/collections/draventa-font-asbill-studio/
[2026-10-02T12:21:50Z] #36 attempt=1/2 status=200 1.316s url=https://www.myfonts.com/collections/draventa-font-asbill-studio/?tab=techSpecs
[2026-10-02T12:21:52Z] #37 attempt=1/6 status=200 0.960s url=https://www.myfonts.com/products.json?limit=100&page=2
[2026-10-02T12:21:53Z] #38 attempt=1/2 status=200 0.507s url=https://www.myfonts.com/products/elegant-and-creative-font-bundle-package-1235793
[2026-10-02T12:21:53Z] #39 attempt=1/2 status=404 0.305s url=https://www.myfonts.com/collections/elegant-and-creative-font-bundle-font-mei-suseno
[2026-10-02T12:21:55Z] #40 attempt=1/2 status=200 0.648s url=https://www.myfonts.com/products/rektor-compressed-package-1235756
[2026-10-02T12:21:57Z] #41 attempt=1/2 status=200 1.191s url=https://www.myfonts.com/collections/rektor-font-bold-guys/
[2026-10-02T12:21:58Z] #42 attempt=1/2 status=200 1.033s url=https://www.myfonts.com/collections/rektor-font-bold-guys/?tab=techSpecs
[2026-10-02T12:21:59Z] #43 attempt=1/2 status=200 0.359s url=https://www.myfonts.com/products/sektor-basic-package-1235779
[2026-10-02T12:22:00Z] #44 attempt=1/2 status=200 0.550s url=https://www.myfonts.com/collections/sektor-font-bold-guys/
[2026-10-02T12:22:01Z] #45 attempt=1/2 status=200 0.451s url=https://www.myfonts.com/collections/sektor-font-bold-guys/?tab=techSpecs
[2026-10-02T12:22:02Z] #46 attempt=1/2 status=200 0.368s url=https://www.myfonts.com/products/rektor-variable-concept-complete-family-package-1235760
[2026-10-02T12:22:03Z] #47 attempt=1/2 status=200 0.467s url=https://www.myfonts.com/collections/rektor-variable-concept-font-bold-guys/
[2026-10-02T12:22:04Z] #48 attempt=1/2 status=200 0.372s url=https://www.myfonts.com/collections/rektor-variable-concept-font-bold-guys/?tab=techSpecs
[2026-10-02T12:22:05Z] #49 attempt=1/2 status=200 0.282s url=https://www.myfonts.com/products/sektor-variable-concept-complete-family-package-1235780
[2026-10-02T12:22:05Z] #50 attempt=1/2 status=200 0.306s url=https://www.myfonts.com/collections/sektor-variable-concept-font-bold-guys/
[2026-10-02T12:22:06Z] #51 attempt=1/2 status=200 0.970s url=https://www.myfonts.com/collections/sektor-variable-concept-font-bold-guys/?tab=techSpecs
[2026-10-02T12:22:08Z] #52 attempt=1/2 status=200 0.828s url=https://www.myfonts.com/products/ultimate-font-bundle-package-1003954
[2026-10-02T12:22:09Z] #53 attempt=1/2 status=404 0.253s url=https://www.myfonts.com/collections/ultimate-font-bundle-font-hyperfluro
[2026-10-02T12:22:10Z] #54 attempt=1/2 status=200 0.716s url=https://www.myfonts.com/products/workhorse-pro-bundle-package-1023031
[2026-10-02T12:22:10Z] #55 attempt=1/2 status=404 0.228s url=https://www.myfonts.com/collections/workhorse-pro-bundle-font-hyperfluro
[2026-10-02T12:22:11Z] #56 attempt=1/2 status=200 1.174s url=https://www.myfonts.com/products/1-week-wonder-font-bundle-package-1022814
[2026-10-02T12:22:12Z] #57 attempt=1/2 status=404 0.578s url=https://www.myfonts.com/collections/1-week-wonder-font-bundle-font-hyperfluro
[2026-10-02T12:22:13Z] #58 attempt=1/2 status=200 0.381s url=https://www.myfonts.com/products/fairy-diary-package-complete-family-package-1235583
[2026-10-02T12:22:14Z] #59 attempt=1/2 status=200 0.723s url=https://www.myfonts.com/collections/fairy-diary-package-font-typehand-studio/
[2026-10-02T12:22:15Z] #60 attempt=1/2 status=200 0.753s url=https://www.myfonts.com/collections/fairy-diary-package-font-typehand-studio/?tab=techSpecs
[2026-10-02T12:22:17Z] #61 attempt=1/2 status=200 0.966s url=https://www.myfonts.com/products/hanibal-complete-family-package-1235709
[2026-10-02T12:22:18Z] #62 attempt=1/2 status=200 0.879s url=https://www.myfonts.com/collections/hanibal-font-hazztype/
[2026-10-02T12:22:19Z] #63 attempt=1/2 status=200 0.355s url=https://www.myfonts.com/collections/hanibal-font-hazztype/?tab=techSpecs
[2026-10-02T12:22:20Z] #64 attempt=1/2 status=200 0.512s url=https://www.myfonts.com/products/reuhom-complete-family-package-1235492
[2026-10-02T12:22:21Z] #65 attempt=1/2 status=200 0.324s url=https://www.myfonts.com/collections/reuhom-font-kotatype/
[2026-10-02T12:22:21Z] #66 attempt=1/2 status=200 0.317s url=https://www.myfonts.com/collections/reuhom-font-kotatype/?tab=techSpecs
[2026-10-02T12:22:23Z] #67 attempt=1/2 status=200 0.502s url=https://www.myfonts.com/products/sichra-typeface-relaxed-slab-serif-complete-family-package-1235624
[2026-10-02T12:22:23Z] #68 attempt=1/2 status=200 0.553s url=https://www.myfonts.com/collections/sichra-typeface-relaxed-slab-serif-font-khoir/
[2026-10-02T12:22:24Z] #69 attempt=1/2 status=200 0.404s url=https://www.myfonts.com/collections/sichra-typeface-relaxed-slab-serif-font-khoir/?tab=techSpecs
[2026-10-02T12:22:25Z] #70 attempt=1/2 status=200 0.332s url=https://www.myfonts.com/products/cedar-knox-complete-family-package-1235635
[2026-10-02T12:22:26Z] #71 attempt=1/2 status=200 0.350s url=https://www.myfonts.com/collections/cedar-knox-font-mei-suseno/
[2026-10-02T12:22:27Z] #72 attempt=1/2 status=200 0.323s url=https://www.myfonts.com/collections/cedar-knox-font-mei-suseno/?tab=techSpecs
[2026-10-02T12:22:28Z] #73 attempt=1/2 status=200 0.370s url=https://www.myfonts.com/products/designer-stuff-package-1235652
[2026-10-02T12:22:29Z] #74 attempt=1/2 status=200 0.561s url=https://www.myfonts.com/collections/gc-quick-pro-font-onyx-studio/
[2026-10-02T12:22:29Z] #75 attempt=1/2 status=200 0.356s url=https://www.myfonts.com/collections/gc-quick-pro-font-onyx-studio/?tab=techSpecs
[2026-10-02T12:22:31Z] #76 attempt=1/6 status=200 1.028s url=https://www.myfonts.com/products.json?limit=100&page=3
[2026-10-02T12:22:33Z] #77 attempt=1/2 status=200 1.101s url=https://www.myfonts.com/products/orchild-serif-complete-family-package-1235218
[2026-10-02T12:22:34Z] #78 attempt=1/2 status=200 1.107s url=https://www.myfonts.com/collections/orchild-serif-font-bosstypestudio/
[2026-10-02T12:22:36Z] #79 attempt=1/2 status=200 0.839s url=https://www.myfonts.com/collections/orchild-serif-font-bosstypestudio/?tab=techSpecs
[2026-10-02T12:22:37Z] #80 attempt=1/2 status=200 0.332s url=https://www.myfonts.com/products/mislarey-complete-family-package-1235702
[2026-10-02T12:22:37Z] #81 attempt=1/2 status=200 0.330s url=https://www.myfonts.com/collections/mislarey-font-maulana-creative/
[2026-10-02T12:22:38Z] #82 attempt=1/2 status=200 0.310s url=https://www.myfonts.com/collections/mislarey-font-maulana-creative/?tab=techSpecs
[2026-10-02T12:22:39Z] #83 attempt=1/2 status=200 0.303s url=https://www.myfonts.com/products/garfieh-comic-complete-family-package-1235639
[2026-10-02T12:22:40Z] #84 attempt=1/2 status=200 0.376s url=https://www.myfonts.com/collections/garfieh-comic-font-mvmet/
[2026-10-02T12:22:40Z] #85 attempt=1/2 status=200 0.333s url=https://www.myfonts.com/collections/garfieh-comic-font-mvmet/?tab=techSpecs
[2026-10-02T12:22:42Z] #86 attempt=1/2 status=200 0.503s url=https://www.myfonts.com/products/nochimoto-technica-m19-complete-family-package-1235664
[2026-10-02T12:22:43Z] #87 attempt=1/2 status=200 0.573s url=https://www.myfonts.com/collections/nochimoto-technica-m19-font-owl-king-project/
[2026-10-02T12:22:44Z] #88 attempt=1/2 status=200 0.643s url=https://www.myfonts.com/collections/nochimoto-technica-m19-font-owl-king-project/?tab=techSpecs
[2026-10-02T12:22:45Z] #89 attempt=1/2 status=200 0.339s url=https://www.myfonts.com/products/akhbar-complete-family-package-1235615
[2026-10-02T12:22:45Z] #90 attempt=1/2 status=200 0.355s url=https://www.myfonts.com/collections/akhbar-font-monotype-imaging/
[2026-10-02T12:22:46Z] #91 attempt=1/2 status=200 0.332s url=https://www.myfonts.com/collections/akhbar-font-monotype-imaging/?tab=techSpecs
[2026-10-02T12:22:47Z] #92 attempt=1/2 status=200 0.405s url=https://www.myfonts.com/products/cs-bougy-complete-family-package-1235607
[2026-10-02T12:22:48Z] #93 attempt=1/2 status=200 0.358s url=https://www.myfonts.com/collections/cs-bougy-font-craft-supply-co/
[2026-10-02T12:22:48Z] #94 attempt=1/2 status=200 0.323s url=https://www.myfonts.com/collections/cs-bougy-font-craft-supply-co/?tab=techSpecs
[2026-10-02T12:22:50Z] #95 attempt=1/2 status=200 0.390s url=https://www.myfonts.com/products/cs-daine-mono-complete-family-package-1235611
[2026-10-02T12:22:51Z] #96 attempt=1/2 status=200 0.370s url=https://www.myfonts.com/collections/cs-daine-mono-font-craft-supply-co/
[2026-10-02T12:22:51Z] #97 attempt=1/2 status=200 0.361s url=https://www.myfonts.com/collections/cs-daine-mono-font-craft-supply-co/?tab=techSpecs
[2026-10-02T12:22:52Z] #98 attempt=1/2 status=200 0.318s url=https://www.myfonts.com/products/natural-cottage-complete-family-package-1235213
[2026-10-02T12:22:53Z] #99 attempt=1/2 status=200 0.386s url=https://www.myfonts.com/collections/natural-cottage-font-bale-type/
[2026-10-02T12:22:54Z] #100 attempt=1/2 status=200 0.323s url=https://www.myfonts.com/collections/natural-cottage-font-bale-type/?tab=techSpecs
[2026-10-02T12:22:55Z] #101 attempt=1/2 status=200 0.391s url=https://www.myfonts.com/products/gc-adge-complete-family-package-1235653
[2026-10-02T12:22:55Z] #102 attempt=1/2 status=200 0.459s url=https://www.myfonts.com/collections/gc-adge-font-onyx-studio/
[2026-10-02T12:22:56Z] #103 attempt=1/2 status=200 0.341s url=https://www.myfonts.com/collections/gc-adge-font-onyx-studio/?tab=techSpecs
[2026-10-02T12:22:57Z] #104 attempt=1/2 status=200 0.492s url=https://www.myfonts.com/products/neo-sans-arabic-complete-family-package-1235476
[2026-10-02T12:22:58Z] #105 attempt=1/2 status=200 0.458s url=https://www.myfonts.com/collections/neo-sans-arabic-font-monotype-imaging/
[2026-10-02T12:22:59Z] #106 attempt=1/2 status=200 0.364s url=https://www.myfonts.com/collections/neo-sans-arabic-font-monotype-imaging/?tab=techSpecs
[2026-10-02T12:23:00Z] #107 attempt=1/2 status=200 0.328s url=https://www.myfonts.com/products/jogojiwo-complete-family-package-1235210
[2026-10-02T12:23:01Z] #108 attempt=1/2 status=200 0.333s url=https://www.myfonts.com/collections/jogojiwo-font-artiveko/
[2026-10-02T12:23:01Z] #109 attempt=1/2 status=200 0.324s url=https://www.myfonts.com/collections/jogojiwo-font-artiveko/?tab=techSpecs
[2026-10-02T12:23:02Z] #110 attempt=1/2 status=200 0.381s url=https://www.myfonts.com/products/crenville-fontage-complete-family-package-1235603
[2026-10-02T12:23:03Z] #111 attempt=1/2 status=200 0.364s url=https://www.myfonts.com/collections/crenville-fontage-font-tyasify/
[2026-10-02T12:23:04Z] #112 attempt=1/2 status=200 0.377s url=https://www.myfonts.com/collections/crenville-fontage-font-tyasify/?tab=techSpecs
[2026-10-02T12:23:05Z] #113 attempt=1/2 status=200 0.388s url=https://www.myfonts.com/products/spicyfit-complete-family-package-1170187
[2026-10-02T12:23:06Z] #114 attempt=1/2 status=200 0.496s url=https://www.myfonts.com/collections/spicyfit-font-brenners-template/
[2026-10-02T12:23:07Z] #115 attempt=1/2 status=200 0.334s url=https://www.myfonts.com/collections/spicyfit-font-brenners-template/?tab=techSpecs
[2026-10-02T12:23:08Z] #116 attempt=1/2 status=200 0.342s url=https://www.myfonts.com/products/tranquilly-complete-family-package-1235588
[2026-10-02T12:23:08Z] #117 attempt=1/2 status=200 0.391s url=https://www.myfonts.com/collections/tranquilly-font-type-peace/
[2026-10-02T12:23:09Z] #118 attempt=1/2 status=200 0.284s url=https://www.myfonts.com/products/fiethori-complete-family-package-1235705
[2026-10-02T12:23:10Z] #119 attempt=1/2 status=200 0.369s url=https://www.myfonts.com/collections/fiethori-font-maulana-creative/
[2026-10-02T12:23:10Z] #120 attempt=1/2 status=200 0.363s url=https://www.myfonts.com/collections/fiethori-font-maulana-creative/?tab=techSpecs
[2026-10-02T12:23:12Z] #121 attempt=1/2 status=200 0.361s url=https://www.myfonts.com/products/straussy-package-complete-family-package-1235579
[2026-10-02T12:23:12Z] #122 attempt=1/2 status=200 0.383s url=https://www.myfonts.com/collections/straussy-package-font-typehand-studio/
[2026-10-02T12:23:13Z] #123 attempt=1/2 status=200 0.306s url=https://www.myfonts.com/collections/straussy-package-font-typehand-studio/?tab=techSpecs
[2026-10-02T12:23:14Z] #124 attempt=1/2 status=200 0.327s url=https://www.myfonts.com/products/kenshinton-complete-family-package-1235596
[2026-10-02T12:23:15Z] #125 attempt=1/2 status=200 0.429s url=https://www.myfonts.com/collections/kenshinton-font-tyedge-studio/
[2026-10-02T12:23:15Z] #126 attempt=1/2 status=200 0.382s url=https://www.myfonts.com/collections/kenshinton-font-tyedge-studio/?tab=techSpecs
[2026-10-02T12:23:16Z] #127 attempt=1/2 status=200 0.360s url=https://www.myfonts.com/products/sunzine-complete-family-package-1235686
[2026-10-02T12:23:17Z] #128 attempt=1/2 status=200 0.541s url=https://www.myfonts.com/collections/sunzine-font-luminatype-studio/
[2026-10-02T12:23:18Z] #129 attempt=1/2 status=200 0.364s url=https://www.myfonts.com/collections/sunzine-font-luminatype-studio/?tab=techSpecs
[2026-10-02T12:23:19Z] #130 attempt=1/2 status=200 0.339s url=https://www.myfonts.com/products/habarac-pro-complete-family-package-1235570
[2026-10-02T12:23:20Z] #131 attempt=1/2 status=200 0.380s url=https://www.myfonts.com/collections/habarac-pro-font-typoraith-co/
[2026-10-02T12:23:21Z] #132 attempt=1/2 status=200 0.317s url=https://www.myfonts.com/collections/habarac-pro-font-typoraith-co/?tab=techSpecs
[2026-10-02T12:23:22Z] #133 attempt=1/2 status=200 0.326s url=https://www.myfonts.com/products/pelan-motion-complete-family-package-1235484
[2026-10-02T12:23:22Z] #134 attempt=1/2 status=200 0.339s url=https://www.myfonts.com/collections/pelan-motion-font-kalam/
[2026-10-02T12:23:23Z] #135 attempt=1/2 status=200 0.285s url=https://www.myfonts.com/collections/pelan-motion-font-kalam/?tab=techSpecs
[2026-10-02T12:23:25Z] #136 attempt=1/2 status=200 0.766s url=https://www.myfonts.com/products/the-font-vault-package-1203242
[2026-10-02T12:23:25Z] #137 attempt=1/2 status=404 0.246s url=https://www.myfonts.com/collections/the-font-vault-font-hyperfluro
[2026-10-02T12:23:26Z] #138 attempt=1/2 status=200 0.294s url=https://www.myfonts.com/products/regular-crade-fuel-1235559
[2026-10-02T12:23:26Z] #139 attempt=1/2 status=200 0.326s url=https://www.myfonts.com/collections/crade-fuel-font-maulana-creative/
[2026-10-02T12:23:27Z] #140 attempt=1/2 status=200 0.311s url=https://www.myfonts.com/collections/crade-fuel-font-maulana-creative/?tab=techSpecs
[2026-10-02T12:23:28Z] #141 attempt=1/2 status=200 0.602s url=https://www.myfonts.com/products/regular-black-letterfly-1235203
[2026-10-02T12:23:28Z] #142 attempt=1/2 status=200 0.311s url=https://www.myfonts.com/collections/black-letterfly-font-alit-design/
[2026-10-02T12:23:29Z] #143 attempt=1/2 status=200 0.274s url=https://www.myfonts.com/collections/black-letterfly-font-alit-design/?tab=techSpecs
[2026-10-02T12:23:30Z] #144 attempt=1/2 status=200 0.327s url=https://www.myfonts.com/products/regular-brogen-1235578
[2026-10-02T12:23:30Z] #145 attempt=1/2 status=200 0.348s url=https://www.myfonts.com/collections/brogen-font-typoraith-co/
[2026-10-02T12:23:31Z] #146 attempt=1/2 status=200 0.287s url=https://www.myfonts.com/collections/brogen-font-typoraith-co/?tab=techSpecs
[2026-10-02T12:23:32Z] #147 attempt=1/2 status=200 0.331s url=https://www.myfonts.com/products/regular-rajuttia-1235208
[2026-10-02T12:23:32Z] #148 attempt=1/2 status=200 0.316s url=https://www.myfonts.com/collections/rajuttia-font-arif-novianto/
[2026-10-02T12:23:33Z] #149 attempt=1/2 status=200 0.262s url=https://www.myfonts.com/collections/rajuttia-font-arif-novianto/?tab=techSpecs
[2026-10-02T12:23:35Z] #150 attempt=1/6 status=200 0.826s url=https://www.myfonts.com/products.json?limit=100&page=4
[2026-10-02T12:23:35Z] #151 attempt=1/2 status=200 0.286s url=https://www.myfonts.com/products/regular-reuton-1235216
[2026-10-02T12:23:36Z] #152 attempt=1/2 status=200 0.300s url=https://www.myfonts.com/collections/reuton-font-bimaksara/
[2026-10-02T12:23:36Z] #153 attempt=1/2 status=200 0.305s url=https://www.myfonts.com/collections/reuton-font-bimaksara/?tab=techSpecs
[2026-10-02T12:23:37Z] #154 attempt=1/2 status=200 0.304s url=https://www.myfonts.com/products/regular-noemia-dreams-1235577
[2026-10-02T12:23:38Z] #155 attempt=1/2 status=200 0.327s url=https://www.myfonts.com/collections/noemia-dreams-font-typoraith-co/
[2026-10-02T12:23:38Z] #156 attempt=1/2 status=200 0.259s url=https://www.myfonts.com/collections/noemia-dreams-font-typoraith-co/?tab=techSpecs
[2026-10-02T12:23:39Z] #157 attempt=1/2 status=200 0.262s url=https://www.myfonts.com/products/regular-spontanew-1235205
[2026-10-02T12:23:40Z] #158 attempt=1/2 status=200 0.294s url=https://www.myfonts.com/collections/spontanew-font-allmo-studio/
[2026-10-02T12:23:40Z] #159 attempt=1/2 status=200 0.245s url=https://www.myfonts.com/collections/spontanew-font-allmo-studio/?tab=techSpecs
[2026-10-02T12:23:41Z] #160 attempt=1/2 status=200 0.331s url=https://www.myfonts.com/products/regular-renovatio-deco-1235595
[2026-10-02T12:23:41Z] #161 attempt=1/2 status=200 0.338s url=https://www.myfonts.com/collections/renovatio-deco-font-type-innovations/
[2026-10-02T12:23:42Z] #162 attempt=1/2 status=200 0.298s url=https://www.myfonts.com/collections/renovatio-deco-font-type-innovations/?tab=techSpecs
[2026-10-02T12:23:43Z] #163 attempt=1/2 status=200 0.398s url=https://www.myfonts.com/products/regular-flapiglo-sans-1235558
[2026-10-02T12:23:44Z] #164 attempt=1/2 status=200 0.313s url=https://www.myfonts.com/collections/flapiglo-sans-font-maulana-creative/
[2026-10-02T12:23:44Z] #165 attempt=1/2 status=200 0.280s url=https://www.myfonts.com/collections/flapiglo-sans-font-maulana-creative/?tab=techSpecs
[2026-10-02T12:23:45Z] #166 attempt=1/2 status=200 0.311s url=https://www.myfonts.com/products/alphaxen-jellynox-regular-alphaxen-jellyfish-jellynox-1235206
[2026-10-02T12:23:46Z] #167 attempt=1/2 status=200 0.331s url=https://www.myfonts.com/collections/alphaxen-font-lab-foundry/
[2026-10-02T12:23:46Z] #168 attempt=1/2 status=200 0.285s url=https://www.myfonts.com/collections/alphaxen-font-lab-foundry/?tab=techSpecs
[2026-10-02T12:23:47Z] #169 attempt=1/2 status=200 0.195s url=https://www.myfonts.com/collections/alphaxen-font-lab-foundry/
[2026-10-02T12:23:47Z] #170 attempt=1/2 status=200 0.290s url=https://www.myfonts.com/products/nocthane-regular-nocthane-1235409
[2026-10-02T12:23:48Z] #171 attempt=1/2 status=200 0.501s url=https://www.myfonts.com/collections/nocthane-font-flawlessandco/
[2026-10-02T12:23:48Z] #172 attempt=1/2 status=200 0.300s url=https://www.myfonts.com/collections/nocthane-font-flawlessandco/?tab=techSpecs
[2026-10-02T12:23:49Z] #173 attempt=1/2 status=200 0.268s url=https://www.myfonts.com/products/regular-boyanda-1235209
[2026-10-02T12:23:50Z] #174 attempt=1/2 status=200 0.336s url=https://www.myfonts.com/collections/boyanda-font-arif-novianto/
[2026-10-02T12:23:50Z] #175 attempt=1/2 status=200 0.264s url=https://www.myfonts.com/collections/boyanda-font-arif-novianto/?tab=techSpecs
[2026-10-02T12:23:52Z] #176 attempt=1/6 status=200 0.943s url=https://www.myfonts.com/products.json?limit=100&page=5
[2026-10-02T12:23:53Z] #177 attempt=1/2 status=200 0.500s url=https://www.myfonts.com/products/regular-alphaxen-stone-moon-1235207
[2026-10-02T12:23:53Z] #178 attempt=1/2 status=200 0.232s url=https://www.myfonts.com/collections/alphaxen-font-lab-foundry/
[2026-10-02T12:23:54Z] #179 attempt=1/2 status=200 0.196s url=https://www.myfonts.com/collections/alphaxen-font-lab-foundry/?tab=techSpecs
[2026-10-02T12:23:54Z] #180 attempt=1/2 status=200 0.192s url=https://www.myfonts.com/collections/alphaxen-font-lab-foundry/
[2026-10-02T12:23:55Z] #181 attempt=1/2 status=200 0.299s url=https://www.myfonts.com/products/regular-rosella-mirakle-1235204
[2026-10-02T12:23:55Z] #182 attempt=1/2 status=200 0.336s url=https://www.myfonts.com/collections/rosella-mirakle-font-alit-design/
[2026-10-02T12:23:56Z] #183 attempt=1/2 status=200 0.307s url=https://www.myfonts.com/collections/rosella-mirakle-font-alit-design/?tab=techSpecs
[2026-10-02T12:23:57Z] #184 attempt=1/2 status=200 0.321s url=https://www.myfonts.com/products/regular-sepatik-script-1235217
[2026-10-02T12:23:57Z] #185 attempt=1/2 status=200 0.310s url=https://www.myfonts.com/collections/sepatik-script-font-bonjourtype/
[2026-10-02T12:23:58Z] #186 attempt=1/2 status=200 0.333s url=https://www.myfonts.com/collections/sepatik-script-font-bonjourtype/?tab=techSpecs
[2026-10-02T12:23:59Z] #187 attempt=1/2 status=200 0.290s url=https://www.myfonts.com/products/regular-rotten-flesh-decayed-1235202
[2026-10-02T12:23:59Z] #188 attempt=1/2 status=200 0.305s url=https://www.myfonts.com/collections/rotten-flesh-decayed-font-alchemynoir/
[2026-10-02T12:24:00Z] #189 attempt=1/2 status=200 0.308s url=https://www.myfonts.com/collections/rotten-flesh-decayed-font-alchemynoir/?tab=techSpecs
[2026-10-02T12:24:01Z] #190 attempt=1/2 status=200 0.321s url=https://www.myfonts.com/products/regular-boldy-funk-1235643
[2026-10-02T12:24:01Z] #191 attempt=1/2 status=200 0.331s url=https://www.myfonts.com/collections/boldy-funk-font-nh-typestudio/
[2026-10-02T12:24:02Z] #192 attempt=1/2 status=200 0.299s url=https://www.myfonts.com/collections/boldy-funk-font-nh-typestudio/?tab=techSpecs
[2026-10-02T12:24:03Z] #193 attempt=1/2 status=200 0.320s url=https://www.myfonts.com/products/regular-elthar-1235663
[2026-10-02T12:24:03Z] #194 attempt=1/2 status=200 0.290s url=https://www.myfonts.com/collections/elthar-font-pandeka-studio/
[2026-10-02T12:24:04Z] #195 attempt=1/2 status=200 0.270s url=https://www.myfonts.com/collections/elthar-font-pandeka-studio/?tab=techSpecs
[2026-10-02T12:24:05Z] #196 attempt=1/2 status=200 0.303s url=https://www.myfonts.com/products/moope-regular-moope-1235701
[2026-10-02T12:24:05Z] #197 attempt=1/2 status=200 0.308s url=https://www.myfonts.com/collections/moope-font-marvadesign/
[2026-10-02T12:24:06Z] #198 attempt=1/2 status=200 0.489s url=https://www.myfonts.com/collections/moope-font-marvadesign/?tab=techSpecs
[2026-10-02T12:24:07Z] #199 attempt=1/2 status=200 0.311s url=https://www.myfonts.com/products/regular-piple-1235634
[2026-10-02T12:24:07Z] #200 attempt=1/2 status=200 0.330s url=https://www.myfonts.com/collections/piple-font-migomojo-type-house/
[2026-10-02T12:24:08Z] #201 attempt=1/2 status=200 0.286s url=https://www.myfonts.com/collections/piple-font-migomojo-type-house/?tab=techSpecs
[2026-10-02T12:24:09Z] #202 attempt=1/2 status=200 0.277s url=https://www.myfonts.com/products/regular-gurih-whimsy-1235642
[2026-10-02T12:24:09Z] #203 attempt=1/2 status=200 0.405s url=https://www.myfonts.com/collections/gurih-whimsy-font-mvmet/
[2026-10-02T12:24:10Z] #204 attempt=1/2 status=200 0.261s url=https://www.myfonts.com/collections/gurih-whimsy-font-mvmet/?tab=techSpecs
[2026-10-02T12:24:11Z] #205 attempt=1/2 status=200 0.298s url=https://www.myfonts.com/products/bold-morbig-1235685
[2026-10-02T12:24:11Z] #206 attempt=1/2 status=200 0.311s url=https://www.myfonts.com/collections/morbig-font-limitype/
[2026-10-02T12:24:12Z] #207 attempt=1/2 status=200 0.286s url=https://www.myfonts.com/collections/morbig-font-limitype/?tab=techSpecs
[2026-10-02T12:24:13Z] #208 attempt=1/2 status=200 0.313s url=https://www.myfonts.com/products/regular-syaikh-1235620
[2026-10-02T12:24:13Z] #209 attempt=1/2 status=200 0.351s url=https://www.myfonts.com/collections/syaikh-font-ikiikotype/
[2026-10-02T12:24:14Z] #210 attempt=1/2 status=200 0.287s url=https://www.myfonts.com/collections/syaikh-font-ikiikotype/?tab=techSpecs
[2026-10-02T12:24:15Z] #211 attempt=1/2 status=200 0.281s url=https://www.myfonts.com/products/regular-seeingdouble-1235623
[2026-10-02T12:24:15Z] #212 attempt=1/2 status=200 0.293s url=https://www.myfonts.com/collections/seeingdouble-font-jointype/
[2026-10-02T12:24:16Z] #213 attempt=1/2 status=200 0.295s url=https://www.myfonts.com/collections/seeingdouble-font-jointype/?tab=techSpecs
[2026-10-02T12:24:17Z] #214 attempt=1/2 status=200 0.287s url=https://www.myfonts.com/products/regular-godex-1235619
[2026-10-02T12:24:17Z] #215 attempt=1/2 status=200 0.331s url=https://www.myfonts.com/collections/godex-font-dareco-studio/
[2026-10-02T12:24:18Z] #216 attempt=1/2 status=200 0.273s url=https://www.myfonts.com/collections/godex-font-dareco-studio/?tab=techSpecs
[2026-10-02T12:24:19Z] #217 attempt=1/2 status=200 0.485s url=https://www.myfonts.com/products/regular-mingwei-1235622
[2026-10-02T12:24:19Z] #218 attempt=1/2 status=200 0.337s url=https://www.myfonts.com/collections/mingwei-font-ikiikotype/
[2026-10-02T12:24:20Z] #219 attempt=1/2 status=200 0.289s url=https://www.myfonts.com/collections/mingwei-font-ikiikotype/?tab=techSpecs
[2026-10-02T12:24:21Z] #220 attempt=1/2 status=200 0.297s url=https://www.myfonts.com/products/nomgrave-complete-family-package-1235530
[2026-10-02T12:24:22Z] #221 attempt=1/2 status=200 0.348s url=https://www.myfonts.com/collections/nomgrave-font-made-deduk/
[2026-10-02T12:24:22Z] #222 attempt=1/2 status=200 0.336s url=https://www.myfonts.com/collections/nomgrave-font-made-deduk/?tab=techSpecs
[2026-10-02T12:24:24Z] #223 attempt=1/2 status=200 0.763s url=https://www.myfonts.com/products/kashif-complete-family-package-1235495
[2026-10-02T12:24:25Z] #224 attempt=1/2 status=200 0.640s url=https://www.myfonts.com/collections/kashif-font-kutype/
[2026-10-02T12:24:26Z] #225 attempt=1/2 status=200 0.463s url=https://www.myfonts.com/collections/kashif-font-kutype/?tab=techSpecs
[2026-10-02T12:24:27Z] #226 attempt=1/2 status=200 0.314s url=https://www.myfonts.com/products/world-brush-complete-family-package-1235516
[2026-10-02T12:24:27Z] #227 attempt=1/2 status=200 0.451s url=https://www.myfonts.com/collections/world-brush-font-letterafandi-studio/
[2026-10-02T12:24:28Z] #228 attempt=1/2 status=200 0.311s url=https://www.myfonts.com/collections/world-brush-font-letterafandi-studio/?tab=techSpecs
[2026-10-02T12:24:29Z] #229 attempt=1/2 status=200 0.338s url=https://www.myfonts.com/products/aesthetic-shine-complete-family-package-1235526
[2026-10-02T12:24:30Z] #230 attempt=1/2 status=200 0.368s url=https://www.myfonts.com/collections/aesthetic-shine-font-littlehand/
[2026-10-02T12:24:30Z] #231 attempt=1/2 status=200 0.353s url=https://www.myfonts.com/collections/aesthetic-shine-font-littlehand/?tab=techSpecs
[2026-10-02T12:24:32Z] #232 attempt=1/2 status=200 0.313s url=https://www.myfonts.com/products/gravoxa-complete-family-package-1235519
[2026-10-02T12:24:32Z] #233 attempt=1/2 status=200 0.343s url=https://www.myfonts.com/collections/gravoxa-font-letterafandi-studio/
[2026-10-02T12:24:33Z] #234 attempt=1/2 status=200 0.335s url=https://www.myfonts.com/collections/gravoxa-font-letterafandi-studio/?tab=techSpecs
[2026-10-02T12:24:34Z] #235 attempt=1/2 status=200 0.349s url=https://www.myfonts.com/products/glorivane-complete-family-package-1235533
[2026-10-02T12:24:35Z] #236 attempt=1/2 status=200 0.366s url=https://www.myfonts.com/collections/glorivane-font-made-deduk/
[2026-10-02T12:24:35Z] #237 attempt=1/2 status=200 0.354s url=https://www.myfonts.com/collections/glorivane-font-made-deduk/?tab=techSpecs
[2026-10-02T12:24:37Z] #238 attempt=1/2 status=200 0.349s url=https://www.myfonts.com/products/brikhead-complete-family-package-1235523
[2026-10-02T12:24:37Z] #239 attempt=1/2 status=200 0.509s url=https://www.myfonts.com/collections/brikhead-font-linecreative/
[2026-10-02T12:24:38Z] #240 attempt=1/2 status=200 0.305s url=https://www.myfonts.com/collections/brikhead-font-linecreative/?tab=techSpecs
[2026-10-02T12:24:39Z] #241 attempt=1/2 status=200 0.430s url=https://www.myfonts.com/products/molimer-complete-family-package-1235539
[2026-10-02T12:24:40Z] #242 attempt=1/2 status=200 0.537s url=https://www.myfonts.com/collections/molimer-font-marvadesign/
[2026-10-02T12:24:41Z] #243 attempt=1/2 status=200 0.425s url=https://www.myfonts.com/collections/molimer-font-marvadesign/?tab=techSpecs
[2026-10-02T12:24:42Z] #244 attempt=1/2 status=200 0.327s url=https://www.myfonts.com/products/regular-legraf-1235483
[2026-10-02T12:24:43Z] #245 attempt=1/2 status=200 0.294s url=https://www.myfonts.com/collections/legraf-font-jointype/
[2026-10-02T12:24:43Z] #246 attempt=1/2 status=200 0.271s url=https://www.myfonts.com/collections/legraf-font-jointype/?tab=techSpecs
[2026-10-02T12:24:45Z] #247 attempt=1/6 status=200 0.849s url=https://www.myfonts.com/products.json?limit=100&page=6
[2026-10-02T12:24:45Z] #248 attempt=1/2 status=200 0.307s url=https://www.myfonts.com/products/regular-roughmake-1235522
[2026-10-02T12:24:46Z] #249 attempt=1/2 status=200 0.343s url=https://www.myfonts.com/collections/roughmake-font-linecreative/
[2026-10-02T12:24:46Z] #250 attempt=1/2 status=200 0.274s url=https://www.myfonts.com/collections/roughmake-font-linecreative/?tab=techSpecs
[2026-10-02T12:24:47Z] #251 attempt=1/2 status=200 0.286s url=https://www.myfonts.com/products/monaro-regular-monaro-font-1235491
[2026-10-02T12:24:48Z] #252 attempt=1/2 status=200 0.276s url=https://www.myfonts.com/collections/monaro-font-font-khoir/
[2026-10-02T12:24:48Z] #253 attempt=1/2 status=200 0.278s url=https://www.myfonts.com/collections/monaro-font-font-khoir/?tab=techSpecs
[2026-10-02T12:24:49Z] #254 attempt=1/2 status=200 0.292s url=https://www.myfonts.com/products/regular-pearlyn-1235536
[2026-10-02T12:24:50Z] #255 attempt=1/2 status=200 0.322s url=https://www.myfonts.com/collections/pearlyn-font-maghrib-type/
[2026-10-02T12:24:51Z] #256 attempt=1/2 status=200 0.269s url=https://www.myfonts.com/collections/pearlyn-font-maghrib-type/?tab=techSpecs
[2026-10-02T12:24:51Z] #257 attempt=1/2 status=200 0.309s url=https://www.myfonts.com/products/crayens-regular-crayens-1235537
[2026-10-02T12:24:52Z] #258 attempt=1/2 status=200 0.354s url=https://www.myfonts.com/collections/crayens-font-maikohatta/
[2026-10-02T12:24:53Z] #259 attempt=1/2 status=200 0.270s url=https://www.myfonts.com/collections/crayens-font-maikohatta/?tab=techSpecs
[2026-10-02T12:24:53Z] #260 attempt=1/2 status=200 0.291s url=https://www.myfonts.com/products/regular-biegva-1235538
[2026-10-02T12:24:54Z] #261 attempt=1/2 status=200 0.306s url=https://www.myfonts.com/collections/biegva-font-maikohatta/
[2026-10-02T12:24:55Z] #262 attempt=1/2 status=200 0.303s url=https://www.myfonts.com/collections/biegva-font-maikohatta/?tab=techSpecs
[2026-10-02T12:24:55Z] #263 attempt=1/2 status=200 0.353s url=https://www.myfonts.com/products/wicked-mayhem-complete-family-package-1235451
[2026-10-02T12:24:56Z] #264 attempt=1/2 status=200 0.383s url=https://www.myfonts.com/collections/wicked-mayhem-font-jinan-studio/
[2026-10-02T12:24:57Z] #265 attempt=1/2 status=200 0.330s url=https://www.myfonts.com/collections/wicked-mayhem-font-jinan-studio/?tab=techSpecs
[2026-10-02T12:24:58Z] #266 attempt=1/2 status=200 0.440s url=https://www.myfonts.com/products/aviluero-rasnora-complete-family-package-1235410
[2026-10-02T12:24:59Z] #267 attempt=1/2 status=200 0.660s url=https://www.myfonts.com/collections/aviluero-rasnora-font-logic-type/
[2026-10-02T12:25:00Z] #268 attempt=1/2 status=200 0.504s url=https://www.myfonts.com/collections/aviluero-rasnora-font-logic-type/?tab=techSpecs
[2026-10-02T12:25:01Z] #269 attempt=1/2 status=200 0.384s url=https://www.myfonts.com/products/ja-nilsans-complete-family-package-1235441
[2026-10-02T12:25:02Z] #270 attempt=1/2 status=200 0.498s url=https://www.myfonts.com/collections/ja-nilsans-font-type-curitiba/
[2026-10-02T12:25:02Z] #271 attempt=1/2 status=200 0.365s url=https://www.myfonts.com/collections/ja-nilsans-font-type-curitiba/?tab=techSpecs
[2026-10-02T12:25:04Z] #272 attempt=1/2 status=200 0.353s url=https://www.myfonts.com/products/ja-textura-complete-family-package-1235427
[2026-10-02T12:25:04Z] #273 attempt=1/2 status=200 0.332s url=https://www.myfonts.com/collections/ja-textura-font-type-curitiba/
[2026-10-02T12:25:05Z] #274 attempt=1/2 status=200 0.372s url=https://www.myfonts.com/collections/ja-textura-font-type-curitiba/?tab=techSpecs
[2026-10-02T12:25:06Z] #275 attempt=1/2 status=200 0.457s url=https://www.myfonts.com/products/chadamyen-complete-family-package-1235456
[2026-10-02T12:25:07Z] #276 attempt=1/2 status=200 0.523s url=https://www.myfonts.com/collections/chadamyen-font-jipatype/
[2026-10-02T12:25:08Z] #277 attempt=1/2 status=200 0.509s url=https://www.myfonts.com/collections/chadamyen-font-jipatype/?tab=techSpecs
[2026-10-02T12:25:09Z] #278 attempt=1/2 status=200 0.375s url=https://www.myfonts.com/products/regular-waffler-1235475
[2026-10-02T12:25:10Z] #279 attempt=1/2 status=200 0.326s url=https://www.myfonts.com/collections/waffler-font-jointype/
[2026-10-02T12:25:10Z] #280 attempt=1/2 status=200 0.291s url=https://www.myfonts.com/collections/waffler-font-jointype/?tab=techSpecs
[2026-10-02T12:25:12Z] #281 attempt=1/6 status=200 1.004s url=https://www.myfonts.com/products.json?limit=100&page=7
[2026-10-02T12:25:13Z] #282 attempt=1/2 status=200 0.655s url=https://www.myfonts.com/products/sans-package-1234112
[2026-10-02T12:25:14Z] #283 attempt=1/2 status=200 0.725s url=https://www.myfonts.com/collections/tendernote-font-vp-creative-shop/
[2026-10-02T12:25:15Z] #284 attempt=1/2 status=200 0.589s url=https://www.myfonts.com/collections/tendernote-font-vp-creative-shop/?tab=techSpecs
[2026-10-02T12:25:16Z] #285 attempt=1/2 status=200 0.335s url=https://www.myfonts.com/products/cariles-complete-family-package-1234216
[2026-10-02T12:25:17Z] #286 attempt=1/2 status=200 0.417s url=https://www.myfonts.com/collections/cariles-font-ragamkata/
[2026-10-02T12:25:18Z] #287 attempt=1/2 status=200 0.345s url=https://www.myfonts.com/collections/cariles-font-ragamkata/?tab=techSpecs
[2026-10-02T12:25:19Z] #288 attempt=1/2 status=200 0.410s url=https://www.myfonts.com/products/cario-complete-family-package-1235188
[2026-10-02T12:25:20Z] #289 attempt=1/2 status=200 0.384s url=https://www.myfonts.com/collections/cario-font-habitype/
[2026-10-02T12:25:20Z] #290 attempt=1/2 status=200 0.366s url=https://www.myfonts.com/collections/cario-font-habitype/?tab=techSpecs
[2026-10-02T12:25:22Z] #291 attempt=1/2 status=200 0.292s url=https://www.myfonts.com/products/flamor-soft-vf-complete-family-package-1234113
[2026-10-02T12:25:22Z] #292 attempt=1/2 status=200 0.317s url=https://www.myfonts.com/collections/flamor-soft-vf-font-vp-creative-shop/
[2026-10-02T12:25:23Z] #293 attempt=1/2 status=200 0.318s url=https://www.myfonts.com/collections/flamor-soft-vf-font-vp-creative-shop/?tab=techSpecs
[2026-10-02T12:25:27Z] #294 attempt=1/2 status=200 3.515s url=https://www.myfonts.com/products/phiano-grade-complete-package-1234840
[2026-10-02T12:25:32Z] #295 attempt=1/2 status=200 4.807s url=https://www.myfonts.com/collections/phiano-font-akbartype/
[2026-10-02T12:25:39Z] #296 attempt=1/2 status=200 5.210s url=https://www.myfonts.com/collections/phiano-font-akbartype/?tab=techSpecs
[2026-10-02T12:25:41Z] #297 attempt=1/2 status=200 0.380s url=https://www.myfonts.com/products/anacute-complete-family-package-1235317
[2026-10-02T12:25:42Z] #298 attempt=1/2 status=200 0.434s url=https://www.myfonts.com/collections/anacute-font-casloop-studio/
[2026-10-02T12:25:43Z] #299 attempt=1/2 status=200 0.362s url=https://www.myfonts.com/collections/anacute-font-casloop-studio/?tab=techSpecs
[2026-10-02T12:25:44Z] #300 attempt=1/2 status=200 0.327s url=https://www.myfonts.com/products/romance-cubano-complete-family-package-1234963
[2026-10-02T12:25:44Z] #301 attempt=1/2 status=200 0.362s url=https://www.myfonts.com/collections/romance-cubano-font-timelesstype-studio/
[2026-10-02T12:25:45Z] #302 attempt=1/2 status=200 0.285s url=https://www.myfonts.com/collections/romance-cubano-font-timelesstype-studio/?tab=techSpecs
[2026-10-02T12:25:46Z] #303 attempt=1/2 status=200 0.311s url=https://www.myfonts.com/products/sfc-frizola-duo-complete-family-package-1234070
[2026-10-02T12:25:47Z] #304 attempt=1/2 status=200 0.380s url=https://www.myfonts.com/collections/sfc-frizola-duo-font-skilline-fonts-co/
[2026-10-02T12:25:47Z] #305 attempt=1/2 status=200 0.295s url=https://www.myfonts.com/collections/sfc-frizola-duo-font-skilline-fonts-co/?tab=techSpecs
[2026-10-02T12:25:49Z] #306 attempt=1/2 status=200 0.327s url=https://www.myfonts.com/products/bentaris-complete-family-package-1235008
[2026-10-02T12:25:49Z] #307 attempt=1/2 status=200 0.368s url=https://www.myfonts.com/collections/bentaris-font-letterena-studios/
[2026-10-02T12:25:50Z] #308 attempt=1/2 status=200 0.301s url=https://www.myfonts.com/collections/bentaris-font-letterena-studios/?tab=techSpecs
[2026-10-02T12:25:51Z] #309 attempt=1/2 status=200 0.454s url=https://www.myfonts.com/products/flamor-soft-complete-family-package-1234117
[2026-10-02T12:25:52Z] #310 attempt=1/2 status=200 0.653s url=https://www.myfonts.com/collections/flamor-soft-font-vp-creative-shop/
[2026-10-02T12:25:53Z] #311 attempt=1/2 status=200 0.427s url=https://www.myfonts.com/collections/flamor-soft-font-vp-creative-shop/?tab=techSpecs
[2026-10-02T12:25:54Z] #312 attempt=1/2 status=200 0.428s url=https://www.myfonts.com/products/isborglc-complete-family-package-1235181
[2026-10-02T12:25:55Z] #313 attempt=1/2 status=200 0.342s url=https://www.myfonts.com/products/sprucken-complete-family-package-1096306
[2026-10-02T12:25:55Z] #314 attempt=1/2 status=200 0.407s url=https://www.myfonts.com/collections/sprucken-font-mans-greback/
[2026-10-02T12:25:56Z] #315 attempt=1/2 status=200 0.286s url=https://www.myfonts.com/collections/sprucken-font-mans-greback/?tab=techSpecs
[2026-10-02T12:25:57Z] #316 attempt=1/2 status=200 0.473s url=https://www.myfonts.com/products/salient-essentials-pack-package-1234066
[2026-10-02T12:25:58Z] #317 attempt=1/2 status=200 0.556s url=https://www.myfonts.com/collections/salient-font-device/
[2026-10-02T12:25:59Z] #318 attempt=1/2 status=200 0.487s url=https://www.myfonts.com/collections/salient-font-device/?tab=techSpecs
[2026-10-02T12:26:00Z] #319 attempt=1/2 status=200 0.376s url=https://www.myfonts.com/products/madellin-cristales-complete-family-package-1234902
[2026-10-02T12:26:01Z] #320 attempt=1/2 status=200 0.336s url=https://www.myfonts.com/collections/madellin-cristales-font-suza-studio/
[2026-10-02T12:26:01Z] #321 attempt=1/2 status=200 0.374s url=https://www.myfonts.com/collections/madellin-cristales-font-suza-studio/?tab=techSpecs
[2026-10-02T12:26:03Z] #322 attempt=1/2 status=200 0.445s url=https://www.myfonts.com/products/autentica-rounded-complete-family-package-1234935
[2026-10-02T12:26:04Z] #323 attempt=1/2 status=200 0.516s url=https://www.myfonts.com/collections/autentica-rounded-font-sofiamohr/
[2026-10-02T12:26:04Z] #324 attempt=1/2 status=200 0.439s url=https://www.myfonts.com/collections/autentica-rounded-font-sofiamohr/?tab=techSpecs
[2026-10-02T12:26:06Z] #325 attempt=1/2 status=200 0.356s url=https://www.myfonts.com/products/wishdorm-complete-family-package-1235335
[2026-10-02T12:26:06Z] #326 attempt=1/2 status=200 0.379s url=https://www.myfonts.com/collections/wishdorm-font-dgtype/
[2026-10-02T12:26:07Z] #327 attempt=1/2 status=200 0.323s url=https://www.myfonts.com/collections/wishdorm-font-dgtype/?tab=techSpecs
[2026-10-02T12:26:08Z] #328 attempt=1/2 status=200 0.400s url=https://www.myfonts.com/products/naruko-complete-family-package-1235327
[2026-10-02T12:26:09Z] #329 attempt=1/2 status=200 0.374s url=https://www.myfonts.com/collections/naruko-font-cocodesign/
[2026-10-02T12:26:09Z] #330 attempt=1/2 status=200 0.317s url=https://www.myfonts.com/collections/naruko-font-cocodesign/?tab=techSpecs
[2026-10-02T12:26:11Z] #331 attempt=1/2 status=200 0.316s url=https://www.myfonts.com/products/martesny-complete-family-package-1234834
[2026-10-02T12:26:11Z] #332 attempt=1/2 status=200 0.320s url=https://www.myfonts.com/collections/martesny-font-maulana-creative/
[2026-10-02T12:26:12Z] #333 attempt=1/2 status=200 0.309s url=https://www.myfonts.com/collections/martesny-font-maulana-creative/?tab=techSpecs
[2026-10-02T12:26:13Z] #334 attempt=1/2 status=200 0.300s url=https://www.myfonts.com/products/ateroist-complete-family-package-1235174
[2026-10-02T12:26:13Z] #335 attempt=1/2 status=200 0.355s url=https://www.myfonts.com/collections/ateroist-font-typeltf/
[2026-10-02T12:26:14Z] #336 attempt=1/2 status=200 0.305s url=https://www.myfonts.com/collections/ateroist-font-typeltf/?tab=techSpecs
[2026-10-02T12:26:16Z] #337 attempt=1/2 status=200 0.358s url=https://www.myfonts.com/products/selantic-complete-family-package-1234969
[2026-10-02T12:26:16Z] #338 attempt=1/2 status=200 0.359s url=https://www.myfonts.com/collections/selantic-font-letterena-studios/
[2026-10-02T12:26:17Z] #339 attempt=1/2 status=200 0.300s url=https://www.myfonts.com/collections/selantic-font-letterena-studios/?tab=techSpecs
[2026-10-02T12:26:18Z] #340 attempt=1/2 status=200 0.336s url=https://www.myfonts.com/products/nilengo-complete-family-package-1235199
[2026-10-02T12:26:19Z] #341 attempt=1/2 status=200 0.484s url=https://www.myfonts.com/collections/nilengo-font-agung-sudirman/
[2026-10-02T12:26:19Z] #342 attempt=1/2 status=200 0.353s url=https://www.myfonts.com/collections/nilengo-font-agung-sudirman/?tab=techSpecs
[2026-10-02T12:26:21Z] #343 attempt=1/2 status=200 0.511s url=https://www.myfonts.com/products/forge-garage-complete-family-package-1235363
[2026-10-02T12:26:21Z] #344 attempt=1/2 status=200 0.359s url=https://www.myfonts.com/collections/forge-garage-font-edignwn-type/
[2026-10-02T12:26:22Z] #345 attempt=1/2 status=200 0.340s url=https://www.myfonts.com/collections/forge-garage-font-edignwn-type/?tab=techSpecs
[2026-10-02T12:26:23Z] #346 attempt=1/2 status=200 0.361s url=https://www.myfonts.com/products/gloft-complete-family-package-1234951
[2026-10-02T12:26:24Z] #347 attempt=1/2 status=200 0.445s url=https://www.myfonts.com/collections/gloft-font-unitype-studio/
[2026-10-02T12:26:24Z] #348 attempt=1/2 status=200 0.344s url=https://www.myfonts.com/collections/gloft-font-unitype-studio/?tab=techSpecs
[2026-10-02T12:26:27Z] #349 attempt=1/2 status=200 1.440s url=https://www.myfonts.com/products/celoria-complete-family-package-1234279
[2026-10-02T12:26:29Z] #350 attempt=1/2 status=200 1.808s url=https://www.myfonts.com/collections/celoria-font-trick-type-style/
[2026-10-02T12:26:33Z] #351 attempt=1/2 status=200 3.284s url=https://www.myfonts.com/collections/celoria-font-trick-type-style/?tab=techSpecs
[2026-10-02T12:26:34Z] #352 attempt=1/2 status=200 0.327s url=https://www.myfonts.com/products/aubrey-sans-complete-family-package-1234183
[2026-10-02T12:26:35Z] #353 attempt=1/2 status=200 0.461s url=https://www.myfonts.com/collections/aubrey-sans-font-webhance/
[2026-10-02T12:26:36Z] #354 attempt=1/2 status=200 0.383s url=https://www.myfonts.com/collections/aubrey-sans-font-webhance/?tab=techSpecs
[2026-10-02T12:26:37Z] #355 attempt=1/2 status=200 0.315s url=https://www.myfonts.com/products/mockindy-outline-complete-family-package-1234829
[2026-10-02T12:26:38Z] #356 attempt=1/2 status=200 0.628s url=https://www.myfonts.com/collections/mockindy-outline-font-tyedge-studio/
[2026-10-02T12:26:38Z] #357 attempt=1/2 status=200 0.343s url=https://www.myfonts.com/collections/mockindy-outline-font-tyedge-studio/?tab=techSpecs
[2026-10-02T12:26:40Z] #358 attempt=1/2 status=200 0.345s url=https://www.myfonts.com/products/tomyhesa-complete-family-package-1234973
[2026-10-02T12:26:40Z] #359 attempt=1/2 status=200 0.672s url=https://www.myfonts.com/collections/tomyhesa-font-letterena-studios/
[2026-10-02T12:26:41Z] #360 attempt=1/2 status=200 0.347s url=https://www.myfonts.com/collections/tomyhesa-font-letterena-studios/?tab=techSpecs
[2026-10-02T12:26:42Z] #361 attempt=1/2 status=200 0.325s url=https://www.myfonts.com/products/clausville-complete-family-package-1235358
[2026-10-02T12:26:43Z] #362 attempt=1/2 status=200 0.405s url=https://www.myfonts.com/collections/clausville-font-dora-typefoundry/
[2026-10-02T12:26:44Z] #363 attempt=1/2 status=200 0.384s url=https://www.myfonts.com/collections/clausville-font-dora-typefoundry/?tab=techSpecs
[2026-10-02T12:26:45Z] #364 attempt=1/2 status=200 0.326s url=https://www.myfonts.com/products/samida-complete-family-package-1234872
[2026-10-02T12:26:45Z] #365 attempt=1/2 status=200 0.438s url=https://www.myfonts.com/collections/samida-font-yukita-creative/
[2026-10-02T12:26:46Z] #366 attempt=1/2 status=200 0.337s url=https://www.myfonts.com/collections/samida-font-yukita-creative/?tab=techSpecs
[2026-10-02T12:26:47Z] #367 attempt=1/2 status=200 0.319s url=https://www.myfonts.com/products/femhitary-complete-family-package-1234966
[2026-10-02T12:26:48Z] #368 attempt=1/2 status=200 0.502s url=https://www.myfonts.com/collections/femhitary-font-letterena-studios/
[2026-10-02T12:26:49Z] #369 attempt=1/2 status=200 0.313s url=https://www.myfonts.com/collections/femhitary-font-letterena-studios/?tab=techSpecs
[2026-10-02T12:26:52Z] #370 attempt=1/2 status=200 2.105s url=https://www.myfonts.com/products/qreth-complete-family-package-1234972
[2026-10-02T12:26:55Z] #371 attempt=1/2 status=200 2.414s url=https://www.myfonts.com/collections/qreth-font-nia-typework/
[2026-10-02T12:26:58Z] #372 attempt=1/2 status=200 2.042s url=https://www.myfonts.com/collections/qreth-font-nia-typework/?tab=techSpecs
[2026-10-02T12:26:59Z] #373 attempt=1/2 status=200 0.351s url=https://www.myfonts.com/products/vexthorn-complete-family-package-1234203
[2026-10-02T12:27:00Z] #374 attempt=1/2 status=200 0.642s url=https://www.myfonts.com/collections/vexthorn-font-yoga-letter/
[2026-10-02T12:27:01Z] #375 attempt=1/2 status=200 0.436s url=https://www.myfonts.com/collections/vexthorn-font-yoga-letter/?tab=techSpecs
[2026-10-02T12:27:02Z] #376 attempt=1/2 status=200 0.381s url=https://www.myfonts.com/products/atomette-complete-family-package-1234048
[2026-10-02T12:27:03Z] #377 attempt=1/2 status=200 0.430s url=https://www.myfonts.com/collections/atomette-font-device/
[2026-10-02T12:27:03Z] #378 attempt=1/2 status=200 0.354s url=https://www.myfonts.com/collections/atomette-font-device/?tab=techSpecs
[2026-10-02T12:27:05Z] #379 attempt=1/2 status=200 0.450s url=https://www.myfonts.com/products/yoger-package-1234931
[2026-10-02T12:27:06Z] #380 attempt=1/2 status=200 0.740s url=https://www.myfonts.com/collections/yoger-font-smartfont/
[2026-10-02T12:27:07Z] #381 attempt=1/2 status=200 0.588s url=https://www.myfonts.com/collections/yoger-font-smartfont/?tab=techSpecs
[2026-10-02T12:27:08Z] #382 attempt=1/2 status=200 0.330s url=https://www.myfonts.com/products/murisa-vandehaere-complete-family-package-1234861
[2026-10-02T12:27:08Z] #383 attempt=1/2 status=200 0.312s url=https://www.myfonts.com/collections/murisa-vandehaere-font-murisa-studio/
[2026-10-02T12:27:09Z] #384 attempt=1/2 status=200 0.423s url=https://www.myfonts.com/products/maison-lovyelle-complete-family-package-1235195
[2026-10-02T12:27:10Z] #385 attempt=1/2 status=200 0.360s url=https://www.myfonts.com/collections/maison-lovyelle-font-abbasy-studio/
[2026-10-02T12:27:10Z] #386 attempt=1/2 status=200 0.296s url=https://www.myfonts.com/collections/maison-lovyelle-font-abbasy-studio/?tab=techSpecs
[2026-10-02T12:27:11Z] #387 attempt=1/2 status=200 0.298s url=https://www.myfonts.com/products/garoland-complete-family-package-1235314
[2026-10-02T12:27:12Z] #388 attempt=1/2 status=200 0.343s url=https://www.myfonts.com/collections/garoland-font-burntilldead/
[2026-10-02T12:27:13Z] #389 attempt=1/2 status=200 0.301s url=https://www.myfonts.com/collections/garoland-font-burntilldead/?tab=techSpecs
[2026-10-02T12:27:14Z] #390 attempt=1/2 status=200 0.413s url=https://www.myfonts.com/products/promuja-complete-family-package-1234193
[2026-10-02T12:27:15Z] #391 attempt=1/2 status=200 0.454s url=https://www.myfonts.com/collections/promuja-font-wildan-carfont/
[2026-10-02T12:27:15Z] #392 attempt=1/2 status=200 0.424s url=https://www.myfonts.com/collections/promuja-font-wildan-carfont/?tab=techSpecs
[2026-10-02T12:27:16Z] #393 attempt=1/2 status=200 0.340s url=https://www.myfonts.com/products/jollykins-complete-family-package-1234206
[2026-10-02T12:27:17Z] #394 attempt=1/2 status=200 0.384s url=https://www.myfonts.com/collections/jollykins-font-yoga-letter/
[2026-10-02T12:27:18Z] #395 attempt=1/2 status=200 0.319s url=https://www.myfonts.com/collections/jollykins-font-yoga-letter/?tab=techSpecs
[2026-10-02T12:27:19Z] #396 attempt=1/2 status=200 0.342s url=https://www.myfonts.com/products/off-terz-complete-family-package-1234896
[2026-10-02T12:27:20Z] #397 attempt=1/2 status=200 0.320s url=https://www.myfonts.com/collections/off-terz-font-jolicia-type/
[2026-10-02T12:27:20Z] #398 attempt=1/2 status=200 0.323s url=https://www.myfonts.com/collections/off-terz-font-jolicia-type/?tab=techSpecs
[2026-10-02T12:27:21Z] #399 attempt=1/2 status=200 0.328s url=https://www.myfonts.com/products/corta-complete-family-package-1235373
[2026-10-02T12:27:22Z] #400 attempt=1/2 status=200 0.377s url=https://www.myfonts.com/collections/corta-font-flavortype/
[2026-10-02T12:27:23Z] #401 attempt=1/2 status=200 0.334s url=https://www.myfonts.com/collections/corta-font-flavortype/?tab=techSpecs
[2026-10-02T12:27:24Z] #402 attempt=1/2 status=200 0.350s url=https://www.myfonts.com/products/iceberglc-complete-family-package-1235177
[2026-10-02T12:27:25Z] #403 attempt=1/2 status=200 0.594s url=https://www.myfonts.com/products/everdraw-complete-family-package-1234138
[2026-10-02T12:27:26Z] #404 attempt=1/2 status=200 0.826s url=https://www.myfonts.com/collections/everdraw-font-vp-creative-shop/
[2026-10-02T12:27:27Z] #405 attempt=1/2 status=200 0.644s url=https://www.myfonts.com/collections/everdraw-font-vp-creative-shop/?tab=techSpecs
[2026-10-02T12:27:28Z] #406 attempt=1/2 status=200 0.351s url=https://www.myfonts.com/products/geocut-complete-family-package-1234075
[2026-10-02T12:27:29Z] #407 attempt=1/2 status=200 0.410s url=https://www.myfonts.com/collections/geocut-font-vincenzo-crisafulli/
[2026-10-02T12:27:29Z] #408 attempt=1/2 status=200 0.384s url=https://www.myfonts.com/collections/geocut-font-vincenzo-crisafulli/?tab=techSpecs
[2026-10-02T12:27:31Z] #409 attempt=1/2 status=200 0.338s url=https://www.myfonts.com/products/xeura-complete-family-package-1234866
[2026-10-02T12:27:31Z] #410 attempt=1/2 status=200 0.393s url=https://www.myfonts.com/collections/xeura-font-timelesstype-studio/
[2026-10-02T12:27:32Z] #411 attempt=1/2 status=200 0.330s url=https://www.myfonts.com/collections/xeura-font-timelesstype-studio/?tab=techSpecs
[2026-10-02T12:27:33Z] #412 attempt=1/2 status=200 0.343s url=https://www.myfonts.com/products/donetta-complete-family-package-1235069
[2026-10-02T12:27:34Z] #413 attempt=1/2 status=200 0.421s url=https://www.myfonts.com/collections/donetta-font-typeclassheroes/
[2026-10-02T12:27:34Z] #414 attempt=1/2 status=200 0.350s url=https://www.myfonts.com/collections/donetta-font-typeclassheroes/?tab=techSpecs
[2026-10-02T12:27:36Z] #415 attempt=1/2 status=200 0.475s url=https://www.myfonts.com/products/valenary-prana-complete-family-package-1235339
[2026-10-02T12:27:36Z] #416 attempt=1/2 status=200 0.476s url=https://www.myfonts.com/collections/valenary-prana-font-differentialtype/
[2026-10-02T12:27:37Z] #417 attempt=1/2 status=200 0.420s url=https://www.myfonts.com/collections/valenary-prana-font-differentialtype/?tab=techSpecs
[2026-10-02T12:27:38Z] #418 attempt=1/2 status=200 0.399s url=https://www.myfonts.com/products/panometr-sans-complete-family-package-1234841
[2026-10-02T12:27:39Z] #419 attempt=1/2 status=200 0.459s url=https://www.myfonts.com/collections/panometr-sans-font-borutta/
[2026-10-02T12:27:40Z] #420 attempt=1/2 status=200 0.375s url=https://www.myfonts.com/collections/panometr-sans-font-borutta/?tab=techSpecs
[2026-10-02T12:27:41Z] #421 attempt=1/2 status=200 0.329s url=https://www.myfonts.com/products/hyperline-complete-family-package-1235331
[2026-10-02T12:27:42Z] #422 attempt=1/2 status=200 0.433s url=https://www.myfonts.com/collections/hyperline-font-dareco-studio/
[2026-10-02T12:27:43Z] #423 attempt=1/2 status=200 0.357s url=https://www.myfonts.com/collections/hyperline-font-dareco-studio/?tab=techSpecs
[2026-10-02T12:27:44Z] #424 attempt=1/2 status=200 0.354s url=https://www.myfonts.com/products/jaghori-insighte-complete-family-package-1234976
[2026-10-02T12:27:44Z] #425 attempt=1/2 status=200 0.348s url=https://www.myfonts.com/collections/jaghori-insighte-font-letterena-studios/
[2026-10-02T12:27:45Z] #426 attempt=1/2 status=200 0.334s url=https://www.myfonts.com/collections/jaghori-insighte-font-letterena-studios/?tab=techSpecs
[2026-10-02T12:27:46Z] #427 attempt=1/2 status=200 0.363s url=https://www.myfonts.com/products/sfc-rimowa-complete-family-package-1234209
[2026-10-02T12:27:47Z] #428 attempt=1/2 status=200 0.386s url=https://www.myfonts.com/collections/sfc-rimowa-font-skilline-fonts-co/
[2026-10-02T12:27:47Z] #429 attempt=1/2 status=200 0.368s url=https://www.myfonts.com/collections/sfc-rimowa-font-skilline-fonts-co/?tab=techSpecs
[2026-10-02T12:27:49Z] #430 attempt=1/2 status=200 0.454s url=https://www.myfonts.com/products/flow-botanical-complete-family-package-1234858
[2026-10-02T12:27:49Z] #431 attempt=1/2 status=200 0.341s url=https://www.myfonts.com/collections/flow-botanical-font-timelesstype-studio/
[2026-10-02T12:27:50Z] #432 attempt=1/2 status=200 0.286s url=https://www.myfonts.com/collections/flow-botanical-font-timelesstype-studio/?tab=techSpecs
[2026-10-02T12:27:51Z] #433 attempt=1/2 status=200 0.340s url=https://www.myfonts.com/products/regular-bethoria-signature-1235371
[2026-10-02T12:27:52Z] #434 attempt=1/2 status=200 0.294s url=https://www.myfonts.com/collections/bethoria-signature-font-figuree-studio/
[2026-10-02T12:27:52Z] #435 attempt=1/2 status=200 0.290s url=https://www.myfonts.com/collections/bethoria-signature-font-figuree-studio/?tab=techSpecs
[2026-10-02T12:27:54Z] #436 attempt=1/6 status=200 0.916s url=https://www.myfonts.com/products.json?limit=100&page=8
[2026-10-02T12:27:55Z] #437 attempt=1/2 status=200 0.338s url=https://www.myfonts.com/products/regular-qribo-1234950
[2026-10-02T12:27:55Z] #438 attempt=1/2 status=200 0.291s url=https://www.myfonts.com/collections/qribo-font-unitype-studio/
[2026-10-02T12:27:56Z] #439 attempt=1/2 status=200 0.281s url=https://www.myfonts.com/collections/qribo-font-unitype-studio/?tab=techSpecs
[2026-10-02T12:27:56Z] #440 attempt=1/2 status=200 0.269s url=https://www.myfonts.com/products/regular-nostalique-script-1234885
[2026-10-02T12:27:57Z] #441 attempt=1/2 status=200 0.290s url=https://www.myfonts.com/collections/nostalique-script-font-shanaf/
[2026-10-02T12:27:58Z] #442 attempt=1/2 status=200 0.297s url=https://www.myfonts.com/collections/nostalique-script-font-shanaf/?tab=techSpecs
[2026-10-02T12:27:58Z] #443 attempt=1/2 status=200 0.262s url=https://www.myfonts.com/products/regular-hyperon-1235110
[2026-10-02T12:27:59Z] #444 attempt=1/2 status=200 0.369s url=https://www.myfonts.com/collections/hyperon-font-rasio-studio/
[2026-10-02T12:27:59Z] #445 attempt=1/2 status=200 0.262s url=https://www.myfonts.com/collections/hyperon-font-rasio-studio/?tab=techSpecs
[2026-10-02T12:28:00Z] #446 attempt=1/2 status=200 0.294s url=https://www.myfonts.com/products/regular-montaro-1234884
[2026-10-02T12:28:01Z] #447 attempt=1/2 status=200 0.285s url=https://www.myfonts.com/collections/montaro-font-shanaf/
[2026-10-02T12:28:01Z] #448 attempt=1/2 status=200 0.258s url=https://www.myfonts.com/collections/montaro-font-shanaf/?tab=techSpecs
[2026-10-02T12:28:02Z] #449 attempt=1/2 status=200 0.294s url=https://www.myfonts.com/products/regular-kamaline-handbrush-1235198
[2026-10-02T12:28:03Z] #450 attempt=1/2 status=200 0.397s url=https://www.myfonts.com/collections/kamaline-handbrush-font-afkari-studio/
[2026-10-02T12:28:04Z] #451 attempt=1/2 status=200 0.290s url=https://www.myfonts.com/collections/kamaline-handbrush-font-afkari-studio/?tab=techSpecs
[2026-10-02T12:28:05Z] #452 attempt=1/6 status=200 0.975s url=https://www.myfonts.com/products.json?limit=100&page=9
[2026-10-02T12:28:06Z] #453 attempt=1/2 status=200 0.300s url=https://www.myfonts.com/products/regular-nexroid-1234708
[2026-10-02T12:28:07Z] #454 attempt=1/2 status=200 0.319s url=https://www.myfonts.com/collections/nexroid-font-sipanji21/
[2026-10-02T12:28:07Z] #455 attempt=1/2 status=200 0.273s url=https://www.myfonts.com/collections/nexroid-font-sipanji21/?tab=techSpecs
[2026-10-02T12:28:09Z] #456 attempt=1/6 status=200 0.994s url=https://www.myfonts.com/products.json?limit=100&page=10
[2026-10-02T12:28:10Z] #457 attempt=1/2 status=200 0.347s url=https://www.myfonts.com/products/toshira-regular-toshira-1234277
[2026-10-02T12:28:10Z] #458 attempt=1/2 status=200 0.315s url=https://www.myfonts.com/collections/toshira-font-maikohatta/
[2026-10-02T12:28:11Z] #459 attempt=1/2 status=200 0.272s url=https://www.myfonts.com/collections/toshira-font-maikohatta/?tab=techSpecs
[2026-10-02T12:28:12Z] #460 attempt=1/2 status=200 0.308s url=https://www.myfonts.com/products/regular-weird-jokes-1234276
[2026-10-02T12:28:12Z] #461 attempt=1/2 status=200 0.322s url=https://www.myfonts.com/collections/weird-jokes-font-timurtype/
[2026-10-02T12:28:13Z] #462 attempt=1/2 status=200 0.285s url=https://www.myfonts.com/collections/weird-jokes-font-timurtype/?tab=techSpecs
[2026-10-02T12:28:13Z] #463 attempt=1/2 status=200 0.288s url=https://www.myfonts.com/products/regular-manage-1235170
[2026-10-02T12:28:14Z] #464 attempt=1/2 status=200 0.313s url=https://www.myfonts.com/collections/manage-font-sensatype-studio/
[2026-10-02T12:28:15Z] #465 attempt=1/2 status=200 0.283s url=https://www.myfonts.com/collections/manage-font-sensatype-studio/?tab=techSpecs
[2026-10-02T12:28:16Z] #466 attempt=1/2 status=200 0.591s url=https://www.myfonts.com/products/regular-rapikan-1235368
[2026-10-02T12:28:16Z] #467 attempt=1/2 status=200 0.327s url=https://www.myfonts.com/collections/rapikan-font-ekahermawan/
[2026-10-02T12:28:17Z] #468 attempt=1/2 status=200 0.269s url=https://www.myfonts.com/collections/rapikan-font-ekahermawan/?tab=techSpecs
[2026-10-02T12:28:18Z] #469 attempt=1/2 status=200 0.306s url=https://www.myfonts.com/products/regular-roulos-1234961
[2026-10-02T12:28:18Z] #470 attempt=1/2 status=200 0.353s url=https://www.myfonts.com/collections/roulos-font-omzen-type/
[2026-10-02T12:28:19Z] #471 attempt=1/2 status=200 0.267s url=https://www.myfonts.com/collections/roulos-font-omzen-type/?tab=techSpecs
[2026-10-02T12:28:21Z] #472 attempt=1/6 status=200 0.965s url=https://www.myfonts.com/products.json?limit=100&page=11
[2026-10-02T12:28:21Z] #473 attempt=1/2 status=200 0.315s url=https://www.myfonts.com/products/regular-dellatino-1235180
[2026-10-02T12:28:22Z] #474 attempt=1/2 status=200 0.446s url=https://www.myfonts.com/collections/dellatino-font-jinan-studio/
[2026-10-02T12:28:23Z] #475 attempt=1/2 status=200 0.357s url=https://www.myfonts.com/collections/dellatino-font-jinan-studio/?tab=techSpecs
[2026-10-02T12:28:24Z] #476 attempt=1/2 status=200 0.298s url=https://www.myfonts.com/products/regular-traydefo-1235334
[2026-10-02T12:28:24Z] #477 attempt=1/2 status=200 0.406s url=https://www.myfonts.com/collections/traydefo-font-dgsa-type-foundry/
[2026-10-02T12:28:25Z] #478 attempt=1/2 status=200 0.302s url=https://www.myfonts.com/collections/traydefo-font-dgsa-type-foundry/?tab=techSpecs
[2026-10-02T12:28:26Z] #479 attempt=1/2 status=200 0.318s url=https://www.myfonts.com/products/regular-rustyjgp-1235171
[2026-10-02T12:28:26Z] #480 attempt=1/2 status=200 0.303s url=https://www.myfonts.com/collections/rustyjgp-font-jointype/
[2026-10-02T12:28:27Z] #481 attempt=1/2 status=200 0.604s url=https://www.myfonts.com/collections/rustyjgp-font-jointype/?tab=techSpecs
[2026-10-02T12:28:29Z] #482 attempt=1/6 status=200 1.039s url=https://www.myfonts.com/products.json?limit=100&page=12
[2026-10-02T12:28:30Z] #483 attempt=1/2 status=200 0.462s url=https://www.myfonts.com/products/regular-ferga-1234273
[2026-10-02T12:28:30Z] #484 attempt=1/2 status=200 0.407s url=https://www.myfonts.com/collections/ferga-font-dareco-studio/
[2026-10-02T12:28:31Z] #485 attempt=1/2 status=200 0.252s url=https://www.myfonts.com/collections/ferga-font-dareco-studio/?tab=techSpecs
[2026-10-02T12:28:32Z] #486 attempt=1/2 status=200 0.272s url=https://www.myfonts.com/products/regular-bhelmora-1235370
[2026-10-02T12:28:32Z] #487 attempt=1/2 status=200 0.320s url=https://www.myfonts.com/collections/bhelmora-font-figuree-studio/
[2026-10-02T12:28:33Z] #488 attempt=1/2 status=200 0.251s url=https://www.myfonts.com/collections/bhelmora-font-figuree-studio/?tab=techSpecs
[2026-10-02T12:28:34Z] #489 attempt=1/2 status=200 0.292s url=https://www.myfonts.com/products/regular-fitchmore-1234934
[2026-10-02T12:28:34Z] #490 attempt=1/2 status=200 0.388s url=https://www.myfonts.com/collections/fitchmore-font-tower-of-babel/
[2026-10-02T12:28:35Z] #491 attempt=1/2 status=200 0.320s url=https://www.myfonts.com/collections/fitchmore-font-tower-of-babel/?tab=techSpecs
[2026-10-02T12:28:36Z] #492 attempt=1/6 status=200 0.855s url=https://www.myfonts.com/products.json?limit=100&page=13
[2026-10-02T12:28:37Z] #493 attempt=1/2 status=200 0.330s url=https://www.myfonts.com/products/regular-sauropod-1234962
[2026-10-02T12:28:38Z] #494 attempt=1/2 status=200 0.311s url=https://www.myfonts.com/collections/sauropod-font-the-ampersand-forest/
[2026-10-02T12:28:38Z] #495 attempt=1/2 status=200 0.236s url=https://www.myfonts.com/collections/sauropod-font-the-ampersand-forest/?tab=techSpecs
[2026-10-02T12:28:39Z] #496 attempt=1/2 status=200 0.288s url=https://www.myfonts.com/products/regular-widston-1235173
[2026-10-02T12:28:39Z] #497 attempt=1/2 status=200 0.294s url=https://www.myfonts.com/collections/widston-font-mbonster/
[2026-10-02T12:28:40Z] #498 attempt=1/2 status=200 0.300s url=https://www.myfonts.com/collections/widston-font-mbonster/?tab=techSpecs
[2026-10-02T12:28:41Z] #499 attempt=1/2 status=200 0.314s url=https://www.myfonts.com/products/regular-sweet-crumbs-1234889
[2026-10-02T12:28:41Z] #500 attempt=1/2 status=200 0.333s url=https://www.myfonts.com/collections/sweet-crumbs-font-shanaf/
[2026-10-02T12:28:42Z] #501 attempt=1/2 status=200 0.295s url=https://www.myfonts.com/collections/sweet-crumbs-font-shanaf/?tab=techSpecs
[2026-10-02T12:28:43Z] #502 attempt=1/2 status=200 0.450s url=https://www.myfonts.com/products/regular-hugero-1234137
[2026-10-02T12:28:44Z] #503 attempt=1/2 status=200 0.360s url=https://www.myfonts.com/collections/hugero-font-vultype-co/
[2026-10-02T12:28:44Z] #504 attempt=1/2 status=200 0.286s url=https://www.myfonts.com/collections/hugero-font-vultype-co/?tab=techSpecs
[2026-10-02T12:28:45Z] #505 attempt=1/2 status=200 0.349s url=https://www.myfonts.com/products/regular-stone-bricx-1234887
[2026-10-02T12:28:46Z] #506 attempt=1/2 status=200 0.282s url=https://www.myfonts.com/collections/stone-bricx-font-shanaf/
[2026-10-02T12:28:46Z] #507 attempt=1/2 status=200 0.290s url=https://www.myfonts.com/collections/stone-bricx-font-shanaf/?tab=techSpecs
[2026-10-02T12:28:48Z] #508 attempt=1/6 status=200 0.930s url=https://www.myfonts.com/products.json?limit=100&page=14
[2026-10-02T12:28:49Z] #509 attempt=1/2 status=200 0.283s url=https://www.myfonts.com/products/regular-kravino-1234882
[2026-10-02T12:28:49Z] #510 attempt=1/2 status=200 0.307s url=https://www.myfonts.com/collections/kravino-font-shanaf/
[2026-10-02T12:28:50Z] #511 attempt=1/2 status=200 0.301s url=https://www.myfonts.com/collections/kravino-font-shanaf/?tab=techSpecs
[2026-10-02T12:28:51Z] #512 attempt=1/2 status=200 0.350s url=https://www.myfonts.com/products/regular-vexna-1235369
[2026-10-02T12:28:51Z] #513 attempt=1/2 status=200 0.287s url=https://www.myfonts.com/collections/vexna-font-ezinxo-foundry/
[2026-10-02T12:28:52Z] #514 attempt=1/2 status=200 0.313s url=https://www.myfonts.com/collections/vexna-font-ezinxo-foundry/?tab=techSpecs
[2026-10-02T12:28:53Z] #515 attempt=1/2 status=200 0.398s url=https://www.myfonts.com/products/regular-drefiona-1234274
[2026-10-02T12:28:53Z] #516 attempt=1/2 status=200 0.312s url=https://www.myfonts.com/collections/drefiona-font-maulana-creative/
[2026-10-02T12:28:54Z] #517 attempt=1/2 status=200 0.278s url=https://www.myfonts.com/collections/drefiona-font-maulana-creative/?tab=techSpecs
[2026-10-02T12:28:56Z] #518 attempt=1/6 status=200 0.974s url=https://www.myfonts.com/products.json?limit=100&page=15
[2026-10-02T12:28:56Z] #519 attempt=1/2 status=200 0.284s url=https://www.myfonts.com/products/regular-glops-1235372
[2026-10-02T12:28:57Z] #520 attempt=1/2 status=200 0.317s url=https://www.myfonts.com/collections/glops-font-figuree-studio/
[2026-10-02T12:28:57Z] #521 attempt=1/2 status=200 0.278s url=https://www.myfonts.com/collections/glops-font-figuree-studio/?tab=techSpecs
[2026-10-02T12:28:58Z] #522 attempt=1/2 status=200 0.269s url=https://www.myfonts.com/products/regular-basgira-1235168
[2026-10-02T12:28:59Z] #523 attempt=1/2 status=200 0.391s url=https://www.myfonts.com/collections/basgira-font-flawlessandco/
[2026-10-02T12:28:59Z] #524 attempt=1/2 status=200 0.278s url=https://www.myfonts.com/collections/basgira-font-flawlessandco/?tab=techSpecs
[2026-10-02T12:29:00Z] #525 attempt=1/2 status=200 0.318s url=https://www.myfonts.com/products/regular-gottagon-1234275
[2026-10-02T12:29:01Z] #526 attempt=1/2 status=200 0.313s url=https://www.myfonts.com/collections/gottagon-font-syntype/
[2026-10-02T12:29:01Z] #527 attempt=1/2 status=200 0.274s url=https://www.myfonts.com/collections/gottagon-font-syntype/?tab=techSpecs
[2026-10-02T12:29:03Z] #528 attempt=1/6 status=200 0.885s url=https://www.myfonts.com/products.json?limit=100&page=16
[2026-10-02T12:29:04Z] #529 attempt=1/2 status=200 0.271s url=https://www.myfonts.com/products/houljoe-regular-houljoe-1235376
[2026-10-02T12:29:04Z] #530 attempt=1/2 status=200 0.343s url=https://www.myfonts.com/collections/houljoe-font-flawlessandco/
[2026-10-02T12:29:05Z] #531 attempt=1/2 status=200 0.284s url=https://www.myfonts.com/collections/houljoe-font-flawlessandco/?tab=techSpecs
[2026-10-02T12:29:07Z] #532 attempt=1/6 status=200 0.838s url=https://www.myfonts.com/products.json?limit=100&page=17
[2026-10-02T12:29:07Z] #533 attempt=1/2 status=200 0.294s url=https://www.myfonts.com/products/palmea-complete-family-package-1234233
[2026-10-02T12:29:08Z] #534 attempt=1/2 status=200 0.321s url=https://www.myfonts.com/collections/palmea-font-maghrib-type/
[2026-10-02T12:29:08Z] #535 attempt=1/2 status=200 0.328s url=https://www.myfonts.com/collections/palmea-font-maghrib-type/?tab=techSpecs
[2026-10-02T12:29:09Z] #536 attempt=1/2 status=200 0.401s url=https://www.myfonts.com/products/regular-and-italic-package-1234272
[2026-10-02T12:29:10Z] #537 attempt=1/2 status=200 0.540s url=https://www.myfonts.com/collections/sfc-signsmith-font-skilline-fonts-co/
[2026-10-02T12:29:11Z] #538 attempt=1/2 status=200 0.462s url=https://www.myfonts.com/collections/sfc-signsmith-font-skilline-fonts-co/?tab=techSpecs
[2026-10-02T12:29:12Z] #539 attempt=1/2 status=200 0.342s url=https://www.myfonts.com/products/cenolle-complete-family-package-1234222
[2026-10-02T12:29:13Z] #540 attempt=1/2 status=200 0.341s url=https://www.myfonts.com/collections/cenolle-font-typeclassheroes/
[2026-10-02T12:29:13Z] #541 attempt=1/2 status=200 0.344s url=https://www.myfonts.com/collections/cenolle-font-typeclassheroes/?tab=techSpecs
[2026-10-02T12:29:15Z] #542 attempt=1/2 status=200 0.323s url=https://www.myfonts.com/products/fallyen-complete-family-package-1234247
[2026-10-02T12:29:15Z] #543 attempt=1/2 status=200 0.365s url=https://www.myfonts.com/collections/fallyen-font-maulana-creative/
[2026-10-02T12:29:16Z] #544 attempt=1/2 status=200 0.322s url=https://www.myfonts.com/collections/fallyen-font-maulana-creative/?tab=techSpecs
[2026-10-02T12:29:17Z] #545 attempt=1/2 status=200 0.335s url=https://www.myfonts.com/products/aspek-complete-family-package-1234250
[2026-10-02T12:29:18Z] #546 attempt=1/2 status=200 0.394s url=https://www.myfonts.com/collections/aspek-font-the-native-saint-club/
[2026-10-02T12:29:18Z] #547 attempt=1/2 status=200 0.370s url=https://www.myfonts.com/collections/aspek-font-the-native-saint-club/?tab=techSpecs
[2026-10-02T12:29:19Z] #548 attempt=1/2 status=200 0.332s url=https://www.myfonts.com/products/evo-rinnox-complete-family-package-1234225
[2026-10-02T12:29:20Z] #549 attempt=1/2 status=200 0.435s url=https://www.myfonts.com/collections/evo-rinnox-font-tini-fitriani/
[2026-10-02T12:29:21Z] #550 attempt=1/2 status=200 0.300s url=https://www.myfonts.com/collections/evo-rinnox-font-tini-fitriani/?tab=techSpecs
[2026-10-02T12:29:22Z] #551 attempt=1/2 status=200 0.350s url=https://www.myfonts.com/products/regular-halloween-costume-1234074
[2026-10-02T12:29:22Z] #552 attempt=1/2 status=200 0.342s url=https://www.myfonts.com/collections/halloween-costume-font-unitype-studio/
[2026-10-02T12:29:23Z] #553 attempt=1/2 status=200 0.271s url=https://www.myfonts.com/collections/halloween-costume-font-unitype-studio/?tab=techSpecs
[2026-10-02T12:29:24Z] #554 attempt=1/2 status=200 0.319s url=https://www.myfonts.com/products/regular-sfc-zurich-plaza-1234073
[2026-10-02T12:29:24Z] #555 attempt=1/2 status=200 0.328s url=https://www.myfonts.com/collections/sfc-zurich-plaza-font-skilline-fonts-co/
[2026-10-02T12:29:25Z] #556 attempt=1/2 status=200 0.278s url=https://www.myfonts.com/collections/sfc-zurich-plaza-font-skilline-fonts-co/?tab=techSpecs
[2026-10-02T12:29:26Z] #557 attempt=1/2 status=200 0.299s url=https://www.myfonts.com/products/regular-lacola-coco-1234246
[2026-10-02T12:29:26Z] #558 attempt=1/2 status=200 0.288s url=https://www.myfonts.com/collections/lacola-coco-font-maulana-creative/
[2026-10-02T12:29:27Z] #559 attempt=1/2 status=200 0.294s url=https://www.myfonts.com/collections/lacola-coco-font-maulana-creative/?tab=techSpecs
[2026-10-02T12:29:28Z] #560 attempt=1/2 status=200 0.329s url=https://www.myfonts.com/products/medium-sx-comforta-1234241
[2026-10-02T12:29:28Z] #561 attempt=1/2 status=200 0.441s url=https://www.myfonts.com/collections/sx-comforta-font-sixtype-foundry/
[2026-10-02T12:29:29Z] #562 attempt=1/2 status=200 0.338s url=https://www.myfonts.com/collections/sx-comforta-font-sixtype-foundry/?tab=techSpecs
[2026-10-02T12:29:30Z] #563 attempt=1/2 status=200 0.377s url=https://www.myfonts.com/products/regular-krupira-vora-1234221
[2026-10-02T12:29:31Z] #564 attempt=1/2 status=200 0.324s url=https://www.myfonts.com/collections/krupira-vora-font-product-type/
[2026-10-02T12:29:32Z] #565 attempt=1/2 status=200 0.281s url=https://www.myfonts.com/collections/krupira-vora-font-product-type/?tab=techSpecs
[2026-10-02T12:29:32Z] #566 attempt=1/2 status=200 0.320s url=https://www.myfonts.com/products/regular-ralgino-1234231
[2026-10-02T12:29:33Z] #567 attempt=1/2 status=200 0.298s url=https://www.myfonts.com/collections/ralgino-font-struggle-studio/
[2026-10-02T12:29:33Z] #568 attempt=1/2 status=200 0.323s url=https://www.myfonts.com/collections/ralgino-font-struggle-studio/?tab=techSpecs
[2026-10-02T12:29:34Z] #569 attempt=1/2 status=200 0.306s url=https://www.myfonts.com/products/regular-braided-motel-1234232
[2026-10-02T12:29:35Z] #570 attempt=1/2 status=200 0.338s url=https://www.myfonts.com/collections/braided-motel-font-sloulyfe-studio/
[2026-10-02T12:29:36Z] #571 attempt=1/2 status=200 0.369s url=https://www.myfonts.com/collections/braided-motel-font-sloulyfe-studio/?tab=techSpecs
[2026-10-02T12:29:37Z] #572 attempt=1/2 status=200 0.446s url=https://www.myfonts.com/products/regular-stay-awake-1234592
[2026-10-02T12:29:37Z] #573 attempt=1/2 status=200 0.322s url=https://www.myfonts.com/collections/stay-awake-font-olivetype/
[2026-10-02T12:29:38Z] #574 attempt=1/2 status=200 0.281s url=https://www.myfonts.com/collections/stay-awake-font-olivetype/?tab=techSpecs
[2026-10-02T12:29:40Z] #575 attempt=1/6 status=200 0.897s url=https://www.myfonts.com/products.json?limit=100&page=18
[2026-10-02T12:29:40Z] #576 attempt=1/2 status=200 0.405s url=https://www.myfonts.com/products/regular-turishall-1234891
[2026-10-02T12:29:41Z] #577 attempt=1/2 status=200 0.374s url=https://www.myfonts.com/collections/turishall-font-syafbe/
[2026-10-02T12:29:42Z] #578 attempt=1/2 status=200 0.294s url=https://www.myfonts.com/collections/turishall-font-syafbe/?tab=techSpecs
[2026-10-02T12:29:43Z] #579 attempt=1/2 status=200 0.467s url=https://www.myfonts.com/products/regular-koolavie-1235187
[2026-10-02T12:29:43Z] #580 attempt=1/2 status=200 0.302s url=https://www.myfonts.com/collections/koolavie-font-letterhanna-studio/
[2026-10-02T12:29:44Z] #581 attempt=1/2 status=200 0.270s url=https://www.myfonts.com/collections/koolavie-font-letterhanna-studio/?tab=techSpecs
[2026-10-02T12:29:45Z] #582 attempt=1/2 status=200 0.291s url=https://www.myfonts.com/products/italic-island-reshort-1234857
[2026-10-02T12:29:45Z] #583 attempt=1/2 status=200 0.302s url=https://www.myfonts.com/collections/island-reshort-font-timelesstype-studio/
[2026-10-02T12:29:46Z] #584 attempt=1/2 status=200 0.622s url=https://www.myfonts.com/collections/island-reshort-font-timelesstype-studio/?tab=techSpecs
[2026-10-02T12:29:47Z] #585 attempt=1/2 status=200 0.307s url=https://www.myfonts.com/products/regular-megast-1234870
[2026-10-02T12:29:48Z] #586 attempt=1/2 status=200 0.340s url=https://www.myfonts.com/collections/megast-font-timelesstype-studio/
[2026-10-02T12:29:48Z] #587 attempt=1/2 status=200 0.273s url=https://www.myfonts.com/collections/megast-font-timelesstype-studio/?tab=techSpecs
[2026-10-02T12:29:49Z] #588 attempt=1/2 status=200 0.305s url=https://www.myfonts.com/products/italic-creative-vision-1234880
[2026-10-02T12:29:50Z] #589 attempt=1/2 status=200 0.320s url=https://www.myfonts.com/collections/creative-vision-font-timelesstype-studio/
[2026-10-02T12:29:50Z] #590 attempt=1/2 status=200 0.279s url=https://www.myfonts.com/collections/creative-vision-font-timelesstype-studio/?tab=techSpecs
[2026-10-02T12:29:52Z] #591 attempt=1/2 status=200 0.305s url=https://www.myfonts.com/products/regular-fafrelyauntum-1234906
[2026-10-02T12:29:52Z] #592 attempt=1/2 status=200 0.349s url=https://www.myfonts.com/collections/fafrelyauntum-font-tyedge-studio/
[2026-10-02T12:29:53Z] #593 attempt=1/2 status=200 0.346s url=https://www.myfonts.com/collections/fafrelyauntum-font-tyedge-studio/?tab=techSpecs
[2026-10-02T12:29:54Z] #594 attempt=1/2 status=200 0.308s url=https://www.myfonts.com/products/italic-garden-beasty-1234894
[2026-10-02T12:29:54Z] #595 attempt=1/2 status=200 0.282s url=https://www.myfonts.com/collections/garden-beasty-font-timelesstype-studio/
[2026-10-02T12:29:55Z] #596 attempt=1/2 status=200 0.344s url=https://www.myfonts.com/collections/garden-beasty-font-timelesstype-studio/?tab=techSpecs
[2026-10-02T12:29:56Z] #597 attempt=1/2 status=200 0.265s url=https://www.myfonts.com/products/regular-baltders-1234864
[2026-10-02T12:29:57Z] #598 attempt=1/2 status=200 0.313s url=https://www.myfonts.com/collections/baltders-font-zamjump/
[2026-10-02T12:29:57Z] #599 attempt=1/2 status=200 0.283s url=https://www.myfonts.com/collections/baltders-font-zamjump/?tab=techSpecs
[2026-10-02T12:29:58Z] #600 attempt=1/2 status=200 0.365s url=https://www.myfonts.com/products/oblique-senja-jingga-1234839
[2026-10-02T12:29:59Z] #601 attempt=1/2 status=200 0.346s url=https://www.myfonts.com/collections/senja-jingga-font-mei-suseno/
[2026-10-02T12:29:59Z] #602 attempt=1/2 status=200 0.338s url=https://www.myfonts.com/collections/senja-jingga-font-mei-suseno/?tab=techSpecs
[2026-10-02T12:30:01Z] #603 attempt=1/2 status=200 0.336s url=https://www.myfonts.com/products/regular-surreal-culture-1234888
[2026-10-02T12:30:01Z] #604 attempt=1/2 status=200 0.303s url=https://www.myfonts.com/collections/surreal-culture-font-shanaf/
[2026-10-02T12:30:02Z] #605 attempt=1/2 status=200 0.293s url=https://www.myfonts.com/collections/surreal-culture-font-shanaf/?tab=techSpecs
[2026-10-02T12:30:03Z] #606 attempt=1/2 status=200 0.299s url=https://www.myfonts.com/products/regular-brutalist-block-1234881
[2026-10-02T12:30:03Z] #607 attempt=1/2 status=200 0.314s url=https://www.myfonts.com/collections/brutalist-block-font-shanaf/
[2026-10-02T12:30:04Z] #608 attempt=1/2 status=200 0.299s url=https://www.myfonts.com/collections/brutalist-block-font-shanaf/?tab=techSpecs
[2026-10-02T12:30:05Z] #609 attempt=1/2 status=200 0.306s url=https://www.myfonts.com/products/regular-wosh-1234900
[2026-10-02T12:30:05Z] #610 attempt=1/2 status=200 0.336s url=https://www.myfonts.com/collections/wosh-font-zaain-type/
[2026-10-02T12:30:06Z] #611 attempt=1/2 status=200 0.281s url=https://www.myfonts.com/products/regular-ez-otegura-1234629
[2026-10-02T12:30:06Z] #612 attempt=1/2 status=200 0.297s url=https://www.myfonts.com/collections/ez-otegura-font-zafara-studios/
[2026-10-02T12:30:07Z] #613 attempt=1/2 status=200 0.272s url=https://www.myfonts.com/products/regular-patchlc-1234895
[2026-10-02T12:30:07Z] #614 attempt=1/2 status=200 0.271s url=https://www.myfonts.com/products/regular-twisted-noodle-1234890
[2026-10-02T12:30:08Z] #615 attempt=1/2 status=200 0.313s url=https://www.myfonts.com/collections/twisted-noodle-font-shanaf/
[2026-10-02T12:30:08Z] #616 attempt=1/2 status=200 0.317s url=https://www.myfonts.com/products/regular-ef-baveno-1234865
[2026-10-02T12:30:09Z] #617 attempt=1/2 status=200 0.302s url=https://www.myfonts.com/collections/ef-baveno-font-zafara-studios/
[2026-10-02T12:30:10Z] #618 attempt=1/2 status=200 0.349s url=https://www.myfonts.com/products/regular-royal-enigma-1234657
[2026-10-02T12:30:10Z] #619 attempt=1/2 status=200 0.321s url=https://www.myfonts.com/collections/royal-enigma-font-sipanji21/
[2026-10-02T12:30:11Z] #620 attempt=1/2 status=200 0.328s url=https://www.myfonts.com/products/regular-burquhart-script-1234854
[2026-10-02T12:30:11Z] #621 attempt=1/2 status=200 0.280s url=https://www.myfonts.com/collections/burquhart-script-font-tower-of-babel/
[2026-10-02T12:30:12Z] #622 attempt=1/2 status=200 0.277s url=https://www.myfonts.com/products/regular-novexa-1234886
[2026-10-02T12:30:12Z] #623 attempt=1/2 status=200 0.325s url=https://www.myfonts.com/collections/novexa-font-shanaf/
[2026-10-02T12:30:13Z] #624 attempt=1/2 status=200 0.277s url=https://www.myfonts.com/products/regular-mandraya-1234883
[2026-10-02T12:30:13Z] #625 attempt=1/2 status=200 0.359s url=https://www.myfonts.com/collections/mandraya-font-shanaf/
[2026-10-02T12:30:14Z] #626 attempt=1/2 status=200 0.301s url=https://www.myfonts.com/products/uspac-italic-uspac-1234770
[2026-10-02T12:30:15Z] #627 attempt=1/2 status=200 0.313s url=https://www.myfonts.com/collections/uspac-font-typeltf/
[2026-10-02T12:30:16Z] #628 attempt=1/6 status=200 1.000s url=https://www.myfonts.com/products.json?limit=100&page=19
[2026-10-02T12:30:17Z] #629 attempt=1/2 status=200 0.298s url=https://www.myfonts.com/products/sackers-gothic-complete-family-package-1234054
[2026-10-02T12:30:17Z] #630 attempt=1/2 status=200 0.404s url=https://www.myfonts.com/collections/sackers-gothic-font-monotype-imaging/
[2026-10-02T12:30:18Z] #631 attempt=1/2 status=200 0.370s url=https://www.myfonts.com/products/acton-complete-family-package-1233838
[2026-10-02T12:30:19Z] #632 attempt=1/2 status=200 0.438s url=https://www.myfonts.com/collections/acton-font-device/
[2026-10-02T12:30:20Z] #633 attempt=1/2 status=200 0.488s url=https://www.myfonts.com/products/arachem-california-complete-family-package-1233726
[2026-10-02T12:30:20Z] #634 attempt=1/2 status=200 0.680s url=https://www.myfonts.com/collections/arachem-california-font-logic-type/
[2026-10-02T12:30:22Z] #635 attempt=1/2 status=200 1.437s url=https://www.myfonts.com/products/korolev-complete-family-package-1233891
[2026-10-02T12:30:24Z] #636 attempt=1/2 status=200 1.840s url=https://www.myfonts.com/collections/korolev-font-device/
[2026-10-02T12:30:26Z] #637 attempt=1/2 status=200 0.328s url=https://www.myfonts.com/products/celia-savora-complete-family-package-1233604
[2026-10-02T12:30:26Z] #638 attempt=1/2 status=200 0.378s url=https://www.myfonts.com/collections/celia-savora-font-font-liner/
[2026-10-02T12:30:27Z] #639 attempt=1/2 status=200 0.334s url=https://www.myfonts.com/products/the-story-dream-complete-family-package-1234015
[2026-10-02T12:30:27Z] #640 attempt=1/2 status=200 0.376s url=https://www.myfonts.com/collections/the-story-dream-font-joelmaker/
[2026-10-02T12:30:28Z] #641 attempt=1/2 status=200 0.326s url=https://www.myfonts.com/products/fox-kinda-complete-family-package-1233608
[2026-10-02T12:30:29Z] #642 attempt=1/2 status=200 0.429s url=https://www.myfonts.com/collections/fox-kinda-font-fox7/
[2026-10-02T12:30:31Z] #643 attempt=1/2 status=200 1.804s url=https://www.myfonts.com/products/cerant-complete-family-package-1233125
[2026-10-02T12:30:36Z] #644 attempt=1/2 status=200 4.457s url=https://www.myfonts.com/collections/cerant-font-fargun-studio/
[2026-10-02T12:30:37Z] #645 attempt=1/2 status=200 0.442s url=https://www.myfonts.com/products/bradbury-five-complete-family-package-1233818
[2026-10-02T12:30:38Z] #646 attempt=1/2 status=200 0.658s url=https://www.myfonts.com/collections/bradbury-five-font-device/
[2026-10-02T12:30:39Z] #647 attempt=1/2 status=200 0.380s url=https://www.myfonts.com/products/satuva-complete-family-package-1233580
[2026-10-02T12:30:40Z] #648 attempt=1/2 status=200 0.393s url=https://www.myfonts.com/collections/satuva-font-flawlessandco/
[2026-10-02T12:30:41Z] #649 attempt=1/2 status=200 0.725s url=https://www.myfonts.com/products/cynosure-complete-family-package-1233990
[2026-10-02T12:30:42Z] #650 attempt=1/2 status=200 0.795s url=https://www.myfonts.com/collections/cynosure-font-device/
[2026-10-02T12:30:43Z] #651 attempt=1/2 status=200 0.312s url=https://www.myfonts.com/products/neuford-complete-family-package-1232646
[2026-10-02T12:30:43Z] #652 attempt=1/2 status=200 0.359s url=https://www.myfonts.com/collections/neuford-font-arterfak-project/
[2026-10-02T12:30:44Z] #653 attempt=1/2 status=200 0.463s url=https://www.myfonts.com/products/cynosure-soft-complete-family-package-1233949
[2026-10-02T12:30:45Z] #654 attempt=1/2 status=200 0.518s url=https://www.myfonts.com/collections/cynosure-soft-font-device/
[2026-10-02T12:30:46Z] #655 attempt=1/2 status=200 1.358s url=https://www.myfonts.com/products/ckr-soft-complete-family-package-1232746
[2026-10-02T12:30:49Z] #656 attempt=1/2 status=200 2.118s url=https://www.myfonts.com/collections/ckr-soft-font-ckr-type-foundry/
[2026-10-02T12:30:50Z] #657 attempt=1/2 status=200 0.359s url=https://www.myfonts.com/products/capitol-capitals-complete-family-package-1233964
[2026-10-02T12:30:51Z] #658 attempt=1/2 status=200 0.386s url=https://www.myfonts.com/collections/capitol-font-device/
[2026-10-02T12:30:51Z] #659 attempt=1/2 status=200 0.339s url=https://www.myfonts.com/products/potbank-light-regular-and-bold-package-1232591
[2026-10-02T12:30:52Z] #660 attempt=1/2 status=200 0.486s url=https://www.myfonts.com/collections/potbank-font-applied-systems-design-studio/
[2026-10-02T12:30:53Z] #661 attempt=1/2 status=200 0.407s url=https://www.myfonts.com/products/ceramika-complete-family-package-1233761
[2026-10-02T12:30:54Z] #662 attempt=1/2 status=200 0.566s url=https://www.myfonts.com/collections/ceramika-font-santi-rey/
[2026-10-02T12:30:54Z] #663 attempt=1/2 status=200 0.463s url=https://www.myfonts.com/products/dexialis-complete-family-package-1234026
[2026-10-02T12:30:55Z] #664 attempt=1/2 status=200 0.603s url=https://www.myfonts.com/collections/dexialis-font-bartama-graphic/
[2026-10-02T12:30:56Z] #665 attempt=1/2 status=200 0.433s url=https://www.myfonts.com/products/glitterati-basic-set-package-1233472
[2026-10-02T12:30:57Z] #666 attempt=1/2 status=200 0.413s url=https://www.myfonts.com/collections/glitterati-font-device/
[2026-10-02T12:30:58Z] #667 attempt=1/2 status=200 0.462s url=https://www.myfonts.com/products/veda-loom-complete-family-package-1234021
[2026-10-02T12:30:58Z] #668 attempt=1/2 status=200 0.393s url=https://www.myfonts.com/collections/veda-loom-font-mei-suseno/
[2026-10-02T12:30:59Z] #669 attempt=1/2 status=200 0.322s url=https://www.myfonts.com/products/chassis-complete-family-package-1233971
[2026-10-02T12:30:59Z] #670 attempt=1/2 status=200 0.362s url=https://www.myfonts.com/collections/chassis-font-device/
[2026-10-02T12:31:00Z] #671 attempt=1/2 status=200 0.521s url=https://www.myfonts.com/products/hanz-complete-family-package-1232625
[2026-10-02T12:31:01Z] #672 attempt=1/2 status=200 0.679s url=https://www.myfonts.com/collections/hanz-font-santi-rey/
[2026-10-02T12:31:02Z] #673 attempt=1/2 status=200 0.458s url=https://www.myfonts.com/products/cottingley-complete-family-package-1233969
[2026-10-02T12:31:03Z] #674 attempt=1/2 status=200 0.391s url=https://www.myfonts.com/collections/cottingley-font-device/
[2026-10-02T12:31:03Z] #675 attempt=1/2 status=200 0.443s url=https://www.myfonts.com/products/gridon-complete-family-package-1233783
[2026-10-02T12:31:04Z] #676 attempt=1/2 status=200 0.448s url=https://www.myfonts.com/collections/gridon-font-jafar07/
[2026-10-02T12:31:05Z] #677 attempt=1/2 status=200 0.341s url=https://www.myfonts.com/products/freeman-complete-family-package-1233332
[2026-10-02T12:31:05Z] #678 attempt=1/2 status=200 0.382s url=https://www.myfonts.com/collections/freeman-font-device/
[2026-10-02T12:31:06Z] #679 attempt=1/2 status=200 0.513s url=https://www.myfonts.com/products/salgano-complete-family-package-1233057
[2026-10-02T12:31:07Z] #680 attempt=1/2 status=200 0.604s url=https://www.myfonts.com/collections/salgano-font-deorde-studio/
[2026-10-02T12:31:08Z] #681 attempt=1/2 status=200 0.490s url=https://www.myfonts.com/products/maxing-complete-family-package-1233717
[2026-10-02T12:31:09Z] #682 attempt=1/2 status=200 0.399s url=https://www.myfonts.com/collections/maxing-font-habitype/
[2026-10-02T12:31:09Z] #683 attempt=1/2 status=200 0.499s url=https://www.myfonts.com/products/aurore-grotesque-essentials-package-1233860
[2026-10-02T12:31:10Z] #684 attempt=1/2 status=200 0.674s url=https://www.myfonts.com/collections/aurore-grotesque-font-device/
[2026-10-02T12:31:11Z] #685 attempt=1/2 status=200 0.821s url=https://www.myfonts.com/products/extinguish-complete-family-package-1233613
[2026-10-02T12:31:13Z] #686 attempt=1/2 status=200 1.193s url=https://www.myfonts.com/collections/extinguish-font-gian-studio/
[2026-10-02T12:31:14Z] #687 attempt=1/2 status=200 0.649s url=https://www.myfonts.com/products/armstrong-complete-family-package-1233847
[2026-10-02T12:31:15Z] #688 attempt=1/2 status=200 0.491s url=https://www.myfonts.com/collections/armstrong-font-device/
[2026-10-02T12:31:16Z] #689 attempt=1/2 status=200 0.705s url=https://www.myfonts.com/products/guildhall-complete-family-package-1233132
[2026-10-02T12:31:17Z] #690 attempt=1/2 status=200 1.129s url=https://www.myfonts.com/collections/guildhall-font-device/
[2026-10-02T12:31:18Z] #691 attempt=1/2 status=200 0.473s url=https://www.myfonts.com/products/magiko-complete-family-package-1233700
[2026-10-02T12:31:19Z] #692 attempt=1/2 status=200 0.543s url=https://www.myfonts.com/collections/magiko-font-grezline-studio/
[2026-10-02T12:31:20Z] #693 attempt=1/2 status=200 0.337s url=https://www.myfonts.com/products/neutora-complete-family-package-1233117
[2026-10-02T12:31:20Z] #694 attempt=1/2 status=200 0.390s url=https://www.myfonts.com/collections/neutora-font-figuree-studio/
[2026-10-02T12:31:21Z] #695 attempt=1/2 status=200 0.367s url=https://www.myfonts.com/products/cs-brave-complete-family-package-1233043
[2026-10-02T12:31:22Z] #696 attempt=1/2 status=200 0.344s url=https://www.myfonts.com/collections/cs-brave-font-craft-supply-co/
[2026-10-02T12:31:22Z] #697 attempt=1/2 status=200 0.356s url=https://www.myfonts.com/products/bagatelle-complete-family-package-1233851
[2026-10-02T12:31:23Z] #698 attempt=1/2 status=200 0.421s url=https://www.myfonts.com/collections/bagatelle-font-device/
[2026-10-02T12:31:24Z] #699 attempt=1/2 status=200 0.282s url=https://www.myfonts.com/products/archela-complete-family-package-1233601
[2026-10-02T12:31:24Z] #700 attempt=1/2 status=200 0.323s url=https://www.myfonts.com/collections/archela-font-font-liner/
[2026-10-02T12:31:25Z] #701 attempt=1/2 status=200 0.301s url=https://www.myfonts.com/products/cs-calory-complete-family-package-1233047
[2026-10-02T12:31:25Z] #702 attempt=1/2 status=200 0.374s url=https://www.myfonts.com/collections/cs-calory-font-craft-supply-co/
[2026-10-02T12:31:26Z] #703 attempt=1/2 status=200 0.443s url=https://www.myfonts.com/products/brettaline-complete-family-package-1233590
[2026-10-02T12:31:27Z] #704 attempt=1/2 status=200 0.436s url=https://www.myfonts.com/collections/brettaline-font-flawlessandco/
[2026-10-02T12:31:27Z] #705 attempt=1/2 status=200 0.305s url=https://www.myfonts.com/products/welcote-welcome-complete-family-package-1234018
[2026-10-02T12:31:28Z] #706 attempt=1/2 status=200 0.343s url=https://www.myfonts.com/collections/welcote-welcome-font-mei-suseno/
[2026-10-02T12:31:29Z] #707 attempt=1/2 status=200 0.352s url=https://www.myfonts.com/products/heft-complete-family-package-1233376
[2026-10-02T12:31:29Z] #708 attempt=1/2 status=200 0.488s url=https://www.myfonts.com/collections/heft-font-device/
[2026-10-02T12:31:30Z] #709 attempt=1/2 status=200 0.480s url=https://www.myfonts.com/products/dazzle-unicase-complete-family-package-1233420
[2026-10-02T12:31:31Z] #710 attempt=1/2 status=200 0.431s url=https://www.myfonts.com/collections/dazzle-unicase-font-device/
[2026-10-02T12:31:32Z] #711 attempt=1/2 status=200 0.459s url=https://www.myfonts.com/products/jhc-mauriac-complete-family-package-1233798
[2026-10-02T12:31:32Z] #712 attempt=1/2 status=200 0.607s url=https://www.myfonts.com/collections/jhc-mauriac-font-jehoo-creative/
[2026-10-02T12:31:33Z] #713 attempt=1/2 status=200 0.334s url=https://www.myfonts.com/products/overlap-complete-family-package-1233054
[2026-10-02T12:31:34Z] #714 attempt=1/2 status=200 0.380s url=https://www.myfonts.com/collections/overlap-font-dareco-studio/
[2026-10-02T12:31:35Z] #715 attempt=1/2 status=200 0.585s url=https://www.myfonts.com/products/korolev-rough-complete-family-package-1233515
[2026-10-02T12:31:36Z] #716 attempt=1/2 status=200 0.764s url=https://www.myfonts.com/collections/korolev-rough-font-device/
[2026-10-02T12:31:37Z] #717 attempt=1/2 status=200 1.244s url=https://www.myfonts.com/products/ckr-slab-soft-complete-family-package-1232716
[2026-10-02T12:31:40Z] #718 attempt=1/2 status=200 2.696s url=https://www.myfonts.com/collections/ckr-slab-soft-font-ckr-type-foundry/
[2026-10-02T12:31:42Z] #719 attempt=1/6 status=200 0.839s url=https://www.myfonts.com/products.json?limit=100&page=20
[2026-10-02T12:31:43Z] #720 attempt=1/2 status=200 0.345s url=https://www.myfonts.com/products/regular-shuffle-breaks-1233759
[2026-10-02T12:31:43Z] #721 attempt=1/2 status=200 0.282s url=https://www.myfonts.com/collections/shuffle-breaks-font-inviline/
[2026-10-02T12:31:44Z] #722 attempt=1/2 status=200 0.294s url=https://www.myfonts.com/products/regular-absinthe-1233849
[2026-10-02T12:31:45Z] #723 attempt=1/2 status=200 0.354s url=https://www.myfonts.com/collections/absinthe-font-device/
[2026-10-02T12:31:45Z] #724 attempt=1/2 status=200 0.310s url=https://www.myfonts.com/products/regular-great-highway-1233287
[2026-10-02T12:31:46Z] #725 attempt=1/2 status=200 0.399s url=https://www.myfonts.com/collections/great-highway-font-fikryal/
[2026-10-02T12:31:47Z] #726 attempt=1/2 status=200 0.365s url=https://www.myfonts.com/products/regular-it-snikel-1233754
[2026-10-02T12:31:47Z] #727 attempt=1/2 status=200 0.337s url=https://www.myfonts.com/collections/it-snikel-font-creatifont-studio/
[2026-10-02T12:31:49Z] #728 attempt=1/6 status=200 0.813s url=https://www.myfonts.com/products.json?limit=100&page=21
[2026-10-02T12:31:49Z] #729 attempt=1/2 status=200 0.319s url=https://www.myfonts.com/products/battery-park-battery-park-1233886
[2026-10-02T12:31:50Z] #730 attempt=1/2 status=200 0.336s url=https://www.myfonts.com/collections/battery-park-font-device/
[2026-10-02T12:31:51Z] #731 attempt=1/6 status=200 0.948s url=https://www.myfonts.com/products.json?limit=100&page=22
[2026-10-02T12:31:52Z] #732 attempt=1/2 status=200 0.348s url=https://www.myfonts.com/products/regular-bhavindra-1233600
[2026-10-02T12:31:52Z] #733 attempt=1/2 status=200 0.313s url=https://www.myfonts.com/collections/bhavindra-font-flawlessandco/
[2026-10-02T12:31:53Z] #734 attempt=1/2 status=200 0.306s url=https://www.myfonts.com/products/regular-sawari-script-1233607
[2026-10-02T12:31:54Z] #735 attempt=1/2 status=200 0.361s url=https://www.myfonts.com/collections/sawari-script-font-four-lines-std/
[2026-10-02T12:31:55Z] #736 attempt=1/6 status=200 0.935s url=https://www.myfonts.com/products.json?limit=100&page=23
[2026-10-02T12:31:56Z] #737 attempt=1/2 status=200 0.287s url=https://www.myfonts.com/products/cyberdelic-cyberdelic-1233947
[2026-10-02T12:31:56Z] #738 attempt=1/2 status=200 0.310s url=https://www.myfonts.com/collections/cyberdelic-font-device/
[2026-10-02T12:31:57Z] #739 attempt=1/2 status=200 0.324s url=https://www.myfonts.com/products/regular-type-old-writer-1233760
[2026-10-02T12:31:57Z] #740 attempt=1/2 status=200 0.464s url=https://www.myfonts.com/collections/type-old-writer-font-its-me-simon/
[2026-10-02T12:31:58Z] #741 attempt=1/2 status=200 0.294s url=https://www.myfonts.com/products/regular-carmento-1233725
[2026-10-02T12:31:58Z] #742 attempt=1/2 status=200 0.311s url=https://www.myfonts.com/collections/carmento-font-ikiikotype/
[2026-10-02T12:31:59Z] #743 attempt=1/2 status=200 0.329s url=https://www.myfonts.com/products/regular-clay-allure-1233042
[2026-10-02T12:32:00Z] #744 attempt=1/2 status=200 0.292s url=https://www.myfonts.com/collections/clay-allure-font-claymoon-lab-studio/
[2026-10-02T12:32:01Z] #745 attempt=1/6 status=200 0.938s url=https://www.myfonts.com/products.json?limit=100&page=24
[2026-10-02T12:32:03Z] #746 attempt=1/6 status=200 0.865s url=https://www.myfonts.com/products.json?limit=100&page=25
[2026-10-02T12:32:03Z] #747 attempt=1/2 status=200 0.320s url=https://www.myfonts.com/products/regular-degradation-1233503
[2026-10-02T12:32:04Z] #748 attempt=1/2 status=200 0.333s url=https://www.myfonts.com/collections/degradation-font-device/
[2026-10-02T12:32:04Z] summary releases=193 first_429=None log_file=state/myfonts_run_20261002_122108.log
[2026-10-02T12:32:04Z] saved_success_profile path=state/myfonts_success_profile.json
[2026-10-02T12:32:04Z] === MyFonts crawl end ===
