[2026-08-25T06:59:34Z] checkpoint fresh next_page=1 path=state/myfonts_crawl_checkpoint.json
[2026-08-25T06:59:34Z] === MyFonts crawl start source=myfonts ===
[2026-08-25T06:59:34Z] config max_pages=25 page_size=100 start_date=2026-08-24 end_date=2026-08-25 api_delay=0.5s detail_delay=0.2s max_debut_checks=400 max_tech_specs_checks=200 reuse_success_profile=False always_enrich_packages=True language_script_signal_mode=strong force_fresh_run=False start_page=1 browser_mode=False browser_headless=True browser_storage_state_path=state/myfonts_storage_state.json
[2026-08-25T06:59:36Z] #1 attempt=1/6 status=200 1.298s url=https://www.myfonts.com/products.json?limit=100&page=1
[2026-08-25T06:59:37Z] #2 attempt=1/2 status=200 0.469s url=https://www.myfonts.com/products/regular-brond-1209350
[2026-08-25T06:59:37Z] #3 attempt=1/2 status=200 0.493s url=https://www.myfonts.com/collections/brond-font-rasio-studio/
[2026-08-25T06:59:38Z] #4 attempt=1/2 status=200 0.203s url=https://www.myfonts.com/collections/brond-font-rasio-studio/?tab=techSpecs
[2026-08-25T06:59:39Z] #5 attempt=1/2 status=200 0.526s url=https://www.myfonts.com/products/regular-drakhon-brush-1209343
[2026-08-25T06:59:40Z] #6 attempt=1/2 status=200 0.371s url=https://www.myfonts.com/collections/drakhon-brush-font-pointlab/
[2026-08-25T06:59:40Z] #7 attempt=1/2 status=200 0.191s url=https://www.myfonts.com/collections/drakhon-brush-font-pointlab/?tab=techSpecs
[2026-08-25T06:59:42Z] #8 attempt=1/2 status=200 1.197s url=https://www.myfonts.com/products/the-vintage-font-collection-package-933106
[2026-08-25T06:59:42Z] #9 attempt=1/2 status=404 0.343s url=https://www.myfonts.com/collections/the-vintage-font-collection-font-anas-fonts
[2026-08-25T06:59:44Z] #10 attempt=1/2 status=200 1.241s url=https://www.myfonts.com/products/the-script-and-serif-font-bundle-package-933151
[2026-08-25T06:59:44Z] #11 attempt=1/2 status=404 0.283s url=https://www.myfonts.com/collections/the-script-and-serif-font-bundle-font-anas-fonts
[2026-08-25T06:59:45Z] #12 attempt=1/2 status=200 0.394s url=https://www.myfonts.com/products/the-simplie-complete-family-package-1209274
[2026-08-25T06:59:46Z] #13 attempt=1/2 status=200 0.493s url=https://www.myfonts.com/collections/the-simplie-font-abbasy-studio/
[2026-08-25T06:59:46Z] #14 attempt=1/2 status=200 0.195s url=https://www.myfonts.com/collections/the-simplie-font-abbasy-studio/?tab=techSpecs
[2026-08-25T06:59:47Z] #15 attempt=1/2 status=200 0.443s url=https://www.myfonts.com/products/arimels-complete-family-package-1209283
[2026-08-25T06:59:48Z] #16 attempt=1/2 status=200 0.485s url=https://www.myfonts.com/collections/arimels-font-artisan-themes/
[2026-08-25T06:59:48Z] #17 attempt=1/2 status=200 0.216s url=https://www.myfonts.com/collections/arimels-font-artisan-themes/?tab=techSpecs
[2026-08-25T06:59:50Z] #18 attempt=1/2 status=200 0.498s url=https://www.myfonts.com/products/gumbolt-complete-family-package-1209277
[2026-08-25T06:59:51Z] #19 attempt=1/2 status=200 0.451s url=https://www.myfonts.com/collections/gumbolt-font-arterfak-project/
[2026-08-25T06:59:51Z] #20 attempt=1/2 status=200 0.237s url=https://www.myfonts.com/collections/gumbolt-font-arterfak-project/?tab=techSpecs
[2026-08-25T06:59:52Z] #21 attempt=1/2 status=200 0.430s url=https://www.myfonts.com/products/fluctus-complete-family-package-1208965
[2026-08-25T06:59:53Z] #22 attempt=1/2 status=200 0.438s url=https://www.myfonts.com/collections/fluctus-font-kaisertype/
[2026-08-25T06:59:53Z] #23 attempt=1/2 status=200 0.260s url=https://www.myfonts.com/collections/fluctus-font-kaisertype/?tab=techSpecs
[2026-08-25T06:59:55Z] #24 attempt=1/2 status=200 0.377s url=https://www.myfonts.com/products/balveros-vecia-script-complete-family-package-1208351
[2026-08-25T06:59:55Z] #25 attempt=1/2 status=200 0.367s url=https://www.myfonts.com/collections/balveros-vecia-script-font-maulana-creative/
[2026-08-25T06:59:56Z] #26 attempt=1/2 status=200 0.201s url=https://www.myfonts.com/collections/balveros-vecia-script-font-maulana-creative/?tab=techSpecs
[2026-08-25T06:59:57Z] #27 attempt=1/2 status=200 0.726s url=https://www.myfonts.com/products/lush-refinement-complete-family-package-1208264
[2026-08-25T06:59:58Z] #28 attempt=1/2 status=200 0.524s url=https://www.myfonts.com/collections/lush-refinement-font-vermilione/
[2026-08-25T06:59:59Z] #29 attempt=1/2 status=200 0.207s url=https://www.myfonts.com/collections/lush-refinement-font-vermilione/?tab=techSpecs
[2026-08-25T07:00:00Z] #30 attempt=1/2 status=200 0.871s url=https://www.myfonts.com/products/mondeya-complete-family-package-1208292
[2026-08-25T07:00:01Z] #31 attempt=1/2 status=200 0.922s url=https://www.myfonts.com/collections/mondeya-font-bungletter/
[2026-08-25T07:00:02Z] #32 attempt=1/2 status=200 0.265s url=https://www.myfonts.com/collections/mondeya-font-bungletter/?tab=techSpecs
[2026-08-25T07:00:04Z] #33 attempt=1/2 status=200 1.164s url=https://www.myfonts.com/products/bargalis-complete-family-package-1208025
[2026-08-25T07:00:06Z] #34 attempt=1/2 status=200 1.404s url=https://www.myfonts.com/collections/bargalis-font-ulfa-foundry/
[2026-08-25T07:00:06Z] #35 attempt=1/2 status=200 0.318s url=https://www.myfonts.com/collections/bargalis-font-ulfa-foundry/?tab=techSpecs
[2026-08-25T07:00:08Z] #36 attempt=1/2 status=200 0.392s url=https://www.myfonts.com/products/zenosix-complete-family-package-1208962
[2026-08-25T07:00:08Z] #37 attempt=1/2 status=200 0.484s url=https://www.myfonts.com/collections/zenosix-font-metypeverse/
[2026-08-25T07:00:09Z] #38 attempt=1/2 status=200 0.196s url=https://www.myfonts.com/collections/zenosix-font-metypeverse/?tab=techSpecs
[2026-08-25T07:00:10Z] #39 attempt=1/2 status=200 0.697s url=https://www.myfonts.com/products/gasby-binega-complete-family-package-1207426
[2026-08-25T07:00:11Z] #40 attempt=1/2 status=200 0.777s url=https://www.myfonts.com/collections/gasby-binega-font-gatype/
[2026-08-25T07:00:12Z] #41 attempt=1/2 status=200 0.243s url=https://www.myfonts.com/collections/gasby-binega-font-gatype/?tab=techSpecs
[2026-08-25T07:00:15Z] #42 attempt=1/2 status=200 2.443s url=https://www.myfonts.com/products/kulutu-alt-complete-family-package-1207131
[2026-08-25T07:00:19Z] #43 attempt=1/2 status=200 3.194s url=https://www.myfonts.com/collections/kulutu-alt-font-aukimvisuel/
[2026-08-25T07:00:20Z] #44 attempt=1/2 status=200 0.412s url=https://www.myfonts.com/collections/kulutu-alt-font-aukimvisuel/?tab=techSpecs
[2026-08-25T07:00:21Z] #45 attempt=1/2 status=200 0.381s url=https://www.myfonts.com/products/keep-it-real-complete-family-package-1207937
[2026-08-25T07:00:22Z] #46 attempt=1/2 status=200 0.459s url=https://www.myfonts.com/collections/keep-it-real-font-pizzadude-dk/
[2026-08-25T07:00:22Z] #47 attempt=1/2 status=200 0.225s url=https://www.myfonts.com/collections/keep-it-real-font-pizzadude-dk/?tab=techSpecs
[2026-08-25T07:00:24Z] #48 attempt=1/2 status=200 0.384s url=https://www.myfonts.com/products/nabellin-complete-family-package-1208977
[2026-08-25T07:00:24Z] #49 attempt=1/2 status=200 0.416s url=https://www.myfonts.com/collections/nabellin-font-nollev/
[2026-08-25T07:00:25Z] #50 attempt=1/2 status=200 0.211s url=https://www.myfonts.com/collections/nabellin-font-nollev/?tab=techSpecs
[2026-08-25T07:00:26Z] #51 attempt=1/2 status=200 0.533s url=https://www.myfonts.com/products/autentica-classic-complete-family-package-1209259
[2026-08-25T07:00:27Z] #52 attempt=1/2 status=200 0.538s url=https://www.myfonts.com/collections/autentica-classic-font-sofiamohr/
[2026-08-25T07:00:27Z] #53 attempt=1/2 status=200 0.340s url=https://www.myfonts.com/collections/autentica-classic-font-sofiamohr/?tab=techSpecs
[2026-08-25T07:00:29Z] #54 attempt=1/2 status=200 0.371s url=https://www.myfonts.com/products/panther-brush-complete-family-package-1173799
[2026-08-25T07:00:29Z] #55 attempt=1/2 status=200 0.459s url=https://www.myfonts.com/collections/panther-brush-font-sign-studio/
[2026-08-25T07:00:30Z] #56 attempt=1/2 status=200 0.201s url=https://www.myfonts.com/collections/panther-brush-font-sign-studio/?tab=techSpecs
[2026-08-25T07:00:33Z] #57 attempt=1/2 status=200 2.683s url=https://www.myfonts.com/products/besinar-complete-family-package-1208350
[2026-08-25T07:00:35Z] #58 attempt=1/2 status=200 2.025s url=https://www.myfonts.com/collections/besinar-font-ajibatype/
[2026-08-25T07:00:36Z] #59 attempt=1/2 status=200 0.391s url=https://www.myfonts.com/collections/besinar-font-ajibatype/?tab=techSpecs
[2026-08-25T07:00:38Z] #60 attempt=1/2 status=200 0.538s url=https://www.myfonts.com/products/armonia-sans-complete-family-package-1208270
[2026-08-25T07:00:39Z] #61 attempt=1/2 status=200 0.561s url=https://www.myfonts.com/collections/armonia-sans-font-vp-creative-shop/
[2026-08-25T07:00:40Z] #62 attempt=1/2 status=200 0.231s url=https://www.myfonts.com/collections/armonia-sans-font-vp-creative-shop/?tab=techSpecs
[2026-08-25T07:00:41Z] #63 attempt=1/2 status=200 0.747s url=https://www.myfonts.com/products/mounsfield-complete-family-package-1208995
[2026-08-25T07:00:42Z] #64 attempt=1/2 status=200 0.595s url=https://www.myfonts.com/collections/mounsfield-font-unitype-studio/
[2026-08-25T07:00:43Z] #65 attempt=1/2 status=200 0.214s url=https://www.myfonts.com/collections/mounsfield-font-unitype-studio/?tab=techSpecs
[2026-08-25T07:00:44Z] #66 attempt=1/2 status=200 0.940s url=https://www.myfonts.com/products/iqarus-complete-family-package-1209123
[2026-08-25T07:00:46Z] #67 attempt=1/2 status=200 1.167s url=https://www.myfonts.com/collections/iqarus-font-alpercakici/
[2026-08-25T07:00:46Z] #68 attempt=1/2 status=200 0.294s url=https://www.myfonts.com/collections/iqarus-font-alpercakici/?tab=techSpecs
[2026-08-25T07:00:48Z] #69 attempt=1/2 status=200 1.164s url=https://www.myfonts.com/products/giselax-complete-family-package-1208357
[2026-08-25T07:00:50Z] #70 attempt=1/2 status=200 1.231s url=https://www.myfonts.com/collections/giselax-font-donyadesign/
[2026-08-25T07:00:51Z] #71 attempt=1/2 status=200 0.339s url=https://www.myfonts.com/collections/giselax-font-donyadesign/?tab=techSpecs
[2026-08-25T07:00:53Z] #72 attempt=1/2 status=200 0.896s url=https://www.myfonts.com/products/segikan-complete-family-package-1209184
[2026-08-25T07:00:54Z] #73 attempt=1/2 status=200 1.152s url=https://www.myfonts.com/collections/segikan-font-areatype/
[2026-08-25T07:00:55Z] #74 attempt=1/2 status=200 0.260s url=https://www.myfonts.com/collections/segikan-font-areatype/?tab=techSpecs
[2026-08-25T07:00:56Z] #75 attempt=1/2 status=200 0.486s url=https://www.myfonts.com/products/reotta-complete-family-package-1208973
[2026-08-25T07:00:57Z] #76 attempt=1/2 status=200 0.489s url=https://www.myfonts.com/collections/reotta-font-mbonster/
[2026-08-25T07:00:57Z] #77 attempt=1/2 status=200 0.202s url=https://www.myfonts.com/collections/reotta-font-mbonster/?tab=techSpecs
[2026-08-25T07:00:59Z] #78 attempt=1/2 status=200 0.531s url=https://www.myfonts.com/products/ft-baile-complete-family-package-1208984
[2026-08-25T07:00:59Z] #79 attempt=1/2 status=200 0.455s url=https://www.myfonts.com/collections/ft-baile-font-fateh-lab/
[2026-08-25T07:01:00Z] #80 attempt=1/2 status=200 0.222s url=https://www.myfonts.com/collections/ft-baile-font-fateh-lab/?tab=techSpecs
[2026-08-25T07:01:01Z] #81 attempt=1/2 status=200 0.356s url=https://www.myfonts.com/products/labeled-complete-family-package-1208340
[2026-08-25T07:01:01Z] #82 attempt=1/2 status=200 0.354s url=https://www.myfonts.com/collections/labeled-font-tension-type/
[2026-08-25T07:01:02Z] #83 attempt=1/2 status=200 0.265s url=https://www.myfonts.com/collections/labeled-font-tension-type/?tab=techSpecs
[2026-08-25T07:01:03Z] #84 attempt=1/2 status=200 0.369s url=https://www.myfonts.com/products/perfect-sprouts-complete-family-package-1208345
[2026-08-25T07:01:04Z] #85 attempt=1/2 status=200 0.412s url=https://www.myfonts.com/collections/perfect-sprouts-font-type-peace/
[2026-08-25T07:01:04Z] #86 attempt=1/2 status=200 0.220s url=https://www.myfonts.com/collections/perfect-sprouts-font-type-peace/?tab=techSpecs
[2026-08-25T07:01:05Z] #87 attempt=1/2 status=200 0.331s url=https://www.myfonts.com/products/sacred-grove-complete-family-package-1208289
[2026-08-25T07:01:06Z] #88 attempt=1/2 status=200 0.368s url=https://www.myfonts.com/collections/sacred-grove-font-ragamkata/
[2026-08-25T07:01:07Z] #89 attempt=1/2 status=200 0.298s url=https://www.myfonts.com/collections/sacred-grove-font-ragamkata/?tab=techSpecs
[2026-08-25T07:01:08Z] #90 attempt=1/2 status=200 0.340s url=https://www.myfonts.com/products/chimela-complete-family-package-1208970
[2026-08-25T07:01:08Z] #91 attempt=1/2 status=200 0.368s url=https://www.myfonts.com/collections/chimela-font-font-liner/
[2026-08-25T07:01:09Z] #92 attempt=1/2 status=200 0.196s url=https://www.myfonts.com/collections/chimela-font-font-liner/?tab=techSpecs
[2026-08-25T07:01:11Z] #93 attempt=1/2 status=200 1.198s url=https://www.myfonts.com/products/solsano-complete-family-package-1209014
[2026-08-25T07:01:13Z] #94 attempt=1/2 status=200 1.692s url=https://www.myfonts.com/collections/solsano-font-rcky-studio/
[2026-08-25T07:01:13Z] #95 attempt=1/2 status=200 0.361s url=https://www.myfonts.com/collections/solsano-font-rcky-studio/?tab=techSpecs
[2026-08-25T07:01:16Z] #96 attempt=1/6 status=200 0.917s url=https://www.myfonts.com/products.json?limit=100&page=2
[2026-08-25T07:01:16Z] #97 attempt=1/2 status=200 0.332s url=https://www.myfonts.com/products/regular-maldiko-1208860
[2026-08-25T07:01:17Z] #98 attempt=1/2 status=200 0.363s url=https://www.myfonts.com/collections/maldiko-font-arif-novianto/
[2026-08-25T07:01:17Z] #99 attempt=1/2 status=200 0.184s url=https://www.myfonts.com/collections/maldiko-font-arif-novianto/?tab=techSpecs
[2026-08-25T07:01:19Z] #100 attempt=1/6 status=200 0.886s url=https://www.myfonts.com/products.json?limit=100&page=3
[2026-08-25T07:01:20Z] #101 attempt=1/6 status=200 1.070s url=https://www.myfonts.com/products.json?limit=100&page=4
[2026-08-25T07:01:22Z] #102 attempt=1/6 status=200 1.032s url=https://www.myfonts.com/products.json?limit=100&page=5
[2026-08-25T07:01:23Z] #103 attempt=1/2 status=200 0.340s url=https://www.myfonts.com/products/regular-cartela-1208961
[2026-08-25T07:01:23Z] #104 attempt=1/2 status=200 0.323s url=https://www.myfonts.com/collections/cartela-font-artolabs/
[2026-08-25T07:01:24Z] #105 attempt=1/2 status=200 0.198s url=https://www.myfonts.com/collections/cartela-font-artolabs/?tab=techSpecs
[2026-08-25T07:01:26Z] #106 attempt=1/6 status=200 1.229s url=https://www.myfonts.com/products.json?limit=100&page=6
[2026-08-25T07:01:27Z] #107 attempt=1/6 status=200 0.892s url=https://www.myfonts.com/products.json?limit=100&page=7
[2026-08-25T07:01:28Z] #108 attempt=1/6 status=200 0.948s url=https://www.myfonts.com/products.json?limit=100&page=8
[2026-08-25T07:01:30Z] #109 attempt=1/6 status=200 0.913s url=https://www.myfonts.com/products.json?limit=100&page=9
[2026-08-25T07:01:32Z] #110 attempt=1/6 status=200 1.077s url=https://www.myfonts.com/products.json?limit=100&page=10
[2026-08-25T07:01:32Z] #111 attempt=1/2 status=200 0.359s url=https://www.myfonts.com/products/regular-halvorix-1208976
[2026-08-25T07:01:33Z] #112 attempt=1/2 status=200 0.430s url=https://www.myfonts.com/collections/halvorix-font-letterhanna-studio/
[2026-08-25T07:01:33Z] #113 attempt=1/2 status=200 0.212s url=https://www.myfonts.com/collections/halvorix-font-letterhanna-studio/?tab=techSpecs
[2026-08-25T07:01:34Z] #114 attempt=1/2 status=200 0.345s url=https://www.myfonts.com/products/lee-van-cleef-complete-family-package-1208623
[2026-08-25T07:01:35Z] #115 attempt=1/2 status=200 0.363s url=https://www.myfonts.com/collections/lee-van-cleef-font-woodcutter/
[2026-08-25T07:01:35Z] #116 attempt=1/2 status=200 0.206s url=https://www.myfonts.com/collections/lee-van-cleef-font-woodcutter/?tab=techSpecs
[2026-08-25T07:01:37Z] #117 attempt=1/6 status=200 0.894s url=https://www.myfonts.com/products.json?limit=100&page=11
[2026-08-25T07:01:38Z] #118 attempt=1/2 status=200 0.344s url=https://www.myfonts.com/products/regular-morzeth-1208725
[2026-08-25T07:01:38Z] #119 attempt=1/2 status=200 0.351s url=https://www.myfonts.com/collections/morzeth-font-arif-novianto/
[2026-08-25T07:01:39Z] #120 attempt=1/2 status=200 0.195s url=https://www.myfonts.com/collections/morzeth-font-arif-novianto/?tab=techSpecs
[2026-08-25T07:01:41Z] #121 attempt=1/6 status=200 1.071s url=https://www.myfonts.com/products.json?limit=100&page=12
[2026-08-25T07:01:41Z] #122 attempt=1/2 status=200 0.531s url=https://www.myfonts.com/products/estima-pro-complete-family-package-1209106
[2026-08-25T07:01:42Z] #123 attempt=1/2 status=200 0.600s url=https://www.myfonts.com/collections/estima-pro-font-igor-gli-ski/
[2026-08-25T07:01:43Z] #124 attempt=1/2 status=200 0.216s url=https://www.myfonts.com/collections/estima-pro-font-igor-gli-ski/?tab=techSpecs
[2026-08-25T07:01:44Z] #125 attempt=1/2 status=200 0.448s url=https://www.myfonts.com/products/medium-zt-aveline-chapter-1207118
[2026-08-25T07:01:45Z] #126 attempt=1/2 status=200 0.419s url=https://www.myfonts.com/collections/zt-aveline-chapter-font-zafira-type/
[2026-08-25T07:01:45Z] #127 attempt=1/2 status=200 0.233s url=https://www.myfonts.com/collections/zt-aveline-chapter-font-zafira-type/?tab=techSpecs
[2026-08-25T07:01:47Z] #128 attempt=1/6 status=200 1.082s url=https://www.myfonts.com/products.json?limit=100&page=13
[2026-08-25T07:01:48Z] #129 attempt=1/2 status=200 0.334s url=https://www.myfonts.com/products/deelora-regular-de-elora-1207124
[2026-08-25T07:01:49Z] #130 attempt=1/2 status=200 0.464s url=https://www.myfonts.com/collections/de-elora-font-storictype/
[2026-08-25T07:01:49Z] #131 attempt=1/2 status=200 0.248s url=https://www.myfonts.com/collections/de-elora-font-storictype/?tab=techSpecs
[2026-08-25T07:01:51Z] #132 attempt=1/6 status=200 1.025s url=https://www.myfonts.com/products.json?limit=100&page=14
[2026-08-25T07:01:53Z] #133 attempt=1/6 status=200 1.015s url=https://www.myfonts.com/products.json?limit=100&page=15
[2026-08-25T07:01:54Z] #134 attempt=1/2 status=200 0.569s url=https://www.myfonts.com/products/extended-pack-package-1207111
[2026-08-25T07:01:54Z] #135 attempt=1/2 status=200 0.488s url=https://www.myfonts.com/collections/jaso-sans-pro-font-studio-jaso/
[2026-08-25T07:01:55Z] #136 attempt=1/2 status=200 0.234s url=https://www.myfonts.com/collections/jaso-sans-pro-font-studio-jaso/?tab=techSpecs
[2026-08-25T07:01:56Z] #137 attempt=1/2 status=200 0.487s url=https://www.myfonts.com/products/mocha-complete-family-package-1207080
[2026-08-25T07:01:56Z] #138 attempt=1/2 status=429 0.027s url=https://www.myfonts.com/collections/mocha-font-set-sail-studios/
[2026-08-25T07:01:56Z] first_429 req=138 url=https://www.myfonts.com/collections/mocha-font-set-sail-studios/
[2026-08-25T07:01:59Z] #139 attempt=2/2 status=200 0.659s url=https://www.myfonts.com/collections/mocha-font-set-sail-studios/
[2026-08-25T07:02:00Z] #140 attempt=1/2 status=200 0.401s url=https://www.myfonts.com/products/regular-ac-1928-1207099
[2026-08-25T07:02:01Z] #141 attempt=1/2 status=200 0.530s url=https://www.myfonts.com/collections/ac-1928-font-antoine-crama/
[2026-08-25T07:02:02Z] #142 attempt=1/2 status=200 0.904s url=https://www.myfonts.com/products/retro-bundle-iii-package-987509
[2026-08-25T07:02:02Z] #143 attempt=1/2 status=404 0.347s url=https://www.myfonts.com/collections/retro-bundle-iii-font-taboja-studio
[2026-08-25T07:02:03Z] #144 attempt=1/2 status=200 0.546s url=https://www.myfonts.com/products/modern-branding-font-bundle-iii-package-987510
[2026-08-25T07:02:03Z] #145 attempt=1/2 status=429 0.032s url=https://www.myfonts.com/collections/modern-branding-font-bundle-iii-font-taboja-studio
[2026-08-25T07:02:06Z] #146 attempt=2/2 status=404 0.534s url=https://www.myfonts.com/collections/modern-branding-font-bundle-iii-font-taboja-studio
[2026-08-25T07:02:07Z] #147 attempt=1/2 status=200 0.595s url=https://www.myfonts.com/products/hopeless-heart-complete-family-package-1207096
[2026-08-25T07:02:08Z] #148 attempt=1/2 status=200 0.498s url=https://www.myfonts.com/collections/hopeless-heart-font-pizzadude-dk/
[2026-08-25T07:02:09Z] #149 attempt=1/2 status=200 0.634s url=https://www.myfonts.com/products/snowbro-complete-family-package-1207083
[2026-08-25T07:02:09Z] #150 attempt=1/2 status=200 0.568s url=https://www.myfonts.com/collections/snowbro-font-alpercakici/
[2026-08-25T07:02:10Z] #151 attempt=1/2 status=200 0.714s url=https://www.myfonts.com/products/cheroly-complete-family-package-1206338
[2026-08-25T07:02:11Z] #152 attempt=1/2 status=200 0.802s url=https://www.myfonts.com/collections/cheroly-font-marvadesign/
[2026-08-25T07:02:12Z] #153 attempt=1/2 status=200 0.417s url=https://www.myfonts.com/products/gondhe-complete-family-package-1206213
[2026-08-25T07:02:13Z] #154 attempt=1/2 status=200 0.486s url=https://www.myfonts.com/collections/gondhe-font-burntilldead/
[2026-08-25T07:02:13Z] #155 attempt=1/2 status=200 0.450s url=https://www.myfonts.com/products/la-paneru-complete-family-package-1206334
[2026-08-25T07:02:14Z] #156 attempt=1/2 status=200 0.429s url=https://www.myfonts.com/collections/la-paneru-font-hishand-studio/
[2026-08-25T07:02:14Z] #157 attempt=1/2 status=429 0.037s url=https://www.myfonts.com/products/soft-package-1207070
[2026-08-25T07:02:18Z] #158 attempt=2/2 status=200 1.390s url=https://www.myfonts.com/products/soft-package-1207070
[2026-08-25T07:02:22Z] #159 attempt=1/2 status=200 3.697s url=https://www.myfonts.com/collections/fullgraf-font-akbartype/
[2026-08-25T07:02:25Z] #160 attempt=1/2 status=200 2.057s url=https://www.myfonts.com/products/novestia-complete-family-package-1206673
[2026-08-25T07:02:27Z] #161 attempt=1/2 status=200 2.229s url=https://www.myfonts.com/collections/novestia-font-nia-typework/
[2026-08-25T07:02:29Z] #162 attempt=1/2 status=200 0.523s url=https://www.myfonts.com/products/rovair-lekosty-complete-family-package-1206481
[2026-08-25T07:02:29Z] #163 attempt=1/2 status=200 0.561s url=https://www.myfonts.com/collections/rovair-lekosty-font-jafar07/
[2026-08-25T07:02:31Z] #164 attempt=1/2 status=200 0.790s url=https://www.myfonts.com/products/masko-complete-family-package-1206179
[2026-08-25T07:02:32Z] #165 attempt=1/2 status=200 0.837s url=https://www.myfonts.com/collections/masko-font-areatype/
[2026-08-25T07:02:33Z] #166 attempt=1/2 status=200 1.307s url=https://www.myfonts.com/products/package-4-package-1206480
[2026-08-25T07:02:35Z] #167 attempt=1/2 status=200 1.569s url=https://www.myfonts.com/collections/arkari-font-thirtype/
[2026-08-25T07:02:36Z] #168 attempt=1/2 status=200 0.353s url=https://www.myfonts.com/products/es-degan-complete-family-package-1206670
[2026-08-25T07:02:36Z] #169 attempt=1/2 status=200 0.425s url=https://www.myfonts.com/collections/es-degan-font-kalam/
[2026-08-25T07:02:37Z] #170 attempt=1/2 status=200 0.412s url=https://www.myfonts.com/products/housend-complete-family-package-1206327
[2026-08-25T07:02:38Z] #171 attempt=1/2 status=200 0.383s url=https://www.myfonts.com/collections/housend-font-the-native-saint-club/
[2026-08-25T07:02:38Z] #172 attempt=1/2 status=200 0.422s url=https://www.myfonts.com/products/paping-swend-complete-family-package-1206176
[2026-08-25T07:02:39Z] #173 attempt=1/2 status=200 0.451s url=https://www.myfonts.com/collections/paping-swend-font-black-junst/
[2026-08-25T07:02:40Z] #174 attempt=1/2 status=200 0.615s url=https://www.myfonts.com/products/brecksville-complete-family-package-1207067
[2026-08-25T07:02:41Z] #175 attempt=1/2 status=200 0.515s url=https://www.myfonts.com/collections/brecksville-font-oz-design/
[2026-08-25T07:02:41Z] #176 attempt=1/2 status=200 0.384s url=https://www.myfonts.com/products/lahgelsio-script-complete-family-package-1206667
[2026-08-25T07:02:42Z] #177 attempt=1/2 status=200 0.381s url=https://www.myfonts.com/collections/lahgelsio-script-font-maulana-creative/
[2026-08-25T07:02:43Z] #178 attempt=1/2 status=200 0.418s url=https://www.myfonts.com/products/kaltyer-complete-family-package-1206173
[2026-08-25T07:02:43Z] #179 attempt=1/2 status=200 0.385s url=https://www.myfonts.com/collections/kaltyer-font-artiveko/
[2026-08-25T07:02:44Z] #180 attempt=1/2 status=200 0.347s url=https://www.myfonts.com/products/radical-slice-complete-family-package-1207062
[2026-08-25T07:02:44Z] #181 attempt=1/2 status=200 0.474s url=https://www.myfonts.com/collections/radical-slice-font-letterena-studios/
[2026-08-25T07:02:46Z] #182 attempt=1/6 status=200 0.906s url=https://www.myfonts.com/products.json?limit=100&page=16
[2026-08-25T07:02:47Z] #183 attempt=1/2 status=200 0.893s url=https://www.myfonts.com/products/rods-complete-family-package-1206592
[2026-08-25T07:02:48Z] #184 attempt=1/2 status=200 1.123s url=https://www.myfonts.com/collections/rods-font-eko-bimantara/
[2026-08-25T07:02:49Z] #185 attempt=1/2 status=200 0.381s url=https://www.myfonts.com/products/wonder-summer-complete-family-package-1206170
[2026-08-25T07:02:50Z] #186 attempt=1/2 status=200 0.380s url=https://www.myfonts.com/collections/wonder-summer-font-artiveko/
[2026-08-25T07:02:52Z] #187 attempt=1/2 status=200 2.096s url=https://www.myfonts.com/products/summer-moments-complete-family-package-1207059
[2026-08-25T07:02:53Z] #188 attempt=1/2 status=200 0.346s url=https://www.myfonts.com/collections/summer-moments-font-letterena-studios/
[2026-08-25T07:02:53Z] #189 attempt=1/2 status=200 0.495s url=https://www.myfonts.com/products/camiron-complete-family-package-1206571
[2026-08-25T07:02:54Z] #190 attempt=1/2 status=200 0.559s url=https://www.myfonts.com/collections/camiron-font-gatype/
[2026-08-25T07:02:55Z] #191 attempt=1/2 status=200 0.379s url=https://www.myfonts.com/products/cravellosa-complete-family-package-1206323
[2026-08-25T07:02:56Z] #192 attempt=1/2 status=200 0.435s url=https://www.myfonts.com/collections/cravellosa-font-typeclassheroes/
[2026-08-25T07:02:56Z] #193 attempt=1/2 status=200 0.365s url=https://www.myfonts.com/products/tolah-complete-family-package-1206167
[2026-08-25T07:02:57Z] #194 attempt=1/2 status=200 0.341s url=https://www.myfonts.com/collections/tolah-font-artiveko/
[2026-08-25T07:02:57Z] #195 attempt=1/2 status=200 0.386s url=https://www.myfonts.com/products/white-lily-complete-family-package-1207037
[2026-08-25T07:02:58Z] #196 attempt=1/2 status=200 0.473s url=https://www.myfonts.com/collections/white-lily-font-naturalink/
[2026-08-25T07:02:59Z] #197 attempt=1/2 status=200 0.397s url=https://www.myfonts.com/products/maoni-complete-family-package-1206567
[2026-08-25T07:02:59Z] #198 attempt=1/2 status=200 0.402s url=https://www.myfonts.com/collections/maoni-font-artisan-themes/
[2026-08-25T07:03:00Z] #199 attempt=1/2 status=200 0.561s url=https://www.myfonts.com/products/switella-complete-family-package-1206320
[2026-08-25T07:03:01Z] #200 attempt=1/2 status=200 0.458s url=https://www.myfonts.com/collections/switella-font-typeclassheroes/
[2026-08-25T07:03:02Z] #201 attempt=1/2 status=200 0.725s url=https://www.myfonts.com/products/earth-doomsday-complete-family-package-1206141
[2026-08-25T07:03:03Z] #202 attempt=1/2 status=200 1.066s url=https://www.myfonts.com/collections/earth-doomsday-font-layarbahtera/
[2026-08-25T07:03:09Z] #203 attempt=1/2 status=200 5.874s url=https://www.myfonts.com/products/bubble-pop-complete-family-package-1207031
[2026-08-25T07:03:10Z] #204 attempt=1/2 status=200 0.379s url=https://www.myfonts.com/collections/bubble-pop-font-sensatype-studio/
[2026-08-25T07:03:11Z] #205 attempt=1/2 status=200 0.412s url=https://www.myfonts.com/products/rankey-rox-complete-family-package-1206561
[2026-08-25T07:03:11Z] #206 attempt=1/2 status=200 0.547s url=https://www.myfonts.com/collections/rankey-rox-font-metypeverse/
[2026-08-25T07:03:12Z] #207 attempt=1/2 status=200 0.397s url=https://www.myfonts.com/products/glamour-authentic-complete-family-package-1206375
[2026-08-25T07:03:13Z] #208 attempt=1/2 status=200 0.358s url=https://www.myfonts.com/collections/glamour-authentic-font-sansakerta/
[2026-08-25T07:03:13Z] #209 attempt=1/2 status=200 0.374s url=https://www.myfonts.com/products/noviembre-college-complete-family-package-1206315
[2026-08-25T07:03:14Z] #210 attempt=1/2 status=200 0.392s url=https://www.myfonts.com/collections/noviembre-college-font-woodcutter/
[2026-08-25T07:03:15Z] #211 attempt=1/2 status=200 1.095s url=https://www.myfonts.com/products/moctra-complete-family-package-1207024
[2026-08-25T07:03:16Z] #212 attempt=1/2 status=200 0.387s url=https://www.myfonts.com/collections/moctra-font-shanaf/
[2026-08-25T07:03:17Z] #213 attempt=1/2 status=200 0.420s url=https://www.myfonts.com/products/bytron-complete-family-package-1206558
[2026-08-25T07:03:17Z] #214 attempt=1/2 status=200 0.371s url=https://www.myfonts.com/collections/bytron-font-metypeverse/
[2026-08-25T07:03:18Z] #215 attempt=1/2 status=200 0.382s url=https://www.myfonts.com/products/casella-complete-family-package-1206307
[2026-08-25T07:03:19Z] #216 attempt=1/2 status=200 0.464s url=https://www.myfonts.com/collections/casella-font-xdcreative/
[2026-08-25T07:03:19Z] #217 attempt=1/2 status=200 0.323s url=https://www.myfonts.com/products/mampir-lur-complete-family-package-1206372
[2026-08-25T07:03:20Z] #218 attempt=1/2 status=200 0.343s url=https://www.myfonts.com/collections/mampir-lur-font-kalam/
[2026-08-25T07:03:20Z] #219 attempt=1/2 status=200 0.328s url=https://www.myfonts.com/products/autograph-westhelin-complete-family-package-1206262
[2026-08-25T07:03:21Z] #220 attempt=1/2 status=200 0.394s url=https://www.myfonts.com/collections/autograph-westhelin-font-letterena-studios/
[2026-08-25T07:03:22Z] #221 attempt=1/2 status=200 0.608s url=https://www.myfonts.com/products/typeful-complete-family-package-1206985
[2026-08-25T07:03:23Z] #222 attempt=1/2 status=200 0.707s url=https://www.myfonts.com/collections/typeful-font-vp-creative-shop/
[2026-08-25T07:03:24Z] #223 attempt=1/2 status=200 0.552s url=https://www.myfonts.com/products/crumbly-package-1206140
[2026-08-25T07:03:25Z] #224 attempt=1/2 status=200 0.725s url=https://www.myfonts.com/collections/crumbly-twinkles-font-black-junst/
[2026-08-25T07:03:25Z] #225 attempt=1/2 status=200 0.344s url=https://www.myfonts.com/products/grozan-complete-family-package-1206369
[2026-08-25T07:03:25Z] #226 attempt=1/2 status=429 0.028s url=https://www.myfonts.com/collections/grozan-font-jafar07/
[2026-08-25T07:03:28Z] #227 attempt=2/2 status=200 0.480s url=https://www.myfonts.com/collections/grozan-font-jafar07/
[2026-08-25T07:03:29Z] #228 attempt=1/2 status=200 0.578s url=https://www.myfonts.com/products/rainvolt-complete-family-package-1206243
[2026-08-25T07:03:30Z] #229 attempt=1/2 status=200 0.558s url=https://www.myfonts.com/collections/rainvolt-font-jafar07/
[2026-08-25T07:03:30Z] #230 attempt=1/2 status=200 0.409s url=https://www.myfonts.com/products/moistage-complete-family-package-1206555
[2026-08-25T07:03:31Z] #231 attempt=1/2 status=200 0.521s url=https://www.myfonts.com/collections/moistage-font-tertoecreative/
[2026-08-25T07:03:32Z] #232 attempt=1/2 status=200 0.367s url=https://www.myfonts.com/products/ortigel-complete-family-package-1206240
[2026-08-25T07:03:32Z] #233 attempt=1/2 status=200 0.437s url=https://www.myfonts.com/collections/ortigel-font-jafar07/
[2026-08-25T07:03:33Z] #234 attempt=1/2 status=200 0.401s url=https://www.myfonts.com/products/kilti-complete-family-package-1206366
[2026-08-25T07:03:33Z] #235 attempt=1/2 status=429 0.042s url=https://www.myfonts.com/collections/kilti-font-agung-sudirman/
[2026-08-25T07:03:36Z] #236 attempt=2/2 status=200 0.461s url=https://www.myfonts.com/collections/kilti-font-agung-sudirman/
[2026-08-25T07:03:37Z] #237 attempt=1/2 status=200 0.395s url=https://www.myfonts.com/products/kateru-complete-family-package-1206550
[2026-08-25T07:03:37Z] #238 attempt=1/2 status=200 0.370s url=https://www.myfonts.com/collections/kateru-font-vermilione/
[2026-08-25T07:03:38Z] #239 attempt=1/2 status=200 0.397s url=https://www.myfonts.com/products/merv-comeow-complete-family-package-1206363
[2026-08-25T07:03:39Z] #240 attempt=1/2 status=200 0.475s url=https://www.myfonts.com/collections/merv-comeow-font-black-junst/
[2026-08-25T07:03:39Z] #241 attempt=1/2 status=200 0.340s url=https://www.myfonts.com/products/fisreps-jansoic-complete-family-package-1205332
[2026-08-25T07:03:39Z] #242 attempt=1/2 status=429 0.042s url=https://www.myfonts.com/collections/fisreps-jansoic-font-black-junst/
[2026-08-25T07:03:42Z] #243 attempt=2/2 status=200 0.535s url=https://www.myfonts.com/collections/fisreps-jansoic-font-black-junst/
[2026-08-25T07:03:43Z] #244 attempt=1/2 status=200 0.473s url=https://www.myfonts.com/products/goresant-script-complete-family-package-1206235
[2026-08-25T07:03:44Z] #245 attempt=1/2 status=200 0.472s url=https://www.myfonts.com/collections/goresant-script-font-greentrik6789/
[2026-08-25T07:03:44Z] #246 attempt=1/2 status=200 0.636s url=https://www.myfonts.com/products/gimela-complete-family-package-1206519
[2026-08-25T07:03:46Z] #247 attempt=1/2 status=200 0.833s url=https://www.myfonts.com/collections/gimela-font-gatype/
[2026-08-25T07:03:47Z] #248 attempt=1/2 status=200 1.349s url=https://www.myfonts.com/products/safieka-grillex-complete-family-package-1206674
[2026-08-25T07:03:49Z] #249 attempt=1/2 status=200 1.635s url=https://www.myfonts.com/collections/safieka-grillex-font-rotterlab-studio/
[2026-08-25T07:03:50Z] #250 attempt=1/2 status=200 0.370s url=https://www.myfonts.com/products/avlemane-complete-family-package-1206230
[2026-08-25T07:03:51Z] #251 attempt=1/2 status=200 0.427s url=https://www.myfonts.com/collections/avlemane-font-burntilldead/
[2026-08-25T07:03:51Z] #252 attempt=1/2 status=200 0.468s url=https://www.myfonts.com/products/zegion-complete-family-package-1206500
[2026-08-25T07:03:52Z] #253 attempt=1/2 status=200 0.688s url=https://www.myfonts.com/collections/zegion-font-jafar07/
[2026-08-25T07:03:53Z] #254 attempt=1/2 status=200 0.548s url=https://www.myfonts.com/products/deserter-complete-family-package-1207071
[2026-08-25T07:03:54Z] #255 attempt=1/2 status=200 0.529s url=https://www.myfonts.com/collections/deserter-font-tour-de-force/
[2026-08-25T07:03:55Z] #256 attempt=1/2 status=200 0.520s url=https://www.myfonts.com/products/restark-complete-family-package-1206357
[2026-08-25T07:03:56Z] #257 attempt=1/2 status=200 0.812s url=https://www.myfonts.com/collections/restark-font-metypeverse/
[2026-08-25T07:03:56Z] #258 attempt=1/2 status=200 0.385s url=https://www.myfonts.com/products/regular-halloween-madness-1207066
[2026-08-25T07:03:57Z] #259 attempt=1/2 status=429 0.062s url=https://www.myfonts.com/collections/halloween-madness-font-unitype-studio/
[2026-08-25T07:03:59Z] #260 attempt=2/2 status=200 0.484s url=https://www.myfonts.com/collections/halloween-madness-font-unitype-studio/
[2026-08-25T07:04:00Z] #261 attempt=1/2 status=200 0.384s url=https://www.myfonts.com/products/thiskloze-regular-thiskloze-1207065
[2026-08-25T07:04:00Z] #262 attempt=1/2 status=200 0.345s url=https://www.myfonts.com/collections/thiskloze-font-flawlessandco/
[2026-08-25T07:04:02Z] #263 attempt=1/6 status=200 0.862s url=https://www.myfonts.com/products.json?limit=100&page=17
[2026-08-25T07:04:02Z] #264 attempt=1/2 status=200 0.336s url=https://www.myfonts.com/products/regular-richmound-1207058
[2026-08-25T07:04:03Z] #265 attempt=1/2 status=200 0.332s url=https://www.myfonts.com/collections/richmound-font-unitype-studio/
[2026-08-25T07:04:04Z] #266 attempt=1/6 status=200 0.956s url=https://www.myfonts.com/products.json?limit=100&page=18
[2026-08-25T07:04:05Z] #267 attempt=1/2 status=200 0.394s url=https://www.myfonts.com/products/regular-daffiys-1206306
[2026-08-25T07:04:05Z] #268 attempt=1/2 status=429 0.041s url=https://www.myfonts.com/collections/daffiys-font-yumnacreative/
[2026-08-25T07:04:08Z] #269 attempt=2/2 status=200 0.459s url=https://www.myfonts.com/collections/daffiys-font-yumnacreative/
[2026-08-25T07:04:09Z] #270 attempt=1/2 status=200 0.412s url=https://www.myfonts.com/products/regular-blotka-1206267
[2026-08-25T07:04:09Z] #271 attempt=1/2 status=200 0.406s url=https://www.myfonts.com/collections/blotka-font-makovkin-type/
[2026-08-25T07:04:10Z] #272 attempt=1/2 status=200 0.483s url=https://www.myfonts.com/products/bold-grovio-1206266
[2026-08-25T07:04:11Z] #273 attempt=1/2 status=200 0.346s url=https://www.myfonts.com/collections/grovio-font-limitype/
[2026-08-25T07:04:12Z] #274 attempt=1/6 status=200 0.982s url=https://www.myfonts.com/products.json?limit=100&page=19
[2026-08-25T07:04:14Z] #275 attempt=1/6 status=200 1.041s url=https://www.myfonts.com/products.json?limit=100&page=20
[2026-08-25T07:04:15Z] #276 attempt=1/6 status=200 0.954s url=https://www.myfonts.com/products.json?limit=100&page=21
[2026-08-25T07:04:16Z] #277 attempt=1/6 status=200 0.878s url=https://www.myfonts.com/products.json?limit=100&page=22
[2026-08-25T07:04:17Z] #278 attempt=1/2 status=200 0.331s url=https://www.myfonts.com/products/regular-katsuko-1206570
[2026-08-25T07:04:18Z] #279 attempt=1/2 status=200 0.331s url=https://www.myfonts.com/collections/katsuko-font-angin-studio/
[2026-08-25T07:04:19Z] #280 attempt=1/6 status=200 0.952s url=https://www.myfonts.com/products.json?limit=100&page=23
[2026-08-25T07:04:20Z] #281 attempt=1/2 status=200 0.477s url=https://www.myfonts.com/products/regular-wyndham-gothic-1206566
[2026-08-25T07:04:20Z] #282 attempt=1/2 status=200 0.391s url=https://www.myfonts.com/collections/wyndham-gothic-font-sharkshock/
[2026-08-25T07:04:22Z] #283 attempt=1/6 status=200 0.951s url=https://www.myfonts.com/products.json?limit=100&page=24
[2026-08-25T07:04:23Z] #284 attempt=1/2 status=200 0.496s url=https://www.myfonts.com/products/sho-alaska-complete-family-package-1207055
[2026-08-25T07:04:23Z] #285 attempt=1/2 status=200 0.462s url=https://www.myfonts.com/collections/sho-alaska-font-showup-typefoundry/
[2026-08-25T07:04:24Z] #286 attempt=1/2 status=200 0.407s url=https://www.myfonts.com/products/regular-veloria-palace-1207025
[2026-08-25T07:04:25Z] #287 attempt=1/2 status=200 0.425s url=https://www.myfonts.com/collections/veloria-palace-font-shanaf/
[2026-08-25T07:04:25Z] #288 attempt=1/2 status=200 0.343s url=https://www.myfonts.com/products/regular-lospay-1206333
[2026-08-25T07:04:25Z] #289 attempt=1/2 status=429 0.059s url=https://www.myfonts.com/collections/lospay-font-hasnat-studio/
[2026-08-25T07:04:28Z] #290 attempt=2/2 status=200 0.492s url=https://www.myfonts.com/collections/lospay-font-hasnat-studio/
[2026-08-25T07:04:29Z] #291 attempt=1/2 status=200 0.398s url=https://www.myfonts.com/products/heart-sy-regular-heartsy-1206564
[2026-08-25T07:04:29Z] #292 attempt=1/2 status=200 0.365s url=https://www.myfonts.com/collections/heartsy-font-eryn-rose-design/
[2026-08-25T07:04:30Z] #293 attempt=1/2 status=200 0.335s url=https://www.myfonts.com/products/regular-the-moon-1207054
[2026-08-25T07:04:31Z] #294 attempt=1/2 status=200 0.398s url=https://www.myfonts.com/collections/the-moon-font-showup-typefoundry/
[2026-08-25T07:04:31Z] #295 attempt=1/2 status=200 0.394s url=https://www.myfonts.com/products/regular-morning-class-1206332
[2026-08-25T07:04:32Z] #296 attempt=1/2 status=429 0.034s url=https://www.myfonts.com/collections/morning-class-font-sipanji21/
[2026-08-25T07:04:34Z] #297 attempt=2/2 status=200 0.523s url=https://www.myfonts.com/collections/morning-class-font-sipanji21/
[2026-08-25T07:04:35Z] #298 attempt=1/2 status=200 0.432s url=https://www.myfonts.com/products/regular-ghoulie-1206565
[2026-08-25T07:04:36Z] #299 attempt=1/2 status=200 0.389s url=https://www.myfonts.com/collections/ghoulie-font-flawlessandco/
[2026-08-25T07:04:36Z] #300 attempt=1/2 status=200 0.352s url=https://www.myfonts.com/products/regular-kovase-1207029
[2026-08-25T07:04:37Z] #301 attempt=1/2 status=200 0.433s url=https://www.myfonts.com/collections/kovase-font-sensatype-studio/
[2026-08-25T07:04:38Z] #302 attempt=1/2 status=200 0.457s url=https://www.myfonts.com/products/regular-padict-1207048
[2026-08-25T07:04:38Z] #303 attempt=1/2 status=200 0.443s url=https://www.myfonts.com/collections/padict-font-maulana-creative/
[2026-08-25T07:04:38Z] #304 attempt=1/2 status=429 0.053s url=https://www.myfonts.com/products/regular-nomza-1207028
[2026-08-25T07:04:41Z] #305 attempt=2/2 status=200 0.442s url=https://www.myfonts.com/products/regular-nomza-1207028
[2026-08-25T07:04:42Z] #306 attempt=1/2 status=200 0.323s url=https://www.myfonts.com/collections/nomza-font-shanaf/
[2026-08-25T07:04:42Z] #307 attempt=1/2 status=200 0.390s url=https://www.myfonts.com/products/regular-kollan-1206362
[2026-08-25T07:04:43Z] #308 attempt=1/2 status=200 0.370s url=https://www.myfonts.com/collections/kollan-font-sensatype-studio/
[2026-08-25T07:04:43Z] #309 attempt=1/2 status=200 0.385s url=https://www.myfonts.com/products/regular-wacky-urbane-1206326
[2026-08-25T07:04:44Z] #310 attempt=1/2 status=200 0.324s url=https://www.myfonts.com/collections/wacky-urbane-font-tini-fitriani/
[2026-08-25T07:04:44Z] #311 attempt=1/2 status=429 0.023s url=https://www.myfonts.com/products/regular-remidle-1207036
[2026-08-25T07:04:47Z] #312 attempt=2/2 status=200 0.422s url=https://www.myfonts.com/products/regular-remidle-1207036
[2026-08-25T07:04:47Z] #313 attempt=1/2 status=200 0.390s url=https://www.myfonts.com/collections/remidle-font-marvadesign/
[2026-08-25T07:04:48Z] #314 attempt=1/2 status=200 0.483s url=https://www.myfonts.com/products/regular-fantacy-1207053
[2026-08-25T07:04:49Z] #315 attempt=1/2 status=200 0.447s url=https://www.myfonts.com/collections/fantacy-font-sensatype-studio/
[2026-08-25T07:04:50Z] #316 attempt=1/2 status=200 0.341s url=https://www.myfonts.com/products/regular-borine-1207030
[2026-08-25T07:04:50Z] #317 attempt=1/2 status=200 0.403s url=https://www.myfonts.com/collections/borine-font-sensatype-studio/
[2026-08-25T07:04:50Z] #318 attempt=1/2 status=429 0.034s url=https://www.myfonts.com/products/regular-emotional-motion-1206554
[2026-08-25T07:04:53Z] #319 attempt=2/2 status=200 0.580s url=https://www.myfonts.com/products/regular-emotional-motion-1206554
[2026-08-25T07:04:54Z] #320 attempt=1/2 status=200 0.347s url=https://www.myfonts.com/collections/emotional-motion-font-vp-creative-shop/
[2026-08-25T07:04:54Z] #321 attempt=1/2 status=200 0.308s url=https://www.myfonts.com/products/regular-madiguire-1206553
[2026-08-25T07:04:55Z] #322 attempt=1/2 status=200 0.402s url=https://www.myfonts.com/collections/madiguire-font-anxietype-foundry/
[2026-08-25T07:04:56Z] #323 attempt=1/2 status=200 0.345s url=https://www.myfonts.com/products/regular-elden-rue-1207051
[2026-08-25T07:04:56Z] #324 attempt=1/2 status=200 0.347s url=https://www.myfonts.com/collections/elden-rue-font-rasio-studio/
[2026-08-25T07:04:56Z] #325 attempt=1/2 status=429 0.030s url=https://www.myfonts.com/products/regular-arizona-sun-1207035
[2026-08-25T07:04:59Z] #326 attempt=2/2 status=200 0.509s url=https://www.myfonts.com/products/regular-arizona-sun-1207035
[2026-08-25T07:05:00Z] #327 attempt=1/2 status=200 0.390s url=https://www.myfonts.com/collections/arizona-sun-font-eryn-rose-design/
[2026-08-25T07:05:00Z] #328 attempt=1/2 status=200 0.327s url=https://www.myfonts.com/products/regular-strings-trunger-1207049
[2026-08-25T07:05:01Z] #329 attempt=1/2 status=200 0.377s url=https://www.myfonts.com/collections/strings-trunger-font-maulana-creative/
[2026-08-25T07:05:01Z] #330 attempt=1/2 status=429 0.031s url=https://www.myfonts.com/products/regular-sacred-obsidian-1207023
[2026-08-25T07:05:04Z] #331 attempt=2/2 status=200 0.419s url=https://www.myfonts.com/products/regular-sacred-obsidian-1207023
[2026-08-25T07:05:04Z] #332 attempt=1/2 status=200 0.301s url=https://www.myfonts.com/collections/sacred-obsidian-font-shanaf/
[2026-08-25T07:05:05Z] #333 attempt=1/2 status=200 0.377s url=https://www.myfonts.com/products/regular-mltp-austaney-signature-1207050
[2026-08-25T07:05:05Z] #334 attempt=1/2 status=200 0.331s url=https://www.myfonts.com/collections/mltp-austaney-signature-font-multype-studio/
[2026-08-25T07:05:06Z] #335 attempt=1/2 status=200 0.343s url=https://www.myfonts.com/products/revan-bright-complete-family-package-1206268
[2026-08-25T07:05:06Z] #336 attempt=1/2 status=429 0.027s url=https://www.myfonts.com/collections/revan-bright-font-mbonster/
[2026-08-25T07:05:09Z] #337 attempt=2/2 status=200 0.546s url=https://www.myfonts.com/collections/revan-bright-font-mbonster/
[2026-08-25T07:05:10Z] #338 attempt=1/2 status=200 0.527s url=https://www.myfonts.com/products/channel-is-back-complete-family-package-1206300
[2026-08-25T07:05:11Z] #339 attempt=1/2 status=200 0.488s url=https://www.myfonts.com/collections/channel-is-back-font-prioritype/
[2026-08-25T07:05:11Z] #340 attempt=1/2 status=200 0.450s url=https://www.myfonts.com/products/solenix-complete-family-package-1206274
[2026-08-25T07:05:12Z] #341 attempt=1/2 status=200 0.408s url=https://www.myfonts.com/collections/solenix-font-metypeverse/
[2026-08-25T07:05:12Z] #342 attempt=1/2 status=200 0.357s url=https://www.myfonts.com/products/prak-breakstrike-regular-prak-breakstrike-1206299
[2026-08-25T07:05:13Z] #343 attempt=1/2 status=200 0.395s url=https://www.myfonts.com/collections/prak-breakstrike-font-praktypes/
[2026-08-25T07:05:13Z] #344 attempt=1/2 status=429 0.036s url=https://www.myfonts.com/products/regular-sunday-society-1206297
[2026-08-25T07:05:16Z] #345 attempt=2/2 status=200 0.437s url=https://www.myfonts.com/products/regular-sunday-society-1206297
[2026-08-25T07:05:17Z] #346 attempt=1/2 status=200 0.308s url=https://www.myfonts.com/collections/sunday-society-font-omzen-type/
[2026-08-25T07:05:17Z] #347 attempt=1/2 status=200 0.298s url=https://www.myfonts.com/products/regular-nagara-1206295
[2026-08-25T07:05:18Z] #348 attempt=1/2 status=200 0.309s url=https://www.myfonts.com/collections/nagara-font-nue/
[2026-08-25T07:05:18Z] #349 attempt=1/2 status=200 0.294s url=https://www.myfonts.com/products/regular-sotlih-1206239
[2026-08-25T07:05:18Z] #350 attempt=1/2 status=429 0.025s url=https://www.myfonts.com/collections/sotlih-font-hasnat-studio/
[2026-08-25T07:05:21Z] #351 attempt=2/2 status=200 0.455s url=https://www.myfonts.com/collections/sotlih-font-hasnat-studio/
[2026-08-25T07:05:22Z] #352 attempt=1/2 status=200 0.403s url=https://www.myfonts.com/products/hackbubble-regular-hackbubble-1206234
[2026-08-25T07:05:22Z] #353 attempt=1/2 status=200 0.345s url=https://www.myfonts.com/collections/hackbubble-font-flawlessandco/
[2026-08-25T07:05:23Z] #354 attempt=1/2 status=200 0.282s url=https://www.myfonts.com/products/regular-la-carena-1206303
[2026-08-25T07:05:23Z] #355 attempt=1/2 status=200 0.381s url=https://www.myfonts.com/collections/la-carena-font-rasio-studio/
[2026-08-25T07:05:24Z] #356 attempt=1/2 status=200 0.429s url=https://www.myfonts.com/products/helvare-regular-helvare-1206233
[2026-08-25T07:05:24Z] #357 attempt=1/2 status=429 0.038s url=https://www.myfonts.com/collections/helvare-font-flawlessandco/
[2026-08-25T07:05:27Z] #358 attempt=2/2 status=200 0.452s url=https://www.myfonts.com/collections/helvare-font-flawlessandco/
[2026-08-25T07:05:28Z] #359 attempt=1/2 status=200 0.313s url=https://www.myfonts.com/products/regular-moelania-1206305
[2026-08-25T07:05:28Z] #360 attempt=1/2 status=200 0.338s url=https://www.myfonts.com/collections/moelania-font-vermilione/
[2026-08-25T07:05:29Z] #361 attempt=1/2 status=200 0.498s url=https://www.myfonts.com/products/regular-dethone-signature-1206298
[2026-08-25T07:05:29Z] #362 attempt=1/2 status=200 0.344s url=https://www.myfonts.com/collections/dethone-signature-font-pointlab/
[2026-08-25T07:05:30Z] #363 attempt=1/2 status=200 0.304s url=https://www.myfonts.com/products/regular-bigfooz-1206265
[2026-08-25T07:05:30Z] #364 attempt=1/2 status=429 0.027s url=https://www.myfonts.com/collections/bigfooz-font-letterhanna-studio/
[2026-08-25T07:05:33Z] #365 attempt=2/2 status=200 0.406s url=https://www.myfonts.com/collections/bigfooz-font-letterhanna-studio/
[2026-08-25T07:05:33Z] #366 attempt=1/2 status=200 0.391s url=https://www.myfonts.com/products/regular-martha-ruth-1206304
[2026-08-25T07:05:34Z] #367 attempt=1/2 status=200 0.343s url=https://www.myfonts.com/collections/martha-ruth-font-realtype/
[2026-08-25T07:05:35Z] #368 attempt=1/2 status=200 0.370s url=https://www.myfonts.com/products/regular-charlesito-1206294
[2026-08-25T07:05:35Z] #369 attempt=1/2 status=200 0.339s url=https://www.myfonts.com/collections/charlesito-font-nh-typestudio/
[2026-08-25T07:05:35Z] #370 attempt=1/2 status=429 0.043s url=https://www.myfonts.com/products/regular-candy-gulali-1206166
[2026-08-25T07:05:38Z] #371 attempt=2/2 status=200 0.466s url=https://www.myfonts.com/products/regular-candy-gulali-1206166
[2026-08-25T07:05:39Z] #372 attempt=1/2 status=200 0.375s url=https://www.myfonts.com/collections/candy-gulali-font-aisyah/
[2026-08-25T07:05:40Z] #373 attempt=1/6 status=200 1.011s url=https://www.myfonts.com/products.json?limit=100&page=25
[2026-08-25T07:05:41Z] #374 attempt=1/2 status=200 0.417s url=https://www.myfonts.com/products/moldrust-complete-family-package-1205356
[2026-08-25T07:05:42Z] #375 attempt=1/2 status=200 0.408s url=https://www.myfonts.com/collections/moldrust-font-flawlessandco/
[2026-08-25T07:05:42Z] #376 attempt=1/2 status=200 0.382s url=https://www.myfonts.com/products/outside-field-serif-complete-family-package-1205420
[2026-08-25T07:05:43Z] #377 attempt=1/2 status=200 0.420s url=https://www.myfonts.com/collections/outside-field-serif-font-godbless-studio/
[2026-08-25T07:05:44Z] #378 attempt=1/2 status=200 0.367s url=https://www.myfonts.com/products/optica-complete-family-package-1200614
[2026-08-25T07:05:44Z] #379 attempt=1/2 status=200 0.533s url=https://www.myfonts.com/collections/optica-font-cocijotype/
[2026-08-25T07:05:45Z] #380 attempt=1/2 status=200 0.515s url=https://www.myfonts.com/products/fx-brangkal-complete-family-package-1205376
[2026-08-25T07:05:45Z] #381 attempt=1/2 status=429 0.029s url=https://www.myfonts.com/collections/fx-brangkal-font-differentialtype/
[2026-08-25T07:05:48Z] #382 attempt=2/2 status=200 0.741s url=https://www.myfonts.com/collections/fx-brangkal-font-differentialtype/
[2026-08-25T07:05:49Z] #383 attempt=1/2 status=200 0.450s url=https://www.myfonts.com/products/dargon-text-complete-family-package-1190577
[2026-08-25T07:05:50Z] #384 attempt=1/2 status=200 0.564s url=https://www.myfonts.com/collections/dargon-text-font-type-together/
[2026-08-25T07:05:50Z] #385 attempt=1/2 status=200 0.401s url=https://www.myfonts.com/products/laught-alize-complete-family-package-1205415
[2026-08-25T07:05:51Z] #386 attempt=1/2 status=200 0.482s url=https://www.myfonts.com/collections/laught-alize-font-godbless-studio/
[2026-08-25T07:05:52Z] #387 attempt=1/2 status=200 0.389s url=https://www.myfonts.com/products/monday-himalayan-complete-family-package-1205341
[2026-08-25T07:05:52Z] #388 attempt=1/2 status=200 0.375s url=https://www.myfonts.com/collections/monday-himalayan-font-anxietype-foundry/
[2026-08-25T07:05:53Z] #389 attempt=1/2 status=200 0.372s url=https://www.myfonts.com/products/lamire-modern-complete-family-package-1205352
[2026-08-25T07:05:53Z] #390 attempt=1/2 status=429 0.038s url=https://www.myfonts.com/collections/lamire-modern-font-bale-type/
[2026-08-25T07:05:56Z] #391 attempt=2/2 status=200 0.543s url=https://www.myfonts.com/collections/lamire-modern-font-bale-type/
[2026-08-25T07:05:57Z] #392 attempt=1/2 status=200 0.511s url=https://www.myfonts.com/products/black-stroke-complete-family-package-1205365
[2026-08-25T07:05:57Z] #393 attempt=1/2 status=200 0.480s url=https://www.myfonts.com/collections/black-stroke-font-cocodesign/
[2026-08-25T07:05:58Z] #394 attempt=1/2 status=200 0.473s url=https://www.myfonts.com/products/young-fraktur-complete-family-package-1205346
[2026-08-25T07:05:59Z] #395 attempt=1/2 status=200 0.472s url=https://www.myfonts.com/collections/young-fraktur-font-caron-twice/
[2026-08-25T07:06:00Z] #396 attempt=1/2 status=200 0.452s url=https://www.myfonts.com/products/genyod-complete-family-package-1205370
[2026-08-25T07:06:00Z] #397 attempt=1/2 status=429 0.073s url=https://www.myfonts.com/collections/genyod-font-donyadesign/
[2026-08-25T07:06:03Z] #398 attempt=2/2 status=200 0.513s url=https://www.myfonts.com/collections/genyod-font-donyadesign/
[2026-08-25T07:06:03Z] #399 attempt=1/2 status=200 0.369s url=https://www.myfonts.com/products/maritime-network-complete-family-package-1205334
[2026-08-25T07:06:04Z] #400 attempt=1/2 status=200 0.410s url=https://www.myfonts.com/collections/maritime-network-font-177studio/
[2026-08-25T07:06:04Z] #401 attempt=1/2 status=200 0.360s url=https://www.myfonts.com/products/canton-social-club-pro-complete-family-package-1205312
[2026-08-25T07:06:05Z] #402 attempt=1/2 status=200 0.463s url=https://www.myfonts.com/collections/canton-social-club-pro-font-hanoded/
[2026-08-25T07:06:05Z] #403 attempt=1/2 status=429 0.024s url=https://www.myfonts.com/products/santa-barbara-pro-complete-family-package-1205395
[2026-08-25T07:06:08Z] #404 attempt=2/2 status=200 0.557s url=https://www.myfonts.com/products/santa-barbara-pro-complete-family-package-1205395
[2026-08-25T07:06:09Z] #405 attempt=1/2 status=200 0.570s url=https://www.myfonts.com/collections/santa-barbara-pro-font-die-typonauten/
[2026-08-25T07:06:10Z] #406 attempt=1/2 status=200 0.376s url=https://www.myfonts.com/products/chapuza-pro-complete-family-package-1205309
[2026-08-25T07:06:10Z] #407 attempt=1/2 status=200 0.521s url=https://www.myfonts.com/collections/chapuza-pro-font-hanoded/
[2026-08-25T07:06:11Z] #408 attempt=1/2 status=200 0.538s url=https://www.myfonts.com/products/m-ying-hei-hk-complete-family-package-1106555
[2026-08-25T07:06:12Z] #409 attempt=1/2 status=200 0.584s url=https://www.myfonts.com/collections/m-ying-hei-hk-font-monotype-hk/
[2026-08-25T07:06:13Z] #410 attempt=1/2 status=200 0.446s url=https://www.myfonts.com/products/abstract-network-complete-family-package-1205337
[2026-08-25T07:06:13Z] #411 attempt=1/2 status=200 0.393s url=https://www.myfonts.com/collections/abstract-network-font-177studio/
[2026-08-25T07:06:14Z] #412 attempt=1/2 status=429 0.033s url=https://www.myfonts.com/products/ccs-neue-royale-complete-family-package-1205409
[2026-08-25T07:06:16Z] #413 attempt=2/2 status=200 0.421s url=https://www.myfonts.com/products/ccs-neue-royale-complete-family-package-1205409
[2026-08-25T07:06:17Z] #414 attempt=1/2 status=200 0.410s url=https://www.myfonts.com/collections/ccs-neue-royale-font-creative-corner-studio/
[2026-08-25T07:06:17Z] #415 attempt=1/2 status=200 0.322s url=https://www.myfonts.com/products/regular-young-fresh-1205345
[2026-08-25T07:06:18Z] #416 attempt=1/2 status=200 0.316s url=https://www.myfonts.com/collections/young-fresh-font-bimaksara/
[2026-08-25T07:06:19Z] #417 attempt=1/2 status=200 0.391s url=https://www.myfonts.com/products/regular-baby-food-1205543
[2026-08-25T07:06:19Z] #418 attempt=1/2 status=200 0.317s url=https://www.myfonts.com/collections/baby-food-font-arif-novianto/
[2026-08-25T07:06:19Z] #419 attempt=1/2 status=429 0.026s url=https://www.myfonts.com/products/regular-trippy-morph-1205547
[2026-08-25T07:06:22Z] #420 attempt=2/2 status=200 0.441s url=https://www.myfonts.com/products/regular-trippy-morph-1205547
[2026-08-25T07:06:23Z] #421 attempt=1/2 status=200 0.414s url=https://www.myfonts.com/collections/trippy-morph-font-tini-fitriani/
[2026-08-25T07:06:23Z] #422 attempt=1/2 status=200 0.534s url=https://www.myfonts.com/products/regular-nanobit-1205531
[2026-08-25T07:06:24Z] #423 attempt=1/2 status=200 0.506s url=https://www.myfonts.com/collections/nanobit-font-alpercakici/
[2026-08-25T07:06:25Z] #424 attempt=1/2 status=200 0.370s url=https://www.myfonts.com/products/regular-vandguds-1205558
[2026-08-25T07:06:25Z] #425 attempt=1/2 status=200 0.338s url=https://www.myfonts.com/collections/vandguds-font-nian-keun-studio/
[2026-08-25T07:06:25Z] summary releases=30 first_429=(138, 'https://www.myfonts.com/collections/mocha-font-set-sail-studios/', 0.026693344116210938) log_file=state/myfonts_run_20260825_065934.log
[2026-08-25T07:06:25Z] === MyFonts crawl end ===
