[2026-08-24T07:12:33Z] checkpoint fresh next_page=1 path=state/myfonts_crawl_checkpoint.json
[2026-08-24T07:12:33Z] === MyFonts crawl start source=myfonts ===
[2026-08-24T07:12:33Z] config max_pages=25 page_size=100 start_date=2026-08-23 end_date=2026-08-24 api_delay=0.5s detail_delay=0.2s max_debut_checks=400 max_tech_specs_checks=200 reuse_success_profile=False always_enrich_packages=True language_script_signal_mode=strong force_fresh_run=False start_page=1 browser_mode=False browser_headless=True browser_storage_state_path=state/myfonts_storage_state.json
[2026-08-24T07:12:34Z] #1 attempt=1/6 status=200 0.993s url=https://www.myfonts.com/products.json?limit=100&page=1
[2026-08-24T07:12:35Z] #2 attempt=1/2 status=200 0.449s url=https://www.myfonts.com/products/lee-van-cleef-complete-family-package-1208623
[2026-08-24T07:12:35Z] #3 attempt=1/2 status=200 0.422s url=https://www.myfonts.com/collections/lee-van-cleef-font-woodcutter/
[2026-08-24T07:12:36Z] #4 attempt=1/2 status=200 0.239s url=https://www.myfonts.com/collections/lee-van-cleef-font-woodcutter/?tab=techSpecs
[2026-08-24T07:12:37Z] #5 attempt=1/2 status=200 0.524s url=https://www.myfonts.com/products/mondeya-bold-18-regular-mondeya-1208302
[2026-08-24T07:12:38Z] #6 attempt=1/2 status=200 0.589s url=https://www.myfonts.com/collections/mondeya-font-bungletter/
[2026-08-24T07:12:39Z] #7 attempt=1/2 status=200 0.582s url=https://www.myfonts.com/collections/mondeya-font-bungletter/?tab=techSpecs
[2026-08-24T07:12:41Z] #8 attempt=1/2 status=200 0.931s url=https://www.myfonts.com/products/extraexpanded-besinar-1208912
[2026-08-24T07:12:42Z] #9 attempt=1/2 status=200 1.555s url=https://www.myfonts.com/collections/besinar-font-ajibatype/
[2026-08-24T07:12:43Z] #10 attempt=1/2 status=200 0.367s url=https://www.myfonts.com/collections/besinar-font-ajibatype/?tab=techSpecs
[2026-08-24T07:12:44Z] #11 attempt=1/2 status=200 0.491s url=https://www.myfonts.com/products/extra-light-slanted-giselax-1208475
[2026-08-24T07:12:45Z] #12 attempt=1/2 status=200 0.615s url=https://www.myfonts.com/collections/giselax-font-donyadesign/
[2026-08-24T07:12:46Z] #13 attempt=1/2 status=200 0.697s url=https://www.myfonts.com/collections/giselax-font-donyadesign/?tab=techSpecs
[2026-08-24T07:12:47Z] #14 attempt=1/2 status=200 0.348s url=https://www.myfonts.com/products/regular-morzeth-1208725
[2026-08-24T07:12:48Z] #15 attempt=1/2 status=200 0.400s url=https://www.myfonts.com/collections/morzeth-font-arif-novianto/
[2026-08-24T07:12:48Z] #16 attempt=1/2 status=200 0.203s url=https://www.myfonts.com/collections/morzeth-font-arif-novianto/?tab=techSpecs
[2026-08-24T07:12:50Z] #17 attempt=1/6 status=200 0.931s url=https://www.myfonts.com/products.json?limit=100&page=2
[2026-08-24T07:12:51Z] #18 attempt=1/2 status=200 0.354s url=https://www.myfonts.com/products/bud-rough-perfect-sprouts-1208348
[2026-08-24T07:12:51Z] #19 attempt=1/2 status=200 0.370s url=https://www.myfonts.com/collections/perfect-sprouts-font-type-peace/
[2026-08-24T07:12:52Z] #20 attempt=1/2 status=200 0.214s url=https://www.myfonts.com/collections/perfect-sprouts-font-type-peace/?tab=techSpecs
[2026-08-24T07:12:53Z] #21 attempt=1/2 status=200 0.878s url=https://www.myfonts.com/products/estima-pro-complete-family-package-1209106
[2026-08-24T07:12:54Z] #22 attempt=1/2 status=200 0.846s url=https://www.myfonts.com/collections/estima-pro-font-igor-gli-ski/
[2026-08-24T07:12:56Z] #23 attempt=1/2 status=200 0.901s url=https://www.myfonts.com/collections/estima-pro-font-igor-gli-ski/?tab=techSpecs
[2026-08-24T07:12:57Z] #24 attempt=1/2 status=200 0.519s url=https://www.myfonts.com/products/medium-zt-aveline-chapter-1207118
[2026-08-24T07:12:58Z] #25 attempt=1/2 status=200 0.550s url=https://www.myfonts.com/collections/zt-aveline-chapter-font-zafira-type/
[2026-08-24T07:12:58Z] #26 attempt=1/2 status=200 0.523s url=https://www.myfonts.com/collections/zt-aveline-chapter-font-zafira-type/?tab=techSpecs
[2026-08-24T07:13:02Z] #27 attempt=1/2 status=200 2.426s url=https://www.myfonts.com/products/bold-condensed-italic-kulutu-alt-1207199
[2026-08-24T07:13:05Z] #28 attempt=1/2 status=200 3.598s url=https://www.myfonts.com/collections/kulutu-alt-font-aukimvisuel/
[2026-08-24T07:13:09Z] #29 attempt=1/2 status=200 2.498s url=https://www.myfonts.com/collections/kulutu-alt-font-aukimvisuel/?tab=techSpecs
[2026-08-24T07:13:10Z] #30 attempt=1/2 status=200 0.466s url=https://www.myfonts.com/products/semi-condensed-gasby-binega-1207433
[2026-08-24T07:13:11Z] #31 attempt=1/2 status=200 0.484s url=https://www.myfonts.com/collections/gasby-binega-font-gatype/
[2026-08-24T07:13:11Z] #32 attempt=1/2 status=200 0.328s url=https://www.myfonts.com/collections/gasby-binega-font-gatype/?tab=techSpecs
[2026-08-24T07:13:13Z] #33 attempt=1/6 status=200 0.899s url=https://www.myfonts.com/products.json?limit=100&page=3
[2026-08-24T07:13:15Z] #34 attempt=1/6 status=200 0.903s url=https://www.myfonts.com/products.json?limit=100&page=4
[2026-08-24T07:13:16Z] #35 attempt=1/2 status=200 0.443s url=https://www.myfonts.com/products/deelora-regular-de-elora-1207124
[2026-08-24T07:13:16Z] #36 attempt=1/2 status=200 0.419s url=https://www.myfonts.com/collections/de-elora-font-storictype/
[2026-08-24T07:13:17Z] #37 attempt=1/2 status=200 0.427s url=https://www.myfonts.com/collections/de-elora-font-storictype/?tab=techSpecs
[2026-08-24T07:13:19Z] #38 attempt=1/6 status=200 0.943s url=https://www.myfonts.com/products.json?limit=100&page=5
[2026-08-24T07:13:20Z] #39 attempt=1/2 status=200 0.487s url=https://www.myfonts.com/products/regular-mounsfield-1209002
[2026-08-24T07:13:21Z] #40 attempt=1/2 status=200 0.387s url=https://www.myfonts.com/collections/mounsfield-font-unitype-studio/
[2026-08-24T07:13:21Z] #41 attempt=1/2 status=200 0.241s url=https://www.myfonts.com/collections/mounsfield-font-unitype-studio/?tab=techSpecs
[2026-08-24T07:13:22Z] #42 attempt=1/2 status=200 0.453s url=https://www.myfonts.com/products/regular-ft-baile-1208985
[2026-08-24T07:13:23Z] #43 attempt=1/2 status=200 0.392s url=https://www.myfonts.com/collections/ft-baile-font-fateh-lab/
[2026-08-24T07:13:24Z] #44 attempt=1/2 status=200 0.403s url=https://www.myfonts.com/collections/ft-baile-font-fateh-lab/?tab=techSpecs
[2026-08-24T07:13:25Z] #45 attempt=1/2 status=200 0.489s url=https://www.myfonts.com/products/extended-pack-package-1207111
[2026-08-24T07:13:26Z] #46 attempt=1/2 status=200 0.603s url=https://www.myfonts.com/collections/jaso-sans-pro-font-studio-jaso/
[2026-08-24T07:13:27Z] #47 attempt=1/2 status=200 0.695s url=https://www.myfonts.com/collections/jaso-sans-pro-font-studio-jaso/?tab=techSpecs
[2026-08-24T07:13:29Z] #48 attempt=1/6 status=200 0.892s url=https://www.myfonts.com/products.json?limit=100&page=6
[2026-08-24T07:13:29Z] #49 attempt=1/2 status=200 0.502s url=https://www.myfonts.com/products/mocha-complete-family-package-1207080
[2026-08-24T07:13:30Z] #50 attempt=1/2 status=200 0.526s url=https://www.myfonts.com/collections/mocha-font-set-sail-studios/
[2026-08-24T07:13:31Z] #51 attempt=1/2 status=200 0.530s url=https://www.myfonts.com/collections/mocha-font-set-sail-studios/?tab=techSpecs
[2026-08-24T07:13:32Z] #52 attempt=1/2 status=200 0.385s url=https://www.myfonts.com/products/regular-ac-1928-1207099
[2026-08-24T07:13:33Z] #53 attempt=1/2 status=200 0.423s url=https://www.myfonts.com/collections/ac-1928-font-antoine-crama/
[2026-08-24T07:13:33Z] #54 attempt=1/2 status=200 0.424s url=https://www.myfonts.com/collections/ac-1928-font-antoine-crama/?tab=techSpecs
[2026-08-24T07:13:35Z] #55 attempt=1/2 status=200 0.726s url=https://www.myfonts.com/products/retro-bundle-iii-package-987509
[2026-08-24T07:13:35Z] #56 attempt=1/2 status=404 0.393s url=https://www.myfonts.com/collections/retro-bundle-iii-font-taboja-studio
[2026-08-24T07:13:36Z] #57 attempt=1/2 status=200 0.504s url=https://www.myfonts.com/products/modern-branding-font-bundle-iii-package-987510
[2026-08-24T07:13:37Z] #58 attempt=1/2 status=404 0.348s url=https://www.myfonts.com/collections/modern-branding-font-bundle-iii-font-taboja-studio
[2026-08-24T07:13:37Z] #59 attempt=1/2 status=200 0.451s url=https://www.myfonts.com/products/hopeless-heart-complete-family-package-1207096
[2026-08-24T07:13:38Z] #60 attempt=1/2 status=200 0.567s url=https://www.myfonts.com/collections/hopeless-heart-font-pizzadude-dk/
[2026-08-24T07:13:39Z] #61 attempt=1/2 status=200 0.546s url=https://www.myfonts.com/collections/hopeless-heart-font-pizzadude-dk/?tab=techSpecs
[2026-08-24T07:13:40Z] #62 attempt=1/2 status=200 0.505s url=https://www.myfonts.com/products/snowbro-complete-family-package-1207083
[2026-08-24T07:13:41Z] #63 attempt=1/2 status=200 0.562s url=https://www.myfonts.com/collections/snowbro-font-alpercakici/
[2026-08-24T07:13:42Z] #64 attempt=1/2 status=200 0.633s url=https://www.myfonts.com/collections/snowbro-font-alpercakici/?tab=techSpecs
[2026-08-24T07:13:43Z] #65 attempt=1/2 status=200 0.605s url=https://www.myfonts.com/products/cheroly-complete-family-package-1206338
[2026-08-24T07:13:44Z] #66 attempt=1/2 status=200 0.616s url=https://www.myfonts.com/collections/cheroly-font-marvadesign/
[2026-08-24T07:13:45Z] #67 attempt=1/2 status=200 0.254s url=https://www.myfonts.com/collections/cheroly-font-marvadesign/?tab=techSpecs
[2026-08-24T07:13:46Z] #68 attempt=1/2 status=200 0.424s url=https://www.myfonts.com/products/gondhe-complete-family-package-1206213
[2026-08-24T07:13:46Z] #69 attempt=1/2 status=200 0.474s url=https://www.myfonts.com/collections/gondhe-font-burntilldead/
[2026-08-24T07:13:47Z] #70 attempt=1/2 status=200 0.232s url=https://www.myfonts.com/collections/gondhe-font-burntilldead/?tab=techSpecs
[2026-08-24T07:13:48Z] #71 attempt=1/2 status=200 0.436s url=https://www.myfonts.com/products/la-paneru-complete-family-package-1206334
[2026-08-24T07:13:49Z] #72 attempt=1/2 status=200 0.492s url=https://www.myfonts.com/collections/la-paneru-font-hishand-studio/
[2026-08-24T07:13:49Z] #73 attempt=1/2 status=200 0.235s url=https://www.myfonts.com/collections/la-paneru-font-hishand-studio/?tab=techSpecs
[2026-08-24T07:13:52Z] #74 attempt=1/2 status=200 2.282s url=https://www.myfonts.com/products/soft-package-1207070
[2026-08-24T07:13:56Z] #75 attempt=1/2 status=200 3.719s url=https://www.myfonts.com/collections/fullgraf-font-akbartype/
[2026-08-24T07:14:01Z] #76 attempt=1/2 status=500 3.113s url=https://www.myfonts.com/collections/fullgraf-font-akbartype/?tab=techSpecs
[2026-08-24T07:14:03Z] #77 attempt=1/2 status=200 2.106s url=https://www.myfonts.com/products/novestia-complete-family-package-1206673
[2026-08-24T07:14:07Z] #78 attempt=1/2 status=500 3.242s url=https://www.myfonts.com/collections/novestia-font-nia-typework/
[2026-08-24T07:14:07Z] #79 attempt=1/2 status=200 0.679s url=https://www.myfonts.com/products/rovair-lekosty-complete-family-package-1206481
[2026-08-24T07:14:08Z] #80 attempt=1/2 status=200 0.704s url=https://www.myfonts.com/collections/rovair-lekosty-font-jafar07/
[2026-08-24T07:14:09Z] #81 attempt=1/2 status=200 0.253s url=https://www.myfonts.com/collections/rovair-lekosty-font-jafar07/?tab=techSpecs
[2026-08-24T07:14:11Z] #82 attempt=1/2 status=200 0.749s url=https://www.myfonts.com/products/masko-complete-family-package-1206179
[2026-08-24T07:14:12Z] #83 attempt=1/2 status=200 1.069s url=https://www.myfonts.com/collections/masko-font-areatype/
[2026-08-24T07:14:13Z] #84 attempt=1/2 status=200 1.014s url=https://www.myfonts.com/collections/masko-font-areatype/?tab=techSpecs
[2026-08-24T07:14:15Z] #85 attempt=1/2 status=200 1.206s url=https://www.myfonts.com/products/package-4-package-1206480
[2026-08-24T07:14:17Z] #86 attempt=1/2 status=200 1.672s url=https://www.myfonts.com/collections/arkari-font-thirtype/
[2026-08-24T07:14:20Z] #87 attempt=1/2 status=200 1.853s url=https://www.myfonts.com/collections/arkari-font-thirtype/?tab=techSpecs
[2026-08-24T07:14:21Z] #88 attempt=1/2 status=200 0.426s url=https://www.myfonts.com/products/es-degan-complete-family-package-1206670
[2026-08-24T07:14:22Z] #89 attempt=1/2 status=200 0.449s url=https://www.myfonts.com/collections/es-degan-font-kalam/
[2026-08-24T07:14:22Z] #90 attempt=1/2 status=200 0.238s url=https://www.myfonts.com/collections/es-degan-font-kalam/?tab=techSpecs
[2026-08-24T07:14:23Z] #91 attempt=1/2 status=200 0.416s url=https://www.myfonts.com/products/housend-complete-family-package-1206327
[2026-08-24T07:14:24Z] #92 attempt=1/2 status=200 0.536s url=https://www.myfonts.com/collections/housend-font-the-native-saint-club/
[2026-08-24T07:14:25Z] #93 attempt=1/2 status=200 0.452s url=https://www.myfonts.com/collections/housend-font-the-native-saint-club/?tab=techSpecs
[2026-08-24T07:14:26Z] #94 attempt=1/2 status=200 0.497s url=https://www.myfonts.com/products/paping-swend-complete-family-package-1206176
[2026-08-24T07:14:27Z] #95 attempt=1/2 status=200 0.541s url=https://www.myfonts.com/collections/paping-swend-font-black-junst/
[2026-08-24T07:14:27Z] #96 attempt=1/2 status=200 0.232s url=https://www.myfonts.com/collections/paping-swend-font-black-junst/?tab=techSpecs
[2026-08-24T07:14:29Z] #97 attempt=1/2 status=200 0.538s url=https://www.myfonts.com/products/brecksville-complete-family-package-1207067
[2026-08-24T07:14:29Z] #98 attempt=1/2 status=200 0.518s url=https://www.myfonts.com/collections/brecksville-font-oz-design/
[2026-08-24T07:14:30Z] #99 attempt=1/2 status=200 0.233s url=https://www.myfonts.com/collections/brecksville-font-oz-design/?tab=techSpecs
[2026-08-24T07:14:31Z] #100 attempt=1/2 status=200 0.384s url=https://www.myfonts.com/products/lahgelsio-script-complete-family-package-1206667
[2026-08-24T07:14:32Z] #101 attempt=1/2 status=200 0.456s url=https://www.myfonts.com/collections/lahgelsio-script-font-maulana-creative/
[2026-08-24T07:14:32Z] #102 attempt=1/2 status=200 0.456s url=https://www.myfonts.com/collections/lahgelsio-script-font-maulana-creative/?tab=techSpecs
[2026-08-24T07:14:34Z] #103 attempt=1/2 status=200 0.420s url=https://www.myfonts.com/products/kaltyer-complete-family-package-1206173
[2026-08-24T07:14:34Z] #104 attempt=1/2 status=200 0.435s url=https://www.myfonts.com/collections/kaltyer-font-artiveko/
[2026-08-24T07:14:35Z] #105 attempt=1/2 status=200 0.514s url=https://www.myfonts.com/collections/kaltyer-font-artiveko/?tab=techSpecs
[2026-08-24T07:14:36Z] #106 attempt=1/2 status=200 0.422s url=https://www.myfonts.com/products/radical-slice-complete-family-package-1207062
[2026-08-24T07:14:37Z] #107 attempt=1/2 status=200 0.482s url=https://www.myfonts.com/collections/radical-slice-font-letterena-studios/
[2026-08-24T07:14:37Z] #108 attempt=1/2 status=200 0.292s url=https://www.myfonts.com/collections/radical-slice-font-letterena-studios/?tab=techSpecs
[2026-08-24T07:14:39Z] #109 attempt=1/2 status=200 0.886s url=https://www.myfonts.com/products/rods-complete-family-package-1206592
[2026-08-24T07:14:41Z] #110 attempt=1/2 status=200 1.449s url=https://www.myfonts.com/collections/rods-font-eko-bimantara/
[2026-08-24T07:14:43Z] #111 attempt=1/2 status=200 1.356s url=https://www.myfonts.com/collections/rods-font-eko-bimantara/?tab=techSpecs
[2026-08-24T07:14:44Z] #112 attempt=1/2 status=200 0.373s url=https://www.myfonts.com/products/wonder-summer-complete-family-package-1206170
[2026-08-24T07:14:44Z] #113 attempt=1/2 status=200 0.450s url=https://www.myfonts.com/collections/wonder-summer-font-artiveko/
[2026-08-24T07:14:45Z] #114 attempt=1/2 status=200 0.473s url=https://www.myfonts.com/collections/wonder-summer-font-artiveko/?tab=techSpecs
[2026-08-24T07:14:46Z] #115 attempt=1/2 status=200 0.449s url=https://www.myfonts.com/products/summer-moments-complete-family-package-1207059
[2026-08-24T07:14:47Z] #116 attempt=1/2 status=200 0.447s url=https://www.myfonts.com/collections/summer-moments-font-letterena-studios/
[2026-08-24T07:14:48Z] #117 attempt=1/2 status=200 0.399s url=https://www.myfonts.com/collections/summer-moments-font-letterena-studios/?tab=techSpecs
[2026-08-24T07:14:49Z] #118 attempt=1/2 status=200 0.518s url=https://www.myfonts.com/products/camiron-complete-family-package-1206571
[2026-08-24T07:14:50Z] #119 attempt=1/2 status=200 0.690s url=https://www.myfonts.com/collections/camiron-font-gatype/
[2026-08-24T07:14:51Z] #120 attempt=1/2 status=200 0.649s url=https://www.myfonts.com/collections/camiron-font-gatype/?tab=techSpecs
[2026-08-24T07:14:52Z] #121 attempt=1/2 status=200 0.411s url=https://www.myfonts.com/products/cravellosa-complete-family-package-1206323
[2026-08-24T07:14:53Z] #122 attempt=1/2 status=200 0.493s url=https://www.myfonts.com/collections/cravellosa-font-typeclassheroes/
[2026-08-24T07:14:54Z] #123 attempt=1/2 status=200 0.429s url=https://www.myfonts.com/collections/cravellosa-font-typeclassheroes/?tab=techSpecs
[2026-08-24T07:14:55Z] #124 attempt=1/2 status=200 0.439s url=https://www.myfonts.com/products/tolah-complete-family-package-1206167
[2026-08-24T07:14:55Z] #125 attempt=1/2 status=200 0.434s url=https://www.myfonts.com/collections/tolah-font-artiveko/
[2026-08-24T07:14:56Z] #126 attempt=1/2 status=200 0.239s url=https://www.myfonts.com/collections/tolah-font-artiveko/?tab=techSpecs
[2026-08-24T07:14:57Z] #127 attempt=1/2 status=200 0.509s url=https://www.myfonts.com/products/white-lily-complete-family-package-1207037
[2026-08-24T07:14:58Z] #128 attempt=1/2 status=200 0.555s url=https://www.myfonts.com/collections/white-lily-font-naturalink/
[2026-08-24T07:14:59Z] #129 attempt=1/2 status=200 0.550s url=https://www.myfonts.com/collections/white-lily-font-naturalink/?tab=techSpecs
[2026-08-24T07:15:00Z] #130 attempt=1/2 status=200 0.455s url=https://www.myfonts.com/products/maoni-complete-family-package-1206567
[2026-08-24T07:15:01Z] #131 attempt=1/2 status=200 0.491s url=https://www.myfonts.com/collections/maoni-font-artisan-themes/
[2026-08-24T07:15:01Z] #132 attempt=1/2 status=200 0.405s url=https://www.myfonts.com/collections/maoni-font-artisan-themes/?tab=techSpecs
[2026-08-24T07:15:03Z] #133 attempt=1/2 status=200 0.406s url=https://www.myfonts.com/products/switella-complete-family-package-1206320
[2026-08-24T07:15:03Z] #134 attempt=1/2 status=200 0.419s url=https://www.myfonts.com/collections/switella-font-typeclassheroes/
[2026-08-24T07:15:04Z] #135 attempt=1/2 status=200 0.468s url=https://www.myfonts.com/collections/switella-font-typeclassheroes/?tab=techSpecs
[2026-08-24T07:15:06Z] #136 attempt=1/2 status=200 0.792s url=https://www.myfonts.com/products/earth-doomsday-complete-family-package-1206141
[2026-08-24T07:15:07Z] #137 attempt=1/2 status=200 1.285s url=https://www.myfonts.com/collections/earth-doomsday-font-layarbahtera/
[2026-08-24T07:15:08Z] #138 attempt=1/2 status=200 0.305s url=https://www.myfonts.com/collections/earth-doomsday-font-layarbahtera/?tab=techSpecs
[2026-08-24T07:15:09Z] #139 attempt=1/2 status=200 0.424s url=https://www.myfonts.com/products/bubble-pop-complete-family-package-1207031
[2026-08-24T07:15:10Z] #140 attempt=1/2 status=200 0.600s url=https://www.myfonts.com/collections/bubble-pop-font-sensatype-studio/
[2026-08-24T07:15:11Z] #141 attempt=1/2 status=200 0.490s url=https://www.myfonts.com/collections/bubble-pop-font-sensatype-studio/?tab=techSpecs
[2026-08-24T07:15:12Z] #142 attempt=1/2 status=200 0.415s url=https://www.myfonts.com/products/rankey-rox-complete-family-package-1206561
[2026-08-24T07:15:12Z] #143 attempt=1/2 status=200 0.455s url=https://www.myfonts.com/collections/rankey-rox-font-metypeverse/
[2026-08-24T07:15:13Z] #144 attempt=1/2 status=200 0.223s url=https://www.myfonts.com/collections/rankey-rox-font-metypeverse/?tab=techSpecs
[2026-08-24T07:15:14Z] #145 attempt=1/2 status=200 0.415s url=https://www.myfonts.com/products/glamour-authentic-complete-family-package-1206375
[2026-08-24T07:15:15Z] #146 attempt=1/2 status=200 0.429s url=https://www.myfonts.com/collections/glamour-authentic-font-sansakerta/
[2026-08-24T07:15:15Z] #147 attempt=1/2 status=200 0.455s url=https://www.myfonts.com/collections/glamour-authentic-font-sansakerta/?tab=techSpecs
[2026-08-24T07:15:17Z] #148 attempt=1/2 status=200 0.461s url=https://www.myfonts.com/products/noviembre-college-complete-family-package-1206315
[2026-08-24T07:15:17Z] #149 attempt=1/2 status=200 0.464s url=https://www.myfonts.com/collections/noviembre-college-font-woodcutter/
[2026-08-24T07:15:18Z] #150 attempt=1/2 status=200 0.467s url=https://www.myfonts.com/collections/noviembre-college-font-woodcutter/?tab=techSpecs
[2026-08-24T07:15:19Z] #151 attempt=1/2 status=200 0.435s url=https://www.myfonts.com/products/moctra-complete-family-package-1207024
[2026-08-24T07:15:20Z] #152 attempt=1/2 status=200 0.467s url=https://www.myfonts.com/collections/moctra-font-shanaf/
[2026-08-24T07:15:21Z] #153 attempt=1/2 status=200 0.398s url=https://www.myfonts.com/collections/moctra-font-shanaf/?tab=techSpecs
[2026-08-24T07:15:22Z] #154 attempt=1/2 status=200 0.398s url=https://www.myfonts.com/products/bytron-complete-family-package-1206558
[2026-08-24T07:15:23Z] #155 attempt=1/2 status=200 0.478s url=https://www.myfonts.com/collections/bytron-font-metypeverse/
[2026-08-24T07:15:23Z] #156 attempt=1/2 status=200 0.504s url=https://www.myfonts.com/collections/bytron-font-metypeverse/?tab=techSpecs
[2026-08-24T07:15:25Z] #157 attempt=1/2 status=200 0.549s url=https://www.myfonts.com/products/casella-complete-family-package-1206307
[2026-08-24T07:15:25Z] #158 attempt=1/2 status=200 0.590s url=https://www.myfonts.com/collections/casella-font-xdcreative/
[2026-08-24T07:15:26Z] #159 attempt=1/2 status=200 0.513s url=https://www.myfonts.com/collections/casella-font-xdcreative/?tab=techSpecs
[2026-08-24T07:15:27Z] #160 attempt=1/2 status=200 0.413s url=https://www.myfonts.com/products/mampir-lur-complete-family-package-1206372
[2026-08-24T07:15:28Z] #161 attempt=1/2 status=200 0.477s url=https://www.myfonts.com/collections/mampir-lur-font-kalam/
[2026-08-24T07:15:29Z] #162 attempt=1/2 status=200 0.375s url=https://www.myfonts.com/collections/mampir-lur-font-kalam/?tab=techSpecs
[2026-08-24T07:15:30Z] #163 attempt=1/2 status=200 0.390s url=https://www.myfonts.com/products/autograph-westhelin-complete-family-package-1206262
[2026-08-24T07:15:30Z] #164 attempt=1/2 status=429 0.033s url=https://www.myfonts.com/collections/autograph-westhelin-font-letterena-studios/
[2026-08-24T07:15:30Z] first_429 req=164 url=https://www.myfonts.com/collections/autograph-westhelin-font-letterena-studios/
[2026-08-24T07:15:33Z] #165 attempt=2/2 status=200 0.547s url=https://www.myfonts.com/collections/autograph-westhelin-font-letterena-studios/
[2026-08-24T07:15:34Z] #166 attempt=1/2 status=200 0.705s url=https://www.myfonts.com/products/typeful-complete-family-package-1206985
[2026-08-24T07:15:35Z] #167 attempt=1/2 status=200 1.059s url=https://www.myfonts.com/collections/typeful-font-vp-creative-shop/
[2026-08-24T07:15:36Z] #168 attempt=1/2 status=200 0.543s url=https://www.myfonts.com/products/crumbly-package-1206140
[2026-08-24T07:15:37Z] #169 attempt=1/2 status=200 0.670s url=https://www.myfonts.com/collections/crumbly-twinkles-font-black-junst/
[2026-08-24T07:15:38Z] #170 attempt=1/2 status=200 0.416s url=https://www.myfonts.com/products/grozan-complete-family-package-1206369
[2026-08-24T07:15:38Z] #171 attempt=1/2 status=200 0.467s url=https://www.myfonts.com/collections/grozan-font-jafar07/
[2026-08-24T07:15:39Z] #172 attempt=1/2 status=200 0.496s url=https://www.myfonts.com/products/rainvolt-complete-family-package-1206243
[2026-08-24T07:15:40Z] #173 attempt=1/2 status=200 0.678s url=https://www.myfonts.com/collections/rainvolt-font-jafar07/
[2026-08-24T07:15:40Z] #174 attempt=1/2 status=429 0.046s url=https://www.myfonts.com/products/moistage-complete-family-package-1206555
[2026-08-24T07:15:43Z] #175 attempt=2/2 status=200 0.498s url=https://www.myfonts.com/products/moistage-complete-family-package-1206555
[2026-08-24T07:15:44Z] #176 attempt=1/2 status=200 0.475s url=https://www.myfonts.com/collections/moistage-font-tertoecreative/
[2026-08-24T07:15:44Z] #177 attempt=1/2 status=200 0.438s url=https://www.myfonts.com/products/ortigel-complete-family-package-1206240
[2026-08-24T07:15:45Z] #178 attempt=1/2 status=200 0.471s url=https://www.myfonts.com/collections/ortigel-font-jafar07/
[2026-08-24T07:15:46Z] #179 attempt=1/2 status=200 0.525s url=https://www.myfonts.com/products/kilti-complete-family-package-1206366
[2026-08-24T07:15:47Z] #180 attempt=1/2 status=200 0.443s url=https://www.myfonts.com/collections/kilti-font-agung-sudirman/
[2026-08-24T07:15:47Z] #181 attempt=1/2 status=200 0.464s url=https://www.myfonts.com/products/kateru-complete-family-package-1206550
[2026-08-24T07:15:48Z] #182 attempt=1/2 status=200 0.500s url=https://www.myfonts.com/collections/kateru-font-vermilione/
[2026-08-24T07:15:48Z] #183 attempt=1/2 status=429 0.027s url=https://www.myfonts.com/products/merv-comeow-complete-family-package-1206363
[2026-08-24T07:15:51Z] #184 attempt=2/2 status=200 0.427s url=https://www.myfonts.com/products/merv-comeow-complete-family-package-1206363
[2026-08-24T07:15:52Z] #185 attempt=1/2 status=200 0.429s url=https://www.myfonts.com/collections/merv-comeow-font-black-junst/
[2026-08-24T07:15:52Z] #186 attempt=1/2 status=200 0.403s url=https://www.myfonts.com/products/fisreps-jansoic-complete-family-package-1205332
[2026-08-24T07:15:53Z] #187 attempt=1/2 status=200 0.472s url=https://www.myfonts.com/collections/fisreps-jansoic-font-black-junst/
[2026-08-24T07:15:53Z] #188 attempt=1/2 status=429 0.020s url=https://www.myfonts.com/products/goresant-script-complete-family-package-1206235
[2026-08-24T07:15:56Z] #189 attempt=2/2 status=200 0.419s url=https://www.myfonts.com/products/goresant-script-complete-family-package-1206235
[2026-08-24T07:15:57Z] #190 attempt=1/2 status=200 0.426s url=https://www.myfonts.com/collections/goresant-script-font-greentrik6789/
[2026-08-24T07:15:58Z] #191 attempt=1/2 status=200 0.615s url=https://www.myfonts.com/products/gimela-complete-family-package-1206519
[2026-08-24T07:15:59Z] #192 attempt=1/2 status=200 0.747s url=https://www.myfonts.com/collections/gimela-font-gatype/
[2026-08-24T07:16:00Z] #193 attempt=1/2 status=200 1.299s url=https://www.myfonts.com/products/safieka-grillex-complete-family-package-1206674
[2026-08-24T07:16:02Z] #194 attempt=1/2 status=200 1.526s url=https://www.myfonts.com/collections/safieka-grillex-font-rotterlab-studio/
[2026-08-24T07:16:03Z] #195 attempt=1/2 status=200 0.363s url=https://www.myfonts.com/products/avlemane-complete-family-package-1206230
[2026-08-24T07:16:04Z] #196 attempt=1/2 status=200 0.607s url=https://www.myfonts.com/collections/avlemane-font-burntilldead/
[2026-08-24T07:16:05Z] #197 attempt=1/2 status=200 0.596s url=https://www.myfonts.com/products/zegion-complete-family-package-1206500
[2026-08-24T07:16:06Z] #198 attempt=1/2 status=200 0.635s url=https://www.myfonts.com/collections/zegion-font-jafar07/
[2026-08-24T07:16:06Z] #199 attempt=1/2 status=200 0.463s url=https://www.myfonts.com/products/deserter-complete-family-package-1207071
[2026-08-24T07:16:07Z] #200 attempt=1/2 status=200 0.482s url=https://www.myfonts.com/collections/deserter-font-tour-de-force/
[2026-08-24T07:16:08Z] #201 attempt=1/2 status=200 0.401s url=https://www.myfonts.com/products/restark-complete-family-package-1206357
[2026-08-24T07:16:09Z] #202 attempt=1/2 status=200 0.524s url=https://www.myfonts.com/collections/restark-font-metypeverse/
[2026-08-24T07:16:10Z] #203 attempt=1/6 status=200 0.825s url=https://www.myfonts.com/products.json?limit=100&page=7
[2026-08-24T07:16:10Z] #204 attempt=1/2 status=200 0.362s url=https://www.myfonts.com/products/regular-halloween-madness-1207066
[2026-08-24T07:16:11Z] #205 attempt=1/2 status=200 0.387s url=https://www.myfonts.com/collections/halloween-madness-font-unitype-studio/
[2026-08-24T07:16:11Z] #206 attempt=1/2 status=429 0.020s url=https://www.myfonts.com/products/thiskloze-regular-thiskloze-1207065
[2026-08-24T07:16:14Z] #207 attempt=2/2 status=200 0.479s url=https://www.myfonts.com/products/thiskloze-regular-thiskloze-1207065
[2026-08-24T07:16:15Z] #208 attempt=1/2 status=200 0.351s url=https://www.myfonts.com/collections/thiskloze-font-flawlessandco/
[2026-08-24T07:16:16Z] #209 attempt=1/6 status=200 0.879s url=https://www.myfonts.com/products.json?limit=100&page=8
[2026-08-24T07:16:17Z] #210 attempt=1/2 status=200 0.365s url=https://www.myfonts.com/products/regular-richmound-1207058
[2026-08-24T07:16:17Z] #211 attempt=1/2 status=200 0.344s url=https://www.myfonts.com/collections/richmound-font-unitype-studio/
[2026-08-24T07:16:19Z] #212 attempt=1/6 status=200 0.740s url=https://www.myfonts.com/products.json?limit=100&page=9
[2026-08-24T07:16:19Z] #213 attempt=1/2 status=200 0.355s url=https://www.myfonts.com/products/regular-daffiys-1206306
[2026-08-24T07:16:20Z] #214 attempt=1/2 status=200 0.446s url=https://www.myfonts.com/collections/daffiys-font-yumnacreative/
[2026-08-24T07:16:20Z] #215 attempt=1/2 status=200 0.371s url=https://www.myfonts.com/products/regular-blotka-1206267
[2026-08-24T07:16:21Z] #216 attempt=1/2 status=200 0.417s url=https://www.myfonts.com/collections/blotka-font-makovkin-type/
[2026-08-24T07:16:21Z] #217 attempt=1/2 status=429 0.018s url=https://www.myfonts.com/products/bold-grovio-1206266
[2026-08-24T07:16:24Z] #218 attempt=2/2 status=200 0.585s url=https://www.myfonts.com/products/bold-grovio-1206266
[2026-08-24T07:16:25Z] #219 attempt=1/2 status=200 0.381s url=https://www.myfonts.com/collections/grovio-font-limitype/
[2026-08-24T07:16:27Z] #220 attempt=1/6 status=200 1.357s url=https://www.myfonts.com/products.json?limit=100&page=10
[2026-08-24T07:16:28Z] #221 attempt=1/6 status=200 1.104s url=https://www.myfonts.com/products.json?limit=100&page=11
[2026-08-24T07:16:30Z] #222 attempt=1/6 status=200 1.172s url=https://www.myfonts.com/products.json?limit=100&page=12
[2026-08-24T07:16:31Z] #223 attempt=1/6 status=200 0.880s url=https://www.myfonts.com/products.json?limit=100&page=13
[2026-08-24T07:16:32Z] #224 attempt=1/2 status=200 0.383s url=https://www.myfonts.com/products/regular-katsuko-1206570
[2026-08-24T07:16:33Z] #225 attempt=1/2 status=200 0.412s url=https://www.myfonts.com/collections/katsuko-font-angin-studio/
[2026-08-24T07:16:33Z] #226 attempt=1/2 status=200 0.358s url=https://www.myfonts.com/products/regular-wyndham-gothic-1206566
[2026-08-24T07:16:34Z] #227 attempt=1/2 status=200 0.461s url=https://www.myfonts.com/collections/wyndham-gothic-font-sharkshock/
[2026-08-24T07:16:36Z] #228 attempt=1/6 status=200 1.130s url=https://www.myfonts.com/products.json?limit=100&page=14
[2026-08-24T07:16:36Z] #229 attempt=1/2 status=200 0.417s url=https://www.myfonts.com/products/sho-alaska-complete-family-package-1207055
[2026-08-24T07:16:37Z] #230 attempt=1/2 status=200 0.449s url=https://www.myfonts.com/collections/sho-alaska-font-showup-typefoundry/
[2026-08-24T07:16:38Z] #231 attempt=1/2 status=200 0.404s url=https://www.myfonts.com/products/regular-veloria-palace-1207025
[2026-08-24T07:16:38Z] #232 attempt=1/2 status=200 0.388s url=https://www.myfonts.com/collections/veloria-palace-font-shanaf/
[2026-08-24T07:16:39Z] #233 attempt=1/2 status=200 0.424s url=https://www.myfonts.com/products/regular-lospay-1206333
[2026-08-24T07:16:40Z] #234 attempt=1/2 status=200 0.475s url=https://www.myfonts.com/collections/lospay-font-hasnat-studio/
[2026-08-24T07:16:40Z] #235 attempt=1/2 status=200 0.426s url=https://www.myfonts.com/products/heart-sy-regular-heartsy-1206564
[2026-08-24T07:16:41Z] #236 attempt=1/2 status=200 0.521s url=https://www.myfonts.com/collections/heartsy-font-eryn-rose-design/
[2026-08-24T07:16:42Z] #237 attempt=1/2 status=200 0.345s url=https://www.myfonts.com/products/regular-the-moon-1207054
[2026-08-24T07:16:42Z] #238 attempt=1/2 status=200 0.401s url=https://www.myfonts.com/collections/the-moon-font-showup-typefoundry/
[2026-08-24T07:16:43Z] #239 attempt=1/2 status=200 0.478s url=https://www.myfonts.com/products/regular-morning-class-1206332
[2026-08-24T07:16:43Z] #240 attempt=1/2 status=429 0.033s url=https://www.myfonts.com/collections/morning-class-font-sipanji21/
[2026-08-24T07:16:46Z] #241 attempt=2/2 status=200 0.437s url=https://www.myfonts.com/collections/morning-class-font-sipanji21/
[2026-08-24T07:16:47Z] #242 attempt=1/2 status=200 0.359s url=https://www.myfonts.com/products/regular-ghoulie-1206565
[2026-08-24T07:16:47Z] #243 attempt=1/2 status=200 0.372s url=https://www.myfonts.com/collections/ghoulie-font-flawlessandco/
[2026-08-24T07:16:48Z] #244 attempt=1/2 status=200 0.336s url=https://www.myfonts.com/products/regular-kovase-1207029
[2026-08-24T07:16:48Z] #245 attempt=1/2 status=200 0.355s url=https://www.myfonts.com/collections/kovase-font-sensatype-studio/
[2026-08-24T07:16:49Z] #246 attempt=1/2 status=200 0.361s url=https://www.myfonts.com/products/regular-padict-1207048
[2026-08-24T07:16:49Z] #247 attempt=1/2 status=429 0.025s url=https://www.myfonts.com/collections/padict-font-maulana-creative/
[2026-08-24T07:16:52Z] #248 attempt=2/2 status=200 0.458s url=https://www.myfonts.com/collections/padict-font-maulana-creative/
[2026-08-24T07:16:53Z] #249 attempt=1/2 status=200 0.423s url=https://www.myfonts.com/products/regular-nomza-1207028
[2026-08-24T07:16:53Z] #250 attempt=1/2 status=200 0.439s url=https://www.myfonts.com/collections/nomza-font-shanaf/
[2026-08-24T07:16:54Z] #251 attempt=1/2 status=200 0.426s url=https://www.myfonts.com/products/regular-kollan-1206362
[2026-08-24T07:16:55Z] #252 attempt=1/2 status=200 0.377s url=https://www.myfonts.com/collections/kollan-font-sensatype-studio/
[2026-08-24T07:16:55Z] #253 attempt=1/2 status=200 0.417s url=https://www.myfonts.com/products/regular-wacky-urbane-1206326
[2026-08-24T07:16:56Z] #254 attempt=1/2 status=200 0.430s url=https://www.myfonts.com/collections/wacky-urbane-font-tini-fitriani/
[2026-08-24T07:16:56Z] #255 attempt=1/2 status=429 0.033s url=https://www.myfonts.com/products/regular-remidle-1207036
[2026-08-24T07:16:59Z] #256 attempt=2/2 status=200 0.404s url=https://www.myfonts.com/products/regular-remidle-1207036
[2026-08-24T07:16:59Z] #257 attempt=1/2 status=200 0.387s url=https://www.myfonts.com/collections/remidle-font-marvadesign/
[2026-08-24T07:17:00Z] #258 attempt=1/2 status=200 0.361s url=https://www.myfonts.com/products/regular-fantacy-1207053
[2026-08-24T07:17:00Z] #259 attempt=1/2 status=429 0.023s url=https://www.myfonts.com/collections/fantacy-font-sensatype-studio/
[2026-08-24T07:17:03Z] #260 attempt=2/2 status=200 0.458s url=https://www.myfonts.com/collections/fantacy-font-sensatype-studio/
[2026-08-24T07:17:04Z] #261 attempt=1/2 status=200 0.343s url=https://www.myfonts.com/products/regular-borine-1207030
[2026-08-24T07:17:04Z] #262 attempt=1/2 status=200 0.371s url=https://www.myfonts.com/collections/borine-font-sensatype-studio/
[2026-08-24T07:17:05Z] #263 attempt=1/2 status=200 0.329s url=https://www.myfonts.com/products/regular-emotional-motion-1206554
[2026-08-24T07:17:06Z] #264 attempt=1/2 status=200 0.444s url=https://www.myfonts.com/collections/emotional-motion-font-vp-creative-shop/
[2026-08-24T07:17:06Z] #265 attempt=1/2 status=200 0.350s url=https://www.myfonts.com/products/regular-madiguire-1206553
[2026-08-24T07:17:06Z] #266 attempt=1/2 status=429 0.022s url=https://www.myfonts.com/collections/madiguire-font-anxietype-foundry/
[2026-08-24T07:17:09Z] #267 attempt=2/2 status=200 0.441s url=https://www.myfonts.com/collections/madiguire-font-anxietype-foundry/
[2026-08-24T07:17:10Z] #268 attempt=1/2 status=200 0.425s url=https://www.myfonts.com/products/regular-elden-rue-1207051
[2026-08-24T07:17:10Z] #269 attempt=1/2 status=200 0.428s url=https://www.myfonts.com/collections/elden-rue-font-rasio-studio/
[2026-08-24T07:17:11Z] #270 attempt=1/2 status=200 0.432s url=https://www.myfonts.com/products/regular-arizona-sun-1207035
[2026-08-24T07:17:12Z] #271 attempt=1/2 status=200 0.486s url=https://www.myfonts.com/collections/arizona-sun-font-eryn-rose-design/
[2026-08-24T07:17:12Z] #272 attempt=1/2 status=200 0.406s url=https://www.myfonts.com/products/regular-strings-trunger-1207049
[2026-08-24T07:17:13Z] #273 attempt=1/2 status=200 0.397s url=https://www.myfonts.com/collections/strings-trunger-font-maulana-creative/
[2026-08-24T07:17:15Z] #274 attempt=1/6 status=200 1.090s url=https://www.myfonts.com/products.json?limit=100&page=15
[2026-08-24T07:17:15Z] #275 attempt=1/2 status=200 0.391s url=https://www.myfonts.com/products/regular-sacred-obsidian-1207023
[2026-08-24T07:17:16Z] #276 attempt=1/2 status=200 0.373s url=https://www.myfonts.com/collections/sacred-obsidian-font-shanaf/
[2026-08-24T07:17:16Z] #277 attempt=1/2 status=429 0.028s url=https://www.myfonts.com/products/regular-mltp-austaney-signature-1207050
[2026-08-24T07:17:19Z] #278 attempt=2/2 status=200 0.380s url=https://www.myfonts.com/products/regular-mltp-austaney-signature-1207050
[2026-08-24T07:17:19Z] #279 attempt=1/2 status=200 0.364s url=https://www.myfonts.com/collections/mltp-austaney-signature-font-multype-studio/
[2026-08-24T07:17:20Z] #280 attempt=1/2 status=200 0.475s url=https://www.myfonts.com/products/revan-bright-complete-family-package-1206268
[2026-08-24T07:17:21Z] #281 attempt=1/2 status=200 0.513s url=https://www.myfonts.com/collections/revan-bright-font-mbonster/
[2026-08-24T07:17:22Z] #282 attempt=1/2 status=200 0.412s url=https://www.myfonts.com/products/channel-is-back-complete-family-package-1206300
[2026-08-24T07:17:22Z] #283 attempt=1/2 status=200 0.487s url=https://www.myfonts.com/collections/channel-is-back-font-prioritype/
[2026-08-24T07:17:23Z] #284 attempt=1/2 status=200 0.368s url=https://www.myfonts.com/products/solenix-complete-family-package-1206274
[2026-08-24T07:17:23Z] #285 attempt=1/2 status=429 0.022s url=https://www.myfonts.com/collections/solenix-font-metypeverse/
[2026-08-24T07:17:26Z] #286 attempt=2/2 status=200 0.541s url=https://www.myfonts.com/collections/solenix-font-metypeverse/
[2026-08-24T07:17:27Z] #287 attempt=1/2 status=200 0.345s url=https://www.myfonts.com/products/prak-breakstrike-regular-prak-breakstrike-1206299
[2026-08-24T07:17:27Z] #288 attempt=1/2 status=200 0.545s url=https://www.myfonts.com/collections/prak-breakstrike-font-praktypes/
[2026-08-24T07:17:28Z] #289 attempt=1/2 status=200 0.364s url=https://www.myfonts.com/products/regular-sunday-society-1206297
[2026-08-24T07:17:29Z] #290 attempt=1/2 status=200 0.437s url=https://www.myfonts.com/collections/sunday-society-font-omzen-type/
[2026-08-24T07:17:29Z] #291 attempt=1/2 status=200 0.495s url=https://www.myfonts.com/products/regular-nagara-1206295
[2026-08-24T07:17:30Z] #292 attempt=1/2 status=200 0.369s url=https://www.myfonts.com/collections/nagara-font-nue/
[2026-08-24T07:17:30Z] #293 attempt=1/2 status=429 0.026s url=https://www.myfonts.com/products/regular-sotlih-1206239
[2026-08-24T07:17:33Z] #294 attempt=2/2 status=200 0.562s url=https://www.myfonts.com/products/regular-sotlih-1206239
[2026-08-24T07:17:34Z] #295 attempt=1/2 status=200 0.426s url=https://www.myfonts.com/collections/sotlih-font-hasnat-studio/
[2026-08-24T07:17:35Z] #296 attempt=1/2 status=200 0.512s url=https://www.myfonts.com/products/hackbubble-regular-hackbubble-1206234
[2026-08-24T07:17:35Z] #297 attempt=1/2 status=200 0.419s url=https://www.myfonts.com/collections/hackbubble-font-flawlessandco/
[2026-08-24T07:17:36Z] #298 attempt=1/2 status=200 0.494s url=https://www.myfonts.com/products/regular-la-carena-1206303
[2026-08-24T07:17:37Z] #299 attempt=1/2 status=200 0.417s url=https://www.myfonts.com/collections/la-carena-font-rasio-studio/
[2026-08-24T07:17:37Z] #300 attempt=1/2 status=200 0.434s url=https://www.myfonts.com/products/helvare-regular-helvare-1206233
[2026-08-24T07:17:37Z] #301 attempt=1/2 status=429 0.032s url=https://www.myfonts.com/collections/helvare-font-flawlessandco/
[2026-08-24T07:17:40Z] #302 attempt=2/2 status=200 0.691s url=https://www.myfonts.com/collections/helvare-font-flawlessandco/
[2026-08-24T07:17:41Z] #303 attempt=1/2 status=200 0.362s url=https://www.myfonts.com/products/regular-moelania-1206305
[2026-08-24T07:17:42Z] #304 attempt=1/2 status=200 0.458s url=https://www.myfonts.com/collections/moelania-font-vermilione/
[2026-08-24T07:17:42Z] #305 attempt=1/2 status=200 0.372s url=https://www.myfonts.com/products/regular-dethone-signature-1206298
[2026-08-24T07:17:43Z] #306 attempt=1/2 status=200 0.354s url=https://www.myfonts.com/collections/dethone-signature-font-pointlab/
[2026-08-24T07:17:44Z] #307 attempt=1/2 status=200 0.629s url=https://www.myfonts.com/products/regular-bigfooz-1206265
[2026-08-24T07:17:44Z] #308 attempt=1/2 status=200 0.391s url=https://www.myfonts.com/collections/bigfooz-font-letterhanna-studio/
[2026-08-24T07:17:45Z] #309 attempt=1/2 status=200 0.401s url=https://www.myfonts.com/products/regular-martha-ruth-1206304
[2026-08-24T07:17:45Z] #310 attempt=1/2 status=429 0.022s url=https://www.myfonts.com/collections/martha-ruth-font-realtype/
[2026-08-24T07:17:48Z] #311 attempt=2/2 status=200 0.439s url=https://www.myfonts.com/collections/martha-ruth-font-realtype/
[2026-08-24T07:17:49Z] #312 attempt=1/2 status=200 0.389s url=https://www.myfonts.com/products/regular-charlesito-1206294
[2026-08-24T07:17:49Z] #313 attempt=1/2 status=200 0.412s url=https://www.myfonts.com/collections/charlesito-font-nh-typestudio/
[2026-08-24T07:17:50Z] #314 attempt=1/2 status=200 0.434s url=https://www.myfonts.com/products/regular-candy-gulali-1206166
[2026-08-24T07:17:51Z] #315 attempt=1/2 status=200 0.409s url=https://www.myfonts.com/collections/candy-gulali-font-aisyah/
[2026-08-24T07:17:51Z] #316 attempt=1/2 status=200 0.538s url=https://www.myfonts.com/products/moldrust-complete-family-package-1205356
[2026-08-24T07:17:52Z] #317 attempt=1/2 status=200 0.449s url=https://www.myfonts.com/collections/moldrust-font-flawlessandco/
[2026-08-24T07:17:52Z] #318 attempt=1/2 status=429 0.026s url=https://www.myfonts.com/products/outside-field-serif-complete-family-package-1205420
[2026-08-24T07:17:55Z] #319 attempt=2/2 status=200 0.446s url=https://www.myfonts.com/products/outside-field-serif-complete-family-package-1205420
[2026-08-24T07:17:56Z] #320 attempt=1/2 status=200 0.439s url=https://www.myfonts.com/collections/outside-field-serif-font-godbless-studio/
[2026-08-24T07:17:56Z] #321 attempt=1/2 status=200 0.360s url=https://www.myfonts.com/products/optica-complete-family-package-1200614
[2026-08-24T07:17:57Z] #322 attempt=1/2 status=200 0.350s url=https://www.myfonts.com/collections/optica-font-cocijotype/
[2026-08-24T07:17:58Z] #323 attempt=1/2 status=200 0.522s url=https://www.myfonts.com/products/fx-brangkal-complete-family-package-1205376
[2026-08-24T07:17:59Z] #324 attempt=1/2 status=200 0.700s url=https://www.myfonts.com/collections/fx-brangkal-font-differentialtype/
[2026-08-24T07:17:59Z] #325 attempt=1/2 status=200 0.424s url=https://www.myfonts.com/products/dargon-text-complete-family-package-1190577
[2026-08-24T07:18:00Z] #326 attempt=1/2 status=429 0.021s url=https://www.myfonts.com/collections/dargon-text-font-type-together/
[2026-08-24T07:18:03Z] #327 attempt=2/2 status=200 0.725s url=https://www.myfonts.com/collections/dargon-text-font-type-together/
[2026-08-24T07:18:03Z] #328 attempt=1/2 status=200 0.393s url=https://www.myfonts.com/products/laught-alize-complete-family-package-1205415
[2026-08-24T07:18:04Z] #329 attempt=1/2 status=200 0.454s url=https://www.myfonts.com/collections/laught-alize-font-godbless-studio/
[2026-08-24T07:18:05Z] #330 attempt=1/2 status=200 0.451s url=https://www.myfonts.com/products/monday-himalayan-complete-family-package-1205341
[2026-08-24T07:18:05Z] #331 attempt=1/2 status=200 0.436s url=https://www.myfonts.com/collections/monday-himalayan-font-anxietype-foundry/
[2026-08-24T07:18:06Z] #332 attempt=1/2 status=200 0.334s url=https://www.myfonts.com/products/lamire-modern-complete-family-package-1205352
[2026-08-24T07:18:06Z] #333 attempt=1/2 status=429 0.020s url=https://www.myfonts.com/collections/lamire-modern-font-bale-type/
[2026-08-24T07:18:09Z] #334 attempt=2/2 status=200 0.442s url=https://www.myfonts.com/collections/lamire-modern-font-bale-type/
[2026-08-24T07:18:10Z] #335 attempt=1/2 status=200 0.457s url=https://www.myfonts.com/products/black-stroke-complete-family-package-1205365
[2026-08-24T07:18:10Z] #336 attempt=1/2 status=200 0.475s url=https://www.myfonts.com/collections/black-stroke-font-cocodesign/
[2026-08-24T07:18:11Z] #337 attempt=1/2 status=200 0.411s url=https://www.myfonts.com/products/young-fraktur-complete-family-package-1205346
[2026-08-24T07:18:12Z] #338 attempt=1/2 status=200 0.496s url=https://www.myfonts.com/collections/young-fraktur-font-caron-twice/
[2026-08-24T07:18:12Z] #339 attempt=1/2 status=200 0.466s url=https://www.myfonts.com/products/genyod-complete-family-package-1205370
[2026-08-24T07:18:13Z] #340 attempt=1/2 status=200 0.471s url=https://www.myfonts.com/collections/genyod-font-donyadesign/
[2026-08-24T07:18:14Z] #341 attempt=1/2 status=429 0.037s url=https://www.myfonts.com/products/maritime-network-complete-family-package-1205334
[2026-08-24T07:18:16Z] #342 attempt=2/2 status=200 0.448s url=https://www.myfonts.com/products/maritime-network-complete-family-package-1205334
[2026-08-24T07:18:17Z] #343 attempt=1/2 status=200 0.400s url=https://www.myfonts.com/collections/maritime-network-font-177studio/
[2026-08-24T07:18:17Z] #344 attempt=1/2 status=200 0.436s url=https://www.myfonts.com/products/canton-social-club-pro-complete-family-package-1205312
[2026-08-24T07:18:18Z] #345 attempt=1/2 status=200 0.462s url=https://www.myfonts.com/collections/canton-social-club-pro-font-hanoded/
[2026-08-24T07:18:19Z] #346 attempt=1/2 status=200 0.529s url=https://www.myfonts.com/products/santa-barbara-pro-complete-family-package-1205395
[2026-08-24T07:18:20Z] #347 attempt=1/2 status=200 0.603s url=https://www.myfonts.com/collections/santa-barbara-pro-font-die-typonauten/
[2026-08-24T07:18:21Z] #348 attempt=1/2 status=200 0.366s url=https://www.myfonts.com/products/chapuza-pro-complete-family-package-1205309
[2026-08-24T07:18:21Z] #349 attempt=1/2 status=200 0.450s url=https://www.myfonts.com/collections/chapuza-pro-font-hanoded/
[2026-08-24T07:18:21Z] #350 attempt=1/2 status=429 0.020s url=https://www.myfonts.com/products/m-ying-hei-hk-complete-family-package-1106555
[2026-08-24T07:18:24Z] #351 attempt=2/2 status=200 0.537s url=https://www.myfonts.com/products/m-ying-hei-hk-complete-family-package-1106555
[2026-08-24T07:18:25Z] #352 attempt=1/2 status=200 0.722s url=https://www.myfonts.com/collections/m-ying-hei-hk-font-monotype-hk/
[2026-08-24T07:18:26Z] #353 attempt=1/2 status=200 0.453s url=https://www.myfonts.com/products/abstract-network-complete-family-package-1205337
[2026-08-24T07:18:27Z] #354 attempt=1/2 status=200 0.412s url=https://www.myfonts.com/collections/abstract-network-font-177studio/
[2026-08-24T07:18:27Z] #355 attempt=1/2 status=200 0.437s url=https://www.myfonts.com/products/ccs-neue-royale-complete-family-package-1205409
[2026-08-24T07:18:28Z] #356 attempt=1/2 status=200 0.469s url=https://www.myfonts.com/collections/ccs-neue-royale-font-creative-corner-studio/
[2026-08-24T07:18:30Z] #357 attempt=1/6 status=200 0.959s url=https://www.myfonts.com/products.json?limit=100&page=16
[2026-08-24T07:18:30Z] #358 attempt=1/2 status=200 0.361s url=https://www.myfonts.com/products/regular-young-fresh-1205345
[2026-08-24T07:18:31Z] #359 attempt=1/2 status=200 0.442s url=https://www.myfonts.com/collections/young-fresh-font-bimaksara/
[2026-08-24T07:18:31Z] #360 attempt=1/2 status=200 0.395s url=https://www.myfonts.com/products/regular-baby-food-1205543
[2026-08-24T07:18:32Z] #361 attempt=1/2 status=200 0.393s url=https://www.myfonts.com/collections/baby-food-font-arif-novianto/
[2026-08-24T07:18:32Z] #362 attempt=1/2 status=429 0.017s url=https://www.myfonts.com/products/regular-trippy-morph-1205547
[2026-08-24T07:18:35Z] #363 attempt=2/2 status=200 0.430s url=https://www.myfonts.com/products/regular-trippy-morph-1205547
[2026-08-24T07:18:36Z] #364 attempt=1/2 status=200 0.385s url=https://www.myfonts.com/collections/trippy-morph-font-tini-fitriani/
[2026-08-24T07:18:36Z] #365 attempt=1/2 status=200 0.533s url=https://www.myfonts.com/products/regular-nanobit-1205531
[2026-08-24T07:18:37Z] #366 attempt=1/2 status=200 0.635s url=https://www.myfonts.com/collections/nanobit-font-alpercakici/
[2026-08-24T07:18:38Z] #367 attempt=1/2 status=200 0.485s url=https://www.myfonts.com/products/regular-vandguds-1205558
[2026-08-24T07:18:39Z] #368 attempt=1/2 status=200 0.451s url=https://www.myfonts.com/collections/vandguds-font-nian-keun-studio/
[2026-08-24T07:18:39Z] #369 attempt=1/2 status=200 0.409s url=https://www.myfonts.com/products/callidar-regular-callidar-1193279
[2026-08-24T07:18:40Z] #370 attempt=1/2 status=200 0.409s url=https://www.myfonts.com/collections/callidar-font-gittype/
[2026-08-24T07:18:40Z] #371 attempt=1/2 status=429 0.028s url=https://www.myfonts.com/products/ultimate-handwritten-font-collection-2026-package-1133263
[2026-08-24T07:18:43Z] #372 attempt=2/2 status=200 0.800s url=https://www.myfonts.com/products/ultimate-handwritten-font-collection-2026-package-1133263
[2026-08-24T07:18:44Z] #373 attempt=1/2 status=404 0.317s url=https://www.myfonts.com/collections/ultimate-handwritten-font-collection-2026-font-jprintstudio
[2026-08-24T07:18:44Z] #374 attempt=1/2 status=200 0.396s url=https://www.myfonts.com/products/night-sacred-complete-family-package-1205583
[2026-08-24T07:18:45Z] #375 attempt=1/2 status=200 0.392s url=https://www.myfonts.com/collections/night-sacred-font-vermilione/
[2026-08-24T07:18:46Z] #376 attempt=1/2 status=200 0.761s url=https://www.myfonts.com/products/kidmonster-complete-family-package-1205654
[2026-08-24T07:18:47Z] #377 attempt=1/2 status=200 0.945s url=https://www.myfonts.com/collections/kidmonster-font-alpercakici/
[2026-08-24T07:18:48Z] #378 attempt=1/2 status=200 0.774s url=https://www.myfonts.com/products/epigraphy-complete-family-package-1205557
[2026-08-24T07:18:50Z] #379 attempt=1/2 status=200 1.138s url=https://www.myfonts.com/collections/epigraphy-font-jorsetype/
[2026-08-24T07:18:51Z] #380 attempt=1/2 status=200 0.385s url=https://www.myfonts.com/products/enjoy-paradise-complete-family-package-1205554
[2026-08-24T07:18:51Z] #381 attempt=1/2 status=200 0.439s url=https://www.myfonts.com/collections/enjoy-paradise-font-sensatype-studio/
[2026-08-24T07:18:52Z] #382 attempt=1/2 status=200 0.417s url=https://www.myfonts.com/products/lequano-complete-family-package-1205551
[2026-08-24T07:18:53Z] #383 attempt=1/2 status=200 0.417s url=https://www.myfonts.com/collections/lequano-font-tini-fitriani/
[2026-08-24T07:18:53Z] #384 attempt=1/2 status=200 0.434s url=https://www.myfonts.com/products/bysafe-strength-complete-family-package-1205548
[2026-08-24T07:18:54Z] #385 attempt=1/2 status=200 0.451s url=https://www.myfonts.com/collections/bysafe-strength-font-stylishtype-studio/
[2026-08-24T07:18:54Z] #386 attempt=1/2 status=429 0.020s url=https://www.myfonts.com/products/holda-complete-family-package-1205544
[2026-08-24T07:18:57Z] #387 attempt=2/2 status=200 0.387s url=https://www.myfonts.com/products/holda-complete-family-package-1205544
[2026-08-24T07:18:58Z] #388 attempt=1/2 status=200 0.479s url=https://www.myfonts.com/collections/holda-font-artiveko/
[2026-08-24T07:18:59Z] #389 attempt=1/6 status=200 0.877s url=https://www.myfonts.com/products.json?limit=100&page=17
[2026-08-24T07:19:00Z] #390 attempt=1/2 status=200 0.359s url=https://www.myfonts.com/products/regular-mystero-1205653
[2026-08-24T07:19:00Z] #391 attempt=1/2 status=200 0.353s url=https://www.myfonts.com/collections/mystero-font-zefrar/
[2026-08-24T07:19:01Z] #392 attempt=1/2 status=200 0.366s url=https://www.myfonts.com/products/regular-madre-rosalia-1205652
[2026-08-24T07:19:02Z] #393 attempt=1/2 status=200 0.473s url=https://www.myfonts.com/collections/madre-rosalia-font-anxietype-foundry/
[2026-08-24T07:19:03Z] #394 attempt=1/6 status=200 0.911s url=https://www.myfonts.com/products.json?limit=100&page=18
[2026-08-24T07:19:04Z] #395 attempt=1/6 status=200 0.784s url=https://www.myfonts.com/products.json?limit=100&page=19
[2026-08-24T07:19:06Z] #396 attempt=1/6 status=200 0.812s url=https://www.myfonts.com/products.json?limit=100&page=20
[2026-08-24T07:19:07Z] #397 attempt=1/6 status=200 0.977s url=https://www.myfonts.com/products.json?limit=100&page=21
[2026-08-24T07:19:09Z] #398 attempt=1/6 status=200 1.065s url=https://www.myfonts.com/products.json?limit=100&page=22
[2026-08-24T07:19:10Z] #399 attempt=1/2 status=200 0.393s url=https://www.myfonts.com/products/anglers-harbor-complete-family-package-1205477
[2026-08-24T07:19:10Z] #400 attempt=1/2 status=200 0.478s url=https://www.myfonts.com/collections/anglers-harbor-font-letterhend/
[2026-08-24T07:19:11Z] #401 attempt=1/2 status=200 0.504s url=https://www.myfonts.com/products/rollipop-complete-family-package-1205457
[2026-08-24T07:19:12Z] #402 attempt=1/2 status=200 0.703s url=https://www.myfonts.com/collections/rollipop-font-ketiga-foundry/
[2026-08-24T07:19:13Z] #403 attempt=1/2 status=200 0.374s url=https://www.myfonts.com/products/jualan-jua-complete-family-package-1205454
[2026-08-24T07:19:13Z] #404 attempt=1/2 status=200 0.361s url=https://www.myfonts.com/collections/jualan-jua-font-kalam/
[2026-08-24T07:19:14Z] #405 attempt=1/2 status=200 0.404s url=https://www.myfonts.com/products/mn-wichtown-sans-complete-family-package-1205522
[2026-08-24T07:19:15Z] #406 attempt=1/2 status=200 0.433s url=https://www.myfonts.com/collections/mn-wichtown-sans-font-mantra-naga-studio/
[2026-08-24T07:19:15Z] #407 attempt=1/2 status=200 0.393s url=https://www.myfonts.com/products/bolstia-complete-family-package-1205451
[2026-08-24T07:19:15Z] #408 attempt=1/2 status=429 0.021s url=https://www.myfonts.com/collections/bolstia-font-jafar07/
[2026-08-24T07:19:18Z] #409 attempt=2/2 status=200 0.588s url=https://www.myfonts.com/collections/bolstia-font-jafar07/
[2026-08-24T07:19:19Z] #410 attempt=1/2 status=200 0.390s url=https://www.myfonts.com/products/mostena-complete-family-package-1205448
[2026-08-24T07:19:20Z] #411 attempt=1/2 status=200 0.443s url=https://www.myfonts.com/collections/mostena-font-jafar07/
[2026-08-24T07:19:21Z] #412 attempt=1/2 status=200 0.763s url=https://www.myfonts.com/products/essential-package-1205521
[2026-08-24T07:19:22Z] #413 attempt=1/2 status=200 1.135s url=https://www.myfonts.com/collections/ngawi-font-lettertype-studio/
[2026-08-24T07:19:23Z] #414 attempt=1/2 status=200 0.442s url=https://www.myfonts.com/products/edenros-complete-family-package-1205428
[2026-08-24T07:19:24Z] #415 attempt=1/2 status=200 0.474s url=https://www.myfonts.com/collections/edenros-font-hasnat-studio/
[2026-08-24T07:19:24Z] #416 attempt=1/2 status=200 0.385s url=https://www.myfonts.com/products/blackmist-regular-blackmist-1205364
[2026-08-24T07:19:25Z] #417 attempt=1/2 status=200 0.405s url=https://www.myfonts.com/collections/blackmist-font-flawlessandco/
[2026-08-24T07:19:25Z] #418 attempt=1/2 status=200 0.376s url=https://www.myfonts.com/products/regular-lunar-grace-1205355
[2026-08-24T07:19:26Z] #419 attempt=1/2 status=200 0.425s url=https://www.myfonts.com/collections/lunar-grace-font-claymoon-lab-studio/
[2026-08-24T07:19:26Z] #420 attempt=1/2 status=429 0.025s url=https://www.myfonts.com/products/regular-sefiato-combios-1205526
[2026-08-24T07:19:29Z] #421 attempt=2/2 status=200 0.374s url=https://www.myfonts.com/products/regular-sefiato-combios-1205526
[2026-08-24T07:19:30Z] #422 attempt=1/2 status=200 0.377s url=https://www.myfonts.com/collections/sefiato-combios-font-maulana-creative/
[2026-08-24T07:19:31Z] #423 attempt=1/6 status=200 0.915s url=https://www.myfonts.com/products.json?limit=100&page=23
[2026-08-24T07:19:32Z] #424 attempt=1/2 status=200 0.347s url=https://www.myfonts.com/products/medium-ghia-soft-1205340
[2026-08-24T07:19:32Z] #425 attempt=1/2 status=200 0.366s url=https://www.myfonts.com/collections/ghia-soft-font-aisyah/
[2026-08-24T07:19:33Z] #426 attempt=1/2 status=200 0.384s url=https://www.myfonts.com/products/regular-aakar-1205427
[2026-08-24T07:19:33Z] #427 attempt=1/2 status=429 0.022s url=https://www.myfonts.com/collections/aakar-font-gunjan/
[2026-08-24T07:19:36Z] #428 attempt=2/2 status=200 0.473s url=https://www.myfonts.com/collections/aakar-font-gunjan/
[2026-08-24T07:19:37Z] #429 attempt=1/2 status=200 0.411s url=https://www.myfonts.com/products/regular-amaryllis-1205368
[2026-08-24T07:19:37Z] #430 attempt=1/2 status=200 0.441s url=https://www.myfonts.com/collections/amaryllis-font-eza-studio/
[2026-08-24T07:19:38Z] #431 attempt=1/2 status=200 0.374s url=https://www.myfonts.com/products/regular-vollazee-1205476
[2026-08-24T07:19:39Z] #432 attempt=1/2 status=200 0.490s url=https://www.myfonts.com/collections/vollazee-font-letterhanna-studio/
[2026-08-24T07:19:39Z] #433 attempt=1/2 status=200 0.365s url=https://www.myfonts.com/products/bold-gritz-1205414
[2026-08-24T07:19:39Z] #434 attempt=1/2 status=429 0.030s url=https://www.myfonts.com/collections/gritz-font-gittype/
[2026-08-24T07:19:42Z] #435 attempt=2/2 status=200 0.487s url=https://www.myfonts.com/collections/gritz-font-gittype/
[2026-08-24T07:19:43Z] #436 attempt=1/2 status=200 0.375s url=https://www.myfonts.com/products/bold-lemota-1205525
[2026-08-24T07:19:43Z] #437 attempt=1/2 status=200 0.375s url=https://www.myfonts.com/collections/lemota-font-marvadesign/
[2026-08-24T07:19:44Z] #438 attempt=1/2 status=200 0.341s url=https://www.myfonts.com/products/regular-nightwoe-1205408
[2026-08-24T07:19:45Z] #439 attempt=1/2 status=200 0.329s url=https://www.myfonts.com/collections/nightwoe-font-dgtype/
[2026-08-24T07:19:45Z] #440 attempt=1/2 status=200 0.392s url=https://www.myfonts.com/products/happyinkauai-regular-happy-in-kauai-1205369
[2026-08-24T07:19:45Z] #441 attempt=1/2 status=429 0.022s url=https://www.myfonts.com/collections/happy-in-kauai-font-eryn-rose-design/
[2026-08-24T07:19:48Z] #442 attempt=2/2 status=200 0.417s url=https://www.myfonts.com/collections/happy-in-kauai-font-eryn-rose-design/
[2026-08-24T07:19:49Z] #443 attempt=1/2 status=200 0.664s url=https://www.myfonts.com/products/modern-calligraphy-bundles-package-728962
[2026-08-24T07:19:49Z] #444 attempt=1/2 status=404 0.220s url=https://www.myfonts.com/collections/modern-calligraphy-bundles-font-teweka
[2026-08-24T07:19:50Z] #445 attempt=1/2 status=200 0.467s url=https://www.myfonts.com/products/first-bundle-package-968153
[2026-08-24T07:19:51Z] #446 attempt=1/2 status=404 0.208s url=https://www.myfonts.com/collections/first-bundle-font-sidkia-fonts
[2026-08-24T07:19:52Z] #447 attempt=1/2 status=200 0.917s url=https://www.myfonts.com/products/halloween-and-dripping-font-collections-package-1056595
[2026-08-24T07:19:52Z] #448 attempt=1/2 status=404 0.226s url=https://www.myfonts.com/collections/halloween-and-dripping-font-collections-font-sipanji21
[2026-08-24T07:19:52Z] #449 attempt=1/2 status=429 0.017s url=https://www.myfonts.com/products/kedua-bundle-package-1020637
[2026-08-24T07:19:55Z] #450 attempt=2/2 status=200 0.585s url=https://www.myfonts.com/products/kedua-bundle-package-1020637
[2026-08-24T07:19:56Z] #451 attempt=1/2 status=404 0.247s url=https://www.myfonts.com/collections/kedua-bundle-font-sidkia-fonts
[2026-08-24T07:19:56Z] #452 attempt=1/2 status=200 0.547s url=https://www.myfonts.com/products/ketiga-bundle-package-1205327
[2026-08-24T07:19:57Z] #453 attempt=1/2 status=404 0.269s url=https://www.myfonts.com/collections/ketiga-bundle-font-sidkia-fonts
[2026-08-24T07:19:57Z] #454 attempt=1/2 status=200 0.484s url=https://www.myfonts.com/products/postamp-grotesk-complete-family-package-1205315
[2026-08-24T07:19:58Z] #455 attempt=1/2 status=200 0.567s url=https://www.myfonts.com/collections/postamp-grotesk-font-fontfabric/
[2026-08-24T07:20:00Z] #456 attempt=1/6 status=200 1.181s url=https://www.myfonts.com/products.json?limit=100&page=24
[2026-08-24T07:20:00Z] #457 attempt=1/2 status=429 0.034s url=https://www.myfonts.com/products/district-letters-complete-family-package-1205275
[2026-08-24T07:20:03Z] #458 attempt=2/2 status=200 0.387s url=https://www.myfonts.com/products/district-letters-complete-family-package-1205275
[2026-08-24T07:20:04Z] #459 attempt=1/2 status=200 0.429s url=https://www.myfonts.com/collections/district-letters-font-abbasy-studio/
[2026-08-24T07:20:04Z] #460 attempt=1/2 status=200 0.475s url=https://www.myfonts.com/products/ticdar-complete-family-package-1204928
[2026-08-24T07:20:05Z] #461 attempt=1/2 status=200 0.723s url=https://www.myfonts.com/collections/ticdar-font-casloop-studio/
[2026-08-24T07:20:06Z] #462 attempt=1/2 status=200 0.385s url=https://www.myfonts.com/products/fn-quimsy-complete-family-package-1205085
[2026-08-24T07:20:07Z] #463 attempt=1/2 status=200 0.394s url=https://www.myfonts.com/collections/fn-quimsy-font-typefoon/
[2026-08-24T07:20:07Z] #464 attempt=1/2 status=200 0.405s url=https://www.myfonts.com/products/eliot-complete-family-package-1205307
[2026-08-24T07:20:07Z] #465 attempt=1/2 status=429 0.021s url=https://www.myfonts.com/collections/eliot-font-eliot-wolin/
[2026-08-24T07:20:10Z] #466 attempt=2/2 status=200 0.521s url=https://www.myfonts.com/collections/eliot-font-eliot-wolin/
[2026-08-24T07:20:11Z] #467 attempt=1/2 status=200 0.488s url=https://www.myfonts.com/products/reclymate-complete-family-package-1204921
[2026-08-24T07:20:12Z] #468 attempt=1/2 status=200 0.530s url=https://www.myfonts.com/collections/reclymate-font-azzam-ridhamalik/
[2026-08-24T07:20:13Z] #469 attempt=1/2 status=200 1.202s url=https://www.myfonts.com/products/condensed-package-1205082
[2026-08-24T07:20:16Z] #470 attempt=1/2 status=200 2.447s url=https://www.myfonts.com/collections/megiola-font-nia-typework/
[2026-08-24T07:20:17Z] #471 attempt=1/2 status=200 0.426s url=https://www.myfonts.com/products/oreyohi-complete-family-package-1205075
[2026-08-24T07:20:18Z] #472 attempt=1/2 status=200 0.446s url=https://www.myfonts.com/collections/oreyohi-font-made-deduk/
[2026-08-24T07:20:19Z] #473 attempt=1/2 status=200 0.530s url=https://www.myfonts.com/products/qavena-arc-complete-family-package-1205280
[2026-08-24T07:20:19Z] #474 attempt=1/2 status=200 0.500s url=https://www.myfonts.com/collections/qavena-arc-font-product-type/
[2026-08-24T07:20:20Z] #475 attempt=1/2 status=200 0.448s url=https://www.myfonts.com/products/wonderlast-complete-family-package-1205303
[2026-08-24T07:20:21Z] #476 attempt=1/2 status=200 0.501s url=https://www.myfonts.com/collections/wonderlast-font-artiveko/
[2026-08-24T07:20:21Z] #477 attempt=1/2 status=200 0.439s url=https://www.myfonts.com/products/morthhelm-complete-family-package-1205294
[2026-08-24T07:20:22Z] #478 attempt=1/2 status=200 0.479s url=https://www.myfonts.com/collections/morthhelm-font-reyrey-blue-std/
[2026-08-24T07:20:23Z] #479 attempt=1/2 status=200 0.409s url=https://www.myfonts.com/products/prolane-complete-family-package-1205297
[2026-08-24T07:20:24Z] #480 attempt=1/2 status=200 0.488s url=https://www.myfonts.com/collections/prolane-font-artiveko/
[2026-08-24T07:20:24Z] #481 attempt=1/2 status=200 0.504s url=https://www.myfonts.com/products/arvor-complete-family-package-1194125
[2026-08-24T07:20:25Z] #482 attempt=1/2 status=200 0.871s url=https://www.myfonts.com/collections/arvor-font-octotypo/
[2026-08-24T07:20:26Z] #483 attempt=1/2 status=200 0.418s url=https://www.myfonts.com/products/masih-basah-complete-family-package-1205069
[2026-08-24T07:20:27Z] #484 attempt=1/2 status=200 0.498s url=https://www.myfonts.com/collections/masih-basah-font-kalam/
[2026-08-24T07:20:28Z] #485 attempt=1/2 status=200 1.047s url=https://www.myfonts.com/products/rema-monde-complete-family-package-1205092
[2026-08-24T07:20:30Z] #486 attempt=1/2 status=200 1.765s url=https://www.myfonts.com/collections/rema-monde-font-dora-typefoundry/
[2026-08-24T07:20:31Z] #487 attempt=1/2 status=200 0.731s url=https://www.myfonts.com/products/nasalization-complete-family-package-1205306
[2026-08-24T07:20:32Z] #488 attempt=1/2 status=200 0.632s url=https://www.myfonts.com/collections/nasalization-font-typodermic/
[2026-08-24T07:20:34Z] #489 attempt=1/2 status=200 1.225s url=https://www.myfonts.com/products/dtf-vectra-neue-complete-family-package-1205183
[2026-08-24T07:20:35Z] #490 attempt=1/2 status=200 1.319s url=https://www.myfonts.com/collections/dtf-vectra-neue-font-dora-typefoundry/
[2026-08-24T07:20:36Z] #491 attempt=1/2 status=200 0.412s url=https://www.myfonts.com/products/st-wooble-ransom-complete-family-package-1205088
[2026-08-24T07:20:37Z] #492 attempt=1/2 status=200 0.473s url=https://www.myfonts.com/collections/st-wooble-ransom-font-type-it-easy/
[2026-08-24T07:20:38Z] #493 attempt=1/2 status=200 1.007s url=https://www.myfonts.com/products/fontagiou-complete-family-package-1204947
[2026-08-24T07:20:40Z] #494 attempt=1/2 status=200 1.543s url=https://www.myfonts.com/collections/fontagiou-font-areatype/
[2026-08-24T07:20:41Z] #495 attempt=1/2 status=200 0.380s url=https://www.myfonts.com/products/pockielle-complete-family-package-1205078
[2026-08-24T07:20:42Z] #496 attempt=1/2 status=200 0.538s url=https://www.myfonts.com/collections/pockielle-font-made-deduk/
[2026-08-24T07:20:42Z] #497 attempt=1/2 status=200 0.442s url=https://www.myfonts.com/products/geotouch-complete-family-package-1205300
[2026-08-24T07:20:43Z] #498 attempt=1/2 status=200 0.518s url=https://www.myfonts.com/collections/geotouch-font-artiveko/
[2026-08-24T07:20:44Z] #499 attempt=1/2 status=200 0.491s url=https://www.myfonts.com/products/timelore-brush-complete-family-package-1205050
[2026-08-24T07:20:45Z] #500 attempt=1/2 status=200 0.680s url=https://www.myfonts.com/collections/timelore-brush-font-get-studio/
[2026-08-24T07:20:46Z] #501 attempt=1/2 status=200 0.479s url=https://www.myfonts.com/products/te-mary-complete-family-package-1204907
[2026-08-24T07:20:46Z] #502 attempt=1/2 status=200 0.572s url=https://www.myfonts.com/collections/te-mary-font-tharwat-emara/
[2026-08-24T07:20:47Z] #503 attempt=1/2 status=200 0.563s url=https://www.myfonts.com/products/nanami-extended-complete-family-package-1205054
[2026-08-24T07:20:48Z] #504 attempt=1/2 status=200 0.594s url=https://www.myfonts.com/collections/nanami-extended-font-thinkdust/
[2026-08-24T07:20:49Z] #505 attempt=1/2 status=200 0.451s url=https://www.myfonts.com/products/kulutu-alt-variable-complete-family-package-1204917
[2026-08-24T07:20:50Z] #506 attempt=1/2 status=200 0.500s url=https://www.myfonts.com/collections/kulutu-alt-variable-font-aukimvisuel/
[2026-08-24T07:20:50Z] #507 attempt=1/2 status=200 0.427s url=https://www.myfonts.com/products/fox-dimsum-complete-family-package-1205045
[2026-08-24T07:20:51Z] #508 attempt=1/2 status=200 0.511s url=https://www.myfonts.com/collections/fox-dimsum-font-fox7/
[2026-08-24T07:20:52Z] #509 attempt=1/2 status=200 0.423s url=https://www.myfonts.com/products/regular-viona-1205044
[2026-08-24T07:20:52Z] #510 attempt=1/2 status=200 0.410s url=https://www.myfonts.com/collections/viona-font-fontysia/
[2026-08-24T07:20:54Z] #511 attempt=1/6 status=200 1.047s url=https://www.myfonts.com/products.json?limit=100&page=25
[2026-08-24T07:20:55Z] #512 attempt=1/2 status=200 0.387s url=https://www.myfonts.com/products/condensed-points-1204906
[2026-08-24T07:20:55Z] #513 attempt=1/2 status=200 0.375s url=https://www.myfonts.com/products/regular-mysthiq-1205043
[2026-08-24T07:20:56Z] #514 attempt=1/2 status=200 0.400s url=https://www.myfonts.com/collections/mysthiq-font-flawlessandco/
[2026-08-24T07:20:56Z] summary releases=474 first_429=(164, 'https://www.myfonts.com/collections/autograph-westhelin-font-letterena-studios/', 0.03314471244812012) log_file=state/myfonts_run_20260824_071233.log
[2026-08-24T07:20:56Z] === MyFonts crawl end ===
