[2026-08-30T11:45:56Z] checkpoint fresh next_page=1 path=state/myfonts_crawl_checkpoint.json
[2026-08-30T11:45:56Z] === MyFonts crawl start source=myfonts ===
[2026-08-30T11:45:56Z] config max_pages=25 page_size=100 start_date=2026-08-29 end_date=2026-08-30 api_delay=0.5s detail_delay=0.2s max_debut_checks=400 max_tech_specs_checks=200 reuse_success_profile=False always_enrich_packages=True language_script_signal_mode=strong force_fresh_run=False start_page=1 browser_mode=False browser_headless=True browser_storage_state_path=state/myfonts_storage_state.json
[2026-08-30T11:45:58Z] #1 attempt=1/6 status=200 1.233s url=https://www.myfonts.com/products.json?limit=100&page=1
[2026-08-30T11:45:59Z] #2 attempt=1/2 status=200 0.717s url=https://www.myfonts.com/products/regular-donchenko-serif-479397
[2026-08-30T11:46:00Z] #3 attempt=1/2 status=200 1.101s url=https://www.myfonts.com/collections/donchenko-serif-font-donchenko/
[2026-08-30T11:46:02Z] #4 attempt=1/2 status=200 1.074s url=https://www.myfonts.com/collections/donchenko-serif-font-donchenko/?tab=techSpecs
[2026-08-30T11:46:03Z] #5 attempt=1/2 status=200 0.630s url=https://www.myfonts.com/products/charco-complete-family-package-1212697
[2026-08-30T11:46:04Z] #6 attempt=1/2 status=200 0.728s url=https://www.myfonts.com/collections/charco-font-waftype/
[2026-08-30T11:46:05Z] #7 attempt=1/2 status=200 0.308s url=https://www.myfonts.com/collections/charco-font-waftype/?tab=techSpecs
[2026-08-30T11:46:06Z] #8 attempt=1/2 status=200 0.648s url=https://www.myfonts.com/products/acherus-standard-vf-package-1212695
[2026-08-30T11:46:07Z] #9 attempt=1/2 status=200 0.902s url=https://www.myfonts.com/collections/acherus-grotesque-font-horizon-type/
[2026-08-30T11:46:09Z] #10 attempt=1/2 status=200 1.173s url=https://www.myfonts.com/collections/acherus-grotesque-font-horizon-type/?tab=techSpecs
[2026-08-30T11:46:10Z] #11 attempt=1/2 status=200 0.650s url=https://www.myfonts.com/products/9extendedmabsam-package-1212649
[2026-08-30T11:46:12Z] #12 attempt=1/2 status=200 1.008s url=https://www.myfonts.com/collections/hs-mabsam-font-hiba-studio/
[2026-08-30T11:46:13Z] #13 attempt=1/2 status=200 1.053s url=https://www.myfonts.com/collections/hs-mabsam-font-hiba-studio/?tab=techSpecs
[2026-08-30T11:46:14Z] #14 attempt=1/2 status=200 0.430s url=https://www.myfonts.com/products/regular-rosbeg-1212691
[2026-08-30T11:46:15Z] #15 attempt=1/2 status=200 0.473s url=https://www.myfonts.com/collections/rosbeg-font-aiquitype/
[2026-08-30T11:46:16Z] #16 attempt=1/2 status=200 0.437s url=https://www.myfonts.com/collections/rosbeg-font-aiquitype/?tab=techSpecs
[2026-08-30T11:46:17Z] #17 attempt=1/2 status=200 0.698s url=https://www.myfonts.com/products/maverse-complete-family-package-1212291
[2026-08-30T11:46:18Z] #18 attempt=1/2 status=200 0.847s url=https://www.myfonts.com/collections/maverse-font-metypeverse/
[2026-08-30T11:46:19Z] #19 attempt=1/2 status=200 1.158s url=https://www.myfonts.com/collections/maverse-font-metypeverse/?tab=techSpecs
[2026-08-30T11:46:21Z] #20 attempt=1/2 status=200 0.575s url=https://www.myfonts.com/products/lancero-complete-family-package-1212598
[2026-08-30T11:46:21Z] #21 attempt=1/2 status=200 0.546s url=https://www.myfonts.com/collections/lancero-font-ragamkata/
[2026-08-30T11:46:22Z] #22 attempt=1/2 status=200 0.499s url=https://www.myfonts.com/collections/lancero-font-ragamkata/?tab=techSpecs
[2026-08-30T11:46:24Z] #23 attempt=1/2 status=200 0.750s url=https://www.myfonts.com/products/hardren-complete-family-package-1211487
[2026-08-30T11:46:25Z] #24 attempt=1/2 status=200 1.177s url=https://www.myfonts.com/collections/hardren-font-horizon-type/
[2026-08-30T11:46:26Z] #25 attempt=1/2 status=200 0.321s url=https://www.myfonts.com/collections/hardren-font-horizon-type/?tab=techSpecs
[2026-08-30T11:46:27Z] #26 attempt=1/2 status=200 0.707s url=https://www.myfonts.com/products/takatokyo-kaku-complete-family-package-1211240
[2026-08-30T11:46:28Z] #27 attempt=1/2 status=200 0.522s url=https://www.myfonts.com/collections/takatokyo-kaku-font-taka-design-production/
[2026-08-30T11:46:29Z] #28 attempt=1/2 status=200 0.547s url=https://www.myfonts.com/collections/takatokyo-kaku-font-taka-design-production/?tab=techSpecs
[2026-08-30T11:46:30Z] #29 attempt=1/2 status=200 0.446s url=https://www.myfonts.com/products/makovani-complete-family-package-1211798
[2026-08-30T11:46:31Z] #30 attempt=1/2 status=200 0.735s url=https://www.myfonts.com/collections/makovani-font-made-deduk/
[2026-08-30T11:46:32Z] #31 attempt=1/2 status=200 0.448s url=https://www.myfonts.com/collections/makovani-font-made-deduk/?tab=techSpecs
[2026-08-30T11:46:33Z] #32 attempt=1/2 status=200 0.716s url=https://www.myfonts.com/products/takaginza-kaku-complete-family-package-1211237
[2026-08-30T11:46:34Z] #33 attempt=1/2 status=200 0.824s url=https://www.myfonts.com/collections/takaginza-kaku-m-font-taka-design-production/
[2026-08-30T11:46:35Z] #34 attempt=1/2 status=200 0.539s url=https://www.myfonts.com/collections/takaginza-kaku-m-font-taka-design-production/?tab=techSpecs
[2026-08-30T11:46:36Z] #35 attempt=1/2 status=200 0.566s url=https://www.myfonts.com/products/grand-major-complete-family-package-1212319
[2026-08-30T11:46:37Z] #36 attempt=1/2 status=200 0.412s url=https://www.myfonts.com/collections/grand-major-font-sensatype-studio/
[2026-08-30T11:46:38Z] #37 attempt=1/2 status=200 0.244s url=https://www.myfonts.com/collections/grand-major-font-sensatype-studio/?tab=techSpecs
[2026-08-30T11:46:39Z] #38 attempt=1/2 status=200 0.490s url=https://www.myfonts.com/products/fn-outserif-complete-family-package-1212605
[2026-08-30T11:46:39Z] #39 attempt=1/2 status=200 0.476s url=https://www.myfonts.com/collections/fn-outserif-font-typefoon/
[2026-08-30T11:46:40Z] #40 attempt=1/2 status=200 0.544s url=https://www.myfonts.com/collections/fn-outserif-font-typefoon/?tab=techSpecs
[2026-08-30T11:46:43Z] #41 attempt=1/2 status=200 1.929s url=https://www.myfonts.com/products/avelrune-complete-family-package-1211573
[2026-08-30T11:46:47Z] #42 attempt=1/2 status=200 3.651s url=https://www.myfonts.com/collections/avelrune-font-ajibatype/
[2026-08-30T11:46:48Z] #43 attempt=1/2 status=200 0.555s url=https://www.myfonts.com/collections/avelrune-font-ajibatype/?tab=techSpecs
[2026-08-30T11:46:50Z] #44 attempt=1/2 status=200 0.532s url=https://www.myfonts.com/products/sx-roomie-complete-family-package-1211493
[2026-08-30T11:46:50Z] #45 attempt=1/2 status=200 0.532s url=https://www.myfonts.com/collections/sx-roomie-font-sixtype-foundry/
[2026-08-30T11:46:51Z] #46 attempt=1/2 status=200 0.263s url=https://www.myfonts.com/collections/sx-roomie-font-sixtype-foundry/?tab=techSpecs
[2026-08-30T11:46:54Z] #47 attempt=1/2 status=200 2.334s url=https://www.myfonts.com/products/normal-package-1212604
[2026-08-30T11:46:58Z] #48 attempt=1/2 status=500 3.422s url=https://www.myfonts.com/collections/govelia-font-tm-type/
[2026-08-30T11:46:58Z] #49 attempt=1/2 status=404 0.493s url=https://www.myfonts.com/collections/normal-font-tm-type
[2026-08-30T11:46:59Z] #50 attempt=1/2 status=200 0.736s url=https://www.myfonts.com/products/breaffy-complete-family-package-1212103
[2026-08-30T11:47:00Z] #51 attempt=1/2 status=200 0.790s url=https://www.myfonts.com/collections/breaffy-font-designomatt/
[2026-08-30T11:47:01Z] #52 attempt=1/2 status=200 0.692s url=https://www.myfonts.com/collections/breaffy-font-designomatt/?tab=techSpecs
[2026-08-30T11:47:03Z] #53 attempt=1/2 status=200 0.436s url=https://www.myfonts.com/products/takayurakucho-kaku-complete-family-package-1211235
[2026-08-30T11:47:03Z] #54 attempt=1/2 status=200 0.675s url=https://www.myfonts.com/collections/takayurakucho-kaku-font-taka-design-production/
[2026-08-30T11:47:04Z] #55 attempt=1/2 status=200 0.588s url=https://www.myfonts.com/collections/takayurakucho-kaku-font-taka-design-production/?tab=techSpecs
[2026-08-30T11:47:06Z] #56 attempt=1/2 status=200 1.035s url=https://www.myfonts.com/products/rascon-complete-family-package-1211867
[2026-08-30T11:47:08Z] #57 attempt=1/2 status=200 1.791s url=https://www.myfonts.com/collections/rascon-font-areatype/
[2026-08-30T11:47:10Z] #58 attempt=1/2 status=200 1.765s url=https://www.myfonts.com/collections/rascon-font-areatype/?tab=techSpecs
[2026-08-30T11:47:12Z] #59 attempt=1/2 status=200 0.886s url=https://www.myfonts.com/products/dravion-soft-complete-family-package-1211348
[2026-08-30T11:47:14Z] #60 attempt=1/2 status=200 1.590s url=https://www.myfonts.com/collections/dravion-soft-font-keren-studio/
[2026-08-30T11:47:15Z] #61 attempt=1/2 status=200 0.429s url=https://www.myfonts.com/collections/dravion-soft-font-keren-studio/?tab=techSpecs
[2026-08-30T11:47:16Z] #62 attempt=1/2 status=200 0.575s url=https://www.myfonts.com/products/toplica-pro-complete-family-package-1211512
[2026-08-30T11:47:17Z] #63 attempt=1/2 status=200 0.671s url=https://www.myfonts.com/collections/toplica-pro-font-jovica-veljovic/
[2026-08-30T11:47:18Z] #64 attempt=1/2 status=200 0.282s url=https://www.myfonts.com/collections/toplica-pro-font-jovica-veljovic/?tab=techSpecs
[2026-08-30T11:47:20Z] #65 attempt=1/2 status=200 1.957s url=https://www.myfonts.com/products/novestia-complete-family-package-1211230
[2026-08-30T11:47:24Z] #66 attempt=1/2 status=200 2.784s url=https://www.myfonts.com/collections/novestia-font-nia-typework/
[2026-08-30T11:47:28Z] #67 attempt=1/2 status=200 3.367s url=https://www.myfonts.com/collections/novestia-font-nia-typework/?tab=techSpecs
[2026-08-30T11:47:30Z] #68 attempt=1/2 status=200 1.770s url=https://www.myfonts.com/products/helsika-condensed-version-package-1212288
[2026-08-30T11:47:33Z] #69 attempt=1/2 status=200 2.732s url=https://www.myfonts.com/collections/helsika-font-great-studio/
[2026-08-30T11:47:35Z] #70 attempt=1/2 status=200 0.615s url=https://www.myfonts.com/collections/helsika-font-great-studio/?tab=techSpecs
[2026-08-30T11:47:36Z] #71 attempt=1/2 status=200 0.496s url=https://www.myfonts.com/products/baluthi-complete-family-package-1211474
[2026-08-30T11:47:37Z] #72 attempt=1/2 status=200 0.822s url=https://www.myfonts.com/collections/baluthi-font-artisan-themes/
[2026-08-30T11:47:38Z] #73 attempt=1/2 status=200 0.285s url=https://www.myfonts.com/collections/baluthi-font-artisan-themes/?tab=techSpecs
[2026-08-30T11:47:39Z] #74 attempt=1/2 status=200 0.501s url=https://www.myfonts.com/products/almai-complete-family-package-1212650
[2026-08-30T11:47:40Z] #75 attempt=1/2 status=200 0.509s url=https://www.myfonts.com/collections/almai-font-eisa-aleisa/
[2026-08-30T11:47:41Z] #76 attempt=1/2 status=200 0.485s url=https://www.myfonts.com/collections/almai-font-eisa-aleisa/?tab=techSpecs
[2026-08-30T11:47:42Z] #77 attempt=1/2 status=200 0.433s url=https://www.myfonts.com/products/staygrov-complete-family-package-1211343
[2026-08-30T11:47:43Z] #78 attempt=1/2 status=200 0.517s url=https://www.myfonts.com/collections/staygrov-font-jinan-studio/
[2026-08-30T11:47:43Z] #79 attempt=1/2 status=200 0.311s url=https://www.myfonts.com/collections/staygrov-font-jinan-studio/?tab=techSpecs
[2026-08-30T11:47:45Z] #80 attempt=1/2 status=200 0.484s url=https://www.myfonts.com/products/changke-anitsuka-complete-family-package-1211761
[2026-08-30T11:47:45Z] #81 attempt=1/2 status=200 0.497s url=https://www.myfonts.com/collections/changke-anitsuka-font-letterena-studios/
[2026-08-30T11:47:46Z] #82 attempt=1/2 status=200 0.453s url=https://www.myfonts.com/collections/changke-anitsuka-font-letterena-studios/?tab=techSpecs
[2026-08-30T11:47:47Z] #83 attempt=1/2 status=200 0.424s url=https://www.myfonts.com/products/boleta-academy-complete-family-package-1211478
[2026-08-30T11:47:48Z] #84 attempt=1/2 status=200 0.526s url=https://www.myfonts.com/collections/boleta-academy-font-kaletre/
[2026-08-30T11:47:49Z] #85 attempt=1/2 status=200 0.552s url=https://www.myfonts.com/collections/boleta-academy-font-kaletre/?tab=techSpecs
[2026-08-30T11:47:50Z] #86 attempt=1/2 status=200 0.389s url=https://www.myfonts.com/products/cronfrom-complete-family-package-1212082
[2026-08-30T11:47:51Z] #87 attempt=1/2 status=200 0.423s url=https://www.myfonts.com/collections/cronfrom-font-maulana-creative/
[2026-08-30T11:47:51Z] #88 attempt=1/2 status=200 0.457s url=https://www.myfonts.com/collections/cronfrom-font-maulana-creative/?tab=techSpecs
[2026-08-30T11:47:53Z] #89 attempt=1/2 status=200 0.518s url=https://www.myfonts.com/products/grand-madellin-complete-family-package-1212322
[2026-08-30T11:47:53Z] #90 attempt=1/2 status=200 0.628s url=https://www.myfonts.com/collections/grand-madellin-font-unitype-studio/
[2026-08-30T11:47:54Z] #91 attempt=1/2 status=200 0.700s url=https://www.myfonts.com/collections/grand-madellin-font-unitype-studio/?tab=techSpecs
[2026-08-30T11:47:56Z] #92 attempt=1/2 status=200 1.151s url=https://www.myfonts.com/products/megiola-complete-family-package-1211207
[2026-08-30T11:48:00Z] #93 attempt=1/2 status=200 3.016s url=https://www.myfonts.com/collections/megiola-font-nia-typework/
[2026-08-30T11:48:03Z] #94 attempt=1/2 status=200 2.764s url=https://www.myfonts.com/collections/megiola-font-nia-typework/?tab=techSpecs
[2026-08-30T11:48:04Z] #95 attempt=1/2 status=200 0.530s url=https://www.myfonts.com/products/amoora-complete-family-package-1211290
[2026-08-30T11:48:05Z] #96 attempt=1/2 status=200 0.463s url=https://www.myfonts.com/collections/amoora-font-font-liner/
[2026-08-30T11:48:06Z] #97 attempt=1/2 status=200 0.262s url=https://www.myfonts.com/collections/amoora-font-font-liner/?tab=techSpecs
[2026-08-30T11:48:07Z] #98 attempt=1/2 status=200 0.516s url=https://www.myfonts.com/products/mogrel-complete-family-package-1211294
[2026-08-30T11:48:08Z] #99 attempt=1/2 status=200 0.517s url=https://www.myfonts.com/collections/mogrel-font-vermilione/
[2026-08-30T11:48:08Z] #100 attempt=1/2 status=200 0.320s url=https://www.myfonts.com/collections/mogrel-font-vermilione/?tab=techSpecs
[2026-08-30T11:48:10Z] #101 attempt=1/2 status=200 0.613s url=https://www.myfonts.com/products/sonko-complete-family-package-1211776
[2026-08-30T11:48:11Z] #102 attempt=1/2 status=200 0.538s url=https://www.myfonts.com/collections/sonko-font-oka-ayase/
[2026-08-30T11:48:11Z] #103 attempt=1/2 status=200 0.492s url=https://www.myfonts.com/collections/sonko-font-oka-ayase/?tab=techSpecs
[2026-08-30T11:48:13Z] #104 attempt=1/2 status=200 0.754s url=https://www.myfonts.com/products/mont-complete-family-package-1211206
[2026-08-30T11:48:14Z] #105 attempt=1/2 status=200 1.154s url=https://www.myfonts.com/collections/mont-font-fontfabric/
[2026-08-30T11:48:15Z] #106 attempt=1/2 status=200 0.865s url=https://www.myfonts.com/collections/mont-font-fontfabric/?tab=techSpecs
[2026-08-30T11:48:17Z] #107 attempt=1/2 status=200 0.445s url=https://www.myfonts.com/products/retro-bold-complete-family-package-1211286
[2026-08-30T11:48:17Z] #108 attempt=1/2 status=200 0.524s url=https://www.myfonts.com/collections/retro-bold-font-itc/
[2026-08-30T11:48:18Z] #109 attempt=1/2 status=200 0.304s url=https://www.myfonts.com/collections/retro-bold-font-itc/?tab=techSpecs
[2026-08-30T11:48:19Z] #110 attempt=1/2 status=200 0.612s url=https://www.myfonts.com/products/the-saltwater-society-complete-family-package-1211502
[2026-08-30T11:48:20Z] #111 attempt=1/2 status=200 0.473s url=https://www.myfonts.com/collections/the-saltwater-society-font-medialabco/
[2026-08-30T11:48:21Z] #112 attempt=1/2 status=200 0.524s url=https://www.myfonts.com/collections/the-saltwater-society-font-medialabco/?tab=techSpecs
[2026-08-30T11:48:22Z] #113 attempt=1/2 status=200 0.441s url=https://www.myfonts.com/products/slugora-complete-family-package-1211787
[2026-08-30T11:48:23Z] #114 attempt=1/2 status=200 0.476s url=https://www.myfonts.com/collections/slugora-font-sixtype-foundry/
[2026-08-30T11:48:23Z] #115 attempt=1/2 status=200 0.261s url=https://www.myfonts.com/collections/slugora-font-sixtype-foundry/?tab=techSpecs
[2026-08-30T11:48:25Z] #116 attempt=1/2 status=200 0.636s url=https://www.myfonts.com/products/marvelous-wonder-complete-family-package-1212585
[2026-08-30T11:48:26Z] #117 attempt=1/2 status=200 0.761s url=https://www.myfonts.com/collections/marvelous-wonder-font-unitype-studio/
[2026-08-30T11:48:27Z] #118 attempt=1/2 status=200 0.716s url=https://www.myfonts.com/collections/marvelous-wonder-font-unitype-studio/?tab=techSpecs
[2026-08-30T11:48:28Z] #119 attempt=1/2 status=200 0.537s url=https://www.myfonts.com/products/lucent-nocturn-complete-family-package-1212610
[2026-08-30T11:48:29Z] #120 attempt=1/2 status=200 0.512s url=https://www.myfonts.com/collections/lucent-nocturn-font-denustudio/
[2026-08-30T11:48:30Z] #121 attempt=1/2 status=200 0.595s url=https://www.myfonts.com/collections/lucent-nocturn-font-denustudio/?tab=techSpecs
[2026-08-30T11:48:31Z] #122 attempt=1/2 status=200 0.568s url=https://www.myfonts.com/products/romantic-romance-complete-family-package-1212087
[2026-08-30T11:48:32Z] #123 attempt=1/2 status=200 1.043s url=https://www.myfonts.com/collections/romantic-romance-font-vp-creative-shop/
[2026-08-30T11:48:33Z] #124 attempt=1/2 status=200 0.664s url=https://www.myfonts.com/collections/romantic-romance-font-vp-creative-shop/?tab=techSpecs
[2026-08-30T11:48:35Z] #125 attempt=1/2 status=200 0.702s url=https://www.myfonts.com/products/some-full-daily-complete-family-package-1211725
[2026-08-30T11:48:35Z] #126 attempt=1/2 status=200 0.477s url=https://www.myfonts.com/collections/some-full-daily-font-letterena-studios/
[2026-08-30T11:48:36Z] #127 attempt=1/2 status=200 0.539s url=https://www.myfonts.com/collections/some-full-daily-font-letterena-studios/?tab=techSpecs
[2026-08-30T11:48:38Z] #128 attempt=1/2 status=200 0.802s url=https://www.myfonts.com/products/fn-oddrama-complete-family-package-1212613
[2026-08-30T11:48:38Z] #129 attempt=1/2 status=200 0.510s url=https://www.myfonts.com/collections/fn-oddrama-font-typefoon/
[2026-08-30T11:48:40Z] #130 attempt=1/2 status=200 0.979s url=https://www.myfonts.com/collections/fn-oddrama-font-typefoon/?tab=techSpecs
[2026-08-30T11:48:41Z] #131 attempt=1/2 status=200 0.641s url=https://www.myfonts.com/products/falefion-complete-family-package-1211764
[2026-08-30T11:48:42Z] #132 attempt=1/2 status=200 0.922s url=https://www.myfonts.com/collections/falefion-font-madjack-font/
[2026-08-30T11:48:43Z] #133 attempt=1/2 status=200 0.676s url=https://www.myfonts.com/collections/falefion-font-madjack-font/?tab=techSpecs
[2026-08-30T11:48:46Z] #134 attempt=1/2 status=200 1.550s url=https://www.myfonts.com/products/extricate-complete-family-package-1211802
[2026-08-30T11:48:48Z] #135 attempt=1/2 status=200 2.412s url=https://www.myfonts.com/collections/extricate-font-eyetype/
[2026-08-30T11:48:50Z] #136 attempt=1/2 status=200 0.941s url=https://www.myfonts.com/collections/extricate-font-eyetype/?tab=techSpecs
[2026-08-30T11:48:51Z] #137 attempt=1/2 status=200 0.477s url=https://www.myfonts.com/products/murisa-agnelli-complete-family-package-1211505
[2026-08-30T11:48:52Z] #138 attempt=1/2 status=200 0.492s url=https://www.myfonts.com/collections/murisa-agnelli-font-murisa-studio/
[2026-08-30T11:48:53Z] #139 attempt=1/2 status=200 0.498s url=https://www.myfonts.com/collections/murisa-agnelli-font-murisa-studio/?tab=techSpecs
[2026-08-30T11:48:54Z] #140 attempt=1/2 status=200 0.749s url=https://www.myfonts.com/products/evertype-complete-family-package-1211347
[2026-08-30T11:48:56Z] #141 attempt=1/2 status=200 1.274s url=https://www.myfonts.com/collections/evertype-font-vp-creative-shop/
[2026-08-30T11:48:56Z] #142 attempt=1/2 status=200 0.276s url=https://www.myfonts.com/collections/evertype-font-vp-creative-shop/?tab=techSpecs
[2026-08-30T11:48:58Z] #143 attempt=1/2 status=200 0.486s url=https://www.myfonts.com/products/ralley-empathy-complete-family-package-1211483
[2026-08-30T11:48:58Z] #144 attempt=1/2 status=200 0.474s url=https://www.myfonts.com/collections/ralley-empathy-font-letterena-studios/
[2026-08-30T11:48:59Z] #145 attempt=1/2 status=200 0.517s url=https://www.myfonts.com/collections/ralley-empathy-font-letterena-studios/?tab=techSpecs
[2026-08-30T11:49:00Z] #146 attempt=1/2 status=200 0.524s url=https://www.myfonts.com/products/mltp-tuekila-zeland-complete-family-package-1211508
[2026-08-30T11:49:01Z] #147 attempt=1/2 status=200 0.507s url=https://www.myfonts.com/collections/mltp-tuekila-zeland-font-multype-studio/
[2026-08-30T11:49:02Z] #148 attempt=1/2 status=200 0.317s url=https://www.myfonts.com/collections/mltp-tuekila-zeland-font-multype-studio/?tab=techSpecs
[2026-08-30T11:49:04Z] #149 attempt=1/6 status=200 1.052s url=https://www.myfonts.com/products.json?limit=100&page=2
[2026-08-30T11:49:05Z] #150 attempt=1/6 status=200 1.015s url=https://www.myfonts.com/products.json?limit=100&page=3
[2026-08-30T11:49:07Z] #151 attempt=1/6 status=200 1.338s url=https://www.myfonts.com/products.json?limit=100&page=4
[2026-08-30T11:49:09Z] #152 attempt=1/6 status=200 0.984s url=https://www.myfonts.com/products.json?limit=100&page=5
[2026-08-30T11:49:09Z] #153 attempt=1/2 status=200 0.518s url=https://www.myfonts.com/products/regular-reglass-1212085
[2026-08-30T11:49:10Z] #154 attempt=1/2 status=200 0.401s url=https://www.myfonts.com/collections/reglass-font-gleb-guralnyk/
[2026-08-30T11:49:11Z] #155 attempt=1/2 status=200 0.371s url=https://www.myfonts.com/collections/reglass-font-gleb-guralnyk/?tab=techSpecs
[2026-08-30T11:49:12Z] #156 attempt=1/6 status=200 0.986s url=https://www.myfonts.com/products.json?limit=100&page=6
[2026-08-30T11:49:14Z] #157 attempt=1/6 status=200 0.951s url=https://www.myfonts.com/products.json?limit=100&page=7
[2026-08-30T11:49:16Z] #158 attempt=1/6 status=200 1.053s url=https://www.myfonts.com/products.json?limit=100&page=8
[2026-08-30T11:49:16Z] #159 attempt=1/2 status=200 0.432s url=https://www.myfonts.com/products/regular-heiya-1211477
[2026-08-30T11:49:17Z] #160 attempt=1/2 status=200 0.432s url=https://www.myfonts.com/collections/heiya-font-olivetype/
[2026-08-30T11:49:18Z] #161 attempt=1/2 status=200 0.435s url=https://www.myfonts.com/collections/heiya-font-olivetype/?tab=techSpecs
[2026-08-30T11:49:19Z] #162 attempt=1/6 status=200 1.143s url=https://www.myfonts.com/products.json?limit=100&page=9
[2026-08-30T11:49:20Z] #163 attempt=1/2 status=200 0.434s url=https://www.myfonts.com/products/regular-coach-1211435
[2026-08-30T11:49:21Z] #164 attempt=1/2 status=200 0.469s url=https://www.myfonts.com/collections/coach-font-sensatype-studio/
[2026-08-30T11:49:22Z] #165 attempt=1/2 status=200 0.447s url=https://www.myfonts.com/collections/coach-font-sensatype-studio/?tab=techSpecs
[2026-08-30T11:49:22Z] #166 attempt=1/2 status=200 0.450s url=https://www.myfonts.com/products/regular-biluck-1212086
[2026-08-30T11:49:23Z] #167 attempt=1/2 status=200 0.384s url=https://www.myfonts.com/collections/biluck-font-letternesia-studio/
[2026-08-30T11:49:24Z] #168 attempt=1/2 status=200 0.467s url=https://www.myfonts.com/collections/biluck-font-letternesia-studio/?tab=techSpecs
[2026-08-30T11:49:25Z] #169 attempt=1/2 status=200 0.417s url=https://www.myfonts.com/products/regular-gasto-fadena-1211757
[2026-08-30T11:49:25Z] #170 attempt=1/2 status=200 0.470s url=https://www.myfonts.com/collections/gasto-fadena-font-maulana-creative/
[2026-08-30T11:49:26Z] #171 attempt=1/2 status=200 0.322s url=https://www.myfonts.com/collections/gasto-fadena-font-maulana-creative/?tab=techSpecs
[2026-08-30T11:49:28Z] #172 attempt=1/6 status=200 0.988s url=https://www.myfonts.com/products.json?limit=100&page=10
[2026-08-30T11:49:28Z] #173 attempt=1/2 status=200 0.474s url=https://www.myfonts.com/products/regular-brutally-ursa-1211537
[2026-08-30T11:49:29Z] #174 attempt=1/2 status=200 0.411s url=https://www.myfonts.com/collections/brutally-ursa-font-alit-design/
[2026-08-30T11:49:30Z] #175 attempt=1/2 status=200 0.705s url=https://www.myfonts.com/collections/brutally-ursa-font-alit-design/?tab=techSpecs
[2026-08-30T11:49:31Z] #176 attempt=1/2 status=200 0.396s url=https://www.myfonts.com/products/regular-sinnora-delloris-1212317
[2026-08-30T11:49:32Z] #177 attempt=1/2 status=200 0.440s url=https://www.myfonts.com/collections/sinnora-delloris-font-sensatype-studio/
[2026-08-30T11:49:32Z] #178 attempt=1/2 status=200 0.434s url=https://www.myfonts.com/collections/sinnora-delloris-font-sensatype-studio/?tab=techSpecs
[2026-08-30T11:49:33Z] #179 attempt=1/2 status=200 0.467s url=https://www.myfonts.com/products/regular-sportball-1212316
[2026-08-30T11:49:34Z] #180 attempt=1/2 status=200 0.449s url=https://www.myfonts.com/collections/sportball-font-sensatype-studio/
[2026-08-30T11:49:35Z] #181 attempt=1/2 status=200 0.389s url=https://www.myfonts.com/collections/sportball-font-sensatype-studio/?tab=techSpecs
[2026-08-30T11:49:36Z] #182 attempt=1/2 status=200 0.458s url=https://www.myfonts.com/products/regular-malviro-1212290
[2026-08-30T11:49:36Z] #183 attempt=1/2 status=200 0.472s url=https://www.myfonts.com/collections/malviro-font-arif-novianto/
[2026-08-30T11:49:37Z] #184 attempt=1/2 status=200 0.410s url=https://www.myfonts.com/collections/malviro-font-arif-novianto/?tab=techSpecs
[2026-08-30T11:49:38Z] #185 attempt=1/2 status=200 0.491s url=https://www.myfonts.com/products/regular-life-mission-1212616
[2026-08-30T11:49:39Z] #186 attempt=1/2 status=200 0.469s url=https://www.myfonts.com/collections/life-mission-font-epiclinez/
[2026-08-30T11:49:39Z] #187 attempt=1/2 status=200 0.484s url=https://www.myfonts.com/collections/life-mission-font-epiclinez/?tab=techSpecs
[2026-08-30T11:49:40Z] #188 attempt=1/2 status=200 0.486s url=https://www.myfonts.com/products/regular-west-coast-1212609
[2026-08-30T11:49:41Z] #189 attempt=1/2 status=200 0.452s url=https://www.myfonts.com/collections/west-coast-font-letterzep-studio/
[2026-08-30T11:49:41Z] #190 attempt=1/2 status=429 0.052s url=https://www.myfonts.com/collections/west-coast-font-letterzep-studio/?tab=techSpecs
[2026-08-30T11:49:41Z] first_429 req=190 url=https://www.myfonts.com/collections/west-coast-font-letterzep-studio/?tab=techSpecs
[2026-08-30T11:49:44Z] #191 attempt=2/2 status=200 0.439s url=https://www.myfonts.com/collections/west-coast-font-letterzep-studio/?tab=techSpecs
[2026-08-30T11:49:45Z] #192 attempt=1/2 status=200 0.417s url=https://www.myfonts.com/products/regular-kazuro-1212603
[2026-08-30T11:49:46Z] #193 attempt=1/2 status=200 0.428s url=https://www.myfonts.com/collections/kazuro-font-alit-design/
[2026-08-30T11:49:47Z] #194 attempt=1/6 status=200 0.954s url=https://www.myfonts.com/products.json?limit=100&page=11
[2026-08-30T11:49:48Z] #195 attempt=1/2 status=200 0.433s url=https://www.myfonts.com/products/regular-louberty-slab-1212337
[2026-08-30T11:49:48Z] #196 attempt=1/2 status=200 0.376s url=https://www.myfonts.com/collections/louberty-slab-font-unitype-studio/
[2026-08-30T11:49:49Z] #197 attempt=1/2 status=200 0.487s url=https://www.myfonts.com/products/regular-codge-1212318
[2026-08-30T11:49:49Z] #198 attempt=1/2 status=429 0.045s url=https://www.myfonts.com/collections/codge-font-sensatype-studio/
[2026-08-30T11:49:52Z] #199 attempt=2/2 status=200 0.522s url=https://www.myfonts.com/collections/codge-font-sensatype-studio/
[2026-08-30T11:49:53Z] #200 attempt=1/2 status=200 0.485s url=https://www.myfonts.com/products/cardelo-complete-family-package-1212076
[2026-08-30T11:49:53Z] #201 attempt=1/2 status=200 0.489s url=https://www.myfonts.com/collections/cardelo-font-tini-fitriani/
[2026-08-30T11:49:54Z] #202 attempt=1/2 status=200 0.451s url=https://www.myfonts.com/products/aristoteles-complete-family-package-1211566
[2026-08-30T11:49:54Z] #203 attempt=1/2 status=429 0.050s url=https://www.myfonts.com/collections/aristoteles-font-struggle-studio/
[2026-08-30T11:49:57Z] #204 attempt=2/2 status=200 0.592s url=https://www.myfonts.com/collections/aristoteles-font-struggle-studio/
[2026-08-30T11:49:58Z] #205 attempt=1/2 status=200 0.420s url=https://www.myfonts.com/products/krisle-complete-family-package-1211570
[2026-08-30T11:49:59Z] #206 attempt=1/2 status=200 0.548s url=https://www.myfonts.com/collections/krisle-font-vermilione/
[2026-08-30T11:49:59Z] #207 attempt=1/2 status=200 0.412s url=https://www.myfonts.com/products/morisayib-complete-family-package-1211791
[2026-08-30T11:50:00Z] #208 attempt=1/2 status=200 0.518s url=https://www.myfonts.com/collections/morisayib-font-timelesstype-studio/
[2026-08-30T11:50:00Z] #209 attempt=1/2 status=429 0.049s url=https://www.myfonts.com/products/little-note-complete-family-package-1212079
[2026-08-30T11:50:03Z] #210 attempt=2/2 status=200 0.598s url=https://www.myfonts.com/products/little-note-complete-family-package-1212079
[2026-08-30T11:50:04Z] #211 attempt=1/2 status=200 0.457s url=https://www.myfonts.com/collections/little-note-font-youandigraphics/
[2026-08-30T11:50:05Z] #212 attempt=1/2 status=200 0.433s url=https://www.myfonts.com/products/neural-kheva-complete-family-package-1211794
[2026-08-30T11:50:05Z] #213 attempt=1/2 status=200 0.470s url=https://www.myfonts.com/collections/neural-kheva-font-timelesstype-studio/
[2026-08-30T11:50:06Z] #214 attempt=1/2 status=200 0.592s url=https://www.myfonts.com/products/bold-italic-marble-brand-1211561
[2026-08-30T11:50:07Z] #215 attempt=1/2 status=200 0.636s url=https://www.myfonts.com/collections/marble-brand-font-unitype-studio/
[2026-08-30T11:50:08Z] #216 attempt=1/2 status=200 0.502s url=https://www.myfonts.com/products/bold-sugar-magic-serif-1211534
[2026-08-30T11:50:08Z] #217 attempt=1/2 status=200 0.509s url=https://www.myfonts.com/collections/sugar-magic-serif-font-zeenesia-studio/
[2026-08-30T11:50:09Z] #218 attempt=1/2 status=200 0.361s url=https://www.myfonts.com/products/regular-outlaw-major-1211760
[2026-08-30T11:50:09Z] #219 attempt=1/2 status=429 0.042s url=https://www.myfonts.com/collections/outlaw-major-font-flawlessandco/
[2026-08-30T11:50:12Z] #220 attempt=2/2 status=200 0.539s url=https://www.myfonts.com/collections/outlaw-major-font-flawlessandco/
[2026-08-30T11:50:13Z] #221 attempt=1/2 status=200 0.470s url=https://www.myfonts.com/products/slant-meadow-script-1211542
[2026-08-30T11:50:14Z] #222 attempt=1/2 status=200 0.499s url=https://www.myfonts.com/collections/meadow-script-font-letterytz/
[2026-08-30T11:50:14Z] #223 attempt=1/2 status=200 0.419s url=https://www.myfonts.com/products/regular-sabesira-signature-brush-1211540
[2026-08-30T11:50:15Z] #224 attempt=1/2 status=200 0.512s url=https://www.myfonts.com/collections/sabesira-signature-brush-font-tebaltipis-studio/
[2026-08-30T11:50:16Z] #225 attempt=1/2 status=200 0.392s url=https://www.myfonts.com/products/regular-rockavelle-1211797
[2026-08-30T11:50:16Z] #226 attempt=1/2 status=200 0.478s url=https://www.myfonts.com/collections/rockavelle-font-maghrib-type/
[2026-08-30T11:50:18Z] #227 attempt=1/6 status=200 1.058s url=https://www.myfonts.com/products.json?limit=100&page=12
[2026-08-30T11:50:19Z] #228 attempt=1/2 status=200 0.427s url=https://www.myfonts.com/products/regular-karanis-1211758
[2026-08-30T11:50:19Z] #229 attempt=1/2 status=200 0.483s url=https://www.myfonts.com/collections/karanis-font-syafbe/
[2026-08-30T11:50:20Z] #230 attempt=1/2 status=200 0.571s url=https://www.myfonts.com/products/display-pickles-display-1211801
[2026-08-30T11:50:20Z] #231 attempt=1/2 status=429 0.049s url=https://www.myfonts.com/collections/pickles-display-font-youandigraphics/
[2026-08-30T11:50:23Z] #232 attempt=2/2 status=200 0.698s url=https://www.myfonts.com/collections/pickles-display-font-youandigraphics/
[2026-08-30T11:50:24Z] #233 attempt=1/2 status=200 0.478s url=https://www.myfonts.com/products/regular-saltriver-grotesk-1211786
[2026-08-30T11:50:25Z] #234 attempt=1/2 status=200 0.517s url=https://www.myfonts.com/collections/saltriver-grotesk-font-sundaylab/
[2026-08-30T11:50:26Z] #235 attempt=1/6 status=200 0.937s url=https://www.myfonts.com/products.json?limit=100&page=13
[2026-08-30T11:50:27Z] #236 attempt=1/2 status=200 0.407s url=https://www.myfonts.com/products/regular-monure-1211759
[2026-08-30T11:50:28Z] #237 attempt=1/2 status=200 0.505s url=https://www.myfonts.com/collections/monure-font-rasio-studio/
[2026-08-30T11:50:28Z] #238 attempt=1/2 status=200 0.442s url=https://www.myfonts.com/products/regular-wiggly-club-1211545
[2026-08-30T11:50:29Z] #239 attempt=1/2 status=200 0.432s url=https://www.myfonts.com/collections/wiggly-club-font-sekyra-lab/
[2026-08-30T11:50:30Z] #240 attempt=1/2 status=200 0.618s url=https://www.myfonts.com/products/regular-mltp-lakores-1211538
[2026-08-30T11:50:30Z] #241 attempt=1/2 status=200 0.522s url=https://www.myfonts.com/collections/mltp-lakores-font-multype-studio/
[2026-08-30T11:50:31Z] #242 attempt=1/2 status=200 0.599s url=https://www.myfonts.com/products/regular-ez-incallidove-1211492
[2026-08-30T11:50:32Z] #243 attempt=1/2 status=200 0.505s url=https://www.myfonts.com/collections/ez-incallidove-font-zafara-studios/
[2026-08-30T11:50:32Z] #244 attempt=1/2 status=429 0.038s url=https://www.myfonts.com/products/regular-jolly-notes-1211544
[2026-08-30T11:50:35Z] #245 attempt=2/2 status=200 0.441s url=https://www.myfonts.com/products/regular-jolly-notes-1211544
[2026-08-30T11:50:36Z] #246 attempt=1/2 status=200 0.469s url=https://www.myfonts.com/collections/jolly-notes-font-zafira-type/
[2026-08-30T11:50:37Z] #247 attempt=1/6 status=200 1.104s url=https://www.myfonts.com/products.json?limit=100&page=14
[2026-08-30T11:50:38Z] #248 attempt=1/2 status=200 0.521s url=https://www.myfonts.com/products/regular-grimbone-1211305
[2026-08-30T11:50:39Z] #249 attempt=1/2 status=200 0.488s url=https://www.myfonts.com/collections/grimbone-font-arif-novianto/
[2026-08-30T11:50:39Z] #250 attempt=1/2 status=200 0.391s url=https://www.myfonts.com/products/regular-cranko-1211486
[2026-08-30T11:50:40Z] #251 attempt=1/2 status=200 0.498s url=https://www.myfonts.com/collections/cranko-font-rasio-studio/
[2026-08-30T11:50:41Z] #252 attempt=1/2 status=200 0.591s url=https://www.myfonts.com/products/regular-mosley-1211307
[2026-08-30T11:50:42Z] #253 attempt=1/2 status=200 0.555s url=https://www.myfonts.com/collections/mosley-font-maghrib-type/
[2026-08-30T11:50:42Z] #254 attempt=1/2 status=200 0.419s url=https://www.myfonts.com/products/regular-faymora-1211297
[2026-08-30T11:50:43Z] #255 attempt=1/2 status=200 0.441s url=https://www.myfonts.com/collections/faymora-font-asbill-studio/
[2026-08-30T11:50:43Z] #256 attempt=1/2 status=429 0.042s url=https://www.myfonts.com/products/regular-senja-1211306
[2026-08-30T11:50:46Z] #257 attempt=2/2 status=200 0.478s url=https://www.myfonts.com/products/regular-senja-1211306
[2026-08-30T11:50:47Z] #258 attempt=1/2 status=200 0.770s url=https://www.myfonts.com/collections/senja-font-canden-meutuah/
[2026-08-30T11:50:48Z] #259 attempt=1/2 status=200 0.399s url=https://www.myfonts.com/products/regular-alsawsan-1211293
[2026-08-30T11:50:48Z] #260 attempt=1/2 status=200 0.462s url=https://www.myfonts.com/collections/alsawsan-font-eisa-aleisa/
[2026-08-30T11:50:49Z] #261 attempt=1/2 status=200 0.607s url=https://www.myfonts.com/products/chesham-sans-italic-family-package-1211261
[2026-08-30T11:50:50Z] #262 attempt=1/2 status=200 0.819s url=https://www.myfonts.com/collections/chesham-sans-font-quainton-type/
[2026-08-30T11:50:51Z] #263 attempt=1/2 status=200 0.645s url=https://www.myfonts.com/products/crumbly-combo-package-1211205
[2026-08-30T11:50:52Z] #264 attempt=1/2 status=200 0.849s url=https://www.myfonts.com/collections/crumbly-twinkles-font-black-junst/
[2026-08-30T11:50:53Z] #265 attempt=1/2 status=200 0.751s url=https://www.myfonts.com/products/chesna-standard-vf-package-1211190
[2026-08-30T11:50:55Z] #266 attempt=1/2 status=200 1.134s url=https://www.myfonts.com/collections/chesna-grotesk-font-horizon-type/
[2026-08-30T11:50:56Z] #267 attempt=1/2 status=200 0.562s url=https://www.myfonts.com/products/heilo-complete-family-package-1187847
[2026-08-30T11:50:56Z] #268 attempt=1/2 status=200 0.537s url=https://www.myfonts.com/collections/heilo-font-fateh-lab/
[2026-08-30T11:50:58Z] #269 attempt=1/6 status=200 1.095s url=https://www.myfonts.com/products.json?limit=100&page=15
[2026-08-30T11:50:59Z] #270 attempt=1/2 status=200 0.494s url=https://www.myfonts.com/products/katsuno-japan-italic-complete-family-package-1210998
[2026-08-30T11:50:59Z] #271 attempt=1/2 status=200 0.458s url=https://www.myfonts.com/collections/katsuno-japan-italic-font-yoga-letter/
[2026-08-30T11:51:01Z] #272 attempt=1/2 status=200 1.539s url=https://www.myfonts.com/products/grento-complete-family-package-1209492
[2026-08-30T11:51:03Z] #273 attempt=1/2 status=200 1.542s url=https://www.myfonts.com/collections/grento-font-aqeela-studio/
[2026-08-30T11:51:05Z] #274 attempt=1/2 status=200 1.273s url=https://www.myfonts.com/products/expanded-package-1210791
[2026-08-30T11:51:07Z] #275 attempt=1/2 status=200 2.045s url=https://www.myfonts.com/collections/sonne-font-skinny-type/
[2026-08-30T11:51:09Z] #276 attempt=1/6 status=200 1.067s url=https://www.myfonts.com/products.json?limit=100&page=16
[2026-08-30T11:51:09Z] #277 attempt=1/2 status=200 0.452s url=https://www.myfonts.com/products/wispedoodle-complete-family-package-1210690
[2026-08-30T11:51:10Z] #278 attempt=1/2 status=200 0.486s url=https://www.myfonts.com/collections/wispedoodle-font-zorkslide/
[2026-08-30T11:51:11Z] #279 attempt=1/2 status=200 0.813s url=https://www.myfonts.com/products/sub-package-3-package-1209664
[2026-08-30T11:51:13Z] #280 attempt=1/2 status=200 1.129s url=https://www.myfonts.com/collections/editorial-revival-font-maxart/
[2026-08-30T11:51:13Z] #281 attempt=1/2 status=200 0.427s url=https://www.myfonts.com/products/ccs-neue-serave-complete-family-package-1209606
[2026-08-30T11:51:14Z] #282 attempt=1/2 status=200 0.469s url=https://www.myfonts.com/collections/ccs-neue-serave-font-creative-corner-studio/
[2026-08-30T11:51:15Z] #283 attempt=1/2 status=200 0.531s url=https://www.myfonts.com/products/blubero-complete-family-package-1210693
[2026-08-30T11:51:16Z] #284 attempt=1/2 status=200 0.587s url=https://www.myfonts.com/collections/blubero-font-sipanji21/
[2026-08-30T11:51:16Z] #285 attempt=1/2 status=200 0.485s url=https://www.myfonts.com/products/reygrown-complete-family-package-1211001
[2026-08-30T11:51:17Z] #286 attempt=1/2 status=200 0.465s url=https://www.myfonts.com/collections/reygrown-font-tegaki/
[2026-08-30T11:51:19Z] #287 attempt=1/2 status=200 1.440s url=https://www.myfonts.com/products/aplenty-complete-family-package-1210802
[2026-08-30T11:51:22Z] #288 attempt=1/2 status=200 2.548s url=https://www.myfonts.com/collections/aplenty-font-artisan-studio/
[2026-08-30T11:51:25Z] #289 attempt=1/2 status=200 2.617s url=https://www.myfonts.com/products/goldtyne-complete-family-package-1209666
[2026-08-30T11:51:28Z] #290 attempt=1/2 status=200 2.762s url=https://www.myfonts.com/collections/goldtyne-font-bosstypestudio/
[2026-08-30T11:51:29Z] #291 attempt=1/2 status=200 0.679s url=https://www.myfonts.com/products/rounvia-contrast-complete-family-package-1209491
[2026-08-30T11:51:30Z] #292 attempt=1/2 status=200 0.878s url=https://www.myfonts.com/collections/rounvia-contrast-font-kaidosan/
[2026-08-30T11:51:31Z] #293 attempt=1/2 status=200 0.494s url=https://www.myfonts.com/products/unityped-pro-complete-family-package-1209625
[2026-08-30T11:51:32Z] #294 attempt=1/2 status=200 0.531s url=https://www.myfonts.com/collections/unityped-pro-font-tension-type/
[2026-08-30T11:51:33Z] #295 attempt=1/2 status=200 0.463s url=https://www.myfonts.com/products/deltha-complete-family-package-1210803
[2026-08-30T11:51:33Z] #296 attempt=1/2 status=200 0.519s url=https://www.myfonts.com/collections/deltha-font-vultype-co/
[2026-08-30T11:51:34Z] #297 attempt=1/2 status=200 0.417s url=https://www.myfonts.com/products/nora-brindle-complete-family-package-1210687
[2026-08-30T11:51:35Z] #298 attempt=1/2 status=200 0.460s url=https://www.myfonts.com/collections/nora-brindle-font-mei-suseno/
[2026-08-30T11:51:36Z] #299 attempt=1/2 status=200 1.233s url=https://www.myfonts.com/products/dietary-complete-family-package-1210319
[2026-08-30T11:51:38Z] #300 attempt=1/2 status=200 1.783s url=https://www.myfonts.com/collections/dietary-font-groenstudio/
[2026-08-30T11:51:39Z] #301 attempt=1/2 status=200 0.499s url=https://www.myfonts.com/products/gravis-text-complete-family-package-1210420
[2026-08-30T11:51:40Z] #302 attempt=1/2 status=200 0.550s url=https://www.myfonts.com/collections/gravis-text-font-webhance/
[2026-08-30T11:51:41Z] #303 attempt=1/2 status=200 0.540s url=https://www.myfonts.com/products/ot-orthant-complete-family-package-1210661
[2026-08-30T11:51:42Z] #304 attempt=1/2 status=200 0.980s url=https://www.myfonts.com/collections/ot-orthant-font-oz-design/
[2026-08-30T11:51:46Z] #305 attempt=1/2 status=200 3.270s url=https://www.myfonts.com/products/fullgraf-complete-family-package-1211010
[2026-08-30T11:51:49Z] #306 attempt=1/2 status=500 3.132s url=https://www.myfonts.com/collections/fullgraf-font-akbartype/
[2026-08-30T11:51:50Z] #307 attempt=1/2 status=200 0.459s url=https://www.myfonts.com/products/perfect-union-script-complete-family-package-1210438
[2026-08-30T11:51:51Z] #308 attempt=1/2 status=200 0.573s url=https://www.myfonts.com/collections/perfect-union-script-font-ibar-fonts/
[2026-08-30T11:51:51Z] #309 attempt=1/2 status=200 0.413s url=https://www.myfonts.com/products/vyriy-complete-family-package-1209487
[2026-08-30T11:51:52Z] #310 attempt=1/2 status=200 0.489s url=https://www.myfonts.com/collections/vyriy-font-vlad-b/
[2026-08-30T11:51:53Z] #311 attempt=1/2 status=200 0.550s url=https://www.myfonts.com/products/godskin-grotesk-complete-family-package-1209386
[2026-08-30T11:51:54Z] #312 attempt=1/2 status=200 0.732s url=https://www.myfonts.com/collections/godskin-grotesk-font-horizon-type/
[2026-08-30T11:51:55Z] #313 attempt=1/2 status=200 0.506s url=https://www.myfonts.com/products/curve-logic-complete-family-package-1209373
[2026-08-30T11:51:55Z] #314 attempt=1/2 status=200 0.507s url=https://www.myfonts.com/collections/curve-logic-font-isolatype/
[2026-08-30T11:51:56Z] #315 attempt=1/2 status=200 0.466s url=https://www.myfonts.com/products/lunetia-signature-complete-family-package-1211004
[2026-08-30T11:51:57Z] #316 attempt=1/2 status=200 0.495s url=https://www.myfonts.com/collections/lunetia-signature-font-maulana-creative/
[2026-08-30T11:51:57Z] #317 attempt=1/2 status=200 0.443s url=https://www.myfonts.com/products/bouncy-petal-complete-family-package-1210832
[2026-08-30T11:51:58Z] #318 attempt=1/2 status=200 0.477s url=https://www.myfonts.com/collections/bouncy-petal-font-cocodesign/
[2026-08-30T11:52:00Z] #319 attempt=1/2 status=200 1.529s url=https://www.myfonts.com/products/braskion-complete-family-package-1210431
[2026-08-30T11:52:03Z] #320 attempt=1/2 status=200 2.393s url=https://www.myfonts.com/collections/braskion-font-propertype/
[2026-08-30T11:52:04Z] #321 attempt=1/2 status=200 0.522s url=https://www.myfonts.com/products/jingle-wish-complete-family-package-1210658
[2026-08-30T11:52:04Z] #322 attempt=1/2 status=200 0.480s url=https://www.myfonts.com/collections/jingle-wish-font-yoga-letter/
[2026-08-30T11:52:05Z] #323 attempt=1/2 status=200 0.470s url=https://www.myfonts.com/products/catsumi-complete-family-package-1209368
[2026-08-30T11:52:06Z] #324 attempt=1/2 status=200 0.522s url=https://www.myfonts.com/collections/catsumi-font-burntilldead/
[2026-08-30T11:52:07Z] #325 attempt=1/2 status=200 0.702s url=https://www.myfonts.com/products/cubron-grotesk-complete-family-package-1209392
[2026-08-30T11:52:08Z] #326 attempt=1/2 status=200 1.183s url=https://www.myfonts.com/collections/cubron-grotesk-font-horizon-type/
[2026-08-30T11:52:11Z] #327 attempt=1/2 status=200 2.040s url=https://www.myfonts.com/products/gaslighter-complete-family-package-1209667
[2026-08-30T11:52:14Z] #328 attempt=1/2 status=200 3.426s url=https://www.myfonts.com/collections/gaslighter-font-bosstypestudio/
[2026-08-30T11:52:16Z] #329 attempt=1/2 status=200 0.501s url=https://www.myfonts.com/products/kinnielc-complete-family-package-1210540
[2026-08-30T11:52:16Z] #330 attempt=1/2 status=200 0.464s url=https://www.myfonts.com/products/murisa-giancarlo-complete-family-package-1209380
[2026-08-30T11:52:17Z] #331 attempt=1/2 status=200 0.513s url=https://www.myfonts.com/collections/murisa-giancarlo-font-murisa-studio/
[2026-08-30T11:52:18Z] #332 attempt=1/2 status=200 0.505s url=https://www.myfonts.com/products/nexza-complete-family-package-1210794
[2026-08-30T11:52:18Z] #333 attempt=1/2 status=200 0.502s url=https://www.myfonts.com/collections/nexza-font-hamizan/
[2026-08-30T11:52:19Z] #334 attempt=1/2 status=200 0.469s url=https://www.myfonts.com/products/nieuk-complete-family-package-1205527
[2026-08-30T11:52:20Z] #335 attempt=1/2 status=200 0.495s url=https://www.myfonts.com/collections/nieuk-font-multum/
[2026-08-30T11:52:21Z] #336 attempt=1/6 status=200 0.915s url=https://www.myfonts.com/products.json?limit=100&page=17
[2026-08-30T11:52:22Z] #337 attempt=1/2 status=200 0.407s url=https://www.myfonts.com/products/regular-mournveil-1209486
[2026-08-30T11:52:23Z] #338 attempt=1/2 status=200 0.517s url=https://www.myfonts.com/collections/mournveil-font-alchemynoir/
[2026-08-30T11:52:23Z] #339 attempt=1/2 status=200 0.435s url=https://www.myfonts.com/products/regular-complete-destroy-1210318
[2026-08-30T11:52:24Z] #340 attempt=1/2 status=200 0.400s url=https://www.myfonts.com/collections/complete-destroy-font-woodcutter/
[2026-08-30T11:52:26Z] #341 attempt=1/6 status=200 1.064s url=https://www.myfonts.com/products.json?limit=100&page=18
[2026-08-30T11:52:26Z] #342 attempt=1/2 status=200 0.366s url=https://www.myfonts.com/products/regular-rucka-1209372
[2026-08-30T11:52:27Z] #343 attempt=1/2 status=200 0.471s url=https://www.myfonts.com/collections/rucka-font-eotype/
[2026-08-30T11:52:28Z] #344 attempt=1/2 status=200 0.430s url=https://www.myfonts.com/products/regular-roselime-1209379
[2026-08-30T11:52:28Z] #345 attempt=1/2 status=200 0.474s url=https://www.myfonts.com/collections/roselime-font-monolimes/
[2026-08-30T11:52:30Z] #346 attempt=1/6 status=200 1.333s url=https://www.myfonts.com/products.json?limit=100&page=19
[2026-08-30T11:52:31Z] #347 attempt=1/2 status=200 0.379s url=https://www.myfonts.com/products/nmletitchange-regular-nm-let-it-change-1210317
[2026-08-30T11:52:31Z] #348 attempt=1/2 status=200 0.387s url=https://www.myfonts.com/collections/nm-let-it-change-font-norm/
[2026-08-30T11:52:32Z] #349 attempt=1/2 status=200 0.425s url=https://www.myfonts.com/products/regular-quatrix-master-1211009
[2026-08-30T11:52:33Z] #350 attempt=1/2 status=200 0.435s url=https://www.myfonts.com/collections/quatrix-master-font-unitype-studio/
[2026-08-30T11:52:34Z] #351 attempt=1/6 status=200 1.039s url=https://www.myfonts.com/products.json?limit=100&page=20
[2026-08-30T11:52:35Z] #352 attempt=1/2 status=200 0.408s url=https://www.myfonts.com/products/regular-bronks-1209385
[2026-08-30T11:52:36Z] #353 attempt=1/2 status=200 0.401s url=https://www.myfonts.com/collections/bronks-font-zeptonn/
[2026-08-30T11:52:36Z] #354 attempt=1/2 status=200 0.416s url=https://www.myfonts.com/products/regular-pictton-port-1209371
[2026-08-30T11:52:37Z] #355 attempt=1/2 status=200 0.496s url=https://www.myfonts.com/collections/pictton-port-font-attype-studio/
[2026-08-30T11:52:38Z] #356 attempt=1/2 status=200 0.358s url=https://www.myfonts.com/products/belajar-nulis-regular-belajar-nulis-tipis-1209384
[2026-08-30T11:52:38Z] #357 attempt=1/2 status=200 0.459s url=https://www.myfonts.com/collections/belajar-nulis-tipis-font-randy-studio/
[2026-08-30T11:52:40Z] #358 attempt=1/6 status=200 0.909s url=https://www.myfonts.com/products.json?limit=100&page=21
[2026-08-30T11:52:40Z] #359 attempt=1/2 status=200 0.416s url=https://www.myfonts.com/products/regular-pola-words-1209378
[2026-08-30T11:52:41Z] #360 attempt=1/2 status=200 0.489s url=https://www.myfonts.com/collections/pola-words-font-marvadesign/
[2026-08-30T11:52:43Z] #361 attempt=1/6 status=200 0.975s url=https://www.myfonts.com/products.json?limit=100&page=22
[2026-08-30T11:52:43Z] #362 attempt=1/2 status=200 0.382s url=https://www.myfonts.com/products/regular-sparkling-fairy-1209383
[2026-08-30T11:52:44Z] #363 attempt=1/2 status=200 0.441s url=https://www.myfonts.com/collections/sparkling-fairy-font-sarid-ezra/
[2026-08-30T11:52:45Z] #364 attempt=1/2 status=200 0.461s url=https://www.myfonts.com/products/cleangirl-regular-clean-girl-1210316
[2026-08-30T11:52:45Z] #365 attempt=1/2 status=200 0.412s url=https://www.myfonts.com/collections/clean-girl-font-eryn-rose-design/
[2026-08-30T11:52:47Z] #366 attempt=1/6 status=200 0.920s url=https://www.myfonts.com/products.json?limit=100&page=23
[2026-08-30T11:52:48Z] #367 attempt=1/6 status=200 1.045s url=https://www.myfonts.com/products.json?limit=100&page=24
[2026-08-30T11:52:49Z] #368 attempt=1/2 status=200 0.417s url=https://www.myfonts.com/products/regular-figetress-signature-1210994
[2026-08-30T11:52:50Z] #369 attempt=1/2 status=200 0.448s url=https://www.myfonts.com/collections/figetress-signature-font-tebaltipis-studio/
[2026-08-30T11:52:50Z] #370 attempt=1/2 status=200 0.343s url=https://www.myfonts.com/products/regular-ugly-form-1210432
[2026-08-30T11:52:51Z] #371 attempt=1/2 status=200 0.421s url=https://www.myfonts.com/collections/ugly-form-font-timurtype/
[2026-08-30T11:52:51Z] #372 attempt=1/2 status=200 0.411s url=https://www.myfonts.com/products/viktoria-rmu-regular-rmu-viktoria-1210430
[2026-08-30T11:52:52Z] #373 attempt=1/2 status=200 0.445s url=https://www.myfonts.com/collections/rmu-viktoria-font-rmu/
[2026-08-30T11:52:54Z] #374 attempt=1/6 status=200 1.097s url=https://www.myfonts.com/products.json?limit=100&page=25
[2026-08-30T11:52:54Z] summary releases=0 first_429=(190, 'https://www.myfonts.com/collections/west-coast-font-letterzep-studio/?tab=techSpecs', 0.05234575271606445) log_file=state/myfonts_run_20260830_114556.log
[2026-08-30T11:52:54Z] === MyFonts crawl end ===
