[2026-07-11T08:07:13Z] checkpoint fresh next_page=1 path=state/myfonts_crawl_checkpoint.json
[2026-07-11T08:07:13Z] === MyFonts crawl start source=myfonts ===
[2026-07-11T08:07:13Z] config max_pages=25 page_size=100 start_date=2026-07-10 end_date=2026-07-11 api_delay=0.5s detail_delay=0.2s max_debut_checks=400 max_tech_specs_checks=200 reuse_success_profile=False always_enrich_packages=True language_script_signal_mode=strong force_fresh_run=False start_page=1 browser_mode=False browser_headless=True browser_storage_state_path=state/myfonts_storage_state.json
[2026-07-11T08:07:14Z] #1 attempt=1/6 status=200 1.166s url=https://www.myfonts.com/products.json?limit=100&page=1
[2026-07-11T08:07:16Z] #2 attempt=1/2 status=200 1.114s url=https://www.myfonts.com/products/signature-script-font-bundle-package-926204
[2026-07-11T08:07:16Z] #3 attempt=1/2 status=404 0.262s url=https://www.myfonts.com/collections/signature-script-font-bundle-font-lemonthe
[2026-07-11T08:07:17Z] #4 attempt=1/2 status=200 0.397s url=https://www.myfonts.com/products/sf-medad-complete-family-package-1177626
[2026-07-11T08:07:17Z] #5 attempt=1/2 status=200 0.368s url=https://www.myfonts.com/collections/sf-medad-font-sultan-fonts/
[2026-07-11T08:07:18Z] #6 attempt=1/2 status=200 0.164s url=https://www.myfonts.com/collections/sf-medad-font-sultan-fonts/?tab=techSpecs
[2026-07-11T08:07:19Z] #7 attempt=1/2 status=200 0.462s url=https://www.myfonts.com/products/corbie-complete-family-package-1177519
[2026-07-11T08:07:20Z] #8 attempt=1/2 status=200 0.444s url=https://www.myfonts.com/collections/corbie-font-kaisertype/
[2026-07-11T08:07:20Z] #9 attempt=1/2 status=200 0.156s url=https://www.myfonts.com/collections/corbie-font-kaisertype/?tab=techSpecs
[2026-07-11T08:07:22Z] #10 attempt=1/2 status=200 0.467s url=https://www.myfonts.com/products/eglia-complete-family-package-1177496
[2026-07-11T08:07:22Z] #11 attempt=1/2 status=200 0.422s url=https://www.myfonts.com/collections/eglia-font-pandeka-studio/
[2026-07-11T08:07:23Z] #12 attempt=1/2 status=200 0.161s url=https://www.myfonts.com/collections/eglia-font-pandeka-studio/?tab=techSpecs
[2026-07-11T08:07:24Z] #13 attempt=1/2 status=200 0.502s url=https://www.myfonts.com/products/kavorin-complete-family-package-1177419
[2026-07-11T08:07:25Z] #14 attempt=1/2 status=200 0.486s url=https://www.myfonts.com/collections/kavorin-font-solutype/
[2026-07-11T08:07:25Z] #15 attempt=1/2 status=200 0.264s url=https://www.myfonts.com/collections/kavorin-font-solutype/?tab=techSpecs
[2026-07-11T08:07:26Z] #16 attempt=1/2 status=200 0.394s url=https://www.myfonts.com/products/ladya-complete-family-package-1177513
[2026-07-11T08:07:27Z] #17 attempt=1/2 status=200 0.345s url=https://www.myfonts.com/collections/ladya-font-ekahermawan/
[2026-07-11T08:07:28Z] #18 attempt=1/2 status=200 0.214s url=https://www.myfonts.com/collections/ladya-font-ekahermawan/?tab=techSpecs
[2026-07-11T08:07:29Z] #19 attempt=1/2 status=200 0.393s url=https://www.myfonts.com/products/no-fudge-given-pro-complete-family-package-1177314
[2026-07-11T08:07:29Z] #20 attempt=1/2 status=200 0.306s url=https://www.myfonts.com/collections/no-fudge-given-pro-font-hanoded/
[2026-07-11T08:07:30Z] #21 attempt=1/2 status=200 0.177s url=https://www.myfonts.com/collections/no-fudge-given-pro-font-hanoded/?tab=techSpecs
[2026-07-11T08:07:31Z] #22 attempt=1/2 status=200 0.431s url=https://www.myfonts.com/products/cotrepigl-complete-family-package-1177475
[2026-07-11T08:07:32Z] #23 attempt=1/2 status=200 0.582s url=https://www.myfonts.com/collections/cotrepigl-font-product-type/
[2026-07-11T08:07:32Z] #24 attempt=1/2 status=200 0.161s url=https://www.myfonts.com/collections/cotrepigl-font-product-type/?tab=techSpecs
[2026-07-11T08:07:33Z] #25 attempt=1/2 status=200 0.363s url=https://www.myfonts.com/products/soltyer-complete-family-package-1177229
[2026-07-11T08:07:34Z] #26 attempt=1/2 status=200 0.350s url=https://www.myfonts.com/collections/soltyer-font-vermilione/
[2026-07-11T08:07:34Z] #27 attempt=1/2 status=200 0.150s url=https://www.myfonts.com/collections/soltyer-font-vermilione/?tab=techSpecs
[2026-07-11T08:07:35Z] #28 attempt=1/2 status=200 0.302s url=https://www.myfonts.com/products/berlyne-complete-family-package-1177462
[2026-07-11T08:07:36Z] #29 attempt=1/2 status=200 0.336s url=https://www.myfonts.com/collections/berlyne-font-ceeskiiw/
[2026-07-11T08:07:36Z] #30 attempt=1/2 status=200 0.171s url=https://www.myfonts.com/collections/berlyne-font-ceeskiiw/?tab=techSpecs
[2026-07-11T08:07:39Z] #31 attempt=1/2 status=200 1.565s url=https://www.myfonts.com/products/qutors-complete-family-package-1176970
[2026-07-11T08:07:41Z] #32 attempt=1/2 status=200 1.612s url=https://www.myfonts.com/collections/qutors-font-aqeela-studio/
[2026-07-11T08:07:42Z] #33 attempt=1/2 status=200 0.227s url=https://www.myfonts.com/collections/qutors-font-aqeela-studio/?tab=techSpecs
[2026-07-11T08:07:43Z] #34 attempt=1/2 status=200 0.470s url=https://www.myfonts.com/products/refhiza-complete-family-package-1176634
[2026-07-11T08:07:44Z] #35 attempt=1/2 status=200 0.559s url=https://www.myfonts.com/collections/refhiza-font-tm-type/
[2026-07-11T08:07:45Z] #36 attempt=1/2 status=200 0.168s url=https://www.myfonts.com/collections/refhiza-font-tm-type/?tab=techSpecs
[2026-07-11T08:07:46Z] #37 attempt=1/2 status=200 0.382s url=https://www.myfonts.com/products/outline-package-1177191
[2026-07-11T08:07:47Z] #38 attempt=1/2 status=200 0.447s url=https://www.myfonts.com/collections/menthills-font-maenjari-std/
[2026-07-11T08:07:47Z] #39 attempt=1/2 status=200 0.145s url=https://www.myfonts.com/collections/menthills-font-maenjari-std/?tab=techSpecs
[2026-07-11T08:07:48Z] #40 attempt=1/2 status=200 0.331s url=https://www.myfonts.com/products/lequila-historia-complete-family-package-1177982
[2026-07-11T08:07:49Z] #41 attempt=1/2 status=200 0.300s url=https://www.myfonts.com/collections/lequila-historia-font-tini-fitriani/
[2026-07-11T08:07:49Z] #42 attempt=1/2 status=200 0.158s url=https://www.myfonts.com/collections/lequila-historia-font-tini-fitriani/?tab=techSpecs
[2026-07-11T08:07:50Z] #43 attempt=1/2 status=200 0.354s url=https://www.myfonts.com/products/rust-and-ink-complete-family-package-1176668
[2026-07-11T08:07:51Z] #44 attempt=1/2 status=200 0.417s url=https://www.myfonts.com/collections/rust-and-ink-font-vp-creative-shop/
[2026-07-11T08:07:52Z] #45 attempt=1/2 status=200 0.150s url=https://www.myfonts.com/collections/rust-and-ink-font-vp-creative-shop/?tab=techSpecs
[2026-07-11T08:07:53Z] #46 attempt=1/2 status=200 0.345s url=https://www.myfonts.com/products/average-bastards-complete-family-package-1163943
[2026-07-11T08:07:53Z] #47 attempt=1/2 status=200 0.341s url=https://www.myfonts.com/collections/average-bastards-font-mans-greback/
[2026-07-11T08:07:54Z] #48 attempt=1/2 status=200 0.173s url=https://www.myfonts.com/collections/average-bastards-font-mans-greback/?tab=techSpecs
[2026-07-11T08:07:55Z] #49 attempt=1/2 status=200 0.302s url=https://www.myfonts.com/products/mogva-complete-family-package-1177962
[2026-07-11T08:07:55Z] #50 attempt=1/2 status=200 0.343s url=https://www.myfonts.com/collections/mogva-font-font-liner/
[2026-07-11T08:07:56Z] #51 attempt=1/2 status=200 0.150s url=https://www.myfonts.com/collections/mogva-font-font-liner/?tab=techSpecs
[2026-07-11T08:07:57Z] #52 attempt=1/2 status=200 0.308s url=https://www.myfonts.com/products/orbigon-complete-family-package-1177505
[2026-07-11T08:07:58Z] #53 attempt=1/2 status=200 0.355s url=https://www.myfonts.com/collections/orbigon-font-ragamkata/
[2026-07-11T08:07:58Z] #54 attempt=1/2 status=200 0.155s url=https://www.myfonts.com/collections/orbigon-font-ragamkata/?tab=techSpecs
[2026-07-11T08:08:00Z] #55 attempt=1/2 status=200 0.382s url=https://www.myfonts.com/products/holistic-haircut-pro-complete-family-package-1177307
[2026-07-11T08:08:00Z] #56 attempt=1/2 status=200 0.359s url=https://www.myfonts.com/collections/holistic-haircut-pro-font-hanoded/
[2026-07-11T08:08:01Z] #57 attempt=1/2 status=200 0.141s url=https://www.myfonts.com/collections/holistic-haircut-pro-font-hanoded/?tab=techSpecs
[2026-07-11T08:08:02Z] #58 attempt=1/2 status=200 0.295s url=https://www.myfonts.com/products/kikos-graffiti-complete-family-package-1177903
[2026-07-11T08:08:02Z] #59 attempt=1/2 status=200 0.314s url=https://www.myfonts.com/collections/kikos-graffiti-font-mei-suseno/
[2026-07-11T08:08:03Z] #60 attempt=1/2 status=200 0.148s url=https://www.myfonts.com/collections/kikos-graffiti-font-mei-suseno/?tab=techSpecs
[2026-07-11T08:08:04Z] #61 attempt=1/2 status=200 0.413s url=https://www.myfonts.com/products/chunkriot-complete-family-package-1177222
[2026-07-11T08:08:04Z] #62 attempt=1/2 status=200 0.338s url=https://www.myfonts.com/collections/chunkriot-font-maenjari-std/
[2026-07-11T08:08:05Z] #63 attempt=1/2 status=200 0.164s url=https://www.myfonts.com/collections/chunkriot-font-maenjari-std/?tab=techSpecs
[2026-07-11T08:08:06Z] #64 attempt=1/2 status=200 0.341s url=https://www.myfonts.com/products/fuqua-variable-complete-family-package-1178137
[2026-07-11T08:08:07Z] #65 attempt=1/2 status=200 0.327s url=https://www.myfonts.com/collections/fuqua-variable-font-garagefonts/
[2026-07-11T08:08:07Z] #66 attempt=1/2 status=200 0.154s url=https://www.myfonts.com/collections/fuqua-variable-font-garagefonts/?tab=techSpecs
[2026-07-11T08:08:08Z] #67 attempt=1/2 status=200 0.332s url=https://www.myfonts.com/products/beacon-revival-complete-family-package-1177818
[2026-07-11T08:08:09Z] #68 attempt=1/2 status=200 0.307s url=https://www.myfonts.com/collections/beacon-revival-font-letterhend/
[2026-07-11T08:08:09Z] #69 attempt=1/2 status=200 0.141s url=https://www.myfonts.com/collections/beacon-revival-font-letterhend/?tab=techSpecs
[2026-07-11T08:08:10Z] #70 attempt=1/2 status=200 0.367s url=https://www.myfonts.com/products/bastone-diamond-complete-family-package-1176695
[2026-07-11T08:08:11Z] #71 attempt=1/2 status=200 0.447s url=https://www.myfonts.com/collections/bastone-diamond-font-ahweproject/
[2026-07-11T08:08:11Z] #72 attempt=1/2 status=429 0.036s url=https://www.myfonts.com/collections/bastone-diamond-font-ahweproject/?tab=techSpecs
[2026-07-11T08:08:11Z] first_429 req=72 url=https://www.myfonts.com/collections/bastone-diamond-font-ahweproject/?tab=techSpecs
[2026-07-11T08:08:14Z] #73 attempt=2/2 status=200 0.328s url=https://www.myfonts.com/collections/bastone-diamond-font-ahweproject/?tab=techSpecs
[2026-07-11T08:08:15Z] #74 attempt=1/2 status=200 0.377s url=https://www.myfonts.com/products/bold%C2%B5o-complete-family-package-1177232
[2026-07-11T08:08:16Z] #75 attempt=1/2 status=200 0.418s url=https://www.myfonts.com/collections/bold%C2%B5o-font-pedro-teixeira/
[2026-07-11T08:08:17Z] #76 attempt=1/2 status=200 0.495s url=https://www.myfonts.com/products/buzzzing-complete-family-package-1176881
[2026-07-11T08:08:17Z] #77 attempt=1/2 status=200 0.406s url=https://www.myfonts.com/collections/buzzzing-font-art-stuff/
[2026-07-11T08:08:18Z] #78 attempt=1/2 status=200 0.313s url=https://www.myfonts.com/products/pumpkin-festival-complete-family-package-1177226
[2026-07-11T08:08:19Z] #79 attempt=1/2 status=200 0.478s url=https://www.myfonts.com/collections/pumpkin-festival-font-aen-creative-studio/
[2026-07-11T08:08:19Z] #80 attempt=1/2 status=429 0.067s url=https://www.myfonts.com/products/dual-phrase-complete-family-package-1177791
[2026-07-11T08:08:22Z] #81 attempt=2/2 status=200 0.454s url=https://www.myfonts.com/products/dual-phrase-complete-family-package-1177791
[2026-07-11T08:08:22Z] #82 attempt=1/2 status=200 0.365s url=https://www.myfonts.com/collections/dual-phrase-font-invasi-studio/
[2026-07-11T08:08:23Z] #83 attempt=1/2 status=200 0.401s url=https://www.myfonts.com/products/bakszen-crown-complete-family-package-1178012
[2026-07-11T08:08:24Z] #84 attempt=1/2 status=200 0.390s url=https://www.myfonts.com/collections/bakszen-crown-font-timelesstype-studio/
[2026-07-11T08:08:24Z] #85 attempt=1/2 status=200 0.386s url=https://www.myfonts.com/products/yakitori-alley-pro-complete-family-package-1177304
[2026-07-11T08:08:24Z] #86 attempt=1/2 status=429 0.031s url=https://www.myfonts.com/collections/yakitori-alley-pro-font-hanoded/
[2026-07-11T08:08:27Z] #87 attempt=2/2 status=200 0.520s url=https://www.myfonts.com/collections/yakitori-alley-pro-font-hanoded/
[2026-07-11T08:08:28Z] #88 attempt=1/2 status=200 0.507s url=https://www.myfonts.com/products/proscenium-brush-complete-family-package-1177933
[2026-07-11T08:08:29Z] #89 attempt=1/2 status=200 0.637s url=https://www.myfonts.com/collections/proscenium-brush-font-wings-art-studio/
[2026-07-11T08:08:29Z] #90 attempt=1/2 status=200 0.292s url=https://www.myfonts.com/products/sidewalk-rage-complete-family-package-1177429
[2026-07-11T08:08:30Z] #91 attempt=1/2 status=200 0.354s url=https://www.myfonts.com/collections/sidewalk-rage-font-cocodesign/
[2026-07-11T08:08:31Z] #92 attempt=1/2 status=200 0.342s url=https://www.myfonts.com/products/nebulous-promise-pro-complete-family-package-1177311
[2026-07-11T08:08:31Z] #93 attempt=1/2 status=429 0.038s url=https://www.myfonts.com/collections/nebulous-promise-pro-font-hanoded/
[2026-07-11T08:08:34Z] #94 attempt=2/2 status=200 0.542s url=https://www.myfonts.com/collections/nebulous-promise-pro-font-hanoded/
[2026-07-11T08:08:34Z] #95 attempt=1/2 status=200 0.407s url=https://www.myfonts.com/products/machine-gk-complete-family-package-1177829
[2026-07-11T08:08:35Z] #96 attempt=1/2 status=200 0.367s url=https://www.myfonts.com/collections/machine-gk-font-blaze-type/
[2026-07-11T08:08:36Z] #97 attempt=1/2 status=200 0.362s url=https://www.myfonts.com/products/clucks-complete-family-package-1176950
[2026-07-11T08:08:36Z] #98 attempt=1/2 status=200 0.287s url=https://www.myfonts.com/collections/clucks-font-zaain-type/
[2026-07-11T08:08:37Z] #99 attempt=1/2 status=429 0.033s url=https://www.myfonts.com/products/archives-classic-complete-family-package-1177979
[2026-07-11T08:08:39Z] #100 attempt=2/2 status=200 0.387s url=https://www.myfonts.com/products/archives-classic-complete-family-package-1177979
[2026-07-11T08:08:40Z] #101 attempt=1/2 status=200 0.430s url=https://www.myfonts.com/collections/archives-classic-font-tini-fitriani/
[2026-07-11T08:08:41Z] #102 attempt=1/2 status=200 0.431s url=https://www.myfonts.com/products/malbeth-complete-family-package-1176920
[2026-07-11T08:08:41Z] #103 attempt=1/2 status=200 0.442s url=https://www.myfonts.com/collections/malbeth-font-qiubare-studio/
[2026-07-11T08:08:42Z] #104 attempt=1/2 status=200 0.408s url=https://www.myfonts.com/products/northtail-complete-family-package-1163938
[2026-07-11T08:08:42Z] #105 attempt=1/2 status=200 0.351s url=https://www.myfonts.com/collections/northtail-font-mans-greback/
[2026-07-11T08:08:43Z] #106 attempt=1/2 status=429 0.039s url=https://www.myfonts.com/products/kasirotip-complete-family-package-1177544
[2026-07-11T08:08:45Z] #107 attempt=2/2 status=200 0.427s url=https://www.myfonts.com/products/kasirotip-complete-family-package-1177544
[2026-07-11T08:08:46Z] #108 attempt=1/2 status=200 0.322s url=https://www.myfonts.com/collections/kasirotip-font-mei-suseno/
[2026-07-11T08:08:47Z] #109 attempt=1/2 status=200 0.393s url=https://www.myfonts.com/products/quinela-complete-family-package-1177526
[2026-07-11T08:08:47Z] #110 attempt=1/2 status=200 0.445s url=https://www.myfonts.com/collections/quinela-font-vermilione/
[2026-07-11T08:08:48Z] #111 attempt=1/2 status=200 0.329s url=https://www.myfonts.com/products/brownoxyz-complete-family-package-1176919
[2026-07-11T08:08:48Z] #112 attempt=1/2 status=429 0.031s url=https://www.myfonts.com/collections/brownoxyz-font-letterytz/
[2026-07-11T08:08:51Z] #113 attempt=2/2 status=200 0.393s url=https://www.myfonts.com/collections/brownoxyz-font-letterytz/
[2026-07-11T08:08:52Z] #114 attempt=1/2 status=200 1.204s url=https://www.myfonts.com/products/kenisya-complete-family-package-1177608
[2026-07-11T08:08:54Z] #115 attempt=1/2 status=200 1.400s url=https://www.myfonts.com/collections/kenisya-font-mordex-studio/
[2026-07-11T08:08:55Z] #116 attempt=1/2 status=200 0.351s url=https://www.myfonts.com/products/lucky-girls-club-complete-family-package-1176956
[2026-07-11T08:08:56Z] #117 attempt=1/2 status=200 0.309s url=https://www.myfonts.com/collections/lucky-girls-club-font-kaya-fonts/
[2026-07-11T08:08:56Z] #118 attempt=1/2 status=200 0.411s url=https://www.myfonts.com/products/chubby-cheeks-solid-complete-family-package-1177508
[2026-07-11T08:08:57Z] #119 attempt=1/2 status=200 0.366s url=https://www.myfonts.com/collections/chubby-cheeks-solid-font-tini-fitriani/
[2026-07-11T08:08:58Z] #120 attempt=1/2 status=200 0.312s url=https://www.myfonts.com/products/gakero-complete-family-package-1177975
[2026-07-11T08:08:58Z] #121 attempt=1/2 status=200 0.257s url=https://www.myfonts.com/collections/gakero-font-vermilione/
[2026-07-11T08:08:59Z] #122 attempt=1/2 status=200 0.479s url=https://www.myfonts.com/products/vankis-complete-family-package-1177735
[2026-07-11T08:08:59Z] #123 attempt=1/2 status=429 0.038s url=https://www.myfonts.com/collections/vankis-font-zeenesia-studio/
[2026-07-11T08:09:02Z] #124 attempt=2/2 status=200 0.557s url=https://www.myfonts.com/collections/vankis-font-zeenesia-studio/
[2026-07-11T08:09:03Z] #125 attempt=1/2 status=200 0.290s url=https://www.myfonts.com/products/golifez-bright-serif-complete-family-package-1176953
[2026-07-11T08:09:03Z] #126 attempt=1/2 status=200 0.308s url=https://www.myfonts.com/collections/golifez-bright-serif-font-oktnum-type-foundry/
[2026-07-11T08:09:04Z] #127 attempt=1/2 status=200 0.360s url=https://www.myfonts.com/products/loopin-script-complete-family-package-1177925
[2026-07-11T08:09:04Z] #128 attempt=1/2 status=200 0.273s url=https://www.myfonts.com/collections/loopin-script-font-letteralle/
[2026-07-11T08:09:05Z] #129 attempt=1/2 status=200 0.311s url=https://www.myfonts.com/products/gilberta-complete-family-package-1176706
[2026-07-11T08:09:05Z] #130 attempt=1/2 status=429 0.037s url=https://www.myfonts.com/collections/gilberta-font-burntilldead/
[2026-07-11T08:09:08Z] #131 attempt=2/2 status=200 0.419s url=https://www.myfonts.com/collections/gilberta-font-burntilldead/
[2026-07-11T08:09:09Z] #132 attempt=1/2 status=200 0.672s url=https://www.myfonts.com/products/thin-extra-condensed-ckr-slab-1176746
[2026-07-11T08:09:10Z] #133 attempt=1/2 status=200 1.367s url=https://www.myfonts.com/collections/ckr-slab-font-ckr-type-foundry/
[2026-07-11T08:09:11Z] #134 attempt=1/2 status=200 0.275s url=https://www.myfonts.com/products/regular-south-cave-1177516
[2026-07-11T08:09:12Z] #135 attempt=1/2 status=200 0.273s url=https://www.myfonts.com/collections/south-cave-font-olivetype/
[2026-07-11T08:09:13Z] #136 attempt=1/2 status=200 0.717s url=https://www.myfonts.com/products/condensed-cagront-serif-1178074
[2026-07-11T08:09:14Z] #137 attempt=1/2 status=200 0.842s url=https://www.myfonts.com/collections/cagront-serif-font-gian-studio/
[2026-07-11T08:09:15Z] #138 attempt=1/2 status=200 0.283s url=https://www.myfonts.com/products/regular-norvele-1177816
[2026-07-11T08:09:15Z] #139 attempt=1/2 status=200 0.291s url=https://www.myfonts.com/collections/norvele-font-rasio-studio/
[2026-07-11T08:09:16Z] #140 attempt=1/2 status=200 0.338s url=https://www.myfonts.com/products/mareto-regular-mareto-1177924
[2026-07-11T08:09:16Z] #141 attempt=1/2 status=200 0.330s url=https://www.myfonts.com/collections/mareto-font-qiubare-studio/
[2026-07-11T08:09:17Z] #142 attempt=1/2 status=200 0.315s url=https://www.myfonts.com/products/regular-new-freya-1177908
[2026-07-11T08:09:17Z] #143 attempt=1/2 status=200 0.338s url=https://www.myfonts.com/collections/new-freya-font-andfonts/
[2026-07-11T08:09:18Z] #144 attempt=1/2 status=200 0.325s url=https://www.myfonts.com/products/regular-sokol-1177896
[2026-07-11T08:09:19Z] #145 attempt=1/2 status=200 0.468s url=https://www.myfonts.com/collections/sokol-font-green-type/
[2026-07-11T08:09:20Z] #146 attempt=1/2 status=200 0.584s url=https://www.myfonts.com/products/shd-artillery-1177299
[2026-07-11T08:09:20Z] #147 attempt=1/2 status=200 0.560s url=https://www.myfonts.com/collections/artillery-font-alpercakici/
[2026-07-11T08:09:21Z] #148 attempt=1/2 status=200 0.368s url=https://www.myfonts.com/products/regular-magnes-1177254
[2026-07-11T08:09:22Z] #149 attempt=1/2 status=200 0.559s url=https://www.myfonts.com/collections/magnes-font-roman-melikhov/
[2026-07-11T08:09:24Z] #150 attempt=1/6 status=200 0.991s url=https://www.myfonts.com/products.json?limit=100&page=2
[2026-07-11T08:09:25Z] #151 attempt=1/2 status=200 0.871s url=https://www.myfonts.com/products/light-semi-condensed-slant-chiffelia-1176994
[2026-07-11T08:09:26Z] #152 attempt=1/2 status=200 1.321s url=https://www.myfonts.com/collections/chiffelia-font-romie-creative/
[2026-07-11T08:09:27Z] #153 attempt=1/2 status=200 0.293s url=https://www.myfonts.com/products/regular-bamethu-1177978
[2026-07-11T08:09:28Z] #154 attempt=1/2 status=200 0.383s url=https://www.myfonts.com/collections/bamethu-font-canden-meutuah/
[2026-07-11T08:09:28Z] #155 attempt=1/2 status=200 0.368s url=https://www.myfonts.com/products/regular-dioses-europeos-1177503
[2026-07-11T08:09:29Z] #156 attempt=1/2 status=200 0.278s url=https://www.myfonts.com/collections/dioses-europeos-font-woodcutter/
[2026-07-11T08:09:29Z] #157 attempt=1/2 status=200 0.374s url=https://www.myfonts.com/products/regular-sltf-rigale-1177900
[2026-07-11T08:09:30Z] #158 attempt=1/2 status=200 0.306s url=https://www.myfonts.com/collections/sltf-rigale-font-silver-stag/
[2026-07-11T08:09:31Z] #159 attempt=1/2 status=200 0.352s url=https://www.myfonts.com/products/regular-daisy-stitch-1177790
[2026-07-11T08:09:31Z] #160 attempt=1/2 status=200 0.287s url=https://www.myfonts.com/collections/daisy-stitch-font-four-lines-std/
[2026-07-11T08:09:32Z] #161 attempt=1/2 status=200 0.343s url=https://www.myfonts.com/products/regular-slumbering-hedgehog-1178132
[2026-07-11T08:09:32Z] #162 attempt=1/2 status=200 0.274s url=https://www.myfonts.com/collections/slumbering-hedgehog-font-letterhanna-studio/
[2026-07-11T08:09:33Z] #163 attempt=1/2 status=200 0.389s url=https://www.myfonts.com/products/regular-holwyn-dream-1177512
[2026-07-11T08:09:34Z] #164 attempt=1/2 status=200 0.361s url=https://www.myfonts.com/collections/holwyn-dream-font-letterhanna-studio/
[2026-07-11T08:09:34Z] #165 attempt=1/2 status=200 0.345s url=https://www.myfonts.com/products/regular-blissful-mountain-1177817
[2026-07-11T08:09:35Z] #166 attempt=1/2 status=200 0.411s url=https://www.myfonts.com/collections/blissful-mountain-font-letterhanna-studio/
[2026-07-11T08:09:35Z] #167 attempt=1/2 status=200 0.271s url=https://www.myfonts.com/products/regular-antique-blossom-monogram-1177246
[2026-07-11T08:09:36Z] #168 attempt=1/2 status=200 0.291s url=https://www.myfonts.com/collections/antique-blossom-monogram-font-yoga-letter/
[2026-07-11T08:09:36Z] #169 attempt=1/2 status=200 0.342s url=https://www.myfonts.com/products/condensed-adoloen-1178020
[2026-07-11T08:09:37Z] #170 attempt=1/2 status=200 0.499s url=https://www.myfonts.com/collections/adoloen-font-gian-studio/
[2026-07-11T08:09:38Z] #171 attempt=1/2 status=200 0.320s url=https://www.myfonts.com/products/regular-telegdi-script-1176937
[2026-07-11T08:09:38Z] #172 attempt=1/2 status=429 0.028s url=https://www.myfonts.com/collections/telegdi-script-font-monovo/
[2026-07-11T08:09:40Z] #173 attempt=2/2 status=429 0.102s url=https://www.myfonts.com/collections/telegdi-script-font-monovo/
[2026-07-11T08:09:45Z] max_retries_exhausted url=https://www.myfonts.com/collections/telegdi-script-font-monovo/
[2026-07-11T08:09:46Z] #174 attempt=1/2 status=404 0.222s url=https://www.myfonts.com/collections/regular-telegdi-script-1176937-font-monovo
[2026-07-11T08:09:46Z] #175 attempt=1/2 status=200 0.324s url=https://www.myfonts.com/products/shadow-slant-regular-denyta-1178125
[2026-07-11T08:09:47Z] #176 attempt=1/2 status=200 0.561s url=https://www.myfonts.com/collections/denyta-font-shape-studio/
[2026-07-11T08:09:48Z] #177 attempt=1/2 status=200 0.300s url=https://www.myfonts.com/products/regular-telegdi-ornaments-1176914
[2026-07-11T08:09:48Z] #178 attempt=1/2 status=200 0.282s url=https://www.myfonts.com/collections/telegdi-ornaments-font-monovo/
[2026-07-11T08:09:49Z] #179 attempt=1/2 status=200 0.257s url=https://www.myfonts.com/products/machine-gk-machine-gk-variable-1177830
[2026-07-11T08:09:49Z] #180 attempt=1/2 status=200 0.281s url=https://www.myfonts.com/collections/machine-gk-variable-font-blaze-type/
[2026-07-11T08:09:50Z] #181 attempt=1/2 status=200 0.311s url=https://www.myfonts.com/products/regular-ganisya-floral-monogram-1176942
[2026-07-11T08:09:50Z] #182 attempt=1/2 status=200 0.279s url=https://www.myfonts.com/collections/ganisya-floral-monogram-font-yoga-letter/
[2026-07-11T08:09:52Z] #183 attempt=1/6 status=200 0.807s url=https://www.myfonts.com/products.json?limit=100&page=3
[2026-07-11T08:09:52Z] #184 attempt=1/2 status=200 0.297s url=https://www.myfonts.com/products/regular-yj-weekend-market-1177502
[2026-07-11T08:09:53Z] #185 attempt=1/2 status=200 0.280s url=https://www.myfonts.com/collections/yj-weekend-market-font-yenty-jap-co/
[2026-07-11T08:09:53Z] #186 attempt=1/2 status=200 0.283s url=https://www.myfonts.com/products/regular-ornix-velor-1177992
[2026-07-11T08:09:54Z] #187 attempt=1/2 status=200 0.287s url=https://www.myfonts.com/collections/ornix-velor-font-sipanji21/
[2026-07-11T08:09:55Z] #188 attempt=1/2 status=200 0.530s url=https://www.myfonts.com/products/narrow-regular-italic-venera-1177566
[2026-07-11T08:09:56Z] #189 attempt=1/2 status=200 0.574s url=https://www.myfonts.com/collections/venera-font-the-ampersand-forest/
[2026-07-11T08:09:56Z] #190 attempt=1/2 status=200 0.261s url=https://www.myfonts.com/products/regular-student-kid-handwriting-1177511
[2026-07-11T08:09:57Z] #191 attempt=1/2 status=200 0.244s url=https://www.myfonts.com/collections/student-kid-handwriting-font-mvmet/
[2026-07-11T08:09:57Z] #192 attempt=1/2 status=200 0.272s url=https://www.myfonts.com/products/regular-stream-rockers-1177247
[2026-07-11T08:09:58Z] #193 attempt=1/2 status=200 0.301s url=https://www.myfonts.com/collections/stream-rockers-font-struggle-studio/
[2026-07-11T08:09:58Z] #194 attempt=1/2 status=429 0.034s url=https://www.myfonts.com/products/italic-working-youth-1177798
[2026-07-11T08:10:00Z] #195 attempt=2/2 status=429 0.059s url=https://www.myfonts.com/products/italic-working-youth-1177798
[2026-07-11T08:10:05Z] max_retries_exhausted url=https://www.myfonts.com/products/italic-working-youth-1177798
[2026-07-11T08:10:06Z] #196 attempt=1/2 status=429 0.078s url=https://www.myfonts.com/collections/italic-working-youth-1177798-font-stylishtype-studio
[2026-07-11T08:10:08Z] #197 attempt=2/2 status=404 0.245s url=https://www.myfonts.com/collections/italic-working-youth-1177798-font-stylishtype-studio
[2026-07-11T08:10:09Z] #198 attempt=1/2 status=200 0.295s url=https://www.myfonts.com/products/castle-fleurons-castle-fleurons-1177901
[2026-07-11T08:10:09Z] #199 attempt=1/2 status=200 0.342s url=https://www.myfonts.com/collections/castle-fleurons-font-castletype/
[2026-07-11T08:10:10Z] #200 attempt=1/2 status=200 0.498s url=https://www.myfonts.com/products/regular-grooklyn-1177245
[2026-07-11T08:10:11Z] #201 attempt=1/2 status=200 0.346s url=https://www.myfonts.com/collections/grooklyn-font-atasi-studio/
[2026-07-11T08:10:11Z] #202 attempt=1/2 status=200 0.279s url=https://www.myfonts.com/products/regular-mildon-1177495
[2026-07-11T08:10:12Z] #203 attempt=1/2 status=200 0.294s url=https://www.myfonts.com/collections/mildon-font-jaruka-creative/
[2026-07-11T08:10:12Z] #204 attempt=1/2 status=429 0.033s url=https://www.myfonts.com/products/regular-halvon-1177494
[2026-07-11T08:10:14Z] #205 attempt=2/2 status=200 0.328s url=https://www.myfonts.com/products/regular-halvon-1177494
[2026-07-11T08:10:15Z] #206 attempt=1/2 status=200 0.274s url=https://www.myfonts.com/collections/halvon-font-jaruka-creative/
[2026-07-11T08:10:16Z] #207 attempt=1/2 status=200 0.360s url=https://www.myfonts.com/products/regular-spooky-nightmare-1177215
[2026-07-11T08:10:16Z] #208 attempt=1/2 status=200 0.319s url=https://www.myfonts.com/collections/spooky-nightmare-font-mvmet/
[2026-07-11T08:10:17Z] #209 attempt=1/2 status=200 0.452s url=https://www.myfonts.com/products/thin-ibar-sans-variable-1178666
[2026-07-11T08:10:17Z] #210 attempt=1/2 status=200 0.271s url=https://www.myfonts.com/collections/ibar-sans-variable-font-ibar-fonts/
[2026-07-11T08:10:18Z] #211 attempt=1/2 status=200 0.339s url=https://www.myfonts.com/products/ludes-regular-ludes-1177238
[2026-07-11T08:10:18Z] #212 attempt=1/2 status=429 0.042s url=https://www.myfonts.com/collections/ludes-font-qiubare-studio/
[2026-07-11T08:10:21Z] #213 attempt=2/2 status=200 0.345s url=https://www.myfonts.com/collections/ludes-font-qiubare-studio/
[2026-07-11T08:10:21Z] #214 attempt=1/2 status=200 0.284s url=https://www.myfonts.com/products/goldy-regular-goldy-1176655
[2026-07-11T08:10:22Z] #215 attempt=1/2 status=200 0.316s url=https://www.myfonts.com/collections/goldy-font-flawlessandco/
[2026-07-11T08:10:23Z] #216 attempt=1/2 status=200 0.311s url=https://www.myfonts.com/products/bold-italic-cosmic-dust-pro-1178120
[2026-07-11T08:10:23Z] #217 attempt=1/2 status=200 0.282s url=https://www.myfonts.com/collections/cosmic-dust-pro-font-hanoded/
[2026-07-11T08:10:24Z] #218 attempt=1/6 status=200 0.794s url=https://www.myfonts.com/products.json?limit=100&page=4
[2026-07-11T08:10:25Z] #219 attempt=1/2 status=200 0.328s url=https://www.myfonts.com/products/regular-elyston-1177525
[2026-07-11T08:10:26Z] #220 attempt=1/2 status=200 0.301s url=https://www.myfonts.com/collections/elyston-font-uncurve/
[2026-07-11T08:10:26Z] #221 attempt=1/2 status=200 0.276s url=https://www.myfonts.com/products/bold-krusht-1177542
[2026-07-11T08:10:26Z] #222 attempt=1/2 status=429 0.038s url=https://www.myfonts.com/collections/krusht-font-smartfont/
[2026-07-11T08:10:29Z] #223 attempt=2/2 status=200 0.383s url=https://www.myfonts.com/collections/krusht-font-smartfont/
[2026-07-11T08:10:29Z] #224 attempt=1/2 status=200 0.292s url=https://www.myfonts.com/products/italic-hamsachin-1177501
[2026-07-11T08:10:30Z] #225 attempt=1/2 status=200 0.276s url=https://www.myfonts.com/collections/hamsachin-font-made-deduk/
[2026-07-11T08:10:31Z] #226 attempt=1/2 status=200 0.292s url=https://www.myfonts.com/products/regular-vermica-1177423
[2026-07-11T08:10:31Z] #227 attempt=1/2 status=200 0.431s url=https://www.myfonts.com/collections/vermica-font-rasio-studio/
[2026-07-11T08:10:32Z] #228 attempt=1/2 status=200 0.555s url=https://www.myfonts.com/products/bold-delusion-1177266
[2026-07-11T08:10:33Z] #229 attempt=1/2 status=200 0.430s url=https://www.myfonts.com/collections/delusion-font-basnistudio/
[2026-07-11T08:10:33Z] #230 attempt=1/2 status=200 0.384s url=https://www.myfonts.com/products/regular-qievo-1177524
[2026-07-11T08:10:34Z] #231 attempt=1/2 status=200 0.370s url=https://www.myfonts.com/collections/qievo-font-epiclinez/
[2026-07-11T08:10:35Z] #232 attempt=1/2 status=200 0.387s url=https://www.myfonts.com/products/regular-atett-cyr-1177248
[2026-07-11T08:10:35Z] #233 attempt=1/2 status=200 0.435s url=https://www.myfonts.com/collections/atett-cyr-font-fontanatype/
[2026-07-11T08:10:36Z] #234 attempt=1/2 status=200 0.352s url=https://www.myfonts.com/products/soda-syrup-italic-soda-syrup-pro-1177303
[2026-07-11T08:10:37Z] #235 attempt=1/2 status=200 0.463s url=https://www.myfonts.com/collections/soda-syrup-pro-font-hanoded/
[2026-07-11T08:10:37Z] #236 attempt=1/2 status=200 0.324s url=https://www.myfonts.com/products/regular-heboric-1177543
[2026-07-11T08:10:38Z] #237 attempt=1/2 status=200 0.447s url=https://www.myfonts.com/collections/heboric-font-yeen-studio/
[2026-07-11T08:10:39Z] #238 attempt=1/2 status=200 0.289s url=https://www.myfonts.com/products/regular-rullayca-1177974
[2026-07-11T08:10:39Z] #239 attempt=1/2 status=200 0.318s url=https://www.myfonts.com/collections/rullayca-font-denustudio/
[2026-07-11T08:10:40Z] #240 attempt=1/2 status=200 0.315s url=https://www.myfonts.com/products/regular-brindley-houston-1177504
[2026-07-11T08:10:40Z] #241 attempt=1/2 status=429 0.037s url=https://www.myfonts.com/collections/brindley-houston-font-letterhend/
[2026-07-11T08:10:42Z] #242 attempt=2/2 status=429 0.076s url=https://www.myfonts.com/collections/brindley-houston-font-letterhend/
[2026-07-11T08:10:47Z] max_retries_exhausted url=https://www.myfonts.com/collections/brindley-houston-font-letterhend/
[2026-07-11T08:10:48Z] #243 attempt=1/2 status=404 0.223s url=https://www.myfonts.com/collections/regular-brindley-houston-1177504-font-letterhend
[2026-07-11T08:10:49Z] #244 attempt=1/6 status=200 0.932s url=https://www.myfonts.com/products.json?limit=100&page=5
[2026-07-11T08:10:50Z] #245 attempt=1/2 status=200 0.857s url=https://www.myfonts.com/products/inline-cygona-1176607
[2026-07-11T08:10:51Z] #246 attempt=1/2 status=200 0.895s url=https://www.myfonts.com/collections/cygona-font-alpercakici/
[2026-07-11T08:10:52Z] #247 attempt=1/2 status=200 0.258s url=https://www.myfonts.com/products/regular-santhina-flower-monogram-1176889
[2026-07-11T08:10:52Z] #248 attempt=1/2 status=200 0.264s url=https://www.myfonts.com/collections/santhina-flower-monogram-font-yoga-letter/
[2026-07-11T08:10:53Z] #249 attempt=1/2 status=200 0.317s url=https://www.myfonts.com/products/regular-dark-regent-1176938
[2026-07-11T08:10:54Z] #250 attempt=1/2 status=200 0.245s url=https://www.myfonts.com/collections/dark-regent-font-denustudio/
[2026-07-11T08:10:54Z] #251 attempt=1/2 status=200 0.306s url=https://www.myfonts.com/products/regular-molvins-1177973
[2026-07-11T08:10:55Z] #252 attempt=1/2 status=200 0.260s url=https://www.myfonts.com/collections/molvins-font-ikiikowrk/
[2026-07-11T08:10:55Z] #253 attempt=1/2 status=200 0.286s url=https://www.myfonts.com/products/regular-glimoria-1177425
[2026-07-11T08:10:56Z] #254 attempt=1/2 status=200 0.286s url=https://www.myfonts.com/collections/glimoria-font-flawlessandco/
[2026-07-11T08:10:56Z] #255 attempt=1/2 status=200 0.266s url=https://www.myfonts.com/products/regular-belaroque-1177800
[2026-07-11T08:10:57Z] #256 attempt=1/2 status=200 0.265s url=https://www.myfonts.com/collections/belaroque-font-rasio-studio/
[2026-07-11T08:10:57Z] #257 attempt=1/2 status=200 0.273s url=https://www.myfonts.com/products/regular-bainbrydge-script-1178115
[2026-07-11T08:10:58Z] #258 attempt=1/2 status=200 0.282s url=https://www.myfonts.com/collections/bainbrydge-script-font-shape-studio/
[2026-07-11T08:10:59Z] #259 attempt=1/6 status=200 0.864s url=https://www.myfonts.com/products.json?limit=100&page=6
[2026-07-11T08:11:00Z] #260 attempt=1/2 status=200 0.286s url=https://www.myfonts.com/products/regular-hinoki-1177588
[2026-07-11T08:11:00Z] #261 attempt=1/2 status=200 0.261s url=https://www.myfonts.com/collections/hinoki-font-ajw-type/
[2026-07-11T08:11:01Z] #262 attempt=1/2 status=200 0.279s url=https://www.myfonts.com/products/regular-fuutech-1176676
[2026-07-11T08:11:01Z] #263 attempt=1/2 status=200 0.346s url=https://www.myfonts.com/collections/fuutech-font-erifqizefont/
[2026-07-11T08:11:02Z] #264 attempt=1/2 status=200 0.297s url=https://www.myfonts.com/products/regular-stone-cartoon-1177216
[2026-07-11T08:11:02Z] #265 attempt=1/2 status=429 0.028s url=https://www.myfonts.com/collections/stone-cartoon-font-mvmet/
[2026-07-11T08:11:05Z] #266 attempt=2/2 status=200 0.370s url=https://www.myfonts.com/collections/stone-cartoon-font-mvmet/
[2026-07-11T08:11:05Z] #267 attempt=1/2 status=200 0.304s url=https://www.myfonts.com/products/regular-ayr-babol-1177433
[2026-07-11T08:11:06Z] #268 attempt=1/2 status=200 0.320s url=https://www.myfonts.com/collections/ayr-babol-font-aiyari/
[2026-07-11T08:11:07Z] #269 attempt=1/2 status=200 0.307s url=https://www.myfonts.com/products/regular-thamarine-1176693
[2026-07-11T08:11:07Z] #270 attempt=1/2 status=200 0.277s url=https://www.myfonts.com/collections/thamarine-font-pb-type/
[2026-07-11T08:11:07Z] #271 attempt=1/2 status=429 0.028s url=https://www.myfonts.com/products/regular-theora-1176888
[2026-07-11T08:11:10Z] #272 attempt=2/2 status=200 0.301s url=https://www.myfonts.com/products/regular-theora-1176888
[2026-07-11T08:11:10Z] #273 attempt=1/2 status=200 0.287s url=https://www.myfonts.com/collections/theora-font-rasio-studio/
[2026-07-11T08:11:11Z] #274 attempt=1/2 status=200 0.381s url=https://www.myfonts.com/products/harpoon-complete-family-package-1176915
[2026-07-11T08:11:12Z] #275 attempt=1/2 status=200 0.296s url=https://www.myfonts.com/collections/harpoon-font-vozzy/
[2026-07-11T08:11:12Z] #276 attempt=1/2 status=200 0.366s url=https://www.myfonts.com/products/regular-begih-1176894
[2026-07-11T08:11:13Z] #277 attempt=1/2 status=429 0.027s url=https://www.myfonts.com/collections/begih-font-heavyrain/
[2026-07-11T08:11:15Z] #278 attempt=2/2 status=200 0.333s url=https://www.myfonts.com/collections/begih-font-heavyrain/
[2026-07-11T08:11:16Z] #279 attempt=1/6 status=200 0.818s url=https://www.myfonts.com/products.json?limit=100&page=7
[2026-07-11T08:11:17Z] #280 attempt=1/2 status=200 0.386s url=https://www.myfonts.com/products/outline-inside-italic-astenic-stencil-ultimate-1176728
[2026-07-11T08:11:18Z] #281 attempt=1/2 status=200 0.509s url=https://www.myfonts.com/collections/astenic-stencil-ultimate-font-anzone-glyph/
[2026-07-11T08:11:19Z] #282 attempt=1/2 status=200 0.421s url=https://www.myfonts.com/products/italic-milgan-1176966
[2026-07-11T08:11:19Z] #283 attempt=1/2 status=200 0.378s url=https://www.myfonts.com/collections/milgan-font-bimaksara/
[2026-07-11T08:11:20Z] #284 attempt=1/2 status=200 0.358s url=https://www.myfonts.com/products/black-sf-mada-neue-1176685
[2026-07-11T08:11:20Z] #285 attempt=1/2 status=429 0.028s url=https://www.myfonts.com/collections/sf-mada-neue-font-sultan-fonts/
[2026-07-11T08:11:23Z] #286 attempt=2/2 status=200 0.549s url=https://www.myfonts.com/collections/sf-mada-neue-font-sultan-fonts/
[2026-07-11T08:11:24Z] #287 attempt=1/2 status=200 0.318s url=https://www.myfonts.com/products/rough-coffee-stain-1176898
[2026-07-11T08:11:24Z] #288 attempt=1/2 status=200 0.456s url=https://www.myfonts.com/collections/coffee-stain-font-vozzy/
[2026-07-11T08:11:25Z] #289 attempt=1/2 status=200 0.322s url=https://www.myfonts.com/products/regular-rosean-monarch-1176891
[2026-07-11T08:11:25Z] #290 attempt=1/2 status=200 0.322s url=https://www.myfonts.com/collections/rosean-monarch-font-burntilldead/
[2026-07-11T08:11:26Z] #291 attempt=1/2 status=200 0.380s url=https://www.myfonts.com/products/outline-slant-mireforge-1177221
[2026-07-11T08:11:26Z] #292 attempt=1/2 status=429 0.041s url=https://www.myfonts.com/collections/mireforge-font-wellscript-studio/
[2026-07-11T08:11:29Z] #293 attempt=2/2 status=200 0.365s url=https://www.myfonts.com/collections/mireforge-font-wellscript-studio/
[2026-07-11T08:11:29Z] #294 attempt=1/2 status=200 0.314s url=https://www.myfonts.com/products/texture-lone-nomad-1176940
[2026-07-11T08:11:30Z] #295 attempt=1/2 status=200 0.335s url=https://www.myfonts.com/collections/lone-nomad-font-vozzy/
[2026-07-11T08:11:31Z] #296 attempt=1/2 status=200 0.771s url=https://www.myfonts.com/products/maison-neue-complete-family-package-1177855
[2026-07-11T08:11:32Z] #297 attempt=1/2 status=200 1.028s url=https://www.myfonts.com/collections/maison-neue-font-milieu-grotesque/
[2026-07-11T08:11:33Z] #298 attempt=1/2 status=200 0.503s url=https://www.myfonts.com/products/two-packet-package-1177300
[2026-07-11T08:11:34Z] #299 attempt=1/2 status=200 0.488s url=https://www.myfonts.com/collections/dahlisse-font-ceeskiiw/
[2026-07-11T08:11:35Z] #300 attempt=1/2 status=200 0.333s url=https://www.myfonts.com/products/regular-ongunkan-karamanli-full-script-1177241
[2026-07-11T08:11:35Z] #301 attempt=1/2 status=200 0.340s url=https://www.myfonts.com/collections/ongunkan-karamanli-full-script-font-runic-world-tamgac/
[2026-07-11T08:11:36Z] #302 attempt=1/2 status=429 0.073s url=https://www.myfonts.com/products/italic-fl-abrasia-1177237
[2026-07-11T08:11:38Z] #303 attempt=2/2 status=200 0.345s url=https://www.myfonts.com/products/italic-fl-abrasia-1177237
[2026-07-11T08:11:39Z] #304 attempt=1/2 status=200 0.329s url=https://www.myfonts.com/collections/fl-abrasia-font-font-liner/
[2026-07-11T08:11:39Z] #305 attempt=1/2 status=200 0.289s url=https://www.myfonts.com/products/italic-charming-diggerop-1177428
[2026-07-11T08:11:40Z] #306 attempt=1/2 status=200 0.341s url=https://www.myfonts.com/collections/charming-diggerop-font-stylishtype-studio/
[2026-07-11T08:11:41Z] #307 attempt=1/6 status=200 0.842s url=https://www.myfonts.com/products.json?limit=100&page=8
[2026-07-11T08:11:42Z] #308 attempt=1/2 status=200 0.361s url=https://www.myfonts.com/products/rounded-icebreaker-1176933
[2026-07-11T08:11:42Z] #309 attempt=1/2 status=200 0.273s url=https://www.myfonts.com/collections/icebreaker-font-vozzy/
[2026-07-11T08:11:43Z] #310 attempt=1/2 status=429 0.029s url=https://www.myfonts.com/products/grindstone-complete-family-package-1176903
[2026-07-11T08:11:45Z] #311 attempt=2/2 status=200 0.432s url=https://www.myfonts.com/products/grindstone-complete-family-package-1176903
[2026-07-11T08:11:46Z] #312 attempt=1/2 status=200 0.314s url=https://www.myfonts.com/collections/grindstone-font-vozzy/
[2026-07-11T08:11:47Z] #313 attempt=1/2 status=200 0.372s url=https://www.myfonts.com/products/regular-karia-1176688
[2026-07-11T08:11:47Z] #314 attempt=1/2 status=200 0.303s url=https://www.myfonts.com/collections/karia-font-habitype/
[2026-07-11T08:11:48Z] #315 attempt=1/2 status=200 0.295s url=https://www.myfonts.com/products/swash-rogue-gang-1176961
[2026-07-11T08:11:48Z] #316 attempt=1/2 status=429 0.038s url=https://www.myfonts.com/collections/rogue-gang-font-cocodesign/
[2026-07-11T08:11:51Z] #317 attempt=2/2 status=200 0.369s url=https://www.myfonts.com/collections/rogue-gang-font-cocodesign/
[2026-07-11T08:11:53Z] #318 attempt=1/6 status=200 1.472s url=https://www.myfonts.com/products.json?limit=100&page=9
[2026-07-11T08:11:53Z] #319 attempt=1/2 status=200 0.342s url=https://www.myfonts.com/products/volume-jungle-roar-1176936
[2026-07-11T08:11:54Z] #320 attempt=1/2 status=200 0.293s url=https://www.myfonts.com/collections/jungle-roar-font-vozzy/
[2026-07-11T08:11:54Z] #321 attempt=1/2 status=200 0.283s url=https://www.myfonts.com/products/regular-mucha-1176694
[2026-07-11T08:11:55Z] #322 attempt=1/2 status=200 0.246s url=https://www.myfonts.com/collections/mucha-font-pb-type/
[2026-07-11T08:11:55Z] #323 attempt=1/2 status=200 0.291s url=https://www.myfonts.com/products/regular-mocharia-1176712
[2026-07-11T08:11:56Z] #324 attempt=1/2 status=200 0.246s url=https://www.myfonts.com/collections/mocharia-font-vadova-std/
[2026-07-11T08:11:56Z] #325 attempt=1/2 status=429 0.041s url=https://www.myfonts.com/products/volume-doughy-1176901
[2026-07-11T08:11:59Z] #326 attempt=2/2 status=200 0.404s url=https://www.myfonts.com/products/volume-doughy-1176901
[2026-07-11T08:11:59Z] #327 attempt=1/2 status=200 0.335s url=https://www.myfonts.com/collections/doughy-font-vozzy/
[2026-07-11T08:12:01Z] #328 attempt=1/6 status=200 0.871s url=https://www.myfonts.com/products.json?limit=100&page=10
[2026-07-11T08:12:01Z] #329 attempt=1/2 status=200 0.273s url=https://www.myfonts.com/products/regular-corgeno-1176711
[2026-07-11T08:12:02Z] #330 attempt=1/2 status=200 0.274s url=https://www.myfonts.com/collections/corgeno-font-rasio-studio/
[2026-07-11T08:12:03Z] #331 attempt=1/2 status=200 1.008s url=https://www.myfonts.com/products/the-sans-edit-package-1178048
[2026-07-11T08:12:04Z] #332 attempt=1/2 status=404 0.207s url=https://www.myfonts.com/collections/the-sans-edit-font-fontop
[2026-07-11T08:12:05Z] #333 attempt=1/2 status=200 1.175s url=https://www.myfonts.com/products/tt-commonstm-pro-basic-package-package-1177411
[2026-07-11T08:12:07Z] #334 attempt=1/2 status=200 1.513s url=https://www.myfonts.com/collections/tt-commons-font-typetype/
[2026-07-11T08:12:08Z] #335 attempt=1/2 status=200 0.463s url=https://www.myfonts.com/products/directo-complete-family-package-1177897
[2026-07-11T08:12:09Z] #336 attempt=1/2 status=200 0.586s url=https://www.myfonts.com/collections/directo-font-green-type/
[2026-07-11T08:12:09Z] #337 attempt=1/2 status=200 0.359s url=https://www.myfonts.com/products/algerblanche-complete-family-package-1176908
[2026-07-11T08:12:10Z] #338 attempt=1/2 status=200 0.417s url=https://www.myfonts.com/collections/algerblanche-font-grafikarfonts/
[2026-07-11T08:12:11Z] #339 attempt=1/2 status=200 0.281s url=https://www.myfonts.com/products/regular-rocky-gruage-1176665
[2026-07-11T08:12:11Z] #340 attempt=1/2 status=200 0.302s url=https://www.myfonts.com/collections/rocky-gruage-font-heavyrain/
[2026-07-11T08:12:11Z] #341 attempt=1/2 status=429 0.030s url=https://www.myfonts.com/products/regular-takashi-japan-1176680
[2026-07-11T08:12:14Z] #342 attempt=2/2 status=200 0.374s url=https://www.myfonts.com/products/regular-takashi-japan-1176680
[2026-07-11T08:12:14Z] #343 attempt=1/2 status=200 0.264s url=https://www.myfonts.com/collections/takashi-japan-font-yoga-letter/
[2026-07-11T08:12:16Z] #344 attempt=1/6 status=200 1.123s url=https://www.myfonts.com/products.json?limit=100&page=11
[2026-07-11T08:12:17Z] #345 attempt=1/2 status=200 0.382s url=https://www.myfonts.com/products/regular-akijare-1176678
[2026-07-11T08:12:18Z] #346 attempt=1/2 status=200 0.441s url=https://www.myfonts.com/collections/akijare-font-mei-suseno/
[2026-07-11T08:12:18Z] #347 attempt=1/2 status=200 0.261s url=https://www.myfonts.com/products/regular-funny-hands-1176666
[2026-07-11T08:12:19Z] #348 attempt=1/2 status=200 0.283s url=https://www.myfonts.com/collections/funny-hands-font-calendulaae-design/
[2026-07-11T08:12:20Z] #349 attempt=1/6 status=200 0.997s url=https://www.myfonts.com/products.json?limit=100&page=12
[2026-07-11T08:12:21Z] #350 attempt=1/2 status=200 0.302s url=https://www.myfonts.com/products/regular-selmith-1176667
[2026-07-11T08:12:21Z] #351 attempt=1/2 status=200 0.274s url=https://www.myfonts.com/collections/selmith-font-lemonthe/
[2026-07-11T08:12:22Z] #352 attempt=1/2 status=429 0.037s url=https://www.myfonts.com/products/biro-script-plus-complete-family-package-5569
[2026-07-11T08:12:24Z] #353 attempt=2/2 status=200 0.508s url=https://www.myfonts.com/products/biro-script-plus-complete-family-package-5569
[2026-07-11T08:12:25Z] #354 attempt=1/2 status=200 0.506s url=https://www.myfonts.com/collections/biro-script-plus-font-ingo/
[2026-07-11T08:12:26Z] #355 attempt=1/2 status=200 0.510s url=https://www.myfonts.com/products/from-the-stars-complete-family-package-975642
[2026-07-11T08:12:27Z] #356 attempt=1/2 status=200 0.602s url=https://www.myfonts.com/collections/from-the-stars-font-typodermic/
[2026-07-11T08:12:28Z] #357 attempt=1/2 status=200 0.892s url=https://www.myfonts.com/products/calenza-condensed-font-family-package-1173866
[2026-07-11T08:12:29Z] #358 attempt=1/2 status=200 0.911s url=https://www.myfonts.com/collections/calenza-font-mostardesign/
[2026-07-11T08:12:31Z] #359 attempt=1/6 status=200 1.111s url=https://www.myfonts.com/products.json?limit=100&page=13
[2026-07-11T08:12:32Z] #360 attempt=1/2 status=200 0.527s url=https://www.myfonts.com/products/dante-complete-family-package-1176442
[2026-07-11T08:12:32Z] #361 attempt=1/2 status=200 0.541s url=https://www.myfonts.com/collections/dante-mt-font-monotype-imaging/
[2026-07-11T08:12:33Z] #362 attempt=1/2 status=200 0.607s url=https://www.myfonts.com/products/spyk-display-complete-family-package-972508
[2026-07-11T08:12:34Z] #363 attempt=1/2 status=200 0.582s url=https://www.myfonts.com/collections/spyk-display-font-rene-bieder/
[2026-07-11T08:12:35Z] #364 attempt=1/2 status=200 0.839s url=https://www.myfonts.com/products/black-49523-charter-711924
[2026-07-11T08:12:36Z] #365 attempt=1/2 status=200 0.601s url=https://www.myfonts.com/collections/charter-font-bitstream/
[2026-07-11T08:12:37Z] #366 attempt=1/2 status=200 0.357s url=https://www.myfonts.com/products/medium-balonim-mf-986421
[2026-07-11T08:12:38Z] #367 attempt=1/2 status=200 0.527s url=https://www.myfonts.com/collections/balonim-mf-font-masterfont/
[2026-07-11T08:12:38Z] #368 attempt=1/2 status=200 0.414s url=https://www.myfonts.com/products/regular-total-black-1028532
[2026-07-11T08:12:39Z] #369 attempt=1/2 status=200 0.550s url=https://www.myfonts.com/collections/total-black-font-resistenza/
[2026-07-11T08:12:40Z] #370 attempt=1/2 status=200 0.295s url=https://www.myfonts.com/products/dunker-complete-family-package-1161910
[2026-07-11T08:12:40Z] #371 attempt=1/2 status=429 0.028s url=https://www.myfonts.com/collections/dunker-font-mans-greback/
[2026-07-11T08:12:43Z] #372 attempt=2/2 status=200 0.463s url=https://www.myfonts.com/collections/dunker-font-mans-greback/
[2026-07-11T08:12:43Z] #373 attempt=1/2 status=200 0.277s url=https://www.myfonts.com/products/regular-rafellish-1176660
[2026-07-11T08:12:44Z] #374 attempt=1/2 status=200 0.305s url=https://www.myfonts.com/collections/rafellish-font-letterluck/
[2026-07-11T08:12:44Z] #375 attempt=1/2 status=200 0.454s url=https://www.myfonts.com/products/cf-ifigeneia-alt-complete-family-package-1173898
[2026-07-11T08:12:45Z] #376 attempt=1/2 status=200 0.604s url=https://www.myfonts.com/collections/cf-ifigeneia-alt-font-fonts-gr/
[2026-07-11T08:12:46Z] #377 attempt=1/2 status=200 0.602s url=https://www.myfonts.com/products/block-ingeborg-559172
[2026-07-11T08:12:47Z] #378 attempt=1/2 status=200 0.908s url=https://www.myfonts.com/collections/ingeborg-font-typejockeys/
[2026-07-11T08:12:48Z] #379 attempt=1/2 status=200 0.426s url=https://www.myfonts.com/products/regular-naskh-1176562
[2026-07-11T08:12:49Z] #380 attempt=1/2 status=200 0.331s url=https://www.myfonts.com/collections/naskh-font-tharwat-emara/
[2026-07-11T08:12:49Z] #381 attempt=1/2 status=429 0.028s url=https://www.myfonts.com/products/gotham-complete-family-pack
[2026-07-11T08:12:52Z] #382 attempt=2/2 status=200 0.450s url=https://www.myfonts.com/products/gotham-complete-family-pack
[2026-07-11T08:12:53Z] #383 attempt=1/2 status=200 1.354s url=https://www.myfonts.com/collections/gotham-font-hoefler-and-co/
[2026-07-11T08:12:54Z] #384 attempt=1/2 status=200 0.413s url=https://www.myfonts.com/products/pentz-crinoly-complete-family-package-1176657
[2026-07-11T08:12:55Z] #385 attempt=1/2 status=200 0.475s url=https://www.myfonts.com/collections/pentz-crinoly-font-black-junst/
[2026-07-11T08:12:56Z] #386 attempt=1/2 status=200 0.429s url=https://www.myfonts.com/products/blackflag-armada-complete-family-package-1161905
[2026-07-11T08:12:56Z] #387 attempt=1/2 status=200 0.331s url=https://www.myfonts.com/collections/blackflag-armada-font-mans-greback/
[2026-07-11T08:12:58Z] #388 attempt=1/6 status=200 0.834s url=https://www.myfonts.com/products.json?limit=100&page=14
[2026-07-11T08:12:58Z] #389 attempt=1/2 status=200 0.262s url=https://www.myfonts.com/products/regular-r41-oscar-1176661
[2026-07-11T08:12:59Z] #390 attempt=1/2 status=200 0.284s url=https://www.myfonts.com/collections/r41-oscar-font-reber-r41/
[2026-07-11T08:13:00Z] #391 attempt=1/2 status=200 0.395s url=https://www.myfonts.com/products/regular-arctic-splash-1176656
[2026-07-11T08:13:00Z] #392 attempt=1/2 status=200 0.308s url=https://www.myfonts.com/collections/arctic-splash-font-angin-studio/
[2026-07-11T08:13:00Z] #393 attempt=1/2 status=429 0.092s url=https://www.myfonts.com/products/cir-old-triker-1176505
[2026-07-11T08:13:04Z] #394 attempt=2/2 status=200 0.994s url=https://www.myfonts.com/products/cir-old-triker-1176505
[2026-07-11T08:13:05Z] #395 attempt=1/2 status=200 1.367s url=https://www.myfonts.com/collections/triker-font-alpercakici/
[2026-07-11T08:13:06Z] #396 attempt=1/2 status=200 0.408s url=https://www.myfonts.com/products/neon-stack-effect-package-1176633
[2026-07-11T08:13:07Z] #397 attempt=1/2 status=200 0.447s url=https://www.myfonts.com/collections/fty-delirium-font-the-fontry/
[2026-07-11T08:13:08Z] #398 attempt=1/2 status=200 0.281s url=https://www.myfonts.com/products/sunset-brush-complete-family-package-1176056
[2026-07-11T08:13:08Z] #399 attempt=1/2 status=200 0.330s url=https://www.myfonts.com/collections/sunset-brush-font-cocodesign/
[2026-07-11T08:13:09Z] #400 attempt=1/2 status=200 0.338s url=https://www.myfonts.com/products/old-ledger-complete-family-package-1161900
[2026-07-11T08:13:10Z] #401 attempt=1/2 status=200 0.503s url=https://www.myfonts.com/collections/old-ledger-font-mans-greback/
[2026-07-11T08:13:10Z] #402 attempt=1/2 status=200 0.321s url=https://www.myfonts.com/products/w01-tsanger-amxk-1176054
[2026-07-11T08:13:11Z] #403 attempt=1/2 status=200 0.278s url=https://www.myfonts.com/collections/tsanger-amxk-font-tsanger/
[2026-07-11T08:13:11Z] #404 attempt=1/2 status=200 0.191s url=https://www.myfonts.com/collections/tsanger-amxk-font-tsanger/
[2026-07-11T08:13:12Z] #405 attempt=1/6 status=429 0.026s url=https://www.myfonts.com/products.json?limit=100&page=15
[2026-07-11T08:13:15Z] #406 attempt=2/6 status=200 1.134s url=https://www.myfonts.com/products.json?limit=100&page=15
[2026-07-11T08:13:16Z] #407 attempt=1/2 status=200 0.651s url=https://www.myfonts.com/products/italic-atelier-blume-1176561
[2026-07-11T08:13:17Z] #408 attempt=1/2 status=200 0.522s url=https://www.myfonts.com/collections/atelier-blume-font-agny-hasya-studio/
[2026-07-11T08:13:18Z] #409 attempt=1/2 status=200 0.692s url=https://www.myfonts.com/products/thin-expanded-raiselle-1176235
[2026-07-11T08:13:20Z] #410 attempt=1/2 status=200 1.759s url=https://www.myfonts.com/collections/raiselle-font-kaidosan/
[2026-07-11T08:13:22Z] #411 attempt=1/2 status=200 1.061s url=https://www.myfonts.com/products/thin-condensed-italic-spatial-logic-1176332
[2026-07-11T08:13:24Z] #412 attempt=1/2 status=200 1.799s url=https://www.myfonts.com/collections/spatial-logic-font-ketiga-foundry/
[2026-07-11T08:13:25Z] #413 attempt=1/2 status=200 0.332s url=https://www.myfonts.com/products/italic-rhythm-the-night-1176281
[2026-07-11T08:13:25Z] #414 attempt=1/2 status=200 0.387s url=https://www.myfonts.com/collections/rhythm-the-night-font-timelesstype-studio/
[2026-07-11T08:13:26Z] #415 attempt=1/2 status=200 0.798s url=https://www.myfonts.com/products/bold-expanded-italic-calogen-1176146
[2026-07-11T08:13:28Z] #416 attempt=1/2 status=200 1.096s url=https://www.myfonts.com/collections/calogen-font-fargun-studio/
[2026-07-11T08:13:28Z] #417 attempt=1/2 status=200 0.380s url=https://www.myfonts.com/products/letterpress-royal-regular-letterpress-collection-1176270
[2026-07-11T08:13:29Z] #418 attempt=1/2 status=200 0.514s url=https://www.myfonts.com/collections/letterpress-collection-font-misprinted-type/
[2026-07-11T08:13:30Z] #419 attempt=1/2 status=200 0.412s url=https://www.myfonts.com/products/artificial-flavour-pro-complete-family-package-1175998
[2026-07-11T08:13:31Z] #420 attempt=1/2 status=200 0.394s url=https://www.myfonts.com/collections/artificial-flavour-pro-font-hanoded/
[2026-07-11T08:13:31Z] #421 attempt=1/2 status=200 0.334s url=https://www.myfonts.com/products/fortune-teller-pro-complete-family-package-1176001
[2026-07-11T08:13:32Z] #422 attempt=1/2 status=200 0.639s url=https://www.myfonts.com/collections/fortune-teller-pro-font-hanoded/
[2026-07-11T08:13:33Z] #423 attempt=1/2 status=200 0.363s url=https://www.myfonts.com/products/sfc-gazie-complete-family-package-1176259
[2026-07-11T08:13:33Z] #424 attempt=1/2 status=200 0.380s url=https://www.myfonts.com/collections/sfc-gazie-font-skilline-fonts-co/
[2026-07-11T08:13:34Z] #425 attempt=1/2 status=200 0.391s url=https://www.myfonts.com/products/stromp-ballpoink-complete-family-package-1176291
[2026-07-11T08:13:35Z] #426 attempt=1/2 status=200 0.493s url=https://www.myfonts.com/collections/stromp-ballpoink-font-stylishtype-studio/
[2026-07-11T08:13:35Z] #427 attempt=1/2 status=200 0.445s url=https://www.myfonts.com/products/mowaq-complete-family-package-1176462
[2026-07-11T08:13:37Z] #428 attempt=1/2 status=200 0.837s url=https://www.myfonts.com/collections/mowaq-font-ixipcalli/
[2026-07-11T08:13:37Z] #429 attempt=1/2 status=200 0.382s url=https://www.myfonts.com/products/mitshuka-complete-family-package-1161895
[2026-07-11T08:13:38Z] #430 attempt=1/2 status=200 0.489s url=https://www.myfonts.com/collections/mitshuka-font-mans-greback/
[2026-07-11T08:13:39Z] #431 attempt=1/2 status=200 0.362s url=https://www.myfonts.com/products/midnight-cafe-society-complete-family-package-1176151
[2026-07-11T08:13:39Z] #432 attempt=1/2 status=200 0.404s url=https://www.myfonts.com/collections/midnight-cafe-society-font-amorfa-type/
[2026-07-11T08:13:40Z] #433 attempt=1/2 status=200 0.296s url=https://www.myfonts.com/products/regular-chimero-1176059
[2026-07-11T08:13:40Z] #434 attempt=1/2 status=429 0.042s url=https://www.myfonts.com/collections/chimero-font-flawlessandco/
[2026-07-11T08:13:43Z] #435 attempt=2/2 status=200 0.377s url=https://www.myfonts.com/collections/chimero-font-flawlessandco/
[2026-07-11T08:13:43Z] #436 attempt=1/2 status=200 0.309s url=https://www.myfonts.com/products/regular-grat-slovic-1176262
[2026-07-11T08:13:44Z] #437 attempt=1/2 status=200 0.332s url=https://www.myfonts.com/collections/grat-slovic-font-black-junst/
[2026-07-11T08:13:45Z] #438 attempt=1/6 status=200 0.988s url=https://www.myfonts.com/products.json?limit=100&page=16
[2026-07-11T08:13:46Z] #439 attempt=1/2 status=200 0.300s url=https://www.myfonts.com/products/regular-food-marker-1176275
[2026-07-11T08:13:46Z] #440 attempt=1/2 status=200 0.261s url=https://www.myfonts.com/collections/food-marker-font-illushvara/
[2026-07-11T08:13:47Z] #441 attempt=1/2 status=200 0.326s url=https://www.myfonts.com/products/regular-varly-1176563
[2026-07-11T08:13:48Z] #442 attempt=1/2 status=200 0.294s url=https://www.myfonts.com/collections/varly-font-moretype/
[2026-07-11T08:13:48Z] #443 attempt=1/2 status=429 0.045s url=https://www.myfonts.com/products/regular-ravenhold-1176461
[2026-07-11T08:13:50Z] #444 attempt=2/2 status=200 0.329s url=https://www.myfonts.com/products/regular-ravenhold-1176461
[2026-07-11T08:13:51Z] #445 attempt=1/2 status=200 0.277s url=https://www.myfonts.com/collections/ravenhold-font-ceeskiiw/
[2026-07-11T08:13:52Z] #446 attempt=1/2 status=200 0.924s url=https://www.myfonts.com/products/variable-bold-fx-regant-1176458
[2026-07-11T08:13:54Z] #447 attempt=1/2 status=200 1.471s url=https://www.myfonts.com/collections/fx-regant-font-fargun-studio/
[2026-07-11T08:13:55Z] #448 attempt=1/2 status=200 0.337s url=https://www.myfonts.com/products/italic-holfing-notes-1176296
[2026-07-11T08:13:55Z] #449 attempt=1/2 status=200 0.416s url=https://www.myfonts.com/collections/holfing-notes-font-stylishtype-studio/
[2026-07-11T08:13:56Z] #450 attempt=1/2 status=200 0.375s url=https://www.myfonts.com/products/regular-bladecut-1176559
[2026-07-11T08:13:57Z] #451 attempt=1/2 status=200 0.244s url=https://www.myfonts.com/collections/bladecut-font-heartcore/
[2026-07-11T08:13:57Z] #452 attempt=1/2 status=200 0.338s url=https://www.myfonts.com/products/italic-ballonk-stevihay-1176302
[2026-07-11T08:13:57Z] #453 attempt=1/2 status=429 0.038s url=https://www.myfonts.com/collections/ballonk-stevihay-font-stylishtype-studio/
[2026-07-11T08:14:00Z] #454 attempt=2/2 status=200 0.588s url=https://www.myfonts.com/collections/ballonk-stevihay-font-stylishtype-studio/
[2026-07-11T08:14:01Z] #455 attempt=1/2 status=200 0.508s url=https://www.myfonts.com/products/cluster-edge-normal-pack-package-1174105
[2026-07-11T08:14:02Z] #456 attempt=1/2 status=200 0.924s url=https://www.myfonts.com/collections/cluster-edge-font-kobuzan/
[2026-07-11T08:14:03Z] #457 attempt=1/2 status=200 0.375s url=https://www.myfonts.com/products/jell-kerry-complete-family-package-1176288
[2026-07-11T08:14:04Z] #458 attempt=1/2 status=200 0.427s url=https://www.myfonts.com/collections/jell-kerry-font-agung-sudirman/
[2026-07-11T08:14:04Z] #459 attempt=1/2 status=200 0.325s url=https://www.myfonts.com/products/sfc-mircola-complete-family-package-1176264
[2026-07-11T08:14:05Z] #460 attempt=1/2 status=200 0.396s url=https://www.myfonts.com/collections/sfc-mircola-font-skilline-fonts-co/
[2026-07-11T08:14:06Z] #461 attempt=1/2 status=200 0.340s url=https://www.myfonts.com/products/shalli-complete-family-package-1176326
[2026-07-11T08:14:06Z] #462 attempt=1/2 status=200 0.542s url=https://www.myfonts.com/collections/shalli-font-saemoon-creative/
[2026-07-11T08:14:07Z] #463 attempt=1/2 status=429 0.037s url=https://www.myfonts.com/products/brewligh-district-complete-family-package-1176148
[2026-07-11T08:14:09Z] #464 attempt=2/2 status=200 0.427s url=https://www.myfonts.com/products/brewligh-district-complete-family-package-1176148
[2026-07-11T08:14:10Z] #465 attempt=1/2 status=200 0.399s url=https://www.myfonts.com/collections/brewligh-district-font-amorfa-type/
[2026-07-11T08:14:11Z] #466 attempt=1/2 status=200 0.488s url=https://www.myfonts.com/products/cluster-normal-pack-package-1174051
[2026-07-11T08:14:12Z] #467 attempt=1/2 status=200 0.985s url=https://www.myfonts.com/collections/cluster-font-kobuzan/
[2026-07-11T08:14:13Z] #468 attempt=1/2 status=200 0.374s url=https://www.myfonts.com/products/kireon-complete-family-package-1176276
[2026-07-11T08:14:13Z] #469 attempt=1/2 status=200 0.393s url=https://www.myfonts.com/collections/kireon-font-illushvara/
[2026-07-11T08:14:14Z] #470 attempt=1/2 status=200 0.324s url=https://www.myfonts.com/products/pg-bellamore-complete-family-package-1176303
[2026-07-11T08:14:15Z] #471 attempt=1/2 status=200 0.419s url=https://www.myfonts.com/collections/pg-bellamore-font-pretty-glyphs/
[2026-07-11T08:14:15Z] #472 attempt=1/2 status=429 0.027s url=https://www.myfonts.com/products/403-neusten-complete-family-package-1176306
[2026-07-11T08:14:18Z] #473 attempt=2/2 status=200 0.401s url=https://www.myfonts.com/products/403-neusten-complete-family-package-1176306
[2026-07-11T08:14:18Z] #474 attempt=1/2 status=200 0.459s url=https://www.myfonts.com/collections/403-neusten-font-403tf/
[2026-07-11T08:14:19Z] #475 attempt=1/2 status=200 0.428s url=https://www.myfonts.com/products/pilastro-complete-family-package-1176156
[2026-07-11T08:14:20Z] #476 attempt=1/2 status=200 0.426s url=https://www.myfonts.com/collections/pilastro-font-mrf/
[2026-07-11T08:14:20Z] #477 attempt=1/2 status=200 0.383s url=https://www.myfonts.com/products/sfc-crest-pier-complete-family-package-1176253
[2026-07-11T08:14:21Z] #478 attempt=1/2 status=200 0.485s url=https://www.myfonts.com/collections/sfc-crest-pier-font-skilline-fonts-co/
[2026-07-11T08:14:22Z] #479 attempt=1/2 status=200 0.396s url=https://www.myfonts.com/products/roasted-cafe-complete-family-package-1176297
[2026-07-11T08:14:22Z] #480 attempt=1/2 status=429 0.039s url=https://www.myfonts.com/collections/roasted-cafe-font-stylishtype-studio/
[2026-07-11T08:14:25Z] #481 attempt=2/2 status=200 0.408s url=https://www.myfonts.com/collections/roasted-cafe-font-stylishtype-studio/
[2026-07-11T08:14:25Z] #482 attempt=1/2 status=200 0.496s url=https://www.myfonts.com/products/crumbly-twinkles-complete-family-package-1176063
[2026-07-11T08:14:27Z] #483 attempt=1/2 status=200 0.893s url=https://www.myfonts.com/collections/crumbly-twinkles-font-black-junst/
[2026-07-11T08:14:27Z] #484 attempt=1/2 status=200 0.436s url=https://www.myfonts.com/products/muthainah-complete-family-package-1176310
[2026-07-11T08:14:28Z] #485 attempt=1/2 status=200 0.610s url=https://www.myfonts.com/collections/muthainah-font-typeclassheroes/
[2026-07-11T08:14:29Z] #486 attempt=1/2 status=200 0.443s url=https://www.myfonts.com/products/mimale-camper-complete-family-package-1161890
[2026-07-11T08:14:30Z] #487 attempt=1/2 status=200 0.498s url=https://www.myfonts.com/collections/mimale-camper-font-mans-greback/
[2026-07-11T08:14:30Z] #488 attempt=1/2 status=200 0.577s url=https://www.myfonts.com/products/tsanger-xka-complete-family-package-1176047
[2026-07-11T08:14:31Z] #489 attempt=1/2 status=200 0.560s url=https://www.myfonts.com/collections/tsanger-xka-font-tsanger/
[2026-07-11T08:14:32Z] #490 attempt=1/2 status=200 0.199s url=https://www.myfonts.com/collections/tsanger-xka-font-tsanger/
[2026-07-11T08:14:32Z] #491 attempt=1/6 status=429 0.032s url=https://www.myfonts.com/products.json?limit=100&page=17
[2026-07-11T08:14:36Z] #492 attempt=2/6 status=200 1.149s url=https://www.myfonts.com/products.json?limit=100&page=17
[2026-07-11T08:14:37Z] #493 attempt=1/2 status=200 0.369s url=https://www.myfonts.com/products/ransahoff-ransahoff-ct-1176450
[2026-07-11T08:14:37Z] #494 attempt=1/2 status=200 0.334s url=https://www.myfonts.com/collections/ransahoff-ct-font-castletype/
[2026-07-11T08:14:38Z] #495 attempt=1/2 status=200 0.515s url=https://www.myfonts.com/products/regular-sfc-port-riser-1176267
[2026-07-11T08:14:39Z] #496 attempt=1/2 status=200 0.353s url=https://www.myfonts.com/collections/sfc-port-riser-font-skilline-fonts-co/
[2026-07-11T08:14:40Z] #497 attempt=1/6 status=200 1.211s url=https://www.myfonts.com/products.json?limit=100&page=18
[2026-07-11T08:14:41Z] #498 attempt=1/2 status=200 0.302s url=https://www.myfonts.com/products/regular-belarise-1176155
[2026-07-11T08:14:41Z] #499 attempt=1/2 status=200 0.268s url=https://www.myfonts.com/collections/belarise-font-rhd-creative/
[2026-07-11T08:14:42Z] #500 attempt=1/2 status=200 0.344s url=https://www.myfonts.com/products/italic-frestlora-1176284
[2026-07-11T08:14:43Z] #501 attempt=1/2 status=200 0.440s url=https://www.myfonts.com/collections/frestlora-font-timelesstype-studio/
[2026-07-11T08:14:43Z] #502 attempt=1/2 status=200 0.304s url=https://www.myfonts.com/products/bold-sfc-lolipa-club-1176263
[2026-07-11T08:14:44Z] #503 attempt=1/2 status=429 0.031s url=https://www.myfonts.com/collections/sfc-lolipa-club-font-skilline-fonts-co/
[2026-07-11T08:14:46Z] #504 attempt=2/2 status=200 0.465s url=https://www.myfonts.com/collections/sfc-lolipa-club-font-skilline-fonts-co/
[2026-07-11T08:14:47Z] #505 attempt=1/2 status=200 0.327s url=https://www.myfonts.com/products/nexodus-complete-family-package-1176451
[2026-07-11T08:14:47Z] #506 attempt=1/2 status=200 0.369s url=https://www.myfonts.com/collections/nexodus-font-t-26/
[2026-07-11T08:14:48Z] #507 attempt=1/2 status=200 0.229s url=https://www.myfonts.com/collections/nexodus-font-t-26/
[2026-07-11T08:14:48Z] #508 attempt=1/2 status=200 0.291s url=https://www.myfonts.com/products/w04-tsanger-fwjt-1176037
[2026-07-11T08:14:49Z] #509 attempt=1/2 status=429 0.073s url=https://www.myfonts.com/collections/tsanger-fwjt-font-tsanger/
[2026-07-11T08:14:51Z] #510 attempt=2/2 status=200 0.444s url=https://www.myfonts.com/collections/tsanger-fwjt-font-tsanger/
[2026-07-11T08:14:52Z] #511 attempt=1/2 status=200 0.209s url=https://www.myfonts.com/collections/tsanger-fwjt-font-tsanger/
[2026-07-11T08:14:53Z] #512 attempt=1/6 status=200 0.983s url=https://www.myfonts.com/products.json?limit=100&page=19
[2026-07-11T08:14:54Z] #513 attempt=1/2 status=200 0.324s url=https://www.myfonts.com/products/slant-crispydong-1176163
[2026-07-11T08:14:55Z] #514 attempt=1/2 status=200 0.419s url=https://www.myfonts.com/collections/crispydong-font-letterytz/
[2026-07-11T08:14:55Z] #515 attempt=1/2 status=200 0.385s url=https://www.myfonts.com/products/w04-tsanger-yihei-1176045
[2026-07-11T08:14:56Z] #516 attempt=1/2 status=200 0.460s url=https://www.myfonts.com/collections/tsanger-yihei-font-tsanger/
[2026-07-11T08:14:56Z] #517 attempt=1/2 status=429 0.029s url=https://www.myfonts.com/collections/tsanger-yihei-font-tsanger/
[2026-07-11T08:14:59Z] #518 attempt=2/2 status=200 0.204s url=https://www.myfonts.com/collections/tsanger-yihei-font-tsanger/
[2026-07-11T08:14:59Z] #519 attempt=1/2 status=200 0.399s url=https://www.myfonts.com/products/postamp-grotesk-complete-family-package-1176430
[2026-07-11T08:15:00Z] #520 attempt=1/2 status=200 0.370s url=https://www.myfonts.com/collections/postamp-grotesk-font-fontfabric/
[2026-07-11T08:15:01Z] #521 attempt=1/2 status=200 0.340s url=https://www.myfonts.com/products/regular-mooncrest-1176140
[2026-07-11T08:15:01Z] #522 attempt=1/2 status=200 0.259s url=https://www.myfonts.com/collections/mooncrest-font-maghrib-type/
[2026-07-11T08:15:01Z] #523 attempt=1/2 status=429 0.028s url=https://www.myfonts.com/products/velion-thin-velion-variable-1176426
[2026-07-11T08:15:04Z] #524 attempt=2/2 status=200 0.321s url=https://www.myfonts.com/products/velion-thin-velion-variable-1176426
[2026-07-11T08:15:05Z] #525 attempt=1/2 status=200 0.295s url=https://www.myfonts.com/collections/velion-variable-font-kaidosan/
[2026-07-11T08:15:05Z] #526 attempt=1/2 status=200 0.300s url=https://www.myfonts.com/products/regular-monolithica-1176177
[2026-07-11T08:15:06Z] #527 attempt=1/2 status=200 0.304s url=https://www.myfonts.com/collections/monolithica-font-pictranoosa/
[2026-07-11T08:15:06Z] #528 attempt=1/2 status=200 0.315s url=https://www.myfonts.com/products/regular-rugba-1176216
[2026-07-11T08:15:06Z] #529 attempt=1/2 status=429 0.039s url=https://www.myfonts.com/collections/rugba-font-jaruka-creative/
[2026-07-11T08:15:09Z] #530 attempt=2/2 status=200 0.332s url=https://www.myfonts.com/collections/rugba-font-jaruka-creative/
[2026-07-11T08:15:10Z] #531 attempt=1/2 status=200 0.298s url=https://www.myfonts.com/products/regular-whiken-1176147
[2026-07-11T08:15:10Z] #532 attempt=1/2 status=200 0.262s url=https://www.myfonts.com/collections/whiken-font-jaruka-creative/
[2026-07-11T08:15:11Z] #533 attempt=1/2 status=200 0.434s url=https://www.myfonts.com/products/script-mahrine-prestige-1176287
[2026-07-11T08:15:11Z] #534 attempt=1/2 status=200 0.391s url=https://www.myfonts.com/collections/mahrine-prestige-font-burntilldead/
[2026-07-11T08:15:12Z] #535 attempt=1/2 status=200 0.279s url=https://www.myfonts.com/products/regular-tsanger-amxs-1176055
[2026-07-11T08:15:12Z] #536 attempt=1/2 status=429 0.039s url=https://www.myfonts.com/collections/tsanger-amxs-font-tsanger/
[2026-07-11T08:15:15Z] #537 attempt=2/2 status=200 0.340s url=https://www.myfonts.com/collections/tsanger-amxs-font-tsanger/
[2026-07-11T08:15:15Z] #538 attempt=1/2 status=200 0.174s url=https://www.myfonts.com/collections/tsanger-amxs-font-tsanger/
[2026-07-11T08:15:17Z] #539 attempt=1/6 status=200 1.247s url=https://www.myfonts.com/products.json?limit=100&page=20
[2026-07-11T08:15:18Z] #540 attempt=1/2 status=200 0.315s url=https://www.myfonts.com/products/w01-tsanger-xyxs-1176040
[2026-07-11T08:15:18Z] #541 attempt=1/2 status=200 0.444s url=https://www.myfonts.com/collections/tsanger-xyxs-font-tsanger/
[2026-07-11T08:15:19Z] #542 attempt=1/2 status=200 0.181s url=https://www.myfonts.com/collections/tsanger-xyxs-font-tsanger/
[2026-07-11T08:15:20Z] #543 attempt=1/2 status=200 0.588s url=https://www.myfonts.com/products/black-ciclo-display-1014018
[2026-07-11T08:15:20Z] #544 attempt=1/2 status=429 0.045s url=https://www.myfonts.com/collections/ciclo-display-font-lechuga-type/
[2026-07-11T08:15:23Z] #545 attempt=2/2 status=200 0.514s url=https://www.myfonts.com/collections/ciclo-display-font-lechuga-type/
[2026-07-11T08:15:23Z] #546 attempt=1/2 status=200 0.445s url=https://www.myfonts.com/products/extra-bold-techno-nue-1011372
[2026-07-11T08:15:24Z] #547 attempt=1/2 status=200 0.473s url=https://www.myfonts.com/collections/techno-nue-font-webhance/
[2026-07-11T08:15:25Z] #548 attempt=1/2 status=200 0.398s url=https://www.myfonts.com/products/blond-dutch-courage-ale-1010728
[2026-07-11T08:15:25Z] #549 attempt=1/2 status=200 0.440s url=https://www.myfonts.com/collections/dutch-courage-ale-font-comicraft/
[2026-07-11T08:15:26Z] #550 attempt=1/2 status=200 0.407s url=https://www.myfonts.com/products/dunkel-dutch-courage-lager-1010723
[2026-07-11T08:15:27Z] #551 attempt=1/2 status=200 0.590s url=https://www.myfonts.com/collections/dutch-courage-lager-font-comicraft/
[2026-07-11T08:15:28Z] #552 attempt=1/2 status=200 0.333s url=https://www.myfonts.com/products/regular-te-hafs2-tharwat-emara-1012387
[2026-07-11T08:15:28Z] #553 attempt=1/2 status=429 0.030s url=https://www.myfonts.com/collections/te-hafs2-tharwat-emara-font-tharwat-emara/
[2026-07-11T08:15:30Z] #554 attempt=2/2 status=200 0.320s url=https://www.myfonts.com/collections/te-hafs2-tharwat-emara-font-tharwat-emara/
[2026-07-11T08:15:32Z] #555 attempt=1/2 status=200 1.153s url=https://www.myfonts.com/products/semi-expanded-package-1175797
[2026-07-11T08:15:34Z] #556 attempt=1/2 status=200 1.625s url=https://www.myfonts.com/collections/sprayblock-font-jorsetype/
[2026-07-11T08:15:35Z] #557 attempt=1/2 status=200 0.512s url=https://www.myfonts.com/products/k73-hogan-grotesk-complete-family-package-1176011
[2026-07-11T08:15:36Z] #558 attempt=1/2 status=200 0.907s url=https://www.myfonts.com/collections/k73-hogan-grotesk-font-k73-type-foundry/
[2026-07-11T08:15:36Z] #559 attempt=1/2 status=200 0.317s url=https://www.myfonts.com/products/force-of-habit-pro-complete-family-package-1175965
[2026-07-11T08:15:37Z] #560 attempt=1/2 status=200 0.422s url=https://www.myfonts.com/collections/force-of-habit-pro-font-hanoded/
[2026-07-11T08:15:38Z] #561 attempt=1/2 status=200 0.451s url=https://www.myfonts.com/products/limit-file-complete-family-package-1175416
[2026-07-11T08:15:39Z] #562 attempt=1/2 status=200 0.746s url=https://www.myfonts.com/collections/limit-file-font-bold-guys/
[2026-07-11T08:15:39Z] #563 attempt=1/2 status=200 0.286s url=https://www.myfonts.com/products/ukiyo-mind-pro-complete-family-package-1175962
[2026-07-11T08:15:40Z] #564 attempt=1/2 status=200 0.375s url=https://www.myfonts.com/collections/ukiyo-mind-pro-font-hanoded/
[2026-07-11T08:15:41Z] #565 attempt=1/2 status=200 0.406s url=https://www.myfonts.com/products/alascripty-complete-family-package-1176010
[2026-07-11T08:15:41Z] #566 attempt=1/2 status=200 0.402s url=https://www.myfonts.com/collections/alascripty-font-leksen-design/
[2026-07-11T08:15:42Z] #567 attempt=1/2 status=200 0.357s url=https://www.myfonts.com/products/daily-roast-complete-family-package-1175347
[2026-07-11T08:15:43Z] #568 attempt=1/2 status=200 0.495s url=https://www.myfonts.com/collections/daily-roast-font-stylishtype-studio/
[2026-07-11T08:15:43Z] #569 attempt=1/2 status=429 0.031s url=https://www.myfonts.com/products/alles-kaputt-pro-complete-family-package-1176007
[2026-07-11T08:15:46Z] #570 attempt=2/2 status=200 0.369s url=https://www.myfonts.com/products/alles-kaputt-pro-complete-family-package-1176007
[2026-07-11T08:15:46Z] #571 attempt=1/2 status=200 0.490s url=https://www.myfonts.com/collections/alles-kaputt-pro-font-hanoded/
[2026-07-11T08:15:47Z] #572 attempt=1/2 status=200 0.421s url=https://www.myfonts.com/products/northy-chains-complete-family-package-1175344
[2026-07-11T08:15:48Z] #573 attempt=1/2 status=200 0.501s url=https://www.myfonts.com/collections/northy-chains-font-stylishtype-studio/
[2026-07-11T08:15:49Z] #574 attempt=1/2 status=200 0.491s url=https://www.myfonts.com/products/fossegrim-pro-complete-family-package-1175959
[2026-07-11T08:15:49Z] #575 attempt=1/2 status=200 0.431s url=https://www.myfonts.com/collections/fossegrim-pro-font-hanoded/
[2026-07-11T08:15:51Z] #576 attempt=1/2 status=200 0.889s url=https://www.myfonts.com/products/expanded-family-package-1175953
[2026-07-11T08:15:53Z] #577 attempt=1/2 status=200 2.137s url=https://www.myfonts.com/collections/ckr-serif-font-ckr-type-foundry/
[2026-07-11T08:15:54Z] #578 attempt=1/2 status=200 0.347s url=https://www.myfonts.com/products/avelyra-script-complete-family-package-1175090
[2026-07-11T08:15:55Z] #579 attempt=1/2 status=200 0.442s url=https://www.myfonts.com/collections/avelyra-script-font-typehill-studio/
[2026-07-11T08:15:55Z] #580 attempt=1/2 status=200 0.294s url=https://www.myfonts.com/products/six-week-holiday-pro-complete-family-package-1176004
[2026-07-11T08:15:56Z] #581 attempt=1/2 status=200 0.439s url=https://www.myfonts.com/collections/six-week-holiday-pro-font-hanoded/
[2026-07-11T08:15:57Z] #582 attempt=1/2 status=200 0.556s url=https://www.myfonts.com/products/stupid-sans-complete-family-package-1175039
[2026-07-11T08:15:58Z] #583 attempt=1/2 status=200 0.632s url=https://www.myfonts.com/collections/stupid-sans-font-ll-type-foundry/
[2026-07-11T08:15:59Z] #584 attempt=1/2 status=200 0.339s url=https://www.myfonts.com/products/mhexis-complete-family-package-1175016
[2026-07-11T08:15:59Z] #585 attempt=1/2 status=200 0.460s url=https://www.myfonts.com/collections/mhexis-font-timelesstype-studio/
[2026-07-11T08:16:00Z] #586 attempt=1/2 status=200 0.480s url=https://www.myfonts.com/products/mezzogiorno-complete-family-package-1175975
[2026-07-11T08:16:00Z] #587 attempt=1/2 status=429 0.043s url=https://www.myfonts.com/collections/mezzogiorno-font-tarallo-design/
[2026-07-11T08:16:03Z] #588 attempt=2/2 status=200 0.615s url=https://www.myfonts.com/collections/mezzogiorno-font-tarallo-design/
[2026-07-11T08:16:04Z] #589 attempt=1/2 status=200 0.615s url=https://www.myfonts.com/products/regine-complete-family-package-1175643
[2026-07-11T08:16:05Z] #590 attempt=1/2 status=200 0.780s url=https://www.myfonts.com/collections/regine-font-pizzatypefaces/
[2026-07-11T08:16:06Z] #591 attempt=1/2 status=200 0.393s url=https://www.myfonts.com/products/tenford-complete-family-package-1174971
[2026-07-11T08:16:06Z] #592 attempt=1/2 status=200 0.411s url=https://www.myfonts.com/collections/tenford-font-artisan-themes/
[2026-07-11T08:16:07Z] #593 attempt=1/2 status=200 0.395s url=https://www.myfonts.com/products/merpatino-complete-family-package-1175799
[2026-07-11T08:16:08Z] #594 attempt=1/2 status=200 0.393s url=https://www.myfonts.com/collections/merpatino-font-mei-suseno/
[2026-07-11T08:16:09Z] #595 attempt=1/2 status=200 0.496s url=https://www.myfonts.com/products/brave-love-complete-family-package-1175632
[2026-07-11T08:16:09Z] #596 attempt=1/2 status=200 0.517s url=https://www.myfonts.com/collections/brave-love-font-gatype/
[2026-07-11T08:16:10Z] #597 attempt=1/2 status=200 0.319s url=https://www.myfonts.com/products/night-delivery-pro-complete-family-package-1175971
[2026-07-11T08:16:10Z] #598 attempt=1/2 status=429 0.039s url=https://www.myfonts.com/collections/night-delivery-pro-font-hanoded/
[2026-07-11T08:16:13Z] #599 attempt=2/2 status=200 0.451s url=https://www.myfonts.com/collections/night-delivery-pro-font-hanoded/
[2026-07-11T08:16:14Z] #600 attempt=1/2 status=200 0.405s url=https://www.myfonts.com/products/cf-angeliki-complete-family-package-1173883
[2026-07-11T08:16:14Z] #601 attempt=1/2 status=200 0.485s url=https://www.myfonts.com/collections/cf-angeliki-font-fonts-gr/
[2026-07-11T08:16:15Z] #602 attempt=1/2 status=200 0.438s url=https://www.myfonts.com/products/early-plum-complete-family-package-1161885
[2026-07-11T08:16:16Z] #603 attempt=1/2 status=200 0.410s url=https://www.myfonts.com/collections/early-plum-font-mans-greback/
[2026-07-11T08:16:16Z] #604 attempt=1/2 status=200 0.326s url=https://www.myfonts.com/products/midnight-asylum-pro-complete-family-package-1175968
[2026-07-11T08:16:17Z] #605 attempt=1/2 status=200 0.436s url=https://www.myfonts.com/collections/midnight-asylum-pro-font-hanoded/
[2026-07-11T08:16:17Z] #606 attempt=1/2 status=429 0.035s url=https://www.myfonts.com/products/macklin-variable-complete-family-package-1175434
[2026-07-11T08:16:20Z] #607 attempt=2/2 status=200 0.384s url=https://www.myfonts.com/products/macklin-variable-complete-family-package-1175434
[2026-07-11T08:16:21Z] #608 attempt=1/2 status=200 0.442s url=https://www.myfonts.com/collections/macklin-variable-font-monotype-imaging/
[2026-07-11T08:16:21Z] #609 attempt=1/2 status=200 0.640s url=https://www.myfonts.com/products/worn-italic-krock-1175470
[2026-07-11T08:16:23Z] #610 attempt=1/2 status=200 1.341s url=https://www.myfonts.com/collections/krock-font-alpercakici/
[2026-07-11T08:16:25Z] #611 attempt=1/6 status=200 1.047s url=https://www.myfonts.com/products.json?limit=100&page=21
[2026-07-11T08:16:26Z] #612 attempt=1/2 status=200 0.387s url=https://www.myfonts.com/products/extralight-italic-ater-display-1175442
[2026-07-11T08:16:26Z] #613 attempt=1/2 status=200 0.560s url=https://www.myfonts.com/collections/ater-display-font-blaze-type/
[2026-07-11T08:16:27Z] #614 attempt=1/2 status=200 0.299s url=https://www.myfonts.com/products/regular-oenoire-1175631
[2026-07-11T08:16:28Z] #615 attempt=1/2 status=200 0.289s url=https://www.myfonts.com/collections/oenoire-font-mkgd/
[2026-07-11T08:16:28Z] #616 attempt=1/2 status=200 0.333s url=https://www.myfonts.com/products/brother-gothic-regular-brother-gothic-1175033
[2026-07-11T08:16:29Z] #617 attempt=1/2 status=200 0.351s url=https://www.myfonts.com/collections/brother-gothic-font-ismanayuda/
[2026-07-11T08:16:29Z] #618 attempt=1/2 status=200 0.459s url=https://www.myfonts.com/products/regular-hygge-adore-1176032
[2026-07-11T08:16:30Z] #619 attempt=1/2 status=200 0.277s url=https://www.myfonts.com/collections/hygge-adore-font-struvictory-art/
[2026-07-11T08:16:30Z] #620 attempt=1/2 status=429 0.033s url=https://www.myfonts.com/products/regular-escamor-1175954
[2026-07-11T08:16:33Z] #621 attempt=2/2 status=200 0.461s url=https://www.myfonts.com/products/regular-escamor-1175954
[2026-07-11T08:16:34Z] #622 attempt=1/2 status=200 0.327s url=https://www.myfonts.com/collections/escamor-font-black-junst/
[2026-07-11T08:16:34Z] #623 attempt=1/2 status=200 0.463s url=https://www.myfonts.com/products/decorative-le-tarot-1176030
[2026-07-11T08:16:35Z] #624 attempt=1/2 status=200 0.311s url=https://www.myfonts.com/collections/le-tarot-font-struvictory-art/
[2026-07-11T08:16:36Z] #625 attempt=1/2 status=200 0.411s url=https://www.myfonts.com/products/regular-elviante-1175114
[2026-07-11T08:16:36Z] #626 attempt=1/2 status=200 0.297s url=https://www.myfonts.com/collections/elviante-font-flawlessandco/
[2026-07-11T08:16:36Z] #627 attempt=1/2 status=429 0.031s url=https://www.myfonts.com/products/regular-hano-kid-writing-1174899
[2026-07-11T08:16:39Z] #628 attempt=2/2 status=200 0.430s url=https://www.myfonts.com/products/regular-hano-kid-writing-1174899
[2026-07-11T08:16:40Z] #629 attempt=1/2 status=200 0.368s url=https://www.myfonts.com/collections/hano-kid-writing-font-mvmet/
[2026-07-11T08:16:41Z] #630 attempt=1/6 status=200 1.017s url=https://www.myfonts.com/products.json?limit=100&page=22
[2026-07-11T08:16:42Z] #631 attempt=1/2 status=200 0.329s url=https://www.myfonts.com/products/regular-bexora-beach-1175351
[2026-07-11T08:16:42Z] #632 attempt=1/2 status=200 0.321s url=https://www.myfonts.com/collections/bexora-beach-font-maxart/
[2026-07-11T08:16:43Z] #633 attempt=1/2 status=200 0.313s url=https://www.myfonts.com/products/regular-mulick-benor-1175350
[2026-07-11T08:16:43Z] #634 attempt=1/2 status=200 0.304s url=https://www.myfonts.com/collections/mulick-benor-font-super-dust/
[2026-07-11T08:16:44Z] #635 attempt=1/2 status=200 0.343s url=https://www.myfonts.com/products/regular-tt-qurdisma-1175974
[2026-07-11T08:16:44Z] #636 attempt=1/2 status=429 0.041s url=https://www.myfonts.com/collections/tt-qurdisma-font-typetype/
[2026-07-11T08:16:47Z] #637 attempt=2/2 status=200 0.321s url=https://www.myfonts.com/collections/tt-qurdisma-font-typetype/
[2026-07-11T08:16:48Z] #638 attempt=1/6 status=200 0.972s url=https://www.myfonts.com/products.json?limit=100&page=23
[2026-07-11T08:16:49Z] #639 attempt=1/2 status=200 0.307s url=https://www.myfonts.com/products/variable-urema-variable-1175800
[2026-07-11T08:16:49Z] #640 attempt=1/2 status=200 0.269s url=https://www.myfonts.com/collections/urema-variable-font-zafira-type/
[2026-07-11T08:16:50Z] #641 attempt=1/2 status=200 0.384s url=https://www.myfonts.com/products/regular-risole-1175752
[2026-07-11T08:16:51Z] #642 attempt=1/2 status=200 0.278s url=https://www.myfonts.com/collections/risole-font-margi-studio/
[2026-07-11T08:16:51Z] #643 attempt=1/2 status=200 0.288s url=https://www.myfonts.com/products/regular-paradise-handwriting-1175031
[2026-07-11T08:16:51Z] #644 attempt=1/2 status=429 0.034s url=https://www.myfonts.com/collections/paradise-handwriting-font-mvmet/
[2026-07-11T08:16:54Z] #645 attempt=2/2 status=200 0.362s url=https://www.myfonts.com/collections/paradise-handwriting-font-mvmet/
[2026-07-11T08:16:55Z] #646 attempt=1/2 status=200 0.434s url=https://www.myfonts.com/products/regular-mltp-rosettiny-1175805
[2026-07-11T08:16:55Z] #647 attempt=1/2 status=200 0.321s url=https://www.myfonts.com/collections/mltp-rosettiny-font-multype-studio/
[2026-07-11T08:16:56Z] #648 attempt=1/2 status=200 0.312s url=https://www.myfonts.com/products/regular-wildflower-notes-1174947
[2026-07-11T08:16:56Z] #649 attempt=1/2 status=200 0.327s url=https://www.myfonts.com/collections/wildflower-notes-font-bluestype-studio/
[2026-07-11T08:16:57Z] #650 attempt=1/2 status=200 0.474s url=https://www.myfonts.com/products/regular-neonray-1176033
[2026-07-11T08:16:58Z] #651 attempt=1/2 status=429 0.083s url=https://www.myfonts.com/collections/neonray-font-phonnastudio/
[2026-07-11T08:17:00Z] #652 attempt=2/2 status=200 0.404s url=https://www.myfonts.com/collections/neonray-font-phonnastudio/
[2026-07-11T08:17:02Z] #653 attempt=1/6 status=200 0.926s url=https://www.myfonts.com/products.json?limit=100&page=24
[2026-07-11T08:17:02Z] #654 attempt=1/2 status=200 0.282s url=https://www.myfonts.com/products/regular-boxvaulth-1174911
[2026-07-11T08:17:03Z] #655 attempt=1/2 status=200 0.258s url=https://www.myfonts.com/collections/boxvaulth-font-mei-suseno/
[2026-07-11T08:17:03Z] #656 attempt=1/2 status=200 0.311s url=https://www.myfonts.com/products/regular-retro-deco-chalk-1175027
[2026-07-11T08:17:04Z] #657 attempt=1/2 status=200 0.265s url=https://www.myfonts.com/collections/retro-deco-chalk-font-mvmet/
[2026-07-11T08:17:04Z] #658 attempt=1/2 status=200 0.353s url=https://www.myfonts.com/products/regular-mossela-1174938
[2026-07-11T08:17:05Z] #659 attempt=1/2 status=429 0.030s url=https://www.myfonts.com/collections/mossela-font-super-dust/
[2026-07-11T08:17:07Z] #660 attempt=2/2 status=200 0.299s url=https://www.myfonts.com/collections/mossela-font-super-dust/
[2026-07-11T08:17:09Z] #661 attempt=1/6 status=200 1.063s url=https://www.myfonts.com/products.json?limit=100&page=25
[2026-07-11T08:17:09Z] #662 attempt=1/2 status=200 0.307s url=https://www.myfonts.com/products/regular-geonica-1176031
[2026-07-11T08:17:10Z] #663 attempt=1/2 status=200 0.301s url=https://www.myfonts.com/collections/geonica-font-struvictory-art/
[2026-07-11T08:17:10Z] #664 attempt=1/2 status=200 0.339s url=https://www.myfonts.com/products/regular-flowpainter-llt-973916
[2026-07-11T08:17:11Z] #665 attempt=1/2 status=200 0.318s url=https://www.myfonts.com/collections/flowpainter-llt-font-lone-letter/
[2026-07-11T08:17:12Z] #666 attempt=1/2 status=200 0.325s url=https://www.myfonts.com/products/limit-file-variable-concept-complete-family-package-1175430
[2026-07-11T08:17:12Z] #667 attempt=1/2 status=429 0.042s url=https://www.myfonts.com/collections/limit-file-variable-concept-font-bold-guys/
[2026-07-11T08:17:15Z] #668 attempt=2/2 status=200 0.481s url=https://www.myfonts.com/collections/limit-file-variable-concept-font-bold-guys/
[2026-07-11T08:17:15Z] #669 attempt=1/2 status=200 0.467s url=https://www.myfonts.com/products/48-medium-armin-1175439
[2026-07-11T08:17:16Z] #670 attempt=1/2 status=200 0.439s url=https://www.myfonts.com/collections/armin-font-test-pilot-collective/
[2026-07-11T08:17:17Z] #671 attempt=1/2 status=200 0.159s url=https://www.myfonts.com/collections/armin-font-test-pilot-collective/
[2026-07-11T08:17:17Z] summary releases=9 first_429=(72, 'https://www.myfonts.com/collections/bastone-diamond-font-ahweproject/?tab=techSpecs', 0.03599691390991211) log_file=state/myfonts_run_20260711_080713.log
[2026-07-11T08:17:17Z] === MyFonts crawl end ===
