[2026-03-31T07:41:14Z] checkpoint fresh next_page=1 path=state/myfonts_crawl_checkpoint.json
[2026-03-31T07:41:14Z] === MyFonts crawl start source=myfonts ===
[2026-03-31T07:41:14Z] config max_pages=25 page_size=100 start_date=2026-03-28 end_date=2026-03-31 api_delay=0.5s detail_delay=0.2s max_debut_checks=400 max_tech_specs_checks=200 reuse_success_profile=False always_enrich_packages=True language_script_signal_mode=strong force_fresh_run=False start_page=1 browser_mode=False browser_headless=True browser_storage_state_path=state/myfonts_storage_state.json
[2026-03-31T07:41:15Z] #1 attempt=1/6 status=200 0.839s url=https://www.myfonts.com/products.json?limit=100&page=1
[2026-03-31T07:41:16Z] #2 attempt=1/6 status=200 0.380s url=https://www.myfonts.com/products/001-sans-serif-regular-001-sans-serif-family-1127913
[2026-03-31T07:41:16Z] #3 attempt=1/6 status=200 0.509s url=https://www.myfonts.com/collections/001-sans-serif-family-font-pedro-teixeira/
[2026-03-31T07:41:17Z] #4 attempt=1/6 status=200 0.574s url=https://www.myfonts.com/collections/001-sans-serif-family-font-pedro-teixeira/?tab=techSpecs
[2026-03-31T07:41:19Z] #5 attempt=1/6 status=200 0.521s url=https://www.myfonts.com/products/main-weights-package-1123341
[2026-03-31T07:41:19Z] #6 attempt=1/6 status=200 0.474s url=https://www.myfonts.com/collections/thrasos-unite-font-multiformis/
[2026-03-31T07:41:20Z] #7 attempt=1/6 status=200 0.121s url=https://www.myfonts.com/collections/thrasos-unite-font-multiformis/?tab=techSpecs
[2026-03-31T07:41:22Z] #8 attempt=1/6 status=200 1.166s url=https://www.myfonts.com/products/condensed-package-1127555
[2026-03-31T07:41:24Z] #9 attempt=1/6 status=200 2.058s url=https://www.myfonts.com/collections/silvera-text-font-soft-creative/
[2026-03-31T07:41:27Z] #10 attempt=1/6 status=200 2.439s url=https://www.myfonts.com/collections/silvera-text-font-soft-creative/?tab=techSpecs
[2026-03-31T07:41:29Z] #11 attempt=1/6 status=200 0.336s url=https://www.myfonts.com/products/stylist-pro-complete-family-package-1127557
[2026-03-31T07:41:29Z] #12 attempt=1/6 status=200 0.594s url=https://www.myfonts.com/collections/stylist-pro-font-fontforecast/
[2026-03-31T07:41:30Z] #13 attempt=1/6 status=200 0.625s url=https://www.myfonts.com/collections/stylist-pro-font-fontforecast/?tab=techSpecs
[2026-03-31T07:41:32Z] #14 attempt=1/6 status=200 0.508s url=https://www.myfonts.com/products/thrasos-complete-family-package-1123342
[2026-03-31T07:41:33Z] #15 attempt=1/6 status=200 0.624s url=https://www.myfonts.com/collections/thrasos-font-multiformis/
[2026-03-31T07:41:34Z] #16 attempt=1/6 status=200 0.630s url=https://www.myfonts.com/collections/thrasos-font-multiformis/?tab=techSpecs
[2026-03-31T07:41:35Z] #17 attempt=1/6 status=200 0.698s url=https://www.myfonts.com/products/avantra-complete-family-package-1127495
[2026-03-31T07:41:36Z] #18 attempt=1/6 status=200 0.829s url=https://www.myfonts.com/collections/avantra-font-alpercakici/
[2026-03-31T07:41:37Z] #19 attempt=1/6 status=200 0.145s url=https://www.myfonts.com/collections/avantra-font-alpercakici/?tab=techSpecs
[2026-03-31T07:41:38Z] #20 attempt=1/6 status=200 0.305s url=https://www.myfonts.com/products/regular-metrogard-1011416
[2026-03-31T07:41:39Z] #21 attempt=1/6 status=200 0.344s url=https://www.myfonts.com/collections/metrogard-font-lurinzu-studios/
[2026-03-31T07:41:39Z] #22 attempt=1/6 status=200 0.300s url=https://www.myfonts.com/collections/metrogard-font-lurinzu-studios/?tab=techSpecs
[2026-03-31T07:41:40Z] #23 attempt=1/6 status=200 0.245s url=https://www.myfonts.com/products/regular-wonder-magic-1127717
[2026-03-31T07:41:41Z] #24 attempt=1/6 status=200 0.454s url=https://www.myfonts.com/collections/wonder-magic-font-typefactory/
[2026-03-31T07:41:41Z] #25 attempt=1/6 status=200 0.105s url=https://www.myfonts.com/collections/wonder-magic-font-typefactory/?tab=techSpecs
[2026-03-31T07:41:42Z] #26 attempt=1/6 status=200 0.571s url=https://www.myfonts.com/products/kakao-complete-family-package-1127258
[2026-03-31T07:41:43Z] #27 attempt=1/6 status=200 0.733s url=https://www.myfonts.com/collections/kakao-font-alpercakici/
[2026-03-31T07:41:45Z] #28 attempt=1/6 status=200 0.856s url=https://www.myfonts.com/collections/kakao-font-alpercakici/?tab=techSpecs
[2026-03-31T07:41:47Z] #29 attempt=1/6 status=200 0.923s url=https://www.myfonts.com/products.json?limit=100&page=2
[2026-03-31T07:41:48Z] #30 attempt=1/6 status=200 0.892s url=https://www.myfonts.com/products/extended-bold-dean-soft-slab-1127170
[2026-03-31T07:41:50Z] #31 attempt=1/6 status=200 1.517s url=https://www.myfonts.com/collections/dean-soft-slab-font-blaze-type/
[2026-03-31T07:41:51Z] #32 attempt=1/6 status=200 1.069s url=https://www.myfonts.com/collections/dean-soft-slab-font-blaze-type/?tab=techSpecs
[2026-03-31T07:41:54Z] #33 attempt=1/6 status=200 0.753s url=https://www.myfonts.com/products.json?limit=100&page=3
[2026-03-31T07:41:55Z] #34 attempt=1/6 status=200 0.998s url=https://www.myfonts.com/products/expanded-subfamily-package-1127257
[2026-03-31T07:41:56Z] #35 attempt=1/6 status=200 1.254s url=https://www.myfonts.com/collections/galdertin-charetam-font-logic-type/
[2026-03-31T07:41:59Z] #36 attempt=1/6 status=200 1.574s url=https://www.myfonts.com/collections/galdertin-charetam-font-logic-type/?tab=techSpecs
[2026-03-31T07:42:01Z] #37 attempt=1/6 status=200 0.451s url=https://www.myfonts.com/products/pantra-complete-family-package-1126811
[2026-03-31T07:42:01Z] #38 attempt=1/6 status=200 0.429s url=https://www.myfonts.com/collections/pantra-font-nicolas-desle/
[2026-03-31T07:42:02Z] #39 attempt=1/6 status=200 0.123s url=https://www.myfonts.com/collections/pantra-font-nicolas-desle/?tab=techSpecs
[2026-03-31T07:42:03Z] #40 attempt=1/6 status=200 0.571s url=https://www.myfonts.com/products/riada-complete-family-package-1127024
[2026-03-31T07:42:04Z] #41 attempt=1/6 status=200 0.694s url=https://www.myfonts.com/collections/riada-font-ottertype/
[2026-03-31T07:42:06Z] #42 attempt=1/6 status=200 1.314s url=https://www.myfonts.com/collections/riada-font-ottertype/?tab=techSpecs
[2026-03-31T07:42:08Z] #43 attempt=1/6 status=200 0.380s url=https://www.myfonts.com/products/tatype-neue-vf-complete-family-package-1127207
[2026-03-31T07:42:08Z] #44 attempt=1/6 status=200 0.378s url=https://www.myfonts.com/collections/tatype-neue-vf-font-tural-alisoy/
[2026-03-31T07:42:09Z] #45 attempt=1/6 status=200 0.359s url=https://www.myfonts.com/collections/tatype-neue-vf-font-tural-alisoy/?tab=techSpecs
[2026-03-31T07:42:10Z] #46 attempt=1/6 status=200 0.557s url=https://www.myfonts.com/products/expanded-package-1126842
[2026-03-31T07:42:11Z] #47 attempt=1/6 status=200 0.656s url=https://www.myfonts.com/collections/pts-pharma-font-paavola-type-studio/
[2026-03-31T07:42:12Z] #48 attempt=1/6 status=200 0.624s url=https://www.myfonts.com/collections/pts-pharma-font-paavola-type-studio/?tab=techSpecs
[2026-03-31T07:42:14Z] #49 attempt=1/6 status=200 0.375s url=https://www.myfonts.com/products/neuland-complete-family-package-1127210
[2026-03-31T07:42:14Z] #50 attempt=1/6 status=200 0.293s url=https://www.myfonts.com/collections/neuland-font-linotype/
[2026-03-31T07:42:15Z] #51 attempt=1/6 status=200 0.353s url=https://www.myfonts.com/collections/neuland-font-linotype/?tab=techSpecs
[2026-03-31T07:42:16Z] #52 attempt=1/6 status=200 0.413s url=https://www.myfonts.com/products/zp-sugar-rush-complete-family-package-1126953
[2026-03-31T07:42:17Z] #53 attempt=1/6 status=200 0.646s url=https://www.myfonts.com/collections/zp-sugar-rush-font-lettering-delights/
[2026-03-31T07:42:18Z] #54 attempt=1/6 status=200 0.161s url=https://www.myfonts.com/collections/zp-sugar-rush-font-lettering-delights/?tab=techSpecs
[2026-03-31T07:42:20Z] #55 attempt=1/6 status=200 1.065s url=https://www.myfonts.com/products/tt-norms-pro-compact-package-package-1126952
[2026-03-31T07:42:22Z] #56 attempt=1/6 status=200 1.813s url=https://www.myfonts.com/collections/tt-norms-font-typetype/
[2026-03-31T07:42:23Z] #57 attempt=1/6 status=200 0.150s url=https://www.myfonts.com/collections/tt-norms-font-typetype/?tab=techSpecs
[2026-03-31T07:42:24Z] #58 attempt=1/6 status=200 0.456s url=https://www.myfonts.com/products/proscenium-serif-complete-family-package-1124943
[2026-03-31T07:42:25Z] #59 attempt=1/6 status=200 0.386s url=https://www.myfonts.com/collections/proscenium-serif-font-wings-art-studio/
[2026-03-31T07:42:26Z] #60 attempt=1/6 status=200 0.217s url=https://www.myfonts.com/collections/proscenium-serif-font-wings-art-studio/?tab=techSpecs
[2026-03-31T07:42:27Z] #61 attempt=1/6 status=200 0.639s url=https://www.myfonts.com/products/argero-complete-family-package-1126965
[2026-03-31T07:42:28Z] #62 attempt=1/6 status=200 0.743s url=https://www.myfonts.com/collections/argero-font-alpercakici/
[2026-03-31T07:42:30Z] #63 attempt=1/6 status=200 0.996s url=https://www.myfonts.com/collections/argero-font-alpercakici/?tab=techSpecs
[2026-03-31T07:42:32Z] #64 attempt=1/6 status=200 1.112s url=https://www.myfonts.com/products/mundale-complete-family-package-1127196
[2026-03-31T07:42:34Z] #65 attempt=1/6 status=200 1.594s url=https://www.myfonts.com/collections/mundale-font-rastype-studio/
[2026-03-31T07:42:34Z] #66 attempt=1/6 status=200 0.145s url=https://www.myfonts.com/collections/mundale-font-rastype-studio/?tab=techSpecs
[2026-03-31T07:42:36Z] #67 attempt=1/6 status=200 0.732s url=https://www.myfonts.com/products.json?limit=100&page=4
[2026-03-31T07:42:38Z] #68 attempt=1/6 status=200 0.754s url=https://www.myfonts.com/products.json?limit=100&page=5
[2026-03-31T07:42:39Z] #69 attempt=1/6 status=200 0.762s url=https://www.myfonts.com/products.json?limit=100&page=6
[2026-03-31T07:42:41Z] #70 attempt=1/6 status=200 1.428s url=https://www.myfonts.com/products/golden-hundred-package-947235
[2026-03-31T07:42:41Z] #71 attempt=1/6 status=404 0.167s url=https://www.myfonts.com/collections/golden-hundred-font-etewut
[2026-03-31T07:42:42Z] #72 attempt=1/6 status=200 1.261s url=https://www.myfonts.com/products/hand-drawn-font-collection-package-775327
[2026-03-31T07:42:43Z] #73 attempt=1/6 status=404 0.220s url=https://www.myfonts.com/collections/hand-drawn-font-collection-font-larin-type-co
[2026-03-31T07:42:44Z] #74 attempt=1/6 status=200 1.299s url=https://www.myfonts.com/products/elegant-serif-bundle-package-729464
[2026-03-31T07:42:45Z] #75 attempt=1/6 status=404 0.258s url=https://www.myfonts.com/collections/elegant-serif-bundle-font-larin-type-co
[2026-03-31T07:42:47Z] #76 attempt=1/6 status=200 1.418s url=https://www.myfonts.com/products/vintage-font-collection-package-726082
[2026-03-31T07:42:47Z] #77 attempt=1/6 status=404 0.232s url=https://www.myfonts.com/collections/vintage-font-collection-font-larin-type-co
[2026-03-31T07:42:49Z] #78 attempt=1/6 status=200 1.396s url=https://www.myfonts.com/products/the-best-collection-font-bundle-package-915711
[2026-03-31T07:42:49Z] #79 attempt=1/6 status=404 0.139s url=https://www.myfonts.com/collections/the-best-collection-font-bundle-font-bosstypestudio
[2026-03-31T07:42:50Z] #80 attempt=1/6 status=200 0.336s url=https://www.myfonts.com/products/limit-micro-condensed-package-1126786
[2026-03-31T07:42:50Z] #81 attempt=1/6 status=200 0.491s url=https://www.myfonts.com/collections/limit-micro-font-bold-guystm/
[2026-03-31T07:42:51Z] #82 attempt=1/6 status=200 0.607s url=https://www.myfonts.com/collections/limit-micro-font-bold-guystm/?tab=techSpecs
[2026-03-31T07:42:53Z] #83 attempt=1/6 status=200 0.433s url=https://www.myfonts.com/products/mallestian-script-complete-family-package-1126571
[2026-03-31T07:42:54Z] #84 attempt=1/6 status=200 0.466s url=https://www.myfonts.com/collections/mallestian-script-font-logic-type/
[2026-03-31T07:42:55Z] #85 attempt=1/6 status=200 0.397s url=https://www.myfonts.com/collections/mallestian-script-font-logic-type/?tab=techSpecs
[2026-03-31T07:42:56Z] #86 attempt=1/6 status=200 0.531s url=https://www.myfonts.com/products/basthor-complete-family-package-1126609
[2026-03-31T07:42:57Z] #87 attempt=1/6 status=200 0.428s url=https://www.myfonts.com/collections/basthor-font-burntilldead/
[2026-03-31T07:42:58Z] #88 attempt=1/6 status=200 0.279s url=https://www.myfonts.com/collections/basthor-font-burntilldead/?tab=techSpecs
[2026-03-31T07:42:59Z] #89 attempt=1/6 status=200 0.386s url=https://www.myfonts.com/products/baronial-complete-family-package-1126606
[2026-03-31T07:42:59Z] #90 attempt=1/6 status=200 0.334s url=https://www.myfonts.com/collections/baronial-font-burntilldead/
[2026-03-31T07:43:00Z] #91 attempt=1/6 status=200 0.478s url=https://www.myfonts.com/collections/baronial-font-burntilldead/?tab=techSpecs
[2026-03-31T07:43:01Z] #92 attempt=1/6 status=200 0.437s url=https://www.myfonts.com/products/alrays-bloom-complete-family-package-1126589
[2026-03-31T07:43:02Z] #93 attempt=1/6 status=200 0.452s url=https://www.myfonts.com/collections/alrays-bloom-font-nirmana-visual/
[2026-03-31T07:43:03Z] #94 attempt=1/6 status=200 0.412s url=https://www.myfonts.com/collections/alrays-bloom-font-nirmana-visual/?tab=techSpecs
[2026-03-31T07:43:05Z] #95 attempt=1/6 status=200 1.651s url=https://www.myfonts.com/products/soft-package-1126810
[2026-03-31T07:43:08Z] #96 attempt=1/6 status=200 2.385s url=https://www.myfonts.com/collections/rustand-font-stripes-studio/
[2026-03-31T07:43:11Z] #97 attempt=1/6 status=200 2.130s url=https://www.myfonts.com/collections/rustand-font-stripes-studio/?tab=techSpecs
[2026-03-31T07:43:13Z] #98 attempt=1/6 status=200 0.471s url=https://www.myfonts.com/products/guhit-pluma-complete-family-package-1126583
[2026-03-31T07:43:14Z] #99 attempt=1/6 status=200 0.578s url=https://www.myfonts.com/collections/guhit-pluma-font-lurinzu-studios/
[2026-03-31T07:43:14Z] #100 attempt=1/6 status=200 0.347s url=https://www.myfonts.com/collections/guhit-pluma-font-lurinzu-studios/?tab=techSpecs
[2026-03-31T07:43:16Z] #101 attempt=1/6 status=200 0.320s url=https://www.myfonts.com/products/positano-vintage-complete-family-package-1126616
[2026-03-31T07:43:16Z] #102 attempt=1/6 status=200 0.407s url=https://www.myfonts.com/collections/positano-vintage-font-amorfa-type/
[2026-03-31T07:43:17Z] #103 attempt=1/6 status=200 0.100s url=https://www.myfonts.com/collections/positano-vintage-font-amorfa-type/?tab=techSpecs
[2026-03-31T07:43:18Z] #104 attempt=1/6 status=200 0.370s url=https://www.myfonts.com/products/norvas-complete-family-package-1126620
[2026-03-31T07:43:19Z] #105 attempt=1/6 status=200 0.392s url=https://www.myfonts.com/collections/norvas-font-vermilione/
[2026-03-31T07:43:19Z] #106 attempt=1/6 status=200 0.380s url=https://www.myfonts.com/collections/norvas-font-vermilione/?tab=techSpecs
[2026-03-31T07:43:20Z] #107 attempt=1/6 status=200 0.276s url=https://www.myfonts.com/products/regular-roviane-1126339
[2026-03-31T07:43:21Z] #108 attempt=1/6 status=200 0.275s url=https://www.myfonts.com/collections/roviane-font-rasio-studio/
[2026-03-31T07:43:22Z] #109 attempt=1/6 status=200 0.423s url=https://www.myfonts.com/collections/roviane-font-rasio-studio/?tab=techSpecs
[2026-03-31T07:43:23Z] #110 attempt=1/6 status=200 0.353s url=https://www.myfonts.com/products/regular-it-krazio-1126456
[2026-03-31T07:43:23Z] #111 attempt=1/6 status=200 0.267s url=https://www.myfonts.com/collections/it-krazio-font-creatifont-studio/
[2026-03-31T07:43:24Z] #112 attempt=1/6 status=200 0.363s url=https://www.myfonts.com/collections/it-krazio-font-creatifont-studio/?tab=techSpecs
[2026-03-31T07:43:25Z] #113 attempt=1/6 status=200 0.355s url=https://www.myfonts.com/products/regular-agrix-1126337
[2026-03-31T07:43:25Z] #114 attempt=1/6 status=200 0.305s url=https://www.myfonts.com/collections/agrix-font-vadova-std/
[2026-03-31T07:43:26Z] #115 attempt=1/6 status=200 0.360s url=https://www.myfonts.com/collections/agrix-font-vadova-std/?tab=techSpecs
[2026-03-31T07:43:27Z] #116 attempt=1/6 status=200 0.262s url=https://www.myfonts.com/products/regular-piccola-1126514
[2026-03-31T07:43:27Z] #117 attempt=1/6 status=200 0.456s url=https://www.myfonts.com/collections/piccola-font-resistenza/
[2026-03-31T07:43:28Z] #118 attempt=1/6 status=200 0.240s url=https://www.myfonts.com/collections/piccola-font-resistenza/?tab=techSpecs
[2026-03-31T07:43:29Z] #119 attempt=1/6 status=200 0.299s url=https://www.myfonts.com/products/regular-gavielle-1126341
[2026-03-31T07:43:29Z] #120 attempt=1/6 status=200 0.325s url=https://www.myfonts.com/collections/gavielle-font-rasio-studio/
[2026-03-31T07:43:30Z] #121 attempt=1/6 status=200 0.120s url=https://www.myfonts.com/collections/gavielle-font-rasio-studio/?tab=techSpecs
[2026-03-31T07:43:31Z] #122 attempt=1/6 status=200 0.276s url=https://www.myfonts.com/products/regular-gravix-1126340
[2026-03-31T07:43:31Z] #123 attempt=1/6 status=200 0.225s url=https://www.myfonts.com/collections/gravix-font-rasio-studio/
[2026-03-31T07:43:32Z] #124 attempt=1/6 status=200 0.294s url=https://www.myfonts.com/collections/gravix-font-rasio-studio/?tab=techSpecs
[2026-03-31T07:43:32Z] #125 attempt=1/6 status=200 0.347s url=https://www.myfonts.com/products/regular-bodro-1126338
[2026-03-31T07:43:33Z] #126 attempt=1/6 status=200 0.299s url=https://www.myfonts.com/collections/bodro-font-vadova-std/
[2026-03-31T07:43:33Z] #127 attempt=1/6 status=200 0.114s url=https://www.myfonts.com/collections/bodro-font-vadova-std/?tab=techSpecs
[2026-03-31T07:43:34Z] #128 attempt=1/6 status=200 0.245s url=https://www.myfonts.com/products/regular-comic-black-metal-1126619
[2026-03-31T07:43:35Z] #129 attempt=1/6 status=200 0.303s url=https://www.myfonts.com/collections/comic-black-metal-font-mvmet/
[2026-03-31T07:43:35Z] #130 attempt=1/6 status=200 0.258s url=https://www.myfonts.com/collections/comic-black-metal-font-mvmet/?tab=techSpecs
[2026-03-31T07:43:39Z] #131 attempt=1/6 status=200 2.247s url=https://www.myfonts.com/products/extra-expanded-package-1126005
[2026-03-31T07:43:42Z] #132 attempt=1/6 status=200 3.033s url=https://www.myfonts.com/collections/anglica-serif-font-pista-mova/
[2026-03-31T07:43:45Z] #133 attempt=1/6 status=200 2.194s url=https://www.myfonts.com/collections/anglica-serif-font-pista-mova/?tab=techSpecs
[2026-03-31T07:43:48Z] #134 attempt=1/6 status=200 0.647s url=https://www.myfonts.com/products.json?limit=100&page=7
[2026-03-31T07:43:48Z] #135 attempt=1/6 status=200 0.302s url=https://www.myfonts.com/products/horizon-drift-complete-family-package-1126101
[2026-03-31T07:43:49Z] #136 attempt=1/6 status=200 0.286s url=https://www.myfonts.com/collections/horizon-drift-font-hipfonts/
[2026-03-31T07:43:49Z] #137 attempt=1/6 status=200 0.107s url=https://www.myfonts.com/collections/horizon-drift-font-hipfonts/?tab=techSpecs
[2026-03-31T07:43:51Z] #138 attempt=1/6 status=200 1.435s url=https://www.myfonts.com/products/dean-soft-complete-family-package-1125666
[2026-03-31T07:43:53Z] #139 attempt=1/6 status=200 1.190s url=https://www.myfonts.com/collections/dean-soft-font-blaze-type/
[2026-03-31T07:43:55Z] #140 attempt=1/6 status=200 1.393s url=https://www.myfonts.com/collections/dean-soft-font-blaze-type/?tab=techSpecs
[2026-03-31T07:43:56Z] #141 attempt=1/6 status=200 0.451s url=https://www.myfonts.com/products/sugitta-complete-family-package-1125768
[2026-03-31T07:43:57Z] #142 attempt=1/6 status=200 0.901s url=https://www.myfonts.com/collections/sugitta-font-smz-design/
[2026-03-31T07:43:58Z] #143 attempt=1/6 status=200 0.131s url=https://www.myfonts.com/collections/sugitta-font-smz-design/?tab=techSpecs
[2026-03-31T07:44:00Z] #144 attempt=1/6 status=200 1.302s url=https://www.myfonts.com/products/vervex-complete-family-package-1126223
[2026-03-31T07:44:02Z] #145 attempt=1/6 status=200 1.849s url=https://www.myfonts.com/collections/vervex-font-alpercakici/
[2026-03-31T07:44:03Z] #146 attempt=1/6 status=200 0.171s url=https://www.myfonts.com/collections/vervex-font-alpercakici/?tab=techSpecs
[2026-03-31T07:44:05Z] #147 attempt=1/6 status=200 0.738s url=https://www.myfonts.com/products/news-heritages-complete-family-package-1126158
[2026-03-31T07:44:06Z] #148 attempt=1/6 status=200 1.258s url=https://www.myfonts.com/collections/news-heritages-font-zaki-creative/
[2026-03-31T07:44:07Z] #149 attempt=1/6 status=200 0.154s url=https://www.myfonts.com/collections/news-heritages-font-zaki-creative/?tab=techSpecs
[2026-03-31T07:44:08Z] #150 attempt=1/6 status=200 0.290s url=https://www.myfonts.com/products/badgeils-complete-family-package-1126155
[2026-03-31T07:44:09Z] #151 attempt=1/6 status=200 0.575s url=https://www.myfonts.com/collections/badgeils-font-timelesstype-studio/
[2026-03-31T07:44:09Z] #152 attempt=1/6 status=200 0.344s url=https://www.myfonts.com/collections/badgeils-font-timelesstype-studio/?tab=techSpecs
[2026-03-31T07:44:11Z] #153 attempt=1/6 status=200 0.261s url=https://www.myfonts.com/products/hg-gothic-m-complete-family-package-1125164
[2026-03-31T07:44:12Z] #154 attempt=1/6 status=200 0.262s url=https://www.myfonts.com/collections/hg-gothic-m-font-ricoh
[2026-03-31T07:44:12Z] #155 attempt=1/6 status=200 0.208s url=https://www.myfonts.com/collections/hg-gothic-m-font-ricoh?tab=techSpecs
[2026-03-31T07:44:12Z] #156 attempt=1/6 status=200 0.128s url=https://www.myfonts.com/collections/hg-gothic-m-font-ricoh
[2026-03-31T07:44:13Z] #157 attempt=1/6 status=200 0.332s url=https://www.myfonts.com/products/hg-heisei-kakugothictai-w3-complete-family-package-1125264
[2026-03-31T07:44:14Z] #158 attempt=1/6 status=200 0.366s url=https://www.myfonts.com/collections/hg-heisei-kakugothictai-w3-font-ricoh/
[2026-03-31T07:44:14Z] #159 attempt=1/6 status=200 0.122s url=https://www.myfonts.com/collections/hg-heisei-kakugothictai-w3-font-ricoh/?tab=techSpecs
[2026-03-31T07:44:17Z] #160 attempt=1/6 status=200 0.406s url=https://www.myfonts.com/collections/hg-heisei-kakugothictai-w3-font-ricoh/
[2026-03-31T07:44:18Z] #161 attempt=1/6 status=200 0.685s url=https://www.myfonts.com/products/devonika-variable-complete-family-package-1126380
[2026-03-31T07:44:19Z] #162 attempt=1/6 status=200 0.971s url=https://www.myfonts.com/collections/devonika-variable-font-matra-creative/
[2026-03-31T07:44:19Z] #163 attempt=1/6 status=200 0.135s url=https://www.myfonts.com/collections/devonika-variable-font-matra-creative/?tab=techSpecs
[2026-03-31T07:44:21Z] #164 attempt=1/6 status=200 0.296s url=https://www.myfonts.com/products/ballpark-beauty-complete-family-package-1126105
[2026-03-31T07:44:21Z] #165 attempt=1/6 status=200 0.347s url=https://www.myfonts.com/collections/ballpark-beauty-font-hipfonts/
[2026-03-31T07:44:22Z] #166 attempt=1/6 status=200 0.340s url=https://www.myfonts.com/collections/ballpark-beauty-font-hipfonts/?tab=techSpecs
[2026-03-31T07:44:23Z] #167 attempt=1/6 status=200 0.311s url=https://www.myfonts.com/products/axilon-complete-family-package-1126219
[2026-03-31T07:44:23Z] #168 attempt=1/6 status=200 0.279s url=https://www.myfonts.com/collections/axilon-font-kaidosan/
[2026-03-31T07:44:24Z] #169 attempt=1/6 status=200 0.150s url=https://www.myfonts.com/collections/axilon-font-kaidosan/?tab=techSpecs
[2026-03-31T07:44:25Z] #170 attempt=1/6 status=200 0.428s url=https://www.myfonts.com/products/bakerman-slab-complete-family-package-1125563
[2026-03-31T07:44:26Z] #171 attempt=1/6 status=200 0.481s url=https://www.myfonts.com/collections/bakerman-slab-font-zasepa-studio/
[2026-03-31T07:44:27Z] #172 attempt=1/6 status=200 0.732s url=https://www.myfonts.com/collections/bakerman-slab-font-zasepa-studio/?tab=techSpecs
[2026-03-31T07:44:29Z] #173 attempt=1/6 status=200 0.610s url=https://www.myfonts.com/products/cluster-edge-tight-pack-package-1125562
[2026-03-31T07:44:30Z] #174 attempt=1/6 status=200 0.827s url=https://www.myfonts.com/collections/cluster-edge-font-kobuzan/
[2026-03-31T07:44:30Z] #175 attempt=1/6 status=200 0.130s url=https://www.myfonts.com/collections/cluster-edge-font-kobuzan/?tab=techSpecs
[2026-03-31T07:44:32Z] #176 attempt=1/6 status=200 0.940s url=https://www.myfonts.com/products/basic-package-package-1125656
[2026-03-31T07:44:34Z] #177 attempt=1/6 status=200 1.750s url=https://www.myfonts.com/collections/unytour-pro-font-nicolass-fonts/
[2026-03-31T07:44:36Z] #178 attempt=1/6 status=200 1.374s url=https://www.myfonts.com/collections/unytour-pro-font-nicolass-fonts/?tab=techSpecs
[2026-03-31T07:44:38Z] #179 attempt=1/6 status=200 0.796s url=https://www.myfonts.com/products/gaming-complete-family-package-1125421
[2026-03-31T07:44:39Z] #180 attempt=1/6 status=200 0.716s url=https://www.myfonts.com/collections/gaming-font-alpercakici/
[2026-03-31T07:44:41Z] #181 attempt=1/6 status=200 1.141s url=https://www.myfonts.com/collections/gaming-font-alpercakici/?tab=techSpecs
[2026-03-31T07:44:42Z] #182 attempt=1/6 status=200 0.697s url=https://www.myfonts.com/products/cluster-complete-family-package-1125481
[2026-03-31T07:44:43Z] #183 attempt=1/6 status=200 0.905s url=https://www.myfonts.com/collections/cluster-font-kobuzan/
[2026-03-31T07:44:45Z] #184 attempt=1/6 status=200 0.856s url=https://www.myfonts.com/collections/cluster-font-kobuzan/?tab=techSpecs
[2026-03-31T07:44:46Z] #185 attempt=1/6 status=200 0.310s url=https://www.myfonts.com/products/hg-dot-new-gothic-b-complete-family-package-1125247
[2026-03-31T07:44:47Z] #186 attempt=1/6 status=200 0.548s url=https://www.myfonts.com/collections/hg-dot-new-gothic-b-font-ricoh/
[2026-03-31T07:44:48Z] #187 attempt=1/6 status=200 0.522s url=https://www.myfonts.com/collections/hg-dot-new-gothic-b-font-ricoh/?tab=techSpecs
[2026-03-31T07:44:49Z] #188 attempt=1/6 status=200 0.120s url=https://www.myfonts.com/collections/hg-dot-new-gothic-b-font-ricoh/
[2026-03-31T07:44:50Z] #189 attempt=1/6 status=200 0.358s url=https://www.myfonts.com/products/molla-divina-complete-family-package-1125822
[2026-03-31T07:44:50Z] #190 attempt=1/6 status=200 0.359s url=https://www.myfonts.com/collections/molla-divina-font-canden-meutuah/
[2026-03-31T07:44:51Z] #191 attempt=1/6 status=200 0.145s url=https://www.myfonts.com/collections/molla-divina-font-canden-meutuah/?tab=techSpecs
[2026-03-31T07:44:52Z] #192 attempt=1/6 status=200 0.666s url=https://www.myfonts.com/products/intevia-complete-family-package-1125400
[2026-03-31T07:44:53Z] #193 attempt=1/6 status=200 0.586s url=https://www.myfonts.com/collections/intevia-font-hanken-design-co/
[2026-03-31T07:44:54Z] #194 attempt=1/6 status=200 0.138s url=https://www.myfonts.com/collections/intevia-font-hanken-design-co/?tab=techSpecs
[2026-03-31T07:44:55Z] #195 attempt=1/6 status=200 0.263s url=https://www.myfonts.com/products/hg-soei-cyubuto-penjitai-complete-family-package-1125236
[2026-03-31T07:44:56Z] #196 attempt=1/6 status=200 0.263s url=https://www.myfonts.com/collections/hg-soei-cyubuto-penjitai-font-ricoh/
[2026-03-31T07:44:56Z] #197 attempt=1/6 status=200 0.118s url=https://www.myfonts.com/collections/hg-soei-cyubuto-penjitai-font-ricoh/?tab=techSpecs
[2026-03-31T07:44:59Z] #198 attempt=1/6 status=200 0.120s url=https://www.myfonts.com/collections/hg-soei-cyubuto-penjitai-font-ricoh/
[2026-03-31T07:44:59Z] #199 attempt=1/6 status=200 0.378s url=https://www.myfonts.com/products/hg-marugothic-complete-family-package-1125184
[2026-03-31T07:45:00Z] #200 attempt=1/6 status=200 0.455s url=https://www.myfonts.com/collections/hg-marugothic-font-ricoh/
[2026-03-31T07:45:00Z] #201 attempt=1/6 status=200 0.315s url=https://www.myfonts.com/collections/hg-marugothic-font-ricoh/?tab=techSpecs
[2026-03-31T07:45:04Z] #202 attempt=1/6 status=200 1.143s url=https://www.myfonts.com/products/roana-complete-family-package-1125287
[2026-03-31T07:45:06Z] #203 attempt=1/6 status=200 1.849s url=https://www.myfonts.com/collections/roana-font-alpercakici/
[2026-03-31T07:45:07Z] #204 attempt=1/6 status=200 0.258s url=https://www.myfonts.com/collections/roana-font-alpercakici/?tab=techSpecs
[2026-03-31T07:45:08Z] #205 attempt=1/6 status=200 0.392s url=https://www.myfonts.com/products/valkiria-complete-family-package-1126416
[2026-03-31T07:45:09Z] #206 attempt=1/6 status=200 0.742s url=https://www.myfonts.com/collections/valkiria-font-john-vargas-beltran/
[2026-03-31T07:45:10Z] #207 attempt=1/6 status=200 0.693s url=https://www.myfonts.com/collections/valkiria-font-john-vargas-beltran/?tab=techSpecs
[2026-03-31T07:45:11Z] #208 attempt=1/6 status=200 0.258s url=https://www.myfonts.com/products/hg-soei-presence-complete-family-package-1125167
[2026-03-31T07:45:12Z] #209 attempt=1/6 status=200 0.270s url=https://www.myfonts.com/collections/hg-soei-presence-font-ricoh/
[2026-03-31T07:45:13Z] #210 attempt=1/6 status=200 0.328s url=https://www.myfonts.com/collections/hg-soei-presence-font-ricoh/?tab=techSpecs
[2026-03-31T07:45:15Z] #211 attempt=1/6 status=200 0.377s url=https://www.myfonts.com/products/herald-news-complete-family-package-1125474
[2026-03-31T07:45:16Z] #212 attempt=1/6 status=200 0.422s url=https://www.myfonts.com/collections/herald-news-font-kevin-foley-fonts/
[2026-03-31T07:45:16Z] #213 attempt=1/6 status=200 0.322s url=https://www.myfonts.com/collections/herald-news-font-kevin-foley-fonts/?tab=techSpecs
[2026-03-31T07:45:17Z] #214 attempt=1/6 status=200 0.328s url=https://www.myfonts.com/products/hg-reithic-complete-family-package-1125065
[2026-03-31T07:45:18Z] #215 attempt=1/6 status=200 0.294s url=https://www.myfonts.com/collections/hg-reithic-font-ricoh/
[2026-03-31T07:45:19Z] #216 attempt=1/6 status=200 0.401s url=https://www.myfonts.com/collections/hg-reithic-font-ricoh/?tab=techSpecs
[2026-03-31T07:45:21Z] #217 attempt=1/6 status=200 0.333s url=https://www.myfonts.com/products/hg-soei-kakupoptai-complete-family-package-1125222
[2026-03-31T07:45:21Z] #218 attempt=1/6 status=200 0.340s url=https://www.myfonts.com/collections/hg-soei-kakupoptai-font-ricoh/
[2026-03-31T07:45:22Z] #219 attempt=1/6 status=200 0.321s url=https://www.myfonts.com/collections/hg-soei-kakupoptai-font-ricoh/?tab=techSpecs
[2026-03-31T07:45:25Z] #220 attempt=1/6 status=200 0.364s url=https://www.myfonts.com/products/hg-gothic-complete-family-package-1125118
[2026-03-31T07:45:26Z] #221 attempt=1/6 status=200 0.607s url=https://www.myfonts.com/collections/hg-gothic-font-ricoh/
[2026-03-31T07:45:27Z] #222 attempt=1/6 status=200 0.384s url=https://www.myfonts.com/collections/hg-gothic-font-ricoh/?tab=techSpecs
[2026-03-31T07:45:29Z] #223 attempt=1/6 status=200 0.295s url=https://www.myfonts.com/products/hg-new-gothic-m-complete-family-package-1125104
[2026-03-31T07:45:30Z] #224 attempt=1/6 status=200 0.274s url=https://www.myfonts.com/collections/hg-new-gothic-m-font-ricoh/
[2026-03-31T07:45:30Z] #225 attempt=1/6 status=200 0.351s url=https://www.myfonts.com/collections/hg-new-gothic-m-font-ricoh/?tab=techSpecs
[2026-03-31T07:45:32Z] #226 attempt=1/6 status=200 0.106s url=https://www.myfonts.com/collections/hg-new-gothic-m-font-ricoh/
[2026-03-31T07:45:33Z] #227 attempt=1/6 status=200 0.345s url=https://www.myfonts.com/products/hg-mincho-l-complete-family-package-1125130
[2026-03-31T07:45:33Z] #228 attempt=1/6 status=200 0.266s url=https://www.myfonts.com/collections/hgp-mincho-l-font-ricoh/
[2026-03-31T07:45:34Z] #229 attempt=1/6 status=200 0.112s url=https://www.myfonts.com/collections/hgp-mincho-l-font-ricoh/?tab=techSpecs
[2026-03-31T07:45:37Z] #230 attempt=1/6 status=200 0.155s url=https://www.myfonts.com/collections/hgp-mincho-l-font-ricoh/
[2026-03-31T07:45:38Z] #231 attempt=1/6 status=200 0.368s url=https://www.myfonts.com/collections/hg-mincho-l-font-ricoh
[2026-03-31T07:45:38Z] #232 attempt=1/6 status=200 0.201s url=https://www.myfonts.com/collections/hg-mincho-l-font-ricoh?tab=techSpecs
[2026-03-31T07:45:39Z] #233 attempt=1/6 status=200 0.304s url=https://www.myfonts.com/collections/hg-mincho-l-font-ricoh
[2026-03-31T07:45:40Z] #234 attempt=1/6 status=200 0.817s url=https://www.myfonts.com/products/calvion-sans-complete-family-package-1126001
[2026-03-31T07:45:42Z] #235 attempt=1/6 status=200 1.444s url=https://www.myfonts.com/collections/calvion-sans-font-typehill-studio/
[2026-03-31T07:45:43Z] #236 attempt=1/6 status=200 1.198s url=https://www.myfonts.com/collections/calvion-sans-font-typehill-studio/?tab=techSpecs
[2026-03-31T07:45:45Z] #237 attempt=1/6 status=200 0.341s url=https://www.myfonts.com/products/hg-soei-futo-penjitai-complete-family-package-1125087
[2026-03-31T07:45:45Z] #238 attempt=1/6 status=200 0.471s url=https://www.myfonts.com/collections/hg-soei-futo-penjitai-font-ricoh/
[2026-03-31T07:45:46Z] #239 attempt=1/6 status=200 0.287s url=https://www.myfonts.com/collections/hg-soei-futo-penjitai-font-ricoh/?tab=techSpecs
[2026-03-31T07:45:48Z] #240 attempt=1/6 status=200 0.111s url=https://www.myfonts.com/collections/hg-soei-futo-penjitai-font-ricoh/
[2026-03-31T07:45:49Z] #241 attempt=1/6 status=200 0.282s url=https://www.myfonts.com/products/anisera-complete-family-package-1126092
[2026-03-31T07:45:49Z] #242 attempt=1/6 status=200 0.351s url=https://www.myfonts.com/collections/anisera-font-ragamkata/
[2026-03-31T07:45:50Z] #243 attempt=1/6 status=200 0.111s url=https://www.myfonts.com/collections/anisera-font-ragamkata/?tab=techSpecs
[2026-03-31T07:45:51Z] #244 attempt=1/6 status=200 0.764s url=https://www.myfonts.com/products/prodicos-complete-family-package-1125576
[2026-03-31T07:45:53Z] #245 attempt=1/6 status=200 0.909s url=https://www.myfonts.com/collections/prodicos-font-alpercakici/
[2026-03-31T07:45:54Z] #246 attempt=1/6 status=200 1.003s url=https://www.myfonts.com/collections/prodicos-font-alpercakici/?tab=techSpecs
[2026-03-31T07:45:55Z] #247 attempt=1/6 status=200 0.363s url=https://www.myfonts.com/products/hg-heisei-marugothictai-w4-complete-family-package-1125272
[2026-03-31T07:45:56Z] #248 attempt=1/6 status=200 0.263s url=https://www.myfonts.com/collections/hg-heisei-marugothictai-w4-font-ricoh/
[2026-03-31T07:45:56Z] #249 attempt=1/6 status=200 0.127s url=https://www.myfonts.com/collections/hg-heisei-marugothictai-w4-font-ricoh/?tab=techSpecs
[2026-03-31T07:46:00Z] #250 attempt=1/6 status=200 0.283s url=https://www.myfonts.com/collections/hg-heisei-marugothictai-w4-font-ricoh/
[2026-03-31T07:46:00Z] #251 attempt=1/6 status=200 0.316s url=https://www.myfonts.com/products/masign-complete-family-package-1126463
[2026-03-31T07:46:01Z] #252 attempt=1/6 status=200 0.347s url=https://www.myfonts.com/collections/masign-font-tini-fitriani/
[2026-03-31T07:46:02Z] #253 attempt=1/6 status=200 0.279s url=https://www.myfonts.com/collections/masign-font-tini-fitriani/?tab=techSpecs
[2026-03-31T07:46:03Z] #254 attempt=1/6 status=200 0.532s url=https://www.myfonts.com/products/nasalization-complete-family-package-1125807
[2026-03-31T07:46:04Z] #255 attempt=1/6 status=200 0.725s url=https://www.myfonts.com/collections/nasalization-font-typodermic/
[2026-03-31T07:46:05Z] #256 attempt=1/6 status=200 0.667s url=https://www.myfonts.com/collections/nasalization-font-typodermic/?tab=techSpecs
[2026-03-31T07:46:06Z] #257 attempt=1/6 status=200 0.586s url=https://www.myfonts.com/products/iwagumi-sans-complete-family-package-1126133
[2026-03-31T07:46:07Z] #258 attempt=1/6 status=200 0.570s url=https://www.myfonts.com/collections/iwagumi-sans-font-mabutype/
[2026-03-31T07:46:08Z] #259 attempt=1/6 status=200 0.572s url=https://www.myfonts.com/collections/iwagumi-sans-font-mabutype/?tab=techSpecs
[2026-03-31T07:46:09Z] #260 attempt=1/6 status=200 0.339s url=https://www.myfonts.com/products/pasta-monday-complete-family-package-1126215
[2026-03-31T07:46:10Z] #261 attempt=1/6 status=200 0.291s url=https://www.myfonts.com/collections/pasta-monday-font-the-native-saint-club/
[2026-03-31T07:46:10Z] #262 attempt=1/6 status=200 0.299s url=https://www.myfonts.com/collections/pasta-monday-font-the-native-saint-club/?tab=techSpecs
[2026-03-31T07:46:12Z] #263 attempt=1/6 status=200 0.555s url=https://www.myfonts.com/products/bakerman-blur-complete-family-package-1126125
[2026-03-31T07:46:12Z] #264 attempt=1/6 status=200 0.369s url=https://www.myfonts.com/collections/bakerman-blur-font-zasepa-studio/
[2026-03-31T07:46:13Z] #265 attempt=1/6 status=200 0.374s url=https://www.myfonts.com/collections/bakerman-blur-font-zasepa-studio/?tab=techSpecs
[2026-03-31T07:46:14Z] #266 attempt=1/6 status=200 0.277s url=https://www.myfonts.com/products/april-pearl-complete-family-package-1126460
[2026-03-31T07:46:15Z] #267 attempt=1/6 status=200 0.307s url=https://www.myfonts.com/collections/april-pearl-font-stylishtype-studio/
[2026-03-31T07:46:16Z] #268 attempt=1/6 status=200 0.302s url=https://www.myfonts.com/collections/april-pearl-font-stylishtype-studio/?tab=techSpecs
[2026-03-31T07:46:17Z] #269 attempt=1/6 status=200 0.293s url=https://www.myfonts.com/products/hg-heisei-minchotai-w3-complete-family-package-1125268
[2026-03-31T07:46:18Z] #270 attempt=1/6 status=200 0.308s url=https://www.myfonts.com/collections/hg-heisei-minchotai-font-ricoh/
[2026-03-31T07:46:18Z] #271 attempt=1/6 status=200 0.359s url=https://www.myfonts.com/collections/hg-heisei-minchotai-font-ricoh/?tab=techSpecs
[2026-03-31T07:46:20Z] #272 attempt=1/6 status=200 0.238s url=https://www.myfonts.com/products/hg-dot-maru-gothic-m-complete-family-package-1125159
[2026-03-31T07:46:21Z] #273 attempt=1/6 status=200 0.279s url=https://www.myfonts.com/collections/hg-dot-maru-gothic-m-font-ricoh/
[2026-03-31T07:46:22Z] #274 attempt=1/6 status=200 0.363s url=https://www.myfonts.com/collections/hg-dot-maru-gothic-m-font-ricoh/?tab=techSpecs
[2026-03-31T07:46:23Z] #275 attempt=1/6 status=200 0.124s url=https://www.myfonts.com/collections/hg-dot-maru-gothic-m-font-ricoh/
[2026-03-31T07:46:24Z] #276 attempt=1/6 status=200 0.391s url=https://www.myfonts.com/products/hg-dot-gothic-m-complete-family-package-1125171
[2026-03-31T07:46:24Z] #277 attempt=1/6 status=200 0.393s url=https://www.myfonts.com/collections/hg-dot-gothic-m-font-ricoh/
[2026-03-31T07:46:25Z] #278 attempt=1/6 status=200 0.133s url=https://www.myfonts.com/collections/hg-dot-gothic-m-font-ricoh/?tab=techSpecs
[2026-03-31T07:46:27Z] #279 attempt=1/6 status=200 0.152s url=https://www.myfonts.com/collections/hg-dot-gothic-m-font-ricoh/
[2026-03-31T07:46:27Z] #280 attempt=1/6 status=200 0.302s url=https://www.myfonts.com/products/hg-heisei-kakugothictai-w7-complete-family-package-1125217
[2026-03-31T07:46:28Z] #281 attempt=1/6 status=200 0.283s url=https://www.myfonts.com/collections/hg-heisei-kakugothictai-w7-font-ricoh/
[2026-03-31T07:46:28Z] #282 attempt=1/6 status=200 0.290s url=https://www.myfonts.com/collections/hg-heisei-kakugothictai-w7-font-ricoh/?tab=techSpecs
[2026-03-31T07:46:30Z] #283 attempt=1/6 status=200 0.125s url=https://www.myfonts.com/collections/hg-heisei-kakugothictai-w7-font-ricoh/
[2026-03-31T07:46:31Z] #284 attempt=1/6 status=200 0.307s url=https://www.myfonts.com/products/hg-dot-mincho-b-complete-family-package-1125109
[2026-03-31T07:46:31Z] #285 attempt=1/6 status=200 0.325s url=https://www.myfonts.com/collections/hg-dot-mincho-b-font-ricoh/
[2026-03-31T07:46:32Z] #286 attempt=1/6 status=200 0.398s url=https://www.myfonts.com/collections/hg-dot-mincho-b-font-ricoh/?tab=techSpecs
[2026-03-31T07:46:34Z] #287 attempt=1/6 status=200 0.210s url=https://www.myfonts.com/collections/hg-dot-mincho-b-font-ricoh/
[2026-03-31T07:46:35Z] #288 attempt=1/6 status=200 0.402s url=https://www.myfonts.com/products/hg-mincho-complete-family-package-1125074
[2026-03-31T07:46:36Z] #289 attempt=1/6 status=200 0.855s url=https://www.myfonts.com/collections/hg-mincho-font-ricoh/
[2026-03-31T07:46:37Z] #290 attempt=1/6 status=200 0.472s url=https://www.myfonts.com/collections/hg-mincho-font-ricoh/?tab=techSpecs
[2026-03-31T07:46:40Z] #291 attempt=1/6 status=200 0.308s url=https://www.myfonts.com/products/hg-kyokashotai-complete-family-package-1125069
[2026-03-31T07:46:40Z] #292 attempt=1/6 status=200 0.362s url=https://www.myfonts.com/collections/hg-kyokashotai-font-ricoh/
[2026-03-31T07:46:41Z] #293 attempt=1/6 status=200 0.239s url=https://www.myfonts.com/collections/hg-kyokashotai-font-ricoh/?tab=techSpecs
[2026-03-31T07:46:43Z] #294 attempt=1/6 status=200 0.281s url=https://www.myfonts.com/products/hg-dot-new-gothic-m-complete-family-package-1125258
[2026-03-31T07:46:44Z] #295 attempt=1/6 status=200 0.264s url=https://www.myfonts.com/collections/hg-dot-new-gothic-m-font-ricoh/
[2026-03-31T07:46:44Z] #296 attempt=1/6 status=200 0.404s url=https://www.myfonts.com/collections/hg-dot-new-gothic-m-font-ricoh/?tab=techSpecs
[2026-03-31T07:46:47Z] #297 attempt=1/6 status=200 0.112s url=https://www.myfonts.com/collections/hg-dot-new-gothic-m-font-ricoh/
[2026-03-31T07:46:47Z] #298 attempt=1/6 status=200 0.311s url=https://www.myfonts.com/products/always-think-twice-complete-family-package-1126457
[2026-03-31T07:46:48Z] #299 attempt=1/6 status=200 0.576s url=https://www.myfonts.com/collections/always-think-twice-font-pizzadudedk/
[2026-03-31T07:46:49Z] #300 attempt=1/6 status=200 0.389s url=https://www.myfonts.com/collections/always-think-twice-font-pizzadudedk/?tab=techSpecs
[2026-03-31T07:46:50Z] #301 attempt=1/6 status=200 0.255s url=https://www.myfonts.com/products/hg-dot-maru-gothic-b-complete-family-package-1125241
[2026-03-31T07:46:50Z] #302 attempt=1/6 status=200 0.279s url=https://www.myfonts.com/collections/hg-dot-maru-gothic-b-font-ricoh/
[2026-03-31T07:46:51Z] #303 attempt=1/6 status=200 0.110s url=https://www.myfonts.com/collections/hg-dot-maru-gothic-b-font-ricoh/?tab=techSpecs
[2026-03-31T07:46:53Z] #304 attempt=1/6 status=200 0.326s url=https://www.myfonts.com/collections/hg-dot-maru-gothic-b-font-ricoh/
[2026-03-31T07:46:53Z] #305 attempt=1/6 status=200 0.304s url=https://www.myfonts.com/products/hg-gyoshotai-complete-family-package-1125208
[2026-03-31T07:46:54Z] #306 attempt=1/6 status=200 0.293s url=https://www.myfonts.com/collections/hg-gyoshotai-font-ricoh/
[2026-03-31T07:46:54Z] #307 attempt=1/6 status=200 0.117s url=https://www.myfonts.com/collections/hg-gyoshotai-font-ricoh/?tab=techSpecs
[2026-03-31T07:46:57Z] #308 attempt=1/6 status=200 0.539s url=https://www.myfonts.com/products/selfion-complete-family-package-1125039
[2026-03-31T07:46:58Z] #309 attempt=1/6 status=200 0.884s url=https://www.myfonts.com/collections/selfion-font-gusetype/
[2026-03-31T07:46:59Z] #310 attempt=1/6 status=200 0.697s url=https://www.myfonts.com/collections/selfion-font-gusetype/?tab=techSpecs
[2026-03-31T07:47:01Z] #311 attempt=1/6 status=200 0.493s url=https://www.myfonts.com/products/hg-hagoromo-complete-family-package-1125227
[2026-03-31T07:47:02Z] #312 attempt=1/6 status=200 0.435s url=https://www.myfonts.com/collections/hg-hagoromo-font-ricoh/
[2026-03-31T07:47:02Z] #313 attempt=1/6 status=200 0.379s url=https://www.myfonts.com/collections/hg-hagoromo-font-ricoh/?tab=techSpecs
[2026-03-31T07:47:04Z] #314 attempt=1/6 status=200 0.507s url=https://www.myfonts.com/products/duh-encok-complete-family-package-1126343
[2026-03-31T07:47:05Z] #315 attempt=1/6 status=200 0.744s url=https://www.myfonts.com/collections/duh-encok-font-mystical-type/
[2026-03-31T07:47:07Z] #316 attempt=1/6 status=200 0.916s url=https://www.myfonts.com/collections/duh-encok-font-mystical-type/?tab=techSpecs
[2026-03-31T07:47:08Z] #317 attempt=1/6 status=200 0.329s url=https://www.myfonts.com/products/hg-heisei-kakugothictai-w9-complete-family-package-1125126
[2026-03-31T07:47:09Z] #318 attempt=1/6 status=200 0.480s url=https://www.myfonts.com/collections/hg-heisei-kakugothictai-w9-font-ricoh/
[2026-03-31T07:47:09Z] #319 attempt=1/6 status=200 0.164s url=https://www.myfonts.com/collections/hg-heisei-kakugothictai-w9-font-ricoh/?tab=techSpecs
[2026-03-31T07:47:12Z] #320 attempt=1/6 status=200 0.289s url=https://www.myfonts.com/collections/hg-heisei-kakugothictai-w9-font-ricoh/
[2026-03-31T07:47:12Z] #321 attempt=1/6 status=200 0.261s url=https://www.myfonts.com/products/hg-new-gothic-rt-complete-family-package-1125141
[2026-03-31T07:47:13Z] #322 attempt=1/6 status=200 0.427s url=https://www.myfonts.com/collections/hg-new-gothic-rt-font-ricoh/
[2026-03-31T07:47:13Z] #323 attempt=1/6 status=200 0.115s url=https://www.myfonts.com/collections/hg-new-gothic-rt-font-ricoh/?tab=techSpecs
[2026-03-31T07:47:16Z] #324 attempt=1/6 status=200 0.441s url=https://www.myfonts.com/collections/hg-new-gothic-rt-font-ricoh/
[2026-03-31T07:47:16Z] #325 attempt=1/6 status=200 0.332s url=https://www.myfonts.com/products/themora-complete-family-package-1126095
[2026-03-31T07:47:17Z] #326 attempt=1/6 status=200 0.315s url=https://www.myfonts.com/collections/themora-font-vermilione/
[2026-03-31T07:47:17Z] #327 attempt=1/6 status=200 0.386s url=https://www.myfonts.com/collections/themora-font-vermilione/?tab=techSpecs
[2026-03-31T07:47:19Z] #328 attempt=1/6 status=200 0.313s url=https://www.myfonts.com/products/hg-dot-mincho-m-complete-family-package-1125195
[2026-03-31T07:47:19Z] #329 attempt=1/6 status=200 0.321s url=https://www.myfonts.com/collections/hg-dot-mincho-m-font-ricoh/
[2026-03-31T07:47:20Z] #330 attempt=1/6 status=200 0.433s url=https://www.myfonts.com/collections/hg-dot-mincho-m-font-ricoh/?tab=techSpecs
[2026-03-31T07:47:22Z] #331 attempt=1/6 status=200 0.129s url=https://www.myfonts.com/collections/hg-dot-mincho-m-font-ricoh/
[2026-03-31T07:47:23Z] #332 attempt=1/6 status=200 0.433s url=https://www.myfonts.com/products/vicido-litterata-1-complete-family-package-1125002
[2026-03-31T07:47:23Z] #333 attempt=1/6 status=200 0.314s url=https://www.myfonts.com/collections/vicido-litterata-1-font-vicido/
[2026-03-31T07:47:24Z] #334 attempt=1/6 status=200 0.146s url=https://www.myfonts.com/collections/vicido-litterata-1-font-vicido/?tab=techSpecs
[2026-03-31T07:47:25Z] #335 attempt=1/6 status=200 0.301s url=https://www.myfonts.com/products/hg-dot-gothic-b-complete-family-package-1125091
[2026-03-31T07:47:25Z] #336 attempt=1/6 status=200 0.506s url=https://www.myfonts.com/collections/hg-dot-gothic-b-font-ricoh/
[2026-03-31T07:47:26Z] #337 attempt=1/6 status=200 0.557s url=https://www.myfonts.com/collections/hg-dot-gothic-b-font-ricoh/?tab=techSpecs
[2026-03-31T07:47:29Z] #338 attempt=1/6 status=200 0.126s url=https://www.myfonts.com/collections/hg-dot-gothic-b-font-ricoh/
[2026-03-31T07:47:30Z] #339 attempt=1/6 status=200 0.395s url=https://www.myfonts.com/products/hg-heisei-minchotai-w9-complete-family-package-1125212
[2026-03-31T07:47:31Z] #340 attempt=1/6 status=200 0.354s url=https://www.myfonts.com/collections/hg-heisei-minchotai-w9-font-ricoh/
[2026-03-31T07:47:31Z] #341 attempt=1/6 status=200 0.132s url=https://www.myfonts.com/collections/hg-heisei-minchotai-w9-font-ricoh/?tab=techSpecs
[2026-03-31T07:47:34Z] #342 attempt=1/6 status=200 0.269s url=https://www.myfonts.com/collections/hg-heisei-minchotai-w9-font-ricoh/
[2026-03-31T07:47:34Z] #343 attempt=1/6 status=200 0.267s url=https://www.myfonts.com/products/hg-heisei-marugothictai-complete-family-package-1125138
[2026-03-31T07:47:35Z] #344 attempt=1/6 status=200 0.272s url=https://www.myfonts.com/collections/hg-heisei-marugothictai-font-ricoh/
[2026-03-31T07:47:35Z] #345 attempt=1/6 status=200 0.362s url=https://www.myfonts.com/collections/hg-heisei-marugothictai-font-ricoh/?tab=techSpecs
[2026-03-31T07:47:38Z] #346 attempt=1/6 status=200 0.116s url=https://www.myfonts.com/collections/hg-heisei-marugothictai-font-ricoh/
[2026-03-31T07:47:39Z] #347 attempt=1/6 status=200 0.665s url=https://www.myfonts.com/products/biarritz-complete-family-package-1124941
[2026-03-31T07:47:40Z] #348 attempt=1/6 status=200 0.497s url=https://www.myfonts.com/collections/biarritz-font-genilson-santos/
[2026-03-31T07:47:41Z] #349 attempt=1/6 status=200 0.788s url=https://www.myfonts.com/collections/biarritz-font-genilson-santos/?tab=techSpecs
[2026-03-31T07:47:42Z] #350 attempt=1/6 status=200 0.265s url=https://www.myfonts.com/products/hg-heisei-marugothictai-w8-complete-family-package-1125081
[2026-03-31T07:47:43Z] #351 attempt=1/6 status=200 0.386s url=https://www.myfonts.com/collections/hg-heisei-marugothictai-w8-font-ricoh/
[2026-03-31T07:47:44Z] #352 attempt=1/6 status=200 0.355s url=https://www.myfonts.com/collections/hg-heisei-marugothictai-w8-font-ricoh/?tab=techSpecs
[2026-03-31T07:47:47Z] #353 attempt=1/6 status=200 0.340s url=https://www.myfonts.com/collections/hg-heisei-marugothictai-w8-font-ricoh/
[2026-03-31T07:47:48Z] #354 attempt=1/6 status=200 0.316s url=https://www.myfonts.com/products/hg-heisei-kakugothictai-w5-complete-family-package-1125134
[2026-03-31T07:47:48Z] #355 attempt=1/6 status=200 0.371s url=https://www.myfonts.com/collections/hg-heisei-kakugothictai-w5-font-ricoh/
[2026-03-31T07:47:49Z] #356 attempt=1/6 status=200 0.168s url=https://www.myfonts.com/collections/hg-heisei-kakugothictai-w5-font-ricoh/?tab=techSpecs
[2026-03-31T07:47:52Z] #357 attempt=1/6 status=200 0.348s url=https://www.myfonts.com/collections/hg-heisei-kakugothictai-w5-font-ricoh/
[2026-03-31T07:47:53Z] #358 attempt=1/6 status=200 0.750s url=https://www.myfonts.com/products/brusnika-complete-family-package-1124950
[2026-03-31T07:47:54Z] #359 attempt=1/6 status=200 1.137s url=https://www.myfonts.com/collections/brusnika-font-alpercakici/
[2026-03-31T07:47:55Z] #360 attempt=1/6 status=200 0.136s url=https://www.myfonts.com/collections/brusnika-font-alpercakici/?tab=techSpecs
[2026-03-31T07:47:57Z] #361 attempt=1/6 status=200 0.627s url=https://www.myfonts.com/products.json?limit=100&page=8
[2026-03-31T07:47:57Z] #362 attempt=1/6 status=200 0.327s url=https://www.myfonts.com/products/compressed-thin-dean-soft-vf-1125767
[2026-03-31T07:47:58Z] #363 attempt=1/6 status=200 0.444s url=https://www.myfonts.com/collections/dean-soft-vf-font-blaze-type/
[2026-03-31T07:47:58Z] #364 attempt=1/6 status=200 0.131s url=https://www.myfonts.com/collections/dean-soft-vf-font-blaze-type/?tab=techSpecs
[2026-03-31T07:48:00Z] #365 attempt=1/6 status=200 0.610s url=https://www.myfonts.com/products.json?limit=100&page=9
[2026-03-31T07:48:00Z] #366 attempt=1/6 status=200 0.259s url=https://www.myfonts.com/products/regular-thailoop-1126336
[2026-03-31T07:48:01Z] #367 attempt=1/6 status=200 0.388s url=https://www.myfonts.com/collections/thailoop-font-vadova-std/
[2026-03-31T07:48:02Z] #368 attempt=1/6 status=200 0.224s url=https://www.myfonts.com/collections/thailoop-font-vadova-std/?tab=techSpecs
[2026-03-31T07:48:02Z] #369 attempt=1/6 status=200 0.329s url=https://www.myfonts.com/products/regular-refined-strokes-1126143
[2026-03-31T07:48:03Z] #370 attempt=1/6 status=200 0.299s url=https://www.myfonts.com/collections/refined-strokes-font-bluestype-studio/
[2026-03-31T07:48:03Z] #371 attempt=1/6 status=200 0.131s url=https://www.myfonts.com/collections/refined-strokes-font-bluestype-studio/?tab=techSpecs
[2026-03-31T07:48:04Z] #372 attempt=1/6 status=200 0.221s url=https://www.myfonts.com/products/regular-hghidemi-heiseikakugo-w9-s-1125234
[2026-03-31T07:48:05Z] #373 attempt=1/6 status=200 0.260s url=https://www.myfonts.com/collections/hghidemi-heiseikakugo-w9-s-font-ricoh/
[2026-03-31T07:48:05Z] #374 attempt=1/6 status=200 0.122s url=https://www.myfonts.com/collections/hghidemi-heiseikakugo-w9-s-font-ricoh/?tab=techSpecs
[2026-03-31T07:48:07Z] #375 attempt=1/6 status=200 0.262s url=https://www.myfonts.com/collections/hghidemi-heiseikakugo-w9-s-font-ricoh/
[2026-03-31T07:48:07Z] #376 attempt=1/6 status=200 0.314s url=https://www.myfonts.com/products/regular-rooster-doodle-1125832
[2026-03-31T07:48:08Z] #377 attempt=1/6 status=200 0.581s url=https://www.myfonts.com/collections/rooster-doodle-font-bayuktx/
[2026-03-31T07:48:08Z] #378 attempt=1/6 status=200 0.110s url=https://www.myfonts.com/collections/rooster-doodle-font-bayuktx/?tab=techSpecs
[2026-03-31T07:48:09Z] #379 attempt=1/6 status=200 0.452s url=https://www.myfonts.com/products/regular-heritage-ink-1126104
[2026-03-31T07:48:10Z] #380 attempt=1/6 status=200 0.287s url=https://www.myfonts.com/collections/heritage-ink-font-hipfonts/
[2026-03-31T07:48:10Z] #381 attempt=1/6 status=200 0.262s url=https://www.myfonts.com/collections/heritage-ink-font-hipfonts/?tab=techSpecs
[2026-03-31T07:48:12Z] #382 attempt=1/6 status=200 0.811s url=https://www.myfonts.com/products.json?limit=100&page=10
[2026-03-31T07:48:13Z] #383 attempt=1/6 status=200 0.286s url=https://www.myfonts.com/products/regular-alfondale-1124995
[2026-03-31T07:48:13Z] #384 attempt=1/6 status=200 0.263s url=https://www.myfonts.com/collections/alfondale-font-ironbird-creative/
[2026-03-31T07:48:14Z] #385 attempt=1/6 status=200 0.340s url=https://www.myfonts.com/collections/alfondale-font-ironbird-creative/?tab=techSpecs
[2026-03-31T07:48:15Z] #386 attempt=1/6 status=200 0.296s url=https://www.myfonts.com/products/regular-brumer-1126124
[2026-03-31T07:48:15Z] #387 attempt=1/6 status=200 0.290s url=https://www.myfonts.com/collections/brumer-font-typoraith-co/
[2026-03-31T07:48:15Z] #388 attempt=1/6 status=200 0.106s url=https://www.myfonts.com/collections/brumer-font-typoraith-co/?tab=techSpecs
[2026-03-31T07:48:17Z] #389 attempt=1/6 status=200 0.553s url=https://www.myfonts.com/products.json?limit=100&page=11
[2026-03-31T07:48:17Z] #390 attempt=1/6 status=200 0.360s url=https://www.myfonts.com/products/regular-hgheisei-minchotai-w9-l-1125233
[2026-03-31T07:48:18Z] #391 attempt=1/6 status=200 0.272s url=https://www.myfonts.com/collections/hgheisei-minchotai-w9-l-font-ricoh/
[2026-03-31T07:48:18Z] #392 attempt=1/6 status=200 0.159s url=https://www.myfonts.com/collections/hgheisei-minchotai-w9-l-font-ricoh/?tab=techSpecs
[2026-03-31T07:48:20Z] #393 attempt=1/6 status=200 0.236s url=https://www.myfonts.com/collections/hgheisei-minchotai-w9-l-font-ricoh/
[2026-03-31T07:48:20Z] #394 attempt=1/6 status=200 0.296s url=https://www.myfonts.com/products/regular-calfiera-1126115
[2026-03-31T07:48:21Z] #395 attempt=1/6 status=200 0.408s url=https://www.myfonts.com/collections/calfiera-font-letterstock/
[2026-03-31T07:48:21Z] #396 attempt=1/6 status=200 0.109s url=https://www.myfonts.com/collections/calfiera-font-letterstock/?tab=techSpecs
[2026-03-31T07:48:22Z] #397 attempt=1/6 status=200 0.241s url=https://www.myfonts.com/products/regular-hghidemi-heiseikakugo-w9-l-1125216
[2026-03-31T07:48:22Z] #398 attempt=1/6 status=200 0.230s url=https://www.myfonts.com/collections/hghidemi-heiseikakugo-w9-l-font-ricoh/
[2026-03-31T07:48:23Z] #399 attempt=1/6 status=200 0.302s url=https://www.myfonts.com/collections/hghidemi-heiseikakugo-w9-l-font-ricoh/?tab=techSpecs
[2026-03-31T07:48:24Z] #400 attempt=1/6 status=200 0.145s url=https://www.myfonts.com/collections/hghidemi-heiseikakugo-w9-l-font-ricoh/
[2026-03-31T07:48:25Z] #401 attempt=1/6 status=200 0.254s url=https://www.myfonts.com/products/regular-hgheisei-kakugo-w9-l-1125115
[2026-03-31T07:48:25Z] #402 attempt=1/6 status=200 0.319s url=https://www.myfonts.com/collections/hgheisei-kakugo-w9-l-font-ricoh/
[2026-03-31T07:48:26Z] #403 attempt=1/6 status=200 0.118s url=https://www.myfonts.com/collections/hgheisei-kakugo-w9-l-font-ricoh/?tab=techSpecs
[2026-03-31T07:48:27Z] #404 attempt=1/6 status=200 0.313s url=https://www.myfonts.com/collections/hgheisei-kakugo-w9-l-font-ricoh/
[2026-03-31T07:48:29Z] #405 attempt=1/6 status=200 0.643s url=https://www.myfonts.com/products.json?limit=100&page=12
[2026-03-31T07:48:29Z] #406 attempt=1/6 status=200 0.398s url=https://www.myfonts.com/products/regular-oamphie-vintage-1124999
[2026-03-31T07:48:30Z] #407 attempt=1/6 status=200 0.316s url=https://www.myfonts.com/collections/oamphie-vintage-font-dm-studio/
[2026-03-31T07:48:30Z] #408 attempt=1/6 status=200 0.348s url=https://www.myfonts.com/collections/oamphie-vintage-font-dm-studio/?tab=techSpecs
[2026-03-31T07:48:31Z] #409 attempt=1/6 status=200 0.253s url=https://www.myfonts.com/products/regular-hgheisei-marugothictai-w8-l-1125278
[2026-03-31T07:48:32Z] #410 attempt=1/6 status=200 0.243s url=https://www.myfonts.com/collections/hgheisei-marugothictai-w8-l-font-ricoh/
[2026-03-31T07:48:32Z] #411 attempt=1/6 status=200 0.297s url=https://www.myfonts.com/collections/hgheisei-marugothictai-w8-l-font-ricoh/?tab=techSpecs
[2026-03-31T07:48:34Z] #412 attempt=1/6 status=200 0.264s url=https://www.myfonts.com/collections/hgheisei-marugothictai-w8-l-font-ricoh/
[2026-03-31T07:48:35Z] #413 attempt=1/6 status=200 0.847s url=https://www.myfonts.com/products.json?limit=100&page=13
[2026-03-31T07:48:36Z] #414 attempt=1/6 status=200 0.228s url=https://www.myfonts.com/products/regular-elf-story-1126122
[2026-03-31T07:48:36Z] #415 attempt=1/6 status=200 0.514s url=https://www.myfonts.com/collections/elf-story-font-mvmet/
[2026-03-31T07:48:37Z] #416 attempt=1/6 status=200 0.293s url=https://www.myfonts.com/collections/elf-story-font-mvmet/?tab=techSpecs
[2026-03-31T07:48:38Z] #417 attempt=1/6 status=200 0.390s url=https://www.myfonts.com/products/regular-harley-maykids-1126100
[2026-03-31T07:48:38Z] #418 attempt=1/6 status=200 0.290s url=https://www.myfonts.com/collections/harley-maykids-font-jinan-studio/
[2026-03-31T07:48:39Z] #419 attempt=1/6 status=200 0.437s url=https://www.myfonts.com/collections/harley-maykids-font-jinan-studio/?tab=techSpecs
[2026-03-31T07:48:40Z] #420 attempt=1/6 status=200 0.284s url=https://www.myfonts.com/products/regular-roleside-1126153
[2026-03-31T07:48:41Z] #421 attempt=1/6 status=200 0.412s url=https://www.myfonts.com/collections/roleside-font-monolimes/
[2026-03-31T07:48:41Z] #422 attempt=1/6 status=200 0.340s url=https://www.myfonts.com/collections/roleside-font-monolimes/?tab=techSpecs
[2026-03-31T07:48:43Z] #423 attempt=1/6 status=200 0.846s url=https://www.myfonts.com/products.json?limit=100&page=14
[2026-03-31T07:48:44Z] #424 attempt=1/6 status=200 0.735s url=https://www.myfonts.com/products.json?limit=100&page=15
[2026-03-31T07:48:45Z] #425 attempt=1/6 status=200 0.379s url=https://www.myfonts.com/products/regular-midnight-ooze-1126222
[2026-03-31T07:48:45Z] #426 attempt=1/6 status=200 0.374s url=https://www.myfonts.com/collections/midnight-ooze-font-vadova-std/
[2026-03-31T07:48:46Z] #427 attempt=1/6 status=200 0.381s url=https://www.myfonts.com/collections/midnight-ooze-font-vadova-std/?tab=techSpecs
[2026-03-31T07:48:47Z] #428 attempt=1/6 status=200 0.275s url=https://www.myfonts.com/products/regular-varago-1125020
[2026-03-31T07:48:47Z] #429 attempt=1/6 status=200 0.249s url=https://www.myfonts.com/collections/varago-font-vadova-std/
[2026-03-31T07:48:48Z] #430 attempt=1/6 status=200 0.328s url=https://www.myfonts.com/collections/varago-font-vadova-std/?tab=techSpecs
[2026-03-31T07:48:49Z] #431 attempt=1/6 status=200 0.341s url=https://www.myfonts.com/products/regular-qurellia-salesta-1124990
[2026-03-31T07:48:49Z] #432 attempt=1/6 status=200 0.258s url=https://www.myfonts.com/collections/qurellia-salesta-font-vermilione/
[2026-03-31T07:48:50Z] #433 attempt=1/6 status=200 0.108s url=https://www.myfonts.com/collections/qurellia-salesta-font-vermilione/?tab=techSpecs
[2026-03-31T07:48:51Z] #434 attempt=1/6 status=200 0.686s url=https://www.myfonts.com/products.json?limit=100&page=16
[2026-03-31T07:48:52Z] #435 attempt=1/6 status=200 0.276s url=https://www.myfonts.com/products/regular-antiqua-lux-1126108
[2026-03-31T07:48:52Z] #436 attempt=1/6 status=200 0.271s url=https://www.myfonts.com/collections/antiqua-lux-font-hipfonts/
[2026-03-31T07:48:53Z] #437 attempt=1/6 status=200 0.126s url=https://www.myfonts.com/collections/antiqua-lux-font-hipfonts/?tab=techSpecs
[2026-03-31T07:48:54Z] #438 attempt=1/6 status=200 0.349s url=https://www.myfonts.com/products/regular-hg-akane-heisei-marugothictai-w8s-1125086
[2026-03-31T07:48:54Z] #439 attempt=1/6 status=200 0.363s url=https://www.myfonts.com/collections/hg-akane-heisei-marugothictai-w8s-font-ricoh/
[2026-03-31T07:48:55Z] #440 attempt=1/6 status=200 0.244s url=https://www.myfonts.com/collections/hg-akane-heisei-marugothictai-w8s-font-ricoh/?tab=techSpecs
[2026-03-31T07:48:56Z] #441 attempt=1/6 status=200 0.140s url=https://www.myfonts.com/collections/hg-akane-heisei-marugothictai-w8s-font-ricoh/
[2026-03-31T07:48:57Z] #442 attempt=1/6 status=200 0.290s url=https://www.myfonts.com/products/thin-oufale-1125061
[2026-03-31T07:48:57Z] #443 attempt=1/6 status=200 0.433s url=https://www.myfonts.com/collections/oufale-font-glyphofik-type/
[2026-03-31T07:48:58Z] #444 attempt=1/6 status=200 0.128s url=https://www.myfonts.com/collections/oufale-font-glyphofik-type/?tab=techSpecs
[2026-03-31T07:48:59Z] #445 attempt=1/6 status=200 0.343s url=https://www.myfonts.com/products/regular-daily-sunny-1125019
[2026-03-31T07:48:59Z] #446 attempt=1/6 status=200 0.400s url=https://www.myfonts.com/collections/daily-sunny-font-rasio-studio/
[2026-03-31T07:49:00Z] #447 attempt=1/6 status=200 0.379s url=https://www.myfonts.com/collections/daily-sunny-font-rasio-studio/?tab=techSpecs
[2026-03-31T07:49:01Z] #448 attempt=1/6 status=200 0.322s url=https://www.myfonts.com/products/regular-stryvix-1126123
[2026-03-31T07:49:01Z] #449 attempt=1/6 status=200 0.313s url=https://www.myfonts.com/collections/stryvix-font-dm-studio/
[2026-03-31T07:49:02Z] #450 attempt=1/6 status=200 0.341s url=https://www.myfonts.com/collections/stryvix-font-dm-studio/?tab=techSpecs
[2026-03-31T07:49:03Z] #451 attempt=1/6 status=200 0.262s url=https://www.myfonts.com/products/dockerl-lectohen-regular-mc-dockerl-lectohen-1125001
[2026-03-31T07:49:03Z] #452 attempt=1/6 status=200 0.280s url=https://www.myfonts.com/collections/mc-dockerl-lectohen-font-maulana-creative/
[2026-03-31T07:49:04Z] #453 attempt=1/6 status=200 0.465s url=https://www.myfonts.com/collections/mc-dockerl-lectohen-font-maulana-creative/?tab=techSpecs
[2026-03-31T07:49:06Z] #454 attempt=1/6 status=200 0.799s url=https://www.myfonts.com/products.json?limit=100&page=17
[2026-03-31T07:49:06Z] #455 attempt=1/6 status=200 0.334s url=https://www.myfonts.com/products/sunomresub-regular-mc-sunomresub-1125821
[2026-03-31T07:49:07Z] #456 attempt=1/6 status=200 0.304s url=https://www.myfonts.com/collections/mc-sunomresub-font-maulana-creative/
[2026-03-31T07:49:07Z] #457 attempt=1/6 status=200 0.455s url=https://www.myfonts.com/collections/mc-sunomresub-font-maulana-creative/?tab=techSpecs
[2026-03-31T07:49:08Z] #458 attempt=1/6 status=200 0.348s url=https://www.myfonts.com/products/regular-riot-sketch-1125000
[2026-03-31T07:49:09Z] #459 attempt=1/6 status=200 0.283s url=https://www.myfonts.com/collections/riot-sketch-font-dm-studio/
[2026-03-31T07:49:09Z] #460 attempt=1/6 status=200 0.218s url=https://www.myfonts.com/collections/riot-sketch-font-dm-studio/?tab=techSpecs
[2026-03-31T07:49:10Z] #461 attempt=1/6 status=200 0.359s url=https://www.myfonts.com/products/regular-hgheisei-marugothictai-w8-s-1125277
[2026-03-31T07:49:11Z] #462 attempt=1/6 status=200 0.249s url=https://www.myfonts.com/collections/hgheisei-marugothictai-w8-s-font-ricoh/
[2026-03-31T07:49:11Z] #463 attempt=1/6 status=200 0.304s url=https://www.myfonts.com/collections/hgheisei-marugothictai-w8-s-font-ricoh/?tab=techSpecs
[2026-03-31T07:49:13Z] #464 attempt=1/6 status=200 0.097s url=https://www.myfonts.com/collections/hgheisei-marugothictai-w8-s-font-ricoh/
[2026-03-31T07:49:14Z] #465 attempt=1/6 status=200 0.526s url=https://www.myfonts.com/products.json?limit=100&page=18
[2026-03-31T07:49:14Z] #466 attempt=1/6 status=200 0.227s url=https://www.myfonts.com/products/regular-hg-akane-heisei-marugothictai-w8l-1125114
[2026-03-31T07:49:15Z] #467 attempt=1/6 status=200 0.306s url=https://www.myfonts.com/collections/hg-akane-heisei-marugothictai-w8l-font-ricoh/
[2026-03-31T07:49:15Z] #468 attempt=1/6 status=200 0.170s url=https://www.myfonts.com/collections/hg-akane-heisei-marugothictai-w8l-font-ricoh/?tab=techSpecs
[2026-03-31T07:49:16Z] #469 attempt=1/6 status=200 0.206s url=https://www.myfonts.com/collections/hg-akane-heisei-marugothictai-w8l-font-ricoh/
[2026-03-31T07:49:17Z] #470 attempt=1/6 status=200 0.241s url=https://www.myfonts.com/products/regular-hg-hidemi-heiseikakugo-w9-1125235
[2026-03-31T07:49:17Z] #471 attempt=1/6 status=200 0.306s url=https://www.myfonts.com/collections/hg-hidemi-heiseikakugo-w9-font-ricoh/
[2026-03-31T07:49:18Z] #472 attempt=1/6 status=200 0.125s url=https://www.myfonts.com/collections/hg-hidemi-heiseikakugo-w9-font-ricoh/?tab=techSpecs
[2026-03-31T07:49:19Z] #473 attempt=1/6 status=200 0.277s url=https://www.myfonts.com/collections/hg-hidemi-heiseikakugo-w9-font-ricoh/
[2026-03-31T07:49:20Z] #474 attempt=1/6 status=200 0.310s url=https://www.myfonts.com/products/regular-hg-seikaishotai-pro-1125116
[2026-03-31T07:49:20Z] #475 attempt=1/6 status=200 0.272s url=https://www.myfonts.com/collections/hg-seikaishotai-pro-font-ricoh/
[2026-03-31T07:49:21Z] #476 attempt=1/6 status=200 0.119s url=https://www.myfonts.com/collections/hg-seikaishotai-pro-font-ricoh/?tab=techSpecs
[2026-03-31T07:49:23Z] #477 attempt=1/6 status=200 0.409s url=https://www.myfonts.com/products/regular-gorion-1126188
[2026-03-31T07:49:23Z] #478 attempt=1/6 status=200 0.221s url=https://www.myfonts.com/collections/gorion-font-rasio-studio/
[2026-03-31T07:49:24Z] #479 attempt=1/6 status=200 0.356s url=https://www.myfonts.com/collections/gorion-font-rasio-studio/?tab=techSpecs
[2026-03-31T07:49:25Z] #480 attempt=1/6 status=200 0.271s url=https://www.myfonts.com/products/regular-natural-outside-1126154
[2026-03-31T07:49:25Z] #481 attempt=1/6 status=200 0.341s url=https://www.myfonts.com/collections/natural-outside-font-gatype/
[2026-03-31T07:49:26Z] #482 attempt=1/6 status=200 0.403s url=https://www.myfonts.com/collections/natural-outside-font-gatype/?tab=techSpecs
[2026-03-31T07:49:27Z] #483 attempt=1/6 status=200 0.559s url=https://www.myfonts.com/products.json?limit=100&page=19
[2026-03-31T07:49:28Z] #484 attempt=1/6 status=200 0.286s url=https://www.myfonts.com/products/bold-congo-1125035
[2026-03-31T07:49:28Z] #485 attempt=1/6 status=200 0.294s url=https://www.myfonts.com/collections/congo-font-stockbucket/
[2026-03-31T07:49:29Z] #486 attempt=1/6 status=200 0.538s url=https://www.myfonts.com/collections/congo-font-stockbucket/?tab=techSpecs
[2026-03-31T07:49:30Z] #487 attempt=1/6 status=200 0.405s url=https://www.myfonts.com/products/medium-hg-marugothic-pro-1125240
[2026-03-31T07:49:31Z] #488 attempt=1/6 status=200 0.273s url=https://www.myfonts.com/collections/hg-marugothic-pro-font-ricoh/
[2026-03-31T07:49:31Z] #489 attempt=1/6 status=200 0.272s url=https://www.myfonts.com/collections/hg-marugothic-pro-font-ricoh/?tab=techSpecs
[2026-03-31T07:49:34Z] #490 attempt=1/6 status=200 0.281s url=https://www.myfonts.com/products/regular-hg-akane-heisei-marugothictai-w8-1125108
[2026-03-31T07:49:34Z] #491 attempt=1/6 status=200 0.458s url=https://www.myfonts.com/collections/hg-akane-heisei-marugothictai-w8-font-ricoh/
[2026-03-31T07:49:35Z] #492 attempt=1/6 status=200 0.316s url=https://www.myfonts.com/collections/hg-akane-heisei-marugothictai-w8-font-ricoh/?tab=techSpecs
[2026-03-31T07:49:36Z] #493 attempt=1/6 status=200 0.226s url=https://www.myfonts.com/collections/hg-akane-heisei-marugothictai-w8-font-ricoh/
[2026-03-31T07:49:37Z] #494 attempt=1/6 status=200 0.390s url=https://www.myfonts.com/products/regular-hgheisei-minchotai-w9-s-1125221
[2026-03-31T07:49:38Z] #495 attempt=1/6 status=200 0.483s url=https://www.myfonts.com/collections/hgheisei-minchotai-w9-s-font-ricoh/
[2026-03-31T07:49:38Z] #496 attempt=1/6 status=200 0.332s url=https://www.myfonts.com/collections/hgheisei-minchotai-w9-s-font-ricoh/?tab=techSpecs
[2026-03-31T07:49:39Z] #497 attempt=1/6 status=200 0.144s url=https://www.myfonts.com/collections/hgheisei-minchotai-w9-s-font-ricoh/
[2026-03-31T07:49:41Z] #498 attempt=1/6 status=200 0.721s url=https://www.myfonts.com/products.json?limit=100&page=20
[2026-03-31T07:49:41Z] #499 attempt=1/6 status=200 0.469s url=https://www.myfonts.com/products/regular-hgheisei-kakugo-w9-s-1125064
[2026-03-31T07:49:42Z] #500 attempt=1/6 status=200 0.300s url=https://www.myfonts.com/collections/hgheisei-kakugo-w9-s-font-ricoh/
[2026-03-31T07:49:42Z] #501 attempt=1/6 status=200 0.116s url=https://www.myfonts.com/collections/hgheisei-kakugo-w9-s-font-ricoh/?tab=techSpecs
[2026-03-31T07:49:44Z] #502 attempt=1/6 status=200 0.269s url=https://www.myfonts.com/collections/hgheisei-kakugo-w9-s-font-ricoh/
[2026-03-31T07:49:45Z] #503 attempt=1/6 status=200 0.372s url=https://www.myfonts.com/products/regular-jardogist-1125018
[2026-03-31T07:49:45Z] #504 attempt=1/6 status=200 0.345s url=https://www.myfonts.com/collections/jardogist-font-syafbe/
[2026-03-31T07:49:46Z] #505 attempt=1/6 status=200 0.246s url=https://www.myfonts.com/collections/jardogist-font-syafbe/?tab=techSpecs
[2026-03-31T07:49:47Z] #506 attempt=1/6 status=200 0.361s url=https://www.myfonts.com/products/bold-cornleys-1126342
[2026-03-31T07:49:47Z] #507 attempt=1/6 status=200 0.296s url=https://www.myfonts.com/collections/cornleys-font-epiclinez/
[2026-03-31T07:49:48Z] #508 attempt=1/6 status=200 0.304s url=https://www.myfonts.com/collections/cornleys-font-epiclinez/?tab=techSpecs
[2026-03-31T07:49:49Z] #509 attempt=1/6 status=200 0.818s url=https://www.myfonts.com/products/tt-commons-classic-non-variable-package-package-1125572
[2026-03-31T07:49:50Z] #510 attempt=1/6 status=200 1.003s url=https://www.myfonts.com/collections/tt-commons-classic-font-typetype/
[2026-03-31T07:49:52Z] #511 attempt=1/6 status=200 1.058s url=https://www.myfonts.com/collections/tt-commons-classic-font-typetype/?tab=techSpecs
[2026-03-31T07:49:53Z] #512 attempt=1/6 status=200 0.327s url=https://www.myfonts.com/products/mereum-dreamy-complete-family-package-1126112
[2026-03-31T07:49:54Z] #513 attempt=1/6 status=200 0.288s url=https://www.myfonts.com/collections/mereum-dreamy-font-tini-fitriani/
[2026-03-31T07:49:54Z] #514 attempt=1/6 status=200 0.113s url=https://www.myfonts.com/collections/mereum-dreamy-font-tini-fitriani/?tab=techSpecs
[2026-03-31T07:49:55Z] #515 attempt=1/6 status=200 0.284s url=https://www.myfonts.com/products/patcher-complete-family-package-1126116
[2026-03-31T07:49:56Z] #516 attempt=1/6 status=200 0.518s url=https://www.myfonts.com/collections/patcher-font-vermilione/
[2026-03-31T07:49:56Z] #517 attempt=1/6 status=200 0.415s url=https://www.myfonts.com/collections/patcher-font-vermilione/?tab=techSpecs
[2026-03-31T07:49:58Z] #518 attempt=1/6 status=200 0.445s url=https://www.myfonts.com/products/quite-blue-complete-family-package-1125573
[2026-03-31T07:49:58Z] #519 attempt=1/6 status=200 0.436s url=https://www.myfonts.com/collections/quite-blue-font-pizzadudedk/
[2026-03-31T07:49:59Z] #520 attempt=1/6 status=200 0.123s url=https://www.myfonts.com/collections/quite-blue-font-pizzadudedk/?tab=techSpecs
[2026-03-31T07:50:00Z] #521 attempt=1/6 status=200 0.450s url=https://www.myfonts.com/products/sentaphira-complete-family-package-1126109
[2026-03-31T07:50:01Z] #522 attempt=1/6 status=200 0.394s url=https://www.myfonts.com/collections/sentaphira-font-tini-fitriani/
[2026-03-31T07:50:02Z] #523 attempt=1/6 status=200 0.385s url=https://www.myfonts.com/collections/sentaphira-font-tini-fitriani/?tab=techSpecs
[2026-03-31T07:50:03Z] #524 attempt=1/6 status=200 0.334s url=https://www.myfonts.com/products/jenko-complete-family-package-1126119
[2026-03-31T07:50:04Z] #525 attempt=1/6 status=200 0.625s url=https://www.myfonts.com/collections/jenko-font-vermilione/
[2026-03-31T07:50:04Z] #526 attempt=1/6 status=200 0.314s url=https://www.myfonts.com/collections/jenko-font-vermilione/?tab=techSpecs
[2026-03-31T07:50:05Z] #527 attempt=1/6 status=200 0.317s url=https://www.myfonts.com/products/regular-fisillove-signature-1126474
[2026-03-31T07:50:06Z] #528 attempt=1/6 status=200 0.249s url=https://www.myfonts.com/collections/fisillove-signature-font-tebaltipis-studio/
[2026-03-31T07:50:07Z] #529 attempt=1/6 status=200 0.354s url=https://www.myfonts.com/collections/fisillove-signature-font-tebaltipis-studio/?tab=techSpecs
[2026-03-31T07:50:08Z] #530 attempt=1/6 status=200 0.848s url=https://www.myfonts.com/products.json?limit=100&page=21
[2026-03-31T07:50:09Z] #531 attempt=1/6 status=200 0.379s url=https://www.myfonts.com/products/regular-jorima-signature-brush-1126473
[2026-03-31T07:50:10Z] #532 attempt=1/6 status=200 0.526s url=https://www.myfonts.com/collections/jorima-signature-brush-font-tebaltipis-studio/
[2026-03-31T07:50:10Z] #533 attempt=1/6 status=200 0.152s url=https://www.myfonts.com/collections/jorima-signature-brush-font-tebaltipis-studio/?tab=techSpecs
[2026-03-31T07:50:11Z] #534 attempt=1/6 status=200 0.320s url=https://www.myfonts.com/products/regular-ristina-british-signature-1126476
[2026-03-31T07:50:12Z] #535 attempt=1/6 status=200 0.539s url=https://www.myfonts.com/collections/ristina-british-signature-font-tebaltipis-studio/
[2026-03-31T07:50:12Z] #536 attempt=1/6 status=200 0.439s url=https://www.myfonts.com/collections/ristina-british-signature-font-tebaltipis-studio/?tab=techSpecs
[2026-03-31T07:50:13Z] #537 attempt=1/6 status=200 0.253s url=https://www.myfonts.com/products/regular-garlone-signature-1126475
[2026-03-31T07:50:14Z] #538 attempt=1/6 status=200 0.368s url=https://www.myfonts.com/collections/garlone-signature-font-tebaltipis-studio/
[2026-03-31T07:50:14Z] #539 attempt=1/6 status=200 0.231s url=https://www.myfonts.com/collections/garlone-signature-font-tebaltipis-studio/?tab=techSpecs
[2026-03-31T07:50:15Z] #540 attempt=1/6 status=200 0.385s url=https://www.myfonts.com/products/gc-begia-complete-family-package-1125024
[2026-03-31T07:50:16Z] #541 attempt=1/6 status=200 0.346s url=https://www.myfonts.com/collections/gc-begia-font-onyx-studio/
[2026-03-31T07:50:17Z] #542 attempt=1/6 status=200 0.643s url=https://www.myfonts.com/collections/gc-begia-font-onyx-studio/?tab=techSpecs
[2026-03-31T07:50:18Z] #543 attempt=1/6 status=200 0.319s url=https://www.myfonts.com/products/natego-complete-family-package-1125036
[2026-03-31T07:50:19Z] #544 attempt=1/6 status=200 0.374s url=https://www.myfonts.com/collections/natego-font-pandeka-studio/
[2026-03-31T07:50:19Z] #545 attempt=1/6 status=200 0.180s url=https://www.myfonts.com/collections/natego-font-pandeka-studio/?tab=techSpecs
[2026-03-31T07:50:20Z] #546 attempt=1/6 status=200 0.404s url=https://www.myfonts.com/products/aeloria-complete-family-package-1125027
[2026-03-31T07:50:21Z] #547 attempt=1/6 status=200 0.502s url=https://www.myfonts.com/collections/aeloria-font-steptype/
[2026-03-31T07:50:22Z] #548 attempt=1/6 status=200 0.376s url=https://www.myfonts.com/collections/aeloria-font-steptype/?tab=techSpecs
[2026-03-31T07:50:23Z] #549 attempt=1/6 status=200 0.301s url=https://www.myfonts.com/products/cleffordy-complete-family-package-1125021
[2026-03-31T07:50:24Z] #550 attempt=1/6 status=200 0.349s url=https://www.myfonts.com/collections/cleffordy-font-typeclassheroes/
[2026-03-31T07:50:24Z] #551 attempt=1/6 status=200 0.396s url=https://www.myfonts.com/collections/cleffordy-font-typeclassheroes/?tab=techSpecs
[2026-03-31T07:50:25Z] #552 attempt=1/6 status=200 0.323s url=https://www.myfonts.com/products/pushkey-complete-family-package-1124996
[2026-03-31T07:50:26Z] #553 attempt=1/6 status=200 0.341s url=https://www.myfonts.com/collections/pushkey-font-artiveko/
[2026-03-31T07:50:27Z] #554 attempt=1/6 status=200 0.431s url=https://www.myfonts.com/collections/pushkey-font-artiveko/?tab=techSpecs
[2026-03-31T07:50:28Z] #555 attempt=1/6 status=200 0.513s url=https://www.myfonts.com/products/it-valero-complete-family-package-1125007
[2026-03-31T07:50:29Z] #556 attempt=1/6 status=200 0.389s url=https://www.myfonts.com/collections/it-valero-font-creatifont-studio/
[2026-03-31T07:50:30Z] #557 attempt=1/6 status=200 0.540s url=https://www.myfonts.com/collections/it-valero-font-creatifont-studio/?tab=techSpecs
[2026-03-31T07:50:31Z] #558 attempt=1/6 status=200 0.576s url=https://www.myfonts.com/products/lakescape-complete-family-package-1124991
[2026-03-31T07:50:32Z] #559 attempt=1/6 status=200 0.258s url=https://www.myfonts.com/collections/lakescape-font-vozzy/
[2026-03-31T07:50:32Z] #560 attempt=1/6 status=200 0.393s url=https://www.myfonts.com/collections/lakescape-font-vozzy/?tab=techSpecs
[2026-03-31T07:50:34Z] #561 attempt=1/6 status=200 1.050s url=https://www.myfonts.com/products/denova-complete-family-package-1124938
[2026-03-31T07:50:36Z] #562 attempt=1/6 status=200 1.699s url=https://www.myfonts.com/collections/denova-font-fargun-studio/
[2026-03-31T07:50:39Z] #563 attempt=1/6 status=200 2.093s url=https://www.myfonts.com/collections/denova-font-fargun-studio/?tab=techSpecs
[2026-03-31T07:50:41Z] #564 attempt=1/6 status=200 0.833s url=https://www.myfonts.com/products/pixelion-complete-family-package-1124885
[2026-03-31T07:50:42Z] #565 attempt=1/6 status=200 1.011s url=https://www.myfonts.com/collections/pixelion-font-alpercakici/
[2026-03-31T07:50:43Z] #566 attempt=1/6 status=200 0.665s url=https://www.myfonts.com/collections/pixelion-font-alpercakici/?tab=techSpecs
[2026-03-31T07:50:44Z] #567 attempt=1/6 status=200 0.344s url=https://www.myfonts.com/products/privacy-filter-complete-family-package-1124880
[2026-03-31T07:50:45Z] #568 attempt=1/6 status=200 0.763s url=https://www.myfonts.com/collections/privacy-filter-font-hanoded/
[2026-03-31T07:50:46Z] #569 attempt=1/6 status=200 0.139s url=https://www.myfonts.com/collections/privacy-filter-font-hanoded/?tab=techSpecs
[2026-03-31T07:50:47Z] #570 attempt=1/6 status=200 0.735s url=https://www.myfonts.com/products/gendred-complete-family-package-1124821
[2026-03-31T07:50:49Z] #571 attempt=1/6 status=200 1.205s url=https://www.myfonts.com/collections/gendred-font-alpercakici/
[2026-03-31T07:50:50Z] #572 attempt=1/6 status=200 0.891s url=https://www.myfonts.com/collections/gendred-font-alpercakici/?tab=techSpecs
[2026-03-31T07:50:52Z] #573 attempt=1/6 status=200 0.785s url=https://www.myfonts.com/products.json?limit=100&page=22
[2026-03-31T07:50:53Z] #574 attempt=1/6 status=200 0.487s url=https://www.myfonts.com/products/jheronimus-complete-family-package-1124742
[2026-03-31T07:50:54Z] #575 attempt=1/6 status=200 0.619s url=https://www.myfonts.com/collections/jheronimus-font-aronetiv/
[2026-03-31T07:50:55Z] #576 attempt=1/6 status=200 0.637s url=https://www.myfonts.com/collections/jheronimus-font-aronetiv/?tab=techSpecs
[2026-03-31T07:50:57Z] #577 attempt=1/6 status=200 0.821s url=https://www.myfonts.com/products/greeka-complete-family-package-1124761
[2026-03-31T07:50:58Z] #578 attempt=1/6 status=200 0.807s url=https://www.myfonts.com/collections/greeka-font-alpercakici/
[2026-03-31T07:50:59Z] #579 attempt=1/6 status=200 1.230s url=https://www.myfonts.com/collections/greeka-font-alpercakici/?tab=techSpecs
[2026-03-31T07:51:01Z] #580 attempt=1/6 status=200 0.874s url=https://www.myfonts.com/products.json?limit=100&page=23
[2026-03-31T07:51:02Z] #581 attempt=1/6 status=200 0.516s url=https://www.myfonts.com/products/regular-neue-kurier-1124760
[2026-03-31T07:51:03Z] #582 attempt=1/6 status=200 0.245s url=https://www.myfonts.com/collections/neue-kurier-font-rmu/
[2026-03-31T07:51:03Z] #583 attempt=1/6 status=200 0.270s url=https://www.myfonts.com/collections/neue-kurier-font-rmu/?tab=techSpecs
[2026-03-31T07:51:05Z] #584 attempt=1/6 status=200 0.845s url=https://www.myfonts.com/products/rounded-inline-rheadra-1124542
[2026-03-31T07:51:06Z] #585 attempt=1/6 status=200 0.870s url=https://www.myfonts.com/collections/rheadra-font-alpercakici/
[2026-03-31T07:51:07Z] #586 attempt=1/6 status=200 0.602s url=https://www.myfonts.com/collections/rheadra-font-alpercakici/?tab=techSpecs
[2026-03-31T07:51:08Z] #587 attempt=1/6 status=200 0.409s url=https://www.myfonts.com/products/light-perfect-roman-1124717
[2026-03-31T07:51:09Z] #588 attempt=1/6 status=200 0.546s url=https://www.myfonts.com/collections/perfect-roman-font-flanker/
[2026-03-31T07:51:10Z] #589 attempt=1/6 status=200 0.198s url=https://www.myfonts.com/collections/perfect-roman-font-flanker/?tab=techSpecs
[2026-03-31T07:51:11Z] #590 attempt=1/6 status=200 0.418s url=https://www.myfonts.com/products/regular-hakter-1124495
[2026-03-31T07:51:12Z] #591 attempt=1/6 status=200 0.478s url=https://www.myfonts.com/collections/hakter-font-smz-design/
[2026-03-31T07:51:12Z] #592 attempt=1/6 status=200 0.125s url=https://www.myfonts.com/collections/hakter-font-smz-design/?tab=techSpecs
[2026-03-31T07:51:14Z] #593 attempt=1/6 status=200 0.884s url=https://www.myfonts.com/products.json?limit=100&page=24
[2026-03-31T07:51:15Z] #594 attempt=1/6 status=200 0.377s url=https://www.myfonts.com/products/seriffi-morgan-complete-family-package-925983
[2026-03-31T07:51:16Z] #595 attempt=1/6 status=200 0.414s url=https://www.myfonts.com/collections/seriffi-morgan-font-morganismi/
[2026-03-31T07:51:16Z] #596 attempt=1/6 status=200 0.345s url=https://www.myfonts.com/collections/seriffi-morgan-font-morganismi/?tab=techSpecs
[2026-03-31T07:51:18Z] #597 attempt=1/6 status=200 0.442s url=https://www.myfonts.com/products/armet-complete-family-package-1124559
[2026-03-31T07:51:18Z] #598 attempt=1/6 status=200 0.636s url=https://www.myfonts.com/collections/armet-font-multiformis/
[2026-03-31T07:51:19Z] #599 attempt=1/6 status=200 0.431s url=https://www.myfonts.com/collections/armet-font-multiformis/?tab=techSpecs
[2026-03-31T07:51:21Z] #600 attempt=1/6 status=200 0.593s url=https://www.myfonts.com/products/ortak-slab-complete-family-package-1124398
[2026-03-31T07:51:22Z] #601 attempt=1/6 status=200 0.664s url=https://www.myfonts.com/collections/ortak-slab-font-tour-de-force/
[2026-03-31T07:51:22Z] #602 attempt=1/6 status=200 0.153s url=https://www.myfonts.com/collections/ortak-slab-font-tour-de-force/?tab=techSpecs
[2026-03-31T07:51:23Z] #603 attempt=1/6 status=200 0.329s url=https://www.myfonts.com/products/murisa-onsu-complete-family-package-1124430
[2026-03-31T07:51:24Z] #604 attempt=1/6 status=200 0.414s url=https://www.myfonts.com/collections/murisa-onsu-font-murisa-studio/
[2026-03-31T07:51:25Z] #605 attempt=1/6 status=200 0.354s url=https://www.myfonts.com/collections/murisa-onsu-font-murisa-studio/?tab=techSpecs
[2026-03-31T07:51:26Z] #606 attempt=1/6 status=200 0.488s url=https://www.myfonts.com/products/hiatus-family-package-1124629
[2026-03-31T07:51:27Z] #607 attempt=1/6 status=200 0.450s url=https://www.myfonts.com/collections/hiatus-font-stephen-rapp/
[2026-03-31T07:51:27Z] #608 attempt=1/6 status=200 0.310s url=https://www.myfonts.com/collections/hiatus-font-stephen-rapp/?tab=techSpecs
[2026-03-31T07:51:29Z] #609 attempt=1/6 status=200 0.467s url=https://www.myfonts.com/products/ortak-sans-complete-family-package-1124413
[2026-03-31T07:51:29Z] #610 attempt=1/6 status=200 0.498s url=https://www.myfonts.com/collections/ortak-sans-font-tour-de-force/
[2026-03-31T07:51:30Z] #611 attempt=1/6 status=200 0.647s url=https://www.myfonts.com/collections/ortak-sans-font-tour-de-force/?tab=techSpecs
[2026-03-31T07:51:32Z] #612 attempt=1/6 status=200 0.606s url=https://www.myfonts.com/products/playfun-complete-family-package-1124344
[2026-03-31T07:51:33Z] #613 attempt=1/6 status=200 0.812s url=https://www.myfonts.com/collections/playfun-font-alpercakici/
[2026-03-31T07:51:34Z] #614 attempt=1/6 status=200 0.878s url=https://www.myfonts.com/collections/playfun-font-alpercakici/?tab=techSpecs
[2026-03-31T07:51:36Z] #615 attempt=1/6 status=200 0.735s url=https://www.myfonts.com/products/blockage-complete-family-package-1122488
[2026-03-31T07:51:37Z] #616 attempt=1/6 status=200 0.801s url=https://www.myfonts.com/collections/blockage-font-alpercakici/
[2026-03-31T07:51:38Z] #617 attempt=1/6 status=200 0.854s url=https://www.myfonts.com/collections/blockage-font-alpercakici/?tab=techSpecs
[2026-03-31T07:51:40Z] #618 attempt=1/6 status=200 0.688s url=https://www.myfonts.com/products/castemire-complete-family-package-1122263
[2026-03-31T07:51:41Z] #619 attempt=1/6 status=200 0.881s url=https://www.myfonts.com/collections/castemire-font-alpercakici/
[2026-03-31T07:51:43Z] #620 attempt=1/6 status=200 1.161s url=https://www.myfonts.com/collections/castemire-font-alpercakici/?tab=techSpecs
[2026-03-31T07:51:45Z] #621 attempt=1/6 status=200 0.945s url=https://www.myfonts.com/products/zvezda-complete-family-package-1124433
[2026-03-31T07:51:46Z] #622 attempt=1/6 status=200 1.151s url=https://www.myfonts.com/collections/zvezda-font-alpercakici/
[2026-03-31T07:51:48Z] #623 attempt=1/6 status=200 1.015s url=https://www.myfonts.com/collections/zvezda-font-alpercakici/?tab=techSpecs
[2026-03-31T07:51:49Z] #624 attempt=1/6 status=200 0.267s url=https://www.myfonts.com/products/regular-goodhers-hooney-1123475
[2026-03-31T07:51:50Z] #625 attempt=1/6 status=200 0.324s url=https://www.myfonts.com/collections/goodhers-hooney-font-jolicia-type/
[2026-03-31T07:51:50Z] #626 attempt=1/6 status=200 0.285s url=https://www.myfonts.com/collections/goodhers-hooney-font-jolicia-type/?tab=techSpecs
[2026-03-31T07:51:51Z] #627 attempt=1/6 status=200 0.298s url=https://www.myfonts.com/products/regular-rollis-1124429
[2026-03-31T07:51:51Z] #628 attempt=1/6 status=200 0.336s url=https://www.myfonts.com/collections/rollis-font-hrdr/
[2026-03-31T07:51:52Z] #629 attempt=1/6 status=200 0.311s url=https://www.myfonts.com/collections/rollis-font-hrdr/?tab=techSpecs
[2026-03-31T07:51:53Z] #630 attempt=1/6 status=200 0.268s url=https://www.myfonts.com/products/regular-rage-guerilla-1124397
[2026-03-31T07:51:53Z] #631 attempt=1/6 status=200 0.264s url=https://www.myfonts.com/collections/rage-guerilla-font-mvmet/
[2026-03-31T07:51:54Z] #632 attempt=1/6 status=200 0.316s url=https://www.myfonts.com/collections/rage-guerilla-font-mvmet/?tab=techSpecs
[2026-03-31T07:51:55Z] #633 attempt=1/6 status=200 0.276s url=https://www.myfonts.com/products/normal-coo-and-miku-1124066
[2026-03-31T07:51:55Z] #634 attempt=1/6 status=200 0.306s url=https://www.myfonts.com/collections/coo-and-miku-font-stockbucket/
[2026-03-31T07:51:56Z] #635 attempt=1/6 status=200 0.318s url=https://www.myfonts.com/collections/coo-and-miku-font-stockbucket/?tab=techSpecs
[2026-03-31T07:51:57Z] #636 attempt=1/6 status=200 0.439s url=https://www.myfonts.com/products/regular-vorn-1124037
[2026-03-31T07:51:58Z] #637 attempt=1/6 status=200 0.339s url=https://www.myfonts.com/collections/vorn-font-vadova-std/
[2026-03-31T07:51:58Z] #638 attempt=1/6 status=200 0.292s url=https://www.myfonts.com/collections/vorn-font-vadova-std/?tab=techSpecs
[2026-03-31T07:51:59Z] #639 attempt=1/6 status=200 0.304s url=https://www.myfonts.com/products/regular-youth-crew-1124024
[2026-03-31T07:51:59Z] #640 attempt=1/6 status=200 0.204s url=https://www.myfonts.com/collections/youth-crew-font-ronny-studio/
[2026-03-31T07:52:00Z] #641 attempt=1/6 status=200 0.397s url=https://www.myfonts.com/collections/youth-crew-font-ronny-studio/?tab=techSpecs
[2026-03-31T07:52:02Z] #642 attempt=1/6 status=200 0.672s url=https://www.myfonts.com/products.json?limit=100&page=25
[2026-03-31T07:52:02Z] #643 attempt=1/6 status=200 0.279s url=https://www.myfonts.com/products/regular-mental-sickness-1124061
[2026-03-31T07:52:03Z] #644 attempt=1/6 status=200 0.271s url=https://www.myfonts.com/collections/mental-sickness-font-inviline/
[2026-03-31T07:52:03Z] #645 attempt=1/6 status=200 0.192s url=https://www.myfonts.com/collections/mental-sickness-font-inviline/?tab=techSpecs
[2026-03-31T07:52:04Z] #646 attempt=1/6 status=200 0.426s url=https://www.myfonts.com/products/regular-rex-chandela-1124060
[2026-03-31T07:52:05Z] #647 attempt=1/6 status=200 0.237s url=https://www.myfonts.com/collections/rex-chandela-font-twinletter/
[2026-03-31T07:52:05Z] #648 attempt=1/6 status=200 0.337s url=https://www.myfonts.com/collections/rex-chandela-font-twinletter/?tab=techSpecs
[2026-03-31T07:52:06Z] #649 attempt=1/6 status=200 0.437s url=https://www.myfonts.com/products/regular-zareen-1123383
[2026-03-31T07:52:07Z] #650 attempt=1/6 status=200 0.269s url=https://www.myfonts.com/collections/zareen-font-vadova-std/
[2026-03-31T07:52:07Z] #651 attempt=1/6 status=200 0.275s url=https://www.myfonts.com/collections/zareen-font-vadova-std/?tab=techSpecs
[2026-03-31T07:52:08Z] #652 attempt=1/6 status=200 0.313s url=https://www.myfonts.com/products/regular-vogjer-1124067
[2026-03-31T07:52:09Z] #653 attempt=1/6 status=200 0.297s url=https://www.myfonts.com/collections/vogjer-font-limitype/
[2026-03-31T07:52:09Z] #654 attempt=1/6 status=200 0.114s url=https://www.myfonts.com/collections/vogjer-font-limitype/?tab=techSpecs
[2026-03-31T07:52:10Z] #655 attempt=1/6 status=200 0.415s url=https://www.myfonts.com/products/regular-holiday-sunshine-1123382
[2026-03-31T07:52:10Z] #656 attempt=1/6 status=200 0.253s url=https://www.myfonts.com/collections/holiday-sunshine-font-rasio-studio/
[2026-03-31T07:52:11Z] #657 attempt=1/6 status=200 0.231s url=https://www.myfonts.com/collections/holiday-sunshine-font-rasio-studio/?tab=techSpecs
[2026-03-31T07:52:12Z] #658 attempt=1/6 status=200 0.344s url=https://www.myfonts.com/products/regular-jamonira-1124040
[2026-03-31T07:52:12Z] #659 attempt=1/6 status=200 0.225s url=https://www.myfonts.com/collections/jamonira-font-rasio-studio/
[2026-03-31T07:52:13Z] #660 attempt=1/6 status=200 0.358s url=https://www.myfonts.com/products/regular-marsal-1124428
[2026-03-31T07:52:14Z] #661 attempt=1/6 status=200 0.246s url=https://www.myfonts.com/collections/marsal-font-hrdr/
[2026-03-31T07:52:14Z] #662 attempt=1/6 status=200 0.257s url=https://www.myfonts.com/products/regular-good-function-1123375
[2026-03-31T07:52:15Z] #663 attempt=1/6 status=200 0.271s url=https://www.myfonts.com/collections/good-function-font-rasio-studio/
[2026-03-31T07:52:15Z] #664 attempt=1/6 status=200 0.283s url=https://www.myfonts.com/products/regular-bhaswari-1124026
[2026-03-31T07:52:16Z] #665 attempt=1/6 status=200 0.354s url=https://www.myfonts.com/collections/bhaswari-font-vadova-std/
[2026-03-31T07:52:16Z] #666 attempt=1/6 status=200 0.321s url=https://www.myfonts.com/products/regular-kordano-1123385
[2026-03-31T07:52:17Z] #667 attempt=1/6 status=200 0.216s url=https://www.myfonts.com/collections/kordano-font-vadova-std/
[2026-03-31T07:52:17Z] summary releases=102 first_429=None log_file=state/myfonts_run_20260331_074114.log
[2026-03-31T07:52:17Z] saved_success_profile path=state/myfonts_success_profile.json
[2026-03-31T07:52:17Z] === MyFonts crawl end ===
