[2026-07-28T08:47:05Z] checkpoint fresh next_page=1 path=state/myfonts_crawl_checkpoint.json
[2026-07-28T08:47:05Z] === MyFonts crawl start source=myfonts ===
[2026-07-28T08:47:05Z] config max_pages=25 page_size=100 start_date=2026-07-27 end_date=2026-07-28 api_delay=0.5s detail_delay=0.2s max_debut_checks=400 max_tech_specs_checks=200 reuse_success_profile=False always_enrich_packages=True language_script_signal_mode=strong force_fresh_run=False start_page=1 browser_mode=False browser_headless=True browser_storage_state_path=state/myfonts_storage_state.json
[2026-07-28T08:47:07Z] #1 attempt=1/6 status=200 1.182s url=https://www.myfonts.com/products.json?limit=100&page=1
[2026-07-28T08:47:07Z] #2 attempt=1/2 status=200 0.357s url=https://www.myfonts.com/products/augustale-duo-complete-family-package-1189666
[2026-07-28T08:47:08Z] #3 attempt=1/2 status=200 0.311s url=https://www.myfonts.com/collections/augustale-duo-font-meutuwah/
[2026-07-28T08:47:09Z] #4 attempt=1/2 status=200 0.381s url=https://www.myfonts.com/collections/augustale-duo-font-meutuwah/?tab=techSpecs
[2026-07-28T08:47:10Z] #5 attempt=1/2 status=200 0.465s url=https://www.myfonts.com/products/bizza-walls-complete-family-package-1189535
[2026-07-28T08:47:11Z] #6 attempt=1/2 status=200 0.396s url=https://www.myfonts.com/collections/bizza-walls-font-marvadesign/
[2026-07-28T08:47:11Z] #7 attempt=1/2 status=200 0.395s url=https://www.myfonts.com/collections/bizza-walls-font-marvadesign/?tab=techSpecs
[2026-07-28T08:47:12Z] #8 attempt=1/2 status=200 0.376s url=https://www.myfonts.com/products/grave-typewriter-complete-family-package-1189539
[2026-07-28T08:47:13Z] #9 attempt=1/2 status=200 0.421s url=https://www.myfonts.com/collections/grave-typewriter-font-woodcutter/
[2026-07-28T08:47:14Z] #10 attempt=1/2 status=200 0.385s url=https://www.myfonts.com/collections/grave-typewriter-font-woodcutter/?tab=techSpecs
[2026-07-28T08:47:15Z] #11 attempt=1/2 status=200 0.307s url=https://www.myfonts.com/products/blegr-complete-family-package-1189564
[2026-07-28T08:47:15Z] #12 attempt=1/2 status=200 0.324s url=https://www.myfonts.com/collections/blegr-font-grontype/
[2026-07-28T08:47:16Z] #13 attempt=1/2 status=200 0.185s url=https://www.myfonts.com/collections/blegr-font-grontype/?tab=techSpecs
[2026-07-28T08:47:17Z] #14 attempt=1/2 status=200 0.385s url=https://www.myfonts.com/products/politoxicomano-vikingo-complete-family-package-1189561
[2026-07-28T08:47:17Z] #15 attempt=1/2 status=200 0.374s url=https://www.myfonts.com/collections/politoxicomano-vikingo-font-woodcutter/
[2026-07-28T08:47:18Z] #16 attempt=1/2 status=200 0.164s url=https://www.myfonts.com/collections/politoxicomano-vikingo-font-woodcutter/?tab=techSpecs
[2026-07-28T08:47:19Z] #17 attempt=1/2 status=200 0.376s url=https://www.myfonts.com/products/jueves-santo-complete-family-package-1189554
[2026-07-28T08:47:19Z] #18 attempt=1/2 status=200 0.473s url=https://www.myfonts.com/collections/jueves-santo-font-woodcutter/
[2026-07-28T08:47:20Z] #19 attempt=1/2 status=200 0.189s url=https://www.myfonts.com/collections/jueves-santo-font-woodcutter/?tab=techSpecs
[2026-07-28T08:47:21Z] #20 attempt=1/2 status=200 0.335s url=https://www.myfonts.com/products/no-club-lone-wolf-complete-family-package-1189557
[2026-07-28T08:47:21Z] #21 attempt=1/2 status=200 0.375s url=https://www.myfonts.com/collections/no-club-lone-wolf-font-woodcutter/
[2026-07-28T08:47:22Z] #22 attempt=1/2 status=200 0.175s url=https://www.myfonts.com/collections/no-club-lone-wolf-font-woodcutter/?tab=techSpecs
[2026-07-28T08:47:23Z] #23 attempt=1/2 status=200 0.421s url=https://www.myfonts.com/products/new-sunset-boulevard-complete-family-package-1189542
[2026-07-28T08:47:23Z] #24 attempt=1/2 status=200 0.418s url=https://www.myfonts.com/collections/new-sunset-boulevard-font-woodcutter/
[2026-07-28T08:47:24Z] #25 attempt=1/2 status=200 0.374s url=https://www.myfonts.com/collections/new-sunset-boulevard-font-woodcutter/?tab=techSpecs
[2026-07-28T08:47:27Z] #26 attempt=1/2 status=200 1.896s url=https://www.myfonts.com/products/extra-bold-extra-condensed-felgiora-1189595
[2026-07-28T08:47:29Z] #27 attempt=1/2 status=200 2.593s url=https://www.myfonts.com/collections/felgiora-font-propertype/
[2026-07-28T08:47:32Z] #28 attempt=1/2 status=200 2.344s url=https://www.myfonts.com/collections/felgiora-font-propertype/?tab=techSpecs
[2026-07-28T08:47:36Z] #29 attempt=1/2 status=200 2.580s url=https://www.myfonts.com/products/soft-extrabold-extraexpanded-kalibrasi-1189488
[2026-07-28T08:47:39Z] #30 attempt=1/2 status=200 3.078s url=https://www.myfonts.com/collections/kalibrasi-font-slex-studio/
[2026-07-28T08:47:40Z] #31 attempt=1/2 status=200 0.354s url=https://www.myfonts.com/collections/kalibrasi-font-slex-studio/?tab=techSpecs
[2026-07-28T08:47:42Z] #32 attempt=1/2 status=200 0.344s url=https://www.myfonts.com/products/regular-genvique-signature-1189523
[2026-07-28T08:47:43Z] #33 attempt=1/2 status=200 0.434s url=https://www.myfonts.com/collections/genvique-signature-font-pointlab/
[2026-07-28T08:47:43Z] #34 attempt=1/2 status=200 0.333s url=https://www.myfonts.com/collections/genvique-signature-font-pointlab/?tab=techSpecs
[2026-07-28T08:47:45Z] #35 attempt=1/6 status=200 1.031s url=https://www.myfonts.com/products.json?limit=100&page=2
[2026-07-28T08:47:46Z] #36 attempt=1/2 status=200 0.370s url=https://www.myfonts.com/products/regular-bennsy-1189538
[2026-07-28T08:47:46Z] #37 attempt=1/2 status=200 0.304s url=https://www.myfonts.com/collections/bennsy-font-marvadesign/
[2026-07-28T08:47:47Z] #38 attempt=1/2 status=200 0.431s url=https://www.myfonts.com/collections/bennsy-font-marvadesign/?tab=techSpecs
[2026-07-28T08:47:48Z] #39 attempt=1/2 status=200 0.372s url=https://www.myfonts.com/products/regular-astark-brush-1189492
[2026-07-28T08:47:49Z] #40 attempt=1/2 status=200 0.497s url=https://www.myfonts.com/collections/astark-brush-font-pointlab/
[2026-07-28T08:47:49Z] #41 attempt=1/2 status=200 0.354s url=https://www.myfonts.com/collections/astark-brush-font-pointlab/?tab=techSpecs
[2026-07-28T08:47:50Z] #42 attempt=1/2 status=200 0.585s url=https://www.myfonts.com/products/blackoblique-gilleto-sans-1189448
[2026-07-28T08:47:51Z] #43 attempt=1/2 status=200 0.608s url=https://www.myfonts.com/collections/gilleto-sans-font-basnistudio/
[2026-07-28T08:47:52Z] #44 attempt=1/2 status=200 0.526s url=https://www.myfonts.com/collections/gilleto-sans-font-basnistudio/?tab=techSpecs
[2026-07-28T08:47:53Z] #45 attempt=1/2 status=200 0.354s url=https://www.myfonts.com/products/regular-fruits-mages-1189842
[2026-07-28T08:47:54Z] #46 attempt=1/2 status=200 0.401s url=https://www.myfonts.com/collections/fruits-mages-font-sealoung/
[2026-07-28T08:47:54Z] #47 attempt=1/2 status=200 0.389s url=https://www.myfonts.com/collections/fruits-mages-font-sealoung/?tab=techSpecs
[2026-07-28T08:47:55Z] #48 attempt=1/2 status=200 0.353s url=https://www.myfonts.com/products/regular-ekainos-1189829
[2026-07-28T08:47:56Z] #49 attempt=1/2 status=200 0.303s url=https://www.myfonts.com/collections/ekainos-font-letterhanna-studio/
[2026-07-28T08:47:56Z] #50 attempt=1/2 status=200 0.179s url=https://www.myfonts.com/collections/ekainos-font-letterhanna-studio/?tab=techSpecs
[2026-07-28T08:47:57Z] #51 attempt=1/2 status=200 0.515s url=https://www.myfonts.com/products/regular-drazelle-1189006
[2026-07-28T08:47:57Z] #52 attempt=1/2 status=200 0.313s url=https://www.myfonts.com/collections/drazelle-font-rasio-studio/
[2026-07-28T08:47:58Z] #53 attempt=1/2 status=200 0.416s url=https://www.myfonts.com/collections/drazelle-font-rasio-studio/?tab=techSpecs
[2026-07-28T08:47:59Z] #54 attempt=1/2 status=200 0.487s url=https://www.myfonts.com/products/regular-mltp-groovelane-1189015
[2026-07-28T08:48:00Z] #55 attempt=1/2 status=200 0.390s url=https://www.myfonts.com/collections/mltp-groovelane-font-multype-studio/
[2026-07-28T08:48:01Z] #56 attempt=1/2 status=200 0.552s url=https://www.myfonts.com/collections/mltp-groovelane-font-multype-studio/?tab=techSpecs
[2026-07-28T08:48:01Z] #57 attempt=1/2 status=200 0.351s url=https://www.myfonts.com/products/regular-feastline-1189057
[2026-07-28T08:48:02Z] #58 attempt=1/2 status=200 0.347s url=https://www.myfonts.com/collections/feastline-font-hipfonts/
[2026-07-28T08:48:02Z] #59 attempt=1/2 status=200 0.173s url=https://www.myfonts.com/collections/feastline-font-hipfonts/?tab=techSpecs
[2026-07-28T08:48:05Z] #60 attempt=1/6 status=200 1.673s url=https://www.myfonts.com/products.json?limit=100&page=3
[2026-07-28T08:48:05Z] #61 attempt=1/2 status=200 0.341s url=https://www.myfonts.com/products/regular-dasnood-1189012
[2026-07-28T08:48:06Z] #62 attempt=1/2 status=200 0.300s url=https://www.myfonts.com/collections/dasnood-font-flawlessandco/
[2026-07-28T08:48:07Z] #63 attempt=1/2 status=200 0.436s url=https://www.myfonts.com/collections/dasnood-font-flawlessandco/?tab=techSpecs
[2026-07-28T08:48:09Z] #64 attempt=1/2 status=200 1.134s url=https://www.myfonts.com/products/black-semi-expanded-slanted-roxetto-1189282
[2026-07-28T08:48:10Z] #65 attempt=1/2 status=200 1.441s url=https://www.myfonts.com/collections/roxetto-font-dora-typefoundry/
[2026-07-28T08:48:11Z] #66 attempt=1/2 status=200 0.262s url=https://www.myfonts.com/collections/roxetto-font-dora-typefoundry/?tab=techSpecs
[2026-07-28T08:48:12Z] #67 attempt=1/2 status=200 0.309s url=https://www.myfonts.com/products/regular-reposida-1189011
[2026-07-28T08:48:13Z] #68 attempt=1/2 status=200 0.379s url=https://www.myfonts.com/collections/reposida-font-hishand-studio/
[2026-07-28T08:48:13Z] #69 attempt=1/2 status=200 0.369s url=https://www.myfonts.com/collections/reposida-font-hishand-studio/?tab=techSpecs
[2026-07-28T08:48:14Z] #70 attempt=1/2 status=200 0.291s url=https://www.myfonts.com/products/regular-voice-haunt-1189841
[2026-07-28T08:48:15Z] #71 attempt=1/2 status=200 0.503s url=https://www.myfonts.com/collections/voice-haunt-font-seemly-fonts/
[2026-07-28T08:48:15Z] #72 attempt=1/2 status=200 0.279s url=https://www.myfonts.com/collections/voice-haunt-font-seemly-fonts/?tab=techSpecs
[2026-07-28T08:48:16Z] #73 attempt=1/2 status=200 0.295s url=https://www.myfonts.com/products/regular-black-miracle-1189815
[2026-07-28T08:48:17Z] #74 attempt=1/2 status=200 0.299s url=https://www.myfonts.com/collections/black-miracle-font-moontiontype/
[2026-07-28T08:48:17Z] #75 attempt=1/2 status=200 0.197s url=https://www.myfonts.com/collections/black-miracle-font-moontiontype/?tab=techSpecs
[2026-07-28T08:48:18Z] #76 attempt=1/2 status=200 0.420s url=https://www.myfonts.com/products/regular-strata-magic-1189016
[2026-07-28T08:48:19Z] #77 attempt=1/2 status=200 0.694s url=https://www.myfonts.com/collections/strata-magic-font-alit-design/
[2026-07-28T08:48:20Z] #78 attempt=1/2 status=200 0.183s url=https://www.myfonts.com/collections/strata-magic-font-alit-design/?tab=techSpecs
[2026-07-28T08:48:20Z] #79 attempt=1/2 status=200 0.361s url=https://www.myfonts.com/products/regular-twiggy-notes-1189000
[2026-07-28T08:48:21Z] #80 attempt=1/2 status=200 0.341s url=https://www.myfonts.com/collections/twiggy-notes-font-claymoon-lab-studio/
[2026-07-28T08:48:21Z] #81 attempt=1/2 status=429 0.023s url=https://www.myfonts.com/collections/twiggy-notes-font-claymoon-lab-studio/?tab=techSpecs
[2026-07-28T08:48:21Z] first_429 req=81 url=https://www.myfonts.com/collections/twiggy-notes-font-claymoon-lab-studio/?tab=techSpecs
[2026-07-28T08:48:24Z] #82 attempt=2/2 status=200 0.241s url=https://www.myfonts.com/collections/twiggy-notes-font-claymoon-lab-studio/?tab=techSpecs
[2026-07-28T08:48:24Z] #83 attempt=1/2 status=200 0.297s url=https://www.myfonts.com/products/regular-opiradia-1189803
[2026-07-28T08:48:25Z] #84 attempt=1/2 status=200 0.417s url=https://www.myfonts.com/collections/opiradia-font-flawlessandco/
[2026-07-28T08:48:25Z] #85 attempt=1/2 status=429 0.023s url=https://www.myfonts.com/products/regular-chordagram-1189001
[2026-07-28T08:48:28Z] #86 attempt=2/2 status=200 0.503s url=https://www.myfonts.com/products/regular-chordagram-1189001
[2026-07-28T08:48:29Z] #87 attempt=1/2 status=200 0.319s url=https://www.myfonts.com/collections/chordagram-font-philatype/
[2026-07-28T08:48:29Z] #88 attempt=1/2 status=200 0.402s url=https://www.myfonts.com/products/regular-samba-spark-1189056
[2026-07-28T08:48:30Z] #89 attempt=1/2 status=200 0.370s url=https://www.myfonts.com/collections/samba-spark-font-hipfonts/
[2026-07-28T08:48:30Z] #90 attempt=1/2 status=200 0.336s url=https://www.myfonts.com/products/regular-daydream-melody-1189055
[2026-07-28T08:48:31Z] #91 attempt=1/2 status=200 0.403s url=https://www.myfonts.com/collections/daydream-melody-font-hipfonts/
[2026-07-28T08:48:32Z] #92 attempt=1/2 status=200 0.324s url=https://www.myfonts.com/products/regular-orvexa-1189005
[2026-07-28T08:48:32Z] #93 attempt=1/2 status=429 0.023s url=https://www.myfonts.com/collections/orvexa-font-rasio-studio/
[2026-07-28T08:48:35Z] #94 attempt=2/2 status=200 0.466s url=https://www.myfonts.com/collections/orvexa-font-rasio-studio/
[2026-07-28T08:48:36Z] #95 attempt=1/2 status=200 0.352s url=https://www.myfonts.com/products/regular-sorvain-1188989
[2026-07-28T08:48:36Z] #96 attempt=1/2 status=200 0.306s url=https://www.myfonts.com/collections/sorvain-font-solutype/
[2026-07-28T08:48:36Z] #97 attempt=1/2 status=429 0.023s url=https://www.myfonts.com/products/regular-rungky-1189013
[2026-07-28T08:48:39Z] #98 attempt=2/2 status=200 0.422s url=https://www.myfonts.com/products/regular-rungky-1189013
[2026-07-28T08:48:40Z] #99 attempt=1/2 status=200 0.399s url=https://www.myfonts.com/collections/rungky-font-sensatype-studio/
[2026-07-28T08:48:40Z] #100 attempt=1/2 status=200 0.267s url=https://www.myfonts.com/products/regular-willowdense-1189806
[2026-07-28T08:48:41Z] #101 attempt=1/2 status=200 0.389s url=https://www.myfonts.com/collections/willowdense-font-warbler-type/
[2026-07-28T08:48:41Z] #102 attempt=1/2 status=200 0.282s url=https://www.myfonts.com/products/regular-zfbloomie-1189020
[2026-07-28T08:48:42Z] #103 attempt=1/2 status=200 0.364s url=https://www.myfonts.com/collections/zfbloomie-font-zoofont/
[2026-07-28T08:48:44Z] #104 attempt=1/6 status=200 1.012s url=https://www.myfonts.com/products.json?limit=100&page=4
[2026-07-28T08:48:44Z] #105 attempt=1/2 status=200 0.274s url=https://www.myfonts.com/products/vorixon-complete-family-package-1189567
[2026-07-28T08:48:44Z] #106 attempt=1/2 status=429 0.023s url=https://www.myfonts.com/collections/vorixon-font-mei-suseno/
[2026-07-28T08:48:47Z] #107 attempt=2/2 status=200 0.447s url=https://www.myfonts.com/collections/vorixon-font-mei-suseno/
[2026-07-28T08:48:48Z] #108 attempt=1/2 status=200 0.448s url=https://www.myfonts.com/products/at-axilla-dextra-complete-family-package-1189080
[2026-07-28T08:48:49Z] #109 attempt=1/2 status=200 0.636s url=https://www.myfonts.com/collections/at-axilla-dextra-font-arimatype/
[2026-07-28T08:48:49Z] #110 attempt=1/2 status=200 0.370s url=https://www.myfonts.com/products/bold-myntro-1189840
[2026-07-28T08:48:50Z] #111 attempt=1/2 status=429 0.025s url=https://www.myfonts.com/collections/myntro-font-azzam-ridhamalik/
[2026-07-28T08:48:52Z] #112 attempt=2/2 status=200 0.414s url=https://www.myfonts.com/collections/myntro-font-azzam-ridhamalik/
[2026-07-28T08:48:53Z] #113 attempt=1/2 status=200 0.424s url=https://www.myfonts.com/products/667-broad-hunch-franky-horrorshow-1189828
[2026-07-28T08:48:53Z] #114 attempt=1/2 status=200 0.339s url=https://www.myfonts.com/collections/franky-horrorshow-font-remedy667/
[2026-07-28T08:48:54Z] #115 attempt=1/2 status=200 0.364s url=https://www.myfonts.com/products/regular-melnora-1189823
[2026-07-28T08:48:55Z] #116 attempt=1/2 status=200 0.408s url=https://www.myfonts.com/collections/melnora-font-moontiontype/
[2026-07-28T08:48:57Z] #117 attempt=1/6 status=200 0.993s url=https://www.myfonts.com/products.json?limit=100&page=5
[2026-07-28T08:48:58Z] #118 attempt=1/6 status=200 0.889s url=https://www.myfonts.com/products.json?limit=100&page=6
[2026-07-28T08:48:59Z] #119 attempt=1/2 status=200 0.431s url=https://www.myfonts.com/products/regular-nestglow-1189078
[2026-07-28T08:48:59Z] #120 attempt=1/2 status=200 0.325s url=https://www.myfonts.com/collections/nestglow-font-letterhanna-studio/
[2026-07-28T08:49:00Z] #121 attempt=1/2 status=200 0.343s url=https://www.myfonts.com/products/variable-light-deserter-1189553
[2026-07-28T08:49:00Z] #122 attempt=1/2 status=429 0.022s url=https://www.myfonts.com/collections/deserter-font-tour-de-force/
[2026-07-28T08:49:03Z] #123 attempt=2/2 status=200 0.415s url=https://www.myfonts.com/collections/deserter-font-tour-de-force/
[2026-07-28T08:49:03Z] #124 attempt=1/2 status=200 0.300s url=https://www.myfonts.com/products/regular-nelyx-brush-1189079
[2026-07-28T08:49:04Z] #125 attempt=1/2 status=200 0.345s url=https://www.myfonts.com/collections/nelyx-brush-font-sealoung/
[2026-07-28T08:49:05Z] #126 attempt=1/2 status=200 0.380s url=https://www.myfonts.com/products/bold-italic-halsara-1189073
[2026-07-28T08:49:05Z] #127 attempt=1/2 status=200 0.584s url=https://www.myfonts.com/collections/halsara-font-glyphminds-studios/
[2026-07-28T08:49:07Z] #128 attempt=1/6 status=200 1.097s url=https://www.myfonts.com/products.json?limit=100&page=7
[2026-07-28T08:49:08Z] #129 attempt=1/2 status=200 0.402s url=https://www.myfonts.com/products/baskerville-sans-complete-family-package-1188955
[2026-07-28T08:49:08Z] #130 attempt=1/2 status=200 0.507s url=https://www.myfonts.com/collections/baskerville-sans-font-monotype-imaging/
[2026-07-28T08:49:09Z] #131 attempt=1/2 status=200 0.339s url=https://www.myfonts.com/products/baskerville-sans-variable-complete-family-package-1188952
[2026-07-28T08:49:09Z] #132 attempt=1/2 status=429 0.027s url=https://www.myfonts.com/collections/baskerville-sans-variable-font-monotype-imaging/
[2026-07-28T08:49:12Z] #133 attempt=2/2 status=200 0.463s url=https://www.myfonts.com/collections/baskerville-sans-variable-font-monotype-imaging/
[2026-07-28T08:49:13Z] #134 attempt=1/2 status=200 0.541s url=https://www.myfonts.com/products/bold-italic-stem-1188985
[2026-07-28T08:49:14Z] #135 attempt=1/2 status=200 0.667s url=https://www.myfonts.com/collections/stem-font-paratype/
[2026-07-28T08:49:15Z] #136 attempt=1/2 status=200 0.632s url=https://www.myfonts.com/products/light-italic-vitruv-poster-1188942
[2026-07-28T08:49:16Z] #137 attempt=1/2 status=200 0.987s url=https://www.myfonts.com/collections/vitruv-poster-font-rene-bieder/
[2026-07-28T08:49:17Z] #138 attempt=1/2 status=200 0.676s url=https://www.myfonts.com/products/bold-italic-neue-magnat-standard-1188935
[2026-07-28T08:49:18Z] #139 attempt=1/2 status=200 0.775s url=https://www.myfonts.com/collections/neue-magnat-standard-font-rene-bieder/
[2026-07-28T08:49:20Z] #140 attempt=1/6 status=200 1.046s url=https://www.myfonts.com/products.json?limit=100&page=8
[2026-07-28T08:49:20Z] #141 attempt=1/2 status=200 0.444s url=https://www.myfonts.com/products/regular-annotate-1188924
[2026-07-28T08:49:21Z] #142 attempt=1/2 status=200 0.398s url=https://www.myfonts.com/collections/annotate-font-ignace-de-keyser/
[2026-07-28T08:49:21Z] #143 attempt=1/2 status=200 0.321s url=https://www.myfonts.com/products/regular-hs-nibras-1188908
[2026-07-28T08:49:22Z] #144 attempt=1/2 status=200 0.308s url=https://www.myfonts.com/collections/hs-nibras-font-hiba-studio/
[2026-07-28T08:49:23Z] #145 attempt=1/2 status=200 0.441s url=https://www.myfonts.com/products/neurath-mono-complete-family-package-1186474
[2026-07-28T08:49:24Z] #146 attempt=1/2 status=200 0.581s url=https://www.myfonts.com/collections/neurath-mono-font-rene-bieder/
[2026-07-28T08:49:25Z] #147 attempt=1/2 status=200 1.172s url=https://www.myfonts.com/products/pro-extended-regular-eurostile-next-355670
[2026-07-28T08:49:28Z] #148 attempt=1/2 status=200 2.403s url=https://www.myfonts.com/collections/eurostile-next-font-linotype/
[2026-07-28T08:49:28Z] #149 attempt=1/2 status=200 0.390s url=https://www.myfonts.com/products/fty-strategycide-family-package-1188816
[2026-07-28T08:49:29Z] #150 attempt=1/2 status=200 0.376s url=https://www.myfonts.com/collections/fty-strategycide-font-the-fontry/
[2026-07-28T08:49:30Z] #151 attempt=1/2 status=200 1.068s url=https://www.myfonts.com/products/bold-extra-condensed-koldnesy-1182952
[2026-07-28T08:49:33Z] #152 attempt=1/2 status=200 2.061s url=https://www.myfonts.com/collections/koldnesy-font-bosstypestudio/
[2026-07-28T08:49:34Z] #153 attempt=1/2 status=200 0.390s url=https://www.myfonts.com/products/prink-complete-family-package-1185550
[2026-07-28T08:49:35Z] #154 attempt=1/2 status=200 0.700s url=https://www.myfonts.com/collections/prink-font-typotheticals/
[2026-07-28T08:49:35Z] #155 attempt=1/2 status=200 0.385s url=https://www.myfonts.com/products/speca-complete-family-package-1185536
[2026-07-28T08:49:36Z] #156 attempt=1/2 status=200 0.609s url=https://www.myfonts.com/collections/speca-font-vlad-b/
[2026-07-28T08:49:37Z] #157 attempt=1/2 status=200 0.509s url=https://www.myfonts.com/products/mommommy-complete-family-package-1179464
[2026-07-28T08:49:38Z] #158 attempt=1/2 status=200 0.547s url=https://www.myfonts.com/collections/mommommy-font-jipatype/
[2026-07-28T08:49:39Z] #159 attempt=1/2 status=200 0.427s url=https://www.myfonts.com/products/tipo-movin-cdmx-complete-family-package-1185225
[2026-07-28T08:49:39Z] #160 attempt=1/2 status=200 0.474s url=https://www.myfonts.com/collections/tipo-movin-cdmx-font-ixipcalli/
[2026-07-28T08:49:40Z] #161 attempt=1/2 status=200 0.504s url=https://www.myfonts.com/products/italic-package-1182030
[2026-07-28T08:49:41Z] #162 attempt=1/2 status=200 0.661s url=https://www.myfonts.com/collections/calven-font-vermilione/
[2026-07-28T08:49:42Z] #163 attempt=1/2 status=200 0.705s url=https://www.myfonts.com/products/shelf-complete-family-package-1187901
[2026-07-28T08:49:43Z] #164 attempt=1/2 status=200 0.694s url=https://www.myfonts.com/collections/shelf-font-21type/
[2026-07-28T08:49:45Z] #165 attempt=1/2 status=200 1.324s url=https://www.myfonts.com/products/soft-expanded-complete-package-1185759
[2026-07-28T08:49:47Z] #166 attempt=1/2 status=200 2.400s url=https://www.myfonts.com/collections/glagent-font-logic-type/
[2026-07-28T08:49:49Z] #167 attempt=1/2 status=200 0.348s url=https://www.myfonts.com/products/sunnydew-complete-family-package-1179602
[2026-07-28T08:49:49Z] #168 attempt=1/2 status=200 0.474s url=https://www.myfonts.com/collections/sunnydew-font-burntilldead/
[2026-07-28T08:49:50Z] #169 attempt=1/2 status=200 0.350s url=https://www.myfonts.com/products/hebrew-siddur-complete-family-package-1185108
[2026-07-28T08:49:51Z] #170 attempt=1/2 status=200 0.414s url=https://www.myfonts.com/collections/hebrew-siddur-font-samtype/
[2026-07-28T08:49:51Z] #171 attempt=1/2 status=200 0.363s url=https://www.myfonts.com/products/holy-macaroni-pro-complete-family-package-1185231
[2026-07-28T08:49:52Z] #172 attempt=1/2 status=200 0.354s url=https://www.myfonts.com/collections/holy-macaroni-pro-font-hanoded/
[2026-07-28T08:49:53Z] #173 attempt=1/2 status=200 0.446s url=https://www.myfonts.com/products/pg-squishy-drips-complete-family-package-1179558
[2026-07-28T08:49:53Z] #174 attempt=1/2 status=200 0.395s url=https://www.myfonts.com/collections/pg-squishy-drips-font-pretty-glyphs/
[2026-07-28T08:49:54Z] #175 attempt=1/2 status=200 0.467s url=https://www.myfonts.com/products/popular-solution-pro-complete-family-package-1183682
[2026-07-28T08:49:55Z] #176 attempt=1/2 status=200 0.393s url=https://www.myfonts.com/collections/popular-solution-pro-font-hanoded/
[2026-07-28T08:49:55Z] #177 attempt=1/2 status=200 0.416s url=https://www.myfonts.com/products/pastedy-complete-family-package-1185217
[2026-07-28T08:49:56Z] #178 attempt=1/2 status=200 0.369s url=https://www.myfonts.com/collections/pastedy-font-black-junst/
[2026-07-28T08:49:57Z] #179 attempt=1/2 status=200 0.383s url=https://www.myfonts.com/products/casale-del-natura-complete-family-package-1182077
[2026-07-28T08:49:57Z] #180 attempt=1/2 status=200 0.468s url=https://www.myfonts.com/collections/casale-del-natura-font-marvadesign/
[2026-07-28T08:49:58Z] #181 attempt=1/2 status=200 0.392s url=https://www.myfonts.com/products/safety-switch-pro-complete-family-package-1183629
[2026-07-28T08:49:58Z] #182 attempt=1/2 status=429 0.022s url=https://www.myfonts.com/collections/safety-switch-pro-font-hanoded/
[2026-07-28T08:50:01Z] #183 attempt=2/2 status=200 0.442s url=https://www.myfonts.com/collections/safety-switch-pro-font-hanoded/
[2026-07-28T08:50:02Z] #184 attempt=1/2 status=200 0.406s url=https://www.myfonts.com/products/slow-bar-stories-complete-family-package-1182005
[2026-07-28T08:50:02Z] #185 attempt=1/2 status=200 0.399s url=https://www.myfonts.com/collections/slow-bar-stories-font-amorfa-type/
[2026-07-28T08:50:02Z] #186 attempt=1/2 status=429 0.023s url=https://www.myfonts.com/products/naura-complete-family-package-1183404
[2026-07-28T08:50:05Z] #187 attempt=2/2 status=200 0.523s url=https://www.myfonts.com/products/naura-complete-family-package-1183404
[2026-07-28T08:50:06Z] #188 attempt=1/2 status=200 0.511s url=https://www.myfonts.com/collections/naura-font-sign-studio/
[2026-07-28T08:50:07Z] #189 attempt=1/2 status=200 0.314s url=https://www.myfonts.com/products/seville-orange-pro-complete-family-package-1183626
[2026-07-28T08:50:07Z] #190 attempt=1/2 status=200 0.344s url=https://www.myfonts.com/collections/seville-orange-pro-font-hanoded/
[2026-07-28T08:50:08Z] #191 attempt=1/2 status=200 0.434s url=https://www.myfonts.com/products/bernadete-complete-family-package-1184645
[2026-07-28T08:50:09Z] #192 attempt=1/2 status=200 0.585s url=https://www.myfonts.com/collections/bernadete-font-gravitacional/
[2026-07-28T08:50:09Z] #193 attempt=1/2 status=200 0.433s url=https://www.myfonts.com/products/regona-complete-family-package-1179514
[2026-07-28T08:50:10Z] #194 attempt=1/2 status=200 0.433s url=https://www.myfonts.com/collections/regona-font-sensatype-studio/
[2026-07-28T08:50:10Z] #195 attempt=1/2 status=429 0.025s url=https://www.myfonts.com/products/mangova-complete-family-package-1185725
[2026-07-28T08:50:13Z] #196 attempt=2/2 status=200 0.546s url=https://www.myfonts.com/products/mangova-complete-family-package-1185725
[2026-07-28T08:50:14Z] #197 attempt=1/2 status=200 0.499s url=https://www.myfonts.com/collections/mangova-font-digitype-studio/
[2026-07-28T08:50:15Z] #198 attempt=1/2 status=200 0.304s url=https://www.myfonts.com/products/tipo-metro-cdmx-complete-family-package-1185224
[2026-07-28T08:50:15Z] #199 attempt=1/2 status=200 0.358s url=https://www.myfonts.com/collections/tipo-metro-cdmx-font-ixipcalli/
[2026-07-28T08:50:16Z] #200 attempt=1/2 status=200 0.357s url=https://www.myfonts.com/products/bastick-complete-family-package-1183391
[2026-07-28T08:50:16Z] #201 attempt=1/2 status=200 0.395s url=https://www.myfonts.com/collections/bastick-font-timelesstype-studio/
[2026-07-28T08:50:17Z] #202 attempt=1/2 status=200 0.644s url=https://www.myfonts.com/products/garamond-now-complete-family-package-1187488
[2026-07-28T08:50:17Z] #203 attempt=1/2 status=429 0.022s url=https://www.myfonts.com/collections/garamond-now-font-monotype-imaging/
[2026-07-28T08:50:21Z] #204 attempt=2/2 status=200 1.227s url=https://www.myfonts.com/collections/garamond-now-font-monotype-imaging/
[2026-07-28T08:50:23Z] #205 attempt=1/2 status=200 1.427s url=https://www.myfonts.com/products/aukim-ii-strokes-complete-family-package-1182587
[2026-07-28T08:50:27Z] #206 attempt=1/2 status=500 3.497s url=https://www.myfonts.com/collections/aukim-ii-strokes-font-aukimvisuel/
[2026-07-28T08:50:27Z] #207 attempt=1/2 status=200 0.333s url=https://www.myfonts.com/products/nostalgic-condensed-complete-family-package-1185214
[2026-07-28T08:50:28Z] #208 attempt=1/2 status=200 0.388s url=https://www.myfonts.com/collections/nostalgic-condensed-font-font-liner/
[2026-07-28T08:50:28Z] #209 attempt=1/2 status=200 0.390s url=https://www.myfonts.com/products/asihano-complete-family-package-1181382
[2026-07-28T08:50:29Z] #210 attempt=1/2 status=200 0.387s url=https://www.myfonts.com/collections/asihano-font-agung-sudirman/
[2026-07-28T08:50:30Z] #211 attempt=1/2 status=200 0.371s url=https://www.myfonts.com/products/esmeralda-complete-family-package-1181923
[2026-07-28T08:50:30Z] #212 attempt=1/2 status=200 0.490s url=https://www.myfonts.com/collections/esmeralda-font-typemotion/
[2026-07-28T08:50:31Z] #213 attempt=1/2 status=200 0.316s url=https://www.myfonts.com/products/goodbye-reality-pro-complete-family-package-1185234
[2026-07-28T08:50:32Z] #214 attempt=1/2 status=200 0.457s url=https://www.myfonts.com/collections/goodbye-reality-pro-font-hanoded/
[2026-07-28T08:50:32Z] #215 attempt=1/2 status=200 0.347s url=https://www.myfonts.com/products/gazeuse-complete-family-package-1184686
[2026-07-28T08:50:33Z] #216 attempt=1/2 status=200 0.367s url=https://www.myfonts.com/collections/gazeuse-font-hanoded/
[2026-07-28T08:50:34Z] #217 attempt=1/2 status=200 0.307s url=https://www.myfonts.com/products/eight-byte-complete-family-package-1181688
[2026-07-28T08:50:34Z] #218 attempt=1/2 status=200 0.463s url=https://www.myfonts.com/collections/eight-byte-font-tini-fitriani/
[2026-07-28T08:50:35Z] #219 attempt=1/2 status=200 0.470s url=https://www.myfonts.com/products/jechro-complete-family-package-1185607
[2026-07-28T08:50:36Z] #220 attempt=1/2 status=200 0.546s url=https://www.myfonts.com/collections/jechro-font-vermilione/
[2026-07-28T08:50:36Z] #221 attempt=1/2 status=200 0.285s url=https://www.myfonts.com/products/megance-glamour-complete-family-package-1183367
[2026-07-28T08:50:37Z] #222 attempt=1/2 status=200 0.433s url=https://www.myfonts.com/collections/megance-glamour-font-timelesstype-studio/
[2026-07-28T08:50:38Z] #223 attempt=1/2 status=200 0.559s url=https://www.myfonts.com/products/insect-jar-pro-complete-family-package-1185226
[2026-07-28T08:50:38Z] #224 attempt=1/2 status=200 0.386s url=https://www.myfonts.com/collections/insect-jar-pro-font-hanoded/
[2026-07-28T08:50:39Z] #225 attempt=1/2 status=200 0.367s url=https://www.myfonts.com/products/casamira-complete-family-package-1181912
[2026-07-28T08:50:39Z] #226 attempt=1/2 status=429 0.024s url=https://www.myfonts.com/collections/casamira-font-pizzatypefaces/
[2026-07-28T08:50:42Z] #227 attempt=2/2 status=200 0.494s url=https://www.myfonts.com/collections/casamira-font-pizzatypefaces/
[2026-07-28T08:50:43Z] #228 attempt=1/2 status=200 0.330s url=https://www.myfonts.com/products/deluxe-fashion-complete-family-package-1180692
[2026-07-28T08:50:43Z] #229 attempt=1/2 status=200 0.393s url=https://www.myfonts.com/collections/deluxe-fashion-font-font-liner/
[2026-07-28T08:50:45Z] #230 attempt=1/6 status=200 1.048s url=https://www.myfonts.com/products.json?limit=100&page=9
[2026-07-28T08:50:46Z] #231 attempt=1/6 status=200 0.978s url=https://www.myfonts.com/products.json?limit=100&page=10
[2026-07-28T08:50:47Z] #232 attempt=1/2 status=200 0.321s url=https://www.myfonts.com/products/regular-algo-1179538
[2026-07-28T08:50:48Z] #233 attempt=1/2 status=200 0.411s url=https://www.myfonts.com/collections/algo-font-sensatype-studio/
[2026-07-28T08:50:48Z] #234 attempt=1/2 status=200 0.280s url=https://www.myfonts.com/products/regular-happy-jump-1183975
[2026-07-28T08:50:49Z] #235 attempt=1/2 status=200 0.322s url=https://www.myfonts.com/collections/happy-jump-font-letterstock/
[2026-07-28T08:50:49Z] #236 attempt=1/2 status=200 0.321s url=https://www.myfonts.com/products/ater-display-extralight-ater-display-variable-1183828
[2026-07-28T08:50:50Z] #237 attempt=1/2 status=200 0.354s url=https://www.myfonts.com/collections/ater-display-variable-font-blaze-type/
[2026-07-28T08:50:50Z] #238 attempt=1/6 status=429 0.021s url=https://www.myfonts.com/products.json?limit=100&page=11
[2026-07-28T08:50:54Z] #239 attempt=2/6 status=200 1.028s url=https://www.myfonts.com/products.json?limit=100&page=11
[2026-07-28T08:50:55Z] #240 attempt=1/2 status=200 0.427s url=https://www.myfonts.com/products/regular-north-stroke-1183830
[2026-07-28T08:50:55Z] #241 attempt=1/2 status=200 0.314s url=https://www.myfonts.com/collections/north-stroke-font-hipfonts/
[2026-07-28T08:50:57Z] #242 attempt=1/6 status=200 1.017s url=https://www.myfonts.com/products.json?limit=100&page=12
[2026-07-28T08:50:57Z] #243 attempt=1/2 status=200 0.330s url=https://www.myfonts.com/products/regular-rallies-1180952
[2026-07-28T08:50:58Z] #244 attempt=1/2 status=200 0.366s url=https://www.myfonts.com/collections/rallies-font-hasta-type/
[2026-07-28T08:50:59Z] #245 attempt=1/2 status=200 0.496s url=https://www.myfonts.com/products/toyland-regular-toyland-palace-1180981
[2026-07-28T08:50:59Z] #246 attempt=1/2 status=200 0.325s url=https://www.myfonts.com/collections/toyland-palace-font-hipfonts/
[2026-07-28T08:51:00Z] #247 attempt=1/2 status=200 0.305s url=https://www.myfonts.com/products/regular-orynko-1182008
[2026-07-28T08:51:00Z] #248 attempt=1/2 status=429 0.025s url=https://www.myfonts.com/collections/orynko-font-morisco-studio/
[2026-07-28T08:51:03Z] #249 attempt=2/2 status=200 0.416s url=https://www.myfonts.com/collections/orynko-font-morisco-studio/
[2026-07-28T08:51:03Z] #250 attempt=1/2 status=200 0.395s url=https://www.myfonts.com/products/regular-deeply-rusted-1185220
[2026-07-28T08:51:04Z] #251 attempt=1/2 status=200 0.371s url=https://www.myfonts.com/collections/deeply-rusted-font-gleb-guralnyk/
[2026-07-28T08:51:06Z] #252 attempt=1/6 status=200 1.082s url=https://www.myfonts.com/products.json?limit=100&page=13
[2026-07-28T08:51:07Z] #253 attempt=1/6 status=200 0.934s url=https://www.myfonts.com/products.json?limit=100&page=14
[2026-07-28T08:51:08Z] #254 attempt=1/2 status=200 0.312s url=https://www.myfonts.com/products/regular-apex-riot-1185757
[2026-07-28T08:51:08Z] #255 attempt=1/2 status=200 0.406s url=https://www.myfonts.com/collections/apex-riot-font-pictranoosa/
[2026-07-28T08:51:09Z] #256 attempt=1/2 status=200 0.295s url=https://www.myfonts.com/products/regular-sorivela-1183834
[2026-07-28T08:51:09Z] #257 attempt=1/2 status=200 0.316s url=https://www.myfonts.com/collections/sorivela-font-donyadesign/
[2026-07-28T08:51:10Z] #258 attempt=1/2 status=200 0.346s url=https://www.myfonts.com/products/regular-morbid-spire-1185547
[2026-07-28T08:51:10Z] #259 attempt=1/2 status=429 0.025s url=https://www.myfonts.com/collections/morbid-spire-font-sipanji21/
[2026-07-28T08:51:13Z] #260 attempt=2/2 status=200 0.387s url=https://www.myfonts.com/collections/morbid-spire-font-sipanji21/
[2026-07-28T08:51:15Z] #261 attempt=1/6 status=200 1.222s url=https://www.myfonts.com/products.json?limit=100&page=15
[2026-07-28T08:51:16Z] #262 attempt=1/6 status=200 1.023s url=https://www.myfonts.com/products.json?limit=100&page=16
[2026-07-28T08:51:17Z] #263 attempt=1/2 status=200 0.348s url=https://www.myfonts.com/products/regular-lumiflora-1185223
[2026-07-28T08:51:18Z] #264 attempt=1/2 status=200 0.663s url=https://www.myfonts.com/collections/lumiflora-font-claymoon-lab-studio/
[2026-07-28T08:51:18Z] #265 attempt=1/2 status=200 0.301s url=https://www.myfonts.com/products/regular-sharapova-1184172
[2026-07-28T08:51:19Z] #266 attempt=1/2 status=200 0.293s url=https://www.myfonts.com/collections/sharapova-font-gatype/
[2026-07-28T08:51:19Z] #267 attempt=1/2 status=200 0.301s url=https://www.myfonts.com/products/regular-the-memories-1182009
[2026-07-28T08:51:20Z] #268 attempt=1/2 status=200 0.341s url=https://www.myfonts.com/collections/the-memories-font-imoodev/
[2026-07-28T08:51:20Z] #269 attempt=1/2 status=200 0.297s url=https://www.myfonts.com/products/regular-soltina-1180959
[2026-07-28T08:51:21Z] #270 attempt=1/2 status=200 0.493s url=https://www.myfonts.com/collections/soltina-font-jaruka-creative/
[2026-07-28T08:51:23Z] #271 attempt=1/6 status=200 0.938s url=https://www.myfonts.com/products.json?limit=100&page=17
[2026-07-28T08:51:23Z] #272 attempt=1/2 status=200 0.723s url=https://www.myfonts.com/products/regular-meltypie-1185237
[2026-07-28T08:51:24Z] #273 attempt=1/2 status=200 0.464s url=https://www.myfonts.com/collections/meltypie-font-agny-hasya-studio/
[2026-07-28T08:51:25Z] #274 attempt=1/2 status=429 0.021s url=https://www.myfonts.com/products/regular-saneco-1182049
[2026-07-28T08:51:27Z] #275 attempt=2/2 status=200 0.414s url=https://www.myfonts.com/products/regular-saneco-1182049
[2026-07-28T08:51:28Z] #276 attempt=1/2 status=200 0.335s url=https://www.myfonts.com/collections/saneco-font-jolicia-type/
[2026-07-28T08:51:29Z] #277 attempt=1/2 status=200 1.178s url=https://www.myfonts.com/products/black-semi-expanded-italic-abigen-1184432
[2026-07-28T08:51:31Z] #278 attempt=1/2 status=200 2.056s url=https://www.myfonts.com/collections/abigen-font-kaidosan/
[2026-07-28T08:51:33Z] #279 attempt=1/2 status=200 1.051s url=https://www.myfonts.com/products/soft-extra-light-expanded-slanted-st-giuliano-slab-1183566
[2026-07-28T08:51:35Z] #280 attempt=1/2 status=200 2.251s url=https://www.myfonts.com/collections/st-giuliano-slab-font-skinny-type/
[2026-07-28T08:51:37Z] #281 attempt=1/2 status=200 0.787s url=https://www.myfonts.com/products/light-semi-condensed-slanted-rogline-1183894
[2026-07-28T08:51:39Z] #282 attempt=1/2 status=200 1.428s url=https://www.myfonts.com/collections/rogline-font-calms-type-foundry/
[2026-07-28T08:51:40Z] #283 attempt=1/2 status=200 0.984s url=https://www.myfonts.com/products/soft-thin-semi-expanded-italic-norche-1184096
[2026-07-28T08:51:42Z] #284 attempt=1/2 status=200 1.758s url=https://www.myfonts.com/collections/norche-font-dora-typefoundry/
[2026-07-28T08:51:44Z] #285 attempt=1/2 status=200 1.170s url=https://www.myfonts.com/products/extra-light-extra-expanded-galmiten-semi-serif-1183335
[2026-07-28T08:51:47Z] #286 attempt=1/2 status=200 2.412s url=https://www.myfonts.com/collections/galmiten-semi-serif-font-logic-type/
[2026-07-28T08:51:48Z] #287 attempt=1/2 status=200 0.557s url=https://www.myfonts.com/products/semi-condensed-marselind-1185117
[2026-07-28T08:51:50Z] #288 attempt=1/2 status=200 1.421s url=https://www.myfonts.com/collections/marselind-font-josstype/
[2026-07-28T08:51:51Z] #289 attempt=1/2 status=200 1.225s url=https://www.myfonts.com/products/extrabold-condensed-humbles-soft-1184211
[2026-07-28T08:51:54Z] #290 attempt=1/2 status=200 2.217s url=https://www.myfonts.com/collections/humbles-soft-font-propertype/
[2026-07-28T08:51:56Z] #291 attempt=1/2 status=200 1.370s url=https://www.myfonts.com/products/audie-soft-cntr-condensed-italic-audie-serif-1184764
[2026-07-28T08:51:57Z] #292 attempt=1/2 status=200 1.106s url=https://www.myfonts.com/collections/audie-serif-font-gian-studio/
[2026-07-28T08:51:59Z] #293 attempt=1/2 status=200 1.034s url=https://www.myfonts.com/products/soft-cntr-semiexpanded-italic-calera-1184869
[2026-07-28T08:52:00Z] #294 attempt=1/2 status=200 1.001s url=https://www.myfonts.com/collections/calera-font-gian-studio/
[2026-07-28T08:52:01Z] #295 attempt=1/2 status=200 0.779s url=https://www.myfonts.com/products/outline2x-stroke-astenic-stencil-1182880
[2026-07-28T08:52:02Z] #296 attempt=1/2 status=200 0.457s url=https://www.myfonts.com/collections/astenic-stencil-font-anzone-glyph/
[2026-07-28T08:52:04Z] #297 attempt=1/2 status=200 1.502s url=https://www.myfonts.com/products/cntr-ultraexpanded-italic-distraction-1185348
[2026-07-28T08:52:05Z] #298 attempt=1/2 status=200 1.589s url=https://www.myfonts.com/collections/distraction-font-gian-studio/
[2026-07-28T08:52:06Z] #299 attempt=1/2 status=200 0.497s url=https://www.myfonts.com/products/black-fille-de-joie-1183619
[2026-07-28T08:52:07Z] #300 attempt=1/2 status=200 0.364s url=https://www.myfonts.com/collections/fille-de-joie-font-tension-type/
[2026-07-28T08:52:08Z] #301 attempt=1/2 status=200 0.799s url=https://www.myfonts.com/products/condensed-slant-nakumita-1184968
[2026-07-28T08:52:10Z] #302 attempt=1/2 status=200 1.348s url=https://www.myfonts.com/collections/nakumita-font-josstype/
[2026-07-28T08:52:10Z] #303 attempt=1/2 status=200 0.375s url=https://www.myfonts.com/products/medium-autentica-serif-1182517
[2026-07-28T08:52:11Z] #304 attempt=1/2 status=200 0.479s url=https://www.myfonts.com/collections/autentica-serif-font-sofiamohr/
[2026-07-28T08:52:12Z] #305 attempt=1/2 status=200 0.924s url=https://www.myfonts.com/products/grade-expanded-beona-display-1185185
[2026-07-28T08:52:14Z] #306 attempt=1/2 status=200 1.191s url=https://www.myfonts.com/collections/beona-display-font-josstype/
[2026-07-28T08:52:15Z] #307 attempt=1/2 status=200 0.728s url=https://www.myfonts.com/products/serif-expanded-slant-caster-1185404
[2026-07-28T08:52:16Z] #308 attempt=1/2 status=200 1.045s url=https://www.myfonts.com/collections/caster-font-gian-studio/
[2026-07-28T08:52:17Z] #309 attempt=1/2 status=200 0.833s url=https://www.myfonts.com/products/regular-guirnalda-1183820
[2026-07-28T08:52:18Z] #310 attempt=1/2 status=200 0.811s url=https://www.myfonts.com/collections/guirnalda-font-blaze-type/
[2026-07-28T08:52:20Z] #311 attempt=1/2 status=200 1.337s url=https://www.myfonts.com/products/soft-regular-bassidle-1185079
[2026-07-28T08:52:22Z] #312 attempt=1/2 status=200 1.598s url=https://www.myfonts.com/collections/bassidle-font-josstype/
[2026-07-28T08:52:23Z] #313 attempt=1/2 status=200 0.430s url=https://www.myfonts.com/products/extrabold-massilia-jp-1184609
[2026-07-28T08:52:23Z] #314 attempt=1/2 status=200 0.524s url=https://www.myfonts.com/collections/massilia-jp-font-blaze-type/
[2026-07-28T08:52:24Z] #315 attempt=1/2 status=200 0.691s url=https://www.myfonts.com/products/soft-cntr-expanded-breston-1184825
[2026-07-28T08:52:26Z] #316 attempt=1/2 status=200 1.367s url=https://www.myfonts.com/collections/breston-font-gian-studio/
[2026-07-28T08:52:28Z] #317 attempt=1/6 status=200 0.985s url=https://www.myfonts.com/products.json?limit=100&page=18
[2026-07-28T08:52:29Z] #318 attempt=1/2 status=200 0.600s url=https://www.myfonts.com/products/narrow-bold-italic-din-2014-1183660
[2026-07-28T08:52:30Z] #319 attempt=1/2 status=200 1.166s url=https://www.myfonts.com/collections/din-2014-font-paratype/
[2026-07-28T08:52:31Z] #320 attempt=1/2 status=200 0.339s url=https://www.myfonts.com/products/the-daily-midtones-complete-family-package-1180015
[2026-07-28T08:52:32Z] #321 attempt=1/2 status=200 0.722s url=https://www.myfonts.com/collections/the-daily-midtones-font-amorfa-type/
[2026-07-28T08:52:32Z] #322 attempt=1/2 status=503 0.050s url=https://www.myfonts.com/products/cornville-complete-family-package-1182054
[2026-07-28T08:52:32Z] retryable_503 attempt=1/2 waiting=2s
[2026-07-28T08:52:35Z] #323 attempt=2/2 status=200 0.957s url=https://www.myfonts.com/products/cornville-complete-family-package-1182054
[2026-07-28T08:52:35Z] #324 attempt=1/2 status=503 0.052s url=https://www.myfonts.com/collections/cornville-font-hipfonts/
[2026-07-28T08:52:35Z] retryable_503 attempt=1/2 waiting=2s
[2026-07-28T08:52:38Z] #325 attempt=2/2 status=200 0.580s url=https://www.myfonts.com/collections/cornville-font-hipfonts/
[2026-07-28T08:52:39Z] #326 attempt=1/2 status=200 0.911s url=https://www.myfonts.com/products/finco-complete-family-package-1180976
[2026-07-28T08:52:40Z] #327 attempt=1/2 status=200 0.432s url=https://www.myfonts.com/collections/finco-font-vuuuds/
[2026-07-28T08:52:41Z] #328 attempt=1/2 status=200 0.480s url=https://www.myfonts.com/products/italic-package-1180678
[2026-07-28T08:52:42Z] #329 attempt=1/2 status=200 0.849s url=https://www.myfonts.com/collections/the-rosemide-font-skinny-type/
[2026-07-28T08:52:43Z] #330 attempt=1/2 status=200 0.298s url=https://www.myfonts.com/products/fardiale-complete-family-package-1183835
[2026-07-28T08:52:43Z] #331 attempt=1/2 status=200 0.349s url=https://www.myfonts.com/collections/fardiale-font-tini-fitriani/
[2026-07-28T08:52:45Z] #332 attempt=1/2 status=200 1.808s url=https://www.myfonts.com/products/semi-expanded-slanted-rathing-1182219
[2026-07-28T08:52:49Z] #333 attempt=1/2 status=500 3.193s url=https://www.myfonts.com/collections/rathing-font-propertype/
[2026-07-28T08:52:49Z] #334 attempt=1/2 status=404 0.205s url=https://www.myfonts.com/collections/semi-expanded-slanted-rathing-1182219-font-propertype
[2026-07-28T08:52:50Z] #335 attempt=1/2 status=200 1.107s url=https://www.myfonts.com/products/ext-lig-sm-exp-slant-galmiten-1180835
[2026-07-28T08:52:54Z] #336 attempt=1/2 status=500 3.240s url=https://www.myfonts.com/collections/galmiten-font-logic-type/
[2026-07-28T08:52:54Z] #337 attempt=1/2 status=404 0.215s url=https://www.myfonts.com/collections/ext-lig-sm-exp-slant-galmiten-1180835-font-im-studio
[2026-07-28T08:52:55Z] #338 attempt=1/2 status=200 1.041s url=https://www.myfonts.com/products/semi-condensed-ginfitanle-1185457
[2026-07-28T08:52:57Z] #339 attempt=1/2 status=200 1.073s url=https://www.myfonts.com/collections/ginfitanle-font-gian-studio/
[2026-07-28T08:52:58Z] #340 attempt=1/2 status=200 0.784s url=https://www.myfonts.com/products/expanded-deeply-rooted-1182087
[2026-07-28T08:52:59Z] #341 attempt=1/2 status=200 0.453s url=https://www.myfonts.com/collections/deeply-rooted-font-gleb-guralnyk/
[2026-07-28T08:53:00Z] #342 attempt=1/2 status=200 1.031s url=https://www.myfonts.com/products/sizek-p-st-nrm-regular-italic-sizek-p-stencil-1181896
[2026-07-28T08:53:00Z] #343 attempt=1/2 status=503 0.050s url=https://www.myfonts.com/collections/sizek-p-stencil-font-blaze-type/
[2026-07-28T08:53:00Z] retryable_503 attempt=1/2 waiting=2s
[2026-07-28T08:53:05Z] #344 attempt=2/2 status=200 2.720s url=https://www.myfonts.com/collections/sizek-p-stencil-font-blaze-type/
[2026-07-28T08:53:06Z] #345 attempt=1/2 status=200 0.369s url=https://www.myfonts.com/products/condensed-regular-moras-1183965
[2026-07-28T08:53:08Z] #346 attempt=1/2 status=200 1.025s url=https://www.myfonts.com/collections/moras-font-deorde-studio/
[2026-07-28T08:53:08Z] #347 attempt=1/2 status=200 0.677s url=https://www.myfonts.com/products/semi-expanded-slant-storia-lettering-1181281
[2026-07-28T08:53:10Z] #348 attempt=1/2 status=200 0.797s url=https://www.myfonts.com/collections/storia-lettering-font-gatype/
[2026-07-28T08:53:11Z] #349 attempt=1/2 status=200 0.681s url=https://www.myfonts.com/products/justin-brown-sans-soft-regular-justin-brown-monoline-1180192
[2026-07-28T08:53:12Z] #350 attempt=1/2 status=200 0.997s url=https://www.myfonts.com/collections/justin-brown-monoline-font-gatype/
[2026-07-28T08:53:13Z] #351 attempt=1/2 status=200 0.530s url=https://www.myfonts.com/products/soft-expanded-slant-sanggar-1181219
[2026-07-28T08:53:14Z] #352 attempt=1/2 status=200 0.834s url=https://www.myfonts.com/collections/sanggar-font-gatype/
[2026-07-28T08:53:15Z] #353 attempt=1/2 status=200 0.630s url=https://www.myfonts.com/products/soft-semi-condensed-slant-starsight-1181251
[2026-07-28T08:53:16Z] #354 attempt=1/2 status=200 0.942s url=https://www.myfonts.com/collections/starsight-font-gatype/
[2026-07-28T08:53:17Z] #355 attempt=1/2 status=200 1.077s url=https://www.myfonts.com/products/medium-milgram-1184948
[2026-07-28T08:53:18Z] #356 attempt=1/2 status=200 0.733s url=https://www.myfonts.com/collections/milgram-font-signal/
[2026-07-28T08:53:19Z] #357 attempt=1/2 status=200 0.798s url=https://www.myfonts.com/products/expanded-nesti-sweet-1181023
[2026-07-28T08:53:20Z] #358 attempt=1/2 status=200 0.724s url=https://www.myfonts.com/collections/nesti-sweet-font-gatype/
[2026-07-28T08:53:21Z] #359 attempt=1/2 status=200 0.405s url=https://www.myfonts.com/products/normal-playful-friend-bestie-1180971
[2026-07-28T08:53:22Z] #360 attempt=1/2 status=200 1.019s url=https://www.myfonts.com/collections/friend-bestie-font-collectype/
[2026-07-28T08:53:24Z] #361 attempt=1/2 status=200 1.251s url=https://www.myfonts.com/products/soft-semi-expanded-monten-1180462
[2026-07-28T08:53:25Z] #362 attempt=1/2 status=200 0.942s url=https://www.myfonts.com/collections/monten-font-gatype/
[2026-07-28T08:53:26Z] #363 attempt=1/2 status=200 0.409s url=https://www.myfonts.com/products/light-italic-worgant-1182035
[2026-07-28T08:53:27Z] #364 attempt=1/2 status=200 1.093s url=https://www.myfonts.com/collections/worgant-font-font-liner/
[2026-07-28T08:53:29Z] #365 attempt=1/2 status=200 1.425s url=https://www.myfonts.com/products/bold-expanded-slant-kontes-compressed-1180275
[2026-07-28T08:53:29Z] #366 attempt=1/2 status=200 0.490s url=https://www.myfonts.com/collections/kontes-compressed-font-gatype/
[2026-07-28T08:53:30Z] #367 attempt=1/2 status=503 0.052s url=https://www.myfonts.com/products/italic-gastilo-1180482
[2026-07-28T08:53:30Z] retryable_503 attempt=1/2 waiting=2s
[2026-07-28T08:53:32Z] #368 attempt=2/2 status=200 0.312s url=https://www.myfonts.com/products/italic-gastilo-1180482
[2026-07-28T08:53:33Z] #369 attempt=1/2 status=200 0.386s url=https://www.myfonts.com/collections/gastilo-font-vermilione/
[2026-07-28T08:53:36Z] #370 attempt=1/2 status=200 2.385s url=https://www.myfonts.com/products/extra-bold-expanded-kulutu-1181666
[2026-07-28T08:53:38Z] #371 attempt=1/2 status=200 1.904s url=https://www.myfonts.com/collections/kulutu-font-aukimvisuel/
[2026-07-28T08:53:39Z] #372 attempt=1/2 status=200 0.477s url=https://www.myfonts.com/products/lacoste-foliage-soft-semi-expanded-lacoste-foliage-1180311
[2026-07-28T08:53:40Z] #373 attempt=1/2 status=200 0.629s url=https://www.myfonts.com/collections/lacoste-foliage-font-gatype/
[2026-07-28T08:53:41Z] #374 attempt=1/2 status=200 0.495s url=https://www.myfonts.com/products/semi-expanded-slant-mangoli-1180354
[2026-07-28T08:53:42Z] #375 attempt=1/2 status=200 1.266s url=https://www.myfonts.com/collections/mangoli-font-gatype/
[2026-07-28T08:53:43Z] #376 attempt=1/2 status=200 0.456s url=https://www.myfonts.com/products/ultralight-jhc-chiona-1181986
[2026-07-28T08:53:44Z] #377 attempt=1/2 status=200 0.633s url=https://www.myfonts.com/collections/jhc-chiona-font-jehoo-creative/
[2026-07-28T08:53:45Z] #378 attempt=1/2 status=200 0.532s url=https://www.myfonts.com/products/expanded-milk-and-honey-1180392
[2026-07-28T08:53:46Z] #379 attempt=1/2 status=200 0.862s url=https://www.myfonts.com/collections/milk-and-honey-font-gatype/
[2026-07-28T08:53:47Z] #380 attempt=1/6 status=200 0.870s url=https://www.myfonts.com/products.json?limit=100&page=19
[2026-07-28T08:53:48Z] #381 attempt=1/2 status=200 0.471s url=https://www.myfonts.com/products/semi-condensed-konecya-1180244
[2026-07-28T08:53:49Z] #382 attempt=1/2 status=200 0.627s url=https://www.myfonts.com/collections/konecya-font-gatype/
[2026-07-28T08:53:50Z] #383 attempt=1/2 status=200 0.586s url=https://www.myfonts.com/products/soft-regular-mini-honysa-1180409
[2026-07-28T08:53:51Z] #384 attempt=1/2 status=200 1.056s url=https://www.myfonts.com/collections/mini-honysa-font-gatype/
[2026-07-28T08:53:52Z] #385 attempt=1/2 status=200 0.596s url=https://www.myfonts.com/products/extralight-gluaymai-1181388
[2026-07-28T08:53:53Z] #386 attempt=1/2 status=200 0.734s url=https://www.myfonts.com/collections/gluaymai-font-jipatype/
[2026-07-28T08:53:53Z] #387 attempt=1/2 status=503 0.049s url=https://www.myfonts.com/products/soft-condensed-vainest-1181351
[2026-07-28T08:53:53Z] retryable_503 attempt=1/2 waiting=2s
[2026-07-28T08:53:56Z] #388 attempt=2/2 status=503 0.049s url=https://www.myfonts.com/products/soft-condensed-vainest-1181351
[2026-07-28T08:53:56Z] retryable_503 attempt=2/2 waiting=2s
[2026-07-28T08:53:58Z] max_retries_exhausted url=https://www.myfonts.com/products/soft-condensed-vainest-1181351
[2026-07-28T08:53:58Z] #389 attempt=1/2 status=404 0.230s url=https://www.myfonts.com/collections/soft-condensed-vainest-1181351-font-gatype
[2026-07-28T08:53:59Z] #390 attempt=1/2 status=200 0.997s url=https://www.myfonts.com/products/semi-expanded-love-casual-1180337
[2026-07-28T08:54:00Z] #391 attempt=1/2 status=200 0.898s url=https://www.myfonts.com/collections/love-casual-font-gatype/
[2026-07-28T08:54:01Z] #392 attempt=1/2 status=200 0.591s url=https://www.myfonts.com/products/soft-semi-condensed-morgini-1180988
[2026-07-28T08:54:03Z] #393 attempt=1/2 status=200 1.064s url=https://www.myfonts.com/collections/morgini-font-gatype/
[2026-07-28T08:54:04Z] #394 attempt=1/2 status=200 0.699s url=https://www.myfonts.com/products/black-chabrier-1182072
[2026-07-28T08:54:05Z] #395 attempt=1/2 status=200 1.049s url=https://www.myfonts.com/collections/chabrier-font-hoftype/
[2026-07-28T08:54:06Z] #396 attempt=1/2 status=200 1.315s url=https://www.myfonts.com/products/nixed-soft-semi-condensed-slant-nixed-1181026
[2026-07-28T08:54:08Z] #397 attempt=1/2 status=200 1.088s url=https://www.myfonts.com/collections/nixed-font-gatype/
[2026-07-28T08:54:09Z] #398 attempt=1/2 status=200 0.643s url=https://www.myfonts.com/products/soft-condensed-slant-rengita-1181122
[2026-07-28T08:54:09Z] #399 attempt=1/2 status=503 0.057s url=https://www.myfonts.com/collections/rengita-font-gatype/
[2026-07-28T08:54:09Z] retryable_503 attempt=1/2 waiting=2s
[2026-07-28T08:54:11Z] #400 attempt=2/2 status=503 0.053s url=https://www.myfonts.com/collections/rengita-font-gatype/
[2026-07-28T08:54:11Z] retryable_503 attempt=2/2 waiting=2s
[2026-07-28T08:54:13Z] max_retries_exhausted url=https://www.myfonts.com/collections/rengita-font-gatype/
[2026-07-28T08:54:14Z] #401 attempt=1/2 status=404 0.201s url=https://www.myfonts.com/collections/soft-condensed-slant-rengita-1181122-font-gatype
[2026-07-28T08:54:15Z] #402 attempt=1/2 status=200 1.037s url=https://www.myfonts.com/products/condensed-slant-kurato-1180294
[2026-07-28T08:54:16Z] #403 attempt=1/2 status=200 0.803s url=https://www.myfonts.com/collections/kurato-font-gatype/
[2026-07-28T08:54:17Z] #404 attempt=1/2 status=200 0.632s url=https://www.myfonts.com/products/soft-condensed-slant-sakamoto-1181139
[2026-07-28T08:54:17Z] #405 attempt=1/2 status=503 0.050s url=https://www.myfonts.com/collections/sakamoto-font-gatype/
[2026-07-28T08:54:17Z] retryable_503 attempt=1/2 waiting=2s
[2026-07-28T08:54:19Z] #406 attempt=2/2 status=503 0.049s url=https://www.myfonts.com/collections/sakamoto-font-gatype/
[2026-07-28T08:54:19Z] retryable_503 attempt=2/2 waiting=2s
[2026-07-28T08:54:21Z] max_retries_exhausted url=https://www.myfonts.com/collections/sakamoto-font-gatype/
[2026-07-28T08:54:22Z] #407 attempt=1/2 status=503 0.057s url=https://www.myfonts.com/collections/soft-condensed-slant-sakamoto-1181139-font-gatype
[2026-07-28T08:54:22Z] retryable_503 attempt=1/2 waiting=2s
[2026-07-28T08:54:24Z] #408 attempt=2/2 status=404 0.215s url=https://www.myfonts.com/collections/soft-condensed-slant-sakamoto-1181139-font-gatype
[2026-07-28T08:54:26Z] #409 attempt=1/6 status=200 1.184s url=https://www.myfonts.com/products.json?limit=100&page=20
[2026-07-28T08:54:26Z] #410 attempt=1/2 status=200 0.331s url=https://www.myfonts.com/products/inline-qira-1185767
[2026-07-28T08:54:27Z] #411 attempt=1/2 status=200 0.768s url=https://www.myfonts.com/collections/qira-font-qira/
[2026-07-28T08:54:29Z] #412 attempt=1/2 status=200 1.358s url=https://www.myfonts.com/products/semiexpanded-italic-authors-special-1181969
[2026-07-28T08:54:30Z] #413 attempt=1/2 status=200 0.867s url=https://www.myfonts.com/collections/authors-special-font-positive-type/
[2026-07-28T08:54:31Z] #414 attempt=1/2 status=200 0.577s url=https://www.myfonts.com/products/w03-tsanger-fwjt-1182558
[2026-07-28T08:54:32Z] #415 attempt=1/2 status=200 1.201s url=https://www.myfonts.com/collections/tsanger-fwjt-font-tsanger/
[2026-07-28T08:54:33Z] #416 attempt=1/2 status=200 0.489s url=https://www.myfonts.com/collections/tsanger-fwjt-font-tsanger/
[2026-07-28T08:54:34Z] #417 attempt=1/2 status=200 0.703s url=https://www.myfonts.com/products/italic-milwaukee-boogie-1183608
[2026-07-28T08:54:34Z] #418 attempt=1/2 status=503 0.053s url=https://www.myfonts.com/collections/milwaukee-boogie-font-visualizeunited-fonts/
[2026-07-28T08:54:34Z] retryable_503 attempt=1/2 waiting=2s
[2026-07-28T08:54:37Z] #419 attempt=2/2 status=200 0.698s url=https://www.myfonts.com/collections/milwaukee-boogie-font-visualizeunited-fonts/
[2026-07-28T08:54:38Z] #420 attempt=1/2 status=200 0.415s url=https://www.myfonts.com/products/bold-blacklady-1182865
[2026-07-28T08:54:39Z] #421 attempt=1/2 status=200 0.396s url=https://www.myfonts.com/collections/blacklady-font-great-studio/
[2026-07-28T08:54:39Z] #422 attempt=1/2 status=503 0.048s url=https://www.myfonts.com/products/semi-expanded-slant-italic-wiliam-grobal-1181379
[2026-07-28T08:54:39Z] retryable_503 attempt=1/2 waiting=2s
[2026-07-28T08:54:42Z] #423 attempt=2/2 status=200 0.472s url=https://www.myfonts.com/products/semi-expanded-slant-italic-wiliam-grobal-1181379
[2026-07-28T08:54:43Z] #424 attempt=1/2 status=200 0.623s url=https://www.myfonts.com/collections/wiliam-grobal-font-gatype/
[2026-07-28T08:54:43Z] #425 attempt=1/2 status=200 0.562s url=https://www.myfonts.com/products/slant-walison-1181174
[2026-07-28T08:54:45Z] #426 attempt=1/2 status=200 1.044s url=https://www.myfonts.com/collections/walison-font-gatype/
[2026-07-28T08:54:46Z] #427 attempt=1/2 status=200 0.497s url=https://www.myfonts.com/products/expanded-orange-glos-1181076
[2026-07-28T08:54:47Z] #428 attempt=1/2 status=200 0.768s url=https://www.myfonts.com/collections/orange-glos-font-gatype/
[2026-07-28T08:54:47Z] #429 attempt=1/2 status=200 0.571s url=https://www.myfonts.com/products/soft-semi-condensed-slant-notelia-1181050
[2026-07-28T08:54:48Z] #430 attempt=1/2 status=200 0.632s url=https://www.myfonts.com/collections/notelia-font-gatype/
[2026-07-28T08:54:49Z] #431 attempt=1/2 status=200 0.706s url=https://www.myfonts.com/products/soft-semi-condensed-origamet-hamida-1181093
[2026-07-28T08:54:50Z] #432 attempt=1/2 status=200 0.762s url=https://www.myfonts.com/collections/origamet-hamida-font-gatype/
[2026-07-28T08:54:51Z] #433 attempt=1/2 status=200 0.634s url=https://www.myfonts.com/products/soft-condensed-slant-migoes-1180364
[2026-07-28T08:54:52Z] #434 attempt=1/2 status=200 0.691s url=https://www.myfonts.com/collections/migoes-font-gatype/
[2026-07-28T08:54:55Z] #435 attempt=1/6 status=200 1.937s url=https://www.myfonts.com/products.json?limit=100&page=21
[2026-07-28T08:54:56Z] #436 attempt=1/2 status=200 1.086s url=https://www.myfonts.com/products/soft-semi-expanded-montalica-1180445
[2026-07-28T08:54:57Z] #437 attempt=1/2 status=200 0.884s url=https://www.myfonts.com/collections/montalica-font-gatype/
[2026-07-28T08:54:58Z] #438 attempt=1/2 status=503 0.053s url=https://www.myfonts.com/products/italic-zavera-1180651
[2026-07-28T08:54:58Z] retryable_503 attempt=1/2 waiting=2s
[2026-07-28T08:55:00Z] #439 attempt=2/2 status=200 0.299s url=https://www.myfonts.com/products/italic-zavera-1180651
[2026-07-28T08:55:01Z] #440 attempt=1/2 status=200 1.054s url=https://www.myfonts.com/collections/zavera-font-font-liner/
[2026-07-28T08:55:02Z] #441 attempt=1/2 status=200 0.297s url=https://www.myfonts.com/products/italic-rainhalf-1181687
[2026-07-28T08:55:03Z] #442 attempt=1/2 status=200 0.495s url=https://www.myfonts.com/collections/rainhalf-font-arterfak-project/
[2026-07-28T08:55:03Z] #443 attempt=1/2 status=200 0.380s url=https://www.myfonts.com/products/satari-soft-regular-satari-display-1181243
[2026-07-28T08:55:04Z] #444 attempt=1/2 status=200 0.421s url=https://www.myfonts.com/collections/satari-display-font-gatype/
[2026-07-28T08:55:04Z] #445 attempt=1/2 status=503 0.047s url=https://www.myfonts.com/products/grade-sf-semiexpanded-italic-andeas-1181184
[2026-07-28T08:55:04Z] retryable_503 attempt=1/2 waiting=2s
[2026-07-28T08:55:07Z] #446 attempt=2/2 status=200 0.845s url=https://www.myfonts.com/products/grade-sf-semiexpanded-italic-andeas-1181184
[2026-07-28T08:55:09Z] #447 attempt=1/2 status=200 1.139s url=https://www.myfonts.com/collections/andeas-font-gatype/
[2026-07-28T08:55:10Z] #448 attempt=1/6 status=200 0.787s url=https://www.myfonts.com/products.json?limit=100&page=22
[2026-07-28T08:55:11Z] #449 attempt=1/2 status=200 0.507s url=https://www.myfonts.com/products/serif-prime-academy-1183839
[2026-07-28T08:55:12Z] #450 attempt=1/2 status=200 0.443s url=https://www.myfonts.com/collections/prime-academy-font-sarid-ezra/
[2026-07-28T08:55:12Z] #451 attempt=1/2 status=200 0.463s url=https://www.myfonts.com/products/soft-slant-remaid-typeface-1181112
[2026-07-28T08:55:14Z] #452 attempt=1/2 status=200 0.958s url=https://www.myfonts.com/collections/remaid-typeface-font-gatype/
[2026-07-28T08:55:14Z] #453 attempt=1/2 status=200 0.612s url=https://www.myfonts.com/products/soft-semi-expanded-sweet-hearts-1180173
[2026-07-28T08:55:15Z] #454 attempt=1/2 status=200 0.851s url=https://www.myfonts.com/collections/sweet-hearts-font-gatype/
[2026-07-28T08:55:16Z] #455 attempt=1/2 status=200 0.365s url=https://www.myfonts.com/products/smelly-taxi-pro-complete-family-package-1183621
[2026-07-28T08:55:17Z] #456 attempt=1/2 status=200 0.548s url=https://www.myfonts.com/collections/smelly-taxi-pro-font-hanoded/
[2026-07-28T08:55:18Z] #457 attempt=1/2 status=200 0.709s url=https://www.myfonts.com/products/semi-expanded-slant-italic-hilsfiger-1179934
[2026-07-28T08:55:20Z] #458 attempt=1/2 status=200 1.495s url=https://www.myfonts.com/collections/hilsfiger-font-gatype/
[2026-07-28T08:55:21Z] #459 attempt=1/6 status=200 0.961s url=https://www.myfonts.com/products.json?limit=100&page=23
[2026-07-28T08:55:22Z] #460 attempt=1/2 status=200 0.688s url=https://www.myfonts.com/products/alternates-italic-motorsport-1179764
[2026-07-28T08:55:23Z] #461 attempt=1/2 status=200 0.593s url=https://www.myfonts.com/collections/motorsport-font-mevstory-studio/
[2026-07-28T08:55:26Z] #462 attempt=1/2 status=200 2.787s url=https://www.myfonts.com/products/soft-semi-bold-semi-condensed-italic-eunabil-1179287
[2026-07-28T08:55:29Z] #463 attempt=1/2 status=500 3.081s url=https://www.myfonts.com/collections/eunabil-font-fontdroe/
[2026-07-28T08:55:30Z] #464 attempt=1/2 status=404 0.504s url=https://www.myfonts.com/collections/soft-semi-bold-semi-condensed-italic-eunabil-1179287-font-fontdroe
[2026-07-28T08:55:31Z] #465 attempt=1/2 status=200 0.812s url=https://www.myfonts.com/products/soft-expanded-hello-bosnia-serif-1179746
[2026-07-28T08:55:33Z] #466 attempt=1/2 status=200 1.234s url=https://www.myfonts.com/collections/hello-bosnia-serif-font-gatype/
[2026-07-28T08:55:33Z] #467 attempt=1/2 status=503 0.050s url=https://www.myfonts.com/products/semi-condensed-glories-1179710
[2026-07-28T08:55:33Z] retryable_503 attempt=1/2 waiting=2s
[2026-07-28T08:55:36Z] #468 attempt=2/2 status=200 0.640s url=https://www.myfonts.com/products/semi-condensed-glories-1179710
[2026-07-28T08:55:37Z] #469 attempt=1/2 status=200 0.919s url=https://www.myfonts.com/collections/glories-font-gatype/
[2026-07-28T08:55:38Z] #470 attempt=1/2 status=200 0.513s url=https://www.myfonts.com/products/semi-condensed-flanela-1179692
[2026-07-28T08:55:39Z] #471 attempt=1/2 status=200 0.945s url=https://www.myfonts.com/collections/flanela-font-gatype/
[2026-07-28T08:55:40Z] #472 attempt=1/2 status=200 0.345s url=https://www.myfonts.com/products/semi-expanded-epidemic-1179674
[2026-07-28T08:55:41Z] #473 attempt=1/2 status=200 0.739s url=https://www.myfonts.com/collections/epidemic-font-gatype/
[2026-07-28T08:55:41Z] #474 attempt=1/2 status=200 0.532s url=https://www.myfonts.com/products/condensed-dotine-1179656
[2026-07-28T08:55:42Z] #475 attempt=1/2 status=200 0.715s url=https://www.myfonts.com/collections/dotine-font-gatype/
[2026-07-28T08:55:43Z] #476 attempt=1/2 status=200 0.401s url=https://www.myfonts.com/products/semi-bold-italic-gerstein-1179622
[2026-07-28T08:55:44Z] #477 attempt=1/2 status=200 0.644s url=https://www.myfonts.com/collections/gerstein-font-grezline-studio/
[2026-07-28T08:55:45Z] #478 attempt=1/2 status=200 0.427s url=https://www.myfonts.com/products/light-propilen-1179582
[2026-07-28T08:55:46Z] #479 attempt=1/2 status=200 0.565s url=https://www.myfonts.com/collections/propilen-font-glyphminds-studios/
[2026-07-28T08:55:46Z] #480 attempt=1/2 status=200 0.467s url=https://www.myfonts.com/products/exstra-expanded-slant-regular-gaorge-1179495
[2026-07-28T08:55:47Z] #481 attempt=1/2 status=200 0.623s url=https://www.myfonts.com/collections/gaorge-font-deorde-studio/
[2026-07-28T08:55:48Z] #482 attempt=1/2 status=200 0.365s url=https://www.myfonts.com/products/black-italic-gatega-1181942
[2026-07-28T08:55:49Z] #483 attempt=1/2 status=200 0.604s url=https://www.myfonts.com/collections/gatega-font-agny-hasya-studio/
[2026-07-28T08:55:49Z] #484 attempt=1/2 status=200 0.379s url=https://www.myfonts.com/products/italic-milctey-1179217
[2026-07-28T08:55:50Z] #485 attempt=1/2 status=200 0.376s url=https://www.myfonts.com/collections/milctey-font-agung-sudirman/
[2026-07-28T08:55:51Z] #486 attempt=1/2 status=200 0.487s url=https://www.myfonts.com/products/semi-condensed-slant-dona-siona-1179195
[2026-07-28T08:55:52Z] #487 attempt=1/2 status=200 1.123s url=https://www.myfonts.com/collections/dona-siona-font-gatype/
[2026-07-28T08:55:53Z] #488 attempt=1/2 status=200 0.395s url=https://www.myfonts.com/products/italic-defensive-midfielder-1179458
[2026-07-28T08:55:53Z] #489 attempt=1/2 status=200 0.540s url=https://www.myfonts.com/collections/defensive-midfielder-font-mevstory-studio/
[2026-07-28T08:55:55Z] #490 attempt=1/6 status=200 0.852s url=https://www.myfonts.com/products.json?limit=100&page=24
[2026-07-28T08:55:56Z] #491 attempt=1/2 status=200 0.877s url=https://www.myfonts.com/products/soft-condensed-debora-celina-script-1179160
[2026-07-28T08:55:57Z] #492 attempt=1/2 status=200 1.030s url=https://www.myfonts.com/collections/debora-celina-script-font-gatype/
[2026-07-28T08:55:58Z] #493 attempt=1/2 status=200 0.470s url=https://www.myfonts.com/products/condensed-slant-cresing-1179129
[2026-07-28T08:55:59Z] #494 attempt=1/2 status=200 0.758s url=https://www.myfonts.com/collections/cresing-font-gatype/
[2026-07-28T08:56:01Z] #495 attempt=1/6 status=200 1.027s url=https://www.myfonts.com/products.json?limit=100&page=25
[2026-07-28T08:56:02Z] #496 attempt=1/2 status=200 0.554s url=https://www.myfonts.com/products/thin-italic-minez-1183854
[2026-07-28T08:56:03Z] #497 attempt=1/2 status=200 0.943s url=https://www.myfonts.com/collections/minez-font-font-liner/
[2026-07-28T08:56:04Z] #498 attempt=1/2 status=200 0.677s url=https://www.myfonts.com/products/velodroma-inlines-package-276224
[2026-07-28T08:56:05Z] #499 attempt=1/2 status=200 1.266s url=https://www.myfonts.com/collections/velodroma-font-jan-charvat/
[2026-07-28T08:56:06Z] #500 attempt=1/2 status=200 0.517s url=https://www.myfonts.com/products/velodroma-fullpackage-package-276216
[2026-07-28T08:56:07Z] #501 attempt=1/2 status=200 0.638s url=https://www.myfonts.com/collections/velodroma-font-jan-charvat/
[2026-07-28T08:56:07Z] #502 attempt=1/2 status=503 0.050s url=https://www.myfonts.com/products/globe-grotesk-display-uprights-package-276277
[2026-07-28T08:56:07Z] retryable_503 attempt=1/2 waiting=2s
[2026-07-28T08:56:10Z] #503 attempt=2/2 status=200 0.404s url=https://www.myfonts.com/products/globe-grotesk-display-uprights-package-276277
[2026-07-28T08:56:11Z] #504 attempt=1/2 status=200 0.875s url=https://www.myfonts.com/collections/globe-grotesk-display-font-jan-charvat/
[2026-07-28T08:56:12Z] #505 attempt=1/2 status=200 0.316s url=https://www.myfonts.com/products/velodroma-regulars-package-276214
[2026-07-28T08:56:12Z] #506 attempt=1/2 status=200 0.625s url=https://www.myfonts.com/collections/velodroma-font-jan-charvat/
[2026-07-28T08:56:13Z] #507 attempt=1/2 status=200 0.388s url=https://www.myfonts.com/products/globe-grotesk-display-family-package-276250
[2026-07-28T08:56:14Z] #508 attempt=1/2 status=200 0.740s url=https://www.myfonts.com/collections/globe-grotesk-display-font-jan-charvat/
[2026-07-28T08:56:15Z] #509 attempt=1/2 status=200 0.322s url=https://www.myfonts.com/products/velodroma-basics-package-276220
[2026-07-28T08:56:16Z] #510 attempt=1/2 status=200 0.563s url=https://www.myfonts.com/collections/velodroma-font-jan-charvat/
[2026-07-28T08:56:16Z] #511 attempt=1/2 status=200 0.351s url=https://www.myfonts.com/products/medium-italic-globe-grotesk-display-276253
[2026-07-28T08:56:17Z] #512 attempt=1/2 status=200 0.192s url=https://www.myfonts.com/collections/globe-grotesk-display-font-jan-charvat/
[2026-07-28T08:56:17Z] #513 attempt=1/2 status=200 0.371s url=https://www.myfonts.com/products/bold-globe-grotesk-display-276270
[2026-07-28T08:56:18Z] #514 attempt=1/2 status=200 0.172s url=https://www.myfonts.com/collections/globe-grotesk-display-font-jan-charvat/
[2026-07-28T08:56:18Z] #515 attempt=1/2 status=200 0.353s url=https://www.myfonts.com/products/regular-globe-grotesk-display-276246
[2026-07-28T08:56:18Z] #516 attempt=1/2 status=429 0.023s url=https://www.myfonts.com/collections/globe-grotesk-display-font-jan-charvat/
[2026-07-28T08:56:21Z] #517 attempt=2/2 status=200 0.284s url=https://www.myfonts.com/collections/globe-grotesk-display-font-jan-charvat/
[2026-07-28T08:56:22Z] #518 attempt=1/2 status=200 0.609s url=https://www.myfonts.com/products/italic-globe-grotesk-display-276267
[2026-07-28T08:56:23Z] #519 attempt=1/2 status=200 0.529s url=https://www.myfonts.com/collections/globe-grotesk-display-font-jan-charvat/
[2026-07-28T08:56:23Z] #520 attempt=1/2 status=200 0.420s url=https://www.myfonts.com/products/extrabold-italic-globe-grotesk-display-276265
[2026-07-28T08:56:24Z] #521 attempt=1/2 status=200 0.206s url=https://www.myfonts.com/collections/globe-grotesk-display-font-jan-charvat/
[2026-07-28T08:56:25Z] #522 attempt=1/2 status=200 0.473s url=https://www.myfonts.com/products/bold-italic-globe-grotesk-display-276258
[2026-07-28T08:56:25Z] #523 attempt=1/2 status=200 0.238s url=https://www.myfonts.com/collections/globe-grotesk-display-font-jan-charvat/
[2026-07-28T08:56:25Z] #524 attempt=1/2 status=429 0.024s url=https://www.myfonts.com/products/medium-globe-grotesk-display-276256
[2026-07-28T08:56:28Z] #525 attempt=2/2 status=200 0.583s url=https://www.myfonts.com/products/medium-globe-grotesk-display-276256
[2026-07-28T08:56:29Z] #526 attempt=1/2 status=200 0.206s url=https://www.myfonts.com/collections/globe-grotesk-display-font-jan-charvat/
[2026-07-28T08:56:29Z] #527 attempt=1/2 status=200 0.377s url=https://www.myfonts.com/products/extrabold-globe-grotesk-display-276262
[2026-07-28T08:56:30Z] #528 attempt=1/2 status=200 0.204s url=https://www.myfonts.com/collections/globe-grotesk-display-font-jan-charvat/
[2026-07-28T08:56:30Z] #529 attempt=1/2 status=429 0.022s url=https://www.myfonts.com/products/black-extra-expanded-matson-1179916
[2026-07-28T08:56:34Z] #530 attempt=2/2 status=200 1.490s url=https://www.myfonts.com/products/black-extra-expanded-matson-1179916
[2026-07-28T08:56:36Z] #531 attempt=1/2 status=200 2.326s url=https://www.myfonts.com/collections/matson-font-josstype/
[2026-07-28T08:56:37Z] #532 attempt=1/2 status=200 0.413s url=https://www.myfonts.com/products/regular-charlotte-garling-1185221
[2026-07-28T08:56:38Z] #533 attempt=1/2 status=200 0.334s url=https://www.myfonts.com/collections/charlotte-garling-font-alcode/
[2026-07-28T08:56:38Z] summary releases=680 first_429=(81, 'https://www.myfonts.com/collections/twiggy-notes-font-claymoon-lab-studio/?tab=techSpecs', 0.023111343383789062) log_file=state/myfonts_run_20260728_084705.log
[2026-07-28T08:56:38Z] === MyFonts crawl end ===
