[2026-05-23T08:28:36Z] checkpoint fresh next_page=1 path=state/myfonts_crawl_checkpoint.json
[2026-05-23T08:28:36Z] === MyFonts crawl start source=myfonts ===
[2026-05-23T08:28:36Z] config max_pages=25 page_size=100 start_date=2026-05-22 end_date=2026-05-23 api_delay=0.5s detail_delay=0.2s max_debut_checks=400 max_tech_specs_checks=200 reuse_success_profile=False always_enrich_packages=True language_script_signal_mode=strong force_fresh_run=False start_page=1 browser_mode=False browser_headless=True browser_storage_state_path=state/myfonts_storage_state.json
[2026-05-23T08:28:38Z] #1 attempt=1/6 status=200 1.041s url=https://www.myfonts.com/products.json?limit=100&page=1
[2026-05-23T08:28:38Z] #2 attempt=1/2 status=200 0.404s url=https://www.myfonts.com/products/limit-display-variable-concept-complete-family-package-1157932
[2026-05-23T08:28:39Z] #3 attempt=1/2 status=200 0.438s url=https://www.myfonts.com/collections/limit-display-variable-concept-font-bold-guys/
[2026-05-23T08:28:40Z] #4 attempt=1/2 status=200 0.228s url=https://www.myfonts.com/collections/limit-display-variable-concept-font-bold-guys/?tab=techSpecs
[2026-05-23T08:28:41Z] #5 attempt=1/2 status=200 0.885s url=https://www.myfonts.com/products/limit-display-complete-family-package-1157847
[2026-05-23T08:28:43Z] #6 attempt=1/2 status=200 1.600s url=https://www.myfonts.com/collections/limit-display-font-bold-guys/
[2026-05-23T08:28:44Z] #7 attempt=1/2 status=200 0.244s url=https://www.myfonts.com/collections/limit-display-font-bold-guys/?tab=techSpecs
[2026-05-23T08:28:46Z] #8 attempt=1/2 status=200 0.538s url=https://www.myfonts.com/products/limit-text-xcompressed-package-1158005
[2026-05-23T08:28:47Z] #9 attempt=1/2 status=200 1.187s url=https://www.myfonts.com/collections/limit-text-font-bold-guys/
[2026-05-23T08:28:48Z] #10 attempt=1/2 status=200 0.236s url=https://www.myfonts.com/collections/limit-text-font-bold-guys/?tab=techSpecs
[2026-05-23T08:28:49Z] #11 attempt=1/2 status=200 0.348s url=https://www.myfonts.com/products/elmonta-complete-family-package-1158021
[2026-05-23T08:28:50Z] #12 attempt=1/2 status=200 0.351s url=https://www.myfonts.com/collections/elmonta-font-shanaf/
[2026-05-23T08:28:50Z] #13 attempt=1/2 status=200 0.177s url=https://www.myfonts.com/collections/elmonta-font-shanaf/?tab=techSpecs
[2026-05-23T08:28:52Z] #14 attempt=1/2 status=200 0.723s url=https://www.myfonts.com/products/gastrin-complete-family-package-1158046
[2026-05-23T08:28:53Z] #15 attempt=1/2 status=200 0.915s url=https://www.myfonts.com/collections/gastrin-font-pista-mova/
[2026-05-23T08:28:54Z] #16 attempt=1/2 status=200 0.224s url=https://www.myfonts.com/collections/gastrin-font-pista-mova/?tab=techSpecs
[2026-05-23T08:28:55Z] #17 attempt=1/2 status=200 0.369s url=https://www.myfonts.com/products/limit-variable-concept-full-complete-family-package-1157936
[2026-05-23T08:28:56Z] #18 attempt=1/2 status=200 0.543s url=https://www.myfonts.com/collections/limit-variable-concept-full-font-bold-guys/
[2026-05-23T08:28:57Z] #19 attempt=1/2 status=200 0.334s url=https://www.myfonts.com/collections/limit-variable-concept-full-font-bold-guys/?tab=techSpecs
[2026-05-23T08:28:58Z] #20 attempt=1/2 status=200 0.421s url=https://www.myfonts.com/products/gw-motera-complete-family-package-1158137
[2026-05-23T08:28:58Z] #21 attempt=1/2 status=200 0.372s url=https://www.myfonts.com/collections/gw-motera-font-goodwheel-studio/
[2026-05-23T08:28:59Z] #22 attempt=1/2 status=200 0.220s url=https://www.myfonts.com/collections/gw-motera-font-goodwheel-studio/?tab=techSpecs
[2026-05-23T08:29:00Z] #23 attempt=1/2 status=200 0.404s url=https://www.myfonts.com/products/svetlana-complete-family-package-1157828
[2026-05-23T08:29:01Z] #24 attempt=1/2 status=200 0.493s url=https://www.myfonts.com/collections/svetlana-font-paratype/
[2026-05-23T08:29:01Z] #25 attempt=1/2 status=200 0.229s url=https://www.myfonts.com/collections/svetlana-font-paratype/?tab=techSpecs
[2026-05-23T08:29:03Z] #26 attempt=1/2 status=200 0.385s url=https://www.myfonts.com/products/rose-titan-complete-family-package-1158188
[2026-05-23T08:29:03Z] #27 attempt=1/2 status=200 0.402s url=https://www.myfonts.com/collections/rose-titan-font-littlehand/
[2026-05-23T08:29:04Z] #28 attempt=1/2 status=200 0.245s url=https://www.myfonts.com/collections/rose-titan-font-littlehand/?tab=techSpecs
[2026-05-23T08:29:05Z] #29 attempt=1/2 status=200 0.366s url=https://www.myfonts.com/products/hola-cuervo-complete-family-package-1158147
[2026-05-23T08:29:06Z] #30 attempt=1/2 status=200 0.436s url=https://www.myfonts.com/collections/hola-cuervo-font-remedy667/
[2026-05-23T08:29:06Z] #31 attempt=1/2 status=200 0.178s url=https://www.myfonts.com/collections/hola-cuervo-font-remedy667/?tab=techSpecs
[2026-05-23T08:29:07Z] #32 attempt=1/2 status=200 0.364s url=https://www.myfonts.com/products/boujee-complete-family-package-1158163
[2026-05-23T08:29:08Z] #33 attempt=1/2 status=200 0.179s url=https://www.myfonts.com/collections/boujee-font-jehoo-creative/
[2026-05-23T08:29:08Z] #34 attempt=1/2 status=200 0.188s url=https://www.myfonts.com/collections/boujee-font-jehoo-creative/?tab=techSpecs
[2026-05-23T08:29:09Z] #35 attempt=1/2 status=200 0.317s url=https://www.myfonts.com/products/corva-complete-family-package-1158035
[2026-05-23T08:29:10Z] #36 attempt=1/2 status=200 0.184s url=https://www.myfonts.com/collections/corva-font-rezastudio/
[2026-05-23T08:29:10Z] #37 attempt=1/2 status=200 0.195s url=https://www.myfonts.com/collections/corva-font-rezastudio/?tab=techSpecs
[2026-05-23T08:29:12Z] #38 attempt=1/2 status=200 0.302s url=https://www.myfonts.com/products/magic-rainbow-complete-family-package-1158122
[2026-05-23T08:29:12Z] #39 attempt=1/2 status=200 0.369s url=https://www.myfonts.com/collections/magic-rainbow-font-alpaprana/
[2026-05-23T08:29:13Z] #40 attempt=1/2 status=200 0.170s url=https://www.myfonts.com/collections/magic-rainbow-font-alpaprana/?tab=techSpecs
[2026-05-23T08:29:15Z] #41 attempt=1/2 status=200 1.126s url=https://www.myfonts.com/products/arthura-complete-family-package-1158212
[2026-05-23T08:29:17Z] #42 attempt=1/2 status=200 1.931s url=https://www.myfonts.com/collections/arthura-font-seniors-studio/
[2026-05-23T08:29:18Z] #43 attempt=1/2 status=200 0.286s url=https://www.myfonts.com/collections/arthura-font-seniors-studio/?tab=techSpecs
[2026-05-23T08:29:20Z] #44 attempt=1/2 status=200 0.383s url=https://www.myfonts.com/products/back-beat-complete-family-package-1158201
[2026-05-23T08:29:21Z] #45 attempt=1/2 status=200 0.413s url=https://www.myfonts.com/collections/back-beat-font-comicraft/
[2026-05-23T08:29:21Z] #46 attempt=1/2 status=200 0.177s url=https://www.myfonts.com/collections/back-beat-font-comicraft/?tab=techSpecs
[2026-05-23T08:29:23Z] #47 attempt=1/2 status=200 0.376s url=https://www.myfonts.com/products/smena-complete-family-package-1157825
[2026-05-23T08:29:23Z] #48 attempt=1/2 status=200 0.431s url=https://www.myfonts.com/collections/smena-font-paratype/
[2026-05-23T08:29:24Z] #49 attempt=1/2 status=200 0.180s url=https://www.myfonts.com/collections/smena-font-paratype/?tab=techSpecs
[2026-05-23T08:29:25Z] #50 attempt=1/2 status=200 0.377s url=https://www.myfonts.com/products/susan-complete-family-package-1157826
[2026-05-23T08:29:25Z] #51 attempt=1/2 status=200 0.407s url=https://www.myfonts.com/collections/susan-font-paratype/
[2026-05-23T08:29:26Z] #52 attempt=1/2 status=200 0.177s url=https://www.myfonts.com/collections/susan-font-paratype/?tab=techSpecs
[2026-05-23T08:29:27Z] #53 attempt=1/2 status=200 0.318s url=https://www.myfonts.com/products/limit-text-variable-concept-complete-family-package-1157834
[2026-05-23T08:29:28Z] #54 attempt=1/2 status=200 0.405s url=https://www.myfonts.com/collections/limit-text-variable-concept-font-bold-guys/
[2026-05-23T08:29:28Z] #55 attempt=1/2 status=200 0.184s url=https://www.myfonts.com/collections/limit-text-variable-concept-font-bold-guys/?tab=techSpecs
[2026-05-23T08:29:29Z] #56 attempt=1/2 status=200 0.358s url=https://www.myfonts.com/products/vaccine-sans-complete-family-package-1157829
[2026-05-23T08:29:30Z] #57 attempt=1/2 status=200 0.216s url=https://www.myfonts.com/collections/vaccine-sans-font-paratype/
[2026-05-23T08:29:30Z] #58 attempt=1/2 status=200 0.223s url=https://www.myfonts.com/collections/vaccine-sans-font-paratype/?tab=techSpecs
[2026-05-23T08:29:32Z] #59 attempt=1/2 status=200 0.345s url=https://www.myfonts.com/products/broshela-complete-family-package-1158160
[2026-05-23T08:29:32Z] #60 attempt=1/2 status=200 0.379s url=https://www.myfonts.com/collections/broshela-font-vampstudio/
[2026-05-23T08:29:33Z] #61 attempt=1/2 status=200 0.187s url=https://www.myfonts.com/collections/broshela-font-vampstudio/?tab=techSpecs
[2026-05-23T08:29:34Z] #62 attempt=1/2 status=200 0.292s url=https://www.myfonts.com/products/sanger-memo-complete-family-package-1158184
[2026-05-23T08:29:34Z] #63 attempt=1/2 status=200 0.241s url=https://www.myfonts.com/collections/sanger-memo-font-afkari-studio/
[2026-05-23T08:29:35Z] #64 attempt=1/2 status=200 0.219s url=https://www.myfonts.com/collections/sanger-memo-font-afkari-studio/?tab=techSpecs
[2026-05-23T08:29:36Z] #65 attempt=1/2 status=200 0.376s url=https://www.myfonts.com/products/augrid-complete-family-package-1158192
[2026-05-23T08:29:37Z] #66 attempt=1/2 status=200 0.449s url=https://www.myfonts.com/collections/augrid-font-sensatype-studio/
[2026-05-23T08:29:37Z] #67 attempt=1/2 status=200 0.212s url=https://www.myfonts.com/collections/augrid-font-sensatype-studio/?tab=techSpecs
[2026-05-23T08:29:38Z] #68 attempt=1/2 status=200 0.302s url=https://www.myfonts.com/products/cryonex-complete-family-package-1158017
[2026-05-23T08:29:39Z] #69 attempt=1/2 status=200 0.193s url=https://www.myfonts.com/collections/cryonex-font-shanaf/
[2026-05-23T08:29:39Z] #70 attempt=1/2 status=200 0.214s url=https://www.myfonts.com/collections/cryonex-font-shanaf/?tab=techSpecs
[2026-05-23T08:29:40Z] #71 attempt=1/2 status=200 0.452s url=https://www.myfonts.com/products/transport-new-complete-family-package-1157818
[2026-05-23T08:29:41Z] #72 attempt=1/2 status=200 0.411s url=https://www.myfonts.com/collections/transport-new-font-k-type/
[2026-05-23T08:29:42Z] #73 attempt=1/2 status=200 0.210s url=https://www.myfonts.com/collections/transport-new-font-k-type/?tab=techSpecs
[2026-05-23T08:29:43Z] #74 attempt=1/2 status=200 0.302s url=https://www.myfonts.com/products/grey-lunar-complete-family-package-1158153
[2026-05-23T08:29:43Z] #75 attempt=1/2 status=200 0.169s url=https://www.myfonts.com/collections/grey-lunar-font-vampstudio/
[2026-05-23T08:29:44Z] #76 attempt=1/2 status=200 0.182s url=https://www.myfonts.com/collections/grey-lunar-font-vampstudio/?tab=techSpecs
[2026-05-23T08:29:45Z] #77 attempt=1/2 status=200 0.285s url=https://www.myfonts.com/products/salt-blue-complete-family-package-1158133
[2026-05-23T08:29:45Z] #78 attempt=1/2 status=429 0.065s url=https://www.myfonts.com/collections/salt-blue-font-eko-bimantara/
[2026-05-23T08:29:45Z] first_429 req=78 url=https://www.myfonts.com/collections/salt-blue-font-eko-bimantara/
[2026-05-23T08:29:48Z] #79 attempt=2/2 status=200 0.284s url=https://www.myfonts.com/collections/salt-blue-font-eko-bimantara/
[2026-05-23T08:29:48Z] #80 attempt=1/2 status=429 0.046s url=https://www.myfonts.com/products/marise-complete-family-package-1158026
[2026-05-23T08:29:50Z] #81 attempt=2/2 status=200 0.373s url=https://www.myfonts.com/products/marise-complete-family-package-1158026
[2026-05-23T08:29:51Z] #82 attempt=1/2 status=429 0.048s url=https://www.myfonts.com/collections/marise-font-shanaf/
[2026-05-23T08:29:53Z] #83 attempt=2/2 status=200 0.429s url=https://www.myfonts.com/collections/marise-font-shanaf/
[2026-05-23T08:29:54Z] #84 attempt=1/2 status=429 0.069s url=https://www.myfonts.com/products/noggo-complete-family-package-1158111
[2026-05-23T08:29:56Z] #85 attempt=2/2 status=200 0.413s url=https://www.myfonts.com/products/noggo-complete-family-package-1158111
[2026-05-23T08:29:57Z] #86 attempt=1/2 status=429 0.044s url=https://www.myfonts.com/collections/noggo-font-artiveko/
[2026-05-23T08:29:59Z] #87 attempt=2/2 status=200 0.462s url=https://www.myfonts.com/collections/noggo-font-artiveko/
[2026-05-23T08:30:00Z] #88 attempt=1/2 status=200 0.318s url=https://www.myfonts.com/products/millgary-complete-family-package-1158115
[2026-05-23T08:30:00Z] #89 attempt=1/2 status=429 0.065s url=https://www.myfonts.com/collections/millgary-font-bryantamanh/
[2026-05-23T08:30:03Z] #90 attempt=2/2 status=200 0.636s url=https://www.myfonts.com/collections/millgary-font-bryantamanh/
[2026-05-23T08:30:04Z] #91 attempt=1/2 status=200 0.409s url=https://www.myfonts.com/products/dirty-stroke-complete-family-package-1158082
[2026-05-23T08:30:04Z] #92 attempt=1/2 status=200 0.471s url=https://www.myfonts.com/collections/dirty-stroke-font-cocodesign/
[2026-05-23T08:30:05Z] #93 attempt=1/2 status=200 0.283s url=https://www.myfonts.com/products/limit-micro-variable-concept-complete-family-package-1157830
[2026-05-23T08:30:06Z] #94 attempt=1/2 status=200 0.515s url=https://www.myfonts.com/collections/limit-micro-variable-concept-font-bold-guys/
[2026-05-23T08:30:06Z] #95 attempt=1/2 status=200 0.345s url=https://www.myfonts.com/products/turbo-strike-complete-family-package-1158030
[2026-05-23T08:30:07Z] #96 attempt=1/2 status=200 0.411s url=https://www.myfonts.com/collections/turbo-strike-font-shanaf/
[2026-05-23T08:30:07Z] #97 attempt=1/2 status=429 0.058s url=https://www.myfonts.com/products/gw-swingstar-complete-family-package-1158140
[2026-05-23T08:30:10Z] #98 attempt=2/2 status=200 0.378s url=https://www.myfonts.com/products/gw-swingstar-complete-family-package-1158140
[2026-05-23T08:30:11Z] #99 attempt=1/2 status=200 0.378s url=https://www.myfonts.com/collections/gw-swingstar-font-goodwheel-studio/
[2026-05-23T08:30:11Z] #100 attempt=1/2 status=200 0.276s url=https://www.myfonts.com/products/housemail-complete-family-package-1158130
[2026-05-23T08:30:12Z] #101 attempt=1/2 status=200 0.195s url=https://www.myfonts.com/collections/housemail-font-eko-bimantara/
[2026-05-23T08:30:12Z] #102 attempt=1/2 status=200 0.317s url=https://www.myfonts.com/products/klyra-complete-family-package-1158107
[2026-05-23T08:30:12Z] #103 attempt=1/2 status=429 0.046s url=https://www.myfonts.com/collections/klyra-font-zaain-type/
[2026-05-23T08:30:15Z] #104 attempt=2/2 status=200 0.441s url=https://www.myfonts.com/collections/klyra-font-zaain-type/
[2026-05-23T08:30:16Z] #105 attempt=1/2 status=200 0.414s url=https://www.myfonts.com/products/susan-sans-complete-family-package-1157827
[2026-05-23T08:30:16Z] #106 attempt=1/2 status=200 0.392s url=https://www.myfonts.com/collections/susan-sans-font-paratype/
[2026-05-23T08:30:17Z] #107 attempt=1/2 status=200 0.278s url=https://www.myfonts.com/products/sillymily-complete-family-package-1158042
[2026-05-23T08:30:17Z] #108 attempt=1/2 status=200 0.192s url=https://www.myfonts.com/collections/sillymily-font-letterytz/
[2026-05-23T08:30:18Z] #109 attempt=1/2 status=200 0.321s url=https://www.myfonts.com/products/proten-complete-family-package-1158118
[2026-05-23T08:30:18Z] #110 attempt=1/2 status=429 0.050s url=https://www.myfonts.com/collections/proten-font-koplexs-studio/
[2026-05-23T08:30:21Z] #111 attempt=2/2 status=200 0.410s url=https://www.myfonts.com/collections/proten-font-koplexs-studio/
[2026-05-23T08:30:21Z] #112 attempt=1/2 status=200 0.268s url=https://www.myfonts.com/products/enkyfa-complete-family-package-1158012
[2026-05-23T08:30:22Z] #113 attempt=1/2 status=200 0.162s url=https://www.myfonts.com/collections/enkyfa-font-timelesstype-studio/
[2026-05-23T08:30:22Z] #114 attempt=1/2 status=200 0.295s url=https://www.myfonts.com/products/regular-fashion-complete-family-package-1158197
[2026-05-23T08:30:23Z] #115 attempt=1/2 status=200 0.321s url=https://www.myfonts.com/collections/regular-fashion-font-pizzadudedk/
[2026-05-23T08:30:23Z] #116 attempt=1/2 status=429 0.039s url=https://www.myfonts.com/products/regular-brunko-1158015
[2026-05-23T08:30:26Z] #117 attempt=2/2 status=200 0.367s url=https://www.myfonts.com/products/regular-brunko-1158015
[2026-05-23T08:30:26Z] #118 attempt=1/2 status=200 0.282s url=https://www.myfonts.com/collections/brunko-font-rasio-studio/
[2026-05-23T08:30:28Z] #119 attempt=1/6 status=200 0.804s url=https://www.myfonts.com/products.json?limit=100&page=2
[2026-05-23T08:30:28Z] #120 attempt=1/2 status=200 0.329s url=https://www.myfonts.com/products/regular-monadila-1158150
[2026-05-23T08:30:29Z] #121 attempt=1/2 status=200 0.316s url=https://www.myfonts.com/collections/monadila-font-mars-creative/
[2026-05-23T08:30:29Z] #122 attempt=1/2 status=200 0.327s url=https://www.myfonts.com/products/script-selow-1158010
[2026-05-23T08:30:30Z] #123 attempt=1/2 status=200 0.282s url=https://www.myfonts.com/collections/selow-font-bondangail/
[2026-05-23T08:30:30Z] #124 attempt=1/2 status=429 0.050s url=https://www.myfonts.com/products/news-nomu-massline-1157538
[2026-05-23T08:30:33Z] #125 attempt=2/2 status=200 0.368s url=https://www.myfonts.com/products/news-nomu-massline-1157538
[2026-05-23T08:30:33Z] #126 attempt=1/2 status=200 0.160s url=https://www.myfonts.com/collections/nomu-massline-font-new-yeast-foundry/
[2026-05-23T08:30:34Z] #127 attempt=1/2 status=200 0.307s url=https://www.myfonts.com/products/regular-milesdane-1158125
[2026-05-23T08:30:34Z] #128 attempt=1/2 status=200 0.146s url=https://www.myfonts.com/collections/milesdane-font-eko-bimantara/
[2026-05-23T08:30:36Z] #129 attempt=1/6 status=200 0.904s url=https://www.myfonts.com/products.json?limit=100&page=3
[2026-05-23T08:30:36Z] #130 attempt=1/2 status=200 0.356s url=https://www.myfonts.com/products/chock-tagmed-mc-chock-tagmed-1158152
[2026-05-23T08:30:37Z] #131 attempt=1/2 status=200 0.246s url=https://www.myfonts.com/collections/mc-chock-tagmed-font-maulana-creative/
[2026-05-23T08:30:37Z] #132 attempt=1/2 status=429 0.041s url=https://www.myfonts.com/products/regular-geomighty-1157534
[2026-05-23T08:30:40Z] #133 attempt=2/2 status=200 0.355s url=https://www.myfonts.com/products/regular-geomighty-1157534
[2026-05-23T08:30:40Z] #134 attempt=1/2 status=200 0.302s url=https://www.myfonts.com/collections/geomighty-font-bondangail/
[2026-05-23T08:30:41Z] #135 attempt=1/2 status=200 0.305s url=https://www.myfonts.com/products/regular-melvoria-1158127
[2026-05-23T08:30:41Z] #136 attempt=1/2 status=200 0.277s url=https://www.myfonts.com/collections/melvoria-font-only-fonts/
[2026-05-23T08:30:42Z] #137 attempt=1/2 status=200 0.371s url=https://www.myfonts.com/products/regular-tender-blossom-1158029
[2026-05-23T08:30:42Z] #138 attempt=1/2 status=429 0.052s url=https://www.myfonts.com/collections/tender-blossom-font-shanaf/
[2026-05-23T08:30:45Z] #139 attempt=2/2 status=200 0.206s url=https://www.myfonts.com/collections/tender-blossom-font-shanaf/
[2026-05-23T08:30:45Z] #140 attempt=1/2 status=200 0.298s url=https://www.myfonts.com/products/regular-keenan-aure-1158020
[2026-05-23T08:30:46Z] #141 attempt=1/2 status=200 0.268s url=https://www.myfonts.com/collections/keenan-aure-font-rasio-studio/
[2026-05-23T08:30:46Z] #142 attempt=1/2 status=200 0.321s url=https://www.myfonts.com/products/regular-jettiares-1158045
[2026-05-23T08:30:47Z] #143 attempt=1/2 status=200 0.253s url=https://www.myfonts.com/collections/jettiares-font-letterhanna-studio/
[2026-05-23T08:30:47Z] #144 attempt=1/2 status=429 0.044s url=https://www.myfonts.com/products/regular-aremeo-1158128
[2026-05-23T08:30:50Z] #145 attempt=2/2 status=200 0.380s url=https://www.myfonts.com/products/regular-aremeo-1158128
[2026-05-23T08:30:50Z] #146 attempt=1/2 status=200 0.281s url=https://www.myfonts.com/collections/aremeo-font-only-fonts/
[2026-05-23T08:30:51Z] #147 attempt=1/2 status=200 0.302s url=https://www.myfonts.com/products/regular-marble-galaxy-1158196
[2026-05-23T08:30:51Z] #148 attempt=1/2 status=200 0.269s url=https://www.myfonts.com/collections/marble-galaxy-font-alit-design/
[2026-05-23T08:30:52Z] #149 attempt=1/2 status=200 0.343s url=https://www.myfonts.com/products/regular-corvinix-1140099
[2026-05-23T08:30:52Z] #150 attempt=1/2 status=429 0.048s url=https://www.myfonts.com/collections/corvinix-font-fontanatype/
[2026-05-23T08:30:55Z] #151 attempt=2/2 status=200 0.332s url=https://www.myfonts.com/collections/corvinix-font-fontanatype/
[2026-05-23T08:30:56Z] #152 attempt=1/6 status=200 0.737s url=https://www.myfonts.com/products.json?limit=100&page=4
[2026-05-23T08:30:57Z] #153 attempt=1/2 status=200 0.313s url=https://www.myfonts.com/products/regular-ghost-bolpi-1158033
[2026-05-23T08:30:57Z] #154 attempt=1/2 status=200 0.258s url=https://www.myfonts.com/collections/ghost-bolpi-font-pineungtype-misinklab/
[2026-05-23T08:30:58Z] #155 attempt=1/2 status=200 0.252s url=https://www.myfonts.com/products/regular-brick-slash-1158016
[2026-05-23T08:30:58Z] #156 attempt=1/2 status=200 0.275s url=https://www.myfonts.com/collections/brick-slash-font-shanaf/
[2026-05-23T08:30:58Z] #157 attempt=1/2 status=429 0.041s url=https://www.myfonts.com/products/regular-ongunkan-bactrian-script-1120328
[2026-05-23T08:31:01Z] #158 attempt=2/2 status=200 0.385s url=https://www.myfonts.com/products/regular-ongunkan-bactrian-script-1120328
[2026-05-23T08:31:02Z] #159 attempt=1/2 status=404 0.231s url=https://www.myfonts.com/collections/regular-ongunkan-bactrian-script-1120328-font-runic-world-tamgaci
[2026-05-23T08:31:02Z] #160 attempt=1/2 status=200 0.298s url=https://www.myfonts.com/products/kids-regular-zibboo-1157555
[2026-05-23T08:31:03Z] #161 attempt=1/2 status=200 0.280s url=https://www.myfonts.com/collections/zibboo-font-mei-suseno/
[2026-05-23T08:31:03Z] #162 attempt=1/2 status=200 0.352s url=https://www.myfonts.com/products/regular-evelina-hand-1158121
[2026-05-23T08:31:03Z] #163 attempt=1/2 status=429 0.094s url=https://www.myfonts.com/collections/evelina-hand-font-letterhanna-studio/
[2026-05-23T08:31:06Z] #164 attempt=2/2 status=200 0.337s url=https://www.myfonts.com/collections/evelina-hand-font-letterhanna-studio/
[2026-05-23T08:31:07Z] #165 attempt=1/2 status=200 0.300s url=https://www.myfonts.com/products/regular-dark-hermes-1158114
[2026-05-23T08:31:07Z] #166 attempt=1/2 status=200 0.266s url=https://www.myfonts.com/collections/dark-hermes-font-alit-design/
[2026-05-23T08:31:08Z] #167 attempt=1/6 status=200 0.786s url=https://www.myfonts.com/products.json?limit=100&page=5
[2026-05-23T08:31:09Z] #168 attempt=1/2 status=200 0.271s url=https://www.myfonts.com/products/bold-laughsmith-1157550
[2026-05-23T08:31:09Z] #169 attempt=1/2 status=200 0.263s url=https://www.myfonts.com/collections/laughsmith-font-margi-studio/
[2026-05-23T08:31:10Z] #170 attempt=1/2 status=200 0.279s url=https://www.myfonts.com/products/marblis-thin-marblis-variable-1158009
[2026-05-23T08:31:10Z] #171 attempt=1/2 status=429 0.039s url=https://www.myfonts.com/collections/marblis-variable-font-julien-fincker/
[2026-05-23T08:31:13Z] #172 attempt=2/2 status=200 0.344s url=https://www.myfonts.com/collections/marblis-variable-font-julien-fincker/
[2026-05-23T08:31:13Z] #173 attempt=1/2 status=200 0.273s url=https://www.myfonts.com/products/regular-ongunkan-hatran-hatrean-1120329
[2026-05-23T08:31:14Z] #174 attempt=1/2 status=404 0.235s url=https://www.myfonts.com/collections/regular-ongunkan-hatran-hatrean-1120329-font-runic-world-tamgaci
[2026-05-23T08:31:14Z] #175 attempt=1/2 status=200 0.306s url=https://www.myfonts.com/products/regular-valenoire-1158136
[2026-05-23T08:31:15Z] #176 attempt=1/2 status=429 0.051s url=https://www.myfonts.com/collections/valenoire-font-eko-bimantara/
[2026-05-23T08:31:17Z] #177 attempt=2/2 status=200 0.418s url=https://www.myfonts.com/collections/valenoire-font-eko-bimantara/
[2026-05-23T08:31:18Z] #178 attempt=1/2 status=200 0.278s url=https://www.myfonts.com/products/regular-santara-1157554
[2026-05-23T08:31:18Z] #179 attempt=1/2 status=200 0.290s url=https://www.myfonts.com/collections/santara-font-mei-suseno/
[2026-05-23T08:31:19Z] #180 attempt=1/2 status=200 0.250s url=https://www.myfonts.com/products/regular-zfthankful-1158011
[2026-05-23T08:31:19Z] #181 attempt=1/2 status=200 0.145s url=https://www.myfonts.com/collections/zfthankful-font-zoofont/
[2026-05-23T08:31:20Z] #182 attempt=1/2 status=429 0.039s url=https://www.myfonts.com/products/regular-maria-1158191
[2026-05-23T08:31:22Z] #183 attempt=2/2 status=200 0.330s url=https://www.myfonts.com/products/regular-maria-1158191
[2026-05-23T08:31:23Z] #184 attempt=1/2 status=200 0.351s url=https://www.myfonts.com/collections/maria-font-sensatype-studio/
[2026-05-23T08:31:24Z] #185 attempt=1/6 status=200 0.814s url=https://www.myfonts.com/products.json?limit=100&page=6
[2026-05-23T08:31:25Z] #186 attempt=1/2 status=200 0.302s url=https://www.myfonts.com/products/gediol-paund-regular-mc-gediol-paund-1158151
[2026-05-23T08:31:25Z] #187 attempt=1/2 status=200 0.263s url=https://www.myfonts.com/collections/mc-gediol-paund-font-maulana-creative/
[2026-05-23T08:31:26Z] #188 attempt=1/2 status=200 0.278s url=https://www.myfonts.com/products/regular-kasem-1158126
[2026-05-23T08:31:26Z] #189 attempt=1/2 status=429 0.055s url=https://www.myfonts.com/collections/kasem-font-only-fonts/
[2026-05-23T08:31:28Z] #190 attempt=2/2 status=200 0.310s url=https://www.myfonts.com/collections/kasem-font-only-fonts/
[2026-05-23T08:31:29Z] #191 attempt=1/2 status=200 0.313s url=https://www.myfonts.com/products/regular-titanic-fraktur-1158110
[2026-05-23T08:31:29Z] #192 attempt=1/2 status=200 0.273s url=https://www.myfonts.com/collections/titanic-fraktur-font-alit-design/
[2026-05-23T08:31:30Z] #193 attempt=1/2 status=200 0.299s url=https://www.myfonts.com/products/regular-misty-yarra-1158047
[2026-05-23T08:31:31Z] #194 attempt=1/2 status=200 0.268s url=https://www.myfonts.com/collections/misty-yarra-font-olivetype/
[2026-05-23T08:31:31Z] #195 attempt=1/2 status=429 0.090s url=https://www.myfonts.com/products/regular-authentic-gokpesi-1158034
[2026-05-23T08:31:34Z] #196 attempt=2/2 status=200 0.325s url=https://www.myfonts.com/products/regular-authentic-gokpesi-1158034
[2026-05-23T08:31:34Z] #197 attempt=1/2 status=200 0.301s url=https://www.myfonts.com/collections/authentic-gokpesi-font-pineungtype-misinklab/
[2026-05-23T08:31:35Z] #198 attempt=1/2 status=200 0.336s url=https://www.myfonts.com/products/regular-ongunkan-proto-canaanite-1143849
[2026-05-23T08:31:35Z] #199 attempt=1/2 status=404 0.180s url=https://www.myfonts.com/collections/regular-ongunkan-proto-canaanite-1143849-font-runic-world-tamgaci
[2026-05-23T08:31:36Z] #200 attempt=1/2 status=200 0.292s url=https://www.myfonts.com/products/regular-liquid-mirage-1158025
[2026-05-23T08:31:36Z] #201 attempt=1/2 status=429 0.041s url=https://www.myfonts.com/collections/liquid-mirage-font-shanaf/
[2026-05-23T08:31:38Z] #202 attempt=2/2 status=200 0.375s url=https://www.myfonts.com/collections/liquid-mirage-font-shanaf/
[2026-05-23T08:31:39Z] #203 attempt=1/2 status=200 0.313s url=https://www.myfonts.com/products/regular-haute-frame-1158024
[2026-05-23T08:31:39Z] #204 attempt=1/2 status=200 0.293s url=https://www.myfonts.com/collections/haute-frame-font-shanaf/
[2026-05-23T08:31:40Z] #205 attempt=1/2 status=200 0.424s url=https://www.myfonts.com/products/epopeya-complete-family-package-1157838
[2026-05-23T08:31:41Z] #206 attempt=1/2 status=200 0.424s url=https://www.myfonts.com/collections/epopeya-font-tour-de-force/
[2026-05-23T08:31:41Z] #207 attempt=1/2 status=429 0.064s url=https://www.myfonts.com/products/ruma-complete-family-package-1157586
[2026-05-23T08:31:44Z] #208 attempt=2/2 status=200 0.360s url=https://www.myfonts.com/products/ruma-complete-family-package-1157586
[2026-05-23T08:31:44Z] #209 attempt=1/2 status=200 0.350s url=https://www.myfonts.com/collections/ruma-font-the-native-saint-club/
[2026-05-23T08:31:45Z] #210 attempt=1/2 status=200 0.354s url=https://www.myfonts.com/products/foermality-sans-outline-complete-family-package-1157596
[2026-05-23T08:31:46Z] #211 attempt=1/2 status=200 0.460s url=https://www.myfonts.com/collections/foermality-sans-outline-font-laroyba-type/
[2026-05-23T08:31:46Z] #212 attempt=1/2 status=200 0.299s url=https://www.myfonts.com/products/alvora-complete-family-package-1157580
[2026-05-23T08:31:47Z] #213 attempt=1/2 status=200 0.365s url=https://www.myfonts.com/collections/alvora-font-font-liner/
[2026-05-23T08:31:47Z] #214 attempt=1/2 status=429 0.070s url=https://www.myfonts.com/products/gutter-complete-family-package-1157816
[2026-05-23T08:31:50Z] #215 attempt=2/2 status=200 0.375s url=https://www.myfonts.com/products/gutter-complete-family-package-1157816
[2026-05-23T08:31:50Z] #216 attempt=1/2 status=200 0.407s url=https://www.myfonts.com/collections/gutter-font-dikas-studio/
[2026-05-23T08:31:51Z] #217 attempt=1/2 status=200 0.637s url=https://www.myfonts.com/products/limit-micro-complete-family-package-1157628
[2026-05-23T08:31:53Z] #218 attempt=1/2 status=200 1.055s url=https://www.myfonts.com/collections/limit-micro-font-bold-guys/
[2026-05-23T08:31:53Z] #219 attempt=1/2 status=200 0.314s url=https://www.myfonts.com/products/dryeyes-complete-family-package-1157547
[2026-05-23T08:31:54Z] #220 attempt=1/2 status=200 0.341s url=https://www.myfonts.com/collections/dryeyes-font-letterytz/
[2026-05-23T08:31:55Z] #221 attempt=1/2 status=200 0.292s url=https://www.myfonts.com/products/elitha-beauty-italic-complete-family-package-1157591
[2026-05-23T08:31:55Z] #222 attempt=1/2 status=200 0.401s url=https://www.myfonts.com/collections/elitha-beauty-italic-font-yoga-letter/
[2026-05-23T08:31:56Z] #223 attempt=1/2 status=200 0.284s url=https://www.myfonts.com/products/salt-fine-collection-complete-family-package-1157551
[2026-05-23T08:31:56Z] #224 attempt=1/2 status=429 0.041s url=https://www.myfonts.com/collections/salt-fine-collection-font-rhd-studio/
[2026-05-23T08:31:59Z] #225 attempt=2/2 status=200 0.474s url=https://www.myfonts.com/collections/salt-fine-collection-font-rhd-studio/
[2026-05-23T08:31:59Z] #226 attempt=1/2 status=200 0.358s url=https://www.myfonts.com/products/ayaha-complete-family-package-1157618
[2026-05-23T08:32:00Z] #227 attempt=1/2 status=200 0.476s url=https://www.myfonts.com/collections/ayaha-font-pedro-teixeira/
[2026-05-23T08:32:01Z] #228 attempt=1/2 status=200 0.299s url=https://www.myfonts.com/products/001-sans-serif-family-complete-family-package-1157607
[2026-05-23T08:32:01Z] #229 attempt=1/2 status=200 0.362s url=https://www.myfonts.com/collections/001-sans-serif-family-font-pedro-teixeira/
[2026-05-23T08:32:02Z] #230 attempt=1/2 status=200 0.335s url=https://www.myfonts.com/products/wesyo-complete-family-package-1157603
[2026-05-23T08:32:02Z] #231 attempt=1/2 status=429 0.055s url=https://www.myfonts.com/collections/wesyo-font-letterytz/
[2026-05-23T08:32:05Z] #232 attempt=2/2 status=200 0.439s url=https://www.myfonts.com/collections/wesyo-font-letterytz/
[2026-05-23T08:32:05Z] #233 attempt=1/2 status=200 0.344s url=https://www.myfonts.com/products/mognakin-complete-family-package-1157544
[2026-05-23T08:32:06Z] #234 attempt=1/2 status=200 0.428s url=https://www.myfonts.com/collections/mognakin-font-timelesstype-studio/
[2026-05-23T08:32:07Z] #235 attempt=1/2 status=200 0.331s url=https://www.myfonts.com/products/lotzo-complete-family-package-1157556
[2026-05-23T08:32:07Z] #236 attempt=1/2 status=200 0.421s url=https://www.myfonts.com/collections/lotzo-font-font-liner/
[2026-05-23T08:32:09Z] #237 attempt=1/6 status=200 0.731s url=https://www.myfonts.com/products.json?limit=100&page=7
[2026-05-23T08:32:09Z] #238 attempt=1/2 status=200 0.344s url=https://www.myfonts.com/products/calistany-sweet-romance-complete-family-package-1157561
[2026-05-23T08:32:10Z] #239 attempt=1/2 status=429 0.067s url=https://www.myfonts.com/collections/calistany-sweet-romance-font-letterena-studios/
[2026-05-23T08:32:12Z] #240 attempt=2/2 status=200 0.469s url=https://www.myfonts.com/collections/calistany-sweet-romance-font-letterena-studios/
[2026-05-23T08:32:13Z] #241 attempt=1/2 status=200 0.645s url=https://www.myfonts.com/products/the-aesthetic-swash-box-12-script-font-bundle-package-1157817
[2026-05-23T08:32:14Z] #242 attempt=1/2 status=404 0.247s url=https://www.myfonts.com/collections/the-aesthetic-swash-box-12-script-font-bundle-font-letterhanna-studio
[2026-05-23T08:32:14Z] #243 attempt=1/2 status=200 0.327s url=https://www.myfonts.com/products/morgan-strike-complete-family-package-1157583
[2026-05-23T08:32:15Z] #244 attempt=1/2 status=200 0.339s url=https://www.myfonts.com/collections/morgan-strike-font-yoga-letter/
[2026-05-23T08:32:15Z] #245 attempt=1/2 status=200 0.369s url=https://www.myfonts.com/products/kibtah-arabic-complete-family-package-1157559
[2026-05-23T08:32:16Z] #246 attempt=1/2 status=429 0.047s url=https://www.myfonts.com/collections/kibtah-arabic-font-namela/
[2026-05-23T08:32:18Z] #247 attempt=2/2 status=200 0.555s url=https://www.myfonts.com/collections/kibtah-arabic-font-namela/
[2026-05-23T08:32:19Z] #248 attempt=1/2 status=200 0.401s url=https://www.myfonts.com/products/guess-street-complete-family-package-1157576
[2026-05-23T08:32:20Z] #249 attempt=1/2 status=200 0.363s url=https://www.myfonts.com/collections/guess-street-font-stylishtype-studio/
[2026-05-23T08:32:20Z] #250 attempt=1/2 status=200 0.306s url=https://www.myfonts.com/products/regular-mistifine-1157595
[2026-05-23T08:32:21Z] #251 attempt=1/2 status=200 0.276s url=https://www.myfonts.com/collections/mistifine-font-yohanes-oktav/
[2026-05-23T08:32:21Z] #252 attempt=1/2 status=200 0.261s url=https://www.myfonts.com/products/regular-tazmeera-1157575
[2026-05-23T08:32:22Z] #253 attempt=1/2 status=429 0.048s url=https://www.myfonts.com/collections/tazmeera-font-denustudio/
[2026-05-23T08:32:24Z] #254 attempt=2/2 status=200 0.497s url=https://www.myfonts.com/collections/tazmeera-font-denustudio/
[2026-05-23T08:32:25Z] #255 attempt=1/2 status=200 0.306s url=https://www.myfonts.com/products/regular-thick-block-1157594
[2026-05-23T08:32:26Z] #256 attempt=1/2 status=200 0.418s url=https://www.myfonts.com/collections/thick-block-font-maxart/
[2026-05-23T08:32:26Z] #257 attempt=1/2 status=200 0.358s url=https://www.myfonts.com/products/arabica-neue-regular-arabicaneu-1143500
[2026-05-23T08:32:27Z] #258 attempt=1/2 status=200 0.304s url=https://www.myfonts.com/collections/arabicaneu-font-kangfont-studio/
[2026-05-23T08:32:27Z] #259 attempt=1/2 status=200 0.300s url=https://www.myfonts.com/products/semibold-expressway-soft-970139
[2026-05-23T08:32:28Z] #260 attempt=1/2 status=429 0.079s url=https://www.myfonts.com/collections/expressway-soft-font-typodermic/
[2026-05-23T08:32:31Z] #261 attempt=2/2 status=200 0.721s url=https://www.myfonts.com/collections/expressway-soft-font-typodermic/
[2026-05-23T08:32:31Z] #262 attempt=1/2 status=200 0.397s url=https://www.myfonts.com/products/regular-lazover-classico-1157606
[2026-05-23T08:32:32Z] #263 attempt=1/2 status=200 0.372s url=https://www.myfonts.com/collections/lazover-classico-font-mei-suseno/
[2026-05-23T08:32:33Z] #264 attempt=1/2 status=200 0.348s url=https://www.myfonts.com/products/compressed-thin-dean-soft-slab-vf-1127851
[2026-05-23T08:32:33Z] #265 attempt=1/2 status=200 0.299s url=https://www.myfonts.com/collections/dean-soft-slab-vf-font-blaze-type/
[2026-05-23T08:32:34Z] #266 attempt=1/2 status=200 0.363s url=https://www.myfonts.com/products/italic-liong-1157814
[2026-05-23T08:32:34Z] #267 attempt=1/2 status=429 0.083s url=https://www.myfonts.com/collections/liong-font-dikas-studio/
[2026-05-23T08:32:37Z] #268 attempt=2/2 status=200 0.444s url=https://www.myfonts.com/collections/liong-font-dikas-studio/
[2026-05-23T08:32:37Z] #269 attempt=1/2 status=200 0.285s url=https://www.myfonts.com/products/anti-mythology-regular-antimythology-1157589
[2026-05-23T08:32:38Z] #270 attempt=1/2 status=200 0.263s url=https://www.myfonts.com/collections/antimythology-font-margi-studio/
[2026-05-23T08:32:38Z] #271 attempt=1/2 status=200 0.320s url=https://www.myfonts.com/products/regular-ethereal-nymeria-1157590
[2026-05-23T08:32:39Z] #272 attempt=1/2 status=200 0.238s url=https://www.myfonts.com/collections/ethereal-nymeria-font-letterhanna-studio/
[2026-05-23T08:32:39Z] #273 attempt=1/2 status=429 0.043s url=https://www.myfonts.com/products/regular-fhanta-slamdunk-1157571
[2026-05-23T08:32:42Z] #274 attempt=2/2 status=200 0.461s url=https://www.myfonts.com/products/regular-fhanta-slamdunk-1157571
[2026-05-23T08:32:42Z] #275 attempt=1/2 status=200 0.365s url=https://www.myfonts.com/collections/fhanta-slamdunk-font-pineungtype-misinklab/
[2026-05-23T08:32:43Z] #276 attempt=1/2 status=200 0.302s url=https://www.myfonts.com/products/regular-aurellis-1143496
[2026-05-23T08:32:43Z] #277 attempt=1/2 status=200 0.305s url=https://www.myfonts.com/collections/aurellis-font-kangfont-studio/
[2026-05-23T08:32:44Z] #278 attempt=1/2 status=200 0.368s url=https://www.myfonts.com/products/regular-jomiw-1157579
[2026-05-23T08:32:45Z] #279 attempt=1/2 status=200 0.332s url=https://www.myfonts.com/collections/jomiw-font-linecreative/
[2026-05-23T08:32:45Z] #280 attempt=1/2 status=429 0.047s url=https://www.myfonts.com/products/regular-whisker-bites-1157543
[2026-05-23T08:32:48Z] #281 attempt=2/2 status=200 0.419s url=https://www.myfonts.com/products/regular-whisker-bites-1157543
[2026-05-23T08:32:48Z] #282 attempt=1/2 status=200 0.384s url=https://www.myfonts.com/collections/whisker-bites-font-shanaf/
[2026-05-23T08:32:49Z] #283 attempt=1/2 status=200 0.386s url=https://www.myfonts.com/products/regular-axenor-1143504
[2026-05-23T08:32:49Z] #284 attempt=1/2 status=200 0.294s url=https://www.myfonts.com/collections/axenor-font-kangfont-studio/
[2026-05-23T08:32:50Z] #285 attempt=1/2 status=200 0.409s url=https://www.myfonts.com/products/medium-ld-cherries-1157815
[2026-05-23T08:32:51Z] #286 attempt=1/2 status=200 0.514s url=https://www.myfonts.com/collections/ld-cherries-font-dikas-studio/
[2026-05-23T08:32:52Z] #287 attempt=1/6 status=200 0.770s url=https://www.myfonts.com/products.json?limit=100&page=8
[2026-05-23T08:32:54Z] #288 attempt=1/2 status=200 1.045s url=https://www.myfonts.com/products/all-the-typewriter-fonts-you-will-ever-need-package-916464
[2026-05-23T08:32:54Z] #289 attempt=1/2 status=404 0.189s url=https://www.myfonts.com/collections/all-the-typewriter-fonts-you-will-ever-need-font-anas-fonts
[2026-05-23T08:32:54Z] #290 attempt=1/2 status=429 0.039s url=https://www.myfonts.com/products/the-handmade-fonts-and-illustrations-collection-package-916568
[2026-05-23T08:32:57Z] #291 attempt=2/2 status=200 0.934s url=https://www.myfonts.com/products/the-handmade-fonts-and-illustrations-collection-package-916568
[2026-05-23T08:32:58Z] #292 attempt=1/2 status=404 0.212s url=https://www.myfonts.com/collections/the-handmade-fonts-and-illustrations-collection-font-anas-fonts
[2026-05-23T08:32:58Z] #293 attempt=1/2 status=200 0.439s url=https://www.myfonts.com/products/regular-boxarone-1157384
[2026-05-23T08:32:59Z] #294 attempt=1/2 status=200 0.394s url=https://www.myfonts.com/collections/boxarone-font-mei-suseno/
[2026-05-23T08:33:00Z] #295 attempt=1/2 status=200 0.361s url=https://www.myfonts.com/products/sallintine-calligraphy-complete-family-package-1157210
[2026-05-23T08:33:00Z] #296 attempt=1/2 status=200 0.520s url=https://www.myfonts.com/collections/sallintine-calligraphy-font-logic-type/
[2026-05-23T08:33:01Z] #297 attempt=1/2 status=200 0.473s url=https://www.myfonts.com/products/tbj-valmist-complete-family-package-1126597
[2026-05-23T08:33:02Z] #298 attempt=1/2 status=429 0.089s url=https://www.myfonts.com/collections/tbj-valmist-font-taboja-studio/
[2026-05-23T08:33:04Z] #299 attempt=2/2 status=200 0.581s url=https://www.myfonts.com/collections/tbj-valmist-font-taboja-studio/
[2026-05-23T08:33:05Z] #300 attempt=1/2 status=200 0.720s url=https://www.myfonts.com/products/quirlone-complete-family-package-1155779
[2026-05-23T08:33:06Z] #301 attempt=1/2 status=200 0.867s url=https://www.myfonts.com/collections/quirlone-font-propertype/
[2026-05-23T08:33:08Z] #302 attempt=1/2 status=200 0.681s url=https://www.myfonts.com/products/bomburst-complete-family-package-1157189
[2026-05-23T08:33:09Z] #303 attempt=1/2 status=200 1.019s url=https://www.myfonts.com/collections/bomburst-font-versustwin/
[2026-05-23T08:33:10Z] #304 attempt=1/2 status=200 0.774s url=https://www.myfonts.com/products/frontend-complete-family-package-1156132
[2026-05-23T08:33:12Z] #305 attempt=1/2 status=200 1.389s url=https://www.myfonts.com/collections/frontend-font-trick-type-style/
[2026-05-23T08:33:13Z] #306 attempt=1/2 status=200 0.300s url=https://www.myfonts.com/products/calteo-complete-family-package-1157356
[2026-05-23T08:33:14Z] #307 attempt=1/2 status=200 0.352s url=https://www.myfonts.com/collections/calteo-font-ragamkata/
[2026-05-23T08:33:14Z] #308 attempt=1/2 status=200 0.427s url=https://www.myfonts.com/products/bilgen-complete-family-package-1157516
[2026-05-23T08:33:15Z] #309 attempt=1/2 status=200 0.648s url=https://www.myfonts.com/collections/bilgen-font-bykineks/
[2026-05-23T08:33:16Z] #310 attempt=1/2 status=200 0.702s url=https://www.myfonts.com/products/adhesian-complete-family-package-1155711
[2026-05-23T08:33:17Z] #311 attempt=1/2 status=200 0.822s url=https://www.myfonts.com/collections/adhesian-serif-font-propertype/
[2026-05-23T08:33:18Z] #312 attempt=1/2 status=200 0.417s url=https://www.myfonts.com/products/best-remind-complete-family-package-1157353
[2026-05-23T08:33:19Z] #313 attempt=1/2 status=200 0.477s url=https://www.myfonts.com/collections/best-remind-font-ragamkata/
[2026-05-23T08:33:20Z] #314 attempt=1/2 status=200 0.349s url=https://www.myfonts.com/products/ls-selebriti-complete-family-package-1157387
[2026-05-23T08:33:20Z] #315 attempt=1/2 status=200 0.412s url=https://www.myfonts.com/collections/ls-selebriti-font-letternesia-studio/
[2026-05-23T08:33:21Z] #316 attempt=1/2 status=200 0.504s url=https://www.myfonts.com/products/brodies-soft-package-1157351
[2026-05-23T08:33:22Z] #317 attempt=1/2 status=200 1.125s url=https://www.myfonts.com/collections/brodies-font-glowtype/
[2026-05-23T08:33:23Z] #318 attempt=1/2 status=200 0.279s url=https://www.myfonts.com/products/satzo-complete-family-package-1156931
[2026-05-23T08:33:24Z] #319 attempt=1/2 status=200 0.282s url=https://www.myfonts.com/collections/satzo-font-ragamkata/
[2026-05-23T08:33:24Z] #320 attempt=1/2 status=200 0.355s url=https://www.myfonts.com/products/serion-complete-family-package-1157396
[2026-05-23T08:33:25Z] #321 attempt=1/2 status=200 0.420s url=https://www.myfonts.com/collections/serion-font-prestige-artsy-studio/
[2026-05-23T08:33:26Z] #322 attempt=1/2 status=200 0.378s url=https://www.myfonts.com/products/akore-complete-family-package-1157206
[2026-05-23T08:33:26Z] #323 attempt=1/2 status=429 0.082s url=https://www.myfonts.com/collections/akore-font-grontype/
[2026-05-23T08:33:29Z] #324 attempt=2/2 status=200 0.545s url=https://www.myfonts.com/collections/akore-font-grontype/
[2026-05-23T08:33:29Z] #325 attempt=1/2 status=200 0.363s url=https://www.myfonts.com/products/gotham-core-pack-package-1144273
[2026-05-23T08:33:30Z] #326 attempt=1/2 status=200 0.482s url=https://www.myfonts.com/collections/gotham-font-hoefler-and-co/
[2026-05-23T08:33:31Z] #327 attempt=1/2 status=200 0.459s url=https://www.myfonts.com/products/dust-forge-complete-family-package-1157215
[2026-05-23T08:33:32Z] #328 attempt=1/2 status=200 0.438s url=https://www.myfonts.com/collections/dust-forge-font-letterhend/
[2026-05-23T08:33:33Z] #329 attempt=1/2 status=200 0.423s url=https://www.myfonts.com/products/starligh-timber-complete-family-package-1156917
[2026-05-23T08:33:33Z] #330 attempt=1/2 status=200 0.606s url=https://www.myfonts.com/collections/starligh-timber-font-stylishtype-studio/
[2026-05-23T08:33:35Z] #331 attempt=1/2 status=200 1.310s url=https://www.myfonts.com/products/griggs-complete-family-package-1156430
[2026-05-23T08:33:38Z] #332 attempt=1/2 status=200 2.656s url=https://www.myfonts.com/collections/griggs-font-seniors-studio/
[2026-05-23T08:33:40Z] #333 attempt=1/2 status=200 0.379s url=https://www.myfonts.com/products/grill-time-complete-family-package-1156922
[2026-05-23T08:33:40Z] #334 attempt=1/2 status=200 0.405s url=https://www.myfonts.com/collections/grill-time-font-vozzy/
[2026-05-23T08:33:41Z] #335 attempt=1/2 status=200 0.902s url=https://www.myfonts.com/products/bolshoi-complete-family-package-1157413
[2026-05-23T08:33:43Z] #336 attempt=1/2 status=200 1.186s url=https://www.myfonts.com/collections/bolshoi-font-alpercakici/
[2026-05-23T08:33:44Z] #337 attempt=1/2 status=200 0.326s url=https://www.myfonts.com/products/milviano-complete-family-package-1157390
[2026-05-23T08:33:44Z] #338 attempt=1/2 status=200 0.402s url=https://www.myfonts.com/collections/milviano-font-fridaytype/
[2026-05-23T08:33:46Z] #339 attempt=1/2 status=200 0.961s url=https://www.myfonts.com/products/cuptcha-complete-family-package-1156935
[2026-05-23T08:33:47Z] #340 attempt=1/2 status=200 1.249s url=https://www.myfonts.com/collections/cuptcha-font-blaze-type/
[2026-05-23T08:33:49Z] #341 attempt=1/2 status=200 0.750s url=https://www.myfonts.com/products/volkys-serif-complete-family-package-1155532
[2026-05-23T08:33:50Z] #342 attempt=1/2 status=200 1.575s url=https://www.myfonts.com/collections/volkys-serif-font-propertype/
[2026-05-23T08:33:52Z] #343 attempt=1/2 status=200 0.476s url=https://www.myfonts.com/products/orochima-complete-family-package-1155868
[2026-05-23T08:33:53Z] #344 attempt=1/2 status=200 0.837s url=https://www.myfonts.com/collections/orochima-font-alpercakici/
[2026-05-23T08:33:54Z] #345 attempt=1/2 status=200 0.899s url=https://www.myfonts.com/products/figo-shiftz-editorial-complete-family-package-1155926
[2026-05-23T08:33:55Z] #346 attempt=1/2 status=200 0.979s url=https://www.myfonts.com/collections/figo-shiftz-editorial-font-propertype/
[2026-05-23T08:33:57Z] #347 attempt=1/2 status=200 1.159s url=https://www.myfonts.com/products/protector-complete-family-package-1157044
[2026-05-23T08:33:59Z] #348 attempt=1/2 status=200 1.485s url=https://www.myfonts.com/collections/protector-font-alpercakici/
[2026-05-23T08:34:00Z] #349 attempt=1/2 status=200 0.320s url=https://www.myfonts.com/products/wisageni-complete-family-package-1156928
[2026-05-23T08:34:01Z] #350 attempt=1/2 status=200 0.399s url=https://www.myfonts.com/collections/wisageni-font-agung-sudirman/
[2026-05-23T08:34:01Z] #351 attempt=1/2 status=200 0.491s url=https://www.myfonts.com/products/fogira-khuils-complete-family-package-1156910
[2026-05-23T08:34:02Z] #352 attempt=1/2 status=200 0.478s url=https://www.myfonts.com/collections/fogira-khuils-font-timelesstype-studio/
[2026-05-23T08:34:03Z] #353 attempt=1/2 status=200 0.361s url=https://www.myfonts.com/products/middleweight-style-package-1157190
[2026-05-23T08:34:03Z] #354 attempt=1/2 status=200 0.495s url=https://www.myfonts.com/collections/otflag-sans-font-oktnum-type-foundry/
[2026-05-23T08:34:04Z] #355 attempt=1/2 status=200 0.370s url=https://www.myfonts.com/products/khairullah-complete-family-package-1156914
[2026-05-23T08:34:05Z] #356 attempt=1/2 status=200 0.372s url=https://www.myfonts.com/collections/khairullah-font-made-deduk/
[2026-05-23T08:34:06Z] #357 attempt=1/2 status=200 0.444s url=https://www.myfonts.com/products/itadori-complete-family-package-1157363
[2026-05-23T08:34:06Z] #358 attempt=1/2 status=200 0.619s url=https://www.myfonts.com/collections/itadori-font-zafara-studios/
[2026-05-23T08:34:07Z] #359 attempt=1/2 status=200 0.382s url=https://www.myfonts.com/products/roxelis-complete-family-package-1157359
[2026-05-23T08:34:08Z] #360 attempt=1/2 status=200 0.426s url=https://www.myfonts.com/collections/roxelis-font-valorix-studio/
[2026-05-23T08:34:08Z] #361 attempt=1/2 status=200 0.403s url=https://www.myfonts.com/products/de-floras-complete-family-package-1156888
[2026-05-23T08:34:09Z] #362 attempt=1/2 status=200 0.444s url=https://www.myfonts.com/collections/de-floras-font-dikas-studio/
[2026-05-23T08:34:10Z] #363 attempt=1/2 status=200 0.787s url=https://www.myfonts.com/products/griggs-serif-complete-family-package-1156552
[2026-05-23T08:34:11Z] #364 attempt=1/2 status=200 0.961s url=https://www.myfonts.com/collections/griggs-serif-font-seniors-studio/
[2026-05-23T08:34:13Z] #365 attempt=1/2 status=200 0.558s url=https://www.myfonts.com/products/calitra-complete-family-package-1157218
[2026-05-23T08:34:14Z] #366 attempt=1/2 status=200 0.878s url=https://www.myfonts.com/collections/calitra-font-soft-creative/
[2026-05-23T08:34:15Z] #367 attempt=1/2 status=200 0.357s url=https://www.myfonts.com/products/belon-fine-kanteris-complete-family-package-1157409
[2026-05-23T08:34:15Z] #368 attempt=1/2 status=200 0.366s url=https://www.myfonts.com/collections/belon-fine-kanteris-font-letterena-studios/
[2026-05-23T08:34:16Z] #369 attempt=1/2 status=200 0.385s url=https://www.myfonts.com/products/gud-female-complete-family-package-1157393
[2026-05-23T08:34:16Z] #370 attempt=1/2 status=200 0.373s url=https://www.myfonts.com/collections/gud-female-font-letterena-studios/
[2026-05-23T08:34:18Z] #371 attempt=1/2 status=200 0.890s url=https://www.myfonts.com/products/griggs-sans-complete-family-package-1156521
[2026-05-23T08:34:19Z] #372 attempt=1/2 status=200 0.985s url=https://www.myfonts.com/collections/griggs-sans-font-seniors-studio/
[2026-05-23T08:34:20Z] #373 attempt=1/2 status=200 0.378s url=https://www.myfonts.com/products/qasel-sans-complete-family-package-1156901
[2026-05-23T08:34:20Z] #374 attempt=1/2 status=200 0.430s url=https://www.myfonts.com/collections/qasel-sans-font-elyas-beria/
[2026-05-23T08:34:21Z] #375 attempt=1/2 status=200 0.535s url=https://www.myfonts.com/products/griggs-flare-complete-family-package-1156583
[2026-05-23T08:34:22Z] #376 attempt=1/2 status=200 0.925s url=https://www.myfonts.com/collections/griggs-flare-font-seniors-studio/
[2026-05-23T08:34:23Z] #377 attempt=1/2 status=200 0.342s url=https://www.myfonts.com/products/blackout-child-of-evil-667-1156086
[2026-05-23T08:34:24Z] #378 attempt=1/2 status=429 0.058s url=https://www.myfonts.com/collections/child-of-evil-667-font-remedy667/
[2026-05-23T08:34:26Z] #379 attempt=2/2 status=200 0.509s url=https://www.myfonts.com/collections/child-of-evil-667-font-remedy667/
[2026-05-23T08:34:27Z] #380 attempt=1/2 status=200 0.331s url=https://www.myfonts.com/products/light-oblique-hovide-mono-1156068
[2026-05-23T08:34:28Z] #381 attempt=1/2 status=200 0.418s url=https://www.myfonts.com/collections/hovide-mono-font-zafara-studios/
[2026-05-23T08:34:29Z] #382 attempt=1/6 status=200 0.789s url=https://www.myfonts.com/products.json?limit=100&page=9
[2026-05-23T08:34:30Z] #383 attempt=1/2 status=200 0.320s url=https://www.myfonts.com/products/oblique-fever-gothic-667-1156102
[2026-05-23T08:34:30Z] #384 attempt=1/2 status=200 0.413s url=https://www.myfonts.com/collections/fever-gothic-667-font-remedy667/
[2026-05-23T08:34:31Z] #385 attempt=1/2 status=429 0.042s url=https://www.myfonts.com/products/regular-valorine-1156920
[2026-05-23T08:34:33Z] #386 attempt=2/2 status=200 0.364s url=https://www.myfonts.com/products/regular-valorine-1156920
[2026-05-23T08:34:34Z] #387 attempt=1/2 status=200 0.375s url=https://www.myfonts.com/collections/valorine-font-letterstock/
[2026-05-23T08:34:34Z] #388 attempt=1/2 status=200 0.377s url=https://www.myfonts.com/products/o-upright-brains-for-breakfast-1156095
[2026-05-23T08:34:35Z] #389 attempt=1/2 status=200 0.409s url=https://www.myfonts.com/collections/brains-for-breakfast-font-remedy667/
[2026-05-23T08:34:36Z] #390 attempt=1/2 status=200 0.330s url=https://www.myfonts.com/products/regular-melarune-1156022
[2026-05-23T08:34:36Z] #391 attempt=1/2 status=429 0.088s url=https://www.myfonts.com/collections/melarune-font-vadova-std/
[2026-05-23T08:34:39Z] #392 attempt=2/2 status=200 0.351s url=https://www.myfonts.com/collections/melarune-font-vadova-std/
[2026-05-23T08:34:39Z] #393 attempt=1/2 status=200 0.337s url=https://www.myfonts.com/products/oblique-grave-tripper-667-1156098
[2026-05-23T08:34:40Z] #394 attempt=1/2 status=200 0.372s url=https://www.myfonts.com/collections/grave-tripper-667-font-remedy667/
[2026-05-23T08:34:41Z] #395 attempt=1/6 status=200 0.747s url=https://www.myfonts.com/products.json?limit=100&page=10
[2026-05-23T08:34:42Z] #396 attempt=1/2 status=200 0.275s url=https://www.myfonts.com/products/regular-colossia-1156023
[2026-05-23T08:34:42Z] #397 attempt=1/2 status=429 0.046s url=https://www.myfonts.com/collections/colossia-font-vadova-std/
[2026-05-23T08:34:44Z] #398 attempt=2/2 status=200 0.367s url=https://www.myfonts.com/collections/colossia-font-vadova-std/
[2026-05-23T08:34:45Z] #399 attempt=1/2 status=200 0.301s url=https://www.myfonts.com/products/regular-black-morgana-1156913
[2026-05-23T08:34:46Z] #400 attempt=1/2 status=200 0.267s url=https://www.myfonts.com/collections/black-morgana-font-alit-design/
[2026-05-23T08:34:47Z] #401 attempt=1/6 status=200 0.796s url=https://www.myfonts.com/products.json?limit=100&page=11
[2026-05-23T08:34:48Z] #402 attempt=1/6 status=200 0.715s url=https://www.myfonts.com/products.json?limit=100&page=12
[2026-05-23T08:34:49Z] #403 attempt=1/2 status=200 0.303s url=https://www.myfonts.com/products/regular-essence-purelight-1157412
[2026-05-23T08:34:49Z] #404 attempt=1/2 status=429 0.057s url=https://www.myfonts.com/collections/essence-purelight-font-bonjourtype/
[2026-05-23T08:34:51Z] #405 attempt=2/2 status=200 0.339s url=https://www.myfonts.com/collections/essence-purelight-font-bonjourtype/
[2026-05-23T08:34:53Z] #406 attempt=1/6 status=200 0.662s url=https://www.myfonts.com/products.json?limit=100&page=13
[2026-05-23T08:34:53Z] #407 attempt=1/2 status=200 0.273s url=https://www.myfonts.com/products/regular-enrole-1156017
[2026-05-23T08:34:54Z] #408 attempt=1/2 status=200 0.261s url=https://www.myfonts.com/collections/enrole-font-vadova-std/
[2026-05-23T08:34:54Z] #409 attempt=1/2 status=200 0.262s url=https://www.myfonts.com/products/regular-the-rakety-bophaq-1156034
[2026-05-23T08:34:55Z] #410 attempt=1/2 status=429 0.045s url=https://www.myfonts.com/collections/the-rakety-bophaq-font-pineungtype-misinklab/
[2026-05-23T08:34:57Z] #411 attempt=2/2 status=200 0.330s url=https://www.myfonts.com/collections/the-rakety-bophaq-font-pineungtype-misinklab/
[2026-05-23T08:34:58Z] #412 attempt=1/6 status=200 0.765s url=https://www.myfonts.com/products.json?limit=100&page=14
[2026-05-23T08:34:59Z] #413 attempt=1/2 status=200 0.405s url=https://www.myfonts.com/products/regular-the-sanchez-monthly-1156921
[2026-05-23T08:35:00Z] #414 attempt=1/2 status=200 0.291s url=https://www.myfonts.com/collections/the-sanchez-monthly-font-moontiontype/
[2026-05-23T08:35:00Z] #415 attempt=1/2 status=200 0.349s url=https://www.myfonts.com/products/italic-write-the-next-line-1156061
[2026-05-23T08:35:00Z] #416 attempt=1/2 status=429 0.048s url=https://www.myfonts.com/collections/write-the-next-line-font-pizzadudedk/
[2026-05-23T08:35:03Z] #417 attempt=2/2 status=200 0.496s url=https://www.myfonts.com/collections/write-the-next-line-font-pizzadudedk/
[2026-05-23T08:35:04Z] #418 attempt=1/2 status=200 0.316s url=https://www.myfonts.com/products/regular-klauge-1156030
[2026-05-23T08:35:04Z] #419 attempt=1/2 status=200 0.259s url=https://www.myfonts.com/collections/klauge-font-bryantamanh/
[2026-05-23T08:35:06Z] #420 attempt=1/6 status=200 0.695s url=https://www.myfonts.com/products.json?limit=100&page=15
[2026-05-23T08:35:06Z] #421 attempt=1/2 status=200 0.304s url=https://www.myfonts.com/products/regular-slovia-1157296
[2026-05-23T08:35:07Z] #422 attempt=1/2 status=200 0.288s url=https://www.myfonts.com/collections/slovia-font-limitype/
[2026-05-23T08:35:07Z] #423 attempt=1/2 status=200 0.305s url=https://www.myfonts.com/products/regular-everight-1157362
[2026-05-23T08:35:07Z] #424 attempt=1/2 status=429 0.039s url=https://www.myfonts.com/collections/everight-font-epiclinez/
[2026-05-23T08:35:10Z] #425 attempt=2/2 status=200 0.371s url=https://www.myfonts.com/collections/everight-font-epiclinez/
[2026-05-23T08:35:11Z] #426 attempt=1/2 status=200 0.459s url=https://www.myfonts.com/products/rough-texture-falkenridge-1156019
[2026-05-23T08:35:11Z] #427 attempt=1/2 status=200 0.423s url=https://www.myfonts.com/collections/falkenridge-font-casloop-studio/
[2026-05-23T08:35:12Z] #428 attempt=1/2 status=200 0.339s url=https://www.myfonts.com/products/regular-rolyzim-1156927
[2026-05-23T08:35:13Z] #429 attempt=1/2 status=200 0.333s url=https://www.myfonts.com/collections/rolyzim-font-erifqizefont/
[2026-05-23T08:35:13Z] #430 attempt=1/2 status=200 0.341s url=https://www.myfonts.com/products/regular-clavoso-1157386
[2026-05-23T08:35:14Z] #431 attempt=1/2 status=429 0.065s url=https://www.myfonts.com/collections/clavoso-font-true-story-letterworks/
[2026-05-23T08:35:16Z] #432 attempt=2/2 status=200 0.380s url=https://www.myfonts.com/collections/clavoso-font-true-story-letterworks/
[2026-05-23T08:35:17Z] #433 attempt=1/2 status=200 0.297s url=https://www.myfonts.com/products/regular-majestica-royale-1157369
[2026-05-23T08:35:17Z] #434 attempt=1/2 status=200 0.274s url=https://www.myfonts.com/collections/majestica-royale-font-bluestype-studio/
[2026-05-23T08:35:19Z] #435 attempt=1/6 status=200 0.755s url=https://www.myfonts.com/products.json?limit=100&page=16
[2026-05-23T08:35:19Z] #436 attempt=1/2 status=200 0.268s url=https://www.myfonts.com/products/regular-blazionix-1156025
[2026-05-23T08:35:19Z] #437 attempt=1/2 status=200 0.251s url=https://www.myfonts.com/collections/blazionix-font-vadova-std/
[2026-05-23T08:35:21Z] #438 attempt=1/6 status=200 0.748s url=https://www.myfonts.com/products.json?limit=100&page=17
[2026-05-23T08:35:21Z] #439 attempt=1/2 status=200 0.290s url=https://www.myfonts.com/products/script-hammerfos-1156028
[2026-05-23T08:35:22Z] #440 attempt=1/2 status=429 0.037s url=https://www.myfonts.com/collections/hammerfos-font-letterytz/
[2026-05-23T08:35:24Z] #441 attempt=2/2 status=200 0.336s url=https://www.myfonts.com/collections/hammerfos-font-letterytz/
[2026-05-23T08:35:25Z] #442 attempt=1/2 status=200 0.375s url=https://www.myfonts.com/products/regular-splurge-carmage-1157214
[2026-05-23T08:35:25Z] #443 attempt=1/2 status=200 0.287s url=https://www.myfonts.com/collections/splurge-carmage-font-inviline/
[2026-05-23T08:35:26Z] #444 attempt=1/2 status=200 0.308s url=https://www.myfonts.com/products/kang-xi-dictionary-shiwen-regular-kangxi-dictionary-shiwen-1156029
[2026-05-23T08:35:26Z] #445 attempt=1/2 status=200 0.280s url=https://www.myfonts.com/collections/kangxi-dictionary-shiwen-font-kangxizidian/
[2026-05-23T08:35:27Z] #446 attempt=1/2 status=429 0.039s url=https://www.myfonts.com/products/regular-xintau-1156055
[2026-05-23T08:35:29Z] #447 attempt=2/2 status=200 0.336s url=https://www.myfonts.com/products/regular-xintau-1156055
[2026-05-23T08:35:30Z] #448 attempt=1/2 status=200 0.257s url=https://www.myfonts.com/collections/xintau-font-gian-studio/
[2026-05-23T08:35:31Z] #449 attempt=1/6 status=200 0.707s url=https://www.myfonts.com/products.json?limit=100&page=18
[2026-05-23T08:35:32Z] #450 attempt=1/2 status=200 0.295s url=https://www.myfonts.com/products/script-brusselco-1156099
[2026-05-23T08:35:32Z] #451 attempt=1/2 status=200 0.296s url=https://www.myfonts.com/collections/brusselco-font-bondangail/
[2026-05-23T08:35:33Z] #452 attempt=1/2 status=200 0.334s url=https://www.myfonts.com/products/right-nova-regular-right-nova-1156026
[2026-05-23T08:35:33Z] #453 attempt=1/2 status=429 0.044s url=https://www.myfonts.com/collections/right-nova-font-imoodev/
[2026-05-23T08:35:35Z] #454 attempt=2/2 status=200 0.343s url=https://www.myfonts.com/collections/right-nova-font-imoodev/
[2026-05-23T08:35:36Z] #455 attempt=1/2 status=200 0.318s url=https://www.myfonts.com/products/regular-make-your-move-1156900
[2026-05-23T08:35:37Z] #456 attempt=1/2 status=200 0.388s url=https://www.myfonts.com/collections/make-your-move-font-bonjourtype/
[2026-05-23T08:35:38Z] #457 attempt=1/6 status=200 0.713s url=https://www.myfonts.com/products.json?limit=100&page=19
[2026-05-23T08:35:39Z] #458 attempt=1/2 status=200 0.287s url=https://www.myfonts.com/products/cuptcha-compressed-thin-cuptcha-variable-1156934
[2026-05-23T08:35:39Z] #459 attempt=1/2 status=200 0.256s url=https://www.myfonts.com/collections/cuptcha-variable-font-blaze-type/
[2026-05-23T08:35:40Z] #460 attempt=1/6 status=200 0.701s url=https://www.myfonts.com/products.json?limit=100&page=20
[2026-05-23T08:35:42Z] #461 attempt=1/6 status=200 0.706s url=https://www.myfonts.com/products.json?limit=100&page=21
[2026-05-23T08:35:43Z] #462 attempt=1/6 status=200 0.806s url=https://www.myfonts.com/products.json?limit=100&page=22
[2026-05-23T08:35:43Z] #463 attempt=1/2 status=200 0.300s url=https://www.myfonts.com/products/regular-erendela-1156024
[2026-05-23T08:35:44Z] #464 attempt=1/2 status=200 0.372s url=https://www.myfonts.com/collections/erendela-font-vadova-std/
[2026-05-23T08:35:45Z] #465 attempt=1/6 status=200 0.778s url=https://www.myfonts.com/products.json?limit=100&page=23
[2026-05-23T08:35:46Z] #466 attempt=1/2 status=200 0.386s url=https://www.myfonts.com/products/basseet-complete-family-package-1157199
[2026-05-23T08:35:46Z] #467 attempt=1/2 status=429 0.048s url=https://www.myfonts.com/collections/basseet-font-grafikarfonts/
[2026-05-23T08:35:49Z] #468 attempt=2/2 status=200 0.507s url=https://www.myfonts.com/collections/basseet-font-grafikarfonts/
[2026-05-23T08:35:50Z] #469 attempt=1/2 status=200 0.350s url=https://www.myfonts.com/products/forega-sport-complete-family-package-1157232
[2026-05-23T08:35:50Z] #470 attempt=1/2 status=200 0.314s url=https://www.myfonts.com/collections/forega-sport-font-vermilione/
[2026-05-23T08:35:51Z] #471 attempt=1/2 status=200 0.293s url=https://www.myfonts.com/products/italic-gotham-variable-1129123
[2026-05-23T08:35:51Z] #472 attempt=1/2 status=200 0.153s url=https://www.myfonts.com/collections/gotham-variable-font-hoefler-and-co/
[2026-05-23T08:35:52Z] #473 attempt=1/2 status=200 0.286s url=https://www.myfonts.com/products/regular-sunsurya-1157205
[2026-05-23T08:35:52Z] #474 attempt=1/2 status=429 0.038s url=https://www.myfonts.com/collections/sunsurya-font-alit-design/
[2026-05-23T08:35:54Z] #475 attempt=2/2 status=200 0.320s url=https://www.myfonts.com/collections/sunsurya-font-alit-design/
[2026-05-23T08:35:55Z] #476 attempt=1/2 status=200 0.279s url=https://www.myfonts.com/products/regular-hallfix-marker-1157324
[2026-05-23T08:35:56Z] #477 attempt=1/2 status=200 0.315s url=https://www.myfonts.com/collections/hallfix-marker-font-negara-studio/
[2026-05-23T08:35:56Z] #478 attempt=1/2 status=200 0.322s url=https://www.myfonts.com/products/chrones-complete-family-package-1156031
[2026-05-23T08:35:56Z] #479 attempt=1/2 status=429 0.058s url=https://www.myfonts.com/collections/chrones-font-vermilione/
[2026-05-23T08:35:59Z] #480 attempt=2/2 status=200 0.397s url=https://www.myfonts.com/collections/chrones-font-vermilione/
[2026-05-23T08:36:00Z] #481 attempt=1/2 status=200 0.594s url=https://www.myfonts.com/products/ardelin-complete-family-package-1155354
[2026-05-23T08:36:01Z] #482 attempt=1/2 status=200 0.916s url=https://www.myfonts.com/collections/ardelin-font-stripes-studio/
[2026-05-23T08:36:02Z] #483 attempt=1/2 status=200 0.322s url=https://www.myfonts.com/products/drawxel-complete-family-package-1156622
[2026-05-23T08:36:03Z] #484 attempt=1/2 status=200 0.363s url=https://www.myfonts.com/collections/drawxel-font-sensatype-studio/
[2026-05-23T08:36:03Z] #485 attempt=1/2 status=200 0.339s url=https://www.myfonts.com/products/castle-of-dracula-667-complete-family-package-1156872
[2026-05-23T08:36:04Z] #486 attempt=1/2 status=200 0.434s url=https://www.myfonts.com/collections/castle-of-dracula-667-font-remedy667/
[2026-05-23T08:36:04Z] #487 attempt=1/2 status=200 0.271s url=https://www.myfonts.com/products/bluter-complete-family-package-1154816
[2026-05-23T08:36:05Z] #488 attempt=1/2 status=429 0.074s url=https://www.myfonts.com/collections/bluter-font-dareco-studio
[2026-05-23T08:36:07Z] #489 attempt=2/2 status=200 0.433s url=https://www.myfonts.com/collections/bluter-font-dareco-studio
[2026-05-23T08:36:08Z] #490 attempt=1/2 status=200 0.360s url=https://www.myfonts.com/products/washington-neo-complete-family-package-1155483
[2026-05-23T08:36:09Z] #491 attempt=1/2 status=200 0.523s url=https://www.myfonts.com/collections/washington-neo-font-type-associates/
[2026-05-23T08:36:09Z] #492 attempt=1/2 status=200 0.343s url=https://www.myfonts.com/products/static-package-1154807
[2026-05-23T08:36:10Z] #493 attempt=1/2 status=200 0.565s url=https://www.myfonts.com/collections/jtgothic-font-alffonts/
[2026-05-23T08:36:11Z] #494 attempt=1/2 status=200 0.385s url=https://www.myfonts.com/products/gc-cultivo-complete-family-package-1155491
[2026-05-23T08:36:12Z] #495 attempt=1/2 status=200 0.464s url=https://www.myfonts.com/collections/gc-cultivo-font-onyx-studio/
[2026-05-23T08:36:12Z] #496 attempt=1/2 status=200 0.489s url=https://www.myfonts.com/products/smiley-candy-complete-family-package-1156879
[2026-05-23T08:36:13Z] #497 attempt=1/2 status=429 0.048s url=https://www.myfonts.com/collections/smiley-candy-font-sipanji21/
[2026-05-23T08:36:16Z] #498 attempt=2/2 status=200 0.678s url=https://www.myfonts.com/collections/smiley-candy-font-sipanji21/
[2026-05-23T08:36:16Z] #499 attempt=1/2 status=200 0.370s url=https://www.myfonts.com/products/neficto-complete-family-package-1156056
[2026-05-23T08:36:17Z] #500 attempt=1/2 status=200 0.435s url=https://www.myfonts.com/collections/neficto-font-font-liner/
[2026-05-23T08:36:18Z] #501 attempt=1/2 status=200 0.292s url=https://www.myfonts.com/products/ichiji-complete-family-package-1155466
[2026-05-23T08:36:18Z] #502 attempt=1/2 status=200 0.374s url=https://www.myfonts.com/collections/ichiji-font-factory738/
[2026-05-23T08:36:19Z] #503 attempt=1/2 status=200 0.379s url=https://www.myfonts.com/products/selario-complete-family-package-1155219
[2026-05-23T08:36:19Z] #504 attempt=1/2 status=429 0.042s url=https://www.myfonts.com/collections/selario-font-timelesstype-studio/
[2026-05-23T08:36:22Z] #505 attempt=2/2 status=200 0.493s url=https://www.myfonts.com/collections/selario-font-timelesstype-studio/
[2026-05-23T08:36:22Z] #506 attempt=1/2 status=200 0.310s url=https://www.myfonts.com/products/werk-neue-complete-family-package-1155267
[2026-05-23T08:36:23Z] #507 attempt=1/2 status=200 0.617s url=https://www.myfonts.com/collections/werk-neue-font-webhance/
[2026-05-23T08:36:24Z] #508 attempt=1/2 status=200 0.619s url=https://www.myfonts.com/products/semi-expanded-package-1156427
[2026-05-23T08:36:26Z] #509 attempt=1/2 status=200 1.532s url=https://www.myfonts.com/collections/aurethique-font-eyetype/
[2026-05-23T08:36:27Z] #510 attempt=1/2 status=200 0.433s url=https://www.myfonts.com/products/aliskan-sans-complete-family-package-1155501
[2026-05-23T08:36:28Z] #511 attempt=1/2 status=200 0.313s url=https://www.myfonts.com/collections/aliskan-sans-font-madjack-font/
[2026-05-23T08:36:28Z] #512 attempt=1/2 status=200 0.274s url=https://www.myfonts.com/products/spring-katteny-complete-family-package-1154782
[2026-05-23T08:36:29Z] #513 attempt=1/2 status=200 0.398s url=https://www.myfonts.com/collections/spring-katteny-font-yoga-letter/
[2026-05-23T08:36:30Z] #514 attempt=1/2 status=200 0.688s url=https://www.myfonts.com/products/tt-commonstm-pro-basic-package-package-1155348
[2026-05-23T08:36:32Z] #515 attempt=1/2 status=200 1.620s url=https://www.myfonts.com/collections/tt-commons-font-typetype/
[2026-05-23T08:36:33Z] #516 attempt=1/2 status=200 0.347s url=https://www.myfonts.com/products/edit-serif-pro-complete-family-package-1154994
[2026-05-23T08:36:34Z] #517 attempt=1/2 status=200 0.355s url=https://www.myfonts.com/collections/edit-serif-pro-font-atlasfontfoundry/
[2026-05-23T08:36:34Z] #518 attempt=1/2 status=200 0.298s url=https://www.myfonts.com/products/anchorist-complete-family-package-1155449
[2026-05-23T08:36:35Z] #519 attempt=1/2 status=200 0.313s url=https://www.myfonts.com/collections/anchorist-font-vozzy/
[2026-05-23T08:36:35Z] #520 attempt=1/2 status=200 0.427s url=https://www.myfonts.com/products/valore-pro-complete-family-package-1095876
[2026-05-23T08:36:36Z] #521 attempt=1/2 status=429 0.037s url=https://www.myfonts.com/collections/valore-pro-font-nollev/
[2026-05-23T08:36:39Z] #522 attempt=2/2 status=200 0.727s url=https://www.myfonts.com/collections/valore-pro-font-nollev/
[2026-05-23T08:36:39Z] #523 attempt=1/2 status=200 0.380s url=https://www.myfonts.com/products/pg-hevorish-complete-family-package-1156103
[2026-05-23T08:36:40Z] #524 attempt=1/2 status=200 0.566s url=https://www.myfonts.com/collections/pg-hevorish-font-pretty-glyphs/
[2026-05-23T08:36:41Z] #525 attempt=1/2 status=200 0.348s url=https://www.myfonts.com/products/cozy-handline-complete-family-package-1154813
[2026-05-23T08:36:41Z] #526 attempt=1/2 status=200 0.414s url=https://www.myfonts.com/collections/cozy-handline-font-k-gold-studio/
[2026-05-23T08:36:42Z] #527 attempt=1/2 status=200 0.367s url=https://www.myfonts.com/products/elfariany-script-complete-family-package-1156614
[2026-05-23T08:36:43Z] #528 attempt=1/2 status=200 0.403s url=https://www.myfonts.com/collections/elfariany-script-font-lettertype-studio/
[2026-05-23T08:36:43Z] #529 attempt=1/2 status=200 0.375s url=https://www.myfonts.com/products/mestina-bohoniy-complete-family-package-1155473
[2026-05-23T08:36:44Z] #530 attempt=1/2 status=429 0.085s url=https://www.myfonts.com/collections/mestina-bohoniy-font-madjack-font/
[2026-05-23T08:36:46Z] #531 attempt=2/2 status=200 0.470s url=https://www.myfonts.com/collections/mestina-bohoniy-font-madjack-font/
[2026-05-23T08:36:47Z] #532 attempt=1/2 status=200 0.341s url=https://www.myfonts.com/products/wonder-vibe-complete-family-package-1155215
[2026-05-23T08:36:48Z] #533 attempt=1/2 status=200 0.400s url=https://www.myfonts.com/collections/wonder-vibe-font-artiveko/
[2026-05-23T08:36:48Z] #534 attempt=1/2 status=200 0.341s url=https://www.myfonts.com/products/edit-serif-cyrillic-complete-family-package-1155073
[2026-05-23T08:36:49Z] #535 attempt=1/2 status=200 0.531s url=https://www.myfonts.com/collections/edit-serif-cyrillic-font-atlasfontfoundry/
[2026-05-23T08:36:50Z] #536 attempt=1/2 status=200 1.049s url=https://www.myfonts.com/products/montriv-complete-family-package-1156671
[2026-05-23T08:36:53Z] #537 attempt=1/2 status=200 1.788s url=https://www.myfonts.com/collections/montriv-font-kaidosan/
[2026-05-23T08:36:54Z] #538 attempt=1/2 status=200 0.352s url=https://www.myfonts.com/products/sweet-trace-complete-family-package-1155452
[2026-05-23T08:36:54Z] #539 attempt=1/2 status=200 0.419s url=https://www.myfonts.com/collections/sweet-trace-font-letterena-studios/
[2026-05-23T08:36:55Z] #540 attempt=1/2 status=200 0.267s url=https://www.myfonts.com/products/pg-thickster-complete-family-package-1156617
[2026-05-23T08:36:56Z] #541 attempt=1/2 status=200 0.347s url=https://www.myfonts.com/collections/pg-thickster-font-pretty-glyphs/
[2026-05-23T08:36:56Z] #542 attempt=1/2 status=200 0.382s url=https://www.myfonts.com/products/pith-complete-family-package-1155455
[2026-05-23T08:36:57Z] #543 attempt=1/2 status=200 0.412s url=https://www.myfonts.com/collections/pith-font-saskara-type/
[2026-05-23T08:36:57Z] #544 attempt=1/2 status=429 0.046s url=https://www.myfonts.com/products/onykar-complete-family-package-1155504
[2026-05-23T08:37:00Z] #545 attempt=2/2 status=200 0.448s url=https://www.myfonts.com/products/onykar-complete-family-package-1155504
[2026-05-23T08:37:01Z] #546 attempt=1/2 status=200 0.359s url=https://www.myfonts.com/collections/onykar-font-ahweproject/
[2026-05-23T08:37:01Z] #547 attempt=1/2 status=200 0.421s url=https://www.myfonts.com/products/takakogen-maru-complete-family-package-1155185
[2026-05-23T08:37:02Z] #548 attempt=1/2 status=200 0.419s url=https://www.myfonts.com/collections/takakogen-maru-r-font-taka-design-production/
[2026-05-23T08:37:03Z] #549 attempt=1/2 status=200 0.331s url=https://www.myfonts.com/products/fresh-chunky-complete-family-package-1155480
[2026-05-23T08:37:03Z] #550 attempt=1/2 status=200 0.757s url=https://www.myfonts.com/collections/fresh-chunky-font-timelesstype-studio/
[2026-05-23T08:37:04Z] #551 attempt=1/2 status=200 0.357s url=https://www.myfonts.com/products/pafilona-complete-family-package-1155470
[2026-05-23T08:37:04Z] #552 attempt=1/2 status=429 0.086s url=https://www.myfonts.com/collections/pafilona-font-tini-fitriani/
[2026-05-23T08:37:07Z] #553 attempt=2/2 status=200 0.412s url=https://www.myfonts.com/collections/pafilona-font-tini-fitriani/
[2026-05-23T08:37:08Z] #554 attempt=1/2 status=200 0.292s url=https://www.myfonts.com/products/nova-moir-complete-family-package-1156108
[2026-05-23T08:37:08Z] #555 attempt=1/2 status=200 0.355s url=https://www.myfonts.com/collections/nova-moir-font-saemoon-creative/
[2026-05-23T08:37:09Z] #556 attempt=1/2 status=200 0.316s url=https://www.myfonts.com/products/takaking-complete-family-package-1155178
[2026-05-23T08:37:09Z] #557 attempt=1/2 status=200 0.315s url=https://www.myfonts.com/collections/takaking-h-font-taka-design-production/
[2026-05-23T08:37:10Z] #558 attempt=1/2 status=429 0.041s url=https://www.myfonts.com/products/metrostack-complete-family-package-1155512
[2026-05-23T08:37:12Z] #559 attempt=2/2 status=200 0.517s url=https://www.myfonts.com/products/metrostack-complete-family-package-1155512
[2026-05-23T08:37:13Z] #560 attempt=1/2 status=200 0.390s url=https://www.myfonts.com/collections/metrostack-font-salamahtype/
[2026-05-23T08:37:14Z] #561 attempt=1/2 status=200 0.416s url=https://www.myfonts.com/products/rules-jp-complete-family-package-1156889
[2026-05-23T08:37:15Z] #562 attempt=1/2 status=200 0.578s url=https://www.myfonts.com/collections/rules-jp-font-blaze-type/
[2026-05-23T08:37:15Z] #563 attempt=1/2 status=200 0.399s url=https://www.myfonts.com/products/browna-quicko-complete-family-package-1155528
[2026-05-23T08:37:16Z] #564 attempt=1/2 status=200 0.391s url=https://www.myfonts.com/collections/browna-quicko-font-letterytz/
[2026-05-23T08:37:17Z] #565 attempt=1/2 status=200 0.357s url=https://www.myfonts.com/products/wild-trave-complete-family-package-1156664
[2026-05-23T08:37:17Z] #566 attempt=1/2 status=429 0.051s url=https://www.myfonts.com/collections/wild-trave-font-letterhend/
[2026-05-23T08:37:20Z] #567 attempt=2/2 status=200 0.487s url=https://www.myfonts.com/collections/wild-trave-font-letterhend/
[2026-05-23T08:37:20Z] #568 attempt=1/2 status=200 0.391s url=https://www.myfonts.com/products/ft-neovision-complete-family-package-1156129
[2026-05-23T08:37:21Z] #569 attempt=1/2 status=200 0.307s url=https://www.myfonts.com/collections/ft-neovision-font-firstype-studio/
[2026-05-23T08:37:22Z] #570 attempt=1/6 status=200 0.852s url=https://www.myfonts.com/products.json?limit=100&page=24
[2026-05-23T08:37:23Z] #571 attempt=1/2 status=200 0.344s url=https://www.myfonts.com/products/we-need-a-holiday-complete-family-package-1154810
[2026-05-23T08:37:23Z] #572 attempt=1/2 status=200 0.401s url=https://www.myfonts.com/collections/we-need-a-holiday-font-pizzadudedk/
[2026-05-23T08:37:24Z] #573 attempt=1/2 status=200 0.428s url=https://www.myfonts.com/products/pg-mellowink-complete-family-package-1156120
[2026-05-23T08:37:25Z] #574 attempt=1/2 status=200 0.434s url=https://www.myfonts.com/collections/pg-mellowink-font-pretty-glyphs/
[2026-05-23T08:37:25Z] #575 attempt=1/2 status=429 0.037s url=https://www.myfonts.com/products/regular-holine-1155526
[2026-05-23T08:37:28Z] #576 attempt=2/2 status=200 0.429s url=https://www.myfonts.com/products/regular-holine-1155526
[2026-05-23T08:37:28Z] #577 attempt=1/2 status=200 0.419s url=https://www.myfonts.com/collections/holine-font-gatype/
[2026-05-23T08:37:29Z] #578 attempt=1/2 status=200 0.302s url=https://www.myfonts.com/products/regular-sevoilla-1155524
[2026-05-23T08:37:30Z] #579 attempt=1/2 status=200 0.321s url=https://www.myfonts.com/collections/sevoilla-font-vadova-std/
[2026-05-23T08:37:30Z] #580 attempt=1/2 status=200 0.355s url=https://www.myfonts.com/products/regular-gumzy-pop-1155510
[2026-05-23T08:37:31Z] #581 attempt=1/2 status=429 0.077s url=https://www.myfonts.com/collections/gumzy-pop-font-sixtype-foundry/
[2026-05-23T08:37:33Z] #582 attempt=2/2 status=200 0.323s url=https://www.myfonts.com/collections/gumzy-pop-font-sixtype-foundry/
[2026-05-23T08:37:34Z] #583 attempt=1/2 status=200 0.332s url=https://www.myfonts.com/products/regular-hammer-1155469
[2026-05-23T08:37:34Z] #584 attempt=1/2 status=200 0.264s url=https://www.myfonts.com/collections/hammer-font-rasio-studio/
[2026-05-23T08:37:36Z] #585 attempt=1/6 status=200 0.765s url=https://www.myfonts.com/products.json?limit=100&page=25
[2026-05-23T08:37:36Z] #586 attempt=1/2 status=200 0.292s url=https://www.myfonts.com/products/regular-delmora-1154808
[2026-05-23T08:37:37Z] #587 attempt=1/2 status=200 0.288s url=https://www.myfonts.com/collections/delmora-font-vadova-std/
[2026-05-23T08:37:37Z] #588 attempt=1/2 status=200 0.309s url=https://www.myfonts.com/products/regular-chocholatte-tiramisu-1155448
[2026-05-23T08:37:37Z] #589 attempt=1/2 status=429 0.051s url=https://www.myfonts.com/collections/chocholatte-tiramisu-font-sixtype-foundry/
[2026-05-23T08:37:40Z] #590 attempt=2/2 status=200 0.333s url=https://www.myfonts.com/collections/chocholatte-tiramisu-font-sixtype-foundry/
[2026-05-23T08:37:41Z] #591 attempt=1/2 status=200 0.284s url=https://www.myfonts.com/products/regular-gissela-1156626
[2026-05-23T08:37:41Z] #592 attempt=1/2 status=200 0.253s url=https://www.myfonts.com/collections/gissela-font-sensatype-studio/
[2026-05-23T08:37:42Z] #593 attempt=1/2 status=200 0.248s url=https://www.myfonts.com/products/regular-angellin-freaky-1155465
[2026-05-23T08:37:42Z] #594 attempt=1/2 status=429 0.077s url=https://www.myfonts.com/collections/angellin-freaky-font-afkari-studio/
[2026-05-23T08:37:44Z] #595 attempt=2/2 status=200 0.398s url=https://www.myfonts.com/collections/angellin-freaky-font-afkari-studio/
[2026-05-23T08:37:45Z] #596 attempt=1/2 status=200 0.312s url=https://www.myfonts.com/products/regular-gelishia-signature-brush-1154785
[2026-05-23T08:37:46Z] #597 attempt=1/2 status=200 0.268s url=https://www.myfonts.com/collections/gelishia-signature-brush-font-tebaltipis-studio/
[2026-05-23T08:37:46Z] summary releases=4 first_429=(78, 'https://www.myfonts.com/collections/salt-blue-font-eko-bimantara/', 0.06516289710998535) log_file=state/myfonts_run_20260523_082836.log
[2026-05-23T08:37:46Z] === MyFonts crawl end ===
