[2026-04-16T08:00:32Z] checkpoint fresh next_page=1 path=state/myfonts_crawl_checkpoint.json
[2026-04-16T08:00:32Z] === MyFonts crawl start source=myfonts ===
[2026-04-16T08:00:32Z] config max_pages=25 page_size=100 start_date=2026-04-15 end_date=2026-04-16 api_delay=0.5s detail_delay=0.2s max_debut_checks=400 max_tech_specs_checks=200 reuse_success_profile=False always_enrich_packages=True language_script_signal_mode=strong force_fresh_run=False start_page=1 browser_mode=False browser_headless=True browser_storage_state_path=state/myfonts_storage_state.json
[2026-04-16T08:00:33Z] #1 attempt=1/6 status=200 0.920s url=https://www.myfonts.com/products.json?limit=100&page=1
[2026-04-16T08:00:34Z] #2 attempt=1/2 status=200 0.355s url=https://www.myfonts.com/products/quareg-complete-family-package-1134915
[2026-04-16T08:00:35Z] #3 attempt=1/2 status=200 0.421s url=https://www.myfonts.com/collections/quareg-font-alpercakici/
[2026-04-16T08:00:35Z] #4 attempt=1/2 status=200 0.399s url=https://www.myfonts.com/collections/quareg-font-alpercakici/?tab=techSpecs
[2026-04-16T08:00:38Z] #5 attempt=1/2 status=200 0.401s url=https://www.myfonts.com/products/kanita-aquieloz-complete-family-package-961508
[2026-04-16T08:00:38Z] #6 attempt=1/2 status=200 0.419s url=https://www.myfonts.com/collections/kanita-aquieloz-font-tini-fitriani/
[2026-04-16T08:00:39Z] #7 attempt=1/2 status=200 0.150s url=https://www.myfonts.com/collections/kanita-aquieloz-font-tini-fitriani/?tab=techSpecs
[2026-04-16T08:00:40Z] #8 attempt=1/2 status=200 0.501s url=https://www.myfonts.com/products/eleni-text-package-package-1134709
[2026-04-16T08:00:41Z] #9 attempt=1/2 status=200 0.542s url=https://www.myfonts.com/collections/eleni-pro-font-ekke-wolf/
[2026-04-16T08:00:42Z] #10 attempt=1/2 status=200 1.121s url=https://www.myfonts.com/collections/eleni-pro-font-ekke-wolf/?tab=techSpecs
[2026-04-16T08:00:44Z] #11 attempt=1/2 status=200 0.428s url=https://www.myfonts.com/products/novel-sans-greek-xcondesed-pack-package-1120046
[2026-04-16T08:00:45Z] #12 attempt=1/2 status=200 0.454s url=https://www.myfonts.com/collections/novel-sans-greek-font-atlasfontfoundry/
[2026-04-16T08:00:46Z] #13 attempt=1/2 status=200 0.704s url=https://www.myfonts.com/collections/novel-sans-greek-font-atlasfontfoundry/?tab=techSpecs
[2026-04-16T08:00:48Z] #14 attempt=1/2 status=200 1.157s url=https://www.myfonts.com/products/10-vintage-font-families-bundle-package-915132
[2026-04-16T08:00:49Z] #15 attempt=1/2 status=200 1.144s url=https://www.myfonts.com/collections/fractal-font-factory-foundry/
[2026-04-16T08:00:50Z] #16 attempt=1/2 status=200 0.173s url=https://www.myfonts.com/collections/fractal-font-factory-foundry/?tab=techSpecs
[2026-04-16T08:00:50Z] #17 attempt=1/2 status=200 0.165s url=https://www.myfonts.com/collections/fractal-font-factory-foundry/
[2026-04-16T08:00:51Z] #18 attempt=1/2 status=404 0.270s url=https://www.myfonts.com/collections/10-vintage-font-families-bundle-font-fractal-font-factory
[2026-04-16T08:00:51Z] #19 attempt=1/2 status=200 0.335s url=https://www.myfonts.com/products/regular-hustle-strokes-1134010
[2026-04-16T08:00:52Z] #20 attempt=1/2 status=200 0.293s url=https://www.myfonts.com/collections/hustle-strokes-font-yoga-letter/
[2026-04-16T08:00:52Z] #21 attempt=1/2 status=200 0.401s url=https://www.myfonts.com/collections/hustle-strokes-font-yoga-letter/?tab=techSpecs
[2026-04-16T08:00:53Z] #22 attempt=1/2 status=200 0.378s url=https://www.myfonts.com/products/regular-amorelle-1134011
[2026-04-16T08:00:54Z] #23 attempt=1/2 status=200 0.406s url=https://www.myfonts.com/collections/amorelle-font-rhd-creative/
[2026-04-16T08:00:55Z] #24 attempt=1/2 status=200 0.413s url=https://www.myfonts.com/collections/amorelle-font-rhd-creative/?tab=techSpecs
[2026-04-16T08:00:56Z] #25 attempt=1/2 status=200 0.315s url=https://www.myfonts.com/products/regular-saltyfine-1133946
[2026-04-16T08:00:56Z] #26 attempt=1/2 status=200 0.367s url=https://www.myfonts.com/collections/saltyfine-font-unicode-studio/
[2026-04-16T08:00:57Z] #27 attempt=1/2 status=200 0.181s url=https://www.myfonts.com/collections/saltyfine-font-unicode-studio/?tab=techSpecs
[2026-04-16T08:00:58Z] #28 attempt=1/2 status=200 0.439s url=https://www.myfonts.com/products/regular-hasfegia-1133992
[2026-04-16T08:00:58Z] #29 attempt=1/2 status=200 0.369s url=https://www.myfonts.com/collections/hasfegia-font-rvandtype/
[2026-04-16T08:00:59Z] #30 attempt=1/2 status=200 0.372s url=https://www.myfonts.com/collections/hasfegia-font-rvandtype/?tab=techSpecs
[2026-04-16T08:01:00Z] #31 attempt=1/2 status=200 0.341s url=https://www.myfonts.com/products/regular-garco-racing-1133993
[2026-04-16T08:01:01Z] #32 attempt=1/2 status=200 0.440s url=https://www.myfonts.com/collections/garco-racing-font-multype-studio/
[2026-04-16T08:01:01Z] #33 attempt=1/2 status=200 0.170s url=https://www.myfonts.com/collections/garco-racing-font-multype-studio/?tab=techSpecs
[2026-04-16T08:01:02Z] #34 attempt=1/2 status=200 0.318s url=https://www.myfonts.com/products/regular-klassic-memory-1134066
[2026-04-16T08:01:02Z] #35 attempt=1/2 status=200 0.265s url=https://www.myfonts.com/collections/klassic-memory-font-madjack-font/
[2026-04-16T08:01:03Z] #36 attempt=1/2 status=200 0.224s url=https://www.myfonts.com/collections/klassic-memory-font-madjack-font/?tab=techSpecs
[2026-04-16T08:01:04Z] #37 attempt=1/2 status=200 0.721s url=https://www.myfonts.com/products/regular-dreadglyph-1134299
[2026-04-16T08:01:05Z] #38 attempt=1/2 status=200 0.380s url=https://www.myfonts.com/collections/dreadglyph-font-inviline/
[2026-04-16T08:01:05Z] #39 attempt=1/2 status=200 0.149s url=https://www.myfonts.com/collections/dreadglyph-font-inviline/?tab=techSpecs
[2026-04-16T08:01:06Z] #40 attempt=1/2 status=200 0.328s url=https://www.myfonts.com/products/regular-kazena-1133969
[2026-04-16T08:01:07Z] #41 attempt=1/2 status=200 0.343s url=https://www.myfonts.com/collections/kazena-font-dareco-studio/
[2026-04-16T08:01:07Z] #42 attempt=1/2 status=200 0.296s url=https://www.myfonts.com/collections/kazena-font-dareco-studio/?tab=techSpecs
[2026-04-16T08:01:08Z] #43 attempt=1/2 status=200 0.405s url=https://www.myfonts.com/products/regular-goofy-comic-1134240
[2026-04-16T08:01:09Z] #44 attempt=1/2 status=200 0.317s url=https://www.myfonts.com/collections/goofy-comic-font-mvmet/
[2026-04-16T08:01:09Z] #45 attempt=1/2 status=200 0.345s url=https://www.myfonts.com/collections/goofy-comic-font-mvmet/?tab=techSpecs
[2026-04-16T08:01:10Z] #46 attempt=1/2 status=200 0.373s url=https://www.myfonts.com/products/regular-waneroo-1134235
[2026-04-16T08:01:11Z] #47 attempt=1/2 status=200 0.563s url=https://www.myfonts.com/collections/waneroo-font-epiclinez/
[2026-04-16T08:01:12Z] #48 attempt=1/2 status=200 0.343s url=https://www.myfonts.com/collections/waneroo-font-epiclinez/?tab=techSpecs
[2026-04-16T08:01:13Z] #49 attempt=1/2 status=200 0.337s url=https://www.myfonts.com/products/regular-florivea-1134222
[2026-04-16T08:01:13Z] #50 attempt=1/2 status=200 0.302s url=https://www.myfonts.com/collections/florivea-font-letterhend/
[2026-04-16T08:01:14Z] #51 attempt=1/2 status=200 0.134s url=https://www.myfonts.com/collections/florivea-font-letterhend/?tab=techSpecs
[2026-04-16T08:01:15Z] #52 attempt=1/2 status=200 0.377s url=https://www.myfonts.com/products/regular-brogame-1133950
[2026-04-16T08:01:15Z] #53 attempt=1/2 status=200 0.301s url=https://www.myfonts.com/collections/brogame-font-vadova-std/
[2026-04-16T08:01:16Z] #54 attempt=1/2 status=200 0.340s url=https://www.myfonts.com/collections/brogame-font-vadova-std/?tab=techSpecs
[2026-04-16T08:01:17Z] #55 attempt=1/2 status=200 0.471s url=https://www.myfonts.com/products/regular-whacky-cartoon-1134230
[2026-04-16T08:01:17Z] #56 attempt=1/2 status=200 0.322s url=https://www.myfonts.com/collections/whacky-cartoon-font-mvmet/
[2026-04-16T08:01:18Z] #57 attempt=1/2 status=200 0.325s url=https://www.myfonts.com/collections/whacky-cartoon-font-mvmet/?tab=techSpecs
[2026-04-16T08:01:19Z] #58 attempt=1/2 status=200 0.317s url=https://www.myfonts.com/products/regular-borgal-1134221
[2026-04-16T08:01:20Z] #59 attempt=1/2 status=200 0.383s url=https://www.myfonts.com/collections/borgal-font-imoodev/
[2026-04-16T08:01:20Z] #60 attempt=1/2 status=200 0.382s url=https://www.myfonts.com/collections/borgal-font-imoodev/?tab=techSpecs
[2026-04-16T08:01:21Z] #61 attempt=1/2 status=200 0.367s url=https://www.myfonts.com/products/regular-hobsky-1134229
[2026-04-16T08:01:22Z] #62 attempt=1/2 status=200 0.282s url=https://www.myfonts.com/collections/hobsky-font-limitype/
[2026-04-16T08:01:22Z] #63 attempt=1/2 status=200 0.464s url=https://www.myfonts.com/collections/hobsky-font-limitype/?tab=techSpecs
[2026-04-16T08:01:24Z] #64 attempt=1/2 status=200 0.456s url=https://www.myfonts.com/products/regular-roughberry-1134214
[2026-04-16T08:01:24Z] #65 attempt=1/2 status=200 0.450s url=https://www.myfonts.com/collections/roughberry-font-cocodesign/
[2026-04-16T08:01:25Z] #66 attempt=1/2 status=200 0.157s url=https://www.myfonts.com/collections/roughberry-font-cocodesign/?tab=techSpecs
[2026-04-16T08:01:27Z] #67 attempt=1/2 status=200 2.014s url=https://www.myfonts.com/products/semi-expanded-package-1134472
[2026-04-16T08:01:30Z] #68 attempt=1/2 status=200 2.679s url=https://www.myfonts.com/collections/nisanbel-font-pista-mova/
[2026-04-16T08:01:34Z] #69 attempt=1/2 status=200 2.967s url=https://www.myfonts.com/collections/nisanbel-font-pista-mova/?tab=techSpecs
[2026-04-16T08:01:37Z] #70 attempt=1/2 status=200 1.736s url=https://www.myfonts.com/products/miogra-sans-complete-family-package-1134067
[2026-04-16T08:01:40Z] #71 attempt=1/2 status=200 2.982s url=https://www.myfonts.com/collections/miogra-sans-font-romie-creative/
[2026-04-16T08:01:42Z] #72 attempt=1/2 status=200 0.319s url=https://www.myfonts.com/collections/miogra-sans-font-romie-creative/?tab=techSpecs
[2026-04-16T08:01:43Z] #73 attempt=1/2 status=200 0.505s url=https://www.myfonts.com/products/roelvo-complete-family-package-1134476
[2026-04-16T08:01:44Z] #74 attempt=1/2 status=200 0.558s url=https://www.myfonts.com/collections/roelvo-font-qweera-studio/
[2026-04-16T08:01:45Z] #75 attempt=1/2 status=200 0.418s url=https://www.myfonts.com/collections/roelvo-font-qweera-studio/?tab=techSpecs
[2026-04-16T08:01:46Z] #76 attempt=1/2 status=200 0.479s url=https://www.myfonts.com/products/lebecque-complete-family-package-1134241
[2026-04-16T08:01:47Z] #77 attempt=1/2 status=200 0.616s url=https://www.myfonts.com/collections/lebecque-font-alffonts/
[2026-04-16T08:01:48Z] #78 attempt=1/2 status=200 0.554s url=https://www.myfonts.com/collections/lebecque-font-alffonts/?tab=techSpecs
[2026-04-16T08:01:50Z] #79 attempt=1/2 status=200 0.499s url=https://www.myfonts.com/products/hugells-complete-family-package-1133958
[2026-04-16T08:01:51Z] #80 attempt=1/2 status=200 0.451s url=https://www.myfonts.com/collections/hugells-font-arterfak-project/
[2026-04-16T08:01:52Z] #81 attempt=1/2 status=200 0.480s url=https://www.myfonts.com/collections/hugells-font-arterfak-project/?tab=techSpecs
[2026-04-16T08:01:53Z] #82 attempt=1/2 status=200 0.499s url=https://www.myfonts.com/products/katsuha-complete-family-package-1134218
[2026-04-16T08:01:54Z] #83 attempt=1/2 status=200 0.394s url=https://www.myfonts.com/collections/katsuha-font-made-deduk/
[2026-04-16T08:01:55Z] #84 attempt=1/2 status=200 0.519s url=https://www.myfonts.com/collections/katsuha-font-made-deduk/?tab=techSpecs
[2026-04-16T08:01:56Z] #85 attempt=1/2 status=200 0.377s url=https://www.myfonts.com/products/reglica-complete-family-package-1134483
[2026-04-16T08:01:56Z] #86 attempt=1/2 status=200 0.346s url=https://www.myfonts.com/collections/reglica-font-qweera-studio/
[2026-04-16T08:01:57Z] #87 attempt=1/2 status=200 0.664s url=https://www.myfonts.com/collections/reglica-font-qweera-studio/?tab=techSpecs
[2026-04-16T08:01:59Z] #88 attempt=1/2 status=200 0.371s url=https://www.myfonts.com/products/filontiya-amarilis-complete-family-package-1133994
[2026-04-16T08:02:00Z] #89 attempt=1/2 status=200 0.625s url=https://www.myfonts.com/collections/filontiya-amarilis-font-denustudio/
[2026-04-16T08:02:00Z] #90 attempt=1/2 status=200 0.621s url=https://www.myfonts.com/collections/filontiya-amarilis-font-denustudio/?tab=techSpecs
[2026-04-16T08:02:02Z] #91 attempt=1/2 status=200 0.611s url=https://www.myfonts.com/products/migorta-elegance-three-font-package-1134279
[2026-04-16T08:02:03Z] #92 attempt=1/2 status=200 0.577s url=https://www.myfonts.com/collections/migorta-elegance-font-gold-type/
[2026-04-16T08:02:04Z] #93 attempt=1/2 status=200 0.701s url=https://www.myfonts.com/collections/migorta-elegance-font-gold-type/?tab=techSpecs
[2026-04-16T08:02:06Z] #94 attempt=1/2 status=200 0.656s url=https://www.myfonts.com/products/cnd-extralight-novel-mono-1133890
[2026-04-16T08:02:08Z] #95 attempt=1/2 status=200 0.891s url=https://www.myfonts.com/collections/novel-mono-font-atlasfontfoundry/
[2026-04-16T08:02:09Z] #96 attempt=1/2 status=200 0.840s url=https://www.myfonts.com/collections/novel-mono-font-atlasfontfoundry/?tab=techSpecs
[2026-04-16T08:02:11Z] #97 attempt=1/2 status=200 0.743s url=https://www.myfonts.com/products/extended-zekton-1133692
[2026-04-16T08:02:12Z] #98 attempt=1/2 status=200 0.752s url=https://www.myfonts.com/collections/zekton-font-typodermic/
[2026-04-16T08:02:13Z] #99 attempt=1/2 status=200 1.379s url=https://www.myfonts.com/collections/zekton-font-typodermic/?tab=techSpecs
[2026-04-16T08:02:15Z] #100 attempt=1/2 status=200 0.826s url=https://www.myfonts.com/products/italic-qoncila-1134492
[2026-04-16T08:02:16Z] #101 attempt=1/2 status=200 0.482s url=https://www.myfonts.com/collections/qoncila-font-qweera-studio/
[2026-04-16T08:02:17Z] #102 attempt=1/2 status=200 0.496s url=https://www.myfonts.com/collections/qoncila-font-qweera-studio/?tab=techSpecs
[2026-04-16T08:02:18Z] #103 attempt=1/2 status=200 0.614s url=https://www.myfonts.com/products/light-dafe-ranst-1134285
[2026-04-16T08:02:19Z] #104 attempt=1/2 status=200 0.831s url=https://www.myfonts.com/collections/dafe-ranst-font-moriztype/
[2026-04-16T08:02:20Z] #105 attempt=1/2 status=200 0.449s url=https://www.myfonts.com/collections/dafe-ranst-font-moriztype/?tab=techSpecs
[2026-04-16T08:02:22Z] #106 attempt=1/6 status=200 0.640s url=https://www.myfonts.com/products.json?limit=100&page=2
[2026-04-16T08:02:22Z] #107 attempt=1/2 status=200 0.357s url=https://www.myfonts.com/products/regular-beli-1134237
[2026-04-16T08:02:23Z] #108 attempt=1/2 status=200 0.472s url=https://www.myfonts.com/collections/beli-font-zaain-type/
[2026-04-16T08:02:24Z] #109 attempt=1/2 status=200 0.407s url=https://www.myfonts.com/collections/beli-font-zaain-type/?tab=techSpecs
[2026-04-16T08:02:26Z] #110 attempt=1/2 status=200 1.026s url=https://www.myfonts.com/products/circular-brush-italic-vmesto-1133482
[2026-04-16T08:02:27Z] #111 attempt=1/2 status=200 0.954s url=https://www.myfonts.com/collections/vmesto-font-alpercakici/
[2026-04-16T08:02:28Z] #112 attempt=1/2 status=200 0.243s url=https://www.myfonts.com/collections/vmesto-font-alpercakici/?tab=techSpecs
[2026-04-16T08:02:29Z] #113 attempt=1/2 status=200 0.726s url=https://www.myfonts.com/products/regular-slugger-union-1134227
[2026-04-16T08:02:30Z] #114 attempt=1/2 status=200 0.318s url=https://www.myfonts.com/collections/slugger-union-font-letterhend/
[2026-04-16T08:02:31Z] #115 attempt=1/2 status=200 0.349s url=https://www.myfonts.com/collections/slugger-union-font-letterhend/?tab=techSpecs
[2026-04-16T08:02:32Z] #116 attempt=1/2 status=200 0.510s url=https://www.myfonts.com/products/regular-marseliyon-1133956
[2026-04-16T08:02:33Z] #117 attempt=1/2 status=200 0.523s url=https://www.myfonts.com/collections/marseliyon-font-tini-fitriani/
[2026-04-16T08:02:34Z] #118 attempt=1/2 status=200 0.776s url=https://www.myfonts.com/collections/marseliyon-font-tini-fitriani/?tab=techSpecs
[2026-04-16T08:02:35Z] #119 attempt=1/2 status=200 0.558s url=https://www.myfonts.com/products/regular-bigpen-1134488
[2026-04-16T08:02:36Z] #120 attempt=1/2 status=200 0.564s url=https://www.myfonts.com/collections/bigpen-font-qweera-studio/
[2026-04-16T08:02:37Z] #121 attempt=1/2 status=200 0.455s url=https://www.myfonts.com/collections/bigpen-font-qweera-studio/?tab=techSpecs
[2026-04-16T08:02:38Z] #122 attempt=1/2 status=200 0.382s url=https://www.myfonts.com/products/semi-bold-harshika-1133972
[2026-04-16T08:02:39Z] #123 attempt=1/2 status=200 0.883s url=https://www.myfonts.com/collections/harshika-font-zorkslide/
[2026-04-16T08:02:40Z] #124 attempt=1/2 status=200 0.147s url=https://www.myfonts.com/collections/harshika-font-zorkslide/?tab=techSpecs
[2026-04-16T08:02:41Z] #125 attempt=1/2 status=200 0.417s url=https://www.myfonts.com/products/regular-it-seron-1133952
[2026-04-16T08:02:42Z] #126 attempt=1/2 status=200 0.490s url=https://www.myfonts.com/collections/it-seron-font-creatifont-studio/
[2026-04-16T08:02:43Z] #127 attempt=1/2 status=200 0.404s url=https://www.myfonts.com/collections/it-seron-font-creatifont-studio/?tab=techSpecs
[2026-04-16T08:02:45Z] #128 attempt=1/6 status=200 0.826s url=https://www.myfonts.com/products.json?limit=100&page=3
[2026-04-16T08:02:46Z] #129 attempt=1/2 status=200 0.584s url=https://www.myfonts.com/products/slanted-family-package-1132501
[2026-04-16T08:02:46Z] #130 attempt=1/2 status=200 0.656s url=https://www.myfonts.com/collections/os-hardline-variable-font-off-season/
[2026-04-16T08:02:47Z] #131 attempt=1/2 status=200 0.183s url=https://www.myfonts.com/collections/os-hardline-variable-font-off-season/?tab=techSpecs
[2026-04-16T08:02:48Z] #132 attempt=1/2 status=200 0.518s url=https://www.myfonts.com/products/pn-bleautiful-complete-family-package-1133997
[2026-04-16T08:02:50Z] #133 attempt=1/2 status=200 1.295s url=https://www.myfonts.com/collections/pn-bleautiful-font-lettering-delights/
[2026-04-16T08:02:51Z] #134 attempt=1/2 status=200 0.577s url=https://www.myfonts.com/collections/pn-bleautiful-font-lettering-delights/?tab=techSpecs
[2026-04-16T08:02:53Z] #135 attempt=1/2 status=200 0.960s url=https://www.myfonts.com/products/novel-sans-cyrillic-condensed-pack-package-1119956
[2026-04-16T08:02:54Z] #136 attempt=1/2 status=200 1.289s url=https://www.myfonts.com/collections/novel-sans-cyrillic-font-atlasfontfoundry/
[2026-04-16T08:02:55Z] #137 attempt=1/2 status=200 0.227s url=https://www.myfonts.com/collections/novel-sans-cyrillic-font-atlasfontfoundry/?tab=techSpecs
[2026-04-16T08:02:57Z] #138 attempt=1/2 status=200 1.197s url=https://www.myfonts.com/products/kraken-complete-family-package-1134496
[2026-04-16T08:02:59Z] #139 attempt=1/2 status=200 1.741s url=https://www.myfonts.com/collections/kraken-font-alpercakici/
[2026-04-16T08:03:02Z] #140 attempt=1/2 status=200 1.846s url=https://www.myfonts.com/collections/kraken-font-alpercakici/?tab=techSpecs
[2026-04-16T08:03:03Z] #141 attempt=1/2 status=200 0.736s url=https://www.myfonts.com/products/sharink-complete-family-package-1134012
[2026-04-16T08:03:04Z] #142 attempt=1/2 status=200 0.741s url=https://www.myfonts.com/collections/sharink-font-nia-typework/
[2026-04-16T08:03:06Z] #143 attempt=1/2 status=200 0.958s url=https://www.myfonts.com/collections/sharink-font-nia-typework/?tab=techSpecs
[2026-04-16T08:03:08Z] #144 attempt=1/2 status=200 0.952s url=https://www.myfonts.com/products/foermality-condensed-variable-complete-family-package-1133868
[2026-04-16T08:03:09Z] #145 attempt=1/2 status=200 0.473s url=https://www.myfonts.com/collections/foermality-condensed-variable-font-laroyba-type/
[2026-04-16T08:03:10Z] #146 attempt=1/2 status=200 0.532s url=https://www.myfonts.com/collections/foermality-condensed-variable-font-laroyba-type/?tab=techSpecs
[2026-04-16T08:03:11Z] #147 attempt=1/2 status=200 0.514s url=https://www.myfonts.com/products/sugar-serif-complete-family-package-1134215
[2026-04-16T08:03:12Z] #148 attempt=1/2 status=200 0.638s url=https://www.myfonts.com/collections/sugar-serif-font-cocodesign/
[2026-04-16T08:03:13Z] #149 attempt=1/2 status=200 0.814s url=https://www.myfonts.com/collections/sugar-serif-font-cocodesign/?tab=techSpecs
[2026-04-16T08:03:15Z] #150 attempt=1/2 status=200 0.551s url=https://www.myfonts.com/products/balyt-complete-family-package-1134063
[2026-04-16T08:03:15Z] #151 attempt=1/2 status=200 0.611s url=https://www.myfonts.com/collections/balyt-font-artiveko/
[2026-04-16T08:03:16Z] #152 attempt=1/2 status=200 0.162s url=https://www.myfonts.com/collections/balyt-font-artiveko/?tab=techSpecs
[2026-04-16T08:03:18Z] #153 attempt=1/2 status=200 1.576s url=https://www.myfonts.com/products/standard-package-1133845
[2026-04-16T08:03:20Z] #154 attempt=1/2 status=200 1.385s url=https://www.myfonts.com/collections/vegora-font-fargun-studio/
[2026-04-16T08:03:22Z] #155 attempt=1/2 status=200 1.573s url=https://www.myfonts.com/collections/vegora-font-fargun-studio/?tab=techSpecs
[2026-04-16T08:03:25Z] #156 attempt=1/2 status=200 1.023s url=https://www.myfonts.com/products/designer-edition-package-1131438
[2026-04-16T08:03:26Z] #157 attempt=1/2 status=200 0.570s url=https://www.myfonts.com/collections/tbj-dogmu-font-taboja-studio/
[2026-04-16T08:03:27Z] #158 attempt=1/2 status=200 1.186s url=https://www.myfonts.com/collections/tbj-dogmu-font-taboja-studio/?tab=techSpecs
[2026-04-16T08:03:29Z] #159 attempt=1/2 status=200 0.629s url=https://www.myfonts.com/products/ragazzi-complete-family-package-1133706
[2026-04-16T08:03:30Z] #160 attempt=1/2 status=200 0.864s url=https://www.myfonts.com/collections/ragazzi-font-tour-de-force/
[2026-04-16T08:03:31Z] #161 attempt=1/2 status=200 0.957s url=https://www.myfonts.com/collections/ragazzi-font-tour-de-force/?tab=techSpecs
[2026-04-16T08:03:33Z] #162 attempt=1/2 status=200 0.484s url=https://www.myfonts.com/products/strawberrymilk-complete-family-package-1133871
[2026-04-16T08:03:35Z] #163 attempt=1/2 status=200 1.639s url=https://www.myfonts.com/collections/strawberrymilk-font-hohohtype/
[2026-04-16T08:03:36Z] #164 attempt=1/2 status=200 1.332s url=https://www.myfonts.com/collections/strawberrymilk-font-hohohtype/?tab=techSpecs
[2026-04-16T08:03:38Z] #165 attempt=1/2 status=200 0.731s url=https://www.myfonts.com/products/403-obrinda-complete-family-package-1133714
[2026-04-16T08:03:39Z] #166 attempt=1/2 status=200 0.471s url=https://www.myfonts.com/collections/403-obrinda-font-403tf/
[2026-04-16T08:03:40Z] #167 attempt=1/2 status=200 0.607s url=https://www.myfonts.com/collections/403-obrinda-font-403tf/?tab=techSpecs
[2026-04-16T08:03:41Z] #168 attempt=1/2 status=503 0.069s url=https://www.myfonts.com/products/novel-sans-hebrew-xxxcondensed-pack-package-1120123
[2026-04-16T08:03:41Z] retryable_503 attempt=1/2 waiting=2s
[2026-04-16T08:03:44Z] #169 attempt=2/2 status=200 0.894s url=https://www.myfonts.com/products/novel-sans-hebrew-xxxcondensed-pack-package-1120123
[2026-04-16T08:03:45Z] #170 attempt=1/2 status=200 1.078s url=https://www.myfonts.com/collections/novel-sans-hebrew-font-atlasfontfoundry/
[2026-04-16T08:03:46Z] #171 attempt=1/2 status=200 0.973s url=https://www.myfonts.com/collections/novel-sans-hebrew-font-atlasfontfoundry/?tab=techSpecs
[2026-04-16T08:03:49Z] #172 attempt=1/2 status=200 1.303s url=https://www.myfonts.com/products/dopestype-foundry-collection-package-1133848
[2026-04-16T08:03:49Z] #173 attempt=1/2 status=404 0.219s url=https://www.myfonts.com/collections/dopestype-foundry-collection-font-dopestype
[2026-04-16T08:03:50Z] #174 attempt=1/2 status=200 1.113s url=https://www.myfonts.com/products/mordoe-complete-family-package-1134597
[2026-04-16T08:03:52Z] #175 attempt=1/2 status=200 1.757s url=https://www.myfonts.com/collections/mordoe-font-alpercakici/
[2026-04-16T08:03:53Z] #176 attempt=1/2 status=200 0.286s url=https://www.myfonts.com/collections/mordoe-font-alpercakici/?tab=techSpecs
[2026-04-16T08:03:55Z] #177 attempt=1/2 status=200 0.508s url=https://www.myfonts.com/products/novel-sans-arabic-complete-family-package-1123255
[2026-04-16T08:03:56Z] #178 attempt=1/2 status=200 0.559s url=https://www.myfonts.com/collections/novel-sans-arabic-font-atlasfontfoundry/
[2026-04-16T08:03:57Z] #179 attempt=1/2 status=200 0.673s url=https://www.myfonts.com/collections/novel-sans-arabic-font-atlasfontfoundry/?tab=techSpecs
[2026-04-16T08:03:59Z] #180 attempt=1/2 status=200 1.365s url=https://www.myfonts.com/products/soffline-complete-family-package-1132680
[2026-04-16T08:04:01Z] #181 attempt=1/2 status=200 1.696s url=https://www.myfonts.com/collections/soffline-font-trick-type-style/
[2026-04-16T08:04:04Z] #182 attempt=1/2 status=200 2.210s url=https://www.myfonts.com/collections/soffline-font-trick-type-style/?tab=techSpecs
[2026-04-16T08:04:06Z] #183 attempt=1/2 status=200 0.476s url=https://www.myfonts.com/products/doodles-scribble-chaos-1134061
[2026-04-16T08:04:07Z] #184 attempt=1/2 status=200 0.554s url=https://www.myfonts.com/collections/scribble-chaos-font-cocodesign/
[2026-04-16T08:04:07Z] #185 attempt=1/2 status=200 0.371s url=https://www.myfonts.com/collections/scribble-chaos-font-cocodesign/?tab=techSpecs
[2026-04-16T08:04:09Z] #186 attempt=1/2 status=200 0.475s url=https://www.myfonts.com/products/regular-brigant-1133967
[2026-04-16T08:04:10Z] #187 attempt=1/2 status=200 0.611s url=https://www.myfonts.com/collections/brigant-font-dareco-studio/
[2026-04-16T08:04:10Z] #188 attempt=1/2 status=200 0.476s url=https://www.myfonts.com/collections/brigant-font-dareco-studio/?tab=techSpecs
[2026-04-16T08:04:12Z] #189 attempt=1/2 status=200 0.926s url=https://www.myfonts.com/products/black-italic-foermality-condensed-1133867
[2026-04-16T08:04:13Z] #190 attempt=1/2 status=200 0.415s url=https://www.myfonts.com/collections/foermality-condensed-font-laroyba-type/
[2026-04-16T08:04:14Z] #191 attempt=1/2 status=200 0.348s url=https://www.myfonts.com/collections/foermality-condensed-font-laroyba-type/?tab=techSpecs
[2026-04-16T08:04:16Z] #192 attempt=1/6 status=200 0.649s url=https://www.myfonts.com/products.json?limit=100&page=4
[2026-04-16T08:04:17Z] #193 attempt=1/6 status=200 0.785s url=https://www.myfonts.com/products.json?limit=100&page=5
[2026-04-16T08:04:18Z] #194 attempt=1/2 status=200 0.385s url=https://www.myfonts.com/products/regular-neomarine-1134232
[2026-04-16T08:04:18Z] #195 attempt=1/2 status=200 0.331s url=https://www.myfonts.com/collections/neomarine-font-illusletra/
[2026-04-16T08:04:19Z] #196 attempt=1/2 status=200 0.442s url=https://www.myfonts.com/collections/neomarine-font-illusletra/?tab=techSpecs
[2026-04-16T08:04:21Z] #197 attempt=1/6 status=200 0.776s url=https://www.myfonts.com/products.json?limit=100&page=6
[2026-04-16T08:04:21Z] #198 attempt=1/2 status=200 0.659s url=https://www.myfonts.com/products/italic-nalkor-serif-1133949
[2026-04-16T08:04:22Z] #199 attempt=1/2 status=200 0.612s url=https://www.myfonts.com/collections/nalkor-serif-font-faristaputra/
[2026-04-16T08:04:23Z] #200 attempt=1/2 status=200 0.158s url=https://www.myfonts.com/collections/nalkor-serif-font-faristaputra/?tab=techSpecs
[2026-04-16T08:04:25Z] #201 attempt=1/6 status=200 0.758s url=https://www.myfonts.com/products.json?limit=100&page=7
[2026-04-16T08:04:26Z] #202 attempt=1/2 status=200 0.812s url=https://www.myfonts.com/products/banly-thecs-regular-mc-banly-thecs-1134013
[2026-04-16T08:04:27Z] #203 attempt=1/2 status=200 0.908s url=https://www.myfonts.com/collections/mc-banly-thecs-font-maulana-creative/
[2026-04-16T08:04:28Z] #204 attempt=1/2 status=200 0.524s url=https://www.myfonts.com/collections/mc-banly-thecs-font-maulana-creative/?tab=techSpecs
[2026-04-16T08:04:29Z] #205 attempt=1/6 status=200 0.752s url=https://www.myfonts.com/products.json?limit=100&page=8
[2026-04-16T08:04:31Z] #206 attempt=1/6 status=200 0.919s url=https://www.myfonts.com/products.json?limit=100&page=9
[2026-04-16T08:04:31Z] #207 attempt=1/2 status=200 0.357s url=https://www.myfonts.com/products/italic-belvina-1134303
[2026-04-16T08:04:32Z] #208 attempt=1/2 status=200 0.860s url=https://www.myfonts.com/collections/belvina-font-qweera-studio/
[2026-04-16T08:04:33Z] #209 attempt=1/2 status=200 0.677s url=https://www.myfonts.com/collections/belvina-font-qweera-studio/?tab=techSpecs
[2026-04-16T08:04:36Z] #210 attempt=1/6 status=200 1.090s url=https://www.myfonts.com/products.json?limit=100&page=10
[2026-04-16T08:04:37Z] #211 attempt=1/2 status=200 0.727s url=https://www.myfonts.com/products/regular-murisa-hana-1133990
[2026-04-16T08:04:37Z] #212 attempt=1/2 status=200 0.534s url=https://www.myfonts.com/collections/murisa-hana-font-murisa-studio/
[2026-04-16T08:04:38Z] #213 attempt=1/2 status=200 0.262s url=https://www.myfonts.com/collections/murisa-hana-font-murisa-studio/?tab=techSpecs
[2026-04-16T08:04:40Z] #214 attempt=1/2 status=200 0.489s url=https://www.myfonts.com/products/regular-strange-ink-1134213
[2026-04-16T08:04:40Z] #215 attempt=1/2 status=200 0.459s url=https://www.myfonts.com/collections/strange-ink-font-timurtype/
[2026-04-16T08:04:41Z] #216 attempt=1/2 status=200 0.430s url=https://www.myfonts.com/collections/strange-ink-font-timurtype/?tab=techSpecs
[2026-04-16T08:04:43Z] #217 attempt=1/6 status=200 0.788s url=https://www.myfonts.com/products.json?limit=100&page=11
[2026-04-16T08:04:44Z] #218 attempt=1/2 status=200 0.843s url=https://www.myfonts.com/products/xcnd-semi-bold-novel-sans-rounded-cyrillic-1133031
[2026-04-16T08:04:45Z] #219 attempt=1/2 status=200 0.654s url=https://www.myfonts.com/collections/novel-sans-rounded-cyrillic-font-atlasfontfoundry/
[2026-04-16T08:04:45Z] #220 attempt=1/2 status=200 0.192s url=https://www.myfonts.com/collections/novel-sans-rounded-cyrillic-font-atlasfontfoundry/?tab=techSpecs
[2026-04-16T08:04:47Z] #221 attempt=1/2 status=200 0.714s url=https://www.myfonts.com/products/xxxcnd-extralight-novel-sans-rounded-greek-1132980
[2026-04-16T08:04:48Z] #222 attempt=1/2 status=200 1.023s url=https://www.myfonts.com/collections/novel-sans-rounded-greek-font-atlasfontfoundry/
[2026-04-16T08:04:49Z] #223 attempt=1/2 status=200 0.168s url=https://www.myfonts.com/collections/novel-sans-rounded-greek-font-atlasfontfoundry/?tab=techSpecs
[2026-04-16T08:04:52Z] #224 attempt=1/2 status=200 1.500s url=https://www.myfonts.com/products/circular-rimmed-bitrage-1133652
[2026-04-16T08:04:53Z] #225 attempt=1/2 status=200 0.933s url=https://www.myfonts.com/collections/bitrage-font-alpercakici/
[2026-04-16T08:04:54Z] #226 attempt=1/2 status=200 0.192s url=https://www.myfonts.com/collections/bitrage-font-alpercakici/?tab=techSpecs
[2026-04-16T08:04:56Z] #227 attempt=1/2 status=200 0.639s url=https://www.myfonts.com/products/italic-tt-neoris-1132863
[2026-04-16T08:04:57Z] #228 attempt=1/2 status=200 0.774s url=https://www.myfonts.com/collections/tt-neoris-font-typetype/
[2026-04-16T08:04:57Z] #229 attempt=1/2 status=200 0.196s url=https://www.myfonts.com/collections/tt-neoris-font-typetype/?tab=techSpecs
[2026-04-16T08:05:00Z] #230 attempt=1/2 status=200 1.045s url=https://www.myfonts.com/products/circular-outline-italic-neora-1132448
[2026-04-16T08:05:02Z] #231 attempt=1/2 status=200 1.700s url=https://www.myfonts.com/collections/neora-font-alpercakici/
[2026-04-16T08:05:03Z] #232 attempt=1/2 status=200 1.222s url=https://www.myfonts.com/collections/neora-font-alpercakici/?tab=techSpecs
[2026-04-16T08:05:06Z] #233 attempt=1/2 status=200 0.509s url=https://www.myfonts.com/products/xxxcnd-extrabold-novel-sans-rounded-hebrew-1132911
[2026-04-16T08:05:07Z] #234 attempt=1/2 status=200 0.510s url=https://www.myfonts.com/collections/novel-sans-rounded-hebrew-font-atlasfontfoundry/
[2026-04-16T08:05:07Z] #235 attempt=1/2 status=200 0.193s url=https://www.myfonts.com/collections/novel-sans-rounded-hebrew-font-atlasfontfoundry/?tab=techSpecs
[2026-04-16T08:05:09Z] #236 attempt=1/2 status=200 0.772s url=https://www.myfonts.com/products/semi-bold-semi-condensed-kenigha-1131740
[2026-04-16T08:05:11Z] #237 attempt=1/2 status=200 1.338s url=https://www.myfonts.com/collections/kenigha-font-bosstypestudio/
[2026-04-16T08:05:12Z] #238 attempt=1/2 status=200 1.016s url=https://www.myfonts.com/collections/kenigha-font-bosstypestudio/?tab=techSpecs
[2026-04-16T08:05:14Z] #239 attempt=1/2 status=200 0.881s url=https://www.myfonts.com/products/angular-italic-chigo-1133473
[2026-04-16T08:05:15Z] #240 attempt=1/2 status=200 0.712s url=https://www.myfonts.com/collections/chigo-font-alpercakici/
[2026-04-16T08:05:16Z] #241 attempt=1/2 status=200 0.576s url=https://www.myfonts.com/collections/chigo-font-alpercakici/?tab=techSpecs
[2026-04-16T08:05:18Z] #242 attempt=1/2 status=200 1.210s url=https://www.myfonts.com/products/rounded-outline-scendero-1133438
[2026-04-16T08:05:20Z] #243 attempt=1/2 status=200 1.243s url=https://www.myfonts.com/collections/scendero-font-alpercakici/
[2026-04-16T08:05:21Z] #244 attempt=1/2 status=200 0.175s url=https://www.myfonts.com/collections/scendero-font-alpercakici/?tab=techSpecs
[2026-04-16T08:05:23Z] #245 attempt=1/6 status=200 0.785s url=https://www.myfonts.com/products.json?limit=100&page=12
[2026-04-16T08:05:24Z] #246 attempt=1/2 status=200 0.933s url=https://www.myfonts.com/products/semi-bold-novel-sans-rounded-1133074
[2026-04-16T08:05:25Z] #247 attempt=1/2 status=200 0.810s url=https://www.myfonts.com/collections/novel-sans-rounded-font-atlasfontfoundry/
[2026-04-16T08:05:26Z] #248 attempt=1/2 status=200 0.619s url=https://www.myfonts.com/collections/novel-sans-rounded-font-atlasfontfoundry/?tab=techSpecs
[2026-04-16T08:05:28Z] #249 attempt=1/2 status=200 0.615s url=https://www.myfonts.com/products/latica-marcia-regular-latica-marcia-script-1132269
[2026-04-16T08:05:29Z] #250 attempt=1/2 status=200 0.381s url=https://www.myfonts.com/collections/latica-marcia-script-font-font-liner/
[2026-04-16T08:05:29Z] #251 attempt=1/2 status=200 0.382s url=https://www.myfonts.com/collections/latica-marcia-script-font-font-liner/?tab=techSpecs
[2026-04-16T08:05:31Z] #252 attempt=1/2 status=200 0.337s url=https://www.myfonts.com/products/regular-magikal-1134233
[2026-04-16T08:05:31Z] #253 attempt=1/2 status=200 0.313s url=https://www.myfonts.com/collections/magikal-font-epiclinez/
[2026-04-16T08:05:32Z] #254 attempt=1/2 status=200 0.359s url=https://www.myfonts.com/collections/magikal-font-epiclinez/?tab=techSpecs
[2026-04-16T08:05:34Z] #255 attempt=1/2 status=200 1.668s url=https://www.myfonts.com/products/ultra-expanded-dichora-1132246
[2026-04-16T08:05:36Z] #256 attempt=1/2 status=200 1.717s url=https://www.myfonts.com/collections/dichora-font-enfeeltype/
[2026-04-16T08:05:37Z] #257 attempt=1/2 status=200 0.205s url=https://www.myfonts.com/collections/dichora-font-enfeeltype/?tab=techSpecs
[2026-04-16T08:05:39Z] #258 attempt=1/2 status=200 0.421s url=https://www.myfonts.com/products/regular-averion-1132174
[2026-04-16T08:05:40Z] #259 attempt=1/2 status=200 0.466s url=https://www.myfonts.com/collections/averion-font-ragamkata/
[2026-04-16T08:05:40Z] #260 attempt=1/2 status=200 0.371s url=https://www.myfonts.com/collections/averion-font-ragamkata/?tab=techSpecs
[2026-04-16T08:05:42Z] #261 attempt=1/2 status=200 0.438s url=https://www.myfonts.com/products/bold-mtc-rachstela-1132090
[2026-04-16T08:05:42Z] #262 attempt=1/2 status=200 0.394s url=https://www.myfonts.com/collections/mtc-rachstela-font-martype-co/
[2026-04-16T08:05:43Z] #263 attempt=1/2 status=200 0.511s url=https://www.myfonts.com/collections/mtc-rachstela-font-martype-co/?tab=techSpecs
[2026-04-16T08:05:44Z] #264 attempt=1/2 status=200 0.317s url=https://www.myfonts.com/products/regular-asteroid-graffiti-1132265
[2026-04-16T08:05:45Z] #265 attempt=1/2 status=200 0.390s url=https://www.myfonts.com/collections/asteroid-graffiti-font-mvmet/
[2026-04-16T08:05:46Z] #266 attempt=1/2 status=200 0.297s url=https://www.myfonts.com/collections/asteroid-graffiti-font-mvmet/?tab=techSpecs
[2026-04-16T08:05:47Z] #267 attempt=1/6 status=200 0.720s url=https://www.myfonts.com/products.json?limit=100&page=13
[2026-04-16T08:05:48Z] #268 attempt=1/2 status=200 0.373s url=https://www.myfonts.com/products/chubby-popz-chubby-popz-1134234
[2026-04-16T08:05:48Z] #269 attempt=1/2 status=200 0.336s url=https://www.myfonts.com/collections/chubby-popz-font-sipanji21/
[2026-04-16T08:05:49Z] #270 attempt=1/2 status=200 0.424s url=https://www.myfonts.com/collections/chubby-popz-font-sipanji21/?tab=techSpecs
[2026-04-16T08:05:51Z] #271 attempt=1/2 status=200 0.886s url=https://www.myfonts.com/products/circular-grainy-bikemberg-1133162
[2026-04-16T08:05:52Z] #272 attempt=1/2 status=200 1.039s url=https://www.myfonts.com/collections/bikemberg-font-alpercakici/
[2026-04-16T08:05:54Z] #273 attempt=1/2 status=200 1.501s url=https://www.myfonts.com/collections/bikemberg-font-alpercakici/?tab=techSpecs
[2026-04-16T08:05:56Z] #274 attempt=1/2 status=200 0.472s url=https://www.myfonts.com/products/semi-bold-miroje-1132055
[2026-04-16T08:05:56Z] #275 attempt=1/2 status=200 0.474s url=https://www.myfonts.com/collections/miroje-font-issam-type/
[2026-04-16T08:05:57Z] #276 attempt=1/2 status=200 0.164s url=https://www.myfonts.com/collections/miroje-font-issam-type/?tab=techSpecs
[2026-04-16T08:05:59Z] #277 attempt=1/2 status=200 0.543s url=https://www.myfonts.com/products/xxxcnd-semi-bold-novel-sans-rounded-arabic-1132333
[2026-04-16T08:06:00Z] #278 attempt=1/2 status=200 0.485s url=https://www.myfonts.com/collections/novel-sans-rounded-arabic-font-atlasfontfoundry/
[2026-04-16T08:06:00Z] #279 attempt=1/2 status=200 0.190s url=https://www.myfonts.com/collections/novel-sans-rounded-arabic-font-atlasfontfoundry/?tab=techSpecs
[2026-04-16T08:06:02Z] #280 attempt=1/2 status=200 0.487s url=https://www.myfonts.com/products/black-ac-texto-serif-1133285
[2026-04-16T08:06:03Z] #281 attempt=1/2 status=200 0.640s url=https://www.myfonts.com/collections/ac-texto-serif-font-antoine-crama/
[2026-04-16T08:06:04Z] #282 attempt=1/2 status=200 0.160s url=https://www.myfonts.com/collections/ac-texto-serif-font-antoine-crama/?tab=techSpecs
[2026-04-16T08:06:06Z] #283 attempt=1/2 status=200 0.434s url=https://www.myfonts.com/products/regular-gliches-1132272
[2026-04-16T08:06:06Z] #284 attempt=1/2 status=200 0.374s url=https://www.myfonts.com/collections/gliches-font-ragamkata/
[2026-04-16T08:06:07Z] #285 attempt=1/2 status=200 0.653s url=https://www.myfonts.com/collections/gliches-font-ragamkata/?tab=techSpecs
[2026-04-16T08:06:09Z] #286 attempt=1/2 status=200 0.521s url=https://www.myfonts.com/products/condensed-regular-italic-druto-1133248
[2026-04-16T08:06:10Z] #287 attempt=1/2 status=200 0.554s url=https://www.myfonts.com/collections/druto-font-blaze-type/
[2026-04-16T08:06:10Z] #288 attempt=1/2 status=200 0.543s url=https://www.myfonts.com/collections/druto-font-blaze-type/?tab=techSpecs
[2026-04-16T08:06:12Z] #289 attempt=1/2 status=200 0.490s url=https://www.myfonts.com/products/chorepo-regular-mc-chorepo-1134231
[2026-04-16T08:06:13Z] #290 attempt=1/2 status=200 0.520s url=https://www.myfonts.com/collections/mc-chorepo-font-maulana-creative/
[2026-04-16T08:06:13Z] #291 attempt=1/2 status=200 0.434s url=https://www.myfonts.com/collections/mc-chorepo-font-maulana-creative/?tab=techSpecs
[2026-04-16T08:06:15Z] #292 attempt=1/2 status=200 0.514s url=https://www.myfonts.com/products/heavy-italic-solvea-1132297
[2026-04-16T08:06:15Z] #293 attempt=1/2 status=200 0.541s url=https://www.myfonts.com/collections/solvea-font-grezline-studio/
[2026-04-16T08:06:16Z] #294 attempt=1/2 status=200 0.163s url=https://www.myfonts.com/collections/solvea-font-grezline-studio/?tab=techSpecs
[2026-04-16T08:06:18Z] #295 attempt=1/6 status=200 0.653s url=https://www.myfonts.com/products.json?limit=100&page=14
[2026-04-16T08:06:18Z] #296 attempt=1/2 status=200 0.325s url=https://www.myfonts.com/products/buetia-regular-mc-buetia-1132266
[2026-04-16T08:06:19Z] #297 attempt=1/2 status=200 0.299s url=https://www.myfonts.com/collections/mc-buetia-font-maulana-creative/
[2026-04-16T08:06:19Z] #298 attempt=1/2 status=200 0.156s url=https://www.myfonts.com/collections/mc-buetia-font-maulana-creative/?tab=techSpecs
[2026-04-16T08:06:20Z] #299 attempt=1/2 status=200 0.586s url=https://www.myfonts.com/products/thin-ring-1132454
[2026-04-16T08:06:21Z] #300 attempt=1/2 status=200 0.445s url=https://www.myfonts.com/collections/ring-font-ochakov/
[2026-04-16T08:06:22Z] #301 attempt=1/2 status=200 0.171s url=https://www.myfonts.com/collections/ring-font-ochakov/?tab=techSpecs
[2026-04-16T08:06:24Z] #302 attempt=1/6 status=200 0.697s url=https://www.myfonts.com/products.json?limit=100&page=15
[2026-04-16T08:06:24Z] #303 attempt=1/2 status=200 0.529s url=https://www.myfonts.com/products/regular-aphyx-1132267
[2026-04-16T08:06:25Z] #304 attempt=1/2 status=200 0.518s url=https://www.myfonts.com/collections/aphyx-font-gleb-guralnyk/
[2026-04-16T08:06:26Z] #305 attempt=1/2 status=200 0.355s url=https://www.myfonts.com/collections/aphyx-font-gleb-guralnyk/?tab=techSpecs
[2026-04-16T08:06:27Z] #306 attempt=1/2 status=200 0.607s url=https://www.myfonts.com/products/medium-ac-texto-serif-pro-1133269
[2026-04-16T08:06:28Z] #307 attempt=1/2 status=200 0.587s url=https://www.myfonts.com/collections/ac-texto-serif-pro-font-antoine-crama/
[2026-04-16T08:06:28Z] #308 attempt=1/2 status=200 0.161s url=https://www.myfonts.com/collections/ac-texto-serif-pro-font-antoine-crama/?tab=techSpecs
[2026-04-16T08:06:29Z] #309 attempt=1/2 status=200 0.375s url=https://www.myfonts.com/products/regular-citrida-1132275
[2026-04-16T08:06:30Z] #310 attempt=1/2 status=200 0.364s url=https://www.myfonts.com/collections/citrida-font-tini-fitriani/
[2026-04-16T08:06:31Z] #311 attempt=1/2 status=200 0.378s url=https://www.myfonts.com/collections/citrida-font-tini-fitriani/?tab=techSpecs
[2026-04-16T08:06:33Z] #312 attempt=1/6 status=200 1.056s url=https://www.myfonts.com/products.json?limit=100&page=16
[2026-04-16T08:06:34Z] #313 attempt=1/2 status=200 0.432s url=https://www.myfonts.com/products/regular-roliace-1134480
[2026-04-16T08:06:34Z] #314 attempt=1/2 status=200 0.446s url=https://www.myfonts.com/collections/roliace-font-qweera-studio/
[2026-04-16T08:06:35Z] #315 attempt=1/2 status=200 0.422s url=https://www.myfonts.com/collections/roliace-font-qweera-studio/?tab=techSpecs
[2026-04-16T08:06:37Z] #316 attempt=1/6 status=200 0.677s url=https://www.myfonts.com/products.json?limit=100&page=17
[2026-04-16T08:06:37Z] #317 attempt=1/2 status=200 0.449s url=https://www.myfonts.com/products/italic-magnola-1132250
[2026-04-16T08:06:38Z] #318 attempt=1/2 status=200 0.495s url=https://www.myfonts.com/collections/magnola-font-font-liner/
[2026-04-16T08:06:39Z] #319 attempt=1/2 status=200 0.509s url=https://www.myfonts.com/collections/magnola-font-font-liner/?tab=techSpecs
[2026-04-16T08:06:40Z] #320 attempt=1/6 status=200 0.602s url=https://www.myfonts.com/products.json?limit=100&page=18
[2026-04-16T08:06:42Z] #321 attempt=1/6 status=200 0.562s url=https://www.myfonts.com/products.json?limit=100&page=19
[2026-04-16T08:06:42Z] #322 attempt=1/2 status=200 0.380s url=https://www.myfonts.com/products/regular-pramat-1134224
[2026-04-16T08:06:43Z] #323 attempt=1/2 status=200 0.321s url=https://www.myfonts.com/collections/pramat-font-bale-type/
[2026-04-16T08:06:43Z] #324 attempt=1/2 status=200 0.318s url=https://www.myfonts.com/collections/pramat-font-bale-type/?tab=techSpecs
[2026-04-16T08:06:45Z] #325 attempt=1/2 status=200 0.343s url=https://www.myfonts.com/products/regular-abcesia-1134486
[2026-04-16T08:06:45Z] #326 attempt=1/2 status=200 0.435s url=https://www.myfonts.com/collections/abcesia-font-bilahstudio/
[2026-04-16T08:06:46Z] #327 attempt=1/2 status=200 0.395s url=https://www.myfonts.com/collections/abcesia-font-bilahstudio/?tab=techSpecs
[2026-04-16T08:06:47Z] #328 attempt=1/2 status=200 0.426s url=https://www.myfonts.com/products/regular-inkstinct-1134239
[2026-04-16T08:06:47Z] #329 attempt=1/2 status=200 0.266s url=https://www.myfonts.com/collections/inkstinct-font-abda-bil-qalam/
[2026-04-16T08:06:48Z] #330 attempt=1/2 status=200 0.361s url=https://www.myfonts.com/collections/inkstinct-font-abda-bil-qalam/?tab=techSpecs
[2026-04-16T08:06:49Z] #331 attempt=1/2 status=200 0.505s url=https://www.myfonts.com/products/script-charmino-1132852
[2026-04-16T08:06:50Z] #332 attempt=1/2 status=200 0.346s url=https://www.myfonts.com/collections/charmino-font-bondangail/
[2026-04-16T08:06:50Z] #333 attempt=1/2 status=200 0.162s url=https://www.myfonts.com/collections/charmino-font-bondangail/?tab=techSpecs
[2026-04-16T08:06:52Z] #334 attempt=1/6 status=200 0.733s url=https://www.myfonts.com/products.json?limit=100&page=20
[2026-04-16T08:06:53Z] #335 attempt=1/2 status=200 0.570s url=https://www.myfonts.com/products/regular-jurassic-playground-1132277
[2026-04-16T08:06:53Z] #336 attempt=1/2 status=200 0.303s url=https://www.myfonts.com/collections/jurassic-playground-font-mvmet/
[2026-04-16T08:06:54Z] #337 attempt=1/2 status=200 0.479s url=https://www.myfonts.com/collections/jurassic-playground-font-mvmet/?tab=techSpecs
[2026-04-16T08:06:56Z] #338 attempt=1/2 status=200 1.241s url=https://www.myfonts.com/products/print-and-publish-bundle-package-1040198
[2026-04-16T08:06:56Z] #339 attempt=1/2 status=404 0.184s url=https://www.myfonts.com/collections/print-and-publish-bundle-font-fontop
[2026-04-16T08:06:57Z] #340 attempt=1/2 status=200 1.149s url=https://www.myfonts.com/products/modern-grace-collection-package-1047463
[2026-04-16T08:06:58Z] #341 attempt=1/2 status=404 0.290s url=https://www.myfonts.com/collections/modern-grace-collection-font-fontop
[2026-04-16T08:06:59Z] #342 attempt=1/2 status=200 0.784s url=https://www.myfonts.com/products/authentic-streetwear-font-bundle-package-1133846
[2026-04-16T08:06:59Z] #343 attempt=1/2 status=404 0.203s url=https://www.myfonts.com/collections/authentic-streetwear-font-bundle-font-edignwn-type
[2026-04-16T08:07:00Z] #344 attempt=1/2 status=200 0.663s url=https://www.myfonts.com/products/retro-food-branding-font-bundle-package-1133847
[2026-04-16T08:07:01Z] #345 attempt=1/2 status=404 0.228s url=https://www.myfonts.com/collections/retro-food-branding-font-bundle-font-edignwn-type
[2026-04-16T08:07:02Z] #346 attempt=1/6 status=200 0.654s url=https://www.myfonts.com/products.json?limit=100&page=21
[2026-04-16T08:07:02Z] #347 attempt=1/2 status=200 0.392s url=https://www.myfonts.com/products/700-astute-grotesque-1132075
[2026-04-16T08:07:03Z] #348 attempt=1/2 status=200 0.596s url=https://www.myfonts.com/collections/astute-grotesque-font-parker-creative/
[2026-04-16T08:07:04Z] #349 attempt=1/2 status=200 0.164s url=https://www.myfonts.com/collections/astute-grotesque-font-parker-creative/?tab=techSpecs
[2026-04-16T08:07:05Z] #350 attempt=1/2 status=200 0.580s url=https://www.myfonts.com/products/extra-bold-dg-zakorn-1132043
[2026-04-16T08:07:06Z] #351 attempt=1/2 status=200 0.546s url=https://www.myfonts.com/collections/dg-zakorn-font-dg-typeworks-studio/
[2026-04-16T08:07:07Z] #352 attempt=1/2 status=200 0.749s url=https://www.myfonts.com/collections/dg-zakorn-font-dg-typeworks-studio/?tab=techSpecs
[2026-04-16T08:07:09Z] #353 attempt=1/2 status=200 0.394s url=https://www.myfonts.com/products/regular-rastera-1132060
[2026-04-16T08:07:10Z] #354 attempt=1/2 status=200 0.495s url=https://www.myfonts.com/collections/rastera-font-artiveko/
[2026-04-16T08:07:11Z] #355 attempt=1/2 status=200 0.541s url=https://www.myfonts.com/collections/rastera-font-artiveko/?tab=techSpecs
[2026-04-16T08:07:12Z] #356 attempt=1/2 status=200 0.393s url=https://www.myfonts.com/products/regular-sing-my-song-1132063
[2026-04-16T08:07:13Z] #357 attempt=1/2 status=200 0.566s url=https://www.myfonts.com/collections/sing-my-song-font-pizzadudedk/
[2026-04-16T08:07:13Z] #358 attempt=1/2 status=200 0.183s url=https://www.myfonts.com/collections/sing-my-song-font-pizzadudedk/?tab=techSpecs
[2026-04-16T08:07:14Z] #359 attempt=1/2 status=200 0.298s url=https://www.myfonts.com/products/streper-chane-regular-mc-streper-chane-1132078
[2026-04-16T08:07:15Z] #360 attempt=1/2 status=200 0.272s url=https://www.myfonts.com/collections/mc-streper-chane-font-maulana-creative/
[2026-04-16T08:07:16Z] #361 attempt=1/2 status=200 0.443s url=https://www.myfonts.com/collections/mc-streper-chane-font-maulana-creative/?tab=techSpecs
[2026-04-16T08:07:17Z] #362 attempt=1/2 status=200 0.546s url=https://www.myfonts.com/products/regular-aurelian-1132009
[2026-04-16T08:07:17Z] #363 attempt=1/2 status=200 0.265s url=https://www.myfonts.com/collections/aurelian-font-bluestype-studio/
[2026-04-16T08:07:18Z] #364 attempt=1/2 status=200 0.567s url=https://www.myfonts.com/collections/aurelian-font-bluestype-studio/?tab=techSpecs
[2026-04-16T08:07:19Z] #365 attempt=1/2 status=200 0.618s url=https://www.myfonts.com/products/circular-italic-batch-1132006
[2026-04-16T08:07:20Z] #366 attempt=1/2 status=200 0.686s url=https://www.myfonts.com/collections/batch-font-alpercakici/
[2026-04-16T08:07:21Z] #367 attempt=1/2 status=200 0.522s url=https://www.myfonts.com/collections/batch-font-alpercakici/?tab=techSpecs
[2026-04-16T08:07:23Z] #368 attempt=1/6 status=200 0.854s url=https://www.myfonts.com/products.json?limit=100&page=22
[2026-04-16T08:07:24Z] #369 attempt=1/2 status=200 0.471s url=https://www.myfonts.com/products/italic-tatsukaze-1132067
[2026-04-16T08:07:24Z] #370 attempt=1/2 status=200 0.343s url=https://www.myfonts.com/collections/tatsukaze-font-made-deduk/
[2026-04-16T08:07:25Z] #371 attempt=1/2 status=200 0.385s url=https://www.myfonts.com/collections/tatsukaze-font-made-deduk/?tab=techSpecs
[2026-04-16T08:07:27Z] #372 attempt=1/2 status=200 0.757s url=https://www.myfonts.com/products/regular-asfalta-1131952
[2026-04-16T08:07:28Z] #373 attempt=1/2 status=200 0.444s url=https://www.myfonts.com/collections/asfalta-font-ghozai-studio/
[2026-04-16T08:07:28Z] #374 attempt=1/2 status=200 0.366s url=https://www.myfonts.com/collections/asfalta-font-ghozai-studio/?tab=techSpecs
[2026-04-16T08:07:30Z] #375 attempt=1/2 status=200 0.474s url=https://www.myfonts.com/products/italic-wikolia-1131967
[2026-04-16T08:07:31Z] #376 attempt=1/2 status=200 0.463s url=https://www.myfonts.com/collections/wikolia-font-craft-supply-co/
[2026-04-16T08:07:31Z] #377 attempt=1/2 status=200 0.372s url=https://www.myfonts.com/collections/wikolia-font-craft-supply-co/?tab=techSpecs
[2026-04-16T08:07:33Z] #378 attempt=1/2 status=200 0.374s url=https://www.myfonts.com/products/regular-military-steel-1131960
[2026-04-16T08:07:33Z] #379 attempt=1/2 status=200 0.429s url=https://www.myfonts.com/collections/military-steel-font-cocodesign/
[2026-04-16T08:07:34Z] #380 attempt=1/2 status=200 0.203s url=https://www.myfonts.com/collections/military-steel-font-cocodesign/?tab=techSpecs
[2026-04-16T08:07:35Z] #381 attempt=1/2 status=200 0.369s url=https://www.myfonts.com/products/clean-bodark-1131963
[2026-04-16T08:07:36Z] #382 attempt=1/2 status=200 0.439s url=https://www.myfonts.com/collections/bodark-font-the-native-saint-club/
[2026-04-16T08:07:37Z] #383 attempt=1/2 status=200 0.457s url=https://www.myfonts.com/collections/bodark-font-the-native-saint-club/?tab=techSpecs
[2026-04-16T08:07:39Z] #384 attempt=1/2 status=200 1.104s url=https://www.myfonts.com/products/extra-bold-semi-exp-slant-degora-1131892
[2026-04-16T08:07:40Z] #385 attempt=1/2 status=200 1.607s url=https://www.myfonts.com/collections/degora-font-fargun-studio/
[2026-04-16T08:07:41Z] #386 attempt=1/2 status=200 0.200s url=https://www.myfonts.com/collections/degora-font-fargun-studio/?tab=techSpecs
[2026-04-16T08:07:43Z] #387 attempt=1/2 status=200 0.340s url=https://www.myfonts.com/products/regular-smoky-hand-1131942
[2026-04-16T08:07:44Z] #388 attempt=1/2 status=200 0.472s url=https://www.myfonts.com/collections/smoky-hand-font-letterena-studios/
[2026-04-16T08:07:44Z] #389 attempt=1/2 status=200 0.406s url=https://www.myfonts.com/collections/smoky-hand-font-letterena-studios/?tab=techSpecs
[2026-04-16T08:07:46Z] #390 attempt=1/6 status=200 0.635s url=https://www.myfonts.com/products.json?limit=100&page=23
[2026-04-16T08:07:48Z] #391 attempt=1/6 status=200 0.851s url=https://www.myfonts.com/products.json?limit=100&page=24
[2026-04-16T08:07:48Z] #392 attempt=1/2 status=200 0.497s url=https://www.myfonts.com/products/bold-griga-sans-1131793
[2026-04-16T08:07:49Z] #393 attempt=1/2 status=200 0.537s url=https://www.myfonts.com/collections/griga-sans-font-graptail/
[2026-04-16T08:07:49Z] #394 attempt=1/2 status=200 0.171s url=https://www.myfonts.com/collections/griga-sans-font-graptail/?tab=techSpecs
[2026-04-16T08:07:51Z] #395 attempt=1/2 status=200 0.428s url=https://www.myfonts.com/products/black-ortak-sans-1131714
[2026-04-16T08:07:52Z] #396 attempt=1/2 status=200 0.563s url=https://www.myfonts.com/collections/ortak-sans-font-tour-de-force/
[2026-04-16T08:07:53Z] #397 attempt=1/2 status=200 0.707s url=https://www.myfonts.com/collections/ortak-sans-font-tour-de-force/?tab=techSpecs
[2026-04-16T08:07:54Z] #398 attempt=1/2 status=200 0.398s url=https://www.myfonts.com/products/regular-sunset-fiesta-1131720
[2026-04-16T08:07:55Z] #399 attempt=1/2 status=200 0.440s url=https://www.myfonts.com/collections/sunset-fiesta-font-inviline/
[2026-04-16T08:07:55Z] #400 attempt=1/2 status=200 0.171s url=https://www.myfonts.com/collections/sunset-fiesta-font-inviline/?tab=techSpecs
[2026-04-16T08:07:56Z] #401 attempt=1/2 status=200 0.480s url=https://www.myfonts.com/products/tales-semi-bold-trixy-1131696
[2026-04-16T08:07:57Z] #402 attempt=1/2 status=200 0.623s url=https://www.myfonts.com/collections/trixy-font-fontfabric/
[2026-04-16T08:07:58Z] #403 attempt=1/2 status=200 0.157s url=https://www.myfonts.com/collections/trixy-font-fontfabric/?tab=techSpecs
[2026-04-16T08:07:59Z] #404 attempt=1/2 status=200 0.404s url=https://www.myfonts.com/products/outline-regular-diglet-sunsin-1131804
[2026-04-16T08:08:00Z] #405 attempt=1/2 status=200 0.444s url=https://www.myfonts.com/collections/diglet-sunsin-font-tini-fitriani/
[2026-04-16T08:08:00Z] #406 attempt=1/2 status=200 0.226s url=https://www.myfonts.com/collections/diglet-sunsin-font-tini-fitriani/?tab=techSpecs
[2026-04-16T08:08:02Z] #407 attempt=1/2 status=200 0.366s url=https://www.myfonts.com/products/italic-oladro-churo-1131808
[2026-04-16T08:08:02Z] #408 attempt=1/2 status=200 0.356s url=https://www.myfonts.com/collections/oladro-churo-font-tini-fitriani/
[2026-04-16T08:08:03Z] #409 attempt=1/2 status=200 0.351s url=https://www.myfonts.com/collections/oladro-churo-font-tini-fitriani/?tab=techSpecs
[2026-04-16T08:08:05Z] #410 attempt=1/6 status=200 0.695s url=https://www.myfonts.com/products.json?limit=100&page=25
[2026-04-16T08:08:05Z] #411 attempt=1/2 status=200 0.356s url=https://www.myfonts.com/products/italic-bredilo-1131724
[2026-04-16T08:08:06Z] #412 attempt=1/2 status=200 0.423s url=https://www.myfonts.com/collections/bredilo-font-saytype/
[2026-04-16T08:08:07Z] #413 attempt=1/2 status=200 0.211s url=https://www.myfonts.com/collections/bredilo-font-saytype/?tab=techSpecs
[2026-04-16T08:08:08Z] #414 attempt=1/2 status=200 0.365s url=https://www.myfonts.com/products/italic-roddo-1131781
[2026-04-16T08:08:09Z] #415 attempt=1/2 status=200 0.389s url=https://www.myfonts.com/collections/roddo-font-artiveko/
[2026-04-16T08:08:10Z] #416 attempt=1/2 status=200 0.449s url=https://www.myfonts.com/collections/roddo-font-artiveko/?tab=techSpecs
[2026-04-16T08:08:11Z] #417 attempt=1/2 status=200 0.414s url=https://www.myfonts.com/products/regular-radiant-spectrum-1131776
[2026-04-16T08:08:12Z] #418 attempt=1/2 status=200 0.495s url=https://www.myfonts.com/collections/radiant-spectrum-font-lemonthe/
[2026-04-16T08:08:12Z] #419 attempt=1/2 status=200 0.368s url=https://www.myfonts.com/collections/radiant-spectrum-font-lemonthe/?tab=techSpecs
[2026-04-16T08:08:14Z] #420 attempt=1/2 status=200 0.320s url=https://www.myfonts.com/products/regular-meppid-1131718
[2026-04-16T08:08:14Z] #421 attempt=1/2 status=200 0.313s url=https://www.myfonts.com/collections/meppid-font-maikohatta/
[2026-04-16T08:08:15Z] #422 attempt=1/2 status=200 0.189s url=https://www.myfonts.com/collections/meppid-font-maikohatta/?tab=techSpecs
[2026-04-16T08:08:16Z] #423 attempt=1/2 status=200 0.428s url=https://www.myfonts.com/products/regular-funkio-1131717
[2026-04-16T08:08:16Z] #424 attempt=1/2 status=200 0.302s url=https://www.myfonts.com/collections/funkio-font-sekyra-lab/
[2026-04-16T08:08:17Z] #425 attempt=1/2 status=200 0.327s url=https://www.myfonts.com/collections/funkio-font-sekyra-lab/?tab=techSpecs
[2026-04-16T08:08:18Z] #426 attempt=1/2 status=200 0.395s url=https://www.myfonts.com/products/italic-fistgood-loutens-1131801
[2026-04-16T08:08:19Z] #427 attempt=1/2 status=200 0.605s url=https://www.myfonts.com/collections/fistgood-loutens-font-stylishtype-studio/
[2026-04-16T08:08:19Z] #428 attempt=1/2 status=200 0.148s url=https://www.myfonts.com/collections/fistgood-loutens-font-stylishtype-studio/?tab=techSpecs
[2026-04-16T08:08:21Z] #429 attempt=1/2 status=200 0.920s url=https://www.myfonts.com/products/extra-bold-italic-reicha-1129505
[2026-04-16T08:08:24Z] #430 attempt=1/2 status=200 2.645s url=https://www.myfonts.com/collections/reicha-font-akbartype/
[2026-04-16T08:08:25Z] #431 attempt=1/2 status=200 0.218s url=https://www.myfonts.com/collections/reicha-font-akbartype/?tab=techSpecs
[2026-04-16T08:08:27Z] #432 attempt=1/2 status=200 0.940s url=https://www.myfonts.com/products/solo-sans-duo-package-1133477
[2026-04-16T08:08:27Z] #433 attempt=1/2 status=404 0.189s url=https://www.myfonts.com/collections/solo-sans-duo-font-fontop
[2026-04-16T08:08:27Z] summary releases=0 first_429=None log_file=state/myfonts_run_20260416_080032.log
[2026-04-16T08:08:27Z] === MyFonts crawl end ===
