[2026-08-07T07:35:26Z] checkpoint fresh next_page=1 path=state/myfonts_crawl_checkpoint.json
[2026-08-07T07:35:26Z] === MyFonts crawl start source=myfonts ===
[2026-08-07T07:35:26Z] config max_pages=25 page_size=100 start_date=2026-08-06 end_date=2026-08-07 api_delay=0.5s detail_delay=0.2s max_debut_checks=400 max_tech_specs_checks=200 reuse_success_profile=False always_enrich_packages=True language_script_signal_mode=strong force_fresh_run=False start_page=1 browser_mode=False browser_headless=True browser_storage_state_path=state/myfonts_storage_state.json
[2026-08-07T07:35:27Z] #1 attempt=1/6 status=200 1.022s url=https://www.myfonts.com/products.json?limit=100&page=1
[2026-08-07T07:35:28Z] #2 attempt=1/2 status=200 0.938s url=https://www.myfonts.com/products/ravedo-compressed-complete-family-package-1194595
[2026-08-07T07:35:30Z] #3 attempt=1/2 status=200 0.991s url=https://www.myfonts.com/collections/ravedo-compressed-font-gatype/
[2026-08-07T07:35:31Z] #4 attempt=1/2 status=200 0.312s url=https://www.myfonts.com/collections/ravedo-compressed-font-gatype/?tab=techSpecs
[2026-08-07T07:35:32Z] #5 attempt=1/2 status=200 0.384s url=https://www.myfonts.com/products/aksana-brush-script-complete-family-package-1194907
[2026-08-07T07:35:33Z] #6 attempt=1/2 status=200 0.418s url=https://www.myfonts.com/collections/aksana-brush-script-font-creatype-studio/
[2026-08-07T07:35:33Z] #7 attempt=1/2 status=200 0.215s url=https://www.myfonts.com/collections/aksana-brush-script-font-creatype-studio/?tab=techSpecs
[2026-08-07T07:35:35Z] #8 attempt=1/2 status=200 0.666s url=https://www.myfonts.com/products/regiola-display-complete-family-package-1194705
[2026-08-07T07:35:36Z] #9 attempt=1/2 status=200 0.761s url=https://www.myfonts.com/collections/regiola-display-font-gatype/
[2026-08-07T07:35:36Z] #10 attempt=1/2 status=200 0.278s url=https://www.myfonts.com/collections/regiola-display-font-gatype/?tab=techSpecs
[2026-08-07T07:35:38Z] #11 attempt=1/2 status=200 0.537s url=https://www.myfonts.com/products/grade-regular-redosky-1194684
[2026-08-07T07:35:39Z] #12 attempt=1/2 status=200 0.606s url=https://www.myfonts.com/collections/redosky-font-gatype/
[2026-08-07T07:35:39Z] #13 attempt=1/2 status=200 0.276s url=https://www.myfonts.com/collections/redosky-font-gatype/?tab=techSpecs
[2026-08-07T07:35:41Z] #14 attempt=1/2 status=200 0.588s url=https://www.myfonts.com/products/grade-extra-expanded-slant-rastafol-1194572
[2026-08-07T07:35:42Z] #15 attempt=1/2 status=200 0.741s url=https://www.myfonts.com/collections/rastafol-font-gatype/
[2026-08-07T07:35:42Z] #16 attempt=1/2 status=200 0.276s url=https://www.myfonts.com/collections/rastafol-font-gatype/?tab=techSpecs
[2026-08-07T07:35:44Z] #17 attempt=1/2 status=200 0.764s url=https://www.myfonts.com/products/italic-grade-condensed-slant-promina-1194538
[2026-08-07T07:35:45Z] #18 attempt=1/2 status=200 0.980s url=https://www.myfonts.com/collections/promina-font-gatype/
[2026-08-07T07:35:46Z] #19 attempt=1/2 status=200 0.361s url=https://www.myfonts.com/collections/promina-font-gatype/?tab=techSpecs
[2026-08-07T07:35:48Z] #20 attempt=1/6 status=200 0.704s url=https://www.myfonts.com/products.json?limit=100&page=2
[2026-08-07T07:35:49Z] #21 attempt=1/2 status=200 0.425s url=https://www.myfonts.com/products/italic-rendey-1194744
[2026-08-07T07:35:49Z] #22 attempt=1/2 status=200 0.424s url=https://www.myfonts.com/collections/rendey-font-gatype/
[2026-08-07T07:35:50Z] #23 attempt=1/2 status=200 0.290s url=https://www.myfonts.com/collections/rendey-font-gatype/?tab=techSpecs
[2026-08-07T07:35:52Z] #24 attempt=1/6 status=200 1.007s url=https://www.myfonts.com/products.json?limit=100&page=3
[2026-08-07T07:35:53Z] #25 attempt=1/2 status=200 0.450s url=https://www.myfonts.com/products/regular-vendalyx-1194487
[2026-08-07T07:35:53Z] #26 attempt=1/2 status=200 0.393s url=https://www.myfonts.com/collections/vendalyx-font-denustudio/
[2026-08-07T07:35:54Z] #27 attempt=1/2 status=200 0.228s url=https://www.myfonts.com/collections/vendalyx-font-denustudio/?tab=techSpecs
[2026-08-07T07:35:55Z] #28 attempt=1/2 status=200 0.357s url=https://www.myfonts.com/products/regular-hand-of-sean-1194483
[2026-08-07T07:35:55Z] #29 attempt=1/2 status=200 0.351s url=https://www.myfonts.com/collections/hand-of-sean-font-sean-johnson/
[2026-08-07T07:35:56Z] #30 attempt=1/2 status=200 0.239s url=https://www.myfonts.com/collections/hand-of-sean-font-sean-johnson/?tab=techSpecs
[2026-08-07T07:35:57Z] #31 attempt=1/2 status=200 0.378s url=https://www.myfonts.com/products/italic-regular-billbrown-1194482
[2026-08-07T07:35:57Z] #32 attempt=1/2 status=200 0.381s url=https://www.myfonts.com/collections/billbrown-font-jinan-studio/
[2026-08-07T07:35:58Z] #33 attempt=1/2 status=200 0.232s url=https://www.myfonts.com/collections/billbrown-font-jinan-studio/?tab=techSpecs
[2026-08-07T07:35:59Z] #34 attempt=1/2 status=200 0.332s url=https://www.myfonts.com/products/regular-south-avenue-1194479
[2026-08-07T07:36:00Z] #35 attempt=1/2 status=200 0.415s url=https://www.myfonts.com/collections/south-avenue-font-epiclinez/
[2026-08-07T07:36:01Z] #36 attempt=1/2 status=200 0.256s url=https://www.myfonts.com/collections/south-avenue-font-epiclinez/?tab=techSpecs
[2026-08-07T07:36:02Z] #37 attempt=1/2 status=200 0.468s url=https://www.myfonts.com/products/second-time-complete-family-package-1194451
[2026-08-07T07:36:02Z] #38 attempt=1/2 status=200 0.415s url=https://www.myfonts.com/collections/second-time-font-ragamkata/
[2026-08-07T07:36:03Z] #39 attempt=1/2 status=200 0.257s url=https://www.myfonts.com/collections/second-time-font-ragamkata/?tab=techSpecs
[2026-08-07T07:36:04Z] #40 attempt=1/2 status=200 0.409s url=https://www.myfonts.com/products/amajton-skitty-complete-family-package-1194441
[2026-08-07T07:36:05Z] #41 attempt=1/2 status=200 0.441s url=https://www.myfonts.com/collections/amajton-skitty-font-stylishtype-studio/
[2026-08-07T07:36:05Z] #42 attempt=1/2 status=200 0.223s url=https://www.myfonts.com/collections/amajton-skitty-font-stylishtype-studio/?tab=techSpecs
[2026-08-07T07:36:06Z] #43 attempt=1/2 status=200 0.373s url=https://www.myfonts.com/products/kemical-complete-family-package-1193659
[2026-08-07T07:36:07Z] #44 attempt=1/2 status=200 0.489s url=https://www.myfonts.com/collections/kemical-font-vermilione/
[2026-08-07T07:36:08Z] #45 attempt=1/2 status=200 0.273s url=https://www.myfonts.com/collections/kemical-font-vermilione/?tab=techSpecs
[2026-08-07T07:36:09Z] #46 attempt=1/2 status=200 0.338s url=https://www.myfonts.com/products/maritime-societies-complete-family-package-1193717
[2026-08-07T07:36:10Z] #47 attempt=1/2 status=200 0.405s url=https://www.myfonts.com/collections/maritime-societies-font-177studio/
[2026-08-07T07:36:10Z] #48 attempt=1/2 status=200 0.241s url=https://www.myfonts.com/collections/maritime-societies-font-177studio/?tab=techSpecs
[2026-08-07T07:36:11Z] #49 attempt=1/2 status=200 0.447s url=https://www.myfonts.com/products/bello-curve-complete-family-package-1193694
[2026-08-07T07:36:12Z] #50 attempt=1/2 status=200 0.417s url=https://www.myfonts.com/collections/bello-curve-font-letterara/
[2026-08-07T07:36:13Z] #51 attempt=1/2 status=200 0.239s url=https://www.myfonts.com/collections/bello-curve-font-letterara/?tab=techSpecs
[2026-08-07T07:36:15Z] #52 attempt=1/2 status=200 1.329s url=https://www.myfonts.com/products/compressed-regular-chromatic-906838
[2026-08-07T07:36:17Z] #53 attempt=1/2 status=200 1.541s url=https://www.myfonts.com/collections/chromatic-font-colophon-foundry/
[2026-08-07T07:36:18Z] #54 attempt=1/2 status=200 0.314s url=https://www.myfonts.com/collections/chromatic-font-colophon-foundry/?tab=techSpecs
[2026-08-07T07:36:19Z] #55 attempt=1/2 status=200 0.410s url=https://www.myfonts.com/products/regular-rf-binar-1193678
[2026-08-07T07:36:20Z] #56 attempt=1/2 status=200 0.430s url=https://www.myfonts.com/collections/rf-binar-font-renegade-fonts/
[2026-08-07T07:36:20Z] #57 attempt=1/2 status=200 0.277s url=https://www.myfonts.com/collections/rf-binar-font-renegade-fonts/?tab=techSpecs
[2026-08-07T07:36:22Z] #58 attempt=1/2 status=200 0.867s url=https://www.myfonts.com/products/variable-regular-mebilan-1193738
[2026-08-07T07:36:23Z] #59 attempt=1/2 status=200 1.141s url=https://www.myfonts.com/collections/mebilan-font-logic-type/
[2026-08-07T07:36:24Z] #60 attempt=1/2 status=200 0.324s url=https://www.myfonts.com/collections/mebilan-font-logic-type/?tab=techSpecs
[2026-08-07T07:36:26Z] #61 attempt=1/2 status=200 0.491s url=https://www.myfonts.com/products/medium-andro-network-1194074
[2026-08-07T07:36:27Z] #62 attempt=1/2 status=200 0.733s url=https://www.myfonts.com/collections/andro-network-font-font-liner/
[2026-08-07T07:36:27Z] #63 attempt=1/2 status=200 0.274s url=https://www.myfonts.com/collections/andro-network-font-font-liner/?tab=techSpecs
[2026-08-07T07:36:28Z] #64 attempt=1/2 status=200 0.363s url=https://www.myfonts.com/products/regular-capestone-1193724
[2026-08-07T07:36:29Z] #65 attempt=1/2 status=200 0.382s url=https://www.myfonts.com/collections/capestone-font-linecreative/
[2026-08-07T07:36:30Z] #66 attempt=1/2 status=200 0.240s url=https://www.myfonts.com/collections/capestone-font-linecreative/?tab=techSpecs
[2026-08-07T07:36:30Z] #67 attempt=1/2 status=200 0.408s url=https://www.myfonts.com/products/regular-silveria-magic-1194456
[2026-08-07T07:36:31Z] #68 attempt=1/2 status=200 0.368s url=https://www.myfonts.com/collections/silveria-magic-font-alit-design/
[2026-08-07T07:36:32Z] #69 attempt=1/2 status=200 0.258s url=https://www.myfonts.com/collections/silveria-magic-font-alit-design/?tab=techSpecs
[2026-08-07T07:36:33Z] #70 attempt=1/2 status=200 0.347s url=https://www.myfonts.com/products/italic-tormek-1193693
[2026-08-07T07:36:33Z] #71 attempt=1/2 status=200 0.337s url=https://www.myfonts.com/collections/tormek-font-letterara/
[2026-08-07T07:36:34Z] #72 attempt=1/2 status=200 0.269s url=https://www.myfonts.com/collections/tormek-font-letterara/?tab=techSpecs
[2026-08-07T07:36:35Z] #73 attempt=1/2 status=200 0.370s url=https://www.myfonts.com/products/regular-hoosk-kicks-1193723
[2026-08-07T07:36:36Z] #74 attempt=1/2 status=200 0.342s url=https://www.myfonts.com/collections/hoosk-kicks-font-maulana-creative/
[2026-08-07T07:36:36Z] #75 attempt=1/2 status=200 0.274s url=https://www.myfonts.com/collections/hoosk-kicks-font-maulana-creative/?tab=techSpecs
[2026-08-07T07:36:37Z] #76 attempt=1/2 status=200 0.374s url=https://www.myfonts.com/products/italic-fantasy-brooklyn-1194059
[2026-08-07T07:36:38Z] #77 attempt=1/2 status=200 0.429s url=https://www.myfonts.com/collections/fantasy-brooklyn-font-vermilione/
[2026-08-07T07:36:38Z] #78 attempt=1/2 status=200 0.249s url=https://www.myfonts.com/collections/fantasy-brooklyn-font-vermilione/?tab=techSpecs
[2026-08-07T07:36:39Z] #79 attempt=1/2 status=200 0.340s url=https://www.myfonts.com/products/shifting-borders-regular-italic-shifting-borders-1193716
[2026-08-07T07:36:40Z] #80 attempt=1/2 status=200 0.371s url=https://www.myfonts.com/collections/shifting-borders-font-177studio/
[2026-08-07T07:36:41Z] #81 attempt=1/2 status=200 0.221s url=https://www.myfonts.com/collections/shifting-borders-font-177studio/?tab=techSpecs
[2026-08-07T07:36:42Z] #82 attempt=1/2 status=200 0.348s url=https://www.myfonts.com/products/italic-shifer-blastone-1193722
[2026-08-07T07:36:42Z] #83 attempt=1/2 status=200 0.405s url=https://www.myfonts.com/collections/shifer-blastone-font-vermilione/
[2026-08-07T07:36:43Z] #84 attempt=1/2 status=200 0.229s url=https://www.myfonts.com/collections/shifer-blastone-font-vermilione/?tab=techSpecs
[2026-08-07T07:36:45Z] #85 attempt=1/6 status=200 0.846s url=https://www.myfonts.com/products.json?limit=100&page=4
[2026-08-07T07:36:46Z] #86 attempt=1/2 status=200 0.326s url=https://www.myfonts.com/products/regular-markas-1193690
[2026-08-07T07:36:46Z] #87 attempt=1/2 status=200 0.345s url=https://www.myfonts.com/collections/markas-font-syafbe/
[2026-08-07T07:36:47Z] #88 attempt=1/2 status=429 0.034s url=https://www.myfonts.com/collections/markas-font-syafbe/?tab=techSpecs
[2026-08-07T07:36:47Z] first_429 req=88 url=https://www.myfonts.com/collections/markas-font-syafbe/?tab=techSpecs
[2026-08-07T07:36:49Z] #89 attempt=2/2 status=200 0.286s url=https://www.myfonts.com/collections/markas-font-syafbe/?tab=techSpecs
[2026-08-07T07:36:50Z] #90 attempt=1/2 status=200 0.421s url=https://www.myfonts.com/products/italic-regnas-1194099
[2026-08-07T07:36:50Z] #91 attempt=1/2 status=429 0.032s url=https://www.myfonts.com/collections/regnas-font-ragamkata/
[2026-08-07T07:36:53Z] #92 attempt=2/2 status=200 0.509s url=https://www.myfonts.com/collections/regnas-font-ragamkata/
[2026-08-07T07:36:54Z] #93 attempt=1/2 status=200 0.448s url=https://www.myfonts.com/products/italic-magical-holiday-1193713
[2026-08-07T07:36:54Z] #94 attempt=1/2 status=429 0.041s url=https://www.myfonts.com/collections/magical-holiday-font-letterena-studios/
[2026-08-07T07:36:57Z] #95 attempt=2/2 status=200 0.422s url=https://www.myfonts.com/collections/magical-holiday-font-letterena-studios/
[2026-08-07T07:36:57Z] #96 attempt=1/2 status=200 0.374s url=https://www.myfonts.com/products/italic-woofie-koofie-1193689
[2026-08-07T07:36:58Z] #97 attempt=1/2 status=429 0.054s url=https://www.myfonts.com/collections/woofie-koofie-font-letterara/
[2026-08-07T07:37:00Z] #98 attempt=2/2 status=200 0.389s url=https://www.myfonts.com/collections/woofie-koofie-font-letterara/
[2026-08-07T07:37:01Z] #99 attempt=1/2 status=200 0.322s url=https://www.myfonts.com/products/regular-agteri-vhosky-1193658
[2026-08-07T07:37:01Z] #100 attempt=1/2 status=429 0.027s url=https://www.myfonts.com/collections/agteri-vhosky-font-maulana-creative/
[2026-08-07T07:37:04Z] #101 attempt=2/2 status=200 0.463s url=https://www.myfonts.com/collections/agteri-vhosky-font-maulana-creative/
[2026-08-07T07:37:05Z] #102 attempt=1/2 status=200 0.472s url=https://www.myfonts.com/products/script-oblique-manowe-1193709
[2026-08-07T07:37:05Z] #103 attempt=1/2 status=200 0.365s url=https://www.myfonts.com/collections/manowe-font-nollev/
[2026-08-07T07:37:06Z] #104 attempt=1/2 status=200 0.384s url=https://www.myfonts.com/products/italic-kaineto-1194096
[2026-08-07T07:37:06Z] #105 attempt=1/2 status=200 0.402s url=https://www.myfonts.com/collections/kaineto-font-ragamkata/
[2026-08-07T07:37:07Z] #106 attempt=1/2 status=200 0.393s url=https://www.myfonts.com/products/regular-fegand-1194103
[2026-08-07T07:37:07Z] #107 attempt=1/2 status=429 0.045s url=https://www.myfonts.com/collections/fegand-font-typeagle/
[2026-08-07T07:37:10Z] #108 attempt=2/2 status=200 0.516s url=https://www.myfonts.com/collections/fegand-font-typeagle/
[2026-08-07T07:37:11Z] #109 attempt=1/2 status=200 0.327s url=https://www.myfonts.com/products/regular-takoma-1193710
[2026-08-07T07:37:11Z] #110 attempt=1/2 status=200 0.310s url=https://www.myfonts.com/collections/takoma-font-limitype/
[2026-08-07T07:37:12Z] #111 attempt=1/2 status=200 0.358s url=https://www.myfonts.com/products/italic-eldrune-1193686
[2026-08-07T07:37:13Z] #112 attempt=1/2 status=200 0.383s url=https://www.myfonts.com/collections/eldrune-font-letterara/
[2026-08-07T07:37:14Z] #113 attempt=1/2 status=200 0.402s url=https://www.myfonts.com/products/regular-orbit-magika-1194090
[2026-08-07T07:37:14Z] #114 attempt=1/2 status=200 0.390s url=https://www.myfonts.com/collections/orbit-magika-font-alit-design/
[2026-08-07T07:37:15Z] #115 attempt=1/2 status=200 0.390s url=https://www.myfonts.com/products/italic-retrera-1193702
[2026-08-07T07:37:15Z] #116 attempt=1/2 status=429 0.030s url=https://www.myfonts.com/collections/retrera-font-letterara/
[2026-08-07T07:37:18Z] #117 attempt=2/2 status=200 0.378s url=https://www.myfonts.com/collections/retrera-font-letterara/
[2026-08-07T07:37:19Z] #118 attempt=1/2 status=200 0.378s url=https://www.myfonts.com/products/emboss-30-rf-maso-1194088
[2026-08-07T07:37:19Z] #119 attempt=1/2 status=200 0.397s url=https://www.myfonts.com/collections/rf-maso-font-renegade-fonts/
[2026-08-07T07:37:20Z] #120 attempt=1/2 status=200 0.305s url=https://www.myfonts.com/products/regular-bagyt-1193675
[2026-08-07T07:37:20Z] #121 attempt=1/2 status=200 0.362s url=https://www.myfonts.com/collections/bagyt-font-era-ken/
[2026-08-07T07:37:21Z] #122 attempt=1/2 status=200 0.341s url=https://www.myfonts.com/products/black-bakis-1193671
[2026-08-07T07:37:21Z] #123 attempt=1/2 status=429 0.027s url=https://www.myfonts.com/collections/bakis-font-genetype/
[2026-08-07T07:37:24Z] #124 attempt=2/2 status=200 0.452s url=https://www.myfonts.com/collections/bakis-font-genetype/
[2026-08-07T07:37:25Z] #125 attempt=1/2 status=200 0.432s url=https://www.myfonts.com/products/italic-lunavera-1193699
[2026-08-07T07:37:25Z] #126 attempt=1/2 status=200 0.375s url=https://www.myfonts.com/collections/lunavera-font-letterara/
[2026-08-07T07:37:26Z] #127 attempt=1/2 status=200 0.334s url=https://www.myfonts.com/products/regular-eloires-1193666
[2026-08-07T07:37:26Z] #128 attempt=1/2 status=200 0.355s url=https://www.myfonts.com/collections/eloires-font-heinzel-std/
[2026-08-07T07:37:27Z] #129 attempt=1/2 status=200 0.391s url=https://www.myfonts.com/products/kontrova-complete-family-package-1194091
[2026-08-07T07:37:27Z] #130 attempt=1/2 status=429 0.043s url=https://www.myfonts.com/collections/kontrova-font-letterytz/
[2026-08-07T07:37:30Z] #131 attempt=2/2 status=200 0.457s url=https://www.myfonts.com/collections/kontrova-font-letterytz/
[2026-08-07T07:37:31Z] #132 attempt=1/2 status=200 0.401s url=https://www.myfonts.com/products/postcards-from-vienna-complete-family-package-1194060
[2026-08-07T07:37:31Z] #133 attempt=1/2 status=200 0.536s url=https://www.myfonts.com/collections/postcards-from-vienna-font-ana-s-fonts/
[2026-08-07T07:37:32Z] #134 attempt=1/2 status=200 0.392s url=https://www.myfonts.com/products/morcelio-complete-family-package-1194054
[2026-08-07T07:37:33Z] #135 attempt=1/2 status=200 0.378s url=https://www.myfonts.com/collections/morcelio-font-zafira-type/
[2026-08-07T07:37:34Z] #136 attempt=1/2 status=200 0.413s url=https://www.myfonts.com/products/budinger-oldstyle-display-complete-family-package-1194029
[2026-08-07T07:37:35Z] #137 attempt=1/2 status=200 0.496s url=https://www.myfonts.com/collections/budinger-oldstyle-display-font-the-ampersand-forest/
[2026-08-07T07:37:36Z] #138 attempt=1/2 status=200 0.549s url=https://www.myfonts.com/products/gergoria-sans-complete-family-package-1194004
[2026-08-07T07:37:37Z] #139 attempt=1/2 status=200 0.767s url=https://www.myfonts.com/collections/gergoria-sans-font-syafbe/
[2026-08-07T07:37:37Z] #140 attempt=1/2 status=200 0.432s url=https://www.myfonts.com/products/aresta-bouchend-complete-family-package-1193988
[2026-08-07T07:37:38Z] #141 attempt=1/2 status=200 0.522s url=https://www.myfonts.com/collections/aresta-bouchend-font-deorde-studio/
[2026-08-07T07:37:38Z] #142 attempt=1/2 status=429 0.025s url=https://www.myfonts.com/products/theyladia-complete-family-package-1193830
[2026-08-07T07:37:41Z] #143 attempt=2/2 status=200 0.496s url=https://www.myfonts.com/products/theyladia-complete-family-package-1193830
[2026-08-07T07:37:42Z] #144 attempt=1/2 status=200 0.435s url=https://www.myfonts.com/collections/theyladia-font-tini-fitriani/
[2026-08-07T07:37:43Z] #145 attempt=1/6 status=200 0.908s url=https://www.myfonts.com/products.json?limit=100&page=5
[2026-08-07T07:37:44Z] #146 attempt=1/2 status=200 0.368s url=https://www.myfonts.com/products/regular-vandal-vibes-1194102
[2026-08-07T07:37:45Z] #147 attempt=1/2 status=200 0.480s url=https://www.myfonts.com/collections/vandal-vibes-font-hipfonts/
[2026-08-07T07:37:45Z] #148 attempt=1/2 status=200 0.359s url=https://www.myfonts.com/products/regular-outfield-glory-1194101
[2026-08-07T07:37:46Z] #149 attempt=1/2 status=200 0.333s url=https://www.myfonts.com/collections/outfield-glory-font-hipfonts/
[2026-08-07T07:37:46Z] #150 attempt=1/2 status=200 0.320s url=https://www.myfonts.com/products/regular-exhociz-1194100
[2026-08-07T07:37:47Z] #151 attempt=1/2 status=200 0.342s url=https://www.myfonts.com/collections/exhociz-font-typeagle/
[2026-08-07T07:37:47Z] #152 attempt=1/2 status=429 0.033s url=https://www.myfonts.com/products/regular-milicent-1194053
[2026-08-07T07:37:50Z] #153 attempt=2/2 status=200 0.391s url=https://www.myfonts.com/products/regular-milicent-1194053
[2026-08-07T07:37:50Z] #154 attempt=1/2 status=200 0.365s url=https://www.myfonts.com/collections/milicent-font-alpaprana/
[2026-08-07T07:37:51Z] #155 attempt=1/2 status=200 0.351s url=https://www.myfonts.com/products/regular-soulmate-palms-1194052
[2026-08-07T07:37:52Z] #156 attempt=1/2 status=200 0.385s url=https://www.myfonts.com/collections/soulmate-palms-font-jolicia-type/
[2026-08-07T07:37:53Z] #157 attempt=1/6 status=200 0.991s url=https://www.myfonts.com/products.json?limit=100&page=6
[2026-08-07T07:37:54Z] #158 attempt=1/2 status=200 0.316s url=https://www.myfonts.com/products/regular-bitmap-loft-1193909
[2026-08-07T07:37:54Z] #159 attempt=1/2 status=200 0.328s url=https://www.myfonts.com/collections/bitmap-loft-font-tini-fitriani/
[2026-08-07T07:37:56Z] #160 attempt=1/2 status=200 0.350s url=https://www.myfonts.com/products/regular-moules-frites-1193753
[2026-08-07T07:37:56Z] #161 attempt=1/2 status=200 0.324s url=https://www.myfonts.com/collections/moules-frites-font-sloulyfe-studio/
[2026-08-07T07:37:56Z] #162 attempt=1/2 status=429 0.032s url=https://www.myfonts.com/products/casoria-serif-complete-family-package-1193616
[2026-08-07T07:37:59Z] #163 attempt=2/2 status=200 0.447s url=https://www.myfonts.com/products/casoria-serif-complete-family-package-1193616
[2026-08-07T07:38:00Z] #164 attempt=1/2 status=200 0.362s url=https://www.myfonts.com/collections/casoria-serif-font-letterfreshstudio/
[2026-08-07T07:38:01Z] #165 attempt=1/2 status=200 0.833s url=https://www.myfonts.com/products/soft-semi-expanded-slant-premoy-1193557
[2026-08-07T07:38:02Z] #166 attempt=1/2 status=200 1.239s url=https://www.myfonts.com/collections/premoy-font-gatype/
[2026-08-07T07:38:03Z] #167 attempt=1/2 status=200 0.563s url=https://www.myfonts.com/products/olimposgrade-italic-olimpos-1193535
[2026-08-07T07:38:04Z] #168 attempt=1/2 status=200 0.626s url=https://www.myfonts.com/collections/olimpos-font-gatype/
[2026-08-07T07:38:05Z] #169 attempt=1/2 status=200 0.657s url=https://www.myfonts.com/products/extra-expanded-montalica-1193494
[2026-08-07T07:38:06Z] #170 attempt=1/2 status=200 0.749s url=https://www.myfonts.com/collections/montalica-font-gatype/
[2026-08-07T07:38:08Z] #171 attempt=1/6 status=200 1.011s url=https://www.myfonts.com/products.json?limit=100&page=7
[2026-08-07T07:38:08Z] #172 attempt=1/2 status=200 0.414s url=https://www.myfonts.com/products/logreto-complete-family-package-1193309
[2026-08-07T07:38:09Z] #173 attempt=1/2 status=200 0.398s url=https://www.myfonts.com/collections/logreto-font-font-liner/
[2026-08-07T07:38:10Z] #174 attempt=1/2 status=200 0.466s url=https://www.myfonts.com/products/tenweights-package-1193298
[2026-08-07T07:38:11Z] #175 attempt=1/2 status=200 0.569s url=https://www.myfonts.com/collections/hs-almada-font-hiba-studio/
[2026-08-07T07:38:11Z] #176 attempt=1/2 status=200 0.382s url=https://www.myfonts.com/products/sura-blackletter-complete-family-package-1193312
[2026-08-07T07:38:12Z] #177 attempt=1/2 status=200 0.478s url=https://www.myfonts.com/collections/sura-blackletter-font-mei-suseno/
[2026-08-07T07:38:12Z] #178 attempt=1/2 status=429 0.030s url=https://www.myfonts.com/products/murnion-complete-family-package-1193299
[2026-08-07T07:38:15Z] #179 attempt=2/2 status=200 0.530s url=https://www.myfonts.com/products/murnion-complete-family-package-1193299
[2026-08-07T07:38:16Z] #180 attempt=1/2 status=200 0.466s url=https://www.myfonts.com/collections/murnion-font-luminatype-studio/
[2026-08-07T07:38:17Z] #181 attempt=1/2 status=200 0.551s url=https://www.myfonts.com/products/semi-expanded-slant-emosia-1193384
[2026-08-07T07:38:17Z] #182 attempt=1/2 status=200 0.616s url=https://www.myfonts.com/collections/emosia-font-gatype/
[2026-08-07T07:38:19Z] #183 attempt=1/6 status=200 1.171s url=https://www.myfonts.com/products.json?limit=100&page=8
[2026-08-07T07:38:20Z] #184 attempt=1/2 status=200 0.403s url=https://www.myfonts.com/products/designer-stuff-package-1193278
[2026-08-07T07:38:21Z] #185 attempt=1/2 status=200 0.470s url=https://www.myfonts.com/collections/gc-hyper-human-font-onyx-studio/
[2026-08-07T07:38:21Z] #186 attempt=1/2 status=200 0.335s url=https://www.myfonts.com/products/regular-cindigo-trades-1193269
[2026-08-07T07:38:22Z] #187 attempt=1/2 status=200 0.406s url=https://www.myfonts.com/collections/cindigo-trades-font-maulana-creative/
[2026-08-07T07:38:23Z] #188 attempt=1/2 status=200 0.351s url=https://www.myfonts.com/products/regular-laburger-1193257
[2026-08-07T07:38:23Z] #189 attempt=1/2 status=200 0.309s url=https://www.myfonts.com/collections/laburger-font-twinletter/
[2026-08-07T07:38:23Z] #190 attempt=1/2 status=429 0.026s url=https://www.myfonts.com/products/regular-aglema-1193255
[2026-08-07T07:38:26Z] #191 attempt=2/2 status=200 0.425s url=https://www.myfonts.com/products/regular-aglema-1193255
[2026-08-07T07:38:27Z] #192 attempt=1/2 status=200 0.351s url=https://www.myfonts.com/collections/aglema-font-sensatype-studio/
[2026-08-07T07:38:28Z] #193 attempt=1/2 status=200 0.388s url=https://www.myfonts.com/products/regular-dark-ritual-1193240
[2026-08-07T07:38:29Z] #194 attempt=1/2 status=200 0.498s url=https://www.myfonts.com/collections/dark-ritual-font-alit-design/
[2026-08-07T07:38:29Z] #195 attempt=1/2 status=200 0.447s url=https://www.myfonts.com/products/shelf-complete-family-package-1193256
[2026-08-07T07:38:30Z] #196 attempt=1/2 status=200 0.563s url=https://www.myfonts.com/collections/shelf-font-21type/
[2026-08-07T07:38:31Z] #197 attempt=1/2 status=200 1.098s url=https://www.myfonts.com/products/tt-chocolates-complete-family-package-1193162
[2026-08-07T07:38:34Z] #198 attempt=1/2 status=200 1.938s url=https://www.myfonts.com/collections/tt-chocolates-font-typetype/
[2026-08-07T07:38:35Z] #199 attempt=1/2 status=200 0.368s url=https://www.myfonts.com/products/birletus-display-complete-family-package-1193158
[2026-08-07T07:38:35Z] #200 attempt=1/2 status=200 0.375s url=https://www.myfonts.com/collections/birletus-display-font-tebaltipis-studio/
[2026-08-07T07:38:36Z] #201 attempt=1/2 status=200 0.367s url=https://www.myfonts.com/products/boudica-perfect-complete-family-package-1193153
[2026-08-07T07:38:37Z] #202 attempt=1/2 status=200 0.390s url=https://www.myfonts.com/collections/boudica-perfect-font-tini-fitriani/
[2026-08-07T07:38:37Z] #203 attempt=1/2 status=200 0.484s url=https://www.myfonts.com/products/sometime-yours-complete-family-package-1193149
[2026-08-07T07:38:38Z] #204 attempt=1/2 status=200 0.443s url=https://www.myfonts.com/collections/sometime-yours-font-vp-creative-shop/
[2026-08-07T07:38:39Z] #205 attempt=1/2 status=200 0.369s url=https://www.myfonts.com/products/glinos-complete-family-package-1193146
[2026-08-07T07:38:39Z] #206 attempt=1/2 status=200 0.398s url=https://www.myfonts.com/collections/glinos-font-timelesstype-studio/
[2026-08-07T07:38:40Z] #207 attempt=1/2 status=200 0.377s url=https://www.myfonts.com/products/oprald-complete-family-package-1193143
[2026-08-07T07:38:40Z] #208 attempt=1/2 status=429 0.037s url=https://www.myfonts.com/collections/oprald-font-hasnat-studio/
[2026-08-07T07:38:43Z] #209 attempt=2/2 status=200 0.446s url=https://www.myfonts.com/collections/oprald-font-hasnat-studio/
[2026-08-07T07:38:44Z] #210 attempt=1/2 status=200 0.342s url=https://www.myfonts.com/products/neue-plak-display-variable-neue-plak-display-variable-1193227
[2026-08-07T07:38:44Z] #211 attempt=1/2 status=200 0.330s url=https://www.myfonts.com/collections/neue-plak-display-variable-font-monotype-imaging/
[2026-08-07T07:38:45Z] #212 attempt=1/2 status=200 0.212s url=https://www.myfonts.com/collections/neue-plak-display-variable-font-monotype-imaging/
[2026-08-07T07:38:45Z] #213 attempt=1/2 status=200 0.406s url=https://www.myfonts.com/products/astrum-heart-complete-package-320134
[2026-08-07T07:38:46Z] #214 attempt=1/2 status=200 0.404s url=https://www.myfonts.com/collections/astrum-heart-font-fontex/
[2026-08-07T07:38:46Z] #215 attempt=1/2 status=429 0.025s url=https://www.myfonts.com/products/boos-complete-package-318962
[2026-08-07T07:38:49Z] #216 attempt=2/2 status=200 0.644s url=https://www.myfonts.com/products/boos-complete-package-318962
[2026-08-07T07:38:50Z] #217 attempt=1/2 status=200 0.538s url=https://www.myfonts.com/collections/boos-font-fontex/
[2026-08-07T07:38:51Z] #218 attempt=1/2 status=200 0.467s url=https://www.myfonts.com/products/brillian-complete-package-318459
[2026-08-07T07:38:52Z] #219 attempt=1/2 status=200 0.629s url=https://www.myfonts.com/collections/brillian-font-fontex/
[2026-08-07T07:38:52Z] #220 attempt=1/2 status=200 0.479s url=https://www.myfonts.com/products/brillian-greek-complete-package-318475
[2026-08-07T07:38:53Z] #221 attempt=1/2 status=200 0.308s url=https://www.myfonts.com/collections/brillian-font-fontex/
[2026-08-07T07:38:55Z] #222 attempt=1/6 status=200 1.116s url=https://www.myfonts.com/products.json?limit=100&page=9
[2026-08-07T07:38:55Z] #223 attempt=1/2 status=200 0.541s url=https://www.myfonts.com/products/astrum-latin-family-package-320932
[2026-08-07T07:38:56Z] #224 attempt=1/2 status=200 0.638s url=https://www.myfonts.com/collections/astrum-font-fontex/
[2026-08-07T07:38:57Z] #225 attempt=1/2 status=200 0.398s url=https://www.myfonts.com/products/brillian-latin-complete-package-318449
[2026-08-07T07:38:58Z] #226 attempt=1/2 status=200 0.287s url=https://www.myfonts.com/collections/brillian-font-fontex/
[2026-08-07T07:38:58Z] #227 attempt=1/2 status=200 0.424s url=https://www.myfonts.com/products/brillian-cyrillic-complete-package-318439
[2026-08-07T07:38:59Z] #228 attempt=1/2 status=429 0.030s url=https://www.myfonts.com/collections/brillian-font-fontex/
[2026-08-07T07:39:01Z] #229 attempt=2/2 status=200 0.307s url=https://www.myfonts.com/collections/brillian-font-fontex/
[2026-08-07T07:39:02Z] #230 attempt=1/2 status=200 0.377s url=https://www.myfonts.com/products/ajsha-family-package-319315
[2026-08-07T07:39:02Z] #231 attempt=1/2 status=200 0.496s url=https://www.myfonts.com/collections/ajsha-light-font-fontex/
[2026-08-07T07:39:03Z] #232 attempt=1/2 status=200 0.445s url=https://www.myfonts.com/products/cyrll-cond-light-brillian-318470
[2026-08-07T07:39:03Z] #233 attempt=1/2 status=429 0.025s url=https://www.myfonts.com/collections/brillian-font-fontex/
[2026-08-07T07:39:06Z] #234 attempt=2/2 status=200 0.371s url=https://www.myfonts.com/collections/brillian-font-fontex/
[2026-08-07T07:39:07Z] #235 attempt=1/2 status=200 0.431s url=https://www.myfonts.com/products/mod-bold-boos-318930
[2026-08-07T07:39:07Z] #236 attempt=1/2 status=200 0.232s url=https://www.myfonts.com/collections/boos-font-fontex/
[2026-08-07T07:39:08Z] #237 attempt=1/2 status=200 0.396s url=https://www.myfonts.com/products/mod-black-boos-318925
[2026-08-07T07:39:08Z] #238 attempt=1/2 status=200 0.239s url=https://www.myfonts.com/collections/boos-font-fontex/
[2026-08-07T07:39:09Z] #239 attempt=1/2 status=200 0.399s url=https://www.myfonts.com/products/serb-cond-light-brillian-318506
[2026-08-07T07:39:09Z] #240 attempt=1/2 status=429 0.028s url=https://www.myfonts.com/collections/brillian-font-fontex/
[2026-08-07T07:39:12Z] #241 attempt=2/2 status=200 0.364s url=https://www.myfonts.com/collections/brillian-font-fontex/
[2026-08-07T07:39:13Z] #242 attempt=1/2 status=200 0.383s url=https://www.myfonts.com/products/medium-ajsha-light-319308
[2026-08-07T07:39:13Z] #243 attempt=1/2 status=200 0.211s url=https://www.myfonts.com/collections/ajsha-light-font-fontex/
[2026-08-07T07:39:14Z] #244 attempt=1/2 status=200 0.396s url=https://www.myfonts.com/products/latin-cond-light-brillian-318454
[2026-08-07T07:39:14Z] #245 attempt=1/2 status=200 0.251s url=https://www.myfonts.com/collections/brillian-font-fontex/
[2026-08-07T07:39:15Z] #246 attempt=1/2 status=200 0.406s url=https://www.myfonts.com/products/latin-exp-med-brillian-318483
[2026-08-07T07:39:15Z] #247 attempt=1/2 status=429 0.039s url=https://www.myfonts.com/collections/brillian-font-fontex/
[2026-08-07T07:39:18Z] #248 attempt=2/2 status=200 0.331s url=https://www.myfonts.com/collections/brillian-font-fontex/
[2026-08-07T07:39:19Z] #249 attempt=1/2 status=200 0.435s url=https://www.myfonts.com/products/greek-exp-med-brillian-318494
[2026-08-07T07:39:19Z] #250 attempt=1/2 status=200 0.219s url=https://www.myfonts.com/collections/brillian-font-fontex/
[2026-08-07T07:39:20Z] #251 attempt=1/2 status=200 0.371s url=https://www.myfonts.com/products/small-bold-astrum-320952
[2026-08-07T07:39:20Z] #252 attempt=1/2 status=200 0.284s url=https://www.myfonts.com/collections/astrum-font-fontex/
[2026-08-07T07:39:21Z] #253 attempt=1/2 status=200 0.401s url=https://www.myfonts.com/products/cyrll-exp-med-brillian-318444
[2026-08-07T07:39:21Z] #254 attempt=1/2 status=429 0.025s url=https://www.myfonts.com/collections/brillian-font-fontex/
[2026-08-07T07:39:24Z] #255 attempt=2/2 status=200 0.342s url=https://www.myfonts.com/collections/brillian-font-fontex/
[2026-08-07T07:39:25Z] #256 attempt=1/2 status=200 0.549s url=https://www.myfonts.com/products/cyrll-cond-reg-brillian-318436
[2026-08-07T07:39:25Z] #257 attempt=1/2 status=200 0.240s url=https://www.myfonts.com/collections/brillian-font-fontex/
[2026-08-07T07:39:26Z] #258 attempt=1/2 status=200 0.384s url=https://www.myfonts.com/products/light-ajsha-light-319313
[2026-08-07T07:39:26Z] #259 attempt=1/2 status=200 0.269s url=https://www.myfonts.com/collections/ajsha-light-font-fontex/
[2026-08-07T07:39:27Z] #260 attempt=1/2 status=200 0.445s url=https://www.myfonts.com/products/cond-bold-boos-318950
[2026-08-07T07:39:27Z] #261 attempt=1/2 status=429 0.028s url=https://www.myfonts.com/collections/boos-font-fontex/
[2026-08-07T07:39:30Z] #262 attempt=2/2 status=200 0.489s url=https://www.myfonts.com/collections/boos-font-fontex/
[2026-08-07T07:39:31Z] #263 attempt=1/2 status=200 0.430s url=https://www.myfonts.com/products/cyrillic-regular-astrum-320919
[2026-08-07T07:39:31Z] #264 attempt=1/2 status=200 0.263s url=https://www.myfonts.com/collections/astrum-font-fontex/
[2026-08-07T07:39:32Z] #265 attempt=1/2 status=200 0.420s url=https://www.myfonts.com/products/cond-med-boos-318946
[2026-08-07T07:39:32Z] #266 attempt=1/2 status=200 0.232s url=https://www.myfonts.com/collections/boos-font-fontex/
[2026-08-07T07:39:33Z] #267 attempt=1/2 status=200 0.373s url=https://www.myfonts.com/products/mod-light-boos-318979
[2026-08-07T07:39:33Z] #268 attempt=1/2 status=429 0.037s url=https://www.myfonts.com/collections/boos-font-fontex/
[2026-08-07T07:39:36Z] #269 attempt=2/2 status=200 0.331s url=https://www.myfonts.com/collections/boos-font-fontex/
[2026-08-07T07:39:37Z] #270 attempt=1/2 status=200 0.380s url=https://www.myfonts.com/products/cond-black-boos-318921
[2026-08-07T07:39:37Z] #271 attempt=1/2 status=200 0.224s url=https://www.myfonts.com/collections/boos-font-fontex/
[2026-08-07T07:39:38Z] #272 attempt=1/2 status=200 0.393s url=https://www.myfonts.com/products/small-light-astrum-320947
[2026-08-07T07:39:38Z] #273 attempt=1/2 status=200 0.226s url=https://www.myfonts.com/collections/astrum-font-fontex/
[2026-08-07T07:39:39Z] #274 attempt=1/2 status=200 0.375s url=https://www.myfonts.com/products/cyrillic-small-regular-astrum-320978
[2026-08-07T07:39:39Z] #275 attempt=1/2 status=429 0.027s url=https://www.myfonts.com/collections/astrum-font-fontex/
[2026-08-07T07:39:42Z] #276 attempt=2/2 status=200 0.355s url=https://www.myfonts.com/collections/astrum-font-fontex/
[2026-08-07T07:39:43Z] #277 attempt=1/2 status=200 0.563s url=https://www.myfonts.com/products/mod-med-boos-318965
[2026-08-07T07:39:43Z] #278 attempt=1/2 status=200 0.257s url=https://www.myfonts.com/collections/boos-font-fontex/
[2026-08-07T07:39:44Z] #279 attempt=1/2 status=200 0.405s url=https://www.myfonts.com/products/regular-astrum-320937
[2026-08-07T07:39:44Z] #280 attempt=1/2 status=200 0.250s url=https://www.myfonts.com/collections/astrum-font-fontex/
[2026-08-07T07:39:45Z] #281 attempt=1/2 status=200 0.450s url=https://www.myfonts.com/products/small-regular-astrum-320957
[2026-08-07T07:39:45Z] #282 attempt=1/2 status=429 0.034s url=https://www.myfonts.com/collections/astrum-font-fontex/
[2026-08-07T07:39:48Z] #283 attempt=2/2 status=200 0.368s url=https://www.myfonts.com/collections/astrum-font-fontex/
[2026-08-07T07:39:49Z] #284 attempt=1/2 status=200 0.378s url=https://www.myfonts.com/products/greek-reg-brillian-318499
[2026-08-07T07:39:49Z] #285 attempt=1/2 status=200 0.306s url=https://www.myfonts.com/collections/brillian-font-fontex/
[2026-08-07T07:39:50Z] #286 attempt=1/2 status=200 0.431s url=https://www.myfonts.com/products/cyrillic-small-light-astrum-320968
[2026-08-07T07:39:50Z] #287 attempt=1/2 status=200 0.227s url=https://www.myfonts.com/collections/astrum-font-fontex/
[2026-08-07T07:39:51Z] #288 attempt=1/2 status=200 0.398s url=https://www.myfonts.com/products/cyrillic-small-bold-astrum-320917
[2026-08-07T07:39:51Z] #289 attempt=1/2 status=429 0.031s url=https://www.myfonts.com/collections/astrum-font-fontex/
[2026-08-07T07:39:54Z] #290 attempt=2/2 status=200 0.280s url=https://www.myfonts.com/collections/astrum-font-fontex/
[2026-08-07T07:39:54Z] #291 attempt=1/2 status=200 0.304s url=https://www.myfonts.com/products/regular-astrum-heart-320124
[2026-08-07T07:39:55Z] #292 attempt=1/2 status=200 0.216s url=https://www.myfonts.com/collections/astrum-heart-font-fontex/
[2026-08-07T07:39:56Z] #293 attempt=1/2 status=200 0.411s url=https://www.myfonts.com/products/medium-boos-318940
[2026-08-07T07:39:56Z] #294 attempt=1/2 status=200 0.214s url=https://www.myfonts.com/collections/boos-font-fontex/
[2026-08-07T07:39:56Z] #295 attempt=1/2 status=429 0.025s url=https://www.myfonts.com/products/light-astrum-320942
[2026-08-07T07:39:59Z] #296 attempt=2/2 status=200 0.471s url=https://www.myfonts.com/products/light-astrum-320942
[2026-08-07T07:40:00Z] #297 attempt=1/2 status=200 0.241s url=https://www.myfonts.com/collections/astrum-font-fontex/
[2026-08-07T07:40:00Z] #298 attempt=1/2 status=200 0.428s url=https://www.myfonts.com/products/light-boos-318975
[2026-08-07T07:40:01Z] #299 attempt=1/2 status=200 0.281s url=https://www.myfonts.com/collections/boos-font-fontex/
[2026-08-07T07:40:01Z] #300 attempt=1/2 status=429 0.030s url=https://www.myfonts.com/products/bold-astrum-320962
[2026-08-07T07:40:04Z] #301 attempt=2/2 status=200 0.494s url=https://www.myfonts.com/products/bold-astrum-320962
[2026-08-07T07:40:04Z] #302 attempt=1/2 status=200 0.261s url=https://www.myfonts.com/collections/astrum-font-fontex/
[2026-08-07T07:40:05Z] #303 attempt=1/2 status=200 0.467s url=https://www.myfonts.com/products/greek-cond-light-brillian-318489
[2026-08-07T07:40:06Z] #304 attempt=1/2 status=200 0.257s url=https://www.myfonts.com/collections/brillian-font-fontex/
[2026-08-07T07:40:06Z] #305 attempt=1/2 status=200 0.310s url=https://www.myfonts.com/products/regular-2-astrum-heart-320129
[2026-08-07T07:40:07Z] #306 attempt=1/2 status=200 0.246s url=https://www.myfonts.com/collections/astrum-heart-font-fontex/
[2026-08-07T07:40:07Z] #307 attempt=1/2 status=429 0.032s url=https://www.myfonts.com/products/serb-exp-med-brillian-318504
[2026-08-07T07:40:10Z] #308 attempt=2/2 status=200 0.476s url=https://www.myfonts.com/products/serb-exp-med-brillian-318504
[2026-08-07T07:40:10Z] #309 attempt=1/2 status=200 0.257s url=https://www.myfonts.com/collections/brillian-font-fontex/
[2026-08-07T07:40:11Z] #310 attempt=1/2 status=200 0.347s url=https://www.myfonts.com/products/cyrillic-bold-astrum-320927
[2026-08-07T07:40:11Z] #311 attempt=1/2 status=200 0.208s url=https://www.myfonts.com/collections/astrum-font-fontex/
[2026-08-07T07:40:12Z] #312 attempt=1/2 status=200 0.528s url=https://www.myfonts.com/products/black-boos-318969
[2026-08-07T07:40:12Z] #313 attempt=1/2 status=429 0.025s url=https://www.myfonts.com/collections/boos-font-fontex/
[2026-08-07T07:40:15Z] #314 attempt=2/2 status=200 0.338s url=https://www.myfonts.com/collections/boos-font-fontex/
[2026-08-07T07:40:16Z] #315 attempt=1/2 status=200 0.407s url=https://www.myfonts.com/products/latin-regular-brillian-318464
[2026-08-07T07:40:16Z] #316 attempt=1/2 status=200 0.264s url=https://www.myfonts.com/collections/brillian-font-fontex/
[2026-08-07T07:40:17Z] #317 attempt=1/2 status=200 0.475s url=https://www.myfonts.com/products/bold-boos-318954
[2026-08-07T07:40:18Z] #318 attempt=1/2 status=200 0.240s url=https://www.myfonts.com/collections/boos-font-fontex/
[2026-08-07T07:40:18Z] #319 attempt=1/2 status=200 0.422s url=https://www.myfonts.com/products/cyrillic-light-astrum-320923
[2026-08-07T07:40:18Z] #320 attempt=1/2 status=429 0.034s url=https://www.myfonts.com/collections/astrum-font-fontex/
[2026-08-07T07:40:21Z] #321 attempt=2/2 status=200 0.304s url=https://www.myfonts.com/collections/astrum-font-fontex/
[2026-08-07T07:40:22Z] #322 attempt=1/2 status=200 0.421s url=https://www.myfonts.com/products/cond-light-boos-318935
[2026-08-07T07:40:22Z] #323 attempt=1/2 status=200 0.245s url=https://www.myfonts.com/collections/boos-font-fontex/
[2026-08-07T07:40:23Z] #324 attempt=1/2 status=200 0.385s url=https://www.myfonts.com/products/serb-reg-brillian-318480
[2026-08-07T07:40:24Z] #325 attempt=1/2 status=200 0.363s url=https://www.myfonts.com/collections/brillian-font-fontex/
[2026-08-07T07:40:24Z] #326 attempt=1/2 status=200 0.345s url=https://www.myfonts.com/products/regular-magrena-1193157
[2026-08-07T07:40:24Z] #327 attempt=1/2 status=429 0.035s url=https://www.myfonts.com/collections/magrena-font-bimaksara/
[2026-08-07T07:40:27Z] #328 attempt=2/2 status=200 0.424s url=https://www.myfonts.com/collections/magrena-font-bimaksara/
[2026-08-07T07:40:28Z] #329 attempt=1/2 status=200 0.493s url=https://www.myfonts.com/products/regular-crown-rose-1193156
[2026-08-07T07:40:28Z] #330 attempt=1/2 status=200 0.363s url=https://www.myfonts.com/collections/crown-rose-font-tertoecreative/
[2026-08-07T07:40:29Z] #331 attempt=1/2 status=200 0.378s url=https://www.myfonts.com/products/regular-id-kaizaro-condensed-1193142
[2026-08-07T07:40:30Z] #332 attempt=1/2 status=200 0.371s url=https://www.myfonts.com/collections/id-kaizaro-condensed-font-izouuss-design/
[2026-08-07T07:40:30Z] #333 attempt=1/2 status=200 0.315s url=https://www.myfonts.com/products/regular-puerile-display-1193141
[2026-08-07T07:40:31Z] #334 attempt=1/2 status=200 0.339s url=https://www.myfonts.com/collections/puerile-display-font-applied-systems-design-studio/
[2026-08-07T07:40:31Z] #335 attempt=1/2 status=429 0.025s url=https://www.myfonts.com/products/regular-bronk-condensed-1193161
[2026-08-07T07:40:34Z] #336 attempt=2/2 status=200 0.449s url=https://www.myfonts.com/products/regular-bronk-condensed-1193161
[2026-08-07T07:40:34Z] #337 attempt=1/2 status=200 0.381s url=https://www.myfonts.com/collections/bronk-condensed-font-tebaltipis-studio/
[2026-08-07T07:40:35Z] #338 attempt=1/2 status=200 0.362s url=https://www.myfonts.com/products/citizen-complete-family-package-1193137
[2026-08-07T07:40:36Z] #339 attempt=1/2 status=200 0.423s url=https://www.myfonts.com/collections/citizen-font-marcin-regucki/
[2026-08-07T07:40:37Z] #340 attempt=1/2 status=200 0.771s url=https://www.myfonts.com/products/erangle-complete-family-package-1192633
[2026-08-07T07:40:38Z] #341 attempt=1/2 status=200 0.756s url=https://www.myfonts.com/collections/erangle-font-gatype/
[2026-08-07T07:40:39Z] #342 attempt=1/2 status=200 0.390s url=https://www.myfonts.com/products/harax-complete-family-package-1192570
[2026-08-07T07:40:39Z] #343 attempt=1/2 status=200 0.375s url=https://www.myfonts.com/collections/harax-font-letterara/
[2026-08-07T07:40:40Z] #344 attempt=1/2 status=200 0.685s url=https://www.myfonts.com/products/calvin-complete-family-package-1192935
[2026-08-07T07:40:40Z] #345 attempt=1/2 status=429 0.036s url=https://www.myfonts.com/collections/calvin-font-t-26/
[2026-08-07T07:40:43Z] #346 attempt=2/2 status=200 0.747s url=https://www.myfonts.com/collections/calvin-font-t-26/
[2026-08-07T07:40:44Z] #347 attempt=1/2 status=200 0.301s url=https://www.myfonts.com/collections/calvin-font-t-26/
[2026-08-07T07:40:45Z] #348 attempt=1/2 status=200 0.696s url=https://www.myfonts.com/products/dealing-complete-family-package-1192597
[2026-08-07T07:40:46Z] #349 attempt=1/2 status=200 0.704s url=https://www.myfonts.com/collections/dealing-font-gatype/
[2026-08-07T07:40:47Z] #350 attempt=1/2 status=200 0.435s url=https://www.myfonts.com/products/branding-pack-package-1192592
[2026-08-07T07:40:48Z] #351 attempt=1/2 status=200 0.706s url=https://www.myfonts.com/collections/granse-font-yukita-creative/
[2026-08-07T07:40:48Z] #352 attempt=1/2 status=200 0.344s url=https://www.myfonts.com/products/anchora-anchord-complete-family-package-1192553
[2026-08-07T07:40:49Z] #353 attempt=1/2 status=200 0.346s url=https://www.myfonts.com/collections/anchora-anchord-font-tini-fitriani/
[2026-08-07T07:40:50Z] #354 attempt=1/2 status=200 0.381s url=https://www.myfonts.com/products/zombie-graveyard-complete-family-package-1192581
[2026-08-07T07:40:50Z] #355 attempt=1/2 status=200 0.486s url=https://www.myfonts.com/collections/zombie-graveyard-font-aen-creative-studio/
[2026-08-07T07:40:51Z] #356 attempt=1/2 status=200 0.399s url=https://www.myfonts.com/products/otha-complete-family-package-1192576
[2026-08-07T07:40:51Z] #357 attempt=1/2 status=429 0.038s url=https://www.myfonts.com/collections/otha-font-pandeka-studio/
[2026-08-07T07:40:54Z] #358 attempt=2/2 status=200 0.459s url=https://www.myfonts.com/collections/otha-font-pandeka-studio/
[2026-08-07T07:40:55Z] #359 attempt=1/2 status=200 0.462s url=https://www.myfonts.com/products/rf-adios-complete-family-package-1192561
[2026-08-07T07:40:56Z] #360 attempt=1/2 status=200 0.518s url=https://www.myfonts.com/collections/rf-adios-font-renegade-fonts/
[2026-08-07T07:40:56Z] #361 attempt=1/2 status=200 0.355s url=https://www.myfonts.com/products/monvele-complete-family-package-1192573
[2026-08-07T07:40:57Z] #362 attempt=1/2 status=200 0.500s url=https://www.myfonts.com/collections/monvele-font-letterara/
[2026-08-07T07:40:58Z] #363 attempt=1/2 status=200 0.368s url=https://www.myfonts.com/products/faxfont-plus-complete-family-package-1192556
[2026-08-07T07:40:58Z] #364 attempt=1/2 status=200 0.448s url=https://www.myfonts.com/collections/faxfont-plus-font-t-26/
[2026-08-07T07:41:00Z] #365 attempt=1/2 status=200 0.938s url=https://www.myfonts.com/products/frileder-complete-family-package-1192668
[2026-08-07T07:41:00Z] #366 attempt=1/2 status=429 0.030s url=https://www.myfonts.com/collections/frileder-font-gatype/
[2026-08-07T07:41:04Z] #367 attempt=2/2 status=200 1.537s url=https://www.myfonts.com/collections/frileder-font-gatype/
[2026-08-07T07:41:05Z] #368 attempt=1/2 status=200 0.538s url=https://www.myfonts.com/products/k73-hogan-grotesk-complete-family-package-1192567
[2026-08-07T07:41:06Z] #369 attempt=1/2 status=200 0.685s url=https://www.myfonts.com/collections/k73-hogan-grotesk-font-k73-type-foundry/
[2026-08-07T07:41:06Z] #370 attempt=1/2 status=200 0.612s url=https://www.myfonts.com/products/earth-doomsday-complete-family-package-1192959
[2026-08-07T07:41:07Z] #371 attempt=1/2 status=200 0.745s url=https://www.myfonts.com/collections/earth-doomsday-font-layarbahtera/
[2026-08-07T07:41:09Z] #372 attempt=1/6 status=200 0.962s url=https://www.myfonts.com/products.json?limit=100&page=10
[2026-08-07T07:41:11Z] #373 attempt=1/6 status=200 0.894s url=https://www.myfonts.com/products.json?limit=100&page=11
[2026-08-07T07:41:11Z] #374 attempt=1/2 status=200 0.469s url=https://www.myfonts.com/products/checkpoint-complete-family-package-1192919
[2026-08-07T07:41:12Z] #375 attempt=1/2 status=200 0.718s url=https://www.myfonts.com/collections/checkpoint-font-t-26/
[2026-08-07T07:41:13Z] #376 attempt=1/2 status=200 0.443s url=https://www.myfonts.com/products/halja-complete-family-package-1192918
[2026-08-07T07:41:14Z] #377 attempt=1/2 status=200 0.355s url=https://www.myfonts.com/collections/halja-font-t-26/
[2026-08-07T07:41:14Z] #378 attempt=1/2 status=200 0.219s url=https://www.myfonts.com/collections/halja-font-t-26/
[2026-08-07T07:41:15Z] #379 attempt=1/2 status=200 0.496s url=https://www.myfonts.com/products/rannex-complete-family-package-1192882
[2026-08-07T07:41:16Z] #380 attempt=1/2 status=200 0.782s url=https://www.myfonts.com/collections/rannex-font-gatype/
[2026-08-07T07:41:17Z] #381 attempt=1/2 status=200 0.549s url=https://www.myfonts.com/products/lanchitas-complete-family-package-1192846
[2026-08-07T07:41:18Z] #382 attempt=1/2 status=200 0.935s url=https://www.myfonts.com/collections/lanchitas-font-gatype/
[2026-08-07T07:41:19Z] #383 attempt=1/2 status=200 0.613s url=https://www.myfonts.com/products/korela-serif-complete-family-package-1192812
[2026-08-07T07:41:20Z] #384 attempt=1/2 status=200 0.755s url=https://www.myfonts.com/collections/korela-serif-font-gatype/
[2026-08-07T07:41:22Z] #385 attempt=1/6 status=200 0.944s url=https://www.myfonts.com/products.json?limit=100&page=12
[2026-08-07T07:41:23Z] #386 attempt=1/2 status=200 0.870s url=https://www.myfonts.com/products/kestion-complete-family-package-1192739
[2026-08-07T07:41:24Z] #387 attempt=1/2 status=200 1.254s url=https://www.myfonts.com/collections/kestion-font-gatype/
[2026-08-07T07:41:26Z] #388 attempt=1/6 status=200 0.890s url=https://www.myfonts.com/products.json?limit=100&page=13
[2026-08-07T07:41:27Z] #389 attempt=1/2 status=200 0.399s url=https://www.myfonts.com/products/regular-dark-bristelle-1192596
[2026-08-07T07:41:27Z] #390 attempt=1/2 status=200 0.345s url=https://www.myfonts.com/collections/dark-bristelle-font-asbill-studio/
[2026-08-07T07:41:28Z] #391 attempt=1/2 status=200 0.338s url=https://www.myfonts.com/products/regular-mecka-brush-1192569
[2026-08-07T07:41:28Z] #392 attempt=1/2 status=200 0.359s url=https://www.myfonts.com/collections/mecka-brush-font-alit-design/
[2026-08-07T07:41:29Z] #393 attempt=1/2 status=200 0.303s url=https://www.myfonts.com/products/regular-hebrew-vilna-caps-1192568
[2026-08-07T07:41:30Z] #394 attempt=1/2 status=200 0.462s url=https://www.myfonts.com/collections/hebrew-vilna-caps-font-samtype/
[2026-08-07T07:41:31Z] #395 attempt=1/2 status=200 0.675s url=https://www.myfonts.com/products/web-pack-alt-package-1192275
[2026-08-07T07:41:32Z] #396 attempt=1/2 status=200 1.063s url=https://www.myfonts.com/collections/chamer-font-yukita-creative/
[2026-08-07T07:41:33Z] #397 attempt=1/2 status=200 0.433s url=https://www.myfonts.com/products/other-half-package-package-1192139
[2026-08-07T07:41:34Z] #398 attempt=1/2 status=200 0.624s url=https://www.myfonts.com/collections/roda-sans-font-typeberry/
[2026-08-07T07:41:34Z] #399 attempt=1/2 status=200 0.370s url=https://www.myfonts.com/products/quirkalo-kids-complete-family-package-1192212
[2026-08-07T07:41:35Z] #400 attempt=1/2 status=200 0.484s url=https://www.myfonts.com/collections/quirkalo-kids-font-mei-suseno/
[2026-08-07T07:41:36Z] #401 attempt=1/2 status=200 0.437s url=https://www.myfonts.com/products/sweet-hidden-complete-family-package-1192304
[2026-08-07T07:41:36Z] #402 attempt=1/2 status=200 0.422s url=https://www.myfonts.com/collections/sweet-hidden-font-letterena-studios/
[2026-08-07T07:41:38Z] #403 attempt=1/2 status=200 1.220s url=https://www.myfonts.com/products/expanded-package-1187186
[2026-08-07T07:41:41Z] #404 attempt=1/2 status=200 3.089s url=https://www.myfonts.com/collections/polisha-reynold-font-bosstypestudio/
[2026-08-07T07:41:43Z] #405 attempt=1/2 status=200 0.580s url=https://www.myfonts.com/products/coligra-complete-family-package-1192384
[2026-08-07T07:41:44Z] #406 attempt=1/2 status=200 0.567s url=https://www.myfonts.com/collections/coligra-font-gatype/
[2026-08-07T07:41:45Z] #407 attempt=1/2 status=200 0.441s url=https://www.myfonts.com/products/ghomare-complete-family-package-1192277
[2026-08-07T07:41:46Z] #408 attempt=1/2 status=200 0.492s url=https://www.myfonts.com/collections/ghomare-font-shape-studio/
[2026-08-07T07:41:46Z] #409 attempt=1/2 status=200 0.354s url=https://www.myfonts.com/products/kurvan-complete-family-package-1192316
[2026-08-07T07:41:47Z] #410 attempt=1/2 status=200 0.367s url=https://www.myfonts.com/collections/kurvan-font-timelesstype-studio/
[2026-08-07T07:41:47Z] #411 attempt=1/2 status=200 0.387s url=https://www.myfonts.com/products/broskesh-complete-family-package-1192301
[2026-08-07T07:41:48Z] #412 attempt=1/2 status=200 0.376s url=https://www.myfonts.com/collections/broskesh-font-stylishtype-studio/
[2026-08-07T07:41:49Z] #413 attempt=1/2 status=200 0.444s url=https://www.myfonts.com/products/solance-serif-italic-complete-family-package-1192291
[2026-08-07T07:41:49Z] #414 attempt=1/2 status=200 0.439s url=https://www.myfonts.com/collections/solance-serif-italic-font-sans-and-sons/
[2026-08-07T07:41:51Z] #415 attempt=1/2 status=200 0.670s url=https://www.myfonts.com/products/nesti-sweet-complete-family-package-1181005
[2026-08-07T07:41:51Z] #416 attempt=1/2 status=200 0.644s url=https://www.myfonts.com/collections/nesti-sweet-font-gatype/
[2026-08-07T07:41:52Z] #417 attempt=1/2 status=200 0.609s url=https://www.myfonts.com/products/chicago-darling-serif-complete-family-package-1192355
[2026-08-07T07:41:53Z] #418 attempt=1/2 status=200 0.762s url=https://www.myfonts.com/collections/chicago-darling-serif-font-gatype/
[2026-08-07T07:41:55Z] #419 attempt=1/2 status=200 1.722s url=https://www.myfonts.com/products/ckr-slab-complete-family-package-1176730
[2026-08-07T07:41:58Z] #420 attempt=1/2 status=200 1.921s url=https://www.myfonts.com/collections/ckr-slab-font-ckr-type-foundry/
[2026-08-07T07:41:59Z] #421 attempt=1/2 status=200 0.778s url=https://www.myfonts.com/products/fire-doomsday-complete-family-package-1192348
[2026-08-07T07:42:01Z] #422 attempt=1/2 status=200 1.119s url=https://www.myfonts.com/collections/fire-doomsday-font-layarbahtera/
[2026-08-07T07:42:02Z] #423 attempt=1/2 status=200 0.400s url=https://www.myfonts.com/products/alquranalkareem-package-1192552
[2026-08-07T07:42:02Z] #424 attempt=1/2 status=404 0.355s url=https://www.myfonts.com/collections/alquranalkareem-font-tharwat-emara
[2026-08-07T07:42:03Z] #425 attempt=1/2 status=200 1.123s url=https://www.myfonts.com/products/alimboo-complete-family-package-1192140
[2026-08-07T07:42:05Z] #426 attempt=1/2 status=200 1.481s url=https://www.myfonts.com/collections/alimboo-font-donyadesign/
[2026-08-07T07:42:06Z] #427 attempt=1/2 status=200 0.404s url=https://www.myfonts.com/products/jacky-bethomi-complete-family-package-1192307
[2026-08-07T07:42:07Z] #428 attempt=1/2 status=200 0.438s url=https://www.myfonts.com/collections/jacky-bethomi-font-stylishtype-studio/
[2026-08-07T07:42:08Z] #429 attempt=1/6 status=200 0.845s url=https://www.myfonts.com/products.json?limit=100&page=14
[2026-08-07T07:42:09Z] #430 attempt=1/2 status=200 0.573s url=https://www.myfonts.com/products/crobista-complete-family-package-1192494
[2026-08-07T07:42:10Z] #431 attempt=1/2 status=200 0.802s url=https://www.myfonts.com/collections/crobista-font-gatype/
[2026-08-07T07:42:11Z] #432 attempt=1/2 status=200 0.480s url=https://www.myfonts.com/products/total-black-complete-family-package-1192530
[2026-08-07T07:42:12Z] #433 attempt=1/2 status=200 0.645s url=https://www.myfonts.com/collections/total-black-font-resistenza/
[2026-08-07T07:42:13Z] #434 attempt=1/2 status=200 0.719s url=https://www.myfonts.com/products/crima-complete-family-package-1192458
[2026-08-07T07:42:14Z] #435 attempt=1/2 status=200 0.703s url=https://www.myfonts.com/collections/crima-font-gatype/
[2026-08-07T07:42:15Z] #436 attempt=1/2 status=200 0.444s url=https://www.myfonts.com/products/orang-tersenyum-script-complete-family-package-1192126
[2026-08-07T07:42:15Z] #437 attempt=1/2 status=200 0.491s url=https://www.myfonts.com/collections/orang-tersenyum-script-font-mei-suseno/
[2026-08-07T07:42:16Z] #438 attempt=1/2 status=200 0.604s url=https://www.myfonts.com/products/brisk-compact-complete-family-package-1192059
[2026-08-07T07:42:17Z] #439 attempt=1/2 status=200 0.711s url=https://www.myfonts.com/collections/brisk-compact-font-gatype/
[2026-08-07T07:42:18Z] #440 attempt=1/2 status=200 0.881s url=https://www.myfonts.com/products/baskela-display-complete-family-package-1191897
[2026-08-07T07:42:20Z] #441 attempt=1/2 status=200 1.231s url=https://www.myfonts.com/collections/baskela-display-font-gatype/
[2026-08-07T07:42:21Z] #442 attempt=1/2 status=200 0.840s url=https://www.myfonts.com/products/avone-series-regular-complete-family-package-1191837
[2026-08-07T07:42:23Z] #443 attempt=1/2 status=200 0.996s url=https://www.myfonts.com/collections/avone-series-regular-font-gatype/
[2026-08-07T07:42:24Z] #444 attempt=1/2 status=200 0.683s url=https://www.myfonts.com/products/begota-display-complete-family-package-1191971
[2026-08-07T07:42:25Z] #445 attempt=1/2 status=200 0.903s url=https://www.myfonts.com/collections/begota-display-font-gatype/
[2026-08-07T07:42:26Z] #446 attempt=1/2 status=200 0.922s url=https://www.myfonts.com/products/universal-doomsday-complete-family-package-1192034
[2026-08-07T07:42:27Z] #447 attempt=1/2 status=200 1.040s url=https://www.myfonts.com/collections/universal-doomsday-font-layarbahtera/
[2026-08-07T07:42:28Z] #448 attempt=1/2 status=200 0.358s url=https://www.myfonts.com/products/xenotra-complete-family-package-1192286
[2026-08-07T07:42:29Z] #449 attempt=1/2 status=200 0.398s url=https://www.myfonts.com/collections/xenotra-font-mei-suseno/
[2026-08-07T07:42:30Z] #450 attempt=1/2 status=200 0.371s url=https://www.myfonts.com/products/scrumble-complete-family-package-1192283
[2026-08-07T07:42:30Z] #451 attempt=1/2 status=200 0.354s url=https://www.myfonts.com/collections/scrumble-font-griyotype/
[2026-08-07T07:42:31Z] #452 attempt=1/2 status=200 0.449s url=https://www.myfonts.com/products/bramblestone-slab-complete-family-package-1185521
[2026-08-07T07:42:32Z] #453 attempt=1/2 status=200 0.518s url=https://www.myfonts.com/collections/bramblestone-slab-font-up-up-creative/
[2026-08-07T07:42:33Z] #454 attempt=1/2 status=200 0.696s url=https://www.myfonts.com/products/catiler-complete-family-package-1192083
[2026-08-07T07:42:34Z] #455 attempt=1/2 status=200 0.969s url=https://www.myfonts.com/collections/catiler-font-gatype/
[2026-08-07T07:42:35Z] #456 attempt=1/2 status=200 0.414s url=https://www.myfonts.com/products/butter-daisy-duo-complete-family-package-1192311
[2026-08-07T07:42:35Z] #457 attempt=1/2 status=200 0.425s url=https://www.myfonts.com/collections/butter-daisy-duo-font-cocodesign/
[2026-08-07T07:42:36Z] #458 attempt=1/2 status=200 0.595s url=https://www.myfonts.com/products/bright-style-complete-family-package-1192008
[2026-08-07T07:42:37Z] #459 attempt=1/2 status=200 0.720s url=https://www.myfonts.com/collections/bright-style-font-gatype/
[2026-08-07T07:42:38Z] #460 attempt=1/2 status=200 0.655s url=https://www.myfonts.com/products/coralis-elegant-complete-family-package-1192422
[2026-08-07T07:42:39Z] #461 attempt=1/2 status=200 0.821s url=https://www.myfonts.com/collections/coralis-elegant-font-gatype/
[2026-08-07T07:42:41Z] #462 attempt=1/6 status=200 1.022s url=https://www.myfonts.com/products.json?limit=100&page=15
[2026-08-07T07:42:42Z] #463 attempt=1/6 status=200 0.847s url=https://www.myfonts.com/products.json?limit=100&page=16
[2026-08-07T07:42:44Z] #464 attempt=1/6 status=200 0.897s url=https://www.myfonts.com/products.json?limit=100&page=17
[2026-08-07T07:42:45Z] #465 attempt=1/6 status=200 0.986s url=https://www.myfonts.com/products.json?limit=100&page=18
[2026-08-07T07:42:47Z] #466 attempt=1/6 status=200 0.886s url=https://www.myfonts.com/products.json?limit=100&page=19
[2026-08-07T07:42:48Z] #467 attempt=1/6 status=200 0.851s url=https://www.myfonts.com/products.json?limit=100&page=20
[2026-08-07T07:42:50Z] #468 attempt=1/6 status=200 0.975s url=https://www.myfonts.com/products.json?limit=100&page=21
[2026-08-07T07:42:51Z] #469 attempt=1/6 status=200 0.838s url=https://www.myfonts.com/products.json?limit=100&page=22
[2026-08-07T07:42:52Z] #470 attempt=1/2 status=200 0.353s url=https://www.myfonts.com/products/regular-psikey-1191768
[2026-08-07T07:42:52Z] #471 attempt=1/2 status=200 0.365s url=https://www.myfonts.com/collections/psikey-font-mkgd/
[2026-08-07T07:42:54Z] #472 attempt=1/6 status=200 1.039s url=https://www.myfonts.com/products.json?limit=100&page=23
[2026-08-07T07:42:54Z] #473 attempt=1/2 status=200 0.349s url=https://www.myfonts.com/products/italic-tahoma-433118
[2026-08-07T07:42:55Z] #474 attempt=1/2 status=200 0.349s url=https://www.myfonts.com/collections/tahoma-font-microsoft-corporation/
[2026-08-07T07:42:56Z] #475 attempt=1/2 status=200 0.535s url=https://www.myfonts.com/products/cargen-pro-complete-family-package-1192327
[2026-08-07T07:42:57Z] #476 attempt=1/2 status=200 0.600s url=https://www.myfonts.com/collections/cargen-pro-font-bimaksara/
[2026-08-07T07:42:57Z] #477 attempt=1/2 status=200 0.366s url=https://www.myfonts.com/products/regular-gangsta-verse-1192319
[2026-08-07T07:42:58Z] #478 attempt=1/2 status=200 0.360s url=https://www.myfonts.com/collections/gangsta-verse-font-denustudio/
[2026-08-07T07:42:59Z] #479 attempt=1/2 status=200 0.322s url=https://www.myfonts.com/products/regular-rasa-panggang-1192326
[2026-08-07T07:42:59Z] #480 attempt=1/2 status=200 0.455s url=https://www.myfonts.com/collections/rasa-panggang-font-trabas-kriya/
[2026-08-07T07:43:00Z] #481 attempt=1/2 status=200 0.390s url=https://www.myfonts.com/products/regular-camosta-1192310
[2026-08-07T07:43:00Z] #482 attempt=1/2 status=429 0.035s url=https://www.myfonts.com/collections/camosta-font-flawlessandco/
[2026-08-07T07:43:03Z] #483 attempt=2/2 status=200 0.470s url=https://www.myfonts.com/collections/camosta-font-flawlessandco/
[2026-08-07T07:43:03Z] #484 attempt=1/2 status=200 0.387s url=https://www.myfonts.com/products/regular-hidden-cafe-1192328
[2026-08-07T07:43:04Z] #485 attempt=1/2 status=200 0.377s url=https://www.myfonts.com/collections/hidden-cafe-font-epiclinez/
[2026-08-07T07:43:05Z] #486 attempt=1/2 status=200 0.371s url=https://www.myfonts.com/products/roulte-regular-roulte-1192129
[2026-08-07T07:43:05Z] #487 attempt=1/2 status=200 0.342s url=https://www.myfonts.com/collections/roulte-font-maikohatta/
[2026-08-07T07:43:06Z] #488 attempt=1/2 status=200 0.374s url=https://www.myfonts.com/products/regular-heavy-block-1192315
[2026-08-07T07:43:06Z] #489 attempt=1/2 status=429 0.039s url=https://www.myfonts.com/collections/heavy-block-font-jinan-studio/
[2026-08-07T07:43:09Z] #490 attempt=2/2 status=200 0.545s url=https://www.myfonts.com/collections/heavy-block-font-jinan-studio/
[2026-08-07T07:43:10Z] #491 attempt=1/2 status=200 0.389s url=https://www.myfonts.com/products/regular-grety-playfull-1192300
[2026-08-07T07:43:10Z] #492 attempt=1/2 status=200 0.449s url=https://www.myfonts.com/collections/grety-playfull-font-morisco-studio/
[2026-08-07T07:43:11Z] #493 attempt=1/2 status=200 0.394s url=https://www.myfonts.com/products/regular-bangkar-rowers-1192290
[2026-08-07T07:43:12Z] #494 attempt=1/2 status=200 0.575s url=https://www.myfonts.com/collections/bangkar-rowers-font-maulana-creative/
[2026-08-07T07:43:12Z] #495 attempt=1/2 status=200 0.347s url=https://www.myfonts.com/products/regular-giblu-1192299
[2026-08-07T07:43:13Z] #496 attempt=1/2 status=200 0.373s url=https://www.myfonts.com/collections/giblu-font-morisco-studio/
[2026-08-07T07:43:13Z] #497 attempt=1/2 status=429 0.033s url=https://www.myfonts.com/products/regular-montegito-signature-1192236
[2026-08-07T07:43:16Z] #498 attempt=2/2 status=200 0.490s url=https://www.myfonts.com/products/regular-montegito-signature-1192236
[2026-08-07T07:43:17Z] #499 attempt=1/2 status=200 0.369s url=https://www.myfonts.com/collections/montegito-signature-font-mercurial/
[2026-08-07T07:43:17Z] #500 attempt=1/2 status=200 0.417s url=https://www.myfonts.com/products/regular-roastberry-1192141
[2026-08-07T07:43:18Z] #501 attempt=1/2 status=200 0.361s url=https://www.myfonts.com/collections/roastberry-font-ikiikowrk/
[2026-08-07T07:43:19Z] #502 attempt=1/2 status=200 0.321s url=https://www.myfonts.com/products/regular-cosmo-core-1192347
[2026-08-07T07:43:19Z] #503 attempt=1/2 status=200 0.346s url=https://www.myfonts.com/collections/cosmo-core-font-tini-fitriani/
[2026-08-07T07:43:19Z] #504 attempt=1/2 status=429 0.032s url=https://www.myfonts.com/products/poliphili-complete-family-package-1191832
[2026-08-07T07:43:22Z] #505 attempt=2/2 status=200 0.488s url=https://www.myfonts.com/products/poliphili-complete-family-package-1191832
[2026-08-07T07:43:23Z] #506 attempt=1/2 status=200 0.462s url=https://www.myfonts.com/collections/poliphili-font-flanker/
[2026-08-07T07:43:24Z] #507 attempt=1/2 status=200 0.867s url=https://www.myfonts.com/products/italic-soft-slant-italic-astone-nisam-1191788
[2026-08-07T07:43:25Z] #508 attempt=1/2 status=200 1.021s url=https://www.myfonts.com/collections/astone-nisam-font-gatype/
[2026-08-07T07:43:27Z] #509 attempt=1/6 status=200 1.050s url=https://www.myfonts.com/products.json?limit=100&page=24
[2026-08-07T07:43:28Z] #510 attempt=1/2 status=200 0.930s url=https://www.myfonts.com/products/the-handwritten-font-library-35-premium-fonts-package-1191767
[2026-08-07T07:43:29Z] #511 attempt=1/2 status=404 0.323s url=https://www.myfonts.com/collections/the-handwritten-font-library-35-premium-fonts-font-pineungtype-misinklab
[2026-08-07T07:43:30Z] #512 attempt=1/2 status=200 0.484s url=https://www.myfonts.com/products/micher-complete-family-package-1191755
[2026-08-07T07:43:30Z] #513 attempt=1/2 status=200 0.668s url=https://www.myfonts.com/collections/micher-font-waftype/
[2026-08-07T07:43:31Z] #514 attempt=1/2 status=200 0.528s url=https://www.myfonts.com/products/walver-complete-family-package-1191765
[2026-08-07T07:43:32Z] #515 attempt=1/2 status=200 0.725s url=https://www.myfonts.com/collections/walver-font-waftype/
[2026-08-07T07:43:33Z] #516 attempt=1/2 status=200 0.373s url=https://www.myfonts.com/products/layar-bahtera-complete-family-package-1191752
[2026-08-07T07:43:34Z] #517 attempt=1/2 status=200 0.454s url=https://www.myfonts.com/collections/layar-bahtera-font-layarbahtera/
[2026-08-07T07:43:34Z] #518 attempt=1/2 status=200 0.619s url=https://www.myfonts.com/products/cella-complete-family-package-1191763
[2026-08-07T07:43:35Z] #519 attempt=1/2 status=200 0.642s url=https://www.myfonts.com/collections/cella-font-waftype/
[2026-08-07T07:43:38Z] #520 attempt=1/2 status=200 2.118s url=https://www.myfonts.com/products/auralic-semi-condensed-package-1191744
[2026-08-07T07:43:41Z] #521 attempt=1/2 status=200 2.981s url=https://www.myfonts.com/collections/auralic-font-black-studio/
[2026-08-07T07:43:43Z] #522 attempt=1/2 status=200 0.572s url=https://www.myfonts.com/products/carrieson-complete-family-package-1191761
[2026-08-07T07:43:44Z] #523 attempt=1/2 status=200 0.684s url=https://www.myfonts.com/collections/carrieson-family-font-waftype/
[2026-08-07T07:43:45Z] #524 attempt=1/2 status=200 1.208s url=https://www.myfonts.com/products/sizek-pro-stencil-complete-family-package-1191533
[2026-08-07T07:43:47Z] #525 attempt=1/2 status=200 2.131s url=https://www.myfonts.com/collections/sizek-pro-stencil-font-blaze-type/
[2026-08-07T07:43:49Z] #526 attempt=1/2 status=200 0.519s url=https://www.myfonts.com/products/bigma-complete-family-package-1191757
[2026-08-07T07:43:50Z] #527 attempt=1/2 status=200 0.592s url=https://www.myfonts.com/collections/bigma-font-waftype/
[2026-08-07T07:43:51Z] #528 attempt=1/2 status=200 0.607s url=https://www.myfonts.com/products/dean-stencil-normal-complete-family-package-1178683
[2026-08-07T07:43:52Z] #529 attempt=1/2 status=200 1.199s url=https://www.myfonts.com/collections/dean-stencil-normal-font-blaze-type/
[2026-08-07T07:43:53Z] #530 attempt=1/2 status=200 0.440s url=https://www.myfonts.com/products/zeyond-stencil-complete-family-package-1177841
[2026-08-07T07:43:54Z] #531 attempt=1/2 status=200 0.491s url=https://www.myfonts.com/collections/zeyond-stencil-font-blaze-type/
[2026-08-07T07:43:55Z] #532 attempt=1/2 status=200 0.475s url=https://www.myfonts.com/products/salvea-complete-family-package-1191759
[2026-08-07T07:43:55Z] #533 attempt=1/2 status=200 0.483s url=https://www.myfonts.com/collections/salvea-font-waftype/
[2026-08-07T07:43:56Z] #534 attempt=1/2 status=200 0.421s url=https://www.myfonts.com/products/regular-te-nastaaliq-1191831
[2026-08-07T07:43:57Z] #535 attempt=1/2 status=200 0.359s url=https://www.myfonts.com/collections/te-nastaaliq-font-tharwat-emara/
[2026-08-07T07:43:58Z] #536 attempt=1/6 status=200 0.929s url=https://www.myfonts.com/products.json?limit=100&page=25
[2026-08-07T07:43:58Z] summary releases=306 first_429=(88, 'https://www.myfonts.com/collections/markas-font-syafbe/?tab=techSpecs', 0.034072160720825195) log_file=state/myfonts_run_20260807_073526.log
[2026-08-07T07:43:58Z] === MyFonts crawl end ===
