[2026-05-13T08:54:43Z] checkpoint fresh next_page=1 path=state/myfonts_crawl_checkpoint.json
[2026-05-13T08:54:43Z] === MyFonts crawl start source=myfonts ===
[2026-05-13T08:54:43Z] config max_pages=25 page_size=100 start_date=2026-05-12 end_date=2026-05-13 api_delay=0.5s detail_delay=0.2s max_debut_checks=400 max_tech_specs_checks=200 reuse_success_profile=False always_enrich_packages=True language_script_signal_mode=strong force_fresh_run=False start_page=1 browser_mode=False browser_headless=True browser_storage_state_path=state/myfonts_storage_state.json
[2026-05-13T08:54:45Z] #1 attempt=1/6 status=200 0.783s url=https://www.myfonts.com/products.json?limit=100&page=1
[2026-05-13T08:54:45Z] #2 attempt=1/2 status=200 0.336s url=https://www.myfonts.com/products/regular-nightcrawler-1151906
[2026-05-13T08:54:46Z] #3 attempt=1/2 status=200 0.343s url=https://www.myfonts.com/collections/nightcrawler-font-the-design-speak/
[2026-05-13T08:54:46Z] #4 attempt=1/2 status=200 0.149s url=https://www.myfonts.com/collections/nightcrawler-font-the-design-speak/?tab=techSpecs
[2026-05-13T08:54:48Z] #5 attempt=1/2 status=200 0.416s url=https://www.myfonts.com/products/imagin-complete-family-package-1151276
[2026-05-13T08:54:49Z] #6 attempt=1/2 status=200 0.516s url=https://www.myfonts.com/collections/imagin-font-dora-typefoundry/
[2026-05-13T08:54:49Z] #7 attempt=1/2 status=200 0.155s url=https://www.myfonts.com/collections/imagin-font-dora-typefoundry/?tab=techSpecs
[2026-05-13T08:54:50Z] #8 attempt=1/2 status=200 0.332s url=https://www.myfonts.com/products/dilabo-complete-family-package-1151273
[2026-05-13T08:54:51Z] #9 attempt=1/2 status=200 0.371s url=https://www.myfonts.com/collections/dilabo-font-vermilione/
[2026-05-13T08:54:52Z] #10 attempt=1/2 status=200 0.152s url=https://www.myfonts.com/collections/dilabo-font-vermilione/?tab=techSpecs
[2026-05-13T08:54:53Z] #11 attempt=1/2 status=200 0.322s url=https://www.myfonts.com/products/fragcore-complete-family-package-1151158
[2026-05-13T08:54:53Z] #12 attempt=1/2 status=200 0.379s url=https://www.myfonts.com/collections/fragcore-font-vozzy/
[2026-05-13T08:54:54Z] #13 attempt=1/2 status=200 0.184s url=https://www.myfonts.com/collections/fragcore-font-vozzy/?tab=techSpecs
[2026-05-13T08:54:55Z] #14 attempt=1/2 status=200 0.290s url=https://www.myfonts.com/products/stockbridge-display-complete-family-package-1150842
[2026-05-13T08:54:56Z] #15 attempt=1/2 status=200 0.595s url=https://www.myfonts.com/collections/stockbridge-display-font-wearecolt/
[2026-05-13T08:54:56Z] #16 attempt=1/2 status=200 0.152s url=https://www.myfonts.com/collections/stockbridge-display-font-wearecolt/?tab=techSpecs
[2026-05-13T08:54:58Z] #17 attempt=1/2 status=200 0.293s url=https://www.myfonts.com/products/it-caldor-complete-family-package-1151117
[2026-05-13T08:54:58Z] #18 attempt=1/2 status=200 0.377s url=https://www.myfonts.com/collections/it-caldor-font-creatifont-studio/
[2026-05-13T08:54:59Z] #19 attempt=1/2 status=200 0.142s url=https://www.myfonts.com/collections/it-caldor-font-creatifont-studio/?tab=techSpecs
[2026-05-13T08:55:00Z] #20 attempt=1/2 status=200 0.452s url=https://www.myfonts.com/products/upright-package-1150905
[2026-05-13T08:55:01Z] #21 attempt=1/2 status=200 0.683s url=https://www.myfonts.com/collections/nuvetra-font-rndi-type-foundry/
[2026-05-13T08:55:02Z] #22 attempt=1/2 status=200 0.185s url=https://www.myfonts.com/collections/nuvetra-font-rndi-type-foundry/?tab=techSpecs
[2026-05-13T08:55:04Z] #23 attempt=1/2 status=200 0.674s url=https://www.myfonts.com/products/semi-condensed-package-1151337
[2026-05-13T08:55:05Z] #24 attempt=1/2 status=200 1.499s url=https://www.myfonts.com/collections/gigestha-font-mj-studio/
[2026-05-13T08:55:06Z] #25 attempt=1/2 status=200 0.207s url=https://www.myfonts.com/collections/gigestha-font-mj-studio/?tab=techSpecs
[2026-05-13T08:55:08Z] #26 attempt=1/2 status=200 0.318s url=https://www.myfonts.com/products/gattino-spazio-complete-family-package-1151064
[2026-05-13T08:55:08Z] #27 attempt=1/2 status=200 0.381s url=https://www.myfonts.com/collections/gattino-spazio-font-mbonster/
[2026-05-13T08:55:09Z] #28 attempt=1/2 status=200 0.145s url=https://www.myfonts.com/collections/gattino-spazio-font-mbonster/?tab=techSpecs
[2026-05-13T08:55:10Z] #29 attempt=1/2 status=200 0.335s url=https://www.myfonts.com/products/designer-edition-package-1151035
[2026-05-13T08:55:11Z] #30 attempt=1/2 status=200 0.598s url=https://www.myfonts.com/collections/tbj-cota-sans-font-taboja-studio/
[2026-05-13T08:55:11Z] #31 attempt=1/2 status=200 0.169s url=https://www.myfonts.com/collections/tbj-cota-sans-font-taboja-studio/?tab=techSpecs
[2026-05-13T08:55:13Z] #32 attempt=1/2 status=200 0.358s url=https://www.myfonts.com/products/fagor-complete-family-package-1151152
[2026-05-13T08:55:13Z] #33 attempt=1/2 status=200 0.357s url=https://www.myfonts.com/collections/fagor-font-font-liner/
[2026-05-13T08:55:14Z] #34 attempt=1/2 status=200 0.157s url=https://www.myfonts.com/collections/fagor-font-font-liner/?tab=techSpecs
[2026-05-13T08:55:15Z] #35 attempt=1/2 status=200 0.357s url=https://www.myfonts.com/products/marcante-complete-family-package-1146802
[2026-05-13T08:55:16Z] #36 attempt=1/2 status=200 0.429s url=https://www.myfonts.com/collections/marcante-font-latinotype/
[2026-05-13T08:55:16Z] #37 attempt=1/2 status=200 0.153s url=https://www.myfonts.com/collections/marcante-font-latinotype/?tab=techSpecs
[2026-05-13T08:55:18Z] #38 attempt=1/2 status=200 0.429s url=https://www.myfonts.com/products/leonardo-sans-complete-family-package-1151313
[2026-05-13T08:55:18Z] #39 attempt=1/2 status=200 0.553s url=https://www.myfonts.com/collections/leonardo-sans-font-factory738/
[2026-05-13T08:55:19Z] #40 attempt=1/2 status=200 0.145s url=https://www.myfonts.com/collections/leonardo-sans-font-factory738/?tab=techSpecs
[2026-05-13T08:55:20Z] #41 attempt=1/2 status=200 0.390s url=https://www.myfonts.com/products/nerogen-text-style-package-1151149
[2026-05-13T08:55:21Z] #42 attempt=1/2 status=200 0.742s url=https://www.myfonts.com/collections/nerogen-font-sign-studio/
[2026-05-13T08:55:22Z] #43 attempt=1/2 status=200 0.165s url=https://www.myfonts.com/collections/nerogen-font-sign-studio/?tab=techSpecs
[2026-05-13T08:55:23Z] #44 attempt=1/2 status=200 0.326s url=https://www.myfonts.com/products/astreum-gradient-complete-family-package-1150911
[2026-05-13T08:55:24Z] #45 attempt=1/2 status=200 0.470s url=https://www.myfonts.com/collections/astreum-gradient-font-shape-studio/
[2026-05-13T08:55:24Z] #46 attempt=1/2 status=200 0.161s url=https://www.myfonts.com/collections/astreum-gradient-font-shape-studio/?tab=techSpecs
[2026-05-13T08:55:26Z] #47 attempt=1/2 status=200 0.345s url=https://www.myfonts.com/products/golden-crumbs-complete-family-package-1151077
[2026-05-13T08:55:26Z] #48 attempt=1/2 status=200 0.329s url=https://www.myfonts.com/collections/golden-crumbs-font-littlehand/
[2026-05-13T08:55:26Z] #49 attempt=1/2 status=200 0.139s url=https://www.myfonts.com/collections/golden-crumbs-font-littlehand/?tab=techSpecs
[2026-05-13T08:55:28Z] #50 attempt=1/2 status=200 0.311s url=https://www.myfonts.com/products/desevon-complete-family-package-1151051
[2026-05-13T08:55:29Z] #51 attempt=1/2 status=200 0.390s url=https://www.myfonts.com/collections/desevon-font-burntilldead/
[2026-05-13T08:55:29Z] #52 attempt=1/2 status=200 0.163s url=https://www.myfonts.com/collections/desevon-font-burntilldead/?tab=techSpecs
[2026-05-13T08:55:30Z] #53 attempt=1/2 status=200 0.319s url=https://www.myfonts.com/products/gc-basic-inktrap-monospace-complete-family-package-1151120
[2026-05-13T08:55:31Z] #54 attempt=1/2 status=200 0.406s url=https://www.myfonts.com/collections/gc-basic-inktrap-monospace-font-onyx-studio/
[2026-05-13T08:55:31Z] #55 attempt=1/2 status=200 0.195s url=https://www.myfonts.com/collections/gc-basic-inktrap-monospace-font-onyx-studio/?tab=techSpecs
[2026-05-13T08:55:33Z] #56 attempt=1/2 status=200 0.352s url=https://www.myfonts.com/products/rolynx-complete-family-package-1151067
[2026-05-13T08:55:33Z] #57 attempt=1/2 status=200 0.461s url=https://www.myfonts.com/collections/rolynx-font-madjack-font/
[2026-05-13T08:55:34Z] #58 attempt=1/2 status=200 0.151s url=https://www.myfonts.com/collections/rolynx-font-madjack-font/?tab=techSpecs
[2026-05-13T08:55:35Z] #59 attempt=1/2 status=200 0.354s url=https://www.myfonts.com/products/modus-complete-family-package-1151300
[2026-05-13T08:55:36Z] #60 attempt=1/2 status=200 0.416s url=https://www.myfonts.com/collections/modus-font-garagefonts/
[2026-05-13T08:55:36Z] #61 attempt=1/2 status=200 0.157s url=https://www.myfonts.com/collections/modus-font-garagefonts/?tab=techSpecs
[2026-05-13T08:55:38Z] #62 attempt=1/2 status=200 0.299s url=https://www.myfonts.com/products/midnight-reflection-complete-family-package-1151110
[2026-05-13T08:55:38Z] #63 attempt=1/2 status=200 0.384s url=https://www.myfonts.com/collections/midnight-reflection-font-fikryal/
[2026-05-13T08:55:39Z] #64 attempt=1/2 status=200 0.159s url=https://www.myfonts.com/collections/midnight-reflection-font-fikryal/?tab=techSpecs
[2026-05-13T08:55:40Z] #65 attempt=1/2 status=200 0.566s url=https://www.myfonts.com/products/owning-sans-complete-family-package-1151224
[2026-05-13T08:55:41Z] #66 attempt=1/2 status=200 0.737s url=https://www.myfonts.com/collections/owning-sans-font-dora-typefoundry/
[2026-05-13T08:55:42Z] #67 attempt=1/2 status=200 0.166s url=https://www.myfonts.com/collections/owning-sans-font-dora-typefoundry/?tab=techSpecs
[2026-05-13T08:55:43Z] #68 attempt=1/2 status=200 0.433s url=https://www.myfonts.com/products/chaak-complete-family-package-1151289
[2026-05-13T08:55:44Z] #69 attempt=1/2 status=200 0.458s url=https://www.myfonts.com/collections/chaak-font-ixipcalli/
[2026-05-13T08:55:44Z] #70 attempt=1/2 status=200 0.139s url=https://www.myfonts.com/collections/chaak-font-ixipcalli/?tab=techSpecs
[2026-05-13T08:55:46Z] #71 attempt=1/2 status=200 0.321s url=https://www.myfonts.com/products/musline-complete-family-package-1151060
[2026-05-13T08:55:46Z] #72 attempt=1/2 status=200 0.338s url=https://www.myfonts.com/collections/musline-font-burntilldead/
[2026-05-13T08:55:47Z] #73 attempt=1/2 status=200 0.146s url=https://www.myfonts.com/collections/musline-font-burntilldead/?tab=techSpecs
[2026-05-13T08:55:48Z] #74 attempt=1/2 status=200 0.296s url=https://www.myfonts.com/products/gatecode-complete-family-package-1151133
[2026-05-13T08:55:48Z] #75 attempt=1/2 status=200 0.415s url=https://www.myfonts.com/collections/gatecode-font-ragamkata/
[2026-05-13T08:55:49Z] #76 attempt=1/2 status=200 0.136s url=https://www.myfonts.com/collections/gatecode-font-ragamkata/?tab=techSpecs
[2026-05-13T08:55:50Z] #77 attempt=1/2 status=429 0.058s url=https://www.myfonts.com/products/laguna-tropic-complete-family-package-1151208
[2026-05-13T08:55:50Z] first_429 req=77 url=https://www.myfonts.com/products/laguna-tropic-complete-family-package-1151208
[2026-05-13T08:55:53Z] #78 attempt=2/2 status=200 0.456s url=https://www.myfonts.com/products/laguna-tropic-complete-family-package-1151208
[2026-05-13T08:55:53Z] #79 attempt=1/2 status=429 0.052s url=https://www.myfonts.com/collections/laguna-tropic-font-edignwn-type/
[2026-05-13T08:55:56Z] #80 attempt=2/2 status=200 0.486s url=https://www.myfonts.com/collections/laguna-tropic-font-edignwn-type/
[2026-05-13T08:55:56Z] #81 attempt=1/2 status=429 0.059s url=https://www.myfonts.com/products/tbj-neuetra-complete-family-package-1151016
[2026-05-13T08:55:59Z] #82 attempt=2/2 status=200 0.401s url=https://www.myfonts.com/products/tbj-neuetra-complete-family-package-1151016
[2026-05-13T08:55:59Z] #83 attempt=1/2 status=429 0.052s url=https://www.myfonts.com/collections/tbj-neuetra-font-taboja-studio/
[2026-05-13T08:56:02Z] #84 attempt=2/2 status=200 0.584s url=https://www.myfonts.com/collections/tbj-neuetra-font-taboja-studio/
[2026-05-13T08:56:02Z] #85 attempt=1/2 status=200 0.337s url=https://www.myfonts.com/products/cholla-springs-complete-family-package-1151181
[2026-05-13T08:56:03Z] #86 attempt=1/2 status=200 0.408s url=https://www.myfonts.com/collections/cholla-springs-font-vozzy/
[2026-05-13T08:56:04Z] #87 attempt=1/2 status=200 0.327s url=https://www.myfonts.com/products/boogie-blast-complete-family-package-1151054
[2026-05-13T08:56:04Z] #88 attempt=1/2 status=200 0.496s url=https://www.myfonts.com/collections/boogie-blast-font-sipanji21/
[2026-05-13T08:56:05Z] #89 attempt=1/2 status=200 0.297s url=https://www.myfonts.com/products/racemans-american-complete-family-package-1150907
[2026-05-13T08:56:05Z] #90 attempt=1/2 status=429 0.071s url=https://www.myfonts.com/collections/racemans-american-font-timelesstype-studio/
[2026-05-13T08:56:08Z] #91 attempt=2/2 status=200 0.409s url=https://www.myfonts.com/collections/racemans-american-font-timelesstype-studio/
[2026-05-13T08:56:08Z] #92 attempt=1/2 status=200 0.318s url=https://www.myfonts.com/products/boserich-complete-family-package-1151047
[2026-05-13T08:56:09Z] #93 attempt=1/2 status=200 0.370s url=https://www.myfonts.com/collections/boserich-font-burntilldead/
[2026-05-13T08:56:10Z] #94 attempt=1/2 status=200 0.283s url=https://www.myfonts.com/products/arbuckle-complete-family-package-1151310
[2026-05-13T08:56:10Z] #95 attempt=1/2 status=200 0.381s url=https://www.myfonts.com/collections/arbuckle-font-garagefonts/
[2026-05-13T08:56:10Z] #96 attempt=1/2 status=429 0.047s url=https://www.myfonts.com/products/rovas-complete-family-package-1151125
[2026-05-13T08:56:13Z] #97 attempt=2/2 status=200 0.437s url=https://www.myfonts.com/products/rovas-complete-family-package-1151125
[2026-05-13T08:56:14Z] #98 attempt=1/2 status=200 0.347s url=https://www.myfonts.com/collections/rovas-font-grontype/
[2026-05-13T08:56:14Z] #99 attempt=1/2 status=200 0.302s url=https://www.myfonts.com/products/naxero-complete-family-package-1151204
[2026-05-13T08:56:15Z] #100 attempt=1/2 status=200 0.344s url=https://www.myfonts.com/collections/naxero-font-tini-fitriani/
[2026-05-13T08:56:15Z] #101 attempt=1/2 status=200 0.356s url=https://www.myfonts.com/products/foermality-sans-pro-complete-family-package-1151081
[2026-05-13T08:56:16Z] #102 attempt=1/2 status=200 0.491s url=https://www.myfonts.com/collections/foermality-sans-pro-font-laroyba-type/
[2026-05-13T08:56:17Z] #103 attempt=1/2 status=200 0.301s url=https://www.myfonts.com/products/west-postage-complete-family-package-1151213
[2026-05-13T08:56:17Z] #104 attempt=1/2 status=429 0.036s url=https://www.myfonts.com/collections/west-postage-font-sarid-ezra/
[2026-05-13T08:56:20Z] #105 attempt=2/2 status=200 0.468s url=https://www.myfonts.com/collections/west-postage-font-sarid-ezra/
[2026-05-13T08:56:20Z] #106 attempt=1/2 status=200 0.334s url=https://www.myfonts.com/products/curly-blush-complete-family-package-1151216
[2026-05-13T08:56:21Z] #107 attempt=1/2 status=200 0.403s url=https://www.myfonts.com/collections/curly-blush-font-littlehand/
[2026-05-13T08:56:22Z] #108 attempt=1/2 status=200 0.309s url=https://www.myfonts.com/products/costague-complete-family-package-1151114
[2026-05-13T08:56:22Z] #109 attempt=1/2 status=200 0.363s url=https://www.myfonts.com/collections/costague-font-eko-bimantara/
[2026-05-13T08:56:23Z] #110 attempt=1/2 status=200 0.306s url=https://www.myfonts.com/products/sandpack-variable-complete-family-package-1151309
[2026-05-13T08:56:23Z] #111 attempt=1/2 status=429 0.039s url=https://www.myfonts.com/collections/sandpack-variable-font-collectype/
[2026-05-13T08:56:26Z] #112 attempt=2/2 status=200 0.616s url=https://www.myfonts.com/collections/sandpack-variable-font-collectype/
[2026-05-13T08:56:26Z] #113 attempt=1/2 status=200 0.315s url=https://www.myfonts.com/products/ring-soft-complete-family-package-1151006
[2026-05-13T08:56:27Z] #114 attempt=1/2 status=200 0.448s url=https://www.myfonts.com/collections/ring-soft-font-ochakov/
[2026-05-13T08:56:28Z] #115 attempt=1/2 status=200 0.291s url=https://www.myfonts.com/products/barnforge-complete-family-package-1151200
[2026-05-13T08:56:28Z] #116 attempt=1/2 status=200 0.364s url=https://www.myfonts.com/collections/barnforge-font-vozzy/
[2026-05-13T08:56:29Z] #117 attempt=1/2 status=200 0.282s url=https://www.myfonts.com/products/kawahara-complete-family-package-1151082
[2026-05-13T08:56:29Z] #118 attempt=1/2 status=429 0.034s url=https://www.myfonts.com/collections/kawahara-font-agung-sudirman/
[2026-05-13T08:56:32Z] #119 attempt=2/2 status=200 0.389s url=https://www.myfonts.com/collections/kawahara-font-agung-sudirman/
[2026-05-13T08:56:32Z] #120 attempt=1/2 status=200 0.317s url=https://www.myfonts.com/products/camden-mrkt-complete-family-package-1151197
[2026-05-13T08:56:33Z] #121 attempt=1/2 status=200 0.427s url=https://www.myfonts.com/collections/camden-mrkt-font-vozzy/
[2026-05-13T08:56:34Z] #122 attempt=1/2 status=200 0.356s url=https://www.myfonts.com/products/campus-varsity-complete-family-package-1151186
[2026-05-13T08:56:34Z] #123 attempt=1/2 status=200 0.468s url=https://www.myfonts.com/collections/campus-varsity-font-vozzy/
[2026-05-13T08:56:35Z] #124 attempt=1/2 status=200 0.366s url=https://www.myfonts.com/products/focsio-complete-family-package-1151044
[2026-05-13T08:56:35Z] #125 attempt=1/2 status=429 0.062s url=https://www.myfonts.com/collections/focsio-font-tini-fitriani/
[2026-05-13T08:56:38Z] #126 attempt=2/2 status=200 0.401s url=https://www.myfonts.com/collections/focsio-font-tini-fitriani/
[2026-05-13T08:56:39Z] #127 attempt=1/2 status=200 0.362s url=https://www.myfonts.com/products/lecrace-complete-family-package-1150875
[2026-05-13T08:56:39Z] #128 attempt=1/2 status=200 0.397s url=https://www.myfonts.com/collections/lecrace-font-mevstory-studio/
[2026-05-13T08:56:40Z] #129 attempt=1/2 status=200 0.314s url=https://www.myfonts.com/products/novaire-complete-family-package-1150866
[2026-05-13T08:56:40Z] #130 attempt=1/2 status=200 0.427s url=https://www.myfonts.com/collections/novaire-font-enfeeltype/
[2026-05-13T08:56:41Z] #131 attempt=1/2 status=200 0.391s url=https://www.myfonts.com/products/signat-complete-family-package-1151162
[2026-05-13T08:56:41Z] #132 attempt=1/2 status=429 0.048s url=https://www.myfonts.com/collections/signat-font-tipotype/
[2026-05-13T08:56:44Z] #133 attempt=2/2 status=200 0.624s url=https://www.myfonts.com/collections/signat-font-tipotype/
[2026-05-13T08:56:45Z] #134 attempt=1/2 status=200 0.308s url=https://www.myfonts.com/products/sorpant-complete-family-package-1151041
[2026-05-13T08:56:46Z] #135 attempt=1/2 status=200 0.389s url=https://www.myfonts.com/collections/sorpant-font-jolicia-type/
[2026-05-13T08:56:46Z] #136 attempt=1/2 status=200 0.302s url=https://www.myfonts.com/products/royal-veins-complete-family-package-1151036
[2026-05-13T08:56:47Z] #137 attempt=1/2 status=200 0.351s url=https://www.myfonts.com/collections/royal-veins-font-denustudio/
[2026-05-13T08:56:47Z] #138 attempt=1/2 status=200 0.314s url=https://www.myfonts.com/products/saned-complete-family-package-1151298
[2026-05-13T08:56:48Z] #139 attempt=1/2 status=200 0.388s url=https://www.myfonts.com/collections/saned-font-hishand-studio/
[2026-05-13T08:56:48Z] #140 attempt=1/2 status=429 0.070s url=https://www.myfonts.com/products/advance-glowing-sans-complete-family-package-1151107
[2026-05-13T08:56:51Z] #141 attempt=2/2 status=200 0.344s url=https://www.myfonts.com/products/advance-glowing-sans-complete-family-package-1151107
[2026-05-13T08:56:51Z] #142 attempt=1/2 status=200 0.365s url=https://www.myfonts.com/collections/advance-glowing-sans-font-madjack-font/
[2026-05-13T08:56:53Z] #143 attempt=1/6 status=200 0.700s url=https://www.myfonts.com/products.json?limit=100&page=2
[2026-05-13T08:56:53Z] #144 attempt=1/2 status=200 0.370s url=https://www.myfonts.com/products/regular-chief-rock-1151076
[2026-05-13T08:56:54Z] #145 attempt=1/2 status=200 0.267s url=https://www.myfonts.com/collections/chief-rock-font-epiclinez/
[2026-05-13T08:56:54Z] #146 attempt=1/2 status=200 0.246s url=https://www.myfonts.com/products/regular-khattalib-1151040
[2026-05-13T08:56:55Z] #147 attempt=1/2 status=200 0.312s url=https://www.myfonts.com/collections/khattalib-font-nian-keun-studio/
[2026-05-13T08:56:55Z] #148 attempt=1/2 status=429 0.051s url=https://www.myfonts.com/products/regular-fang-malic-1151039
[2026-05-13T08:56:58Z] #149 attempt=2/2 status=200 0.344s url=https://www.myfonts.com/products/regular-fang-malic-1151039
[2026-05-13T08:56:58Z] #150 attempt=1/2 status=200 0.243s url=https://www.myfonts.com/collections/fang-malic-font-alit-design/
[2026-05-13T08:56:59Z] #151 attempt=1/2 status=200 0.280s url=https://www.myfonts.com/products/regular-marcellyna-1151222
[2026-05-13T08:56:59Z] #152 attempt=1/2 status=200 0.263s url=https://www.myfonts.com/collections/marcellyna-font-inviline/
[2026-05-13T08:57:00Z] #153 attempt=1/2 status=200 0.262s url=https://www.myfonts.com/products/regular-enchanted-thread-1151207
[2026-05-13T08:57:00Z] #154 attempt=1/2 status=429 0.071s url=https://www.myfonts.com/collections/enchanted-thread-font-medialabco/
[2026-05-13T08:57:03Z] #155 attempt=2/2 status=200 0.281s url=https://www.myfonts.com/collections/enchanted-thread-font-medialabco/
[2026-05-13T08:57:03Z] #156 attempt=1/2 status=200 0.326s url=https://www.myfonts.com/products/regular-velafine-1151113
[2026-05-13T08:57:04Z] #157 attempt=1/2 status=200 0.256s url=https://www.myfonts.com/collections/velafine-font-rasio-studio/
[2026-05-13T08:57:04Z] #158 attempt=1/2 status=200 0.272s url=https://www.myfonts.com/products/regular-basenk-1151106
[2026-05-13T08:57:04Z] #159 attempt=1/2 status=429 0.046s url=https://www.myfonts.com/collections/basenk-font-kangfont-studio/
[2026-05-13T08:57:07Z] #160 attempt=2/2 status=200 0.355s url=https://www.myfonts.com/collections/basenk-font-kangfont-studio/
[2026-05-13T08:57:08Z] #161 attempt=1/2 status=200 0.295s url=https://www.myfonts.com/products/regular-ugloed-1151155
[2026-05-13T08:57:08Z] #162 attempt=1/2 status=200 0.258s url=https://www.myfonts.com/collections/ugloed-font-letterheadstudio-vg/
[2026-05-13T08:57:09Z] #163 attempt=1/2 status=200 0.302s url=https://www.myfonts.com/products/regular-qetela-joosy-1151103
[2026-05-13T08:57:09Z] #164 attempt=1/2 status=200 0.267s url=https://www.myfonts.com/collections/qetela-joosy-font-bayuktx/
[2026-05-13T08:57:09Z] #165 attempt=1/2 status=429 0.040s url=https://www.myfonts.com/products/regular-girthy-display-1151150
[2026-05-13T08:57:12Z] #166 attempt=2/2 status=200 0.288s url=https://www.myfonts.com/products/regular-girthy-display-1151150
[2026-05-13T08:57:12Z] #167 attempt=1/2 status=200 0.307s url=https://www.myfonts.com/collections/girthy-display-font-silverdav/
[2026-05-13T08:57:14Z] #168 attempt=1/6 status=200 0.669s url=https://www.myfonts.com/products.json?limit=100&page=3
[2026-05-13T08:57:14Z] #169 attempt=1/2 status=200 0.243s url=https://www.myfonts.com/products/regular-duckling-1151128
[2026-05-13T08:57:15Z] #170 attempt=1/2 status=200 0.234s url=https://www.myfonts.com/collections/duckling-font-alpaprana/
[2026-05-13T08:57:15Z] #171 attempt=1/2 status=200 0.261s url=https://www.myfonts.com/products/script-nocturnal-blossom-1151130
[2026-05-13T08:57:15Z] #172 attempt=1/2 status=429 0.032s url=https://www.myfonts.com/collections/nocturnal-blossom-font-collectype/
[2026-05-13T08:57:18Z] #173 attempt=2/2 status=200 0.333s url=https://www.myfonts.com/collections/nocturnal-blossom-font-collectype/
[2026-05-13T08:57:19Z] #174 attempt=1/2 status=200 0.267s url=https://www.myfonts.com/products/regular-freetags-1151080
[2026-05-13T08:57:19Z] #175 attempt=1/2 status=200 0.257s url=https://www.myfonts.com/collections/freetags-font-gassstype/
[2026-05-13T08:57:20Z] #176 attempt=1/2 status=200 0.318s url=https://www.myfonts.com/products/regular-rustic-market-1151129
[2026-05-13T08:57:20Z] #177 attempt=1/2 status=200 0.348s url=https://www.myfonts.com/collections/rustic-market-font-collectype/
[2026-05-13T08:57:21Z] #178 attempt=1/2 status=200 0.287s url=https://www.myfonts.com/products/regular-macaria-1151223
[2026-05-13T08:57:21Z] #179 attempt=1/2 status=429 0.057s url=https://www.myfonts.com/collections/macaria-font-imoodev/
[2026-05-13T08:57:24Z] #180 attempt=2/2 status=200 0.324s url=https://www.myfonts.com/collections/macaria-font-imoodev/
[2026-05-13T08:57:24Z] #181 attempt=1/2 status=200 0.295s url=https://www.myfonts.com/products/regular-bront-olo-1151104
[2026-05-13T08:57:25Z] #182 attempt=1/2 status=200 0.259s url=https://www.myfonts.com/collections/bront-olo-font-kangfont-studio/
[2026-05-13T08:57:25Z] #183 attempt=1/2 status=200 0.297s url=https://www.myfonts.com/products/regular-baruzen-karma-1151151
[2026-05-13T08:57:25Z] #184 attempt=1/2 status=429 0.041s url=https://www.myfonts.com/collections/baruzen-karma-font-letterhanna-studio/
[2026-05-13T08:57:28Z] #185 attempt=2/2 status=200 0.269s url=https://www.myfonts.com/collections/baruzen-karma-font-letterhanna-studio/
[2026-05-13T08:57:29Z] #186 attempt=1/6 status=200 0.668s url=https://www.myfonts.com/products.json?limit=100&page=4
[2026-05-13T08:57:30Z] #187 attempt=1/2 status=200 0.431s url=https://www.myfonts.com/products/regular-margiona-1151105
[2026-05-13T08:57:30Z] #188 attempt=1/2 status=200 0.244s url=https://www.myfonts.com/collections/margiona-font-rasio-studio/
[2026-05-13T08:57:31Z] #189 attempt=1/2 status=200 0.263s url=https://www.myfonts.com/products/regular-pistachio-brush-1150910
[2026-05-13T08:57:31Z] #190 attempt=1/2 status=200 0.238s url=https://www.myfonts.com/collections/pistachio-brush-font-gatype/
[2026-05-13T08:57:32Z] #191 attempt=1/2 status=200 0.305s url=https://www.myfonts.com/products/italic-bakery-megals-1150827
[2026-05-13T08:57:32Z] #192 attempt=1/2 status=429 0.043s url=https://www.myfonts.com/collections/bakery-megals-font-timelesstype-studio/
[2026-05-13T08:57:35Z] #193 attempt=2/2 status=200 0.440s url=https://www.myfonts.com/collections/bakery-megals-font-timelesstype-studio/
[2026-05-13T08:57:35Z] #194 attempt=1/2 status=200 0.313s url=https://www.myfonts.com/products/regular-mokel-1151157
[2026-05-13T08:57:36Z] #195 attempt=1/2 status=200 0.297s url=https://www.myfonts.com/collections/mokel-font-black-junst/
[2026-05-13T08:57:37Z] #196 attempt=1/2 status=200 0.299s url=https://www.myfonts.com/products/regular-montella-cracken-1151132
[2026-05-13T08:57:37Z] #197 attempt=1/2 status=200 0.261s url=https://www.myfonts.com/collections/montella-cracken-font-collectype/
[2026-05-13T08:57:37Z] #198 attempt=1/2 status=429 0.036s url=https://www.myfonts.com/products/regular-alkomary-1150834
[2026-05-13T08:57:40Z] #199 attempt=2/2 status=200 0.336s url=https://www.myfonts.com/products/regular-alkomary-1150834
[2026-05-13T08:57:40Z] #200 attempt=1/2 status=200 0.261s url=https://www.myfonts.com/collections/alkomary-font-monolimes/
[2026-05-13T08:57:41Z] #201 attempt=1/2 status=200 0.316s url=https://www.myfonts.com/products/regular-pretty-amelina-1151156
[2026-05-13T08:57:41Z] #202 attempt=1/2 status=200 0.291s url=https://www.myfonts.com/collections/pretty-amelina-font-aisyah/
[2026-05-13T08:57:42Z] #203 attempt=1/2 status=200 0.280s url=https://www.myfonts.com/products/regular-mellisca-1150845
[2026-05-13T08:57:42Z] #204 attempt=1/2 status=429 0.059s url=https://www.myfonts.com/collections/mellisca-font-thirtypath-studio/
[2026-05-13T08:57:45Z] #205 attempt=2/2 status=200 0.303s url=https://www.myfonts.com/collections/mellisca-font-thirtypath-studio/
[2026-05-13T08:57:45Z] #206 attempt=1/2 status=200 0.396s url=https://www.myfonts.com/products/semi-exp-bold-italic-bebas-neue-pro-204882
[2026-05-13T08:57:46Z] #207 attempt=1/2 status=200 0.664s url=https://www.myfonts.com/collections/bebas-neue-pro-font-dharma-type/
[2026-05-13T08:57:47Z] #208 attempt=1/2 status=200 0.261s url=https://www.myfonts.com/products/sans-caprint-1150840
[2026-05-13T08:57:48Z] #209 attempt=1/2 status=200 0.320s url=https://www.myfonts.com/collections/caprint-font-bale-type/
[2026-05-13T08:57:48Z] #210 attempt=1/2 status=200 0.273s url=https://www.myfonts.com/products/makenfy-complete-family-package-1150756
[2026-05-13T08:57:48Z] #211 attempt=1/2 status=429 0.039s url=https://www.myfonts.com/collections/makenfy-font-timelesstype-studio/
[2026-05-13T08:57:51Z] #212 attempt=2/2 status=200 0.434s url=https://www.myfonts.com/collections/makenfy-font-timelesstype-studio/
[2026-05-13T08:57:52Z] #213 attempt=1/2 status=200 0.309s url=https://www.myfonts.com/products/kenbu-pop-complete-family-package-1150765
[2026-05-13T08:57:52Z] #214 attempt=1/2 status=200 0.408s url=https://www.myfonts.com/collections/kenbu-pop-font-ketiga-foundry/
[2026-05-13T08:57:54Z] #215 attempt=1/6 status=200 0.671s url=https://www.myfonts.com/products.json?limit=100&page=5
[2026-05-13T08:57:55Z] #216 attempt=1/2 status=200 0.757s url=https://www.myfonts.com/products/normal-package-1150552
[2026-05-13T08:57:56Z] #217 attempt=1/2 status=200 1.682s url=https://www.myfonts.com/collections/brigife-font-rastype-studio/
[2026-05-13T08:57:58Z] #218 attempt=1/2 status=200 0.290s url=https://www.myfonts.com/products/parnelle-complete-family-package-1150623
[2026-05-13T08:57:58Z] #219 attempt=1/2 status=200 0.351s url=https://www.myfonts.com/collections/parnelle-font-youthlabs/
[2026-05-13T08:57:59Z] #220 attempt=1/2 status=200 0.291s url=https://www.myfonts.com/products/alqest-complete-family-package-1150626
[2026-05-13T08:57:59Z] #221 attempt=1/2 status=200 0.377s url=https://www.myfonts.com/collections/alqest-font-zaain-type/
[2026-05-13T08:58:00Z] #222 attempt=1/2 status=200 0.316s url=https://www.myfonts.com/products/arvitto-complete-family-package-1150762
[2026-05-13T08:58:01Z] #223 attempt=1/2 status=200 0.334s url=https://www.myfonts.com/collections/arvitto-font-tini-fitriani/
[2026-05-13T08:58:01Z] #224 attempt=1/2 status=200 0.331s url=https://www.myfonts.com/products/magdes-complete-family-package-1150778
[2026-05-13T08:58:01Z] #225 attempt=1/2 status=429 0.053s url=https://www.myfonts.com/collections/magdes-font-timelesstype-studio/
[2026-05-13T08:58:04Z] #226 attempt=2/2 status=200 0.473s url=https://www.myfonts.com/collections/magdes-font-timelesstype-studio/
[2026-05-13T08:58:05Z] #227 attempt=1/2 status=200 0.351s url=https://www.myfonts.com/products/aipshar-complete-family-package-1150616
[2026-05-13T08:58:05Z] #228 attempt=1/2 status=200 0.425s url=https://www.myfonts.com/collections/aipshar-font-tini-fitriani/
[2026-05-13T08:58:06Z] #229 attempt=1/2 status=200 0.345s url=https://www.myfonts.com/products/monoblock-complete-family-package-1150553
[2026-05-13T08:58:07Z] #230 attempt=1/2 status=200 0.535s url=https://www.myfonts.com/collections/monoblock-font-glowtype/
[2026-05-13T08:58:08Z] #231 attempt=1/2 status=200 0.416s url=https://www.myfonts.com/products/althera-complete-family-package-1150738
[2026-05-13T08:58:08Z] #232 attempt=1/2 status=200 0.490s url=https://www.myfonts.com/collections/althera-font-syauqi-studio/
[2026-05-13T08:58:09Z] #233 attempt=1/2 status=200 0.326s url=https://www.myfonts.com/products/hero-bump-complete-family-package-1150629
[2026-05-13T08:58:09Z] #234 attempt=1/2 status=429 0.069s url=https://www.myfonts.com/collections/hero-bump-font-figuree-studio/
[2026-05-13T08:58:12Z] #235 attempt=2/2 status=200 0.419s url=https://www.myfonts.com/collections/hero-bump-font-figuree-studio/
[2026-05-13T08:58:12Z] #236 attempt=1/2 status=200 0.295s url=https://www.myfonts.com/products/bright-kondi-complete-family-package-1150728
[2026-05-13T08:58:13Z] #237 attempt=1/2 status=200 0.383s url=https://www.myfonts.com/collections/bright-kondi-font-timelesstype-studio/
[2026-05-13T08:58:14Z] #238 attempt=1/2 status=200 0.382s url=https://www.myfonts.com/products/david-mf-complete-family-package-1150538
[2026-05-13T08:58:14Z] #239 attempt=1/2 status=200 0.497s url=https://www.myfonts.com/collections/david-font-masterfont/
[2026-05-13T08:58:15Z] #240 attempt=1/2 status=200 0.164s url=https://www.myfonts.com/collections/david-font-masterfont/
[2026-05-13T08:58:15Z] #241 attempt=1/2 status=429 0.039s url=https://www.myfonts.com/products/lelagei-complete-family-package-1150759
[2026-05-13T08:58:18Z] #242 attempt=2/2 status=200 0.314s url=https://www.myfonts.com/products/lelagei-complete-family-package-1150759
[2026-05-13T08:58:18Z] #243 attempt=1/2 status=200 0.347s url=https://www.myfonts.com/collections/lelagei-font-gatype/
[2026-05-13T08:58:19Z] #244 attempt=1/2 status=200 0.265s url=https://www.myfonts.com/products/atomic-beers-complete-family-package-1150731
[2026-05-13T08:58:19Z] #245 attempt=1/2 status=200 0.311s url=https://www.myfonts.com/collections/atomic-beers-font-timelesstype-studio/
[2026-05-13T08:58:20Z] #246 attempt=1/2 status=429 0.033s url=https://www.myfonts.com/products/orvian-complete-family-package-1150638
[2026-05-13T08:58:23Z] #247 attempt=2/2 status=200 0.806s url=https://www.myfonts.com/products/orvian-complete-family-package-1150638
[2026-05-13T08:58:24Z] #248 attempt=1/2 status=200 0.922s url=https://www.myfonts.com/collections/orvian-font-donyadesign/
[2026-05-13T08:58:25Z] #249 attempt=1/2 status=200 0.324s url=https://www.myfonts.com/products/cubic-ranger-complete-family-package-1150734
[2026-05-13T08:58:25Z] #250 attempt=1/2 status=200 0.357s url=https://www.myfonts.com/collections/cubic-ranger-font-timelesstype-studio/
[2026-05-13T08:58:26Z] #251 attempt=1/2 status=200 0.299s url=https://www.myfonts.com/products/laderas-complete-family-package-1150633
[2026-05-13T08:58:27Z] #252 attempt=1/2 status=200 0.370s url=https://www.myfonts.com/collections/laderas-font-salsipuedes/
[2026-05-13T08:58:27Z] #253 attempt=1/2 status=200 0.392s url=https://www.myfonts.com/products/logpose-complete-family-package-1150781
[2026-05-13T08:58:28Z] #254 attempt=1/2 status=200 0.575s url=https://www.myfonts.com/collections/logpose-font-factory738/
[2026-05-13T08:58:29Z] #255 attempt=1/2 status=200 0.317s url=https://www.myfonts.com/products/regular-strawberry-milkshake-1150620
[2026-05-13T08:58:29Z] #256 attempt=1/2 status=429 0.041s url=https://www.myfonts.com/collections/strawberry-milkshake-font-subectype/
[2026-05-13T08:58:31Z] #257 attempt=2/2 status=200 0.302s url=https://www.myfonts.com/collections/strawberry-milkshake-font-subectype/
[2026-05-13T08:58:32Z] #258 attempt=1/2 status=200 0.272s url=https://www.myfonts.com/products/regular-belgina-1150619
[2026-05-13T08:58:32Z] #259 attempt=1/2 status=200 0.264s url=https://www.myfonts.com/collections/belgina-font-typoraith-co/
[2026-05-13T08:58:33Z] #260 attempt=1/2 status=200 0.405s url=https://www.myfonts.com/products/semi-bold-italic-qlaxe-serif-1150815
[2026-05-13T08:58:34Z] #261 attempt=1/2 status=200 0.875s url=https://www.myfonts.com/collections/qlaxe-serif-font-nollev/
[2026-05-13T08:58:35Z] #262 attempt=1/2 status=200 0.323s url=https://www.myfonts.com/products/regular-groovy-bigsky-1150829
[2026-05-13T08:58:36Z] #263 attempt=1/2 status=200 0.299s url=https://www.myfonts.com/collections/groovy-bigsky-font-timelesstype-studio/
[2026-05-13T08:58:36Z] #264 attempt=1/2 status=429 0.034s url=https://www.myfonts.com/products/regular-briola-1150737
[2026-05-13T08:58:38Z] #265 attempt=2/2 status=200 0.371s url=https://www.myfonts.com/products/regular-briola-1150737
[2026-05-13T08:58:39Z] #266 attempt=1/2 status=200 0.244s url=https://www.myfonts.com/collections/briola-font-sensatype-studio/
[2026-05-13T08:58:40Z] #267 attempt=1/2 status=200 0.307s url=https://www.myfonts.com/products/regular-jack-the-mouse-1150727
[2026-05-13T08:58:40Z] #268 attempt=1/2 status=200 0.309s url=https://www.myfonts.com/collections/jack-the-mouse-font-sipanji21/
[2026-05-13T08:58:41Z] #269 attempt=1/6 status=200 0.653s url=https://www.myfonts.com/products.json?limit=100&page=6
[2026-05-13T08:58:42Z] #270 attempt=1/2 status=200 0.320s url=https://www.myfonts.com/products/rounded-pixelta-1150837
[2026-05-13T08:58:42Z] #271 attempt=1/2 status=429 0.076s url=https://www.myfonts.com/collections/pixelta-font-blankids/
[2026-05-13T08:58:45Z] #272 attempt=2/2 status=200 0.453s url=https://www.myfonts.com/collections/pixelta-font-blankids/
[2026-05-13T08:58:45Z] #273 attempt=1/2 status=200 0.283s url=https://www.myfonts.com/products/regular-roadpunks-1150622
[2026-05-13T08:58:46Z] #274 attempt=1/2 status=200 0.284s url=https://www.myfonts.com/collections/roadpunks-font-figuree-studio/
[2026-05-13T08:58:46Z] #275 attempt=1/2 status=200 0.272s url=https://www.myfonts.com/products/jadent-tagriel-regular-mc-jadent-tagriel-1150674
[2026-05-13T08:58:47Z] #276 attempt=1/2 status=200 0.263s url=https://www.myfonts.com/collections/mc-jadent-tagriel-font-maulana-creative/
[2026-05-13T08:58:47Z] #277 attempt=1/2 status=429 0.037s url=https://www.myfonts.com/products/regular-toasty-summer-1150621
[2026-05-13T08:58:50Z] #278 attempt=2/2 status=200 0.337s url=https://www.myfonts.com/products/regular-toasty-summer-1150621
[2026-05-13T08:58:50Z] #279 attempt=1/2 status=200 0.237s url=https://www.myfonts.com/collections/toasty-summer-font-seemly-fonts/
[2026-05-13T08:58:51Z] #280 attempt=1/2 status=200 0.281s url=https://www.myfonts.com/products/monoblock-black-monoblock-variable-1150564
[2026-05-13T08:58:51Z] #281 attempt=1/2 status=200 0.261s url=https://www.myfonts.com/collections/monoblock-variable-font-glowtype/
[2026-05-13T08:58:52Z] #282 attempt=1/2 status=200 0.292s url=https://www.myfonts.com/products/regular-gafloc-1150832
[2026-05-13T08:58:52Z] #283 attempt=1/2 status=429 0.054s url=https://www.myfonts.com/collections/gafloc-font-timelesstype-studio/
[2026-05-13T08:58:55Z] #284 attempt=2/2 status=200 0.391s url=https://www.myfonts.com/collections/gafloc-font-timelesstype-studio/
[2026-05-13T08:58:55Z] #285 attempt=1/2 status=200 0.294s url=https://www.myfonts.com/products/regular-heranch-1150639
[2026-05-13T08:58:56Z] #286 attempt=1/2 status=200 0.214s url=https://www.myfonts.com/collections/heranch-font-flawlessandco/
[2026-05-13T08:58:56Z] #287 attempt=1/2 status=200 0.289s url=https://www.myfonts.com/products/regular-megiula-1150632
[2026-05-13T08:58:57Z] #288 attempt=1/2 status=200 0.226s url=https://www.myfonts.com/collections/megiula-font-sealoung/
[2026-05-13T08:58:57Z] #289 attempt=1/6 status=429 0.052s url=https://www.myfonts.com/products.json?limit=100&page=7
[2026-05-13T08:59:01Z] #290 attempt=2/6 status=200 0.710s url=https://www.myfonts.com/products.json?limit=100&page=7
[2026-05-13T08:59:01Z] #291 attempt=1/2 status=200 0.307s url=https://www.myfonts.com/products/regular-clarsen-1150755
[2026-05-13T08:59:02Z] #292 attempt=1/2 status=200 0.228s url=https://www.myfonts.com/collections/clarsen-font-sensatype-studio/
[2026-05-13T08:59:03Z] #293 attempt=1/2 status=200 0.927s url=https://www.myfonts.com/products/handcrafted-signature-font-bundle-package-772696
[2026-05-13T08:59:03Z] #294 attempt=1/2 status=404 0.157s url=https://www.myfonts.com/collections/handcrafted-signature-font-bundle-font-lemonthe
[2026-05-13T08:59:04Z] #295 attempt=1/2 status=200 0.597s url=https://www.myfonts.com/products/limit-micro-complete-family-package-1150407
[2026-05-13T08:59:05Z] #296 attempt=1/2 status=200 1.066s url=https://www.myfonts.com/collections/limit-micro-font-bold-guys/
[2026-05-13T08:59:06Z] #297 attempt=1/2 status=200 0.531s url=https://www.myfonts.com/products/limit-display-condensed-package-1150536
[2026-05-13T08:59:08Z] #298 attempt=1/2 status=200 1.303s url=https://www.myfonts.com/collections/limit-display-font-bold-guys/
[2026-05-13T08:59:09Z] #299 attempt=1/2 status=200 0.294s url=https://www.myfonts.com/products/italic-regular-ca-emeralda-1150405
[2026-05-13T08:59:09Z] #300 attempt=1/2 status=200 0.332s url=https://www.myfonts.com/collections/ca-emeralda-font-cape-arcona/
[2026-05-13T08:59:10Z] #301 attempt=1/6 status=200 0.572s url=https://www.myfonts.com/products.json?limit=100&page=8
[2026-05-13T08:59:11Z] #302 attempt=1/2 status=200 0.257s url=https://www.myfonts.com/products/gotham-variable-complete-family-package-1128984
[2026-05-13T08:59:11Z] #303 attempt=1/2 status=200 0.259s url=https://www.myfonts.com/collections/gotham-variable-font-hoefler-and-co/
[2026-05-13T08:59:12Z] #304 attempt=1/2 status=429 0.049s url=https://www.myfonts.com/products/essential-sans-package-1150452
[2026-05-13T08:59:15Z] #305 attempt=2/2 status=200 0.967s url=https://www.myfonts.com/products/essential-sans-package-1150452
[2026-05-13T08:59:15Z] #306 attempt=1/2 status=404 0.200s url=https://www.myfonts.com/collections/essential-sans-font-fontop
[2026-05-13T08:59:16Z] #307 attempt=1/2 status=200 0.438s url=https://www.myfonts.com/products/quarter-theory-complete-family-package-1150330
[2026-05-13T08:59:17Z] #308 attempt=1/2 status=200 0.904s url=https://www.myfonts.com/collections/quarter-theory-font-propertype/
[2026-05-13T08:59:18Z] #309 attempt=1/2 status=200 0.274s url=https://www.myfonts.com/products/big-whoop-bb-complete-family-package-1149794
[2026-05-13T08:59:18Z] #310 attempt=1/2 status=200 0.363s url=https://www.myfonts.com/collections/big-whoop-bb-font-blambot/
[2026-05-13T08:59:19Z] #311 attempt=1/2 status=200 0.328s url=https://www.myfonts.com/products/sukuna-complete-family-package-1149806
[2026-05-13T08:59:20Z] #312 attempt=1/2 status=200 0.378s url=https://www.myfonts.com/collections/sukuna-font-letternesia-studio/
[2026-05-13T08:59:20Z] #313 attempt=1/2 status=429 0.042s url=https://www.myfonts.com/products/flektura-complete-family-package-1150116
[2026-05-13T08:59:23Z] #314 attempt=2/2 status=200 0.516s url=https://www.myfonts.com/products/flektura-complete-family-package-1150116
[2026-05-13T08:59:24Z] #315 attempt=1/2 status=200 0.927s url=https://www.myfonts.com/collections/flektura-font-propertype/
[2026-05-13T08:59:25Z] #316 attempt=1/2 status=200 0.268s url=https://www.myfonts.com/products/aneatra-complete-family-package-1149519
[2026-05-13T08:59:25Z] #317 attempt=1/2 status=200 0.406s url=https://www.myfonts.com/collections/aneatra-font-ahweproject/
[2026-05-13T08:59:26Z] #318 attempt=1/2 status=200 0.271s url=https://www.myfonts.com/products/valex-complete-family-package-1149494
[2026-05-13T08:59:26Z] #319 attempt=1/2 status=200 0.383s url=https://www.myfonts.com/collections/valex-font-flavortype/
[2026-05-13T08:59:27Z] #320 attempt=1/2 status=200 0.278s url=https://www.myfonts.com/products/limit-micro-variable-concept-complete-family-package-1149728
[2026-05-13T08:59:27Z] #321 attempt=1/2 status=429 0.039s url=https://www.myfonts.com/collections/limit-micro-variable-concept-font-bold-guys/
[2026-05-13T08:59:30Z] #322 attempt=2/2 status=200 0.500s url=https://www.myfonts.com/collections/limit-micro-variable-concept-font-bold-guys/
[2026-05-13T08:59:31Z] #323 attempt=1/2 status=200 0.337s url=https://www.myfonts.com/products/velorath-complete-family-package-1149801
[2026-05-13T08:59:31Z] #324 attempt=1/2 status=200 0.424s url=https://www.myfonts.com/collections/velorath-font-mevstory-studio/
[2026-05-13T08:59:32Z] #325 attempt=1/2 status=200 0.282s url=https://www.myfonts.com/products/heart-package-1149864
[2026-05-13T08:59:32Z] #326 attempt=1/2 status=200 0.433s url=https://www.myfonts.com/collections/cereza-chocolate-font-persik-merino-arte/
[2026-05-13T08:59:33Z] #327 attempt=1/2 status=200 0.257s url=https://www.myfonts.com/products/cantilos-complete-family-package-1149481
[2026-05-13T08:59:33Z] #328 attempt=1/2 status=429 0.031s url=https://www.myfonts.com/collections/cantilos-font-artisan-themes/
[2026-05-13T08:59:36Z] #329 attempt=2/2 status=200 0.325s url=https://www.myfonts.com/collections/cantilos-font-artisan-themes/
[2026-05-13T08:59:36Z] #330 attempt=1/2 status=200 0.301s url=https://www.myfonts.com/products/under-trained-complete-family-package-1149505
[2026-05-13T08:59:37Z] #331 attempt=1/2 status=200 0.358s url=https://www.myfonts.com/collections/under-trained-font-arterfak-project/
[2026-05-13T08:59:38Z] #332 attempt=1/2 status=200 0.513s url=https://www.myfonts.com/products/nothern-sans-complete-family-package-1150264
[2026-05-13T08:59:39Z] #333 attempt=1/2 status=200 1.001s url=https://www.myfonts.com/collections/nothern-sans-font-propertype/
[2026-05-13T08:59:40Z] #334 attempt=1/2 status=200 0.236s url=https://www.myfonts.com/products/broteli-complete-family-package-1149491
[2026-05-13T08:59:40Z] #335 attempt=1/2 status=200 0.332s url=https://www.myfonts.com/collections/broteli-font-artisan-themes/
[2026-05-13T08:59:41Z] #336 attempt=1/2 status=429 0.072s url=https://www.myfonts.com/products/lebora-complete-family-package-1150051
[2026-05-13T08:59:43Z] #337 attempt=2/2 status=200 0.537s url=https://www.myfonts.com/products/lebora-complete-family-package-1150051
[2026-05-13T08:59:44Z] #338 attempt=1/2 status=200 0.759s url=https://www.myfonts.com/collections/lebora-font-propertype/
[2026-05-13T08:59:45Z] #339 attempt=1/2 status=200 0.317s url=https://www.myfonts.com/products/drose-complete-family-package-1149847
[2026-05-13T08:59:46Z] #340 attempt=1/2 status=200 0.363s url=https://www.myfonts.com/collections/drose-font-typebae/
[2026-05-13T08:59:47Z] #341 attempt=1/2 status=200 0.665s url=https://www.myfonts.com/products/degitan-complete-family-package-1149187
[2026-05-13T08:59:49Z] #342 attempt=1/2 status=200 1.990s url=https://www.myfonts.com/collections/degitan-font-propertype/
[2026-05-13T08:59:50Z] #343 attempt=1/2 status=200 0.281s url=https://www.myfonts.com/products/garlic-shine-complete-family-package-1150047
[2026-05-13T08:59:51Z] #344 attempt=1/2 status=200 0.365s url=https://www.myfonts.com/collections/garlic-shine-font-cocodesign/
[2026-05-13T08:59:51Z] #345 attempt=1/2 status=200 0.279s url=https://www.myfonts.com/products/limit-variable-concept-full-complete-family-package-1149731
[2026-05-13T08:59:52Z] #346 attempt=1/2 status=200 0.329s url=https://www.myfonts.com/collections/limit-variable-concept-full-font-bold-guys/
[2026-05-13T08:59:52Z] #347 attempt=1/2 status=200 0.242s url=https://www.myfonts.com/products/think-complete-family-package-1149721
[2026-05-13T08:59:53Z] #348 attempt=1/2 status=200 0.340s url=https://www.myfonts.com/collections/think-font-up-up-creative/
[2026-05-13T08:59:54Z] #349 attempt=1/2 status=200 0.307s url=https://www.myfonts.com/products/gaprio-display-complete-family-package-1149508
[2026-05-13T08:59:54Z] #350 attempt=1/2 status=429 0.033s url=https://www.myfonts.com/collections/gaprio-display-font-lettertype-studio/
[2026-05-13T08:59:57Z] #351 attempt=2/2 status=200 0.513s url=https://www.myfonts.com/collections/gaprio-display-font-lettertype-studio/
[2026-05-13T08:59:57Z] #352 attempt=1/2 status=200 0.331s url=https://www.myfonts.com/products/sravex-sports-complete-family-package-1149488
[2026-05-13T08:59:58Z] #353 attempt=1/2 status=200 0.410s url=https://www.myfonts.com/collections/sravex-sports-font-nirmana-visual/
[2026-05-13T08:59:59Z] #354 attempt=1/2 status=200 0.354s url=https://www.myfonts.com/products/seratonin-complete-family-package-1149485
[2026-05-13T08:59:59Z] #355 attempt=1/2 status=200 0.390s url=https://www.myfonts.com/collections/seratonin-font-artisan-themes/
[2026-05-13T08:59:59Z] #356 attempt=1/2 status=429 0.051s url=https://www.myfonts.com/products/the-popcuts-complete-family-package-1149855
[2026-05-13T09:00:02Z] #357 attempt=2/2 status=200 0.334s url=https://www.myfonts.com/products/the-popcuts-complete-family-package-1149855
[2026-05-13T09:00:03Z] #358 attempt=1/2 status=200 0.413s url=https://www.myfonts.com/collections/the-popcuts-font-get-studio/
[2026-05-13T09:00:04Z] #359 attempt=1/6 status=200 0.656s url=https://www.myfonts.com/products.json?limit=100&page=9
[2026-05-13T09:00:05Z] #360 attempt=1/2 status=200 0.566s url=https://www.myfonts.com/products/morgazine-complete-family-package-1150190
[2026-05-13T09:00:06Z] #361 attempt=1/2 status=200 0.884s url=https://www.myfonts.com/collections/morgazine-font-propertype/
[2026-05-13T09:00:07Z] #362 attempt=1/2 status=200 0.482s url=https://www.myfonts.com/products/gorvain-stencil-complete-family-package-1149388
[2026-05-13T09:00:08Z] #363 attempt=1/2 status=200 1.020s url=https://www.myfonts.com/collections/gorvain-stencil-font-keren-studio/
[2026-05-13T09:00:09Z] #364 attempt=1/2 status=200 0.371s url=https://www.myfonts.com/products/bingers-complete-family-package-1149514
[2026-05-13T09:00:10Z] #365 attempt=1/2 status=200 0.367s url=https://www.myfonts.com/collections/bingers-font-timelesstype-studio/
[2026-05-13T09:00:10Z] #366 attempt=1/2 status=200 0.304s url=https://www.myfonts.com/products/limit-display-variable-concept-complete-family-package-1149725
[2026-05-13T09:00:11Z] #367 attempt=1/2 status=200 0.401s url=https://www.myfonts.com/collections/limit-display-variable-concept-font-bold-guys/
[2026-05-13T09:00:11Z] #368 attempt=1/2 status=200 0.279s url=https://www.myfonts.com/products/hyper-squad-complete-family-package-1149852
[2026-05-13T09:00:12Z] #369 attempt=1/2 status=200 0.412s url=https://www.myfonts.com/collections/hyper-squad-font-figuree-studio/
[2026-05-13T09:00:12Z] #370 attempt=1/2 status=429 0.039s url=https://www.myfonts.com/products/cursive-holiday-complete-family-package-1149382
[2026-05-13T09:00:15Z] #371 attempt=2/2 status=200 0.475s url=https://www.myfonts.com/products/cursive-holiday-complete-family-package-1149382
[2026-05-13T09:00:16Z] #372 attempt=1/2 status=200 0.424s url=https://www.myfonts.com/collections/cursive-holiday-font-tiny-graphix/
[2026-05-13T09:00:16Z] #373 attempt=1/2 status=200 0.441s url=https://www.myfonts.com/products/grand-highland-complete-family-package-1149511
[2026-05-13T09:00:17Z] #374 attempt=1/2 status=200 0.418s url=https://www.myfonts.com/collections/grand-highland-font-timelesstype-studio/
[2026-05-13T09:00:18Z] #375 attempt=1/2 status=200 0.834s url=https://www.myfonts.com/products/fitgad-complete-family-package-1149540
[2026-05-13T09:00:20Z] #376 attempt=1/2 status=200 1.552s url=https://www.myfonts.com/collections/fitgad-font-propertype/
[2026-05-13T09:00:21Z] #377 attempt=1/2 status=200 0.456s url=https://www.myfonts.com/products/fx-wadag-complete-family-package-1149809
[2026-05-13T09:00:22Z] #378 attempt=1/2 status=200 0.725s url=https://www.myfonts.com/collections/fx-wadag-font-differentialtype/
[2026-05-13T09:00:23Z] #379 attempt=1/2 status=200 0.329s url=https://www.myfonts.com/products/old-riga-blackletter-complete-family-package-1149502
[2026-05-13T09:00:24Z] #380 attempt=1/2 status=200 0.396s url=https://www.myfonts.com/collections/old-riga-blackletter-font-kaer/
[2026-05-13T09:00:24Z] #381 attempt=1/2 status=200 0.407s url=https://www.myfonts.com/products/trivox-complete-family-package-1149497
[2026-05-13T09:00:25Z] #382 attempt=1/2 status=200 0.395s url=https://www.myfonts.com/collections/trivox-font-artisan-themes/
[2026-05-13T09:00:25Z] #383 attempt=1/2 status=200 0.299s url=https://www.myfonts.com/products/regular-lazy-moves-1149386
[2026-05-13T09:00:26Z] #384 attempt=1/2 status=200 0.271s url=https://www.myfonts.com/collections/lazy-moves-font-gassstype/
[2026-05-13T09:00:26Z] #385 attempt=1/2 status=429 0.053s url=https://www.myfonts.com/products/regular-urban-haze-1149387
[2026-05-13T09:00:29Z] #386 attempt=2/2 status=200 0.420s url=https://www.myfonts.com/products/regular-urban-haze-1149387
[2026-05-13T09:00:30Z] #387 attempt=1/2 status=200 0.359s url=https://www.myfonts.com/collections/urban-haze-font-gassstype/
[2026-05-13T09:00:31Z] #388 attempt=1/6 status=200 0.650s url=https://www.myfonts.com/products.json?limit=100&page=10
[2026-05-13T09:00:31Z] #389 attempt=1/2 status=200 0.464s url=https://www.myfonts.com/products/regular-hardpaper-1149850
[2026-05-13T09:00:32Z] #390 attempt=1/2 status=200 0.298s url=https://www.myfonts.com/collections/hardpaper-font-gatype/
[2026-05-13T09:00:33Z] #391 attempt=1/2 status=200 0.306s url=https://www.myfonts.com/products/regular-velcoro-1149531
[2026-05-13T09:00:33Z] #392 attempt=1/2 status=200 0.268s url=https://www.myfonts.com/collections/velcoro-font-rasio-studio/
[2026-05-13T09:00:33Z] #393 attempt=1/2 status=429 0.031s url=https://www.myfonts.com/products/regular-aamora-1149480
[2026-05-13T09:00:36Z] #394 attempt=2/2 status=200 0.329s url=https://www.myfonts.com/products/regular-aamora-1149480
[2026-05-13T09:00:36Z] #395 attempt=1/2 status=200 0.261s url=https://www.myfonts.com/collections/aamora-font-gassstype/
[2026-05-13T09:00:37Z] #396 attempt=1/2 status=200 0.283s url=https://www.myfonts.com/products/regular-nexoris-1149846
[2026-05-13T09:00:37Z] #397 attempt=1/2 status=200 0.255s url=https://www.myfonts.com/collections/nexoris-font-rasio-studio/
[2026-05-13T09:00:38Z] #398 attempt=1/2 status=200 0.274s url=https://www.myfonts.com/products/regular-deamor-1149800
[2026-05-13T09:00:38Z] #399 attempt=1/2 status=429 0.050s url=https://www.myfonts.com/collections/deamor-font-bilahstudio/
[2026-05-13T09:00:41Z] #400 attempt=2/2 status=200 0.412s url=https://www.myfonts.com/collections/deamor-font-bilahstudio/
[2026-05-13T09:00:42Z] #401 attempt=1/6 status=200 0.642s url=https://www.myfonts.com/products.json?limit=100&page=11
[2026-05-13T09:00:43Z] #402 attempt=1/6 status=200 0.744s url=https://www.myfonts.com/products.json?limit=100&page=12
[2026-05-13T09:00:44Z] #403 attempt=1/2 status=200 0.328s url=https://www.myfonts.com/products/regular-moduline-1149525
[2026-05-13T09:00:44Z] #404 attempt=1/2 status=200 0.259s url=https://www.myfonts.com/collections/moduline-font-vadova-std/
[2026-05-13T09:00:45Z] #405 attempt=1/2 status=200 0.300s url=https://www.myfonts.com/products/regular-onyra-1149527
[2026-05-13T09:00:45Z] #406 attempt=1/2 status=200 0.286s url=https://www.myfonts.com/collections/onyra-font-vadova-std/
[2026-05-13T09:00:47Z] #407 attempt=1/6 status=200 0.626s url=https://www.myfonts.com/products.json?limit=100&page=13
[2026-05-13T09:00:47Z] #408 attempt=1/2 status=200 0.285s url=https://www.myfonts.com/products/regular-norvold-1149526
[2026-05-13T09:00:47Z] #409 attempt=1/2 status=429 0.051s url=https://www.myfonts.com/collections/norvold-font-vadova-std/
[2026-05-13T09:00:50Z] #410 attempt=2/2 status=200 0.298s url=https://www.myfonts.com/collections/norvold-font-vadova-std/
[2026-05-13T09:00:51Z] #411 attempt=1/2 status=200 0.280s url=https://www.myfonts.com/products/regular-dusk-fortwick-1149385
[2026-05-13T09:00:51Z] #412 attempt=1/2 status=200 0.277s url=https://www.myfonts.com/collections/dusk-fortwick-font-letterhanna-studio/
[2026-05-13T09:00:52Z] #413 attempt=1/2 status=200 0.415s url=https://www.myfonts.com/products/compressed-black-forley-display-1149750
[2026-05-13T09:00:53Z] #414 attempt=1/2 status=200 0.903s url=https://www.myfonts.com/collections/forley-display-font-monotype-imaging/
[2026-05-13T09:00:54Z] #415 attempt=1/6 status=200 0.682s url=https://www.myfonts.com/products.json?limit=100&page=14
[2026-05-13T09:00:55Z] #416 attempt=1/2 status=200 0.297s url=https://www.myfonts.com/products/regular-aexiron-1149532
[2026-05-13T09:00:55Z] #417 attempt=1/2 status=200 0.270s url=https://www.myfonts.com/collections/aexiron-font-rasio-studio/
[2026-05-13T09:00:56Z] #418 attempt=1/2 status=200 0.308s url=https://www.myfonts.com/products/regular-jagged-spur-1149518
[2026-05-13T09:00:56Z] #419 attempt=1/2 status=429 0.037s url=https://www.myfonts.com/collections/jagged-spur-font-vadova-std/
[2026-05-13T09:00:59Z] #420 attempt=2/2 status=200 0.449s url=https://www.myfonts.com/collections/jagged-spur-font-vadova-std/
[2026-05-13T09:00:59Z] #421 attempt=1/2 status=200 0.273s url=https://www.myfonts.com/products/regular-sunbaked-1149524
[2026-05-13T09:01:00Z] #422 attempt=1/2 status=200 0.425s url=https://www.myfonts.com/collections/sunbaked-font-vadova-std/
[2026-05-13T09:01:01Z] #423 attempt=1/2 status=200 0.288s url=https://www.myfonts.com/products/regular-nichol-1149517
[2026-05-13T09:01:01Z] #424 attempt=1/2 status=200 0.319s url=https://www.myfonts.com/collections/nichol-font-limitype/
[2026-05-13T09:01:02Z] #425 attempt=1/6 status=200 0.653s url=https://www.myfonts.com/products.json?limit=100&page=15
[2026-05-13T09:01:03Z] #426 attempt=1/2 status=200 0.327s url=https://www.myfonts.com/products/regular-quoin-1149530
[2026-05-13T09:01:03Z] #427 attempt=1/2 status=200 0.324s url=https://www.myfonts.com/collections/quoin-font-rasio-studio/
[2026-05-13T09:01:05Z] #428 attempt=1/6 status=200 0.699s url=https://www.myfonts.com/products.json?limit=100&page=16
[2026-05-13T09:01:05Z] #429 attempt=1/2 status=200 0.326s url=https://www.myfonts.com/products/regular-grove-peach-1149858
[2026-05-13T09:01:06Z] #430 attempt=1/2 status=429 0.042s url=https://www.myfonts.com/collections/grove-peach-font-typoraith-co/
[2026-05-13T09:01:08Z] #431 attempt=2/2 status=200 0.353s url=https://www.myfonts.com/collections/grove-peach-font-typoraith-co/
[2026-05-13T09:01:09Z] #432 attempt=1/2 status=200 0.322s url=https://www.myfonts.com/products/regular-envolt-1149533
[2026-05-13T09:01:09Z] #433 attempt=1/2 status=200 0.295s url=https://www.myfonts.com/collections/envolt-font-rasio-studio/
[2026-05-13T09:01:11Z] #434 attempt=1/6 status=200 0.916s url=https://www.myfonts.com/products.json?limit=100&page=17
[2026-05-13T09:01:11Z] #435 attempt=1/2 status=200 0.267s url=https://www.myfonts.com/products/regular-armora-gallery-1149799
[2026-05-13T09:01:12Z] #436 attempt=1/2 status=200 0.422s url=https://www.myfonts.com/collections/armora-gallery-font-vampstudio/
[2026-05-13T09:01:13Z] #437 attempt=1/2 status=200 0.339s url=https://www.myfonts.com/products/regular-carhane-1149528
[2026-05-13T09:01:13Z] #438 attempt=1/2 status=200 0.275s url=https://www.myfonts.com/collections/carhane-font-vadova-std/
[2026-05-13T09:01:14Z] #439 attempt=1/6 status=429 0.044s url=https://www.myfonts.com/products.json?limit=100&page=18
[2026-05-13T09:01:17Z] #440 attempt=2/6 status=200 0.721s url=https://www.myfonts.com/products.json?limit=100&page=18
[2026-05-13T09:01:17Z] #441 attempt=1/2 status=200 0.295s url=https://www.myfonts.com/products/regular-evorine-1149529
[2026-05-13T09:01:18Z] #442 attempt=1/2 status=200 0.280s url=https://www.myfonts.com/collections/evorine-font-letterhend/
[2026-05-13T09:01:19Z] #443 attempt=1/6 status=200 0.630s url=https://www.myfonts.com/products.json?limit=100&page=19
[2026-05-13T09:01:20Z] #444 attempt=1/2 status=200 0.343s url=https://www.myfonts.com/products/bold-beyond-sunrise-1149851
[2026-05-13T09:01:20Z] #445 attempt=1/2 status=200 0.288s url=https://www.myfonts.com/collections/beyond-sunrise-font-olivetype/
[2026-05-13T09:01:21Z] #446 attempt=1/2 status=200 0.262s url=https://www.myfonts.com/products/regular-magic-display-1149859
[2026-05-13T09:01:21Z] #447 attempt=1/2 status=200 0.350s url=https://www.myfonts.com/collections/magic-display-font-typoraith-co/
[2026-05-13T09:01:22Z] #448 attempt=1/2 status=429 0.054s url=https://www.myfonts.com/products/the-modern-collection-calligraphy-font-bundle-package-1150050
[2026-05-13T09:01:25Z] #449 attempt=2/2 status=200 1.174s url=https://www.myfonts.com/products/the-modern-collection-calligraphy-font-bundle-package-1150050
[2026-05-13T09:01:25Z] #450 attempt=1/2 status=404 0.179s url=https://www.myfonts.com/collections/the-modern-collection-calligraphy-font-bundle-font-hrz-studio
[2026-05-13T09:01:26Z] #451 attempt=1/2 status=200 0.324s url=https://www.myfonts.com/products/swash-arthein-1150404
[2026-05-13T09:01:27Z] #452 attempt=1/2 status=200 0.438s url=https://www.myfonts.com/collections/arthein-font-sibelumpagi/
[2026-05-13T09:01:27Z] #453 attempt=1/2 status=200 0.376s url=https://www.myfonts.com/products/rasa-sans-complete-family-package-1148849
[2026-05-13T09:01:28Z] #454 attempt=1/2 status=200 0.901s url=https://www.myfonts.com/collections/rasa-sans-font-typerasa/
[2026-05-13T09:01:29Z] #455 attempt=1/2 status=200 0.282s url=https://www.myfonts.com/products/antonia-morben-complete-family-package-1148925
[2026-05-13T09:01:30Z] #456 attempt=1/2 status=200 0.392s url=https://www.myfonts.com/collections/antonia-morben-font-logic-type/
[2026-05-13T09:01:30Z] #457 attempt=1/2 status=429 0.044s url=https://www.myfonts.com/products/upright-package-1148892
[2026-05-13T09:01:33Z] #458 attempt=2/2 status=200 0.412s url=https://www.myfonts.com/products/upright-package-1148892
[2026-05-13T09:01:34Z] #459 attempt=1/2 status=200 1.110s url=https://www.myfonts.com/collections/panasea-font-skinny-type/
[2026-05-13T09:01:35Z] #460 attempt=1/2 status=200 0.340s url=https://www.myfonts.com/products/bagion-complete-family-package-1148743
[2026-05-13T09:01:35Z] #461 attempt=1/2 status=200 0.464s url=https://www.myfonts.com/collections/bagion-font-pandeka-studio/
[2026-05-13T09:01:36Z] #462 attempt=1/2 status=200 0.471s url=https://www.myfonts.com/products/selmora-complete-family-package-1149119
[2026-05-13T09:01:37Z] #463 attempt=1/2 status=200 0.778s url=https://www.myfonts.com/collections/selmora-font-stripes-studio/
[2026-05-13T09:01:38Z] #464 attempt=1/2 status=200 0.678s url=https://www.myfonts.com/products/the-stripes-editorial-complete-family-package-1149006
[2026-05-13T09:01:40Z] #465 attempt=1/2 status=200 1.220s url=https://www.myfonts.com/collections/the-stripes-editorial-font-stripes-studio/
[2026-05-13T09:01:41Z] #466 attempt=1/6 status=200 0.617s url=https://www.myfonts.com/products.json?limit=100&page=20
[2026-05-13T09:01:42Z] #467 attempt=1/2 status=200 0.375s url=https://www.myfonts.com/products/souvenir-notes-complete-family-package-1148901
[2026-05-13T09:01:43Z] #468 attempt=1/2 status=200 0.455s url=https://www.myfonts.com/collections/souvenir-notes-font-sarid-ezra/
[2026-05-13T09:01:43Z] #469 attempt=1/2 status=200 0.301s url=https://www.myfonts.com/products/lather-complete-family-package-1148909
[2026-05-13T09:01:44Z] #470 attempt=1/2 status=200 0.453s url=https://www.myfonts.com/collections/lather-font-kangfont-studio/
[2026-05-13T09:01:44Z] #471 attempt=1/2 status=200 0.295s url=https://www.myfonts.com/products/proun-complete-family-package-1148798
[2026-05-13T09:01:45Z] #472 attempt=1/2 status=200 0.458s url=https://www.myfonts.com/collections/proun-font-paratype/
[2026-05-13T09:01:46Z] #473 attempt=1/2 status=200 0.430s url=https://www.myfonts.com/products/forley-complete-family-package-1148800
[2026-05-13T09:01:46Z] #474 attempt=1/2 status=429 0.044s url=https://www.myfonts.com/collections/forley-font-monotype-imaging/
[2026-05-13T09:01:49Z] #475 attempt=2/2 status=200 0.764s url=https://www.myfonts.com/collections/forley-font-monotype-imaging/
[2026-05-13T09:01:50Z] #476 attempt=1/2 status=200 0.379s url=https://www.myfonts.com/products/effidhem-mevagen-complete-family-package-1148924
[2026-05-13T09:01:51Z] #477 attempt=1/2 status=200 0.599s url=https://www.myfonts.com/collections/effidhem-mevagen-font-logic-type/
[2026-05-13T09:01:51Z] #478 attempt=1/2 status=200 0.372s url=https://www.myfonts.com/products/dzakiyah-complete-family-package-1148905
[2026-05-13T09:01:52Z] #479 attempt=1/2 status=200 0.398s url=https://www.myfonts.com/collections/dzakiyah-font-made-deduk/
[2026-05-13T09:01:53Z] #480 attempt=1/2 status=200 0.347s url=https://www.myfonts.com/products/petersburg-complete-family-package-1148794
[2026-05-13T09:01:53Z] #481 attempt=1/2 status=200 0.411s url=https://www.myfonts.com/collections/petersburg-font-paratype/
[2026-05-13T09:01:54Z] #482 attempt=1/2 status=200 0.327s url=https://www.myfonts.com/products/engravers-2-complete-family-package-1148795
[2026-05-13T09:01:54Z] #483 attempt=1/2 status=429 0.043s url=https://www.myfonts.com/collections/engravers-2-font-linotype/
[2026-05-13T09:01:57Z] #484 attempt=2/2 status=200 0.631s url=https://www.myfonts.com/collections/engravers-2-font-linotype/
[2026-05-13T09:01:58Z] #485 attempt=1/2 status=200 0.325s url=https://www.myfonts.com/products/quadrat-grotesk-new-complete-family-package-1148799
[2026-05-13T09:01:58Z] #486 attempt=1/2 status=200 0.428s url=https://www.myfonts.com/collections/quadrat-grotesk-new-font-paratype/
[2026-05-13T09:01:59Z] #487 attempt=1/2 status=200 0.565s url=https://www.myfonts.com/products/rettisha-complete-family-package-1148948
[2026-05-13T09:02:00Z] #488 attempt=1/2 status=200 0.768s url=https://www.myfonts.com/collections/rettisha-font-stripes-studio/
[2026-05-13T09:02:01Z] #489 attempt=1/2 status=200 0.373s url=https://www.myfonts.com/products/cattalone-complete-family-package-1148913
[2026-05-13T09:02:02Z] #490 attempt=1/2 status=200 0.389s url=https://www.myfonts.com/collections/cattalone-font-letterena-studios/
[2026-05-13T09:02:02Z] #491 attempt=1/2 status=200 0.320s url=https://www.myfonts.com/products/rougho-complete-family-package-1148894
[2026-05-13T09:02:03Z] #492 attempt=1/2 status=429 0.041s url=https://www.myfonts.com/collections/rougho-font-sekyra-lab/
[2026-05-13T09:02:05Z] #493 attempt=2/2 status=200 0.501s url=https://www.myfonts.com/collections/rougho-font-sekyra-lab/
[2026-05-13T09:02:06Z] #494 attempt=1/2 status=200 0.294s url=https://www.myfonts.com/products/regular-remara-1148936
[2026-05-13T09:02:06Z] #495 attempt=1/2 status=200 0.255s url=https://www.myfonts.com/collections/remara-font-rasio-studio/
[2026-05-13T09:02:07Z] #496 attempt=1/2 status=200 0.277s url=https://www.myfonts.com/products/script-cinema-tape-cyrillic-1148947
[2026-05-13T09:02:07Z] #497 attempt=1/2 status=200 0.301s url=https://www.myfonts.com/collections/cinema-tape-cyrillic-font-ira-dvilyuk/
[2026-05-13T09:02:08Z] #498 attempt=1/2 status=200 0.282s url=https://www.myfonts.com/products/regular-kactigona-1148918
[2026-05-13T09:02:08Z] #499 attempt=1/2 status=429 0.031s url=https://www.myfonts.com/collections/kactigona-font-basnistudio/
[2026-05-13T09:02:11Z] #500 attempt=2/2 status=200 0.308s url=https://www.myfonts.com/collections/kactigona-font-basnistudio/
[2026-05-13T09:02:11Z] #501 attempt=1/2 status=200 0.283s url=https://www.myfonts.com/products/regular-hizba-1148919
[2026-05-13T09:02:12Z] #502 attempt=1/2 status=200 0.236s url=https://www.myfonts.com/collections/hizba-font-kangfont-studio/
[2026-05-13T09:02:12Z] #503 attempt=1/2 status=200 0.244s url=https://www.myfonts.com/products/regular-dreamy-garden-1148876
[2026-05-13T09:02:13Z] #504 attempt=1/2 status=429 0.069s url=https://www.myfonts.com/collections/dreamy-garden-font-timurtype/
[2026-05-13T09:02:15Z] #505 attempt=2/2 status=200 0.283s url=https://www.myfonts.com/collections/dreamy-garden-font-timurtype/
[2026-05-13T09:02:16Z] #506 attempt=1/6 status=200 0.615s url=https://www.myfonts.com/products.json?limit=100&page=21
[2026-05-13T09:02:17Z] #507 attempt=1/2 status=200 0.252s url=https://www.myfonts.com/products/regular-matchtime-1148917
[2026-05-13T09:02:17Z] #508 attempt=1/2 status=200 0.247s url=https://www.myfonts.com/collections/matchtime-font-sixtype-foundry/
[2026-05-13T09:02:18Z] #509 attempt=1/2 status=200 0.257s url=https://www.myfonts.com/products/regular-hob-snob-1148875
[2026-05-13T09:02:18Z] #510 attempt=1/2 status=200 0.246s url=https://www.myfonts.com/collections/hob-snob-font-wearecolt/
[2026-05-13T09:02:19Z] #511 attempt=1/2 status=429 0.047s url=https://www.myfonts.com/products/regular-gravtune-1148746
[2026-05-13T09:02:21Z] #512 attempt=2/2 status=200 0.299s url=https://www.myfonts.com/products/regular-gravtune-1148746
[2026-05-13T09:02:22Z] #513 attempt=1/2 status=200 0.283s url=https://www.myfonts.com/collections/gravtune-font-kangfont-studio/
[2026-05-13T09:02:23Z] #514 attempt=1/6 status=200 0.696s url=https://www.myfonts.com/products.json?limit=100&page=22
[2026-05-13T09:02:23Z] #515 attempt=1/2 status=200 0.260s url=https://www.myfonts.com/products/regular-rocstaine-1148912
[2026-05-13T09:02:24Z] #516 attempt=1/2 status=200 0.360s url=https://www.myfonts.com/collections/rocstaine-font-basnistudio/
[2026-05-13T09:02:24Z] #517 attempt=1/2 status=200 0.289s url=https://www.myfonts.com/products/regular-bongstand-1148908
[2026-05-13T09:02:25Z] #518 attempt=1/2 status=429 0.065s url=https://www.myfonts.com/collections/bongstand-font-basnistudio/
[2026-05-13T09:02:27Z] #519 attempt=2/2 status=200 0.210s url=https://www.myfonts.com/collections/bongstand-font-basnistudio/
[2026-05-13T09:02:28Z] #520 attempt=1/2 status=200 0.273s url=https://www.myfonts.com/products/regular-swooch-1148916
[2026-05-13T09:02:28Z] #521 attempt=1/2 status=200 0.262s url=https://www.myfonts.com/collections/swooch-font-sixtype-foundry/
[2026-05-13T09:02:29Z] #522 attempt=1/2 status=200 0.276s url=https://www.myfonts.com/products/regular-prime-mover-1012237
[2026-05-13T09:02:29Z] #523 attempt=1/2 status=429 0.052s url=https://www.myfonts.com/collections/prime-mover-font-ldn-surface-co/
[2026-05-13T09:02:32Z] #524 attempt=2/2 status=200 0.353s url=https://www.myfonts.com/collections/prime-mover-font-ldn-surface-co/
[2026-05-13T09:02:32Z] #525 attempt=1/2 status=200 0.325s url=https://www.myfonts.com/products/regular-nebal-1148921
[2026-05-13T09:02:33Z] #526 attempt=1/2 status=200 0.288s url=https://www.myfonts.com/collections/nebal-font-linecreative/
[2026-05-13T09:02:33Z] #527 attempt=1/2 status=200 0.369s url=https://www.myfonts.com/products/regular-remosca-1148923
[2026-05-13T09:02:34Z] #528 attempt=1/2 status=200 0.283s url=https://www.myfonts.com/collections/remosca-font-sixtype-foundry/
[2026-05-13T09:02:34Z] #529 attempt=1/2 status=200 0.318s url=https://www.myfonts.com/products/regular-soulrise-1148742
[2026-05-13T09:02:35Z] #530 attempt=1/2 status=429 0.037s url=https://www.myfonts.com/collections/soulrise-font-eko-bimantara/
[2026-05-13T09:02:37Z] #531 attempt=2/2 status=200 0.324s url=https://www.myfonts.com/collections/soulrise-font-eko-bimantara/
[2026-05-13T09:02:38Z] #532 attempt=1/2 status=200 0.299s url=https://www.myfonts.com/products/regular-mrskrepka-1148922
[2026-05-13T09:02:38Z] #533 attempt=1/2 status=200 0.265s url=https://www.myfonts.com/collections/mrskrepka-font-shapovalov-fonts/
[2026-05-13T09:02:40Z] #534 attempt=1/6 status=200 0.635s url=https://www.myfonts.com/products.json?limit=100&page=23
[2026-05-13T09:02:40Z] #535 attempt=1/2 status=200 0.276s url=https://www.myfonts.com/products/regular-aesthetic-rigelsia-1148920
[2026-05-13T09:02:41Z] #536 attempt=1/2 status=200 0.321s url=https://www.myfonts.com/collections/aesthetic-rigelsia-font-letterhanna-studio/
[2026-05-13T09:02:41Z] #537 attempt=1/2 status=429 0.040s url=https://www.myfonts.com/products/regular-doghy-1148874
[2026-05-13T09:02:43Z] #538 attempt=2/2 status=200 0.354s url=https://www.myfonts.com/products/regular-doghy-1148874
[2026-05-13T09:02:44Z] #539 attempt=1/2 status=200 0.279s url=https://www.myfonts.com/collections/doghy-font-rar-typeworks/
[2026-05-13T09:02:45Z] #540 attempt=1/2 status=200 0.625s url=https://www.myfonts.com/products/xcm-thin-limit-text-1148489
[2026-05-13T09:02:46Z] #541 attempt=1/2 status=200 1.165s url=https://www.myfonts.com/collections/limit-text-font-bold-guys/
[2026-05-13T09:02:48Z] #542 attempt=1/2 status=200 1.594s url=https://www.myfonts.com/products/round-bold-julima-1148193
[2026-05-13T09:02:51Z] #543 attempt=1/2 status=200 1.915s url=https://www.myfonts.com/collections/julima-font-akbartype/
[2026-05-13T09:02:52Z] #544 attempt=1/2 status=200 0.436s url=https://www.myfonts.com/products/black-limit-frwy-1148483
[2026-05-13T09:02:53Z] #545 attempt=1/2 status=200 0.952s url=https://www.myfonts.com/collections/limit-frwy-font-bold-guys/
[2026-05-13T09:02:54Z] #546 attempt=1/2 status=200 0.378s url=https://www.myfonts.com/products/extra-black-italic-novel-display-1148421
[2026-05-13T09:02:55Z] #547 attempt=1/2 status=200 0.377s url=https://www.myfonts.com/collections/novel-display-font-atlasfontfoundry/
[2026-05-13T09:02:55Z] #548 attempt=1/2 status=200 0.360s url=https://www.myfonts.com/products/bold-glamure-mono-1148382
[2026-05-13T09:02:56Z] #549 attempt=1/2 status=200 0.434s url=https://www.myfonts.com/collections/glamure-mono-font-fauzistudio/
[2026-05-13T09:02:57Z] #550 attempt=1/2 status=200 0.939s url=https://www.myfonts.com/products/black-semi-expanded-ethically-serif-1148349
[2026-05-13T09:02:59Z] #551 attempt=1/2 status=200 0.935s url=https://www.myfonts.com/collections/ethically-serif-font-romie-creative/
[2026-05-13T09:02:59Z] #552 attempt=1/2 status=200 0.307s url=https://www.myfonts.com/products/outline-3x5-1148651
[2026-05-13T09:03:00Z] #553 attempt=1/2 status=200 0.260s url=https://www.myfonts.com/collections/3x5-font-k-type/
[2026-05-13T09:03:01Z] #554 attempt=1/6 status=200 0.635s url=https://www.myfonts.com/products.json?limit=100&page=24
[2026-05-13T09:03:02Z] #555 attempt=1/2 status=200 0.323s url=https://www.myfonts.com/products/bold-italic-shree-punjabi-1760-1147744
[2026-05-13T09:03:02Z] #556 attempt=1/2 status=200 0.424s url=https://www.myfonts.com/collections/shree-punjabi-1760-font-modularinfotech/
[2026-05-13T09:03:03Z] #557 attempt=1/2 status=200 0.161s url=https://www.myfonts.com/collections/shree-punjabi-1760-font-modularinfotech/
[2026-05-13T09:03:03Z] #558 attempt=1/2 status=200 0.310s url=https://www.myfonts.com/products/bold-shree-punjabi-0955-1147693
[2026-05-13T09:03:04Z] #559 attempt=1/2 status=200 0.402s url=https://www.myfonts.com/collections/shree-punjabi-0955-font-modularinfotech/
[2026-05-13T09:03:04Z] #560 attempt=1/2 status=200 0.154s url=https://www.myfonts.com/collections/shree-punjabi-0955-font-modularinfotech/
[2026-05-13T09:03:05Z] #561 attempt=1/2 status=429 0.050s url=https://www.myfonts.com/products/bold-shree-punjabi-1757-1147679
[2026-05-13T09:03:07Z] #562 attempt=2/2 status=200 0.428s url=https://www.myfonts.com/products/bold-shree-punjabi-1757-1147679
[2026-05-13T09:03:08Z] #563 attempt=1/2 status=200 0.450s url=https://www.myfonts.com/collections/shree-punjabi-1757-font-modularinfotech/
[2026-05-13T09:03:09Z] #564 attempt=1/2 status=200 0.296s url=https://www.myfonts.com/collections/shree-punjabi-1757-font-modularinfotech/
[2026-05-13T09:03:09Z] #565 attempt=1/2 status=200 0.312s url=https://www.myfonts.com/products/italic-shree-punjabi-1750-1147675
[2026-05-13T09:03:10Z] #566 attempt=1/2 status=200 0.370s url=https://www.myfonts.com/collections/shree-punjabi-1750-font-modularinfotech/
[2026-05-13T09:03:10Z] #567 attempt=1/2 status=200 0.156s url=https://www.myfonts.com/collections/shree-punjabi-1750-font-modularinfotech/
[2026-05-13T09:03:11Z] #568 attempt=1/2 status=429 0.056s url=https://www.myfonts.com/products/regular-shree-punjabi-1778-1147662
[2026-05-13T09:03:13Z] #569 attempt=2/2 status=200 0.368s url=https://www.myfonts.com/products/regular-shree-punjabi-1778-1147662
[2026-05-13T09:03:14Z] #570 attempt=1/2 status=200 0.341s url=https://www.myfonts.com/collections/shree-punjabi-1778-font-modularinfotech/
[2026-05-13T09:03:14Z] #571 attempt=1/2 status=200 0.138s url=https://www.myfonts.com/collections/shree-punjabi-1778-font-modularinfotech/
[2026-05-13T09:03:15Z] #572 attempt=1/2 status=200 0.286s url=https://www.myfonts.com/products/italic-shree-punjabi-3109-1147625
[2026-05-13T09:03:15Z] #573 attempt=1/2 status=429 0.030s url=https://www.myfonts.com/collections/shree-punjabi-3109-font-modularinfotech/
[2026-05-13T09:03:18Z] #574 attempt=2/2 status=200 0.447s url=https://www.myfonts.com/collections/shree-punjabi-3109-font-modularinfotech/
[2026-05-13T09:03:18Z] #575 attempt=1/2 status=200 0.172s url=https://www.myfonts.com/collections/shree-punjabi-3109-font-modularinfotech/
[2026-05-13T09:03:19Z] #576 attempt=1/2 status=200 0.306s url=https://www.myfonts.com/products/italic-shree-punjabi-1782-1147611
[2026-05-13T09:03:19Z] #577 attempt=1/2 status=200 0.382s url=https://www.myfonts.com/collections/shree-punjabi-1782-font-modularinfotech/
[2026-05-13T09:03:20Z] #578 attempt=1/2 status=200 0.168s url=https://www.myfonts.com/collections/shree-punjabi-1782-font-modularinfotech/
[2026-05-13T09:03:20Z] #579 attempt=1/2 status=429 0.058s url=https://www.myfonts.com/products/italic-shree-punjabi-1798-1147608
[2026-05-13T09:03:23Z] #580 attempt=2/2 status=200 0.368s url=https://www.myfonts.com/products/italic-shree-punjabi-1798-1147608
[2026-05-13T09:03:23Z] #581 attempt=1/2 status=200 0.375s url=https://www.myfonts.com/collections/shree-punjabi-1798-font-modularinfotech/
[2026-05-13T09:03:24Z] #582 attempt=1/2 status=200 0.152s url=https://www.myfonts.com/collections/shree-punjabi-1798-font-modularinfotech/
[2026-05-13T09:03:24Z] #583 attempt=1/2 status=200 0.293s url=https://www.myfonts.com/products/icon-kids-school-1147530
[2026-05-13T09:03:24Z] #584 attempt=1/2 status=429 0.032s url=https://www.myfonts.com/collections/kids-school-font-sensatype-studio/
[2026-05-13T09:03:27Z] #585 attempt=2/2 status=200 0.502s url=https://www.myfonts.com/collections/kids-school-font-sensatype-studio/
[2026-05-13T09:03:28Z] #586 attempt=1/2 status=200 0.350s url=https://www.myfonts.com/products/rnd-inner-citizen-1148015
[2026-05-13T09:03:28Z] #587 attempt=1/2 status=200 0.425s url=https://www.myfonts.com/collections/citizen-font-marcin-regucki/
[2026-05-13T09:03:30Z] #588 attempt=1/2 status=200 1.379s url=https://www.myfonts.com/products/aukim-ii-regular-aukim-ii-shape-1147761
[2026-05-13T09:03:32Z] #589 attempt=1/2 status=200 2.072s url=https://www.myfonts.com/collections/aukim-ii-shape-font-aukimvisuel/
[2026-05-13T09:03:34Z] #590 attempt=1/2 status=200 0.291s url=https://www.myfonts.com/products/italic-shree-punjabi-1785-1147753
[2026-05-13T09:03:34Z] #591 attempt=1/2 status=200 0.368s url=https://www.myfonts.com/collections/shree-punjabi-1785-font-modularinfotech/
[2026-05-13T09:03:35Z] #592 attempt=1/2 status=200 0.165s url=https://www.myfonts.com/collections/shree-punjabi-1785-font-modularinfotech/
[2026-05-13T09:03:35Z] #593 attempt=1/2 status=200 0.326s url=https://www.myfonts.com/products/medium-italic-shree-punjabi-3173-1147717
[2026-05-13T09:03:36Z] #594 attempt=1/2 status=200 0.507s url=https://www.myfonts.com/collections/shree-punjabi-3173-font-modularinfotech/
[2026-05-13T09:03:37Z] #595 attempt=1/2 status=200 0.332s url=https://www.myfonts.com/products/regular-shree-punjabi-5807-1147702
[2026-05-13T09:03:37Z] #596 attempt=1/2 status=200 0.383s url=https://www.myfonts.com/collections/shree-punjabi-5807-font-modularinfotech/
[2026-05-13T09:03:38Z] #597 attempt=1/2 status=200 0.319s url=https://www.myfonts.com/products/regular-shree-punjabi-3119-1147668
[2026-05-13T09:03:38Z] #598 attempt=1/2 status=429 0.064s url=https://www.myfonts.com/collections/shree-punjabi-3119-font-modularinfotech/
[2026-05-13T09:03:41Z] #599 attempt=2/2 status=200 0.394s url=https://www.myfonts.com/collections/shree-punjabi-3119-font-modularinfotech/
[2026-05-13T09:03:41Z] #600 attempt=1/2 status=200 0.183s url=https://www.myfonts.com/collections/shree-punjabi-3119-font-modularinfotech/
[2026-05-13T09:03:42Z] #601 attempt=1/2 status=200 0.342s url=https://www.myfonts.com/products/medium-italic-shree-punjabi-3187-1147653
[2026-05-13T09:03:43Z] #602 attempt=1/2 status=200 0.460s url=https://www.myfonts.com/collections/shree-punjabi-3187-font-modularinfotech/
[2026-05-13T09:03:43Z] #603 attempt=1/2 status=200 0.324s url=https://www.myfonts.com/products/italic-shree-punjabi-5800-1147728
[2026-05-13T09:03:44Z] #604 attempt=1/2 status=429 0.047s url=https://www.myfonts.com/collections/shree-punjabi-5800-font-modularinfotech/
[2026-05-13T09:03:46Z] #605 attempt=2/2 status=200 0.492s url=https://www.myfonts.com/collections/shree-punjabi-5800-font-modularinfotech/
[2026-05-13T09:03:47Z] #606 attempt=1/6 status=200 0.605s url=https://www.myfonts.com/products.json?limit=100&page=25
[2026-05-13T09:03:48Z] #607 attempt=1/2 status=200 0.347s url=https://www.myfonts.com/products/italic-shree-punjabi-1791-1147602
[2026-05-13T09:03:49Z] #608 attempt=1/2 status=200 0.403s url=https://www.myfonts.com/collections/shree-punjabi-1791-font-modularinfotech/
[2026-05-13T09:03:49Z] #609 attempt=1/2 status=200 0.167s url=https://www.myfonts.com/collections/shree-punjabi-1791-font-modularinfotech/
[2026-05-13T09:03:50Z] #610 attempt=1/2 status=200 0.347s url=https://www.myfonts.com/products/regular-shree-punjabi-3121-1147732
[2026-05-13T09:03:50Z] #611 attempt=1/2 status=429 0.048s url=https://www.myfonts.com/collections/shree-punjabi-3121-font-modularinfotech/
[2026-05-13T09:03:53Z] #612 attempt=2/2 status=200 0.464s url=https://www.myfonts.com/collections/shree-punjabi-3121-font-modularinfotech/
[2026-05-13T09:03:53Z] #613 attempt=1/2 status=200 0.317s url=https://www.myfonts.com/products/italic-shree-punjabi-1753-1147750
[2026-05-13T09:03:54Z] #614 attempt=1/2 status=200 0.472s url=https://www.myfonts.com/collections/shree-punjabi-1753-font-modularinfotech/
[2026-05-13T09:03:54Z] #615 attempt=1/2 status=200 0.151s url=https://www.myfonts.com/collections/shree-punjabi-1753-font-modularinfotech/
[2026-05-13T09:03:55Z] #616 attempt=1/2 status=200 0.326s url=https://www.myfonts.com/products/regular-shree-punjabi-1755-1147696
[2026-05-13T09:03:55Z] #617 attempt=1/2 status=429 0.032s url=https://www.myfonts.com/collections/shree-punjabi-1755-font-modularinfotech/
[2026-05-13T09:03:58Z] #618 attempt=2/2 status=200 0.426s url=https://www.myfonts.com/collections/shree-punjabi-1755-font-modularinfotech/
[2026-05-13T09:03:58Z] #619 attempt=1/2 status=200 0.152s url=https://www.myfonts.com/collections/shree-punjabi-1755-font-modularinfotech/
[2026-05-13T09:03:59Z] #620 attempt=1/2 status=200 0.315s url=https://www.myfonts.com/products/regular-shree-punjabi-1788-1147746
[2026-05-13T09:04:00Z] #621 attempt=1/2 status=200 0.396s url=https://www.myfonts.com/collections/shree-punjabi-1788-font-modularinfotech/
[2026-05-13T09:04:00Z] #622 attempt=1/2 status=200 0.159s url=https://www.myfonts.com/collections/shree-punjabi-1788-font-modularinfotech/
[2026-05-13T09:04:00Z] #623 attempt=1/2 status=429 0.049s url=https://www.myfonts.com/products/italic-shree-punjabi-1789-1147689
[2026-05-13T09:04:03Z] #624 attempt=2/2 status=200 0.369s url=https://www.myfonts.com/products/italic-shree-punjabi-1789-1147689
[2026-05-13T09:04:03Z] #625 attempt=1/2 status=200 0.347s url=https://www.myfonts.com/collections/shree-punjabi-1789-font-modularinfotech/
[2026-05-13T09:04:04Z] #626 attempt=1/2 status=200 0.160s url=https://www.myfonts.com/collections/shree-punjabi-1789-font-modularinfotech/
[2026-05-13T09:04:05Z] #627 attempt=1/2 status=200 0.379s url=https://www.myfonts.com/products/italic-shree-punjabi-1764-1147666
[2026-05-13T09:04:05Z] #628 attempt=1/2 status=200 0.409s url=https://www.myfonts.com/collections/shree-punjabi-1764-font-modularinfotech/
[2026-05-13T09:04:05Z] #629 attempt=1/2 status=429 0.039s url=https://www.myfonts.com/collections/shree-punjabi-1764-font-modularinfotech/
[2026-05-13T09:04:08Z] #630 attempt=2/2 status=200 0.198s url=https://www.myfonts.com/collections/shree-punjabi-1764-font-modularinfotech/
[2026-05-13T09:04:08Z] #631 attempt=1/2 status=200 0.310s url=https://www.myfonts.com/products/regular-shree-punjabi-3140-1147705
[2026-05-13T09:04:09Z] #632 attempt=1/2 status=200 0.363s url=https://www.myfonts.com/collections/shree-punjabi-3140-font-modularinfotech/
[2026-05-13T09:04:10Z] #633 attempt=1/2 status=200 0.383s url=https://www.myfonts.com/products/bold-italic-shree-punjabi-3128-1147632
[2026-05-13T09:04:10Z] #634 attempt=1/2 status=200 0.409s url=https://www.myfonts.com/collections/shree-punjabi-3128-font-modularinfotech/
[2026-05-13T09:04:11Z] #635 attempt=1/2 status=200 0.355s url=https://www.myfonts.com/products/regular-shree-punjabi-3104-1147682
[2026-05-13T09:04:11Z] #636 attempt=1/2 status=429 0.037s url=https://www.myfonts.com/collections/shree-punjabi-3104-font-modularinfotech/
[2026-05-13T09:04:14Z] #637 attempt=2/2 status=200 0.493s url=https://www.myfonts.com/collections/shree-punjabi-3104-font-modularinfotech/
[2026-05-13T09:04:14Z] #638 attempt=1/2 status=200 0.142s url=https://www.myfonts.com/collections/shree-punjabi-3104-font-modularinfotech/
[2026-05-13T09:04:15Z] #639 attempt=1/2 status=200 0.348s url=https://www.myfonts.com/products/black-italic-shree-punjabi-0951-1147648
[2026-05-13T09:04:16Z] #640 attempt=1/2 status=200 0.400s url=https://www.myfonts.com/collections/shree-punjabi-0951-font-modularinfotech/
[2026-05-13T09:04:16Z] #641 attempt=1/2 status=200 0.181s url=https://www.myfonts.com/collections/shree-punjabi-0951-font-modularinfotech/
[2026-05-13T09:04:16Z] #642 attempt=1/2 status=429 0.048s url=https://www.myfonts.com/products/italic-shree-punjabi-3112-1147596
[2026-05-13T09:04:19Z] #643 attempt=2/2 status=200 0.396s url=https://www.myfonts.com/products/italic-shree-punjabi-3112-1147596
[2026-05-13T09:04:20Z] #644 attempt=1/2 status=200 0.404s url=https://www.myfonts.com/collections/shree-punjabi-3112-font-modularinfotech/
[2026-05-13T09:04:20Z] #645 attempt=1/2 status=200 0.185s url=https://www.myfonts.com/collections/shree-punjabi-3112-font-modularinfotech/
[2026-05-13T09:04:21Z] #646 attempt=1/2 status=200 0.379s url=https://www.myfonts.com/products/bold-italic-shree-punjabi-1766-1147639
[2026-05-13T09:04:21Z] #647 attempt=1/2 status=200 0.400s url=https://www.myfonts.com/collections/shree-punjabi-1766-font-modularinfotech/
[2026-05-13T09:04:22Z] #648 attempt=1/2 status=200 0.168s url=https://www.myfonts.com/collections/shree-punjabi-1766-font-modularinfotech/
[2026-05-13T09:04:22Z] #649 attempt=1/2 status=429 0.041s url=https://www.myfonts.com/products/regular-shree-punjabi-3101-1147671
[2026-05-13T09:04:25Z] #650 attempt=2/2 status=200 0.377s url=https://www.myfonts.com/products/regular-shree-punjabi-3101-1147671
[2026-05-13T09:04:25Z] #651 attempt=1/2 status=200 0.371s url=https://www.myfonts.com/collections/shree-punjabi-3101-font-modularinfotech/
[2026-05-13T09:04:26Z] #652 attempt=1/2 status=200 0.152s url=https://www.myfonts.com/collections/shree-punjabi-3101-font-modularinfotech/
[2026-05-13T09:04:26Z] #653 attempt=1/2 status=200 0.315s url=https://www.myfonts.com/products/italic-shree-punjabi-3143-1147614
[2026-05-13T09:04:27Z] #654 attempt=1/2 status=200 0.380s url=https://www.myfonts.com/collections/shree-punjabi-3143-font-modularinfotech/
[2026-05-13T09:04:27Z] #655 attempt=1/2 status=429 0.041s url=https://www.myfonts.com/products/regular-selicha-1147526
[2026-05-13T09:04:30Z] #656 attempt=2/2 status=200 0.333s url=https://www.myfonts.com/products/regular-selicha-1147526
[2026-05-13T09:04:30Z] #657 attempt=1/2 status=200 0.238s url=https://www.myfonts.com/collections/selicha-font-almeera-studio/
[2026-05-13T09:04:31Z] #658 attempt=1/2 status=200 0.286s url=https://www.myfonts.com/products/italic-shree-punjabi-3100-1147605
[2026-05-13T09:04:32Z] #659 attempt=1/2 status=200 0.361s url=https://www.myfonts.com/collections/shree-punjabi-3100-font-modularinfotech/
[2026-05-13T09:04:32Z] #660 attempt=1/2 status=200 0.158s url=https://www.myfonts.com/collections/shree-punjabi-3100-font-modularinfotech/
[2026-05-13T09:04:32Z] #661 attempt=1/2 status=429 0.059s url=https://www.myfonts.com/products/regular-jouncy-1147060
[2026-05-13T09:04:35Z] #662 attempt=2/2 status=200 0.323s url=https://www.myfonts.com/products/regular-jouncy-1147060
[2026-05-13T09:04:35Z] #663 attempt=1/2 status=200 0.273s url=https://www.myfonts.com/collections/jouncy-font-syntype/
[2026-05-13T09:04:36Z] #664 attempt=1/2 status=200 0.306s url=https://www.myfonts.com/products/regular-glide-orwate-1148096
[2026-05-13T09:04:36Z] #665 attempt=1/2 status=200 0.394s url=https://www.myfonts.com/collections/glide-orwate-font-maikohatta/
[2026-05-13T09:04:37Z] summary releases=19 first_429=(77, 'https://www.myfonts.com/products/laguna-tropic-complete-family-package-1151208', 0.058355093002319336) log_file=state/myfonts_run_20260513_085443.log
[2026-05-13T09:04:37Z] === MyFonts crawl end ===
