[2026-08-22T06:52:20Z] checkpoint fresh next_page=1 path=state/myfonts_crawl_checkpoint.json
[2026-08-22T06:52:20Z] === MyFonts crawl start source=myfonts ===
[2026-08-22T06:52:20Z] config max_pages=25 page_size=100 start_date=2026-08-21 end_date=2026-08-22 api_delay=0.5s detail_delay=0.2s max_debut_checks=400 max_tech_specs_checks=200 reuse_success_profile=False always_enrich_packages=True language_script_signal_mode=strong force_fresh_run=False start_page=1 browser_mode=False browser_headless=True browser_storage_state_path=state/myfonts_storage_state.json
[2026-08-22T06:52:22Z] #1 attempt=1/6 status=200 1.155s url=https://www.myfonts.com/products.json?limit=100&page=1
[2026-08-22T06:52:22Z] #2 attempt=1/2 status=200 0.511s url=https://www.myfonts.com/products/sho-alaska-complete-family-package-1207055
[2026-08-22T06:52:23Z] #3 attempt=1/2 status=200 0.546s url=https://www.myfonts.com/collections/sho-alaska-font-showup-typefoundry/
[2026-08-22T06:52:24Z] #4 attempt=1/2 status=200 0.259s url=https://www.myfonts.com/collections/sho-alaska-font-showup-typefoundry/?tab=techSpecs
[2026-08-22T06:52:25Z] #5 attempt=1/2 status=200 0.425s url=https://www.myfonts.com/products/regular-veloria-palace-1207025
[2026-08-22T06:52:26Z] #6 attempt=1/2 status=200 0.447s url=https://www.myfonts.com/collections/veloria-palace-font-shanaf/
[2026-08-22T06:52:26Z] #7 attempt=1/2 status=200 0.256s url=https://www.myfonts.com/collections/veloria-palace-font-shanaf/?tab=techSpecs
[2026-08-22T06:52:27Z] #8 attempt=1/2 status=200 0.397s url=https://www.myfonts.com/products/regular-lospay-1206333
[2026-08-22T06:52:28Z] #9 attempt=1/2 status=200 0.467s url=https://www.myfonts.com/collections/lospay-font-hasnat-studio/
[2026-08-22T06:52:29Z] #10 attempt=1/2 status=200 0.398s url=https://www.myfonts.com/collections/lospay-font-hasnat-studio/?tab=techSpecs
[2026-08-22T06:52:30Z] #11 attempt=1/2 status=200 0.429s url=https://www.myfonts.com/products/heart-sy-regular-heartsy-1206564
[2026-08-22T06:52:30Z] #12 attempt=1/2 status=200 0.403s url=https://www.myfonts.com/collections/heartsy-font-eryn-rose-design/
[2026-08-22T06:52:31Z] #13 attempt=1/2 status=200 0.212s url=https://www.myfonts.com/collections/heartsy-font-eryn-rose-design/?tab=techSpecs
[2026-08-22T06:52:32Z] #14 attempt=1/2 status=200 0.435s url=https://www.myfonts.com/products/regular-the-moon-1207054
[2026-08-22T06:52:32Z] #15 attempt=1/2 status=200 0.382s url=https://www.myfonts.com/collections/the-moon-font-showup-typefoundry/
[2026-08-22T06:52:33Z] #16 attempt=1/2 status=200 0.238s url=https://www.myfonts.com/collections/the-moon-font-showup-typefoundry/?tab=techSpecs
[2026-08-22T06:52:34Z] #17 attempt=1/2 status=200 0.426s url=https://www.myfonts.com/products/regular-morning-class-1206332
[2026-08-22T06:52:35Z] #18 attempt=1/2 status=200 0.520s url=https://www.myfonts.com/collections/morning-class-font-sipanji21/
[2026-08-22T06:52:35Z] #19 attempt=1/2 status=200 0.249s url=https://www.myfonts.com/collections/morning-class-font-sipanji21/?tab=techSpecs
[2026-08-22T06:52:36Z] #20 attempt=1/2 status=200 0.409s url=https://www.myfonts.com/products/regular-ghoulie-1206565
[2026-08-22T06:52:37Z] #21 attempt=1/2 status=200 0.431s url=https://www.myfonts.com/collections/ghoulie-font-flawlessandco/
[2026-08-22T06:52:37Z] #22 attempt=1/2 status=200 0.280s url=https://www.myfonts.com/collections/ghoulie-font-flawlessandco/?tab=techSpecs
[2026-08-22T06:52:38Z] #23 attempt=1/2 status=200 0.421s url=https://www.myfonts.com/products/regular-kovase-1207029
[2026-08-22T06:52:39Z] #24 attempt=1/2 status=200 0.386s url=https://www.myfonts.com/collections/kovase-font-sensatype-studio/
[2026-08-22T06:52:40Z] #25 attempt=1/2 status=200 0.250s url=https://www.myfonts.com/collections/kovase-font-sensatype-studio/?tab=techSpecs
[2026-08-22T06:52:41Z] #26 attempt=1/2 status=200 0.370s url=https://www.myfonts.com/products/regular-padict-1207048
[2026-08-22T06:52:41Z] #27 attempt=1/2 status=200 0.407s url=https://www.myfonts.com/collections/padict-font-maulana-creative/
[2026-08-22T06:52:42Z] #28 attempt=1/2 status=200 0.258s url=https://www.myfonts.com/collections/padict-font-maulana-creative/?tab=techSpecs
[2026-08-22T06:52:43Z] #29 attempt=1/2 status=200 0.447s url=https://www.myfonts.com/products/regular-nomza-1207028
[2026-08-22T06:52:43Z] #30 attempt=1/2 status=200 0.356s url=https://www.myfonts.com/collections/nomza-font-shanaf/
[2026-08-22T06:52:44Z] #31 attempt=1/2 status=200 0.310s url=https://www.myfonts.com/collections/nomza-font-shanaf/?tab=techSpecs
[2026-08-22T06:52:46Z] #32 attempt=1/2 status=200 0.374s url=https://www.myfonts.com/products/regular-kollan-1206362
[2026-08-22T06:52:46Z] #33 attempt=1/2 status=200 0.409s url=https://www.myfonts.com/collections/kollan-font-sensatype-studio/
[2026-08-22T06:52:47Z] #34 attempt=1/2 status=200 0.270s url=https://www.myfonts.com/collections/kollan-font-sensatype-studio/?tab=techSpecs
[2026-08-22T06:52:48Z] #35 attempt=1/2 status=200 0.457s url=https://www.myfonts.com/products/regular-wacky-urbane-1206326
[2026-08-22T06:52:49Z] #36 attempt=1/2 status=200 0.731s url=https://www.myfonts.com/collections/wacky-urbane-font-tini-fitriani/
[2026-08-22T06:52:49Z] #37 attempt=1/2 status=200 0.232s url=https://www.myfonts.com/collections/wacky-urbane-font-tini-fitriani/?tab=techSpecs
[2026-08-22T06:52:50Z] #38 attempt=1/2 status=200 0.404s url=https://www.myfonts.com/products/regular-remidle-1207036
[2026-08-22T06:52:51Z] #39 attempt=1/2 status=200 0.446s url=https://www.myfonts.com/collections/remidle-font-marvadesign/
[2026-08-22T06:52:51Z] #40 attempt=1/2 status=200 0.266s url=https://www.myfonts.com/collections/remidle-font-marvadesign/?tab=techSpecs
[2026-08-22T06:52:52Z] #41 attempt=1/2 status=200 0.457s url=https://www.myfonts.com/products/regular-fantacy-1207053
[2026-08-22T06:52:53Z] #42 attempt=1/2 status=200 0.420s url=https://www.myfonts.com/collections/fantacy-font-sensatype-studio/
[2026-08-22T06:52:54Z] #43 attempt=1/2 status=200 0.256s url=https://www.myfonts.com/collections/fantacy-font-sensatype-studio/?tab=techSpecs
[2026-08-22T06:52:55Z] #44 attempt=1/2 status=200 0.439s url=https://www.myfonts.com/products/regular-borine-1207030
[2026-08-22T06:52:55Z] #45 attempt=1/2 status=200 0.405s url=https://www.myfonts.com/collections/borine-font-sensatype-studio/
[2026-08-22T06:52:56Z] #46 attempt=1/2 status=200 0.226s url=https://www.myfonts.com/collections/borine-font-sensatype-studio/?tab=techSpecs
[2026-08-22T06:52:57Z] #47 attempt=1/2 status=200 0.478s url=https://www.myfonts.com/products/regular-emotional-motion-1206554
[2026-08-22T06:52:57Z] #48 attempt=1/2 status=200 0.413s url=https://www.myfonts.com/collections/emotional-motion-font-vp-creative-shop/
[2026-08-22T06:52:58Z] #49 attempt=1/2 status=200 0.323s url=https://www.myfonts.com/collections/emotional-motion-font-vp-creative-shop/?tab=techSpecs
[2026-08-22T06:52:59Z] #50 attempt=1/2 status=200 0.408s url=https://www.myfonts.com/products/regular-madiguire-1206553
[2026-08-22T06:52:59Z] #51 attempt=1/2 status=200 0.386s url=https://www.myfonts.com/collections/madiguire-font-anxietype-foundry/
[2026-08-22T06:53:00Z] #52 attempt=1/2 status=200 0.266s url=https://www.myfonts.com/collections/madiguire-font-anxietype-foundry/?tab=techSpecs
[2026-08-22T06:53:01Z] #53 attempt=1/2 status=200 0.461s url=https://www.myfonts.com/products/regular-elden-rue-1207051
[2026-08-22T06:53:02Z] #54 attempt=1/2 status=200 0.399s url=https://www.myfonts.com/collections/elden-rue-font-rasio-studio/
[2026-08-22T06:53:02Z] #55 attempt=1/2 status=200 0.244s url=https://www.myfonts.com/collections/elden-rue-font-rasio-studio/?tab=techSpecs
[2026-08-22T06:53:03Z] #56 attempt=1/2 status=200 0.377s url=https://www.myfonts.com/products/regular-arizona-sun-1207035
[2026-08-22T06:53:04Z] #57 attempt=1/2 status=200 0.462s url=https://www.myfonts.com/collections/arizona-sun-font-eryn-rose-design/
[2026-08-22T06:53:05Z] #58 attempt=1/2 status=200 0.270s url=https://www.myfonts.com/collections/arizona-sun-font-eryn-rose-design/?tab=techSpecs
[2026-08-22T06:53:05Z] #59 attempt=1/2 status=200 0.464s url=https://www.myfonts.com/products/regular-strings-trunger-1207049
[2026-08-22T06:53:06Z] #60 attempt=1/2 status=200 0.429s url=https://www.myfonts.com/collections/strings-trunger-font-maulana-creative/
[2026-08-22T06:53:07Z] #61 attempt=1/2 status=200 0.213s url=https://www.myfonts.com/collections/strings-trunger-font-maulana-creative/?tab=techSpecs
[2026-08-22T06:53:08Z] #62 attempt=1/2 status=200 0.524s url=https://www.myfonts.com/products/regular-sacred-obsidian-1207023
[2026-08-22T06:53:09Z] #63 attempt=1/2 status=200 0.453s url=https://www.myfonts.com/collections/sacred-obsidian-font-shanaf/
[2026-08-22T06:53:10Z] #64 attempt=1/2 status=200 0.241s url=https://www.myfonts.com/collections/sacred-obsidian-font-shanaf/?tab=techSpecs
[2026-08-22T06:53:10Z] #65 attempt=1/2 status=200 0.377s url=https://www.myfonts.com/products/regular-mltp-austaney-signature-1207050
[2026-08-22T06:53:11Z] #66 attempt=1/2 status=200 0.418s url=https://www.myfonts.com/collections/mltp-austaney-signature-font-multype-studio/
[2026-08-22T06:53:12Z] #67 attempt=1/2 status=200 0.275s url=https://www.myfonts.com/collections/mltp-austaney-signature-font-multype-studio/?tab=techSpecs
[2026-08-22T06:53:13Z] #68 attempt=1/2 status=200 0.490s url=https://www.myfonts.com/products/revan-bright-complete-family-package-1206268
[2026-08-22T06:53:13Z] #69 attempt=1/2 status=200 0.538s url=https://www.myfonts.com/collections/revan-bright-font-mbonster/
[2026-08-22T06:53:14Z] #70 attempt=1/2 status=200 0.264s url=https://www.myfonts.com/collections/revan-bright-font-mbonster/?tab=techSpecs
[2026-08-22T06:53:15Z] #71 attempt=1/2 status=200 0.440s url=https://www.myfonts.com/products/channel-is-back-complete-family-package-1206300
[2026-08-22T06:53:16Z] #72 attempt=1/2 status=200 0.471s url=https://www.myfonts.com/collections/channel-is-back-font-prioritype/
[2026-08-22T06:53:17Z] #73 attempt=1/2 status=200 0.272s url=https://www.myfonts.com/collections/channel-is-back-font-prioritype/?tab=techSpecs
[2026-08-22T06:53:18Z] #74 attempt=1/2 status=200 0.435s url=https://www.myfonts.com/products/solenix-complete-family-package-1206274
[2026-08-22T06:53:19Z] #75 attempt=1/2 status=200 0.860s url=https://www.myfonts.com/collections/solenix-font-metypeverse/
[2026-08-22T06:53:20Z] #76 attempt=1/2 status=200 0.261s url=https://www.myfonts.com/collections/solenix-font-metypeverse/?tab=techSpecs
[2026-08-22T06:53:21Z] #77 attempt=1/2 status=200 0.503s url=https://www.myfonts.com/products/estima-pro-complete-family-package-1206277
[2026-08-22T06:53:22Z] #78 attempt=1/2 status=200 0.627s url=https://www.myfonts.com/collections/estima-pro-font-igor-gli-ski/
[2026-08-22T06:53:22Z] #79 attempt=1/2 status=200 0.269s url=https://www.myfonts.com/collections/estima-pro-font-igor-gli-ski/?tab=techSpecs
[2026-08-22T06:53:24Z] #80 attempt=1/2 status=200 0.404s url=https://www.myfonts.com/products/prak-breakstrike-regular-prak-breakstrike-1206299
[2026-08-22T06:53:24Z] #81 attempt=1/2 status=200 0.365s url=https://www.myfonts.com/collections/prak-breakstrike-font-praktypes/
[2026-08-22T06:53:25Z] #82 attempt=1/2 status=200 0.226s url=https://www.myfonts.com/collections/prak-breakstrike-font-praktypes/?tab=techSpecs
[2026-08-22T06:53:25Z] #83 attempt=1/2 status=429 0.033s url=https://www.myfonts.com/products/regular-sunday-society-1206297
[2026-08-22T06:53:25Z] first_429 req=83 url=https://www.myfonts.com/products/regular-sunday-society-1206297
[2026-08-22T06:53:28Z] #84 attempt=2/2 status=200 0.540s url=https://www.myfonts.com/products/regular-sunday-society-1206297
[2026-08-22T06:53:29Z] #85 attempt=1/2 status=200 0.391s url=https://www.myfonts.com/collections/sunday-society-font-omzen-type/
[2026-08-22T06:53:29Z] #86 attempt=1/2 status=200 0.453s url=https://www.myfonts.com/products/regular-nagara-1206295
[2026-08-22T06:53:30Z] #87 attempt=1/2 status=200 0.409s url=https://www.myfonts.com/collections/nagara-font-nue/
[2026-08-22T06:53:30Z] #88 attempt=1/2 status=429 0.035s url=https://www.myfonts.com/products/regular-sotlih-1206239
[2026-08-22T06:53:33Z] #89 attempt=2/2 status=200 0.470s url=https://www.myfonts.com/products/regular-sotlih-1206239
[2026-08-22T06:53:34Z] #90 attempt=1/2 status=200 0.381s url=https://www.myfonts.com/collections/sotlih-font-hasnat-studio/
[2026-08-22T06:53:34Z] #91 attempt=1/2 status=200 0.337s url=https://www.myfonts.com/products/hackbubble-regular-hackbubble-1206234
[2026-08-22T06:53:35Z] #92 attempt=1/2 status=200 0.397s url=https://www.myfonts.com/collections/hackbubble-font-flawlessandco/
[2026-08-22T06:53:36Z] #93 attempt=1/2 status=200 0.363s url=https://www.myfonts.com/products/regular-la-carena-1206303
[2026-08-22T06:53:36Z] #94 attempt=1/2 status=429 0.026s url=https://www.myfonts.com/collections/la-carena-font-rasio-studio/
[2026-08-22T06:53:39Z] #95 attempt=2/2 status=200 0.598s url=https://www.myfonts.com/collections/la-carena-font-rasio-studio/
[2026-08-22T06:53:40Z] #96 attempt=1/2 status=200 0.445s url=https://www.myfonts.com/products/helvare-regular-helvare-1206233
[2026-08-22T06:53:41Z] #97 attempt=1/2 status=200 0.418s url=https://www.myfonts.com/collections/helvare-font-flawlessandco/
[2026-08-22T06:53:41Z] #98 attempt=1/2 status=200 0.471s url=https://www.myfonts.com/products/regular-moelania-1206305
[2026-08-22T06:53:42Z] #99 attempt=1/2 status=200 0.498s url=https://www.myfonts.com/collections/moelania-font-vermilione/
[2026-08-22T06:53:42Z] #100 attempt=1/2 status=429 0.057s url=https://www.myfonts.com/products/regular-dethone-signature-1206298
[2026-08-22T06:53:45Z] #101 attempt=2/2 status=200 0.523s url=https://www.myfonts.com/products/regular-dethone-signature-1206298
[2026-08-22T06:53:46Z] #102 attempt=1/2 status=200 0.489s url=https://www.myfonts.com/collections/dethone-signature-font-pointlab/
[2026-08-22T06:53:47Z] #103 attempt=1/2 status=200 0.410s url=https://www.myfonts.com/products/regular-bigfooz-1206265
[2026-08-22T06:53:47Z] #104 attempt=1/2 status=200 0.381s url=https://www.myfonts.com/collections/bigfooz-font-letterhanna-studio/
[2026-08-22T06:53:48Z] #105 attempt=1/2 status=200 0.412s url=https://www.myfonts.com/products/regular-martha-ruth-1206304
[2026-08-22T06:53:49Z] #106 attempt=1/2 status=200 0.402s url=https://www.myfonts.com/collections/martha-ruth-font-realtype/
[2026-08-22T06:53:49Z] #107 attempt=1/2 status=200 0.410s url=https://www.myfonts.com/products/regular-charlesito-1206294
[2026-08-22T06:53:50Z] #108 attempt=1/2 status=200 0.440s url=https://www.myfonts.com/collections/charlesito-font-nh-typestudio/
[2026-08-22T06:53:50Z] #109 attempt=1/2 status=429 0.030s url=https://www.myfonts.com/products/regular-candy-gulali-1206166
[2026-08-22T06:53:53Z] #110 attempt=2/2 status=200 0.492s url=https://www.myfonts.com/products/regular-candy-gulali-1206166
[2026-08-22T06:53:54Z] #111 attempt=1/2 status=200 0.493s url=https://www.myfonts.com/collections/candy-gulali-font-aisyah/
[2026-08-22T06:53:54Z] #112 attempt=1/2 status=429 0.063s url=https://www.myfonts.com/products/black-cn-earth-doomsday-1206156
[2026-08-22T06:53:57Z] #113 attempt=2/2 status=200 0.656s url=https://www.myfonts.com/products/black-cn-earth-doomsday-1206156
[2026-08-22T06:53:58Z] #114 attempt=1/2 status=200 0.852s url=https://www.myfonts.com/collections/earth-doomsday-font-layarbahtera/
[2026-08-22T06:53:59Z] #115 attempt=1/2 status=200 0.492s url=https://www.myfonts.com/products/moldrust-complete-family-package-1205356
[2026-08-22T06:54:00Z] #116 attempt=1/2 status=200 0.467s url=https://www.myfonts.com/collections/moldrust-font-flawlessandco/
[2026-08-22T06:54:00Z] #117 attempt=1/2 status=200 0.491s url=https://www.myfonts.com/products/outside-field-serif-complete-family-package-1205420
[2026-08-22T06:54:01Z] #118 attempt=1/2 status=200 0.474s url=https://www.myfonts.com/collections/outside-field-serif-font-godbless-studio/
[2026-08-22T06:54:01Z] #119 attempt=1/2 status=429 0.035s url=https://www.myfonts.com/products/optica-complete-family-package-1200614
[2026-08-22T06:54:04Z] #120 attempt=2/2 status=200 0.421s url=https://www.myfonts.com/products/optica-complete-family-package-1200614
[2026-08-22T06:54:05Z] #121 attempt=1/2 status=200 0.457s url=https://www.myfonts.com/collections/optica-font-cocijotype/
[2026-08-22T06:54:06Z] #122 attempt=1/2 status=200 0.515s url=https://www.myfonts.com/products/fx-brangkal-complete-family-package-1205376
[2026-08-22T06:54:06Z] #123 attempt=1/2 status=200 0.587s url=https://www.myfonts.com/collections/fx-brangkal-font-differentialtype/
[2026-08-22T06:54:07Z] #124 attempt=1/2 status=200 0.409s url=https://www.myfonts.com/products/dargon-text-complete-family-package-1190577
[2026-08-22T06:54:08Z] #125 attempt=1/2 status=200 0.502s url=https://www.myfonts.com/collections/dargon-text-font-type-together/
[2026-08-22T06:54:09Z] #126 attempt=1/2 status=200 0.429s url=https://www.myfonts.com/products/laught-alize-complete-family-package-1205415
[2026-08-22T06:54:09Z] #127 attempt=1/2 status=200 0.461s url=https://www.myfonts.com/collections/laught-alize-font-godbless-studio/
[2026-08-22T06:54:10Z] #128 attempt=1/2 status=200 0.443s url=https://www.myfonts.com/products/monday-himalayan-complete-family-package-1205341
[2026-08-22T06:54:10Z] #129 attempt=1/2 status=429 0.027s url=https://www.myfonts.com/collections/monday-himalayan-font-anxietype-foundry/
[2026-08-22T06:54:13Z] #130 attempt=2/2 status=200 0.534s url=https://www.myfonts.com/collections/monday-himalayan-font-anxietype-foundry/
[2026-08-22T06:54:14Z] #131 attempt=1/2 status=200 0.479s url=https://www.myfonts.com/products/lamire-modern-complete-family-package-1205352
[2026-08-22T06:54:15Z] #132 attempt=1/2 status=200 0.454s url=https://www.myfonts.com/collections/lamire-modern-font-bale-type/
[2026-08-22T06:54:15Z] #133 attempt=1/2 status=200 0.522s url=https://www.myfonts.com/products/black-stroke-complete-family-package-1205365
[2026-08-22T06:54:16Z] #134 attempt=1/2 status=200 0.484s url=https://www.myfonts.com/collections/black-stroke-font-cocodesign/
[2026-08-22T06:54:17Z] #135 attempt=1/2 status=200 0.422s url=https://www.myfonts.com/products/young-fraktur-complete-family-package-1205346
[2026-08-22T06:54:18Z] #136 attempt=1/2 status=200 0.554s url=https://www.myfonts.com/collections/young-fraktur-font-caron-twice/
[2026-08-22T06:54:19Z] #137 attempt=1/6 status=200 1.042s url=https://www.myfonts.com/products.json?limit=100&page=2
[2026-08-22T06:54:20Z] #138 attempt=1/2 status=200 0.505s url=https://www.myfonts.com/products/genyod-complete-family-package-1205370
[2026-08-22T06:54:21Z] #139 attempt=1/2 status=200 0.477s url=https://www.myfonts.com/collections/genyod-font-donyadesign/
[2026-08-22T06:54:21Z] #140 attempt=1/2 status=200 0.449s url=https://www.myfonts.com/products/maritime-network-complete-family-package-1205334
[2026-08-22T06:54:22Z] #141 attempt=1/2 status=200 0.522s url=https://www.myfonts.com/collections/maritime-network-font-177studio/
[2026-08-22T06:54:23Z] #142 attempt=1/2 status=200 0.459s url=https://www.myfonts.com/products/canton-social-club-pro-complete-family-package-1205312
[2026-08-22T06:54:23Z] #143 attempt=1/2 status=429 0.040s url=https://www.myfonts.com/collections/canton-social-club-pro-font-hanoded/
[2026-08-22T06:54:26Z] #144 attempt=2/2 status=200 0.539s url=https://www.myfonts.com/collections/canton-social-club-pro-font-hanoded/
[2026-08-22T06:54:27Z] #145 attempt=1/2 status=200 0.472s url=https://www.myfonts.com/products/santa-barbara-pro-complete-family-package-1205395
[2026-08-22T06:54:27Z] #146 attempt=1/2 status=200 0.513s url=https://www.myfonts.com/collections/santa-barbara-pro-font-die-typonauten/
[2026-08-22T06:54:28Z] #147 attempt=1/2 status=200 0.426s url=https://www.myfonts.com/products/chapuza-pro-complete-family-package-1205309
[2026-08-22T06:54:29Z] #148 attempt=1/2 status=200 0.464s url=https://www.myfonts.com/collections/chapuza-pro-font-hanoded/
[2026-08-22T06:54:30Z] #149 attempt=1/2 status=200 0.581s url=https://www.myfonts.com/products/m-ying-hei-hk-complete-family-package-1106555
[2026-08-22T06:54:31Z] #150 attempt=1/2 status=200 0.690s url=https://www.myfonts.com/collections/m-ying-hei-hk-font-monotype-hk/
[2026-08-22T06:54:31Z] #151 attempt=1/2 status=200 0.406s url=https://www.myfonts.com/products/abstract-network-complete-family-package-1205337
[2026-08-22T06:54:32Z] #152 attempt=1/2 status=200 0.436s url=https://www.myfonts.com/collections/abstract-network-font-177studio/
[2026-08-22T06:54:32Z] #153 attempt=1/2 status=429 0.025s url=https://www.myfonts.com/products/ccs-neue-royale-complete-family-package-1205409
[2026-08-22T06:54:35Z] #154 attempt=2/2 status=200 0.612s url=https://www.myfonts.com/products/ccs-neue-royale-complete-family-package-1205409
[2026-08-22T06:54:36Z] #155 attempt=1/2 status=200 0.487s url=https://www.myfonts.com/collections/ccs-neue-royale-font-creative-corner-studio/
[2026-08-22T06:54:37Z] #156 attempt=1/2 status=200 0.385s url=https://www.myfonts.com/products/regular-young-fresh-1205345
[2026-08-22T06:54:37Z] #157 attempt=1/2 status=200 0.464s url=https://www.myfonts.com/collections/young-fresh-font-bimaksara/
[2026-08-22T06:54:38Z] #158 attempt=1/2 status=200 0.440s url=https://www.myfonts.com/products/regular-baby-food-1205543
[2026-08-22T06:54:39Z] #159 attempt=1/2 status=200 0.454s url=https://www.myfonts.com/collections/baby-food-font-arif-novianto/
[2026-08-22T06:54:40Z] #160 attempt=1/2 status=200 0.468s url=https://www.myfonts.com/products/regular-trippy-morph-1205547
[2026-08-22T06:54:40Z] #161 attempt=1/2 status=200 0.543s url=https://www.myfonts.com/collections/trippy-morph-font-tini-fitriani/
[2026-08-22T06:54:41Z] #162 attempt=1/2 status=200 0.555s url=https://www.myfonts.com/products/regular-nanobit-1205531
[2026-08-22T06:54:41Z] #163 attempt=1/2 status=429 0.058s url=https://www.myfonts.com/collections/nanobit-font-alpercakici/
[2026-08-22T06:54:44Z] #164 attempt=2/2 status=200 0.770s url=https://www.myfonts.com/collections/nanobit-font-alpercakici/
[2026-08-22T06:54:45Z] #165 attempt=1/2 status=200 0.400s url=https://www.myfonts.com/products/regular-vandguds-1205558
[2026-08-22T06:54:46Z] #166 attempt=1/2 status=200 0.416s url=https://www.myfonts.com/collections/vandguds-font-nian-keun-studio/
[2026-08-22T06:54:46Z] #167 attempt=1/2 status=200 0.417s url=https://www.myfonts.com/products/callidar-regular-callidar-1193279
[2026-08-22T06:54:47Z] #168 attempt=1/2 status=200 0.390s url=https://www.myfonts.com/collections/callidar-font-gittype/
[2026-08-22T06:54:49Z] #169 attempt=1/6 status=200 0.992s url=https://www.myfonts.com/products.json?limit=100&page=3
[2026-08-22T06:54:50Z] #170 attempt=1/2 status=200 1.135s url=https://www.myfonts.com/products/ultimate-handwritten-font-collection-2026-package-1133263
[2026-08-22T06:54:51Z] #171 attempt=1/2 status=404 0.340s url=https://www.myfonts.com/collections/ultimate-handwritten-font-collection-2026-font-jprintstudio
[2026-08-22T06:54:51Z] #172 attempt=1/2 status=200 0.420s url=https://www.myfonts.com/products/night-sacred-complete-family-package-1205583
[2026-08-22T06:54:52Z] #173 attempt=1/2 status=200 0.468s url=https://www.myfonts.com/collections/night-sacred-font-vermilione/
[2026-08-22T06:54:53Z] #174 attempt=1/2 status=200 0.800s url=https://www.myfonts.com/products/kidmonster-complete-family-package-1205654
[2026-08-22T06:54:54Z] #175 attempt=1/2 status=200 0.914s url=https://www.myfonts.com/collections/kidmonster-font-alpercakici/
[2026-08-22T06:54:56Z] #176 attempt=1/2 status=200 1.366s url=https://www.myfonts.com/products/epigraphy-complete-family-package-1205557
[2026-08-22T06:54:58Z] #177 attempt=1/2 status=200 1.275s url=https://www.myfonts.com/collections/epigraphy-font-jorsetype/
[2026-08-22T06:54:59Z] #178 attempt=1/2 status=200 0.437s url=https://www.myfonts.com/products/enjoy-paradise-complete-family-package-1205554
[2026-08-22T06:54:59Z] #179 attempt=1/2 status=200 0.434s url=https://www.myfonts.com/collections/enjoy-paradise-font-sensatype-studio/
[2026-08-22T06:55:00Z] #180 attempt=1/2 status=200 0.476s url=https://www.myfonts.com/products/lequano-complete-family-package-1205551
[2026-08-22T06:55:01Z] #181 attempt=1/2 status=200 0.470s url=https://www.myfonts.com/collections/lequano-font-tini-fitriani/
[2026-08-22T06:55:02Z] #182 attempt=1/2 status=200 0.482s url=https://www.myfonts.com/products/bysafe-strength-complete-family-package-1205548
[2026-08-22T06:55:02Z] #183 attempt=1/2 status=200 0.459s url=https://www.myfonts.com/collections/bysafe-strength-font-stylishtype-studio/
[2026-08-22T06:55:03Z] #184 attempt=1/2 status=200 0.453s url=https://www.myfonts.com/products/holda-complete-family-package-1205544
[2026-08-22T06:55:03Z] #185 attempt=1/2 status=429 0.041s url=https://www.myfonts.com/collections/holda-font-artiveko/
[2026-08-22T06:55:06Z] #186 attempt=2/2 status=200 0.594s url=https://www.myfonts.com/collections/holda-font-artiveko/
[2026-08-22T06:55:09Z] #187 attempt=1/2 status=200 2.594s url=https://www.myfonts.com/products/cntrsoftupright-blkcn-fullgraf-1205840
[2026-08-22T06:55:11Z] #188 attempt=1/2 status=200 2.095s url=https://www.myfonts.com/collections/fullgraf-font-akbartype/
[2026-08-22T06:55:13Z] #189 attempt=1/2 status=200 0.406s url=https://www.myfonts.com/products/regular-mystero-1205653
[2026-08-22T06:55:13Z] #190 attempt=1/2 status=200 0.582s url=https://www.myfonts.com/collections/mystero-font-zefrar/
[2026-08-22T06:55:14Z] #191 attempt=1/2 status=200 0.432s url=https://www.myfonts.com/products/regular-madre-rosalia-1205652
[2026-08-22T06:55:15Z] #192 attempt=1/2 status=200 0.418s url=https://www.myfonts.com/collections/madre-rosalia-font-anxietype-foundry/
[2026-08-22T06:55:16Z] #193 attempt=1/6 status=200 0.822s url=https://www.myfonts.com/products.json?limit=100&page=4
[2026-08-22T06:55:18Z] #194 attempt=1/6 status=200 0.984s url=https://www.myfonts.com/products.json?limit=100&page=5
[2026-08-22T06:55:19Z] #195 attempt=1/6 status=200 0.869s url=https://www.myfonts.com/products.json?limit=100&page=6
[2026-08-22T06:55:20Z] #196 attempt=1/6 status=200 0.865s url=https://www.myfonts.com/products.json?limit=100&page=7
[2026-08-22T06:55:22Z] #197 attempt=1/6 status=200 0.968s url=https://www.myfonts.com/products.json?limit=100&page=8
[2026-08-22T06:55:24Z] #198 attempt=1/6 status=200 1.105s url=https://www.myfonts.com/products.json?limit=100&page=9
[2026-08-22T06:55:24Z] #199 attempt=1/2 status=200 0.446s url=https://www.myfonts.com/products/anglers-harbor-complete-family-package-1205477
[2026-08-22T06:55:25Z] #200 attempt=1/2 status=200 0.648s url=https://www.myfonts.com/collections/anglers-harbor-font-letterhend/
[2026-08-22T06:55:26Z] #201 attempt=1/2 status=200 0.598s url=https://www.myfonts.com/products/rollipop-complete-family-package-1205457
[2026-08-22T06:55:27Z] #202 attempt=1/2 status=200 0.697s url=https://www.myfonts.com/collections/rollipop-font-ketiga-foundry/
[2026-08-22T06:55:28Z] #203 attempt=1/2 status=200 0.508s url=https://www.myfonts.com/products/jualan-jua-complete-family-package-1205454
[2026-08-22T06:55:29Z] #204 attempt=1/2 status=200 0.545s url=https://www.myfonts.com/collections/jualan-jua-font-kalam/
[2026-08-22T06:55:29Z] #205 attempt=1/2 status=200 0.428s url=https://www.myfonts.com/products/mn-wichtown-sans-complete-family-package-1205522
[2026-08-22T06:55:30Z] #206 attempt=1/2 status=200 0.546s url=https://www.myfonts.com/collections/mn-wichtown-sans-font-mantra-naga-studio/
[2026-08-22T06:55:31Z] #207 attempt=1/2 status=200 0.446s url=https://www.myfonts.com/products/bolstia-complete-family-package-1205451
[2026-08-22T06:55:32Z] #208 attempt=1/2 status=200 0.491s url=https://www.myfonts.com/collections/bolstia-font-jafar07/
[2026-08-22T06:55:32Z] #209 attempt=1/2 status=200 0.424s url=https://www.myfonts.com/products/mostena-complete-family-package-1205448
[2026-08-22T06:55:33Z] #210 attempt=1/2 status=200 0.488s url=https://www.myfonts.com/collections/mostena-font-jafar07/
[2026-08-22T06:55:34Z] #211 attempt=1/2 status=200 0.929s url=https://www.myfonts.com/products/essential-package-1205521
[2026-08-22T06:55:36Z] #212 attempt=1/2 status=200 1.195s url=https://www.myfonts.com/collections/ngawi-font-lettertype-studio/
[2026-08-22T06:55:37Z] #213 attempt=1/2 status=200 0.452s url=https://www.myfonts.com/products/edenros-complete-family-package-1205428
[2026-08-22T06:55:37Z] #214 attempt=1/2 status=200 0.497s url=https://www.myfonts.com/collections/edenros-font-hasnat-studio/
[2026-08-22T06:55:38Z] #215 attempt=1/2 status=200 0.403s url=https://www.myfonts.com/products/blackmist-regular-blackmist-1205364
[2026-08-22T06:55:39Z] #216 attempt=1/2 status=200 0.399s url=https://www.myfonts.com/collections/blackmist-font-flawlessandco/
[2026-08-22T06:55:39Z] #217 attempt=1/2 status=200 0.496s url=https://www.myfonts.com/products/regular-lunar-grace-1205355
[2026-08-22T06:55:40Z] #218 attempt=1/2 status=200 0.440s url=https://www.myfonts.com/collections/lunar-grace-font-claymoon-lab-studio/
[2026-08-22T06:55:41Z] #219 attempt=1/2 status=200 0.466s url=https://www.myfonts.com/products/regular-sefiato-combios-1205526
[2026-08-22T06:55:41Z] #220 attempt=1/2 status=200 0.392s url=https://www.myfonts.com/collections/sefiato-combios-font-maulana-creative/
[2026-08-22T06:55:42Z] #221 attempt=1/2 status=200 0.398s url=https://www.myfonts.com/products/medium-ghia-soft-1205340
[2026-08-22T06:55:43Z] #222 attempt=1/2 status=200 0.428s url=https://www.myfonts.com/collections/ghia-soft-font-aisyah/
[2026-08-22T06:55:44Z] #223 attempt=1/2 status=200 0.420s url=https://www.myfonts.com/products/regular-aakar-1205427
[2026-08-22T06:55:44Z] #224 attempt=1/2 status=200 0.494s url=https://www.myfonts.com/collections/aakar-font-gunjan/
[2026-08-22T06:55:45Z] #225 attempt=1/2 status=200 0.472s url=https://www.myfonts.com/products/regular-amaryllis-1205368
[2026-08-22T06:55:46Z] #226 attempt=1/2 status=200 0.416s url=https://www.myfonts.com/collections/amaryllis-font-eza-studio/
[2026-08-22T06:55:46Z] #227 attempt=1/2 status=200 0.404s url=https://www.myfonts.com/products/regular-vollazee-1205476
[2026-08-22T06:55:47Z] #228 attempt=1/2 status=200 0.491s url=https://www.myfonts.com/collections/vollazee-font-letterhanna-studio/
[2026-08-22T06:55:47Z] #229 attempt=1/2 status=429 0.036s url=https://www.myfonts.com/products/bold-gritz-1205414
[2026-08-22T06:55:50Z] #230 attempt=2/2 status=200 0.434s url=https://www.myfonts.com/products/bold-gritz-1205414
[2026-08-22T06:55:51Z] #231 attempt=1/2 status=200 0.467s url=https://www.myfonts.com/collections/gritz-font-gittype/
[2026-08-22T06:55:51Z] #232 attempt=1/2 status=200 0.393s url=https://www.myfonts.com/products/bold-lemota-1205525
[2026-08-22T06:55:52Z] #233 attempt=1/2 status=200 0.397s url=https://www.myfonts.com/collections/lemota-font-marvadesign/
[2026-08-22T06:55:53Z] #234 attempt=1/2 status=200 0.383s url=https://www.myfonts.com/products/regular-nightwoe-1205408
[2026-08-22T06:55:53Z] #235 attempt=1/2 status=200 0.389s url=https://www.myfonts.com/collections/nightwoe-font-dgtype/
[2026-08-22T06:55:54Z] #236 attempt=1/2 status=200 0.358s url=https://www.myfonts.com/products/happyinkauai-regular-happy-in-kauai-1205369
[2026-08-22T06:55:54Z] #237 attempt=1/2 status=429 0.028s url=https://www.myfonts.com/collections/happy-in-kauai-font-eryn-rose-design/
[2026-08-22T06:55:57Z] #238 attempt=2/2 status=200 0.583s url=https://www.myfonts.com/collections/happy-in-kauai-font-eryn-rose-design/
[2026-08-22T06:55:59Z] #239 attempt=1/6 status=200 1.037s url=https://www.myfonts.com/products.json?limit=100&page=10
[2026-08-22T06:56:00Z] #240 attempt=1/2 status=200 0.754s url=https://www.myfonts.com/products/modern-calligraphy-bundles-package-728962
[2026-08-22T06:56:00Z] #241 attempt=1/2 status=404 0.237s url=https://www.myfonts.com/collections/modern-calligraphy-bundles-font-teweka
[2026-08-22T06:56:01Z] #242 attempt=1/2 status=200 0.357s url=https://www.myfonts.com/products/italic-fisreps-jansoic-1205333
[2026-08-22T06:56:01Z] #243 attempt=1/2 status=200 0.422s url=https://www.myfonts.com/collections/fisreps-jansoic-font-black-junst/
[2026-08-22T06:56:02Z] #244 attempt=1/2 status=200 0.535s url=https://www.myfonts.com/products/first-bundle-package-968153
[2026-08-22T06:56:02Z] #245 attempt=1/2 status=429 0.036s url=https://www.myfonts.com/collections/first-bundle-font-sidkia-fonts
[2026-08-22T06:56:05Z] #246 attempt=2/2 status=404 0.314s url=https://www.myfonts.com/collections/first-bundle-font-sidkia-fonts
[2026-08-22T06:56:06Z] #247 attempt=1/2 status=200 1.265s url=https://www.myfonts.com/products/halloween-and-dripping-font-collections-package-1056595
[2026-08-22T06:56:07Z] #248 attempt=1/2 status=404 0.242s url=https://www.myfonts.com/collections/halloween-and-dripping-font-collections-font-sipanji21
[2026-08-22T06:56:08Z] #249 attempt=1/2 status=200 0.590s url=https://www.myfonts.com/products/kedua-bundle-package-1020637
[2026-08-22T06:56:08Z] #250 attempt=1/2 status=404 0.314s url=https://www.myfonts.com/collections/kedua-bundle-font-sidkia-fonts
[2026-08-22T06:56:09Z] #251 attempt=1/2 status=200 0.635s url=https://www.myfonts.com/products/ketiga-bundle-package-1205327
[2026-08-22T06:56:09Z] #252 attempt=1/2 status=404 0.278s url=https://www.myfonts.com/collections/ketiga-bundle-font-sidkia-fonts
[2026-08-22T06:56:10Z] #253 attempt=1/2 status=200 0.509s url=https://www.myfonts.com/products/postamp-grotesk-complete-family-package-1205315
[2026-08-22T06:56:10Z] #254 attempt=1/2 status=429 0.044s url=https://www.myfonts.com/collections/postamp-grotesk-font-fontfabric/
[2026-08-22T06:56:13Z] #255 attempt=2/2 status=200 0.568s url=https://www.myfonts.com/collections/postamp-grotesk-font-fontfabric/
[2026-08-22T06:56:14Z] #256 attempt=1/2 status=200 0.503s url=https://www.myfonts.com/products/district-letters-complete-family-package-1205275
[2026-08-22T06:56:15Z] #257 attempt=1/2 status=200 0.575s url=https://www.myfonts.com/collections/district-letters-font-abbasy-studio/
[2026-08-22T06:56:16Z] #258 attempt=1/2 status=200 0.618s url=https://www.myfonts.com/products/ticdar-complete-family-package-1204928
[2026-08-22T06:56:17Z] #259 attempt=1/2 status=200 0.681s url=https://www.myfonts.com/collections/ticdar-font-casloop-studio/
[2026-08-22T06:56:18Z] #260 attempt=1/2 status=200 0.472s url=https://www.myfonts.com/products/fn-quimsy-complete-family-package-1205085
[2026-08-22T06:56:18Z] #261 attempt=1/2 status=200 0.440s url=https://www.myfonts.com/collections/fn-quimsy-font-typefoon/
[2026-08-22T06:56:19Z] #262 attempt=1/2 status=200 0.455s url=https://www.myfonts.com/products/eliot-complete-family-package-1205307
[2026-08-22T06:56:20Z] #263 attempt=1/2 status=200 0.457s url=https://www.myfonts.com/collections/eliot-font-eliot-wolin/
[2026-08-22T06:56:20Z] #264 attempt=1/2 status=200 0.458s url=https://www.myfonts.com/products/reclymate-complete-family-package-1204921
[2026-08-22T06:56:21Z] #265 attempt=1/2 status=200 0.538s url=https://www.myfonts.com/collections/reclymate-font-azzam-ridhamalik/
[2026-08-22T06:56:22Z] #266 attempt=1/2 status=429 0.030s url=https://www.myfonts.com/products/condensed-package-1205082
[2026-08-22T06:56:25Z] #267 attempt=2/2 status=200 1.144s url=https://www.myfonts.com/products/condensed-package-1205082
[2026-08-22T06:56:27Z] #268 attempt=1/2 status=200 1.793s url=https://www.myfonts.com/collections/megiola-font-nia-typework/
[2026-08-22T06:56:28Z] #269 attempt=1/2 status=200 0.419s url=https://www.myfonts.com/products/oreyohi-complete-family-package-1205075
[2026-08-22T06:56:29Z] #270 attempt=1/2 status=200 0.479s url=https://www.myfonts.com/collections/oreyohi-font-made-deduk/
[2026-08-22T06:56:30Z] #271 attempt=1/2 status=200 0.489s url=https://www.myfonts.com/products/qavena-arc-complete-family-package-1205280
[2026-08-22T06:56:30Z] #272 attempt=1/2 status=200 0.500s url=https://www.myfonts.com/collections/qavena-arc-font-product-type/
[2026-08-22T06:56:31Z] #273 attempt=1/2 status=200 0.461s url=https://www.myfonts.com/products/wonderlast-complete-family-package-1205303
[2026-08-22T06:56:32Z] #274 attempt=1/2 status=200 0.431s url=https://www.myfonts.com/collections/wonderlast-font-artiveko/
[2026-08-22T06:56:32Z] #275 attempt=1/2 status=200 0.418s url=https://www.myfonts.com/products/morthhelm-complete-family-package-1205294
[2026-08-22T06:56:33Z] #276 attempt=1/2 status=200 0.420s url=https://www.myfonts.com/collections/morthhelm-font-reyrey-blue-std/
[2026-08-22T06:56:34Z] #277 attempt=1/2 status=200 0.422s url=https://www.myfonts.com/products/prolane-complete-family-package-1205297
[2026-08-22T06:56:35Z] #278 attempt=1/2 status=200 0.403s url=https://www.myfonts.com/collections/prolane-font-artiveko/
[2026-08-22T06:56:35Z] #279 attempt=1/2 status=200 0.523s url=https://www.myfonts.com/products/arvor-complete-family-package-1194125
[2026-08-22T06:56:36Z] #280 attempt=1/2 status=200 0.674s url=https://www.myfonts.com/collections/arvor-font-octotypo/
[2026-08-22T06:56:37Z] #281 attempt=1/2 status=200 0.410s url=https://www.myfonts.com/products/masih-basah-complete-family-package-1205069
[2026-08-22T06:56:37Z] #282 attempt=1/2 status=429 0.028s url=https://www.myfonts.com/collections/masih-basah-font-kalam/
[2026-08-22T06:56:40Z] #283 attempt=2/2 status=200 0.551s url=https://www.myfonts.com/collections/masih-basah-font-kalam/
[2026-08-22T06:56:41Z] #284 attempt=1/2 status=200 1.139s url=https://www.myfonts.com/products/rema-monde-complete-family-package-1205092
[2026-08-22T06:56:43Z] #285 attempt=1/2 status=200 1.581s url=https://www.myfonts.com/collections/rema-monde-font-dora-typefoundry/
[2026-08-22T06:56:44Z] #286 attempt=1/2 status=200 0.622s url=https://www.myfonts.com/products/nasalization-complete-family-package-1205306
[2026-08-22T06:56:45Z] #287 attempt=1/2 status=200 0.678s url=https://www.myfonts.com/collections/nasalization-font-typodermic/
[2026-08-22T06:56:47Z] #288 attempt=1/2 status=200 1.310s url=https://www.myfonts.com/products/dtf-vectra-neue-complete-family-package-1205183
[2026-08-22T06:56:48Z] #289 attempt=1/2 status=200 1.222s url=https://www.myfonts.com/collections/dtf-vectra-neue-font-dora-typefoundry/
[2026-08-22T06:56:50Z] #290 attempt=1/2 status=200 0.445s url=https://www.myfonts.com/products/st-wooble-ransom-complete-family-package-1205088
[2026-08-22T06:56:50Z] #291 attempt=1/2 status=200 0.456s url=https://www.myfonts.com/collections/st-wooble-ransom-font-type-it-easy/
[2026-08-22T06:56:52Z] #292 attempt=1/2 status=200 1.100s url=https://www.myfonts.com/products/fontagiou-complete-family-package-1204947
[2026-08-22T06:56:53Z] #293 attempt=1/2 status=200 1.422s url=https://www.myfonts.com/collections/fontagiou-font-areatype/
[2026-08-22T06:56:54Z] #294 attempt=1/2 status=200 0.460s url=https://www.myfonts.com/products/pockielle-complete-family-package-1205078
[2026-08-22T06:56:55Z] #295 attempt=1/2 status=200 0.471s url=https://www.myfonts.com/collections/pockielle-font-made-deduk/
[2026-08-22T06:56:56Z] #296 attempt=1/2 status=200 0.502s url=https://www.myfonts.com/products/geotouch-complete-family-package-1205300
[2026-08-22T06:56:57Z] #297 attempt=1/2 status=200 0.446s url=https://www.myfonts.com/collections/geotouch-font-artiveko/
[2026-08-22T06:56:57Z] #298 attempt=1/2 status=200 0.451s url=https://www.myfonts.com/products/timelore-brush-complete-family-package-1205050
[2026-08-22T06:56:58Z] #299 attempt=1/2 status=200 0.503s url=https://www.myfonts.com/collections/timelore-brush-font-get-studio/
[2026-08-22T06:56:59Z] #300 attempt=1/2 status=200 0.470s url=https://www.myfonts.com/products/te-mary-complete-family-package-1204907
[2026-08-22T06:56:59Z] #301 attempt=1/2 status=200 0.469s url=https://www.myfonts.com/collections/te-mary-font-tharwat-emara/
[2026-08-22T06:57:00Z] #302 attempt=1/2 status=200 0.415s url=https://www.myfonts.com/products/nanami-extended-complete-family-package-1205054
[2026-08-22T06:57:01Z] #303 attempt=1/2 status=200 0.547s url=https://www.myfonts.com/collections/nanami-extended-font-thinkdust/
[2026-08-22T06:57:02Z] #304 attempt=1/2 status=200 0.463s url=https://www.myfonts.com/products/kulutu-alt-variable-complete-family-package-1204917
[2026-08-22T06:57:03Z] #305 attempt=1/2 status=200 0.493s url=https://www.myfonts.com/collections/kulutu-alt-variable-font-aukimvisuel/
[2026-08-22T06:57:03Z] #306 attempt=1/2 status=200 0.469s url=https://www.myfonts.com/products/fox-dimsum-complete-family-package-1205045
[2026-08-22T06:57:04Z] #307 attempt=1/2 status=200 0.521s url=https://www.myfonts.com/collections/fox-dimsum-font-fox7/
[2026-08-22T06:57:06Z] #308 attempt=1/6 status=200 1.057s url=https://www.myfonts.com/products.json?limit=100&page=11
[2026-08-22T06:57:06Z] #309 attempt=1/2 status=200 0.408s url=https://www.myfonts.com/products/regular-viona-1205044
[2026-08-22T06:57:07Z] #310 attempt=1/2 status=200 0.391s url=https://www.myfonts.com/collections/viona-font-fontysia/
[2026-08-22T06:57:08Z] #311 attempt=1/2 status=200 0.388s url=https://www.myfonts.com/products/condensed-points-1204906
[2026-08-22T06:57:08Z] #312 attempt=1/2 status=200 0.374s url=https://www.myfonts.com/products/regular-mysthiq-1205043
[2026-08-22T06:57:09Z] #313 attempt=1/2 status=429 0.043s url=https://www.myfonts.com/collections/mysthiq-font-flawlessandco/
[2026-08-22T06:57:11Z] #314 attempt=2/2 status=200 0.433s url=https://www.myfonts.com/collections/mysthiq-font-flawlessandco/
[2026-08-22T06:57:13Z] #315 attempt=1/6 status=200 1.012s url=https://www.myfonts.com/products.json?limit=100&page=12
[2026-08-22T06:57:13Z] #316 attempt=1/2 status=200 0.433s url=https://www.myfonts.com/products/wasabi-regular-wasabi-bubble-1205041
[2026-08-22T06:57:14Z] #317 attempt=1/2 status=200 0.393s url=https://www.myfonts.com/collections/wasabi-bubble-font-eryn-rose-design/
[2026-08-22T06:57:15Z] #318 attempt=1/2 status=200 0.376s url=https://www.myfonts.com/products/regular-philosophia-1205053
[2026-08-22T06:57:15Z] #319 attempt=1/2 status=200 0.321s url=https://www.myfonts.com/collections/philosophia-font-godbless-studio/
[2026-08-22T06:57:16Z] #320 attempt=1/2 status=200 0.371s url=https://www.myfonts.com/products/regular-machy-1205042
[2026-08-22T06:57:17Z] #321 attempt=1/2 status=200 0.407s url=https://www.myfonts.com/collections/machy-font-flawlessandco/
[2026-08-22T06:57:18Z] #322 attempt=1/6 status=200 0.894s url=https://www.myfonts.com/products.json?limit=100&page=13
[2026-08-22T06:57:19Z] #323 attempt=1/6 status=200 0.918s url=https://www.myfonts.com/products.json?limit=100&page=14
[2026-08-22T06:57:20Z] #324 attempt=1/2 status=200 0.460s url=https://www.myfonts.com/products/regular-dark-charis-1205293
[2026-08-22T06:57:20Z] #325 attempt=1/2 status=429 0.028s url=https://www.myfonts.com/collections/dark-charis-font-flawlessandco/
[2026-08-22T06:57:23Z] #326 attempt=2/2 status=200 0.576s url=https://www.myfonts.com/collections/dark-charis-font-flawlessandco/
[2026-08-22T06:57:24Z] #327 attempt=1/2 status=200 0.408s url=https://www.myfonts.com/products/regular-thread-vamp-1205292
[2026-08-22T06:57:25Z] #328 attempt=1/2 status=200 0.428s url=https://www.myfonts.com/collections/thread-vamp-font-product-type/
[2026-08-22T06:57:25Z] #329 attempt=1/2 status=200 0.436s url=https://www.myfonts.com/products/regular-ikilor-thival-1205281
[2026-08-22T06:57:26Z] #330 attempt=1/2 status=200 0.376s url=https://www.myfonts.com/collections/ikilor-thival-font-product-type/
[2026-08-22T06:57:27Z] #331 attempt=1/2 status=200 0.388s url=https://www.myfonts.com/products/regular-chastel-compank-1205091
[2026-08-22T06:57:27Z] #332 attempt=1/2 status=200 0.372s url=https://www.myfonts.com/collections/chastel-compank-font-twinletter/
[2026-08-22T06:57:27Z] #333 attempt=1/2 status=429 0.029s url=https://www.myfonts.com/products/the-ultimate-font-bundle-for-bold-statements-package-1023030
[2026-08-22T06:57:30Z] #334 attempt=2/2 status=200 0.775s url=https://www.myfonts.com/products/the-ultimate-font-bundle-for-bold-statements-package-1023030
[2026-08-22T06:57:31Z] #335 attempt=1/2 status=404 0.262s url=https://www.myfonts.com/collections/the-ultimate-font-bundle-for-bold-statements-font-hyperfluro
[2026-08-22T06:57:32Z] #336 attempt=1/2 status=200 0.674s url=https://www.myfonts.com/products/111-font-bundle-package-951499
[2026-08-22T06:57:32Z] #337 attempt=1/2 status=404 0.224s url=https://www.myfonts.com/collections/111-font-bundle-font-hyperfluro
[2026-08-22T06:57:33Z] #338 attempt=1/2 status=200 0.584s url=https://www.myfonts.com/products/eighty-killer-fonts-one-insane-deal-package-1022813
[2026-08-22T06:57:34Z] #339 attempt=1/2 status=404 0.221s url=https://www.myfonts.com/collections/eighty-killer-fonts-one-insane-deal-font-hyperfluro
[2026-08-22T06:57:34Z] #340 attempt=1/2 status=200 0.452s url=https://www.myfonts.com/products/the-cyberpunk-bundle-package-945589
[2026-08-22T06:57:35Z] #341 attempt=1/2 status=429 0.025s url=https://www.myfonts.com/collections/the-cyberpunk-bundle-font-hyperfluro
[2026-08-22T06:57:37Z] #342 attempt=2/2 status=404 0.408s url=https://www.myfonts.com/collections/the-cyberpunk-bundle-font-hyperfluro
[2026-08-22T06:57:38Z] #343 attempt=1/2 status=200 0.824s url=https://www.myfonts.com/products/thinkdust-nanami-font-bundle-package-863063
[2026-08-22T06:57:39Z] #344 attempt=1/2 status=404 0.281s url=https://www.myfonts.com/collections/thinkdust-nanami-font-bundle-font-hyperfluro
[2026-08-22T06:57:39Z] #345 attempt=1/2 status=200 0.481s url=https://www.myfonts.com/products/thinkdust-nanami-font-bundle-package-857723
[2026-08-22T06:57:40Z] #346 attempt=1/2 status=404 0.274s url=https://www.myfonts.com/collections/thinkdust-nanami-font-bundle-font-hyperfluro
[2026-08-22T06:57:40Z] #347 attempt=1/2 status=429 0.066s url=https://www.myfonts.com/products/the-divine-font-bundle-package-945588
[2026-08-22T06:57:43Z] #348 attempt=2/2 status=200 0.500s url=https://www.myfonts.com/products/the-divine-font-bundle-package-945588
[2026-08-22T06:57:43Z] #349 attempt=1/2 status=404 0.283s url=https://www.myfonts.com/collections/the-divine-font-bundle-font-hyperfluro
[2026-08-22T06:57:44Z] #350 attempt=1/2 status=200 0.435s url=https://www.myfonts.com/products/regular-ez-humpkin-1205084
[2026-08-22T06:57:45Z] #351 attempt=1/2 status=200 0.678s url=https://www.myfonts.com/collections/ez-humpkin-font-zafara-studios/
[2026-08-22T06:57:46Z] #352 attempt=1/2 status=200 0.382s url=https://www.myfonts.com/products/regular-brovan-1205067
[2026-08-22T06:57:46Z] #353 attempt=1/2 status=200 0.482s url=https://www.myfonts.com/collections/brovan-font-illushvara/
[2026-08-22T06:57:47Z] #354 attempt=1/2 status=200 0.388s url=https://www.myfonts.com/products/bold-revoid-1205074
[2026-08-22T06:57:47Z] #355 attempt=1/2 status=429 0.050s url=https://www.myfonts.com/collections/revoid-font-limitype/
[2026-08-22T06:57:50Z] #356 attempt=2/2 status=200 0.522s url=https://www.myfonts.com/collections/revoid-font-limitype/
[2026-08-22T06:57:51Z] #357 attempt=1/2 status=200 0.396s url=https://www.myfonts.com/products/regular-diamond-well-1205073
[2026-08-22T06:57:51Z] #358 attempt=1/2 status=200 0.396s url=https://www.myfonts.com/collections/diamond-well-font-letterhanna-studio/
[2026-08-22T06:57:52Z] #359 attempt=1/2 status=200 0.420s url=https://www.myfonts.com/products/regular-megalme-1205072
[2026-08-22T06:57:53Z] #360 attempt=1/2 status=200 0.387s url=https://www.myfonts.com/collections/megalme-font-mega-type/
[2026-08-22T06:57:53Z] #361 attempt=1/2 status=200 0.369s url=https://www.myfonts.com/products/regular-lumera-editorial-1205068
[2026-08-22T06:57:53Z] #362 attempt=1/2 status=429 0.036s url=https://www.myfonts.com/collections/lumera-editorial-font-jinan-studio/
[2026-08-22T06:57:56Z] #363 attempt=2/2 status=200 0.428s url=https://www.myfonts.com/collections/lumera-editorial-font-jinan-studio/
[2026-08-22T06:57:57Z] #364 attempt=1/2 status=200 0.364s url=https://www.myfonts.com/products/variable-font-tally-pixel-1204916
[2026-08-22T06:57:57Z] #365 attempt=1/2 status=200 0.373s url=https://www.myfonts.com/collections/tally-pixel-font-attype-studio/
[2026-08-22T06:57:58Z] #366 attempt=1/2 status=200 0.523s url=https://www.myfonts.com/products/gatich-sans-complete-family-package-1204711
[2026-08-22T06:57:59Z] #367 attempt=1/2 status=200 0.599s url=https://www.myfonts.com/collections/gatich-sans-font-sealoung/
[2026-08-22T06:58:00Z] #368 attempt=1/2 status=200 1.008s url=https://www.myfonts.com/products/selogia-complete-family-package-1180483
[2026-08-22T06:58:03Z] #369 attempt=1/2 status=200 1.958s url=https://www.myfonts.com/collections/selogia-font-trick-type-style/
[2026-08-22T06:58:04Z] #370 attempt=1/2 status=200 0.386s url=https://www.myfonts.com/products/enormous-progress-complete-family-package-1204911
[2026-08-22T06:58:04Z] #371 attempt=1/2 status=200 0.424s url=https://www.myfonts.com/collections/enormous-progress-font-177studio/
[2026-08-22T06:58:05Z] #372 attempt=1/2 status=200 0.439s url=https://www.myfonts.com/products/tazugane-gothic-body-text-collection-package-1204905
[2026-08-22T06:58:06Z] #373 attempt=1/2 status=200 0.615s url=https://www.myfonts.com/collections/tazugane-gothic-font-monotype-imaging/
[2026-08-22T06:58:07Z] #374 attempt=1/2 status=200 0.400s url=https://www.myfonts.com/products/radiant-extra-condensed-ct-complete-family-package-1204902
[2026-08-22T06:58:07Z] #375 attempt=1/2 status=200 0.398s url=https://www.myfonts.com/collections/radiant-extra-condensed-ct-font-castletype/
[2026-08-22T06:58:08Z] #376 attempt=1/2 status=200 0.414s url=https://www.myfonts.com/products/regular-kidicate-1195073
[2026-08-22T06:58:08Z] #377 attempt=1/2 status=429 0.027s url=https://www.myfonts.com/collections/kidicate-font-steptype/
[2026-08-22T06:58:11Z] #378 attempt=2/2 status=200 0.524s url=https://www.myfonts.com/collections/kidicate-font-steptype/
[2026-08-22T06:58:13Z] #379 attempt=1/6 status=200 0.952s url=https://www.myfonts.com/products.json?limit=100&page=15
[2026-08-22T06:58:13Z] #380 attempt=1/2 status=200 0.377s url=https://www.myfonts.com/products/regular-midnil-brush-1204915
[2026-08-22T06:58:14Z] #381 attempt=1/2 status=200 0.435s url=https://www.myfonts.com/collections/midnil-brush-font-arif-novianto/
[2026-08-22T06:58:15Z] #382 attempt=1/2 status=200 0.425s url=https://www.myfonts.com/products/regular-barsey-1204914
[2026-08-22T06:58:15Z] #383 attempt=1/2 status=200 0.406s url=https://www.myfonts.com/collections/barsey-font-anxietype-foundry/
[2026-08-22T06:58:16Z] #384 attempt=1/2 status=200 0.426s url=https://www.myfonts.com/products/almai-complete-family-package-1204106
[2026-08-22T06:58:17Z] #385 attempt=1/2 status=200 0.568s url=https://www.myfonts.com/collections/almai-font-eisa-aleisa/
[2026-08-22T06:58:18Z] #386 attempt=1/2 status=200 0.912s url=https://www.myfonts.com/products/salicraft-complete-family-package-1204710
[2026-08-22T06:58:19Z] #387 attempt=1/2 status=200 1.097s url=https://www.myfonts.com/collections/salicraft-font-gatype/
[2026-08-22T06:58:21Z] #388 attempt=1/2 status=200 1.392s url=https://www.myfonts.com/products/brunella-script-complete-family-package-1204566
[2026-08-22T06:58:23Z] #389 attempt=1/2 status=200 1.757s url=https://www.myfonts.com/collections/brunella-script-font-seniors-studio/
[2026-08-22T06:58:24Z] #390 attempt=1/2 status=200 0.519s url=https://www.myfonts.com/products/cheap-as-chips-pro-complete-family-package-1204074
[2026-08-22T06:58:25Z] #391 attempt=1/2 status=200 0.481s url=https://www.myfonts.com/collections/cheap-as-chips-pro-font-hanoded/
[2026-08-22T06:58:27Z] #392 attempt=1/2 status=200 1.403s url=https://www.myfonts.com/products/trion-sans-complete-family-package-1204241
[2026-08-22T06:58:30Z] #393 attempt=1/2 status=200 2.855s url=https://www.myfonts.com/collections/trion-sans-font-trick-type-style/
[2026-08-22T06:58:32Z] #394 attempt=1/2 status=200 0.466s url=https://www.myfonts.com/products/thegora-complete-family-package-1204232
[2026-08-22T06:58:32Z] #395 attempt=1/2 status=200 0.431s url=https://www.myfonts.com/collections/thegora-font-vermilione/
[2026-08-22T06:58:33Z] #396 attempt=1/2 status=200 0.498s url=https://www.myfonts.com/products/avelind-complete-family-package-1204221
[2026-08-22T06:58:34Z] #397 attempt=1/2 status=200 0.477s url=https://www.myfonts.com/collections/avelind-font-font-liner/
[2026-08-22T06:58:34Z] #398 attempt=1/2 status=200 0.394s url=https://www.myfonts.com/products/cuano-complete-family-package-1204195
[2026-08-22T06:58:35Z] #399 attempt=1/2 status=200 0.474s url=https://www.myfonts.com/collections/cuano-font-viaction-type/
[2026-08-22T06:58:36Z] #400 attempt=1/2 status=200 0.526s url=https://www.myfonts.com/products/luxable-formal-package-1204224
[2026-08-22T06:58:37Z] #401 attempt=1/2 status=200 1.005s url=https://www.myfonts.com/collections/luxable-font-varifont/
[2026-08-22T06:58:38Z] #402 attempt=1/2 status=200 0.537s url=https://www.myfonts.com/products/cute-aurora-complete-family-package-1204079
[2026-08-22T06:58:39Z] #403 attempt=1/2 status=200 0.440s url=https://www.myfonts.com/collections/cute-aurora-font-611-studio/
[2026-08-22T06:58:40Z] #404 attempt=1/2 status=200 0.525s url=https://www.myfonts.com/products/makayoi-complete-family-package-1204192
[2026-08-22T06:58:41Z] #405 attempt=1/2 status=200 0.941s url=https://www.myfonts.com/collections/makayoi-font-typeclassheroes/
[2026-08-22T06:58:42Z] #406 attempt=1/2 status=200 0.473s url=https://www.myfonts.com/products/sf-nuha-solid-complete-family-package-1204180
[2026-08-22T06:58:42Z] #407 attempt=1/2 status=200 0.569s url=https://www.myfonts.com/collections/sf-nuha-solid-font-sultan-fonts/
[2026-08-22T06:58:43Z] #408 attempt=1/2 status=200 0.419s url=https://www.myfonts.com/products/celineso-aroma-complete-family-package-1204189
[2026-08-22T06:58:44Z] #409 attempt=1/2 status=200 0.439s url=https://www.myfonts.com/collections/celineso-aroma-font-timelesstype-studio/
[2026-08-22T06:58:45Z] #410 attempt=1/2 status=200 0.435s url=https://www.myfonts.com/products/windraw-aesthetic-complete-family-package-1204086
[2026-08-22T06:58:45Z] #411 attempt=1/2 status=200 0.475s url=https://www.myfonts.com/collections/windraw-aesthetic-font-arterfak-project/
[2026-08-22T06:58:46Z] #412 attempt=1/2 status=200 0.530s url=https://www.myfonts.com/products/sofithanks-complete-family-package-1204177
[2026-08-22T06:58:47Z] #413 attempt=1/2 status=200 0.436s url=https://www.myfonts.com/collections/sofithanks-font-stylishtype-studio/
[2026-08-22T06:58:48Z] #414 attempt=1/2 status=200 0.488s url=https://www.myfonts.com/products/ricket-complete-family-package-1204110
[2026-08-22T06:58:48Z] #415 attempt=1/2 status=200 0.470s url=https://www.myfonts.com/collections/ricket-font-flavortype/
[2026-08-22T06:58:49Z] #416 attempt=1/2 status=200 0.488s url=https://www.myfonts.com/products/silk-serif-variable-complete-family-package-1204173
[2026-08-22T06:58:50Z] #417 attempt=1/2 status=200 0.571s url=https://www.myfonts.com/collections/silk-serif-variable-font-silktype/
[2026-08-22T06:58:51Z] #418 attempt=1/2 status=200 0.429s url=https://www.myfonts.com/products/glimore-complete-family-package-1204138
[2026-08-22T06:58:51Z] #419 attempt=1/2 status=200 0.407s url=https://www.myfonts.com/collections/glimore-font-font-liner/
[2026-08-22T06:58:52Z] #420 attempt=1/2 status=200 0.480s url=https://www.myfonts.com/products/alinistic-complete-family-package-1204186
[2026-08-22T06:58:53Z] #421 attempt=1/2 status=200 0.390s url=https://www.myfonts.com/collections/alinistic-font-syntype/
[2026-08-22T06:58:53Z] #422 attempt=1/2 status=200 0.410s url=https://www.myfonts.com/products/sunshine-vacation-complete-family-package-1204098
[2026-08-22T06:58:54Z] #423 attempt=1/2 status=200 0.499s url=https://www.myfonts.com/collections/sunshine-vacation-font-cocodesign/
[2026-08-22T06:58:54Z] #424 attempt=1/2 status=429 0.039s url=https://www.myfonts.com/products/white-ascents-complete-family-package-1204092
[2026-08-22T06:58:57Z] #425 attempt=2/2 status=200 0.444s url=https://www.myfonts.com/products/white-ascents-complete-family-package-1204092
[2026-08-22T06:58:58Z] #426 attempt=1/2 status=200 0.432s url=https://www.myfonts.com/collections/white-ascents-font-bale-type/
[2026-08-22T06:58:58Z] #427 attempt=1/2 status=200 0.492s url=https://www.myfonts.com/products/the-lumina-awesome-complete-family-package-1204158
[2026-08-22T06:58:59Z] #428 attempt=1/2 status=200 0.467s url=https://www.myfonts.com/collections/the-lumina-awesome-font-zane-studio/
[2026-08-22T06:59:00Z] #429 attempt=1/2 status=200 0.393s url=https://www.myfonts.com/products/ccs-neue-carla-sans-complete-family-package-1204101
[2026-08-22T06:59:01Z] #430 attempt=1/2 status=200 0.440s url=https://www.myfonts.com/collections/ccs-neue-carla-sans-font-creative-corner-studio/
[2026-08-22T06:59:01Z] #431 attempt=1/2 status=200 0.434s url=https://www.myfonts.com/products/goliathus-rounded-complete-family-package-1204115
[2026-08-22T06:59:02Z] #432 attempt=1/2 status=200 0.580s url=https://www.myfonts.com/collections/goliathus-rounded-font-ghozai-studio/
[2026-08-22T06:59:02Z] #433 attempt=1/2 status=429 0.027s url=https://www.myfonts.com/products/relaku-complete-family-package-1204198
[2026-08-22T06:59:05Z] #434 attempt=2/2 status=200 0.564s url=https://www.myfonts.com/products/relaku-complete-family-package-1204198
[2026-08-22T06:59:06Z] #435 attempt=1/2 status=200 0.440s url=https://www.myfonts.com/collections/relaku-font-zaain-type/
[2026-08-22T06:59:07Z] #436 attempt=1/2 status=200 0.411s url=https://www.myfonts.com/products/cheering-section-pro-complete-family-package-1204071
[2026-08-22T06:59:07Z] #437 attempt=1/2 status=200 0.487s url=https://www.myfonts.com/collections/cheering-section-pro-font-hanoded/
[2026-08-22T06:59:08Z] #438 attempt=1/2 status=200 0.420s url=https://www.myfonts.com/products/redgato-complete-family-package-1204134
[2026-08-22T06:59:09Z] #439 attempt=1/2 status=200 0.461s url=https://www.myfonts.com/collections/redgato-font-get-studio/
[2026-08-22T06:59:10Z] #440 attempt=1/2 status=200 0.437s url=https://www.myfonts.com/products/cobweb-afternoon-pro-complete-family-package-1204064
[2026-08-22T06:59:10Z] #441 attempt=1/2 status=200 0.535s url=https://www.myfonts.com/collections/cobweb-afternoon-pro-font-hanoded/
[2026-08-22T06:59:11Z] #442 attempt=1/2 status=200 0.451s url=https://www.myfonts.com/products/sunday-poetry-complete-family-package-1204082
[2026-08-22T06:59:11Z] #443 attempt=1/2 status=429 0.032s url=https://www.myfonts.com/collections/sunday-poetry-font-andrewpixel/
[2026-08-22T06:59:14Z] #444 attempt=2/2 status=200 0.660s url=https://www.myfonts.com/collections/sunday-poetry-font-andrewpixel/
[2026-08-22T06:59:15Z] #445 attempt=1/2 status=200 0.552s url=https://www.myfonts.com/products/royal-blast-complete-family-package-1204089
[2026-08-22T06:59:16Z] #446 attempt=1/2 status=200 0.473s url=https://www.myfonts.com/collections/royal-blast-font-asbill-studio/
[2026-08-22T06:59:17Z] #447 attempt=1/2 status=200 0.734s url=https://www.myfonts.com/products/catiler-complete-family-package-1204679
[2026-08-22T06:59:18Z] #448 attempt=1/2 status=200 1.429s url=https://www.myfonts.com/collections/catiler-font-gatype/
[2026-08-22T06:59:20Z] #449 attempt=1/6 status=200 0.944s url=https://www.myfonts.com/products.json?limit=100&page=16
[2026-08-22T06:59:21Z] #450 attempt=1/2 status=200 0.474s url=https://www.myfonts.com/products/mostern-mostern-1204114
[2026-08-22T06:59:22Z] #451 attempt=1/2 status=200 0.449s url=https://www.myfonts.com/collections/mostern-font-habitype/
[2026-08-22T06:59:22Z] #452 attempt=1/2 status=200 0.416s url=https://www.myfonts.com/products/regular-shady-rocks-1204150
[2026-08-22T06:59:23Z] #453 attempt=1/2 status=200 0.391s url=https://www.myfonts.com/collections/shady-rocks-font-littlehand/
[2026-08-22T06:59:24Z] #454 attempt=1/2 status=200 0.430s url=https://www.myfonts.com/products/regular-gevilra-1204113
[2026-08-22T06:59:24Z] #455 attempt=1/2 status=200 0.398s url=https://www.myfonts.com/collections/gevilra-font-flawlessandco/
[2026-08-22T06:59:26Z] #456 attempt=1/6 status=200 0.992s url=https://www.myfonts.com/products.json?limit=100&page=17
[2026-08-22T06:59:27Z] #457 attempt=1/6 status=200 0.968s url=https://www.myfonts.com/products.json?limit=100&page=18
[2026-08-22T06:59:29Z] #458 attempt=1/6 status=200 0.888s url=https://www.myfonts.com/products.json?limit=100&page=19
[2026-08-22T06:59:30Z] #459 attempt=1/2 status=200 0.478s url=https://www.myfonts.com/products/slant-sbrougher-1204238
[2026-08-22T06:59:30Z] #460 attempt=1/2 status=200 0.705s url=https://www.myfonts.com/collections/sbrougher-font-griyotype/
[2026-08-22T06:59:32Z] #461 attempt=1/6 status=200 0.954s url=https://www.myfonts.com/products.json?limit=100&page=20
[2026-08-22T06:59:33Z] #462 attempt=1/2 status=200 0.568s url=https://www.myfonts.com/products/regular-starbuth-1204235
[2026-08-22T06:59:34Z] #463 attempt=1/2 status=200 0.488s url=https://www.myfonts.com/collections/starbuth-font-syafbe/
[2026-08-22T06:59:35Z] #464 attempt=1/6 status=200 1.023s url=https://www.myfonts.com/products.json?limit=100&page=21
[2026-08-22T06:59:36Z] #465 attempt=1/2 status=200 0.417s url=https://www.myfonts.com/products/regular-zumpy-1204239
[2026-08-22T06:59:37Z] #466 attempt=1/2 status=200 0.528s url=https://www.myfonts.com/collections/zumpy-font-ezinxo-foundry/
[2026-08-22T06:59:37Z] #467 attempt=1/2 status=200 0.433s url=https://www.myfonts.com/products/regular-theodore-hamilton-1204240
[2026-08-22T06:59:38Z] #468 attempt=1/2 status=200 0.473s url=https://www.myfonts.com/collections/theodore-hamilton-font-lemonthe/
[2026-08-22T06:59:39Z] #469 attempt=1/2 status=200 0.455s url=https://www.myfonts.com/products/regular-kawasemi-1204172
[2026-08-22T06:59:39Z] #470 attempt=1/2 status=200 0.411s url=https://www.myfonts.com/collections/kawasemi-font-myhandwritings/
[2026-08-22T06:59:40Z] #471 attempt=1/2 status=200 0.433s url=https://www.myfonts.com/products/regular-paffilo-1204185
[2026-08-22T06:59:40Z] #472 attempt=1/2 status=429 0.058s url=https://www.myfonts.com/collections/paffilo-font-syauqi-studio/
[2026-08-22T06:59:43Z] #473 attempt=2/2 status=200 0.551s url=https://www.myfonts.com/collections/paffilo-font-syauqi-studio/
[2026-08-22T06:59:44Z] #474 attempt=1/2 status=200 0.437s url=https://www.myfonts.com/products/regular-rf-rack-1204170
[2026-08-22T06:59:44Z] #475 attempt=1/2 status=200 0.439s url=https://www.myfonts.com/collections/rf-rack-font-renegade-fonts/
[2026-08-22T06:59:45Z] #476 attempt=1/2 status=200 0.367s url=https://www.myfonts.com/products/regular-demise-1204171
[2026-08-22T06:59:46Z] #477 attempt=1/2 status=200 0.445s url=https://www.myfonts.com/collections/demise-font-reyrey-blue-std/
[2026-08-22T06:59:47Z] #478 attempt=1/2 status=200 0.413s url=https://www.myfonts.com/products/regular-melta-bubbly-1204176
[2026-08-22T06:59:47Z] #479 attempt=1/2 status=200 0.419s url=https://www.myfonts.com/collections/melta-bubbly-font-struvictory-art/
[2026-08-22T06:59:48Z] #480 attempt=1/2 status=200 0.431s url=https://www.myfonts.com/products/dustnote-scribble-complete-family-package-1204155
[2026-08-22T06:59:48Z] #481 attempt=1/2 status=429 0.033s url=https://www.myfonts.com/collections/dustnote-scribble-font-prioritype/
[2026-08-22T06:59:51Z] #482 attempt=2/2 status=200 0.544s url=https://www.myfonts.com/collections/dustnote-scribble-font-prioritype/
[2026-08-22T06:59:52Z] #483 attempt=1/2 status=200 0.424s url=https://www.myfonts.com/products/regular-nmmeltingchocolate-1204153
[2026-08-22T06:59:52Z] #484 attempt=1/2 status=200 0.376s url=https://www.myfonts.com/collections/nmmeltingchocolate-font-norm/
[2026-08-22T06:59:53Z] #485 attempt=1/2 status=200 0.393s url=https://www.myfonts.com/products/regular-prak-phonical-1204154
[2026-08-22T06:59:54Z] #486 attempt=1/2 status=200 0.413s url=https://www.myfonts.com/collections/prak-phonical-font-praktypes/
[2026-08-22T06:59:54Z] #487 attempt=1/2 status=200 0.401s url=https://www.myfonts.com/products/rawflesia-regular-rawflesia-hand-drawn-font-1204152
[2026-08-22T06:59:55Z] #488 attempt=1/2 status=200 0.442s url=https://www.myfonts.com/collections/rawflesia-hand-drawn-font-font-mufara-studio/
[2026-08-22T06:59:55Z] #489 attempt=1/2 status=429 0.040s url=https://www.myfonts.com/products/mix-max-volume-regular-max-volume-1204151
[2026-08-22T06:59:58Z] #490 attempt=2/2 status=200 0.460s url=https://www.myfonts.com/products/mix-max-volume-regular-max-volume-1204151
[2026-08-22T06:59:59Z] #491 attempt=1/2 status=200 0.375s url=https://www.myfonts.com/collections/max-volume-font-mix-fonts/
[2026-08-22T06:59:59Z] #492 attempt=1/2 status=200 0.427s url=https://www.myfonts.com/products/jinzero-complete-family-package-1164576
[2026-08-22T07:00:00Z] #493 attempt=1/2 status=200 0.580s url=https://www.myfonts.com/collections/jinzero-font-zafara-studios/
[2026-08-22T07:00:00Z] #494 attempt=1/2 status=429 0.030s url=https://www.myfonts.com/products/fulava-complete-family-package-1204144
[2026-08-22T07:00:03Z] #495 attempt=2/2 status=200 0.475s url=https://www.myfonts.com/products/fulava-complete-family-package-1204144
[2026-08-22T07:00:04Z] #496 attempt=1/2 status=200 0.467s url=https://www.myfonts.com/collections/fulava-font-illushvara/
[2026-08-22T07:00:05Z] #497 attempt=1/2 status=200 0.430s url=https://www.myfonts.com/products/renicey-complete-family-package-1204141
[2026-08-22T07:00:05Z] #498 attempt=1/2 status=200 0.486s url=https://www.myfonts.com/collections/renicey-font-hasnat-studio/
[2026-08-22T07:00:06Z] #499 attempt=1/2 status=200 0.392s url=https://www.myfonts.com/products/regular-oldisire-script-1204148
[2026-08-22T07:00:07Z] #500 attempt=1/2 status=200 0.444s url=https://www.myfonts.com/collections/oldisire-script-font-jolicia-type/
[2026-08-22T07:00:07Z] #501 attempt=1/2 status=200 0.409s url=https://www.myfonts.com/products/regular-raissa-1168084
[2026-08-22T07:00:08Z] #502 attempt=1/2 status=200 0.422s url=https://www.myfonts.com/collections/raissa-font-typoraith-co/
[2026-08-22T07:00:10Z] #503 attempt=1/6 status=200 0.967s url=https://www.myfonts.com/products.json?limit=100&page=22
[2026-08-22T07:00:10Z] #504 attempt=1/2 status=200 0.376s url=https://www.myfonts.com/products/regular-floralice-1204097
[2026-08-22T07:00:10Z] #505 attempt=1/2 status=429 0.038s url=https://www.myfonts.com/collections/floralice-font-claymoon-lab-studio/
[2026-08-22T07:00:13Z] #506 attempt=2/2 status=200 0.440s url=https://www.myfonts.com/collections/floralice-font-claymoon-lab-studio/
[2026-08-22T07:00:14Z] #507 attempt=1/2 status=200 0.386s url=https://www.myfonts.com/products/regular-waterboy-1204109
[2026-08-22T07:00:14Z] #508 attempt=1/2 status=200 0.415s url=https://www.myfonts.com/collections/waterboy-font-epiclinez/
[2026-08-22T07:00:15Z] #509 attempt=1/2 status=200 0.408s url=https://www.myfonts.com/products/regular-bandosa-1204096
[2026-08-22T07:00:16Z] #510 attempt=1/2 status=200 0.519s url=https://www.myfonts.com/collections/bandosa-font-blankids/
[2026-08-22T07:00:17Z] #511 attempt=1/2 status=200 0.384s url=https://www.myfonts.com/products/regular-ac-leafs-1204085
[2026-08-22T07:00:17Z] #512 attempt=1/2 status=200 0.341s url=https://www.myfonts.com/collections/ac-leafs-font-antoine-crama/
[2026-08-22T07:00:17Z] #513 attempt=1/2 status=429 0.027s url=https://www.myfonts.com/products/regular-strum-genks-1204095
[2026-08-22T07:00:20Z] #514 attempt=2/2 status=200 0.517s url=https://www.myfonts.com/products/regular-strum-genks-1204095
[2026-08-22T07:00:21Z] #515 attempt=1/2 status=200 0.456s url=https://www.myfonts.com/collections/strum-genks-font-black-junst/
[2026-08-22T07:00:22Z] #516 attempt=1/2 status=200 0.434s url=https://www.myfonts.com/products/regular-baroth-1204149
[2026-08-22T07:00:22Z] #517 attempt=1/2 status=200 0.477s url=https://www.myfonts.com/collections/baroth-font-koplexs-studio/
[2026-08-22T07:00:23Z] #518 attempt=1/2 status=200 0.409s url=https://www.myfonts.com/products/regular-chunky-sprout-1204147
[2026-08-22T07:00:24Z] #519 attempt=1/2 status=200 0.440s url=https://www.myfonts.com/collections/chunky-sprout-font-imoodev/
[2026-08-22T07:00:25Z] #520 attempt=1/2 status=200 0.952s url=https://www.myfonts.com/products/dravion-serif-complete-family-package-1203842
[2026-08-22T07:00:28Z] #521 attempt=1/2 status=200 2.434s url=https://www.myfonts.com/collections/dravion-serif-font-keren-studio/
[2026-08-22T07:00:29Z] #522 attempt=1/2 status=200 0.523s url=https://www.myfonts.com/products/yoon-urbanmodern-complete-family-package-1204025
[2026-08-22T07:00:30Z] #523 attempt=1/2 status=200 0.514s url=https://www.myfonts.com/collections/yoon-urbanmodern-font-yoon-design/
[2026-08-22T07:00:31Z] #524 attempt=1/2 status=200 0.803s url=https://www.myfonts.com/products/midland-luxury-complete-family-package-1203506
[2026-08-22T07:00:33Z] #525 attempt=1/2 status=200 1.414s url=https://www.myfonts.com/collections/midland-luxury-font-areatype/
[2026-08-22T07:00:34Z] #526 attempt=1/2 status=200 1.348s url=https://www.myfonts.com/products/callisen-complete-family-package-1203600
[2026-08-22T07:00:37Z] #527 attempt=1/2 status=200 2.127s url=https://www.myfonts.com/collections/callisen-font-zane-studio/
[2026-08-22T07:00:38Z] #528 attempt=1/2 status=200 0.436s url=https://www.myfonts.com/products/helio-rainbow-serif-complete-family-package-1203834
[2026-08-22T07:00:39Z] #529 attempt=1/2 status=200 0.583s url=https://www.myfonts.com/collections/helio-rainbow-serif-font-wacaksara-co/
[2026-08-22T07:00:40Z] #530 attempt=1/2 status=200 0.557s url=https://www.myfonts.com/products/blue-talk-complete-family-package-1203826
[2026-08-22T07:00:41Z] #531 attempt=1/2 status=200 0.584s url=https://www.myfonts.com/collections/blue-talk-font-pizzadude-dk/
[2026-08-22T07:00:41Z] #532 attempt=1/2 status=200 0.458s url=https://www.myfonts.com/products/the-villas-complete-family-package-1203837
[2026-08-22T07:00:42Z] #533 attempt=1/2 status=200 0.471s url=https://www.myfonts.com/collections/the-villas-font-nollev/
[2026-08-22T07:00:43Z] #534 attempt=1/2 status=200 0.450s url=https://www.myfonts.com/products/genya-complete-family-package-1203814
[2026-08-22T07:00:43Z] #535 attempt=1/2 status=200 0.473s url=https://www.myfonts.com/collections/genya-font-vermilione/
[2026-08-22T07:00:44Z] #536 attempt=1/2 status=200 0.489s url=https://www.myfonts.com/products/ringold-complete-family-package-1204062
[2026-08-22T07:00:45Z] #537 attempt=1/2 status=200 0.586s url=https://www.myfonts.com/collections/ringold-font-bijou-type/
[2026-08-22T07:00:47Z] #538 attempt=1/2 status=200 1.188s url=https://www.myfonts.com/products/soft-package-1204061
[2026-08-22T07:00:50Z] #539 attempt=1/2 status=200 2.969s url=https://www.myfonts.com/collections/norvixa-font-ajibatype/
[2026-08-22T07:00:52Z] #540 attempt=1/6 status=200 0.931s url=https://www.myfonts.com/products.json?limit=100&page=23
[2026-08-22T07:00:53Z] #541 attempt=1/2 status=200 0.407s url=https://www.myfonts.com/products/geome-cute-complete-family-package-1203789
[2026-08-22T07:00:53Z] #542 attempt=1/2 status=200 0.460s url=https://www.myfonts.com/collections/geome-cute-font-kalam/
[2026-08-22T07:00:54Z] #543 attempt=1/2 status=200 0.411s url=https://www.myfonts.com/products/euples-complete-family-package-1203818
[2026-08-22T07:00:55Z] #544 attempt=1/2 status=200 0.451s url=https://www.myfonts.com/collections/euples-font-hasnat-studio/
[2026-08-22T07:00:56Z] #545 attempt=1/2 status=200 0.500s url=https://www.myfonts.com/products/rutro-complete-family-package-1204051
[2026-08-22T07:00:56Z] #546 attempt=1/2 status=200 0.537s url=https://www.myfonts.com/collections/rutro-font-artiveko/
[2026-08-22T07:00:57Z] #547 attempt=1/2 status=200 0.475s url=https://www.myfonts.com/products/amora-maison-complete-family-package-1204054
[2026-08-22T07:00:58Z] #548 attempt=1/2 status=200 0.521s url=https://www.myfonts.com/collections/amora-maison-font-maghrib-type/
[2026-08-22T07:00:59Z] #549 attempt=1/2 status=200 0.830s url=https://www.myfonts.com/products/cotnes-complete-family-package-1203696
[2026-08-22T07:01:01Z] #550 attempt=1/2 status=200 1.341s url=https://www.myfonts.com/collections/cotnes-font-aqeela-studio/
[2026-08-22T07:01:02Z] #551 attempt=1/2 status=200 0.493s url=https://www.myfonts.com/products/rigflek-complete-family-package-1203830
[2026-08-22T07:01:02Z] #552 attempt=1/2 status=200 0.474s url=https://www.myfonts.com/collections/rigflek-font-timelesstype-studio/
[2026-08-22T07:01:03Z] #553 attempt=1/2 status=200 0.477s url=https://www.myfonts.com/products/tbj-pros-vogen-complete-family-package-1200311
[2026-08-22T07:01:04Z] #554 attempt=1/2 status=200 0.540s url=https://www.myfonts.com/collections/tbj-pros-vogen-font-taboja-studio/
[2026-08-22T07:01:05Z] #555 attempt=1/2 status=200 0.453s url=https://www.myfonts.com/products/sf-nuha-complete-family-package-1204045
[2026-08-22T07:01:06Z] #556 attempt=1/2 status=200 0.557s url=https://www.myfonts.com/collections/sf-nuha-font-sultan-fonts/
[2026-08-22T07:01:06Z] #557 attempt=1/2 status=200 0.383s url=https://www.myfonts.com/products/merida-coast-complete-family-package-1204028
[2026-08-22T07:01:07Z] #558 attempt=1/2 status=200 0.491s url=https://www.myfonts.com/collections/merida-coast-font-letterhend/
[2026-08-22T07:01:08Z] #559 attempt=1/2 status=200 0.609s url=https://www.myfonts.com/products/novaform-complete-family-package-1203793
[2026-08-22T07:01:09Z] #560 attempt=1/2 status=200 0.774s url=https://www.myfonts.com/collections/novaform-font-moritz-kleinsorge/
[2026-08-22T07:01:10Z] #561 attempt=1/2 status=200 0.472s url=https://www.myfonts.com/products/regular-nmsweetsnow-1203840
[2026-08-22T07:01:10Z] #562 attempt=1/2 status=200 0.407s url=https://www.myfonts.com/collections/nmsweetsnow-font-norm/
[2026-08-22T07:01:11Z] #563 attempt=1/2 status=200 0.426s url=https://www.myfonts.com/products/regular-evoire-1203833
[2026-08-22T07:01:12Z] #564 attempt=1/2 status=200 0.408s url=https://www.myfonts.com/collections/evoire-font-rasio-studio/
[2026-08-22T07:01:13Z] #565 attempt=1/6 status=200 0.911s url=https://www.myfonts.com/products.json?limit=100&page=24
[2026-08-22T07:01:14Z] #566 attempt=1/2 status=200 0.405s url=https://www.myfonts.com/products/regular-nmoriginalcute-1203841
[2026-08-22T07:01:14Z] #567 attempt=1/2 status=200 0.390s url=https://www.myfonts.com/collections/nmoriginalcute-font-norm/
[2026-08-22T07:01:16Z] #568 attempt=1/6 status=200 0.977s url=https://www.myfonts.com/products.json?limit=100&page=25
[2026-08-22T07:01:16Z] summary releases=50 first_429=(83, 'https://www.myfonts.com/products/regular-sunday-society-1206297', 0.03328251838684082) log_file=state/myfonts_run_20260822_065220.log
[2026-08-22T07:01:16Z] === MyFonts crawl end ===
