[2026-07-02T09:27:15Z] checkpoint fresh next_page=1 path=state/myfonts_crawl_checkpoint.json
[2026-07-02T09:27:15Z] === MyFonts crawl start source=myfonts ===
[2026-07-02T09:27:15Z] config max_pages=25 page_size=100 start_date=2026-07-01 end_date=2026-07-02 api_delay=0.5s detail_delay=0.2s max_debut_checks=400 max_tech_specs_checks=200 reuse_success_profile=False always_enrich_packages=True language_script_signal_mode=strong force_fresh_run=False start_page=1 browser_mode=False browser_headless=True browser_storage_state_path=state/myfonts_storage_state.json
[2026-07-02T09:27:16Z] #1 attempt=1/6 status=200 1.108s url=https://www.myfonts.com/products.json?limit=100&page=1
[2026-07-02T09:27:17Z] #2 attempt=1/2 status=200 0.417s url=https://www.myfonts.com/products/oblique-package-1175026
[2026-07-02T09:27:18Z] #3 attempt=1/2 status=200 0.843s url=https://www.myfonts.com/collections/auranix-expanded-font-jinan-studio/
[2026-07-02T09:27:19Z] #4 attempt=1/2 status=200 1.003s url=https://www.myfonts.com/collections/auranix-expanded-font-jinan-studio/?tab=techSpecs
[2026-07-02T09:27:21Z] #5 attempt=1/2 status=200 0.344s url=https://www.myfonts.com/products/extra-bold-oblique-finlado-1175111
[2026-07-02T09:27:21Z] #6 attempt=1/2 status=200 0.623s url=https://www.myfonts.com/collections/finlado-font-bartama-graphic/
[2026-07-02T09:27:22Z] #7 attempt=1/2 status=200 0.633s url=https://www.myfonts.com/collections/finlado-font-bartama-graphic/?tab=techSpecs
[2026-07-02T09:27:24Z] #8 attempt=1/2 status=200 0.540s url=https://www.myfonts.com/products/circular-shadow-italic-tokara-1174878
[2026-07-02T09:27:25Z] #9 attempt=1/2 status=200 1.047s url=https://www.myfonts.com/collections/tokara-font-alpercakici/
[2026-07-02T09:27:27Z] #10 attempt=1/2 status=200 1.143s url=https://www.myfonts.com/collections/tokara-font-alpercakici/?tab=techSpecs
[2026-07-02T09:27:28Z] #11 attempt=1/2 status=200 0.383s url=https://www.myfonts.com/products/bold-morvetra-tm-1175328
[2026-07-02T09:27:29Z] #12 attempt=1/2 status=200 0.571s url=https://www.myfonts.com/collections/morvetra-tm-font-twinletter/
[2026-07-02T09:27:30Z] #13 attempt=1/2 status=200 0.595s url=https://www.myfonts.com/collections/morvetra-tm-font-twinletter/?tab=techSpecs
[2026-07-02T09:27:31Z] #14 attempt=1/2 status=200 0.355s url=https://www.myfonts.com/products/extrabold-mireno-sans-1175128
[2026-07-02T09:27:32Z] #15 attempt=1/2 status=200 0.579s url=https://www.myfonts.com/collections/mireno-sans-font-syauqi-studio/
[2026-07-02T09:27:33Z] #16 attempt=1/2 status=200 0.576s url=https://www.myfonts.com/collections/mireno-sans-font-syauqi-studio/?tab=techSpecs
[2026-07-02T09:27:34Z] #17 attempt=1/2 status=200 0.398s url=https://www.myfonts.com/products/bold-rhimen-1174935
[2026-07-02T09:27:35Z] #18 attempt=1/2 status=200 0.502s url=https://www.myfonts.com/collections/rhimen-font-luminatype-studio/
[2026-07-02T09:27:35Z] #19 attempt=1/2 status=200 0.496s url=https://www.myfonts.com/collections/rhimen-font-luminatype-studio/?tab=techSpecs
[2026-07-02T09:27:37Z] #20 attempt=1/2 status=200 0.381s url=https://www.myfonts.com/products/extra-light-italic-animetry-1175372
[2026-07-02T09:27:37Z] #21 attempt=1/2 status=200 0.570s url=https://www.myfonts.com/collections/animetry-font-syntype/
[2026-07-02T09:27:38Z] #22 attempt=1/2 status=200 0.570s url=https://www.myfonts.com/collections/animetry-font-syntype/?tab=techSpecs
[2026-07-02T09:27:40Z] #23 attempt=1/2 status=200 0.354s url=https://www.myfonts.com/products/slant-oras-1175067
[2026-07-02T09:27:40Z] #24 attempt=1/2 status=200 0.502s url=https://www.myfonts.com/collections/oras-font-pandeka-studio/
[2026-07-02T09:27:41Z] #25 attempt=1/2 status=200 0.468s url=https://www.myfonts.com/collections/oras-font-pandeka-studio/?tab=techSpecs
[2026-07-02T09:27:42Z] #26 attempt=1/2 status=200 0.346s url=https://www.myfonts.com/products/bold-cotoris-545181
[2026-07-02T09:27:43Z] #27 attempt=1/2 status=200 0.400s url=https://www.myfonts.com/collections/cotoris-font-dharma-type/
[2026-07-02T09:27:44Z] #28 attempt=1/2 status=200 0.540s url=https://www.myfonts.com/collections/cotoris-font-dharma-type/?tab=techSpecs
[2026-07-02T09:27:46Z] #29 attempt=1/6 status=200 1.052s url=https://www.myfonts.com/products.json?limit=100&page=2
[2026-07-02T09:27:46Z] #30 attempt=1/2 status=200 0.351s url=https://www.myfonts.com/products/rasley-heights-complete-family-package-1161877
[2026-07-02T09:27:47Z] #31 attempt=1/2 status=200 0.476s url=https://www.myfonts.com/collections/rasley-heights-font-mans-greback/
[2026-07-02T09:27:48Z] #32 attempt=1/2 status=200 0.172s url=https://www.myfonts.com/collections/rasley-heights-font-mans-greback/?tab=techSpecs
[2026-07-02T09:27:49Z] #33 attempt=1/2 status=200 0.480s url=https://www.myfonts.com/products/larolinea-complete-family-package-1171321
[2026-07-02T09:27:50Z] #34 attempt=1/2 status=200 0.822s url=https://www.myfonts.com/collections/larolinea-font-syafbe/
[2026-07-02T09:27:51Z] #35 attempt=1/2 status=200 0.715s url=https://www.myfonts.com/collections/larolinea-font-syafbe/?tab=techSpecs
[2026-07-02T09:27:52Z] #36 attempt=1/2 status=200 0.416s url=https://www.myfonts.com/products/velique-sans-complete-family-package-1162953
[2026-07-02T09:27:53Z] #37 attempt=1/2 status=200 0.800s url=https://www.myfonts.com/collections/velique-sans-font-syauqi-studio/
[2026-07-02T09:27:54Z] #38 attempt=1/2 status=200 0.667s url=https://www.myfonts.com/collections/velique-sans-font-syauqi-studio/?tab=techSpecs
[2026-07-02T09:27:55Z] #39 attempt=1/2 status=200 0.373s url=https://www.myfonts.com/products/virea-complete-family-package-1173775
[2026-07-02T09:27:56Z] #40 attempt=1/2 status=200 0.466s url=https://www.myfonts.com/collections/virea-font-ceeskiiw/
[2026-07-02T09:27:57Z] #41 attempt=1/2 status=200 0.486s url=https://www.myfonts.com/collections/virea-font-ceeskiiw/?tab=techSpecs
[2026-07-02T09:27:58Z] #42 attempt=1/2 status=200 0.330s url=https://www.myfonts.com/products/regular-happy-crayon-handwriting-1174940
[2026-07-02T09:27:59Z] #43 attempt=1/2 status=200 0.415s url=https://www.myfonts.com/collections/happy-crayon-handwriting-font-mvmet/
[2026-07-02T09:27:59Z] #44 attempt=1/2 status=200 0.333s url=https://www.myfonts.com/collections/happy-crayon-handwriting-font-mvmet/?tab=techSpecs
[2026-07-02T09:28:00Z] #45 attempt=1/2 status=200 0.378s url=https://www.myfonts.com/products/pro-bonex-1174942
[2026-07-02T09:28:01Z] #46 attempt=1/2 status=200 0.390s url=https://www.myfonts.com/collections/bonex-font-high-definition-soul/
[2026-07-02T09:28:02Z] #47 attempt=1/2 status=200 0.345s url=https://www.myfonts.com/collections/bonex-font-high-definition-soul/?tab=techSpecs
[2026-07-02T09:28:02Z] #48 attempt=1/2 status=200 0.327s url=https://www.myfonts.com/products/regular-ink-drips-tag-marker-1175365
[2026-07-02T09:28:03Z] #49 attempt=1/2 status=200 0.279s url=https://www.myfonts.com/collections/ink-drips-tag-marker-font-mvmet/
[2026-07-02T09:28:03Z] #50 attempt=1/2 status=200 0.342s url=https://www.myfonts.com/collections/ink-drips-tag-marker-font-mvmet/?tab=techSpecs
[2026-07-02T09:28:04Z] #51 attempt=1/2 status=200 0.480s url=https://www.myfonts.com/products/phase-grotesk-complete-family-package-1173978
[2026-07-02T09:28:05Z] #52 attempt=1/2 status=200 0.759s url=https://www.myfonts.com/collections/phase-grotesk-font-font-catalogue/
[2026-07-02T09:28:07Z] #53 attempt=1/2 status=200 0.919s url=https://www.myfonts.com/collections/phase-grotesk-font-font-catalogue/?tab=techSpecs
[2026-07-02T09:28:09Z] #54 attempt=1/2 status=200 0.971s url=https://www.myfonts.com/products/xbold-limit-display-1174686
[2026-07-02T09:28:11Z] #55 attempt=1/2 status=200 1.917s url=https://www.myfonts.com/collections/limit-display-font-bold-guys/
[2026-07-02T09:28:13Z] #56 attempt=1/2 status=200 1.634s url=https://www.myfonts.com/collections/limit-display-font-bold-guys/?tab=techSpecs
[2026-07-02T09:28:15Z] #57 attempt=1/2 status=200 0.426s url=https://www.myfonts.com/products/light-honfleur-1174595
[2026-07-02T09:28:16Z] #58 attempt=1/2 status=200 0.834s url=https://www.myfonts.com/collections/honfleur-font-typodermic/
[2026-07-02T09:28:16Z] #59 attempt=1/2 status=200 0.495s url=https://www.myfonts.com/collections/honfleur-font-typodermic/?tab=techSpecs
[2026-07-02T09:28:19Z] #60 attempt=1/6 status=200 1.132s url=https://www.myfonts.com/products.json?limit=100&page=3
[2026-07-02T09:28:20Z] #61 attempt=1/2 status=200 0.639s url=https://www.myfonts.com/products/condensed-xbold-italic-limit-micro-1174571
[2026-07-02T09:28:21Z] #62 attempt=1/2 status=200 1.252s url=https://www.myfonts.com/collections/limit-micro-font-bold-guys/
[2026-07-02T09:28:23Z] #63 attempt=1/2 status=200 1.386s url=https://www.myfonts.com/collections/limit-micro-font-bold-guys/?tab=techSpecs
[2026-07-02T09:28:24Z] #64 attempt=1/2 status=200 0.489s url=https://www.myfonts.com/products/light-cmx-1175397
[2026-07-02T09:28:25Z] #65 attempt=1/2 status=200 0.618s url=https://www.myfonts.com/collections/cmx-font-ixipcalli/
[2026-07-02T09:28:26Z] #66 attempt=1/2 status=200 0.747s url=https://www.myfonts.com/collections/cmx-font-ixipcalli/?tab=techSpecs
[2026-07-02T09:28:27Z] #67 attempt=1/2 status=200 0.349s url=https://www.myfonts.com/products/italic-limit-text-variable-concept-1174609
[2026-07-02T09:28:28Z] #68 attempt=1/2 status=200 0.504s url=https://www.myfonts.com/collections/limit-text-variable-concept-font-bold-guys/
[2026-07-02T09:28:29Z] #69 attempt=1/2 status=200 0.177s url=https://www.myfonts.com/collections/limit-text-variable-concept-font-bold-guys/?tab=techSpecs
[2026-07-02T09:28:30Z] #70 attempt=1/2 status=200 0.275s url=https://www.myfonts.com/products/regular-reinhardt-1175093
[2026-07-02T09:28:30Z] #71 attempt=1/2 status=200 0.300s url=https://www.myfonts.com/collections/reinhardt-font-brainware-graphic/
[2026-07-02T09:28:31Z] #72 attempt=1/2 status=200 0.163s url=https://www.myfonts.com/collections/reinhardt-font-brainware-graphic/?tab=techSpecs
[2026-07-02T09:28:32Z] #73 attempt=1/2 status=200 0.348s url=https://www.myfonts.com/products/limit-variable-concept-upright-limit-variable-concept-full-1174701
[2026-07-02T09:28:32Z] #74 attempt=1/2 status=200 0.421s url=https://www.myfonts.com/collections/limit-variable-concept-full-font-bold-guys/
[2026-07-02T09:28:33Z] #75 attempt=1/2 status=200 0.404s url=https://www.myfonts.com/collections/limit-variable-concept-full-font-bold-guys/?tab=techSpecs
[2026-07-02T09:28:34Z] #76 attempt=1/2 status=200 0.333s url=https://www.myfonts.com/products/italic-limit-display-variable-concept-1174698
[2026-07-02T09:28:35Z] #77 attempt=1/2 status=200 0.364s url=https://www.myfonts.com/collections/limit-display-variable-concept-font-bold-guys/
[2026-07-02T09:28:35Z] #78 attempt=1/2 status=200 0.156s url=https://www.myfonts.com/collections/limit-display-variable-concept-font-bold-guys/?tab=techSpecs
[2026-07-02T09:28:36Z] #79 attempt=1/2 status=200 0.316s url=https://www.myfonts.com/products/regular-special-editorial-1175032
[2026-07-02T09:28:37Z] #80 attempt=1/2 status=200 0.291s url=https://www.myfonts.com/collections/special-editorial-font-letterfreshstudio/
[2026-07-02T09:28:37Z] #81 attempt=1/2 status=200 0.324s url=https://www.myfonts.com/collections/special-editorial-font-letterfreshstudio/?tab=techSpecs
[2026-07-02T09:28:39Z] #82 attempt=1/6 status=200 0.873s url=https://www.myfonts.com/products.json?limit=100&page=4
[2026-07-02T09:28:40Z] #83 attempt=1/2 status=200 0.351s url=https://www.myfonts.com/products/rounded-alien-block-plus-1174540
[2026-07-02T09:28:40Z] #84 attempt=1/2 status=200 0.409s url=https://www.myfonts.com/collections/alien-block-plus-font-koci/
[2026-07-02T09:28:41Z] #85 attempt=1/2 status=200 0.452s url=https://www.myfonts.com/collections/alien-block-plus-font-koci/?tab=techSpecs
[2026-07-02T09:28:42Z] #86 attempt=1/2 status=200 0.311s url=https://www.myfonts.com/products/ksmv-o-black-ksmv-o-1151063
[2026-07-02T09:28:43Z] #87 attempt=1/2 status=200 0.345s url=https://www.myfonts.com/collections/ksmv-o-font-o-type-foundry/
[2026-07-02T09:28:43Z] #88 attempt=1/2 status=200 0.294s url=https://www.myfonts.com/collections/ksmv-o-font-o-type-foundry/?tab=techSpecs
[2026-07-02T09:28:44Z] #89 attempt=1/2 status=200 0.368s url=https://www.myfonts.com/products/bold-italic-sagres-1161876
[2026-07-02T09:28:45Z] #90 attempt=1/2 status=200 0.399s url=https://www.myfonts.com/collections/sagres-font-mans-greback/
[2026-07-02T09:28:46Z] #91 attempt=1/2 status=200 0.441s url=https://www.myfonts.com/collections/sagres-font-mans-greback/?tab=techSpecs
[2026-07-02T09:28:47Z] #92 attempt=1/2 status=200 0.311s url=https://www.myfonts.com/products/regular-tt-qurdisma-1174705
[2026-07-02T09:28:47Z] #93 attempt=1/2 status=200 0.287s url=https://www.myfonts.com/collections/tt-qurdisma-font-typetype/
[2026-07-02T09:28:48Z] #94 attempt=1/2 status=200 0.291s url=https://www.myfonts.com/collections/tt-qurdisma-font-typetype/?tab=techSpecs
[2026-07-02T09:28:49Z] #95 attempt=1/2 status=200 0.493s url=https://www.myfonts.com/products/selfion-basic-family-9-styles-package-1174704
[2026-07-02T09:28:50Z] #96 attempt=1/2 status=200 0.803s url=https://www.myfonts.com/collections/selfion-font-gusetype/
[2026-07-02T09:28:51Z] #97 attempt=1/2 status=200 0.909s url=https://www.myfonts.com/collections/selfion-font-gusetype/?tab=techSpecs
[2026-07-02T09:28:52Z] #98 attempt=1/2 status=200 0.368s url=https://www.myfonts.com/products/limit-micro-variable-concept-complete-family-package-1174586
[2026-07-02T09:28:53Z] #99 attempt=1/2 status=200 0.384s url=https://www.myfonts.com/collections/limit-micro-variable-concept-font-bold-guys/
[2026-07-02T09:28:54Z] #100 attempt=1/2 status=200 0.580s url=https://www.myfonts.com/collections/limit-micro-variable-concept-font-bold-guys/?tab=techSpecs
[2026-07-02T09:28:56Z] #101 attempt=1/6 status=200 0.961s url=https://www.myfonts.com/products.json?limit=100&page=5
[2026-07-02T09:28:56Z] #102 attempt=1/2 status=200 0.293s url=https://www.myfonts.com/products/naolica-complete-family-package-1175387
[2026-07-02T09:28:57Z] #103 attempt=1/2 status=429 0.057s url=https://www.myfonts.com/collections/naolica-font-ixipcalli/
[2026-07-02T09:28:57Z] first_429 req=103 url=https://www.myfonts.com/collections/naolica-font-ixipcalli/
[2026-07-02T09:28:59Z] #104 attempt=2/2 status=200 0.628s url=https://www.myfonts.com/collections/naolica-font-ixipcalli/
[2026-07-02T09:29:00Z] #105 attempt=1/2 status=200 0.407s url=https://www.myfonts.com/products/ksw-uberground-package-937850
[2026-07-02T09:29:01Z] #106 attempt=1/2 status=404 0.249s url=https://www.myfonts.com/collections/ksw-uberground-font-koshawa
[2026-07-02T09:29:01Z] #107 attempt=1/2 status=200 0.356s url=https://www.myfonts.com/products/slipway-tales-complete-family-package-1161867
[2026-07-02T09:29:01Z] #108 attempt=1/2 status=429 0.054s url=https://www.myfonts.com/collections/slipway-tales-font-mans-greback/
[2026-07-02T09:29:04Z] #109 attempt=2/2 status=200 0.654s url=https://www.myfonts.com/collections/slipway-tales-font-mans-greback/
[2026-07-02T09:29:05Z] #110 attempt=1/2 status=200 0.300s url=https://www.myfonts.com/products/thin-kepater-variable-1174537
[2026-07-02T09:29:05Z] #111 attempt=1/2 status=200 0.318s url=https://www.myfonts.com/collections/kepater-variable-font-differentialtype/
[2026-07-02T09:29:07Z] #112 attempt=1/2 status=200 1.283s url=https://www.myfonts.com/products/foermality-superfamily-package-1174536
[2026-07-02T09:29:07Z] #113 attempt=1/2 status=404 0.264s url=https://www.myfonts.com/collections/foermality-superfamily-font-laroyba-type
[2026-07-02T09:29:09Z] #114 attempt=1/2 status=200 1.013s url=https://www.myfonts.com/products/eraone-complete-family-package-1174451
[2026-07-02T09:29:10Z] #115 attempt=1/2 status=200 1.140s url=https://www.myfonts.com/collections/eraone-font-alpercakici/
[2026-07-02T09:29:12Z] #116 attempt=1/6 status=200 1.071s url=https://www.myfonts.com/products.json?limit=100&page=6
[2026-07-02T09:29:13Z] #117 attempt=1/2 status=200 0.349s url=https://www.myfonts.com/products/evening-noise-complete-family-package-1174390
[2026-07-02T09:29:13Z] #118 attempt=1/2 status=200 0.455s url=https://www.myfonts.com/collections/evening-noise-font-hanoded/
[2026-07-02T09:29:14Z] #119 attempt=1/2 status=200 0.353s url=https://www.myfonts.com/products/pesta-babi-complete-family-package-1174387
[2026-07-02T09:29:15Z] #120 attempt=1/2 status=200 0.435s url=https://www.myfonts.com/collections/pesta-babi-font-hanoded/
[2026-07-02T09:29:15Z] #121 attempt=1/2 status=200 0.338s url=https://www.myfonts.com/products/western-choice-complete-family-package-1161862
[2026-07-02T09:29:16Z] #122 attempt=1/2 status=200 0.478s url=https://www.myfonts.com/collections/western-choice-font-mans-greback/
[2026-07-02T09:29:17Z] #123 attempt=1/2 status=200 0.483s url=https://www.myfonts.com/products/ocsquid-complete-family-package-1174432
[2026-07-02T09:29:18Z] #124 attempt=1/2 status=200 0.757s url=https://www.myfonts.com/collections/ocsquid-font-alpercakici/
[2026-07-02T09:29:18Z] #125 attempt=1/2 status=200 0.345s url=https://www.myfonts.com/products/limit-frwy-variable-concept-complete-family-package-1174428
[2026-07-02T09:29:19Z] #126 attempt=1/2 status=429 0.063s url=https://www.myfonts.com/collections/limit-frwy-variable-concept-font-bold-guys/
[2026-07-02T09:29:21Z] #127 attempt=2/2 status=200 0.536s url=https://www.myfonts.com/collections/limit-frwy-variable-concept-font-bold-guys/
[2026-07-02T09:29:22Z] #128 attempt=1/2 status=200 0.605s url=https://www.myfonts.com/products/limit-frwy-normal-package-1174427
[2026-07-02T09:29:24Z] #129 attempt=1/2 status=200 1.153s url=https://www.myfonts.com/collections/limit-frwy-font-bold-guys/
[2026-07-02T09:29:25Z] #130 attempt=1/2 status=200 0.305s url=https://www.myfonts.com/products/regular-te-hafs2-tharwat-emara2-1012045
[2026-07-02T09:29:25Z] #131 attempt=1/2 status=200 0.304s url=https://www.myfonts.com/collections/te-hafs2-tharwat-emara2-font-tharwat-emara/
[2026-07-02T09:29:26Z] #132 attempt=1/2 status=200 0.387s url=https://www.myfonts.com/products/genty-pixel-complete-family-package-1174125
[2026-07-02T09:29:26Z] #133 attempt=1/2 status=200 0.435s url=https://www.myfonts.com/collections/genty-pixel-font-flavortype/
[2026-07-02T09:29:27Z] #134 attempt=1/2 status=200 0.553s url=https://www.myfonts.com/products/vastergard-complete-family-package-1174109
[2026-07-02T09:29:28Z] #135 attempt=1/2 status=200 0.715s url=https://www.myfonts.com/collections/vastergard-font-ghozai-studio/
[2026-07-02T09:29:29Z] #136 attempt=1/2 status=200 0.338s url=https://www.myfonts.com/products/abets-complete-family-package-1174009
[2026-07-02T09:29:30Z] #137 attempt=1/2 status=200 0.438s url=https://www.myfonts.com/collections/abets-font-zaain-type/
[2026-07-02T09:29:30Z] #138 attempt=1/2 status=429 0.057s url=https://www.myfonts.com/products/milano-editorial-vintage-script-complete-family-package-1174349
[2026-07-02T09:29:33Z] #139 attempt=2/2 status=200 0.497s url=https://www.myfonts.com/products/milano-editorial-vintage-script-complete-family-package-1174349
[2026-07-02T09:29:33Z] #140 attempt=1/2 status=200 0.488s url=https://www.myfonts.com/collections/milano-editorial-vintage-script-font-letterfreshstudio/
[2026-07-02T09:29:34Z] #141 attempt=1/2 status=200 0.360s url=https://www.myfonts.com/products/sunday-monare-complete-family-package-1174006
[2026-07-02T09:29:35Z] #142 attempt=1/2 status=200 0.530s url=https://www.myfonts.com/collections/sunday-monare-font-mega-type/
[2026-07-02T09:29:35Z] #143 attempt=1/2 status=200 0.409s url=https://www.myfonts.com/products/rolane-complete-family-package-1174342
[2026-07-02T09:29:36Z] #144 attempt=1/2 status=200 0.526s url=https://www.myfonts.com/collections/rolane-font-burntilldead/
[2026-07-02T09:29:37Z] #145 attempt=1/2 status=200 0.399s url=https://www.myfonts.com/products/miss-brittle-complete-family-package-1173998
[2026-07-02T09:29:38Z] #146 attempt=1/2 status=200 0.467s url=https://www.myfonts.com/collections/miss-brittle-font-lebbad-design/
[2026-07-02T09:29:38Z] #147 attempt=1/2 status=429 0.066s url=https://www.myfonts.com/products/recola-complete-family-package-1174215
[2026-07-02T09:29:41Z] #148 attempt=2/2 status=200 1.166s url=https://www.myfonts.com/products/recola-complete-family-package-1174215
[2026-07-02T09:29:44Z] #149 attempt=1/2 status=200 2.054s url=https://www.myfonts.com/collections/recola-font-slex-studio/
[2026-07-02T09:29:45Z] #150 attempt=1/2 status=200 0.348s url=https://www.myfonts.com/products/bulettar-sundel-complete-family-package-1172165
[2026-07-02T09:29:45Z] #151 attempt=1/2 status=200 0.440s url=https://www.myfonts.com/collections/bulettar-sundel-font-letterena-studios/
[2026-07-02T09:29:47Z] #152 attempt=1/6 status=200 1.115s url=https://www.myfonts.com/products.json?limit=100&page=7
[2026-07-02T09:29:48Z] #153 attempt=1/2 status=200 0.373s url=https://www.myfonts.com/products/beautiful-malera-complete-family-package-1174102
[2026-07-02T09:29:48Z] #154 attempt=1/2 status=200 0.426s url=https://www.myfonts.com/collections/beautiful-malera-font-yoga-letter/
[2026-07-02T09:29:49Z] #155 attempt=1/2 status=200 0.419s url=https://www.myfonts.com/products/sunshine-outink-complete-family-package-1172148
[2026-07-02T09:29:50Z] #156 attempt=1/2 status=200 0.494s url=https://www.myfonts.com/collections/sunshine-outink-font-letterena-studios/
[2026-07-02T09:29:51Z] #157 attempt=1/2 status=200 1.053s url=https://www.myfonts.com/products/helvetica-now-complete-family-package-1174211
[2026-07-02T09:29:54Z] #158 attempt=1/2 status=200 2.189s url=https://www.myfonts.com/collections/helvetica-now-font-monotype-imaging/
[2026-07-02T09:29:55Z] #159 attempt=1/2 status=200 0.377s url=https://www.myfonts.com/products/bracelet-script-complete-family-package-1161857
[2026-07-02T09:29:55Z] #160 attempt=1/2 status=200 0.505s url=https://www.myfonts.com/collections/bracelet-script-font-mans-greback/
[2026-07-02T09:29:56Z] #161 attempt=1/2 status=200 0.292s url=https://www.myfonts.com/products/regular-bellinati-1174005
[2026-07-02T09:29:57Z] #162 attempt=1/2 status=200 0.311s url=https://www.myfonts.com/collections/bellinati-font-black-junst/
[2026-07-02T09:29:57Z] #163 attempt=1/2 status=200 0.331s url=https://www.myfonts.com/products/regular-struxgle-1174004
[2026-07-02T09:29:58Z] #164 attempt=1/2 status=200 0.315s url=https://www.myfonts.com/collections/struxgle-font-nian-keun-studio/
[2026-07-02T09:29:58Z] #165 attempt=1/2 status=200 0.305s url=https://www.myfonts.com/products/regular-pr-swirlies-11-1174374
[2026-07-02T09:29:59Z] #166 attempt=1/2 status=200 0.308s url=https://www.myfonts.com/collections/pr-swirlies-11-font-pr-fonts/
[2026-07-02T09:29:59Z] #167 attempt=1/2 status=200 0.328s url=https://www.myfonts.com/products/regular-pr-swells-01-1174367
[2026-07-02T09:30:00Z] #168 attempt=1/2 status=200 0.313s url=https://www.myfonts.com/collections/pr-swells-01-font-pr-fonts/
[2026-07-02T09:30:01Z] #169 attempt=1/2 status=200 0.329s url=https://www.myfonts.com/products/regular-pr-xmas-doodles-01-1174380
[2026-07-02T09:30:01Z] #170 attempt=1/2 status=200 0.265s url=https://www.myfonts.com/collections/pr-xmas-doodles-01-font-pr-fonts/
[2026-07-02T09:30:01Z] #171 attempt=1/2 status=429 0.063s url=https://www.myfonts.com/products/regular-pr-hallowdoodles-01-1174357
[2026-07-02T09:30:04Z] #172 attempt=2/2 status=200 0.415s url=https://www.myfonts.com/products/regular-pr-hallowdoodles-01-1174357
[2026-07-02T09:30:05Z] #173 attempt=1/2 status=200 0.272s url=https://www.myfonts.com/collections/pr-hallowdoodles-01-font-pr-fonts/
[2026-07-02T09:30:05Z] #174 attempt=1/2 status=200 0.355s url=https://www.myfonts.com/products/regular-pr-foxtail-01-1174356
[2026-07-02T09:30:06Z] #175 attempt=1/2 status=200 0.263s url=https://www.myfonts.com/collections/pr-foxtail-01-font-pr-fonts/
[2026-07-02T09:30:06Z] #176 attempt=1/2 status=200 0.294s url=https://www.myfonts.com/products/regular-pr-valendoodle-01-1174385
[2026-07-02T09:30:07Z] #177 attempt=1/2 status=429 0.054s url=https://www.myfonts.com/collections/pr-valendoodle-01-font-pr-fonts/
[2026-07-02T09:30:09Z] #178 attempt=2/2 status=200 0.423s url=https://www.myfonts.com/collections/pr-valendoodle-01-font-pr-fonts/
[2026-07-02T09:30:10Z] #179 attempt=1/2 status=200 0.347s url=https://www.myfonts.com/products/regular-pr-snowflakes-01-1174377
[2026-07-02T09:30:10Z] #180 attempt=1/2 status=200 0.299s url=https://www.myfonts.com/collections/pr-snowflakes-01-font-pr-fonts/
[2026-07-02T09:30:11Z] #181 attempt=1/2 status=200 0.324s url=https://www.myfonts.com/products/regular-pr-bramble-wood-1-1174368
[2026-07-02T09:30:11Z] #182 attempt=1/2 status=200 0.276s url=https://www.myfonts.com/collections/pr-bramble-wood-1-font-pr-fonts/
[2026-07-02T09:30:12Z] #183 attempt=1/2 status=200 0.329s url=https://www.myfonts.com/products/regular-pr-scrolls-1174360
[2026-07-02T09:30:12Z] #184 attempt=1/2 status=429 0.051s url=https://www.myfonts.com/collections/pr-scrolls-font-pr-fonts/
[2026-07-02T09:30:15Z] #185 attempt=2/2 status=200 0.431s url=https://www.myfonts.com/collections/pr-scrolls-font-pr-fonts/
[2026-07-02T09:30:16Z] #186 attempt=1/2 status=200 0.339s url=https://www.myfonts.com/products/regular-pr-nouveau-ornaments-01-1174359
[2026-07-02T09:30:16Z] #187 attempt=1/2 status=200 0.319s url=https://www.myfonts.com/collections/pr-nouveau-ornaments-01-font-pr-fonts/
[2026-07-02T09:30:17Z] #188 attempt=1/2 status=200 0.333s url=https://www.myfonts.com/products/regular-pr-swirlies-06-1174353
[2026-07-02T09:30:17Z] #189 attempt=1/2 status=200 0.261s url=https://www.myfonts.com/collections/pr-swirlies-06-font-pr-fonts/
[2026-07-02T09:30:18Z] #190 attempt=1/2 status=429 0.066s url=https://www.myfonts.com/products/regular-pr-scrolls-02-1174375
[2026-07-02T09:30:20Z] #191 attempt=2/2 status=200 0.403s url=https://www.myfonts.com/products/regular-pr-scrolls-02-1174375
[2026-07-02T09:30:21Z] #192 attempt=1/2 status=200 0.288s url=https://www.myfonts.com/collections/pr-scrolls-02-font-pr-fonts/
[2026-07-02T09:30:21Z] #193 attempt=1/2 status=200 0.316s url=https://www.myfonts.com/products/regular-pr-swirlies-03-1174379
[2026-07-02T09:30:22Z] #194 attempt=1/2 status=200 0.260s url=https://www.myfonts.com/collections/pr-swirlies-03-font-pr-fonts/
[2026-07-02T09:30:22Z] #195 attempt=1/2 status=200 0.308s url=https://www.myfonts.com/products/regular-pr-sprucewood-01-1174366
[2026-07-02T09:30:23Z] #196 attempt=1/2 status=429 0.063s url=https://www.myfonts.com/collections/pr-sprucewood-01-font-pr-fonts/
[2026-07-02T09:30:25Z] #197 attempt=2/2 status=200 0.395s url=https://www.myfonts.com/collections/pr-sprucewood-01-font-pr-fonts/
[2026-07-02T09:30:26Z] #198 attempt=1/2 status=200 0.341s url=https://www.myfonts.com/products/regular-pr-scrolls-03-1174361
[2026-07-02T09:30:26Z] #199 attempt=1/2 status=200 0.299s url=https://www.myfonts.com/collections/pr-scrolls-03-font-pr-fonts/
[2026-07-02T09:30:27Z] #200 attempt=1/2 status=200 0.285s url=https://www.myfonts.com/products/regular-pr-swirlies-13-1174352
[2026-07-02T09:30:27Z] #201 attempt=1/2 status=200 0.315s url=https://www.myfonts.com/collections/pr-swirlies-13-font-pr-fonts/
[2026-07-02T09:30:29Z] #202 attempt=1/6 status=200 0.951s url=https://www.myfonts.com/products.json?limit=100&page=8
[2026-07-02T09:30:30Z] #203 attempt=1/2 status=200 0.314s url=https://www.myfonts.com/products/regular-pr-swirlies-02-1174383
[2026-07-02T09:30:30Z] #204 attempt=1/2 status=429 0.053s url=https://www.myfonts.com/collections/pr-swirlies-02-font-pr-fonts/
[2026-07-02T09:30:32Z] #205 attempt=2/2 status=200 0.417s url=https://www.myfonts.com/collections/pr-swirlies-02-font-pr-fonts/
[2026-07-02T09:30:33Z] #206 attempt=1/2 status=200 0.311s url=https://www.myfonts.com/products/regular-pr-swirlies-09-1174376
[2026-07-02T09:30:34Z] #207 attempt=1/2 status=200 0.302s url=https://www.myfonts.com/collections/pr-swirlies-09-font-pr-fonts/
[2026-07-02T09:30:34Z] #208 attempt=1/2 status=200 0.343s url=https://www.myfonts.com/products/regular-tonia-1174108
[2026-07-02T09:30:35Z] #209 attempt=1/2 status=200 0.338s url=https://www.myfonts.com/collections/tonia-font-pb-type/
[2026-07-02T09:30:35Z] #210 attempt=1/2 status=200 0.348s url=https://www.myfonts.com/products/regular-mary-june-1174003
[2026-07-02T09:30:36Z] #211 attempt=1/2 status=429 0.083s url=https://www.myfonts.com/collections/mary-june-font-bryantamanh/
[2026-07-02T09:30:38Z] #212 attempt=2/2 status=200 0.367s url=https://www.myfonts.com/collections/mary-june-font-bryantamanh/
[2026-07-02T09:30:39Z] #213 attempt=1/2 status=200 0.288s url=https://www.myfonts.com/products/regular-pr-swirlies-10-1174369
[2026-07-02T09:30:39Z] #214 attempt=1/2 status=200 0.336s url=https://www.myfonts.com/collections/pr-swirlies-10-font-pr-fonts/
[2026-07-02T09:30:40Z] #215 attempt=1/2 status=200 0.312s url=https://www.myfonts.com/products/regular-gotfather-1174347
[2026-07-02T09:30:40Z] #216 attempt=1/2 status=200 0.267s url=https://www.myfonts.com/collections/gotfather-font-flawlessandco/
[2026-07-02T09:30:41Z] #217 attempt=1/2 status=429 0.046s url=https://www.myfonts.com/products/regular-pr-foxtail-02-1174362
[2026-07-02T09:30:44Z] #218 attempt=2/2 status=200 0.523s url=https://www.myfonts.com/products/regular-pr-foxtail-02-1174362
[2026-07-02T09:30:44Z] #219 attempt=1/2 status=200 0.385s url=https://www.myfonts.com/collections/pr-foxtail-02-font-pr-fonts/
[2026-07-02T09:30:45Z] #220 attempt=1/2 status=200 0.297s url=https://www.myfonts.com/products/regular-pr-stars-01-1174382
[2026-07-02T09:30:45Z] #221 attempt=1/2 status=200 0.360s url=https://www.myfonts.com/collections/pr-stars-01-font-pr-fonts/
[2026-07-02T09:30:46Z] #222 attempt=1/2 status=200 0.325s url=https://www.myfonts.com/products/regular-pr-hallow-doodles-03-1174386
[2026-07-02T09:30:46Z] #223 attempt=1/2 status=429 0.062s url=https://www.myfonts.com/collections/pr-hallow-doodles-03-font-pr-fonts/
[2026-07-02T09:30:49Z] #224 attempt=2/2 status=200 0.410s url=https://www.myfonts.com/collections/pr-hallow-doodles-03-font-pr-fonts/
[2026-07-02T09:30:49Z] #225 attempt=1/2 status=200 0.319s url=https://www.myfonts.com/products/regular-pr-pointers-01-1174373
[2026-07-02T09:30:50Z] #226 attempt=1/2 status=200 0.306s url=https://www.myfonts.com/collections/pr-pointers-01-font-pr-fonts/
[2026-07-02T09:30:51Z] #227 attempt=1/2 status=200 0.328s url=https://www.myfonts.com/collections/pr-pointers-01-font-pr-fonts/
[2026-07-02T09:30:51Z] #228 attempt=1/2 status=200 0.284s url=https://www.myfonts.com/products/regular-pr-arco-1174372
[2026-07-02T09:30:51Z] #229 attempt=1/2 status=429 0.056s url=https://www.myfonts.com/collections/pr-arco-font-pr-fonts/
[2026-07-02T09:30:54Z] #230 attempt=2/2 status=200 0.436s url=https://www.myfonts.com/collections/pr-arco-font-pr-fonts/
[2026-07-02T09:30:55Z] #231 attempt=1/2 status=200 0.323s url=https://www.myfonts.com/products/pr-mapping-01-pr-mapping-1174384
[2026-07-02T09:30:55Z] #232 attempt=1/2 status=200 0.377s url=https://www.myfonts.com/collections/pr-mapping-font-pr-fonts/
[2026-07-02T09:30:56Z] #233 attempt=1/2 status=200 0.355s url=https://www.myfonts.com/products/regular-pr-swirlies-12-1174358
[2026-07-02T09:30:56Z] #234 attempt=1/2 status=200 0.291s url=https://www.myfonts.com/collections/pr-swirlies-12-font-pr-fonts/
[2026-07-02T09:30:57Z] #235 attempt=1/2 status=200 0.298s url=https://www.myfonts.com/products/regular-pr-mysticon-01-1174355
[2026-07-02T09:30:57Z] #236 attempt=1/2 status=429 0.058s url=https://www.myfonts.com/collections/pr-mysticon-01-font-pr-fonts/
[2026-07-02T09:31:00Z] #237 attempt=2/2 status=200 0.398s url=https://www.myfonts.com/collections/pr-mysticon-01-font-pr-fonts/
[2026-07-02T09:31:00Z] #238 attempt=1/2 status=200 0.336s url=https://www.myfonts.com/products/regular-bonithesfa-1174348
[2026-07-02T09:31:01Z] #239 attempt=1/2 status=200 0.296s url=https://www.myfonts.com/collections/bonithesfa-font-ayska/
[2026-07-02T09:31:02Z] #240 attempt=1/2 status=200 0.292s url=https://www.myfonts.com/products/regular-pr-swirlies-04-1174354
[2026-07-02T09:31:02Z] #241 attempt=1/2 status=200 0.361s url=https://www.myfonts.com/collections/pr-swirlies-04-font-pr-fonts/
[2026-07-02T09:31:02Z] #242 attempt=1/2 status=429 0.050s url=https://www.myfonts.com/products/regular-pr-bramble-wood-1174381
[2026-07-02T09:31:05Z] #243 attempt=2/2 status=200 0.484s url=https://www.myfonts.com/products/regular-pr-bramble-wood-1174381
[2026-07-02T09:31:06Z] #244 attempt=1/2 status=200 0.298s url=https://www.myfonts.com/collections/pr-bramble-wood-font-pr-fonts/
[2026-07-02T09:31:06Z] #245 attempt=1/2 status=200 0.388s url=https://www.myfonts.com/products/regular-pr-hearts-take-wing-01-1174364
[2026-07-02T09:31:07Z] #246 attempt=1/2 status=200 0.336s url=https://www.myfonts.com/collections/pr-hearts-take-wing-01-font-pr-fonts/
[2026-07-02T09:31:08Z] #247 attempt=1/2 status=200 0.397s url=https://www.myfonts.com/products/regular-pr-dim-sum-1174363
[2026-07-02T09:31:08Z] #248 attempt=1/2 status=200 0.296s url=https://www.myfonts.com/collections/pr-dim-sum-font-pr-fonts/
[2026-07-02T09:31:09Z] #249 attempt=1/6 status=429 0.071s url=https://www.myfonts.com/products.json?limit=100&page=9
[2026-07-02T09:31:13Z] #250 attempt=2/6 status=200 1.309s url=https://www.myfonts.com/products.json?limit=100&page=9
[2026-07-02T09:31:13Z] #251 attempt=1/2 status=200 0.351s url=https://www.myfonts.com/products/regular-pr-hallow-doodles-02-1174371
[2026-07-02T09:31:14Z] #252 attempt=1/2 status=200 0.308s url=https://www.myfonts.com/collections/pr-hallow-doodles-02-font-pr-fonts/
[2026-07-02T09:31:14Z] #253 attempt=1/2 status=200 0.379s url=https://www.myfonts.com/products/regular-pr-swirlies-01-frames-1174378
[2026-07-02T09:31:15Z] #254 attempt=1/2 status=200 0.391s url=https://www.myfonts.com/collections/pr-swirlies-01-frames-font-pr-fonts/
[2026-07-02T09:31:16Z] #255 attempt=1/2 status=200 0.327s url=https://www.myfonts.com/products/regular-pr-swirlies-08-1174370
[2026-07-02T09:31:16Z] #256 attempt=1/2 status=200 0.376s url=https://www.myfonts.com/collections/pr-swirlies-08-font-pr-fonts/
[2026-07-02T09:31:17Z] #257 attempt=1/2 status=200 0.363s url=https://www.myfonts.com/products/regular-rotterdam-siganture-1174063
[2026-07-02T09:31:17Z] #258 attempt=1/2 status=429 0.058s url=https://www.myfonts.com/collections/rotterdam-siganture-font-nh-typestudio/
[2026-07-02T09:31:20Z] #259 attempt=2/2 status=200 0.433s url=https://www.myfonts.com/collections/rotterdam-siganture-font-nh-typestudio/
[2026-07-02T09:31:20Z] #260 attempt=1/2 status=200 0.302s url=https://www.myfonts.com/products/regular-pr-scrolls-04-1174365
[2026-07-02T09:31:21Z] #261 attempt=1/2 status=200 0.303s url=https://www.myfonts.com/collections/pr-scrolls-04-font-pr-fonts/
[2026-07-02T09:31:21Z] #262 attempt=1/2 status=200 0.316s url=https://www.myfonts.com/products/ransahoff-ransahoff-ct-1174124
[2026-07-02T09:31:22Z] #263 attempt=1/2 status=200 0.294s url=https://www.myfonts.com/collections/ransahoff-ct-font-castletype/
[2026-07-02T09:31:23Z] #264 attempt=1/2 status=200 0.655s url=https://www.myfonts.com/products/cluster-edge-complete-family-package-1174064
[2026-07-02T09:31:23Z] #265 attempt=1/2 status=429 0.044s url=https://www.myfonts.com/collections/cluster-edge-font-kobuzan/
[2026-07-02T09:31:26Z] #266 attempt=2/2 status=200 0.922s url=https://www.myfonts.com/collections/cluster-edge-font-kobuzan/
[2026-07-02T09:31:27Z] #267 attempt=1/2 status=200 0.605s url=https://www.myfonts.com/products/cluster-complete-family-package-1174012
[2026-07-02T09:31:28Z] #268 attempt=1/2 status=200 0.775s url=https://www.myfonts.com/collections/cluster-font-kobuzan/
[2026-07-02T09:31:29Z] #269 attempt=1/2 status=200 0.319s url=https://www.myfonts.com/products/regular-third-mode-1173945
[2026-07-02T09:31:30Z] #270 attempt=1/2 status=200 0.349s url=https://www.myfonts.com/collections/third-mode-font-mega-type/
[2026-07-02T09:31:31Z] #271 attempt=1/2 status=200 0.634s url=https://www.myfonts.com/products/reomyr-complete-family-package-1173780
[2026-07-02T09:31:32Z] #272 attempt=1/2 status=200 0.804s url=https://www.myfonts.com/collections/reomyr-font-erwin-krump/
[2026-07-02T09:31:32Z] #273 attempt=1/2 status=200 0.364s url=https://www.myfonts.com/products/morning-set-complete-family-package-1173777
[2026-07-02T09:31:33Z] #274 attempt=1/2 status=200 0.473s url=https://www.myfonts.com/collections/morning-set-font-hanoded/
[2026-07-02T09:31:34Z] #275 attempt=1/2 status=200 0.341s url=https://www.myfonts.com/products/regular-zhatend-sildyer-1173944
[2026-07-02T09:31:34Z] #276 attempt=1/2 status=200 0.281s url=https://www.myfonts.com/collections/zhatend-sildyer-font-rvandtype/
[2026-07-02T09:31:35Z] #277 attempt=1/2 status=429 0.059s url=https://www.myfonts.com/products/regular-good-human-handwriting-1173940
[2026-07-02T09:31:37Z] #278 attempt=2/2 status=200 0.495s url=https://www.myfonts.com/products/regular-good-human-handwriting-1173940
[2026-07-02T09:31:38Z] #279 attempt=1/2 status=200 0.344s url=https://www.myfonts.com/collections/good-human-handwriting-font-mvmet/
[2026-07-02T09:31:38Z] #280 attempt=1/2 status=200 0.297s url=https://www.myfonts.com/products/regular-garem-marker-1173939
[2026-07-02T09:31:39Z] #281 attempt=1/2 status=200 0.381s url=https://www.myfonts.com/collections/garem-marker-font-mvmet/
[2026-07-02T09:31:40Z] #282 attempt=1/2 status=200 0.378s url=https://www.myfonts.com/products/italic-hirama-1173952
[2026-07-02T09:31:40Z] #283 attempt=1/2 status=200 0.297s url=https://www.myfonts.com/collections/hirama-font-agung-sudirman/
[2026-07-02T09:31:41Z] #284 attempt=1/2 status=429 0.062s url=https://www.myfonts.com/products/bold-leelawadee-ui-1173949
[2026-07-02T09:31:43Z] #285 attempt=2/2 status=200 0.499s url=https://www.myfonts.com/products/bold-leelawadee-ui-1173949
[2026-07-02T09:31:44Z] #286 attempt=1/2 status=200 0.346s url=https://www.myfonts.com/collections/leelawadee-ui-font-microsoft-corporation/
[2026-07-02T09:31:44Z] #287 attempt=1/2 status=200 0.402s url=https://www.myfonts.com/products/medium-italic-dahlisse-1173956
[2026-07-02T09:31:45Z] #288 attempt=1/2 status=200 0.347s url=https://www.myfonts.com/collections/dahlisse-font-ceeskiiw/
[2026-07-02T09:31:47Z] #289 attempt=1/6 status=200 1.155s url=https://www.myfonts.com/products.json?limit=100&page=10
[2026-07-02T09:31:47Z] #290 attempt=1/2 status=200 0.389s url=https://www.myfonts.com/products/disthero-complete-family-package-1173925
[2026-07-02T09:31:48Z] #291 attempt=1/2 status=200 0.491s url=https://www.myfonts.com/collections/disthero-font-bale-type/
[2026-07-02T09:31:49Z] #292 attempt=1/2 status=200 0.335s url=https://www.myfonts.com/products/regular-royale-victoria-1173938
[2026-07-02T09:31:49Z] #293 attempt=1/2 status=429 0.059s url=https://www.myfonts.com/collections/royale-victoria-font-jolicia-type/
[2026-07-02T09:31:52Z] #294 attempt=2/2 status=200 0.436s url=https://www.myfonts.com/collections/royale-victoria-font-jolicia-type/
[2026-07-02T09:31:52Z] #295 attempt=1/2 status=200 0.445s url=https://www.myfonts.com/products/plyn-l-package-1173937
[2026-07-02T09:31:53Z] #296 attempt=1/2 status=200 0.833s url=https://www.myfonts.com/collections/plyn-font-vlad-b/
[2026-07-02T09:31:54Z] #297 attempt=1/2 status=200 0.288s url=https://www.myfonts.com/products/regular-fd-sunn-1173921
[2026-07-02T09:31:55Z] #298 attempt=1/2 status=200 0.304s url=https://www.myfonts.com/collections/fd-sunn-font-fortunes-co/
[2026-07-02T09:31:55Z] #299 attempt=1/2 status=200 0.328s url=https://www.myfonts.com/products/regular-mltp-relonra-1173923
[2026-07-02T09:31:56Z] #300 attempt=1/2 status=200 0.256s url=https://www.myfonts.com/collections/mltp-relonra-font-multype-studio/
[2026-07-02T09:31:56Z] #301 attempt=1/2 status=429 0.054s url=https://www.myfonts.com/products/regular-ravenhold-1173922
[2026-07-02T09:31:59Z] #302 attempt=2/2 status=200 0.400s url=https://www.myfonts.com/products/regular-ravenhold-1173922
[2026-07-02T09:31:59Z] #303 attempt=1/2 status=200 0.323s url=https://www.myfonts.com/collections/ravenhold-font-ceeskiiw/
[2026-07-02T09:32:00Z] #304 attempt=1/2 status=200 0.368s url=https://www.myfonts.com/products/sf-sultan-complete-family-package-1173769
[2026-07-02T09:32:01Z] #305 attempt=1/2 status=200 0.438s url=https://www.myfonts.com/collections/sf-sultan-font-sultan-fonts/
[2026-07-02T09:32:01Z] #306 attempt=1/2 status=200 0.523s url=https://www.myfonts.com/products/magistral-condensed-set-package-1173599
[2026-07-02T09:32:02Z] #307 attempt=1/2 status=200 0.844s url=https://www.myfonts.com/collections/magistral-font-paratype/
[2026-07-02T09:32:04Z] #308 attempt=1/2 status=200 0.867s url=https://www.myfonts.com/products/macklin-complete-family-package-1173602
[2026-07-02T09:32:05Z] #309 attempt=1/2 status=200 1.091s url=https://www.myfonts.com/collections/macklin-font-monotype-imaging/
[2026-07-02T09:32:06Z] #310 attempt=1/2 status=200 0.475s url=https://www.myfonts.com/products/branding-essential-package-1157188
[2026-07-02T09:32:07Z] #311 attempt=1/2 status=200 0.749s url=https://www.myfonts.com/collections/sobria-font-pedroglifos/
[2026-07-02T09:32:08Z] #312 attempt=1/2 status=200 0.325s url=https://www.myfonts.com/products/nexodus-complete-family-package-1173754
[2026-07-02T09:32:08Z] #313 attempt=1/2 status=200 0.436s url=https://www.myfonts.com/collections/nexodus-font-t-26/
[2026-07-02T09:32:09Z] #314 attempt=1/2 status=429 0.053s url=https://www.myfonts.com/collections/nexodus-font-t-26/
[2026-07-02T09:32:11Z] #315 attempt=2/2 status=200 0.458s url=https://www.myfonts.com/collections/nexodus-font-t-26/
[2026-07-02T09:32:12Z] #316 attempt=1/2 status=200 0.380s url=https://www.myfonts.com/products/sparling-complete-family-package-1173731
[2026-07-02T09:32:12Z] #317 attempt=1/2 status=200 0.392s url=https://www.myfonts.com/collections/sparling-font-vermilione/
[2026-07-02T09:32:13Z] #318 attempt=1/2 status=200 0.343s url=https://www.myfonts.com/products/merguda-serif-complete-family-package-1161847
[2026-07-02T09:32:14Z] #319 attempt=1/2 status=200 0.421s url=https://www.myfonts.com/collections/merguda-serif-font-mans-greback/
[2026-07-02T09:32:14Z] #320 attempt=1/2 status=200 0.370s url=https://www.myfonts.com/products/counterbalance-complete-family-package-1173734
[2026-07-02T09:32:15Z] #321 attempt=1/2 status=429 0.043s url=https://www.myfonts.com/products/frosha-complete-family-package-1173741
[2026-07-02T09:32:17Z] #322 attempt=2/2 status=200 0.546s url=https://www.myfonts.com/products/frosha-complete-family-package-1173741
[2026-07-02T09:32:18Z] #323 attempt=1/2 status=200 0.591s url=https://www.myfonts.com/collections/frosha-font-alpercakici/
[2026-07-02T09:32:19Z] #324 attempt=1/2 status=200 0.301s url=https://www.myfonts.com/products/regular-gooey-slimy-1173737
[2026-07-02T09:32:19Z] #325 attempt=1/2 status=200 0.285s url=https://www.myfonts.com/collections/gooey-slimy-font-gleb-guralnyk/
[2026-07-02T09:32:20Z] #326 attempt=1/2 status=200 0.355s url=https://www.myfonts.com/products/regular-zfcutewitch-1173711
[2026-07-02T09:32:21Z] #327 attempt=1/2 status=200 0.340s url=https://www.myfonts.com/collections/zfcutewitch-font-zoofont/
[2026-07-02T09:32:22Z] #328 attempt=1/6 status=200 0.900s url=https://www.myfonts.com/products.json?limit=100&page=11
[2026-07-02T09:32:23Z] #329 attempt=1/2 status=200 0.413s url=https://www.myfonts.com/products/rounded-outline-spectacus-1173767
[2026-07-02T09:32:24Z] #330 attempt=1/2 status=200 0.772s url=https://www.myfonts.com/collections/spectacus-font-alpercakici/
[2026-07-02T09:32:24Z] #331 attempt=1/2 status=200 0.341s url=https://www.myfonts.com/products/filadel-complete-family-package-1173714
[2026-07-02T09:32:25Z] #332 attempt=1/2 status=429 0.064s url=https://www.myfonts.com/collections/filadel-font-jinan-studio/
[2026-07-02T09:32:27Z] #333 attempt=2/2 status=200 0.613s url=https://www.myfonts.com/collections/filadel-font-jinan-studio/
[2026-07-02T09:32:28Z] #334 attempt=1/2 status=200 0.402s url=https://www.myfonts.com/products/ultra-expanded-nexaro-1173727
[2026-07-02T09:32:29Z] #335 attempt=1/2 status=200 0.669s url=https://www.myfonts.com/collections/nexaro-font-qiubare-studio/
[2026-07-02T09:32:30Z] #336 attempt=1/2 status=200 0.352s url=https://www.myfonts.com/products/remukan-chantir-complete-family-package-1173712
[2026-07-02T09:32:30Z] #337 attempt=1/2 status=200 0.436s url=https://www.myfonts.com/collections/remukan-chantir-font-sign-studio/
[2026-07-02T09:32:32Z] #338 attempt=1/2 status=200 1.642s url=https://www.myfonts.com/products/expanded-package-package-1173380
[2026-07-02T09:32:35Z] #339 attempt=1/2 status=200 2.221s url=https://www.myfonts.com/collections/ckr-next-font-ckr-type-foundry/
[2026-07-02T09:32:37Z] #340 attempt=1/2 status=200 0.906s url=https://www.myfonts.com/products/expanded-package-1172796
[2026-07-02T09:32:38Z] #341 attempt=1/2 status=200 1.557s url=https://www.myfonts.com/collections/exovect-font-jorsetype/
[2026-07-02T09:32:40Z] #342 attempt=1/2 status=200 1.188s url=https://www.myfonts.com/products/smiletta-soft-package-1173213
[2026-07-02T09:32:44Z] #343 attempt=1/2 status=500 3.299s url=https://www.myfonts.com/collections/smiletta-font-akbartype/
[2026-07-02T09:32:44Z] #344 attempt=1/2 status=404 0.225s url=https://www.myfonts.com/collections/smiletta-soft-font-akbartype
[2026-07-02T09:32:45Z] #345 attempt=1/2 status=200 0.389s url=https://www.myfonts.com/products/pixel-match-complete-family-package-1173452
[2026-07-02T09:32:45Z] #346 attempt=1/2 status=200 0.543s url=https://www.myfonts.com/collections/pixel-match-font-bale-type/
[2026-07-02T09:32:46Z] #347 attempt=1/2 status=200 0.346s url=https://www.myfonts.com/products/steinwald-pro-complete-family-package-1172635
[2026-07-02T09:32:47Z] #348 attempt=1/2 status=200 0.443s url=https://www.myfonts.com/collections/steinwald-pro-font-hanoded/
[2026-07-02T09:32:47Z] #349 attempt=1/2 status=200 0.386s url=https://www.myfonts.com/products/alarma-toxica-complete-family-package-1172941
[2026-07-02T09:32:48Z] #350 attempt=1/2 status=200 0.461s url=https://www.myfonts.com/collections/alarma-toxica-font-woodcutter/
[2026-07-02T09:32:49Z] #351 attempt=1/2 status=200 0.331s url=https://www.myfonts.com/products/sitting-duck-pro-complete-family-package-1172632
[2026-07-02T09:32:49Z] #352 attempt=1/2 status=200 0.411s url=https://www.myfonts.com/collections/sitting-duck-pro-font-hanoded/
[2026-07-02T09:32:51Z] #353 attempt=1/2 status=200 1.058s url=https://www.myfonts.com/products/qublo-complete-family-package-1173447
[2026-07-02T09:32:53Z] #354 attempt=1/2 status=200 1.560s url=https://www.myfonts.com/collections/qublo-font-pepper-type/
[2026-07-02T09:32:53Z] #355 attempt=1/2 status=200 0.369s url=https://www.myfonts.com/products/rochela-complete-family-package-1172813
[2026-07-02T09:32:54Z] #356 attempt=1/2 status=200 0.417s url=https://www.myfonts.com/collections/rochela-font-vermilione/
[2026-07-02T09:32:55Z] #357 attempt=1/2 status=200 0.357s url=https://www.myfonts.com/products/brer-rabbit-pro-complete-family-package-1172629
[2026-07-02T09:32:55Z] #358 attempt=1/2 status=200 0.440s url=https://www.myfonts.com/collections/brer-rabbit-pro-font-hanoded/
[2026-07-02T09:32:56Z] #359 attempt=1/2 status=200 0.342s url=https://www.myfonts.com/products/lungoyo-script-complete-family-package-1173442
[2026-07-02T09:32:57Z] #360 attempt=1/2 status=200 0.485s url=https://www.myfonts.com/collections/lungoyo-script-font-letterytz/
[2026-07-02T09:32:57Z] #361 attempt=1/2 status=200 0.362s url=https://www.myfonts.com/products/colombard-pro-complete-family-package-1172617
[2026-07-02T09:32:58Z] #362 attempt=1/2 status=200 0.401s url=https://www.myfonts.com/collections/colombard-pro-font-hanoded/
[2026-07-02T09:32:59Z] #363 attempt=1/2 status=200 0.306s url=https://www.myfonts.com/products/garol-complete-family-package-1172810
[2026-07-02T09:32:59Z] #364 attempt=1/2 status=200 0.430s url=https://www.myfonts.com/collections/garol-font-vermilione/
[2026-07-02T09:33:00Z] #365 attempt=1/2 status=200 0.348s url=https://www.myfonts.com/products/lovely-moment-complete-family-package-1173439
[2026-07-02T09:33:01Z] #366 attempt=1/2 status=200 0.437s url=https://www.myfonts.com/collections/lovely-moment-font-radesigns21/
[2026-07-02T09:33:01Z] #367 attempt=1/2 status=200 0.455s url=https://www.myfonts.com/products/neu-prompter-complete-family-package-1172461
[2026-07-02T09:33:02Z] #368 attempt=1/2 status=200 0.656s url=https://www.myfonts.com/collections/neu-prompter-font-aretype/
[2026-07-02T09:33:03Z] #369 attempt=1/2 status=200 0.384s url=https://www.myfonts.com/products/richu-mast-complete-family-package-1172639
[2026-07-02T09:33:04Z] #370 attempt=1/2 status=200 0.471s url=https://www.myfonts.com/collections/richu-mast-font-mabhal-studio/
[2026-07-02T09:33:04Z] #371 attempt=1/2 status=200 0.473s url=https://www.myfonts.com/products/good-shreak-complete-family-package-1173431
[2026-07-02T09:33:05Z] #372 attempt=1/2 status=429 0.063s url=https://www.myfonts.com/collections/good-shreak-font-mabhal-studio/
[2026-07-02T09:33:07Z] #373 attempt=2/2 status=200 0.611s url=https://www.myfonts.com/collections/good-shreak-font-mabhal-studio/
[2026-07-02T09:33:08Z] #374 attempt=1/2 status=200 0.366s url=https://www.myfonts.com/products/bormund-complete-family-package-1172806
[2026-07-02T09:33:09Z] #375 attempt=1/2 status=200 0.468s url=https://www.myfonts.com/collections/bormund-font-mooneseye-studio/
[2026-07-02T09:33:10Z] #376 attempt=1/2 status=200 0.443s url=https://www.myfonts.com/products/world-championship-complete-family-package-1161835
[2026-07-02T09:33:10Z] #377 attempt=1/2 status=200 0.520s url=https://www.myfonts.com/collections/world-championship-font-mans-greback/
[2026-07-02T09:33:12Z] #378 attempt=1/2 status=200 1.320s url=https://www.myfonts.com/products/expanded-style-package-1142797
[2026-07-02T09:33:14Z] #379 attempt=1/2 status=200 1.791s url=https://www.myfonts.com/collections/galdertine-charetam-semi-serif-font-logic-type/
[2026-07-02T09:33:15Z] #380 attempt=1/2 status=200 0.325s url=https://www.myfonts.com/products/rakolta-complete-family-package-1172736
[2026-07-02T09:33:16Z] #381 attempt=1/2 status=200 0.388s url=https://www.myfonts.com/collections/rakolta-font-ragamkata/
[2026-07-02T09:33:16Z] #382 attempt=1/2 status=200 0.343s url=https://www.myfonts.com/products/drolling-maker-complete-family-package-1172803
[2026-07-02T09:33:17Z] #383 attempt=1/2 status=200 0.409s url=https://www.myfonts.com/collections/drolling-maker-font-tini-fitriani/
[2026-07-02T09:33:18Z] #384 attempt=1/2 status=200 0.359s url=https://www.myfonts.com/products/craego-complete-family-package-1172653
[2026-07-02T09:33:18Z] #385 attempt=1/2 status=200 0.522s url=https://www.myfonts.com/collections/craego-font-chekart/
[2026-07-02T09:33:20Z] #386 attempt=1/6 status=200 0.984s url=https://www.myfonts.com/products.json?limit=100&page=12
[2026-07-02T09:33:20Z] #387 attempt=1/2 status=200 0.328s url=https://www.myfonts.com/products/garvox-complete-family-package-1173428
[2026-07-02T09:33:21Z] #388 attempt=1/2 status=200 0.385s url=https://www.myfonts.com/collections/garvox-font-font-liner/
[2026-07-02T09:33:22Z] #389 attempt=1/2 status=200 0.308s url=https://www.myfonts.com/products/reblade-complete-family-package-1172649
[2026-07-02T09:33:22Z] #390 attempt=1/2 status=429 0.055s url=https://www.myfonts.com/collections/reblade-font-artisan-themes/
[2026-07-02T09:33:25Z] #391 attempt=2/2 status=200 0.592s url=https://www.myfonts.com/collections/reblade-font-artisan-themes/
[2026-07-02T09:33:25Z] #392 attempt=1/2 status=200 0.397s url=https://www.myfonts.com/products/kill-game-667-complete-family-package-1172798
[2026-07-02T09:33:26Z] #393 attempt=1/2 status=200 0.517s url=https://www.myfonts.com/collections/kill-game-667-font-remedy667/
[2026-07-02T09:33:27Z] #394 attempt=1/2 status=200 0.379s url=https://www.myfonts.com/products/merchad-complete-family-package-1173214
[2026-07-02T09:33:27Z] #395 attempt=1/2 status=200 0.463s url=https://www.myfonts.com/collections/merchad-font-hishand-studio/
[2026-07-02T09:33:29Z] #396 attempt=1/6 status=200 0.815s url=https://www.myfonts.com/products.json?limit=100&page=13
[2026-07-02T09:33:29Z] #397 attempt=1/2 status=200 0.326s url=https://www.myfonts.com/products/regular-lafira-1172802
[2026-07-02T09:33:30Z] #398 attempt=1/2 status=200 0.323s url=https://www.myfonts.com/collections/lafira-font-solutype/
[2026-07-02T09:33:31Z] #399 attempt=1/6 status=200 0.915s url=https://www.myfonts.com/products.json?limit=100&page=14
[2026-07-02T09:33:32Z] #400 attempt=1/2 status=200 0.365s url=https://www.myfonts.com/products/regular-wild-angel-667-1172797
[2026-07-02T09:33:32Z] #401 attempt=1/2 status=429 0.064s url=https://www.myfonts.com/collections/wild-angel-667-font-remedy667/
[2026-07-02T09:33:35Z] #402 attempt=2/2 status=200 0.400s url=https://www.myfonts.com/collections/wild-angel-667-font-remedy667/
[2026-07-02T09:33:36Z] #403 attempt=1/2 status=200 0.374s url=https://www.myfonts.com/products/regular-marky-1172793
[2026-07-02T09:33:36Z] #404 attempt=1/2 status=200 0.382s url=https://www.myfonts.com/collections/marky-font-jaruka-creative/
[2026-07-02T09:33:38Z] #405 attempt=1/6 status=200 0.941s url=https://www.myfonts.com/products.json?limit=100&page=15
[2026-07-02T09:33:38Z] #406 attempt=1/2 status=200 0.347s url=https://www.myfonts.com/products/regular-krushnah-1172657
[2026-07-02T09:33:39Z] #407 attempt=1/2 status=200 0.340s url=https://www.myfonts.com/collections/krushnah-font-simpletype-studios/
[2026-07-02T09:33:40Z] #408 attempt=1/2 status=200 0.312s url=https://www.myfonts.com/products/regular-blazing-hollow-1172734
[2026-07-02T09:33:40Z] #409 attempt=1/2 status=429 0.075s url=https://www.myfonts.com/collections/blazing-hollow-font-letterhanna-studio/
[2026-07-02T09:33:43Z] #410 attempt=2/2 status=200 0.478s url=https://www.myfonts.com/collections/blazing-hollow-font-letterhanna-studio/
[2026-07-02T09:33:43Z] #411 attempt=1/2 status=200 0.324s url=https://www.myfonts.com/products/regular-shifa-rame-1172646
[2026-07-02T09:33:44Z] #412 attempt=1/2 status=200 0.285s url=https://www.myfonts.com/collections/shifa-rame-font-mabhal-studio/
[2026-07-02T09:33:44Z] #413 attempt=1/2 status=200 0.297s url=https://www.myfonts.com/products/regular-gros-creak-1172644
[2026-07-02T09:33:45Z] #414 attempt=1/2 status=200 0.309s url=https://www.myfonts.com/collections/gros-creak-font-mabhal-studio/
[2026-07-02T09:33:45Z] #415 attempt=1/2 status=200 0.309s url=https://www.myfonts.com/products/regular-madilog-1172739
[2026-07-02T09:33:46Z] #416 attempt=1/2 status=429 0.061s url=https://www.myfonts.com/collections/madilog-font-struggle-studio/
[2026-07-02T09:33:48Z] #417 attempt=2/2 status=200 0.431s url=https://www.myfonts.com/collections/madilog-font-struggle-studio/
[2026-07-02T09:33:49Z] #418 attempt=1/2 status=200 0.403s url=https://www.myfonts.com/products/regular-hesty-and-gita-1172643
[2026-07-02T09:33:50Z] #419 attempt=1/2 status=200 0.328s url=https://www.myfonts.com/collections/hesty-and-gita-font-mabhal-studio/
[2026-07-02T09:33:51Z] #420 attempt=1/6 status=200 0.908s url=https://www.myfonts.com/products.json?limit=100&page=16
[2026-07-02T09:33:52Z] #421 attempt=1/2 status=200 0.321s url=https://www.myfonts.com/products/regular-daklog-1172735
[2026-07-02T09:33:52Z] #422 attempt=1/2 status=200 0.337s url=https://www.myfonts.com/collections/daklog-font-hasnat-studio/
[2026-07-02T09:33:53Z] #423 attempt=1/2 status=200 0.359s url=https://www.myfonts.com/products/regular-banyelle-1172652
[2026-07-02T09:33:53Z] #424 attempt=1/2 status=429 0.043s url=https://www.myfonts.com/collections/banyelle-font-vadova-std/
[2026-07-02T09:33:56Z] #425 attempt=2/2 status=200 0.499s url=https://www.myfonts.com/collections/banyelle-font-vadova-std/
[2026-07-02T09:33:56Z] #426 attempt=1/2 status=200 0.380s url=https://www.myfonts.com/products/regular-amorique-1172648
[2026-07-02T09:33:57Z] #427 attempt=1/2 status=200 0.336s url=https://www.myfonts.com/collections/amorique-font-rasio-studio/
[2026-07-02T09:33:58Z] #428 attempt=1/2 status=200 0.321s url=https://www.myfonts.com/products/regular-sundae-avenue-1172647
[2026-07-02T09:33:58Z] #429 attempt=1/2 status=200 0.285s url=https://www.myfonts.com/collections/sundae-avenue-font-pb-type/
[2026-07-02T09:33:59Z] #430 attempt=1/2 status=200 0.391s url=https://www.myfonts.com/products/regular-whilmare-1172645
[2026-07-02T09:33:59Z] #431 attempt=1/2 status=429 0.055s url=https://www.myfonts.com/collections/whilmare-font-pb-type/
[2026-07-02T09:34:02Z] #432 attempt=2/2 status=200 0.411s url=https://www.myfonts.com/collections/whilmare-font-pb-type/
[2026-07-02T09:34:02Z] #433 attempt=1/2 status=200 0.312s url=https://www.myfonts.com/products/regular-disor-1172638
[2026-07-02T09:34:03Z] #434 attempt=1/2 status=200 0.256s url=https://www.myfonts.com/collections/disor-font-pb-type/
[2026-07-02T09:34:05Z] #435 attempt=1/6 status=200 1.113s url=https://www.myfonts.com/products.json?limit=100&page=17
[2026-07-02T09:34:06Z] #436 attempt=1/6 status=200 0.972s url=https://www.myfonts.com/products.json?limit=100&page=18
[2026-07-02T09:34:08Z] #437 attempt=1/6 status=200 1.007s url=https://www.myfonts.com/products.json?limit=100&page=19
[2026-07-02T09:34:08Z] #438 attempt=1/2 status=200 0.325s url=https://www.myfonts.com/products/regular-lunare-magic-1173547
[2026-07-02T09:34:09Z] #439 attempt=1/2 status=200 0.293s url=https://www.myfonts.com/collections/lunare-magic-font-alit-design/
[2026-07-02T09:34:09Z] #440 attempt=1/2 status=200 0.301s url=https://www.myfonts.com/products/regular-granetra-1173548
[2026-07-02T09:34:10Z] #441 attempt=1/2 status=200 0.299s url=https://www.myfonts.com/collections/granetra-font-limitype/
[2026-07-02T09:34:10Z] #442 attempt=1/2 status=200 0.302s url=https://www.myfonts.com/products/regular-bjah-1173546
[2026-07-02T09:34:11Z] #443 attempt=1/2 status=200 0.279s url=https://www.myfonts.com/collections/bjah-font-olivetype/
[2026-07-02T09:34:11Z] #444 attempt=1/2 status=429 0.040s url=https://www.myfonts.com/products/regular-moon-starlaa-1173438
[2026-07-02T09:34:14Z] #445 attempt=2/2 status=200 0.614s url=https://www.myfonts.com/products/regular-moon-starlaa-1173438
[2026-07-02T09:34:15Z] #446 attempt=1/2 status=200 0.376s url=https://www.myfonts.com/collections/moon-starlaa-font-mabhal-studio/
[2026-07-02T09:34:15Z] #447 attempt=1/2 status=200 0.339s url=https://www.myfonts.com/products/regular-game-park-1173562
[2026-07-02T09:34:16Z] #448 attempt=1/2 status=200 0.314s url=https://www.myfonts.com/collections/game-park-font-mvmet/
[2026-07-02T09:34:16Z] #449 attempt=1/2 status=200 0.307s url=https://www.myfonts.com/products/regular-lunea-1173545
[2026-07-02T09:34:17Z] #450 attempt=1/2 status=200 0.363s url=https://www.myfonts.com/collections/lunea-font-sipanji21/
[2026-07-02T09:34:17Z] #451 attempt=1/2 status=429 0.050s url=https://www.myfonts.com/products/regular-chaoser-1173563
[2026-07-02T09:34:20Z] #452 attempt=2/2 status=200 0.460s url=https://www.myfonts.com/products/regular-chaoser-1173563
[2026-07-02T09:34:21Z] #453 attempt=1/2 status=200 0.458s url=https://www.myfonts.com/collections/chaoser-font-super-dust/
[2026-07-02T09:34:21Z] #454 attempt=1/2 status=200 0.339s url=https://www.myfonts.com/products/regular-majoise-1173544
[2026-07-02T09:34:22Z] #455 attempt=1/2 status=200 0.305s url=https://www.myfonts.com/collections/majoise-font-imoodev/
[2026-07-02T09:34:22Z] #456 attempt=1/2 status=200 0.308s url=https://www.myfonts.com/products/regular-mltp-mathyna-rosbelle-1173574
[2026-07-02T09:34:23Z] #457 attempt=1/2 status=200 0.332s url=https://www.myfonts.com/collections/mltp-mathyna-rosbelle-font-multype-studio/
[2026-07-02T09:34:23Z] #458 attempt=1/2 status=429 0.051s url=https://www.myfonts.com/products/regular-volley-1173446
[2026-07-02T09:34:26Z] #459 attempt=2/2 status=200 0.431s url=https://www.myfonts.com/products/regular-volley-1173446
[2026-07-02T09:34:27Z] #460 attempt=1/2 status=200 0.367s url=https://www.myfonts.com/collections/volley-font-dilbadil/
[2026-07-02T09:34:27Z] #461 attempt=1/2 status=200 0.339s url=https://www.myfonts.com/products/regular-heura-1173573
[2026-07-02T09:34:28Z] #462 attempt=1/2 status=200 0.342s url=https://www.myfonts.com/collections/heura-font-eurotypo/
[2026-07-02T09:34:28Z] #463 attempt=1/2 status=200 0.343s url=https://www.myfonts.com/products/regular-bonito-sans-1173561
[2026-07-02T09:34:29Z] #464 attempt=1/2 status=200 0.338s url=https://www.myfonts.com/collections/bonito-sans-font-lurinzu-studios/
[2026-07-02T09:34:29Z] #465 attempt=1/2 status=429 0.051s url=https://www.myfonts.com/products/regular-texas-casual-1173445
[2026-07-02T09:34:32Z] #466 attempt=2/2 status=200 0.417s url=https://www.myfonts.com/products/regular-texas-casual-1173445
[2026-07-02T09:34:32Z] #467 attempt=1/2 status=200 0.290s url=https://www.myfonts.com/collections/texas-casual-font-dilbadil/
[2026-07-02T09:34:33Z] #468 attempt=1/2 status=200 0.334s url=https://www.myfonts.com/products/regular-meboria-1173559
[2026-07-02T09:34:34Z] #469 attempt=1/2 status=200 0.308s url=https://www.myfonts.com/collections/meboria-font-super-dust/
[2026-07-02T09:34:34Z] #470 attempt=1/2 status=200 0.323s url=https://www.myfonts.com/products/regular-porito-grande-1173564
[2026-07-02T09:34:34Z] #471 attempt=1/2 status=429 0.044s url=https://www.myfonts.com/collections/porito-grande-font-nasir-udin/
[2026-07-02T09:34:37Z] #472 attempt=2/2 status=200 0.405s url=https://www.myfonts.com/collections/porito-grande-font-nasir-udin/
[2026-07-02T09:34:38Z] #473 attempt=1/2 status=200 0.342s url=https://www.myfonts.com/products/regular-morlisse-1173417
[2026-07-02T09:34:38Z] #474 attempt=1/2 status=200 0.270s url=https://www.myfonts.com/collections/morlisse-font-omzen-type/
[2026-07-02T09:34:39Z] #475 attempt=1/2 status=200 0.294s url=https://www.myfonts.com/products/regular-shamans-1173550
[2026-07-02T09:34:39Z] #476 attempt=1/2 status=200 0.306s url=https://www.myfonts.com/collections/shamans-font-flawlessandco/
[2026-07-02T09:34:40Z] #477 attempt=1/2 status=200 0.320s url=https://www.myfonts.com/products/regular-mothers-plate-1173549
[2026-07-02T09:34:40Z] #478 attempt=1/2 status=429 0.062s url=https://www.myfonts.com/collections/mothers-plate-font-sarid-ezra/
[2026-07-02T09:34:43Z] #479 attempt=2/2 status=200 0.386s url=https://www.myfonts.com/collections/mothers-plate-font-sarid-ezra/
[2026-07-02T09:34:43Z] #480 attempt=1/2 status=200 0.315s url=https://www.myfonts.com/products/regular-foxy-1173397
[2026-07-02T09:34:44Z] #481 attempt=1/2 status=200 0.321s url=https://www.myfonts.com/collections/foxy-font-eryn-rose-design/
[2026-07-02T09:34:44Z] #482 attempt=1/2 status=200 0.321s url=https://www.myfonts.com/products/regular-besther-rusbery-1173221
[2026-07-02T09:34:45Z] #483 attempt=1/2 status=200 0.319s url=https://www.myfonts.com/collections/besther-rusbery-font-bayuktx/
[2026-07-02T09:34:45Z] #484 attempt=1/2 status=429 0.047s url=https://www.myfonts.com/products/gradualist-gradualist-1173376
[2026-07-02T09:34:48Z] #485 attempt=2/2 status=200 0.419s url=https://www.myfonts.com/products/gradualist-gradualist-1173376
[2026-07-02T09:34:49Z] #486 attempt=1/2 status=200 0.342s url=https://www.myfonts.com/collections/gradualist-font-yeen-studio/
[2026-07-02T09:34:49Z] #487 attempt=1/2 status=200 0.347s url=https://www.myfonts.com/products/lemon-cupcake-complete-family-package-1173502
[2026-07-02T09:34:50Z] #488 attempt=1/2 status=200 0.436s url=https://www.myfonts.com/collections/lemon-cupcake-font-bale-type/
[2026-07-02T09:34:50Z] #489 attempt=1/2 status=200 0.362s url=https://www.myfonts.com/products/brandnew-family-complete-family-package-1172704
[2026-07-02T09:34:51Z] #490 attempt=1/2 status=200 0.519s url=https://www.myfonts.com/collections/brandnew-family-font-bilberry-create/
[2026-07-02T09:34:52Z] #491 attempt=1/2 status=200 0.366s url=https://www.myfonts.com/products/magentha-summer-complete-family-package-1173391
[2026-07-02T09:34:52Z] #492 attempt=1/2 status=429 0.044s url=https://www.myfonts.com/collections/magentha-summer-font-auliart-studio/
[2026-07-02T09:34:55Z] #493 attempt=2/2 status=200 0.553s url=https://www.myfonts.com/collections/magentha-summer-font-auliart-studio/
[2026-07-02T09:34:56Z] #494 attempt=1/2 status=200 0.384s url=https://www.myfonts.com/products/avoria-complete-family-package-1173554
[2026-07-02T09:34:56Z] #495 attempt=1/2 status=200 0.600s url=https://www.myfonts.com/collections/avoria-font-rezastudio/
[2026-07-02T09:34:57Z] #496 attempt=1/2 status=200 0.505s url=https://www.myfonts.com/products/nunda-dela-complete-family-package-1173398
[2026-07-02T09:34:58Z] #497 attempt=1/2 status=200 0.698s url=https://www.myfonts.com/collections/nunda-dela-font-differentialtype/
[2026-07-02T09:34:59Z] #498 attempt=1/2 status=200 0.388s url=https://www.myfonts.com/products/linneva-complete-family-package-1173565
[2026-07-02T09:35:00Z] #499 attempt=1/2 status=200 0.458s url=https://www.myfonts.com/collections/linneva-font-vermilione/
[2026-07-02T09:35:00Z] #500 attempt=1/2 status=200 0.517s url=https://www.myfonts.com/products/rounded-package-1172726
[2026-07-02T09:35:01Z] #501 attempt=1/2 status=200 0.726s url=https://www.myfonts.com/collections/crafta-font-maenjari-std/
[2026-07-02T09:35:02Z] #502 attempt=1/2 status=200 0.376s url=https://www.myfonts.com/products/burn-out-complete-family-package-1172658
[2026-07-02T09:35:02Z] #503 attempt=1/2 status=429 0.052s url=https://www.myfonts.com/collections/burn-out-font-ronin-design/
[2026-07-02T09:35:05Z] #504 attempt=2/2 status=200 0.598s url=https://www.myfonts.com/collections/burn-out-font-ronin-design/
[2026-07-02T09:35:06Z] #505 attempt=1/2 status=200 0.342s url=https://www.myfonts.com/products/nordwerk-complete-family-package-1172684
[2026-07-02T09:35:07Z] #506 attempt=1/2 status=200 0.591s url=https://www.myfonts.com/collections/nordwerk-font-ghozai-studio/
[2026-07-02T09:35:07Z] #507 attempt=1/2 status=200 0.336s url=https://www.myfonts.com/products/ordinary-summer-complete-family-package-1172685
[2026-07-02T09:35:08Z] #508 attempt=1/2 status=200 0.488s url=https://www.myfonts.com/collections/ordinary-summer-font-littlehand/
[2026-07-02T09:35:09Z] #509 attempt=1/2 status=200 0.329s url=https://www.myfonts.com/products/corina-elegant-complete-family-package-1173394
[2026-07-02T09:35:09Z] #510 attempt=1/2 status=200 0.411s url=https://www.myfonts.com/collections/corina-elegant-font-tini-fitriani/
[2026-07-02T09:35:10Z] #511 attempt=1/2 status=429 0.044s url=https://www.myfonts.com/products/minval-flare-complete-family-package-1173568
[2026-07-02T09:35:12Z] #512 attempt=2/2 status=200 0.418s url=https://www.myfonts.com/products/minval-flare-complete-family-package-1173568
[2026-07-02T09:35:13Z] #513 attempt=1/2 status=200 0.527s url=https://www.myfonts.com/collections/minval-flare-font-tiga-type/
[2026-07-02T09:35:14Z] #514 attempt=1/2 status=200 0.352s url=https://www.myfonts.com/products/rabiola-ganesh-complete-family-package-1173551
[2026-07-02T09:35:14Z] #515 attempt=1/2 status=200 0.460s url=https://www.myfonts.com/collections/rabiola-ganesh-font-black-junst/
[2026-07-02T09:35:15Z] #516 attempt=1/2 status=200 0.348s url=https://www.myfonts.com/products/choks-complete-family-package-1172712
[2026-07-02T09:35:16Z] #517 attempt=1/2 status=200 0.464s url=https://www.myfonts.com/collections/choks-font-vermilione/
[2026-07-02T09:35:16Z] #518 attempt=1/2 status=200 0.482s url=https://www.myfonts.com/products/rinteva-grid-complete-family-package-1172663
[2026-07-02T09:35:17Z] #519 attempt=1/2 status=429 0.064s url=https://www.myfonts.com/collections/rinteva-grid-font-twinletter/
[2026-07-02T09:35:20Z] #520 attempt=2/2 status=200 0.846s url=https://www.myfonts.com/collections/rinteva-grid-font-twinletter/
[2026-07-02T09:35:20Z] #521 attempt=1/2 status=200 0.312s url=https://www.myfonts.com/products/regular-clarkfield-1172709
[2026-07-02T09:35:21Z] #522 attempt=1/2 status=200 0.331s url=https://www.myfonts.com/collections/clarkfield-font-epiclinez/
[2026-07-02T09:35:22Z] #523 attempt=1/2 status=200 0.308s url=https://www.myfonts.com/products/regular-id-troners-1172702
[2026-07-02T09:35:22Z] #524 attempt=1/2 status=200 0.313s url=https://www.myfonts.com/collections/id-troners-font-id-typface/
[2026-07-02T09:35:23Z] #525 attempt=1/2 status=200 0.309s url=https://www.myfonts.com/products/regular-ballpoint-freaks-1172682
[2026-07-02T09:35:23Z] #526 attempt=1/2 status=200 0.290s url=https://www.myfonts.com/collections/ballpoint-freaks-font-mvmet/
[2026-07-02T09:35:24Z] #527 attempt=1/2 status=429 0.056s url=https://www.myfonts.com/products/regular-oretanuna-1172711
[2026-07-02T09:35:26Z] #528 attempt=2/2 status=200 0.401s url=https://www.myfonts.com/products/regular-oretanuna-1172711
[2026-07-02T09:35:27Z] #529 attempt=1/2 status=200 0.435s url=https://www.myfonts.com/collections/oretanuna-font-unaki/
[2026-07-02T09:35:28Z] #530 attempt=1/6 status=200 0.848s url=https://www.myfonts.com/products.json?limit=100&page=20
[2026-07-02T09:35:29Z] #531 attempt=1/2 status=200 0.325s url=https://www.myfonts.com/products/regular-the-qundies-1172703
[2026-07-02T09:35:29Z] #532 attempt=1/2 status=200 0.319s url=https://www.myfonts.com/collections/the-qundies-font-flawlessandco/
[2026-07-02T09:35:30Z] #533 attempt=1/2 status=200 0.313s url=https://www.myfonts.com/products/regular-bloody-black-metal-1172683
[2026-07-02T09:35:31Z] #534 attempt=1/2 status=200 0.335s url=https://www.myfonts.com/collections/bloody-black-metal-font-mvmet/
[2026-07-02T09:35:31Z] #535 attempt=1/2 status=429 0.057s url=https://www.myfonts.com/products/regular-tosoul-1172715
[2026-07-02T09:35:33Z] #536 attempt=2/2 status=200 0.425s url=https://www.myfonts.com/products/regular-tosoul-1172715
[2026-07-02T09:35:34Z] #537 attempt=1/2 status=200 0.335s url=https://www.myfonts.com/collections/tosoul-font-hasnat-studio/
[2026-07-02T09:35:35Z] #538 attempt=1/2 status=200 0.328s url=https://www.myfonts.com/products/medium-del-rose-1172730
[2026-07-02T09:35:35Z] #539 attempt=1/2 status=200 0.461s url=https://www.myfonts.com/collections/del-rose-font-sign-studio/
[2026-07-02T09:35:36Z] #540 attempt=1/2 status=200 0.327s url=https://www.myfonts.com/products/regular-apricot-moon-garden-1172708
[2026-07-02T09:35:37Z] #541 attempt=1/2 status=200 0.335s url=https://www.myfonts.com/collections/apricot-moon-garden-font-medialabco/
[2026-07-02T09:35:37Z] #542 attempt=1/2 status=429 0.058s url=https://www.myfonts.com/products/regular-noktey-1172710
[2026-07-02T09:35:39Z] #543 attempt=2/2 status=200 0.405s url=https://www.myfonts.com/products/regular-noktey-1172710
[2026-07-02T09:35:40Z] #544 attempt=1/2 status=200 0.341s url=https://www.myfonts.com/collections/noktey-font-hasnat-studio/
[2026-07-02T09:35:42Z] #545 attempt=1/6 status=200 0.934s url=https://www.myfonts.com/products.json?limit=100&page=21
[2026-07-02T09:35:42Z] #546 attempt=1/2 status=200 0.366s url=https://www.myfonts.com/products/regular-metrogard-1011416
[2026-07-02T09:35:43Z] #547 attempt=1/2 status=200 0.359s url=https://www.myfonts.com/collections/metrogard-font-lurinzu-studios/
[2026-07-02T09:35:44Z] #548 attempt=1/2 status=200 0.506s url=https://www.myfonts.com/products/elvon-grotesk-complete-family-package-1172480
[2026-07-02T09:35:45Z] #549 attempt=1/2 status=200 0.923s url=https://www.myfonts.com/collections/elvon-grotesk-font-webhance/
[2026-07-02T09:35:46Z] #550 attempt=1/2 status=200 0.934s url=https://www.myfonts.com/products/biarty-sans-narrow-family-package-1168554
[2026-07-02T09:35:48Z] #551 attempt=1/2 status=200 2.188s url=https://www.myfonts.com/collections/biarty-sans-font-nollev/
[2026-07-02T09:35:50Z] #552 attempt=1/2 status=200 0.398s url=https://www.myfonts.com/products/halo-domas-solid-complete-family-package-1172548
[2026-07-02T09:35:50Z] #553 attempt=1/2 status=200 0.486s url=https://www.myfonts.com/collections/halo-domas-solid-font-mabhal-studio/
[2026-07-02T09:35:51Z] #554 attempt=1/2 status=200 0.423s url=https://www.myfonts.com/products/cybernetik-complete-family-package-1172571
[2026-07-02T09:35:52Z] #555 attempt=1/2 status=200 0.583s url=https://www.myfonts.com/collections/cybernetik-font-parker-creative/
[2026-07-02T09:35:53Z] #556 attempt=1/2 status=200 0.426s url=https://www.myfonts.com/products/amberly-route-complete-family-package-1172500
[2026-07-02T09:35:53Z] #557 attempt=1/2 status=200 0.426s url=https://www.myfonts.com/collections/amberly-route-font-cocodesign/
[2026-07-02T09:35:54Z] #558 attempt=1/2 status=200 0.606s url=https://www.myfonts.com/products/costhiya-complete-family-package-1172587
[2026-07-02T09:35:55Z] #559 attempt=1/2 status=200 0.851s url=https://www.myfonts.com/collections/costhiya-font-madjack-font/
[2026-07-02T09:35:56Z] #560 attempt=1/2 status=200 0.463s url=https://www.myfonts.com/products/muchino-complete-family-package-1172516
[2026-07-02T09:35:57Z] #561 attempt=1/2 status=200 0.591s url=https://www.myfonts.com/collections/muchino-font-luminatype-studio/
[2026-07-02T09:35:58Z] #562 attempt=1/2 status=200 0.370s url=https://www.myfonts.com/products/publice-complete-family-package-1172536
[2026-07-02T09:35:58Z] #563 attempt=1/2 status=200 0.461s url=https://www.myfonts.com/collections/publice-font-glyphminds-studios/
[2026-07-02T09:35:59Z] #564 attempt=1/2 status=200 0.334s url=https://www.myfonts.com/products/comfort-cash-complete-family-package-1172458
[2026-07-02T09:35:59Z] #565 attempt=1/2 status=429 0.045s url=https://www.myfonts.com/collections/comfort-cash-font-hanoded/
[2026-07-02T09:36:02Z] #566 attempt=2/2 status=200 0.703s url=https://www.myfonts.com/collections/comfort-cash-font-hanoded/
[2026-07-02T09:36:03Z] #567 attempt=1/2 status=200 0.380s url=https://www.myfonts.com/products/haji-complete-family-package-1172540
[2026-07-02T09:36:04Z] #568 attempt=1/2 status=200 0.658s url=https://www.myfonts.com/collections/haji-font-letternesia-studio/
[2026-07-02T09:36:04Z] #569 attempt=1/2 status=200 0.361s url=https://www.myfonts.com/products/easter-holiday-regular-complete-family-package-1172582
[2026-07-02T09:36:05Z] #570 attempt=1/2 status=200 0.424s url=https://www.myfonts.com/collections/easter-holiday-regular-font-mabhal-studio/
[2026-07-02T09:36:06Z] #571 attempt=1/2 status=200 0.510s url=https://www.myfonts.com/products/windale-sans-complete-family-package-1172526
[2026-07-02T09:36:07Z] #572 attempt=1/2 status=200 0.562s url=https://www.myfonts.com/collections/windale-sans-font-shape-studio/
[2026-07-02T09:36:07Z] #573 attempt=1/2 status=200 0.476s url=https://www.myfonts.com/products/kombinator-complete-family-package-1172505
[2026-07-02T09:36:08Z] #574 attempt=1/2 status=200 0.553s url=https://www.myfonts.com/collections/kombinator-font-fontroll/
[2026-07-02T09:36:10Z] #575 attempt=1/6 status=200 0.945s url=https://www.myfonts.com/products.json?limit=100&page=22
[2026-07-02T09:36:10Z] #576 attempt=1/2 status=200 0.319s url=https://www.myfonts.com/products/regular-estrellie-1172546
[2026-07-02T09:36:11Z] #577 attempt=1/2 status=200 0.276s url=https://www.myfonts.com/collections/estrellie-font-typoraith-co/
[2026-07-02T09:36:11Z] #578 attempt=1/2 status=429 0.049s url=https://www.myfonts.com/products/regular-balery-1172539
[2026-07-02T09:36:14Z] #579 attempt=2/2 status=200 0.432s url=https://www.myfonts.com/products/regular-balery-1172539
[2026-07-02T09:36:14Z] #580 attempt=1/2 status=200 0.318s url=https://www.myfonts.com/collections/balery-font-krismagraph/
[2026-07-02T09:36:15Z] #581 attempt=1/2 status=200 0.438s url=https://www.myfonts.com/products/regular-alino-1172547
[2026-07-02T09:36:16Z] #582 attempt=1/2 status=200 0.294s url=https://www.myfonts.com/collections/alino-font-pb-type/
[2026-07-02T09:36:16Z] #583 attempt=1/2 status=200 0.304s url=https://www.myfonts.com/products/bold-loudmouth-1172535
[2026-07-02T09:36:16Z] #584 attempt=1/2 status=429 0.057s url=https://www.myfonts.com/collections/loudmouth-font-mix-fonts/
[2026-07-02T09:36:19Z] #585 attempt=2/2 status=200 0.417s url=https://www.myfonts.com/collections/loudmouth-font-mix-fonts/
[2026-07-02T09:36:20Z] #586 attempt=1/2 status=200 0.333s url=https://www.myfonts.com/products/regular-larnix-1172581
[2026-07-02T09:36:20Z] #587 attempt=1/2 status=200 0.292s url=https://www.myfonts.com/collections/larnix-font-mei-suseno/
[2026-07-02T09:36:21Z] #588 attempt=1/2 status=200 0.339s url=https://www.myfonts.com/products/regular-messy-chaos-1172543
[2026-07-02T09:36:21Z] #589 attempt=1/2 status=200 0.333s url=https://www.myfonts.com/collections/messy-chaos-font-yeen-studio/
[2026-07-02T09:36:22Z] #590 attempt=1/2 status=200 0.327s url=https://www.myfonts.com/products/regular-gelado-1172586
[2026-07-02T09:36:22Z] #591 attempt=1/2 status=429 0.070s url=https://www.myfonts.com/collections/gelado-font-island-type-foundry/
[2026-07-02T09:36:25Z] #592 attempt=2/2 status=200 0.409s url=https://www.myfonts.com/collections/gelado-font-island-type-foundry/
[2026-07-02T09:36:26Z] #593 attempt=1/2 status=200 0.322s url=https://www.myfonts.com/products/regular-hapfew-1172515
[2026-07-02T09:36:26Z] #594 attempt=1/2 status=200 0.367s url=https://www.myfonts.com/collections/hapfew-font-hasnat-studio/
[2026-07-02T09:36:28Z] #595 attempt=1/6 status=200 0.992s url=https://www.myfonts.com/products.json?limit=100&page=23
[2026-07-02T09:36:28Z] #596 attempt=1/2 status=200 0.300s url=https://www.myfonts.com/products/regular-naztos-1172513
[2026-07-02T09:36:29Z] #597 attempt=1/2 status=200 0.309s url=https://www.myfonts.com/collections/naztos-font-hasnat-studio/
[2026-07-02T09:36:29Z] #598 attempt=1/2 status=200 0.322s url=https://www.myfonts.com/products/regular-sparke-1172499
[2026-07-02T09:36:30Z] #599 attempt=1/2 status=200 0.336s url=https://www.myfonts.com/collections/sparke-font-drizy-font/
[2026-07-02T09:36:30Z] #600 attempt=1/2 status=429 0.063s url=https://www.myfonts.com/products/regular-degara-lindou-1172615
[2026-07-02T09:36:33Z] #601 attempt=2/2 status=200 0.489s url=https://www.myfonts.com/products/regular-degara-lindou-1172615
[2026-07-02T09:36:34Z] #602 attempt=1/2 status=200 0.352s url=https://www.myfonts.com/collections/degara-lindou-font-mabhal-studio/
[2026-07-02T09:36:34Z] #603 attempt=1/2 status=200 0.317s url=https://www.myfonts.com/products/regular-blackboard-chalk-3d-1172504
[2026-07-02T09:36:35Z] #604 attempt=1/2 status=200 0.327s url=https://www.myfonts.com/collections/blackboard-chalk-3d-font-mvmet/
[2026-07-02T09:36:35Z] #605 attempt=1/2 status=200 0.331s url=https://www.myfonts.com/products/regular-yordic-1172616
[2026-07-02T09:36:36Z] #606 attempt=1/2 status=200 0.253s url=https://www.myfonts.com/collections/yordic-font-bentype/
[2026-07-02T09:36:36Z] #607 attempt=1/2 status=429 0.051s url=https://www.myfonts.com/products/regular-randos-1172585
[2026-07-02T09:36:39Z] #608 attempt=2/2 status=200 0.423s url=https://www.myfonts.com/products/regular-randos-1172585
[2026-07-02T09:36:39Z] #609 attempt=1/2 status=200 0.307s url=https://www.myfonts.com/collections/randos-font-island-type-foundry/
[2026-07-02T09:36:40Z] #610 attempt=1/2 status=200 0.299s url=https://www.myfonts.com/products/regular-velytia-1172545
[2026-07-02T09:36:41Z] #611 attempt=1/2 status=200 0.367s url=https://www.myfonts.com/collections/velytia-font-groenstudio/
[2026-07-02T09:36:41Z] #612 attempt=1/2 status=200 0.406s url=https://www.myfonts.com/products/regular-dreamyfont-1172544
[2026-07-02T09:36:41Z] #613 attempt=1/2 status=429 0.045s url=https://www.myfonts.com/collections/dreamyfont-font-eryn-rose-design/
[2026-07-02T09:36:44Z] #614 attempt=2/2 status=200 0.398s url=https://www.myfonts.com/collections/dreamyfont-font-eryn-rose-design/
[2026-07-02T09:36:45Z] #615 attempt=1/2 status=200 0.358s url=https://www.myfonts.com/products/regular-ekayanti-1172514
[2026-07-02T09:36:45Z] #616 attempt=1/2 status=200 0.316s url=https://www.myfonts.com/collections/ekayanti-font-realtype/
[2026-07-02T09:36:46Z] #617 attempt=1/2 status=200 0.452s url=https://www.myfonts.com/products/mainboard-mono-complete-family-package-1172620
[2026-07-02T09:36:47Z] #618 attempt=1/2 status=200 0.523s url=https://www.myfonts.com/collections/mainboard-mono-font-moritz-kleinsorge/
[2026-07-02T09:36:48Z] #619 attempt=1/6 status=200 1.154s url=https://www.myfonts.com/products.json?limit=100&page=24
[2026-07-02T09:36:49Z] #620 attempt=1/2 status=200 0.333s url=https://www.myfonts.com/products/black-los-lana-pro-121174
[2026-07-02T09:36:50Z] #621 attempt=1/2 status=200 0.341s url=https://www.myfonts.com/collections/los-lana-pro-font-latinotype/
[2026-07-02T09:36:50Z] #622 attempt=1/2 status=200 0.302s url=https://www.myfonts.com/products/condensed-regular-tois-1172570
[2026-07-02T09:36:51Z] #623 attempt=1/2 status=429 0.072s url=https://www.myfonts.com/collections/tois-font-pb-type/
[2026-07-02T09:36:53Z] #624 attempt=2/2 status=200 0.398s url=https://www.myfonts.com/collections/tois-font-pb-type/
[2026-07-02T09:36:54Z] #625 attempt=1/2 status=200 0.309s url=https://www.myfonts.com/products/regular-drakry-1172479
[2026-07-02T09:36:54Z] #626 attempt=1/2 status=200 0.322s url=https://www.myfonts.com/collections/drakry-font-hasnat-studio/
[2026-07-02T09:36:55Z] #627 attempt=1/2 status=200 0.289s url=https://www.myfonts.com/products/cubiculum-package-321530
[2026-07-02T09:36:55Z] #628 attempt=1/2 status=200 0.341s url=https://www.myfonts.com/collections/cubiculum-font-johan-winge/
[2026-07-02T09:36:57Z] #629 attempt=1/2 status=200 1.357s url=https://www.myfonts.com/products/caber-semibold-slant-dvarlin-staves-41771
[2026-07-02T09:36:59Z] #630 attempt=1/2 status=200 1.991s url=https://www.myfonts.com/collections/dvarlin-staves-font-sins/
[2026-07-02T09:37:01Z] #631 attempt=1/2 status=200 1.176s url=https://www.myfonts.com/products/bole-regular-slant-dvarlin-staves-41743
[2026-07-02T09:37:03Z] #632 attempt=1/2 status=200 2.205s url=https://www.myfonts.com/collections/dvarlin-staves-font-sins/
[2026-07-02T09:37:05Z] #633 attempt=1/2 status=200 0.684s url=https://www.myfonts.com/products/display-value-package-package-1172433
[2026-07-02T09:37:06Z] #634 attempt=1/2 status=200 1.241s url=https://www.myfonts.com/collections/dareva-font-bykineks/
[2026-07-02T09:37:07Z] #635 attempt=1/2 status=200 0.845s url=https://www.myfonts.com/products/arshila-complete-family-package-1172443
[2026-07-02T09:37:09Z] #636 attempt=1/2 status=200 1.603s url=https://www.myfonts.com/collections/arshila-font-bykineks/
[2026-07-02T09:37:10Z] #637 attempt=1/2 status=200 0.499s url=https://www.myfonts.com/products/smetana-complete-family-package-1172378
[2026-07-02T09:37:11Z] #638 attempt=1/2 status=200 0.564s url=https://www.myfonts.com/collections/smetana-font-alpercakici/
[2026-07-02T09:37:12Z] #639 attempt=1/2 status=200 0.342s url=https://www.myfonts.com/products/wedding-romantic-monogram-complete-family-package-1172391
[2026-07-02T09:37:13Z] #640 attempt=1/2 status=200 0.525s url=https://www.myfonts.com/collections/wedding-romantic-monogram-font-yoga-letter/
[2026-07-02T09:37:14Z] #641 attempt=1/2 status=200 1.121s url=https://www.myfonts.com/products/soft-package-1172375
[2026-07-02T09:37:17Z] #642 attempt=1/2 status=200 2.919s url=https://www.myfonts.com/collections/glowira-font-nia-typework/
[2026-07-02T09:37:19Z] #643 attempt=1/2 status=200 1.326s url=https://www.myfonts.com/products/hard-package-1172376
[2026-07-02T09:37:22Z] #644 attempt=1/2 status=200 2.558s url=https://www.myfonts.com/collections/khastiyan-font-nia-typework/
[2026-07-02T09:37:24Z] #645 attempt=1/2 status=200 0.401s url=https://www.myfonts.com/products/collection-morning-complete-family-package-1172434
[2026-07-02T09:37:24Z] #646 attempt=1/2 status=200 0.440s url=https://www.myfonts.com/collections/collection-morning-font-timelesstype-studio/
[2026-07-02T09:37:25Z] #647 attempt=1/2 status=200 0.415s url=https://www.myfonts.com/products/melonie-complete-family-package-1172445
[2026-07-02T09:37:26Z] #648 attempt=1/2 status=200 0.573s url=https://www.myfonts.com/collections/melonie-font-alpercakici/
[2026-07-02T09:37:27Z] #649 attempt=1/2 status=200 0.319s url=https://www.myfonts.com/products/digital404-complete-family-package-1171294
[2026-07-02T09:37:27Z] #650 attempt=1/2 status=200 0.462s url=https://www.myfonts.com/collections/digital404-font-centrotype/
[2026-07-02T09:37:28Z] #651 attempt=1/2 status=200 0.369s url=https://www.myfonts.com/products/saturday-race-complete-family-package-1161830
[2026-07-02T09:37:29Z] #652 attempt=1/2 status=200 0.464s url=https://www.myfonts.com/collections/saturday-race-font-mans-greback/
[2026-07-02T09:37:29Z] #653 attempt=1/2 status=200 0.308s url=https://www.myfonts.com/products/regular-belove-1172440
[2026-07-02T09:37:30Z] #654 attempt=1/2 status=200 0.291s url=https://www.myfonts.com/collections/belove-font-flawlessandco/
[2026-07-02T09:37:30Z] #655 attempt=1/2 status=200 0.308s url=https://www.myfonts.com/products/regular-chances-1171540
[2026-07-02T09:37:31Z] #656 attempt=1/2 status=200 0.367s url=https://www.myfonts.com/collections/chances-font-island-type-foundry/
[2026-07-02T09:37:32Z] #657 attempt=1/2 status=200 0.269s url=https://www.myfonts.com/products/regular-pikabu-1172439
[2026-07-02T09:37:32Z] #658 attempt=1/2 status=200 0.366s url=https://www.myfonts.com/collections/pikabu-font-pekotype/
[2026-07-02T09:37:33Z] #659 attempt=1/2 status=200 0.290s url=https://www.myfonts.com/products/regular-shokupan-1172438
[2026-07-02T09:37:33Z] #660 attempt=1/2 status=200 0.267s url=https://www.myfonts.com/collections/shokupan-font-pekotype/
[2026-07-02T09:37:34Z] #661 attempt=1/2 status=200 0.312s url=https://www.myfonts.com/products/regular-popstep-1172441
[2026-07-02T09:37:34Z] #662 attempt=1/2 status=200 0.269s url=https://www.myfonts.com/collections/popstep-font-pekotype/
[2026-07-02T09:37:35Z] #663 attempt=1/2 status=200 0.331s url=https://www.myfonts.com/products/regular-legowo-1172437
[2026-07-02T09:37:35Z] #664 attempt=1/2 status=200 0.322s url=https://www.myfonts.com/collections/legowo-font-pekotype/
[2026-07-02T09:37:37Z] #665 attempt=1/6 status=200 1.082s url=https://www.myfonts.com/products.json?limit=100&page=25
[2026-07-02T09:37:38Z] #666 attempt=1/2 status=200 1.110s url=https://www.myfonts.com/products/street-graffiti-font-bundle-package-926819
[2026-07-02T09:37:39Z] #667 attempt=1/2 status=404 0.188s url=https://www.myfonts.com/collections/street-graffiti-font-bundle-font-sipanji21
[2026-07-02T09:37:40Z] #668 attempt=1/2 status=200 1.298s url=https://www.myfonts.com/products/cute-and-kiddie-font-pack-package-727714
[2026-07-02T09:37:41Z] #669 attempt=1/2 status=404 0.179s url=https://www.myfonts.com/collections/cute-and-kiddie-font-pack-font-sipanji21
[2026-07-02T09:37:42Z] #670 attempt=1/2 status=200 0.978s url=https://www.myfonts.com/products/street-marks-15-monoline-graffiti-font-bundle-package-1014788
[2026-07-02T09:37:42Z] #671 attempt=1/2 status=404 0.206s url=https://www.myfonts.com/collections/street-marks-15-monoline-graffiti-font-bundle-font-sipanji21
[2026-07-02T09:37:43Z] #672 attempt=1/2 status=200 0.492s url=https://www.myfonts.com/products/text-heavy-grange-269054
[2026-07-02T09:37:44Z] #673 attempt=1/2 status=200 0.970s url=https://www.myfonts.com/collections/grange-font-device/
[2026-07-02T09:37:45Z] #674 attempt=1/2 status=200 0.307s url=https://www.myfonts.com/products/light-charminette-130182
[2026-07-02T09:37:45Z] #675 attempt=1/2 status=200 0.254s url=https://www.myfonts.com/collections/charminette-font-vanderfont/
[2026-07-02T09:37:46Z] #676 attempt=1/2 status=200 0.355s url=https://www.myfonts.com/products/topbirdy-script-complete-family-package-1161825
[2026-07-02T09:37:47Z] #677 attempt=1/2 status=200 0.433s url=https://www.myfonts.com/collections/topbirdy-script-font-mans-greback/
[2026-07-02T09:37:49Z] #678 attempt=1/2 status=200 2.290s url=https://www.myfonts.com/products/stigsa-display-complete-family-package-1157673
[2026-07-02T09:37:53Z] #679 attempt=1/2 status=500 3.131s url=https://www.myfonts.com/collections/stigsa-display-font-seniors-studio/
[2026-07-02T09:37:53Z] #680 attempt=1/2 status=200 0.366s url=https://www.myfonts.com/products/klopfzeichen-complete-family-package-1172371
[2026-07-02T09:37:54Z] #681 attempt=1/2 status=200 0.530s url=https://www.myfonts.com/collections/klopfzeichen-font-mysterian/
[2026-07-02T09:37:55Z] #682 attempt=1/2 status=200 0.771s url=https://www.myfonts.com/products/sokuna-complete-family-package-1172306
[2026-07-02T09:37:57Z] #683 attempt=1/2 status=200 1.071s url=https://www.myfonts.com/collections/sokuna-font-alterspieler/
[2026-07-02T09:37:57Z] #684 attempt=1/2 status=200 0.286s url=https://www.myfonts.com/products/regular-rainbow-theory-1171618
[2026-07-02T09:37:58Z] #685 attempt=1/2 status=200 0.285s url=https://www.myfonts.com/collections/rainbow-theory-font-bluestype-studio/
[2026-07-02T09:37:58Z] summary releases=5 first_429=(103, 'https://www.myfonts.com/collections/naolica-font-ixipcalli/', 0.05672860145568848) log_file=state/myfonts_run_20260702_092715.log
[2026-07-02T09:37:58Z] === MyFonts crawl end ===
