[2026-09-23T11:21:24Z] checkpoint fresh next_page=1 path=state/myfonts_crawl_checkpoint.json
[2026-09-23T11:21:24Z] === MyFonts crawl start source=myfonts ===
[2026-09-23T11:21:24Z] config max_pages=25 page_size=100 start_date=2026-09-22 end_date=2026-09-23 api_delay=0.5s detail_delay=0.2s max_debut_checks=400 max_tech_specs_checks=200 reuse_success_profile=False always_enrich_packages=True language_script_signal_mode=strong force_fresh_run=False start_page=1 browser_mode=False browser_headless=True browser_storage_state_path=state/myfonts_storage_state.json
[2026-09-23T11:21:26Z] #1 attempt=1/6 status=200 0.942s url=https://www.myfonts.com/products.json?limit=100&page=1
[2026-09-23T11:21:26Z] #2 attempt=1/2 status=200 0.364s url=https://www.myfonts.com/products/net-blaarr-complete-family-package-1229542
[2026-09-23T11:21:27Z] #3 attempt=1/2 status=404 0.301s url=https://www.myfonts.com/collections/net-blaarr-font-casloop-studio
[2026-09-23T11:21:28Z] #4 attempt=1/2 status=200 0.354s url=https://www.myfonts.com/products/perupa-complete-family-package-1229552
[2026-09-23T11:21:28Z] #5 attempt=1/2 status=404 0.276s url=https://www.myfonts.com/collections/perupa-font-wahyu-and-sani-co
[2026-09-23T11:21:29Z] #6 attempt=1/2 status=200 1.186s url=https://www.myfonts.com/products/round-package-1229729
[2026-09-23T11:21:32Z] #7 attempt=1/2 status=200 2.322s url=https://www.myfonts.com/collections/gafisah-font-rotterlab-studio/
[2026-09-23T11:21:35Z] #8 attempt=1/2 status=200 2.906s url=https://www.myfonts.com/collections/gafisah-font-rotterlab-studio/?tab=techSpecs
[2026-09-23T11:21:37Z] #9 attempt=1/2 status=200 0.364s url=https://www.myfonts.com/products/wild-fragment-complete-family-package-1229488
[2026-09-23T11:21:38Z] #10 attempt=1/2 status=404 0.347s url=https://www.myfonts.com/collections/wild-fragment-font-sarid-ezra
[2026-09-23T11:21:38Z] #11 attempt=1/2 status=200 0.368s url=https://www.myfonts.com/products/gazar-complete-family-package-1229321
[2026-09-23T11:21:39Z] #12 attempt=1/2 status=404 0.271s url=https://www.myfonts.com/collections/gazar-font-md-type
[2026-09-23T11:21:39Z] #13 attempt=1/2 status=200 0.350s url=https://www.myfonts.com/products/rough-city-markers-complete-family-package-1229567
[2026-09-23T11:21:40Z] #14 attempt=1/2 status=404 0.366s url=https://www.myfonts.com/collections/rough-city-markers-font-letterena-studios
[2026-09-23T11:21:40Z] #15 attempt=1/2 status=200 0.458s url=https://www.myfonts.com/products/gazpacho-standard-pack-package-1229206
[2026-09-23T11:21:41Z] #16 attempt=1/2 status=200 0.869s url=https://www.myfonts.com/collections/gazpacho-font-monotype-imaging/
[2026-09-23T11:21:42Z] #17 attempt=1/2 status=200 0.761s url=https://www.myfonts.com/collections/gazpacho-font-monotype-imaging/?tab=techSpecs
[2026-09-23T11:21:44Z] #18 attempt=1/2 status=200 0.816s url=https://www.myfonts.com/products/britanica-extended-pack-package-1229239
[2026-09-23T11:21:47Z] #19 attempt=1/2 status=200 2.686s url=https://www.myfonts.com/collections/britanica-font-monotype-imaging/
[2026-09-23T11:21:49Z] #20 attempt=1/2 status=200 1.439s url=https://www.myfonts.com/collections/britanica-font-monotype-imaging/?tab=techSpecs
[2026-09-23T11:21:50Z] #21 attempt=1/2 status=200 0.363s url=https://www.myfonts.com/products/moneta-complete-family-package-1229232
[2026-09-23T11:21:51Z] #22 attempt=1/2 status=200 0.438s url=https://www.myfonts.com/collections/moneta-font-monotype-imaging/
[2026-09-23T11:21:52Z] #23 attempt=1/2 status=200 0.430s url=https://www.myfonts.com/collections/moneta-font-monotype-imaging/?tab=techSpecs
[2026-09-23T11:21:53Z] #24 attempt=1/2 status=200 0.371s url=https://www.myfonts.com/products/verrell-complete-family-package-1229320
[2026-09-23T11:21:53Z] #25 attempt=1/2 status=404 0.241s url=https://www.myfonts.com/collections/verrell-font-abbastype
[2026-09-23T11:21:54Z] #26 attempt=1/2 status=200 0.326s url=https://www.myfonts.com/products/nordigh-complete-family-package-1229581
[2026-09-23T11:21:54Z] #27 attempt=1/2 status=404 0.248s url=https://www.myfonts.com/collections/nordigh-font-figuree-studio
[2026-09-23T11:21:55Z] #28 attempt=1/2 status=200 0.328s url=https://www.myfonts.com/products/cs-asteria-complete-family-package-1229595
[2026-09-23T11:21:55Z] #29 attempt=1/2 status=404 0.240s url=https://www.myfonts.com/collections/cs-asteria-font-craft-supply-co
[2026-09-23T11:21:56Z] #30 attempt=1/2 status=200 0.457s url=https://www.myfonts.com/products/moneta-sans-complete-family-package-1229223
[2026-09-23T11:21:57Z] #31 attempt=1/2 status=200 0.545s url=https://www.myfonts.com/collections/moneta-sans-font-monotype-imaging/
[2026-09-23T11:21:57Z] #32 attempt=1/2 status=200 0.364s url=https://www.myfonts.com/collections/moneta-sans-font-monotype-imaging/?tab=techSpecs
[2026-09-23T11:21:59Z] #33 attempt=1/2 status=200 0.342s url=https://www.myfonts.com/products/denz-complete-family-package-1229192
[2026-09-23T11:21:59Z] #34 attempt=1/2 status=404 0.506s url=https://www.myfonts.com/collections/denz-font-paratype
[2026-09-23T11:22:00Z] #35 attempt=1/2 status=200 0.377s url=https://www.myfonts.com/products/lithos-complete-family-package-1229730
[2026-09-23T11:22:01Z] #36 attempt=1/2 status=200 0.484s url=https://www.myfonts.com/collections/lithos-font-adobe/
[2026-09-23T11:22:01Z] #37 attempt=1/2 status=200 0.395s url=https://www.myfonts.com/collections/lithos-font-adobe/?tab=techSpecs
[2026-09-23T11:22:02Z] #38 attempt=1/2 status=200 0.332s url=https://www.myfonts.com/products/aspenleigh-complete-family-package-1229391
[2026-09-23T11:22:03Z] #39 attempt=1/2 status=404 0.313s url=https://www.myfonts.com/collections/aspenleigh-font-heinzel-std
[2026-09-23T11:22:04Z] #40 attempt=1/2 status=200 0.353s url=https://www.myfonts.com/products/south-coven-complete-family-package-1229578
[2026-09-23T11:22:04Z] #41 attempt=1/2 status=404 0.254s url=https://www.myfonts.com/collections/south-coven-font-bale-type
[2026-09-23T11:22:05Z] #42 attempt=1/2 status=200 0.326s url=https://www.myfonts.com/products/cs-austria-complete-family-package-1229590
[2026-09-23T11:22:05Z] #43 attempt=1/2 status=404 0.262s url=https://www.myfonts.com/collections/cs-austria-font-craft-supply-co
[2026-09-23T11:22:06Z] #44 attempt=1/2 status=200 0.418s url=https://www.myfonts.com/products/crisbon-complete-family-package-1229508
[2026-09-23T11:22:07Z] #45 attempt=1/2 status=404 0.225s url=https://www.myfonts.com/collections/crisbon-font-great-studio
[2026-09-23T11:22:07Z] #46 attempt=1/2 status=200 0.325s url=https://www.myfonts.com/products/bellview-complete-family-package-1229533
[2026-09-23T11:22:08Z] #47 attempt=1/2 status=404 0.247s url=https://www.myfonts.com/collections/bellview-font-dora-typefoundry
[2026-09-23T11:22:08Z] #48 attempt=1/2 status=200 0.300s url=https://www.myfonts.com/products/starlone-complete-family-package-1229584
[2026-09-23T11:22:08Z] #49 attempt=1/2 status=404 0.234s url=https://www.myfonts.com/collections/starlone-font-bale-type
[2026-09-23T11:22:09Z] #50 attempt=1/2 status=200 0.333s url=https://www.myfonts.com/products/malta-quarelina-complete-family-package-1229530
[2026-09-23T11:22:10Z] #51 attempt=1/2 status=404 0.311s url=https://www.myfonts.com/collections/malta-quarelina-font-say-studio
[2026-09-23T11:22:10Z] #52 attempt=1/2 status=200 0.309s url=https://www.myfonts.com/products/bendor-signature-complete-family-package-1229474
[2026-09-23T11:22:11Z] #53 attempt=1/2 status=404 0.298s url=https://www.myfonts.com/collections/bendor-signature-font-lemonthe
[2026-09-23T11:22:12Z] #54 attempt=1/2 status=200 0.409s url=https://www.myfonts.com/products/meskaro-complete-family-package-1229548
[2026-09-23T11:22:12Z] #55 attempt=1/2 status=404 0.311s url=https://www.myfonts.com/collections/meskaro-font-timelesstype-studio
[2026-09-23T11:22:13Z] #56 attempt=1/2 status=200 0.394s url=https://www.myfonts.com/products/scriptique-complete-family-package-1229315
[2026-09-23T11:22:14Z] #57 attempt=1/2 status=200 0.426s url=https://www.myfonts.com/collections/scriptique-font-scriptique/
[2026-09-23T11:22:14Z] #58 attempt=1/2 status=200 0.487s url=https://www.myfonts.com/collections/scriptique-font-scriptique/?tab=techSpecs
[2026-09-23T11:22:16Z] #59 attempt=1/2 status=200 0.459s url=https://www.myfonts.com/products/arosnes-complete-family-package-1229484
[2026-09-23T11:22:16Z] #60 attempt=1/2 status=404 0.281s url=https://www.myfonts.com/collections/arosnes-font-deorde-studio
[2026-09-23T11:22:17Z] #61 attempt=1/2 status=200 0.326s url=https://www.myfonts.com/products/pelmy-know-complete-family-package-1229599
[2026-09-23T11:22:17Z] #62 attempt=1/2 status=404 0.279s url=https://www.myfonts.com/collections/pelmy-know-font-letterena-studios
[2026-09-23T11:22:18Z] #63 attempt=1/2 status=200 0.329s url=https://www.myfonts.com/products/gekga-complete-family-package-1229480
[2026-09-23T11:22:18Z] #64 attempt=1/2 status=404 0.273s url=https://www.myfonts.com/collections/gekga-font-illushvara
[2026-09-23T11:22:21Z] #65 attempt=1/6 status=200 0.771s url=https://www.myfonts.com/products.json?limit=100&page=2
[2026-09-23T11:22:26Z] #66 attempt=1/6 status=200 0.857s url=https://www.myfonts.com/products.json?limit=100&page=3
[2026-09-23T11:22:30Z] #67 attempt=1/6 status=200 0.947s url=https://www.myfonts.com/products.json?limit=100&page=4
[2026-09-23T11:22:33Z] #68 attempt=1/2 status=200 0.331s url=https://www.myfonts.com/products/regular-magroze-1229319
[2026-09-23T11:22:34Z] #69 attempt=1/2 status=404 0.247s url=https://www.myfonts.com/collections/regular-magroze-1229319-font-bimaksara
[2026-09-23T11:22:36Z] #70 attempt=1/6 status=200 0.795s url=https://www.myfonts.com/products.json?limit=100&page=5
[2026-09-23T11:22:40Z] #71 attempt=1/6 status=200 1.084s url=https://www.myfonts.com/products.json?limit=100&page=6
[2026-09-23T11:22:42Z] #72 attempt=1/2 status=200 0.489s url=https://www.myfonts.com/products/heavy-italic-extreme-sans-561524
[2026-09-23T11:22:43Z] #73 attempt=1/2 status=200 0.530s url=https://www.myfonts.com/collections/extreme-sans-font-type-innovations/
[2026-09-23T11:22:44Z] #74 attempt=1/2 status=200 0.497s url=https://www.myfonts.com/collections/extreme-sans-font-type-innovations/?tab=techSpecs
[2026-09-23T11:22:45Z] #75 attempt=1/2 status=200 0.405s url=https://www.myfonts.com/collections/extreme-sans-font-type-innovations/
[2026-09-23T11:22:46Z] #76 attempt=1/2 status=200 0.394s url=https://www.myfonts.com/products/condensed-bold-innovage-559567
[2026-09-23T11:22:46Z] #77 attempt=1/2 status=200 0.388s url=https://www.myfonts.com/collections/innovage-font-type-innovations/
[2026-09-23T11:22:47Z] #78 attempt=1/2 status=200 0.484s url=https://www.myfonts.com/collections/innovage-font-type-innovations/?tab=techSpecs
[2026-09-23T11:22:48Z] #79 attempt=1/2 status=200 0.459s url=https://www.myfonts.com/collections/innovage-font-type-innovations/
[2026-09-23T11:22:49Z] #80 attempt=1/2 status=200 0.311s url=https://www.myfonts.com/products/regular-canuas-1229528
[2026-09-23T11:22:49Z] #81 attempt=1/2 status=404 0.232s url=https://www.myfonts.com/collections/regular-canuas-1229528-font-cut-story
[2026-09-23T11:22:50Z] #82 attempt=1/2 status=200 0.334s url=https://www.myfonts.com/products/regular-koga-1229483
[2026-09-23T11:22:51Z] #83 attempt=1/2 status=404 0.247s url=https://www.myfonts.com/collections/regular-koga-1229483-font-sensatype-studio
[2026-09-23T11:22:51Z] #84 attempt=1/2 status=200 0.346s url=https://www.myfonts.com/products/regular-honey-sunday-1229587
[2026-09-23T11:22:52Z] #85 attempt=1/2 status=404 0.233s url=https://www.myfonts.com/collections/regular-honey-sunday-1229587-font-vadova-std
[2026-09-23T11:22:52Z] #86 attempt=1/2 status=200 0.327s url=https://www.myfonts.com/products/regular-gravist-core-1229589
[2026-09-23T11:22:53Z] #87 attempt=1/2 status=404 0.244s url=https://www.myfonts.com/collections/regular-gravist-core-1229589-font-rasio-studio
[2026-09-23T11:22:53Z] #88 attempt=1/2 status=200 0.311s url=https://www.myfonts.com/products/regular-monster-chunk-1229588
[2026-09-23T11:22:54Z] #89 attempt=1/2 status=404 0.243s url=https://www.myfonts.com/collections/regular-monster-chunk-1229588-font-rasio-studio
[2026-09-23T11:22:54Z] #90 attempt=1/2 status=200 0.348s url=https://www.myfonts.com/products/regular-norant-1229551
[2026-09-23T11:22:55Z] #91 attempt=1/2 status=404 0.244s url=https://www.myfonts.com/collections/regular-norant-1229551-font-dareco-studio
[2026-09-23T11:22:55Z] #92 attempt=1/2 status=200 0.322s url=https://www.myfonts.com/products/regular-venadria-signature-1229529
[2026-09-23T11:22:56Z] #93 attempt=1/2 status=404 0.231s url=https://www.myfonts.com/collections/regular-venadria-signature-1229529-font-lettertype-studio
[2026-09-23T11:22:56Z] #94 attempt=1/2 status=200 0.330s url=https://www.myfonts.com/products/regular-groovy-waves-1229594
[2026-09-23T11:22:57Z] #95 attempt=1/2 status=404 0.237s url=https://www.myfonts.com/collections/regular-groovy-waves-1229594-font-figuree-studio
[2026-09-23T11:22:57Z] #96 attempt=1/2 status=200 0.336s url=https://www.myfonts.com/products/regular-norsel-1229479
[2026-09-23T11:22:58Z] #97 attempt=1/2 status=404 0.255s url=https://www.myfonts.com/collections/regular-norsel-1229479-font-cut-story
[2026-09-23T11:22:58Z] #98 attempt=1/2 status=200 0.346s url=https://www.myfonts.com/products/regular-atron-1229547
[2026-09-23T11:22:59Z] #99 attempt=1/2 status=404 0.226s url=https://www.myfonts.com/collections/regular-atron-1229547-font-dareco-studio
[2026-09-23T11:22:59Z] #100 attempt=1/2 status=200 0.346s url=https://www.myfonts.com/products/mosterina-complete-family-package-1227932
[2026-09-23T11:23:00Z] #101 attempt=1/2 status=404 0.249s url=https://www.myfonts.com/collections/mosterina-font-ahweproject
[2026-09-23T11:23:01Z] #102 attempt=1/2 status=200 0.308s url=https://www.myfonts.com/products/houston-complete-family-package-1227885
[2026-09-23T11:23:01Z] #103 attempt=1/2 status=404 0.239s url=https://www.myfonts.com/collections/houston-font-unitype-studio
[2026-09-23T11:23:02Z] #104 attempt=1/2 status=200 0.390s url=https://www.myfonts.com/products/borne-times-complete-family-package-1227311
[2026-09-23T11:23:03Z] #105 attempt=1/2 status=404 0.292s url=https://www.myfonts.com/collections/borne-times-font-waftype
[2026-09-23T11:23:03Z] #106 attempt=1/2 status=200 0.327s url=https://www.myfonts.com/products/geikin-complete-family-package-1227929
[2026-09-23T11:23:04Z] #107 attempt=1/2 status=404 0.389s url=https://www.myfonts.com/collections/geikin-font-agung-sudirman
[2026-09-23T11:23:04Z] #108 attempt=1/2 status=200 0.339s url=https://www.myfonts.com/products/garncoleia-complete-family-package-1228975
[2026-09-23T11:23:05Z] #109 attempt=1/2 status=404 0.313s url=https://www.myfonts.com/collections/garncoleia-font-sealoung
[2026-09-23T11:23:05Z] #110 attempt=1/2 status=200 0.382s url=https://www.myfonts.com/products/selvorith-complete-family-package-1228173
[2026-09-23T11:23:06Z] #111 attempt=1/2 status=404 0.295s url=https://www.myfonts.com/collections/selvorith-font-donyadesign
[2026-09-23T11:23:06Z] #112 attempt=1/2 status=200 0.416s url=https://www.myfonts.com/products/narrow-package-1227928
[2026-09-23T11:23:07Z] #113 attempt=1/2 status=200 0.386s url=https://www.myfonts.com/products/rejeki-complete-family-package-1227670
[2026-09-23T11:23:08Z] #114 attempt=1/2 status=404 0.563s url=https://www.myfonts.com/collections/rejeki-font-abbastype
[2026-09-23T11:23:08Z] #115 attempt=1/2 status=200 0.383s url=https://www.myfonts.com/products/demavonia-complete-family-package-1228881
[2026-09-23T11:23:09Z] #116 attempt=1/2 status=404 0.270s url=https://www.myfonts.com/collections/demavonia-font-salsatype
[2026-09-23T11:23:09Z] #117 attempt=1/2 status=200 0.303s url=https://www.myfonts.com/products/bonthe-complete-family-package-1228154
[2026-09-23T11:23:10Z] #118 attempt=1/2 status=404 0.249s url=https://www.myfonts.com/collections/bonthe-font-dora-typefoundry
[2026-09-23T11:23:11Z] #119 attempt=1/2 status=200 0.365s url=https://www.myfonts.com/products/pogalis-complete-family-package-1228794
[2026-09-23T11:23:11Z] #120 attempt=1/2 status=404 0.273s url=https://www.myfonts.com/collections/pogalis-font-salsatype
[2026-09-23T11:23:12Z] #121 attempt=1/2 status=200 0.400s url=https://www.myfonts.com/products/janked-complete-family-package-1227666
[2026-09-23T11:23:13Z] #122 attempt=1/2 status=404 0.252s url=https://www.myfonts.com/collections/janked-font-maulana-creative
[2026-09-23T11:23:13Z] #123 attempt=1/2 status=200 0.317s url=https://www.myfonts.com/products/eastline-complete-family-package-1228151
[2026-09-23T11:23:14Z] #124 attempt=1/2 status=404 0.236s url=https://www.myfonts.com/collections/eastline-font-din-studio
[2026-09-23T11:23:14Z] #125 attempt=1/2 status=200 0.332s url=https://www.myfonts.com/products/barbie-love-complete-family-package-1227473
[2026-09-23T11:23:15Z] #126 attempt=1/2 status=404 0.223s url=https://www.myfonts.com/collections/barbie-love-font-abbastype
[2026-09-23T11:23:15Z] #127 attempt=1/2 status=200 0.329s url=https://www.myfonts.com/products/dreadly-complete-family-package-1228791
[2026-09-23T11:23:16Z] #128 attempt=1/2 status=404 0.215s url=https://www.myfonts.com/collections/dreadly-font-ronin-design
[2026-09-23T11:23:16Z] #129 attempt=1/2 status=200 0.339s url=https://www.myfonts.com/products/randeta-olindra-complete-family-package-1228140
[2026-09-23T11:23:17Z] #130 attempt=1/2 status=404 0.246s url=https://www.myfonts.com/collections/randeta-olindra-font-dgtype
[2026-09-23T11:23:17Z] #131 attempt=1/2 status=200 0.455s url=https://www.myfonts.com/products/the-raylen-complete-family-package-1227472
[2026-09-23T11:23:18Z] #132 attempt=1/2 status=404 0.277s url=https://www.myfonts.com/collections/the-raylen-font-abbastype
[2026-09-23T11:23:18Z] #133 attempt=1/2 status=200 0.326s url=https://www.myfonts.com/products/european-vintage-complete-family-package-1228770
[2026-09-23T11:23:19Z] #134 attempt=1/2 status=404 0.284s url=https://www.myfonts.com/collections/european-vintage-font-rastype-studio
[2026-09-23T11:23:19Z] #135 attempt=1/2 status=200 0.331s url=https://www.myfonts.com/products/gorvain-soft-complete-family-package-1229066
[2026-09-23T11:23:20Z] #136 attempt=1/2 status=404 0.224s url=https://www.myfonts.com/collections/gorvain-soft-font-keren-studio
[2026-09-23T11:23:21Z] #137 attempt=1/2 status=200 0.390s url=https://www.myfonts.com/products/prixma-caps-complete-family-package-1228131
[2026-09-23T11:23:22Z] #138 attempt=1/2 status=404 0.253s url=https://www.myfonts.com/collections/prixma-caps-font-defharo
[2026-09-23T11:23:22Z] #139 attempt=1/2 status=200 0.438s url=https://www.myfonts.com/products/civara-condensed-complete-family-package-1227378
[2026-09-23T11:23:23Z] #140 attempt=1/2 status=404 0.250s url=https://www.myfonts.com/collections/civara-condensed-font-md-type
[2026-09-23T11:23:23Z] #141 attempt=1/2 status=200 0.318s url=https://www.myfonts.com/products/fatglos-package-package-1228695
[2026-09-23T11:23:24Z] #142 attempt=1/2 status=404 0.230s url=https://www.myfonts.com/collections/fatglos-package-font-nia-typework
[2026-09-23T11:23:24Z] #143 attempt=1/2 status=200 0.367s url=https://www.myfonts.com/products/protica-complete-family-package-1228999
[2026-09-23T11:23:25Z] #144 attempt=1/2 status=404 0.257s url=https://www.myfonts.com/collections/protica-font-font-liner
[2026-09-23T11:23:25Z] #145 attempt=1/2 status=200 0.333s url=https://www.myfonts.com/products/metro-culture-complete-family-package-1227913
[2026-09-23T11:23:26Z] #146 attempt=1/2 status=404 0.251s url=https://www.myfonts.com/collections/metro-culture-font-the-native-saint-club
[2026-09-23T11:23:26Z] #147 attempt=1/2 status=200 0.358s url=https://www.myfonts.com/products/bhagkuan-complete-family-package-1227356
[2026-09-23T11:23:27Z] #148 attempt=1/2 status=404 0.231s url=https://www.myfonts.com/collections/bhagkuan-font-abbastype
[2026-09-23T11:23:27Z] #149 attempt=1/2 status=200 0.363s url=https://www.myfonts.com/products/saint-hardvest-complete-family-package-1229034
[2026-09-23T11:23:28Z] #150 attempt=1/2 status=404 0.234s url=https://www.myfonts.com/collections/saint-hardvest-font-jafar07
[2026-09-23T11:23:28Z] #151 attempt=1/2 status=200 0.339s url=https://www.myfonts.com/products/revanzo-complete-family-package-1228126
[2026-09-23T11:23:29Z] #152 attempt=1/2 status=404 0.252s url=https://www.myfonts.com/collections/revanzo-font-craft-supply-co
[2026-09-23T11:23:29Z] #153 attempt=1/2 status=200 0.358s url=https://www.myfonts.com/products/kufi-20-naaem-complete-family-package-1229006
[2026-09-23T11:23:30Z] #154 attempt=1/2 status=404 0.232s url=https://www.myfonts.com/collections/kufi-20-naaem-font-grafikarfonts
[2026-09-23T11:23:31Z] #155 attempt=1/2 status=200 0.351s url=https://www.myfonts.com/products/sunday-brew-complete-family-package-1227910
[2026-09-23T11:23:32Z] #156 attempt=1/2 status=404 0.412s url=https://www.myfonts.com/collections/sunday-brew-font-cocodesign
[2026-09-23T11:23:32Z] #157 attempt=1/2 status=200 0.311s url=https://www.myfonts.com/products/revenika-complete-family-package-1228123
[2026-09-23T11:23:33Z] #158 attempt=1/2 status=404 0.242s url=https://www.myfonts.com/collections/revenika-font-craft-supply-co
[2026-09-23T11:23:33Z] #159 attempt=1/2 status=200 0.328s url=https://www.myfonts.com/products/civara-complete-family-package-1227345
[2026-09-23T11:23:33Z] #160 attempt=1/2 status=404 0.235s url=https://www.myfonts.com/collections/civara-font-md-type
[2026-09-23T11:23:37Z] #161 attempt=1/2 status=200 3.448s url=https://www.myfonts.com/products/soft-package-1228503
[2026-09-23T11:23:41Z] #162 attempt=1/2 status=200 4.067s url=https://www.myfonts.com/collections/seghan-elegant-font-rotterlab-studio/
[2026-09-23T11:23:44Z] #163 attempt=1/2 status=200 2.414s url=https://www.myfonts.com/collections/seghan-elegant-font-rotterlab-studio/?tab=techSpecs
[2026-09-23T11:23:46Z] #164 attempt=1/2 status=200 0.361s url=https://www.myfonts.com/products/sharon-springs-complete-family-package-1227907
[2026-09-23T11:23:46Z] #165 attempt=1/2 status=404 0.264s url=https://www.myfonts.com/collections/sharon-springs-font-dora-typefoundry
[2026-09-23T11:23:48Z] #166 attempt=1/6 status=200 0.971s url=https://www.myfonts.com/products.json?limit=100&page=7
[2026-09-23T11:23:48Z] #167 attempt=1/2 status=200 0.320s url=https://www.myfonts.com/products/daily-darling-complete-family-package-1228118
[2026-09-23T11:23:49Z] #168 attempt=1/2 status=404 0.314s url=https://www.myfonts.com/collections/daily-darling-font-cocodesign
[2026-09-23T11:23:49Z] #169 attempt=1/2 status=200 0.314s url=https://www.myfonts.com/products/pimzolo-complete-family-package-1227340
[2026-09-23T11:23:50Z] #170 attempt=1/2 status=404 0.233s url=https://www.myfonts.com/collections/pimzolo-font-pulpenitem-studio
[2026-09-23T11:23:50Z] #171 attempt=1/2 status=200 0.352s url=https://www.myfonts.com/products/esthary-complete-family-package-1228972
[2026-09-23T11:23:51Z] #172 attempt=1/2 status=404 0.231s url=https://www.myfonts.com/collections/esthary-font-say-studio
[2026-09-23T11:23:51Z] #173 attempt=1/2 status=200 0.330s url=https://www.myfonts.com/products/italic-only-package-1227339
[2026-09-23T11:23:52Z] #174 attempt=1/2 status=404 0.413s url=https://www.myfonts.com/collections/italic-only-font-zia-creative-studio
[2026-09-23T11:23:52Z] #175 attempt=1/2 status=200 0.306s url=https://www.myfonts.com/products/gothic-saturday-complete-family-package-1227902
[2026-09-23T11:23:53Z] #176 attempt=1/2 status=404 0.240s url=https://www.myfonts.com/collections/gothic-saturday-font-sarid-ezra
[2026-09-23T11:23:53Z] #177 attempt=1/2 status=200 0.348s url=https://www.myfonts.com/products/caramigo-complete-family-package-1228370
[2026-09-23T11:23:54Z] #178 attempt=1/2 status=404 0.229s url=https://www.myfonts.com/collections/caramigo-font-hishand-studio
[2026-09-23T11:23:55Z] #179 attempt=1/2 status=200 0.369s url=https://www.myfonts.com/products/valortha-complete-family-package-1228115
[2026-09-23T11:23:56Z] #180 attempt=1/2 status=404 0.228s url=https://www.myfonts.com/collections/valortha-font-burntilldead
[2026-09-23T11:23:56Z] #181 attempt=1/2 status=200 0.388s url=https://www.myfonts.com/products/midnight-pumpkin-complete-family-package-1228788
[2026-09-23T11:23:57Z] #182 attempt=1/2 status=404 0.255s url=https://www.myfonts.com/collections/midnight-pumpkin-font-rillatype
[2026-09-23T11:23:57Z] #183 attempt=1/2 status=200 0.336s url=https://www.myfonts.com/products/dexialis-static-package-1228107
[2026-09-23T11:23:58Z] #184 attempt=1/2 status=404 0.256s url=https://www.myfonts.com/collections/dexialis-static-font-bartama-graphic
[2026-09-23T11:23:58Z] #185 attempt=1/2 status=200 0.359s url=https://www.myfonts.com/products/compart-pyapari-complete-family-package-1228349
[2026-09-23T11:23:59Z] #186 attempt=1/2 status=404 0.303s url=https://www.myfonts.com/collections/compart-pyapari-font-glyphminds-studios
[2026-09-23T11:23:59Z] #187 attempt=1/2 status=200 0.331s url=https://www.myfonts.com/products/ravella-complete-family-package-1227891
[2026-09-23T11:24:00Z] #188 attempt=1/2 status=404 0.391s url=https://www.myfonts.com/collections/ravella-font-flawlessandco
[2026-09-23T11:24:00Z] #189 attempt=1/2 status=200 0.393s url=https://www.myfonts.com/products/cresso-complete-family-package-1228505
[2026-09-23T11:24:01Z] #190 attempt=1/2 status=404 0.332s url=https://www.myfonts.com/collections/cresso-font-negara-studio
[2026-09-23T11:24:02Z] #191 attempt=1/2 status=200 0.383s url=https://www.myfonts.com/products/grelio-complete-family-package-1228301
[2026-09-23T11:24:02Z] #192 attempt=1/2 status=404 0.403s url=https://www.myfonts.com/collections/grelio-font-get-studio
[2026-09-23T11:24:03Z] #193 attempt=1/2 status=200 0.437s url=https://www.myfonts.com/products/ikn-isolat-complete-family-package-1229014
[2026-09-23T11:24:04Z] #194 attempt=1/2 status=404 0.317s url=https://www.myfonts.com/collections/ikn-isolat-font-ikosa-nona
[2026-09-23T11:24:05Z] #195 attempt=1/2 status=200 0.370s url=https://www.myfonts.com/products/bora-complete-family-package-1227875
[2026-09-23T11:24:05Z] #196 attempt=1/2 status=404 0.244s url=https://www.myfonts.com/collections/bora-font-md-type
[2026-09-23T11:24:06Z] #197 attempt=1/2 status=200 0.342s url=https://www.myfonts.com/products/durden-compressed-complete-family-package-1227314
[2026-09-23T11:24:06Z] #198 attempt=1/2 status=404 0.241s url=https://www.myfonts.com/collections/durden-compressed-font-glowtype
[2026-09-23T11:24:07Z] #199 attempt=1/2 status=200 0.343s url=https://www.myfonts.com/products/kalero-complete-family-package-1228298
[2026-09-23T11:24:07Z] #200 attempt=1/2 status=404 0.291s url=https://www.myfonts.com/collections/kalero-font-font-liner
[2026-09-23T11:24:08Z] #201 attempt=1/2 status=200 0.387s url=https://www.myfonts.com/products/aotes-complete-family-package-1227976
[2026-09-23T11:24:08Z] #202 attempt=1/2 status=404 0.258s url=https://www.myfonts.com/collections/aotes-font-aqeela-studio
[2026-09-23T11:24:09Z] #203 attempt=1/2 status=200 0.328s url=https://www.myfonts.com/products/pumako-complete-family-package-1227867
[2026-09-23T11:24:09Z] #204 attempt=1/2 status=404 0.230s url=https://www.myfonts.com/collections/pumako-font-cassette-type
[2026-09-23T11:24:10Z] #205 attempt=1/2 status=200 0.341s url=https://www.myfonts.com/products/the-arkanes-decorative-complete-family-package-1229002
[2026-09-23T11:24:10Z] #206 attempt=1/2 status=404 0.261s url=https://www.myfonts.com/collections/the-arkanes-decorative-font-gleb-guralnyk
[2026-09-23T11:24:11Z] #207 attempt=1/2 status=200 0.329s url=https://www.myfonts.com/products/public-office-complete-family-package-1227292
[2026-09-23T11:24:11Z] #208 attempt=1/2 status=404 0.284s url=https://www.myfonts.com/collections/public-office-font-bimaksara
[2026-09-23T11:24:12Z] #209 attempt=1/2 status=200 0.343s url=https://www.myfonts.com/products/hucki-complete-family-package-1228994
[2026-09-23T11:24:12Z] #210 attempt=1/2 status=404 0.216s url=https://www.myfonts.com/collections/hucki-font-ezinxo-foundry
[2026-09-23T11:24:13Z] #211 attempt=1/2 status=200 0.290s url=https://www.myfonts.com/products/venary-complete-family-package-1228295
[2026-09-23T11:24:14Z] #212 attempt=1/2 status=404 0.229s url=https://www.myfonts.com/collections/venary-font-font-liner
[2026-09-23T11:24:14Z] #213 attempt=1/2 status=200 0.339s url=https://www.myfonts.com/products/elegance-natural-valentine-complete-family-package-1227971
[2026-09-23T11:24:15Z] #214 attempt=1/2 status=404 0.257s url=https://www.myfonts.com/collections/elegance-natural-valentine-font-amorfa-type
[2026-09-23T11:24:15Z] #215 attempt=1/2 status=200 0.303s url=https://www.myfonts.com/products/molvan-complete-family-package-1227289
[2026-09-23T11:24:16Z] #216 attempt=1/2 status=404 0.242s url=https://www.myfonts.com/collections/molvan-font-jafar07
[2026-09-23T11:24:16Z] #217 attempt=1/2 status=200 0.377s url=https://www.myfonts.com/products/helifier-complete-family-package-1227785
[2026-09-23T11:24:17Z] #218 attempt=1/2 status=404 0.247s url=https://www.myfonts.com/collections/helifier-font-maulana-creative
[2026-09-23T11:24:17Z] #219 attempt=1/2 status=200 0.333s url=https://www.myfonts.com/products/ftc-foldyne-complete-family-package-1228282
[2026-09-23T11:24:18Z] #220 attempt=1/2 status=404 0.233s url=https://www.myfonts.com/collections/ftc-foldyne-font-fridaytype
[2026-09-23T11:24:18Z] #221 attempt=1/2 status=200 0.304s url=https://www.myfonts.com/products/kelgat-complete-family-package-1228989
[2026-09-23T11:24:19Z] #222 attempt=1/2 status=404 0.237s url=https://www.myfonts.com/collections/kelgat-font-ekahermawan
[2026-09-23T11:24:19Z] #223 attempt=1/2 status=200 0.326s url=https://www.myfonts.com/products/nieflush-complete-family-package-1227952
[2026-09-23T11:24:20Z] #224 attempt=1/2 status=404 0.224s url=https://www.myfonts.com/collections/nieflush-font-almarkha-type
[2026-09-23T11:24:20Z] #225 attempt=1/2 status=200 0.325s url=https://www.myfonts.com/products/malograh-complete-family-package-1227277
[2026-09-23T11:24:21Z] #226 attempt=1/2 status=404 0.234s url=https://www.myfonts.com/collections/malograh-font-tini-fitriani
[2026-09-23T11:24:21Z] #227 attempt=1/2 status=200 0.332s url=https://www.myfonts.com/products/bestie-anime-complete-family-package-1227736
[2026-09-23T11:24:22Z] #228 attempt=1/2 status=404 0.302s url=https://www.myfonts.com/collections/bestie-anime-font-abbastype
[2026-09-23T11:24:22Z] #229 attempt=1/2 status=200 0.368s url=https://www.myfonts.com/products/circulation-complete-family-package-1228983
[2026-09-23T11:24:23Z] #230 attempt=1/2 status=200 0.358s url=https://www.myfonts.com/products/rekvo-complete-family-package-1228190
[2026-09-23T11:24:24Z] #231 attempt=1/2 status=404 0.241s url=https://www.myfonts.com/collections/rekvo-font-drizy-font
[2026-09-23T11:24:24Z] #232 attempt=1/2 status=200 0.358s url=https://www.myfonts.com/products/quryn-complete-family-package-1228979
[2026-09-23T11:24:25Z] #233 attempt=1/2 status=404 0.268s url=https://www.myfonts.com/collections/quryn-font-sensatype-studio
[2026-09-23T11:24:25Z] #234 attempt=1/2 status=200 0.303s url=https://www.myfonts.com/products/wintertime-complete-family-package-1227939
[2026-09-23T11:24:26Z] #235 attempt=1/2 status=404 0.231s url=https://www.myfonts.com/collections/wintertime-font-almarkha-type
[2026-09-23T11:24:26Z] #236 attempt=1/2 status=200 0.301s url=https://www.myfonts.com/products/ventora-complete-family-package-1227276
[2026-09-23T11:24:27Z] #237 attempt=1/2 status=404 0.245s url=https://www.myfonts.com/collections/ventora-font-steptype
[2026-09-23T11:24:29Z] #238 attempt=1/2 status=200 0.328s url=https://www.myfonts.com/products/regular-roca-1228982
[2026-09-23T11:24:30Z] #239 attempt=1/2 status=404 0.269s url=https://www.myfonts.com/collections/regular-roca-1228982-font-sensatype-studio
[2026-09-23T11:24:32Z] #240 attempt=1/6 status=200 1.212s url=https://www.myfonts.com/products.json?limit=100&page=8
[2026-09-23T11:24:38Z] #241 attempt=1/6 status=200 0.874s url=https://www.myfonts.com/products.json?limit=100&page=9
[2026-09-23T11:24:44Z] #242 attempt=1/6 status=200 0.997s url=https://www.myfonts.com/products.json?limit=100&page=10
[2026-09-23T11:24:49Z] #243 attempt=1/2 status=200 0.323s url=https://www.myfonts.com/products/regular-sweetfae-lovely-1229027
[2026-09-23T11:24:49Z] #244 attempt=1/2 status=404 0.245s url=https://www.myfonts.com/collections/regular-sweetfae-lovely-1229027-font-imoodev
[2026-09-23T11:24:52Z] #245 attempt=1/6 status=200 1.022s url=https://www.myfonts.com/products.json?limit=100&page=11
[2026-09-23T11:24:59Z] #246 attempt=1/6 status=200 0.897s url=https://www.myfonts.com/products.json?limit=100&page=12
[2026-09-23T11:25:01Z] #247 attempt=1/2 status=200 0.452s url=https://www.myfonts.com/products/regular-solviant-1228787
[2026-09-23T11:25:01Z] #248 attempt=1/2 status=404 0.258s url=https://www.myfonts.com/collections/regular-solviant-1228787-font-rhd-creative
[2026-09-23T11:25:07Z] #249 attempt=1/6 status=200 1.194s url=https://www.myfonts.com/products.json?limit=100&page=13
[2026-09-23T11:25:09Z] #250 attempt=1/2 status=200 0.324s url=https://www.myfonts.com/products/regular-wilsome-1229029
[2026-09-23T11:25:09Z] #251 attempt=1/2 status=404 0.253s url=https://www.myfonts.com/collections/regular-wilsome-1229029-font-inkstone-typewrk
[2026-09-23T11:25:10Z] #252 attempt=1/2 status=200 0.328s url=https://www.myfonts.com/products/regular-alphabet-riot-1229013
[2026-09-23T11:25:10Z] #253 attempt=1/2 status=404 0.238s url=https://www.myfonts.com/collections/regular-alphabet-riot-1229013-font-heinzel-std
[2026-09-23T11:25:12Z] #254 attempt=1/2 status=200 0.327s url=https://www.myfonts.com/products/regular-the-separated-1229028
[2026-09-23T11:25:12Z] #255 attempt=1/2 status=404 0.228s url=https://www.myfonts.com/collections/regular-the-separated-1229028-font-imoodev
[2026-09-23T11:25:13Z] #256 attempt=1/2 status=200 0.354s url=https://www.myfonts.com/products/regular-bagieska-1229012
[2026-09-23T11:25:14Z] #257 attempt=1/2 status=404 0.241s url=https://www.myfonts.com/collections/regular-bagieska-1229012-font-heinzel-std
[2026-09-23T11:25:18Z] #258 attempt=1/6 status=200 1.161s url=https://www.myfonts.com/products.json?limit=100&page=14
[2026-09-23T11:25:20Z] #259 attempt=1/2 status=200 0.366s url=https://www.myfonts.com/products/regular-whops-1228998
[2026-09-23T11:25:21Z] #260 attempt=1/2 status=404 0.319s url=https://www.myfonts.com/collections/regular-whops-1228998-font-flawlessandco
[2026-09-23T11:25:23Z] #261 attempt=1/2 status=200 0.362s url=https://www.myfonts.com/products/regular-zutron-1228997
[2026-09-23T11:25:23Z] #262 attempt=1/2 status=404 0.228s url=https://www.myfonts.com/collections/regular-zutron-1228997-font-flawlessandco
[2026-09-23T11:25:28Z] #263 attempt=1/6 status=200 0.914s url=https://www.myfonts.com/products.json?limit=100&page=15
[2026-09-23T11:25:36Z] #264 attempt=1/6 status=200 1.132s url=https://www.myfonts.com/products.json?limit=100&page=16
[2026-09-23T11:25:38Z] #265 attempt=1/2 status=200 0.342s url=https://www.myfonts.com/products/regular-hemlot-1227901
[2026-09-23T11:25:39Z] #266 attempt=1/2 status=404 0.230s url=https://www.myfonts.com/collections/regular-hemlot-1227901-font-vuuuds
[2026-09-23T11:25:40Z] #267 attempt=1/2 status=200 0.345s url=https://www.myfonts.com/products/regular-malvoria-veiled-1227937
[2026-09-23T11:25:41Z] #268 attempt=1/2 status=404 0.252s url=https://www.myfonts.com/collections/regular-malvoria-veiled-1227937-font-alchemynoir
[2026-09-23T11:25:46Z] #269 attempt=1/6 status=200 1.054s url=https://www.myfonts.com/products.json?limit=100&page=17
[2026-09-23T11:25:48Z] #270 attempt=1/2 status=200 0.532s url=https://www.myfonts.com/products/regular-magical-fairytale-1227974
[2026-09-23T11:25:49Z] #271 attempt=1/2 status=404 0.239s url=https://www.myfonts.com/collections/regular-magical-fairytale-1227974-font-anxietype-foundry
[2026-09-23T11:25:50Z] #272 attempt=1/2 status=200 0.329s url=https://www.myfonts.com/products/regular-mltp-bralova-melody-1227890
[2026-09-23T11:25:50Z] #273 attempt=1/2 status=404 0.247s url=https://www.myfonts.com/collections/regular-mltp-bralova-melody-1227890-font-multype-studio
[2026-09-23T11:25:52Z] #274 attempt=1/2 status=200 0.335s url=https://www.myfonts.com/products/thin-fx-brangkal-variable-1227889
[2026-09-23T11:25:52Z] #275 attempt=1/2 status=404 0.258s url=https://www.myfonts.com/collections/thin-fx-brangkal-variable-1227889-font-differentialtype
[2026-09-23T11:25:54Z] #276 attempt=1/2 status=200 0.323s url=https://www.myfonts.com/products/regular-lazerkill-1227888
[2026-09-23T11:25:54Z] #277 attempt=1/2 status=404 0.254s url=https://www.myfonts.com/collections/regular-lazerkill-1227888-font-inkstone-typewrk
[2026-09-23T11:25:55Z] #278 attempt=1/2 status=200 0.308s url=https://www.myfonts.com/products/regular-lemon-cake-1227884
[2026-09-23T11:25:56Z] #279 attempt=1/2 status=404 0.231s url=https://www.myfonts.com/collections/regular-lemon-cake-1227884-font-unitype-studio
[2026-09-23T11:25:58Z] #280 attempt=1/2 status=200 0.322s url=https://www.myfonts.com/products/regular-regantis-1227883
[2026-09-23T11:25:59Z] #281 attempt=1/2 status=404 0.233s url=https://www.myfonts.com/collections/regular-regantis-1227883-font-letterhanna-studio
[2026-09-23T11:26:00Z] #282 attempt=1/6 status=200 1.068s url=https://www.myfonts.com/products.json?limit=100&page=18
[2026-09-23T11:26:09Z] #283 attempt=1/6 status=200 1.179s url=https://www.myfonts.com/products.json?limit=100&page=19
[2026-09-23T11:26:16Z] #284 attempt=1/2 status=200 0.363s url=https://www.myfonts.com/products/regular-evercharm-1227669
[2026-09-23T11:26:17Z] #285 attempt=1/2 status=404 0.228s url=https://www.myfonts.com/collections/regular-evercharm-1227669-font-meow-creation-font
[2026-09-23T11:26:18Z] #286 attempt=1/6 status=200 1.143s url=https://www.myfonts.com/products.json?limit=100&page=20
[2026-09-23T11:26:20Z] #287 attempt=1/2 status=200 0.342s url=https://www.myfonts.com/products/regular-valeria-secret-1227938
[2026-09-23T11:26:20Z] #288 attempt=1/2 status=404 0.240s url=https://www.myfonts.com/collections/regular-valeria-secret-1227938-font-alit-design
[2026-09-23T11:26:28Z] #289 attempt=1/6 status=200 0.945s url=https://www.myfonts.com/products.json?limit=100&page=21
[2026-09-23T11:26:36Z] #290 attempt=1/6 status=200 0.973s url=https://www.myfonts.com/products.json?limit=100&page=22
[2026-09-23T11:26:38Z] #291 attempt=1/2 status=200 0.754s url=https://www.myfonts.com/products/text-heavy-grange-269054
[2026-09-23T11:26:40Z] #292 attempt=1/2 status=200 1.430s url=https://www.myfonts.com/collections/grange-font-device/
[2026-09-23T11:26:41Z] #293 attempt=1/2 status=200 1.129s url=https://www.myfonts.com/collections/grange-font-device/?tab=techSpecs
[2026-09-23T11:26:42Z] #294 attempt=1/2 status=200 0.336s url=https://www.myfonts.com/products/regular-mltp-marser-dtroy-1229190
[2026-09-23T11:26:43Z] #295 attempt=1/2 status=404 0.263s url=https://www.myfonts.com/collections/regular-mltp-marser-dtroy-1229190-font-multype-studio
[2026-09-23T11:26:43Z] #296 attempt=1/2 status=200 0.331s url=https://www.myfonts.com/products/regular-timestoppers-1229053
[2026-09-23T11:26:44Z] #297 attempt=1/2 status=404 0.259s url=https://www.myfonts.com/collections/regular-timestoppers-1229053-font-jointype
[2026-09-23T11:26:44Z] #298 attempt=1/2 status=200 0.335s url=https://www.myfonts.com/products/regular-calgrafi-1229054
[2026-09-23T11:26:45Z] #299 attempt=1/2 status=404 0.236s url=https://www.myfonts.com/collections/regular-calgrafi-1229054-font-jointype
[2026-09-23T11:26:45Z] #300 attempt=1/2 status=200 0.299s url=https://www.myfonts.com/products/regular-sididek-handwriting-1229191
[2026-09-23T11:26:46Z] #301 attempt=1/2 status=404 0.366s url=https://www.myfonts.com/collections/regular-sididek-handwriting-1229191-font-mvmet
[2026-09-23T11:26:46Z] #302 attempt=1/2 status=200 0.338s url=https://www.myfonts.com/products/regular-crushline-1229031
[2026-09-23T11:26:47Z] #303 attempt=1/2 status=404 0.230s url=https://www.myfonts.com/collections/regular-crushline-1229031-font-inkstone-typewrk
[2026-09-23T11:26:47Z] #304 attempt=1/2 status=200 0.321s url=https://www.myfonts.com/products/regular-thread-casuals-1229032
[2026-09-23T11:26:48Z] #305 attempt=1/2 status=404 0.262s url=https://www.myfonts.com/collections/regular-thread-casuals-1229032-font-inviline
[2026-09-23T11:26:48Z] #306 attempt=1/2 status=200 0.319s url=https://www.myfonts.com/products/regular-brostory-1229033
[2026-09-23T11:26:49Z] #307 attempt=1/2 status=404 0.254s url=https://www.myfonts.com/collections/regular-brostory-1229033-font-isolatype
[2026-09-23T11:26:49Z] #308 attempt=1/2 status=200 0.314s url=https://www.myfonts.com/products/regular-doughaus-1229030
[2026-09-23T11:26:50Z] #309 attempt=1/2 status=404 0.211s url=https://www.myfonts.com/collections/regular-doughaus-1229030-font-inkstone-typewrk
[2026-09-23T11:26:50Z] #310 attempt=1/2 status=200 0.355s url=https://www.myfonts.com/products/mn-unfold-complete-family-package-1229172
[2026-09-23T11:26:51Z] #311 attempt=1/2 status=404 0.278s url=https://www.myfonts.com/collections/mn-unfold-font-mantra-naga-studio
[2026-09-23T11:26:51Z] #312 attempt=1/2 status=200 0.349s url=https://www.myfonts.com/products/botelli-ziola-complete-family-package-1228706
[2026-09-23T11:26:52Z] #313 attempt=1/2 status=404 0.239s url=https://www.myfonts.com/collections/botelli-ziola-font-pakeh-type
[2026-09-23T11:26:52Z] #314 attempt=1/2 status=200 0.326s url=https://www.myfonts.com/products/solana-vibe-complete-family-package-1229186
[2026-09-23T11:26:53Z] #315 attempt=1/2 status=404 0.244s url=https://www.myfonts.com/collections/solana-vibe-font-mei-suseno
[2026-09-23T11:26:53Z] #316 attempt=1/2 status=200 0.359s url=https://www.myfonts.com/products/nexvar-reguler-package-1228761
[2026-09-23T11:26:54Z] #317 attempt=1/2 status=404 0.229s url=https://www.myfonts.com/collections/nexvar-reguler-font-qiubare-studio
[2026-09-23T11:26:54Z] #318 attempt=1/2 status=200 0.330s url=https://www.myfonts.com/products/ravixor-complete-family-package-1228733
[2026-09-23T11:26:55Z] #319 attempt=1/2 status=404 0.239s url=https://www.myfonts.com/collections/ravixor-font-pulpenitem-studio
[2026-09-23T11:26:55Z] #320 attempt=1/2 status=200 0.340s url=https://www.myfonts.com/products/sketchey-modern-complete-family-package-1228737
[2026-09-23T11:26:56Z] #321 attempt=1/2 status=404 0.238s url=https://www.myfonts.com/collections/sketchey-modern-font-pulpenitem-studio
[2026-09-23T11:26:56Z] #322 attempt=1/2 status=200 0.321s url=https://www.myfonts.com/products/agerlas-complete-family-package-1228766
[2026-09-23T11:26:57Z] #323 attempt=1/2 status=404 0.234s url=https://www.myfonts.com/collections/agerlas-font-ragamkata
[2026-09-23T11:26:57Z] #324 attempt=1/2 status=200 0.351s url=https://www.myfonts.com/products/hakorida-complete-family-package-1229164
[2026-09-23T11:26:58Z] #325 attempt=1/2 status=404 0.248s url=https://www.myfonts.com/collections/hakorida-font-madededuk
[2026-09-23T11:26:58Z] #326 attempt=1/2 status=200 0.335s url=https://www.myfonts.com/products/elian-complete-family-package-1229183
[2026-09-23T11:26:59Z] #327 attempt=1/2 status=404 0.257s url=https://www.myfonts.com/collections/elian-font-mei-suseno
[2026-09-23T11:26:59Z] #328 attempt=1/2 status=200 0.311s url=https://www.myfonts.com/products/milory-tr-complete-family-package-1228713
[2026-09-23T11:27:00Z] #329 attempt=1/2 status=404 0.241s url=https://www.myfonts.com/collections/milory-tr-font-product-type
[2026-09-23T11:27:00Z] #330 attempt=1/2 status=200 0.334s url=https://www.myfonts.com/products/kilgar-complete-family-package-1228763
[2026-09-23T11:27:01Z] #331 attempt=1/2 status=404 0.322s url=https://www.myfonts.com/collections/kilgar-font-ragamkata
[2026-09-23T11:27:01Z] #332 attempt=1/2 status=200 0.334s url=https://www.myfonts.com/products/zorveth-complete-family-package-1229056
[2026-09-23T11:27:02Z] #333 attempt=1/2 status=404 0.244s url=https://www.myfonts.com/collections/zorveth-font-kaidosan
[2026-09-23T11:27:02Z] #334 attempt=1/2 status=200 0.344s url=https://www.myfonts.com/products/nari-complete-family-package-1229176
[2026-09-23T11:27:03Z] #335 attempt=1/2 status=404 0.256s url=https://www.myfonts.com/collections/nari-font-md-type
[2026-09-23T11:27:03Z] #336 attempt=1/2 status=200 0.327s url=https://www.myfonts.com/products/bobai-complete-family-package-1228710
[2026-09-23T11:27:04Z] #337 attempt=1/2 status=404 0.297s url=https://www.myfonts.com/collections/bobai-font-pandeka-studio
[2026-09-23T11:27:05Z] #338 attempt=1/2 status=200 0.350s url=https://www.myfonts.com/products/regular-yankee-town-1229168
[2026-09-23T11:27:05Z] #339 attempt=1/2 status=404 0.235s url=https://www.myfonts.com/collections/regular-yankee-town-1229168-font-maghrib-type
[2026-09-23T11:27:05Z] #340 attempt=1/2 status=200 0.343s url=https://www.myfonts.com/products/regular-elvanyra-1229159
[2026-09-23T11:27:06Z] #341 attempt=1/2 status=404 0.260s url=https://www.myfonts.com/collections/regular-elvanyra-1229159-font-lettertype-studio
[2026-09-23T11:27:06Z] #342 attempt=1/2 status=200 0.335s url=https://www.myfonts.com/products/regular-kaglis-1229171
[2026-09-23T11:27:07Z] #343 attempt=1/2 status=404 0.269s url=https://www.myfonts.com/collections/regular-kaglis-1229171-font-maikohatta
[2026-09-23T11:27:08Z] #344 attempt=1/2 status=200 0.348s url=https://www.myfonts.com/products/regular-noctavell-1229065
[2026-09-23T11:27:08Z] #345 attempt=1/2 status=404 0.228s url=https://www.myfonts.com/collections/regular-noctavell-1229065-font-letterhanna-studio
[2026-09-23T11:27:09Z] #346 attempt=1/2 status=200 0.345s url=https://www.myfonts.com/products/regular-broken-habit-1229162
[2026-09-23T11:27:09Z] #347 attempt=1/2 status=404 0.247s url=https://www.myfonts.com/collections/regular-broken-habit-1229162-font-littlehand
[2026-09-23T11:27:10Z] #348 attempt=1/2 status=200 0.326s url=https://www.myfonts.com/products/regular-bachata-1229055
[2026-09-23T11:27:10Z] #349 attempt=1/2 status=404 0.229s url=https://www.myfonts.com/collections/regular-bachata-1229055-font-jvb-fonts
[2026-09-23T11:27:10Z] #350 attempt=1/2 status=200 0.346s url=https://www.myfonts.com/products/regular-deathscrwal-1228741
[2026-09-23T11:27:11Z] #351 attempt=1/2 status=404 0.237s url=https://www.myfonts.com/collections/regular-deathscrwal-1228741-font-qiubare-studio
[2026-09-23T11:27:11Z] #352 attempt=1/2 status=200 0.314s url=https://www.myfonts.com/products/regular-egosentris-1228512
[2026-09-23T11:27:12Z] #353 attempt=1/2 status=404 0.238s url=https://www.myfonts.com/collections/regular-egosentris-1228512-font-nian-keun-studio
[2026-09-23T11:27:12Z] #354 attempt=1/2 status=200 0.336s url=https://www.myfonts.com/products/regular-megora-1229160
[2026-09-23T11:27:13Z] #355 attempt=1/2 status=404 0.254s url=https://www.myfonts.com/collections/regular-megora-1229160-font-limitype
[2026-09-23T11:27:13Z] #356 attempt=1/2 status=200 0.312s url=https://www.myfonts.com/products/regular-vasted-1229170
[2026-09-23T11:27:14Z] #357 attempt=1/2 status=404 0.233s url=https://www.myfonts.com/collections/regular-vasted-1229170-font-maikohatta
[2026-09-23T11:27:15Z] #358 attempt=1/6 status=200 1.032s url=https://www.myfonts.com/products.json?limit=100&page=23
[2026-09-23T11:27:16Z] #359 attempt=1/2 status=200 0.320s url=https://www.myfonts.com/products/regular-sholes-1229175
[2026-09-23T11:27:16Z] #360 attempt=1/2 status=404 0.237s url=https://www.myfonts.com/collections/regular-sholes-1229175-font-marvadesign
[2026-09-23T11:27:17Z] #361 attempt=1/2 status=200 0.309s url=https://www.myfonts.com/products/regular-kaigo-1229161
[2026-09-23T11:27:17Z] #362 attempt=1/2 status=404 0.373s url=https://www.myfonts.com/collections/regular-kaigo-1229161-font-limitype
[2026-09-23T11:27:19Z] #363 attempt=1/2 status=200 0.872s url=https://www.myfonts.com/products/regular-genibos-1228709
[2026-09-23T11:27:19Z] #364 attempt=1/2 status=404 0.262s url=https://www.myfonts.com/collections/regular-genibos-1228709-font-pandeka-studio
[2026-09-23T11:27:20Z] #365 attempt=1/2 status=200 0.324s url=https://www.myfonts.com/products/regular-tomavoo-maknu-1228732
[2026-09-23T11:27:20Z] #366 attempt=1/2 status=404 0.229s url=https://www.myfonts.com/collections/regular-tomavoo-maknu-1228732-font-product-type
[2026-09-23T11:27:21Z] #367 attempt=1/2 status=200 0.356s url=https://www.myfonts.com/products/regular-ayron-fexa-1229122
[2026-09-23T11:27:21Z] #368 attempt=1/2 status=404 0.232s url=https://www.myfonts.com/collections/regular-ayron-fexa-1229122-font-letterhanna-studio
[2026-09-23T11:27:22Z] #369 attempt=1/2 status=200 0.335s url=https://www.myfonts.com/products/regular-dazilia-1229163
[2026-09-23T11:27:22Z] #370 attempt=1/2 status=404 0.261s url=https://www.myfonts.com/collections/regular-dazilia-1229163-font-luminatype-studio
[2026-09-23T11:27:23Z] #371 attempt=1/2 status=200 0.315s url=https://www.myfonts.com/products/regular-halodia-signature-1228769
[2026-09-23T11:27:23Z] #372 attempt=1/2 status=404 0.247s url=https://www.myfonts.com/collections/regular-halodia-signature-1228769-font-randy-studio
[2026-09-23T11:27:24Z] #373 attempt=1/2 status=200 0.353s url=https://www.myfonts.com/products/regular-ghomy-1229167
[2026-09-23T11:27:24Z] #374 attempt=1/2 status=404 0.237s url=https://www.myfonts.com/collections/regular-ghomy-1229167-font-maghrib-type
[2026-09-23T11:27:26Z] #375 attempt=1/6 status=200 1.102s url=https://www.myfonts.com/products.json?limit=100&page=24
[2026-09-23T11:27:26Z] #376 attempt=1/2 status=200 0.331s url=https://www.myfonts.com/products/linep-regular-linep-1229169
[2026-09-23T11:27:27Z] #377 attempt=1/2 status=404 0.247s url=https://www.myfonts.com/collections/linep-regular-linep-1229169-font-maikohatta
[2026-09-23T11:27:27Z] #378 attempt=1/2 status=200 0.602s url=https://www.myfonts.com/products/bold-and-creative-display-font-bundle-package-1228504
[2026-09-23T11:27:28Z] #379 attempt=1/2 status=404 0.272s url=https://www.myfonts.com/collections/bold-and-creative-display-font-bundle-font-mei-suseno
[2026-09-23T11:27:28Z] #380 attempt=1/2 status=200 0.338s url=https://www.myfonts.com/products/regular-strafli-1228368
[2026-09-23T11:27:29Z] #381 attempt=1/2 status=404 0.239s url=https://www.myfonts.com/collections/regular-strafli-1228368-font-hasnat-studio
[2026-09-23T11:27:29Z] #382 attempt=1/2 status=200 0.329s url=https://www.myfonts.com/products/variable-hiro-variable-1228302
[2026-09-23T11:27:30Z] #383 attempt=1/2 status=404 0.247s url=https://www.myfonts.com/collections/variable-hiro-variable-1228302-font-gg-design
[2026-09-23T11:27:30Z] #384 attempt=1/2 status=200 0.359s url=https://www.myfonts.com/products/regular-amiraq-1228139
[2026-09-23T11:27:31Z] #385 attempt=1/2 status=404 0.279s url=https://www.myfonts.com/collections/regular-amiraq-1228139-font-dgsa-type-foundry
[2026-09-23T11:27:32Z] #386 attempt=1/2 status=200 0.357s url=https://www.myfonts.com/products/bold-egora-1228138
[2026-09-23T11:27:32Z] #387 attempt=1/2 status=404 0.256s url=https://www.myfonts.com/collections/bold-egora-1228138-font-dgsa-type-foundry
[2026-09-23T11:27:33Z] #388 attempt=1/2 status=200 0.384s url=https://www.myfonts.com/products/regular-kovey-1228281
[2026-09-23T11:27:33Z] #389 attempt=1/2 status=404 0.248s url=https://www.myfonts.com/collections/regular-kovey-1228281-font-flawlessandco
[2026-09-23T11:27:34Z] #390 attempt=1/2 status=200 0.328s url=https://www.myfonts.com/products/regular-soila-yadelle-1228374
[2026-09-23T11:27:34Z] #391 attempt=1/2 status=404 0.233s url=https://www.myfonts.com/collections/regular-soila-yadelle-1228374-font-hype-works-type
[2026-09-23T11:27:35Z] #392 attempt=1/2 status=200 0.359s url=https://www.myfonts.com/products/grivor-racer-regular-grivor-racer-1228280
[2026-09-23T11:27:35Z] #393 attempt=1/2 status=404 0.345s url=https://www.myfonts.com/collections/grivor-racer-regular-grivor-racer-1228280-font-flawlessandco
[2026-09-23T11:27:36Z] #394 attempt=1/2 status=200 0.323s url=https://www.myfonts.com/products/regular-racend-1228129
[2026-09-23T11:27:36Z] #395 attempt=1/2 status=404 0.224s url=https://www.myfonts.com/collections/regular-racend-1228129-font-dareco-studio
[2026-09-23T11:27:37Z] #396 attempt=1/2 status=200 0.325s url=https://www.myfonts.com/products/regular-donluv-1227344
[2026-09-23T11:27:37Z] #397 attempt=1/2 status=404 0.260s url=https://www.myfonts.com/collections/regular-donluv-1227344-font-hasnat-studio
[2026-09-23T11:27:38Z] #398 attempt=1/2 status=200 0.333s url=https://www.myfonts.com/products/regular-cosmaze-1228369
[2026-09-23T11:27:38Z] #399 attempt=1/2 status=404 0.274s url=https://www.myfonts.com/collections/regular-cosmaze-1228369-font-hasnat-studio
[2026-09-23T11:27:39Z] #400 attempt=1/2 status=200 0.509s url=https://www.myfonts.com/products/regular-qellon-1228375
[2026-09-23T11:27:39Z] #401 attempt=1/2 status=404 0.245s url=https://www.myfonts.com/collections/regular-qellon-1228375-font-maikohatta
[2026-09-23T11:27:40Z] #402 attempt=1/2 status=200 0.323s url=https://www.myfonts.com/products/regular-degta-1228130
[2026-09-23T11:27:40Z] #403 attempt=1/2 status=404 0.277s url=https://www.myfonts.com/collections/regular-degta-1228130-font-dareco-studio
[2026-09-23T11:27:41Z] #404 attempt=1/2 status=200 0.364s url=https://www.myfonts.com/products/regular-rhoots-terror-1228112
[2026-09-23T11:27:41Z] #405 attempt=1/2 status=404 0.242s url=https://www.myfonts.com/collections/regular-rhoots-terror-1228112-font-bayuktx
[2026-09-23T11:27:42Z] #406 attempt=1/2 status=200 0.331s url=https://www.myfonts.com/products/regular-flowdissey-1228114
[2026-09-23T11:27:42Z] #407 attempt=1/2 status=404 0.259s url=https://www.myfonts.com/collections/regular-flowdissey-1228114-font-beontype
[2026-09-23T11:27:43Z] #408 attempt=1/2 status=200 0.324s url=https://www.myfonts.com/products/regular-dhypan-1228113
[2026-09-23T11:27:43Z] #409 attempt=1/2 status=404 0.236s url=https://www.myfonts.com/collections/regular-dhypan-1228113-font-bayuktx
[2026-09-23T11:27:44Z] #410 attempt=1/2 status=200 0.345s url=https://www.myfonts.com/products/italic-package-1227272
[2026-09-23T11:27:44Z] #411 attempt=1/2 status=404 0.256s url=https://www.myfonts.com/collections/italic-font-skinny-type
[2026-09-23T11:27:45Z] #412 attempt=1/2 status=200 0.305s url=https://www.myfonts.com/products/saarvabhaum-complete-family-package-1226939
[2026-09-23T11:27:45Z] #413 attempt=1/2 status=404 0.232s url=https://www.myfonts.com/collections/saarvabhaum-font-md-type
[2026-09-23T11:27:46Z] #414 attempt=1/2 status=200 0.376s url=https://www.myfonts.com/products/cavellia-complete-family-package-1226966
[2026-09-23T11:27:46Z] #415 attempt=1/2 status=404 0.259s url=https://www.myfonts.com/collections/cavellia-font-nia-typework
[2026-09-23T11:27:47Z] #416 attempt=1/2 status=200 0.337s url=https://www.myfonts.com/products/impacted-xpress-complete-family-package-1226971
[2026-09-23T11:27:47Z] #417 attempt=1/2 status=404 0.238s url=https://www.myfonts.com/collections/impacted-xpress-font-tension-type
[2026-09-23T11:27:48Z] #418 attempt=1/2 status=200 0.365s url=https://www.myfonts.com/products/lootta-complete-family-package-1228072
[2026-09-23T11:27:48Z] #419 attempt=1/2 status=404 0.234s url=https://www.myfonts.com/collections/lootta-font-artiveko
[2026-09-23T11:27:49Z] #420 attempt=1/2 status=200 0.344s url=https://www.myfonts.com/products/gc-barcuda-complete-family-package-1227157
[2026-09-23T11:27:49Z] #421 attempt=1/2 status=404 0.263s url=https://www.myfonts.com/collections/gc-barcuda-font-onyx-studio
[2026-09-23T11:27:50Z] #422 attempt=1/2 status=200 0.383s url=https://www.myfonts.com/products/man-udigital-complete-family-package-1226935
[2026-09-23T11:27:50Z] #423 attempt=1/2 status=404 0.249s url=https://www.myfonts.com/collections/man-udigital-font-kalam
[2026-09-23T11:27:51Z] #424 attempt=1/2 status=200 0.336s url=https://www.myfonts.com/products/kotorogo-complete-family-package-1227992
[2026-09-23T11:27:51Z] #425 attempt=1/2 status=404 0.296s url=https://www.myfonts.com/collections/kotorogo-font-artiveko
[2026-09-23T11:27:52Z] #426 attempt=1/2 status=200 0.321s url=https://www.myfonts.com/products/anobrain-complete-family-package-1227258
[2026-09-23T11:27:52Z] #427 attempt=1/2 status=404 0.239s url=https://www.myfonts.com/collections/anobrain-font-dareco-studio
[2026-09-23T11:27:53Z] #428 attempt=1/2 status=200 0.378s url=https://www.myfonts.com/products/christmas-memory-complete-family-package-1227169
[2026-09-23T11:27:53Z] #429 attempt=1/2 status=404 0.237s url=https://www.myfonts.com/collections/christmas-memory-font-unitype-studio
[2026-09-23T11:27:54Z] #430 attempt=1/2 status=200 0.367s url=https://www.myfonts.com/products/logotika-complete-family-package-1228075
[2026-09-23T11:27:54Z] #431 attempt=1/2 status=404 0.239s url=https://www.myfonts.com/collections/logotika-font-asenbayu
[2026-09-23T11:27:55Z] #432 attempt=1/2 status=200 0.325s url=https://www.myfonts.com/products/shehe-connected-complete-family-package-1227154
[2026-09-23T11:27:55Z] #433 attempt=1/2 status=404 0.241s url=https://www.myfonts.com/collections/shehe-connected-font-pa-studio
[2026-09-23T11:27:57Z] #434 attempt=1/6 status=200 1.049s url=https://www.myfonts.com/products.json?limit=100&page=25
[2026-09-23T11:27:58Z] #435 attempt=1/2 status=200 0.366s url=https://www.myfonts.com/products/regular-blissful-sunlit-1227019
[2026-09-23T11:27:58Z] #436 attempt=1/2 status=404 0.242s url=https://www.myfonts.com/collections/regular-blissful-sunlit-1227019-font-gassstype
[2026-09-23T11:27:59Z] #437 attempt=1/2 status=200 0.321s url=https://www.myfonts.com/products/regular-magone-1226967
[2026-09-23T11:27:59Z] #438 attempt=1/2 status=404 0.243s url=https://www.myfonts.com/collections/regular-magone-1226967-font-linecreative
[2026-09-23T11:27:59Z] summary releases=1734 first_429=None log_file=state/myfonts_run_20260923_112124.log
[2026-09-23T11:27:59Z] saved_success_profile path=state/myfonts_success_profile.json
[2026-09-23T11:27:59Z] === MyFonts crawl end ===
