[2026-05-20T09:50:22Z] checkpoint fresh next_page=1 path=state/myfonts_crawl_checkpoint.json
[2026-05-20T09:50:22Z] === MyFonts crawl start source=myfonts ===
[2026-05-20T09:50:22Z] config max_pages=25 page_size=100 start_date=2026-05-19 end_date=2026-05-20 api_delay=0.5s detail_delay=0.2s max_debut_checks=400 max_tech_specs_checks=200 reuse_success_profile=False always_enrich_packages=True language_script_signal_mode=strong force_fresh_run=False start_page=1 browser_mode=False browser_headless=True browser_storage_state_path=state/myfonts_storage_state.json
[2026-05-20T09:50:23Z] #1 attempt=1/6 status=200 0.929s url=https://www.myfonts.com/products.json?limit=100&page=1
[2026-05-20T09:50:24Z] #2 attempt=1/2 status=200 0.340s url=https://www.myfonts.com/products/basseet-complete-family-package-1157199
[2026-05-20T09:50:24Z] #3 attempt=1/2 status=200 0.447s url=https://www.myfonts.com/collections/basseet-font-grafikarfonts/
[2026-05-20T09:50:25Z] #4 attempt=1/2 status=200 0.451s url=https://www.myfonts.com/collections/basseet-font-grafikarfonts/?tab=techSpecs
[2026-05-20T09:50:26Z] #5 attempt=1/2 status=200 0.303s url=https://www.myfonts.com/products/gotham-condensed-pack-package-1144274
[2026-05-20T09:50:27Z] #6 attempt=1/2 status=200 1.014s url=https://www.myfonts.com/collections/gotham-font-hoefler-and-co/
[2026-05-20T09:50:28Z] #7 attempt=1/2 status=200 0.161s url=https://www.myfonts.com/collections/gotham-font-hoefler-and-co/?tab=techSpecs
[2026-05-20T09:50:29Z] #8 attempt=1/2 status=200 0.286s url=https://www.myfonts.com/products/forega-sport-complete-family-package-1157232
[2026-05-20T09:50:30Z] #9 attempt=1/2 status=200 0.460s url=https://www.myfonts.com/collections/forega-sport-font-vermilione/
[2026-05-20T09:50:31Z] #10 attempt=1/2 status=200 0.466s url=https://www.myfonts.com/collections/forega-sport-font-vermilione/?tab=techSpecs
[2026-05-20T09:50:32Z] #11 attempt=1/2 status=200 0.372s url=https://www.myfonts.com/products/italic-gotham-variable-1129123
[2026-05-20T09:50:32Z] #12 attempt=1/2 status=200 0.410s url=https://www.myfonts.com/collections/gotham-variable-font-hoefler-and-co/
[2026-05-20T09:50:33Z] #13 attempt=1/2 status=200 0.331s url=https://www.myfonts.com/collections/gotham-variable-font-hoefler-and-co/?tab=techSpecs
[2026-05-20T09:50:34Z] #14 attempt=1/2 status=200 0.351s url=https://www.myfonts.com/products/regular-sunsurya-1157205
[2026-05-20T09:50:35Z] #15 attempt=1/2 status=200 0.231s url=https://www.myfonts.com/collections/sunsurya-font-alit-design/
[2026-05-20T09:50:35Z] #16 attempt=1/2 status=200 0.378s url=https://www.myfonts.com/collections/sunsurya-font-alit-design/?tab=techSpecs
[2026-05-20T09:50:36Z] #17 attempt=1/2 status=200 0.267s url=https://www.myfonts.com/products/regular-hallfix-marker-1157324
[2026-05-20T09:50:37Z] #18 attempt=1/2 status=200 0.341s url=https://www.myfonts.com/collections/hallfix-marker-font-negara-studio/
[2026-05-20T09:50:37Z] #19 attempt=1/2 status=200 0.272s url=https://www.myfonts.com/collections/hallfix-marker-font-negara-studio/?tab=techSpecs
[2026-05-20T09:50:38Z] #20 attempt=1/2 status=200 0.388s url=https://www.myfonts.com/products/italic-expressway-soft-970138
[2026-05-20T09:50:39Z] #21 attempt=1/2 status=200 0.482s url=https://www.myfonts.com/collections/expressway-soft-font-typodermic/
[2026-05-20T09:50:39Z] #22 attempt=1/2 status=200 0.134s url=https://www.myfonts.com/collections/expressway-soft-font-typodermic/?tab=techSpecs
[2026-05-20T09:50:40Z] #23 attempt=1/2 status=200 0.400s url=https://www.myfonts.com/products/chrones-complete-family-package-1156031
[2026-05-20T09:50:41Z] #24 attempt=1/2 status=200 0.335s url=https://www.myfonts.com/collections/chrones-font-vermilione/
[2026-05-20T09:50:41Z] #25 attempt=1/2 status=200 0.141s url=https://www.myfonts.com/collections/chrones-font-vermilione/?tab=techSpecs
[2026-05-20T09:50:43Z] #26 attempt=1/2 status=200 0.912s url=https://www.myfonts.com/products/ardelin-complete-family-package-1155354
[2026-05-20T09:50:45Z] #27 attempt=1/2 status=200 1.475s url=https://www.myfonts.com/collections/ardelin-font-stripes-studio/
[2026-05-20T09:50:45Z] #28 attempt=1/2 status=200 0.150s url=https://www.myfonts.com/collections/ardelin-font-stripes-studio/?tab=techSpecs
[2026-05-20T09:50:47Z] #29 attempt=1/2 status=200 0.285s url=https://www.myfonts.com/products/brains-for-breakfast-complete-family-package-1156088
[2026-05-20T09:50:47Z] #30 attempt=1/2 status=200 0.438s url=https://www.myfonts.com/collections/brains-for-breakfast-font-remedy667/
[2026-05-20T09:50:48Z] #31 attempt=1/2 status=200 0.130s url=https://www.myfonts.com/collections/brains-for-breakfast-font-remedy667/?tab=techSpecs
[2026-05-20T09:50:49Z] #32 attempt=1/2 status=200 0.414s url=https://www.myfonts.com/products/drawxel-complete-family-package-1156622
[2026-05-20T09:50:50Z] #33 attempt=1/2 status=200 0.373s url=https://www.myfonts.com/collections/drawxel-font-sensatype-studio/
[2026-05-20T09:50:50Z] #34 attempt=1/2 status=200 0.478s url=https://www.myfonts.com/collections/drawxel-font-sensatype-studio/?tab=techSpecs
[2026-05-20T09:50:51Z] #35 attempt=1/2 status=200 0.308s url=https://www.myfonts.com/products/otflag-sans-complete-family-package-1156035
[2026-05-20T09:50:52Z] #36 attempt=1/2 status=200 0.456s url=https://www.myfonts.com/collections/otflag-sans-font-oktnum-type-foundry/
[2026-05-20T09:50:53Z] #37 attempt=1/2 status=200 0.394s url=https://www.myfonts.com/collections/otflag-sans-font-oktnum-type-foundry/?tab=techSpecs
[2026-05-20T09:50:54Z] #38 attempt=1/2 status=200 0.567s url=https://www.myfonts.com/products/castle-of-dracula-667-complete-family-package-1156872
[2026-05-20T09:50:55Z] #39 attempt=1/2 status=200 0.606s url=https://www.myfonts.com/collections/castle-of-dracula-667-font-remedy667/
[2026-05-20T09:50:56Z] #40 attempt=1/2 status=200 0.493s url=https://www.myfonts.com/collections/castle-of-dracula-667-font-remedy667/?tab=techSpecs
[2026-05-20T09:50:57Z] #41 attempt=1/2 status=200 0.276s url=https://www.myfonts.com/products/bluter-complete-family-package-1154816
[2026-05-20T09:50:57Z] #42 attempt=1/2 status=200 0.506s url=https://www.myfonts.com/collections/bluter-font-dareco-studio
[2026-05-20T09:50:58Z] #43 attempt=1/2 status=200 0.397s url=https://www.myfonts.com/collections/bluter-font-dareco-studio?tab=techSpecs
[2026-05-20T09:50:59Z] #44 attempt=1/2 status=200 0.385s url=https://www.myfonts.com/products/washington-neo-complete-family-package-1155483
[2026-05-20T09:51:00Z] #45 attempt=1/2 status=200 0.594s url=https://www.myfonts.com/collections/washington-neo-font-type-associates/
[2026-05-20T09:51:00Z] #46 attempt=1/2 status=200 0.136s url=https://www.myfonts.com/collections/washington-neo-font-type-associates/?tab=techSpecs
[2026-05-20T09:51:02Z] #47 attempt=1/2 status=200 0.474s url=https://www.myfonts.com/products/static-package-1154807
[2026-05-20T09:51:03Z] #48 attempt=1/2 status=200 0.960s url=https://www.myfonts.com/collections/jtgothic-font-alffonts/
[2026-05-20T09:51:03Z] #49 attempt=1/2 status=200 0.134s url=https://www.myfonts.com/collections/jtgothic-font-alffonts/?tab=techSpecs
[2026-05-20T09:51:04Z] #50 attempt=1/2 status=200 0.436s url=https://www.myfonts.com/products/gc-cultivo-complete-family-package-1155491
[2026-05-20T09:51:05Z] #51 attempt=1/2 status=200 0.570s url=https://www.myfonts.com/collections/gc-cultivo-font-onyx-studio/
[2026-05-20T09:51:06Z] #52 attempt=1/2 status=200 0.635s url=https://www.myfonts.com/collections/gc-cultivo-font-onyx-studio/?tab=techSpecs
[2026-05-20T09:51:07Z] #53 attempt=1/2 status=200 0.481s url=https://www.myfonts.com/products/smiley-candy-complete-family-package-1156879
[2026-05-20T09:51:08Z] #54 attempt=1/2 status=200 0.637s url=https://www.myfonts.com/collections/smiley-candy-font-sipanji21/
[2026-05-20T09:51:09Z] #55 attempt=1/2 status=200 0.578s url=https://www.myfonts.com/collections/smiley-candy-font-sipanji21/?tab=techSpecs
[2026-05-20T09:51:10Z] #56 attempt=1/2 status=200 0.341s url=https://www.myfonts.com/products/neficto-complete-family-package-1156056
[2026-05-20T09:51:11Z] #57 attempt=1/2 status=200 0.412s url=https://www.myfonts.com/collections/neficto-font-font-liner/
[2026-05-20T09:51:12Z] #58 attempt=1/2 status=200 0.405s url=https://www.myfonts.com/collections/neficto-font-font-liner/?tab=techSpecs
[2026-05-20T09:51:13Z] #59 attempt=1/2 status=200 0.381s url=https://www.myfonts.com/products/ichiji-complete-family-package-1155466
[2026-05-20T09:51:13Z] #60 attempt=1/2 status=200 0.381s url=https://www.myfonts.com/collections/ichiji-font-factory738/
[2026-05-20T09:51:14Z] #61 attempt=1/2 status=200 0.129s url=https://www.myfonts.com/collections/ichiji-font-factory738/?tab=techSpecs
[2026-05-20T09:51:15Z] #62 attempt=1/2 status=200 0.278s url=https://www.myfonts.com/products/hovide-mono-complete-family-package-1156062
[2026-05-20T09:51:15Z] #63 attempt=1/2 status=200 0.399s url=https://www.myfonts.com/collections/hovide-mono-font-zafara-studios/
[2026-05-20T09:51:16Z] #64 attempt=1/2 status=200 0.363s url=https://www.myfonts.com/collections/hovide-mono-font-zafara-studios/?tab=techSpecs
[2026-05-20T09:51:17Z] #65 attempt=1/2 status=200 0.415s url=https://www.myfonts.com/products/selario-complete-family-package-1155219
[2026-05-20T09:51:18Z] #66 attempt=1/2 status=200 0.409s url=https://www.myfonts.com/collections/selario-font-timelesstype-studio/
[2026-05-20T09:51:18Z] #67 attempt=1/2 status=200 0.181s url=https://www.myfonts.com/collections/selario-font-timelesstype-studio/?tab=techSpecs
[2026-05-20T09:51:19Z] #68 attempt=1/2 status=200 0.438s url=https://www.myfonts.com/products/werk-neue-complete-family-package-1155267
[2026-05-20T09:51:20Z] #69 attempt=1/2 status=200 0.540s url=https://www.myfonts.com/collections/werk-neue-font-webhance/
[2026-05-20T09:51:21Z] #70 attempt=1/2 status=200 0.269s url=https://www.myfonts.com/products/grave-tripper-667-complete-family-package-1156093
[2026-05-20T09:51:21Z] #71 attempt=1/2 status=200 0.321s url=https://www.myfonts.com/collections/grave-tripper-667-font-remedy667/
[2026-05-20T09:51:22Z] #72 attempt=1/2 status=200 0.332s url=https://www.myfonts.com/collections/grave-tripper-667-font-remedy667/?tab=techSpecs
[2026-05-20T09:51:24Z] #73 attempt=1/2 status=200 1.157s url=https://www.myfonts.com/products/semi-expanded-package-1156427
[2026-05-20T09:51:26Z] #74 attempt=1/2 status=200 1.993s url=https://www.myfonts.com/collections/aurethique-font-eyetype/
[2026-05-20T09:51:29Z] #75 attempt=1/2 status=200 2.481s url=https://www.myfonts.com/collections/aurethique-font-eyetype/?tab=techSpecs
[2026-05-20T09:51:31Z] #76 attempt=1/2 status=200 0.334s url=https://www.myfonts.com/products/aliskan-sans-complete-family-package-1155501
[2026-05-20T09:51:31Z] #77 attempt=1/2 status=200 0.354s url=https://www.myfonts.com/collections/aliskan-sans-font-madjack-font/
[2026-05-20T09:51:32Z] #78 attempt=1/2 status=200 0.520s url=https://www.myfonts.com/collections/aliskan-sans-font-madjack-font/?tab=techSpecs
[2026-05-20T09:51:33Z] #79 attempt=1/2 status=200 0.346s url=https://www.myfonts.com/products/spring-katteny-complete-family-package-1154782
[2026-05-20T09:51:34Z] #80 attempt=1/2 status=200 0.371s url=https://www.myfonts.com/collections/spring-katteny-font-yoga-letter/
[2026-05-20T09:51:34Z] #81 attempt=1/2 status=200 0.155s url=https://www.myfonts.com/collections/spring-katteny-font-yoga-letter/?tab=techSpecs
[2026-05-20T09:51:36Z] #82 attempt=1/2 status=200 0.940s url=https://www.myfonts.com/products/tt-commonstm-pro-basic-package-package-1155348
[2026-05-20T09:51:38Z] #83 attempt=1/2 status=200 2.007s url=https://www.myfonts.com/collections/tt-commons-font-typetype/
[2026-05-20T09:51:39Z] #84 attempt=1/2 status=200 0.171s url=https://www.myfonts.com/collections/tt-commons-font-typetype/?tab=techSpecs
[2026-05-20T09:51:40Z] #85 attempt=1/2 status=200 0.270s url=https://www.myfonts.com/products/write-the-next-line-complete-family-package-1156059
[2026-05-20T09:51:41Z] #86 attempt=1/2 status=200 0.409s url=https://www.myfonts.com/collections/write-the-next-line-font-pizzadudedk/
[2026-05-20T09:51:41Z] #87 attempt=1/2 status=200 0.386s url=https://www.myfonts.com/collections/write-the-next-line-font-pizzadudedk/?tab=techSpecs
[2026-05-20T09:51:42Z] #88 attempt=1/2 status=200 0.285s url=https://www.myfonts.com/products/falkenridge-complete-family-package-1156018
[2026-05-20T09:51:43Z] #89 attempt=1/2 status=200 0.402s url=https://www.myfonts.com/collections/falkenridge-font-casloop-studio/
[2026-05-20T09:51:44Z] #90 attempt=1/2 status=200 0.394s url=https://www.myfonts.com/collections/falkenridge-font-casloop-studio/?tab=techSpecs
[2026-05-20T09:51:45Z] #91 attempt=1/2 status=200 0.416s url=https://www.myfonts.com/products/edit-serif-pro-complete-family-package-1154994
[2026-05-20T09:51:45Z] #92 attempt=1/2 status=200 0.392s url=https://www.myfonts.com/collections/edit-serif-pro-font-atlasfontfoundry/
[2026-05-20T09:51:46Z] #93 attempt=1/2 status=200 0.513s url=https://www.myfonts.com/collections/edit-serif-pro-font-atlasfontfoundry/?tab=techSpecs
[2026-05-20T09:51:47Z] #94 attempt=1/2 status=200 0.383s url=https://www.myfonts.com/products/anchorist-complete-family-package-1155449
[2026-05-20T09:51:48Z] #95 attempt=1/2 status=200 0.373s url=https://www.myfonts.com/collections/anchorist-font-vozzy/
[2026-05-20T09:51:49Z] #96 attempt=1/2 status=200 0.560s url=https://www.myfonts.com/collections/anchorist-font-vozzy/?tab=techSpecs
[2026-05-20T09:51:50Z] #97 attempt=1/2 status=200 0.602s url=https://www.myfonts.com/products/valore-pro-complete-family-package-1095876
[2026-05-20T09:51:51Z] #98 attempt=1/2 status=200 0.818s url=https://www.myfonts.com/collections/valore-pro-font-nollev/
[2026-05-20T09:51:52Z] #99 attempt=1/2 status=200 0.804s url=https://www.myfonts.com/collections/valore-pro-font-nollev/?tab=techSpecs
[2026-05-20T09:51:54Z] #100 attempt=1/2 status=200 0.465s url=https://www.myfonts.com/products/pg-hevorish-complete-family-package-1156103
[2026-05-20T09:51:54Z] #101 attempt=1/2 status=429 0.037s url=https://www.myfonts.com/collections/pg-hevorish-font-pretty-glyphs/
[2026-05-20T09:51:54Z] first_429 req=101 url=https://www.myfonts.com/collections/pg-hevorish-font-pretty-glyphs/
[2026-05-20T09:51:56Z] #102 attempt=2/2 status=200 0.405s url=https://www.myfonts.com/collections/pg-hevorish-font-pretty-glyphs/
[2026-05-20T09:51:57Z] #103 attempt=1/2 status=200 0.356s url=https://www.myfonts.com/products/cozy-handline-complete-family-package-1154813
[2026-05-20T09:51:58Z] #104 attempt=1/2 status=200 0.540s url=https://www.myfonts.com/collections/cozy-handline-font-k-gold-studio/
[2026-05-20T09:51:58Z] #105 attempt=1/2 status=200 0.279s url=https://www.myfonts.com/products/fever-gothic-667-complete-family-package-1156100
[2026-05-20T09:51:59Z] #106 attempt=1/2 status=429 0.042s url=https://www.myfonts.com/collections/fever-gothic-667-font-remedy667/
[2026-05-20T09:52:01Z] #107 attempt=2/2 status=200 0.472s url=https://www.myfonts.com/collections/fever-gothic-667-font-remedy667/
[2026-05-20T09:52:02Z] #108 attempt=1/2 status=200 0.607s url=https://www.myfonts.com/products/elfariany-script-complete-family-package-1156614
[2026-05-20T09:52:03Z] #109 attempt=1/2 status=200 0.499s url=https://www.myfonts.com/collections/elfariany-script-font-lettertype-studio/
[2026-05-20T09:52:04Z] #110 attempt=1/2 status=200 0.331s url=https://www.myfonts.com/products/mestina-bohoniy-complete-family-package-1155473
[2026-05-20T09:52:04Z] #111 attempt=1/2 status=200 0.516s url=https://www.myfonts.com/collections/mestina-bohoniy-font-madjack-font/
[2026-05-20T09:52:05Z] #112 attempt=1/2 status=200 0.317s url=https://www.myfonts.com/products/wonder-vibe-complete-family-package-1155215
[2026-05-20T09:52:05Z] #113 attempt=1/2 status=429 0.033s url=https://www.myfonts.com/collections/wonder-vibe-font-artiveko/
[2026-05-20T09:52:08Z] #114 attempt=2/2 status=200 0.417s url=https://www.myfonts.com/collections/wonder-vibe-font-artiveko/
[2026-05-20T09:52:08Z] #115 attempt=1/2 status=200 0.294s url=https://www.myfonts.com/products/edit-serif-cyrillic-complete-family-package-1155073
[2026-05-20T09:52:09Z] #116 attempt=1/2 status=200 0.407s url=https://www.myfonts.com/collections/edit-serif-cyrillic-font-atlasfontfoundry/
[2026-05-20T09:52:11Z] #117 attempt=1/2 status=200 1.648s url=https://www.myfonts.com/products/montriv-complete-family-package-1156671
[2026-05-20T09:52:13Z] #118 attempt=1/2 status=200 1.869s url=https://www.myfonts.com/collections/montriv-font-kaidosan/
[2026-05-20T09:52:14Z] #119 attempt=1/2 status=200 0.337s url=https://www.myfonts.com/products/sweet-trace-complete-family-package-1155452
[2026-05-20T09:52:15Z] #120 attempt=1/2 status=200 0.446s url=https://www.myfonts.com/collections/sweet-trace-font-letterena-studios/
[2026-05-20T09:52:16Z] #121 attempt=1/2 status=200 0.366s url=https://www.myfonts.com/products/pg-thickster-complete-family-package-1156617
[2026-05-20T09:52:16Z] #122 attempt=1/2 status=200 0.479s url=https://www.myfonts.com/collections/pg-thickster-font-pretty-glyphs/
[2026-05-20T09:52:17Z] #123 attempt=1/2 status=200 0.545s url=https://www.myfonts.com/products/pith-complete-family-package-1155455
[2026-05-20T09:52:18Z] #124 attempt=1/2 status=200 0.444s url=https://www.myfonts.com/collections/pith-font-saskara-type/
[2026-05-20T09:52:19Z] #125 attempt=1/2 status=200 0.318s url=https://www.myfonts.com/products/onykar-complete-family-package-1155504
[2026-05-20T09:52:19Z] #126 attempt=1/2 status=200 0.466s url=https://www.myfonts.com/collections/onykar-font-ahweproject/
[2026-05-20T09:52:20Z] #127 attempt=1/2 status=200 0.468s url=https://www.myfonts.com/products/takakogen-maru-complete-family-package-1155185
[2026-05-20T09:52:21Z] #128 attempt=1/2 status=200 0.418s url=https://www.myfonts.com/collections/takakogen-maru-r-font-taka-design-production/
[2026-05-20T09:52:21Z] #129 attempt=1/2 status=200 0.296s url=https://www.myfonts.com/products/fresh-chunky-complete-family-package-1155480
[2026-05-20T09:52:22Z] #130 attempt=1/2 status=200 0.513s url=https://www.myfonts.com/collections/fresh-chunky-font-timelesstype-studio/
[2026-05-20T09:52:22Z] #131 attempt=1/2 status=429 0.034s url=https://www.myfonts.com/products/pafilona-complete-family-package-1155470
[2026-05-20T09:52:25Z] #132 attempt=2/2 status=200 0.416s url=https://www.myfonts.com/products/pafilona-complete-family-package-1155470
[2026-05-20T09:52:26Z] #133 attempt=1/2 status=200 0.390s url=https://www.myfonts.com/collections/pafilona-font-tini-fitriani/
[2026-05-20T09:52:26Z] #134 attempt=1/2 status=200 0.386s url=https://www.myfonts.com/products/nova-moir-complete-family-package-1156108
[2026-05-20T09:52:27Z] #135 attempt=1/2 status=200 0.555s url=https://www.myfonts.com/collections/nova-moir-font-saemoon-creative/
[2026-05-20T09:52:28Z] #136 attempt=1/2 status=200 0.315s url=https://www.myfonts.com/products/takaking-complete-family-package-1155178
[2026-05-20T09:52:28Z] #137 attempt=1/2 status=200 0.381s url=https://www.myfonts.com/collections/takaking-h-font-taka-design-production/
[2026-05-20T09:52:29Z] #138 attempt=1/2 status=200 0.323s url=https://www.myfonts.com/products/metrostack-complete-family-package-1155512
[2026-05-20T09:52:29Z] #139 attempt=1/2 status=429 0.031s url=https://www.myfonts.com/collections/metrostack-font-salamahtype/
[2026-05-20T09:52:32Z] #140 attempt=2/2 status=200 0.466s url=https://www.myfonts.com/collections/metrostack-font-salamahtype/
[2026-05-20T09:52:32Z] #141 attempt=1/2 status=200 0.363s url=https://www.myfonts.com/products/child-of-evil-667-complete-family-package-1156081
[2026-05-20T09:52:33Z] #142 attempt=1/2 status=200 0.383s url=https://www.myfonts.com/collections/child-of-evil-667-font-remedy667/
[2026-05-20T09:52:34Z] #143 attempt=1/2 status=200 0.367s url=https://www.myfonts.com/products/rules-jp-complete-family-package-1156889
[2026-05-20T09:52:34Z] #144 attempt=1/2 status=200 0.509s url=https://www.myfonts.com/collections/rules-jp-font-blaze-type/
[2026-05-20T09:52:35Z] #145 attempt=1/2 status=200 0.308s url=https://www.myfonts.com/products/browna-quicko-complete-family-package-1155528
[2026-05-20T09:52:35Z] #146 attempt=1/2 status=429 0.032s url=https://www.myfonts.com/collections/browna-quicko-font-letterytz/
[2026-05-20T09:52:38Z] #147 attempt=2/2 status=200 0.658s url=https://www.myfonts.com/collections/browna-quicko-font-letterytz/
[2026-05-20T09:52:39Z] #148 attempt=1/2 status=200 0.370s url=https://www.myfonts.com/products/wild-trave-complete-family-package-1156664
[2026-05-20T09:52:40Z] #149 attempt=1/2 status=200 0.472s url=https://www.myfonts.com/collections/wild-trave-font-letterhend/
[2026-05-20T09:52:40Z] #150 attempt=1/2 status=200 0.332s url=https://www.myfonts.com/products/ft-neovision-complete-family-package-1156129
[2026-05-20T09:52:41Z] #151 attempt=1/2 status=200 0.407s url=https://www.myfonts.com/collections/ft-neovision-font-firstype-studio/
[2026-05-20T09:52:41Z] #152 attempt=1/2 status=200 0.351s url=https://www.myfonts.com/products/we-need-a-holiday-complete-family-package-1154810
[2026-05-20T09:52:42Z] #153 attempt=1/2 status=200 0.412s url=https://www.myfonts.com/collections/we-need-a-holiday-font-pizzadudedk/
[2026-05-20T09:52:42Z] #154 attempt=1/2 status=429 0.052s url=https://www.myfonts.com/products/pg-mellowink-complete-family-package-1156120
[2026-05-20T09:52:45Z] #155 attempt=2/2 status=200 0.423s url=https://www.myfonts.com/products/pg-mellowink-complete-family-package-1156120
[2026-05-20T09:52:46Z] #156 attempt=1/2 status=200 0.604s url=https://www.myfonts.com/collections/pg-mellowink-font-pretty-glyphs/
[2026-05-20T09:52:47Z] #157 attempt=1/2 status=200 0.323s url=https://www.myfonts.com/products/regular-holine-1155526
[2026-05-20T09:52:47Z] #158 attempt=1/2 status=200 0.341s url=https://www.myfonts.com/collections/holine-font-gatype/
[2026-05-20T09:52:49Z] #159 attempt=1/6 status=200 0.820s url=https://www.myfonts.com/products.json?limit=100&page=2
[2026-05-20T09:52:49Z] #160 attempt=1/2 status=200 0.249s url=https://www.myfonts.com/products/regular-sevoilla-1155524
[2026-05-20T09:52:50Z] #161 attempt=1/2 status=200 0.395s url=https://www.myfonts.com/collections/sevoilla-font-vadova-std/
[2026-05-20T09:52:50Z] #162 attempt=1/2 status=200 0.284s url=https://www.myfonts.com/products/regular-gumzy-pop-1155510
[2026-05-20T09:52:50Z] #163 attempt=1/2 status=429 0.059s url=https://www.myfonts.com/collections/gumzy-pop-font-sixtype-foundry/
[2026-05-20T09:52:53Z] #164 attempt=2/2 status=200 0.465s url=https://www.myfonts.com/collections/gumzy-pop-font-sixtype-foundry/
[2026-05-20T09:52:54Z] #165 attempt=1/2 status=200 0.332s url=https://www.myfonts.com/products/regular-hammer-1155469
[2026-05-20T09:52:54Z] #166 attempt=1/2 status=200 0.322s url=https://www.myfonts.com/collections/hammer-font-rasio-studio/
[2026-05-20T09:52:55Z] #167 attempt=1/2 status=200 0.356s url=https://www.myfonts.com/products/regular-delmora-1154808
[2026-05-20T09:52:55Z] #168 attempt=1/2 status=200 0.241s url=https://www.myfonts.com/collections/delmora-font-vadova-std/
[2026-05-20T09:52:56Z] #169 attempt=1/2 status=200 0.295s url=https://www.myfonts.com/products/regular-chocholatte-tiramisu-1155448
[2026-05-20T09:52:56Z] #170 attempt=1/2 status=429 0.034s url=https://www.myfonts.com/collections/chocholatte-tiramisu-font-sixtype-foundry/
[2026-05-20T09:52:59Z] #171 attempt=2/2 status=200 0.381s url=https://www.myfonts.com/collections/chocholatte-tiramisu-font-sixtype-foundry/
[2026-05-20T09:53:00Z] #172 attempt=1/6 status=200 1.019s url=https://www.myfonts.com/products.json?limit=100&page=3
[2026-05-20T09:53:01Z] #173 attempt=1/2 status=200 0.284s url=https://www.myfonts.com/products/regular-gissela-1156626
[2026-05-20T09:53:02Z] #174 attempt=1/2 status=200 0.503s url=https://www.myfonts.com/collections/gissela-font-sensatype-studio/
[2026-05-20T09:53:02Z] #175 attempt=1/2 status=200 0.324s url=https://www.myfonts.com/products/regular-angellin-freaky-1155465
[2026-05-20T09:53:03Z] #176 attempt=1/2 status=200 0.586s url=https://www.myfonts.com/collections/angellin-freaky-font-afkari-studio/
[2026-05-20T09:53:04Z] #177 attempt=1/2 status=200 0.363s url=https://www.myfonts.com/products/regular-gelishia-signature-brush-1154785
[2026-05-20T09:53:04Z] #178 attempt=1/2 status=200 0.323s url=https://www.myfonts.com/collections/gelishia-signature-brush-font-tebaltipis-studio/
[2026-05-20T09:53:05Z] #179 attempt=1/2 status=429 0.040s url=https://www.myfonts.com/products/regular-fierce-pirates-1155446
[2026-05-20T09:53:07Z] #180 attempt=2/2 status=200 0.551s url=https://www.myfonts.com/products/regular-fierce-pirates-1155446
[2026-05-20T09:53:08Z] #181 attempt=1/2 status=200 0.308s url=https://www.myfonts.com/collections/fierce-pirates-font-imoodev/
[2026-05-20T09:53:08Z] #182 attempt=1/2 status=200 0.283s url=https://www.myfonts.com/products/regular-mediora-1156625
[2026-05-20T09:53:09Z] #183 attempt=1/2 status=200 0.292s url=https://www.myfonts.com/collections/mediora-font-sensatype-studio/
[2026-05-20T09:53:10Z] #184 attempt=1/6 status=200 0.659s url=https://www.myfonts.com/products.json?limit=100&page=4
[2026-05-20T09:53:11Z] #185 attempt=1/2 status=200 0.326s url=https://www.myfonts.com/products/regular-caring-father-1156027
[2026-05-20T09:53:11Z] #186 attempt=1/2 status=200 0.256s url=https://www.myfonts.com/collections/caring-father-font-seemly-fonts/
[2026-05-20T09:53:12Z] #187 attempt=1/2 status=429 0.051s url=https://www.myfonts.com/products/regular-crispy-crumbs-1155447
[2026-05-20T09:53:14Z] #188 attempt=2/2 status=200 0.461s url=https://www.myfonts.com/products/regular-crispy-crumbs-1155447
[2026-05-20T09:53:15Z] #189 attempt=1/2 status=200 0.273s url=https://www.myfonts.com/collections/crispy-crumbs-font-sixtype-foundry/
[2026-05-20T09:53:15Z] #190 attempt=1/2 status=200 0.273s url=https://www.myfonts.com/products/regular-vaurum-1154809
[2026-05-20T09:53:16Z] #191 attempt=1/2 status=200 0.295s url=https://www.myfonts.com/collections/vaurum-font-rasio-studio/
[2026-05-20T09:53:16Z] #192 attempt=1/2 status=200 0.272s url=https://www.myfonts.com/products/regular-jovencua-1155522
[2026-05-20T09:53:17Z] #193 attempt=1/2 status=429 0.049s url=https://www.myfonts.com/collections/jovencua-font-vadova-std/
[2026-05-20T09:53:19Z] #194 attempt=2/2 status=200 0.300s url=https://www.myfonts.com/collections/jovencua-font-vadova-std/
[2026-05-20T09:53:20Z] #195 attempt=1/2 status=200 0.340s url=https://www.myfonts.com/products/regular-dolce-miele-signature-1154787
[2026-05-20T09:53:20Z] #196 attempt=1/2 status=200 0.409s url=https://www.myfonts.com/collections/dolce-miele-signature-font-tebaltipis-studio/
[2026-05-20T09:53:21Z] #197 attempt=1/2 status=200 0.260s url=https://www.myfonts.com/products/regular-gigamore-1155520
[2026-05-20T09:53:21Z] #198 attempt=1/2 status=429 0.030s url=https://www.myfonts.com/collections/gigamore-font-rasio-studio/
[2026-05-20T09:53:24Z] #199 attempt=2/2 status=200 0.429s url=https://www.myfonts.com/collections/gigamore-font-rasio-studio/
[2026-05-20T09:53:25Z] #200 attempt=1/2 status=200 1.292s url=https://www.myfonts.com/products/thin-italic-expanded-paquero-1154854
[2026-05-20T09:53:27Z] #201 attempt=1/2 status=200 1.364s url=https://www.myfonts.com/collections/paquero-font-propertype/
[2026-05-20T09:53:28Z] #202 attempt=1/2 status=200 0.323s url=https://www.myfonts.com/products/regular-hero-blade-1154781
[2026-05-20T09:53:29Z] #203 attempt=1/2 status=200 0.290s url=https://www.myfonts.com/collections/hero-blade-font-seemly-fonts/
[2026-05-20T09:53:30Z] #204 attempt=1/6 status=200 0.632s url=https://www.myfonts.com/products.json?limit=100&page=5
[2026-05-20T09:53:30Z] #205 attempt=1/2 status=200 0.314s url=https://www.myfonts.com/products/regular-belogha-shimtey-1155527
[2026-05-20T09:53:31Z] #206 attempt=1/2 status=200 0.413s url=https://www.myfonts.com/collections/belogha-shimtey-font-pineungtype-misinklab/
[2026-05-20T09:53:32Z] #207 attempt=1/2 status=200 0.308s url=https://www.myfonts.com/products/script-ratala-1156118
[2026-05-20T09:53:32Z] #208 attempt=1/2 status=200 0.250s url=https://www.myfonts.com/collections/ratala-font-bondangail/
[2026-05-20T09:53:33Z] #209 attempt=1/2 status=200 0.262s url=https://www.myfonts.com/products/regular-sour-berry-signature-1154786
[2026-05-20T09:53:33Z] #210 attempt=1/2 status=200 0.337s url=https://www.myfonts.com/collections/sour-berry-signature-font-tebaltipis-studio/
[2026-05-20T09:53:35Z] #211 attempt=1/6 status=200 0.779s url=https://www.myfonts.com/products.json?limit=100&page=6
[2026-05-20T09:53:35Z] #212 attempt=1/2 status=200 0.321s url=https://www.myfonts.com/products/regular-wiptrik-hether-1155511
[2026-05-20T09:53:35Z] #213 attempt=1/2 status=429 0.048s url=https://www.myfonts.com/collections/wiptrik-hether-font-bayuktx/
[2026-05-20T09:53:38Z] #214 attempt=2/2 status=200 0.452s url=https://www.myfonts.com/collections/wiptrik-hether-font-bayuktx/
[2026-05-20T09:53:39Z] #215 attempt=1/2 status=200 0.274s url=https://www.myfonts.com/products/regular-berico-1156295
[2026-05-20T09:53:39Z] #216 attempt=1/2 status=200 0.341s url=https://www.myfonts.com/collections/berico-font-maikohatta/
[2026-05-20T09:53:40Z] #217 attempt=1/2 status=200 0.271s url=https://www.myfonts.com/products/regular-ramen-curry-1155516
[2026-05-20T09:53:40Z] #218 attempt=1/2 status=200 0.255s url=https://www.myfonts.com/collections/ramen-curry-font-black-junst/
[2026-05-20T09:53:41Z] #219 attempt=1/6 status=429 0.036s url=https://www.myfonts.com/products.json?limit=100&page=7
[2026-05-20T09:53:44Z] #220 attempt=2/6 status=200 0.846s url=https://www.myfonts.com/products.json?limit=100&page=7
[2026-05-20T09:53:45Z] #221 attempt=1/2 status=200 0.278s url=https://www.myfonts.com/products/regular-fyora-1155218
[2026-05-20T09:53:45Z] #222 attempt=1/2 status=200 0.305s url=https://www.myfonts.com/collections/fyora-font-vadova-std/
[2026-05-20T09:53:46Z] #223 attempt=1/2 status=200 0.329s url=https://www.myfonts.com/products/regular-eastrave-1155222
[2026-05-20T09:53:46Z] #224 attempt=1/2 status=200 0.274s url=https://www.myfonts.com/collections/eastrave-font-din-studio/
[2026-05-20T09:53:47Z] #225 attempt=1/2 status=200 0.375s url=https://www.myfonts.com/products/regular-nayumi-1155521
[2026-05-20T09:53:47Z] #226 attempt=1/2 status=200 0.279s url=https://www.myfonts.com/collections/nayumi-font-rasio-studio/
[2026-05-20T09:53:48Z] #227 attempt=1/6 status=429 0.035s url=https://www.myfonts.com/products.json?limit=100&page=8
[2026-05-20T09:53:51Z] #228 attempt=2/6 status=200 0.681s url=https://www.myfonts.com/products.json?limit=100&page=8
[2026-05-20T09:53:52Z] #229 attempt=1/2 status=200 0.377s url=https://www.myfonts.com/products/regular-queliru-1155517
[2026-05-20T09:53:52Z] #230 attempt=1/2 status=200 0.290s url=https://www.myfonts.com/collections/queliru-font-flawlessandco/
[2026-05-20T09:53:53Z] #231 attempt=1/2 status=200 0.496s url=https://www.myfonts.com/products/regular-alicia-grace-1156887
[2026-05-20T09:53:54Z] #232 attempt=1/2 status=200 0.322s url=https://www.myfonts.com/collections/alicia-grace-font-bonjourtype/
[2026-05-20T09:53:54Z] #233 attempt=1/2 status=200 0.275s url=https://www.myfonts.com/products/regular-asphalt-gronjal-1155525
[2026-05-20T09:53:55Z] #234 attempt=1/2 status=200 0.283s url=https://www.myfonts.com/collections/asphalt-gronjal-font-flawlessandco/
[2026-05-20T09:53:55Z] #235 attempt=1/2 status=429 0.033s url=https://www.myfonts.com/products/regular-junelys-ridge-1155531
[2026-05-20T09:53:58Z] #236 attempt=2/2 status=200 0.431s url=https://www.myfonts.com/products/regular-junelys-ridge-1155531
[2026-05-20T09:53:58Z] #237 attempt=1/2 status=200 0.292s url=https://www.myfonts.com/collections/junelys-ridge-font-letterhanna-studio/
[2026-05-20T09:53:59Z] #238 attempt=1/2 status=200 0.279s url=https://www.myfonts.com/products/regular-sederhana-1156119
[2026-05-20T09:53:59Z] #239 attempt=1/2 status=200 0.361s url=https://www.myfonts.com/collections/sederhana-font-basnistudio/
[2026-05-20T09:54:00Z] #240 attempt=1/2 status=200 0.367s url=https://www.myfonts.com/products/regular-bigframe-1155518
[2026-05-20T09:54:00Z] #241 attempt=1/2 status=429 0.042s url=https://www.myfonts.com/collections/bigframe-font-rasio-studio/
[2026-05-20T09:54:03Z] #242 attempt=2/2 status=200 0.452s url=https://www.myfonts.com/collections/bigframe-font-rasio-studio/
[2026-05-20T09:54:04Z] #243 attempt=1/2 status=200 0.381s url=https://www.myfonts.com/products/regular-nimete-1155523
[2026-05-20T09:54:04Z] #244 attempt=1/2 status=200 0.307s url=https://www.myfonts.com/collections/nimete-font-vadova-std/
[2026-05-20T09:54:05Z] #245 attempt=1/2 status=200 0.294s url=https://www.myfonts.com/products/regular-soju-wye-1155515
[2026-05-20T09:54:05Z] #246 attempt=1/2 status=200 0.309s url=https://www.myfonts.com/collections/soju-wye-font-bayuktx/
[2026-05-20T09:54:06Z] #247 attempt=1/2 status=200 0.365s url=https://www.myfonts.com/products/regular-verhole-1155519
[2026-05-20T09:54:06Z] #248 attempt=1/2 status=429 0.030s url=https://www.myfonts.com/collections/verhole-font-flawlessandco/
[2026-05-20T09:54:09Z] #249 attempt=2/2 status=200 0.312s url=https://www.myfonts.com/collections/verhole-font-flawlessandco/
[2026-05-20T09:54:09Z] #250 attempt=1/2 status=200 0.346s url=https://www.myfonts.com/products/regular-takasapporo-kaku-b-1155162
[2026-05-20T09:54:10Z] #251 attempt=1/2 status=200 0.467s url=https://www.myfonts.com/collections/takasapporo-kaku-b-font-taka-design-production/
[2026-05-20T09:54:10Z] #252 attempt=1/2 status=200 0.152s url=https://www.myfonts.com/collections/takasapporo-kaku-b-font-taka-design-production/
[2026-05-20T09:54:11Z] #253 attempt=1/2 status=200 0.337s url=https://www.myfonts.com/products/demibold-takaboy21-m-1155196
[2026-05-20T09:54:11Z] #254 attempt=1/2 status=429 0.041s url=https://www.myfonts.com/collections/takaboy21-m-font-taka-design-production/
[2026-05-20T09:54:14Z] #255 attempt=2/2 status=200 0.578s url=https://www.myfonts.com/collections/takaboy21-m-font-taka-design-production/
[2026-05-20T09:54:15Z] #256 attempt=1/2 status=200 0.399s url=https://www.myfonts.com/products/takasapporo-maru-complete-family-package-1155200
[2026-05-20T09:54:15Z] #257 attempt=1/2 status=200 0.413s url=https://www.myfonts.com/collections/takasapporo-maru-m-font-taka-design-production/
[2026-05-20T09:54:16Z] #258 attempt=1/2 status=200 0.127s url=https://www.myfonts.com/collections/takasapporo-maru-m-font-taka-design-production/
[2026-05-20T09:54:16Z] #259 attempt=1/2 status=200 0.290s url=https://www.myfonts.com/products/regular-takameiryu-1155199
[2026-05-20T09:54:17Z] #260 attempt=1/2 status=200 0.257s url=https://www.myfonts.com/collections/takameiryu-font-taka-design-production/
[2026-05-20T09:54:17Z] #261 attempt=1/2 status=429 0.026s url=https://www.myfonts.com/products/regular-takatokyo-kaku-1155189
[2026-05-20T09:54:20Z] #262 attempt=2/2 status=200 0.380s url=https://www.myfonts.com/products/regular-takatokyo-kaku-1155189
[2026-05-20T09:54:21Z] #263 attempt=1/2 status=200 0.700s url=https://www.myfonts.com/collections/takatokyo-kaku-font-taka-design-production/
[2026-05-20T09:54:21Z] #264 attempt=1/2 status=200 0.380s url=https://www.myfonts.com/products/medium-takaline-b-1155208
[2026-05-20T09:54:22Z] #265 attempt=1/2 status=200 0.498s url=https://www.myfonts.com/collections/takaline-b-font-taka-design-production/
[2026-05-20T09:54:23Z] #266 attempt=1/2 status=200 0.555s url=https://www.myfonts.com/collections/takaline-b-font-taka-design-production/
[2026-05-20T09:54:24Z] #267 attempt=1/6 status=200 0.708s url=https://www.myfonts.com/products.json?limit=100&page=9
[2026-05-20T09:54:25Z] #268 attempt=1/2 status=200 0.350s url=https://www.myfonts.com/products/regular-takatalk-maru-1155183
[2026-05-20T09:54:25Z] #269 attempt=1/2 status=200 0.458s url=https://www.myfonts.com/collections/takatalk-maru-font-taka-design-production/
[2026-05-20T09:54:26Z] #270 attempt=1/2 status=200 0.317s url=https://www.myfonts.com/products/regular-zelrix-sports-1155213
[2026-05-20T09:54:26Z] #271 attempt=1/2 status=429 0.033s url=https://www.myfonts.com/collections/zelrix-sports-font-nirmana-visual/
[2026-05-20T09:54:29Z] #272 attempt=2/2 status=200 0.395s url=https://www.myfonts.com/collections/zelrix-sports-font-nirmana-visual/
[2026-05-20T09:54:29Z] #273 attempt=1/2 status=200 0.317s url=https://www.myfonts.com/products/heavy-takaroman-db-1155172
[2026-05-20T09:54:30Z] #274 attempt=1/2 status=200 0.398s url=https://www.myfonts.com/collections/takaroman-db-font-taka-design-production/
[2026-05-20T09:54:31Z] #275 attempt=1/2 status=200 0.350s url=https://www.myfonts.com/products/bold-takaginza-kaku-m-1155177
[2026-05-20T09:54:31Z] #276 attempt=1/2 status=200 0.389s url=https://www.myfonts.com/collections/takaginza-kaku-m-font-taka-design-production/
[2026-05-20T09:54:32Z] #277 attempt=1/2 status=200 0.346s url=https://www.myfonts.com/products/italic-roliace-1134481
[2026-05-20T09:54:32Z] #278 attempt=1/2 status=429 0.029s url=https://www.myfonts.com/collections/roliace-font-qweera-studio/
[2026-05-20T09:54:35Z] #279 attempt=2/2 status=200 0.536s url=https://www.myfonts.com/collections/roliace-font-qweera-studio/
[2026-05-20T09:54:36Z] #280 attempt=1/6 status=200 0.792s url=https://www.myfonts.com/products.json?limit=100&page=10
[2026-05-20T09:54:38Z] #281 attempt=1/6 status=200 0.609s url=https://www.myfonts.com/products.json?limit=100&page=11
[2026-05-20T09:54:38Z] #282 attempt=1/2 status=200 0.363s url=https://www.myfonts.com/products/semibold-omnium-wide-1154750
[2026-05-20T09:54:39Z] #283 attempt=1/2 status=200 0.362s url=https://www.myfonts.com/collections/omnium-wide-font-garagefonts/
[2026-05-20T09:54:39Z] #284 attempt=1/2 status=200 0.425s url=https://www.myfonts.com/products/bold-archive-matrix-1154763
[2026-05-20T09:54:40Z] #285 attempt=1/2 status=200 0.506s url=https://www.myfonts.com/collections/archive-matrix-font-garagefonts/
[2026-05-20T09:54:41Z] #286 attempt=1/2 status=200 0.380s url=https://www.myfonts.com/products/regular-sume-1154744
[2026-05-20T09:54:41Z] #287 attempt=1/2 status=200 0.305s url=https://www.myfonts.com/collections/sume-font-lb-studio/
[2026-05-20T09:54:42Z] #288 attempt=1/2 status=200 0.367s url=https://www.myfonts.com/products/medium-omnium-1154755
[2026-05-20T09:54:42Z] #289 attempt=1/2 status=429 0.052s url=https://www.myfonts.com/collections/omnium-font-garagefonts/
[2026-05-20T09:54:45Z] #290 attempt=2/2 status=200 0.527s url=https://www.myfonts.com/collections/omnium-font-garagefonts/
[2026-05-20T09:54:46Z] #291 attempt=1/2 status=200 0.292s url=https://www.myfonts.com/products/berguna-complete-family-package-1150872
[2026-05-20T09:54:46Z] #292 attempt=1/2 status=200 0.357s url=https://www.myfonts.com/collections/berguna-font-mbonster/
[2026-05-20T09:54:48Z] #293 attempt=1/2 status=200 1.097s url=https://www.myfonts.com/products/normal-package-1154772
[2026-05-20T09:54:49Z] #294 attempt=1/2 status=200 1.680s url=https://www.myfonts.com/collections/stagger-font-nia-typework/
[2026-05-20T09:54:51Z] #295 attempt=1/2 status=200 0.511s url=https://www.myfonts.com/products/brightwall-complete-family-package-1154766
[2026-05-20T09:54:51Z] #296 attempt=1/2 status=200 0.541s url=https://www.myfonts.com/collections/brightwall-font-din-studio/
[2026-05-20T09:54:52Z] #297 attempt=1/2 status=200 0.306s url=https://www.myfonts.com/products/omnium-tagline-complete-family-package-1154759
[2026-05-20T09:54:53Z] #298 attempt=1/2 status=200 0.413s url=https://www.myfonts.com/collections/omnium-tagline-font-garagefonts/
[2026-05-20T09:54:53Z] #299 attempt=1/2 status=200 0.443s url=https://www.myfonts.com/products/dupioni-essentials-package-1151851
[2026-05-20T09:54:54Z] #300 attempt=1/2 status=200 0.690s url=https://www.myfonts.com/collections/dupioni-font-silktype/
[2026-05-20T09:54:55Z] #301 attempt=1/2 status=200 0.296s url=https://www.myfonts.com/products/wasted-vindey-complete-family-package-1154741
[2026-05-20T09:54:56Z] #302 attempt=1/2 status=200 0.419s url=https://www.myfonts.com/collections/wasted-vindey-font-koplexs-studio/
[2026-05-20T09:54:56Z] #303 attempt=1/2 status=200 0.378s url=https://www.myfonts.com/products/sploosh-complete-family-package-1154777
[2026-05-20T09:54:56Z] #304 attempt=1/2 status=429 0.028s url=https://www.myfonts.com/collections/sploosh-font-myhandwritings/
[2026-05-20T09:54:59Z] #305 attempt=2/2 status=200 0.490s url=https://www.myfonts.com/collections/sploosh-font-myhandwritings/
[2026-05-20T09:55:00Z] #306 attempt=1/2 status=200 0.294s url=https://www.myfonts.com/products/angella-white-complete-family-package-1154770
[2026-05-20T09:55:01Z] #307 attempt=1/2 status=200 0.616s url=https://www.myfonts.com/collections/angella-white-font-din-studio/
[2026-05-20T09:55:01Z] #308 attempt=1/2 status=200 0.521s url=https://www.myfonts.com/products/inkopoescript-complete-family-package-1154302
[2026-05-20T09:55:02Z] #309 attempt=1/2 status=200 0.411s url=https://www.myfonts.com/collections/inkopoe-font-mei-suseno/
[2026-05-20T09:55:04Z] #310 attempt=1/2 status=200 1.510s url=https://www.myfonts.com/products/quarty-cray-complete-family-package-1154551
[2026-05-20T09:55:07Z] #311 attempt=1/2 status=200 2.594s url=https://www.myfonts.com/collections/quarty-cray-font-propertype/
[2026-05-20T09:55:09Z] #312 attempt=1/6 status=200 0.957s url=https://www.myfonts.com/products.json?limit=100&page=12
[2026-05-20T09:55:10Z] #313 attempt=1/6 status=200 0.728s url=https://www.myfonts.com/products.json?limit=100&page=13
[2026-05-20T09:55:12Z] #314 attempt=1/2 status=200 1.504s url=https://www.myfonts.com/products/corfella-phantom-complete-family-package-1154054
[2026-05-20T09:55:14Z] #315 attempt=1/2 status=200 2.178s url=https://www.myfonts.com/collections/corfella-phantom-font-propertype/
[2026-05-20T09:55:16Z] #316 attempt=1/2 status=200 0.555s url=https://www.myfonts.com/products/voster-noise-complete-family-package-1154265
[2026-05-20T09:55:17Z] #317 attempt=1/2 status=200 0.848s url=https://www.myfonts.com/collections/voster-noise-font-propertype/
[2026-05-20T09:55:18Z] #318 attempt=1/2 status=200 0.680s url=https://www.myfonts.com/products/cartone-complete-family-package-1154535
[2026-05-20T09:55:18Z] #319 attempt=1/2 status=200 0.576s url=https://www.myfonts.com/collections/cartone-font-propertype/
[2026-05-20T09:55:19Z] #320 attempt=1/2 status=200 0.587s url=https://www.myfonts.com/products/t-shirt-script-bundle-package-1154550
[2026-05-20T09:55:20Z] #321 attempt=1/2 status=404 0.164s url=https://www.myfonts.com/collections/t-shirt-script-bundle-font-andfonts
[2026-05-20T09:55:21Z] #322 attempt=1/2 status=200 0.764s url=https://www.myfonts.com/products/demetras-complete-family-package-1153793
[2026-05-20T09:55:22Z] #323 attempt=1/2 status=200 0.997s url=https://www.myfonts.com/collections/demetras-font-propertype/
[2026-05-20T09:55:23Z] #324 attempt=1/2 status=200 0.649s url=https://www.myfonts.com/products/qirvalen-complete-family-package-1154446
[2026-05-20T09:55:25Z] #325 attempt=1/2 status=200 1.499s url=https://www.myfonts.com/collections/qirvalen-font-propertype/
[2026-05-20T09:55:26Z] #326 attempt=1/2 status=200 0.764s url=https://www.myfonts.com/products/avermont-complete-family-package-1153988
[2026-05-20T09:55:28Z] #327 attempt=1/2 status=200 1.099s url=https://www.myfonts.com/collections/avermont-font-propertype/
[2026-05-20T09:55:28Z] #328 attempt=1/2 status=200 0.474s url=https://www.myfonts.com/products/laguna-otter-complete-family-package-1154224
[2026-05-20T09:55:29Z] #329 attempt=1/2 status=200 0.723s url=https://www.myfonts.com/collections/laguna-otter-font-ottertype/
[2026-05-20T09:55:30Z] #330 attempt=1/2 status=200 0.494s url=https://www.myfonts.com/products/the-kalliagi-complete-family-package-1154341
[2026-05-20T09:55:31Z] #331 attempt=1/2 status=200 0.549s url=https://www.myfonts.com/collections/the-kalliagi-font-propertype/
[2026-05-20T09:55:32Z] #332 attempt=1/2 status=200 0.696s url=https://www.myfonts.com/products/rodhetty-complete-family-package-1153858
[2026-05-20T09:55:34Z] #333 attempt=1/2 status=200 1.463s url=https://www.myfonts.com/collections/rodhetty-font-propertype/
[2026-05-20T09:55:35Z] #334 attempt=1/2 status=200 0.357s url=https://www.myfonts.com/products/ring-complete-family-package-1154332
[2026-05-20T09:55:35Z] #335 attempt=1/2 status=200 0.502s url=https://www.myfonts.com/collections/ring-font-ochakov/
[2026-05-20T09:55:37Z] #336 attempt=1/2 status=200 1.509s url=https://www.myfonts.com/products/fenoura-complete-family-package-1154355
[2026-05-20T09:55:40Z] #337 attempt=1/2 status=200 2.201s url=https://www.myfonts.com/collections/fenoura-font-propertype/
[2026-05-20T09:55:41Z] #338 attempt=1/2 status=200 0.325s url=https://www.myfonts.com/products/ring-slab-complete-family-package-1154322
[2026-05-20T09:55:42Z] #339 attempt=1/2 status=200 0.530s url=https://www.myfonts.com/collections/ring-slab-font-ochakov/
[2026-05-20T09:55:43Z] #340 attempt=1/2 status=200 0.593s url=https://www.myfonts.com/products/banzela-complete-family-package-1153583
[2026-05-20T09:55:44Z] #341 attempt=1/2 status=200 0.931s url=https://www.myfonts.com/collections/banzela-font-propertype/
[2026-05-20T09:55:45Z] #342 attempt=1/2 status=200 0.346s url=https://www.myfonts.com/products/henilac-complete-family-package-1153229
[2026-05-20T09:55:45Z] #343 attempt=1/2 status=200 0.364s url=https://www.myfonts.com/collections/henilac-font-tini-fitriani/
[2026-05-20T09:55:46Z] #344 attempt=1/2 status=200 0.629s url=https://www.myfonts.com/products/fanilex-complete-family-package-1153923
[2026-05-20T09:55:47Z] #345 attempt=1/2 status=200 0.942s url=https://www.myfonts.com/collections/fanilex-font-propertype/
[2026-05-20T09:55:48Z] #346 attempt=1/2 status=200 0.771s url=https://www.myfonts.com/products/bold-condensed-charman-serif-1153659
[2026-05-20T09:55:50Z] #347 attempt=1/2 status=200 1.162s url=https://www.myfonts.com/collections/charman-serif-font-propertype/
[2026-05-20T09:55:51Z] #348 attempt=1/6 status=200 0.684s url=https://www.myfonts.com/products.json?limit=100&page=14
[2026-05-20T09:55:53Z] #349 attempt=1/6 status=200 0.668s url=https://www.myfonts.com/products.json?limit=100&page=15
[2026-05-20T09:55:54Z] #350 attempt=1/6 status=200 0.646s url=https://www.myfonts.com/products.json?limit=100&page=16
[2026-05-20T09:55:54Z] #351 attempt=1/2 status=200 0.304s url=https://www.myfonts.com/products/regular-monundrum-1153205
[2026-05-20T09:55:55Z] #352 attempt=1/2 status=200 0.476s url=https://www.myfonts.com/collections/monundrum-font-flawlessandco/
[2026-05-20T09:55:56Z] #353 attempt=1/6 status=200 0.680s url=https://www.myfonts.com/products.json?limit=100&page=17
[2026-05-20T09:55:57Z] #354 attempt=1/2 status=200 0.387s url=https://www.myfonts.com/products/regular-polaryon-1153206
[2026-05-20T09:55:57Z] #355 attempt=1/2 status=200 0.265s url=https://www.myfonts.com/collections/polaryon-font-flawlessandco/
[2026-05-20T09:55:59Z] #356 attempt=1/6 status=200 0.880s url=https://www.myfonts.com/products.json?limit=100&page=18
[2026-05-20T09:55:59Z] #357 attempt=1/2 status=200 0.333s url=https://www.myfonts.com/products/regular-yograde-1153222
[2026-05-20T09:56:00Z] #358 attempt=1/2 status=200 0.250s url=https://www.myfonts.com/collections/yograde-font-rvandtype/
[2026-05-20T09:56:01Z] #359 attempt=1/6 status=200 0.820s url=https://www.myfonts.com/products.json?limit=100&page=19
[2026-05-20T09:56:02Z] #360 attempt=1/2 status=200 0.290s url=https://www.myfonts.com/products/regular-vorello-1153209
[2026-05-20T09:56:02Z] #361 attempt=1/2 status=200 0.283s url=https://www.myfonts.com/collections/vorello-font-rasio-studio/
[2026-05-20T09:56:03Z] #362 attempt=1/2 status=200 0.323s url=https://www.myfonts.com/products/brillotus-brillotus-1154215
[2026-05-20T09:56:04Z] #363 attempt=1/2 status=200 0.431s url=https://www.myfonts.com/collections/brillotus-font-sibelumpagi/
[2026-05-20T09:56:05Z] #364 attempt=1/6 status=200 0.681s url=https://www.myfonts.com/products.json?limit=100&page=20
[2026-05-20T09:56:06Z] #365 attempt=1/6 status=200 0.751s url=https://www.myfonts.com/products.json?limit=100&page=21
[2026-05-20T09:56:07Z] #366 attempt=1/6 status=200 0.730s url=https://www.myfonts.com/products.json?limit=100&page=22
[2026-05-20T09:56:08Z] #367 attempt=1/2 status=200 0.349s url=https://www.myfonts.com/products/regular-handset-sans-hebrew-1154321
[2026-05-20T09:56:08Z] #368 attempt=1/2 status=200 0.386s url=https://www.myfonts.com/collections/handset-sans-hebrew-font-oem-monotype/
[2026-05-20T09:56:09Z] #369 attempt=1/2 status=200 0.134s url=https://www.myfonts.com/collections/handset-sans-hebrew-font-oem-monotype/
[2026-05-20T09:56:09Z] #370 attempt=1/2 status=404 0.207s url=https://www.myfonts.com/collections/regular-handset-sans-hebrew-1154321-font-oem-monotype
[2026-05-20T09:56:10Z] #371 attempt=1/2 status=200 0.651s url=https://www.myfonts.com/products/fat-op-oblique-hubba-1153496
[2026-05-20T09:56:11Z] #372 attempt=1/2 status=200 0.566s url=https://www.myfonts.com/collections/hubba-font-green-type/
[2026-05-20T09:56:12Z] #373 attempt=1/2 status=200 1.012s url=https://www.myfonts.com/products/compressed-aukim-ii-shadow-1153252
[2026-05-20T09:56:15Z] #374 attempt=1/2 status=200 2.110s url=https://www.myfonts.com/collections/aukim-ii-shadow-font-aukimvisuel/
[2026-05-20T09:56:16Z] #375 attempt=1/2 status=200 0.331s url=https://www.myfonts.com/products/medium-sealgair-1153226
[2026-05-20T09:56:17Z] #376 attempt=1/2 status=200 0.388s url=https://www.myfonts.com/collections/sealgair-font-burntilldead/
[2026-05-20T09:56:18Z] #377 attempt=1/2 status=200 0.347s url=https://www.myfonts.com/products/regular-bubbilo-joy-1153212
[2026-05-20T09:56:18Z] #378 attempt=1/2 status=200 0.376s url=https://www.myfonts.com/collections/bubbilo-joy-font-cocodesign/
[2026-05-20T09:56:19Z] #379 attempt=1/2 status=200 0.430s url=https://www.myfonts.com/products/65-medium-finalist-round-slab-1122422
[2026-05-20T09:56:20Z] #380 attempt=1/2 status=200 0.590s url=https://www.myfonts.com/collections/finalist-round-slab-font-bulent-yuksel/
[2026-05-20T09:56:20Z] #381 attempt=1/2 status=200 0.447s url=https://www.myfonts.com/products/extra-bold-oblique-skyrise-1153523
[2026-05-20T09:56:21Z] #382 attempt=1/2 status=200 0.680s url=https://www.myfonts.com/collections/skyrise-font-multiformis/
[2026-05-20T09:56:22Z] #383 attempt=1/2 status=200 0.288s url=https://www.myfonts.com/products/regular-pangoliery-1153207
[2026-05-20T09:56:23Z] #384 attempt=1/2 status=200 0.254s url=https://www.myfonts.com/collections/pangoliery-font-flawlessandco/
[2026-05-20T09:56:24Z] #385 attempt=1/6 status=200 0.708s url=https://www.myfonts.com/products.json?limit=100&page=23
[2026-05-20T09:56:24Z] #386 attempt=1/2 status=200 0.334s url=https://www.myfonts.com/products/script-regular-berniche-1153237
[2026-05-20T09:56:25Z] #387 attempt=1/2 status=200 0.731s url=https://www.myfonts.com/collections/berniche-font-jamalodin/
[2026-05-20T09:56:26Z] #388 attempt=1/2 status=200 0.368s url=https://www.myfonts.com/products/semi-bold-dh-joleta-1153219
[2026-05-20T09:56:27Z] #389 attempt=1/2 status=200 0.509s url=https://www.myfonts.com/collections/dh-joleta-font-ahmad-jamaludin/
[2026-05-20T09:56:28Z] #390 attempt=1/6 status=200 0.694s url=https://www.myfonts.com/products.json?limit=100&page=24
[2026-05-20T09:56:28Z] #391 attempt=1/2 status=429 0.048s url=https://www.myfonts.com/products/regular-nevollen-1153208
[2026-05-20T09:56:31Z] #392 attempt=2/2 status=200 0.514s url=https://www.myfonts.com/products/regular-nevollen-1153208
[2026-05-20T09:56:31Z] #393 attempt=1/2 status=200 0.264s url=https://www.myfonts.com/collections/nevollen-font-flawlessandco/
[2026-05-20T09:56:33Z] #394 attempt=1/6 status=200 0.744s url=https://www.myfonts.com/products.json?limit=100&page=25
[2026-05-20T09:56:33Z] #395 attempt=1/2 status=200 0.322s url=https://www.myfonts.com/products/regular-raqasy-1153232
[2026-05-20T09:56:34Z] #396 attempt=1/2 status=200 0.314s url=https://www.myfonts.com/collections/raqasy-font-denustudio/
[2026-05-20T09:56:35Z] #397 attempt=1/2 status=200 0.345s url=https://www.myfonts.com/products/italic-cafiah-1153235
[2026-05-20T09:56:35Z] #398 attempt=1/2 status=429 0.038s url=https://www.myfonts.com/collections/cafiah-font-margi-studio/
[2026-05-20T09:56:38Z] #399 attempt=2/2 status=200 0.624s url=https://www.myfonts.com/collections/cafiah-font-margi-studio/
[2026-05-20T09:56:38Z] #400 attempt=1/2 status=200 0.268s url=https://www.myfonts.com/products/regular-island-graffiti-1153228
[2026-05-20T09:56:39Z] #401 attempt=1/2 status=200 0.377s url=https://www.myfonts.com/collections/island-graffiti-font-yoga-letter/
[2026-05-20T09:56:40Z] #402 attempt=1/2 status=200 1.038s url=https://www.myfonts.com/products/expanded-package-1152547
[2026-05-20T09:56:43Z] #403 attempt=1/2 status=200 2.287s url=https://www.myfonts.com/collections/qorvyn-font-groenstudio/
[2026-05-20T09:56:44Z] #404 attempt=1/2 status=200 0.810s url=https://www.myfonts.com/products/normal-package-1152939
[2026-05-20T09:56:46Z] #405 attempt=1/2 status=200 2.036s url=https://www.myfonts.com/collections/new-novaryn-font-jorsetype/
[2026-05-20T09:56:48Z] #406 attempt=1/2 status=200 0.822s url=https://www.myfonts.com/products/clastin-complete-family-package-1152558
[2026-05-20T09:56:49Z] #407 attempt=1/2 status=200 1.194s url=https://www.myfonts.com/collections/clastin-font-stripes-studio/
[2026-05-20T09:56:50Z] #408 attempt=1/2 status=200 0.375s url=https://www.myfonts.com/products/reforma-grotesk-complete-family-package-1152343
[2026-05-20T09:56:51Z] #409 attempt=1/2 status=200 0.709s url=https://www.myfonts.com/collections/reforma-grotesk-bold-e-font-paratype/
[2026-05-20T09:56:52Z] #410 attempt=1/2 status=200 0.304s url=https://www.myfonts.com/products/julethia-complete-family-package-1152819
[2026-05-20T09:56:53Z] #411 attempt=1/2 status=200 0.439s url=https://www.myfonts.com/collections/julethia-font-tini-fitriani/
[2026-05-20T09:56:53Z] #412 attempt=1/2 status=200 0.397s url=https://www.myfonts.com/products/wolgen-complete-family-package-1152950
[2026-05-20T09:56:54Z] #413 attempt=1/2 status=200 0.396s url=https://www.myfonts.com/collections/wolgen-font-sensatype-studio/
[2026-05-20T09:56:55Z] #414 attempt=1/2 status=200 0.322s url=https://www.myfonts.com/products/zulta-music-complete-family-package-1152809
[2026-05-20T09:56:55Z] #415 attempt=1/2 status=200 0.396s url=https://www.myfonts.com/collections/zulta-music-font-illushvara/
[2026-05-20T09:56:56Z] #416 attempt=1/2 status=200 0.432s url=https://www.myfonts.com/products/district-complete-family-package-1152357
[2026-05-20T09:56:57Z] #417 attempt=1/2 status=200 0.523s url=https://www.myfonts.com/collections/district-pro-font-garagefonts/
[2026-05-20T09:56:57Z] #418 attempt=1/2 status=429 0.042s url=https://www.myfonts.com/products/expanded-package-1153098
[2026-05-20T09:57:00Z] #419 attempt=2/2 status=200 1.146s url=https://www.myfonts.com/products/expanded-package-1153098
[2026-05-20T09:57:03Z] #420 attempt=1/2 status=200 2.922s url=https://www.myfonts.com/collections/orvessia-font-artisan-studio/
[2026-05-20T09:57:05Z] #421 attempt=1/2 status=200 0.299s url=https://www.myfonts.com/products/first-memoirs-complete-family-package-1152812
[2026-05-20T09:57:05Z] #422 attempt=1/2 status=200 0.372s url=https://www.myfonts.com/collections/first-memoirs-font-tini-fitriani/
[2026-05-20T09:57:06Z] #423 attempt=1/2 status=200 0.372s url=https://www.myfonts.com/products/slutsker-script-complete-family-package-1152356
[2026-05-20T09:57:06Z] #424 attempt=1/2 status=200 0.397s url=https://www.myfonts.com/collections/slutsker-script-font-paratype/
[2026-05-20T09:57:07Z] #425 attempt=1/2 status=200 0.377s url=https://www.myfonts.com/products/magnie-complete-family-package-1152387
[2026-05-20T09:57:08Z] #426 attempt=1/2 status=200 0.516s url=https://www.myfonts.com/collections/magnie-font-spencer-and-sons-co/
[2026-05-20T09:57:08Z] #427 attempt=1/2 status=200 0.332s url=https://www.myfonts.com/products/del-carna-complete-family-package-1152957
[2026-05-20T09:57:09Z] #428 attempt=1/2 status=200 0.548s url=https://www.myfonts.com/collections/del-carna-font-rashdrawn/
[2026-05-20T09:57:09Z] summary releases=38 first_429=(101, 'https://www.myfonts.com/collections/pg-hevorish-font-pretty-glyphs/', 0.03710174560546875) log_file=state/myfonts_run_20260520_095022.log
[2026-05-20T09:57:09Z] === MyFonts crawl end ===
