[2026-08-17T07:09:18Z] checkpoint fresh next_page=1 path=state/myfonts_crawl_checkpoint.json
[2026-08-17T07:09:18Z] === MyFonts crawl start source=myfonts ===
[2026-08-17T07:09:18Z] config max_pages=25 page_size=100 start_date=2026-08-16 end_date=2026-08-17 api_delay=0.5s detail_delay=0.2s max_debut_checks=400 max_tech_specs_checks=200 reuse_success_profile=False always_enrich_packages=True language_script_signal_mode=strong force_fresh_run=False start_page=1 browser_mode=False browser_headless=True browser_storage_state_path=state/myfonts_storage_state.json
[2026-08-17T07:09:19Z] #1 attempt=1/6 status=200 0.965s url=https://www.myfonts.com/products.json?limit=100&page=1
[2026-08-17T07:09:20Z] #2 attempt=1/2 status=200 0.415s url=https://www.myfonts.com/products/clarendon-ringold-1204063
[2026-08-17T07:09:21Z] #3 attempt=1/2 status=200 0.625s url=https://www.myfonts.com/collections/ringold-font-bijou-type/
[2026-08-17T07:09:21Z] #4 attempt=1/2 status=200 0.182s url=https://www.myfonts.com/collections/ringold-font-bijou-type/?tab=techSpecs
[2026-08-17T07:09:22Z] #5 attempt=1/2 status=200 0.311s url=https://www.myfonts.com/products/regular-morka-1204050
[2026-08-17T07:09:23Z] #6 attempt=1/2 status=200 0.325s url=https://www.myfonts.com/collections/morka-font-maghrib-type/
[2026-08-17T07:09:23Z] #7 attempt=1/2 status=200 0.193s url=https://www.myfonts.com/collections/morka-font-maghrib-type/?tab=techSpecs
[2026-08-17T07:09:24Z] #8 attempt=1/2 status=200 0.291s url=https://www.myfonts.com/products/regular-ruana-1204059
[2026-08-17T07:09:25Z] #9 attempt=1/2 status=200 0.304s url=https://www.myfonts.com/collections/ruana-font-rasio-studio/
[2026-08-17T07:09:25Z] #10 attempt=1/2 status=200 0.184s url=https://www.myfonts.com/collections/ruana-font-rasio-studio/?tab=techSpecs
[2026-08-17T07:09:26Z] #11 attempt=1/2 status=200 0.337s url=https://www.myfonts.com/products/regular-emsen-1204058
[2026-08-17T07:09:27Z] #12 attempt=1/2 status=200 0.302s url=https://www.myfonts.com/collections/emsen-font-rasio-studio/
[2026-08-17T07:09:27Z] #13 attempt=1/2 status=200 0.197s url=https://www.myfonts.com/collections/emsen-font-rasio-studio/?tab=techSpecs
[2026-08-17T07:09:28Z] #14 attempt=1/2 status=200 0.291s url=https://www.myfonts.com/products/regular-palgrace-1204057
[2026-08-17T07:09:28Z] #15 attempt=1/2 status=200 0.305s url=https://www.myfonts.com/collections/palgrace-font-vadova-std/
[2026-08-17T07:09:29Z] #16 attempt=1/2 status=200 0.166s url=https://www.myfonts.com/collections/palgrace-font-vadova-std/?tab=techSpecs
[2026-08-17T07:09:30Z] #17 attempt=1/2 status=200 0.317s url=https://www.myfonts.com/products/the-casillac-paramount-serif-complete-family-package-1204035
[2026-08-17T07:09:30Z] #18 attempt=1/2 status=200 0.393s url=https://www.myfonts.com/collections/the-casillac-paramount-serif-font-suza-studio/
[2026-08-17T07:09:31Z] #19 attempt=1/2 status=200 0.194s url=https://www.myfonts.com/collections/the-casillac-paramount-serif-font-suza-studio/?tab=techSpecs
[2026-08-17T07:09:32Z] #20 attempt=1/2 status=200 0.300s url=https://www.myfonts.com/products/kindora-complete-family-package-1204042
[2026-08-17T07:09:33Z] #21 attempt=1/2 status=200 0.376s url=https://www.myfonts.com/collections/kindora-font-shape-studio/
[2026-08-17T07:09:33Z] #22 attempt=1/2 status=200 0.184s url=https://www.myfonts.com/collections/kindora-font-shape-studio/?tab=techSpecs
[2026-08-17T07:09:34Z] #23 attempt=1/2 status=200 0.327s url=https://www.myfonts.com/products/oxelar-complete-family-package-1204039
[2026-08-17T07:09:35Z] #24 attempt=1/2 status=200 0.363s url=https://www.myfonts.com/collections/oxelar-font-font-liner/
[2026-08-17T07:09:35Z] #25 attempt=1/2 status=200 0.179s url=https://www.myfonts.com/collections/oxelar-font-font-liner/?tab=techSpecs
[2026-08-17T07:09:37Z] #26 attempt=1/2 status=200 0.299s url=https://www.myfonts.com/products/regular-food-imaji-1204034
[2026-08-17T07:09:37Z] #27 attempt=1/2 status=200 0.270s url=https://www.myfonts.com/collections/food-imaji-font-illushvara/
[2026-08-17T07:09:38Z] #28 attempt=1/2 status=200 0.169s url=https://www.myfonts.com/collections/food-imaji-font-illushvara/?tab=techSpecs
[2026-08-17T07:09:39Z] #29 attempt=1/2 status=200 0.339s url=https://www.myfonts.com/products/trasy-brush-complete-family-package-1203823
[2026-08-17T07:09:39Z] #30 attempt=1/2 status=200 0.371s url=https://www.myfonts.com/collections/trasy-brush-font-mei-suseno/
[2026-08-17T07:09:40Z] #31 attempt=1/2 status=200 0.177s url=https://www.myfonts.com/collections/trasy-brush-font-mei-suseno/?tab=techSpecs
[2026-08-17T07:09:41Z] #32 attempt=1/2 status=200 0.733s url=https://www.myfonts.com/products/regular-rendey-1203466
[2026-08-17T07:09:42Z] #33 attempt=1/2 status=200 0.848s url=https://www.myfonts.com/collections/rendey-font-gatype/
[2026-08-17T07:09:43Z] #34 attempt=1/2 status=200 0.242s url=https://www.myfonts.com/collections/rendey-font-gatype/?tab=techSpecs
[2026-08-17T07:09:44Z] #35 attempt=1/2 status=200 0.316s url=https://www.myfonts.com/products/italic-crossed-signals-pro-1203365
[2026-08-17T07:09:45Z] #36 attempt=1/2 status=200 0.358s url=https://www.myfonts.com/collections/crossed-signals-pro-font-hanoded/
[2026-08-17T07:09:45Z] #37 attempt=1/2 status=200 0.180s url=https://www.myfonts.com/collections/crossed-signals-pro-font-hanoded/?tab=techSpecs
[2026-08-17T07:09:48Z] #38 attempt=1/2 status=200 1.263s url=https://www.myfonts.com/products/cavellis-extra-bold-expanded-italic-cavellis-serif-1200872
[2026-08-17T07:09:49Z] #39 attempt=1/2 status=200 1.040s url=https://www.myfonts.com/collections/cavellis-serif-font-zane-studio/
[2026-08-17T07:09:50Z] #40 attempt=1/2 status=200 0.296s url=https://www.myfonts.com/collections/cavellis-serif-font-zane-studio/?tab=techSpecs
[2026-08-17T07:09:51Z] #41 attempt=1/2 status=200 0.651s url=https://www.myfonts.com/products/grade-semi-condensed-salicraft-1203488
[2026-08-17T07:09:52Z] #42 attempt=1/2 status=200 0.789s url=https://www.myfonts.com/collections/salicraft-font-gatype/
[2026-08-17T07:09:53Z] #43 attempt=1/2 status=200 0.233s url=https://www.myfonts.com/collections/salicraft-font-gatype/?tab=techSpecs
[2026-08-17T07:09:54Z] #44 attempt=1/2 status=200 0.315s url=https://www.myfonts.com/products/regular-rayhan-script-1203822
[2026-08-17T07:09:55Z] #45 attempt=1/2 status=200 0.293s url=https://www.myfonts.com/collections/rayhan-script-font-namela/
[2026-08-17T07:09:55Z] #46 attempt=1/2 status=200 0.181s url=https://www.myfonts.com/collections/rayhan-script-font-namela/?tab=techSpecs
[2026-08-17T07:09:57Z] #47 attempt=1/2 status=200 0.336s url=https://www.myfonts.com/products/italic-cycle-of-fourths-pro-1203362
[2026-08-17T07:09:57Z] #48 attempt=1/2 status=200 0.389s url=https://www.myfonts.com/collections/cycle-of-fourths-pro-font-hanoded/
[2026-08-17T07:09:58Z] #49 attempt=1/2 status=200 0.160s url=https://www.myfonts.com/collections/cycle-of-fourths-pro-font-hanoded/?tab=techSpecs
[2026-08-17T07:09:59Z] #50 attempt=1/2 status=200 0.275s url=https://www.myfonts.com/products/script-driest-1203817
[2026-08-17T07:09:59Z] #51 attempt=1/2 status=200 0.303s url=https://www.myfonts.com/collections/driest-font-groenstudio/
[2026-08-17T07:10:00Z] #52 attempt=1/2 status=200 0.180s url=https://www.myfonts.com/collections/driest-font-groenstudio/?tab=techSpecs
[2026-08-17T07:10:01Z] #53 attempt=1/2 status=200 0.293s url=https://www.myfonts.com/products/regular-swannli-1203792
[2026-08-17T07:10:01Z] #54 attempt=1/2 status=200 0.309s url=https://www.myfonts.com/collections/swannli-font-hasnat-studio/
[2026-08-17T07:10:02Z] #55 attempt=1/2 status=200 0.167s url=https://www.myfonts.com/collections/swannli-font-hasnat-studio/?tab=techSpecs
[2026-08-17T07:10:03Z] #56 attempt=1/2 status=200 0.305s url=https://www.myfonts.com/products/italic-distant-future-pro-1203359
[2026-08-17T07:10:03Z] #57 attempt=1/2 status=200 0.379s url=https://www.myfonts.com/collections/distant-future-pro-font-hanoded/
[2026-08-17T07:10:04Z] #58 attempt=1/2 status=200 0.181s url=https://www.myfonts.com/collections/distant-future-pro-font-hanoded/?tab=techSpecs
[2026-08-17T07:10:05Z] #59 attempt=1/2 status=200 0.262s url=https://www.myfonts.com/products/regular-high-blast-1203697
[2026-08-17T07:10:05Z] #60 attempt=1/2 status=200 0.296s url=https://www.myfonts.com/collections/high-blast-font-denustudio/
[2026-08-17T07:10:06Z] #61 attempt=1/2 status=200 0.178s url=https://www.myfonts.com/collections/high-blast-font-denustudio/?tab=techSpecs
[2026-08-17T07:10:07Z] #62 attempt=1/2 status=200 0.325s url=https://www.myfonts.com/products/bold-italic-perfect-timing-1186856
[2026-08-17T07:10:07Z] #63 attempt=1/2 status=200 0.424s url=https://www.myfonts.com/collections/perfect-timing-font-pizzadude-dk/
[2026-08-17T07:10:08Z] #64 attempt=1/2 status=200 0.173s url=https://www.myfonts.com/collections/perfect-timing-font-pizzadude-dk/?tab=techSpecs
[2026-08-17T07:10:09Z] #65 attempt=1/2 status=200 0.280s url=https://www.myfonts.com/products/regular-northslash-1203695
[2026-08-17T07:10:09Z] #66 attempt=1/2 status=200 0.301s url=https://www.myfonts.com/collections/northslash-font-letterhanna-studio/
[2026-08-17T07:10:10Z] #67 attempt=1/2 status=200 0.171s url=https://www.myfonts.com/collections/northslash-font-letterhanna-studio/?tab=techSpecs
[2026-08-17T07:10:11Z] #68 attempt=1/2 status=200 0.280s url=https://www.myfonts.com/products/regular-te-nastaaliq-1200973
[2026-08-17T07:10:11Z] #69 attempt=1/2 status=200 0.282s url=https://www.myfonts.com/collections/te-nastaaliq-font-tharwat-emara/
[2026-08-17T07:10:12Z] #70 attempt=1/2 status=200 0.190s url=https://www.myfonts.com/collections/te-nastaaliq-font-tharwat-emara/?tab=techSpecs
[2026-08-17T07:10:13Z] #71 attempt=1/2 status=200 1.112s url=https://www.myfonts.com/products/shepia-script-complete-family-package-1200668
[2026-08-17T07:10:15Z] #72 attempt=1/2 status=200 1.234s url=https://www.myfonts.com/collections/shepia-script-font-seniors-studio/
[2026-08-17T07:10:16Z] #73 attempt=1/2 status=200 0.278s url=https://www.myfonts.com/collections/shepia-script-font-seniors-studio/?tab=techSpecs
[2026-08-17T07:10:17Z] #74 attempt=1/2 status=200 0.646s url=https://www.myfonts.com/products/olimpos-complete-family-package-1203407
[2026-08-17T07:10:18Z] #75 attempt=1/2 status=200 1.002s url=https://www.myfonts.com/collections/olimpos-font-gatype/
[2026-08-17T07:10:19Z] #76 attempt=1/2 status=200 0.250s url=https://www.myfonts.com/collections/olimpos-font-gatype/?tab=techSpecs
[2026-08-17T07:10:23Z] #77 attempt=1/2 status=200 2.537s url=https://www.myfonts.com/products/font-collection-2026-package-1198552
[2026-08-17T07:10:24Z] #78 attempt=1/2 status=404 0.272s url=https://www.myfonts.com/collections/font-collection-2026-font-gatype
[2026-08-17T07:10:25Z] #79 attempt=1/2 status=200 0.305s url=https://www.myfonts.com/products/buzzword-marker-complete-family-package-1199247
[2026-08-17T07:10:25Z] #80 attempt=1/2 status=200 0.306s url=https://www.myfonts.com/collections/buzzword-marker-font-mvmet/
[2026-08-17T07:10:26Z] #81 attempt=1/2 status=200 0.171s url=https://www.myfonts.com/collections/buzzword-marker-font-mvmet/?tab=techSpecs
[2026-08-17T07:10:27Z] #82 attempt=1/2 status=200 0.357s url=https://www.myfonts.com/products/agency-gothic-ct-complete-family-package-1199300
[2026-08-17T07:10:28Z] #83 attempt=1/2 status=200 0.399s url=https://www.myfonts.com/collections/agency-gothic-ct-font-castletype/
[2026-08-17T07:10:28Z] #84 attempt=1/2 status=200 0.170s url=https://www.myfonts.com/collections/agency-gothic-ct-font-castletype/?tab=techSpecs
[2026-08-17T07:10:30Z] #85 attempt=1/2 status=200 0.647s url=https://www.myfonts.com/products/bright-style-complete-family-package-1199372
[2026-08-17T07:10:30Z] #86 attempt=1/2 status=200 0.656s url=https://www.myfonts.com/collections/bright-style-font-gatype/
[2026-08-17T07:10:31Z] #87 attempt=1/2 status=200 0.214s url=https://www.myfonts.com/collections/bright-style-font-gatype/?tab=techSpecs
[2026-08-17T07:10:33Z] #88 attempt=1/2 status=200 0.893s url=https://www.myfonts.com/products/soft-package-1198647
[2026-08-17T07:10:35Z] #89 attempt=1/2 status=200 1.951s url=https://www.myfonts.com/collections/radebin-font-ajibatype/
[2026-08-17T07:10:36Z] #90 attempt=1/2 status=200 0.391s url=https://www.myfonts.com/collections/radebin-font-ajibatype/?tab=techSpecs
[2026-08-17T07:10:39Z] #91 attempt=1/2 status=200 0.847s url=https://www.myfonts.com/products/auther-complete-family-package-1198709
[2026-08-17T07:10:40Z] #92 attempt=1/2 status=200 0.944s url=https://www.myfonts.com/collections/auther-font-seniors-studio/
[2026-08-17T07:10:41Z] #93 attempt=1/2 status=200 0.278s url=https://www.myfonts.com/collections/auther-font-seniors-studio/?tab=techSpecs
[2026-08-17T07:10:42Z] #94 attempt=1/2 status=200 0.553s url=https://www.myfonts.com/products/baze-complete-family-package-1198890
[2026-08-17T07:10:43Z] #95 attempt=1/2 status=200 0.611s url=https://www.myfonts.com/collections/baze-font-gatype/
[2026-08-17T07:10:44Z] #96 attempt=1/2 status=200 0.206s url=https://www.myfonts.com/collections/baze-font-gatype/?tab=techSpecs
[2026-08-17T07:10:45Z] #97 attempt=1/2 status=200 0.349s url=https://www.myfonts.com/products/goudy-complete-family-package-1201374
[2026-08-17T07:10:45Z] #98 attempt=1/2 status=200 0.344s url=https://www.myfonts.com/collections/goudy-forum-pro-font-matteson-typographics/
[2026-08-17T07:10:46Z] #99 attempt=1/2 status=200 0.187s url=https://www.myfonts.com/collections/goudy-forum-pro-font-matteson-typographics/?tab=techSpecs
[2026-08-17T07:10:48Z] #100 attempt=1/2 status=200 0.881s url=https://www.myfonts.com/products/groute-script-complete-family-package-1199789
[2026-08-17T07:10:49Z] #101 attempt=1/2 status=200 1.014s url=https://www.myfonts.com/collections/groute-script-font-gian-studio/
[2026-08-17T07:10:50Z] #102 attempt=1/2 status=200 0.274s url=https://www.myfonts.com/collections/groute-script-font-gian-studio/?tab=techSpecs
[2026-08-17T07:10:52Z] #103 attempt=1/2 status=200 0.807s url=https://www.myfonts.com/products/astone-nisam-complete-family-package-1199307
[2026-08-17T07:10:53Z] #104 attempt=1/2 status=200 0.899s url=https://www.myfonts.com/collections/astone-nisam-font-gatype/
[2026-08-17T07:10:53Z] #105 attempt=1/2 status=200 0.262s url=https://www.myfonts.com/collections/astone-nisam-font-gatype/?tab=techSpecs
[2026-08-17T07:10:55Z] #106 attempt=1/2 status=200 0.311s url=https://www.myfonts.com/products/kingcraft-comic-complete-family-package-1199244
[2026-08-17T07:10:56Z] #107 attempt=1/2 status=200 0.337s url=https://www.myfonts.com/collections/kingcraft-comic-font-mvmet/
[2026-08-17T07:10:56Z] #108 attempt=1/2 status=200 0.201s url=https://www.myfonts.com/collections/kingcraft-comic-font-mvmet/?tab=techSpecs
[2026-08-17T07:10:58Z] #109 attempt=1/2 status=200 0.661s url=https://www.myfonts.com/products/mister-luston-complete-family-package-1200617
[2026-08-17T07:10:59Z] #110 attempt=1/2 status=200 0.765s url=https://www.myfonts.com/collections/mister-luston-font-gian-studio/
[2026-08-17T07:10:59Z] #111 attempt=1/2 status=200 0.250s url=https://www.myfonts.com/collections/mister-luston-font-gian-studio/?tab=techSpecs
[2026-08-17T07:11:00Z] #112 attempt=1/2 status=429 0.021s url=https://www.myfonts.com/products/fantasi-women-complete-family-package-1203367
[2026-08-17T07:11:00Z] first_429 req=112 url=https://www.myfonts.com/products/fantasi-women-complete-family-package-1203367
[2026-08-17T07:11:03Z] #113 attempt=2/2 status=200 0.752s url=https://www.myfonts.com/products/fantasi-women-complete-family-package-1203367
[2026-08-17T07:11:04Z] #114 attempt=1/2 status=200 0.681s url=https://www.myfonts.com/collections/fantasi-women-font-gatype/
[2026-08-17T07:11:05Z] #115 attempt=1/2 status=200 0.779s url=https://www.myfonts.com/products/blanton-script-complete-family-package-1198648
[2026-08-17T07:11:06Z] #116 attempt=1/2 status=200 0.869s url=https://www.myfonts.com/collections/blanton-script-font-ajibatype/
[2026-08-17T07:11:08Z] #117 attempt=1/2 status=200 1.147s url=https://www.myfonts.com/products/switnesa-script-complete-family-package-1199074
[2026-08-17T07:11:09Z] #118 attempt=1/2 status=200 1.161s url=https://www.myfonts.com/collections/switnesa-script-font-seniors-studio/
[2026-08-17T07:11:10Z] #119 attempt=1/2 status=200 0.340s url=https://www.myfonts.com/products/pericles-complete-family-package-1201372
[2026-08-17T07:11:11Z] #120 attempt=1/2 status=200 0.361s url=https://www.myfonts.com/collections/pericles-pro-font-matteson-typographics/
[2026-08-17T07:11:12Z] #121 attempt=1/2 status=200 0.501s url=https://www.myfonts.com/products/brundox-complete-family-package-1199760
[2026-08-17T07:11:12Z] #122 attempt=1/2 status=200 0.564s url=https://www.myfonts.com/collections/brundox-font-gian-studio/
[2026-08-17T07:11:13Z] #123 attempt=1/2 status=200 0.653s url=https://www.myfonts.com/products/water-doomsday-complete-family-package-1198339
[2026-08-17T07:11:14Z] #124 attempt=1/2 status=200 0.705s url=https://www.myfonts.com/collections/water-doomsday-font-layarbahtera/
[2026-08-17T07:11:16Z] #125 attempt=1/2 status=200 0.607s url=https://www.myfonts.com/products/koffins-complete-family-package-1203397
[2026-08-17T07:11:16Z] #126 attempt=1/2 status=200 0.708s url=https://www.myfonts.com/collections/koffins-font-gatype/
[2026-08-17T07:11:18Z] #127 attempt=1/2 status=200 1.059s url=https://www.myfonts.com/products/shintia-script-complete-family-package-1198961
[2026-08-17T07:11:19Z] #128 attempt=1/2 status=200 1.291s url=https://www.myfonts.com/collections/shintia-script-font-seniors-studio/
[2026-08-17T07:11:21Z] #129 attempt=1/2 status=200 0.769s url=https://www.myfonts.com/products/the-sweetest-thing-complete-family-package-1199187
[2026-08-17T07:11:22Z] #130 attempt=1/2 status=200 0.813s url=https://www.myfonts.com/collections/the-sweetest-thing-font-seniors-studio/
[2026-08-17T07:11:23Z] #131 attempt=1/2 status=200 0.355s url=https://www.myfonts.com/products/radioactive-comic-complete-family-package-1198887
[2026-08-17T07:11:23Z] #132 attempt=1/2 status=200 0.361s url=https://www.myfonts.com/collections/radioactive-comic-font-mvmet/
[2026-08-17T07:11:25Z] #133 attempt=1/2 status=200 0.896s url=https://www.myfonts.com/products/bailsun-complete-family-package-1198817
[2026-08-17T07:11:26Z] #134 attempt=1/2 status=200 1.099s url=https://www.myfonts.com/collections/bailsun-font-gatype/
[2026-08-17T07:11:27Z] #135 attempt=1/2 status=200 0.357s url=https://www.myfonts.com/products/lindsey-complete-family-package-1201373
[2026-08-17T07:11:27Z] #136 attempt=1/2 status=200 0.363s url=https://www.myfonts.com/collections/lindsey-pro-font-matteson-typographics/
[2026-08-17T07:11:28Z] #137 attempt=1/2 status=200 0.740s url=https://www.myfonts.com/products/layarbahtera-beyond-complete-family-package-1198806
[2026-08-17T07:11:29Z] #138 attempt=1/2 status=200 0.691s url=https://www.myfonts.com/collections/layarbahtera-beyond-font-layarbahtera/
[2026-08-17T07:11:31Z] #139 attempt=1/6 status=200 0.798s url=https://www.myfonts.com/products.json?limit=100&page=2
[2026-08-17T07:11:32Z] #140 attempt=1/2 status=200 0.944s url=https://www.myfonts.com/products/zially-complete-family-package-1199675
[2026-08-17T07:11:33Z] #141 attempt=1/2 status=200 1.049s url=https://www.myfonts.com/collections/zially-font-fontdroe/
[2026-08-17T07:11:34Z] #142 attempt=1/2 status=200 0.310s url=https://www.myfonts.com/products/regular-robecto-1198484
[2026-08-17T07:11:35Z] #143 attempt=1/2 status=200 0.289s url=https://www.myfonts.com/collections/robecto-font-black-junst/
[2026-08-17T07:11:36Z] #144 attempt=1/6 status=200 0.893s url=https://www.myfonts.com/products.json?limit=100&page=3
[2026-08-17T07:11:37Z] #145 attempt=1/6 status=200 0.731s url=https://www.myfonts.com/products.json?limit=100&page=4
[2026-08-17T07:11:38Z] #146 attempt=1/2 status=200 0.350s url=https://www.myfonts.com/products/italic-cobono-1199406
[2026-08-17T07:11:39Z] #147 attempt=1/2 status=200 0.350s url=https://www.myfonts.com/collections/cobono-font-t-26/
[2026-08-17T07:11:40Z] #148 attempt=1/6 status=200 0.682s url=https://www.myfonts.com/products.json?limit=100&page=5
[2026-08-17T07:11:41Z] #149 attempt=1/6 status=200 0.891s url=https://www.myfonts.com/products.json?limit=100&page=6
[2026-08-17T07:11:43Z] #150 attempt=1/6 status=200 0.817s url=https://www.myfonts.com/products.json?limit=100&page=7
[2026-08-17T07:11:43Z] #151 attempt=1/2 status=200 0.318s url=https://www.myfonts.com/products/regular-bladecut-1198929
[2026-08-17T07:11:44Z] #152 attempt=1/2 status=200 0.297s url=https://www.myfonts.com/collections/bladecut-font-heartcore/
[2026-08-17T07:11:45Z] #153 attempt=1/6 status=200 0.837s url=https://www.myfonts.com/products.json?limit=100&page=8
[2026-08-17T07:11:46Z] #154 attempt=1/6 status=200 0.767s url=https://www.myfonts.com/products.json?limit=100&page=9
[2026-08-17T07:11:48Z] #155 attempt=1/6 status=200 0.750s url=https://www.myfonts.com/products.json?limit=100&page=10
[2026-08-17T07:11:49Z] #156 attempt=1/6 status=200 0.782s url=https://www.myfonts.com/products.json?limit=100&page=11
[2026-08-17T07:11:50Z] #157 attempt=1/2 status=200 0.280s url=https://www.myfonts.com/products/regular-aljawhara-1199335
[2026-08-17T07:11:50Z] #158 attempt=1/2 status=200 0.281s url=https://www.myfonts.com/collections/aljawhara-font-eisa-aleisa/
[2026-08-17T07:11:51Z] #159 attempt=1/6 status=200 0.811s url=https://www.myfonts.com/products.json?limit=100&page=12
[2026-08-17T07:11:53Z] #160 attempt=1/6 status=200 0.798s url=https://www.myfonts.com/products.json?limit=100&page=13
[2026-08-17T07:11:53Z] #161 attempt=1/2 status=200 0.308s url=https://www.myfonts.com/products/retro-smile-complete-family-package-1203503
[2026-08-17T07:11:54Z] #162 attempt=1/2 status=200 0.349s url=https://www.myfonts.com/collections/retro-smile-font-mvmet/
[2026-08-17T07:11:55Z] #163 attempt=1/2 status=200 0.452s url=https://www.myfonts.com/products/rellita-displaygrade-semi-expanded-slant-rellita-display-1203448
[2026-08-17T07:11:55Z] #164 attempt=1/2 status=200 0.541s url=https://www.myfonts.com/collections/rellita-display-font-gatype/
[2026-08-17T07:11:57Z] #165 attempt=1/6 status=200 0.893s url=https://www.myfonts.com/products.json?limit=100&page=14
[2026-08-17T07:11:59Z] #166 attempt=1/2 status=200 1.978s url=https://www.myfonts.com/products/light-semi-expanded-cadera-1201787
[2026-08-17T07:12:01Z] #167 attempt=1/2 status=200 1.282s url=https://www.myfonts.com/collections/cadera-font-ws-studio/
[2026-08-17T07:12:05Z] #168 attempt=1/2 status=500 3.093s url=https://www.myfonts.com/products/semi-condensed-slant-artrend-soft-1202417
[2026-08-17T07:12:05Z] #169 attempt=1/2 status=404 0.210s url=https://www.myfonts.com/collections/semi-condensed-slant-artrend-soft-1202417-font-propertype
[2026-08-17T07:12:07Z] #170 attempt=1/2 status=200 1.905s url=https://www.myfonts.com/products/boldsemiexpanded-norvixa-1202898
[2026-08-17T07:12:10Z] #171 attempt=1/2 status=200 2.214s url=https://www.myfonts.com/collections/norvixa-font-ajibatype/
[2026-08-17T07:12:11Z] #172 attempt=1/2 status=200 0.329s url=https://www.myfonts.com/products/italic-hauterly-1187235
[2026-08-17T07:12:11Z] #173 attempt=1/2 status=200 0.308s url=https://www.myfonts.com/collections/hauterly-font-letterena-studios/
[2026-08-17T07:12:14Z] #174 attempt=1/2 status=200 2.358s url=https://www.myfonts.com/products/sans-bold-condensed-abigant-1202216
[2026-08-17T07:12:17Z] #175 attempt=1/2 status=200 3.212s url=https://www.myfonts.com/collections/abigant-font-ckr-type-foundry/
[2026-08-17T07:12:21Z] #176 attempt=1/2 status=200 1.343s url=https://www.myfonts.com/products/black-condensed-senviro-1202703
[2026-08-17T07:12:23Z] #177 attempt=1/2 status=200 1.881s url=https://www.myfonts.com/collections/senviro-font-stripes-studio/
[2026-08-17T07:12:25Z] #178 attempt=1/2 status=200 1.408s url=https://www.myfonts.com/products/ultra-expanded-slanted-megiola-1201683
[2026-08-17T07:12:27Z] #179 attempt=1/2 status=200 1.603s url=https://www.myfonts.com/collections/megiola-font-nia-typework/
[2026-08-17T07:12:29Z] #180 attempt=1/2 status=200 0.749s url=https://www.myfonts.com/products/semi-expanded-catiler-1203342
[2026-08-17T07:12:30Z] #181 attempt=1/2 status=200 0.966s url=https://www.myfonts.com/collections/catiler-font-gatype/
[2026-08-17T07:12:31Z] #182 attempt=1/2 status=200 0.853s url=https://www.myfonts.com/products/soft-ultraexpanded-italic-dont-worry-1203315
[2026-08-17T07:12:32Z] #183 attempt=1/2 status=200 0.949s url=https://www.myfonts.com/collections/dont-worry-font-gian-studio/
[2026-08-17T07:12:33Z] #184 attempt=1/2 status=200 0.328s url=https://www.myfonts.com/products/regular-silhuett-mhike-1187551
[2026-08-17T07:12:34Z] #185 attempt=1/2 status=200 0.354s url=https://www.myfonts.com/collections/silhuett-mhike-font-letterena-studios/
[2026-08-17T07:12:34Z] #186 attempt=1/2 status=200 0.339s url=https://www.myfonts.com/products/outline-casa-oliva-maravilla-1201483
[2026-08-17T07:12:35Z] #187 attempt=1/2 status=200 0.401s url=https://www.myfonts.com/collections/casa-oliva-maravilla-font-struggle-studio/
[2026-08-17T07:12:36Z] #188 attempt=1/2 status=200 0.361s url=https://www.myfonts.com/products/italic-adriel-setaco-1190203
[2026-08-17T07:12:36Z] #189 attempt=1/2 status=200 0.377s url=https://www.myfonts.com/collections/adriel-setaco-font-letterena-studios/
[2026-08-17T07:12:37Z] #190 attempt=1/2 status=200 0.398s url=https://www.myfonts.com/products/semibold-jaso-sans-pro-1201466
[2026-08-17T07:12:38Z] #191 attempt=1/2 status=200 0.415s url=https://www.myfonts.com/collections/jaso-sans-pro-font-studio-jaso/
[2026-08-17T07:12:38Z] #192 attempt=1/2 status=200 0.354s url=https://www.myfonts.com/products/regular-melghita-1188527
[2026-08-17T07:12:39Z] #193 attempt=1/2 status=200 0.317s url=https://www.myfonts.com/collections/melghita-font-letterena-studios/
[2026-08-17T07:12:40Z] #194 attempt=1/2 status=200 0.816s url=https://www.myfonts.com/products/extra-expanded-hottera-1201189
[2026-08-17T07:12:41Z] #195 attempt=1/2 status=200 0.912s url=https://www.myfonts.com/collections/hottera-font-gian-studio/
[2026-08-17T07:12:42Z] #196 attempt=1/2 status=200 0.328s url=https://www.myfonts.com/products/regular-handwritten-karleina-1188225
[2026-08-17T07:12:43Z] #197 attempt=1/2 status=200 0.348s url=https://www.myfonts.com/collections/handwritten-karleina-font-letterena-studios/
[2026-08-17T07:12:44Z] #198 attempt=1/6 status=200 0.752s url=https://www.myfonts.com/products.json?limit=100&page=15
[2026-08-17T07:12:45Z] #199 attempt=1/2 status=200 0.942s url=https://www.myfonts.com/products/black-condensed-kannesha-1200962
[2026-08-17T07:12:47Z] #200 attempt=1/2 status=200 1.301s url=https://www.myfonts.com/collections/kannesha-font-areatype/
[2026-08-17T07:12:48Z] #201 attempt=1/2 status=200 0.548s url=https://www.myfonts.com/products/exbold-earth-doomsday-1200758
[2026-08-17T07:12:49Z] #202 attempt=1/2 status=200 0.545s url=https://www.myfonts.com/collections/earth-doomsday-font-layarbahtera/
[2026-08-17T07:12:50Z] #203 attempt=1/2 status=200 0.918s url=https://www.myfonts.com/products/black-semi-condensed-shemekia-1198430
[2026-08-17T07:12:51Z] #204 attempt=1/2 status=200 1.106s url=https://www.myfonts.com/collections/shemekia-font-areatype/
[2026-08-17T07:12:52Z] #205 attempt=1/2 status=200 0.373s url=https://www.myfonts.com/products/ultra-light-oblique-tilson-1198947
[2026-08-17T07:12:53Z] #206 attempt=1/2 status=200 0.463s url=https://www.myfonts.com/collections/tilson-font-marc-lohner/
[2026-08-17T07:12:54Z] #207 attempt=1/2 status=200 0.338s url=https://www.myfonts.com/products/slant-setan-kampung-1202600
[2026-08-17T07:12:54Z] #208 attempt=1/2 status=200 0.343s url=https://www.myfonts.com/collections/setan-kampung-font-heavyrain/
[2026-08-17T07:12:55Z] #209 attempt=1/2 status=200 0.390s url=https://www.myfonts.com/products/bold-lunar-type-1203324
[2026-08-17T07:12:55Z] #210 attempt=1/2 status=200 0.395s url=https://www.myfonts.com/collections/lunar-type-font-flawlessandco/
[2026-08-17T07:12:57Z] #211 attempt=1/6 status=200 0.878s url=https://www.myfonts.com/products.json?limit=100&page=16
[2026-08-17T07:12:58Z] #212 attempt=1/2 status=200 0.705s url=https://www.myfonts.com/products/randion-serif-extra-bold-expanded-slanted-randion-serif-family-1201916
[2026-08-17T07:12:59Z] #213 attempt=1/2 status=200 0.875s url=https://www.myfonts.com/collections/randion-serif-family-font-rhd-studio/
[2026-08-17T07:13:00Z] #214 attempt=1/2 status=200 0.599s url=https://www.myfonts.com/products/semi-expanded-ignoria-1201519
[2026-08-17T07:13:01Z] #215 attempt=1/2 status=200 0.665s url=https://www.myfonts.com/collections/ignoria-font-wildan-carfont/
[2026-08-17T07:13:02Z] #216 attempt=1/2 status=200 0.325s url=https://www.myfonts.com/products/italic-wekfis-batch-1202607
[2026-08-17T07:13:02Z] #217 attempt=1/2 status=200 0.358s url=https://www.myfonts.com/collections/wekfis-batch-font-timelesstype-studio/
[2026-08-17T07:13:04Z] #218 attempt=1/6 status=200 0.833s url=https://www.myfonts.com/products.json?limit=100&page=17
[2026-08-17T07:13:04Z] #219 attempt=1/2 status=200 0.363s url=https://www.myfonts.com/products/bold-ccs-madson-1201862
[2026-08-17T07:13:05Z] #220 attempt=1/2 status=200 0.352s url=https://www.myfonts.com/collections/ccs-madson-font-creative-corner-studio/
[2026-08-17T07:13:06Z] #221 attempt=1/6 status=200 0.760s url=https://www.myfonts.com/products.json?limit=100&page=18
[2026-08-17T07:13:07Z] #222 attempt=1/2 status=200 0.464s url=https://www.myfonts.com/products/light-jhc-katsubie-1201445
[2026-08-17T07:13:08Z] #223 attempt=1/2 status=200 0.518s url=https://www.myfonts.com/collections/jhc-katsubie-font-jehoo-creative/
[2026-08-17T07:13:09Z] #224 attempt=1/2 status=200 0.585s url=https://www.myfonts.com/products/slant-clote-vannes-1201422
[2026-08-17T07:13:09Z] #225 attempt=1/2 status=200 0.540s url=https://www.myfonts.com/collections/clote-vannes-font-gatype/
[2026-08-17T07:13:11Z] #226 attempt=1/6 status=200 0.839s url=https://www.myfonts.com/products.json?limit=100&page=19
[2026-08-17T07:13:12Z] #227 attempt=1/2 status=200 0.345s url=https://www.myfonts.com/products/regular-qandeliya-1202609
[2026-08-17T07:13:12Z] #228 attempt=1/2 status=200 0.472s url=https://www.myfonts.com/collections/qandeliya-font-tini-fitriani/
[2026-08-17T07:13:13Z] #229 attempt=1/2 status=200 0.330s url=https://www.myfonts.com/products/italic-heritage-pantry-1202601
[2026-08-17T07:13:14Z] #230 attempt=1/2 status=200 0.365s url=https://www.myfonts.com/collections/heritage-pantry-font-stylishtype-studio/
[2026-08-17T07:13:15Z] #231 attempt=1/6 status=200 0.711s url=https://www.myfonts.com/products.json?limit=100&page=20
[2026-08-17T07:13:15Z] #232 attempt=1/2 status=200 0.399s url=https://www.myfonts.com/products/college-slant-regular-doviera-1202550
[2026-08-17T07:13:16Z] #233 attempt=1/2 status=200 0.382s url=https://www.myfonts.com/collections/doviera-font-shape-studio/
[2026-08-17T07:13:17Z] #234 attempt=1/2 status=200 0.712s url=https://www.myfonts.com/products/regular-mordie-1201207
[2026-08-17T07:13:18Z] #235 attempt=1/2 status=200 0.744s url=https://www.myfonts.com/collections/mordie-font-gian-studio/
[2026-08-17T07:13:19Z] #236 attempt=1/2 status=200 0.293s url=https://www.myfonts.com/products/mosher-regular-mosher-distressed-1198356
[2026-08-17T07:13:19Z] #237 attempt=1/2 status=200 0.339s url=https://www.myfonts.com/collections/mosher-distressed-font-pixelbuddha-studio/
[2026-08-17T07:13:21Z] #238 attempt=1/6 status=200 0.768s url=https://www.myfonts.com/products.json?limit=100&page=21
[2026-08-17T07:13:21Z] #239 attempt=1/2 status=200 0.359s url=https://www.myfonts.com/products/frankfurter-frankfurter-1198941
[2026-08-17T07:13:22Z] #240 attempt=1/2 status=200 0.467s url=https://www.myfonts.com/collections/frankfurter-font-itc/
[2026-08-17T07:13:23Z] #241 attempt=1/2 status=200 0.299s url=https://www.myfonts.com/products/regular-kemylats-1187545
[2026-08-17T07:13:23Z] #242 attempt=1/2 status=200 0.301s url=https://www.myfonts.com/collections/kemylats-font-maulana-creative/
[2026-08-17T07:13:24Z] #243 attempt=1/2 status=200 0.319s url=https://www.myfonts.com/products/regular-takoma-1200881
[2026-08-17T07:13:24Z] #244 attempt=1/2 status=200 0.293s url=https://www.myfonts.com/collections/takoma-font-limitype/
[2026-08-17T07:13:26Z] #245 attempt=1/6 status=200 0.786s url=https://www.myfonts.com/products.json?limit=100&page=22
[2026-08-17T07:13:26Z] #246 attempt=1/2 status=200 0.335s url=https://www.myfonts.com/products/regular-signof-eighteen-1202593
[2026-08-17T07:13:27Z] #247 attempt=1/2 status=200 0.336s url=https://www.myfonts.com/collections/signof-eighteen-font-stylishtype-studio/
[2026-08-17T07:13:27Z] #248 attempt=1/2 status=200 0.316s url=https://www.myfonts.com/products/italic-auromiya-1201486
[2026-08-17T07:13:28Z] #249 attempt=1/2 status=200 0.304s url=https://www.myfonts.com/collections/auromiya-font-koplexs-studio/
[2026-08-17T07:13:28Z] #250 attempt=1/2 status=429 0.026s url=https://www.myfonts.com/products/script-regular-anothera-miracles-1201477
[2026-08-17T07:13:31Z] #251 attempt=2/2 status=200 0.379s url=https://www.myfonts.com/products/script-regular-anothera-miracles-1201477
[2026-08-17T07:13:31Z] #252 attempt=1/2 status=200 0.357s url=https://www.myfonts.com/collections/anothera-miracles-font-struggle-studio/
[2026-08-17T07:13:32Z] #253 attempt=1/2 status=200 0.321s url=https://www.myfonts.com/products/italic-wild-belmarty-1171233
[2026-08-17T07:13:32Z] #254 attempt=1/2 status=429 0.030s url=https://www.myfonts.com/collections/wild-belmarty-font-letterena-studios/
[2026-08-17T07:13:35Z] #255 attempt=2/2 status=200 0.375s url=https://www.myfonts.com/collections/wild-belmarty-font-letterena-studios/
[2026-08-17T07:13:35Z] #256 attempt=1/2 status=200 0.276s url=https://www.myfonts.com/products/regular-mind-the-gap-1201400
[2026-08-17T07:13:36Z] #257 attempt=1/2 status=200 0.297s url=https://www.myfonts.com/collections/mind-the-gap-font-its-me-simon/
[2026-08-17T07:13:36Z] #258 attempt=1/2 status=429 0.021s url=https://www.myfonts.com/products/regular-lorian-xavien-1201395
[2026-08-17T07:13:39Z] #259 attempt=2/2 status=200 0.384s url=https://www.myfonts.com/products/regular-lorian-xavien-1201395
[2026-08-17T07:13:39Z] #260 attempt=1/2 status=200 0.338s url=https://www.myfonts.com/collections/lorian-xavien-font-timurtype/
[2026-08-17T07:13:41Z] #261 attempt=1/6 status=200 0.875s url=https://www.myfonts.com/products.json?limit=100&page=23
[2026-08-17T07:13:41Z] #262 attempt=1/2 status=200 0.361s url=https://www.myfonts.com/products/italic-riverine-progress-1201390
[2026-08-17T07:13:42Z] #263 attempt=1/2 status=200 0.365s url=https://www.myfonts.com/collections/riverine-progress-font-177studio/
[2026-08-17T07:13:43Z] #264 attempt=1/6 status=429 0.027s url=https://www.myfonts.com/products.json?limit=100&page=24
[2026-08-17T07:13:46Z] #265 attempt=2/6 status=200 0.889s url=https://www.myfonts.com/products.json?limit=100&page=24
[2026-08-17T07:13:47Z] #266 attempt=1/2 status=200 0.378s url=https://www.myfonts.com/products/regular-ecological-practices-1201541
[2026-08-17T07:13:47Z] #267 attempt=1/2 status=200 0.389s url=https://www.myfonts.com/collections/ecological-practices-font-177studio/
[2026-08-17T07:13:48Z] #268 attempt=1/2 status=200 0.308s url=https://www.myfonts.com/products/regular-solagrain-analog-1201387
[2026-08-17T07:13:48Z] #269 attempt=1/2 status=429 0.035s url=https://www.myfonts.com/collections/solagrain-analog-font-tini-fitriani/
[2026-08-17T07:13:51Z] #270 attempt=2/2 status=200 0.364s url=https://www.myfonts.com/collections/solagrain-analog-font-tini-fitriani/
[2026-08-17T07:13:51Z] #271 attempt=1/2 status=200 0.301s url=https://www.myfonts.com/products/italic-kusovia-1201393
[2026-08-17T07:13:52Z] #272 attempt=1/2 status=200 0.318s url=https://www.myfonts.com/collections/kusovia-font-made-deduk/
[2026-08-17T07:13:52Z] #273 attempt=1/6 status=429 0.023s url=https://www.myfonts.com/products.json?limit=100&page=25
[2026-08-17T07:13:56Z] #274 attempt=2/6 status=200 0.898s url=https://www.myfonts.com/products.json?limit=100&page=25
[2026-08-17T07:13:56Z] #275 attempt=1/2 status=200 0.291s url=https://www.myfonts.com/products/regular-cindot-1202590
[2026-08-17T07:13:57Z] #276 attempt=1/2 status=200 0.317s url=https://www.myfonts.com/collections/cindot-font-letterena-studios/
[2026-08-17T07:13:58Z] #277 attempt=1/2 status=200 0.316s url=https://www.myfonts.com/products/regular-honeron-1201436
[2026-08-17T07:13:58Z] #278 attempt=1/2 status=200 0.335s url=https://www.myfonts.com/collections/honeron-font-bimaksara/
[2026-08-17T07:13:58Z] summary releases=24 first_429=(112, 'https://www.myfonts.com/products/fantasi-women-complete-family-package-1203367', 0.02131199836730957) log_file=state/myfonts_run_20260817_070918.log
[2026-08-17T07:13:58Z] === MyFonts crawl end ===
