[2026-05-25T10:25:10Z] checkpoint fresh next_page=1 path=state/myfonts_crawl_checkpoint.json
[2026-05-25T10:25:10Z] === MyFonts crawl start source=myfonts ===
[2026-05-25T10:25:10Z] config max_pages=25 page_size=100 start_date=2026-05-24 end_date=2026-05-25 api_delay=0.5s detail_delay=0.2s max_debut_checks=400 max_tech_specs_checks=200 reuse_success_profile=False always_enrich_packages=True language_script_signal_mode=strong force_fresh_run=False start_page=1 browser_mode=False browser_headless=True browser_storage_state_path=state/myfonts_storage_state.json
[2026-05-25T10:25:11Z] #1 attempt=1/6 status=200 1.149s url=https://www.myfonts.com/products.json?limit=100&page=1
[2026-05-25T10:25:12Z] #2 attempt=1/2 status=200 0.437s url=https://www.myfonts.com/products/regular-wondering-miracle-1159574
[2026-05-25T10:25:13Z] #3 attempt=1/2 status=200 0.507s url=https://www.myfonts.com/collections/wondering-miracle-font-vermilione/
[2026-05-25T10:25:13Z] #4 attempt=1/2 status=200 0.158s url=https://www.myfonts.com/collections/wondering-miracle-font-vermilione/?tab=techSpecs
[2026-05-25T10:25:14Z] #5 attempt=1/2 status=200 0.368s url=https://www.myfonts.com/products/regular-ragnir-1159492
[2026-05-25T10:25:15Z] #6 attempt=1/2 status=200 0.442s url=https://www.myfonts.com/collections/ragnir-font-ragamkata/
[2026-05-25T10:25:16Z] #7 attempt=1/2 status=200 0.435s url=https://www.myfonts.com/collections/ragnir-font-ragamkata/?tab=techSpecs
[2026-05-25T10:25:17Z] #8 attempt=1/2 status=200 0.417s url=https://www.myfonts.com/products/pucker-up-complete-family-package-1159552
[2026-05-25T10:25:18Z] #9 attempt=1/2 status=200 0.447s url=https://www.myfonts.com/collections/pucker-up-font-dirty-bandits/
[2026-05-25T10:25:19Z] #10 attempt=1/2 status=200 0.460s url=https://www.myfonts.com/collections/pucker-up-font-dirty-bandits/?tab=techSpecs
[2026-05-25T10:25:20Z] #11 attempt=1/2 status=200 0.328s url=https://www.myfonts.com/products/skorse-complete-family-package-1159482
[2026-05-25T10:25:20Z] #12 attempt=1/2 status=200 0.452s url=https://www.myfonts.com/collections/skorse-font-sarid-ezra/
[2026-05-25T10:25:21Z] #13 attempt=1/2 status=200 0.560s url=https://www.myfonts.com/collections/skorse-font-sarid-ezra/?tab=techSpecs
[2026-05-25T10:25:22Z] #14 attempt=1/2 status=200 0.365s url=https://www.myfonts.com/products/clover-fields-complete-family-package-1159472
[2026-05-25T10:25:23Z] #15 attempt=1/2 status=200 0.432s url=https://www.myfonts.com/collections/clover-fields-font-letterhend/
[2026-05-25T10:25:24Z] #16 attempt=1/2 status=200 0.384s url=https://www.myfonts.com/collections/clover-fields-font-letterhend/?tab=techSpecs
[2026-05-25T10:25:25Z] #17 attempt=1/2 status=200 0.497s url=https://www.myfonts.com/products/k73-hogan-grotesk-complete-family-package-1159520
[2026-05-25T10:25:26Z] #18 attempt=1/2 status=200 0.920s url=https://www.myfonts.com/collections/k73-hogan-grotesk-font-k73-type-foundry/
[2026-05-25T10:25:27Z] #19 attempt=1/2 status=200 0.778s url=https://www.myfonts.com/collections/k73-hogan-grotesk-font-k73-type-foundry/?tab=techSpecs
[2026-05-25T10:25:28Z] #20 attempt=1/2 status=200 0.353s url=https://www.myfonts.com/products/nafolle-complete-family-package-1159469
[2026-05-25T10:25:29Z] #21 attempt=1/2 status=200 0.387s url=https://www.myfonts.com/collections/nafolle-font-tini-fitriani/
[2026-05-25T10:25:30Z] #22 attempt=1/2 status=200 0.150s url=https://www.myfonts.com/collections/nafolle-font-tini-fitriani/?tab=techSpecs
[2026-05-25T10:25:31Z] #23 attempt=1/2 status=200 0.362s url=https://www.myfonts.com/products/phatin-angler-complete-family-package-1159487
[2026-05-25T10:25:31Z] #24 attempt=1/2 status=200 0.407s url=https://www.myfonts.com/collections/phatin-angler-font-burntilldead/
[2026-05-25T10:25:32Z] #25 attempt=1/2 status=200 0.159s url=https://www.myfonts.com/collections/phatin-angler-font-burntilldead/?tab=techSpecs
[2026-05-25T10:25:33Z] #26 attempt=1/2 status=200 0.485s url=https://www.myfonts.com/products/ravenshire-complete-family-package-1159509
[2026-05-25T10:25:34Z] #27 attempt=1/2 status=200 0.538s url=https://www.myfonts.com/collections/ravenshire-font-rndi-type-foundry/
[2026-05-25T10:25:35Z] #28 attempt=1/2 status=200 0.480s url=https://www.myfonts.com/collections/ravenshire-font-rndi-type-foundry/?tab=techSpecs
[2026-05-25T10:25:36Z] #29 attempt=1/2 status=200 0.494s url=https://www.myfonts.com/products/stryvo-complete-family-package-1159557
[2026-05-25T10:25:37Z] #30 attempt=1/2 status=200 0.528s url=https://www.myfonts.com/collections/stryvo-font-sekyra-lab/
[2026-05-25T10:25:38Z] #31 attempt=1/2 status=200 0.548s url=https://www.myfonts.com/collections/stryvo-font-sekyra-lab/?tab=techSpecs
[2026-05-25T10:25:39Z] #32 attempt=1/2 status=200 0.381s url=https://www.myfonts.com/products/still-cool-complete-family-package-1159549
[2026-05-25T10:25:40Z] #33 attempt=1/2 status=200 0.380s url=https://www.myfonts.com/collections/still-cool-font-dirty-bandits/
[2026-05-25T10:25:40Z] #34 attempt=1/2 status=200 0.174s url=https://www.myfonts.com/collections/still-cool-font-dirty-bandits/?tab=techSpecs
[2026-05-25T10:25:41Z] #35 attempt=1/2 status=200 0.371s url=https://www.myfonts.com/products/mellino-complete-family-package-1159495
[2026-05-25T10:25:42Z] #36 attempt=1/2 status=200 0.395s url=https://www.myfonts.com/collections/mellino-font-nk-studio/
[2026-05-25T10:25:42Z] #37 attempt=1/2 status=200 0.157s url=https://www.myfonts.com/collections/mellino-font-nk-studio/?tab=techSpecs
[2026-05-25T10:25:43Z] #38 attempt=1/2 status=200 0.377s url=https://www.myfonts.com/products/alphabet-express-complete-family-package-1159539
[2026-05-25T10:25:44Z] #39 attempt=1/2 status=200 0.416s url=https://www.myfonts.com/collections/alphabet-express-font-ayca-atalay/
[2026-05-25T10:25:45Z] #40 attempt=1/2 status=200 0.557s url=https://www.myfonts.com/collections/alphabet-express-font-ayca-atalay/?tab=techSpecs
[2026-05-25T10:25:46Z] #41 attempt=1/2 status=200 0.346s url=https://www.myfonts.com/products/mokara-handdrawn-complete-family-package-1159478
[2026-05-25T10:25:47Z] #42 attempt=1/2 status=200 0.337s url=https://www.myfonts.com/collections/mokara-handdrawn-font-maghrib-type/
[2026-05-25T10:25:48Z] #43 attempt=1/2 status=200 0.397s url=https://www.myfonts.com/collections/mokara-handdrawn-font-maghrib-type/?tab=techSpecs
[2026-05-25T10:25:49Z] #44 attempt=1/2 status=200 0.367s url=https://www.myfonts.com/products/southern-baseball-complete-family-package-1159475
[2026-05-25T10:25:49Z] #45 attempt=1/2 status=200 0.361s url=https://www.myfonts.com/collections/southern-baseball-font-timelesstype-studio/
[2026-05-25T10:25:50Z] #46 attempt=1/2 status=200 0.175s url=https://www.myfonts.com/collections/southern-baseball-font-timelesstype-studio/?tab=techSpecs
[2026-05-25T10:25:51Z] #47 attempt=1/2 status=200 0.373s url=https://www.myfonts.com/products/lazyrich-complete-family-package-1159570
[2026-05-25T10:25:52Z] #48 attempt=1/2 status=200 0.485s url=https://www.myfonts.com/collections/lazyrich-font-letterytz/
[2026-05-25T10:25:52Z] #49 attempt=1/2 status=200 0.371s url=https://www.myfonts.com/collections/lazyrich-font-letterytz/?tab=techSpecs
[2026-05-25T10:25:53Z] #50 attempt=1/2 status=200 0.370s url=https://www.myfonts.com/products/no-bones-complete-family-package-1159502
[2026-05-25T10:25:54Z] #51 attempt=1/2 status=200 0.421s url=https://www.myfonts.com/collections/no-bones-font-wings-art-studio/
[2026-05-25T10:25:55Z] #52 attempt=1/2 status=200 0.195s url=https://www.myfonts.com/collections/no-bones-font-wings-art-studio/?tab=techSpecs
[2026-05-25T10:25:56Z] #53 attempt=1/2 status=200 1.065s url=https://www.myfonts.com/products/softslant-medsemcond-leighta-1159702
[2026-05-25T10:25:58Z] #54 attempt=1/2 status=200 1.151s url=https://www.myfonts.com/collections/leighta-font-akbartype/
[2026-05-25T10:25:59Z] #55 attempt=1/2 status=200 0.936s url=https://www.myfonts.com/collections/leighta-font-akbartype/?tab=techSpecs
[2026-05-25T10:26:01Z] #56 attempt=1/2 status=200 0.382s url=https://www.myfonts.com/products/regular-morelia-1159494
[2026-05-25T10:26:01Z] #57 attempt=1/2 status=200 0.309s url=https://www.myfonts.com/collections/morelia-font-viswell/
[2026-05-25T10:26:02Z] #58 attempt=1/2 status=200 0.158s url=https://www.myfonts.com/collections/morelia-font-viswell/?tab=techSpecs
[2026-05-25T10:26:02Z] #59 attempt=1/2 status=200 0.316s url=https://www.myfonts.com/products/regular-varsity-athletic-1159500
[2026-05-25T10:26:03Z] #60 attempt=1/2 status=200 0.252s url=https://www.myfonts.com/collections/varsity-athletic-font-meow-creation-font/
[2026-05-25T10:26:03Z] #61 attempt=1/2 status=200 0.156s url=https://www.myfonts.com/collections/varsity-athletic-font-meow-creation-font/?tab=techSpecs
[2026-05-25T10:26:05Z] #62 attempt=1/6 status=200 0.775s url=https://www.myfonts.com/products.json?limit=100&page=2
[2026-05-25T10:26:06Z] #63 attempt=1/2 status=200 0.358s url=https://www.myfonts.com/products/regular-special-handwritten-1159486
[2026-05-25T10:26:06Z] #64 attempt=1/2 status=200 0.446s url=https://www.myfonts.com/collections/special-handwritten-font-shape-studio/
[2026-05-25T10:26:07Z] #65 attempt=1/2 status=200 0.434s url=https://www.myfonts.com/collections/special-handwritten-font-shape-studio/?tab=techSpecs
[2026-05-25T10:26:08Z] #66 attempt=1/2 status=200 0.282s url=https://www.myfonts.com/products/regular-squarc-two-1159501
[2026-05-25T10:26:08Z] #67 attempt=1/2 status=200 0.359s url=https://www.myfonts.com/collections/squarc-two-font-talbot-type/
[2026-05-25T10:26:09Z] #68 attempt=1/2 status=200 0.284s url=https://www.myfonts.com/collections/squarc-two-font-talbot-type/?tab=techSpecs
[2026-05-25T10:26:10Z] #69 attempt=1/2 status=200 0.255s url=https://www.myfonts.com/products/regular-bingo-night-1159556
[2026-05-25T10:26:10Z] #70 attempt=1/2 status=200 0.308s url=https://www.myfonts.com/collections/bingo-night-font-dirty-bandits/
[2026-05-25T10:26:11Z] #71 attempt=1/2 status=200 0.147s url=https://www.myfonts.com/collections/bingo-night-font-dirty-bandits/?tab=techSpecs
[2026-05-25T10:26:12Z] #72 attempt=1/6 status=200 0.904s url=https://www.myfonts.com/products.json?limit=100&page=3
[2026-05-25T10:26:13Z] #73 attempt=1/2 status=200 0.285s url=https://www.myfonts.com/products/regular-orvique-1159481
[2026-05-25T10:26:13Z] #74 attempt=1/2 status=429 0.055s url=https://www.myfonts.com/collections/orvique-font-hakara-type/
[2026-05-25T10:26:13Z] first_429 req=74 url=https://www.myfonts.com/collections/orvique-font-hakara-type/
[2026-05-25T10:26:16Z] #75 attempt=2/2 status=200 0.491s url=https://www.myfonts.com/collections/orvique-font-hakara-type/
[2026-05-25T10:26:17Z] #76 attempt=1/2 status=200 0.303s url=https://www.myfonts.com/products/regular-barentina-1159485
[2026-05-25T10:26:17Z] #77 attempt=1/2 status=200 0.310s url=https://www.myfonts.com/collections/barentina-font-shape-studio/
[2026-05-25T10:26:18Z] #78 attempt=1/2 status=200 0.359s url=https://www.myfonts.com/products/wildflower-garden-complete-family-package-1158873
[2026-05-25T10:26:18Z] #79 attempt=1/2 status=429 0.048s url=https://www.myfonts.com/collections/wildflower-garden-font-type-peace/
[2026-05-25T10:26:21Z] #80 attempt=2/2 status=200 0.556s url=https://www.myfonts.com/collections/wildflower-garden-font-type-peace/
[2026-05-25T10:26:23Z] #81 attempt=1/2 status=200 1.615s url=https://www.myfonts.com/products/adhesian-complete-family-package-1159174
[2026-05-25T10:26:24Z] #82 attempt=1/2 status=200 1.566s url=https://www.myfonts.com/collections/adhesian-serif-font-propertype/
[2026-05-25T10:26:26Z] #83 attempt=1/2 status=200 0.436s url=https://www.myfonts.com/products/bubble-bean-complete-family-package-1158967
[2026-05-25T10:26:26Z] #84 attempt=1/2 status=200 0.442s url=https://www.myfonts.com/collections/bubble-bean-font-cocodesign/
[2026-05-25T10:26:27Z] #85 attempt=1/2 status=200 0.800s url=https://www.myfonts.com/products/limit-micro-complete-family-package-1158656
[2026-05-25T10:26:29Z] #86 attempt=1/2 status=200 1.307s url=https://www.myfonts.com/collections/limit-micro-font-bold-guys/
[2026-05-25T10:26:30Z] #87 attempt=1/2 status=200 0.370s url=https://www.myfonts.com/products/pinoccy-complete-family-package-1158935
[2026-05-25T10:26:30Z] #88 attempt=1/2 status=200 0.385s url=https://www.myfonts.com/collections/pinoccy-font-letterytz/
[2026-05-25T10:26:33Z] #89 attempt=1/2 status=200 1.988s url=https://www.myfonts.com/products/volkys-serif-complete-family-package-1159245
[2026-05-25T10:26:35Z] #90 attempt=1/2 status=200 1.719s url=https://www.myfonts.com/collections/volkys-serif-font-propertype/
[2026-05-25T10:26:38Z] #91 attempt=1/2 status=200 2.303s url=https://www.myfonts.com/products/aukim-ii-sharp-complete-family-package-1158572
[2026-05-25T10:26:40Z] #92 attempt=1/2 status=200 1.935s url=https://www.myfonts.com/collections/aukim-ii-sharp-font-aukimvisuel/
[2026-05-25T10:26:42Z] #93 attempt=1/2 status=200 0.721s url=https://www.myfonts.com/products/condensed-package-1159248
[2026-05-25T10:26:44Z] #94 attempt=1/2 status=200 1.785s url=https://www.myfonts.com/collections/calitra-font-soft-creative/
[2026-05-25T10:26:45Z] #95 attempt=1/2 status=200 0.426s url=https://www.myfonts.com/products/rain-jungle-complete-family-package-1158993
[2026-05-25T10:26:45Z] #96 attempt=1/2 status=200 0.405s url=https://www.myfonts.com/collections/rain-jungle-font-ragamkata/
[2026-05-25T10:26:46Z] #97 attempt=1/2 status=200 0.366s url=https://www.myfonts.com/products/caniora-florents-complete-family-package-1158852
[2026-05-25T10:26:47Z] #98 attempt=1/2 status=200 0.425s url=https://www.myfonts.com/collections/caniora-florents-font-tini-fitriani/
[2026-05-25T10:26:48Z] #99 attempt=1/2 status=200 0.592s url=https://www.myfonts.com/products/getishan-complete-family-package-1159048
[2026-05-25T10:26:49Z] #100 attempt=1/2 status=200 0.809s url=https://www.myfonts.com/collections/getishan-font-propertype/
[2026-05-25T10:26:50Z] #101 attempt=1/2 status=200 0.443s url=https://www.myfonts.com/products/ribelle-variable-complete-family-package-1158881
[2026-05-25T10:26:50Z] #102 attempt=1/2 status=200 0.594s url=https://www.myfonts.com/collections/ribelle-variable-font-unio-creative-solutions/
[2026-05-25T10:26:51Z] #103 attempt=1/2 status=200 0.424s url=https://www.myfonts.com/products/disk-complete-family-package-1158984
[2026-05-25T10:26:52Z] #104 attempt=1/2 status=200 0.375s url=https://www.myfonts.com/collections/disk-font-phospho/
[2026-05-25T10:26:54Z] #105 attempt=1/2 status=200 1.679s url=https://www.myfonts.com/products/quirlone-complete-family-package-1159102
[2026-05-25T10:26:56Z] #106 attempt=1/2 status=200 1.663s url=https://www.myfonts.com/collections/quirlone-font-propertype/
[2026-05-25T10:26:57Z] #107 attempt=1/2 status=200 0.354s url=https://www.myfonts.com/products/runreti-complete-family-package-1158896
[2026-05-25T10:26:57Z] #108 attempt=1/2 status=200 0.505s url=https://www.myfonts.com/collections/runreti-font-mei-suseno/
[2026-05-25T10:26:58Z] #109 attempt=1/2 status=200 0.421s url=https://www.myfonts.com/products/senvera-complete-family-package-1158974
[2026-05-25T10:26:59Z] #110 attempt=1/2 status=200 0.542s url=https://www.myfonts.com/collections/senvera-font-muksal-creatives/
[2026-05-25T10:27:00Z] #111 attempt=1/2 status=200 0.586s url=https://www.myfonts.com/products/olyford-package-1159046
[2026-05-25T10:27:01Z] #112 attempt=1/2 status=200 1.257s url=https://www.myfonts.com/collections/olyford-font-nicolass-fonts/
[2026-05-25T10:27:02Z] #113 attempt=1/2 status=200 0.538s url=https://www.myfonts.com/products/beefy-graffiti-drips-collection-package-1158932
[2026-05-25T10:27:03Z] #114 attempt=1/2 status=200 0.752s url=https://www.myfonts.com/collections/beefy-graffiti-font-chattanooga-tshirt/
[2026-05-25T10:27:04Z] #115 attempt=1/2 status=200 0.346s url=https://www.myfonts.com/products/kopile-complete-family-package-1159001
[2026-05-25T10:27:05Z] #116 attempt=1/2 status=200 0.514s url=https://www.myfonts.com/collections/kopile-font-afkari-studio/
[2026-05-25T10:27:05Z] #117 attempt=1/2 status=200 0.315s url=https://www.myfonts.com/products/slate-batter-complete-family-package-1158971
[2026-05-25T10:27:06Z] #118 attempt=1/2 status=200 0.672s url=https://www.myfonts.com/collections/slate-batter-font-stylishtype-studio/
[2026-05-25T10:27:07Z] #119 attempt=1/2 status=200 0.495s url=https://www.myfonts.com/products/quartet-serif-package-1158918
[2026-05-25T10:27:08Z] #120 attempt=1/2 status=200 1.027s url=https://www.myfonts.com/collections/quartet-font-borutta/
[2026-05-25T10:27:09Z] #121 attempt=1/2 status=200 0.320s url=https://www.myfonts.com/products/childwop-finnaly-complete-family-package-1158945
[2026-05-25T10:27:10Z] #122 attempt=1/2 status=200 0.434s url=https://www.myfonts.com/collections/childwop-finnaly-font-stylishtype-studio/
[2026-05-25T10:27:10Z] #123 attempt=1/2 status=200 0.410s url=https://www.myfonts.com/products/disk-format-complete-family-package-1158855
[2026-05-25T10:27:11Z] #124 attempt=1/2 status=200 0.546s url=https://www.myfonts.com/collections/disk-format-font-phospho/
[2026-05-25T10:27:13Z] #125 attempt=1/2 status=200 1.542s url=https://www.myfonts.com/products/neue-reman-gt-complete-family-package-1159252
[2026-05-25T10:27:16Z] #126 attempt=1/2 status=200 2.567s url=https://www.myfonts.com/collections/neue-reman-gt-font-propertype/
[2026-05-25T10:27:17Z] #127 attempt=1/2 status=200 0.376s url=https://www.myfonts.com/products/contynew-kastifu-complete-family-package-1158938
[2026-05-25T10:27:18Z] #128 attempt=1/2 status=200 0.438s url=https://www.myfonts.com/collections/contynew-kastifu-font-stylishtype-studio/
[2026-05-25T10:27:18Z] #129 attempt=1/2 status=200 0.363s url=https://www.myfonts.com/products/brado-quena-complete-family-package-1159394
[2026-05-25T10:27:19Z] #130 attempt=1/2 status=200 0.653s url=https://www.myfonts.com/collections/brado-quena-font-sign-studio/
[2026-05-25T10:27:21Z] #131 attempt=1/2 status=200 1.131s url=https://www.myfonts.com/products/neue-reman-complete-family-package-1159323
[2026-05-25T10:27:23Z] #132 attempt=1/2 status=200 2.439s url=https://www.myfonts.com/collections/neue-reman-sans-font-propertype/
[2026-05-25T10:27:25Z] #133 attempt=1/2 status=200 1.327s url=https://www.myfonts.com/products/figo-shiftz-editorial-complete-family-package-1159070
[2026-05-25T10:27:27Z] #134 attempt=1/2 status=200 1.320s url=https://www.myfonts.com/collections/figo-shiftz-editorial-font-propertype/
[2026-05-25T10:27:28Z] #135 attempt=1/2 status=200 0.367s url=https://www.myfonts.com/products/garo-complete-family-package-1158998
[2026-05-25T10:27:29Z] #136 attempt=1/2 status=200 0.415s url=https://www.myfonts.com/collections/garo-font-koplexs-studio/
[2026-05-25T10:27:29Z] #137 attempt=1/2 status=200 0.405s url=https://www.myfonts.com/products/os-rotare-sans-complete-family-package-1158951
[2026-05-25T10:27:30Z] #138 attempt=1/2 status=200 0.533s url=https://www.myfonts.com/collections/os-rotare-sans-font-off-season/
[2026-05-25T10:27:31Z] #139 attempt=1/2 status=200 0.360s url=https://www.myfonts.com/products/brachysoma-complete-family-package-1158948
[2026-05-25T10:27:32Z] #140 attempt=1/2 status=200 0.610s url=https://www.myfonts.com/collections/brachysoma-font-gatype/
[2026-05-25T10:27:32Z] #141 attempt=1/2 status=200 0.356s url=https://www.myfonts.com/products/regular-boellath-1158996
[2026-05-25T10:27:33Z] #142 attempt=1/2 status=200 0.342s url=https://www.myfonts.com/collections/boellath-font-maenjari-std/
[2026-05-25T10:27:33Z] #143 attempt=1/2 status=200 0.282s url=https://www.myfonts.com/products/regular-lovaria-1158992
[2026-05-25T10:27:34Z] #144 attempt=1/2 status=200 0.251s url=https://www.myfonts.com/collections/lovaria-font-koplexs-studio/
[2026-05-25T10:27:34Z] #145 attempt=1/2 status=200 0.348s url=https://www.myfonts.com/products/regular-gorvine-1158943
[2026-05-25T10:27:35Z] #146 attempt=1/2 status=200 0.304s url=https://www.myfonts.com/collections/gorvine-font-vadova-std/
[2026-05-25T10:27:36Z] #147 attempt=1/2 status=200 0.303s url=https://www.myfonts.com/products/regular-chubaq-1158941
[2026-05-25T10:27:36Z] #148 attempt=1/2 status=200 0.243s url=https://www.myfonts.com/collections/chubaq-font-sensatype-studio/
[2026-05-25T10:27:37Z] #149 attempt=1/2 status=200 0.333s url=https://www.myfonts.com/products/regular-night-flicker-1158880
[2026-05-25T10:27:37Z] #150 attempt=1/2 status=200 0.269s url=https://www.myfonts.com/collections/night-flicker-font-alpaprana/
[2026-05-25T10:27:38Z] #151 attempt=1/6 status=200 0.709s url=https://www.myfonts.com/products.json?limit=100&page=4
[2026-05-25T10:27:39Z] #152 attempt=1/2 status=200 0.400s url=https://www.myfonts.com/products/regular-goal-goodies-1158997
[2026-05-25T10:27:40Z] #153 attempt=1/2 status=200 0.346s url=https://www.myfonts.com/collections/goal-goodies-font-gassstype/
[2026-05-25T10:27:40Z] #154 attempt=1/2 status=429 0.050s url=https://www.myfonts.com/products/regular-desinore-1158934
[2026-05-25T10:27:43Z] #155 attempt=2/2 status=200 0.441s url=https://www.myfonts.com/products/regular-desinore-1158934
[2026-05-25T10:27:43Z] #156 attempt=1/2 status=200 0.336s url=https://www.myfonts.com/collections/desinore-font-kangfont-studio/
[2026-05-25T10:27:44Z] #157 attempt=1/2 status=200 0.335s url=https://www.myfonts.com/products/regular-bold-orange-1158872
[2026-05-25T10:27:44Z] #158 attempt=1/2 status=200 0.440s url=https://www.myfonts.com/collections/bold-orange-font-imoodev/
[2026-05-25T10:27:45Z] #159 attempt=1/2 status=200 0.298s url=https://www.myfonts.com/products/regular-gracie-aquos-1158870
[2026-05-25T10:27:45Z] #160 attempt=1/2 status=429 0.048s url=https://www.myfonts.com/collections/gracie-aquos-font-imoodev/
[2026-05-25T10:27:48Z] #161 attempt=2/2 status=200 0.417s url=https://www.myfonts.com/collections/gracie-aquos-font-imoodev/
[2026-05-25T10:27:49Z] #162 attempt=1/2 status=200 0.298s url=https://www.myfonts.com/products/regular-vicarious-1158933
[2026-05-25T10:27:50Z] #163 attempt=1/6 status=200 0.810s url=https://www.myfonts.com/products.json?limit=100&page=5
[2026-05-25T10:27:50Z] #164 attempt=1/2 status=200 0.321s url=https://www.myfonts.com/products/regular-kravon-1158900
[2026-05-25T10:27:51Z] #165 attempt=1/2 status=200 0.297s url=https://www.myfonts.com/collections/kravon-font-qiubare-studio/
[2026-05-25T10:27:51Z] #166 attempt=1/2 status=429 0.045s url=https://www.myfonts.com/products/regular-safielle-1158869
[2026-05-25T10:27:54Z] #167 attempt=2/2 status=200 0.377s url=https://www.myfonts.com/products/regular-safielle-1158869
[2026-05-25T10:27:54Z] #168 attempt=1/2 status=200 0.391s url=https://www.myfonts.com/collections/safielle-font-chekart/
[2026-05-25T10:27:55Z] #169 attempt=1/2 status=200 0.288s url=https://www.myfonts.com/products/regular-abu-dhabi-solstice-1158879
[2026-05-25T10:27:56Z] #170 attempt=1/2 status=200 0.299s url=https://www.myfonts.com/collections/abu-dhabi-solstice-font-letterhanna-studio/
[2026-05-25T10:27:56Z] #171 attempt=1/2 status=429 0.053s url=https://www.myfonts.com/products/regular-race-master-1159251
[2026-05-25T10:27:59Z] #172 attempt=2/2 status=200 0.428s url=https://www.myfonts.com/products/regular-race-master-1159251
[2026-05-25T10:27:59Z] #173 attempt=1/2 status=200 0.420s url=https://www.myfonts.com/collections/race-master-font-linecreative/
[2026-05-25T10:28:01Z] #174 attempt=1/6 status=200 0.859s url=https://www.myfonts.com/products.json?limit=100&page=6
[2026-05-25T10:28:01Z] #175 attempt=1/2 status=200 0.315s url=https://www.myfonts.com/products/regular-tacozy-1158944
[2026-05-25T10:28:02Z] #176 attempt=1/2 status=200 0.272s url=https://www.myfonts.com/collections/tacozy-font-brandearth/
[2026-05-25T10:28:02Z] #177 attempt=1/2 status=200 0.327s url=https://www.myfonts.com/products/regular-blitz-curlers-1158922
[2026-05-25T10:28:03Z] #178 attempt=1/2 status=429 0.052s url=https://www.myfonts.com/collections/blitz-curlers-font-gian-studio/
[2026-05-25T10:28:05Z] #179 attempt=2/2 status=200 0.379s url=https://www.myfonts.com/collections/blitz-curlers-font-gian-studio/
[2026-05-25T10:28:06Z] #180 attempt=1/6 status=200 0.776s url=https://www.myfonts.com/products.json?limit=100&page=7
[2026-05-25T10:28:07Z] #181 attempt=1/2 status=200 0.334s url=https://www.myfonts.com/products/regular-brekid-1158942
[2026-05-25T10:28:08Z] #182 attempt=1/2 status=200 0.302s url=https://www.myfonts.com/collections/brekid-font-erifqizefont/
[2026-05-25T10:28:09Z] #183 attempt=1/6 status=200 0.839s url=https://www.myfonts.com/products.json?limit=100&page=8
[2026-05-25T10:28:10Z] #184 attempt=1/2 status=200 0.347s url=https://www.myfonts.com/products/regular-mistifine-1159250
[2026-05-25T10:28:10Z] #185 attempt=1/2 status=200 0.362s url=https://www.myfonts.com/collections/mistifine-font-yohanes-oktav/
[2026-05-25T10:28:12Z] #186 attempt=1/6 status=200 0.805s url=https://www.myfonts.com/products.json?limit=100&page=9
[2026-05-25T10:28:12Z] #187 attempt=1/2 status=200 0.302s url=https://www.myfonts.com/products/regular-untouched-1158895
[2026-05-25T10:28:13Z] #188 attempt=1/2 status=200 0.296s url=https://www.myfonts.com/collections/untouched-font-alpaprana/
[2026-05-25T10:28:13Z] #189 attempt=1/2 status=200 0.396s url=https://www.myfonts.com/products/regular-rapid-storm-1158871
[2026-05-25T10:28:14Z] #190 attempt=1/2 status=429 0.041s url=https://www.myfonts.com/collections/rapid-storm-font-seemly-fonts/
[2026-05-25T10:28:16Z] #191 attempt=2/2 status=200 0.506s url=https://www.myfonts.com/collections/rapid-storm-font-seemly-fonts/
[2026-05-25T10:28:17Z] #192 attempt=1/2 status=200 0.763s url=https://www.myfonts.com/products/medieval-bundle-package-1060795
[2026-05-25T10:28:18Z] #193 attempt=1/2 status=200 0.429s url=https://www.myfonts.com/products/dual-magic-systems-package-1083402
[2026-05-25T10:28:19Z] #194 attempt=1/6 status=200 0.905s url=https://www.myfonts.com/products.json?limit=100&page=10
[2026-05-25T10:28:21Z] #195 attempt=1/6 status=200 0.872s url=https://www.myfonts.com/products.json?limit=100&page=11
[2026-05-25T10:28:21Z] #196 attempt=1/2 status=200 0.410s url=https://www.myfonts.com/products/pg-solmerist-complete-family-package-1158552
[2026-05-25T10:28:22Z] #197 attempt=1/2 status=200 0.480s url=https://www.myfonts.com/collections/pg-solmerist-font-pretty-glyphs/
[2026-05-25T10:28:23Z] #198 attempt=1/2 status=200 0.414s url=https://www.myfonts.com/products/surfo-complete-family-package-1158565
[2026-05-25T10:28:23Z] #199 attempt=1/2 status=200 0.406s url=https://www.myfonts.com/collections/surfo-font-the-native-saint-club/
[2026-05-25T10:28:24Z] #200 attempt=1/2 status=200 0.356s url=https://www.myfonts.com/products/arial-hebrew-complete-family-package-1158518
[2026-05-25T10:28:25Z] #201 attempt=1/2 status=200 0.447s url=https://www.myfonts.com/collections/arial-hebrew-font-monotype-imaging/
[2026-05-25T10:28:25Z] #202 attempt=1/2 status=200 0.430s url=https://www.myfonts.com/products/gc-back-ford-complete-family-package-1158522
[2026-05-25T10:28:26Z] #203 attempt=1/2 status=429 0.042s url=https://www.myfonts.com/collections/gc-back-ford-font-onyx-studio/
[2026-05-25T10:28:29Z] #204 attempt=2/2 status=200 0.754s url=https://www.myfonts.com/collections/gc-back-ford-font-onyx-studio/
[2026-05-25T10:28:29Z] #205 attempt=1/2 status=200 0.343s url=https://www.myfonts.com/products/saloka-complete-family-package-1158488
[2026-05-25T10:28:30Z] #206 attempt=1/2 status=200 0.463s url=https://www.myfonts.com/collections/saloka-font-fernande/
[2026-05-25T10:28:31Z] #207 attempt=1/2 status=200 0.404s url=https://www.myfonts.com/products/krisma-serif-complete-family-package-1158495
[2026-05-25T10:28:31Z] #208 attempt=1/2 status=200 0.424s url=https://www.myfonts.com/collections/krisma-serif-font-krismagraph/
[2026-05-25T10:28:32Z] #209 attempt=1/2 status=200 0.413s url=https://www.myfonts.com/products/wonderful-branding-complete-family-package-1158395
[2026-05-25T10:28:33Z] #210 attempt=1/2 status=200 0.492s url=https://www.myfonts.com/collections/wonderful-branding-font-din-studio/
[2026-05-25T10:28:33Z] #211 attempt=1/2 status=200 0.337s url=https://www.myfonts.com/products/kabrio-complete-family-package-1158559
[2026-05-25T10:28:34Z] #212 attempt=1/2 status=429 0.048s url=https://www.myfonts.com/collections/kabrio-font-agung-sudirman/
[2026-05-25T10:28:36Z] #213 attempt=2/2 status=200 0.498s url=https://www.myfonts.com/collections/kabrio-font-agung-sudirman/
[2026-05-25T10:28:37Z] #214 attempt=1/2 status=200 0.555s url=https://www.myfonts.com/products/racleys-complete-family-package-1158533
[2026-05-25T10:28:38Z] #215 attempt=1/2 status=200 0.741s url=https://www.myfonts.com/collections/racleys-font-glyphminds-studios/
[2026-05-25T10:28:40Z] #216 attempt=1/2 status=200 1.763s url=https://www.myfonts.com/products/sherika-complete-family-package-1158397
[2026-05-25T10:28:43Z] #217 attempt=1/2 status=200 2.632s url=https://www.myfonts.com/collections/sherika-font-seniors-studio/
[2026-05-25T10:28:44Z] #218 attempt=1/2 status=200 0.407s url=https://www.myfonts.com/products/feeling-passionate-complete-family-package-1158393
[2026-05-25T10:28:45Z] #219 attempt=1/2 status=200 0.416s url=https://www.myfonts.com/collections/feeling-passionate-font-din-studio/
[2026-05-25T10:28:46Z] #220 attempt=1/2 status=200 0.410s url=https://www.myfonts.com/products/novarick-complete-family-package-1158499
[2026-05-25T10:28:47Z] #221 attempt=1/2 status=200 0.555s url=https://www.myfonts.com/collections/novarick-font-din-studio/
[2026-05-25T10:28:47Z] #222 attempt=1/2 status=200 0.364s url=https://www.myfonts.com/products/movie-silentina-976062
[2026-05-25T10:28:48Z] #223 attempt=1/2 status=200 0.426s url=https://www.myfonts.com/collections/silentina-font-typodermic/
[2026-05-25T10:28:49Z] #224 attempt=1/2 status=200 0.333s url=https://www.myfonts.com/products/regular-poolside-1158562
[2026-05-25T10:28:49Z] #225 attempt=1/2 status=200 0.289s url=https://www.myfonts.com/collections/poolside-font-fenotype/
[2026-05-25T10:28:50Z] #226 attempt=1/2 status=200 0.337s url=https://www.myfonts.com/products/regular-goldyane-1158568
[2026-05-25T10:28:50Z] #227 attempt=1/2 status=200 0.318s url=https://www.myfonts.com/collections/goldyane-font-syntype/
[2026-05-25T10:28:51Z] #228 attempt=1/2 status=200 0.289s url=https://www.myfonts.com/products/regular-black-roane-1158494
[2026-05-25T10:28:51Z] #229 attempt=1/2 status=200 0.282s url=https://www.myfonts.com/collections/black-roane-font-pandeka-studio/
[2026-05-25T10:28:53Z] #230 attempt=1/6 status=200 0.996s url=https://www.myfonts.com/products.json?limit=100&page=12
[2026-05-25T10:28:54Z] #231 attempt=1/2 status=200 0.335s url=https://www.myfonts.com/products/italic-special-forces-945211
[2026-05-25T10:28:54Z] #232 attempt=1/2 status=200 0.606s url=https://www.myfonts.com/collections/special-forces-font-typodermic/
[2026-05-25T10:28:55Z] #233 attempt=1/2 status=200 0.291s url=https://www.myfonts.com/products/regular-gatok-1158570
[2026-05-25T10:28:55Z] #234 attempt=1/2 status=429 0.045s url=https://www.myfonts.com/collections/gatok-font-afkari-studio/
[2026-05-25T10:28:58Z] #235 attempt=2/2 status=200 0.456s url=https://www.myfonts.com/collections/gatok-font-afkari-studio/
[2026-05-25T10:28:58Z] #236 attempt=1/2 status=200 0.315s url=https://www.myfonts.com/products/regular-quowist-display-1158569
[2026-05-25T10:28:59Z] #237 attempt=1/2 status=200 0.358s url=https://www.myfonts.com/collections/quowist-display-font-afkari-studio/
[2026-05-25T10:29:00Z] #238 attempt=1/2 status=200 0.327s url=https://www.myfonts.com/products/regular-pound-961181
[2026-05-25T10:29:00Z] #239 attempt=1/2 status=200 0.465s url=https://www.myfonts.com/collections/pound-font-typodermic/
[2026-05-25T10:29:01Z] #240 attempt=1/2 status=200 0.455s url=https://www.myfonts.com/products/neulandstar-neuland-1127211
[2026-05-25T10:29:01Z] #241 attempt=1/2 status=429 0.042s url=https://www.myfonts.com/collections/neuland-font-linotype/
[2026-05-25T10:29:04Z] #242 attempt=2/2 status=200 0.522s url=https://www.myfonts.com/collections/neuland-font-linotype/
[2026-05-25T10:29:05Z] #243 attempt=1/2 status=200 0.365s url=https://www.myfonts.com/products/brush-raw-voltage-1158564
[2026-05-25T10:29:05Z] #244 attempt=1/2 status=200 0.283s url=https://www.myfonts.com/collections/raw-voltage-font-atom/
[2026-05-25T10:29:06Z] #245 attempt=1/2 status=200 0.378s url=https://www.myfonts.com/products/regular-rancok-1158558
[2026-05-25T10:29:06Z] #246 attempt=1/2 status=200 0.267s url=https://www.myfonts.com/collections/rancok-font-imoodev/
[2026-05-25T10:29:07Z] #247 attempt=1/2 status=200 0.337s url=https://www.myfonts.com/products/regular-miscala-aesthetic-1158557
[2026-05-25T10:29:07Z] #248 attempt=1/2 status=429 0.046s url=https://www.myfonts.com/collections/miscala-aesthetic-font-imoodev/
[2026-05-25T10:29:10Z] #249 attempt=2/2 status=200 0.388s url=https://www.myfonts.com/collections/miscala-aesthetic-font-imoodev/
[2026-05-25T10:29:10Z] #250 attempt=1/2 status=200 0.315s url=https://www.myfonts.com/products/regular-delaghen-1158571
[2026-05-25T10:29:11Z] #251 attempt=1/2 status=200 0.396s url=https://www.myfonts.com/collections/delaghen-font-afkari-studio/
[2026-05-25T10:29:12Z] #252 attempt=1/2 status=200 0.299s url=https://www.myfonts.com/products/regular-mabriella-1158492
[2026-05-25T10:29:12Z] #253 attempt=1/2 status=200 0.289s url=https://www.myfonts.com/collections/mabriella-font-sealoung/
[2026-05-25T10:29:13Z] #254 attempt=1/2 status=429 0.048s url=https://www.myfonts.com/products/regular-begob-1158493
[2026-05-25T10:29:15Z] #255 attempt=2/2 status=200 0.407s url=https://www.myfonts.com/products/regular-begob-1158493
[2026-05-25T10:29:16Z] #256 attempt=1/2 status=200 0.375s url=https://www.myfonts.com/collections/begob-font-pandeka-studio/
[2026-05-25T10:29:16Z] #257 attempt=1/2 status=200 0.406s url=https://www.myfonts.com/products/regular-mosva-1158563
[2026-05-25T10:29:17Z] #258 attempt=1/2 status=200 0.301s url=https://www.myfonts.com/collections/mosva-font-imoodev/
[2026-05-25T10:29:18Z] #259 attempt=1/6 status=200 0.895s url=https://www.myfonts.com/products.json?limit=100&page=13
[2026-05-25T10:29:19Z] #260 attempt=1/2 status=200 0.311s url=https://www.myfonts.com/products/regular-echoria-1158498
[2026-05-25T10:29:19Z] #261 attempt=1/2 status=200 0.287s url=https://www.myfonts.com/collections/echoria-font-epiclinez/
[2026-05-25T10:29:20Z] #262 attempt=1/2 status=429 0.043s url=https://www.myfonts.com/products/regular-maftiga-1158491
[2026-05-25T10:29:22Z] #263 attempt=2/2 status=200 0.369s url=https://www.myfonts.com/products/regular-maftiga-1158491
[2026-05-25T10:29:23Z] #264 attempt=1/2 status=200 0.340s url=https://www.myfonts.com/collections/maftiga-font-sensatype-studio/
[2026-05-25T10:29:24Z] #265 attempt=1/2 status=200 1.128s url=https://www.myfonts.com/products/the-essential-display-bundle-package-720447
[2026-05-25T10:29:25Z] #266 attempt=1/2 status=404 0.278s url=https://www.myfonts.com/collections/the-essential-display-bundle-font-letteralle
[2026-05-25T10:29:27Z] #267 attempt=1/2 status=200 2.157s url=https://www.myfonts.com/products/round-package-1158923
[2026-05-25T10:29:32Z] #268 attempt=1/2 status=500 4.468s url=https://www.myfonts.com/collections/julima-font-akbartype/
[2026-05-25T10:29:32Z] #269 attempt=1/2 status=404 0.197s url=https://www.myfonts.com/collections/round-font-akbartype
[2026-05-25T10:29:33Z] #270 attempt=1/2 status=200 0.423s url=https://www.myfonts.com/products/limit-display-variable-concept-complete-family-package-1157932
[2026-05-25T10:29:34Z] #271 attempt=1/2 status=200 0.403s url=https://www.myfonts.com/collections/limit-display-variable-concept-font-bold-guys/
[2026-05-25T10:29:35Z] #272 attempt=1/2 status=200 1.148s url=https://www.myfonts.com/products/limit-display-complete-family-package-1157847
[2026-05-25T10:29:37Z] #273 attempt=1/2 status=200 1.668s url=https://www.myfonts.com/collections/limit-display-font-bold-guys/
[2026-05-25T10:29:38Z] #274 attempt=1/2 status=200 0.941s url=https://www.myfonts.com/products/limit-text-xcompressed-package-1158005
[2026-05-25T10:29:40Z] #275 attempt=1/2 status=200 1.313s url=https://www.myfonts.com/collections/limit-text-font-bold-guys/
[2026-05-25T10:29:41Z] #276 attempt=1/2 status=200 0.357s url=https://www.myfonts.com/products/elmonta-complete-family-package-1158021
[2026-05-25T10:29:42Z] #277 attempt=1/2 status=200 0.414s url=https://www.myfonts.com/collections/elmonta-font-shanaf/
[2026-05-25T10:29:43Z] #278 attempt=1/2 status=200 0.755s url=https://www.myfonts.com/products/gastrin-complete-family-package-1158046
[2026-05-25T10:29:44Z] #279 attempt=1/2 status=200 1.298s url=https://www.myfonts.com/collections/gastrin-font-pista-mova/
[2026-05-25T10:29:45Z] #280 attempt=1/2 status=200 0.390s url=https://www.myfonts.com/products/limit-variable-concept-full-complete-family-package-1157936
[2026-05-25T10:29:46Z] #281 attempt=1/2 status=200 0.409s url=https://www.myfonts.com/collections/limit-variable-concept-full-font-bold-guys/
[2026-05-25T10:29:46Z] #282 attempt=1/2 status=200 0.325s url=https://www.myfonts.com/products/gw-motera-complete-family-package-1158137
[2026-05-25T10:29:47Z] #283 attempt=1/2 status=200 0.382s url=https://www.myfonts.com/collections/gw-motera-font-goodwheel-studio/
[2026-05-25T10:29:48Z] #284 attempt=1/2 status=200 0.378s url=https://www.myfonts.com/products/svetlana-complete-family-package-1157828
[2026-05-25T10:29:48Z] #285 attempt=1/2 status=200 0.443s url=https://www.myfonts.com/collections/svetlana-font-paratype/
[2026-05-25T10:29:49Z] #286 attempt=1/2 status=200 0.398s url=https://www.myfonts.com/products/rose-titan-complete-family-package-1158188
[2026-05-25T10:29:49Z] #287 attempt=1/2 status=200 0.356s url=https://www.myfonts.com/collections/rose-titan-font-littlehand/
[2026-05-25T10:29:50Z] #288 attempt=1/2 status=200 0.374s url=https://www.myfonts.com/products/hola-cuervo-complete-family-package-1158147
[2026-05-25T10:29:51Z] #289 attempt=1/2 status=200 0.362s url=https://www.myfonts.com/collections/hola-cuervo-font-remedy667/
[2026-05-25T10:29:51Z] #290 attempt=1/2 status=200 0.422s url=https://www.myfonts.com/products/boujee-complete-family-package-1158163
[2026-05-25T10:29:52Z] #291 attempt=1/2 status=200 0.601s url=https://www.myfonts.com/collections/boujee-font-jehoo-creative/
[2026-05-25T10:29:53Z] #292 attempt=1/2 status=200 0.351s url=https://www.myfonts.com/products/corva-complete-family-package-1158035
[2026-05-25T10:29:54Z] #293 attempt=1/2 status=200 0.496s url=https://www.myfonts.com/collections/corva-font-rezastudio/
[2026-05-25T10:29:54Z] #294 attempt=1/2 status=200 0.331s url=https://www.myfonts.com/products/magic-rainbow-complete-family-package-1158122
[2026-05-25T10:29:55Z] #295 attempt=1/2 status=200 0.399s url=https://www.myfonts.com/collections/magic-rainbow-font-alpaprana/
[2026-05-25T10:29:58Z] #296 attempt=1/2 status=200 2.330s url=https://www.myfonts.com/products/arthura-complete-family-package-1158212
[2026-05-25T10:30:01Z] #297 attempt=1/2 status=200 2.841s url=https://www.myfonts.com/collections/arthura-font-seniors-studio/
[2026-05-25T10:30:02Z] #298 attempt=1/2 status=200 0.390s url=https://www.myfonts.com/products/back-beat-complete-family-package-1158201
[2026-05-25T10:30:03Z] #299 attempt=1/2 status=200 0.452s url=https://www.myfonts.com/collections/back-beat-font-comicraft/
[2026-05-25T10:30:04Z] #300 attempt=1/2 status=200 0.359s url=https://www.myfonts.com/products/smena-complete-family-package-1157825
[2026-05-25T10:30:04Z] #301 attempt=1/2 status=200 0.496s url=https://www.myfonts.com/collections/smena-font-paratype/
[2026-05-25T10:30:05Z] #302 attempt=1/2 status=200 0.389s url=https://www.myfonts.com/products/susan-complete-family-package-1157826
[2026-05-25T10:30:06Z] #303 attempt=1/2 status=200 0.725s url=https://www.myfonts.com/collections/susan-font-paratype/
[2026-05-25T10:30:07Z] #304 attempt=1/2 status=200 0.331s url=https://www.myfonts.com/products/limit-text-variable-concept-complete-family-package-1157834
[2026-05-25T10:30:08Z] #305 attempt=1/2 status=200 0.531s url=https://www.myfonts.com/collections/limit-text-variable-concept-font-bold-guys/
[2026-05-25T10:30:08Z] #306 attempt=1/2 status=200 0.508s url=https://www.myfonts.com/products/vaccine-sans-complete-family-package-1157829
[2026-05-25T10:30:09Z] #307 attempt=1/2 status=200 0.524s url=https://www.myfonts.com/collections/vaccine-sans-font-paratype/
[2026-05-25T10:30:10Z] #308 attempt=1/2 status=200 0.319s url=https://www.myfonts.com/products/broshela-complete-family-package-1158160
[2026-05-25T10:30:10Z] #309 attempt=1/2 status=200 0.332s url=https://www.myfonts.com/collections/broshela-font-vampstudio/
[2026-05-25T10:30:11Z] #310 attempt=1/2 status=200 0.418s url=https://www.myfonts.com/products/sanger-memo-complete-family-package-1158184
[2026-05-25T10:30:12Z] #311 attempt=1/2 status=200 0.504s url=https://www.myfonts.com/collections/sanger-memo-font-afkari-studio/
[2026-05-25T10:30:12Z] #312 attempt=1/2 status=200 0.340s url=https://www.myfonts.com/products/augrid-complete-family-package-1158192
[2026-05-25T10:30:13Z] #313 attempt=1/2 status=200 0.415s url=https://www.myfonts.com/collections/augrid-font-sensatype-studio/
[2026-05-25T10:30:14Z] #314 attempt=1/2 status=200 0.366s url=https://www.myfonts.com/products/cryonex-complete-family-package-1158017
[2026-05-25T10:30:14Z] #315 attempt=1/2 status=200 0.481s url=https://www.myfonts.com/collections/cryonex-font-shanaf/
[2026-05-25T10:30:15Z] #316 attempt=1/2 status=429 0.042s url=https://www.myfonts.com/products/transport-new-complete-family-package-1157818
[2026-05-25T10:30:18Z] #317 attempt=2/2 status=200 0.606s url=https://www.myfonts.com/products/transport-new-complete-family-package-1157818
[2026-05-25T10:30:18Z] #318 attempt=1/2 status=200 0.498s url=https://www.myfonts.com/collections/transport-new-font-k-type/
[2026-05-25T10:30:19Z] #319 attempt=1/2 status=200 0.392s url=https://www.myfonts.com/products/grey-lunar-complete-family-package-1158153
[2026-05-25T10:30:20Z] #320 attempt=1/2 status=200 0.667s url=https://www.myfonts.com/collections/grey-lunar-font-vampstudio/
[2026-05-25T10:30:21Z] #321 attempt=1/2 status=200 0.369s url=https://www.myfonts.com/products/salt-blue-complete-family-package-1158133
[2026-05-25T10:30:21Z] #322 attempt=1/2 status=200 0.393s url=https://www.myfonts.com/collections/salt-blue-font-eko-bimantara/
[2026-05-25T10:30:22Z] #323 attempt=1/2 status=200 0.328s url=https://www.myfonts.com/products/marise-complete-family-package-1158026
[2026-05-25T10:30:22Z] #324 attempt=1/2 status=429 0.049s url=https://www.myfonts.com/collections/marise-font-shanaf/
[2026-05-25T10:30:25Z] #325 attempt=2/2 status=200 0.667s url=https://www.myfonts.com/collections/marise-font-shanaf/
[2026-05-25T10:30:26Z] #326 attempt=1/2 status=200 0.369s url=https://www.myfonts.com/products/noggo-complete-family-package-1158111
[2026-05-25T10:30:26Z] #327 attempt=1/2 status=200 0.425s url=https://www.myfonts.com/collections/noggo-font-artiveko/
[2026-05-25T10:30:27Z] #328 attempt=1/2 status=200 0.451s url=https://www.myfonts.com/products/millgary-complete-family-package-1158115
[2026-05-25T10:30:28Z] #329 attempt=1/2 status=200 0.504s url=https://www.myfonts.com/collections/millgary-font-bryantamanh/
[2026-05-25T10:30:28Z] #330 attempt=1/2 status=200 0.352s url=https://www.myfonts.com/products/dirty-stroke-complete-family-package-1158082
[2026-05-25T10:30:29Z] #331 attempt=1/2 status=429 0.049s url=https://www.myfonts.com/collections/dirty-stroke-font-cocodesign/
[2026-05-25T10:30:31Z] #332 attempt=2/2 status=200 0.509s url=https://www.myfonts.com/collections/dirty-stroke-font-cocodesign/
[2026-05-25T10:30:32Z] #333 attempt=1/2 status=200 0.337s url=https://www.myfonts.com/products/limit-micro-variable-concept-complete-family-package-1157830
[2026-05-25T10:30:33Z] #334 attempt=1/2 status=200 0.429s url=https://www.myfonts.com/collections/limit-micro-variable-concept-font-bold-guys/
[2026-05-25T10:30:33Z] #335 attempt=1/2 status=200 0.330s url=https://www.myfonts.com/products/turbo-strike-complete-family-package-1158030
[2026-05-25T10:30:34Z] #336 attempt=1/2 status=200 0.494s url=https://www.myfonts.com/collections/turbo-strike-font-shanaf/
[2026-05-25T10:30:34Z] #337 attempt=1/2 status=429 0.042s url=https://www.myfonts.com/products/gw-swingstar-complete-family-package-1158140
[2026-05-25T10:30:37Z] #338 attempt=2/2 status=200 0.443s url=https://www.myfonts.com/products/gw-swingstar-complete-family-package-1158140
[2026-05-25T10:30:38Z] #339 attempt=1/2 status=200 0.475s url=https://www.myfonts.com/collections/gw-swingstar-font-goodwheel-studio/
[2026-05-25T10:30:38Z] #340 attempt=1/2 status=200 0.315s url=https://www.myfonts.com/products/housemail-complete-family-package-1158130
[2026-05-25T10:30:39Z] #341 attempt=1/2 status=200 0.488s url=https://www.myfonts.com/collections/housemail-font-eko-bimantara/
[2026-05-25T10:30:40Z] #342 attempt=1/2 status=200 0.376s url=https://www.myfonts.com/products/klyra-complete-family-package-1158107
[2026-05-25T10:30:40Z] #343 attempt=1/2 status=200 0.400s url=https://www.myfonts.com/collections/klyra-font-zaain-type/
[2026-05-25T10:30:41Z] #344 attempt=1/2 status=429 0.045s url=https://www.myfonts.com/products/susan-sans-complete-family-package-1157827
[2026-05-25T10:30:43Z] #345 attempt=2/2 status=200 0.513s url=https://www.myfonts.com/products/susan-sans-complete-family-package-1157827
[2026-05-25T10:30:44Z] #346 attempt=1/2 status=200 0.493s url=https://www.myfonts.com/collections/susan-sans-font-paratype/
[2026-05-25T10:30:45Z] #347 attempt=1/2 status=200 0.440s url=https://www.myfonts.com/products/sillymily-complete-family-package-1158042
[2026-05-25T10:30:45Z] #348 attempt=1/2 status=200 0.445s url=https://www.myfonts.com/collections/sillymily-font-letterytz/
[2026-05-25T10:30:46Z] #349 attempt=1/2 status=200 0.413s url=https://www.myfonts.com/products/proten-complete-family-package-1158118
[2026-05-25T10:30:47Z] #350 attempt=1/2 status=200 0.447s url=https://www.myfonts.com/collections/proten-font-koplexs-studio/
[2026-05-25T10:30:47Z] #351 attempt=1/2 status=429 0.051s url=https://www.myfonts.com/products/enkyfa-complete-family-package-1158012
[2026-05-25T10:30:50Z] #352 attempt=2/2 status=200 0.504s url=https://www.myfonts.com/products/enkyfa-complete-family-package-1158012
[2026-05-25T10:30:50Z] #353 attempt=1/2 status=200 0.397s url=https://www.myfonts.com/collections/enkyfa-font-timelesstype-studio/
[2026-05-25T10:30:51Z] #354 attempt=1/2 status=200 0.415s url=https://www.myfonts.com/products/regular-fashion-complete-family-package-1158197
[2026-05-25T10:30:52Z] #355 attempt=1/2 status=200 0.432s url=https://www.myfonts.com/collections/regular-fashion-font-pizzadudedk/
[2026-05-25T10:30:53Z] #356 attempt=1/6 status=200 0.899s url=https://www.myfonts.com/products.json?limit=100&page=14
[2026-05-25T10:30:54Z] #357 attempt=1/2 status=200 0.296s url=https://www.myfonts.com/products/regular-brunko-1158015
[2026-05-25T10:30:54Z] #358 attempt=1/2 status=200 0.270s url=https://www.myfonts.com/collections/brunko-font-rasio-studio/
[2026-05-25T10:30:55Z] #359 attempt=1/2 status=429 0.044s url=https://www.myfonts.com/products/regular-monadila-1158150
[2026-05-25T10:30:57Z] #360 attempt=2/2 status=200 0.412s url=https://www.myfonts.com/products/regular-monadila-1158150
[2026-05-25T10:30:58Z] #361 attempt=1/2 status=200 0.274s url=https://www.myfonts.com/collections/monadila-font-mars-creative/
[2026-05-25T10:30:58Z] #362 attempt=1/2 status=200 0.348s url=https://www.myfonts.com/products/script-selow-1158010
[2026-05-25T10:30:59Z] #363 attempt=1/2 status=200 0.351s url=https://www.myfonts.com/collections/selow-font-bondangail/
[2026-05-25T10:30:59Z] #364 attempt=1/2 status=429 0.071s url=https://www.myfonts.com/products/news-nomu-massline-1157538
[2026-05-25T10:31:02Z] #365 attempt=2/2 status=200 0.722s url=https://www.myfonts.com/products/news-nomu-massline-1157538
[2026-05-25T10:31:03Z] #366 attempt=1/2 status=200 0.526s url=https://www.myfonts.com/collections/nomu-massline-font-new-yeast-foundry/
[2026-05-25T10:31:04Z] #367 attempt=1/2 status=200 0.358s url=https://www.myfonts.com/products/regular-milesdane-1158125
[2026-05-25T10:31:04Z] #368 attempt=1/2 status=200 0.268s url=https://www.myfonts.com/collections/milesdane-font-eko-bimantara/
[2026-05-25T10:31:06Z] #369 attempt=1/6 status=200 0.890s url=https://www.myfonts.com/products.json?limit=100&page=15
[2026-05-25T10:31:06Z] #370 attempt=1/2 status=200 0.302s url=https://www.myfonts.com/products/chock-tagmed-mc-chock-tagmed-1158152
[2026-05-25T10:31:07Z] #371 attempt=1/2 status=200 0.275s url=https://www.myfonts.com/collections/mc-chock-tagmed-font-maulana-creative/
[2026-05-25T10:31:07Z] #372 attempt=1/2 status=200 0.303s url=https://www.myfonts.com/products/regular-geomighty-1157534
[2026-05-25T10:31:08Z] #373 attempt=1/2 status=200 0.319s url=https://www.myfonts.com/collections/geomighty-font-bondangail/
[2026-05-25T10:31:08Z] #374 attempt=1/2 status=429 0.058s url=https://www.myfonts.com/products/regular-melvoria-1158127
[2026-05-25T10:31:11Z] #375 attempt=2/2 status=200 0.420s url=https://www.myfonts.com/products/regular-melvoria-1158127
[2026-05-25T10:31:11Z] #376 attempt=1/2 status=200 0.385s url=https://www.myfonts.com/collections/melvoria-font-only-fonts/
[2026-05-25T10:31:12Z] #377 attempt=1/2 status=200 0.318s url=https://www.myfonts.com/products/regular-tender-blossom-1158029
[2026-05-25T10:31:13Z] #378 attempt=1/2 status=200 0.364s url=https://www.myfonts.com/collections/tender-blossom-font-shanaf/
[2026-05-25T10:31:14Z] #379 attempt=1/6 status=200 0.734s url=https://www.myfonts.com/products.json?limit=100&page=16
[2026-05-25T10:31:14Z] #380 attempt=1/2 status=200 0.289s url=https://www.myfonts.com/products/regular-keenan-aure-1158020
[2026-05-25T10:31:15Z] #381 attempt=1/2 status=200 0.409s url=https://www.myfonts.com/collections/keenan-aure-font-rasio-studio/
[2026-05-25T10:31:15Z] #382 attempt=1/2 status=429 0.041s url=https://www.myfonts.com/products/regular-jettiares-1158045
[2026-05-25T10:31:18Z] #383 attempt=2/2 status=200 0.437s url=https://www.myfonts.com/products/regular-jettiares-1158045
[2026-05-25T10:31:19Z] #384 attempt=1/2 status=200 0.330s url=https://www.myfonts.com/collections/jettiares-font-letterhanna-studio/
[2026-05-25T10:31:19Z] #385 attempt=1/2 status=200 0.326s url=https://www.myfonts.com/products/regular-aremeo-1158128
[2026-05-25T10:31:20Z] #386 attempt=1/2 status=200 0.281s url=https://www.myfonts.com/collections/aremeo-font-only-fonts/
[2026-05-25T10:31:20Z] #387 attempt=1/2 status=200 0.305s url=https://www.myfonts.com/products/regular-marble-galaxy-1158196
[2026-05-25T10:31:21Z] #388 attempt=1/2 status=200 0.314s url=https://www.myfonts.com/collections/marble-galaxy-font-alit-design/
[2026-05-25T10:31:21Z] #389 attempt=1/2 status=429 0.050s url=https://www.myfonts.com/products/regular-corvinix-1140099
[2026-05-25T10:31:24Z] #390 attempt=2/2 status=200 0.414s url=https://www.myfonts.com/products/regular-corvinix-1140099
[2026-05-25T10:31:24Z] #391 attempt=1/2 status=200 0.436s url=https://www.myfonts.com/collections/corvinix-font-fontanatype/
[2026-05-25T10:31:25Z] #392 attempt=1/2 status=200 0.330s url=https://www.myfonts.com/products/regular-ghost-bolpi-1158033
[2026-05-25T10:31:26Z] #393 attempt=1/2 status=200 0.309s url=https://www.myfonts.com/collections/ghost-bolpi-font-pineungtype-misinklab/
[2026-05-25T10:31:26Z] #394 attempt=1/2 status=200 0.278s url=https://www.myfonts.com/products/regular-brick-slash-1158016
[2026-05-25T10:31:26Z] #395 attempt=1/2 status=429 0.043s url=https://www.myfonts.com/collections/brick-slash-font-shanaf/
[2026-05-25T10:31:29Z] #396 attempt=2/2 status=200 0.440s url=https://www.myfonts.com/collections/brick-slash-font-shanaf/
[2026-05-25T10:31:30Z] #397 attempt=1/2 status=200 0.314s url=https://www.myfonts.com/products/regular-ongunkan-bactrian-script-1120328
[2026-05-25T10:31:30Z] #398 attempt=1/2 status=404 0.213s url=https://www.myfonts.com/collections/regular-ongunkan-bactrian-script-1120328-font-runic-world-tamgaci
[2026-05-25T10:31:31Z] #399 attempt=1/2 status=200 0.317s url=https://www.myfonts.com/products/kids-regular-zibboo-1157555
[2026-05-25T10:31:31Z] #400 attempt=1/2 status=200 0.255s url=https://www.myfonts.com/collections/zibboo-font-mei-suseno/
[2026-05-25T10:31:33Z] #401 attempt=1/6 status=200 0.866s url=https://www.myfonts.com/products.json?limit=100&page=17
[2026-05-25T10:31:33Z] #402 attempt=1/2 status=200 0.289s url=https://www.myfonts.com/products/regular-evelina-hand-1158121
[2026-05-25T10:31:33Z] #403 attempt=1/2 status=429 0.042s url=https://www.myfonts.com/collections/evelina-hand-font-letterhanna-studio/
[2026-05-25T10:31:36Z] #404 attempt=2/2 status=200 0.341s url=https://www.myfonts.com/collections/evelina-hand-font-letterhanna-studio/
[2026-05-25T10:31:36Z] #405 attempt=1/2 status=200 0.320s url=https://www.myfonts.com/products/regular-dark-hermes-1158114
[2026-05-25T10:31:37Z] #406 attempt=1/2 status=200 0.299s url=https://www.myfonts.com/collections/dark-hermes-font-alit-design/
[2026-05-25T10:31:38Z] #407 attempt=1/2 status=200 0.414s url=https://www.myfonts.com/products/bold-laughsmith-1157550
[2026-05-25T10:31:38Z] #408 attempt=1/2 status=200 0.456s url=https://www.myfonts.com/collections/laughsmith-font-margi-studio/
[2026-05-25T10:31:39Z] #409 attempt=1/2 status=200 0.418s url=https://www.myfonts.com/products/marblis-thin-marblis-variable-1158009
[2026-05-25T10:31:39Z] #410 attempt=1/2 status=429 0.045s url=https://www.myfonts.com/collections/marblis-variable-font-julien-fincker/
[2026-05-25T10:31:42Z] #411 attempt=2/2 status=200 0.481s url=https://www.myfonts.com/collections/marblis-variable-font-julien-fincker/
[2026-05-25T10:31:43Z] #412 attempt=1/2 status=200 0.303s url=https://www.myfonts.com/products/regular-ongunkan-hatran-hatrean-1120329
[2026-05-25T10:31:43Z] #413 attempt=1/2 status=404 0.200s url=https://www.myfonts.com/collections/regular-ongunkan-hatran-hatrean-1120329-font-runic-world-tamgaci
[2026-05-25T10:31:44Z] #414 attempt=1/2 status=200 0.388s url=https://www.myfonts.com/products/regular-valenoire-1158136
[2026-05-25T10:31:44Z] #415 attempt=1/2 status=200 0.319s url=https://www.myfonts.com/collections/valenoire-font-eko-bimantara/
[2026-05-25T10:31:46Z] #416 attempt=1/6 status=200 0.800s url=https://www.myfonts.com/products.json?limit=100&page=18
[2026-05-25T10:31:46Z] #417 attempt=1/2 status=200 0.344s url=https://www.myfonts.com/products/regular-santara-1157554
[2026-05-25T10:31:46Z] #418 attempt=1/2 status=429 0.052s url=https://www.myfonts.com/collections/santara-font-mei-suseno/
[2026-05-25T10:31:49Z] #419 attempt=2/2 status=200 0.421s url=https://www.myfonts.com/collections/santara-font-mei-suseno/
[2026-05-25T10:31:50Z] #420 attempt=1/2 status=200 0.297s url=https://www.myfonts.com/products/regular-zfthankful-1158011
[2026-05-25T10:31:50Z] #421 attempt=1/2 status=200 0.275s url=https://www.myfonts.com/collections/zfthankful-font-zoofont/
[2026-05-25T10:31:51Z] #422 attempt=1/2 status=200 0.321s url=https://www.myfonts.com/products/regular-maria-1158191
[2026-05-25T10:31:51Z] #423 attempt=1/2 status=200 0.337s url=https://www.myfonts.com/collections/maria-font-sensatype-studio/
[2026-05-25T10:31:52Z] #424 attempt=1/2 status=200 0.318s url=https://www.myfonts.com/products/gediol-paund-regular-mc-gediol-paund-1158151
[2026-05-25T10:31:52Z] #425 attempt=1/2 status=429 0.060s url=https://www.myfonts.com/collections/mc-gediol-paund-font-maulana-creative/
[2026-05-25T10:31:55Z] #426 attempt=2/2 status=200 0.358s url=https://www.myfonts.com/collections/mc-gediol-paund-font-maulana-creative/
[2026-05-25T10:31:55Z] #427 attempt=1/2 status=200 0.297s url=https://www.myfonts.com/products/regular-kasem-1158126
[2026-05-25T10:31:56Z] #428 attempt=1/2 status=200 0.283s url=https://www.myfonts.com/collections/kasem-font-only-fonts/
[2026-05-25T10:31:56Z] #429 attempt=1/2 status=200 0.335s url=https://www.myfonts.com/products/regular-titanic-fraktur-1158110
[2026-05-25T10:31:57Z] #430 attempt=1/2 status=200 0.307s url=https://www.myfonts.com/collections/titanic-fraktur-font-alit-design/
[2026-05-25T10:31:57Z] #431 attempt=1/2 status=429 0.045s url=https://www.myfonts.com/products/regular-misty-yarra-1158047
[2026-05-25T10:32:00Z] #432 attempt=2/2 status=200 0.369s url=https://www.myfonts.com/products/regular-misty-yarra-1158047
[2026-05-25T10:32:00Z] #433 attempt=1/2 status=200 0.386s url=https://www.myfonts.com/collections/misty-yarra-font-olivetype/
[2026-05-25T10:32:01Z] #434 attempt=1/2 status=200 0.314s url=https://www.myfonts.com/products/regular-authentic-gokpesi-1158034
[2026-05-25T10:32:02Z] #435 attempt=1/2 status=200 0.342s url=https://www.myfonts.com/collections/authentic-gokpesi-font-pineungtype-misinklab/
[2026-05-25T10:32:02Z] #436 attempt=1/2 status=200 0.278s url=https://www.myfonts.com/products/regular-ongunkan-proto-canaanite-1143849
[2026-05-25T10:32:02Z] #437 attempt=1/2 status=429 0.052s url=https://www.myfonts.com/collections/regular-ongunkan-proto-canaanite-1143849-font-runic-world-tamgaci
[2026-05-25T10:32:05Z] #438 attempt=2/2 status=404 0.321s url=https://www.myfonts.com/collections/regular-ongunkan-proto-canaanite-1143849-font-runic-world-tamgaci
[2026-05-25T10:32:05Z] #439 attempt=1/2 status=200 0.303s url=https://www.myfonts.com/products/regular-liquid-mirage-1158025
[2026-05-25T10:32:06Z] #440 attempt=1/2 status=200 0.311s url=https://www.myfonts.com/collections/liquid-mirage-font-shanaf/
[2026-05-25T10:32:08Z] #441 attempt=1/6 status=200 0.944s url=https://www.myfonts.com/products.json?limit=100&page=19
[2026-05-25T10:32:08Z] #442 attempt=1/2 status=200 0.420s url=https://www.myfonts.com/products/regular-haute-frame-1158024
[2026-05-25T10:32:09Z] #443 attempt=1/2 status=200 0.301s url=https://www.myfonts.com/collections/haute-frame-font-shanaf/
[2026-05-25T10:32:09Z] #444 attempt=1/2 status=200 0.372s url=https://www.myfonts.com/products/epopeya-complete-family-package-1157838
[2026-05-25T10:32:10Z] #445 attempt=1/2 status=429 0.051s url=https://www.myfonts.com/collections/epopeya-font-tour-de-force/
[2026-05-25T10:32:12Z] #446 attempt=2/2 status=200 0.541s url=https://www.myfonts.com/collections/epopeya-font-tour-de-force/
[2026-05-25T10:32:13Z] #447 attempt=1/2 status=200 0.418s url=https://www.myfonts.com/products/ruma-complete-family-package-1157586
[2026-05-25T10:32:14Z] #448 attempt=1/2 status=200 0.440s url=https://www.myfonts.com/collections/ruma-font-the-native-saint-club/
[2026-05-25T10:32:14Z] #449 attempt=1/2 status=200 0.379s url=https://www.myfonts.com/products/foermality-sans-outline-complete-family-package-1157596
[2026-05-25T10:32:15Z] #450 attempt=1/2 status=200 0.478s url=https://www.myfonts.com/collections/foermality-sans-outline-font-laroyba-type/
[2026-05-25T10:32:16Z] #451 attempt=1/2 status=200 0.424s url=https://www.myfonts.com/products/alvora-complete-family-package-1157580
[2026-05-25T10:32:17Z] #452 attempt=1/2 status=200 0.479s url=https://www.myfonts.com/collections/alvora-font-font-liner/
[2026-05-25T10:32:17Z] #453 attempt=1/2 status=429 0.059s url=https://www.myfonts.com/products/gutter-complete-family-package-1157816
[2026-05-25T10:32:20Z] #454 attempt=2/2 status=200 0.443s url=https://www.myfonts.com/products/gutter-complete-family-package-1157816
[2026-05-25T10:32:20Z] #455 attempt=1/2 status=200 0.457s url=https://www.myfonts.com/collections/gutter-font-dikas-studio/
[2026-05-25T10:32:21Z] #456 attempt=1/2 status=200 0.368s url=https://www.myfonts.com/products/dryeyes-complete-family-package-1157547
[2026-05-25T10:32:22Z] #457 attempt=1/2 status=200 0.405s url=https://www.myfonts.com/collections/dryeyes-font-letterytz/
[2026-05-25T10:32:22Z] #458 attempt=1/2 status=200 0.350s url=https://www.myfonts.com/products/elitha-beauty-italic-complete-family-package-1157591
[2026-05-25T10:32:23Z] #459 attempt=1/2 status=200 0.423s url=https://www.myfonts.com/collections/elitha-beauty-italic-font-yoga-letter/
[2026-05-25T10:32:23Z] #460 attempt=1/2 status=429 0.045s url=https://www.myfonts.com/products/salt-fine-collection-complete-family-package-1157551
[2026-05-25T10:32:26Z] #461 attempt=2/2 status=200 0.509s url=https://www.myfonts.com/products/salt-fine-collection-complete-family-package-1157551
[2026-05-25T10:32:27Z] #462 attempt=1/2 status=200 0.410s url=https://www.myfonts.com/collections/salt-fine-collection-font-rhd-studio/
[2026-05-25T10:32:27Z] #463 attempt=1/2 status=200 0.331s url=https://www.myfonts.com/products/ayaha-complete-family-package-1157618
[2026-05-25T10:32:28Z] #464 attempt=1/2 status=200 0.554s url=https://www.myfonts.com/collections/ayaha-font-pedro-teixeira/
[2026-05-25T10:32:29Z] #465 attempt=1/2 status=200 0.372s url=https://www.myfonts.com/products/001-sans-serif-family-complete-family-package-1157607
[2026-05-25T10:32:29Z] #466 attempt=1/2 status=200 0.448s url=https://www.myfonts.com/collections/001-sans-serif-family-font-pedro-teixeira/
[2026-05-25T10:32:30Z] #467 attempt=1/2 status=200 0.376s url=https://www.myfonts.com/products/wesyo-complete-family-package-1157603
[2026-05-25T10:32:30Z] #468 attempt=1/2 status=429 0.044s url=https://www.myfonts.com/collections/wesyo-font-letterytz/
[2026-05-25T10:32:33Z] #469 attempt=2/2 status=200 0.505s url=https://www.myfonts.com/collections/wesyo-font-letterytz/
[2026-05-25T10:32:34Z] #470 attempt=1/2 status=200 0.334s url=https://www.myfonts.com/products/mognakin-complete-family-package-1157544
[2026-05-25T10:32:34Z] #471 attempt=1/2 status=200 0.458s url=https://www.myfonts.com/collections/mognakin-font-timelesstype-studio/
[2026-05-25T10:32:35Z] #472 attempt=1/2 status=200 0.375s url=https://www.myfonts.com/products/lotzo-complete-family-package-1157556
[2026-05-25T10:32:36Z] #473 attempt=1/2 status=200 0.458s url=https://www.myfonts.com/collections/lotzo-font-font-liner/
[2026-05-25T10:32:36Z] #474 attempt=1/2 status=200 0.318s url=https://www.myfonts.com/products/calistany-sweet-romance-complete-family-package-1157561
[2026-05-25T10:32:37Z] #475 attempt=1/2 status=429 0.053s url=https://www.myfonts.com/collections/calistany-sweet-romance-font-letterena-studios/
[2026-05-25T10:32:39Z] #476 attempt=2/2 status=200 0.473s url=https://www.myfonts.com/collections/calistany-sweet-romance-font-letterena-studios/
[2026-05-25T10:32:40Z] #477 attempt=1/2 status=200 0.813s url=https://www.myfonts.com/products/the-aesthetic-swash-box-12-script-font-bundle-package-1157817
[2026-05-25T10:32:41Z] #478 attempt=1/2 status=404 0.209s url=https://www.myfonts.com/collections/the-aesthetic-swash-box-12-script-font-bundle-font-letterhanna-studio
[2026-05-25T10:32:41Z] #479 attempt=1/2 status=200 0.315s url=https://www.myfonts.com/products/morgan-strike-complete-family-package-1157583
[2026-05-25T10:32:42Z] #480 attempt=1/2 status=200 0.408s url=https://www.myfonts.com/collections/morgan-strike-font-yoga-letter/
[2026-05-25T10:32:43Z] #481 attempt=1/2 status=200 0.425s url=https://www.myfonts.com/products/kibtah-arabic-complete-family-package-1157559
[2026-05-25T10:32:43Z] #482 attempt=1/2 status=429 0.046s url=https://www.myfonts.com/collections/kibtah-arabic-font-namela/
[2026-05-25T10:32:46Z] #483 attempt=2/2 status=200 0.567s url=https://www.myfonts.com/collections/kibtah-arabic-font-namela/
[2026-05-25T10:32:46Z] #484 attempt=1/2 status=200 0.358s url=https://www.myfonts.com/products/guess-street-complete-family-package-1157576
[2026-05-25T10:32:47Z] #485 attempt=1/2 status=200 0.368s url=https://www.myfonts.com/collections/guess-street-font-stylishtype-studio/
[2026-05-25T10:32:47Z] #486 attempt=1/2 status=200 0.306s url=https://www.myfonts.com/products/regular-tazmeera-1157575
[2026-05-25T10:32:48Z] #487 attempt=1/2 status=200 0.523s url=https://www.myfonts.com/collections/tazmeera-font-denustudio/
[2026-05-25T10:32:49Z] #488 attempt=1/2 status=200 0.333s url=https://www.myfonts.com/products/regular-thick-block-1157594
[2026-05-25T10:32:49Z] #489 attempt=1/2 status=429 0.050s url=https://www.myfonts.com/collections/thick-block-font-maxart/
[2026-05-25T10:32:52Z] #490 attempt=2/2 status=200 0.616s url=https://www.myfonts.com/collections/thick-block-font-maxart/
[2026-05-25T10:32:53Z] #491 attempt=1/2 status=200 0.308s url=https://www.myfonts.com/products/arabica-neue-regular-arabicaneu-1143500
[2026-05-25T10:32:53Z] #492 attempt=1/2 status=200 0.312s url=https://www.myfonts.com/collections/arabicaneu-font-kangfont-studio/
[2026-05-25T10:32:54Z] #493 attempt=1/2 status=200 0.451s url=https://www.myfonts.com/products/semibold-expressway-soft-970139
[2026-05-25T10:32:55Z] #494 attempt=1/2 status=200 0.550s url=https://www.myfonts.com/collections/expressway-soft-font-typodermic/
[2026-05-25T10:32:55Z] #495 attempt=1/2 status=200 0.298s url=https://www.myfonts.com/products/regular-lazover-classico-1157606
[2026-05-25T10:32:56Z] #496 attempt=1/2 status=200 0.323s url=https://www.myfonts.com/collections/lazover-classico-font-mei-suseno/
[2026-05-25T10:32:56Z] #497 attempt=1/2 status=429 0.041s url=https://www.myfonts.com/products/compressed-thin-dean-soft-slab-vf-1127851
[2026-05-25T10:32:59Z] #498 attempt=2/2 status=200 0.413s url=https://www.myfonts.com/products/compressed-thin-dean-soft-slab-vf-1127851
[2026-05-25T10:32:59Z] #499 attempt=1/2 status=200 0.485s url=https://www.myfonts.com/collections/dean-soft-slab-vf-font-blaze-type/
[2026-05-25T10:33:00Z] #500 attempt=1/2 status=200 0.380s url=https://www.myfonts.com/products/italic-liong-1157814
[2026-05-25T10:33:01Z] #501 attempt=1/2 status=200 0.502s url=https://www.myfonts.com/collections/liong-font-dikas-studio/
[2026-05-25T10:33:01Z] #502 attempt=1/2 status=200 0.352s url=https://www.myfonts.com/products/anti-mythology-regular-antimythology-1157589
[2026-05-25T10:33:02Z] #503 attempt=1/2 status=200 0.447s url=https://www.myfonts.com/collections/antimythology-font-margi-studio/
[2026-05-25T10:33:02Z] #504 attempt=1/2 status=429 0.042s url=https://www.myfonts.com/products/regular-ethereal-nymeria-1157590
[2026-05-25T10:33:05Z] #505 attempt=2/2 status=200 0.398s url=https://www.myfonts.com/products/regular-ethereal-nymeria-1157590
[2026-05-25T10:33:06Z] #506 attempt=1/2 status=200 0.334s url=https://www.myfonts.com/collections/ethereal-nymeria-font-letterhanna-studio/
[2026-05-25T10:33:06Z] #507 attempt=1/2 status=200 0.328s url=https://www.myfonts.com/products/regular-fhanta-slamdunk-1157571
[2026-05-25T10:33:07Z] #508 attempt=1/2 status=200 0.315s url=https://www.myfonts.com/collections/fhanta-slamdunk-font-pineungtype-misinklab/
[2026-05-25T10:33:07Z] #509 attempt=1/2 status=200 0.332s url=https://www.myfonts.com/products/regular-aurellis-1143496
[2026-05-25T10:33:08Z] #510 attempt=1/2 status=429 0.044s url=https://www.myfonts.com/collections/aurellis-font-kangfont-studio/
[2026-05-25T10:33:10Z] #511 attempt=2/2 status=200 0.428s url=https://www.myfonts.com/collections/aurellis-font-kangfont-studio/
[2026-05-25T10:33:11Z] #512 attempt=1/2 status=200 0.445s url=https://www.myfonts.com/products/regular-jomiw-1157579
[2026-05-25T10:33:12Z] #513 attempt=1/2 status=200 0.314s url=https://www.myfonts.com/collections/jomiw-font-linecreative/
[2026-05-25T10:33:12Z] #514 attempt=1/2 status=200 0.341s url=https://www.myfonts.com/products/regular-whisker-bites-1157543
[2026-05-25T10:33:13Z] #515 attempt=1/2 status=200 0.308s url=https://www.myfonts.com/collections/whisker-bites-font-shanaf/
[2026-05-25T10:33:13Z] #516 attempt=1/2 status=200 0.331s url=https://www.myfonts.com/products/regular-axenor-1143504
[2026-05-25T10:33:14Z] #517 attempt=1/2 status=429 0.042s url=https://www.myfonts.com/collections/axenor-font-kangfont-studio/
[2026-05-25T10:33:16Z] #518 attempt=2/2 status=200 0.366s url=https://www.myfonts.com/collections/axenor-font-kangfont-studio/
[2026-05-25T10:33:17Z] #519 attempt=1/2 status=200 0.509s url=https://www.myfonts.com/products/medium-ld-cherries-1157815
[2026-05-25T10:33:18Z] #520 attempt=1/2 status=200 0.650s url=https://www.myfonts.com/collections/ld-cherries-font-dikas-studio/
[2026-05-25T10:33:19Z] #521 attempt=1/2 status=200 1.312s url=https://www.myfonts.com/products/all-the-typewriter-fonts-you-will-ever-need-package-916464
[2026-05-25T10:33:20Z] #522 attempt=1/2 status=404 0.176s url=https://www.myfonts.com/collections/all-the-typewriter-fonts-you-will-ever-need-font-anas-fonts
[2026-05-25T10:33:21Z] #523 attempt=1/2 status=200 1.033s url=https://www.myfonts.com/products/the-handmade-fonts-and-illustrations-collection-package-916568
[2026-05-25T10:33:21Z] #524 attempt=1/2 status=404 0.183s url=https://www.myfonts.com/collections/the-handmade-fonts-and-illustrations-collection-font-anas-fonts
[2026-05-25T10:33:22Z] #525 attempt=1/2 status=200 0.421s url=https://www.myfonts.com/products/regular-boxarone-1157384
[2026-05-25T10:33:23Z] #526 attempt=1/2 status=200 0.399s url=https://www.myfonts.com/collections/boxarone-font-mei-suseno/
[2026-05-25T10:33:23Z] #527 attempt=1/2 status=200 0.406s url=https://www.myfonts.com/products/sallintine-calligraphy-complete-family-package-1157210
[2026-05-25T10:33:24Z] #528 attempt=1/2 status=429 0.048s url=https://www.myfonts.com/collections/sallintine-calligraphy-font-logic-type/
[2026-05-25T10:33:27Z] #529 attempt=2/2 status=200 0.701s url=https://www.myfonts.com/collections/sallintine-calligraphy-font-logic-type/
[2026-05-25T10:33:27Z] #530 attempt=1/2 status=200 0.423s url=https://www.myfonts.com/products/tbj-valmist-complete-family-package-1126597
[2026-05-25T10:33:28Z] #531 attempt=1/2 status=200 0.659s url=https://www.myfonts.com/collections/tbj-valmist-font-taboja-studio/
[2026-05-25T10:33:29Z] #532 attempt=1/2 status=200 0.782s url=https://www.myfonts.com/products/bomburst-complete-family-package-1157189
[2026-05-25T10:33:31Z] #533 attempt=1/2 status=200 1.302s url=https://www.myfonts.com/collections/bomburst-font-versustwin/
[2026-05-25T10:33:33Z] #534 attempt=1/2 status=200 1.740s url=https://www.myfonts.com/products/frontend-complete-family-package-1156132
[2026-05-25T10:33:36Z] #535 attempt=1/2 status=200 2.498s url=https://www.myfonts.com/collections/frontend-font-trick-type-style/
[2026-05-25T10:33:37Z] #536 attempt=1/2 status=200 0.329s url=https://www.myfonts.com/products/calteo-complete-family-package-1157356
[2026-05-25T10:33:38Z] #537 attempt=1/2 status=200 0.361s url=https://www.myfonts.com/collections/calteo-font-ragamkata/
[2026-05-25T10:33:39Z] #538 attempt=1/6 status=200 0.907s url=https://www.myfonts.com/products.json?limit=100&page=20
[2026-05-25T10:33:40Z] #539 attempt=1/2 status=200 0.687s url=https://www.myfonts.com/products/bilgen-complete-family-package-1157516
[2026-05-25T10:33:41Z] #540 attempt=1/2 status=200 0.997s url=https://www.myfonts.com/collections/bilgen-font-bykineks/
[2026-05-25T10:33:42Z] #541 attempt=1/2 status=200 0.399s url=https://www.myfonts.com/products/best-remind-complete-family-package-1157353
[2026-05-25T10:33:43Z] #542 attempt=1/2 status=200 0.446s url=https://www.myfonts.com/collections/best-remind-font-ragamkata/
[2026-05-25T10:33:43Z] #543 attempt=1/2 status=200 0.402s url=https://www.myfonts.com/products/ls-selebriti-complete-family-package-1157387
[2026-05-25T10:33:44Z] #544 attempt=1/2 status=200 0.461s url=https://www.myfonts.com/collections/ls-selebriti-font-letternesia-studio/
[2026-05-25T10:33:45Z] #545 attempt=1/2 status=200 0.685s url=https://www.myfonts.com/products/brodies-soft-package-1157351
[2026-05-25T10:33:47Z] #546 attempt=1/2 status=200 1.317s url=https://www.myfonts.com/collections/brodies-font-glowtype/
[2026-05-25T10:33:47Z] #547 attempt=1/2 status=200 0.293s url=https://www.myfonts.com/products/satzo-complete-family-package-1156931
[2026-05-25T10:33:48Z] #548 attempt=1/2 status=200 0.409s url=https://www.myfonts.com/collections/satzo-font-ragamkata/
[2026-05-25T10:33:49Z] #549 attempt=1/2 status=200 0.402s url=https://www.myfonts.com/products/serion-complete-family-package-1157396
[2026-05-25T10:33:50Z] #550 attempt=1/2 status=200 0.624s url=https://www.myfonts.com/collections/serion-font-prestige-artsy-studio/
[2026-05-25T10:33:50Z] #551 attempt=1/2 status=200 0.358s url=https://www.myfonts.com/products/akore-complete-family-package-1157206
[2026-05-25T10:33:51Z] #552 attempt=1/2 status=200 0.414s url=https://www.myfonts.com/collections/akore-font-grontype/
[2026-05-25T10:33:52Z] #553 attempt=1/2 status=200 0.425s url=https://www.myfonts.com/products/gotham-core-pack-package-1144273
[2026-05-25T10:33:52Z] #554 attempt=1/2 status=200 0.185s url=https://www.myfonts.com/collections/gotham-font-hoefler-and-co/
[2026-05-25T10:33:53Z] #555 attempt=1/2 status=200 0.329s url=https://www.myfonts.com/products/dust-forge-complete-family-package-1157215
[2026-05-25T10:33:54Z] #556 attempt=1/2 status=200 0.549s url=https://www.myfonts.com/collections/dust-forge-font-letterhend/
[2026-05-25T10:33:54Z] #557 attempt=1/2 status=200 0.345s url=https://www.myfonts.com/products/starligh-timber-complete-family-package-1156917
[2026-05-25T10:33:55Z] #558 attempt=1/2 status=200 0.395s url=https://www.myfonts.com/collections/starligh-timber-font-stylishtype-studio/
[2026-05-25T10:33:57Z] #559 attempt=1/2 status=200 2.198s url=https://www.myfonts.com/products/griggs-complete-family-package-1156430
[2026-05-25T10:34:01Z] #560 attempt=1/2 status=500 3.220s url=https://www.myfonts.com/collections/griggs-font-seniors-studio/
[2026-05-25T10:34:02Z] #561 attempt=1/2 status=200 0.341s url=https://www.myfonts.com/products/grill-time-complete-family-package-1156922
[2026-05-25T10:34:02Z] #562 attempt=1/2 status=200 0.474s url=https://www.myfonts.com/collections/grill-time-font-vozzy/
[2026-05-25T10:34:04Z] #563 attempt=1/2 status=200 0.979s url=https://www.myfonts.com/products/bolshoi-complete-family-package-1157413
[2026-05-25T10:34:05Z] #564 attempt=1/2 status=200 0.998s url=https://www.myfonts.com/collections/bolshoi-font-alpercakici/
[2026-05-25T10:34:06Z] #565 attempt=1/2 status=200 0.418s url=https://www.myfonts.com/products/milviano-complete-family-package-1157390
[2026-05-25T10:34:06Z] #566 attempt=1/2 status=200 0.344s url=https://www.myfonts.com/collections/milviano-font-fridaytype/
[2026-05-25T10:34:08Z] #567 attempt=1/2 status=200 1.233s url=https://www.myfonts.com/products/cuptcha-complete-family-package-1156935
[2026-05-25T10:34:10Z] #568 attempt=1/2 status=200 1.685s url=https://www.myfonts.com/collections/cuptcha-font-blaze-type/
[2026-05-25T10:34:11Z] #569 attempt=1/2 status=200 0.789s url=https://www.myfonts.com/products/orochima-complete-family-package-1155868
[2026-05-25T10:34:13Z] #570 attempt=1/2 status=200 1.016s url=https://www.myfonts.com/collections/orochima-font-alpercakici/
[2026-05-25T10:34:14Z] #571 attempt=1/2 status=200 1.356s url=https://www.myfonts.com/products/protector-complete-family-package-1157044
[2026-05-25T10:34:17Z] #572 attempt=1/2 status=200 1.948s url=https://www.myfonts.com/collections/protector-font-alpercakici/
[2026-05-25T10:34:18Z] #573 attempt=1/2 status=200 0.343s url=https://www.myfonts.com/products/wisageni-complete-family-package-1156928
[2026-05-25T10:34:18Z] #574 attempt=1/2 status=200 0.333s url=https://www.myfonts.com/collections/wisageni-font-agung-sudirman/
[2026-05-25T10:34:19Z] #575 attempt=1/2 status=200 0.442s url=https://www.myfonts.com/products/fogira-khuils-complete-family-package-1156910
[2026-05-25T10:34:20Z] #576 attempt=1/2 status=200 0.391s url=https://www.myfonts.com/collections/fogira-khuils-font-timelesstype-studio/
[2026-05-25T10:34:20Z] #577 attempt=1/2 status=200 0.507s url=https://www.myfonts.com/products/middleweight-style-package-1157190
[2026-05-25T10:34:21Z] #578 attempt=1/2 status=200 0.744s url=https://www.myfonts.com/collections/otflag-sans-font-oktnum-type-foundry/
[2026-05-25T10:34:22Z] #579 attempt=1/2 status=200 0.342s url=https://www.myfonts.com/products/khairullah-complete-family-package-1156914
[2026-05-25T10:34:23Z] #580 attempt=1/2 status=200 0.405s url=https://www.myfonts.com/collections/khairullah-font-made-deduk/
[2026-05-25T10:34:23Z] #581 attempt=1/2 status=200 0.404s url=https://www.myfonts.com/products/itadori-complete-family-package-1157363
[2026-05-25T10:34:24Z] #582 attempt=1/2 status=200 0.781s url=https://www.myfonts.com/collections/itadori-font-zafara-studios/
[2026-05-25T10:34:25Z] #583 attempt=1/2 status=200 0.313s url=https://www.myfonts.com/products/roxelis-complete-family-package-1157359
[2026-05-25T10:34:26Z] #584 attempt=1/2 status=200 0.445s url=https://www.myfonts.com/collections/roxelis-font-valorix-studio/
[2026-05-25T10:34:26Z] #585 attempt=1/2 status=200 0.379s url=https://www.myfonts.com/products/de-floras-complete-family-package-1156888
[2026-05-25T10:34:27Z] #586 attempt=1/2 status=200 0.485s url=https://www.myfonts.com/collections/de-floras-font-dikas-studio/
[2026-05-25T10:34:28Z] #587 attempt=1/2 status=200 0.804s url=https://www.myfonts.com/products/griggs-serif-complete-family-package-1156552
[2026-05-25T10:34:29Z] #588 attempt=1/2 status=200 1.080s url=https://www.myfonts.com/collections/griggs-serif-font-seniors-studio/
[2026-05-25T10:34:30Z] #589 attempt=1/2 status=200 0.344s url=https://www.myfonts.com/products/belon-fine-kanteris-complete-family-package-1157409
[2026-05-25T10:34:31Z] #590 attempt=1/2 status=200 0.445s url=https://www.myfonts.com/collections/belon-fine-kanteris-font-letterena-studios/
[2026-05-25T10:34:32Z] #591 attempt=1/2 status=200 0.344s url=https://www.myfonts.com/products/gud-female-complete-family-package-1157393
[2026-05-25T10:34:32Z] #592 attempt=1/2 status=200 0.401s url=https://www.myfonts.com/collections/gud-female-font-letterena-studios/
[2026-05-25T10:34:33Z] #593 attempt=1/2 status=200 0.850s url=https://www.myfonts.com/products/griggs-sans-complete-family-package-1156521
[2026-05-25T10:34:35Z] #594 attempt=1/2 status=200 1.524s url=https://www.myfonts.com/collections/griggs-sans-font-seniors-studio/
[2026-05-25T10:34:36Z] #595 attempt=1/2 status=200 0.383s url=https://www.myfonts.com/products/qasel-sans-complete-family-package-1156901
[2026-05-25T10:34:37Z] #596 attempt=1/2 status=200 0.511s url=https://www.myfonts.com/collections/qasel-sans-font-elyas-beria/
[2026-05-25T10:34:38Z] #597 attempt=1/2 status=200 0.929s url=https://www.myfonts.com/products/griggs-flare-complete-family-package-1156583
[2026-05-25T10:34:39Z] #598 attempt=1/2 status=200 0.981s url=https://www.myfonts.com/collections/griggs-flare-font-seniors-studio/
[2026-05-25T10:34:40Z] #599 attempt=1/2 status=200 0.379s url=https://www.myfonts.com/products/blackout-child-of-evil-667-1156086
[2026-05-25T10:34:41Z] #600 attempt=1/2 status=200 0.413s url=https://www.myfonts.com/collections/child-of-evil-667-font-remedy667/
[2026-05-25T10:34:42Z] #601 attempt=1/2 status=200 0.500s url=https://www.myfonts.com/products/light-oblique-hovide-mono-1156068
[2026-05-25T10:34:42Z] #602 attempt=1/2 status=200 0.500s url=https://www.myfonts.com/collections/hovide-mono-font-zafara-studios/
[2026-05-25T10:34:43Z] #603 attempt=1/2 status=200 0.365s url=https://www.myfonts.com/products/oblique-fever-gothic-667-1156102
[2026-05-25T10:34:44Z] #604 attempt=1/2 status=200 0.468s url=https://www.myfonts.com/collections/fever-gothic-667-font-remedy667/
[2026-05-25T10:34:44Z] #605 attempt=1/2 status=200 0.329s url=https://www.myfonts.com/products/regular-valorine-1156920
[2026-05-25T10:34:45Z] #606 attempt=1/2 status=200 0.268s url=https://www.myfonts.com/collections/valorine-font-letterstock/
[2026-05-25T10:34:45Z] #607 attempt=1/2 status=429 0.058s url=https://www.myfonts.com/products/o-upright-brains-for-breakfast-1156095
[2026-05-25T10:34:48Z] #608 attempt=2/2 status=200 0.507s url=https://www.myfonts.com/products/o-upright-brains-for-breakfast-1156095
[2026-05-25T10:34:49Z] #609 attempt=1/2 status=200 0.460s url=https://www.myfonts.com/collections/brains-for-breakfast-font-remedy667/
[2026-05-25T10:34:50Z] #610 attempt=1/6 status=200 0.815s url=https://www.myfonts.com/products.json?limit=100&page=21
[2026-05-25T10:34:51Z] #611 attempt=1/2 status=200 0.339s url=https://www.myfonts.com/products/regular-melarune-1156022
[2026-05-25T10:34:51Z] #612 attempt=1/2 status=200 0.297s url=https://www.myfonts.com/collections/melarune-font-vadova-std/
[2026-05-25T10:34:52Z] #613 attempt=1/2 status=200 0.455s url=https://www.myfonts.com/products/oblique-grave-tripper-667-1156098
[2026-05-25T10:34:53Z] #614 attempt=1/2 status=200 0.387s url=https://www.myfonts.com/collections/grave-tripper-667-font-remedy667/
[2026-05-25T10:34:53Z] #615 attempt=1/2 status=429 0.049s url=https://www.myfonts.com/products/regular-colossia-1156023
[2026-05-25T10:34:56Z] #616 attempt=2/2 status=200 0.454s url=https://www.myfonts.com/products/regular-colossia-1156023
[2026-05-25T10:34:56Z] #617 attempt=1/2 status=200 0.341s url=https://www.myfonts.com/collections/colossia-font-vadova-std/
[2026-05-25T10:34:57Z] #618 attempt=1/6 status=200 0.811s url=https://www.myfonts.com/products.json?limit=100&page=22
[2026-05-25T10:34:58Z] #619 attempt=1/2 status=200 0.297s url=https://www.myfonts.com/products/regular-black-morgana-1156913
[2026-05-25T10:34:59Z] #620 attempt=1/2 status=200 0.372s url=https://www.myfonts.com/collections/black-morgana-font-alit-design/
[2026-05-25T10:35:00Z] #621 attempt=1/6 status=200 0.900s url=https://www.myfonts.com/products.json?limit=100&page=23
[2026-05-25T10:35:01Z] #622 attempt=1/2 status=200 0.324s url=https://www.myfonts.com/products/regular-essence-purelight-1157412
[2026-05-25T10:35:01Z] #623 attempt=1/2 status=200 0.342s url=https://www.myfonts.com/collections/essence-purelight-font-bonjourtype/
[2026-05-25T10:35:03Z] #624 attempt=1/6 status=200 0.742s url=https://www.myfonts.com/products.json?limit=100&page=24
[2026-05-25T10:35:03Z] #625 attempt=1/2 status=200 0.309s url=https://www.myfonts.com/products/regular-enrole-1156017
[2026-05-25T10:35:03Z] #626 attempt=1/2 status=429 0.056s url=https://www.myfonts.com/collections/enrole-font-vadova-std/
[2026-05-25T10:35:06Z] #627 attempt=2/2 status=200 0.428s url=https://www.myfonts.com/collections/enrole-font-vadova-std/
[2026-05-25T10:35:07Z] #628 attempt=1/6 status=200 0.847s url=https://www.myfonts.com/products.json?limit=100&page=25
[2026-05-25T10:35:08Z] #629 attempt=1/2 status=200 0.304s url=https://www.myfonts.com/products/regular-the-rakety-bophaq-1156034
[2026-05-25T10:35:08Z] #630 attempt=1/2 status=200 0.371s url=https://www.myfonts.com/collections/the-rakety-bophaq-font-pineungtype-misinklab/
[2026-05-25T10:35:09Z] summary releases=223 first_429=(74, 'https://www.myfonts.com/collections/orvique-font-hakara-type/', 0.05505681037902832) log_file=state/myfonts_run_20260525_102510.log
[2026-05-25T10:35:09Z] === MyFonts crawl end ===
