[2026-05-14T08:47:52Z] checkpoint fresh next_page=1 path=state/myfonts_crawl_checkpoint.json
[2026-05-14T08:47:52Z] === MyFonts crawl start source=myfonts ===
[2026-05-14T08:47:52Z] config max_pages=25 page_size=100 start_date=2026-05-13 end_date=2026-05-14 api_delay=0.5s detail_delay=0.2s max_debut_checks=400 max_tech_specs_checks=200 reuse_success_profile=False always_enrich_packages=True language_script_signal_mode=strong force_fresh_run=False start_page=1 browser_mode=False browser_headless=True browser_storage_state_path=state/myfonts_storage_state.json
[2026-05-14T08:47:54Z] #1 attempt=1/6 status=200 1.284s url=https://www.myfonts.com/products.json?limit=100&page=1
[2026-05-14T08:47:56Z] #2 attempt=1/2 status=200 1.625s url=https://www.myfonts.com/products/scripted-bundle-package-1018864
[2026-05-14T08:47:56Z] #3 attempt=1/2 status=404 0.686s url=https://www.myfonts.com/collections/scripted-bundle-font-lemonthe
[2026-05-14T08:47:57Z] #4 attempt=1/2 status=200 0.561s url=https://www.myfonts.com/products/semi-bold-merta-sans-1152407
[2026-05-14T08:47:58Z] #5 attempt=1/2 status=200 0.379s url=https://www.myfonts.com/collections/merta-sans-font-lettertype-studio/
[2026-05-14T08:47:58Z] #6 attempt=1/2 status=200 0.191s url=https://www.myfonts.com/collections/merta-sans-font-lettertype-studio/?tab=techSpecs
[2026-05-14T08:48:00Z] #7 attempt=1/2 status=200 0.639s url=https://www.myfonts.com/products/extra-light-condensed-qorvyn-1152436
[2026-05-14T08:48:00Z] #8 attempt=1/2 status=200 0.267s url=https://www.myfonts.com/collections/qorvyn-font-groenstudio/
[2026-05-14T08:48:01Z] #9 attempt=1/2 status=200 0.162s url=https://www.myfonts.com/collections/qorvyn-font-groenstudio/?tab=techSpecs
[2026-05-14T08:48:02Z] #10 attempt=1/2 status=200 0.960s url=https://www.myfonts.com/products/slant-riodis-1152080
[2026-05-14T08:48:03Z] #11 attempt=1/2 status=200 0.864s url=https://www.myfonts.com/collections/riodis-font-propertype/
[2026-05-14T08:48:04Z] #12 attempt=1/2 status=200 0.223s url=https://www.myfonts.com/collections/riodis-font-propertype/?tab=techSpecs
[2026-05-14T08:48:05Z] #13 attempt=1/2 status=200 0.322s url=https://www.myfonts.com/products/slowley-complete-family-package-1151942
[2026-05-14T08:48:06Z] #14 attempt=1/2 status=200 0.421s url=https://www.myfonts.com/collections/slowley-font-koplexs-studio/
[2026-05-14T08:48:06Z] #15 attempt=1/2 status=200 0.241s url=https://www.myfonts.com/collections/slowley-font-koplexs-studio/?tab=techSpecs
[2026-05-14T08:48:08Z] #16 attempt=1/2 status=200 0.328s url=https://www.myfonts.com/products/nice-gourmet-complete-family-package-1151924
[2026-05-14T08:48:09Z] #17 attempt=1/2 status=200 0.747s url=https://www.myfonts.com/collections/nice-gourmet-font-eko-bimantara/
[2026-05-14T08:48:09Z] #18 attempt=1/2 status=200 0.298s url=https://www.myfonts.com/collections/nice-gourmet-font-eko-bimantara/?tab=techSpecs
[2026-05-14T08:48:10Z] #19 attempt=1/2 status=200 0.335s url=https://www.myfonts.com/products/cocktails-poetry-complete-family-package-1151886
[2026-05-14T08:48:11Z] #20 attempt=1/2 status=200 0.551s url=https://www.myfonts.com/collections/cocktails-poetry-font-stylishtype-studio/
[2026-05-14T08:48:12Z] #21 attempt=1/2 status=200 0.224s url=https://www.myfonts.com/collections/cocktails-poetry-font-stylishtype-studio/?tab=techSpecs
[2026-05-14T08:48:13Z] #22 attempt=1/2 status=200 0.353s url=https://www.myfonts.com/products/fasthon-complete-family-package-1151873
[2026-05-14T08:48:14Z] #23 attempt=1/2 status=200 0.587s url=https://www.myfonts.com/collections/fasthon-font-artisan-themes/
[2026-05-14T08:48:14Z] #24 attempt=1/2 status=200 0.192s url=https://www.myfonts.com/collections/fasthon-font-artisan-themes/?tab=techSpecs
[2026-05-14T08:48:16Z] #25 attempt=1/2 status=200 0.442s url=https://www.myfonts.com/products/moraic-complete-family-package-1151816
[2026-05-14T08:48:16Z] #26 attempt=1/2 status=200 0.359s url=https://www.myfonts.com/collections/moraic-font-ethylene/
[2026-05-14T08:48:17Z] #27 attempt=1/2 status=200 0.217s url=https://www.myfonts.com/collections/moraic-font-ethylene/?tab=techSpecs
[2026-05-14T08:48:18Z] #28 attempt=1/2 status=200 0.668s url=https://www.myfonts.com/products/astra-otter-complete-family-package-1151774
[2026-05-14T08:48:19Z] #29 attempt=1/2 status=200 0.839s url=https://www.myfonts.com/collections/astra-otter-font-ottertype/
[2026-05-14T08:48:20Z] #30 attempt=1/2 status=200 0.198s url=https://www.myfonts.com/collections/astra-otter-font-ottertype/?tab=techSpecs
[2026-05-14T08:48:21Z] #31 attempt=1/2 status=200 0.338s url=https://www.myfonts.com/products/regisha-aurelia-complete-family-package-1151978
[2026-05-14T08:48:22Z] #32 attempt=1/2 status=200 0.429s url=https://www.myfonts.com/collections/regisha-aurelia-font-madjack-font/
[2026-05-14T08:48:22Z] #33 attempt=1/2 status=200 0.227s url=https://www.myfonts.com/collections/regisha-aurelia-font-madjack-font/?tab=techSpecs
[2026-05-14T08:48:24Z] #34 attempt=1/2 status=200 0.434s url=https://www.myfonts.com/products/limit-display-variable-concept-complete-family-package-1151524
[2026-05-14T08:48:24Z] #35 attempt=1/2 status=200 0.433s url=https://www.myfonts.com/collections/limit-display-variable-concept-font-bold-guys/
[2026-05-14T08:48:25Z] #36 attempt=1/2 status=200 0.154s url=https://www.myfonts.com/collections/limit-display-variable-concept-font-bold-guys/?tab=techSpecs
[2026-05-14T08:48:26Z] #37 attempt=1/2 status=200 0.527s url=https://www.myfonts.com/products/limit-frwy-complete-family-package-1151540
[2026-05-14T08:48:27Z] #38 attempt=1/2 status=200 0.866s url=https://www.myfonts.com/collections/limit-frwy-font-bold-guys/
[2026-05-14T08:48:28Z] #39 attempt=1/2 status=200 0.186s url=https://www.myfonts.com/collections/limit-frwy-font-bold-guys/?tab=techSpecs
[2026-05-14T08:48:29Z] #40 attempt=1/2 status=200 0.354s url=https://www.myfonts.com/products/karthins-complete-family-package-1151933
[2026-05-14T08:48:30Z] #41 attempt=1/2 status=200 0.390s url=https://www.myfonts.com/collections/karthins-font-letterena-studios/
[2026-05-14T08:48:30Z] #42 attempt=1/2 status=200 0.150s url=https://www.myfonts.com/collections/karthins-font-letterena-studios/?tab=techSpecs
[2026-05-14T08:48:32Z] #43 attempt=1/2 status=200 0.952s url=https://www.myfonts.com/products/limit-display-xcompressed-package-1151769
[2026-05-14T08:48:34Z] #44 attempt=1/2 status=200 1.575s url=https://www.myfonts.com/collections/limit-display-font-bold-guys/
[2026-05-14T08:48:35Z] #45 attempt=1/2 status=200 0.205s url=https://www.myfonts.com/collections/limit-display-font-bold-guys/?tab=techSpecs
[2026-05-14T08:48:36Z] #46 attempt=1/2 status=200 0.367s url=https://www.myfonts.com/products/joyme-complete-family-package-1151912
[2026-05-14T08:48:37Z] #47 attempt=1/2 status=200 0.479s url=https://www.myfonts.com/collections/joyme-font-eko-bimantara/
[2026-05-14T08:48:37Z] #48 attempt=1/2 status=200 0.158s url=https://www.myfonts.com/collections/joyme-font-eko-bimantara/?tab=techSpecs
[2026-05-14T08:48:38Z] #49 attempt=1/2 status=200 0.363s url=https://www.myfonts.com/products/silk-serif-essentials-package-1152004
[2026-05-14T08:48:39Z] #50 attempt=1/2 status=200 0.954s url=https://www.myfonts.com/collections/silk-serif-font-silktype/
[2026-05-14T08:48:40Z] #51 attempt=1/2 status=200 0.154s url=https://www.myfonts.com/collections/silk-serif-font-silktype/?tab=techSpecs
[2026-05-14T08:48:41Z] #52 attempt=1/2 status=200 0.334s url=https://www.myfonts.com/products/beqarins-rounded-complete-family-package-1151889
[2026-05-14T08:48:42Z] #53 attempt=1/2 status=200 0.557s url=https://www.myfonts.com/collections/beqarins-rounded-font-timelesstype-studio/
[2026-05-14T08:48:43Z] #54 attempt=1/2 status=200 0.216s url=https://www.myfonts.com/collections/beqarins-rounded-font-timelesstype-studio/?tab=techSpecs
[2026-05-14T08:48:44Z] #55 attempt=1/2 status=200 0.341s url=https://www.myfonts.com/products/bugery-gantik-complete-family-package-1151954
[2026-05-14T08:48:44Z] #56 attempt=1/2 status=200 0.390s url=https://www.myfonts.com/collections/bugery-gantik-font-timelesstype-studio/
[2026-05-14T08:48:45Z] #57 attempt=1/2 status=200 0.211s url=https://www.myfonts.com/collections/bugery-gantik-font-timelesstype-studio/?tab=techSpecs
[2026-05-14T08:48:46Z] #58 attempt=1/2 status=200 0.547s url=https://www.myfonts.com/products/ancestri-complete-family-package-1152005
[2026-05-14T08:48:47Z] #59 attempt=1/2 status=200 0.778s url=https://www.myfonts.com/collections/ancestri-font-nollev/
[2026-05-14T08:48:48Z] #60 attempt=1/2 status=200 0.198s url=https://www.myfonts.com/collections/ancestri-font-nollev/?tab=techSpecs
[2026-05-14T08:48:50Z] #61 attempt=1/2 status=200 1.194s url=https://www.myfonts.com/products/soft-package-1152026
[2026-05-14T08:48:52Z] #62 attempt=1/2 status=200 2.075s url=https://www.myfonts.com/collections/malisan-font-double-z-studio/
[2026-05-14T08:48:53Z] #63 attempt=1/2 status=200 0.214s url=https://www.myfonts.com/collections/malisan-font-double-z-studio/?tab=techSpecs
[2026-05-14T08:48:55Z] #64 attempt=1/2 status=200 0.297s url=https://www.myfonts.com/products/gridline-minimal-complete-family-package-1151892
[2026-05-14T08:48:55Z] #65 attempt=1/2 status=200 0.390s url=https://www.myfonts.com/collections/gridline-minimal-font-timelesstype-studio/
[2026-05-14T08:48:56Z] #66 attempt=1/2 status=200 0.182s url=https://www.myfonts.com/collections/gridline-minimal-font-timelesstype-studio/?tab=techSpecs
[2026-05-14T08:48:57Z] #67 attempt=1/2 status=429 0.036s url=https://www.myfonts.com/products/saeton-markers-complete-family-package-1151896
[2026-05-14T08:48:57Z] first_429 req=67 url=https://www.myfonts.com/products/saeton-markers-complete-family-package-1151896
[2026-05-14T08:48:59Z] #68 attempt=2/2 status=429 0.124s url=https://www.myfonts.com/products/saeton-markers-complete-family-package-1151896
[2026-05-14T08:49:04Z] max_retries_exhausted url=https://www.myfonts.com/products/saeton-markers-complete-family-package-1151896
[2026-05-14T08:49:05Z] #69 attempt=1/2 status=200 0.422s url=https://www.myfonts.com/collections/saeton-markers-font-stylishtype-studio
[2026-05-14T08:49:07Z] #70 attempt=1/2 status=200 1.679s url=https://www.myfonts.com/products/chairo-sans-complete-family-package-1151340
[2026-05-14T08:49:09Z] #71 attempt=1/2 status=200 1.875s url=https://www.myfonts.com/collections/chairo-sans-font-propertype/
[2026-05-14T08:49:10Z] #72 attempt=1/2 status=200 0.350s url=https://www.myfonts.com/products/gronik-complete-family-package-1151828
[2026-05-14T08:49:11Z] #73 attempt=1/2 status=200 0.385s url=https://www.myfonts.com/collections/gronik-font-jinan-studio/
[2026-05-14T08:49:11Z] #74 attempt=1/2 status=200 0.359s url=https://www.myfonts.com/products/limit-micro-variable-concept-complete-family-package-1151532
[2026-05-14T08:49:12Z] #75 attempt=1/2 status=200 0.523s url=https://www.myfonts.com/collections/limit-micro-variable-concept-font-bold-guys/
[2026-05-14T08:49:13Z] #76 attempt=1/2 status=200 0.739s url=https://www.myfonts.com/products/limit-micro-condensed-package-1151617
[2026-05-14T08:49:15Z] #77 attempt=1/2 status=200 1.585s url=https://www.myfonts.com/collections/limit-micro-font-bold-guys/
[2026-05-14T08:49:16Z] #78 attempt=1/2 status=200 0.322s url=https://www.myfonts.com/products/regal-drownfall-complete-family-package-1151831
[2026-05-14T08:49:16Z] #79 attempt=1/2 status=200 0.488s url=https://www.myfonts.com/collections/regal-drownfall-font-marvadesign/
[2026-05-14T08:49:17Z] #80 attempt=1/2 status=200 0.662s url=https://www.myfonts.com/products/limit-text-compressed-package-1151685
[2026-05-14T08:49:20Z] #81 attempt=1/2 status=200 2.112s url=https://www.myfonts.com/collections/limit-text-font-bold-guys/
[2026-05-14T08:49:21Z] #82 attempt=1/2 status=200 0.789s url=https://www.myfonts.com/products/normal-package-1151332
[2026-05-14T08:49:23Z] #83 attempt=1/2 status=200 1.289s url=https://www.myfonts.com/collections/gavion-font-mj-studio/
[2026-05-14T08:49:24Z] #84 attempt=1/2 status=200 0.482s url=https://www.myfonts.com/products/brook-complete-family-package-1151949
[2026-05-14T08:49:24Z] #85 attempt=1/2 status=200 0.524s url=https://www.myfonts.com/collections/brook-font-factory738/
[2026-05-14T08:49:25Z] #86 attempt=1/2 status=200 0.316s url=https://www.myfonts.com/products/luminor-complete-family-package-1151909
[2026-05-14T08:49:25Z] #87 attempt=1/2 status=200 0.356s url=https://www.myfonts.com/collections/luminor-font-rafis-type/
[2026-05-14T08:49:26Z] #88 attempt=1/2 status=200 0.451s url=https://www.myfonts.com/products/westburth-complete-family-package-1151969
[2026-05-14T08:49:27Z] #89 attempt=1/2 status=200 0.434s url=https://www.myfonts.com/collections/westburth-font-timelesstype-studio/
[2026-05-14T08:49:28Z] #90 attempt=1/2 status=200 0.392s url=https://www.myfonts.com/products/raisket-complete-family-package-1151957
[2026-05-14T08:49:28Z] #91 attempt=1/2 status=200 0.452s url=https://www.myfonts.com/collections/raisket-font-timelesstype-studio/
[2026-05-14T08:49:29Z] #92 attempt=1/2 status=200 0.645s url=https://www.myfonts.com/products/adore-mono-complete-family-package-1152028
[2026-05-14T08:49:30Z] #93 attempt=1/2 status=200 0.403s url=https://www.myfonts.com/collections/adore-mono-font-garagefonts/
[2026-05-14T08:49:30Z] #94 attempt=1/2 status=200 0.159s url=https://www.myfonts.com/collections/adore-mono-font-garagefonts/
[2026-05-14T08:49:31Z] #95 attempt=1/2 status=200 0.365s url=https://www.myfonts.com/products/limit-text-variable-concept-complete-family-package-1151528
[2026-05-14T08:49:32Z] #96 attempt=1/2 status=200 0.468s url=https://www.myfonts.com/collections/limit-text-variable-concept-font-bold-guys/
[2026-05-14T08:49:32Z] #97 attempt=1/2 status=200 0.368s url=https://www.myfonts.com/products/absture-complete-family-package-1151878
[2026-05-14T08:49:33Z] #98 attempt=1/2 status=200 0.431s url=https://www.myfonts.com/collections/absture-font-rotterlab-studio/
[2026-05-14T08:49:34Z] #99 attempt=1/2 status=200 0.373s url=https://www.myfonts.com/products/misago-sweet-complete-family-package-1151960
[2026-05-14T08:49:34Z] #100 attempt=1/2 status=200 0.416s url=https://www.myfonts.com/collections/misago-sweet-font-timelesstype-studio/
[2026-05-14T08:49:35Z] #101 attempt=1/2 status=200 0.408s url=https://www.myfonts.com/products/belavin-complete-family-package-1151930
[2026-05-14T08:49:36Z] #102 attempt=1/2 status=200 0.421s url=https://www.myfonts.com/collections/belavin-font-letterena-studios/
[2026-05-14T08:49:36Z] #103 attempt=1/2 status=200 0.428s url=https://www.myfonts.com/products/glander-complete-family-package-1151918
[2026-05-14T08:49:37Z] #104 attempt=1/2 status=200 0.490s url=https://www.myfonts.com/collections/glander-font-sensatype-studio/
[2026-05-14T08:49:38Z] #105 attempt=1/2 status=200 0.348s url=https://www.myfonts.com/products/bemhila-complete-family-package-1151945
[2026-05-14T08:49:38Z] #106 attempt=1/2 status=200 0.446s url=https://www.myfonts.com/collections/bemhila-font-letterena-studios/
[2026-05-14T08:49:39Z] #107 attempt=1/2 status=200 0.644s url=https://www.myfonts.com/products/vuska-black-complete-family-package-1152041
[2026-05-14T08:49:40Z] #108 attempt=1/2 status=200 0.820s url=https://www.myfonts.com/collections/vuska-black-font-propertype/
[2026-05-14T08:49:41Z] #109 attempt=1/2 status=200 0.338s url=https://www.myfonts.com/products/m-hei-hk-complete-family-package-1151773
[2026-05-14T08:49:42Z] #110 attempt=1/2 status=200 0.322s url=https://www.myfonts.com/collections/m-hei-hk-font-monotype-hk/
[2026-05-14T08:49:42Z] #111 attempt=1/2 status=200 0.377s url=https://www.myfonts.com/products/blazter-complete-family-package-1151964
[2026-05-14T08:49:42Z] #112 attempt=1/2 status=429 0.028s url=https://www.myfonts.com/collections/blazter-font-burntilldead/
[2026-05-14T08:49:45Z] #113 attempt=2/2 status=200 0.600s url=https://www.myfonts.com/collections/blazter-font-burntilldead/
[2026-05-14T08:49:46Z] #114 attempt=1/2 status=200 0.354s url=https://www.myfonts.com/products/bublo-complete-family-package-1151899
[2026-05-14T08:49:47Z] #115 attempt=1/2 status=200 0.627s url=https://www.myfonts.com/collections/bublo-font-divora-type/
[2026-05-14T08:49:47Z] #116 attempt=1/2 status=200 0.347s url=https://www.myfonts.com/products/limit-variable-concept-full-complete-family-package-1151520
[2026-05-14T08:49:48Z] #117 attempt=1/2 status=200 0.620s url=https://www.myfonts.com/collections/limit-variable-concept-full-font-bold-guys/
[2026-05-14T08:49:49Z] #118 attempt=1/2 status=200 0.445s url=https://www.myfonts.com/products/limit-frwy-variable-concept-complete-family-package-1151536
[2026-05-14T08:49:50Z] #119 attempt=1/2 status=200 0.483s url=https://www.myfonts.com/collections/limit-frwy-variable-concept-font-bold-guys/
[2026-05-14T08:49:51Z] #120 attempt=1/2 status=200 0.566s url=https://www.myfonts.com/products/nomu-massline-complete-family-package-1142838
[2026-05-14T08:49:51Z] #121 attempt=1/2 status=200 0.630s url=https://www.myfonts.com/collections/nomu-massline-font-new-yeast-foundry/
[2026-05-14T08:49:52Z] #122 attempt=1/2 status=200 0.472s url=https://www.myfonts.com/products/ebisu-complete-family-package-1144402
[2026-05-14T08:49:52Z] #123 attempt=1/2 status=429 0.026s url=https://www.myfonts.com/collections/ebisu-font-thinkdust/
[2026-05-14T08:49:56Z] #124 attempt=2/2 status=200 1.132s url=https://www.myfonts.com/collections/ebisu-font-thinkdust/
[2026-05-14T08:49:56Z] #125 attempt=1/2 status=200 0.314s url=https://www.myfonts.com/products/gummer-complete-family-package-1151853
[2026-05-14T08:49:57Z] #126 attempt=1/2 status=200 0.393s url=https://www.myfonts.com/collections/gummer-font-sensatype-studio/
[2026-05-14T08:49:58Z] #127 attempt=1/2 status=200 0.470s url=https://www.myfonts.com/products/roastery-handmade-complete-family-package-1151974
[2026-05-14T08:49:58Z] #128 attempt=1/2 status=200 0.392s url=https://www.myfonts.com/collections/roastery-handmade-font-cocodesign/
[2026-05-14T08:50:00Z] #129 attempt=1/2 status=200 1.664s url=https://www.myfonts.com/products/bigdora-complete-family-package-1152130
[2026-05-14T08:50:03Z] #130 attempt=1/2 status=200 1.858s url=https://www.myfonts.com/collections/bigdora-font-propertype/
[2026-05-14T08:50:04Z] #131 attempt=1/2 status=200 0.325s url=https://www.myfonts.com/products/gelipo-complete-family-package-1151937
[2026-05-14T08:50:05Z] #132 attempt=1/2 status=200 0.624s url=https://www.myfonts.com/collections/gelipo-font-font-liner/
[2026-05-14T08:50:05Z] #133 attempt=1/2 status=200 0.274s url=https://www.myfonts.com/products/regular-sx-smelten-1151982
[2026-05-14T08:50:06Z] #134 attempt=1/2 status=200 0.266s url=https://www.myfonts.com/collections/sx-smelten-font-sixtype-foundry/
[2026-05-14T08:50:07Z] #135 attempt=1/6 status=200 0.628s url=https://www.myfonts.com/products.json?limit=100&page=2
[2026-05-14T08:50:08Z] #136 attempt=1/2 status=200 0.511s url=https://www.myfonts.com/products/regular-swandale-1151917
[2026-05-14T08:50:08Z] #137 attempt=1/2 status=200 0.261s url=https://www.myfonts.com/collections/swandale-font-eko-bimantara/
[2026-05-14T08:50:09Z] #138 attempt=1/6 status=200 0.792s url=https://www.myfonts.com/products.json?limit=100&page=3
[2026-05-14T08:50:10Z] #139 attempt=1/2 status=200 0.329s url=https://www.myfonts.com/products/regular-rive-gothic-1151972
[2026-05-14T08:50:10Z] #140 attempt=1/2 status=200 0.298s url=https://www.myfonts.com/collections/rive-gothic-font-the-design-speak/
[2026-05-14T08:50:11Z] #141 attempt=1/2 status=200 0.340s url=https://www.myfonts.com/products/regular-bisa-kerja-1151923
[2026-05-14T08:50:12Z] #142 attempt=1/2 status=200 0.284s url=https://www.myfonts.com/collections/bisa-kerja-font-letterytz/
[2026-05-14T08:50:12Z] #143 attempt=1/2 status=429 0.034s url=https://www.myfonts.com/products/regular-uner-1151940
[2026-05-14T08:50:15Z] #144 attempt=2/2 status=200 0.510s url=https://www.myfonts.com/products/regular-uner-1151940
[2026-05-14T08:50:15Z] #145 attempt=1/2 status=200 0.365s url=https://www.myfonts.com/collections/uner-font-the-design-speak/
[2026-05-14T08:50:16Z] #146 attempt=1/6 status=200 0.585s url=https://www.myfonts.com/products.json?limit=100&page=4
[2026-05-14T08:50:17Z] #147 attempt=1/2 status=200 0.330s url=https://www.myfonts.com/products/regular-vonire-bound-1151963
[2026-05-14T08:50:18Z] #148 attempt=1/2 status=200 0.400s url=https://www.myfonts.com/collections/vonire-bound-font-alit-design/
[2026-05-14T08:50:18Z] #149 attempt=1/2 status=200 0.337s url=https://www.myfonts.com/products/regular-wonder-glow-1151941
[2026-05-14T08:50:19Z] #150 attempt=1/2 status=200 0.399s url=https://www.myfonts.com/collections/wonder-glow-font-fikryal/
[2026-05-14T08:50:19Z] #151 attempt=1/2 status=429 0.030s url=https://www.myfonts.com/products/regular-jubani-1151131
[2026-05-14T08:50:22Z] #152 attempt=2/2 status=200 0.383s url=https://www.myfonts.com/products/regular-jubani-1151131
[2026-05-14T08:50:22Z] #153 attempt=1/2 status=200 0.356s url=https://www.myfonts.com/collections/jubani-font-four-lines-std/
[2026-05-14T08:50:23Z] #154 attempt=1/2 status=200 0.469s url=https://www.myfonts.com/products/regular-monteo-1151983
[2026-05-14T08:50:24Z] #155 attempt=1/2 status=200 0.557s url=https://www.myfonts.com/collections/monteo-font-rasio-studio/
[2026-05-14T08:50:25Z] #156 attempt=1/2 status=200 0.433s url=https://www.myfonts.com/products/sl-wronghand-regular-wronghand-1151905
[2026-05-14T08:50:25Z] #157 attempt=1/2 status=200 0.300s url=https://www.myfonts.com/collections/wronghand-font-sloulyfe-studio/
[2026-05-14T08:50:26Z] #158 attempt=1/2 status=200 0.311s url=https://www.myfonts.com/products/evolnix-regular-evolnix-1151903
[2026-05-14T08:50:26Z] #159 attempt=1/2 status=429 0.115s url=https://www.myfonts.com/collections/evolnix-font-qiubare-studio/
[2026-05-14T08:50:29Z] #160 attempt=2/2 status=200 0.323s url=https://www.myfonts.com/collections/evolnix-font-qiubare-studio/
[2026-05-14T08:50:30Z] #161 attempt=1/6 status=200 0.835s url=https://www.myfonts.com/products.json?limit=100&page=5
[2026-05-14T08:50:31Z] #162 attempt=1/2 status=200 0.391s url=https://www.myfonts.com/products/variable-grenette-variable-1151988
[2026-05-14T08:50:31Z] #163 attempt=1/2 status=200 0.387s url=https://www.myfonts.com/collections/grenette-variable-font-colophon-foundry/
[2026-05-14T08:50:32Z] #164 attempt=1/2 status=200 0.389s url=https://www.myfonts.com/products/regular-stilenzio-roman-1151902
[2026-05-14T08:50:32Z] #165 attempt=1/2 status=200 0.258s url=https://www.myfonts.com/collections/stilenzio-roman-font-letterheadstudio-vg/
[2026-05-14T08:50:33Z] #166 attempt=1/2 status=429 0.026s url=https://www.myfonts.com/products/regular-cogog-1151907
[2026-05-14T08:50:35Z] #167 attempt=2/2 status=200 0.487s url=https://www.myfonts.com/products/regular-cogog-1151907
[2026-05-14T08:50:36Z] #168 attempt=1/2 status=200 0.365s url=https://www.myfonts.com/collections/cogog-font-canden-meutuah/
[2026-05-14T08:50:37Z] #169 attempt=1/6 status=200 0.877s url=https://www.myfonts.com/products.json?limit=100&page=6
[2026-05-14T08:50:38Z] #170 attempt=1/2 status=200 0.559s url=https://www.myfonts.com/products/regular-stretchy-organic-1151936
[2026-05-14T08:50:39Z] #171 attempt=1/2 status=200 0.290s url=https://www.myfonts.com/collections/stretchy-organic-font-azzam-ridhamalik/
[2026-05-14T08:50:39Z] #172 attempt=1/2 status=200 0.311s url=https://www.myfonts.com/products/regular-brhia-1151908
[2026-05-14T08:50:40Z] #173 attempt=1/2 status=200 0.261s url=https://www.myfonts.com/collections/brhia-font-bayuktx/
[2026-05-14T08:50:40Z] #174 attempt=1/2 status=200 0.387s url=https://www.myfonts.com/products/bold-rostun-1151852
[2026-05-14T08:50:41Z] #175 attempt=1/2 status=429 0.041s url=https://www.myfonts.com/collections/rostun-font-foxtype/
[2026-05-14T08:50:43Z] #176 attempt=2/2 status=200 0.313s url=https://www.myfonts.com/collections/rostun-font-foxtype/
[2026-05-14T08:50:44Z] #177 attempt=1/6 status=200 0.691s url=https://www.myfonts.com/products.json?limit=100&page=7
[2026-05-14T08:50:45Z] #178 attempt=1/2 status=200 0.280s url=https://www.myfonts.com/products/regular-ravishing-solidago-1151885
[2026-05-14T08:50:45Z] #179 attempt=1/2 status=200 0.265s url=https://www.myfonts.com/collections/ravishing-solidago-font-letterhanna-studio/
[2026-05-14T08:50:46Z] #180 attempt=1/2 status=200 0.441s url=https://www.myfonts.com/products/regular-duckin-1151819
[2026-05-14T08:50:47Z] #181 attempt=1/2 status=200 0.275s url=https://www.myfonts.com/collections/duckin-font-four-lines-std/
[2026-05-14T08:50:47Z] #182 attempt=1/2 status=429 0.033s url=https://www.myfonts.com/products/regular-prequel-1151815
[2026-05-14T08:50:50Z] #183 attempt=2/2 status=200 0.543s url=https://www.myfonts.com/products/regular-prequel-1151815
[2026-05-14T08:50:50Z] #184 attempt=1/2 status=200 0.337s url=https://www.myfonts.com/collections/prequel-font-glowtype/
[2026-05-14T08:50:51Z] #185 attempt=1/2 status=200 0.338s url=https://www.myfonts.com/products/regular-bic-gothic-1151984
[2026-05-14T08:50:51Z] #186 attempt=1/2 status=200 0.331s url=https://www.myfonts.com/collections/bic-gothic-font-the-design-speak/
[2026-05-14T08:50:52Z] #187 attempt=1/2 status=200 0.338s url=https://www.myfonts.com/products/regular-jhon-mona-1151973
[2026-05-14T08:50:53Z] #188 attempt=1/2 status=200 0.372s url=https://www.myfonts.com/collections/jhon-mona-font-bayuktx/
[2026-05-14T08:50:53Z] #189 attempt=1/2 status=429 0.025s url=https://www.myfonts.com/products/regular-kuficality-1151981
[2026-05-14T08:50:56Z] #190 attempt=2/2 status=200 0.407s url=https://www.myfonts.com/products/regular-kuficality-1151981
[2026-05-14T08:50:56Z] #191 attempt=1/2 status=200 0.267s url=https://www.myfonts.com/collections/kuficality-font-letterhanna-studio/
[2026-05-14T08:50:57Z] #192 attempt=1/2 status=200 0.596s url=https://www.myfonts.com/products/regular-sleekie-pro-1151985
[2026-05-14T08:50:57Z] #193 attempt=1/2 status=200 0.264s url=https://www.myfonts.com/collections/sleekie-pro-font-the-design-speak/
[2026-05-14T08:50:59Z] #194 attempt=1/6 status=200 0.770s url=https://www.myfonts.com/products.json?limit=100&page=8
[2026-05-14T08:51:00Z] #195 attempt=1/2 status=200 0.651s url=https://www.myfonts.com/products/regular-bisquine-1151929
[2026-05-14T08:51:00Z] #196 attempt=1/2 status=200 0.353s url=https://www.myfonts.com/collections/bisquine-font-eko-bimantara/
[2026-05-14T08:51:01Z] #197 attempt=1/2 status=200 0.416s url=https://www.myfonts.com/products/regular-slicker-efirates-1151928
[2026-05-14T08:51:01Z] #198 attempt=1/2 status=429 0.035s url=https://www.myfonts.com/collections/slicker-efirates-font-pineungtype-misinklab/
[2026-05-14T08:51:04Z] #199 attempt=2/2 status=200 0.324s url=https://www.myfonts.com/collections/slicker-efirates-font-pineungtype-misinklab/
[2026-05-14T08:51:04Z] #200 attempt=1/2 status=200 0.416s url=https://www.myfonts.com/products/regular-noctune-1151927
[2026-05-14T08:51:05Z] #201 attempt=1/2 status=200 0.271s url=https://www.myfonts.com/collections/noctune-font-letterena-studios/
[2026-05-14T08:51:06Z] #202 attempt=1/2 status=200 0.542s url=https://www.myfonts.com/products/regular-wolves-at-vespers-1151913
[2026-05-14T08:51:06Z] #203 attempt=1/2 status=200 0.335s url=https://www.myfonts.com/collections/wolves-at-vespers-font-the-design-speak/
[2026-05-14T08:51:07Z] #204 attempt=1/2 status=429 0.040s url=https://www.myfonts.com/products/regular-mestain-1151877
[2026-05-14T08:51:09Z] #205 attempt=2/2 status=200 0.342s url=https://www.myfonts.com/products/regular-mestain-1151877
[2026-05-14T08:51:10Z] #206 attempt=1/2 status=200 0.404s url=https://www.myfonts.com/collections/mestain-font-letterhend/
[2026-05-14T08:51:10Z] #207 attempt=1/2 status=200 0.320s url=https://www.myfonts.com/products/regular-al-bahjah-1151876
[2026-05-14T08:51:11Z] #208 attempt=1/2 status=200 0.325s url=https://www.myfonts.com/collections/al-bahjah-font-denustudio/
[2026-05-14T08:51:12Z] #209 attempt=1/6 status=200 0.630s url=https://www.myfonts.com/products.json?limit=100&page=9
[2026-05-14T08:51:13Z] #210 attempt=1/2 status=200 0.477s url=https://www.myfonts.com/products/moltrik-regular-moltrik-1151904
[2026-05-14T08:51:13Z] #211 attempt=1/2 status=200 0.299s url=https://www.myfonts.com/collections/moltrik-font-qiubare-studio/
[2026-05-14T08:51:15Z] #212 attempt=1/6 status=200 1.020s url=https://www.myfonts.com/products.json?limit=100&page=10
[2026-05-14T08:51:16Z] #213 attempt=1/2 status=200 0.459s url=https://www.myfonts.com/products/regular-night-sally-1151948
[2026-05-14T08:51:16Z] #214 attempt=1/2 status=200 0.256s url=https://www.myfonts.com/collections/night-sally-font-epiclinez/
[2026-05-14T08:51:16Z] #215 attempt=1/2 status=429 0.031s url=https://www.myfonts.com/products/regular-velvet-land-1151895
[2026-05-14T08:51:19Z] #216 attempt=2/2 status=200 0.524s url=https://www.myfonts.com/products/regular-velvet-land-1151895
[2026-05-14T08:51:20Z] #217 attempt=1/2 status=200 0.362s url=https://www.myfonts.com/collections/velvet-land-font-epiclinez/
[2026-05-14T08:51:21Z] #218 attempt=1/2 status=200 0.528s url=https://www.myfonts.com/products/ring-neck-complete-family-package-1152322
[2026-05-14T08:51:21Z] #219 attempt=1/2 status=200 0.580s url=https://www.myfonts.com/collections/ring-neck-font-ochakov/
[2026-05-14T08:51:22Z] #220 attempt=1/2 status=200 0.296s url=https://www.myfonts.com/products/3x5-complete-family-package-1148650
[2026-05-14T08:51:23Z] #221 attempt=1/2 status=200 0.378s url=https://www.myfonts.com/collections/3x5-font-k-type/
[2026-05-14T08:51:23Z] #222 attempt=1/2 status=429 0.030s url=https://www.myfonts.com/products/regular-nightcrawler-1151906
[2026-05-14T08:51:26Z] #223 attempt=2/2 status=200 0.407s url=https://www.myfonts.com/products/regular-nightcrawler-1151906
[2026-05-14T08:51:26Z] #224 attempt=1/2 status=200 0.274s url=https://www.myfonts.com/collections/nightcrawler-font-the-design-speak/
[2026-05-14T08:51:27Z] #225 attempt=1/2 status=200 0.466s url=https://www.myfonts.com/products/imagin-complete-family-package-1151276
[2026-05-14T08:51:28Z] #226 attempt=1/2 status=200 0.555s url=https://www.myfonts.com/collections/imagin-font-dora-typefoundry/
[2026-05-14T08:51:28Z] #227 attempt=1/2 status=200 0.392s url=https://www.myfonts.com/products/dilabo-complete-family-package-1151273
[2026-05-14T08:51:29Z] #228 attempt=1/2 status=200 0.503s url=https://www.myfonts.com/collections/dilabo-font-vermilione/
[2026-05-14T08:51:30Z] #229 attempt=1/2 status=200 0.419s url=https://www.myfonts.com/products/fragcore-complete-family-package-1151158
[2026-05-14T08:51:30Z] #230 attempt=1/2 status=429 0.038s url=https://www.myfonts.com/collections/fragcore-font-vozzy/
[2026-05-14T08:51:33Z] #231 attempt=2/2 status=200 0.418s url=https://www.myfonts.com/collections/fragcore-font-vozzy/
[2026-05-14T08:51:33Z] #232 attempt=1/2 status=200 0.331s url=https://www.myfonts.com/products/stockbridge-display-complete-family-package-1150842
[2026-05-14T08:51:34Z] #233 attempt=1/2 status=200 0.687s url=https://www.myfonts.com/collections/stockbridge-display-font-wearecolt/
[2026-05-14T08:51:35Z] #234 attempt=1/2 status=200 0.440s url=https://www.myfonts.com/products/it-caldor-complete-family-package-1151117
[2026-05-14T08:51:36Z] #235 attempt=1/2 status=200 0.467s url=https://www.myfonts.com/collections/it-caldor-font-creatifont-studio/
[2026-05-14T08:51:36Z] #236 attempt=1/2 status=200 0.425s url=https://www.myfonts.com/products/upright-package-1150905
[2026-05-14T08:51:37Z] #237 attempt=1/2 status=200 0.718s url=https://www.myfonts.com/collections/nuvetra-font-rndi-type-foundry/
[2026-05-14T08:51:38Z] #238 attempt=1/2 status=200 0.762s url=https://www.myfonts.com/products/semi-condensed-package-1151337
[2026-05-14T08:51:40Z] #239 attempt=1/2 status=200 1.598s url=https://www.myfonts.com/collections/gigestha-font-mj-studio/
[2026-05-14T08:51:41Z] #240 attempt=1/2 status=200 0.330s url=https://www.myfonts.com/products/gattino-spazio-complete-family-package-1151064
[2026-05-14T08:51:42Z] #241 attempt=1/2 status=200 0.639s url=https://www.myfonts.com/collections/gattino-spazio-font-mbonster/
[2026-05-14T08:51:43Z] #242 attempt=1/2 status=200 0.405s url=https://www.myfonts.com/products/designer-edition-package-1151035
[2026-05-14T08:51:43Z] #243 attempt=1/2 status=200 0.607s url=https://www.myfonts.com/collections/tbj-cota-sans-font-taboja-studio/
[2026-05-14T08:51:44Z] #244 attempt=1/2 status=200 0.400s url=https://www.myfonts.com/products/fagor-complete-family-package-1151152
[2026-05-14T08:51:45Z] #245 attempt=1/2 status=200 0.406s url=https://www.myfonts.com/collections/fagor-font-font-liner/
[2026-05-14T08:51:45Z] #246 attempt=1/2 status=429 0.037s url=https://www.myfonts.com/products/marcante-complete-family-package-1146802
[2026-05-14T08:51:48Z] #247 attempt=2/2 status=200 0.415s url=https://www.myfonts.com/products/marcante-complete-family-package-1146802
[2026-05-14T08:51:48Z] #248 attempt=1/2 status=200 0.601s url=https://www.myfonts.com/collections/marcante-font-latinotype/
[2026-05-14T08:51:50Z] #249 attempt=1/2 status=200 0.679s url=https://www.myfonts.com/products/leonardo-sans-complete-family-package-1151313
[2026-05-14T08:51:50Z] #250 attempt=1/2 status=200 0.617s url=https://www.myfonts.com/collections/leonardo-sans-font-factory738/
[2026-05-14T08:51:51Z] #251 attempt=1/2 status=200 0.441s url=https://www.myfonts.com/products/nerogen-text-style-package-1151149
[2026-05-14T08:51:52Z] #252 attempt=1/2 status=200 0.650s url=https://www.myfonts.com/collections/nerogen-font-sign-studio/
[2026-05-14T08:51:53Z] #253 attempt=1/2 status=200 0.470s url=https://www.myfonts.com/products/astreum-gradient-complete-family-package-1150911
[2026-05-14T08:51:54Z] #254 attempt=1/2 status=200 0.606s url=https://www.myfonts.com/collections/astreum-gradient-font-shape-studio/
[2026-05-14T08:51:54Z] #255 attempt=1/2 status=200 0.394s url=https://www.myfonts.com/products/golden-crumbs-complete-family-package-1151077
[2026-05-14T08:51:55Z] #256 attempt=1/2 status=200 0.536s url=https://www.myfonts.com/collections/golden-crumbs-font-littlehand/
[2026-05-14T08:51:55Z] #257 attempt=1/2 status=429 0.030s url=https://www.myfonts.com/products/desevon-complete-family-package-1151051
[2026-05-14T08:51:58Z] #258 attempt=2/2 status=200 0.594s url=https://www.myfonts.com/products/desevon-complete-family-package-1151051
[2026-05-14T08:51:59Z] #259 attempt=1/2 status=200 0.413s url=https://www.myfonts.com/collections/desevon-font-burntilldead/
[2026-05-14T08:52:00Z] #260 attempt=1/2 status=200 0.447s url=https://www.myfonts.com/products/gc-basic-inktrap-monospace-complete-family-package-1151120
[2026-05-14T08:52:00Z] #261 attempt=1/2 status=200 0.413s url=https://www.myfonts.com/collections/gc-basic-inktrap-monospace-font-onyx-studio/
[2026-05-14T08:52:01Z] #262 attempt=1/2 status=200 0.395s url=https://www.myfonts.com/products/rolynx-complete-family-package-1151067
[2026-05-14T08:52:02Z] #263 attempt=1/2 status=200 0.512s url=https://www.myfonts.com/collections/rolynx-font-madjack-font/
[2026-05-14T08:52:02Z] #264 attempt=1/2 status=200 0.374s url=https://www.myfonts.com/products/modus-complete-family-package-1151300
[2026-05-14T08:52:03Z] #265 attempt=1/2 status=429 0.028s url=https://www.myfonts.com/collections/modus-font-garagefonts/
[2026-05-14T08:52:05Z] #266 attempt=2/2 status=200 0.594s url=https://www.myfonts.com/collections/modus-font-garagefonts/
[2026-05-14T08:52:06Z] #267 attempt=1/2 status=200 0.411s url=https://www.myfonts.com/products/midnight-reflection-complete-family-package-1151110
[2026-05-14T08:52:07Z] #268 attempt=1/2 status=200 0.465s url=https://www.myfonts.com/collections/midnight-reflection-font-fikryal/
[2026-05-14T08:52:08Z] #269 attempt=1/2 status=200 0.574s url=https://www.myfonts.com/products/owning-sans-complete-family-package-1151224
[2026-05-14T08:52:09Z] #270 attempt=1/2 status=200 0.743s url=https://www.myfonts.com/collections/owning-sans-font-dora-typefoundry/
[2026-05-14T08:52:09Z] #271 attempt=1/2 status=200 0.390s url=https://www.myfonts.com/products/chaak-complete-family-package-1151289
[2026-05-14T08:52:10Z] #272 attempt=1/2 status=200 0.817s url=https://www.myfonts.com/collections/chaak-font-ixipcalli/
[2026-05-14T08:52:11Z] #273 attempt=1/2 status=200 0.344s url=https://www.myfonts.com/products/musline-complete-family-package-1151060
[2026-05-14T08:52:12Z] #274 attempt=1/2 status=200 0.393s url=https://www.myfonts.com/collections/musline-font-burntilldead/
[2026-05-14T08:52:12Z] #275 attempt=1/2 status=200 0.360s url=https://www.myfonts.com/products/gatecode-complete-family-package-1151133
[2026-05-14T08:52:13Z] #276 attempt=1/2 status=429 0.029s url=https://www.myfonts.com/collections/gatecode-font-ragamkata/
[2026-05-14T08:52:15Z] #277 attempt=2/2 status=200 0.527s url=https://www.myfonts.com/collections/gatecode-font-ragamkata/
[2026-05-14T08:52:16Z] #278 attempt=1/2 status=200 0.338s url=https://www.myfonts.com/products/laguna-tropic-complete-family-package-1151208
[2026-05-14T08:52:17Z] #279 attempt=1/2 status=200 0.810s url=https://www.myfonts.com/collections/laguna-tropic-font-edignwn-type/
[2026-05-14T08:52:18Z] #280 attempt=1/2 status=200 0.411s url=https://www.myfonts.com/products/tbj-neuetra-complete-family-package-1151016
[2026-05-14T08:52:19Z] #281 attempt=1/2 status=200 0.651s url=https://www.myfonts.com/collections/tbj-neuetra-font-taboja-studio/
[2026-05-14T08:52:19Z] #282 attempt=1/2 status=200 0.485s url=https://www.myfonts.com/products/cholla-springs-complete-family-package-1151181
[2026-05-14T08:52:20Z] #283 attempt=1/2 status=200 0.500s url=https://www.myfonts.com/collections/cholla-springs-font-vozzy/
[2026-05-14T08:52:21Z] #284 attempt=1/2 status=200 0.386s url=https://www.myfonts.com/products/boogie-blast-complete-family-package-1151054
[2026-05-14T08:52:21Z] #285 attempt=1/2 status=429 0.039s url=https://www.myfonts.com/collections/boogie-blast-font-sipanji21/
[2026-05-14T08:52:24Z] #286 attempt=2/2 status=200 0.686s url=https://www.myfonts.com/collections/boogie-blast-font-sipanji21/
[2026-05-14T08:52:25Z] #287 attempt=1/2 status=200 0.367s url=https://www.myfonts.com/products/racemans-american-complete-family-package-1150907
[2026-05-14T08:52:25Z] #288 attempt=1/2 status=200 0.467s url=https://www.myfonts.com/collections/racemans-american-font-timelesstype-studio/
[2026-05-14T08:52:26Z] #289 attempt=1/2 status=200 0.318s url=https://www.myfonts.com/products/boserich-complete-family-package-1151047
[2026-05-14T08:52:27Z] #290 attempt=1/2 status=200 0.474s url=https://www.myfonts.com/collections/boserich-font-burntilldead/
[2026-05-14T08:52:27Z] #291 attempt=1/2 status=200 0.316s url=https://www.myfonts.com/products/arbuckle-complete-family-package-1151310
[2026-05-14T08:52:28Z] #292 attempt=1/2 status=200 0.390s url=https://www.myfonts.com/collections/arbuckle-font-garagefonts/
[2026-05-14T08:52:28Z] #293 attempt=1/2 status=429 0.031s url=https://www.myfonts.com/products/rovas-complete-family-package-1151125
[2026-05-14T08:52:31Z] #294 attempt=2/2 status=200 0.431s url=https://www.myfonts.com/products/rovas-complete-family-package-1151125
[2026-05-14T08:52:31Z] #295 attempt=1/2 status=200 0.444s url=https://www.myfonts.com/collections/rovas-font-grontype/
[2026-05-14T08:52:32Z] #296 attempt=1/2 status=200 0.389s url=https://www.myfonts.com/products/naxero-complete-family-package-1151204
[2026-05-14T08:52:33Z] #297 attempt=1/2 status=200 0.473s url=https://www.myfonts.com/collections/naxero-font-tini-fitriani/
[2026-05-14T08:52:34Z] #298 attempt=1/2 status=200 0.400s url=https://www.myfonts.com/products/foermality-sans-pro-complete-family-package-1151081
[2026-05-14T08:52:34Z] #299 attempt=1/2 status=200 0.627s url=https://www.myfonts.com/collections/foermality-sans-pro-font-laroyba-type/
[2026-05-14T08:52:35Z] #300 attempt=1/2 status=200 0.400s url=https://www.myfonts.com/products/west-postage-complete-family-package-1151213
[2026-05-14T08:52:35Z] #301 attempt=1/2 status=429 0.041s url=https://www.myfonts.com/collections/west-postage-font-sarid-ezra/
[2026-05-14T08:52:38Z] #302 attempt=2/2 status=200 0.420s url=https://www.myfonts.com/collections/west-postage-font-sarid-ezra/
[2026-05-14T08:52:39Z] #303 attempt=1/2 status=200 0.447s url=https://www.myfonts.com/products/curly-blush-complete-family-package-1151216
[2026-05-14T08:52:39Z] #304 attempt=1/2 status=200 0.412s url=https://www.myfonts.com/collections/curly-blush-font-littlehand/
[2026-05-14T08:52:40Z] #305 attempt=1/2 status=200 0.431s url=https://www.myfonts.com/products/costague-complete-family-package-1151114
[2026-05-14T08:52:41Z] #306 attempt=1/2 status=200 0.413s url=https://www.myfonts.com/collections/costague-font-eko-bimantara/
[2026-05-14T08:52:41Z] #307 attempt=1/2 status=200 0.364s url=https://www.myfonts.com/products/sandpack-variable-complete-family-package-1151309
[2026-05-14T08:52:42Z] #308 attempt=1/2 status=429 0.030s url=https://www.myfonts.com/collections/sandpack-variable-font-collectype/
[2026-05-14T08:52:44Z] #309 attempt=2/2 status=200 0.494s url=https://www.myfonts.com/collections/sandpack-variable-font-collectype/
[2026-05-14T08:52:45Z] #310 attempt=1/2 status=200 0.408s url=https://www.myfonts.com/products/ring-soft-complete-family-package-1151006
[2026-05-14T08:52:46Z] #311 attempt=1/2 status=200 0.522s url=https://www.myfonts.com/collections/ring-soft-font-ochakov/
[2026-05-14T08:52:47Z] #312 attempt=1/2 status=200 0.419s url=https://www.myfonts.com/products/barnforge-complete-family-package-1151200
[2026-05-14T08:52:47Z] #313 attempt=1/2 status=200 0.535s url=https://www.myfonts.com/collections/barnforge-font-vozzy/
[2026-05-14T08:52:48Z] #314 attempt=1/2 status=200 0.306s url=https://www.myfonts.com/products/kawahara-complete-family-package-1151082
[2026-05-14T08:52:48Z] #315 attempt=1/2 status=200 0.193s url=https://www.myfonts.com/collections/kawahara-font-agung-sudirman/
[2026-05-14T08:52:49Z] #316 attempt=1/2 status=429 0.025s url=https://www.myfonts.com/products/camden-mrkt-complete-family-package-1151197
[2026-05-14T08:52:51Z] #317 attempt=2/2 status=200 0.402s url=https://www.myfonts.com/products/camden-mrkt-complete-family-package-1151197
[2026-05-14T08:52:52Z] #318 attempt=1/2 status=200 0.465s url=https://www.myfonts.com/collections/camden-mrkt-font-vozzy/
[2026-05-14T08:52:53Z] #319 attempt=1/2 status=200 0.414s url=https://www.myfonts.com/products/campus-varsity-complete-family-package-1151186
[2026-05-14T08:52:53Z] #320 attempt=1/2 status=200 0.479s url=https://www.myfonts.com/collections/campus-varsity-font-vozzy/
[2026-05-14T08:52:54Z] #321 attempt=1/2 status=200 0.302s url=https://www.myfonts.com/products/focsio-complete-family-package-1151044
[2026-05-14T08:52:54Z] #322 attempt=1/2 status=429 0.026s url=https://www.myfonts.com/collections/focsio-font-tini-fitriani/
[2026-05-14T08:52:57Z] #323 attempt=2/2 status=200 0.452s url=https://www.myfonts.com/collections/focsio-font-tini-fitriani/
[2026-05-14T08:52:58Z] #324 attempt=1/2 status=200 0.428s url=https://www.myfonts.com/products/lecrace-complete-family-package-1150875
[2026-05-14T08:52:58Z] #325 attempt=1/2 status=200 0.547s url=https://www.myfonts.com/collections/lecrace-font-mevstory-studio/
[2026-05-14T08:52:59Z] #326 attempt=1/2 status=200 0.451s url=https://www.myfonts.com/products/novaire-complete-family-package-1150866
[2026-05-14T08:53:00Z] #327 attempt=1/2 status=200 0.677s url=https://www.myfonts.com/collections/novaire-font-enfeeltype/
[2026-05-14T08:53:01Z] #328 attempt=1/2 status=200 0.408s url=https://www.myfonts.com/products/signat-complete-family-package-1151162
[2026-05-14T08:53:02Z] #329 attempt=1/2 status=200 0.556s url=https://www.myfonts.com/collections/signat-font-tipotype/
[2026-05-14T08:53:02Z] #330 attempt=1/2 status=200 0.309s url=https://www.myfonts.com/products/sorpant-complete-family-package-1151041
[2026-05-14T08:53:02Z] #331 attempt=1/2 status=429 0.025s url=https://www.myfonts.com/collections/sorpant-font-jolicia-type/
[2026-05-14T08:53:05Z] #332 attempt=2/2 status=200 0.472s url=https://www.myfonts.com/collections/sorpant-font-jolicia-type/
[2026-05-14T08:53:06Z] #333 attempt=1/2 status=200 0.366s url=https://www.myfonts.com/products/royal-veins-complete-family-package-1151036
[2026-05-14T08:53:06Z] #334 attempt=1/2 status=200 0.365s url=https://www.myfonts.com/collections/royal-veins-font-denustudio/
[2026-05-14T08:53:07Z] #335 attempt=1/2 status=200 0.309s url=https://www.myfonts.com/products/saned-complete-family-package-1151298
[2026-05-14T08:53:08Z] #336 attempt=1/2 status=200 0.374s url=https://www.myfonts.com/collections/saned-font-hishand-studio/
[2026-05-14T08:53:08Z] #337 attempt=1/2 status=200 0.339s url=https://www.myfonts.com/products/advance-glowing-sans-complete-family-package-1151107
[2026-05-14T08:53:08Z] #338 attempt=1/2 status=429 0.026s url=https://www.myfonts.com/collections/advance-glowing-sans-font-madjack-font/
[2026-05-14T08:53:11Z] #339 attempt=2/2 status=200 0.547s url=https://www.myfonts.com/collections/advance-glowing-sans-font-madjack-font/
[2026-05-14T08:53:13Z] #340 attempt=1/6 status=200 0.732s url=https://www.myfonts.com/products.json?limit=100&page=11
[2026-05-14T08:53:13Z] #341 attempt=1/2 status=200 0.352s url=https://www.myfonts.com/products/regular-chief-rock-1151076
[2026-05-14T08:53:14Z] #342 attempt=1/2 status=200 0.344s url=https://www.myfonts.com/collections/chief-rock-font-epiclinez/
[2026-05-14T08:53:14Z] #343 attempt=1/2 status=200 0.301s url=https://www.myfonts.com/products/regular-khattalib-1151040
[2026-05-14T08:53:15Z] #344 attempt=1/2 status=200 0.341s url=https://www.myfonts.com/collections/khattalib-font-nian-keun-studio/
[2026-05-14T08:53:15Z] #345 attempt=1/2 status=200 0.317s url=https://www.myfonts.com/products/regular-fang-malic-1151039
[2026-05-14T08:53:16Z] #346 attempt=1/2 status=429 0.027s url=https://www.myfonts.com/collections/fang-malic-font-alit-design/
[2026-05-14T08:53:18Z] #347 attempt=2/2 status=200 0.376s url=https://www.myfonts.com/collections/fang-malic-font-alit-design/
[2026-05-14T08:53:19Z] #348 attempt=1/2 status=200 0.319s url=https://www.myfonts.com/products/regular-marcellyna-1151222
[2026-05-14T08:53:19Z] #349 attempt=1/2 status=200 0.336s url=https://www.myfonts.com/collections/marcellyna-font-inviline/
[2026-05-14T08:53:20Z] #350 attempt=1/2 status=200 0.419s url=https://www.myfonts.com/products/regular-enchanted-thread-1151207
[2026-05-14T08:53:21Z] #351 attempt=1/2 status=200 0.301s url=https://www.myfonts.com/collections/enchanted-thread-font-medialabco/
[2026-05-14T08:53:21Z] #352 attempt=1/2 status=200 0.305s url=https://www.myfonts.com/products/regular-velafine-1151113
[2026-05-14T08:53:21Z] #353 attempt=1/2 status=429 0.025s url=https://www.myfonts.com/collections/velafine-font-rasio-studio/
[2026-05-14T08:53:24Z] #354 attempt=2/2 status=200 0.272s url=https://www.myfonts.com/collections/velafine-font-rasio-studio/
[2026-05-14T08:53:25Z] #355 attempt=1/2 status=200 0.368s url=https://www.myfonts.com/products/regular-basenk-1151106
[2026-05-14T08:53:25Z] #356 attempt=1/2 status=200 0.269s url=https://www.myfonts.com/collections/basenk-font-kangfont-studio/
[2026-05-14T08:53:26Z] #357 attempt=1/2 status=200 0.311s url=https://www.myfonts.com/products/regular-ugloed-1151155
[2026-05-14T08:53:26Z] #358 attempt=1/2 status=429 0.033s url=https://www.myfonts.com/collections/ugloed-font-letterheadstudio-vg/
[2026-05-14T08:53:28Z] #359 attempt=2/2 status=200 0.358s url=https://www.myfonts.com/collections/ugloed-font-letterheadstudio-vg/
[2026-05-14T08:53:30Z] #360 attempt=1/6 status=200 0.723s url=https://www.myfonts.com/products.json?limit=100&page=12
[2026-05-14T08:53:30Z] #361 attempt=1/2 status=200 0.445s url=https://www.myfonts.com/products/regular-qetela-joosy-1151103
[2026-05-14T08:53:31Z] #362 attempt=1/2 status=200 0.258s url=https://www.myfonts.com/collections/qetela-joosy-font-bayuktx/
[2026-05-14T08:53:32Z] #363 attempt=1/2 status=200 0.310s url=https://www.myfonts.com/products/regular-girthy-display-1151150
[2026-05-14T08:53:32Z] #364 attempt=1/2 status=200 0.426s url=https://www.myfonts.com/collections/girthy-display-font-silverdav/
[2026-05-14T08:53:33Z] #365 attempt=1/2 status=200 0.370s url=https://www.myfonts.com/products/regular-duckling-1151128
[2026-05-14T08:53:33Z] #366 attempt=1/2 status=200 0.283s url=https://www.myfonts.com/collections/duckling-font-alpaprana/
[2026-05-14T08:53:34Z] #367 attempt=1/2 status=429 0.025s url=https://www.myfonts.com/products/script-nocturnal-blossom-1151130
[2026-05-14T08:53:36Z] #368 attempt=2/2 status=200 0.381s url=https://www.myfonts.com/products/script-nocturnal-blossom-1151130
[2026-05-14T08:53:37Z] #369 attempt=1/2 status=200 0.334s url=https://www.myfonts.com/collections/nocturnal-blossom-font-collectype/
[2026-05-14T08:53:37Z] #370 attempt=1/2 status=200 0.362s url=https://www.myfonts.com/products/regular-freetags-1151080
[2026-05-14T08:53:38Z] #371 attempt=1/2 status=200 0.368s url=https://www.myfonts.com/collections/freetags-font-gassstype/
[2026-05-14T08:53:39Z] #372 attempt=1/2 status=200 0.448s url=https://www.myfonts.com/products/regular-rustic-market-1151129
[2026-05-14T08:53:39Z] #373 attempt=1/2 status=429 0.032s url=https://www.myfonts.com/collections/rustic-market-font-collectype/
[2026-05-14T08:53:42Z] #374 attempt=2/2 status=200 0.350s url=https://www.myfonts.com/collections/rustic-market-font-collectype/
[2026-05-14T08:53:43Z] #375 attempt=1/6 status=200 0.708s url=https://www.myfonts.com/products.json?limit=100&page=13
[2026-05-14T08:53:43Z] #376 attempt=1/2 status=200 0.399s url=https://www.myfonts.com/products/regular-macaria-1151223
[2026-05-14T08:53:44Z] #377 attempt=1/2 status=200 0.270s url=https://www.myfonts.com/collections/macaria-font-imoodev/
[2026-05-14T08:53:45Z] #378 attempt=1/2 status=200 0.337s url=https://www.myfonts.com/products/regular-bront-olo-1151104
[2026-05-14T08:53:45Z] #379 attempt=1/2 status=200 0.308s url=https://www.myfonts.com/collections/bront-olo-font-kangfont-studio/
[2026-05-14T08:53:46Z] #380 attempt=1/2 status=200 0.279s url=https://www.myfonts.com/products/regular-baruzen-karma-1151151
[2026-05-14T08:53:46Z] #381 attempt=1/2 status=429 0.026s url=https://www.myfonts.com/collections/baruzen-karma-font-letterhanna-studio/
[2026-05-14T08:53:48Z] #382 attempt=2/2 status=200 0.339s url=https://www.myfonts.com/collections/baruzen-karma-font-letterhanna-studio/
[2026-05-14T08:53:49Z] #383 attempt=1/2 status=200 0.363s url=https://www.myfonts.com/products/regular-margiona-1151105
[2026-05-14T08:53:50Z] #384 attempt=1/2 status=200 0.326s url=https://www.myfonts.com/collections/margiona-font-rasio-studio/
[2026-05-14T08:53:50Z] #385 attempt=1/2 status=200 0.300s url=https://www.myfonts.com/products/regular-pistachio-brush-1150910
[2026-05-14T08:53:51Z] #386 attempt=1/2 status=200 0.362s url=https://www.myfonts.com/collections/pistachio-brush-font-gatype/
[2026-05-14T08:53:51Z] #387 attempt=1/2 status=429 0.059s url=https://www.myfonts.com/products/italic-bakery-megals-1150827
[2026-05-14T08:53:54Z] #388 attempt=2/2 status=200 0.468s url=https://www.myfonts.com/products/italic-bakery-megals-1150827
[2026-05-14T08:53:55Z] #389 attempt=1/2 status=200 0.576s url=https://www.myfonts.com/collections/bakery-megals-font-timelesstype-studio/
[2026-05-14T08:53:55Z] #390 attempt=1/2 status=200 0.344s url=https://www.myfonts.com/products/regular-mokel-1151157
[2026-05-14T08:53:56Z] #391 attempt=1/2 status=200 0.466s url=https://www.myfonts.com/collections/mokel-font-black-junst/
[2026-05-14T08:53:57Z] #392 attempt=1/2 status=200 0.404s url=https://www.myfonts.com/products/regular-montella-cracken-1151132
[2026-05-14T08:53:57Z] #393 attempt=1/2 status=200 0.313s url=https://www.myfonts.com/collections/montella-cracken-font-collectype/
[2026-05-14T08:53:58Z] #394 attempt=1/2 status=200 0.366s url=https://www.myfonts.com/products/regular-alkomary-1150834
[2026-05-14T08:53:58Z] #395 attempt=1/2 status=429 0.040s url=https://www.myfonts.com/collections/alkomary-font-monolimes/
[2026-05-14T08:54:01Z] #396 attempt=2/2 status=200 0.321s url=https://www.myfonts.com/collections/alkomary-font-monolimes/
[2026-05-14T08:54:01Z] #397 attempt=1/2 status=200 0.415s url=https://www.myfonts.com/products/regular-pretty-amelina-1151156
[2026-05-14T08:54:02Z] #398 attempt=1/2 status=200 0.401s url=https://www.myfonts.com/collections/pretty-amelina-font-aisyah/
[2026-05-14T08:54:03Z] #399 attempt=1/6 status=200 0.811s url=https://www.myfonts.com/products.json?limit=100&page=14
[2026-05-14T08:54:04Z] #400 attempt=1/2 status=200 0.301s url=https://www.myfonts.com/products/regular-mellisca-1150845
[2026-05-14T08:54:04Z] #401 attempt=1/2 status=200 0.371s url=https://www.myfonts.com/collections/mellisca-font-thirtypath-studio/
[2026-05-14T08:54:05Z] #402 attempt=1/2 status=200 0.720s url=https://www.myfonts.com/products/semi-exp-bold-italic-bebas-neue-pro-204882
[2026-05-14T08:54:07Z] #403 attempt=1/2 status=200 1.171s url=https://www.myfonts.com/collections/bebas-neue-pro-font-dharma-type/
[2026-05-14T08:54:08Z] #404 attempt=1/2 status=200 0.330s url=https://www.myfonts.com/products/sans-caprint-1150840
[2026-05-14T08:54:08Z] #405 attempt=1/2 status=200 0.540s url=https://www.myfonts.com/collections/caprint-font-bale-type/
[2026-05-14T08:54:09Z] #406 attempt=1/2 status=200 0.405s url=https://www.myfonts.com/products/makenfy-complete-family-package-1150756
[2026-05-14T08:54:09Z] #407 attempt=1/2 status=429 0.033s url=https://www.myfonts.com/collections/makenfy-font-timelesstype-studio/
[2026-05-14T08:54:12Z] #408 attempt=2/2 status=200 0.562s url=https://www.myfonts.com/collections/makenfy-font-timelesstype-studio/
[2026-05-14T08:54:13Z] #409 attempt=1/2 status=200 0.430s url=https://www.myfonts.com/products/kenbu-pop-complete-family-package-1150765
[2026-05-14T08:54:14Z] #410 attempt=1/2 status=200 0.658s url=https://www.myfonts.com/collections/kenbu-pop-font-ketiga-foundry/
[2026-05-14T08:54:15Z] #411 attempt=1/2 status=200 1.105s url=https://www.myfonts.com/products/normal-package-1150552
[2026-05-14T08:54:17Z] #412 attempt=1/2 status=200 2.088s url=https://www.myfonts.com/collections/brigife-font-rastype-studio/
[2026-05-14T08:54:19Z] #413 attempt=1/2 status=200 0.444s url=https://www.myfonts.com/products/parnelle-complete-family-package-1150623
[2026-05-14T08:54:19Z] #414 attempt=1/2 status=200 0.473s url=https://www.myfonts.com/collections/parnelle-font-youthlabs/
[2026-05-14T08:54:20Z] #415 attempt=1/2 status=200 0.387s url=https://www.myfonts.com/products/alqest-complete-family-package-1150626
[2026-05-14T08:54:21Z] #416 attempt=1/2 status=200 0.406s url=https://www.myfonts.com/collections/alqest-font-zaain-type/
[2026-05-14T08:54:21Z] #417 attempt=1/2 status=200 0.316s url=https://www.myfonts.com/products/arvitto-complete-family-package-1150762
[2026-05-14T08:54:22Z] #418 attempt=1/2 status=200 0.491s url=https://www.myfonts.com/collections/arvitto-font-tini-fitriani/
[2026-05-14T08:54:23Z] #419 attempt=1/2 status=200 0.380s url=https://www.myfonts.com/products/magdes-complete-family-package-1150778
[2026-05-14T08:54:23Z] #420 attempt=1/2 status=200 0.410s url=https://www.myfonts.com/collections/magdes-font-timelesstype-studio/
[2026-05-14T08:54:24Z] #421 attempt=1/2 status=200 0.294s url=https://www.myfonts.com/products/aipshar-complete-family-package-1150616
[2026-05-14T08:54:25Z] #422 attempt=1/2 status=200 0.595s url=https://www.myfonts.com/collections/aipshar-font-tini-fitriani/
[2026-05-14T08:54:25Z] #423 attempt=1/2 status=200 0.384s url=https://www.myfonts.com/products/monoblock-complete-family-package-1150553
[2026-05-14T08:54:26Z] #424 attempt=1/2 status=429 0.038s url=https://www.myfonts.com/collections/monoblock-font-glowtype/
[2026-05-14T08:54:29Z] #425 attempt=2/2 status=200 0.825s url=https://www.myfonts.com/collections/monoblock-font-glowtype/
[2026-05-14T08:54:30Z] #426 attempt=1/2 status=200 0.517s url=https://www.myfonts.com/products/althera-complete-family-package-1150738
[2026-05-14T08:54:31Z] #427 attempt=1/2 status=200 0.862s url=https://www.myfonts.com/collections/althera-font-syauqi-studio/
[2026-05-14T08:54:31Z] #428 attempt=1/2 status=200 0.446s url=https://www.myfonts.com/products/hero-bump-complete-family-package-1150629
[2026-05-14T08:54:32Z] #429 attempt=1/2 status=200 0.493s url=https://www.myfonts.com/collections/hero-bump-font-figuree-studio/
[2026-05-14T08:54:33Z] #430 attempt=1/2 status=200 0.318s url=https://www.myfonts.com/products/bright-kondi-complete-family-package-1150728
[2026-05-14T08:54:34Z] #431 attempt=1/2 status=200 0.780s url=https://www.myfonts.com/collections/bright-kondi-font-timelesstype-studio/
[2026-05-14T08:54:35Z] #432 attempt=1/2 status=200 0.492s url=https://www.myfonts.com/products/david-mf-complete-family-package-1150538
[2026-05-14T08:54:35Z] #433 attempt=1/2 status=200 0.412s url=https://www.myfonts.com/collections/david-font-masterfont/
[2026-05-14T08:54:36Z] #434 attempt=1/2 status=200 0.179s url=https://www.myfonts.com/collections/david-font-masterfont/
[2026-05-14T08:54:36Z] #435 attempt=1/2 status=429 0.032s url=https://www.myfonts.com/products/lelagei-complete-family-package-1150759
[2026-05-14T08:54:39Z] #436 attempt=2/2 status=200 0.410s url=https://www.myfonts.com/products/lelagei-complete-family-package-1150759
[2026-05-14T08:54:39Z] #437 attempt=1/2 status=200 0.446s url=https://www.myfonts.com/collections/lelagei-font-gatype/
[2026-05-14T08:54:40Z] #438 attempt=1/2 status=200 0.382s url=https://www.myfonts.com/products/atomic-beers-complete-family-package-1150731
[2026-05-14T08:54:41Z] #439 attempt=1/2 status=200 0.601s url=https://www.myfonts.com/collections/atomic-beers-font-timelesstype-studio/
[2026-05-14T08:54:42Z] #440 attempt=1/2 status=200 0.804s url=https://www.myfonts.com/products/orvian-complete-family-package-1150638
[2026-05-14T08:54:43Z] #441 attempt=1/2 status=200 1.070s url=https://www.myfonts.com/collections/orvian-font-donyadesign/
[2026-05-14T08:54:44Z] #442 attempt=1/2 status=200 0.416s url=https://www.myfonts.com/products/cubic-ranger-complete-family-package-1150734
[2026-05-14T08:54:45Z] #443 attempt=1/2 status=200 0.502s url=https://www.myfonts.com/collections/cubic-ranger-font-timelesstype-studio/
[2026-05-14T08:54:46Z] #444 attempt=1/2 status=200 0.372s url=https://www.myfonts.com/products/laderas-complete-family-package-1150633
[2026-05-14T08:54:46Z] #445 attempt=1/2 status=200 0.645s url=https://www.myfonts.com/collections/laderas-font-salsipuedes/
[2026-05-14T08:54:47Z] #446 attempt=1/2 status=200 0.494s url=https://www.myfonts.com/products/logpose-complete-family-package-1150781
[2026-05-14T08:54:48Z] #447 attempt=1/2 status=200 0.734s url=https://www.myfonts.com/collections/logpose-font-factory738/
[2026-05-14T08:54:49Z] #448 attempt=1/2 status=200 0.368s url=https://www.myfonts.com/products/regular-strawberry-milkshake-1150620
[2026-05-14T08:54:49Z] #449 attempt=1/2 status=429 0.037s url=https://www.myfonts.com/collections/strawberry-milkshake-font-subectype/
[2026-05-14T08:54:52Z] #450 attempt=2/2 status=200 0.375s url=https://www.myfonts.com/collections/strawberry-milkshake-font-subectype/
[2026-05-14T08:54:52Z] #451 attempt=1/2 status=200 0.321s url=https://www.myfonts.com/products/regular-belgina-1150619
[2026-05-14T08:54:53Z] #452 attempt=1/2 status=200 0.237s url=https://www.myfonts.com/collections/belgina-font-typoraith-co/
[2026-05-14T08:54:54Z] #453 attempt=1/2 status=200 0.639s url=https://www.myfonts.com/products/semi-bold-italic-qlaxe-serif-1150815
[2026-05-14T08:54:55Z] #454 attempt=1/2 status=200 0.691s url=https://www.myfonts.com/collections/qlaxe-serif-font-nollev/
[2026-05-14T08:54:55Z] #455 attempt=1/2 status=200 0.295s url=https://www.myfonts.com/products/regular-groovy-bigsky-1150829
[2026-05-14T08:54:56Z] #456 attempt=1/2 status=200 0.474s url=https://www.myfonts.com/collections/groovy-bigsky-font-timelesstype-studio/
[2026-05-14T08:54:56Z] #457 attempt=1/2 status=429 0.030s url=https://www.myfonts.com/products/regular-briola-1150737
[2026-05-14T08:54:59Z] #458 attempt=2/2 status=200 0.434s url=https://www.myfonts.com/products/regular-briola-1150737
[2026-05-14T08:54:59Z] #459 attempt=1/2 status=200 0.277s url=https://www.myfonts.com/collections/briola-font-sensatype-studio/
[2026-05-14T08:55:00Z] #460 attempt=1/2 status=200 0.443s url=https://www.myfonts.com/products/regular-jack-the-mouse-1150727
[2026-05-14T08:55:01Z] #461 attempt=1/2 status=200 0.370s url=https://www.myfonts.com/collections/jack-the-mouse-font-sipanji21/
[2026-05-14T08:55:02Z] #462 attempt=1/6 status=200 0.855s url=https://www.myfonts.com/products.json?limit=100&page=15
[2026-05-14T08:55:03Z] #463 attempt=1/2 status=200 0.411s url=https://www.myfonts.com/products/rounded-pixelta-1150837
[2026-05-14T08:55:04Z] #464 attempt=1/2 status=200 0.639s url=https://www.myfonts.com/collections/pixelta-font-blankids/
[2026-05-14T08:55:05Z] #465 attempt=1/2 status=200 0.546s url=https://www.myfonts.com/products/regular-roadpunks-1150622
[2026-05-14T08:55:05Z] #466 attempt=1/2 status=200 0.423s url=https://www.myfonts.com/collections/roadpunks-font-figuree-studio/
[2026-05-14T08:55:06Z] #467 attempt=1/2 status=429 0.027s url=https://www.myfonts.com/products/jadent-tagriel-regular-mc-jadent-tagriel-1150674
[2026-05-14T08:55:08Z] #468 attempt=2/2 status=200 0.420s url=https://www.myfonts.com/products/jadent-tagriel-regular-mc-jadent-tagriel-1150674
[2026-05-14T08:55:09Z] #469 attempt=1/2 status=200 0.338s url=https://www.myfonts.com/collections/mc-jadent-tagriel-font-maulana-creative/
[2026-05-14T08:55:09Z] #470 attempt=1/2 status=200 0.366s url=https://www.myfonts.com/products/regular-toasty-summer-1150621
[2026-05-14T08:55:10Z] #471 attempt=1/2 status=200 0.262s url=https://www.myfonts.com/collections/toasty-summer-font-seemly-fonts/
[2026-05-14T08:55:10Z] #472 attempt=1/2 status=200 0.359s url=https://www.myfonts.com/products/monoblock-black-monoblock-variable-1150564
[2026-05-14T08:55:11Z] #473 attempt=1/2 status=200 0.457s url=https://www.myfonts.com/collections/monoblock-variable-font-glowtype/
[2026-05-14T08:55:12Z] #474 attempt=1/2 status=429 0.051s url=https://www.myfonts.com/products/regular-gafloc-1150832
[2026-05-14T08:55:14Z] #475 attempt=2/2 status=200 0.369s url=https://www.myfonts.com/products/regular-gafloc-1150832
[2026-05-14T08:55:15Z] #476 attempt=1/2 status=200 0.529s url=https://www.myfonts.com/collections/gafloc-font-timelesstype-studio/
[2026-05-14T08:55:16Z] #477 attempt=1/6 status=200 0.860s url=https://www.myfonts.com/products.json?limit=100&page=16
[2026-05-14T08:55:17Z] #478 attempt=1/2 status=200 0.306s url=https://www.myfonts.com/products/regular-heranch-1150639
[2026-05-14T08:55:17Z] #479 attempt=1/2 status=200 0.274s url=https://www.myfonts.com/collections/heranch-font-flawlessandco/
[2026-05-14T08:55:18Z] #480 attempt=1/2 status=200 0.365s url=https://www.myfonts.com/products/regular-megiula-1150632
[2026-05-14T08:55:18Z] #481 attempt=1/2 status=200 0.297s url=https://www.myfonts.com/collections/megiula-font-sealoung/
[2026-05-14T08:55:19Z] #482 attempt=1/2 status=429 0.035s url=https://www.myfonts.com/products/regular-clarsen-1150755
[2026-05-14T08:55:21Z] #483 attempt=2/2 status=200 0.417s url=https://www.myfonts.com/products/regular-clarsen-1150755
[2026-05-14T08:55:22Z] #484 attempt=1/2 status=200 0.278s url=https://www.myfonts.com/collections/clarsen-font-sensatype-studio/
[2026-05-14T08:55:23Z] #485 attempt=1/2 status=200 1.117s url=https://www.myfonts.com/products/handcrafted-signature-font-bundle-package-772696
[2026-05-14T08:55:24Z] #486 attempt=1/2 status=404 0.179s url=https://www.myfonts.com/collections/handcrafted-signature-font-bundle-font-lemonthe
[2026-05-14T08:55:24Z] #487 attempt=1/2 status=200 0.299s url=https://www.myfonts.com/products/italic-regular-ca-emeralda-1150405
[2026-05-14T08:55:25Z] #488 attempt=1/2 status=200 0.629s url=https://www.myfonts.com/collections/ca-emeralda-font-cape-arcona/
[2026-05-14T08:55:26Z] #489 attempt=1/2 status=200 0.413s url=https://www.myfonts.com/products/gotham-variable-complete-family-package-1128984
[2026-05-14T08:55:26Z] #490 attempt=1/2 status=200 0.312s url=https://www.myfonts.com/collections/gotham-variable-font-hoefler-and-co/
[2026-05-14T08:55:27Z] #491 attempt=1/2 status=429 0.040s url=https://www.myfonts.com/products/essential-sans-package-1150452
[2026-05-14T08:55:30Z] #492 attempt=2/2 status=200 1.111s url=https://www.myfonts.com/products/essential-sans-package-1150452
[2026-05-14T08:55:30Z] #493 attempt=1/2 status=404 0.225s url=https://www.myfonts.com/collections/essential-sans-font-fontop
[2026-05-14T08:55:31Z] #494 attempt=1/2 status=200 0.765s url=https://www.myfonts.com/products/quarter-theory-complete-family-package-1150330
[2026-05-14T08:55:33Z] #495 attempt=1/2 status=200 1.485s url=https://www.myfonts.com/collections/quarter-theory-font-propertype/
[2026-05-14T08:55:34Z] #496 attempt=1/2 status=200 0.463s url=https://www.myfonts.com/products/big-whoop-bb-complete-family-package-1149794
[2026-05-14T08:55:35Z] #497 attempt=1/2 status=200 0.700s url=https://www.myfonts.com/collections/big-whoop-bb-font-blambot/
[2026-05-14T08:55:36Z] #498 attempt=1/2 status=200 0.435s url=https://www.myfonts.com/products/sukuna-complete-family-package-1149806
[2026-05-14T08:55:36Z] #499 attempt=1/2 status=200 0.371s url=https://www.myfonts.com/collections/sukuna-font-letternesia-studio/
[2026-05-14T08:55:37Z] #500 attempt=1/2 status=200 0.879s url=https://www.myfonts.com/products/flektura-complete-family-package-1150116
[2026-05-14T08:55:39Z] #501 attempt=1/2 status=200 0.886s url=https://www.myfonts.com/collections/flektura-font-propertype/
[2026-05-14T08:55:39Z] #502 attempt=1/2 status=200 0.356s url=https://www.myfonts.com/products/aneatra-complete-family-package-1149519
[2026-05-14T08:55:40Z] #503 attempt=1/2 status=200 0.436s url=https://www.myfonts.com/collections/aneatra-font-ahweproject/
[2026-05-14T08:55:41Z] #504 attempt=1/2 status=200 0.380s url=https://www.myfonts.com/products/valex-complete-family-package-1149494
[2026-05-14T08:55:42Z] #505 attempt=1/2 status=200 0.547s url=https://www.myfonts.com/collections/valex-font-flavortype/
[2026-05-14T08:55:42Z] #506 attempt=1/2 status=200 0.300s url=https://www.myfonts.com/products/velorath-complete-family-package-1149801
[2026-05-14T08:55:43Z] #507 attempt=1/2 status=200 0.453s url=https://www.myfonts.com/collections/velorath-font-mevstory-studio/
[2026-05-14T08:55:43Z] #508 attempt=1/2 status=429 0.031s url=https://www.myfonts.com/products/heart-package-1149864
[2026-05-14T08:55:46Z] #509 attempt=2/2 status=200 0.398s url=https://www.myfonts.com/products/heart-package-1149864
[2026-05-14T08:55:47Z] #510 attempt=1/2 status=200 0.514s url=https://www.myfonts.com/collections/cereza-chocolate-font-persik-merino-arte/
[2026-05-14T08:55:47Z] #511 attempt=1/2 status=200 0.387s url=https://www.myfonts.com/products/cantilos-complete-family-package-1149481
[2026-05-14T08:55:48Z] #512 attempt=1/2 status=200 0.481s url=https://www.myfonts.com/collections/cantilos-font-artisan-themes/
[2026-05-14T08:55:49Z] #513 attempt=1/2 status=200 0.413s url=https://www.myfonts.com/products/under-trained-complete-family-package-1149505
[2026-05-14T08:55:49Z] #514 attempt=1/2 status=200 0.417s url=https://www.myfonts.com/collections/under-trained-font-arterfak-project/
[2026-05-14T08:55:50Z] #515 attempt=1/2 status=200 0.877s url=https://www.myfonts.com/products/nothern-sans-complete-family-package-1150264
[2026-05-14T08:55:52Z] #516 attempt=1/2 status=200 1.015s url=https://www.myfonts.com/collections/nothern-sans-font-propertype/
[2026-05-14T08:55:53Z] #517 attempt=1/2 status=200 0.341s url=https://www.myfonts.com/products/broteli-complete-family-package-1149491
[2026-05-14T08:55:53Z] #518 attempt=1/2 status=200 0.512s url=https://www.myfonts.com/collections/broteli-font-artisan-themes/
[2026-05-14T08:55:54Z] #519 attempt=1/2 status=200 0.799s url=https://www.myfonts.com/products/lebora-complete-family-package-1150051
[2026-05-14T08:55:56Z] #520 attempt=1/2 status=200 0.935s url=https://www.myfonts.com/collections/lebora-font-propertype/
[2026-05-14T08:55:56Z] #521 attempt=1/2 status=200 0.332s url=https://www.myfonts.com/products/drose-complete-family-package-1149847
[2026-05-14T08:55:57Z] #522 attempt=1/2 status=200 0.411s url=https://www.myfonts.com/collections/drose-font-typebae/
[2026-05-14T08:55:57Z] #523 attempt=1/2 status=429 0.029s url=https://www.myfonts.com/products/degitan-complete-family-package-1149187
[2026-05-14T08:56:01Z] #524 attempt=2/2 status=200 1.689s url=https://www.myfonts.com/products/degitan-complete-family-package-1149187
[2026-05-14T08:56:04Z] #525 attempt=1/2 status=200 2.258s url=https://www.myfonts.com/collections/degitan-font-propertype/
[2026-05-14T08:56:05Z] #526 attempt=1/2 status=200 0.481s url=https://www.myfonts.com/products/garlic-shine-complete-family-package-1150047
[2026-05-14T08:56:06Z] #527 attempt=1/2 status=200 0.612s url=https://www.myfonts.com/collections/garlic-shine-font-cocodesign/
[2026-05-14T08:56:07Z] #528 attempt=1/2 status=200 0.330s url=https://www.myfonts.com/products/think-complete-family-package-1149721
[2026-05-14T08:56:07Z] #529 attempt=1/2 status=200 0.447s url=https://www.myfonts.com/collections/think-font-up-up-creative/
[2026-05-14T08:56:08Z] #530 attempt=1/2 status=200 0.405s url=https://www.myfonts.com/products/gaprio-display-complete-family-package-1149508
[2026-05-14T08:56:09Z] #531 attempt=1/2 status=200 0.492s url=https://www.myfonts.com/collections/gaprio-display-font-lettertype-studio/
[2026-05-14T08:56:09Z] #532 attempt=1/2 status=200 0.406s url=https://www.myfonts.com/products/sravex-sports-complete-family-package-1149488
[2026-05-14T08:56:10Z] #533 attempt=1/2 status=200 0.624s url=https://www.myfonts.com/collections/sravex-sports-font-nirmana-visual/
[2026-05-14T08:56:11Z] #534 attempt=1/2 status=200 0.342s url=https://www.myfonts.com/products/seratonin-complete-family-package-1149485
[2026-05-14T08:56:12Z] #535 attempt=1/2 status=200 0.416s url=https://www.myfonts.com/collections/seratonin-font-artisan-themes/
[2026-05-14T08:56:12Z] #536 attempt=1/2 status=200 0.394s url=https://www.myfonts.com/products/the-popcuts-complete-family-package-1149855
[2026-05-14T08:56:13Z] #537 attempt=1/2 status=200 0.456s url=https://www.myfonts.com/collections/the-popcuts-font-get-studio/
[2026-05-14T08:56:14Z] #538 attempt=1/2 status=200 0.893s url=https://www.myfonts.com/products/morgazine-complete-family-package-1150190
[2026-05-14T08:56:15Z] #539 attempt=1/2 status=200 0.904s url=https://www.myfonts.com/collections/morgazine-font-propertype/
[2026-05-14T08:56:17Z] #540 attempt=1/2 status=200 0.845s url=https://www.myfonts.com/products/gorvain-stencil-complete-family-package-1149388
[2026-05-14T08:56:18Z] #541 attempt=1/2 status=200 1.172s url=https://www.myfonts.com/collections/gorvain-stencil-font-keren-studio/
[2026-05-14T08:56:19Z] #542 attempt=1/2 status=200 0.406s url=https://www.myfonts.com/products/bingers-complete-family-package-1149514
[2026-05-14T08:56:20Z] #543 attempt=1/2 status=200 0.591s url=https://www.myfonts.com/collections/bingers-font-timelesstype-studio/
[2026-05-14T08:56:21Z] #544 attempt=1/2 status=200 0.528s url=https://www.myfonts.com/products/hyper-squad-complete-family-package-1149852
[2026-05-14T08:56:21Z] #545 attempt=1/2 status=200 0.416s url=https://www.myfonts.com/collections/hyper-squad-font-figuree-studio/
[2026-05-14T08:56:22Z] #546 attempt=1/2 status=200 0.386s url=https://www.myfonts.com/products/cursive-holiday-complete-family-package-1149382
[2026-05-14T08:56:23Z] #547 attempt=1/2 status=200 0.374s url=https://www.myfonts.com/collections/cursive-holiday-font-tiny-graphix/
[2026-05-14T08:56:23Z] #548 attempt=1/2 status=200 0.497s url=https://www.myfonts.com/products/grand-highland-complete-family-package-1149511
[2026-05-14T08:56:24Z] #549 attempt=1/2 status=200 0.585s url=https://www.myfonts.com/collections/grand-highland-font-timelesstype-studio/
[2026-05-14T08:56:26Z] #550 attempt=1/6 status=200 0.809s url=https://www.myfonts.com/products.json?limit=100&page=17
[2026-05-14T08:56:27Z] #551 attempt=1/2 status=200 1.326s url=https://www.myfonts.com/products/fitgad-complete-family-package-1149540
[2026-05-14T08:56:29Z] #552 attempt=1/2 status=200 1.705s url=https://www.myfonts.com/collections/fitgad-font-propertype/
[2026-05-14T08:56:30Z] #553 attempt=1/2 status=200 0.615s url=https://www.myfonts.com/products/fx-wadag-complete-family-package-1149809
[2026-05-14T08:56:31Z] #554 attempt=1/2 status=200 0.757s url=https://www.myfonts.com/collections/fx-wadag-font-differentialtype/
[2026-05-14T08:56:32Z] #555 attempt=1/2 status=200 0.496s url=https://www.myfonts.com/products/old-riga-blackletter-complete-family-package-1149502
[2026-05-14T08:56:33Z] #556 attempt=1/2 status=200 0.509s url=https://www.myfonts.com/collections/old-riga-blackletter-font-kaer/
[2026-05-14T08:56:34Z] #557 attempt=1/2 status=200 0.512s url=https://www.myfonts.com/products/trivox-complete-family-package-1149497
[2026-05-14T08:56:34Z] #558 attempt=1/2 status=200 0.390s url=https://www.myfonts.com/collections/trivox-font-artisan-themes/
[2026-05-14T08:56:35Z] #559 attempt=1/2 status=200 0.373s url=https://www.myfonts.com/products/regular-lazy-moves-1149386
[2026-05-14T08:56:36Z] #560 attempt=1/2 status=200 0.473s url=https://www.myfonts.com/collections/lazy-moves-font-gassstype/
[2026-05-14T08:56:37Z] #561 attempt=1/2 status=200 0.399s url=https://www.myfonts.com/products/regular-urban-haze-1149387
[2026-05-14T08:56:37Z] #562 attempt=1/2 status=200 0.415s url=https://www.myfonts.com/collections/urban-haze-font-gassstype/
[2026-05-14T08:56:38Z] #563 attempt=1/6 status=429 0.028s url=https://www.myfonts.com/products.json?limit=100&page=18
[2026-05-14T08:56:41Z] #564 attempt=2/6 status=200 0.795s url=https://www.myfonts.com/products.json?limit=100&page=18
[2026-05-14T08:56:42Z] #565 attempt=1/2 status=200 0.349s url=https://www.myfonts.com/products/regular-hardpaper-1149850
[2026-05-14T08:56:42Z] #566 attempt=1/2 status=200 0.493s url=https://www.myfonts.com/collections/hardpaper-font-gatype/
[2026-05-14T08:56:43Z] #567 attempt=1/2 status=200 0.314s url=https://www.myfonts.com/products/regular-velcoro-1149531
[2026-05-14T08:56:44Z] #568 attempt=1/2 status=200 0.370s url=https://www.myfonts.com/collections/velcoro-font-rasio-studio/
[2026-05-14T08:56:44Z] #569 attempt=1/2 status=200 0.304s url=https://www.myfonts.com/products/regular-aamora-1149480
[2026-05-14T08:56:45Z] #570 attempt=1/2 status=200 0.418s url=https://www.myfonts.com/collections/aamora-font-gassstype/
[2026-05-14T08:56:45Z] #571 attempt=1/2 status=200 0.288s url=https://www.myfonts.com/products/regular-nexoris-1149846
[2026-05-14T08:56:46Z] #572 attempt=1/2 status=429 0.026s url=https://www.myfonts.com/collections/nexoris-font-rasio-studio/
[2026-05-14T08:56:48Z] #573 attempt=2/2 status=200 0.392s url=https://www.myfonts.com/collections/nexoris-font-rasio-studio/
[2026-05-14T08:56:49Z] #574 attempt=1/2 status=200 0.554s url=https://www.myfonts.com/products/regular-deamor-1149800
[2026-05-14T08:56:50Z] #575 attempt=1/2 status=200 0.344s url=https://www.myfonts.com/collections/deamor-font-bilahstudio/
[2026-05-14T08:56:51Z] #576 attempt=1/6 status=200 0.838s url=https://www.myfonts.com/products.json?limit=100&page=19
[2026-05-14T08:56:52Z] #577 attempt=1/6 status=200 0.693s url=https://www.myfonts.com/products.json?limit=100&page=20
[2026-05-14T08:56:53Z] #578 attempt=1/2 status=200 0.267s url=https://www.myfonts.com/products/regular-moduline-1149525
[2026-05-14T08:56:53Z] #579 attempt=1/2 status=200 0.420s url=https://www.myfonts.com/collections/moduline-font-vadova-std/
[2026-05-14T08:56:54Z] #580 attempt=1/2 status=200 0.476s url=https://www.myfonts.com/products/regular-onyra-1149527
[2026-05-14T08:56:55Z] #581 attempt=1/2 status=200 0.327s url=https://www.myfonts.com/collections/onyra-font-vadova-std/
[2026-05-14T08:56:55Z] #582 attempt=1/6 status=429 0.027s url=https://www.myfonts.com/products.json?limit=100&page=21
[2026-05-14T08:56:59Z] #583 attempt=2/6 status=200 0.770s url=https://www.myfonts.com/products.json?limit=100&page=21
[2026-05-14T08:56:59Z] #584 attempt=1/2 status=200 0.291s url=https://www.myfonts.com/products/regular-norvold-1149526
[2026-05-14T08:57:00Z] #585 attempt=1/2 status=200 0.286s url=https://www.myfonts.com/collections/norvold-font-vadova-std/
[2026-05-14T08:57:00Z] #586 attempt=1/2 status=200 0.357s url=https://www.myfonts.com/products/regular-dusk-fortwick-1149385
[2026-05-14T08:57:01Z] #587 attempt=1/2 status=200 0.333s url=https://www.myfonts.com/collections/dusk-fortwick-font-letterhanna-studio/
[2026-05-14T08:57:02Z] #588 attempt=1/2 status=200 0.694s url=https://www.myfonts.com/products/compressed-black-forley-display-1149750
[2026-05-14T08:57:03Z] #589 attempt=1/2 status=200 0.823s url=https://www.myfonts.com/collections/forley-display-font-monotype-imaging/
[2026-05-14T08:57:04Z] #590 attempt=1/6 status=200 0.720s url=https://www.myfonts.com/products.json?limit=100&page=22
[2026-05-14T08:57:05Z] #591 attempt=1/2 status=200 0.325s url=https://www.myfonts.com/products/regular-aexiron-1149532
[2026-05-14T08:57:05Z] #592 attempt=1/2 status=200 0.276s url=https://www.myfonts.com/collections/aexiron-font-rasio-studio/
[2026-05-14T08:57:06Z] #593 attempt=1/2 status=429 0.030s url=https://www.myfonts.com/products/regular-jagged-spur-1149518
[2026-05-14T08:57:08Z] #594 attempt=2/2 status=200 0.484s url=https://www.myfonts.com/products/regular-jagged-spur-1149518
[2026-05-14T08:57:09Z] #595 attempt=1/2 status=200 0.257s url=https://www.myfonts.com/collections/jagged-spur-font-vadova-std/
[2026-05-14T08:57:09Z] #596 attempt=1/2 status=200 0.314s url=https://www.myfonts.com/products/regular-sunbaked-1149524
[2026-05-14T08:57:10Z] #597 attempt=1/2 status=200 0.247s url=https://www.myfonts.com/collections/sunbaked-font-vadova-std/
[2026-05-14T08:57:10Z] #598 attempt=1/2 status=200 0.307s url=https://www.myfonts.com/products/regular-nichol-1149517
[2026-05-14T08:57:11Z] #599 attempt=1/2 status=429 0.032s url=https://www.myfonts.com/collections/nichol-font-limitype/
[2026-05-14T08:57:13Z] #600 attempt=2/2 status=200 0.278s url=https://www.myfonts.com/collections/nichol-font-limitype/
[2026-05-14T08:57:15Z] #601 attempt=1/6 status=200 0.823s url=https://www.myfonts.com/products.json?limit=100&page=23
[2026-05-14T08:57:15Z] #602 attempt=1/2 status=200 0.291s url=https://www.myfonts.com/products/regular-quoin-1149530
[2026-05-14T08:57:16Z] #603 attempt=1/2 status=200 0.289s url=https://www.myfonts.com/collections/quoin-font-rasio-studio/
[2026-05-14T08:57:17Z] #604 attempt=1/6 status=200 0.694s url=https://www.myfonts.com/products.json?limit=100&page=24
[2026-05-14T08:57:18Z] #605 attempt=1/2 status=200 0.409s url=https://www.myfonts.com/products/regular-grove-peach-1149858
[2026-05-14T08:57:18Z] #606 attempt=1/2 status=200 0.251s url=https://www.myfonts.com/collections/grove-peach-font-typoraith-co/
[2026-05-14T08:57:19Z] #607 attempt=1/2 status=200 0.292s url=https://www.myfonts.com/products/regular-envolt-1149533
[2026-05-14T08:57:19Z] #608 attempt=1/2 status=429 0.029s url=https://www.myfonts.com/collections/envolt-font-rasio-studio/
[2026-05-14T08:57:21Z] #609 attempt=2/2 status=200 0.322s url=https://www.myfonts.com/collections/envolt-font-rasio-studio/
[2026-05-14T08:57:23Z] #610 attempt=1/6 status=200 1.181s url=https://www.myfonts.com/products.json?limit=100&page=25
[2026-05-14T08:57:24Z] #611 attempt=1/2 status=200 0.289s url=https://www.myfonts.com/products/regular-armora-gallery-1149799
[2026-05-14T08:57:24Z] #612 attempt=1/2 status=200 0.274s url=https://www.myfonts.com/collections/armora-gallery-font-vampstudio/
[2026-05-14T08:57:25Z] #613 attempt=1/2 status=200 0.279s url=https://www.myfonts.com/products/regular-carhane-1149528
[2026-05-14T08:57:25Z] #614 attempt=1/2 status=200 0.381s url=https://www.myfonts.com/collections/carhane-font-vadova-std/
[2026-05-14T08:57:25Z] summary releases=32 first_429=(67, 'https://www.myfonts.com/products/saeton-markers-complete-family-package-1151896', 0.03615140914916992) log_file=state/myfonts_run_20260514_084752.log
[2026-05-14T08:57:25Z] === MyFonts crawl end ===
