[2026-05-22T09:42:48Z] checkpoint fresh next_page=1 path=state/myfonts_crawl_checkpoint.json
[2026-05-22T09:42:48Z] === MyFonts crawl start source=myfonts ===
[2026-05-22T09:42:48Z] config max_pages=25 page_size=100 start_date=2026-05-21 end_date=2026-05-22 api_delay=0.5s detail_delay=0.2s max_debut_checks=400 max_tech_specs_checks=200 reuse_success_profile=False always_enrich_packages=True language_script_signal_mode=strong force_fresh_run=False start_page=1 browser_mode=False browser_headless=True browser_storage_state_path=state/myfonts_storage_state.json
[2026-05-22T09:42:49Z] #1 attempt=1/6 status=200 0.817s url=https://www.myfonts.com/products.json?limit=100&page=1
[2026-05-22T09:42:50Z] #2 attempt=1/2 status=200 0.439s url=https://www.myfonts.com/products/epopeya-complete-family-package-1157838
[2026-05-22T09:42:50Z] #3 attempt=1/2 status=200 0.545s url=https://www.myfonts.com/collections/epopeya-font-tour-de-force/
[2026-05-22T09:42:51Z] #4 attempt=1/2 status=200 0.520s url=https://www.myfonts.com/collections/epopeya-font-tour-de-force/?tab=techSpecs
[2026-05-22T09:42:52Z] #5 attempt=1/2 status=200 0.416s url=https://www.myfonts.com/products/ruma-complete-family-package-1157586
[2026-05-22T09:42:53Z] #6 attempt=1/2 status=200 0.384s url=https://www.myfonts.com/collections/ruma-font-the-native-saint-club/
[2026-05-22T09:42:53Z] #7 attempt=1/2 status=200 0.124s url=https://www.myfonts.com/collections/ruma-font-the-native-saint-club/?tab=techSpecs
[2026-05-22T09:42:54Z] #8 attempt=1/2 status=200 0.272s url=https://www.myfonts.com/products/limit-display-variable-concept-complete-family-package-1157614
[2026-05-22T09:42:55Z] #9 attempt=1/2 status=200 0.364s url=https://www.myfonts.com/collections/limit-display-variable-concept-font-bold-guys/
[2026-05-22T09:42:56Z] #10 attempt=1/2 status=200 0.360s url=https://www.myfonts.com/collections/limit-display-variable-concept-font-bold-guys/?tab=techSpecs
[2026-05-22T09:42:57Z] #11 attempt=1/2 status=200 0.355s url=https://www.myfonts.com/products/foermality-sans-outline-complete-family-package-1157596
[2026-05-22T09:42:57Z] #12 attempt=1/2 status=200 0.464s url=https://www.myfonts.com/collections/foermality-sans-outline-font-laroyba-type/
[2026-05-22T09:42:58Z] #13 attempt=1/2 status=200 0.419s url=https://www.myfonts.com/collections/foermality-sans-outline-font-laroyba-type/?tab=techSpecs
[2026-05-22T09:42:59Z] #14 attempt=1/2 status=200 0.291s url=https://www.myfonts.com/products/alvora-complete-family-package-1157580
[2026-05-22T09:43:00Z] #15 attempt=1/2 status=200 0.343s url=https://www.myfonts.com/collections/alvora-font-font-liner/
[2026-05-22T09:43:00Z] #16 attempt=1/2 status=200 0.400s url=https://www.myfonts.com/collections/alvora-font-font-liner/?tab=techSpecs
[2026-05-22T09:43:01Z] #17 attempt=1/2 status=200 0.353s url=https://www.myfonts.com/products/gutter-complete-family-package-1157816
[2026-05-22T09:43:02Z] #18 attempt=1/2 status=200 0.360s url=https://www.myfonts.com/collections/gutter-font-dikas-studio/
[2026-05-22T09:43:03Z] #19 attempt=1/2 status=200 0.346s url=https://www.myfonts.com/collections/gutter-font-dikas-studio/?tab=techSpecs
[2026-05-22T09:43:04Z] #20 attempt=1/2 status=200 0.596s url=https://www.myfonts.com/products/limit-micro-complete-family-package-1157628
[2026-05-22T09:43:05Z] #21 attempt=1/2 status=200 0.983s url=https://www.myfonts.com/collections/limit-micro-font-bold-guys/
[2026-05-22T09:43:06Z] #22 attempt=1/2 status=200 0.876s url=https://www.myfonts.com/collections/limit-micro-font-bold-guys/?tab=techSpecs
[2026-05-22T09:43:07Z] #23 attempt=1/2 status=200 0.339s url=https://www.myfonts.com/products/dryeyes-complete-family-package-1157547
[2026-05-22T09:43:08Z] #24 attempt=1/2 status=200 0.429s url=https://www.myfonts.com/collections/dryeyes-font-letterytz/
[2026-05-22T09:43:09Z] #25 attempt=1/2 status=200 0.318s url=https://www.myfonts.com/collections/dryeyes-font-letterytz/?tab=techSpecs
[2026-05-22T09:43:10Z] #26 attempt=1/2 status=200 0.286s url=https://www.myfonts.com/products/elitha-beauty-italic-complete-family-package-1157591
[2026-05-22T09:43:10Z] #27 attempt=1/2 status=200 0.313s url=https://www.myfonts.com/collections/elitha-beauty-italic-font-yoga-letter/
[2026-05-22T09:43:11Z] #28 attempt=1/2 status=200 0.344s url=https://www.myfonts.com/collections/elitha-beauty-italic-font-yoga-letter/?tab=techSpecs
[2026-05-22T09:43:12Z] #29 attempt=1/2 status=200 0.294s url=https://www.myfonts.com/products/salt-fine-collection-complete-family-package-1157551
[2026-05-22T09:43:12Z] #30 attempt=1/2 status=200 0.350s url=https://www.myfonts.com/collections/salt-fine-collection-font-rhd-studio/
[2026-05-22T09:43:13Z] #31 attempt=1/2 status=200 0.362s url=https://www.myfonts.com/collections/salt-fine-collection-font-rhd-studio/?tab=techSpecs
[2026-05-22T09:43:14Z] #32 attempt=1/2 status=200 0.313s url=https://www.myfonts.com/products/ayaha-complete-family-package-1157618
[2026-05-22T09:43:15Z] #33 attempt=1/2 status=200 0.386s url=https://www.myfonts.com/collections/ayaha-font-pedro-teixeira/
[2026-05-22T09:43:15Z] #34 attempt=1/2 status=200 0.138s url=https://www.myfonts.com/collections/ayaha-font-pedro-teixeira/?tab=techSpecs
[2026-05-22T09:43:16Z] #35 attempt=1/2 status=200 0.332s url=https://www.myfonts.com/products/001-sans-serif-family-complete-family-package-1157607
[2026-05-22T09:43:17Z] #36 attempt=1/2 status=200 0.366s url=https://www.myfonts.com/collections/001-sans-serif-family-font-pedro-teixeira/
[2026-05-22T09:43:17Z] #37 attempt=1/2 status=200 0.317s url=https://www.myfonts.com/collections/001-sans-serif-family-font-pedro-teixeira/?tab=techSpecs
[2026-05-22T09:43:18Z] #38 attempt=1/2 status=200 0.289s url=https://www.myfonts.com/products/wesyo-complete-family-package-1157603
[2026-05-22T09:43:19Z] #39 attempt=1/2 status=200 0.374s url=https://www.myfonts.com/collections/wesyo-font-letterytz/
[2026-05-22T09:43:19Z] #40 attempt=1/2 status=200 0.113s url=https://www.myfonts.com/collections/wesyo-font-letterytz/?tab=techSpecs
[2026-05-22T09:43:20Z] #41 attempt=1/2 status=200 0.260s url=https://www.myfonts.com/products/limit-micro-variable-concept-complete-family-package-1157620
[2026-05-22T09:43:21Z] #42 attempt=1/2 status=200 0.356s url=https://www.myfonts.com/collections/limit-micro-variable-concept-font-bold-guys/
[2026-05-22T09:43:21Z] #43 attempt=1/2 status=200 0.366s url=https://www.myfonts.com/collections/limit-micro-variable-concept-font-bold-guys/?tab=techSpecs
[2026-05-22T09:43:22Z] #44 attempt=1/2 status=200 0.303s url=https://www.myfonts.com/products/mognakin-complete-family-package-1157544
[2026-05-22T09:43:23Z] #45 attempt=1/2 status=200 0.294s url=https://www.myfonts.com/collections/mognakin-font-timelesstype-studio/
[2026-05-22T09:43:23Z] #46 attempt=1/2 status=200 0.334s url=https://www.myfonts.com/collections/mognakin-font-timelesstype-studio/?tab=techSpecs
[2026-05-22T09:43:24Z] #47 attempt=1/2 status=200 0.270s url=https://www.myfonts.com/products/limit-text-variable-concept-complete-family-package-1157624
[2026-05-22T09:43:25Z] #48 attempt=1/2 status=200 0.378s url=https://www.myfonts.com/collections/limit-text-variable-concept-font-bold-guys/
[2026-05-22T09:43:25Z] #49 attempt=1/2 status=200 0.139s url=https://www.myfonts.com/collections/limit-text-variable-concept-font-bold-guys/?tab=techSpecs
[2026-05-22T09:43:26Z] #50 attempt=1/2 status=200 0.281s url=https://www.myfonts.com/products/lotzo-complete-family-package-1157556
[2026-05-22T09:43:27Z] #51 attempt=1/2 status=200 0.324s url=https://www.myfonts.com/collections/lotzo-font-font-liner/
[2026-05-22T09:43:28Z] #52 attempt=1/2 status=200 0.339s url=https://www.myfonts.com/collections/lotzo-font-font-liner/?tab=techSpecs
[2026-05-22T09:43:28Z] #53 attempt=1/2 status=200 0.236s url=https://www.myfonts.com/products/nomu-massline-complete-family-package-1157535
[2026-05-22T09:43:29Z] #54 attempt=1/2 status=200 0.314s url=https://www.myfonts.com/collections/nomu-massline-font-new-yeast-foundry/
[2026-05-22T09:43:30Z] #55 attempt=1/2 status=200 0.292s url=https://www.myfonts.com/collections/nomu-massline-font-new-yeast-foundry/?tab=techSpecs
[2026-05-22T09:43:31Z] #56 attempt=1/2 status=200 0.326s url=https://www.myfonts.com/products/calistany-sweet-romance-complete-family-package-1157561
[2026-05-22T09:43:31Z] #57 attempt=1/2 status=200 0.319s url=https://www.myfonts.com/collections/calistany-sweet-romance-font-letterena-studios/
[2026-05-22T09:43:31Z] #58 attempt=1/2 status=200 0.119s url=https://www.myfonts.com/collections/calistany-sweet-romance-font-letterena-studios/?tab=techSpecs
[2026-05-22T09:43:33Z] #59 attempt=1/2 status=200 0.635s url=https://www.myfonts.com/products/the-aesthetic-swash-box-12-script-font-bundle-package-1157817
[2026-05-22T09:43:33Z] #60 attempt=1/2 status=404 0.167s url=https://www.myfonts.com/collections/the-aesthetic-swash-box-12-script-font-bundle-font-letterhanna-studio
[2026-05-22T09:43:34Z] #61 attempt=1/2 status=200 0.296s url=https://www.myfonts.com/products/limit-variable-concept-full-complete-family-package-1157610
[2026-05-22T09:43:34Z] #62 attempt=1/2 status=200 0.313s url=https://www.myfonts.com/collections/limit-variable-concept-full-font-bold-guys/
[2026-05-22T09:43:35Z] #63 attempt=1/2 status=200 0.342s url=https://www.myfonts.com/collections/limit-variable-concept-full-font-bold-guys/?tab=techSpecs
[2026-05-22T09:43:36Z] #64 attempt=1/2 status=200 0.294s url=https://www.myfonts.com/products/morgan-strike-complete-family-package-1157583
[2026-05-22T09:43:36Z] #65 attempt=1/2 status=200 0.342s url=https://www.myfonts.com/collections/morgan-strike-font-yoga-letter/
[2026-05-22T09:43:37Z] #66 attempt=1/2 status=200 0.349s url=https://www.myfonts.com/collections/morgan-strike-font-yoga-letter/?tab=techSpecs
[2026-05-22T09:43:38Z] #67 attempt=1/2 status=200 0.301s url=https://www.myfonts.com/products/kibtah-arabic-complete-family-package-1157559
[2026-05-22T09:43:39Z] #68 attempt=1/2 status=200 0.440s url=https://www.myfonts.com/collections/kibtah-arabic-font-namela/
[2026-05-22T09:43:39Z] #69 attempt=1/2 status=200 0.129s url=https://www.myfonts.com/collections/kibtah-arabic-font-namela/?tab=techSpecs
[2026-05-22T09:43:40Z] #70 attempt=1/2 status=200 0.279s url=https://www.myfonts.com/products/guess-street-complete-family-package-1157576
[2026-05-22T09:43:40Z] #71 attempt=1/2 status=429 0.028s url=https://www.myfonts.com/collections/guess-street-font-stylishtype-studio/
[2026-05-22T09:43:40Z] first_429 req=71 url=https://www.myfonts.com/collections/guess-street-font-stylishtype-studio/
[2026-05-22T09:43:43Z] #72 attempt=2/2 status=200 0.541s url=https://www.myfonts.com/collections/guess-street-font-stylishtype-studio/
[2026-05-22T09:43:43Z] #73 attempt=1/2 status=429 0.058s url=https://www.myfonts.com/products/regular-mistifine-1157595
[2026-05-22T09:43:46Z] #74 attempt=2/2 status=429 0.152s url=https://www.myfonts.com/products/regular-mistifine-1157595
[2026-05-22T09:43:51Z] max_retries_exhausted url=https://www.myfonts.com/products/regular-mistifine-1157595
[2026-05-22T09:43:51Z] #75 attempt=1/2 status=404 0.214s url=https://www.myfonts.com/collections/regular-mistifine-1157595-font-yohanes-oktav
[2026-05-22T09:43:52Z] #76 attempt=1/2 status=200 0.241s url=https://www.myfonts.com/products/regular-tazmeera-1157575
[2026-05-22T09:43:52Z] #77 attempt=1/2 status=429 0.032s url=https://www.myfonts.com/collections/tazmeera-font-denustudio/
[2026-05-22T09:43:54Z] #78 attempt=2/2 status=429 0.115s url=https://www.myfonts.com/collections/tazmeera-font-denustudio/
[2026-05-22T09:43:59Z] max_retries_exhausted url=https://www.myfonts.com/collections/tazmeera-font-denustudio/
[2026-05-22T09:44:00Z] #79 attempt=1/2 status=404 0.269s url=https://www.myfonts.com/collections/regular-tazmeera-1157575-font-denustudio
[2026-05-22T09:44:00Z] #80 attempt=1/2 status=200 0.270s url=https://www.myfonts.com/products/regular-thick-block-1157594
[2026-05-22T09:44:00Z] #81 attempt=1/2 status=429 0.061s url=https://www.myfonts.com/collections/thick-block-font-maxart/
[2026-05-22T09:44:03Z] #82 attempt=2/2 status=200 0.311s url=https://www.myfonts.com/collections/thick-block-font-maxart/
[2026-05-22T09:44:03Z] #83 attempt=1/2 status=200 0.295s url=https://www.myfonts.com/products/arabica-neue-regular-arabicaneu-1143500
[2026-05-22T09:44:04Z] #84 attempt=1/2 status=200 0.323s url=https://www.myfonts.com/collections/arabicaneu-font-kangfont-studio/
[2026-05-22T09:44:05Z] #85 attempt=1/2 status=200 0.422s url=https://www.myfonts.com/products/semibold-expressway-soft-970139
[2026-05-22T09:44:05Z] #86 attempt=1/2 status=200 0.538s url=https://www.myfonts.com/collections/expressway-soft-font-typodermic/
[2026-05-22T09:44:06Z] #87 attempt=1/2 status=200 0.281s url=https://www.myfonts.com/products/regular-lazover-classico-1157606
[2026-05-22T09:44:06Z] #88 attempt=1/2 status=429 0.055s url=https://www.myfonts.com/collections/lazover-classico-font-mei-suseno/
[2026-05-22T09:44:09Z] #89 attempt=2/2 status=200 0.332s url=https://www.myfonts.com/collections/lazover-classico-font-mei-suseno/
[2026-05-22T09:44:09Z] #90 attempt=1/2 status=200 0.271s url=https://www.myfonts.com/products/compressed-thin-dean-soft-slab-vf-1127851
[2026-05-22T09:44:10Z] #91 attempt=1/2 status=200 0.261s url=https://www.myfonts.com/collections/dean-soft-slab-vf-font-blaze-type/
[2026-05-22T09:44:10Z] #92 attempt=1/2 status=200 0.337s url=https://www.myfonts.com/products/italic-liong-1157814
[2026-05-22T09:44:11Z] #93 attempt=1/2 status=429 0.035s url=https://www.myfonts.com/collections/liong-font-dikas-studio/
[2026-05-22T09:44:13Z] #94 attempt=2/2 status=200 0.466s url=https://www.myfonts.com/collections/liong-font-dikas-studio/
[2026-05-22T09:44:14Z] #95 attempt=1/2 status=200 0.247s url=https://www.myfonts.com/products/anti-mythology-regular-antimythology-1157589
[2026-05-22T09:44:14Z] #96 attempt=1/2 status=200 0.237s url=https://www.myfonts.com/collections/antimythology-font-margi-studio/
[2026-05-22T09:44:15Z] #97 attempt=1/2 status=200 0.291s url=https://www.myfonts.com/products/regular-ethereal-nymeria-1157590
[2026-05-22T09:44:15Z] #98 attempt=1/2 status=200 0.249s url=https://www.myfonts.com/collections/ethereal-nymeria-font-letterhanna-studio/
[2026-05-22T09:44:16Z] #99 attempt=1/2 status=429 0.030s url=https://www.myfonts.com/products/regular-fhanta-slamdunk-1157571
[2026-05-22T09:44:18Z] #100 attempt=2/2 status=200 0.504s url=https://www.myfonts.com/products/regular-fhanta-slamdunk-1157571
[2026-05-22T09:44:19Z] #101 attempt=1/2 status=200 0.264s url=https://www.myfonts.com/collections/fhanta-slamdunk-font-pineungtype-misinklab/
[2026-05-22T09:44:20Z] #102 attempt=1/6 status=200 0.787s url=https://www.myfonts.com/products.json?limit=100&page=2
[2026-05-22T09:44:21Z] #103 attempt=1/2 status=200 0.251s url=https://www.myfonts.com/products/regular-aurellis-1143496
[2026-05-22T09:44:21Z] #104 attempt=1/2 status=200 0.301s url=https://www.myfonts.com/collections/aurellis-font-kangfont-studio/
[2026-05-22T09:44:22Z] #105 attempt=1/2 status=200 0.292s url=https://www.myfonts.com/products/regular-jomiw-1157579
[2026-05-22T09:44:22Z] #106 attempt=1/2 status=200 0.273s url=https://www.myfonts.com/collections/jomiw-font-linecreative/
[2026-05-22T09:44:23Z] #107 attempt=1/2 status=429 0.034s url=https://www.myfonts.com/products/regular-whisker-bites-1157543
[2026-05-22T09:44:25Z] #108 attempt=2/2 status=200 0.265s url=https://www.myfonts.com/products/regular-whisker-bites-1157543
[2026-05-22T09:44:26Z] #109 attempt=1/2 status=200 0.280s url=https://www.myfonts.com/collections/whisker-bites-font-shanaf/
[2026-05-22T09:44:26Z] #110 attempt=1/2 status=200 0.281s url=https://www.myfonts.com/products/regular-axenor-1143504
[2026-05-22T09:44:27Z] #111 attempt=1/2 status=200 0.268s url=https://www.myfonts.com/collections/axenor-font-kangfont-studio/
[2026-05-22T09:44:27Z] #112 attempt=1/2 status=429 0.036s url=https://www.myfonts.com/products/medium-ld-cherries-1157815
[2026-05-22T09:44:29Z] #113 attempt=2/2 status=200 0.455s url=https://www.myfonts.com/products/medium-ld-cherries-1157815
[2026-05-22T09:44:30Z] #114 attempt=1/2 status=200 0.613s url=https://www.myfonts.com/collections/ld-cherries-font-dikas-studio/
[2026-05-22T09:44:31Z] #115 attempt=1/2 status=200 0.862s url=https://www.myfonts.com/products/all-the-typewriter-fonts-you-will-ever-need-package-916464
[2026-05-22T09:44:32Z] #116 attempt=1/2 status=404 0.179s url=https://www.myfonts.com/collections/all-the-typewriter-fonts-you-will-ever-need-font-anas-fonts
[2026-05-22T09:44:33Z] #117 attempt=1/2 status=200 0.875s url=https://www.myfonts.com/products/the-handmade-fonts-and-illustrations-collection-package-916568
[2026-05-22T09:44:33Z] #118 attempt=1/2 status=404 0.153s url=https://www.myfonts.com/collections/the-handmade-fonts-and-illustrations-collection-font-anas-fonts
[2026-05-22T09:44:34Z] #119 attempt=1/2 status=200 0.291s url=https://www.myfonts.com/products/regular-boxarone-1157384
[2026-05-22T09:44:34Z] #120 attempt=1/2 status=200 0.341s url=https://www.myfonts.com/collections/boxarone-font-mei-suseno/
[2026-05-22T09:44:35Z] #121 attempt=1/2 status=429 0.029s url=https://www.myfonts.com/products/sallintine-calligraphy-complete-family-package-1157210
[2026-05-22T09:44:37Z] #122 attempt=2/2 status=200 0.421s url=https://www.myfonts.com/products/sallintine-calligraphy-complete-family-package-1157210
[2026-05-22T09:44:38Z] #123 attempt=1/2 status=200 0.416s url=https://www.myfonts.com/collections/sallintine-calligraphy-font-logic-type/
[2026-05-22T09:44:39Z] #124 attempt=1/2 status=200 0.311s url=https://www.myfonts.com/products/tbj-valmist-complete-family-package-1126597
[2026-05-22T09:44:39Z] #125 attempt=1/2 status=200 0.433s url=https://www.myfonts.com/collections/tbj-valmist-font-taboja-studio/
[2026-05-22T09:44:40Z] #126 attempt=1/2 status=200 0.918s url=https://www.myfonts.com/products/quirlone-complete-family-package-1155779
[2026-05-22T09:44:42Z] #127 attempt=1/2 status=200 1.055s url=https://www.myfonts.com/collections/quirlone-font-propertype/
[2026-05-22T09:44:43Z] #128 attempt=1/2 status=200 0.563s url=https://www.myfonts.com/products/bomburst-complete-family-package-1157189
[2026-05-22T09:44:44Z] #129 attempt=1/2 status=200 1.226s url=https://www.myfonts.com/collections/bomburst-font-versustwin/
[2026-05-22T09:44:46Z] #130 attempt=1/2 status=200 1.647s url=https://www.myfonts.com/products/frontend-complete-family-package-1156132
[2026-05-22T09:44:49Z] #131 attempt=1/2 status=200 1.972s url=https://www.myfonts.com/collections/frontend-font-trick-type-style/
[2026-05-22T09:44:49Z] #132 attempt=1/2 status=200 0.273s url=https://www.myfonts.com/products/calteo-complete-family-package-1157356
[2026-05-22T09:44:50Z] #133 attempt=1/2 status=200 0.314s url=https://www.myfonts.com/collections/calteo-font-ragamkata/
[2026-05-22T09:44:51Z] #134 attempt=1/2 status=200 0.497s url=https://www.myfonts.com/products/bilgen-complete-family-package-1157516
[2026-05-22T09:44:52Z] #135 attempt=1/2 status=200 0.871s url=https://www.myfonts.com/collections/bilgen-font-bykineks/
[2026-05-22T09:44:53Z] #136 attempt=1/2 status=200 0.688s url=https://www.myfonts.com/products/adhesian-complete-family-package-1155711
[2026-05-22T09:44:54Z] #137 attempt=1/2 status=200 0.872s url=https://www.myfonts.com/collections/adhesian-serif-font-propertype/
[2026-05-22T09:44:55Z] #138 attempt=1/2 status=200 0.306s url=https://www.myfonts.com/products/best-remind-complete-family-package-1157353
[2026-05-22T09:44:55Z] #139 attempt=1/2 status=200 0.343s url=https://www.myfonts.com/collections/best-remind-font-ragamkata/
[2026-05-22T09:44:56Z] #140 attempt=1/2 status=200 0.296s url=https://www.myfonts.com/products/ls-selebriti-complete-family-package-1157387
[2026-05-22T09:44:56Z] #141 attempt=1/2 status=200 0.357s url=https://www.myfonts.com/collections/ls-selebriti-font-letternesia-studio/
[2026-05-22T09:44:57Z] #142 attempt=1/2 status=200 0.507s url=https://www.myfonts.com/products/brodies-soft-package-1157351
[2026-05-22T09:44:58Z] #143 attempt=1/2 status=200 0.972s url=https://www.myfonts.com/collections/brodies-font-glowtype/
[2026-05-22T09:44:59Z] #144 attempt=1/2 status=200 0.299s url=https://www.myfonts.com/products/satzo-complete-family-package-1156931
[2026-05-22T09:45:00Z] #145 attempt=1/2 status=200 0.342s url=https://www.myfonts.com/collections/satzo-font-ragamkata/
[2026-05-22T09:45:00Z] #146 attempt=1/2 status=200 0.345s url=https://www.myfonts.com/products/serion-complete-family-package-1157396
[2026-05-22T09:45:01Z] #147 attempt=1/2 status=200 0.551s url=https://www.myfonts.com/collections/serion-font-prestige-artsy-studio/
[2026-05-22T09:45:01Z] #148 attempt=1/2 status=429 0.029s url=https://www.myfonts.com/products/akore-complete-family-package-1157206
[2026-05-22T09:45:04Z] #149 attempt=2/2 status=200 0.337s url=https://www.myfonts.com/products/akore-complete-family-package-1157206
[2026-05-22T09:45:05Z] #150 attempt=1/2 status=200 0.346s url=https://www.myfonts.com/collections/akore-font-grontype/
[2026-05-22T09:45:05Z] #151 attempt=1/2 status=200 0.314s url=https://www.myfonts.com/products/gotham-core-pack-package-1144273
[2026-05-22T09:45:06Z] #152 attempt=1/2 status=200 0.584s url=https://www.myfonts.com/collections/gotham-font-hoefler-and-co/
[2026-05-22T09:45:07Z] #153 attempt=1/2 status=200 0.310s url=https://www.myfonts.com/products/dust-forge-complete-family-package-1157215
[2026-05-22T09:45:07Z] #154 attempt=1/2 status=200 0.324s url=https://www.myfonts.com/collections/dust-forge-font-letterhend/
[2026-05-22T09:45:08Z] #155 attempt=1/2 status=200 0.310s url=https://www.myfonts.com/products/starligh-timber-complete-family-package-1156917
[2026-05-22T09:45:08Z] #156 attempt=1/2 status=429 0.065s url=https://www.myfonts.com/collections/starligh-timber-font-stylishtype-studio/
[2026-05-22T09:45:11Z] #157 attempt=2/2 status=200 0.383s url=https://www.myfonts.com/collections/starligh-timber-font-stylishtype-studio/
[2026-05-22T09:45:13Z] #158 attempt=1/2 status=200 1.813s url=https://www.myfonts.com/products/griggs-complete-family-package-1156430
[2026-05-22T09:45:16Z] #159 attempt=1/2 status=200 2.562s url=https://www.myfonts.com/collections/griggs-font-seniors-studio/
[2026-05-22T09:45:17Z] #160 attempt=1/2 status=200 0.288s url=https://www.myfonts.com/products/grill-time-complete-family-package-1156922
[2026-05-22T09:45:18Z] #161 attempt=1/2 status=200 0.365s url=https://www.myfonts.com/collections/grill-time-font-vozzy/
[2026-05-22T09:45:19Z] #162 attempt=1/2 status=200 0.849s url=https://www.myfonts.com/products/bolshoi-complete-family-package-1157413
[2026-05-22T09:45:20Z] #163 attempt=1/2 status=200 1.254s url=https://www.myfonts.com/collections/bolshoi-font-alpercakici/
[2026-05-22T09:45:21Z] #164 attempt=1/2 status=200 0.309s url=https://www.myfonts.com/products/milviano-complete-family-package-1157390
[2026-05-22T09:45:22Z] #165 attempt=1/2 status=200 0.338s url=https://www.myfonts.com/collections/milviano-font-fridaytype/
[2026-05-22T09:45:23Z] #166 attempt=1/2 status=200 0.968s url=https://www.myfonts.com/products/cuptcha-complete-family-package-1156935
[2026-05-22T09:45:25Z] #167 attempt=1/2 status=200 1.393s url=https://www.myfonts.com/collections/cuptcha-font-blaze-type/
[2026-05-22T09:45:26Z] #168 attempt=1/2 status=200 1.178s url=https://www.myfonts.com/products/volkys-serif-complete-family-package-1155532
[2026-05-22T09:45:28Z] #169 attempt=1/2 status=200 1.487s url=https://www.myfonts.com/collections/volkys-serif-font-propertype/
[2026-05-22T09:45:29Z] #170 attempt=1/2 status=200 0.731s url=https://www.myfonts.com/products/orochima-complete-family-package-1155868
[2026-05-22T09:45:30Z] #171 attempt=1/2 status=200 0.781s url=https://www.myfonts.com/collections/orochima-font-alpercakici/
[2026-05-22T09:45:32Z] #172 attempt=1/2 status=200 0.858s url=https://www.myfonts.com/products/figo-shiftz-editorial-complete-family-package-1155926
[2026-05-22T09:45:33Z] #173 attempt=1/2 status=200 1.227s url=https://www.myfonts.com/collections/figo-shiftz-editorial-font-propertype/
[2026-05-22T09:45:35Z] #174 attempt=1/2 status=200 1.072s url=https://www.myfonts.com/products/protector-complete-family-package-1157044
[2026-05-22T09:45:36Z] #175 attempt=1/2 status=200 1.156s url=https://www.myfonts.com/collections/protector-font-alpercakici/
[2026-05-22T09:45:37Z] #176 attempt=1/2 status=200 0.298s url=https://www.myfonts.com/products/wisageni-complete-family-package-1156928
[2026-05-22T09:45:38Z] #177 attempt=1/2 status=200 0.332s url=https://www.myfonts.com/collections/wisageni-font-agung-sudirman/
[2026-05-22T09:45:38Z] #178 attempt=1/2 status=200 0.275s url=https://www.myfonts.com/products/fogira-khuils-complete-family-package-1156910
[2026-05-22T09:45:39Z] #179 attempt=1/2 status=200 0.362s url=https://www.myfonts.com/collections/fogira-khuils-font-timelesstype-studio/
[2026-05-22T09:45:39Z] #180 attempt=1/2 status=200 0.370s url=https://www.myfonts.com/products/middleweight-style-package-1157190
[2026-05-22T09:45:40Z] #181 attempt=1/2 status=200 0.600s url=https://www.myfonts.com/collections/otflag-sans-font-oktnum-type-foundry/
[2026-05-22T09:45:41Z] #182 attempt=1/2 status=200 0.355s url=https://www.myfonts.com/products/khairullah-complete-family-package-1156914
[2026-05-22T09:45:41Z] #183 attempt=1/2 status=200 0.384s url=https://www.myfonts.com/collections/khairullah-font-made-deduk/
[2026-05-22T09:45:42Z] #184 attempt=1/2 status=200 0.383s url=https://www.myfonts.com/products/itadori-complete-family-package-1157363
[2026-05-22T09:45:43Z] #185 attempt=1/2 status=200 0.467s url=https://www.myfonts.com/collections/itadori-font-zafara-studios/
[2026-05-22T09:45:43Z] #186 attempt=1/2 status=200 0.291s url=https://www.myfonts.com/products/roxelis-complete-family-package-1157359
[2026-05-22T09:45:44Z] #187 attempt=1/2 status=200 0.347s url=https://www.myfonts.com/collections/roxelis-font-valorix-studio/
[2026-05-22T09:45:45Z] #188 attempt=1/2 status=200 0.345s url=https://www.myfonts.com/products/de-floras-complete-family-package-1156888
[2026-05-22T09:45:45Z] #189 attempt=1/2 status=200 0.351s url=https://www.myfonts.com/collections/de-floras-font-dikas-studio/
[2026-05-22T09:45:46Z] #190 attempt=1/2 status=200 0.761s url=https://www.myfonts.com/products/griggs-serif-complete-family-package-1156552
[2026-05-22T09:45:48Z] #191 attempt=1/2 status=200 1.062s url=https://www.myfonts.com/collections/griggs-serif-font-seniors-studio/
[2026-05-22T09:45:49Z] #192 attempt=1/2 status=200 0.776s url=https://www.myfonts.com/products/calitra-complete-family-package-1157218
[2026-05-22T09:45:50Z] #193 attempt=1/2 status=200 0.857s url=https://www.myfonts.com/collections/calitra-font-soft-creative/
[2026-05-22T09:45:51Z] #194 attempt=1/2 status=200 0.282s url=https://www.myfonts.com/products/belon-fine-kanteris-complete-family-package-1157409
[2026-05-22T09:45:51Z] #195 attempt=1/2 status=200 0.327s url=https://www.myfonts.com/collections/belon-fine-kanteris-font-letterena-studios/
[2026-05-22T09:45:52Z] #196 attempt=1/2 status=200 0.271s url=https://www.myfonts.com/products/gud-female-complete-family-package-1157393
[2026-05-22T09:45:52Z] #197 attempt=1/2 status=200 0.458s url=https://www.myfonts.com/collections/gud-female-font-letterena-studios/
[2026-05-22T09:45:53Z] #198 attempt=1/2 status=200 0.722s url=https://www.myfonts.com/products/griggs-sans-complete-family-package-1156521
[2026-05-22T09:45:55Z] #199 attempt=1/2 status=200 0.952s url=https://www.myfonts.com/collections/griggs-sans-font-seniors-studio/
[2026-05-22T09:45:55Z] #200 attempt=1/2 status=200 0.313s url=https://www.myfonts.com/products/qasel-sans-complete-family-package-1156901
[2026-05-22T09:45:56Z] #201 attempt=1/2 status=200 0.424s url=https://www.myfonts.com/collections/qasel-sans-font-elyas-beria/
[2026-05-22T09:45:57Z] #202 attempt=1/2 status=200 0.752s url=https://www.myfonts.com/products/griggs-flare-complete-family-package-1156583
[2026-05-22T09:45:58Z] #203 attempt=1/2 status=200 0.953s url=https://www.myfonts.com/collections/griggs-flare-font-seniors-studio/
[2026-05-22T09:46:00Z] #204 attempt=1/6 status=200 0.685s url=https://www.myfonts.com/products.json?limit=100&page=3
[2026-05-22T09:46:00Z] #205 attempt=1/2 status=200 0.275s url=https://www.myfonts.com/products/blackout-child-of-evil-667-1156086
[2026-05-22T09:46:01Z] #206 attempt=1/2 status=200 0.383s url=https://www.myfonts.com/collections/child-of-evil-667-font-remedy667/
[2026-05-22T09:46:02Z] #207 attempt=1/2 status=200 0.397s url=https://www.myfonts.com/products/light-oblique-hovide-mono-1156068
[2026-05-22T09:46:02Z] #208 attempt=1/2 status=200 0.437s url=https://www.myfonts.com/collections/hovide-mono-font-zafara-studios/
[2026-05-22T09:46:03Z] #209 attempt=1/2 status=200 0.287s url=https://www.myfonts.com/products/oblique-fever-gothic-667-1156102
[2026-05-22T09:46:03Z] #210 attempt=1/2 status=200 0.445s url=https://www.myfonts.com/collections/fever-gothic-667-font-remedy667/
[2026-05-22T09:46:04Z] #211 attempt=1/2 status=200 0.265s url=https://www.myfonts.com/products/regular-valorine-1156920
[2026-05-22T09:46:04Z] #212 attempt=1/2 status=429 0.043s url=https://www.myfonts.com/collections/valorine-font-letterstock/
[2026-05-22T09:46:07Z] #213 attempt=2/2 status=200 0.295s url=https://www.myfonts.com/collections/valorine-font-letterstock/
[2026-05-22T09:46:07Z] #214 attempt=1/2 status=200 0.284s url=https://www.myfonts.com/products/o-upright-brains-for-breakfast-1156095
[2026-05-22T09:46:08Z] #215 attempt=1/2 status=200 0.349s url=https://www.myfonts.com/collections/brains-for-breakfast-font-remedy667/
[2026-05-22T09:46:08Z] #216 attempt=1/2 status=200 0.309s url=https://www.myfonts.com/products/regular-melarune-1156022
[2026-05-22T09:46:09Z] #217 attempt=1/2 status=429 0.030s url=https://www.myfonts.com/collections/melarune-font-vadova-std/
[2026-05-22T09:46:11Z] #218 attempt=2/2 status=200 0.359s url=https://www.myfonts.com/collections/melarune-font-vadova-std/
[2026-05-22T09:46:13Z] #219 attempt=1/6 status=200 0.689s url=https://www.myfonts.com/products.json?limit=100&page=4
[2026-05-22T09:46:13Z] #220 attempt=1/2 status=200 0.305s url=https://www.myfonts.com/products/oblique-grave-tripper-667-1156098
[2026-05-22T09:46:14Z] #221 attempt=1/2 status=200 0.375s url=https://www.myfonts.com/collections/grave-tripper-667-font-remedy667/
[2026-05-22T09:46:14Z] #222 attempt=1/2 status=200 0.317s url=https://www.myfonts.com/products/regular-colossia-1156023
[2026-05-22T09:46:15Z] #223 attempt=1/2 status=200 0.236s url=https://www.myfonts.com/collections/colossia-font-vadova-std/
[2026-05-22T09:46:15Z] #224 attempt=1/2 status=200 0.264s url=https://www.myfonts.com/products/regular-black-morgana-1156913
[2026-05-22T09:46:16Z] #225 attempt=1/2 status=200 0.255s url=https://www.myfonts.com/collections/black-morgana-font-alit-design/
[2026-05-22T09:46:17Z] #226 attempt=1/6 status=200 0.649s url=https://www.myfonts.com/products.json?limit=100&page=5
[2026-05-22T09:46:18Z] #227 attempt=1/6 status=200 0.724s url=https://www.myfonts.com/products.json?limit=100&page=6
[2026-05-22T09:46:19Z] #228 attempt=1/2 status=200 0.280s url=https://www.myfonts.com/products/regular-essence-purelight-1157412
[2026-05-22T09:46:19Z] #229 attempt=1/2 status=200 0.290s url=https://www.myfonts.com/collections/essence-purelight-font-bonjourtype/
[2026-05-22T09:46:20Z] #230 attempt=1/6 status=200 0.706s url=https://www.myfonts.com/products.json?limit=100&page=7
[2026-05-22T09:46:21Z] #231 attempt=1/2 status=200 0.255s url=https://www.myfonts.com/products/regular-enrole-1156017
[2026-05-22T09:46:21Z] #232 attempt=1/2 status=200 0.259s url=https://www.myfonts.com/collections/enrole-font-vadova-std/
[2026-05-22T09:46:22Z] #233 attempt=1/2 status=200 0.261s url=https://www.myfonts.com/products/regular-the-rakety-bophaq-1156034
[2026-05-22T09:46:22Z] #234 attempt=1/2 status=200 0.263s url=https://www.myfonts.com/collections/the-rakety-bophaq-font-pineungtype-misinklab/
[2026-05-22T09:46:24Z] #235 attempt=1/6 status=200 0.669s url=https://www.myfonts.com/products.json?limit=100&page=8
[2026-05-22T09:46:24Z] #236 attempt=1/2 status=200 0.384s url=https://www.myfonts.com/products/regular-the-sanchez-monthly-1156921
[2026-05-22T09:46:25Z] #237 attempt=1/2 status=200 0.273s url=https://www.myfonts.com/collections/the-sanchez-monthly-font-moontiontype/
[2026-05-22T09:46:25Z] #238 attempt=1/2 status=200 0.321s url=https://www.myfonts.com/products/italic-write-the-next-line-1156061
[2026-05-22T09:46:26Z] #239 attempt=1/2 status=200 0.423s url=https://www.myfonts.com/collections/write-the-next-line-font-pizzadudedk/
[2026-05-22T09:46:27Z] #240 attempt=1/6 status=200 0.696s url=https://www.myfonts.com/products.json?limit=100&page=9
[2026-05-22T09:46:28Z] #241 attempt=1/2 status=200 0.275s url=https://www.myfonts.com/products/regular-klauge-1156030
[2026-05-22T09:46:28Z] #242 attempt=1/2 status=200 0.293s url=https://www.myfonts.com/collections/klauge-font-bryantamanh/
[2026-05-22T09:46:29Z] #243 attempt=1/2 status=200 0.286s url=https://www.myfonts.com/products/regular-slovia-1157296
[2026-05-22T09:46:29Z] #244 attempt=1/2 status=200 0.278s url=https://www.myfonts.com/collections/slovia-font-limitype/
[2026-05-22T09:46:30Z] #245 attempt=1/2 status=200 0.271s url=https://www.myfonts.com/products/regular-everight-1157362
[2026-05-22T09:46:30Z] #246 attempt=1/2 status=200 0.277s url=https://www.myfonts.com/collections/everight-font-epiclinez/
[2026-05-22T09:46:32Z] #247 attempt=1/6 status=200 0.649s url=https://www.myfonts.com/products.json?limit=100&page=10
[2026-05-22T09:46:32Z] #248 attempt=1/2 status=200 0.307s url=https://www.myfonts.com/products/rough-texture-falkenridge-1156019
[2026-05-22T09:46:33Z] #249 attempt=1/2 status=200 0.365s url=https://www.myfonts.com/collections/falkenridge-font-casloop-studio/
[2026-05-22T09:46:33Z] #250 attempt=1/2 status=200 0.321s url=https://www.myfonts.com/products/regular-rolyzim-1156927
[2026-05-22T09:46:34Z] #251 attempt=1/2 status=200 0.239s url=https://www.myfonts.com/collections/rolyzim-font-erifqizefont/
[2026-05-22T09:46:34Z] #252 attempt=1/2 status=200 0.263s url=https://www.myfonts.com/products/regular-clavoso-1157386
[2026-05-22T09:46:35Z] #253 attempt=1/2 status=200 0.278s url=https://www.myfonts.com/collections/clavoso-font-true-story-letterworks/
[2026-05-22T09:46:35Z] #254 attempt=1/2 status=200 0.264s url=https://www.myfonts.com/products/regular-majestica-royale-1157369
[2026-05-22T09:46:36Z] #255 attempt=1/2 status=200 0.294s url=https://www.myfonts.com/collections/majestica-royale-font-bluestype-studio/
[2026-05-22T09:46:37Z] #256 attempt=1/6 status=200 0.685s url=https://www.myfonts.com/products.json?limit=100&page=11
[2026-05-22T09:46:37Z] #257 attempt=1/2 status=429 0.045s url=https://www.myfonts.com/products/regular-blazionix-1156025
[2026-05-22T09:46:40Z] #258 attempt=2/2 status=429 0.059s url=https://www.myfonts.com/products/regular-blazionix-1156025
[2026-05-22T09:46:45Z] max_retries_exhausted url=https://www.myfonts.com/products/regular-blazionix-1156025
[2026-05-22T09:46:45Z] #259 attempt=1/2 status=404 0.221s url=https://www.myfonts.com/collections/regular-blazionix-1156025-font-vadova-std
[2026-05-22T09:46:45Z] #260 attempt=1/2 status=200 0.268s url=https://www.myfonts.com/products/script-hammerfos-1156028
[2026-05-22T09:46:46Z] #261 attempt=1/2 status=200 0.245s url=https://www.myfonts.com/collections/hammerfos-font-letterytz/
[2026-05-22T09:46:47Z] #262 attempt=1/2 status=200 0.333s url=https://www.myfonts.com/products/regular-splurge-carmage-1157214
[2026-05-22T09:46:47Z] #263 attempt=1/2 status=200 0.226s url=https://www.myfonts.com/collections/splurge-carmage-font-inviline/
[2026-05-22T09:46:48Z] #264 attempt=1/2 status=200 0.291s url=https://www.myfonts.com/products/kang-xi-dictionary-shiwen-regular-kangxi-dictionary-shiwen-1156029
[2026-05-22T09:46:48Z] #265 attempt=1/2 status=200 0.239s url=https://www.myfonts.com/collections/kangxi-dictionary-shiwen-font-kangxizidian/
[2026-05-22T09:46:49Z] #266 attempt=1/6 status=200 0.659s url=https://www.myfonts.com/products.json?limit=100&page=12
[2026-05-22T09:46:50Z] #267 attempt=1/2 status=200 0.252s url=https://www.myfonts.com/products/regular-xintau-1156055
[2026-05-22T09:46:50Z] #268 attempt=1/2 status=200 0.273s url=https://www.myfonts.com/collections/xintau-font-gian-studio/
[2026-05-22T09:46:51Z] #269 attempt=1/2 status=200 0.272s url=https://www.myfonts.com/products/script-brusselco-1156099
[2026-05-22T09:46:51Z] #270 attempt=1/2 status=200 0.266s url=https://www.myfonts.com/collections/brusselco-font-bondangail/
[2026-05-22T09:46:52Z] #271 attempt=1/2 status=200 0.407s url=https://www.myfonts.com/products/right-nova-regular-right-nova-1156026
[2026-05-22T09:46:52Z] #272 attempt=1/2 status=200 0.305s url=https://www.myfonts.com/collections/right-nova-font-imoodev/
[2026-05-22T09:46:54Z] #273 attempt=1/6 status=200 0.753s url=https://www.myfonts.com/products.json?limit=100&page=13
[2026-05-22T09:46:54Z] #274 attempt=1/2 status=200 0.276s url=https://www.myfonts.com/products/regular-make-your-move-1156900
[2026-05-22T09:46:55Z] #275 attempt=1/2 status=200 0.272s url=https://www.myfonts.com/collections/make-your-move-font-bonjourtype/
[2026-05-22T09:46:55Z] #276 attempt=1/2 status=429 0.074s url=https://www.myfonts.com/products/cuptcha-compressed-thin-cuptcha-variable-1156934
[2026-05-22T09:46:57Z] #277 attempt=2/2 status=429 0.091s url=https://www.myfonts.com/products/cuptcha-compressed-thin-cuptcha-variable-1156934
[2026-05-22T09:47:02Z] max_retries_exhausted url=https://www.myfonts.com/products/cuptcha-compressed-thin-cuptcha-variable-1156934
[2026-05-22T09:47:03Z] #278 attempt=1/2 status=404 0.265s url=https://www.myfonts.com/collections/cuptcha-compressed-thin-cuptcha-variable-1156934-font-blaze-type
[2026-05-22T09:47:04Z] #279 attempt=1/6 status=200 0.733s url=https://www.myfonts.com/products.json?limit=100&page=14
[2026-05-22T09:47:05Z] #280 attempt=1/6 status=200 0.694s url=https://www.myfonts.com/products.json?limit=100&page=15
[2026-05-22T09:47:06Z] #281 attempt=1/6 status=200 0.651s url=https://www.myfonts.com/products.json?limit=100&page=16
[2026-05-22T09:47:08Z] #282 attempt=1/6 status=200 0.755s url=https://www.myfonts.com/products.json?limit=100&page=17
[2026-05-22T09:47:08Z] #283 attempt=1/2 status=200 0.286s url=https://www.myfonts.com/products/regular-erendela-1156024
[2026-05-22T09:47:09Z] #284 attempt=1/2 status=200 0.284s url=https://www.myfonts.com/collections/erendela-font-vadova-std/
[2026-05-22T09:47:09Z] #285 attempt=1/2 status=200 0.322s url=https://www.myfonts.com/products/basseet-complete-family-package-1157199
[2026-05-22T09:47:10Z] #286 attempt=1/2 status=200 0.405s url=https://www.myfonts.com/collections/basseet-font-grafikarfonts/
[2026-05-22T09:47:11Z] #287 attempt=1/2 status=200 0.307s url=https://www.myfonts.com/products/forega-sport-complete-family-package-1157232
[2026-05-22T09:47:11Z] #288 attempt=1/2 status=200 0.319s url=https://www.myfonts.com/collections/forega-sport-font-vermilione/
[2026-05-22T09:47:12Z] #289 attempt=1/2 status=200 0.297s url=https://www.myfonts.com/products/italic-gotham-variable-1129123
[2026-05-22T09:47:12Z] #290 attempt=1/2 status=200 0.316s url=https://www.myfonts.com/collections/gotham-variable-font-hoefler-and-co/
[2026-05-22T09:47:13Z] #291 attempt=1/2 status=200 0.257s url=https://www.myfonts.com/products/regular-sunsurya-1157205
[2026-05-22T09:47:13Z] #292 attempt=1/2 status=200 0.251s url=https://www.myfonts.com/collections/sunsurya-font-alit-design/
[2026-05-22T09:47:14Z] #293 attempt=1/2 status=200 0.275s url=https://www.myfonts.com/products/regular-hallfix-marker-1157324
[2026-05-22T09:47:14Z] #294 attempt=1/2 status=200 0.243s url=https://www.myfonts.com/collections/hallfix-marker-font-negara-studio/
[2026-05-22T09:47:15Z] #295 attempt=1/2 status=200 0.272s url=https://www.myfonts.com/products/chrones-complete-family-package-1156031
[2026-05-22T09:47:15Z] #296 attempt=1/2 status=200 0.402s url=https://www.myfonts.com/collections/chrones-font-vermilione/
[2026-05-22T09:47:17Z] #297 attempt=1/2 status=200 0.916s url=https://www.myfonts.com/products/ardelin-complete-family-package-1155354
[2026-05-22T09:47:18Z] #298 attempt=1/2 status=200 0.907s url=https://www.myfonts.com/collections/ardelin-font-stripes-studio/
[2026-05-22T09:47:18Z] #299 attempt=1/2 status=200 0.291s url=https://www.myfonts.com/products/drawxel-complete-family-package-1156622
[2026-05-22T09:47:19Z] #300 attempt=1/2 status=429 0.033s url=https://www.myfonts.com/collections/drawxel-font-sensatype-studio/
[2026-05-22T09:47:21Z] #301 attempt=2/2 status=429 0.070s url=https://www.myfonts.com/collections/drawxel-font-sensatype-studio/
[2026-05-22T09:47:26Z] max_retries_exhausted url=https://www.myfonts.com/collections/drawxel-font-sensatype-studio/
[2026-05-22T09:47:27Z] #302 attempt=1/2 status=200 0.377s url=https://www.myfonts.com/products/castle-of-dracula-667-complete-family-package-1156872
[2026-05-22T09:47:27Z] #303 attempt=1/2 status=200 0.583s url=https://www.myfonts.com/collections/castle-of-dracula-667-font-remedy667/
[2026-05-22T09:47:28Z] #304 attempt=1/2 status=200 0.307s url=https://www.myfonts.com/products/bluter-complete-family-package-1154816
[2026-05-22T09:47:29Z] #305 attempt=1/2 status=200 0.362s url=https://www.myfonts.com/collections/bluter-font-dareco-studio
[2026-05-22T09:47:29Z] #306 attempt=1/2 status=200 0.344s url=https://www.myfonts.com/products/washington-neo-complete-family-package-1155483
[2026-05-22T09:47:30Z] #307 attempt=1/2 status=200 0.511s url=https://www.myfonts.com/collections/washington-neo-font-type-associates/
[2026-05-22T09:47:31Z] #308 attempt=1/2 status=200 0.408s url=https://www.myfonts.com/products/static-package-1154807
[2026-05-22T09:47:32Z] #309 attempt=1/2 status=200 0.823s url=https://www.myfonts.com/collections/jtgothic-font-alffonts/
[2026-05-22T09:47:32Z] #310 attempt=1/2 status=200 0.340s url=https://www.myfonts.com/products/gc-cultivo-complete-family-package-1155491
[2026-05-22T09:47:33Z] #311 attempt=1/2 status=200 0.485s url=https://www.myfonts.com/collections/gc-cultivo-font-onyx-studio/
[2026-05-22T09:47:34Z] #312 attempt=1/2 status=200 0.374s url=https://www.myfonts.com/products/smiley-candy-complete-family-package-1156879
[2026-05-22T09:47:34Z] #313 attempt=1/2 status=200 0.546s url=https://www.myfonts.com/collections/smiley-candy-font-sipanji21/
[2026-05-22T09:47:35Z] #314 attempt=1/2 status=200 0.297s url=https://www.myfonts.com/products/neficto-complete-family-package-1156056
[2026-05-22T09:47:36Z] #315 attempt=1/2 status=200 0.372s url=https://www.myfonts.com/collections/neficto-font-font-liner/
[2026-05-22T09:47:36Z] #316 attempt=1/2 status=200 0.296s url=https://www.myfonts.com/products/ichiji-complete-family-package-1155466
[2026-05-22T09:47:37Z] #317 attempt=1/2 status=200 0.362s url=https://www.myfonts.com/collections/ichiji-font-factory738/
[2026-05-22T09:47:37Z] #318 attempt=1/2 status=200 0.310s url=https://www.myfonts.com/products/selario-complete-family-package-1155219
[2026-05-22T09:47:38Z] #319 attempt=1/2 status=200 0.340s url=https://www.myfonts.com/collections/selario-font-timelesstype-studio/
[2026-05-22T09:47:39Z] #320 attempt=1/2 status=200 0.432s url=https://www.myfonts.com/products/werk-neue-complete-family-package-1155267
[2026-05-22T09:47:39Z] #321 attempt=1/2 status=429 0.041s url=https://www.myfonts.com/collections/werk-neue-font-webhance/
[2026-05-22T09:47:41Z] #322 attempt=2/2 status=429 0.133s url=https://www.myfonts.com/collections/werk-neue-font-webhance/
[2026-05-22T09:47:46Z] max_retries_exhausted url=https://www.myfonts.com/collections/werk-neue-font-webhance/
[2026-05-22T09:47:47Z] #323 attempt=1/2 status=200 0.912s url=https://www.myfonts.com/products/semi-expanded-package-1156427
[2026-05-22T09:47:50Z] #324 attempt=1/2 status=200 2.152s url=https://www.myfonts.com/collections/aurethique-font-eyetype/
[2026-05-22T09:47:51Z] #325 attempt=1/2 status=200 0.364s url=https://www.myfonts.com/products/aliskan-sans-complete-family-package-1155501
[2026-05-22T09:47:51Z] #326 attempt=1/2 status=200 0.469s url=https://www.myfonts.com/collections/aliskan-sans-font-madjack-font/
[2026-05-22T09:47:52Z] #327 attempt=1/2 status=200 0.298s url=https://www.myfonts.com/products/spring-katteny-complete-family-package-1154782
[2026-05-22T09:47:53Z] #328 attempt=1/2 status=200 0.317s url=https://www.myfonts.com/collections/spring-katteny-font-yoga-letter/
[2026-05-22T09:47:54Z] #329 attempt=1/2 status=200 0.853s url=https://www.myfonts.com/products/tt-commonstm-pro-basic-package-package-1155348
[2026-05-22T09:47:56Z] #330 attempt=1/2 status=200 2.042s url=https://www.myfonts.com/collections/tt-commons-font-typetype/
[2026-05-22T09:47:57Z] #331 attempt=1/2 status=200 0.304s url=https://www.myfonts.com/products/edit-serif-pro-complete-family-package-1154994
[2026-05-22T09:47:58Z] #332 attempt=1/2 status=200 0.439s url=https://www.myfonts.com/collections/edit-serif-pro-font-atlasfontfoundry/
[2026-05-22T09:47:58Z] #333 attempt=1/2 status=200 0.304s url=https://www.myfonts.com/products/anchorist-complete-family-package-1155449
[2026-05-22T09:47:59Z] #334 attempt=1/2 status=200 0.320s url=https://www.myfonts.com/collections/anchorist-font-vozzy/
[2026-05-22T09:47:59Z] #335 attempt=1/2 status=200 0.385s url=https://www.myfonts.com/products/valore-pro-complete-family-package-1095876
[2026-05-22T09:48:00Z] #336 attempt=1/2 status=200 0.693s url=https://www.myfonts.com/collections/valore-pro-font-nollev/
[2026-05-22T09:48:02Z] #337 attempt=1/6 status=200 0.687s url=https://www.myfonts.com/products.json?limit=100&page=18
[2026-05-22T09:48:02Z] #338 attempt=1/2 status=200 0.324s url=https://www.myfonts.com/products/pg-hevorish-complete-family-package-1156103
[2026-05-22T09:48:03Z] #339 attempt=1/2 status=200 0.373s url=https://www.myfonts.com/collections/pg-hevorish-font-pretty-glyphs/
[2026-05-22T09:48:03Z] #340 attempt=1/2 status=200 0.296s url=https://www.myfonts.com/products/cozy-handline-complete-family-package-1154813
[2026-05-22T09:48:04Z] #341 attempt=1/2 status=200 0.396s url=https://www.myfonts.com/collections/cozy-handline-font-k-gold-studio/
[2026-05-22T09:48:05Z] #342 attempt=1/2 status=200 0.293s url=https://www.myfonts.com/products/elfariany-script-complete-family-package-1156614
[2026-05-22T09:48:05Z] #343 attempt=1/2 status=200 0.454s url=https://www.myfonts.com/collections/elfariany-script-font-lettertype-studio/
[2026-05-22T09:48:06Z] #344 attempt=1/2 status=200 0.310s url=https://www.myfonts.com/products/mestina-bohoniy-complete-family-package-1155473
[2026-05-22T09:48:06Z] #345 attempt=1/2 status=200 0.394s url=https://www.myfonts.com/collections/mestina-bohoniy-font-madjack-font/
[2026-05-22T09:48:07Z] #346 attempt=1/2 status=200 0.310s url=https://www.myfonts.com/products/wonder-vibe-complete-family-package-1155215
[2026-05-22T09:48:08Z] #347 attempt=1/2 status=200 0.330s url=https://www.myfonts.com/collections/wonder-vibe-font-artiveko/
[2026-05-22T09:48:08Z] #348 attempt=1/2 status=200 0.363s url=https://www.myfonts.com/products/edit-serif-cyrillic-complete-family-package-1155073
[2026-05-22T09:48:09Z] #349 attempt=1/2 status=200 0.391s url=https://www.myfonts.com/collections/edit-serif-cyrillic-font-atlasfontfoundry/
[2026-05-22T09:48:11Z] #350 attempt=1/2 status=200 1.449s url=https://www.myfonts.com/products/montriv-complete-family-package-1156671
[2026-05-22T09:48:13Z] #351 attempt=1/2 status=200 2.246s url=https://www.myfonts.com/collections/montriv-font-kaidosan/
[2026-05-22T09:48:14Z] #352 attempt=1/2 status=200 0.295s url=https://www.myfonts.com/products/sweet-trace-complete-family-package-1155452
[2026-05-22T09:48:15Z] #353 attempt=1/2 status=200 0.297s url=https://www.myfonts.com/collections/sweet-trace-font-letterena-studios/
[2026-05-22T09:48:15Z] #354 attempt=1/2 status=200 0.402s url=https://www.myfonts.com/products/pg-thickster-complete-family-package-1156617
[2026-05-22T09:48:16Z] #355 attempt=1/2 status=200 0.363s url=https://www.myfonts.com/collections/pg-thickster-font-pretty-glyphs/
[2026-05-22T09:48:17Z] #356 attempt=1/2 status=200 0.341s url=https://www.myfonts.com/products/pith-complete-family-package-1155455
[2026-05-22T09:48:17Z] #357 attempt=1/2 status=200 0.409s url=https://www.myfonts.com/collections/pith-font-saskara-type/
[2026-05-22T09:48:18Z] #358 attempt=1/2 status=200 0.350s url=https://www.myfonts.com/products/onykar-complete-family-package-1155504
[2026-05-22T09:48:18Z] #359 attempt=1/2 status=429 0.032s url=https://www.myfonts.com/collections/onykar-font-ahweproject/
[2026-05-22T09:48:21Z] #360 attempt=2/2 status=200 0.431s url=https://www.myfonts.com/collections/onykar-font-ahweproject/
[2026-05-22T09:48:21Z] #361 attempt=1/2 status=200 0.272s url=https://www.myfonts.com/products/takakogen-maru-complete-family-package-1155185
[2026-05-22T09:48:22Z] #362 attempt=1/2 status=200 0.490s url=https://www.myfonts.com/collections/takakogen-maru-r-font-taka-design-production/
[2026-05-22T09:48:22Z] #363 attempt=1/2 status=200 0.257s url=https://www.myfonts.com/products/fresh-chunky-complete-family-package-1155480
[2026-05-22T09:48:23Z] #364 attempt=1/2 status=429 0.034s url=https://www.myfonts.com/collections/fresh-chunky-font-timelesstype-studio/
[2026-05-22T09:48:25Z] #365 attempt=2/2 status=200 0.460s url=https://www.myfonts.com/collections/fresh-chunky-font-timelesstype-studio/
[2026-05-22T09:48:26Z] #366 attempt=1/2 status=200 0.306s url=https://www.myfonts.com/products/pafilona-complete-family-package-1155470
[2026-05-22T09:48:27Z] #367 attempt=1/2 status=200 0.355s url=https://www.myfonts.com/collections/pafilona-font-tini-fitriani/
[2026-05-22T09:48:27Z] #368 attempt=1/2 status=200 0.354s url=https://www.myfonts.com/products/nova-moir-complete-family-package-1156108
[2026-05-22T09:48:28Z] #369 attempt=1/2 status=200 0.465s url=https://www.myfonts.com/collections/nova-moir-font-saemoon-creative/
[2026-05-22T09:48:28Z] #370 attempt=1/2 status=429 0.127s url=https://www.myfonts.com/products/takaking-complete-family-package-1155178
[2026-05-22T09:48:31Z] #371 attempt=2/2 status=200 0.394s url=https://www.myfonts.com/products/takaking-complete-family-package-1155178
[2026-05-22T09:48:31Z] #372 attempt=1/2 status=200 0.380s url=https://www.myfonts.com/collections/takaking-h-font-taka-design-production/
[2026-05-22T09:48:32Z] #373 attempt=1/2 status=200 0.315s url=https://www.myfonts.com/products/metrostack-complete-family-package-1155512
[2026-05-22T09:48:33Z] #374 attempt=1/2 status=200 0.321s url=https://www.myfonts.com/collections/metrostack-font-salamahtype/
[2026-05-22T09:48:33Z] #375 attempt=1/2 status=200 0.334s url=https://www.myfonts.com/products/rules-jp-complete-family-package-1156889
[2026-05-22T09:48:33Z] #376 attempt=1/2 status=429 0.033s url=https://www.myfonts.com/collections/rules-jp-font-blaze-type/
[2026-05-22T09:48:36Z] #377 attempt=2/2 status=200 0.497s url=https://www.myfonts.com/collections/rules-jp-font-blaze-type/
[2026-05-22T09:48:37Z] #378 attempt=1/2 status=200 0.282s url=https://www.myfonts.com/products/browna-quicko-complete-family-package-1155528
[2026-05-22T09:48:37Z] #379 attempt=1/2 status=200 0.320s url=https://www.myfonts.com/collections/browna-quicko-font-letterytz/
[2026-05-22T09:48:38Z] #380 attempt=1/2 status=200 0.303s url=https://www.myfonts.com/products/wild-trave-complete-family-package-1156664
[2026-05-22T09:48:38Z] #381 attempt=1/2 status=429 0.027s url=https://www.myfonts.com/collections/wild-trave-font-letterhend/
[2026-05-22T09:48:41Z] #382 attempt=2/2 status=200 0.424s url=https://www.myfonts.com/collections/wild-trave-font-letterhend/
[2026-05-22T09:48:41Z] #383 attempt=1/2 status=200 0.270s url=https://www.myfonts.com/products/ft-neovision-complete-family-package-1156129
[2026-05-22T09:48:42Z] #384 attempt=1/2 status=200 0.299s url=https://www.myfonts.com/collections/ft-neovision-font-firstype-studio/
[2026-05-22T09:48:42Z] #385 attempt=1/2 status=200 0.290s url=https://www.myfonts.com/products/we-need-a-holiday-complete-family-package-1154810
[2026-05-22T09:48:43Z] #386 attempt=1/2 status=429 0.034s url=https://www.myfonts.com/collections/we-need-a-holiday-font-pizzadudedk/
[2026-05-22T09:48:45Z] #387 attempt=2/2 status=200 0.444s url=https://www.myfonts.com/collections/we-need-a-holiday-font-pizzadudedk/
[2026-05-22T09:48:46Z] #388 attempt=1/2 status=200 0.321s url=https://www.myfonts.com/products/pg-mellowink-complete-family-package-1156120
[2026-05-22T09:48:46Z] #389 attempt=1/2 status=200 0.397s url=https://www.myfonts.com/collections/pg-mellowink-font-pretty-glyphs/
[2026-05-22T09:48:47Z] #390 attempt=1/2 status=200 0.240s url=https://www.myfonts.com/products/regular-holine-1155526
[2026-05-22T09:48:47Z] #391 attempt=1/2 status=429 0.035s url=https://www.myfonts.com/collections/holine-font-gatype/
[2026-05-22T09:48:50Z] #392 attempt=2/2 status=200 0.320s url=https://www.myfonts.com/collections/holine-font-gatype/
[2026-05-22T09:48:50Z] #393 attempt=1/2 status=200 0.277s url=https://www.myfonts.com/products/regular-sevoilla-1155524
[2026-05-22T09:48:51Z] #394 attempt=1/2 status=200 0.271s url=https://www.myfonts.com/collections/sevoilla-font-vadova-std/
[2026-05-22T09:48:51Z] #395 attempt=1/2 status=200 0.265s url=https://www.myfonts.com/products/regular-gumzy-pop-1155510
[2026-05-22T09:48:52Z] #396 attempt=1/2 status=429 0.027s url=https://www.myfonts.com/collections/gumzy-pop-font-sixtype-foundry/
[2026-05-22T09:48:54Z] #397 attempt=2/2 status=200 0.360s url=https://www.myfonts.com/collections/gumzy-pop-font-sixtype-foundry/
[2026-05-22T09:48:55Z] #398 attempt=1/6 status=200 0.648s url=https://www.myfonts.com/products.json?limit=100&page=19
[2026-05-22T09:48:56Z] #399 attempt=1/2 status=200 0.274s url=https://www.myfonts.com/products/regular-hammer-1155469
[2026-05-22T09:48:56Z] #400 attempt=1/2 status=200 0.242s url=https://www.myfonts.com/collections/hammer-font-rasio-studio/
[2026-05-22T09:48:57Z] #401 attempt=1/2 status=200 0.286s url=https://www.myfonts.com/products/regular-delmora-1154808
[2026-05-22T09:48:57Z] #402 attempt=1/2 status=429 0.056s url=https://www.myfonts.com/collections/delmora-font-vadova-std/
[2026-05-22T09:49:00Z] #403 attempt=2/2 status=200 0.286s url=https://www.myfonts.com/collections/delmora-font-vadova-std/
[2026-05-22T09:49:00Z] #404 attempt=1/2 status=200 0.260s url=https://www.myfonts.com/products/regular-chocholatte-tiramisu-1155448
[2026-05-22T09:49:01Z] #405 attempt=1/2 status=200 0.349s url=https://www.myfonts.com/collections/chocholatte-tiramisu-font-sixtype-foundry/
[2026-05-22T09:49:01Z] #406 attempt=1/2 status=200 0.243s url=https://www.myfonts.com/products/regular-gissela-1156626
[2026-05-22T09:49:02Z] #407 attempt=1/2 status=429 0.057s url=https://www.myfonts.com/collections/gissela-font-sensatype-studio/
[2026-05-22T09:49:04Z] #408 attempt=2/2 status=200 0.300s url=https://www.myfonts.com/collections/gissela-font-sensatype-studio/
[2026-05-22T09:49:05Z] #409 attempt=1/6 status=200 0.720s url=https://www.myfonts.com/products.json?limit=100&page=20
[2026-05-22T09:49:06Z] #410 attempt=1/2 status=200 0.248s url=https://www.myfonts.com/products/regular-angellin-freaky-1155465
[2026-05-22T09:49:06Z] #411 attempt=1/2 status=200 0.320s url=https://www.myfonts.com/collections/angellin-freaky-font-afkari-studio/
[2026-05-22T09:49:07Z] #412 attempt=1/2 status=200 0.255s url=https://www.myfonts.com/products/regular-gelishia-signature-brush-1154785
[2026-05-22T09:49:07Z] #413 attempt=1/2 status=200 0.243s url=https://www.myfonts.com/collections/gelishia-signature-brush-font-tebaltipis-studio/
[2026-05-22T09:49:08Z] #414 attempt=1/2 status=429 0.025s url=https://www.myfonts.com/products/regular-fierce-pirates-1155446
[2026-05-22T09:49:10Z] #415 attempt=2/2 status=200 0.308s url=https://www.myfonts.com/products/regular-fierce-pirates-1155446
[2026-05-22T09:49:11Z] #416 attempt=1/2 status=200 0.251s url=https://www.myfonts.com/collections/fierce-pirates-font-imoodev/
[2026-05-22T09:49:11Z] #417 attempt=1/2 status=200 0.289s url=https://www.myfonts.com/products/regular-mediora-1156625
[2026-05-22T09:49:12Z] #418 attempt=1/2 status=200 0.265s url=https://www.myfonts.com/collections/mediora-font-sensatype-studio/
[2026-05-22T09:49:12Z] #419 attempt=1/2 status=200 0.257s url=https://www.myfonts.com/products/regular-caring-father-1156027
[2026-05-22T09:49:12Z] #420 attempt=1/2 status=429 0.038s url=https://www.myfonts.com/collections/caring-father-font-seemly-fonts/
[2026-05-22T09:49:15Z] #421 attempt=2/2 status=200 0.316s url=https://www.myfonts.com/collections/caring-father-font-seemly-fonts/
[2026-05-22T09:49:15Z] #422 attempt=1/2 status=200 0.262s url=https://www.myfonts.com/products/regular-crispy-crumbs-1155447
[2026-05-22T09:49:16Z] #423 attempt=1/2 status=200 0.242s url=https://www.myfonts.com/collections/crispy-crumbs-font-sixtype-foundry/
[2026-05-22T09:49:16Z] #424 attempt=1/2 status=200 0.248s url=https://www.myfonts.com/products/regular-vaurum-1154809
[2026-05-22T09:49:17Z] #425 attempt=1/2 status=429 0.028s url=https://www.myfonts.com/collections/vaurum-font-rasio-studio/
[2026-05-22T09:49:19Z] #426 attempt=2/2 status=200 0.302s url=https://www.myfonts.com/collections/vaurum-font-rasio-studio/
[2026-05-22T09:49:20Z] #427 attempt=1/2 status=200 0.320s url=https://www.myfonts.com/products/regular-jovencua-1155522
[2026-05-22T09:49:20Z] #428 attempt=1/2 status=200 0.243s url=https://www.myfonts.com/collections/jovencua-font-vadova-std/
[2026-05-22T09:49:21Z] #429 attempt=1/6 status=200 0.665s url=https://www.myfonts.com/products.json?limit=100&page=21
[2026-05-22T09:49:22Z] #430 attempt=1/2 status=200 0.259s url=https://www.myfonts.com/products/regular-dolce-miele-signature-1154787
[2026-05-22T09:49:22Z] #431 attempt=1/2 status=429 0.031s url=https://www.myfonts.com/collections/dolce-miele-signature-font-tebaltipis-studio/
[2026-05-22T09:49:25Z] #432 attempt=2/2 status=200 0.300s url=https://www.myfonts.com/collections/dolce-miele-signature-font-tebaltipis-studio/
[2026-05-22T09:49:25Z] #433 attempt=1/2 status=200 0.292s url=https://www.myfonts.com/products/regular-gigamore-1155520
[2026-05-22T09:49:26Z] #434 attempt=1/2 status=200 0.253s url=https://www.myfonts.com/collections/gigamore-font-rasio-studio/
[2026-05-22T09:49:27Z] #435 attempt=1/2 status=200 1.288s url=https://www.myfonts.com/products/thin-italic-expanded-paquero-1154854
[2026-05-22T09:49:29Z] #436 attempt=1/2 status=200 1.936s url=https://www.myfonts.com/collections/paquero-font-propertype/
[2026-05-22T09:49:30Z] #437 attempt=1/2 status=200 0.220s url=https://www.myfonts.com/products/regular-hero-blade-1154781
[2026-05-22T09:49:31Z] #438 attempt=1/2 status=200 0.255s url=https://www.myfonts.com/collections/hero-blade-font-seemly-fonts/
[2026-05-22T09:49:31Z] #439 attempt=1/2 status=200 0.242s url=https://www.myfonts.com/products/regular-belogha-shimtey-1155527
[2026-05-22T09:49:32Z] #440 attempt=1/2 status=200 0.254s url=https://www.myfonts.com/collections/belogha-shimtey-font-pineungtype-misinklab/
[2026-05-22T09:49:32Z] #441 attempt=1/2 status=200 0.282s url=https://www.myfonts.com/products/script-ratala-1156118
[2026-05-22T09:49:33Z] #442 attempt=1/2 status=429 0.027s url=https://www.myfonts.com/collections/ratala-font-bondangail/
[2026-05-22T09:49:35Z] #443 attempt=2/2 status=200 0.322s url=https://www.myfonts.com/collections/ratala-font-bondangail/
[2026-05-22T09:49:36Z] #444 attempt=1/2 status=200 0.241s url=https://www.myfonts.com/products/regular-sour-berry-signature-1154786
[2026-05-22T09:49:36Z] #445 attempt=1/2 status=200 0.280s url=https://www.myfonts.com/collections/sour-berry-signature-font-tebaltipis-studio/
[2026-05-22T09:49:37Z] #446 attempt=1/6 status=200 0.726s url=https://www.myfonts.com/products.json?limit=100&page=22
[2026-05-22T09:49:38Z] #447 attempt=1/2 status=200 0.284s url=https://www.myfonts.com/products/regular-wiptrik-hether-1155511
[2026-05-22T09:49:38Z] #448 attempt=1/2 status=200 0.274s url=https://www.myfonts.com/collections/wiptrik-hether-font-bayuktx/
[2026-05-22T09:49:39Z] #449 attempt=1/2 status=429 0.042s url=https://www.myfonts.com/products/regular-berico-1156295
[2026-05-22T09:49:41Z] #450 attempt=2/2 status=200 0.360s url=https://www.myfonts.com/products/regular-berico-1156295
[2026-05-22T09:49:42Z] #451 attempt=1/2 status=200 0.230s url=https://www.myfonts.com/collections/berico-font-maikohatta/
[2026-05-22T09:49:43Z] #452 attempt=1/6 status=200 0.674s url=https://www.myfonts.com/products.json?limit=100&page=23
[2026-05-22T09:49:43Z] #453 attempt=1/2 status=200 0.258s url=https://www.myfonts.com/products/regular-ramen-curry-1155516
[2026-05-22T09:49:44Z] #454 attempt=1/2 status=200 0.278s url=https://www.myfonts.com/collections/ramen-curry-font-black-junst/
[2026-05-22T09:49:45Z] #455 attempt=1/2 status=200 0.270s url=https://www.myfonts.com/products/regular-fyora-1155218
[2026-05-22T09:49:45Z] #456 attempt=1/2 status=200 0.284s url=https://www.myfonts.com/collections/fyora-font-vadova-std/
[2026-05-22T09:49:46Z] #457 attempt=1/6 status=200 0.685s url=https://www.myfonts.com/products.json?limit=100&page=24
[2026-05-22T09:49:47Z] #458 attempt=1/2 status=200 0.284s url=https://www.myfonts.com/products/regular-eastrave-1155222
[2026-05-22T09:49:47Z] #459 attempt=1/2 status=200 0.283s url=https://www.myfonts.com/collections/eastrave-font-din-studio/
[2026-05-22T09:49:48Z] #460 attempt=1/2 status=200 0.270s url=https://www.myfonts.com/products/regular-nayumi-1155521
[2026-05-22T09:49:48Z] #461 attempt=1/2 status=200 0.293s url=https://www.myfonts.com/collections/nayumi-font-rasio-studio/
[2026-05-22T09:49:49Z] #462 attempt=1/2 status=200 0.277s url=https://www.myfonts.com/products/regular-queliru-1155517
[2026-05-22T09:49:49Z] #463 attempt=1/2 status=200 0.247s url=https://www.myfonts.com/collections/queliru-font-flawlessandco/
[2026-05-22T09:49:50Z] #464 attempt=1/2 status=200 0.267s url=https://www.myfonts.com/products/regular-alicia-grace-1156887
[2026-05-22T09:49:50Z] #465 attempt=1/2 status=200 0.260s url=https://www.myfonts.com/collections/alicia-grace-font-bonjourtype/
[2026-05-22T09:49:51Z] #466 attempt=1/2 status=200 0.286s url=https://www.myfonts.com/products/regular-asphalt-gronjal-1155525
[2026-05-22T09:49:51Z] #467 attempt=1/2 status=200 0.232s url=https://www.myfonts.com/collections/asphalt-gronjal-font-flawlessandco/
[2026-05-22T09:49:53Z] #468 attempt=1/6 status=200 0.710s url=https://www.myfonts.com/products.json?limit=100&page=25
[2026-05-22T09:49:53Z] #469 attempt=1/2 status=200 0.292s url=https://www.myfonts.com/products/regular-junelys-ridge-1155531
[2026-05-22T09:49:54Z] #470 attempt=1/2 status=200 0.279s url=https://www.myfonts.com/collections/junelys-ridge-font-letterhanna-studio/
[2026-05-22T09:49:54Z] #471 attempt=1/2 status=200 0.255s url=https://www.myfonts.com/products/regular-sederhana-1156119
[2026-05-22T09:49:55Z] #472 attempt=1/2 status=200 0.246s url=https://www.myfonts.com/collections/sederhana-font-basnistudio/
[2026-05-22T09:49:55Z] #473 attempt=1/2 status=200 0.324s url=https://www.myfonts.com/products/regular-bigframe-1155518
[2026-05-22T09:49:56Z] #474 attempt=1/2 status=200 0.231s url=https://www.myfonts.com/collections/bigframe-font-rasio-studio/
[2026-05-22T09:49:56Z] #475 attempt=1/2 status=200 0.249s url=https://www.myfonts.com/products/regular-nimete-1155523
[2026-05-22T09:49:57Z] #476 attempt=1/2 status=200 0.234s url=https://www.myfonts.com/collections/nimete-font-vadova-std/
[2026-05-22T09:49:57Z] #477 attempt=1/2 status=429 0.026s url=https://www.myfonts.com/products/regular-soju-wye-1155515
[2026-05-22T09:49:59Z] #478 attempt=2/2 status=429 0.096s url=https://www.myfonts.com/products/regular-soju-wye-1155515
[2026-05-22T09:50:04Z] max_retries_exhausted url=https://www.myfonts.com/products/regular-soju-wye-1155515
[2026-05-22T09:50:05Z] #479 attempt=1/2 status=429 0.074s url=https://www.myfonts.com/collections/regular-soju-wye-1155515-font-bayuktx
[2026-05-22T09:50:07Z] #480 attempt=2/2 status=404 0.182s url=https://www.myfonts.com/collections/regular-soju-wye-1155515-font-bayuktx
[2026-05-22T09:50:07Z] #481 attempt=1/2 status=200 0.287s url=https://www.myfonts.com/products/regular-verhole-1155519
[2026-05-22T09:50:08Z] #482 attempt=1/2 status=200 0.238s url=https://www.myfonts.com/collections/verhole-font-flawlessandco/
[2026-05-22T09:50:08Z] #483 attempt=1/2 status=429 0.030s url=https://www.myfonts.com/products/regular-takasapporo-kaku-b-1155162
[2026-05-22T09:50:11Z] #484 attempt=2/2 status=200 0.359s url=https://www.myfonts.com/products/regular-takasapporo-kaku-b-1155162
[2026-05-22T09:50:11Z] #485 attempt=1/2 status=200 0.392s url=https://www.myfonts.com/collections/takasapporo-kaku-b-font-taka-design-production/
[2026-05-22T09:50:12Z] #486 attempt=1/2 status=200 0.369s url=https://www.myfonts.com/collections/takasapporo-kaku-b-font-taka-design-production/
[2026-05-22T09:50:13Z] #487 attempt=1/2 status=200 0.343s url=https://www.myfonts.com/products/demibold-takaboy21-m-1155196
[2026-05-22T09:50:13Z] #488 attempt=1/2 status=200 0.356s url=https://www.myfonts.com/collections/takaboy21-m-font-taka-design-production/
[2026-05-22T09:50:14Z] #489 attempt=1/2 status=200 0.325s url=https://www.myfonts.com/products/takasapporo-maru-complete-family-package-1155200
[2026-05-22T09:50:14Z] #490 attempt=1/2 status=200 0.370s url=https://www.myfonts.com/collections/takasapporo-maru-m-font-taka-design-production/
[2026-05-22T09:50:15Z] #491 attempt=1/2 status=200 0.135s url=https://www.myfonts.com/collections/takasapporo-maru-m-font-taka-design-production/
[2026-05-22T09:50:15Z] #492 attempt=1/2 status=200 0.278s url=https://www.myfonts.com/products/regular-takameiryu-1155199
[2026-05-22T09:50:16Z] #493 attempt=1/2 status=200 0.206s url=https://www.myfonts.com/collections/takameiryu-font-taka-design-production/
[2026-05-22T09:50:16Z] #494 attempt=1/2 status=200 0.272s url=https://www.myfonts.com/products/regular-takatokyo-kaku-1155189
[2026-05-22T09:50:17Z] #495 attempt=1/2 status=200 0.352s url=https://www.myfonts.com/collections/takatokyo-kaku-font-taka-design-production/
[2026-05-22T09:50:17Z] #496 attempt=1/2 status=200 0.338s url=https://www.myfonts.com/products/medium-takaline-b-1155208
[2026-05-22T09:50:18Z] #497 attempt=1/2 status=200 0.327s url=https://www.myfonts.com/collections/takaline-b-font-taka-design-production/
[2026-05-22T09:50:18Z] #498 attempt=1/2 status=200 0.139s url=https://www.myfonts.com/collections/takaline-b-font-taka-design-production/
[2026-05-22T09:50:19Z] #499 attempt=1/2 status=200 0.295s url=https://www.myfonts.com/products/regular-takatalk-maru-1155183
[2026-05-22T09:50:20Z] #500 attempt=1/2 status=200 0.379s url=https://www.myfonts.com/collections/takatalk-maru-font-taka-design-production/
[2026-05-22T09:50:20Z] #501 attempt=1/2 status=200 0.274s url=https://www.myfonts.com/products/regular-zelrix-sports-1155213
[2026-05-22T09:50:21Z] #502 attempt=1/2 status=200 0.373s url=https://www.myfonts.com/collections/zelrix-sports-font-nirmana-visual/
[2026-05-22T09:50:21Z] #503 attempt=1/2 status=200 0.305s url=https://www.myfonts.com/products/heavy-takaroman-db-1155172
[2026-05-22T09:50:22Z] #504 attempt=1/2 status=200 0.333s url=https://www.myfonts.com/collections/takaroman-db-font-taka-design-production/
[2026-05-22T09:50:22Z] #505 attempt=1/2 status=429 0.026s url=https://www.myfonts.com/products/bold-takaginza-kaku-m-1155177
[2026-05-22T09:50:24Z] #506 attempt=2/2 status=429 0.070s url=https://www.myfonts.com/products/bold-takaginza-kaku-m-1155177
[2026-05-22T09:50:29Z] max_retries_exhausted url=https://www.myfonts.com/products/bold-takaginza-kaku-m-1155177
[2026-05-22T09:50:30Z] #507 attempt=1/2 status=404 0.176s url=https://www.myfonts.com/collections/bold-takaginza-kaku-m-1155177-font-taka-design-production
[2026-05-22T09:50:30Z] summary releases=3 first_429=(71, 'https://www.myfonts.com/collections/guess-street-font-stylishtype-studio/', 0.02825617790222168) log_file=state/myfonts_run_20260522_094248.log
[2026-05-22T09:50:30Z] === MyFonts crawl end ===
