[2026-09-17T11:28:45Z] checkpoint fresh next_page=1 path=state/myfonts_crawl_checkpoint.json
[2026-09-17T11:28:45Z] === MyFonts crawl start source=myfonts ===
[2026-09-17T11:28:45Z] config max_pages=25 page_size=100 start_date=2026-09-16 end_date=2026-09-17 api_delay=0.5s detail_delay=0.2s max_debut_checks=400 max_tech_specs_checks=200 reuse_success_profile=False always_enrich_packages=True language_script_signal_mode=strong force_fresh_run=False start_page=1 browser_mode=False browser_headless=True browser_storage_state_path=state/myfonts_storage_state.json
[2026-09-17T11:28:47Z] #1 attempt=1/6 status=200 1.176s url=https://www.myfonts.com/products.json?limit=100&page=1
[2026-09-17T11:28:48Z] #2 attempt=1/2 status=200 1.003s url=https://www.myfonts.com/products/supertype-font-bundle-package-678866
[2026-09-17T11:28:49Z] #3 attempt=1/2 status=404 0.293s url=https://www.myfonts.com/collections/supertype-font-bundle-font-hafishidayat
[2026-09-17T11:28:49Z] #4 attempt=1/2 status=200 0.316s url=https://www.myfonts.com/products/regular-please-scared-1225848
[2026-09-17T11:28:50Z] #5 attempt=1/2 status=200 0.347s url=https://www.myfonts.com/collections/please-scared-font-tini-fitriani/
[2026-09-17T11:28:50Z] #6 attempt=1/2 status=200 0.310s url=https://www.myfonts.com/collections/please-scared-font-tini-fitriani/?tab=techSpecs
[2026-09-17T11:28:51Z] #7 attempt=1/2 status=200 0.297s url=https://www.myfonts.com/products/regular-quicktor-1225847
[2026-09-17T11:28:52Z] #8 attempt=1/2 status=200 0.313s url=https://www.myfonts.com/collections/quicktor-font-dareco-studio/
[2026-09-17T11:28:52Z] #9 attempt=1/2 status=200 0.194s url=https://www.myfonts.com/collections/quicktor-font-dareco-studio/?tab=techSpecs
[2026-09-17T11:28:53Z] #10 attempt=1/2 status=200 0.269s url=https://www.myfonts.com/products/regular-paipu-1225852
[2026-09-17T11:28:53Z] #11 attempt=1/2 status=200 0.358s url=https://www.myfonts.com/collections/paipu-font-facetype/
[2026-09-17T11:28:54Z] #12 attempt=1/2 status=200 0.183s url=https://www.myfonts.com/collections/paipu-font-facetype/?tab=techSpecs
[2026-09-17T11:28:55Z] #13 attempt=1/2 status=200 0.273s url=https://www.myfonts.com/products/regular-kuro-spirit-1225859
[2026-09-17T11:28:55Z] #14 attempt=1/2 status=200 0.333s url=https://www.myfonts.com/collections/kuro-spirit-font-hipfonts/
[2026-09-17T11:28:56Z] #15 attempt=1/2 status=200 0.308s url=https://www.myfonts.com/collections/kuro-spirit-font-hipfonts/?tab=techSpecs
[2026-09-17T11:28:57Z] #16 attempt=1/2 status=200 0.328s url=https://www.myfonts.com/products/regular-purgo-1225806
[2026-09-17T11:28:57Z] #17 attempt=1/2 status=200 0.290s url=https://www.myfonts.com/collections/purgo-font-drizy-font/
[2026-09-17T11:28:58Z] #18 attempt=1/2 status=200 0.311s url=https://www.myfonts.com/collections/purgo-font-drizy-font/?tab=techSpecs
[2026-09-17T11:28:59Z] #19 attempt=1/2 status=200 0.321s url=https://www.myfonts.com/products/regular-oakthorn-1225858
[2026-09-17T11:28:59Z] #20 attempt=1/2 status=200 0.370s url=https://www.myfonts.com/collections/oakthorn-font-hipfonts/
[2026-09-17T11:29:00Z] #21 attempt=1/2 status=200 0.332s url=https://www.myfonts.com/collections/oakthorn-font-hipfonts/?tab=techSpecs
[2026-09-17T11:29:01Z] #22 attempt=1/2 status=200 0.314s url=https://www.myfonts.com/products/regular-blissful-night-1225748
[2026-09-17T11:29:01Z] #23 attempt=1/2 status=200 0.290s url=https://www.myfonts.com/collections/blissful-night-font-gassstype/
[2026-09-17T11:29:02Z] #24 attempt=1/2 status=200 0.310s url=https://www.myfonts.com/collections/blissful-night-font-gassstype/?tab=techSpecs
[2026-09-17T11:29:03Z] #25 attempt=1/2 status=200 0.424s url=https://www.myfonts.com/products/bold-skin-package-package-1225747
[2026-09-17T11:29:03Z] #26 attempt=1/2 status=200 0.440s url=https://www.myfonts.com/collections/sx-liberate-font-sixtype-foundry/
[2026-09-17T11:29:04Z] #27 attempt=1/2 status=200 0.521s url=https://www.myfonts.com/collections/sx-liberate-font-sixtype-foundry/?tab=techSpecs
[2026-09-17T11:29:06Z] #28 attempt=1/2 status=200 0.783s url=https://www.myfonts.com/products/rosediga-complete-family-package-1225662
[2026-09-17T11:29:07Z] #29 attempt=1/2 status=200 1.079s url=https://www.myfonts.com/collections/rosediga-font-creatorism/
[2026-09-17T11:29:09Z] #30 attempt=1/2 status=200 1.030s url=https://www.myfonts.com/collections/rosediga-font-creatorism/?tab=techSpecs
[2026-09-17T11:29:10Z] #31 attempt=1/2 status=200 0.296s url=https://www.myfonts.com/products/regular-peche-1225737
[2026-09-17T11:29:11Z] #32 attempt=1/2 status=200 0.379s url=https://www.myfonts.com/collections/peche-font-letterzep-studio/
[2026-09-17T11:29:12Z] #33 attempt=1/2 status=200 0.314s url=https://www.myfonts.com/collections/peche-font-letterzep-studio/?tab=techSpecs
[2026-09-17T11:29:12Z] #34 attempt=1/2 status=200 0.304s url=https://www.myfonts.com/products/regular-mltp-roxaline-1225736
[2026-09-17T11:29:13Z] #35 attempt=1/2 status=200 0.270s url=https://www.myfonts.com/collections/mltp-roxaline-font-multype-studio/
[2026-09-17T11:29:13Z] #36 attempt=1/2 status=200 0.288s url=https://www.myfonts.com/collections/mltp-roxaline-font-multype-studio/?tab=techSpecs
[2026-09-17T11:29:14Z] #37 attempt=1/2 status=200 0.305s url=https://www.myfonts.com/products/elimost-regular-elimost-1225735
[2026-09-17T11:29:15Z] #38 attempt=1/2 status=200 0.325s url=https://www.myfonts.com/collections/elimost-font-flawlessandco/
[2026-09-17T11:29:15Z] #39 attempt=1/2 status=200 0.318s url=https://www.myfonts.com/collections/elimost-font-flawlessandco/?tab=techSpecs
[2026-09-17T11:29:16Z] #40 attempt=1/2 status=200 0.307s url=https://www.myfonts.com/products/regular-alsond-1225661
[2026-09-17T11:29:17Z] #41 attempt=1/2 status=200 0.293s url=https://www.myfonts.com/collections/alsond-font-dareco-studio/
[2026-09-17T11:29:17Z] #42 attempt=1/2 status=200 0.332s url=https://www.myfonts.com/collections/alsond-font-dareco-studio/?tab=techSpecs
[2026-09-17T11:29:18Z] #43 attempt=1/2 status=200 0.343s url=https://www.myfonts.com/products/regular-street-flow-1225595
[2026-09-17T11:29:19Z] #44 attempt=1/2 status=200 0.401s url=https://www.myfonts.com/collections/street-flow-font-woodcutter/
[2026-09-17T11:29:19Z] #45 attempt=1/2 status=200 0.317s url=https://www.myfonts.com/collections/street-flow-font-woodcutter/?tab=techSpecs
[2026-09-17T11:29:20Z] #46 attempt=1/2 status=200 0.391s url=https://www.myfonts.com/products/regular-rogin-1225594
[2026-09-17T11:29:21Z] #47 attempt=1/2 status=200 0.290s url=https://www.myfonts.com/collections/rogin-font-dareco-studio/
[2026-09-17T11:29:21Z] #48 attempt=1/2 status=200 0.325s url=https://www.myfonts.com/collections/rogin-font-dareco-studio/?tab=techSpecs
[2026-09-17T11:29:22Z] #49 attempt=1/2 status=200 0.308s url=https://www.myfonts.com/products/regular-boom-tags-1225593
[2026-09-17T11:29:23Z] #50 attempt=1/2 status=200 0.313s url=https://www.myfonts.com/collections/boom-tags-font-gassstype/
[2026-09-17T11:29:23Z] #51 attempt=1/2 status=200 0.190s url=https://www.myfonts.com/collections/boom-tags-font-gassstype/?tab=techSpecs
[2026-09-17T11:29:24Z] #52 attempt=1/2 status=200 0.302s url=https://www.myfonts.com/products/regular-gred-menzy-1225592
[2026-09-17T11:29:24Z] #53 attempt=1/2 status=200 0.355s url=https://www.myfonts.com/collections/gred-menzy-font-black-junst/
[2026-09-17T11:29:25Z] #54 attempt=1/2 status=200 0.197s url=https://www.myfonts.com/collections/gred-menzy-font-black-junst/?tab=techSpecs
[2026-09-17T11:29:26Z] #55 attempt=1/2 status=200 0.335s url=https://www.myfonts.com/products/solid-balaur-1225585
[2026-09-17T11:29:26Z] #56 attempt=1/2 status=200 0.309s url=https://www.myfonts.com/collections/balaur-font-the-ampersand-forest/
[2026-09-17T11:29:27Z] #57 attempt=1/2 status=200 0.341s url=https://www.myfonts.com/collections/balaur-font-the-ampersand-forest/?tab=techSpecs
[2026-09-17T11:29:29Z] #58 attempt=1/6 status=200 0.932s url=https://www.myfonts.com/products.json?limit=100&page=2
[2026-09-17T11:29:29Z] #59 attempt=1/2 status=200 0.405s url=https://www.myfonts.com/products/monstrous-complete-family-package-1225566
[2026-09-17T11:29:30Z] #60 attempt=1/2 status=200 0.496s url=https://www.myfonts.com/collections/monstrous-font-alpercakici/
[2026-09-17T11:29:31Z] #61 attempt=1/2 status=200 0.394s url=https://www.myfonts.com/products/kind-hangul-complete-family-package-1225398
[2026-09-17T11:29:32Z] #62 attempt=1/2 status=200 0.559s url=https://www.myfonts.com/collections/kind-hangul-font-attype-studio/
[2026-09-17T11:29:32Z] #63 attempt=1/2 status=200 0.453s url=https://www.myfonts.com/collections/kind-hangul-font-attype-studio/?tab=techSpecs
[2026-09-17T11:29:34Z] #64 attempt=1/2 status=200 0.487s url=https://www.myfonts.com/products/ot-magnet-mono-complete-family-package-1225475
[2026-09-17T11:29:34Z] #65 attempt=1/2 status=200 0.465s url=https://www.myfonts.com/collections/ot-magnet-mono-font-oz-design/
[2026-09-17T11:29:35Z] #66 attempt=1/2 status=200 0.338s url=https://www.myfonts.com/collections/ot-magnet-mono-font-oz-design/?tab=techSpecs
[2026-09-17T11:29:37Z] #67 attempt=1/2 status=200 1.216s url=https://www.myfonts.com/products/sogreth-complete-family-package-1224733
[2026-09-17T11:29:39Z] #68 attempt=1/2 status=200 1.861s url=https://www.myfonts.com/collections/sogreth-font-existype/
[2026-09-17T11:29:40Z] #69 attempt=1/2 status=200 0.301s url=https://www.myfonts.com/collections/sogreth-font-existype/?tab=techSpecs
[2026-09-17T11:29:41Z] #70 attempt=1/2 status=200 0.401s url=https://www.myfonts.com/products/tfc-fragile-complete-family-package-1224932
[2026-09-17T11:29:42Z] #71 attempt=1/2 status=200 0.487s url=https://www.myfonts.com/collections/tfc-fragile-font-typeflock/
[2026-09-17T11:29:43Z] #72 attempt=1/2 status=200 0.484s url=https://www.myfonts.com/collections/tfc-fragile-font-typeflock/?tab=techSpecs
[2026-09-17T11:29:44Z] #73 attempt=1/2 status=200 0.398s url=https://www.myfonts.com/products/vielotta-serif-complete-family-package-1225395
[2026-09-17T11:29:44Z] #74 attempt=1/2 status=200 0.413s url=https://www.myfonts.com/collections/vielotta-serif-font-amorfa-type/
[2026-09-17T11:29:45Z] #75 attempt=1/2 status=200 0.337s url=https://www.myfonts.com/collections/vielotta-serif-font-amorfa-type/?tab=techSpecs
[2026-09-17T11:29:46Z] #76 attempt=1/2 status=200 0.357s url=https://www.myfonts.com/products/goverda-complete-family-package-1225472
[2026-09-17T11:29:47Z] #77 attempt=1/2 status=200 0.298s url=https://www.myfonts.com/collections/goverda-font-font-liner/
[2026-09-17T11:29:47Z] #78 attempt=1/2 status=200 0.205s url=https://www.myfonts.com/collections/goverda-font-font-liner/?tab=techSpecs
[2026-09-17T11:29:48Z] #79 attempt=1/2 status=200 0.449s url=https://www.myfonts.com/products/recoils-complete-family-package-1224730
[2026-09-17T11:29:49Z] #80 attempt=1/2 status=200 0.366s url=https://www.myfonts.com/collections/recoils-font-zaain-type/
[2026-09-17T11:29:49Z] #81 attempt=1/2 status=200 0.213s url=https://www.myfonts.com/collections/recoils-font-zaain-type/?tab=techSpecs
[2026-09-17T11:29:51Z] #82 attempt=1/2 status=200 0.482s url=https://www.myfonts.com/products/serifant-complete-family-package-1224920
[2026-09-17T11:29:51Z] #83 attempt=1/2 status=200 0.531s url=https://www.myfonts.com/collections/serifant-font-lettertype-studio/
[2026-09-17T11:29:52Z] #84 attempt=1/2 status=200 0.231s url=https://www.myfonts.com/collections/serifant-font-lettertype-studio/?tab=techSpecs
[2026-09-17T11:29:53Z] #85 attempt=1/2 status=200 0.349s url=https://www.myfonts.com/products/kiava-complete-family-package-1225392
[2026-09-17T11:29:54Z] #86 attempt=1/2 status=200 0.364s url=https://www.myfonts.com/collections/kiava-font-salamahtype/
[2026-09-17T11:29:54Z] #87 attempt=1/2 status=200 0.192s url=https://www.myfonts.com/collections/kiava-font-salamahtype/?tab=techSpecs
[2026-09-17T11:29:55Z] #88 attempt=1/2 status=200 0.591s url=https://www.myfonts.com/products/copo-copo-complete-family-package-1224900
[2026-09-17T11:29:56Z] #89 attempt=1/2 status=200 0.648s url=https://www.myfonts.com/collections/copo-copo-font-casloop-studio/
[2026-09-17T11:29:57Z] #90 attempt=1/2 status=200 0.220s url=https://www.myfonts.com/collections/copo-copo-font-casloop-studio/?tab=techSpecs
[2026-09-17T11:29:58Z] #91 attempt=1/2 status=200 0.370s url=https://www.myfonts.com/products/nerro-complete-family-package-1225455
[2026-09-17T11:29:59Z] #92 attempt=1/2 status=200 0.550s url=https://www.myfonts.com/collections/nerro-font-pictranoosa/
[2026-09-17T11:30:00Z] #93 attempt=1/2 status=200 0.462s url=https://www.myfonts.com/collections/nerro-font-pictranoosa/?tab=techSpecs
[2026-09-17T11:30:01Z] #94 attempt=1/2 status=200 0.567s url=https://www.myfonts.com/products/fedgloya-complete-family-package-1224708
[2026-09-17T11:30:01Z] #95 attempt=1/2 status=200 0.370s url=https://www.myfonts.com/collections/fedgloya-font-rvandtype/
[2026-09-17T11:30:02Z] #96 attempt=1/2 status=200 0.352s url=https://www.myfonts.com/collections/fedgloya-font-rvandtype/?tab=techSpecs
[2026-09-17T11:30:05Z] #97 attempt=1/2 status=200 1.998s url=https://www.myfonts.com/products/be-part-estetic-package-1225379
[2026-09-17T11:30:10Z] #98 attempt=1/2 status=200 4.984s url=https://www.myfonts.com/collections/be-part-font-groenstudio/
[2026-09-17T11:30:15Z] #99 attempt=1/2 status=200 3.426s url=https://www.myfonts.com/collections/be-part-font-groenstudio/?tab=techSpecs
[2026-09-17T11:30:17Z] #100 attempt=1/2 status=200 0.432s url=https://www.myfonts.com/products/aera-condensed-complete-family-package-1225440
[2026-09-17T11:30:19Z] #101 attempt=1/2 status=200 1.038s url=https://www.myfonts.com/collections/aera-condensed-font-md-type/
[2026-09-17T11:30:21Z] #102 attempt=1/2 status=200 2.301s url=https://www.myfonts.com/collections/aera-condensed-font-md-type/?tab=techSpecs
[2026-09-17T11:30:22Z] #103 attempt=1/2 status=200 0.335s url=https://www.myfonts.com/products/murisa-suchtelen-complete-family-package-1224704
[2026-09-17T11:30:23Z] #104 attempt=1/2 status=200 0.349s url=https://www.myfonts.com/collections/murisa-suchtelen-font-murisa-studio/
[2026-09-17T11:30:23Z] #105 attempt=1/2 status=200 0.395s url=https://www.myfonts.com/collections/murisa-suchtelen-font-murisa-studio/?tab=techSpecs
[2026-09-17T11:30:25Z] #106 attempt=1/2 status=200 0.393s url=https://www.myfonts.com/products/brain-eater-complete-family-package-1224883
[2026-09-17T11:30:25Z] #107 attempt=1/2 status=200 0.453s url=https://www.myfonts.com/collections/brain-eater-font-bale-type/
[2026-09-17T11:30:26Z] #108 attempt=1/2 status=200 0.368s url=https://www.myfonts.com/collections/brain-eater-font-bale-type/?tab=techSpecs
[2026-09-17T11:30:27Z] #109 attempt=1/2 status=200 0.486s url=https://www.myfonts.com/products/bombehond-1993-complete-family-package-1225532
[2026-09-17T11:30:28Z] #110 attempt=1/2 status=200 0.553s url=https://www.myfonts.com/collections/bombehond-1993-font-owl-king-project/
[2026-09-17T11:30:29Z] #111 attempt=1/2 status=200 0.482s url=https://www.myfonts.com/collections/bombehond-1993-font-owl-king-project/?tab=techSpecs
[2026-09-17T11:30:30Z] #112 attempt=1/2 status=200 0.284s url=https://www.myfonts.com/products/aera-complete-family-package-1225429
[2026-09-17T11:30:30Z] #113 attempt=1/2 status=200 0.509s url=https://www.myfonts.com/collections/aera-font-md-type/
[2026-09-17T11:30:31Z] #114 attempt=1/2 status=200 0.512s url=https://www.myfonts.com/collections/aera-font-md-type/?tab=techSpecs
[2026-09-17T11:30:33Z] #115 attempt=1/2 status=200 1.053s url=https://www.myfonts.com/products/lunaverac-complete-family-package-1224613
[2026-09-17T11:30:34Z] #116 attempt=1/2 status=200 1.170s url=https://www.myfonts.com/collections/lunaverac-font-weformera-studio/
[2026-09-17T11:30:35Z] #117 attempt=1/2 status=200 0.297s url=https://www.myfonts.com/collections/lunaverac-font-weformera-studio/?tab=techSpecs
[2026-09-17T11:30:37Z] #118 attempt=1/2 status=200 0.331s url=https://www.myfonts.com/products/kiku-complete-family-package-1224872
[2026-09-17T11:30:37Z] #119 attempt=1/2 status=200 0.384s url=https://www.myfonts.com/collections/kiku-font-md-type/
[2026-09-17T11:30:38Z] #120 attempt=1/2 status=200 0.446s url=https://www.myfonts.com/collections/kiku-font-md-type/?tab=techSpecs
[2026-09-17T11:30:39Z] #121 attempt=1/2 status=200 0.326s url=https://www.myfonts.com/products/bouncy-bites-complete-family-package-1225062
[2026-09-17T11:30:40Z] #122 attempt=1/2 status=200 0.379s url=https://www.myfonts.com/collections/bouncy-bites-font-salamahtype/
[2026-09-17T11:30:40Z] #123 attempt=1/2 status=200 0.396s url=https://www.myfonts.com/collections/bouncy-bites-font-salamahtype/?tab=techSpecs
[2026-09-17T11:30:42Z] #124 attempt=1/2 status=200 0.559s url=https://www.myfonts.com/products/grasso-complete-family-package-1225490
[2026-09-17T11:30:43Z] #125 attempt=1/2 status=200 0.844s url=https://www.myfonts.com/collections/grasso-font-unio-creative-solutions/
[2026-09-17T11:30:44Z] #126 attempt=1/2 status=200 0.707s url=https://www.myfonts.com/collections/grasso-font-unio-creative-solutions/?tab=techSpecs
[2026-09-17T11:30:45Z] #127 attempt=1/2 status=200 0.473s url=https://www.myfonts.com/products/raftile-complete-family-package-1225410
[2026-09-17T11:30:46Z] #128 attempt=1/2 status=200 0.509s url=https://www.myfonts.com/collections/raftile-font-vermilione/
[2026-09-17T11:30:47Z] #129 attempt=1/2 status=200 0.560s url=https://www.myfonts.com/collections/raftile-font-vermilione/?tab=techSpecs
[2026-09-17T11:30:48Z] #130 attempt=1/2 status=200 0.419s url=https://www.myfonts.com/products/evenstar-complete-family-package-1224549
[2026-09-17T11:30:49Z] #131 attempt=1/2 status=200 0.519s url=https://www.myfonts.com/collections/evenstar-font-kereatype/
[2026-09-17T11:30:49Z] #132 attempt=1/2 status=200 0.468s url=https://www.myfonts.com/collections/evenstar-font-kereatype/?tab=techSpecs
[2026-09-17T11:30:51Z] #133 attempt=1/2 status=200 0.576s url=https://www.myfonts.com/products/brenco-complete-family-package-1224711
[2026-09-17T11:30:52Z] #134 attempt=1/2 status=200 0.650s url=https://www.myfonts.com/collections/brenco-font-zeenesia-studio/
[2026-09-17T11:30:53Z] #135 attempt=1/2 status=200 0.561s url=https://www.myfonts.com/collections/brenco-font-zeenesia-studio/?tab=techSpecs
[2026-09-17T11:30:54Z] #136 attempt=1/2 status=200 0.348s url=https://www.myfonts.com/products/sound-seekers-complete-family-package-1225399
[2026-09-17T11:30:54Z] #137 attempt=1/2 status=200 0.374s url=https://www.myfonts.com/collections/sound-seekers-font-amorfa-type/
[2026-09-17T11:30:55Z] #138 attempt=1/2 status=200 0.336s url=https://www.myfonts.com/collections/sound-seekers-font-amorfa-type/?tab=techSpecs
[2026-09-17T11:30:56Z] #139 attempt=1/2 status=200 0.357s url=https://www.myfonts.com/products/chaleo-complete-family-package-1225487
[2026-09-17T11:30:56Z] #140 attempt=1/2 status=200 0.383s url=https://www.myfonts.com/collections/chaleo-font-ragamkata/
[2026-09-17T11:30:57Z] #141 attempt=1/2 status=200 0.344s url=https://www.myfonts.com/collections/chaleo-font-ragamkata/?tab=techSpecs
[2026-09-17T11:30:58Z] #142 attempt=1/2 status=200 0.419s url=https://www.myfonts.com/products/visuelt-family-package-package-1224529
[2026-09-17T11:30:59Z] #143 attempt=1/2 status=200 0.509s url=https://www.myfonts.com/collections/visuelt-font-colophon-foundry/
[2026-09-17T11:31:00Z] #144 attempt=1/2 status=200 0.676s url=https://www.myfonts.com/collections/visuelt-font-colophon-foundry/?tab=techSpecs
[2026-09-17T11:31:01Z] #145 attempt=1/2 status=200 0.612s url=https://www.myfonts.com/products/plumb-complete-family-package-1224823
[2026-09-17T11:31:02Z] #146 attempt=1/2 status=200 0.646s url=https://www.myfonts.com/collections/plumb-font-md-type/
[2026-09-17T11:31:03Z] #147 attempt=1/2 status=200 0.223s url=https://www.myfonts.com/collections/plumb-font-md-type/?tab=techSpecs
[2026-09-17T11:31:05Z] #148 attempt=1/6 status=200 0.983s url=https://www.myfonts.com/products.json?limit=100&page=3
[2026-09-17T11:31:06Z] #149 attempt=1/6 status=200 0.959s url=https://www.myfonts.com/products.json?limit=100&page=4
[2026-09-17T11:31:08Z] #150 attempt=1/6 status=200 0.920s url=https://www.myfonts.com/products.json?limit=100&page=5
[2026-09-17T11:31:08Z] #151 attempt=1/2 status=200 0.345s url=https://www.myfonts.com/products/regular-ez-nagtic-1225380
[2026-09-17T11:31:09Z] #152 attempt=1/2 status=200 0.362s url=https://www.myfonts.com/collections/ez-nagtic-font-zafara-studios/
[2026-09-17T11:31:10Z] #153 attempt=1/2 status=200 0.355s url=https://www.myfonts.com/collections/ez-nagtic-font-zafara-studios/?tab=techSpecs
[2026-09-17T11:31:11Z] #154 attempt=1/6 status=200 0.878s url=https://www.myfonts.com/products.json?limit=100&page=6
[2026-09-17T11:31:13Z] #155 attempt=1/6 status=200 0.769s url=https://www.myfonts.com/products.json?limit=100&page=7
[2026-09-17T11:31:14Z] #156 attempt=1/6 status=200 0.868s url=https://www.myfonts.com/products.json?limit=100&page=8
[2026-09-17T11:31:15Z] #157 attempt=1/2 status=200 0.364s url=https://www.myfonts.com/products/regular-racing-starter-1224707
[2026-09-17T11:31:15Z] #158 attempt=1/2 status=200 0.340s url=https://www.myfonts.com/collections/racing-starter-font-dgtype/
[2026-09-17T11:31:16Z] #159 attempt=1/2 status=200 0.401s url=https://www.myfonts.com/collections/racing-starter-font-dgtype/?tab=techSpecs
[2026-09-17T11:31:17Z] #160 attempt=1/2 status=200 0.339s url=https://www.myfonts.com/products/script-winterish-1224931
[2026-09-17T11:31:17Z] #161 attempt=1/2 status=200 0.331s url=https://www.myfonts.com/collections/winterish-font-flavortype/
[2026-09-17T11:31:18Z] #162 attempt=1/2 status=200 0.334s url=https://www.myfonts.com/collections/winterish-font-flavortype/?tab=techSpecs
[2026-09-17T11:31:19Z] #163 attempt=1/2 status=200 0.356s url=https://www.myfonts.com/products/esmira-complete-family-package-1224897
[2026-09-17T11:31:19Z] #164 attempt=1/2 status=200 0.381s url=https://www.myfonts.com/collections/esmira-font-dgsa-type-foundry/
[2026-09-17T11:31:20Z] #165 attempt=1/2 status=200 0.368s url=https://www.myfonts.com/collections/esmira-font-dgsa-type-foundry/?tab=techSpecs
[2026-09-17T11:31:21Z] #166 attempt=1/2 status=200 0.374s url=https://www.myfonts.com/products/groovy-ghoul-complete-family-package-1224867
[2026-09-17T11:31:22Z] #167 attempt=1/2 status=200 0.416s url=https://www.myfonts.com/collections/groovy-ghoul-font-jinan-studio/
[2026-09-17T11:31:22Z] #168 attempt=1/2 status=200 0.351s url=https://www.myfonts.com/collections/groovy-ghoul-font-jinan-studio/?tab=techSpecs
[2026-09-17T11:31:23Z] #169 attempt=1/2 status=200 0.366s url=https://www.myfonts.com/products/deconsider-complete-family-package-1224892
[2026-09-17T11:31:24Z] #170 attempt=1/2 status=200 0.374s url=https://www.myfonts.com/collections/deconsider-font-casloop-studio/
[2026-09-17T11:31:25Z] #171 attempt=1/2 status=200 0.315s url=https://www.myfonts.com/collections/deconsider-font-casloop-studio/?tab=techSpecs
[2026-09-17T11:31:26Z] #172 attempt=1/2 status=200 0.396s url=https://www.myfonts.com/products/les-bridgetise-complete-family-package-1224862
[2026-09-17T11:31:26Z] #173 attempt=1/2 status=200 0.383s url=https://www.myfonts.com/collections/les-bridgetise-font-sarid-ezra/
[2026-09-17T11:31:27Z] #174 attempt=1/2 status=200 0.537s url=https://www.myfonts.com/collections/les-bridgetise-font-sarid-ezra/?tab=techSpecs
[2026-09-17T11:31:28Z] #175 attempt=1/2 status=200 0.344s url=https://www.myfonts.com/products/pattys-diner-complete-family-package-1224888
[2026-09-17T11:31:29Z] #176 attempt=1/2 status=200 0.324s url=https://www.myfonts.com/collections/pattys-diner-font-woodcutter/
[2026-09-17T11:31:29Z] #177 attempt=1/2 status=200 0.312s url=https://www.myfonts.com/collections/pattys-diner-font-woodcutter/?tab=techSpecs
[2026-09-17T11:31:30Z] #178 attempt=1/2 status=200 0.394s url=https://www.myfonts.com/products/robelous-complete-family-package-1224855
[2026-09-17T11:31:31Z] #179 attempt=1/2 status=200 0.409s url=https://www.myfonts.com/collections/robelous-font-arterfak-project/
[2026-09-17T11:31:32Z] #180 attempt=1/2 status=200 0.372s url=https://www.myfonts.com/collections/robelous-font-arterfak-project/?tab=techSpecs
[2026-09-17T11:31:33Z] #181 attempt=1/2 status=200 0.354s url=https://www.myfonts.com/products/lameur-complete-family-package-1224858
[2026-09-17T11:31:33Z] #182 attempt=1/2 status=200 0.445s url=https://www.myfonts.com/collections/lameur-font-hishand-studio/
[2026-09-17T11:31:34Z] #183 attempt=1/2 status=200 0.401s url=https://www.myfonts.com/collections/lameur-font-hishand-studio/?tab=techSpecs
[2026-09-17T11:31:36Z] #184 attempt=1/6 status=200 1.039s url=https://www.myfonts.com/products.json?limit=100&page=9
[2026-09-17T11:31:37Z] #185 attempt=1/2 status=200 0.272s url=https://www.myfonts.com/products/regular-whimney-catcher-1224919
[2026-09-17T11:31:37Z] #186 attempt=1/2 status=200 0.320s url=https://www.myfonts.com/collections/whimney-catcher-font-anxietype-foundry/
[2026-09-17T11:31:38Z] #187 attempt=1/2 status=200 0.328s url=https://www.myfonts.com/collections/whimney-catcher-font-anxietype-foundry/?tab=techSpecs
[2026-09-17T11:31:39Z] #188 attempt=1/2 status=200 0.305s url=https://www.myfonts.com/products/regular-zaferak-1225492
[2026-09-17T11:31:39Z] #189 attempt=1/2 status=200 0.326s url=https://www.myfonts.com/collections/zaferak-font-dgsa-type-foundry/
[2026-09-17T11:31:40Z] #190 attempt=1/2 status=200 0.326s url=https://www.myfonts.com/collections/zaferak-font-dgsa-type-foundry/?tab=techSpecs
[2026-09-17T11:31:41Z] #191 attempt=1/2 status=200 0.317s url=https://www.myfonts.com/products/regular-good-foot-pro-1225542
[2026-09-17T11:31:41Z] #192 attempt=1/2 status=200 0.433s url=https://www.myfonts.com/collections/good-foot-pro-font-pizzadude-dk/
[2026-09-17T11:31:42Z] #193 attempt=1/2 status=200 0.208s url=https://www.myfonts.com/collections/good-foot-pro-font-pizzadude-dk/?tab=techSpecs
[2026-09-17T11:31:43Z] #194 attempt=1/2 status=200 0.332s url=https://www.myfonts.com/products/regular-flamelisse-1225485
[2026-09-17T11:31:43Z] #195 attempt=1/2 status=200 0.366s url=https://www.myfonts.com/collections/flamelisse-font-moontiontype/
[2026-09-17T11:31:44Z] #196 attempt=1/2 status=200 0.354s url=https://www.myfonts.com/collections/flamelisse-font-moontiontype/?tab=techSpecs
[2026-09-17T11:31:46Z] #197 attempt=1/6 status=200 0.965s url=https://www.myfonts.com/products.json?limit=100&page=10
[2026-09-17T11:31:46Z] #198 attempt=1/2 status=200 0.333s url=https://www.myfonts.com/products/light-novran-light-1224940
[2026-09-17T11:31:47Z] #199 attempt=1/2 status=200 0.376s url=https://www.myfonts.com/collections/novran-light-font-dgsa-type-foundry/
[2026-09-17T11:31:47Z] #200 attempt=1/2 status=200 0.331s url=https://www.myfonts.com/collections/novran-light-font-dgsa-type-foundry/?tab=techSpecs
[2026-09-17T11:31:48Z] #201 attempt=1/2 status=200 0.318s url=https://www.myfonts.com/products/regular-roselvine-greetings-1224896
[2026-09-17T11:31:49Z] #202 attempt=1/2 status=200 0.388s url=https://www.myfonts.com/collections/roselvine-greetings-font-letterhend/
[2026-09-17T11:31:49Z] #203 attempt=1/2 status=200 0.198s url=https://www.myfonts.com/collections/roselvine-greetings-font-letterhend/?tab=techSpecs
[2026-09-17T11:31:50Z] #204 attempt=1/2 status=200 0.298s url=https://www.myfonts.com/products/regular-rafion-1224891
[2026-09-17T11:31:51Z] #205 attempt=1/2 status=200 0.348s url=https://www.myfonts.com/collections/rafion-font-inviline/
[2026-09-17T11:31:51Z] #206 attempt=1/2 status=200 0.320s url=https://www.myfonts.com/collections/rafion-font-inviline/?tab=techSpecs
[2026-09-17T11:31:52Z] #207 attempt=1/2 status=200 0.284s url=https://www.myfonts.com/products/regular-radical-fighter-1225529
[2026-09-17T11:31:53Z] #208 attempt=1/2 status=200 0.293s url=https://www.myfonts.com/collections/radical-fighter-font-mvmet/
[2026-09-17T11:31:53Z] #209 attempt=1/2 status=200 0.184s url=https://www.myfonts.com/collections/radical-fighter-font-mvmet/?tab=techSpecs
[2026-09-17T11:31:54Z] #210 attempt=1/2 status=200 0.406s url=https://www.myfonts.com/products/regular-asmy-1224852
[2026-09-17T11:31:54Z] #211 attempt=1/2 status=200 0.360s url=https://www.myfonts.com/collections/asmy-font-letternesia-studio/
[2026-09-17T11:31:55Z] #212 attempt=1/2 status=200 0.206s url=https://www.myfonts.com/collections/asmy-font-letternesia-studio/?tab=techSpecs
[2026-09-17T11:31:56Z] #213 attempt=1/2 status=200 0.369s url=https://www.myfonts.com/products/regular-love-mine-1225486
[2026-09-17T11:31:56Z] #214 attempt=1/2 status=200 0.332s url=https://www.myfonts.com/collections/love-mine-font-moontiontype/
[2026-09-17T11:31:57Z] #215 attempt=1/2 status=200 0.286s url=https://www.myfonts.com/collections/love-mine-font-moontiontype/?tab=techSpecs
[2026-09-17T11:31:59Z] #216 attempt=1/6 status=200 1.078s url=https://www.myfonts.com/products.json?limit=100&page=11
[2026-09-17T11:31:59Z] #217 attempt=1/2 status=200 0.414s url=https://www.myfonts.com/products/regular-rigade-1225531
[2026-09-17T11:32:00Z] #218 attempt=1/2 status=200 0.405s url=https://www.myfonts.com/collections/rigade-font-aiquitype/
[2026-09-17T11:32:01Z] #219 attempt=1/2 status=200 0.203s url=https://www.myfonts.com/collections/rigade-font-aiquitype/?tab=techSpecs
[2026-09-17T11:32:01Z] #220 attempt=1/2 status=200 0.320s url=https://www.myfonts.com/products/regular-maroes-1225530
[2026-09-17T11:32:02Z] #221 attempt=1/2 status=200 0.350s url=https://www.myfonts.com/collections/maroes-font-aiquitype/
[2026-09-17T11:32:03Z] #222 attempt=1/2 status=200 0.344s url=https://www.myfonts.com/collections/maroes-font-aiquitype/?tab=techSpecs
[2026-09-17T11:32:03Z] #223 attempt=1/2 status=200 0.324s url=https://www.myfonts.com/products/yoon-liquid-sans-vf-regular-yoon-liquid-sans-variable-1224853
[2026-09-17T11:32:04Z] #224 attempt=1/2 status=200 0.362s url=https://www.myfonts.com/collections/yoon-liquid-sans-variable-font-yoon-design/
[2026-09-17T11:32:05Z] #225 attempt=1/2 status=200 0.330s url=https://www.myfonts.com/collections/yoon-liquid-sans-variable-font-yoon-design/?tab=techSpecs
[2026-09-17T11:32:05Z] #226 attempt=1/2 status=200 0.324s url=https://www.myfonts.com/products/regular-the-arkanes-handmade-1224941
[2026-09-17T11:32:06Z] #227 attempt=1/2 status=200 0.300s url=https://www.myfonts.com/collections/the-arkanes-handmade-font-gleb-guralnyk/
[2026-09-17T11:32:07Z] #228 attempt=1/2 status=200 0.355s url=https://www.myfonts.com/collections/the-arkanes-handmade-font-gleb-guralnyk/?tab=techSpecs
[2026-09-17T11:32:08Z] #229 attempt=1/2 status=200 0.535s url=https://www.myfonts.com/products/cronova-complete-family-package-1224594
[2026-09-17T11:32:08Z] #230 attempt=1/2 status=200 0.657s url=https://www.myfonts.com/collections/cronova-font-eotype/
[2026-09-17T11:32:09Z] #231 attempt=1/2 status=200 0.547s url=https://www.myfonts.com/collections/cronova-font-eotype/?tab=techSpecs
[2026-09-17T11:32:11Z] #232 attempt=1/2 status=200 0.491s url=https://www.myfonts.com/products/caramel-sundae-complete-family-package-1224581
[2026-09-17T11:32:11Z] #233 attempt=1/2 status=200 0.372s url=https://www.myfonts.com/collections/caramel-sundae-font-vermilione/
[2026-09-17T11:32:12Z] #234 attempt=1/2 status=200 0.405s url=https://www.myfonts.com/collections/caramel-sundae-font-vermilione/?tab=techSpecs
[2026-09-17T11:32:13Z] #235 attempt=1/2 status=200 0.427s url=https://www.myfonts.com/products/bailon-upright-family-package-1224578
[2026-09-17T11:32:14Z] #236 attempt=1/2 status=200 0.544s url=https://www.myfonts.com/collections/bailon-font-zafira-type/
[2026-09-17T11:32:14Z] #237 attempt=1/2 status=200 0.230s url=https://www.myfonts.com/collections/bailon-font-zafira-type/?tab=techSpecs
[2026-09-17T11:32:15Z] #238 attempt=1/2 status=200 0.335s url=https://www.myfonts.com/products/therry-woggens-complete-family-package-1224585
[2026-09-17T11:32:16Z] #239 attempt=1/2 status=200 0.435s url=https://www.myfonts.com/collections/therry-woggens-font-naufal-paramata/
[2026-09-17T11:32:17Z] #240 attempt=1/2 status=200 0.423s url=https://www.myfonts.com/collections/therry-woggens-font-naufal-paramata/?tab=techSpecs
[2026-09-17T11:32:18Z] #241 attempt=1/2 status=200 0.318s url=https://www.myfonts.com/products/regular-rabbit-station-1224592
[2026-09-17T11:32:18Z] #242 attempt=1/2 status=200 0.319s url=https://www.myfonts.com/collections/rabbit-station-font-mvmet/
[2026-09-17T11:32:19Z] #243 attempt=1/2 status=200 0.211s url=https://www.myfonts.com/collections/rabbit-station-font-mvmet/?tab=techSpecs
[2026-09-17T11:32:20Z] #244 attempt=1/2 status=200 0.296s url=https://www.myfonts.com/products/regular-monne-1224579
[2026-09-17T11:32:20Z] #245 attempt=1/2 status=200 0.378s url=https://www.myfonts.com/collections/monne-font-dareco-studio/
[2026-09-17T11:32:21Z] #246 attempt=1/2 status=200 0.342s url=https://www.myfonts.com/collections/monne-font-dareco-studio/?tab=techSpecs
[2026-09-17T11:32:22Z] #247 attempt=1/2 status=200 0.339s url=https://www.myfonts.com/products/regular-crode-1224580
[2026-09-17T11:32:22Z] #248 attempt=1/2 status=200 0.332s url=https://www.myfonts.com/collections/crode-font-dareco-studio/
[2026-09-17T11:32:23Z] #249 attempt=1/2 status=200 0.395s url=https://www.myfonts.com/collections/crode-font-dareco-studio/?tab=techSpecs
[2026-09-17T11:32:24Z] #250 attempt=1/6 status=200 0.392s url=https://www.myfonts.com/products.json?limit=100&page=12
[2026-09-17T11:32:25Z] #251 attempt=1/2 status=200 0.307s url=https://www.myfonts.com/products/regular-somerset-1224584
[2026-09-17T11:32:25Z] #252 attempt=1/2 status=200 0.308s url=https://www.myfonts.com/collections/somerset-font-vampstudio/
[2026-09-17T11:32:26Z] #253 attempt=1/2 status=200 0.189s url=https://www.myfonts.com/collections/somerset-font-vampstudio/?tab=techSpecs
[2026-09-17T11:32:26Z] #254 attempt=1/2 status=200 0.307s url=https://www.myfonts.com/products/regular-third-prize-1224593
[2026-09-17T11:32:27Z] #255 attempt=1/2 status=200 0.321s url=https://www.myfonts.com/collections/third-prize-font-dirty-bandits/
[2026-09-17T11:32:28Z] #256 attempt=1/2 status=200 0.380s url=https://www.myfonts.com/collections/third-prize-font-dirty-bandits/?tab=techSpecs
[2026-09-17T11:32:29Z] #257 attempt=1/2 status=200 0.336s url=https://www.myfonts.com/products/visuelt-variable-complete-family-package-1224546
[2026-09-17T11:32:29Z] #258 attempt=1/2 status=200 0.380s url=https://www.myfonts.com/collections/visuelt-variable-font-colophon-foundry/
[2026-09-17T11:32:30Z] #259 attempt=1/2 status=200 0.368s url=https://www.myfonts.com/collections/visuelt-variable-font-colophon-foundry/?tab=techSpecs
[2026-09-17T11:32:31Z] #260 attempt=1/2 status=200 0.334s url=https://www.myfonts.com/products/click-volume-package-533383
[2026-09-17T11:32:31Z] #261 attempt=1/2 status=200 0.424s url=https://www.myfonts.com/collections/click-font-identikal/
[2026-09-17T11:32:32Z] #262 attempt=1/2 status=200 0.370s url=https://www.myfonts.com/collections/click-font-identikal/?tab=techSpecs
[2026-09-17T11:32:33Z] #263 attempt=1/2 status=200 0.195s url=https://www.myfonts.com/collections/click-font-identikal/
[2026-09-17T11:32:34Z] #264 attempt=1/2 status=404 0.232s url=https://www.myfonts.com/collections/click-volume-font-identikal
[2026-09-17T11:32:34Z] #265 attempt=1/2 status=200 0.327s url=https://www.myfonts.com/products/bennu-sans-b-complete-family-pack-package-547330
[2026-09-17T11:32:35Z] #266 attempt=1/2 status=200 0.419s url=https://www.myfonts.com/collections/bennu-sans-b-font-identikal/
[2026-09-17T11:32:35Z] #267 attempt=1/2 status=200 0.180s url=https://www.myfonts.com/collections/bennu-sans-b-font-identikal/?tab=techSpecs
[2026-09-17T11:32:36Z] #268 attempt=1/2 status=200 0.386s url=https://www.myfonts.com/collections/bennu-sans-b-font-identikal/
[2026-09-17T11:32:37Z] #269 attempt=1/2 status=404 0.256s url=https://www.myfonts.com/collections/bennu-sans-b-complete-family-pack-font-identikal
[2026-09-17T11:32:37Z] #270 attempt=1/2 status=200 0.338s url=https://www.myfonts.com/products/22nd-closed-complete-family-pack-package-549956
[2026-09-17T11:32:38Z] #271 attempt=1/2 status=200 0.456s url=https://www.myfonts.com/collections/22nd-font-identikal/
[2026-09-17T11:32:39Z] #272 attempt=1/2 status=200 0.437s url=https://www.myfonts.com/collections/22nd-font-identikal/?tab=techSpecs
[2026-09-17T11:32:40Z] #273 attempt=1/2 status=200 0.483s url=https://www.myfonts.com/collections/22nd-font-identikal/
[2026-09-17T11:32:41Z] #274 attempt=1/2 status=404 0.209s url=https://www.myfonts.com/collections/22nd-closed-complete-family-pack-font-identikal
[2026-09-17T11:32:41Z] #275 attempt=1/2 status=200 0.339s url=https://www.myfonts.com/products/emporio-complete-family-pack-package-549958
[2026-09-17T11:32:42Z] #276 attempt=1/2 status=200 0.362s url=https://www.myfonts.com/collections/emporio-font-identikal/
[2026-09-17T11:32:42Z] #277 attempt=1/2 status=200 0.378s url=https://www.myfonts.com/collections/emporio-font-identikal/?tab=techSpecs
[2026-09-17T11:32:43Z] #278 attempt=1/2 status=200 0.201s url=https://www.myfonts.com/collections/emporio-font-identikal/
[2026-09-17T11:32:44Z] #279 attempt=1/2 status=404 0.285s url=https://www.myfonts.com/collections/emporio-complete-family-pack-font-identikal
[2026-09-17T11:32:44Z] #280 attempt=1/2 status=200 0.397s url=https://www.myfonts.com/products/identikal-sans-complete-family-pack-package-549959
[2026-09-17T11:32:45Z] #281 attempt=1/2 status=200 0.381s url=https://www.myfonts.com/collections/sans-font-identikal/
[2026-09-17T11:32:46Z] #282 attempt=1/2 status=200 0.399s url=https://www.myfonts.com/collections/sans-font-identikal/?tab=techSpecs
[2026-09-17T11:32:47Z] #283 attempt=1/2 status=200 0.183s url=https://www.myfonts.com/collections/sans-font-identikal/
[2026-09-17T11:32:47Z] #284 attempt=1/2 status=200 0.313s url=https://www.myfonts.com/products/sampler-volume-package-533376
[2026-09-17T11:32:48Z] #285 attempt=1/2 status=200 0.361s url=https://www.myfonts.com/collections/sampler-font-identikal/
[2026-09-17T11:32:48Z] #286 attempt=1/2 status=200 0.350s url=https://www.myfonts.com/collections/sampler-font-identikal/?tab=techSpecs
[2026-09-17T11:32:49Z] #287 attempt=1/2 status=200 0.209s url=https://www.myfonts.com/collections/sampler-font-identikal/
[2026-09-17T11:32:50Z] #288 attempt=1/2 status=404 0.211s url=https://www.myfonts.com/collections/sampler-volume-font-identikal
[2026-09-17T11:32:50Z] #289 attempt=1/2 status=200 0.403s url=https://www.myfonts.com/products/neutraliser-serif-complete-family-pack-package-549965
[2026-09-17T11:32:51Z] #290 attempt=1/2 status=200 0.586s url=https://www.myfonts.com/collections/neutraliser-font-identikal/
[2026-09-17T11:32:52Z] #291 attempt=1/2 status=200 0.554s url=https://www.myfonts.com/collections/neutraliser-font-identikal/?tab=techSpecs
[2026-09-17T11:32:53Z] #292 attempt=1/2 status=200 0.208s url=https://www.myfonts.com/collections/neutraliser-font-identikal/
[2026-09-17T11:32:54Z] #293 attempt=1/2 status=404 0.230s url=https://www.myfonts.com/collections/neutraliser-serif-complete-family-pack-font-identikal
[2026-09-17T11:32:54Z] #294 attempt=1/2 status=200 0.310s url=https://www.myfonts.com/products/positec-volume-package-533385
[2026-09-17T11:32:55Z] #295 attempt=1/2 status=200 0.350s url=https://www.myfonts.com/collections/positec-font-identikal/
[2026-09-17T11:32:55Z] #296 attempt=1/2 status=200 0.191s url=https://www.myfonts.com/collections/positec-font-identikal/?tab=techSpecs
[2026-09-17T11:32:56Z] #297 attempt=1/2 status=200 0.372s url=https://www.myfonts.com/collections/positec-font-identikal/
[2026-09-17T11:32:57Z] #298 attempt=1/2 status=404 0.193s url=https://www.myfonts.com/collections/positec-volume-font-identikal
[2026-09-17T11:32:57Z] #299 attempt=1/2 status=200 0.310s url=https://www.myfonts.com/products/invada-complete-family-pack-package-549966
[2026-09-17T11:32:58Z] #300 attempt=1/2 status=200 0.283s url=https://www.myfonts.com/collections/invada-font-identikal/
[2026-09-17T11:32:58Z] #301 attempt=1/2 status=200 0.181s url=https://www.myfonts.com/collections/invada-font-identikal/?tab=techSpecs
[2026-09-17T11:32:59Z] #302 attempt=1/2 status=200 0.338s url=https://www.myfonts.com/collections/invada-font-identikal/
[2026-09-17T11:33:00Z] #303 attempt=1/2 status=404 0.217s url=https://www.myfonts.com/collections/invada-complete-family-pack-font-identikal
[2026-09-17T11:33:00Z] #304 attempt=1/2 status=200 0.303s url=https://www.myfonts.com/products/kowboy-complete-family-pack-package-549961
[2026-09-17T11:33:01Z] #305 attempt=1/2 status=200 0.306s url=https://www.myfonts.com/collections/kowboy-font-identikal/
[2026-09-17T11:33:02Z] #306 attempt=1/2 status=200 0.475s url=https://www.myfonts.com/collections/kowboy-font-identikal/?tab=techSpecs
[2026-09-17T11:33:03Z] #307 attempt=1/2 status=200 0.227s url=https://www.myfonts.com/collections/kowboy-font-identikal/
[2026-09-17T11:33:03Z] #308 attempt=1/2 status=404 0.232s url=https://www.myfonts.com/collections/kowboy-complete-family-pack-font-identikal
[2026-09-17T11:33:04Z] #309 attempt=1/2 status=200 0.388s url=https://www.myfonts.com/products/tremble-volume-package-533378
[2026-09-17T11:33:04Z] #310 attempt=1/2 status=200 0.396s url=https://www.myfonts.com/collections/tremble-font-identikal/
[2026-09-17T11:33:05Z] #311 attempt=1/2 status=200 0.399s url=https://www.myfonts.com/collections/tremble-font-identikal/?tab=techSpecs
[2026-09-17T11:33:06Z] #312 attempt=1/2 status=200 0.380s url=https://www.myfonts.com/collections/tremble-font-identikal/
[2026-09-17T11:33:07Z] #313 attempt=1/2 status=404 0.231s url=https://www.myfonts.com/collections/tremble-volume-font-identikal
[2026-09-17T11:33:07Z] #314 attempt=1/2 status=200 0.330s url=https://www.myfonts.com/products/kelt-complete-family-pack-package-549960
[2026-09-17T11:33:08Z] #315 attempt=1/2 status=200 0.360s url=https://www.myfonts.com/collections/kelt-font-identikal/
[2026-09-17T11:33:08Z] #316 attempt=1/2 status=200 0.403s url=https://www.myfonts.com/collections/kelt-font-identikal/?tab=techSpecs
[2026-09-17T11:33:09Z] #317 attempt=1/2 status=200 0.199s url=https://www.myfonts.com/collections/kelt-font-identikal/
[2026-09-17T11:33:10Z] #318 attempt=1/2 status=404 0.220s url=https://www.myfonts.com/collections/kelt-complete-family-pack-font-identikal
[2026-09-17T11:33:10Z] #319 attempt=1/2 status=200 0.319s url=https://www.myfonts.com/products/bennu-sans-a-complete-family-pack-package-547327
[2026-09-17T11:33:11Z] #320 attempt=1/2 status=200 0.438s url=https://www.myfonts.com/collections/bennu-sans-a-font-identikal/
[2026-09-17T11:33:12Z] #321 attempt=1/2 status=200 0.445s url=https://www.myfonts.com/collections/bennu-sans-a-font-identikal/?tab=techSpecs
[2026-09-17T11:33:13Z] #322 attempt=1/2 status=200 0.379s url=https://www.myfonts.com/collections/bennu-sans-a-font-identikal/
[2026-09-17T11:33:13Z] #323 attempt=1/2 status=404 0.224s url=https://www.myfonts.com/collections/bennu-sans-a-complete-family-pack-font-identikal
[2026-09-17T11:33:14Z] #324 attempt=1/2 status=200 0.317s url=https://www.myfonts.com/products/ramblok-complete-family-pack-package-549967
[2026-09-17T11:33:14Z] #325 attempt=1/2 status=200 0.341s url=https://www.myfonts.com/collections/ramblok-font-identikal/
[2026-09-17T11:33:15Z] #326 attempt=1/2 status=200 0.358s url=https://www.myfonts.com/collections/ramblok-font-identikal/?tab=techSpecs
[2026-09-17T11:33:16Z] #327 attempt=1/2 status=200 0.345s url=https://www.myfonts.com/collections/ramblok-font-identikal/
[2026-09-17T11:33:17Z] #328 attempt=1/2 status=404 0.229s url=https://www.myfonts.com/collections/ramblok-complete-family-pack-font-identikal
[2026-09-17T11:33:17Z] #329 attempt=1/2 status=200 0.372s url=https://www.myfonts.com/products/light-regular-kanal-536598
[2026-09-17T11:33:18Z] #330 attempt=1/2 status=200 0.344s url=https://www.myfonts.com/collections/kanal-font-identikal/
[2026-09-17T11:33:18Z] #331 attempt=1/2 status=200 0.381s url=https://www.myfonts.com/collections/kanal-font-identikal/?tab=techSpecs
[2026-09-17T11:33:19Z] #332 attempt=1/2 status=200 0.190s url=https://www.myfonts.com/collections/kanal-font-identikal/
[2026-09-17T11:33:20Z] #333 attempt=1/2 status=404 0.248s url=https://www.myfonts.com/collections/light-regular-kanal-536598-font-identikal
[2026-09-17T11:33:20Z] #334 attempt=1/2 status=200 0.332s url=https://www.myfonts.com/products/triangle-fine-unda-536988
[2026-09-17T11:33:21Z] #335 attempt=1/2 status=200 0.479s url=https://www.myfonts.com/collections/unda-font-identikal/
[2026-09-17T11:33:22Z] #336 attempt=1/2 status=200 0.234s url=https://www.myfonts.com/collections/unda-font-identikal/?tab=techSpecs
[2026-09-17T11:33:23Z] #337 attempt=1/2 status=200 0.203s url=https://www.myfonts.com/collections/unda-font-identikal/
[2026-09-17T11:33:23Z] #338 attempt=1/2 status=404 0.236s url=https://www.myfonts.com/collections/triangle-fine-unda-536988-font-identikal
[2026-09-17T11:33:24Z] #339 attempt=1/2 status=200 0.357s url=https://www.myfonts.com/products/regular-distilla-536460
[2026-09-17T11:33:24Z] #340 attempt=1/2 status=200 0.408s url=https://www.myfonts.com/collections/distilla-font-identikal/
[2026-09-17T11:33:25Z] #341 attempt=1/2 status=200 0.349s url=https://www.myfonts.com/collections/distilla-font-identikal/?tab=techSpecs
[2026-09-17T11:33:26Z] #342 attempt=1/2 status=200 0.318s url=https://www.myfonts.com/collections/distilla-font-identikal/
[2026-09-17T11:33:27Z] #343 attempt=1/2 status=404 0.226s url=https://www.myfonts.com/collections/regular-distilla-536460-font-identikal
[2026-09-17T11:33:27Z] #344 attempt=1/2 status=200 0.309s url=https://www.myfonts.com/products/light-dieppe-536449
[2026-09-17T11:33:28Z] #345 attempt=1/2 status=200 0.328s url=https://www.myfonts.com/collections/dieppe-font-identikal/
[2026-09-17T11:33:28Z] #346 attempt=1/2 status=200 0.181s url=https://www.myfonts.com/collections/dieppe-font-identikal/?tab=techSpecs
[2026-09-17T11:33:29Z] #347 attempt=1/2 status=200 0.183s url=https://www.myfonts.com/collections/dieppe-font-identikal/
[2026-09-17T11:33:29Z] #348 attempt=1/2 status=404 0.228s url=https://www.myfonts.com/collections/light-dieppe-536449-font-identikal
[2026-09-17T11:33:30Z] #349 attempt=1/2 status=200 0.314s url=https://www.myfonts.com/products/super-fine-21st-536350
[2026-09-17T11:33:31Z] #350 attempt=1/2 status=200 0.369s url=https://www.myfonts.com/collections/21st-font-identikal/
[2026-09-17T11:33:31Z] #351 attempt=1/2 status=200 0.210s url=https://www.myfonts.com/collections/21st-font-identikal/?tab=techSpecs
[2026-09-17T11:33:32Z] #352 attempt=1/2 status=200 0.359s url=https://www.myfonts.com/collections/21st-font-identikal/
[2026-09-17T11:33:33Z] #353 attempt=1/2 status=404 0.252s url=https://www.myfonts.com/collections/super-fine-21st-536350-font-identikal
[2026-09-17T11:33:33Z] #354 attempt=1/2 status=200 0.384s url=https://www.myfonts.com/products/bold-italic-curvature-536417
[2026-09-17T11:33:34Z] #355 attempt=1/2 status=200 0.364s url=https://www.myfonts.com/collections/curvature-font-identikal/
[2026-09-17T11:33:35Z] #356 attempt=1/2 status=200 0.326s url=https://www.myfonts.com/collections/curvature-font-identikal/?tab=techSpecs
[2026-09-17T11:33:35Z] #357 attempt=1/2 status=200 0.225s url=https://www.myfonts.com/collections/curvature-font-identikal/
[2026-09-17T11:33:36Z] #358 attempt=1/2 status=404 0.194s url=https://www.myfonts.com/collections/bold-italic-curvature-536417-font-identikal
[2026-09-17T11:33:36Z] #359 attempt=1/2 status=200 0.349s url=https://www.myfonts.com/products/ultra-light-45-degrees-536361
[2026-09-17T11:33:37Z] #360 attempt=1/2 status=200 0.357s url=https://www.myfonts.com/collections/45-degrees-font-identikal/
[2026-09-17T11:33:38Z] #361 attempt=1/2 status=200 0.322s url=https://www.myfonts.com/collections/45-degrees-font-identikal/?tab=techSpecs
[2026-09-17T11:33:39Z] #362 attempt=1/2 status=200 0.317s url=https://www.myfonts.com/collections/45-degrees-font-identikal/
[2026-09-17T11:33:39Z] #363 attempt=1/2 status=404 0.201s url=https://www.myfonts.com/collections/ultra-light-45-degrees-536361-font-identikal
[2026-09-17T11:33:40Z] #364 attempt=1/2 status=200 0.317s url=https://www.myfonts.com/products/fine-italic-trak-536951
[2026-09-17T11:33:40Z] #365 attempt=1/2 status=200 0.344s url=https://www.myfonts.com/collections/trak-font-identikal/
[2026-09-17T11:33:41Z] #366 attempt=1/2 status=200 0.357s url=https://www.myfonts.com/collections/trak-font-identikal/?tab=techSpecs
[2026-09-17T11:33:42Z] #367 attempt=1/2 status=200 0.345s url=https://www.myfonts.com/collections/trak-font-identikal/
[2026-09-17T11:33:42Z] #368 attempt=1/2 status=404 0.217s url=https://www.myfonts.com/collections/fine-italic-trak-536951-font-identikal
[2026-09-17T11:33:43Z] #369 attempt=1/2 status=200 0.322s url=https://www.myfonts.com/products/light-wired-537023
[2026-09-17T11:33:43Z] #370 attempt=1/2 status=200 0.317s url=https://www.myfonts.com/collections/wired-font-identikal/
[2026-09-17T11:33:44Z] #371 attempt=1/2 status=200 0.178s url=https://www.myfonts.com/collections/wired-font-identikal/?tab=techSpecs
[2026-09-17T11:33:45Z] #372 attempt=1/2 status=200 0.324s url=https://www.myfonts.com/collections/wired-font-identikal/
[2026-09-17T11:33:45Z] #373 attempt=1/2 status=404 0.205s url=https://www.myfonts.com/collections/light-wired-537023-font-identikal
[2026-09-17T11:33:46Z] #374 attempt=1/2 status=200 0.346s url=https://www.myfonts.com/products/light-italic-skrean-554752
[2026-09-17T11:33:47Z] #375 attempt=1/2 status=200 0.328s url=https://www.myfonts.com/collections/skrean-font-identikal/
[2026-09-17T11:33:47Z] #376 attempt=1/2 status=200 0.341s url=https://www.myfonts.com/collections/skrean-font-identikal/?tab=techSpecs
[2026-09-17T11:33:48Z] #377 attempt=1/2 status=200 0.203s url=https://www.myfonts.com/collections/skrean-font-identikal/
[2026-09-17T11:33:49Z] #378 attempt=1/2 status=404 0.213s url=https://www.myfonts.com/collections/light-italic-skrean-554752-font-identikal
[2026-09-17T11:33:49Z] #379 attempt=1/2 status=200 0.417s url=https://www.myfonts.com/products/open-italic-seize-536908
[2026-09-17T11:33:50Z] #380 attempt=1/2 status=200 0.370s url=https://www.myfonts.com/collections/seize-font-identikal/
[2026-09-17T11:33:50Z] #381 attempt=1/2 status=200 0.370s url=https://www.myfonts.com/collections/seize-font-identikal/?tab=techSpecs
[2026-09-17T11:33:51Z] #382 attempt=1/2 status=200 0.198s url=https://www.myfonts.com/collections/seize-font-identikal/
[2026-09-17T11:33:52Z] #383 attempt=1/2 status=404 0.208s url=https://www.myfonts.com/collections/open-italic-seize-536908-font-identikal
[2026-09-17T11:33:52Z] #384 attempt=1/2 status=200 0.311s url=https://www.myfonts.com/products/closed-bold-zero-537031
[2026-09-17T11:33:53Z] #385 attempt=1/2 status=200 0.351s url=https://www.myfonts.com/collections/zero-font-identikal/
[2026-09-17T11:33:54Z] #386 attempt=1/2 status=200 0.321s url=https://www.myfonts.com/collections/zero-font-identikal/?tab=techSpecs
[2026-09-17T11:33:55Z] #387 attempt=1/2 status=200 0.344s url=https://www.myfonts.com/collections/zero-font-identikal/
[2026-09-17T11:33:55Z] #388 attempt=1/2 status=404 0.234s url=https://www.myfonts.com/collections/closed-bold-zero-537031-font-identikal
[2026-09-17T11:33:56Z] #389 attempt=1/2 status=200 0.276s url=https://www.myfonts.com/products/light-oblique-stak-536937
[2026-09-17T11:33:56Z] #390 attempt=1/2 status=200 0.313s url=https://www.myfonts.com/collections/stak-font-identikal/
[2026-09-17T11:33:57Z] #391 attempt=1/2 status=200 0.321s url=https://www.myfonts.com/collections/stak-font-identikal/?tab=techSpecs
[2026-09-17T11:33:58Z] #392 attempt=1/2 status=200 0.203s url=https://www.myfonts.com/collections/stak-font-identikal/
[2026-09-17T11:33:58Z] #393 attempt=1/2 status=404 0.277s url=https://www.myfonts.com/collections/light-oblique-stak-536937-font-identikal
[2026-09-17T11:33:59Z] #394 attempt=1/2 status=200 0.294s url=https://www.myfonts.com/products/outline-regular-connect-536406
[2026-09-17T11:33:59Z] #395 attempt=1/2 status=200 0.338s url=https://www.myfonts.com/collections/connect-font-identikal/
[2026-09-17T11:34:00Z] #396 attempt=1/2 status=200 0.319s url=https://www.myfonts.com/collections/connect-font-identikal/?tab=techSpecs
[2026-09-17T11:34:01Z] #397 attempt=1/2 status=200 0.209s url=https://www.myfonts.com/collections/connect-font-identikal/
[2026-09-17T11:34:01Z] #398 attempt=1/2 status=404 0.236s url=https://www.myfonts.com/collections/outline-regular-connect-536406-font-identikal
[2026-09-17T11:34:02Z] #399 attempt=1/2 status=200 0.306s url=https://www.myfonts.com/products/bold-robustik-536881
[2026-09-17T11:34:02Z] #400 attempt=1/2 status=200 0.378s url=https://www.myfonts.com/collections/robustik-font-identikal/
[2026-09-17T11:34:03Z] #401 attempt=1/2 status=200 0.314s url=https://www.myfonts.com/collections/robustik-font-identikal/?tab=techSpecs
[2026-09-17T11:34:04Z] #402 attempt=1/2 status=200 0.357s url=https://www.myfonts.com/collections/robustik-font-identikal/
[2026-09-17T11:34:05Z] #403 attempt=1/2 status=404 0.274s url=https://www.myfonts.com/collections/bold-robustik-536881-font-identikal
[2026-09-17T11:34:05Z] #404 attempt=1/2 status=200 0.374s url=https://www.myfonts.com/products/blunt-italic-rayzor-536781
[2026-09-17T11:34:06Z] #405 attempt=1/2 status=200 0.430s url=https://www.myfonts.com/collections/rayzor-font-identikal/
[2026-09-17T11:34:07Z] #406 attempt=1/2 status=200 0.395s url=https://www.myfonts.com/collections/rayzor-font-identikal/?tab=techSpecs
[2026-09-17T11:34:07Z] #407 attempt=1/2 status=200 0.208s url=https://www.myfonts.com/collections/rayzor-font-identikal/
[2026-09-17T11:34:08Z] #408 attempt=1/2 status=404 0.453s url=https://www.myfonts.com/collections/blunt-italic-rayzor-536781-font-identikal
[2026-09-17T11:34:09Z] #409 attempt=1/2 status=200 0.423s url=https://www.myfonts.com/products/bold-italic-revalo-classic-536852
[2026-09-17T11:34:09Z] #410 attempt=1/2 status=200 0.408s url=https://www.myfonts.com/collections/revalo-classic-font-identikal/
[2026-09-17T11:34:10Z] #411 attempt=1/2 status=200 0.377s url=https://www.myfonts.com/collections/revalo-classic-font-identikal/?tab=techSpecs
[2026-09-17T11:34:11Z] #412 attempt=1/2 status=200 0.362s url=https://www.myfonts.com/collections/revalo-classic-font-identikal/
[2026-09-17T11:34:12Z] #413 attempt=1/2 status=404 0.271s url=https://www.myfonts.com/collections/bold-italic-revalo-classic-536852-font-identikal
[2026-09-17T11:34:12Z] #414 attempt=1/2 status=200 0.352s url=https://www.myfonts.com/products/a-italic-regular-panic-536690
[2026-09-17T11:34:13Z] #415 attempt=1/2 status=200 0.358s url=https://www.myfonts.com/collections/panic-font-identikal/
[2026-09-17T11:34:13Z] #416 attempt=1/2 status=200 0.219s url=https://www.myfonts.com/collections/panic-font-identikal/?tab=techSpecs
[2026-09-17T11:34:14Z] #417 attempt=1/2 status=200 0.371s url=https://www.myfonts.com/collections/panic-font-identikal/
[2026-09-17T11:34:15Z] #418 attempt=1/2 status=404 0.210s url=https://www.myfonts.com/collections/a-italic-regular-panic-536690-font-identikal
[2026-09-17T11:34:15Z] #419 attempt=1/2 status=200 0.295s url=https://www.myfonts.com/products/ultra-italic-sharp-536912
[2026-09-17T11:34:16Z] #420 attempt=1/2 status=200 0.326s url=https://www.myfonts.com/collections/sharp-font-identikal/
[2026-09-17T11:34:17Z] #421 attempt=1/2 status=200 0.329s url=https://www.myfonts.com/collections/sharp-font-identikal/?tab=techSpecs
[2026-09-17T11:34:18Z] #422 attempt=1/2 status=200 0.370s url=https://www.myfonts.com/collections/sharp-font-identikal/
[2026-09-17T11:34:18Z] #423 attempt=1/2 status=200 0.292s url=https://www.myfonts.com/products/italic-regular-rally-536773
[2026-09-17T11:34:19Z] #424 attempt=1/2 status=200 0.340s url=https://www.myfonts.com/collections/rally-font-identikal/
[2026-09-17T11:34:19Z] #425 attempt=1/2 status=200 0.354s url=https://www.myfonts.com/collections/rally-font-identikal/?tab=techSpecs
[2026-09-17T11:34:20Z] #426 attempt=1/2 status=200 0.217s url=https://www.myfonts.com/collections/rally-font-identikal/
[2026-09-17T11:34:21Z] #427 attempt=1/2 status=404 0.225s url=https://www.myfonts.com/collections/italic-regular-rally-536773-font-identikal
[2026-09-17T11:34:21Z] #428 attempt=1/2 status=200 0.333s url=https://www.myfonts.com/products/bold-oblique-monark-536672
[2026-09-17T11:34:22Z] #429 attempt=1/2 status=200 0.363s url=https://www.myfonts.com/collections/monark-font-identikal/
[2026-09-17T11:34:23Z] #430 attempt=1/2 status=200 0.374s url=https://www.myfonts.com/collections/monark-font-identikal/?tab=techSpecs
[2026-09-17T11:34:24Z] #431 attempt=1/2 status=200 0.199s url=https://www.myfonts.com/collections/monark-font-identikal/
[2026-09-17T11:34:24Z] #432 attempt=1/2 status=404 0.223s url=https://www.myfonts.com/collections/bold-oblique-monark-536672-font-identikal
[2026-09-17T11:34:25Z] #433 attempt=1/2 status=200 0.336s url=https://www.myfonts.com/products/regular-revalo-modern-536871
[2026-09-17T11:34:25Z] #434 attempt=1/2 status=200 0.359s url=https://www.myfonts.com/collections/revalo-modern-font-identikal/
[2026-09-17T11:34:26Z] #435 attempt=1/2 status=200 0.345s url=https://www.myfonts.com/collections/revalo-modern-font-identikal/?tab=techSpecs
[2026-09-17T11:34:27Z] #436 attempt=1/2 status=200 0.189s url=https://www.myfonts.com/collections/revalo-modern-font-identikal/
[2026-09-17T11:34:27Z] #437 attempt=1/2 status=404 0.213s url=https://www.myfonts.com/collections/regular-revalo-modern-536871-font-identikal
[2026-09-17T11:34:28Z] #438 attempt=1/2 status=200 0.338s url=https://www.myfonts.com/products/regular-italic-masta-536637
[2026-09-17T11:34:28Z] #439 attempt=1/2 status=200 0.307s url=https://www.myfonts.com/collections/masta-font-identikal/
[2026-09-17T11:34:29Z] #440 attempt=1/2 status=200 0.320s url=https://www.myfonts.com/collections/masta-font-identikal/?tab=techSpecs
[2026-09-17T11:34:30Z] #441 attempt=1/2 status=200 0.256s url=https://www.myfonts.com/collections/masta-font-identikal/
[2026-09-17T11:34:30Z] #442 attempt=1/2 status=404 0.237s url=https://www.myfonts.com/collections/regular-italic-masta-536637-font-identikal
[2026-09-17T11:34:31Z] #443 attempt=1/6 status=200 0.343s url=https://www.myfonts.com/products.json?limit=100&page=13
[2026-09-17T11:34:32Z] #444 attempt=1/2 status=200 0.281s url=https://www.myfonts.com/products/fine-rebirth-536839
[2026-09-17T11:34:32Z] #445 attempt=1/2 status=200 0.364s url=https://www.myfonts.com/collections/rebirth-font-identikal/
[2026-09-17T11:34:33Z] #446 attempt=1/2 status=200 0.423s url=https://www.myfonts.com/collections/rebirth-font-identikal/?tab=techSpecs
[2026-09-17T11:34:34Z] #447 attempt=1/2 status=200 0.202s url=https://www.myfonts.com/collections/rebirth-font-identikal/
[2026-09-17T11:34:34Z] #448 attempt=1/2 status=404 0.196s url=https://www.myfonts.com/collections/fine-rebirth-536839-font-identikal
[2026-09-17T11:34:35Z] #449 attempt=1/2 status=200 0.294s url=https://www.myfonts.com/products/bold-reaction-536809
[2026-09-17T11:34:35Z] #450 attempt=1/2 status=200 0.347s url=https://www.myfonts.com/collections/reaction-font-identikal/
[2026-09-17T11:34:36Z] #451 attempt=1/2 status=200 0.309s url=https://www.myfonts.com/collections/reaction-font-identikal/?tab=techSpecs
[2026-09-17T11:34:37Z] #452 attempt=1/2 status=200 0.359s url=https://www.myfonts.com/collections/reaction-font-identikal/
[2026-09-17T11:34:38Z] #453 attempt=1/2 status=404 0.225s url=https://www.myfonts.com/collections/bold-reaction-536809-font-identikal
[2026-09-17T11:34:38Z] #454 attempt=1/2 status=200 0.286s url=https://www.myfonts.com/products/light-plotta-536749
[2026-09-17T11:34:39Z] #455 attempt=1/2 status=200 0.379s url=https://www.myfonts.com/collections/plotta-font-identikal/
[2026-09-17T11:34:39Z] #456 attempt=1/2 status=200 0.313s url=https://www.myfonts.com/collections/plotta-font-identikal/?tab=techSpecs
[2026-09-17T11:34:40Z] #457 attempt=1/2 status=200 0.320s url=https://www.myfonts.com/collections/plotta-font-identikal/
[2026-09-17T11:34:41Z] #458 attempt=1/2 status=404 0.213s url=https://www.myfonts.com/collections/light-plotta-536749-font-identikal
[2026-09-17T11:34:41Z] #459 attempt=1/2 status=200 0.306s url=https://www.myfonts.com/products/black-italic-regular-phuture-odc-536737
[2026-09-17T11:34:42Z] #460 attempt=1/2 status=200 0.318s url=https://www.myfonts.com/collections/phuture-odc-font-identikal/
[2026-09-17T11:34:42Z] #461 attempt=1/2 status=200 0.317s url=https://www.myfonts.com/collections/phuture-odc-font-identikal/?tab=techSpecs
[2026-09-17T11:34:44Z] #462 attempt=1/2 status=200 0.393s url=https://www.myfonts.com/collections/phuture-odc-font-identikal/
[2026-09-17T11:34:44Z] #463 attempt=1/2 status=404 0.247s url=https://www.myfonts.com/collections/black-italic-regular-phuture-odc-536737-font-identikal
[2026-09-17T11:34:45Z] #464 attempt=1/2 status=200 0.307s url=https://www.myfonts.com/products/bold-podium-536755
[2026-09-17T11:34:45Z] #465 attempt=1/2 status=200 0.309s url=https://www.myfonts.com/collections/podium-font-identikal/
[2026-09-17T11:34:46Z] #466 attempt=1/2 status=200 0.380s url=https://www.myfonts.com/collections/podium-font-identikal/?tab=techSpecs
[2026-09-17T11:34:47Z] #467 attempt=1/2 status=200 0.202s url=https://www.myfonts.com/collections/podium-font-identikal/
[2026-09-17T11:34:47Z] #468 attempt=1/2 status=404 0.228s url=https://www.myfonts.com/collections/bold-podium-536755-font-identikal
[2026-09-17T11:34:48Z] #469 attempt=1/2 status=200 0.369s url=https://www.myfonts.com/products/open-a-italic-regular-metron-536660
[2026-09-17T11:34:48Z] #470 attempt=1/2 status=200 0.369s url=https://www.myfonts.com/collections/metron-font-identikal/
[2026-09-17T11:34:49Z] #471 attempt=1/2 status=200 0.387s url=https://www.myfonts.com/collections/metron-font-identikal/?tab=techSpecs
[2026-09-17T11:34:50Z] #472 attempt=1/2 status=200 0.218s url=https://www.myfonts.com/collections/metron-font-identikal/
[2026-09-17T11:34:50Z] #473 attempt=1/2 status=404 0.214s url=https://www.myfonts.com/collections/open-a-italic-regular-metron-536660-font-identikal
[2026-09-17T11:34:51Z] #474 attempt=1/2 status=200 0.688s url=https://www.myfonts.com/products/bold-italic-kneeon-536610
[2026-09-17T11:34:52Z] #475 attempt=1/2 status=200 0.425s url=https://www.myfonts.com/collections/kneeon-font-identikal/
[2026-09-17T11:34:52Z] #476 attempt=1/2 status=200 0.218s url=https://www.myfonts.com/collections/kneeon-font-identikal/?tab=techSpecs
[2026-09-17T11:34:54Z] #477 attempt=1/2 status=200 0.358s url=https://www.myfonts.com/collections/kneeon-font-identikal/
[2026-09-17T11:34:54Z] #478 attempt=1/2 status=404 0.216s url=https://www.myfonts.com/collections/bold-italic-kneeon-536610-font-identikal
[2026-09-17T11:34:55Z] #479 attempt=1/2 status=200 0.322s url=https://www.myfonts.com/products/bold-phantom-536699
[2026-09-17T11:34:55Z] #480 attempt=1/2 status=200 0.340s url=https://www.myfonts.com/collections/phantom-font-identikal/
[2026-09-17T11:34:56Z] #481 attempt=1/2 status=200 0.196s url=https://www.myfonts.com/collections/phantom-font-identikal/?tab=techSpecs
[2026-09-17T11:34:57Z] #482 attempt=1/2 status=200 0.268s url=https://www.myfonts.com/collections/phantom-font-identikal/
[2026-09-17T11:34:57Z] #483 attempt=1/2 status=404 0.232s url=https://www.myfonts.com/collections/bold-phantom-536699-font-identikal
[2026-09-17T11:34:58Z] #484 attempt=1/2 status=200 0.312s url=https://www.myfonts.com/products/regular-chord-536394
[2026-09-17T11:34:58Z] #485 attempt=1/2 status=200 0.334s url=https://www.myfonts.com/collections/chord-font-identikal/
[2026-09-17T11:34:59Z] #486 attempt=1/2 status=200 0.353s url=https://www.myfonts.com/collections/chord-font-identikal/?tab=techSpecs
[2026-09-17T11:35:00Z] #487 attempt=1/2 status=200 0.202s url=https://www.myfonts.com/collections/chord-font-identikal/
[2026-09-17T11:35:00Z] #488 attempt=1/2 status=404 0.251s url=https://www.myfonts.com/collections/regular-chord-536394-font-identikal
[2026-09-17T11:35:01Z] #489 attempt=1/2 status=200 0.329s url=https://www.myfonts.com/products/ultra-light-italic-46-degrees-536364
[2026-09-17T11:35:01Z] #490 attempt=1/2 status=200 0.364s url=https://www.myfonts.com/collections/46-degrees-font-identikal/
[2026-09-17T11:35:02Z] #491 attempt=1/2 status=200 0.324s url=https://www.myfonts.com/collections/46-degrees-font-identikal/?tab=techSpecs
[2026-09-17T11:35:03Z] #492 attempt=1/2 status=200 0.287s url=https://www.myfonts.com/collections/46-degrees-font-identikal/
[2026-09-17T11:35:03Z] #493 attempt=1/2 status=404 0.307s url=https://www.myfonts.com/collections/ultra-light-italic-46-degrees-536364-font-identikal
[2026-09-17T11:35:04Z] #494 attempt=1/6 status=200 0.439s url=https://www.myfonts.com/products.json?limit=100&page=14
[2026-09-17T11:35:05Z] #495 attempt=1/2 status=200 0.377s url=https://www.myfonts.com/products/round-negative-phlex-536717
[2026-09-17T11:35:06Z] #496 attempt=1/2 status=200 0.840s url=https://www.myfonts.com/collections/phlex-font-identikal/
[2026-09-17T11:35:07Z] #497 attempt=1/2 status=200 0.418s url=https://www.myfonts.com/collections/phlex-font-identikal/?tab=techSpecs
[2026-09-17T11:35:08Z] #498 attempt=1/2 status=200 0.421s url=https://www.myfonts.com/collections/phlex-font-identikal/
[2026-09-17T11:35:08Z] #499 attempt=1/2 status=404 0.285s url=https://www.myfonts.com/collections/round-negative-phlex-536717-font-identikal
[2026-09-17T11:35:09Z] #500 attempt=1/2 status=200 0.322s url=https://www.myfonts.com/products/outline-regular-act-stern-536371
[2026-09-17T11:35:09Z] #501 attempt=1/2 status=200 0.325s url=https://www.myfonts.com/collections/act-stern-font-identikal/
[2026-09-17T11:35:10Z] #502 attempt=1/2 status=200 0.319s url=https://www.myfonts.com/collections/act-stern-font-identikal/?tab=techSpecs
[2026-09-17T11:35:11Z] #503 attempt=1/2 status=200 0.260s url=https://www.myfonts.com/collections/act-stern-font-identikal/
[2026-09-17T11:35:12Z] #504 attempt=1/2 status=404 0.280s url=https://www.myfonts.com/collections/outline-regular-act-stern-536371-font-identikal
[2026-09-17T11:35:13Z] #505 attempt=1/6 status=200 0.476s url=https://www.myfonts.com/products.json?limit=100&page=15
[2026-09-17T11:35:13Z] #506 attempt=1/2 status=200 0.366s url=https://www.myfonts.com/products/italic-regular-attac-536385
[2026-09-17T11:35:14Z] #507 attempt=1/2 status=200 0.428s url=https://www.myfonts.com/collections/attac-font-identikal/
[2026-09-17T11:35:14Z] #508 attempt=1/2 status=200 0.354s url=https://www.myfonts.com/collections/attac-font-identikal/?tab=techSpecs
[2026-09-17T11:35:15Z] #509 attempt=1/2 status=200 0.358s url=https://www.myfonts.com/collections/attac-font-identikal/
[2026-09-17T11:35:16Z] #510 attempt=1/2 status=404 0.249s url=https://www.myfonts.com/collections/italic-regular-attac-536385-font-identikal
[2026-09-17T11:35:17Z] #511 attempt=1/2 status=200 0.943s url=https://www.myfonts.com/products/serif-and-san-serif-best-font-bundle-package-721139
[2026-09-17T11:35:17Z] #512 attempt=1/2 status=404 0.253s url=https://www.myfonts.com/collections/serif-and-san-serif-best-font-bundle-font-canden-meutuah
[2026-09-17T11:35:18Z] #513 attempt=1/2 status=200 0.366s url=https://www.myfonts.com/products/mltp-hade-rasty-signature-complete-family-package-1223794
[2026-09-17T11:35:18Z] #514 attempt=1/2 status=200 0.355s url=https://www.myfonts.com/collections/mltp-hade-rasty-signature-font-multype-studio/
[2026-09-17T11:35:19Z] #515 attempt=1/2 status=200 0.183s url=https://www.myfonts.com/collections/mltp-hade-rasty-signature-font-multype-studio/?tab=techSpecs
[2026-09-17T11:35:21Z] #516 attempt=1/2 status=200 1.468s url=https://www.myfonts.com/products/nuviora-complete-family-package-1224362
[2026-09-17T11:35:23Z] #517 attempt=1/2 status=200 1.960s url=https://www.myfonts.com/collections/nuviora-font-stripes-studio/
[2026-09-17T11:35:25Z] #518 attempt=1/2 status=200 0.410s url=https://www.myfonts.com/collections/nuviora-font-stripes-studio/?tab=techSpecs
[2026-09-17T11:35:27Z] #519 attempt=1/2 status=200 0.355s url=https://www.myfonts.com/products/olyford-variable-complete-family-package-1224360
[2026-09-17T11:35:27Z] #520 attempt=1/2 status=200 0.388s url=https://www.myfonts.com/collections/olyford-variable-font-nicolass-fonts/
[2026-09-17T11:35:28Z] #521 attempt=1/2 status=200 0.208s url=https://www.myfonts.com/collections/olyford-variable-font-nicolass-fonts/?tab=techSpecs
[2026-09-17T11:35:30Z] #522 attempt=1/6 status=200 0.931s url=https://www.myfonts.com/products.json?limit=100&page=16
[2026-09-17T11:35:30Z] #523 attempt=1/2 status=200 0.384s url=https://www.myfonts.com/products/techmono-complete-family-package-1223779
[2026-09-17T11:35:31Z] #524 attempt=1/2 status=200 0.430s url=https://www.myfonts.com/collections/techmono-font-maverick26designs/
[2026-09-17T11:35:32Z] #525 attempt=1/2 status=200 0.418s url=https://www.myfonts.com/collections/techmono-font-maverick26designs/?tab=techSpecs
[2026-09-17T11:35:33Z] #526 attempt=1/2 status=200 0.389s url=https://www.myfonts.com/products/pg-wensokia-complete-family-package-1224292
[2026-09-17T11:35:34Z] #527 attempt=1/2 status=200 0.413s url=https://www.myfonts.com/collections/pg-wensokia-font-pretty-glyphs/
[2026-09-17T11:35:34Z] #528 attempt=1/2 status=200 0.191s url=https://www.myfonts.com/collections/pg-wensokia-font-pretty-glyphs/?tab=techSpecs
[2026-09-17T11:35:35Z] #529 attempt=1/2 status=200 0.318s url=https://www.myfonts.com/products/woblen-complete-family-package-1223776
[2026-09-17T11:35:36Z] #530 attempt=1/2 status=200 0.405s url=https://www.myfonts.com/collections/woblen-font-muksal-creatives/
[2026-09-17T11:35:36Z] #531 attempt=1/2 status=200 0.450s url=https://www.myfonts.com/collections/woblen-font-muksal-creatives/?tab=techSpecs
[2026-09-17T11:35:37Z] #532 attempt=1/2 status=200 0.335s url=https://www.myfonts.com/products/ruster-complete-family-package-1224346
[2026-09-17T11:35:38Z] #533 attempt=1/2 status=200 0.325s url=https://www.myfonts.com/collections/ruster-font-dareco-studio/
[2026-09-17T11:35:39Z] #534 attempt=1/2 status=200 0.204s url=https://www.myfonts.com/collections/ruster-font-dareco-studio/?tab=techSpecs
[2026-09-17T11:35:40Z] #535 attempt=1/2 status=200 0.915s url=https://www.myfonts.com/products/dear-mother-complete-family-package-1223073
[2026-09-17T11:35:41Z] #536 attempt=1/2 status=200 1.032s url=https://www.myfonts.com/collections/dear-mother-font-abbastype/
[2026-09-17T11:35:42Z] #537 attempt=1/2 status=200 0.246s url=https://www.myfonts.com/collections/dear-mother-font-abbastype/?tab=techSpecs
[2026-09-17T11:35:43Z] #538 attempt=1/2 status=200 0.591s url=https://www.myfonts.com/products/glorious-condensed-complete-family-package-1224271
[2026-09-17T11:35:44Z] #539 attempt=1/2 status=200 0.714s url=https://www.myfonts.com/collections/glorious-condensed-font-unitype-studio/
[2026-09-17T11:35:46Z] #540 attempt=1/2 status=200 0.753s url=https://www.myfonts.com/collections/glorious-condensed-font-unitype-studio/?tab=techSpecs
[2026-09-17T11:35:47Z] #541 attempt=1/2 status=200 0.886s url=https://www.myfonts.com/products/bentico-complete-family-package-1223624
[2026-09-17T11:35:49Z] #542 attempt=1/2 status=200 1.943s url=https://www.myfonts.com/collections/bentico-font-mordex-studio/
[2026-09-17T11:35:52Z] #543 attempt=1/2 status=200 2.060s url=https://www.myfonts.com/collections/bentico-font-mordex-studio/?tab=techSpecs
[2026-09-17T11:35:54Z] #544 attempt=1/2 status=200 0.345s url=https://www.myfonts.com/products/wech-complete-family-package-1224343
[2026-09-17T11:35:54Z] #545 attempt=1/2 status=200 0.386s url=https://www.myfonts.com/collections/wech-font-dareco-studio/
[2026-09-17T11:35:55Z] #546 attempt=1/2 status=200 0.376s url=https://www.myfonts.com/collections/wech-font-dareco-studio/?tab=techSpecs
[2026-09-17T11:35:56Z] #547 attempt=1/2 status=200 0.462s url=https://www.myfonts.com/products/tf-bragado-complete-family-package-1222887
[2026-09-17T11:35:57Z] #548 attempt=1/2 status=200 0.655s url=https://www.myfonts.com/collections/tf-bragado-font-typeflock/
[2026-09-17T11:35:58Z] #549 attempt=1/2 status=200 0.530s url=https://www.myfonts.com/collections/tf-bragado-font-typeflock/?tab=techSpecs
[2026-09-17T11:35:59Z] #550 attempt=1/2 status=200 0.438s url=https://www.myfonts.com/products/le-mighty-legacy-complete-family-package-1223613
[2026-09-17T11:36:00Z] #551 attempt=1/2 status=200 0.492s url=https://www.myfonts.com/collections/le-mighty-legacy-font-ivan-rosenberg/
[2026-09-17T11:36:01Z] #552 attempt=1/2 status=200 0.505s url=https://www.myfonts.com/collections/le-mighty-legacy-font-ivan-rosenberg/?tab=techSpecs
[2026-09-17T11:36:02Z] #553 attempt=1/2 status=200 1.050s url=https://www.myfonts.com/products/selfinty-complete-family-package-1223039
[2026-09-17T11:36:04Z] #554 attempt=1/2 status=200 1.287s url=https://www.myfonts.com/collections/selfinty-font-madjack-font/
[2026-09-17T11:36:06Z] #555 attempt=1/2 status=200 1.282s url=https://www.myfonts.com/collections/selfinty-font-madjack-font/?tab=techSpecs
[2026-09-17T11:36:07Z] #556 attempt=1/2 status=200 0.343s url=https://www.myfonts.com/products/autumn-reverie-complete-family-package-1224262
[2026-09-17T11:36:08Z] #557 attempt=1/2 status=200 0.408s url=https://www.myfonts.com/collections/autumn-reverie-font-yoga-letter/
[2026-09-17T11:36:08Z] #558 attempt=1/2 status=200 0.420s url=https://www.myfonts.com/collections/autumn-reverie-font-yoga-letter/?tab=techSpecs
[2026-09-17T11:36:09Z] #559 attempt=1/2 status=200 0.352s url=https://www.myfonts.com/products/bigvalue-complete-family-package-1224340
[2026-09-17T11:36:10Z] #560 attempt=1/2 status=200 0.399s url=https://www.myfonts.com/collections/bigvalue-font-artiveko/
[2026-09-17T11:36:11Z] #561 attempt=1/2 status=200 0.210s url=https://www.myfonts.com/collections/bigvalue-font-artiveko/?tab=techSpecs
[2026-09-17T11:36:12Z] #562 attempt=1/2 status=200 0.382s url=https://www.myfonts.com/products/chunky-zorvy-complete-family-package-1222883
[2026-09-17T11:36:12Z] #563 attempt=1/2 status=200 0.387s url=https://www.myfonts.com/collections/chunky-zorvy-font-syauqi-studio/
[2026-09-17T11:36:13Z] #564 attempt=1/2 status=200 0.378s url=https://www.myfonts.com/collections/chunky-zorvy-font-syauqi-studio/?tab=techSpecs
[2026-09-17T11:36:14Z] #565 attempt=1/2 status=200 0.611s url=https://www.myfonts.com/products/axiome-sm-complete-family-package-1223013
[2026-09-17T11:36:15Z] #566 attempt=1/2 status=200 0.570s url=https://www.myfonts.com/collections/axiome-sm-font-product-type/
[2026-09-17T11:36:16Z] #567 attempt=1/2 status=200 0.207s url=https://www.myfonts.com/collections/axiome-sm-font-product-type/?tab=techSpecs
[2026-09-17T11:36:17Z] #568 attempt=1/2 status=200 0.297s url=https://www.myfonts.com/products/murisa-albertina-complete-family-package-1222876
[2026-09-17T11:36:17Z] #569 attempt=1/2 status=200 0.344s url=https://www.myfonts.com/collections/murisa-albertina-font-murisa-studio/
[2026-09-17T11:36:18Z] #570 attempt=1/2 status=200 0.209s url=https://www.myfonts.com/collections/murisa-albertina-font-murisa-studio/?tab=techSpecs
[2026-09-17T11:36:20Z] #571 attempt=1/2 status=200 1.370s url=https://www.myfonts.com/products/var-package-1224260
[2026-09-17T11:36:22Z] #572 attempt=1/2 status=200 1.938s url=https://www.myfonts.com/collections/azelith-font-nia-typework/
[2026-09-17T11:36:23Z] #573 attempt=1/2 status=200 0.421s url=https://www.myfonts.com/collections/azelith-font-nia-typework/?tab=techSpecs
[2026-09-17T11:36:26Z] #574 attempt=1/2 status=200 1.097s url=https://www.myfonts.com/products/adelia-pasha-complete-family-package-1223516
[2026-09-17T11:36:27Z] #575 attempt=1/2 status=200 1.336s url=https://www.myfonts.com/collections/adelia-pasha-font-abbastype/
[2026-09-17T11:36:28Z] #576 attempt=1/2 status=200 0.303s url=https://www.myfonts.com/collections/adelia-pasha-font-abbastype/?tab=techSpecs
[2026-09-17T11:36:29Z] #577 attempt=1/2 status=200 0.315s url=https://www.myfonts.com/products/rocktail-complete-family-package-1224337
[2026-09-17T11:36:30Z] #578 attempt=1/2 status=200 0.375s url=https://www.myfonts.com/collections/rocktail-font-artiveko/
[2026-09-17T11:36:31Z] #579 attempt=1/2 status=200 0.377s url=https://www.myfonts.com/collections/rocktail-font-artiveko/?tab=techSpecs
[2026-09-17T11:36:32Z] #580 attempt=1/2 status=200 0.318s url=https://www.myfonts.com/products/jingle-mochi-italic-complete-family-package-1223005
[2026-09-17T11:36:32Z] #581 attempt=1/2 status=200 0.455s url=https://www.myfonts.com/collections/jingle-mochi-italic-font-yoga-letter/
[2026-09-17T11:36:33Z] #582 attempt=1/2 status=200 0.204s url=https://www.myfonts.com/collections/jingle-mochi-italic-font-yoga-letter/?tab=techSpecs
[2026-09-17T11:36:34Z] #583 attempt=1/2 status=200 0.352s url=https://www.myfonts.com/products/crenka-complete-family-package-1222978
[2026-09-17T11:36:34Z] #584 attempt=1/2 status=200 0.380s url=https://www.myfonts.com/collections/crenka-font-ragamkata/
[2026-09-17T11:36:35Z] #585 attempt=1/2 status=200 0.361s url=https://www.myfonts.com/collections/crenka-font-ragamkata/?tab=techSpecs
[2026-09-17T11:36:36Z] #586 attempt=1/2 status=200 0.403s url=https://www.myfonts.com/products/kinka-complete-family-package-1224100
[2026-09-17T11:36:37Z] #587 attempt=1/2 status=200 0.413s url=https://www.myfonts.com/collections/kinka-font-aiquitype/
[2026-09-17T11:36:38Z] #588 attempt=1/2 status=200 0.459s url=https://www.myfonts.com/collections/kinka-font-aiquitype/?tab=techSpecs
[2026-09-17T11:36:39Z] #589 attempt=1/2 status=200 0.346s url=https://www.myfonts.com/products/oksigen-octa-complete-family-package-1222873
[2026-09-17T11:36:39Z] #590 attempt=1/2 status=200 0.405s url=https://www.myfonts.com/collections/oksigen-octa-font-kalam/
[2026-09-17T11:36:40Z] #591 attempt=1/2 status=200 0.417s url=https://www.myfonts.com/collections/oksigen-octa-font-kalam/?tab=techSpecs
[2026-09-17T11:36:41Z] #592 attempt=1/2 status=200 0.341s url=https://www.myfonts.com/products/duvante-complete-family-package-1224333
[2026-09-17T11:36:42Z] #593 attempt=1/2 status=200 0.378s url=https://www.myfonts.com/collections/duvante-font-artiveko/
[2026-09-17T11:36:42Z] #594 attempt=1/2 status=200 0.245s url=https://www.myfonts.com/collections/duvante-font-artiveko/?tab=techSpecs
[2026-09-17T11:36:44Z] #595 attempt=1/2 status=200 1.397s url=https://www.myfonts.com/products/amelia-diana-complete-family-package-1223322
[2026-09-17T11:36:46Z] #596 attempt=1/2 status=200 1.576s url=https://www.myfonts.com/collections/amelia-diana-font-abbastype/
[2026-09-17T11:36:47Z] #597 attempt=1/2 status=200 0.305s url=https://www.myfonts.com/collections/amelia-diana-font-abbastype/?tab=techSpecs
[2026-09-17T11:36:49Z] #598 attempt=1/2 status=200 0.863s url=https://www.myfonts.com/products/bakin-complete-family-package-1222824
[2026-09-17T11:36:50Z] #599 attempt=1/2 status=200 1.150s url=https://www.myfonts.com/collections/bakin-font-abbastype/
[2026-09-17T11:36:51Z] #600 attempt=1/2 status=200 0.728s url=https://www.myfonts.com/collections/bakin-font-abbastype/?tab=techSpecs
[2026-09-17T11:36:53Z] #601 attempt=1/2 status=200 0.364s url=https://www.myfonts.com/products/pg-goyah-complete-family-package-1222918
[2026-09-17T11:36:53Z] #602 attempt=1/2 status=200 0.389s url=https://www.myfonts.com/collections/pg-goyah-font-pretty-glyphs/
[2026-09-17T11:36:54Z] #603 attempt=1/2 status=200 0.212s url=https://www.myfonts.com/collections/pg-goyah-font-pretty-glyphs/?tab=techSpecs
[2026-09-17T11:36:55Z] #604 attempt=1/2 status=200 0.369s url=https://www.myfonts.com/products/chuks-complete-family-package-1222817
[2026-09-17T11:36:55Z] #605 attempt=1/2 status=200 0.387s url=https://www.myfonts.com/collections/chuks-font-akbar-gumelar/
[2026-09-17T11:36:56Z] #606 attempt=1/2 status=200 0.353s url=https://www.myfonts.com/collections/chuks-font-akbar-gumelar/?tab=techSpecs
[2026-09-17T11:36:57Z] #607 attempt=1/2 status=200 0.758s url=https://www.myfonts.com/products/bheiaga-complete-family-package-1223975
[2026-09-17T11:36:59Z] #608 attempt=1/2 status=200 1.288s url=https://www.myfonts.com/collections/bheiaga-font-abbastype/
[2026-09-17T11:37:01Z] #609 attempt=1/2 status=200 1.388s url=https://www.myfonts.com/collections/bheiaga-font-abbastype/?tab=techSpecs
[2026-09-17T11:37:03Z] #610 attempt=1/2 status=200 0.878s url=https://www.myfonts.com/products/alyssa-ghazali-complete-family-package-1223321
[2026-09-17T11:37:05Z] #611 attempt=1/2 status=200 1.439s url=https://www.myfonts.com/collections/alyssa-ghazali-font-abbastype/
[2026-09-17T11:37:06Z] #612 attempt=1/2 status=200 0.428s url=https://www.myfonts.com/collections/alyssa-ghazali-font-abbastype/?tab=techSpecs
[2026-09-17T11:37:07Z] #613 attempt=1/2 status=200 0.380s url=https://www.myfonts.com/products/rundra-complete-family-package-1224322
[2026-09-17T11:37:08Z] #614 attempt=1/2 status=200 0.435s url=https://www.myfonts.com/collections/rundra-font-md-type/
[2026-09-17T11:37:08Z] #615 attempt=1/2 status=200 0.496s url=https://www.myfonts.com/collections/rundra-font-md-type/?tab=techSpecs
[2026-09-17T11:37:09Z] #616 attempt=1/2 status=200 0.327s url=https://www.myfonts.com/products/crown-monarch-complete-family-package-1222880
[2026-09-17T11:37:10Z] #617 attempt=1/2 status=200 0.412s url=https://www.myfonts.com/collections/crown-monarch-font-vermilione/
[2026-09-17T11:37:11Z] #618 attempt=1/2 status=200 0.495s url=https://www.myfonts.com/collections/crown-monarch-font-vermilione/?tab=techSpecs
[2026-09-17T11:37:12Z] #619 attempt=1/2 status=200 0.379s url=https://www.myfonts.com/products/enagola-complete-family-package-1222814
[2026-09-17T11:37:13Z] #620 attempt=1/2 status=200 0.427s url=https://www.myfonts.com/collections/enagola-font-artiveko/
[2026-09-17T11:37:13Z] #621 attempt=1/2 status=200 0.372s url=https://www.myfonts.com/collections/enagola-font-artiveko/?tab=techSpecs
[2026-09-17T11:37:14Z] #622 attempt=1/2 status=200 0.384s url=https://www.myfonts.com/products/focasino-complete-family-package-1223917
[2026-09-17T11:37:15Z] #623 attempt=1/2 status=200 0.479s url=https://www.myfonts.com/collections/focasino-font-typeclassheroes/
[2026-09-17T11:37:16Z] #624 attempt=1/2 status=200 0.410s url=https://www.myfonts.com/collections/focasino-font-typeclassheroes/?tab=techSpecs
[2026-09-17T11:37:17Z] #625 attempt=1/2 status=200 0.820s url=https://www.myfonts.com/products/wildwritten-complete-family-package-1223280
[2026-09-17T11:37:18Z] #626 attempt=1/2 status=200 0.828s url=https://www.myfonts.com/collections/wildwritten-font-vp-creative-shop/
[2026-09-17T11:37:20Z] #627 attempt=1/2 status=200 0.860s url=https://www.myfonts.com/collections/wildwritten-font-vp-creative-shop/?tab=techSpecs
[2026-09-17T11:37:21Z] #628 attempt=1/2 status=200 0.673s url=https://www.myfonts.com/products/nelga-complete-family-package-1222927
[2026-09-17T11:37:22Z] #629 attempt=1/2 status=200 1.006s url=https://www.myfonts.com/collections/nelga-font-abbastype/
[2026-09-17T11:37:24Z] #630 attempt=1/2 status=200 0.869s url=https://www.myfonts.com/collections/nelga-font-abbastype/?tab=techSpecs
[2026-09-17T11:37:25Z] #631 attempt=1/2 status=200 0.381s url=https://www.myfonts.com/products/north-railway-complete-family-package-1224321
[2026-09-17T11:37:25Z] #632 attempt=1/2 status=200 0.376s url=https://www.myfonts.com/collections/north-railway-font-vermilione/
[2026-09-17T11:37:26Z] #633 attempt=1/2 status=200 0.322s url=https://www.myfonts.com/collections/north-railway-font-vermilione/?tab=techSpecs
[2026-09-17T11:37:27Z] #634 attempt=1/2 status=200 0.318s url=https://www.myfonts.com/products/niko-curt-complete-family-package-1217509
[2026-09-17T11:37:28Z] #635 attempt=1/2 status=200 0.406s url=https://www.myfonts.com/collections/niko-curt-font-greentrik6789/
[2026-09-17T11:37:28Z] #636 attempt=1/2 status=200 0.399s url=https://www.myfonts.com/collections/niko-curt-font-greentrik6789/?tab=techSpecs
[2026-09-17T11:37:30Z] #637 attempt=1/2 status=200 0.771s url=https://www.myfonts.com/products/bay-fresh-complete-family-package-1223905
[2026-09-17T11:37:31Z] #638 attempt=1/2 status=200 1.203s url=https://www.myfonts.com/collections/bay-fresh-font-abbastype/
[2026-09-17T11:37:32Z] #639 attempt=1/2 status=200 0.251s url=https://www.myfonts.com/collections/bay-fresh-font-abbastype/?tab=techSpecs
[2026-09-17T11:37:33Z] #640 attempt=1/2 status=200 0.402s url=https://www.myfonts.com/products/callontine-complete-family-package-1222924
[2026-09-17T11:37:34Z] #641 attempt=1/2 status=200 0.379s url=https://www.myfonts.com/collections/callontine-font-logic-type/
[2026-09-17T11:37:34Z] #642 attempt=1/2 status=200 0.193s url=https://www.myfonts.com/collections/callontine-font-logic-type/?tab=techSpecs
[2026-09-17T11:37:36Z] #643 attempt=1/2 status=200 0.432s url=https://www.myfonts.com/products/ravnar-nordic-runic-complete-family-package-1224316
[2026-09-17T11:37:36Z] #644 attempt=1/2 status=200 0.349s url=https://www.myfonts.com/collections/ravnar-nordic-runic-font-md-type/
[2026-09-17T11:37:37Z] #645 attempt=1/2 status=200 0.198s url=https://www.myfonts.com/collections/ravnar-nordic-runic-font-md-type/?tab=techSpecs
[2026-09-17T11:37:38Z] #646 attempt=1/2 status=200 0.416s url=https://www.myfonts.com/products/thorn-serif-complete-family-package-1215235
[2026-09-17T11:37:39Z] #647 attempt=1/2 status=200 0.479s url=https://www.myfonts.com/collections/thorn-serif-font-type-forward/
[2026-09-17T11:37:39Z] #648 attempt=1/2 status=200 0.402s url=https://www.myfonts.com/collections/thorn-serif-font-type-forward/?tab=techSpecs
[2026-09-17T11:37:40Z] #649 attempt=1/2 status=200 0.310s url=https://www.myfonts.com/products/grafton-complete-family-package-1223180
[2026-09-17T11:37:41Z] #650 attempt=1/2 status=200 0.539s url=https://www.myfonts.com/collections/grafton-font-unitype-studio/
[2026-09-17T11:37:42Z] #651 attempt=1/2 status=200 0.415s url=https://www.myfonts.com/collections/grafton-font-unitype-studio/?tab=techSpecs
[2026-09-17T11:37:44Z] #652 attempt=1/2 status=200 1.132s url=https://www.myfonts.com/products/baikeia-complete-family-package-1223810
[2026-09-17T11:37:45Z] #653 attempt=1/2 status=200 1.529s url=https://www.myfonts.com/collections/baikeia-font-abbastype/
[2026-09-17T11:37:46Z] #654 attempt=1/2 status=200 0.294s url=https://www.myfonts.com/collections/baikeia-font-abbastype/?tab=techSpecs
[2026-09-17T11:37:48Z] #655 attempt=1/2 status=200 0.359s url=https://www.myfonts.com/products/romance-utille-serif-package-1222916
[2026-09-17T11:37:48Z] #656 attempt=1/2 status=200 0.414s url=https://www.myfonts.com/collections/romance-utille-serif-font-artiveko/
[2026-09-17T11:37:49Z] #657 attempt=1/2 status=200 0.391s url=https://www.myfonts.com/collections/romance-utille-serif-font-artiveko/?tab=techSpecs
[2026-09-17T11:37:50Z] #658 attempt=1/2 status=200 0.508s url=https://www.myfonts.com/products/wing-sans-narrow-package-1211342
[2026-09-17T11:37:51Z] #659 attempt=1/2 status=200 0.698s url=https://www.myfonts.com/collections/wings-sans-font-tipotype/
[2026-09-17T11:37:52Z] #660 attempt=1/2 status=200 0.252s url=https://www.myfonts.com/collections/wings-sans-font-tipotype/?tab=techSpecs
[2026-09-17T11:37:53Z] #661 attempt=1/2 status=200 0.376s url=https://www.myfonts.com/products/gilmour-complete-family-package-1224302
[2026-09-17T11:37:54Z] #662 attempt=1/2 status=200 0.469s url=https://www.myfonts.com/collections/gilmour-font-unitype-studio/
[2026-09-17T11:37:54Z] #663 attempt=1/2 status=200 0.454s url=https://www.myfonts.com/collections/gilmour-font-unitype-studio/?tab=techSpecs
[2026-09-17T11:37:56Z] #664 attempt=1/2 status=200 0.331s url=https://www.myfonts.com/products/ghaleria-complete-family-package-1223034
[2026-09-17T11:37:56Z] #665 attempt=1/2 status=200 0.355s url=https://www.myfonts.com/collections/ghaleria-font-font-liner/
[2026-09-17T11:37:57Z] #666 attempt=1/2 status=200 0.191s url=https://www.myfonts.com/collections/ghaleria-font-font-liner/?tab=techSpecs
[2026-09-17T11:37:58Z] #667 attempt=1/2 status=200 0.334s url=https://www.myfonts.com/products/baykonur-complete-family-package-1223802
[2026-09-17T11:37:58Z] #668 attempt=1/2 status=200 0.361s url=https://www.myfonts.com/collections/baykonur-font-viaction-type/
[2026-09-17T11:37:59Z] #669 attempt=1/2 status=200 0.383s url=https://www.myfonts.com/collections/baykonur-font-viaction-type/?tab=techSpecs
[2026-09-17T11:38:00Z] #670 attempt=1/2 status=200 0.356s url=https://www.myfonts.com/products/rozet-complete-family-package-1222907
[2026-09-17T11:38:01Z] #671 attempt=1/2 status=200 0.479s url=https://www.myfonts.com/collections/rozet-font-vlad-b/
[2026-09-17T11:38:01Z] #672 attempt=1/2 status=200 0.214s url=https://www.myfonts.com/collections/rozet-font-vlad-b/?tab=techSpecs
[2026-09-17T11:38:03Z] #673 attempt=1/2 status=200 1.025s url=https://www.myfonts.com/products/natural-fence-complete-family-package-1223179
[2026-09-17T11:38:04Z] #674 attempt=1/2 status=200 1.222s url=https://www.myfonts.com/collections/natural-fence-font-abbastype/
[2026-09-17T11:38:06Z] #675 attempt=1/2 status=200 1.451s url=https://www.myfonts.com/collections/natural-fence-font-abbastype/?tab=techSpecs
[2026-09-17T11:38:08Z] #676 attempt=1/2 status=200 0.374s url=https://www.myfonts.com/products/ravnar-elder-v2-complete-family-package-1224297
[2026-09-17T11:38:08Z] #677 attempt=1/2 status=200 0.398s url=https://www.myfonts.com/collections/ravnar-elder-v2-font-md-type/
[2026-09-17T11:38:09Z] #678 attempt=1/2 status=200 0.198s url=https://www.myfonts.com/collections/ravnar-elder-v2-font-md-type/?tab=techSpecs
[2026-09-17T11:38:10Z] #679 attempt=1/2 status=200 0.362s url=https://www.myfonts.com/products/gas-jenki-complete-family-package-1223799
[2026-09-17T11:38:10Z] #680 attempt=1/2 status=200 0.355s url=https://www.myfonts.com/collections/gas-jenki-font-kalam/
[2026-09-17T11:38:11Z] #681 attempt=1/2 status=200 0.369s url=https://www.myfonts.com/collections/gas-jenki-font-kalam/?tab=techSpecs
[2026-09-17T11:38:13Z] #682 attempt=1/6 status=200 0.937s url=https://www.myfonts.com/products.json?limit=100&page=17
[2026-09-17T11:38:14Z] #683 attempt=1/2 status=200 0.462s url=https://www.myfonts.com/products/regular-brewlin-ruffe-1223809
[2026-09-17T11:38:14Z] #684 attempt=1/2 status=200 0.316s url=https://www.myfonts.com/collections/brewlin-ruffe-font-product-type/
[2026-09-17T11:38:15Z] #685 attempt=1/2 status=200 0.199s url=https://www.myfonts.com/collections/brewlin-ruffe-font-product-type/?tab=techSpecs
[2026-09-17T11:38:16Z] #686 attempt=1/2 status=200 0.343s url=https://www.myfonts.com/products/regular-mltp-romttard-southura-1223798
[2026-09-17T11:38:16Z] #687 attempt=1/2 status=200 0.408s url=https://www.myfonts.com/collections/mltp-romttard-southura-font-multype-studio/
[2026-09-17T11:38:17Z] #688 attempt=1/2 status=200 0.197s url=https://www.myfonts.com/collections/mltp-romttard-southura-font-multype-studio/?tab=techSpecs
[2026-09-17T11:38:18Z] #689 attempt=1/2 status=200 0.319s url=https://www.myfonts.com/products/regular-midnight-ritual-1223797
[2026-09-17T11:38:18Z] #690 attempt=1/2 status=200 0.314s url=https://www.myfonts.com/collections/midnight-ritual-font-hipfonts/
[2026-09-17T11:38:19Z] #691 attempt=1/2 status=200 0.195s url=https://www.myfonts.com/collections/midnight-ritual-font-hipfonts/?tab=techSpecs
[2026-09-17T11:38:20Z] #692 attempt=1/6 status=200 0.994s url=https://www.myfonts.com/products.json?limit=100&page=18
[2026-09-17T11:38:21Z] #693 attempt=1/2 status=200 0.339s url=https://www.myfonts.com/products/regular-coastal-honey-1223793
[2026-09-17T11:38:22Z] #694 attempt=1/2 status=200 0.368s url=https://www.myfonts.com/collections/coastal-honey-font-hipfonts/
[2026-09-17T11:38:22Z] #695 attempt=1/2 status=200 0.296s url=https://www.myfonts.com/collections/coastal-honey-font-hipfonts/?tab=techSpecs
[2026-09-17T11:38:23Z] #696 attempt=1/2 status=200 0.315s url=https://www.myfonts.com/products/regular-ocean-pirates-1223792
[2026-09-17T11:38:24Z] #697 attempt=1/2 status=200 0.313s url=https://www.myfonts.com/collections/ocean-pirates-font-mvmet/
[2026-09-17T11:38:24Z] #698 attempt=1/2 status=200 0.198s url=https://www.myfonts.com/collections/ocean-pirates-font-mvmet/?tab=techSpecs
[2026-09-17T11:38:25Z] #699 attempt=1/2 status=200 0.339s url=https://www.myfonts.com/products/regular-captain-terry-1223791
[2026-09-17T11:38:25Z] #700 attempt=1/2 status=200 0.395s url=https://www.myfonts.com/collections/captain-terry-font-hipfonts/
[2026-09-17T11:38:26Z] #701 attempt=1/2 status=200 0.312s url=https://www.myfonts.com/collections/captain-terry-font-hipfonts/?tab=techSpecs
[2026-09-17T11:38:27Z] #702 attempt=1/2 status=200 0.307s url=https://www.myfonts.com/products/regular-canvas-muse-1223789
[2026-09-17T11:38:27Z] #703 attempt=1/2 status=200 0.366s url=https://www.myfonts.com/collections/canvas-muse-font-hipfonts/
[2026-09-17T11:38:28Z] #704 attempt=1/2 status=200 0.355s url=https://www.myfonts.com/collections/canvas-muse-font-hipfonts/?tab=techSpecs
[2026-09-17T11:38:29Z] #705 attempt=1/2 status=200 0.315s url=https://www.myfonts.com/products/regular-gilded-oath-1223790
[2026-09-17T11:38:29Z] #706 attempt=1/2 status=200 0.300s url=https://www.myfonts.com/collections/gilded-oath-font-hipfonts/
[2026-09-17T11:38:30Z] #707 attempt=1/2 status=200 0.182s url=https://www.myfonts.com/collections/gilded-oath-font-hipfonts/?tab=techSpecs
[2026-09-17T11:38:31Z] #708 attempt=1/2 status=200 0.325s url=https://www.myfonts.com/products/regular-vienna-romance-1223788
[2026-09-17T11:38:31Z] #709 attempt=1/2 status=200 0.358s url=https://www.myfonts.com/collections/vienna-romance-font-hipfonts/
[2026-09-17T11:38:32Z] #710 attempt=1/2 status=200 0.216s url=https://www.myfonts.com/collections/vienna-romance-font-hipfonts/?tab=techSpecs
[2026-09-17T11:38:33Z] #711 attempt=1/2 status=200 0.327s url=https://www.myfonts.com/products/regular-cedar-valley-1223787
[2026-09-17T11:38:33Z] #712 attempt=1/2 status=200 0.283s url=https://www.myfonts.com/collections/cedar-valley-font-hipfonts/
[2026-09-17T11:38:34Z] #713 attempt=1/2 status=200 0.315s url=https://www.myfonts.com/collections/cedar-valley-font-hipfonts/?tab=techSpecs
[2026-09-17T11:38:34Z] #714 attempt=1/2 status=200 0.318s url=https://www.myfonts.com/products/regular-oath-and-ember-1223786
[2026-09-17T11:38:35Z] #715 attempt=1/2 status=200 0.305s url=https://www.myfonts.com/collections/oath-and-ember-font-hipfonts/
[2026-09-17T11:38:36Z] #716 attempt=1/2 status=200 0.321s url=https://www.myfonts.com/products/regular-sunkissed-sunday-1223785
[2026-09-17T11:38:36Z] #717 attempt=1/2 status=200 0.327s url=https://www.myfonts.com/collections/sunkissed-sunday-font-hipfonts/
[2026-09-17T11:38:37Z] #718 attempt=1/2 status=200 0.304s url=https://www.myfonts.com/products/regular-ruined-empire-1223784
[2026-09-17T11:38:37Z] #719 attempt=1/2 status=200 0.305s url=https://www.myfonts.com/collections/ruined-empire-font-hipfonts/
[2026-09-17T11:38:39Z] #720 attempt=1/6 status=200 0.884s url=https://www.myfonts.com/products.json?limit=100&page=19
[2026-09-17T11:38:39Z] #721 attempt=1/2 status=200 0.316s url=https://www.myfonts.com/products/regular-la-moire-1223680
[2026-09-17T11:38:40Z] #722 attempt=1/2 status=200 0.357s url=https://www.myfonts.com/collections/la-moire-font-modikstype/
[2026-09-17T11:38:41Z] #723 attempt=1/6 status=200 0.923s url=https://www.myfonts.com/products.json?limit=100&page=20
[2026-09-17T11:38:42Z] #724 attempt=1/2 status=200 0.305s url=https://www.myfonts.com/products/regular-bucintorolc-1223038
[2026-09-17T11:38:42Z] #725 attempt=1/2 status=200 0.282s url=https://www.myfonts.com/products/regular-evil-roar-1224268
[2026-09-17T11:38:43Z] #726 attempt=1/2 status=200 0.309s url=https://www.myfonts.com/collections/evil-roar-font-seemly-fonts/
[2026-09-17T11:38:44Z] #727 attempt=1/2 status=200 0.307s url=https://www.myfonts.com/products/regular-wood-puppets-1224267
[2026-09-17T11:38:44Z] #728 attempt=1/2 status=200 0.332s url=https://www.myfonts.com/collections/wood-puppets-font-gassstype/
[2026-09-17T11:38:45Z] #729 attempt=1/2 status=200 0.335s url=https://www.myfonts.com/products/regular-arraya-1224266
[2026-09-17T11:38:45Z] #730 attempt=1/2 status=200 0.336s url=https://www.myfonts.com/collections/arraya-font-gassstype/
[2026-09-17T11:38:46Z] #731 attempt=1/2 status=200 0.339s url=https://www.myfonts.com/products/bold-skyvia-1223037
[2026-09-17T11:38:47Z] #732 attempt=1/2 status=200 0.322s url=https://www.myfonts.com/collections/skyvia-font-limitype/
[2026-09-17T11:38:48Z] #733 attempt=1/6 status=200 0.883s url=https://www.myfonts.com/products.json?limit=100&page=21
[2026-09-17T11:38:49Z] #734 attempt=1/2 status=200 0.330s url=https://www.myfonts.com/products/regular-yj-sunday-butter-1223639
[2026-09-17T11:38:49Z] #735 attempt=1/2 status=200 0.328s url=https://www.myfonts.com/collections/yj-sunday-butter-font-yenty-jap-co/
[2026-09-17T11:38:50Z] #736 attempt=1/6 status=200 0.759s url=https://www.myfonts.com/products.json?limit=100&page=22
[2026-09-17T11:38:52Z] #737 attempt=1/6 status=200 0.790s url=https://www.myfonts.com/products.json?limit=100&page=23
[2026-09-17T11:38:53Z] #738 attempt=1/6 status=200 0.904s url=https://www.myfonts.com/products.json?limit=100&page=24
[2026-09-17T11:38:54Z] #739 attempt=1/2 status=200 0.297s url=https://www.myfonts.com/products/regular-wero-1223625
[2026-09-17T11:38:54Z] #740 attempt=1/2 status=200 0.305s url=https://www.myfonts.com/collections/wero-font-dareco-studio/
[2026-09-17T11:38:55Z] #741 attempt=1/2 status=200 0.286s url=https://www.myfonts.com/products/regular-muzaffer-1223515
[2026-09-17T11:38:55Z] #742 attempt=1/2 status=200 0.359s url=https://www.myfonts.com/collections/muzaffer-font-dgsa-type-foundry/
[2026-09-17T11:38:56Z] #743 attempt=1/2 status=200 0.307s url=https://www.myfonts.com/products/regular-tharlo-vette-1223012
[2026-09-17T11:38:57Z] #744 attempt=1/2 status=200 0.314s url=https://www.myfonts.com/collections/tharlo-vette-font-twinletter/
[2026-09-17T11:38:57Z] #745 attempt=1/2 status=200 0.327s url=https://www.myfonts.com/products/regular-kopag-roso-1223011
[2026-09-17T11:38:58Z] #746 attempt=1/2 status=200 0.319s url=https://www.myfonts.com/collections/kopag-roso-font-twinletter/
[2026-09-17T11:38:59Z] #747 attempt=1/6 status=200 0.835s url=https://www.myfonts.com/products.json?limit=100&page=25
[2026-09-17T11:39:00Z] #748 attempt=1/2 status=200 0.340s url=https://www.myfonts.com/products/regular-ez-mallowick-1223010
[2026-09-17T11:39:00Z] #749 attempt=1/2 status=200 0.338s url=https://www.myfonts.com/collections/ez-mallowick-font-zafara-studios/
[2026-09-17T11:39:00Z] summary releases=100 first_429=None log_file=state/myfonts_run_20260917_112845.log
[2026-09-17T11:39:00Z] saved_success_profile path=state/myfonts_success_profile.json
[2026-09-17T11:39:00Z] === MyFonts crawl end ===
