[2026-04-20T08:22:42Z] checkpoint fresh next_page=1 path=state/myfonts_crawl_checkpoint.json
[2026-04-20T08:22:42Z] === MyFonts crawl start source=myfonts ===
[2026-04-20T08:22:42Z] config max_pages=25 page_size=100 start_date=2026-04-19 end_date=2026-04-20 api_delay=0.5s detail_delay=0.2s max_debut_checks=400 max_tech_specs_checks=200 reuse_success_profile=False always_enrich_packages=True language_script_signal_mode=strong force_fresh_run=False start_page=1 browser_mode=False browser_headless=True browser_storage_state_path=state/myfonts_storage_state.json
[2026-04-20T08:22:43Z] #1 attempt=1/6 status=200 1.086s url=https://www.myfonts.com/products.json?limit=100&page=1
[2026-04-20T08:22:44Z] #2 attempt=1/2 status=200 0.524s url=https://www.myfonts.com/products/medium-clarice-407921
[2026-04-20T08:22:45Z] #3 attempt=1/2 status=200 0.402s url=https://www.myfonts.com/collections/clarice-font-garagefonts/
[2026-04-20T08:22:45Z] #4 attempt=1/2 status=200 0.294s url=https://www.myfonts.com/collections/clarice-font-garagefonts/?tab=techSpecs
[2026-04-20T08:22:47Z] #5 attempt=1/2 status=200 0.163s url=https://www.myfonts.com/collections/clarice-font-garagefonts/
[2026-04-20T08:22:48Z] #6 attempt=1/2 status=200 0.364s url=https://www.myfonts.com/products/light-modus-973924
[2026-04-20T08:22:48Z] #7 attempt=1/2 status=200 0.343s url=https://www.myfonts.com/collections/modus-font-garagefonts/
[2026-04-20T08:22:49Z] #8 attempt=1/2 status=200 0.431s url=https://www.myfonts.com/collections/modus-font-garagefonts/?tab=techSpecs
[2026-04-20T08:22:50Z] #9 attempt=1/2 status=200 0.560s url=https://www.myfonts.com/products/compressed-unicase-fono-407538
[2026-04-20T08:22:51Z] #10 attempt=1/2 status=200 0.521s url=https://www.myfonts.com/collections/fono-font-garagefonts/
[2026-04-20T08:22:52Z] #11 attempt=1/2 status=200 0.410s url=https://www.myfonts.com/collections/fono-font-garagefonts/?tab=techSpecs
[2026-04-20T08:22:53Z] #12 attempt=1/2 status=200 0.356s url=https://www.myfonts.com/collections/fono-font-garagefonts/
[2026-04-20T08:22:54Z] #13 attempt=1/2 status=200 0.361s url=https://www.myfonts.com/products/medium-adore-mono-961134
[2026-04-20T08:22:54Z] #14 attempt=1/2 status=200 0.392s url=https://www.myfonts.com/collections/adore-mono-font-garagefonts/
[2026-04-20T08:22:55Z] #15 attempt=1/2 status=200 0.439s url=https://www.myfonts.com/collections/adore-mono-font-garagefonts/?tab=techSpecs
[2026-04-20T08:22:56Z] #16 attempt=1/2 status=200 0.161s url=https://www.myfonts.com/collections/adore-mono-font-garagefonts/
[2026-04-20T08:22:57Z] #17 attempt=1/2 status=200 0.359s url=https://www.myfonts.com/products/contour-arbuckle-409291
[2026-04-20T08:22:57Z] #18 attempt=1/2 status=200 0.370s url=https://www.myfonts.com/collections/arbuckle-font-garagefonts/
[2026-04-20T08:22:58Z] #19 attempt=1/2 status=200 0.139s url=https://www.myfonts.com/collections/arbuckle-font-garagefonts/?tab=techSpecs
[2026-04-20T08:22:59Z] #20 attempt=1/2 status=200 0.394s url=https://www.myfonts.com/products/heavy-obl-metroflex-wide-408313
[2026-04-20T08:23:00Z] #21 attempt=1/2 status=200 0.559s url=https://www.myfonts.com/collections/metroflex-wide-font-garagefonts/
[2026-04-20T08:23:00Z] #22 attempt=1/2 status=200 0.453s url=https://www.myfonts.com/collections/metroflex-wide-font-garagefonts/?tab=techSpecs
[2026-04-20T08:23:02Z] #23 attempt=1/2 status=200 0.161s url=https://www.myfonts.com/collections/metroflex-wide-font-garagefonts/
[2026-04-20T08:23:02Z] #24 attempt=1/2 status=200 0.474s url=https://www.myfonts.com/products/med-obl-osf-metroflex-uni-408136
[2026-04-20T08:23:03Z] #25 attempt=1/2 status=200 0.408s url=https://www.myfonts.com/collections/metroflex-uni-font-garagefonts/
[2026-04-20T08:23:04Z] #26 attempt=1/2 status=200 0.644s url=https://www.myfonts.com/collections/metroflex-uni-font-garagefonts/?tab=techSpecs
[2026-04-20T08:23:05Z] #27 attempt=1/2 status=200 0.174s url=https://www.myfonts.com/collections/metroflex-uni-font-garagefonts/
[2026-04-20T08:23:06Z] #28 attempt=1/2 status=200 0.601s url=https://www.myfonts.com/products/light-obl-metroflex-narrow-408056
[2026-04-20T08:23:07Z] #29 attempt=1/2 status=200 0.557s url=https://www.myfonts.com/collections/metroflex-narrow-font-garagefonts/
[2026-04-20T08:23:07Z] #30 attempt=1/2 status=200 0.158s url=https://www.myfonts.com/collections/metroflex-narrow-font-garagefonts/?tab=techSpecs
[2026-04-20T08:23:08Z] #31 attempt=1/2 status=200 0.199s url=https://www.myfonts.com/collections/metroflex-narrow-font-garagefonts/
[2026-04-20T08:23:09Z] #32 attempt=1/2 status=200 0.450s url=https://www.myfonts.com/products/extra-bold-dotted-weekend-538259
[2026-04-20T08:23:10Z] #33 attempt=1/2 status=200 0.463s url=https://www.myfonts.com/collections/dotted-weekend-font-garagefonts/
[2026-04-20T08:23:10Z] #34 attempt=1/2 status=200 0.389s url=https://www.myfonts.com/collections/dotted-weekend-font-garagefonts/?tab=techSpecs
[2026-04-20T08:23:11Z] #35 attempt=1/2 status=200 0.164s url=https://www.myfonts.com/collections/dotted-weekend-font-garagefonts/
[2026-04-20T08:23:12Z] #36 attempt=1/2 status=404 0.194s url=https://www.myfonts.com/collections/extra-bold-dotted-weekend-538259-font-garagefonts
[2026-04-20T08:23:12Z] #37 attempt=1/2 status=200 0.170s url=https://www.myfonts.com/products/bold-alternates-rough-weekend-538390
[2026-04-20T08:23:13Z] #38 attempt=1/2 status=200 0.418s url=https://www.myfonts.com/collections/rough-weekend-font-garagefonts/
[2026-04-20T08:23:13Z] #39 attempt=1/2 status=200 0.157s url=https://www.myfonts.com/collections/rough-weekend-font-garagefonts/?tab=techSpecs
[2026-04-20T08:23:14Z] #40 attempt=1/2 status=200 0.382s url=https://www.myfonts.com/collections/rough-weekend-font-garagefonts/
[2026-04-20T08:23:15Z] #41 attempt=1/2 status=404 0.288s url=https://www.myfonts.com/collections/bold-alternates-rough-weekend-538390-font-garagefonts
[2026-04-20T08:23:15Z] #42 attempt=1/2 status=200 0.348s url=https://www.myfonts.com/products/normal-alternates-nice-weekend-538346
[2026-04-20T08:23:16Z] #43 attempt=1/2 status=200 0.397s url=https://www.myfonts.com/collections/nice-weekend-font-garagefonts/
[2026-04-20T08:23:17Z] #44 attempt=1/2 status=200 0.187s url=https://www.myfonts.com/collections/nice-weekend-font-garagefonts/?tab=techSpecs
[2026-04-20T08:23:18Z] #45 attempt=1/2 status=200 0.414s url=https://www.myfonts.com/collections/nice-weekend-font-garagefonts/
[2026-04-20T08:23:18Z] #46 attempt=1/2 status=404 0.216s url=https://www.myfonts.com/collections/normal-alternates-nice-weekend-538346-font-garagefonts
[2026-04-20T08:23:19Z] #47 attempt=1/2 status=200 0.348s url=https://www.myfonts.com/products/light-archive-538397
[2026-04-20T08:23:19Z] #48 attempt=1/2 status=200 0.381s url=https://www.myfonts.com/collections/archive-font-garagefonts/
[2026-04-20T08:23:20Z] #49 attempt=1/2 status=200 0.148s url=https://www.myfonts.com/collections/archive-font-garagefonts/?tab=techSpecs
[2026-04-20T08:23:21Z] #50 attempt=1/2 status=200 0.339s url=https://www.myfonts.com/collections/archive-font-garagefonts/
[2026-04-20T08:23:22Z] #51 attempt=1/2 status=404 0.207s url=https://www.myfonts.com/collections/light-archive-538397-font-garagefonts
[2026-04-20T08:23:22Z] #52 attempt=1/2 status=200 0.465s url=https://www.myfonts.com/products/medium-district-pro-412176
[2026-04-20T08:23:23Z] #53 attempt=1/2 status=200 0.411s url=https://www.myfonts.com/collections/district-pro-font-garagefonts/
[2026-04-20T08:23:24Z] #54 attempt=1/2 status=200 0.555s url=https://www.myfonts.com/collections/district-pro-font-garagefonts/?tab=techSpecs
[2026-04-20T08:23:25Z] #55 attempt=1/2 status=200 0.409s url=https://www.myfonts.com/products/black-homage-condensed-415710
[2026-04-20T08:23:26Z] #56 attempt=1/2 status=200 0.352s url=https://www.myfonts.com/collections/homage-condensed-font-garagefonts/
[2026-04-20T08:23:26Z] #57 attempt=1/2 status=200 0.384s url=https://www.myfonts.com/collections/homage-condensed-font-garagefonts/?tab=techSpecs
[2026-04-20T08:23:28Z] #58 attempt=1/6 status=200 0.901s url=https://www.myfonts.com/products.json?limit=100&page=2
[2026-04-20T08:23:29Z] #59 attempt=1/2 status=200 0.418s url=https://www.myfonts.com/products/regular-homage-script-415695
[2026-04-20T08:23:30Z] #60 attempt=1/2 status=200 0.322s url=https://www.myfonts.com/collections/homage-script-font-garagefonts/
[2026-04-20T08:23:30Z] #61 attempt=1/2 status=200 0.139s url=https://www.myfonts.com/collections/homage-script-font-garagefonts/?tab=techSpecs
[2026-04-20T08:23:32Z] #62 attempt=1/2 status=200 1.868s url=https://www.myfonts.com/products/rigeras-ultra-expanded-package-1136130
[2026-04-20T08:23:36Z] #63 attempt=1/2 status=500 3.127s url=https://www.myfonts.com/collections/rigeras-font-seniors-studio/
[2026-04-20T08:23:36Z] #64 attempt=1/2 status=404 0.195s url=https://www.myfonts.com/collections/rigeras-ultra-expanded-font-seniors-studio
[2026-04-20T08:23:37Z] #65 attempt=1/2 status=200 0.383s url=https://www.myfonts.com/products/limit-text-normal-package-1135841
[2026-04-20T08:23:38Z] #66 attempt=1/2 status=200 1.112s url=https://www.myfonts.com/collections/limit-text-font-bold-guystm/
[2026-04-20T08:23:39Z] #67 attempt=1/2 status=200 0.172s url=https://www.myfonts.com/collections/limit-text-font-bold-guystm/?tab=techSpecs
[2026-04-20T08:23:40Z] #68 attempt=1/2 status=200 0.546s url=https://www.myfonts.com/products/limit-micro-compressed-package-1135770
[2026-04-20T08:23:42Z] #69 attempt=1/2 status=200 1.048s url=https://www.myfonts.com/collections/limit-micro-font-bold-guystm/
[2026-04-20T08:23:43Z] #70 attempt=1/2 status=200 1.055s url=https://www.myfonts.com/collections/limit-micro-font-bold-guystm/?tab=techSpecs
[2026-04-20T08:23:44Z] #71 attempt=1/2 status=200 0.348s url=https://www.myfonts.com/products/limit-display-normal-package-1136009
[2026-04-20T08:23:45Z] #72 attempt=1/2 status=200 0.914s url=https://www.myfonts.com/collections/limit-display-font-bold-guystm/
[2026-04-20T08:23:48Z] #73 attempt=1/2 status=200 1.529s url=https://www.myfonts.com/collections/limit-display-font-bold-guystm/?tab=techSpecs
[2026-04-20T08:23:50Z] #74 attempt=1/2 status=200 0.368s url=https://www.myfonts.com/products/limit-micro-variable-concept-complete-family-package-1135724
[2026-04-20T08:23:51Z] #75 attempt=1/2 status=200 0.534s url=https://www.myfonts.com/collections/limit-micro-variable-concept-font-bold-guystm/
[2026-04-20T08:23:51Z] #76 attempt=1/2 status=200 0.176s url=https://www.myfonts.com/collections/limit-micro-variable-concept-font-bold-guystm/?tab=techSpecs
[2026-04-20T08:23:52Z] #77 attempt=1/2 status=200 0.372s url=https://www.myfonts.com/products/limit-display-variable-concept-complete-family-package-1135716
[2026-04-20T08:23:53Z] #78 attempt=1/2 status=200 0.418s url=https://www.myfonts.com/collections/limit-display-variable-concept-font-bold-guystm/
[2026-04-20T08:23:53Z] #79 attempt=1/2 status=200 0.138s url=https://www.myfonts.com/collections/limit-display-variable-concept-font-bold-guystm/?tab=techSpecs
[2026-04-20T08:23:55Z] #80 attempt=1/2 status=200 1.090s url=https://www.myfonts.com/products/expanded-package-1135715
[2026-04-20T08:23:58Z] #81 attempt=1/2 status=200 2.105s url=https://www.myfonts.com/collections/sharink-font-nia-typework/
[2026-04-20T08:24:01Z] #82 attempt=1/2 status=200 2.679s url=https://www.myfonts.com/collections/sharink-font-nia-typework/?tab=techSpecs
[2026-04-20T08:24:03Z] #83 attempt=1/2 status=200 0.307s url=https://www.myfonts.com/products/limit-variable-concept-full-complete-family-package-1136010
[2026-04-20T08:24:03Z] #84 attempt=1/2 status=200 0.442s url=https://www.myfonts.com/collections/limit-variable-concept-full-font-bold-guystm/
[2026-04-20T08:24:04Z] #85 attempt=1/2 status=200 0.539s url=https://www.myfonts.com/collections/limit-variable-concept-full-font-bold-guystm/?tab=techSpecs
[2026-04-20T08:24:06Z] #86 attempt=1/2 status=200 1.048s url=https://www.myfonts.com/products/climber-complete-family-package-1136131
[2026-04-20T08:24:08Z] #87 attempt=1/2 status=200 1.573s url=https://www.myfonts.com/collections/climber-font-alpercakici/
[2026-04-20T08:24:10Z] #88 attempt=1/2 status=200 1.292s url=https://www.myfonts.com/collections/climber-font-alpercakici/?tab=techSpecs
[2026-04-20T08:24:12Z] #89 attempt=1/2 status=200 0.618s url=https://www.myfonts.com/products/midgard-complete-family-package-1136014
[2026-04-20T08:24:13Z] #90 attempt=1/2 status=200 0.695s url=https://www.myfonts.com/collections/midgard-font-alpercakici/
[2026-04-20T08:24:14Z] #91 attempt=1/2 status=200 1.029s url=https://www.myfonts.com/collections/midgard-font-alpercakici/?tab=techSpecs
[2026-04-20T08:24:15Z] #92 attempt=1/2 status=200 0.314s url=https://www.myfonts.com/products/limit-text-variable-concept-complete-family-package-1135720
[2026-04-20T08:24:16Z] #93 attempt=1/2 status=200 0.553s url=https://www.myfonts.com/collections/limit-text-variable-concept-font-bold-guystm/
[2026-04-20T08:24:17Z] #94 attempt=1/2 status=200 0.246s url=https://www.myfonts.com/collections/limit-text-variable-concept-font-bold-guystm/?tab=techSpecs
[2026-04-20T08:24:19Z] #95 attempt=1/6 status=200 0.683s url=https://www.myfonts.com/products.json?limit=100&page=3
[2026-04-20T08:24:20Z] #96 attempt=1/6 status=200 0.828s url=https://www.myfonts.com/products.json?limit=100&page=4
[2026-04-20T08:24:22Z] #97 attempt=1/6 status=200 0.940s url=https://www.myfonts.com/products.json?limit=100&page=5
[2026-04-20T08:24:23Z] #98 attempt=1/2 status=200 0.470s url=https://www.myfonts.com/products/loceane-complete-family-package-1135652
[2026-04-20T08:24:23Z] #99 attempt=1/2 status=200 0.481s url=https://www.myfonts.com/collections/loceane-font-mirachma/
[2026-04-20T08:24:24Z] #100 attempt=1/2 status=200 0.146s url=https://www.myfonts.com/collections/loceane-font-mirachma/?tab=techSpecs
[2026-04-20T08:24:25Z] #101 attempt=1/2 status=200 0.371s url=https://www.myfonts.com/products/angusta-complete-family-package-1135639
[2026-04-20T08:24:26Z] #102 attempt=1/2 status=200 0.625s url=https://www.myfonts.com/collections/angusta-font-the-northern-block/
[2026-04-20T08:24:27Z] #103 attempt=1/2 status=200 0.685s url=https://www.myfonts.com/collections/angusta-font-the-northern-block/?tab=techSpecs
[2026-04-20T08:24:28Z] #104 attempt=1/2 status=200 0.432s url=https://www.myfonts.com/products/regular-label-machine-1135709
[2026-04-20T08:24:29Z] #105 attempt=1/2 status=200 0.378s url=https://www.myfonts.com/collections/label-machine-font-jeff-levine/
[2026-04-20T08:24:29Z] #106 attempt=1/2 status=200 0.324s url=https://www.myfonts.com/collections/label-machine-font-jeff-levine/?tab=techSpecs
[2026-04-20T08:24:31Z] #107 attempt=1/2 status=200 0.981s url=https://www.myfonts.com/products/modern-elegance-set-package-1135710
[2026-04-20T08:24:31Z] #108 attempt=1/2 status=404 0.201s url=https://www.myfonts.com/collections/modern-elegance-set-font-fontop
[2026-04-20T08:24:32Z] #109 attempt=1/2 status=200 1.016s url=https://www.myfonts.com/products/thinkdust-nanami-font-bundle-package-857723
[2026-04-20T08:24:33Z] #110 attempt=1/2 status=404 0.204s url=https://www.myfonts.com/collections/thinkdust-nanami-font-bundle-font-hyperfluro
[2026-04-20T08:24:33Z] #111 attempt=1/2 status=200 0.357s url=https://www.myfonts.com/products/the-divine-font-bundle-package-945588
[2026-04-20T08:24:34Z] #112 attempt=1/2 status=404 0.197s url=https://www.myfonts.com/collections/the-divine-font-bundle-font-hyperfluro
[2026-04-20T08:24:35Z] #113 attempt=1/2 status=200 0.981s url=https://www.myfonts.com/products/eighty-killer-fonts-one-insane-deal-package-1022813
[2026-04-20T08:24:36Z] #114 attempt=1/2 status=404 0.192s url=https://www.myfonts.com/collections/eighty-killer-fonts-one-insane-deal-font-hyperfluro
[2026-04-20T08:24:36Z] #115 attempt=1/2 status=200 0.711s url=https://www.myfonts.com/products/the-ultimate-font-bundle-for-bold-statements-package-1023030
[2026-04-20T08:24:37Z] #116 attempt=1/2 status=404 0.197s url=https://www.myfonts.com/collections/the-ultimate-font-bundle-for-bold-statements-font-hyperfluro
[2026-04-20T08:24:38Z] #117 attempt=1/2 status=200 0.507s url=https://www.myfonts.com/products/the-cyberpunk-bundle-package-945589
[2026-04-20T08:24:38Z] #118 attempt=1/2 status=404 0.173s url=https://www.myfonts.com/collections/the-cyberpunk-bundle-font-hyperfluro
[2026-04-20T08:24:39Z] #119 attempt=1/2 status=200 1.123s url=https://www.myfonts.com/products/workhorse-pro-bundle-package-1023031
[2026-04-20T08:24:40Z] #120 attempt=1/2 status=404 0.188s url=https://www.myfonts.com/collections/workhorse-pro-bundle-font-hyperfluro
[2026-04-20T08:24:41Z] #121 attempt=1/2 status=200 0.754s url=https://www.myfonts.com/products/ultimate-font-bundle-package-1003954
[2026-04-20T08:24:41Z] #122 attempt=1/2 status=404 0.287s url=https://www.myfonts.com/collections/ultimate-font-bundle-font-hyperfluro
[2026-04-20T08:24:42Z] #123 attempt=1/2 status=200 0.536s url=https://www.myfonts.com/products/111-font-bundle-package-951499
[2026-04-20T08:24:42Z] #124 attempt=1/2 status=404 0.176s url=https://www.myfonts.com/collections/111-font-bundle-font-hyperfluro
[2026-04-20T08:24:43Z] #125 attempt=1/2 status=200 0.503s url=https://www.myfonts.com/products/thinkdust-nanami-font-bundle-package-863063
[2026-04-20T08:24:44Z] #126 attempt=1/2 status=404 0.249s url=https://www.myfonts.com/collections/thinkdust-nanami-font-bundle-font-hyperfluro
[2026-04-20T08:24:45Z] #127 attempt=1/2 status=200 0.850s url=https://www.myfonts.com/products/1-week-wonder-font-bundle-package-1022814
[2026-04-20T08:24:45Z] #128 attempt=1/2 status=404 0.256s url=https://www.myfonts.com/collections/1-week-wonder-font-bundle-font-hyperfluro
[2026-04-20T08:24:47Z] #129 attempt=1/2 status=200 1.307s url=https://www.myfonts.com/products/modern-duo-package-1135657
[2026-04-20T08:24:47Z] #130 attempt=1/2 status=404 0.194s url=https://www.myfonts.com/collections/modern-duo-font-fontop
[2026-04-20T08:24:48Z] #131 attempt=1/6 status=200 0.799s url=https://www.myfonts.com/products.json?limit=100&page=6
[2026-04-20T08:24:50Z] #132 attempt=1/2 status=200 1.152s url=https://www.myfonts.com/products/humanist-package-992336
[2026-04-20T08:24:50Z] #133 attempt=1/2 status=404 0.245s url=https://www.myfonts.com/collections/humanist-font-the-northern-block
[2026-04-20T08:24:51Z] #134 attempt=1/2 status=200 0.419s url=https://www.myfonts.com/products/wionah-fellow-complete-family-package-1134902
[2026-04-20T08:24:52Z] #135 attempt=1/2 status=200 0.560s url=https://www.myfonts.com/collections/wionah-fellow-font-tini-fitriani/
[2026-04-20T08:24:52Z] #136 attempt=1/2 status=200 0.164s url=https://www.myfonts.com/collections/wionah-fellow-font-tini-fitriani/?tab=techSpecs
[2026-04-20T08:24:53Z] #137 attempt=1/2 status=200 0.405s url=https://www.myfonts.com/products/curlish-complete-family-package-1135220
[2026-04-20T08:24:54Z] #138 attempt=1/2 status=200 0.434s url=https://www.myfonts.com/collections/curlish-font-cocodesign/
[2026-04-20T08:24:55Z] #139 attempt=1/2 status=200 0.564s url=https://www.myfonts.com/collections/curlish-font-cocodesign/?tab=techSpecs
[2026-04-20T08:24:56Z] #140 attempt=1/2 status=200 0.357s url=https://www.myfonts.com/products/joyfair-complete-family-package-1135216
[2026-04-20T08:24:57Z] #141 attempt=1/2 status=200 0.720s url=https://www.myfonts.com/collections/joyfair-font-nathatype/
[2026-04-20T08:24:58Z] #142 attempt=1/2 status=200 0.609s url=https://www.myfonts.com/collections/joyfair-font-nathatype/?tab=techSpecs
[2026-04-20T08:25:00Z] #143 attempt=1/2 status=200 1.427s url=https://www.myfonts.com/products/standard-package-1134898
[2026-04-20T08:25:02Z] #144 attempt=1/2 status=200 1.695s url=https://www.myfonts.com/collections/bruchey-font-fargun-studio/
[2026-04-20T08:25:05Z] #145 attempt=1/2 status=200 1.888s url=https://www.myfonts.com/collections/bruchey-font-fargun-studio/?tab=techSpecs
[2026-04-20T08:25:06Z] #146 attempt=1/2 status=200 0.333s url=https://www.myfonts.com/products/cavella-society-complete-family-package-1135353
[2026-04-20T08:25:07Z] #147 attempt=1/2 status=200 0.549s url=https://www.myfonts.com/collections/cavella-society-font-black-junst/
[2026-04-20T08:25:08Z] #148 attempt=1/2 status=200 0.537s url=https://www.myfonts.com/collections/cavella-society-font-black-junst/?tab=techSpecs
[2026-04-20T08:25:10Z] #149 attempt=1/2 status=200 1.000s url=https://www.myfonts.com/products/sandport-complete-family-package-1135510
[2026-04-20T08:25:11Z] #150 attempt=1/2 status=200 1.379s url=https://www.myfonts.com/collections/sandport-font-district-62-studio/
[2026-04-20T08:25:12Z] #151 attempt=1/2 status=200 0.167s url=https://www.myfonts.com/collections/sandport-font-district-62-studio/?tab=techSpecs
[2026-04-20T08:25:13Z] #152 attempt=1/2 status=200 0.452s url=https://www.myfonts.com/products/geshing-complete-family-package-1135579
[2026-04-20T08:25:14Z] #153 attempt=1/2 status=200 0.982s url=https://www.myfonts.com/collections/geshing-font-syafbe/
[2026-04-20T08:25:16Z] #154 attempt=1/2 status=200 1.117s url=https://www.myfonts.com/collections/geshing-font-syafbe/?tab=techSpecs
[2026-04-20T08:25:17Z] #155 attempt=1/2 status=200 0.335s url=https://www.myfonts.com/products/melted-donuts-complete-family-package-1135511
[2026-04-20T08:25:18Z] #156 attempt=1/2 status=200 0.609s url=https://www.myfonts.com/collections/melted-donuts-font-letterafandi-studio/
[2026-04-20T08:25:19Z] #157 attempt=1/2 status=200 0.521s url=https://www.myfonts.com/collections/melted-donuts-font-letterafandi-studio/?tab=techSpecs
[2026-04-20T08:25:20Z] #158 attempt=1/2 status=200 0.344s url=https://www.myfonts.com/products/sora-carnel-complete-family-package-1134797
[2026-04-20T08:25:21Z] #159 attempt=1/2 status=200 0.441s url=https://www.myfonts.com/collections/sora-carnel-font-vermilione/
[2026-04-20T08:25:21Z] #160 attempt=1/2 status=200 0.453s url=https://www.myfonts.com/collections/sora-carnel-font-vermilione/?tab=techSpecs
[2026-04-20T08:25:23Z] #161 attempt=1/2 status=200 0.384s url=https://www.myfonts.com/products/raban-complete-family-package-1134791
[2026-04-20T08:25:24Z] #162 attempt=1/2 status=200 0.620s url=https://www.myfonts.com/collections/raban-font-borutta/
[2026-04-20T08:25:24Z] #163 attempt=1/2 status=200 0.601s url=https://www.myfonts.com/collections/raban-font-borutta/?tab=techSpecs
[2026-04-20T08:25:26Z] #164 attempt=1/2 status=200 0.415s url=https://www.myfonts.com/products/warfield-complete-family-package-1135234
[2026-04-20T08:25:27Z] #165 attempt=1/2 status=200 0.805s url=https://www.myfonts.com/collections/warfield-font-defharo/
[2026-04-20T08:25:28Z] #166 attempt=1/2 status=200 0.833s url=https://www.myfonts.com/collections/warfield-font-defharo/?tab=techSpecs
[2026-04-20T08:25:30Z] #167 attempt=1/2 status=200 0.571s url=https://www.myfonts.com/products/blue-cosmic-complete-family-package-1134800
[2026-04-20T08:25:31Z] #168 attempt=1/2 status=200 0.456s url=https://www.myfonts.com/collections/blue-cosmic-font-font-liner/
[2026-04-20T08:25:32Z] #169 attempt=1/2 status=200 0.735s url=https://www.myfonts.com/collections/blue-cosmic-font-font-liner/?tab=techSpecs
[2026-04-20T08:25:33Z] #170 attempt=1/2 status=200 0.372s url=https://www.myfonts.com/products/plumgumty-complete-family-package-1135559
[2026-04-20T08:25:34Z] #171 attempt=1/2 status=200 0.636s url=https://www.myfonts.com/collections/plumgumty-font-rashdrawn/
[2026-04-20T08:25:35Z] #172 attempt=1/2 status=200 0.778s url=https://www.myfonts.com/collections/plumgumty-font-rashdrawn/?tab=techSpecs
[2026-04-20T08:25:36Z] #173 attempt=1/2 status=200 0.367s url=https://www.myfonts.com/products/violetta-estrada-complete-family-package-1135225
[2026-04-20T08:25:37Z] #174 attempt=1/2 status=200 0.647s url=https://www.myfonts.com/collections/violetta-estrada-font-qweera-studio/
[2026-04-20T08:25:38Z] #175 attempt=1/2 status=200 0.488s url=https://www.myfonts.com/collections/violetta-estrada-font-qweera-studio/?tab=techSpecs
[2026-04-20T08:25:39Z] #176 attempt=1/2 status=200 0.400s url=https://www.myfonts.com/products/pn-harpischord-complete-family-package-1135474
[2026-04-20T08:25:40Z] #177 attempt=1/2 status=200 0.704s url=https://www.myfonts.com/collections/pn-harpischord-font-lettering-delights/
[2026-04-20T08:25:41Z] #178 attempt=1/2 status=200 0.627s url=https://www.myfonts.com/collections/pn-harpischord-font-lettering-delights/?tab=techSpecs
[2026-04-20T08:25:42Z] #179 attempt=1/2 status=200 0.374s url=https://www.myfonts.com/products/atherna-complete-family-package-1135487
[2026-04-20T08:25:43Z] #180 attempt=1/2 status=200 0.470s url=https://www.myfonts.com/collections/atherna-font-burntilldead/
[2026-04-20T08:25:44Z] #181 attempt=1/2 status=200 0.577s url=https://www.myfonts.com/collections/atherna-font-burntilldead/?tab=techSpecs
[2026-04-20T08:25:45Z] #182 attempt=1/2 status=200 0.376s url=https://www.myfonts.com/products/blah-blah-upper-complete-family-package-1135628
[2026-04-20T08:25:46Z] #183 attempt=1/2 status=200 0.683s url=https://www.myfonts.com/collections/blah-blah-upper-font-comicraft/
[2026-04-20T08:25:47Z] #184 attempt=1/2 status=200 0.540s url=https://www.myfonts.com/collections/blah-blah-upper-font-comicraft/?tab=techSpecs
[2026-04-20T08:25:48Z] #185 attempt=1/2 status=200 0.734s url=https://www.myfonts.com/products/version-c-package-1134789
[2026-04-20T08:25:51Z] #186 attempt=1/2 status=200 2.006s url=https://www.myfonts.com/collections/version-t-font-pizzatypefaces/
[2026-04-20T08:25:53Z] #187 attempt=1/2 status=200 1.824s url=https://www.myfonts.com/collections/version-t-font-pizzatypefaces/?tab=techSpecs
[2026-04-20T08:25:54Z] #188 attempt=1/2 status=200 0.456s url=https://www.myfonts.com/products/perfect-roman-complete-family-package-1135615
[2026-04-20T08:25:55Z] #189 attempt=1/2 status=200 0.604s url=https://www.myfonts.com/collections/perfect-roman-font-flanker/
[2026-04-20T08:25:56Z] #190 attempt=1/2 status=200 0.688s url=https://www.myfonts.com/collections/perfect-roman-font-flanker/?tab=techSpecs
[2026-04-20T08:25:58Z] #191 attempt=1/2 status=200 0.493s url=https://www.myfonts.com/products/pn-beautimous-complete-family-package-1135459
[2026-04-20T08:25:59Z] #192 attempt=1/2 status=200 0.823s url=https://www.myfonts.com/collections/pn-beautimous-font-lettering-delights/
[2026-04-20T08:26:00Z] #193 attempt=1/2 status=200 0.759s url=https://www.myfonts.com/collections/pn-beautimous-font-lettering-delights/?tab=techSpecs
[2026-04-20T08:26:01Z] #194 attempt=1/2 status=200 0.766s url=https://www.myfonts.com/products/rosy-meadow-complete-family-package-1134908
[2026-04-20T08:26:02Z] #195 attempt=1/2 status=200 0.610s url=https://www.myfonts.com/collections/rosy-meadow-font-shanaf/
[2026-04-20T08:26:03Z] #196 attempt=1/2 status=200 0.451s url=https://www.myfonts.com/collections/rosy-meadow-font-shanaf/?tab=techSpecs
[2026-04-20T08:26:04Z] #197 attempt=1/2 status=200 0.522s url=https://www.myfonts.com/products/dreamy-glitter-complete-family-package-1135210
[2026-04-20T08:26:05Z] #198 attempt=1/2 status=200 0.606s url=https://www.myfonts.com/collections/dreamy-glitter-font-rashdrawn/
[2026-04-20T08:26:06Z] #199 attempt=1/2 status=200 0.154s url=https://www.myfonts.com/collections/dreamy-glitter-font-rashdrawn/?tab=techSpecs
[2026-04-20T08:26:07Z] #200 attempt=1/2 status=200 0.472s url=https://www.myfonts.com/products/ragu-complete-family-package-1135023
[2026-04-20T08:26:08Z] #201 attempt=1/2 status=200 0.681s url=https://www.myfonts.com/collections/ragu-font-nova-type-foundry/
[2026-04-20T08:26:09Z] #202 attempt=1/2 status=200 0.676s url=https://www.myfonts.com/collections/ragu-font-nova-type-foundry/?tab=techSpecs
[2026-04-20T08:26:10Z] #203 attempt=1/2 status=200 0.429s url=https://www.myfonts.com/products/clusty-complete-family-package-1135501
[2026-04-20T08:26:11Z] #204 attempt=1/2 status=200 0.762s url=https://www.myfonts.com/collections/clusty-font-ragamkata/
[2026-04-20T08:26:12Z] #205 attempt=1/2 status=200 0.494s url=https://www.myfonts.com/collections/clusty-font-ragamkata/?tab=techSpecs
[2026-04-20T08:26:14Z] #206 attempt=1/2 status=200 0.900s url=https://www.myfonts.com/products/kornesia-complete-family-package-1135356
[2026-04-20T08:26:16Z] #207 attempt=1/2 status=200 1.614s url=https://www.myfonts.com/collections/kornesia-font-mantype-studio/
[2026-04-20T08:26:18Z] #208 attempt=1/2 status=200 1.421s url=https://www.myfonts.com/collections/kornesia-font-mantype-studio/?tab=techSpecs
[2026-04-20T08:26:19Z] #209 attempt=1/2 status=200 0.332s url=https://www.myfonts.com/products/georgia-praline-script-complete-family-package-1135506
[2026-04-20T08:26:20Z] #210 attempt=1/2 status=200 0.518s url=https://www.myfonts.com/collections/georgia-praline-script-font-font-liner/
[2026-04-20T08:26:21Z] #211 attempt=1/2 status=200 0.662s url=https://www.myfonts.com/collections/georgia-praline-script-font-font-liner/?tab=techSpecs
[2026-04-20T08:26:22Z] #212 attempt=1/2 status=200 0.454s url=https://www.myfonts.com/products/zp-red-roses-complete-family-package-1135448
[2026-04-20T08:26:23Z] #213 attempt=1/2 status=200 0.565s url=https://www.myfonts.com/collections/zp-red-roses-font-lettering-delights/
[2026-04-20T08:26:24Z] #214 attempt=1/2 status=200 0.558s url=https://www.myfonts.com/collections/zp-red-roses-font-lettering-delights/?tab=techSpecs
[2026-04-20T08:26:25Z] #215 attempt=1/2 status=200 0.386s url=https://www.myfonts.com/products/huffleheim-complete-family-package-1135228
[2026-04-20T08:26:26Z] #216 attempt=1/2 status=200 0.575s url=https://www.myfonts.com/collections/huffleheim-font-qweera-studio/
[2026-04-20T08:26:27Z] #217 attempt=1/2 status=200 0.671s url=https://www.myfonts.com/collections/huffleheim-font-qweera-studio/?tab=techSpecs
[2026-04-20T08:26:29Z] #218 attempt=1/2 status=200 0.709s url=https://www.myfonts.com/products/screwby-complete-family-package-1118856
[2026-04-20T08:26:30Z] #219 attempt=1/2 status=200 0.774s url=https://www.myfonts.com/collections/screwby-font-pink-broccoli/
[2026-04-20T08:26:30Z] #220 attempt=1/2 status=200 0.150s url=https://www.myfonts.com/collections/screwby-font-pink-broccoli/?tab=techSpecs
[2026-04-20T08:26:32Z] #221 attempt=1/2 status=200 0.423s url=https://www.myfonts.com/products/yinderia-complete-family-package-1135493
[2026-04-20T08:26:32Z] #222 attempt=1/2 status=200 0.444s url=https://www.myfonts.com/collections/yinderia-font-tini-fitriani/
[2026-04-20T08:26:33Z] #223 attempt=1/2 status=200 0.205s url=https://www.myfonts.com/collections/yinderia-font-tini-fitriani/?tab=techSpecs
[2026-04-20T08:26:34Z] #224 attempt=1/2 status=200 0.409s url=https://www.myfonts.com/products/segalys-complete-family-package-1134723
[2026-04-20T08:26:35Z] #225 attempt=1/2 status=200 0.503s url=https://www.myfonts.com/collections/segalys-font-enfeeltype/
[2026-04-20T08:26:36Z] #226 attempt=1/2 status=200 0.755s url=https://www.myfonts.com/collections/segalys-font-enfeeltype/?tab=techSpecs
[2026-04-20T08:26:37Z] #227 attempt=1/2 status=200 0.493s url=https://www.myfonts.com/products/exatron-complete-family-package-1135599
[2026-04-20T08:26:38Z] #228 attempt=1/2 status=200 0.581s url=https://www.myfonts.com/collections/exatron-font-hipfonts/
[2026-04-20T08:26:38Z] #229 attempt=1/2 status=200 0.159s url=https://www.myfonts.com/collections/exatron-font-hipfonts/?tab=techSpecs
[2026-04-20T08:26:40Z] #230 attempt=1/2 status=200 0.333s url=https://www.myfonts.com/products/maison-veloria-complete-family-package-1134912
[2026-04-20T08:26:41Z] #231 attempt=1/2 status=200 0.583s url=https://www.myfonts.com/collections/maison-veloria-font-shanaf/
[2026-04-20T08:26:41Z] #232 attempt=1/2 status=200 0.565s url=https://www.myfonts.com/collections/maison-veloria-font-shanaf/?tab=techSpecs
[2026-04-20T08:26:43Z] #233 attempt=1/2 status=200 0.614s url=https://www.myfonts.com/products/mexican-brotherhood-complete-family-package-1135350
[2026-04-20T08:26:44Z] #234 attempt=1/2 status=200 0.655s url=https://www.myfonts.com/collections/mexican-brotherhood-font-woodcutter/
[2026-04-20T08:26:45Z] #235 attempt=1/2 status=200 0.452s url=https://www.myfonts.com/collections/mexican-brotherhood-font-woodcutter/?tab=techSpecs
[2026-04-20T08:26:46Z] #236 attempt=1/2 status=200 0.374s url=https://www.myfonts.com/products/morally-northern-complete-family-package-1135497
[2026-04-20T08:26:46Z] #237 attempt=1/2 status=200 0.398s url=https://www.myfonts.com/collections/morally-northern-font-marvadesign/
[2026-04-20T08:26:47Z] #238 attempt=1/2 status=200 0.510s url=https://www.myfonts.com/collections/morally-northern-font-marvadesign/?tab=techSpecs
[2026-04-20T08:26:48Z] #239 attempt=1/2 status=200 0.330s url=https://www.myfonts.com/products/gelgira-complete-family-package-1135231
[2026-04-20T08:26:49Z] #240 attempt=1/2 status=200 0.384s url=https://www.myfonts.com/collections/gelgira-font-qweera-studio/
[2026-04-20T08:26:50Z] #241 attempt=1/2 status=200 0.502s url=https://www.myfonts.com/collections/gelgira-font-qweera-studio/?tab=techSpecs
[2026-04-20T08:26:51Z] #242 attempt=1/2 status=200 0.453s url=https://www.myfonts.com/products/hint-complete-family-package-1135315
[2026-04-20T08:26:52Z] #243 attempt=1/2 status=200 0.710s url=https://www.myfonts.com/collections/hint-font-paratype/
[2026-04-20T08:26:53Z] #244 attempt=1/2 status=200 0.727s url=https://www.myfonts.com/collections/hint-font-paratype/?tab=techSpecs
[2026-04-20T08:26:55Z] #245 attempt=1/2 status=200 0.979s url=https://www.myfonts.com/products/circular-brush-quareg-1134923
[2026-04-20T08:26:57Z] #246 attempt=1/2 status=200 1.532s url=https://www.myfonts.com/collections/quareg-font-alpercakici/
[2026-04-20T08:26:58Z] #247 attempt=1/2 status=200 0.222s url=https://www.myfonts.com/collections/quareg-font-alpercakici/?tab=techSpecs
[2026-04-20T08:26:59Z] #248 attempt=1/2 status=200 0.558s url=https://www.myfonts.com/products/rough-italic-rochia-1135257
[2026-04-20T08:27:00Z] #249 attempt=1/2 status=200 0.734s url=https://www.myfonts.com/collections/rochia-font-alpercakici/
[2026-04-20T08:27:01Z] #250 attempt=1/2 status=200 0.161s url=https://www.myfonts.com/collections/rochia-font-alpercakici/?tab=techSpecs
[2026-04-20T08:27:03Z] #251 attempt=1/2 status=200 0.915s url=https://www.myfonts.com/products/circular-outline-italic-transform-1135137
[2026-04-20T08:27:04Z] #252 attempt=1/2 status=200 1.425s url=https://www.myfonts.com/collections/transform-font-alpercakici/
[2026-04-20T08:27:06Z] #253 attempt=1/2 status=200 1.056s url=https://www.myfonts.com/collections/transform-font-alpercakici/?tab=techSpecs
[2026-04-20T08:27:08Z] #254 attempt=1/2 status=200 0.477s url=https://www.myfonts.com/products/brush-charro-1135291
[2026-04-20T08:27:09Z] #255 attempt=1/2 status=200 0.807s url=https://www.myfonts.com/collections/charro-font-alpercakici/
[2026-04-20T08:27:10Z] #256 attempt=1/2 status=200 0.627s url=https://www.myfonts.com/collections/charro-font-alpercakici/?tab=techSpecs
[2026-04-20T08:27:12Z] #257 attempt=1/2 status=200 0.724s url=https://www.myfonts.com/products/compressed-light-italic-forley-micro-1135073
[2026-04-20T08:27:13Z] #258 attempt=1/2 status=200 0.696s url=https://www.myfonts.com/collections/forley-micro-font-monotype-imaging/
[2026-04-20T08:27:14Z] #259 attempt=1/2 status=200 0.816s url=https://www.myfonts.com/collections/forley-micro-font-monotype-imaging/?tab=techSpecs
[2026-04-20T08:27:15Z] #260 attempt=1/2 status=200 0.384s url=https://www.myfonts.com/products/semibold-baga-1135019
[2026-04-20T08:27:16Z] #261 attempt=1/2 status=200 0.544s url=https://www.myfonts.com/collections/baga-font-nova-type-foundry/
[2026-04-20T08:27:16Z] #262 attempt=1/2 status=200 0.177s url=https://www.myfonts.com/collections/baga-font-nova-type-foundry/?tab=techSpecs
[2026-04-20T08:27:18Z] #263 attempt=1/2 status=200 0.329s url=https://www.myfonts.com/products/regular-cynthera-grace-1134729
[2026-04-20T08:27:18Z] #264 attempt=1/2 status=200 0.335s url=https://www.myfonts.com/collections/cynthera-grace-font-qiubare-studio/
[2026-04-20T08:27:19Z] #265 attempt=1/2 status=200 0.281s url=https://www.myfonts.com/collections/cynthera-grace-font-qiubare-studio/?tab=techSpecs
[2026-04-20T08:27:21Z] #266 attempt=1/6 status=200 0.771s url=https://www.myfonts.com/products.json?limit=100&page=7
[2026-04-20T08:27:21Z] #267 attempt=1/2 status=200 0.284s url=https://www.myfonts.com/products/rinaz-regular-rinaz-1134831
[2026-04-20T08:27:22Z] #268 attempt=1/2 status=200 0.339s url=https://www.myfonts.com/collections/rinaz-font-razetype/
[2026-04-20T08:27:22Z] #269 attempt=1/2 status=200 0.300s url=https://www.myfonts.com/collections/rinaz-font-razetype/?tab=techSpecs
[2026-04-20T08:27:23Z] #270 attempt=1/2 status=200 0.351s url=https://www.myfonts.com/products/regular-cursive-amber-1134731
[2026-04-20T08:27:24Z] #271 attempt=1/2 status=200 0.334s url=https://www.myfonts.com/collections/cursive-amber-font-timurtype/
[2026-04-20T08:27:24Z] #272 attempt=1/2 status=200 0.456s url=https://www.myfonts.com/collections/cursive-amber-font-timurtype/?tab=techSpecs
[2026-04-20T08:27:25Z] #273 attempt=1/2 status=200 0.368s url=https://www.myfonts.com/products/regular-ocean-brezze-1134911
[2026-04-20T08:27:26Z] #274 attempt=1/2 status=200 0.337s url=https://www.myfonts.com/collections/ocean-brezze-font-shanaf/
[2026-04-20T08:27:26Z] #275 attempt=1/2 status=200 0.153s url=https://www.myfonts.com/collections/ocean-brezze-font-shanaf/?tab=techSpecs
[2026-04-20T08:27:27Z] #276 attempt=1/2 status=200 0.318s url=https://www.myfonts.com/products/regular-eriko-1135490
[2026-04-20T08:27:28Z] #277 attempt=1/2 status=200 0.358s url=https://www.myfonts.com/collections/eriko-font-sensatype-studio/
[2026-04-20T08:27:28Z] #278 attempt=1/2 status=200 0.356s url=https://www.myfonts.com/collections/eriko-font-sensatype-studio/?tab=techSpecs
[2026-04-20T08:27:30Z] #279 attempt=1/6 status=200 0.698s url=https://www.myfonts.com/products.json?limit=100&page=8
[2026-04-20T08:27:31Z] #280 attempt=1/2 status=200 0.496s url=https://www.myfonts.com/products/regular-bone-alchemy-1135609
[2026-04-20T08:27:31Z] #281 attempt=1/2 status=200 0.323s url=https://www.myfonts.com/collections/bone-alchemy-font-hipfonts/
[2026-04-20T08:27:32Z] #282 attempt=1/2 status=200 0.343s url=https://www.myfonts.com/collections/bone-alchemy-font-hipfonts/?tab=techSpecs
[2026-04-20T08:27:33Z] #283 attempt=1/2 status=200 0.306s url=https://www.myfonts.com/products/regular-rebel-college-script-1135500
[2026-04-20T08:27:33Z] #284 attempt=1/2 status=200 0.346s url=https://www.myfonts.com/collections/rebel-college-script-font-mvmet/
[2026-04-20T08:27:34Z] #285 attempt=1/2 status=200 0.182s url=https://www.myfonts.com/collections/rebel-college-script-font-mvmet/?tab=techSpecs
[2026-04-20T08:27:35Z] #286 attempt=1/2 status=200 0.431s url=https://www.myfonts.com/products/regular-aroin-1135010
[2026-04-20T08:27:35Z] #287 attempt=1/2 status=200 0.401s url=https://www.myfonts.com/collections/aroin-font-pandeka-studio/
[2026-04-20T08:27:36Z] #288 attempt=1/2 status=200 0.304s url=https://www.myfonts.com/collections/aroin-font-pandeka-studio/?tab=techSpecs
[2026-04-20T08:27:38Z] #289 attempt=1/6 status=200 0.809s url=https://www.myfonts.com/products.json?limit=100&page=9
[2026-04-20T08:27:38Z] #290 attempt=1/2 status=200 0.390s url=https://www.myfonts.com/products/regular-zesto-1134905
[2026-04-20T08:27:39Z] #291 attempt=1/2 status=200 0.376s url=https://www.myfonts.com/collections/zesto-font-shanaf/
[2026-04-20T08:27:39Z] #292 attempt=1/2 status=200 0.146s url=https://www.myfonts.com/collections/zesto-font-shanaf/?tab=techSpecs
[2026-04-20T08:27:40Z] #293 attempt=1/2 status=200 0.390s url=https://www.myfonts.com/products/regular-curlicue-garden-1135219
[2026-04-20T08:27:41Z] #294 attempt=1/2 status=200 0.269s url=https://www.myfonts.com/collections/curlicue-garden-font-denustudio/
[2026-04-20T08:27:41Z] #295 attempt=1/2 status=200 0.144s url=https://www.myfonts.com/collections/curlicue-garden-font-denustudio/?tab=techSpecs
[2026-04-20T08:27:42Z] #296 attempt=1/2 status=200 0.353s url=https://www.myfonts.com/products/regular-roselife-1135215
[2026-04-20T08:27:42Z] #297 attempt=1/2 status=200 0.250s url=https://www.myfonts.com/collections/roselife-font-nathatype/
[2026-04-20T08:27:43Z] #298 attempt=1/2 status=200 0.145s url=https://www.myfonts.com/collections/roselife-font-nathatype/?tab=techSpecs
[2026-04-20T08:27:44Z] #299 attempt=1/2 status=200 0.377s url=https://www.myfonts.com/products/regular-venom-voltage-1135610
[2026-04-20T08:27:45Z] #300 attempt=1/2 status=200 0.372s url=https://www.myfonts.com/collections/venom-voltage-font-hipfonts/
[2026-04-20T08:27:45Z] #301 attempt=1/2 status=200 0.324s url=https://www.myfonts.com/collections/venom-voltage-font-hipfonts/?tab=techSpecs
[2026-04-20T08:27:46Z] #302 attempt=1/2 status=200 0.351s url=https://www.myfonts.com/products/regular-nocpro-1135491
[2026-04-20T08:27:46Z] #303 attempt=1/2 status=200 0.290s url=https://www.myfonts.com/collections/nocpro-font-tini-fitriani/
[2026-04-20T08:27:47Z] #304 attempt=1/2 status=200 0.159s url=https://www.myfonts.com/collections/nocpro-font-tini-fitriani/?tab=techSpecs
[2026-04-20T08:27:48Z] #305 attempt=1/6 status=200 0.697s url=https://www.myfonts.com/products.json?limit=100&page=10
[2026-04-20T08:27:49Z] #306 attempt=1/2 status=200 0.338s url=https://www.myfonts.com/products/regular-crustte-bubbly-1134901
[2026-04-20T08:27:50Z] #307 attempt=1/2 status=200 0.297s url=https://www.myfonts.com/collections/crustte-bubbly-font-tini-fitriani/
[2026-04-20T08:27:50Z] #308 attempt=1/2 status=200 0.156s url=https://www.myfonts.com/collections/crustte-bubbly-font-tini-fitriani/?tab=techSpecs
[2026-04-20T08:27:51Z] #309 attempt=1/2 status=200 0.454s url=https://www.myfonts.com/products/regular-zelqa-1134730
[2026-04-20T08:27:52Z] #310 attempt=1/2 status=200 0.357s url=https://www.myfonts.com/collections/zelqa-font-zaain-type/
[2026-04-20T08:27:52Z] #311 attempt=1/2 status=200 0.339s url=https://www.myfonts.com/collections/zelqa-font-zaain-type/?tab=techSpecs
[2026-04-20T08:27:53Z] #312 attempt=1/2 status=200 0.313s url=https://www.myfonts.com/products/regular-luxmont-1135598
[2026-04-20T08:27:54Z] #313 attempt=1/2 status=200 0.409s url=https://www.myfonts.com/collections/luxmont-font-hipfonts/
[2026-04-20T08:27:54Z] #314 attempt=1/2 status=200 0.219s url=https://www.myfonts.com/collections/luxmont-font-hipfonts/?tab=techSpecs
[2026-04-20T08:27:56Z] #315 attempt=1/6 status=200 0.665s url=https://www.myfonts.com/products.json?limit=100&page=11
[2026-04-20T08:27:56Z] #316 attempt=1/2 status=200 0.303s url=https://www.myfonts.com/products/regular-bristleon-1135209
[2026-04-20T08:27:57Z] #317 attempt=1/2 status=200 0.355s url=https://www.myfonts.com/collections/bristleon-font-rhd-creative/
[2026-04-20T08:27:57Z] #318 attempt=1/2 status=200 0.319s url=https://www.myfonts.com/collections/bristleon-font-rhd-creative/?tab=techSpecs
[2026-04-20T08:27:58Z] #319 attempt=1/2 status=200 0.286s url=https://www.myfonts.com/products/regular-neumonics-1134893
[2026-04-20T08:27:59Z] #320 attempt=1/2 status=200 0.337s url=https://www.myfonts.com/collections/neumonics-font-zamjump/
[2026-04-20T08:27:59Z] #321 attempt=1/2 status=200 0.175s url=https://www.myfonts.com/collections/neumonics-font-zamjump/?tab=techSpecs
[2026-04-20T08:28:00Z] #322 attempt=1/2 status=200 0.297s url=https://www.myfonts.com/products/regular-summer-rhythm-1134907
[2026-04-20T08:28:01Z] #323 attempt=1/2 status=200 0.307s url=https://www.myfonts.com/collections/summer-rhythm-font-shanaf/
[2026-04-20T08:28:02Z] #324 attempt=1/2 status=200 0.340s url=https://www.myfonts.com/collections/summer-rhythm-font-shanaf/?tab=techSpecs
[2026-04-20T08:28:02Z] #325 attempt=1/2 status=200 0.295s url=https://www.myfonts.com/products/regular-vintage-runner-1134906
[2026-04-20T08:28:03Z] #326 attempt=1/2 status=200 0.326s url=https://www.myfonts.com/collections/vintage-runner-font-shanaf/
[2026-04-20T08:28:04Z] #327 attempt=1/2 status=200 0.335s url=https://www.myfonts.com/collections/vintage-runner-font-shanaf/?tab=techSpecs
[2026-04-20T08:28:04Z] #328 attempt=1/2 status=200 0.289s url=https://www.myfonts.com/products/regular-nordic-omen-1135611
[2026-04-20T08:28:05Z] #329 attempt=1/2 status=200 0.392s url=https://www.myfonts.com/collections/nordic-omen-font-hipfonts/
[2026-04-20T08:28:05Z] #330 attempt=1/2 status=200 0.139s url=https://www.myfonts.com/collections/nordic-omen-font-hipfonts/?tab=techSpecs
[2026-04-20T08:28:06Z] #331 attempt=1/2 status=200 0.307s url=https://www.myfonts.com/products/regular-vounell-1135473
[2026-04-20T08:28:07Z] #332 attempt=1/2 status=200 0.362s url=https://www.myfonts.com/collections/vounell-font-outerend/
[2026-04-20T08:28:07Z] #333 attempt=1/2 status=200 0.142s url=https://www.myfonts.com/collections/vounell-font-outerend/?tab=techSpecs
[2026-04-20T08:28:09Z] #334 attempt=1/2 status=200 0.277s url=https://www.myfonts.com/products/regular-gixxer-1134790
[2026-04-20T08:28:09Z] #335 attempt=1/2 status=200 0.330s url=https://www.myfonts.com/collections/gixxer-font-epiclinez/
[2026-04-20T08:28:10Z] #336 attempt=1/2 status=200 0.195s url=https://www.myfonts.com/collections/gixxer-font-epiclinez/?tab=techSpecs
[2026-04-20T08:28:11Z] #337 attempt=1/6 status=200 0.717s url=https://www.myfonts.com/products.json?limit=100&page=12
[2026-04-20T08:28:12Z] #338 attempt=1/2 status=200 0.276s url=https://www.myfonts.com/products/regular-surge-1135283
[2026-04-20T08:28:12Z] #339 attempt=1/2 status=200 0.318s url=https://www.myfonts.com/collections/surge-font-linecreative/
[2026-04-20T08:28:13Z] #340 attempt=1/2 status=200 0.201s url=https://www.myfonts.com/collections/surge-font-linecreative/?tab=techSpecs
[2026-04-20T08:28:14Z] #341 attempt=1/2 status=200 0.310s url=https://www.myfonts.com/products/regular-dirello-meadow-1135496
[2026-04-20T08:28:14Z] #342 attempt=1/2 status=200 0.345s url=https://www.myfonts.com/collections/dirello-meadow-font-tini-fitriani/
[2026-04-20T08:28:15Z] #343 attempt=1/2 status=200 0.319s url=https://www.myfonts.com/collections/dirello-meadow-font-tini-fitriani/?tab=techSpecs
[2026-04-20T08:28:16Z] #344 attempt=1/2 status=200 0.461s url=https://www.myfonts.com/products/regular-frenchy-1135214
[2026-04-20T08:28:16Z] #345 attempt=1/2 status=200 0.344s url=https://www.myfonts.com/collections/frenchy-font-krismagraph/
[2026-04-20T08:28:17Z] #346 attempt=1/2 status=200 0.159s url=https://www.myfonts.com/collections/frenchy-font-krismagraph/?tab=techSpecs
[2026-04-20T08:28:18Z] #347 attempt=1/2 status=200 0.314s url=https://www.myfonts.com/products/regular-dango-1135213
[2026-04-20T08:28:18Z] #348 attempt=1/2 status=200 0.312s url=https://www.myfonts.com/collections/dango-font-marvadesign/
[2026-04-20T08:28:19Z] #349 attempt=1/2 status=200 0.161s url=https://www.myfonts.com/collections/dango-font-marvadesign/?tab=techSpecs
[2026-04-20T08:28:20Z] #350 attempt=1/6 status=200 0.716s url=https://www.myfonts.com/products.json?limit=100&page=13
[2026-04-20T08:28:21Z] #351 attempt=1/2 status=200 0.306s url=https://www.myfonts.com/products/regular-polais-1135612
[2026-04-20T08:28:21Z] #352 attempt=1/2 status=200 0.327s url=https://www.myfonts.com/collections/polais-font-hipfonts/
[2026-04-20T08:28:22Z] #353 attempt=1/2 status=200 0.318s url=https://www.myfonts.com/collections/polais-font-hipfonts/?tab=techSpecs
[2026-04-20T08:28:23Z] #354 attempt=1/2 status=200 0.314s url=https://www.myfonts.com/products/regular-pops-cloud-1135492
[2026-04-20T08:28:23Z] #355 attempt=1/2 status=200 0.300s url=https://www.myfonts.com/collections/pops-cloud-font-tini-fitriani/
[2026-04-20T08:28:24Z] #356 attempt=1/2 status=200 0.287s url=https://www.myfonts.com/collections/pops-cloud-font-tini-fitriani/?tab=techSpecs
[2026-04-20T08:28:25Z] #357 attempt=1/6 status=200 0.705s url=https://www.myfonts.com/products.json?limit=100&page=14
[2026-04-20T08:28:26Z] #358 attempt=1/2 status=200 0.293s url=https://www.myfonts.com/products/regular-suffrot-1134804
[2026-04-20T08:28:27Z] #359 attempt=1/2 status=200 0.372s url=https://www.myfonts.com/collections/suffrot-font-razetype/
[2026-04-20T08:28:27Z] #360 attempt=1/2 status=200 0.153s url=https://www.myfonts.com/collections/suffrot-font-razetype/?tab=techSpecs
[2026-04-20T08:28:28Z] #361 attempt=1/2 status=200 0.317s url=https://www.myfonts.com/products/regular-vanta-1135578
[2026-04-20T08:28:29Z] #362 attempt=1/2 status=200 0.342s url=https://www.myfonts.com/collections/vanta-font-eotype/
[2026-04-20T08:28:29Z] #363 attempt=1/2 status=200 0.449s url=https://www.myfonts.com/collections/vanta-font-eotype/?tab=techSpecs
[2026-04-20T08:28:30Z] #364 attempt=1/2 status=200 0.441s url=https://www.myfonts.com/products/regular-te-quran-surah1-tharwat-1135638
[2026-04-20T08:28:31Z] #365 attempt=1/2 status=200 0.306s url=https://www.myfonts.com/collections/te-quran-surah1-tharwat-font-tharwat-emara/
[2026-04-20T08:28:32Z] #366 attempt=1/2 status=200 0.321s url=https://www.myfonts.com/collections/te-quran-surah1-tharwat-font-tharwat-emara/?tab=techSpecs
[2026-04-20T08:28:32Z] #367 attempt=1/2 status=200 0.454s url=https://www.myfonts.com/products/regular-te-quran-surah3-tharwat-1135637
[2026-04-20T08:28:33Z] #368 attempt=1/2 status=200 0.292s url=https://www.myfonts.com/collections/te-quran-surah3-tharwat-font-tharwat-emara/
[2026-04-20T08:28:34Z] #369 attempt=1/2 status=200 0.313s url=https://www.myfonts.com/collections/te-quran-surah3-tharwat-font-tharwat-emara/?tab=techSpecs
[2026-04-20T08:28:35Z] #370 attempt=1/2 status=200 0.368s url=https://www.myfonts.com/products/regular-te-quran-surah2-tharwat-1135636
[2026-04-20T08:28:35Z] #371 attempt=1/2 status=200 0.324s url=https://www.myfonts.com/collections/te-quran-surah2-tharwat-font-tharwat-emara/
[2026-04-20T08:28:36Z] #372 attempt=1/2 status=200 0.144s url=https://www.myfonts.com/collections/te-quran-surah2-tharwat-font-tharwat-emara/?tab=techSpecs
[2026-04-20T08:28:37Z] #373 attempt=1/2 status=200 0.621s url=https://www.myfonts.com/products/novel-sans-hebrew-complete-family-package-1135626
[2026-04-20T08:28:38Z] #374 attempt=1/2 status=200 1.186s url=https://www.myfonts.com/collections/novel-sans-hebrew-font-atlasfontfoundry/
[2026-04-20T08:28:39Z] #375 attempt=1/2 status=200 0.198s url=https://www.myfonts.com/collections/novel-sans-hebrew-font-atlasfontfoundry/?tab=techSpecs
[2026-04-20T08:28:40Z] #376 attempt=1/2 status=200 0.445s url=https://www.myfonts.com/products/novel-sans-greek-complete-family-package-1135625
[2026-04-20T08:28:41Z] #377 attempt=1/2 status=200 0.819s url=https://www.myfonts.com/collections/novel-sans-greek-font-atlasfontfoundry/
[2026-04-20T08:28:43Z] #378 attempt=1/2 status=200 0.940s url=https://www.myfonts.com/collections/novel-sans-greek-font-atlasfontfoundry/?tab=techSpecs
[2026-04-20T08:28:44Z] #379 attempt=1/2 status=200 0.572s url=https://www.myfonts.com/products/bold-italic-th-regular-migorta-elegance-1134276
[2026-04-20T08:28:45Z] #380 attempt=1/2 status=200 1.092s url=https://www.myfonts.com/collections/migorta-elegance-font-gold-type/
[2026-04-20T08:28:47Z] #381 attempt=1/2 status=200 0.959s url=https://www.myfonts.com/collections/migorta-elegance-font-gold-type/?tab=techSpecs
[2026-04-20T08:28:49Z] #382 attempt=1/2 status=200 0.333s url=https://www.myfonts.com/products/regular-dino-slow-1135457
[2026-04-20T08:28:49Z] #383 attempt=1/2 status=200 0.326s url=https://www.myfonts.com/collections/dino-slow-font-yoga-letter/
[2026-04-20T08:28:50Z] #384 attempt=1/2 status=200 0.344s url=https://www.myfonts.com/collections/dino-slow-font-yoga-letter/?tab=techSpecs
[2026-04-20T08:28:51Z] #385 attempt=1/2 status=200 0.343s url=https://www.myfonts.com/products/regular-island-splash-1135456
[2026-04-20T08:28:51Z] #386 attempt=1/2 status=200 0.297s url=https://www.myfonts.com/collections/island-splash-font-yoga-letter/
[2026-04-20T08:28:52Z] #387 attempt=1/2 status=200 0.164s url=https://www.myfonts.com/collections/island-splash-font-yoga-letter/?tab=techSpecs
[2026-04-20T08:28:53Z] #388 attempt=1/2 status=200 0.333s url=https://www.myfonts.com/products/regular-fluffy-woof-1135458
[2026-04-20T08:28:53Z] #389 attempt=1/2 status=200 0.295s url=https://www.myfonts.com/collections/fluffy-woof-font-yoga-letter/
[2026-04-20T08:28:54Z] #390 attempt=1/2 status=200 0.180s url=https://www.myfonts.com/collections/fluffy-woof-font-yoga-letter/?tab=techSpecs
[2026-04-20T08:28:54Z] #391 attempt=1/2 status=200 0.373s url=https://www.myfonts.com/products/regular-peachy-sunshine-1135455
[2026-04-20T08:28:55Z] #392 attempt=1/2 status=200 0.315s url=https://www.myfonts.com/collections/peachy-sunshine-font-yoga-letter/
[2026-04-20T08:28:56Z] #393 attempt=1/2 status=200 0.361s url=https://www.myfonts.com/collections/peachy-sunshine-font-yoga-letter/?tab=techSpecs
[2026-04-20T08:28:57Z] #394 attempt=1/2 status=200 0.391s url=https://www.myfonts.com/products/encave-outline-complete-family-package-1135335
[2026-04-20T08:28:58Z] #395 attempt=1/2 status=200 0.651s url=https://www.myfonts.com/collections/encave-outline-font-font-liner/
[2026-04-20T08:28:58Z] #396 attempt=1/2 status=200 0.488s url=https://www.myfonts.com/collections/encave-outline-font-font-liner/?tab=techSpecs
[2026-04-20T08:29:00Z] #397 attempt=1/2 status=200 0.369s url=https://www.myfonts.com/products/favions-complete-family-package-1135328
[2026-04-20T08:29:00Z] #398 attempt=1/2 status=200 0.491s url=https://www.myfonts.com/collections/favions-font-ragamkata/
[2026-04-20T08:29:01Z] #399 attempt=1/2 status=200 0.638s url=https://www.myfonts.com/collections/favions-font-ragamkata/?tab=techSpecs
[2026-04-20T08:29:02Z] #400 attempt=1/2 status=200 0.326s url=https://www.myfonts.com/products/bull-circus-complete-family-package-1135347
[2026-04-20T08:29:03Z] #401 attempt=1/2 status=200 0.582s url=https://www.myfonts.com/collections/bull-circus-font-woodcutter/
[2026-04-20T08:29:04Z] #402 attempt=1/2 status=200 0.604s url=https://www.myfonts.com/collections/bull-circus-font-woodcutter/?tab=techSpecs
[2026-04-20T08:29:05Z] #403 attempt=1/2 status=200 0.442s url=https://www.myfonts.com/products/velocia-complete-family-package-1135339
[2026-04-20T08:29:06Z] #404 attempt=1/2 status=200 0.448s url=https://www.myfonts.com/collections/velocia-font-vermilione/
[2026-04-20T08:29:07Z] #405 attempt=1/2 status=200 0.166s url=https://www.myfonts.com/collections/velocia-font-vermilione/?tab=techSpecs
[2026-04-20T08:29:08Z] #406 attempt=1/2 status=200 0.307s url=https://www.myfonts.com/products/drigt-complete-family-package-1135325
[2026-04-20T08:29:08Z] #407 attempt=1/2 status=200 0.471s url=https://www.myfonts.com/collections/drigt-font-artiveko/
[2026-04-20T08:29:09Z] #408 attempt=1/2 status=200 0.482s url=https://www.myfonts.com/collections/drigt-font-artiveko/?tab=techSpecs
[2026-04-20T08:29:10Z] #409 attempt=1/2 status=200 0.365s url=https://www.myfonts.com/products/navida-complete-family-package-1135331
[2026-04-20T08:29:11Z] #410 attempt=1/2 status=200 0.504s url=https://www.myfonts.com/collections/navida-font-valorix-studio/
[2026-04-20T08:29:12Z] #411 attempt=1/2 status=200 0.462s url=https://www.myfonts.com/collections/navida-font-valorix-studio/?tab=techSpecs
[2026-04-20T08:29:13Z] #412 attempt=1/2 status=200 0.369s url=https://www.myfonts.com/products/saigon-melon-complete-family-package-1135344
[2026-04-20T08:29:14Z] #413 attempt=1/2 status=200 0.433s url=https://www.myfonts.com/collections/saigon-melon-font-woodcutter/
[2026-04-20T08:29:14Z] #414 attempt=1/2 status=200 0.471s url=https://www.myfonts.com/collections/saigon-melon-font-woodcutter/?tab=techSpecs
[2026-04-20T08:29:16Z] #415 attempt=1/2 status=200 0.523s url=https://www.myfonts.com/products/bold-derusans-1109105
[2026-04-20T08:29:17Z] #416 attempt=1/2 status=200 0.567s url=https://www.myfonts.com/collections/derusans-font-typerasa/
[2026-04-20T08:29:18Z] #417 attempt=1/2 status=200 0.668s url=https://www.myfonts.com/collections/derusans-font-typerasa/?tab=techSpecs
[2026-04-20T08:29:19Z] #418 attempt=1/2 status=200 0.340s url=https://www.myfonts.com/products/wroteful-authentic-complete-family-package-1122738
[2026-04-20T08:29:19Z] #419 attempt=1/2 status=200 0.443s url=https://www.myfonts.com/collections/wroteful-authentic-font-stylishtype-studio/
[2026-04-20T08:29:20Z] #420 attempt=1/2 status=200 0.147s url=https://www.myfonts.com/collections/wroteful-authentic-font-stylishtype-studio/?tab=techSpecs
[2026-04-20T08:29:23Z] #421 attempt=1/2 status=200 1.882s url=https://www.myfonts.com/products/extra-condensed-package-1134469
[2026-04-20T08:29:26Z] #422 attempt=1/2 status=500 3.118s url=https://www.myfonts.com/collections/nisanbel-font-pista-mova/
[2026-04-20T08:29:26Z] #423 attempt=1/2 status=404 0.213s url=https://www.myfonts.com/collections/extra-condensed-font-pista-mova
[2026-04-20T08:29:27Z] #424 attempt=1/2 status=200 0.756s url=https://www.myfonts.com/products/pencil-italic-montuna-1109311
[2026-04-20T08:29:29Z] #425 attempt=1/2 status=200 0.915s url=https://www.myfonts.com/collections/montuna-font-alpercakici/
[2026-04-20T08:29:29Z] #426 attempt=1/2 status=200 0.210s url=https://www.myfonts.com/collections/montuna-font-alpercakici/?tab=techSpecs
[2026-04-20T08:29:31Z] #427 attempt=1/6 status=200 0.906s url=https://www.myfonts.com/products.json?limit=100&page=15
[2026-04-20T08:29:32Z] #428 attempt=1/2 status=200 0.344s url=https://www.myfonts.com/products/kanita-aquieloz-complete-family-package-961508
[2026-04-20T08:29:33Z] #429 attempt=1/2 status=200 0.542s url=https://www.myfonts.com/collections/kanita-aquieloz-font-tini-fitriani/
[2026-04-20T08:29:33Z] #430 attempt=1/2 status=200 0.392s url=https://www.myfonts.com/collections/kanita-aquieloz-font-tini-fitriani/?tab=techSpecs
[2026-04-20T08:29:35Z] #431 attempt=1/2 status=200 0.474s url=https://www.myfonts.com/products/eleni-text-package-package-1134709
[2026-04-20T08:29:36Z] #432 attempt=1/2 status=200 1.030s url=https://www.myfonts.com/collections/eleni-pro-font-ekke-wolf/
[2026-04-20T08:29:37Z] #433 attempt=1/2 status=200 0.157s url=https://www.myfonts.com/collections/eleni-pro-font-ekke-wolf/?tab=techSpecs
[2026-04-20T08:29:39Z] #434 attempt=1/2 status=200 1.152s url=https://www.myfonts.com/products/10-vintage-font-families-bundle-package-915132
[2026-04-20T08:29:40Z] #435 attempt=1/2 status=200 0.912s url=https://www.myfonts.com/collections/fractal-font-factory-foundry/
[2026-04-20T08:29:41Z] #436 attempt=1/2 status=200 0.950s url=https://www.myfonts.com/collections/fractal-font-factory-foundry/?tab=techSpecs
[2026-04-20T08:29:42Z] #437 attempt=1/2 status=200 0.588s url=https://www.myfonts.com/collections/fractal-font-factory-foundry/
[2026-04-20T08:29:43Z] #438 attempt=1/2 status=404 0.188s url=https://www.myfonts.com/collections/10-vintage-font-families-bundle-font-fractal-font-factory
[2026-04-20T08:29:43Z] #439 attempt=1/2 status=200 0.296s url=https://www.myfonts.com/products/regular-hustle-strokes-1134010
[2026-04-20T08:29:44Z] #440 attempt=1/2 status=200 0.263s url=https://www.myfonts.com/collections/hustle-strokes-font-yoga-letter/
[2026-04-20T08:29:44Z] #441 attempt=1/2 status=200 0.371s url=https://www.myfonts.com/collections/hustle-strokes-font-yoga-letter/?tab=techSpecs
[2026-04-20T08:29:45Z] #442 attempt=1/2 status=200 0.347s url=https://www.myfonts.com/products/regular-amorelle-1134011
[2026-04-20T08:29:46Z] #443 attempt=1/2 status=200 0.417s url=https://www.myfonts.com/collections/amorelle-font-rhd-creative/
[2026-04-20T08:29:46Z] #444 attempt=1/2 status=200 0.138s url=https://www.myfonts.com/collections/amorelle-font-rhd-creative/?tab=techSpecs
[2026-04-20T08:29:47Z] #445 attempt=1/2 status=200 0.305s url=https://www.myfonts.com/products/regular-saltyfine-1133946
[2026-04-20T08:29:48Z] #446 attempt=1/2 status=200 0.317s url=https://www.myfonts.com/collections/saltyfine-font-unicode-studio/
[2026-04-20T08:29:48Z] #447 attempt=1/2 status=200 0.152s url=https://www.myfonts.com/collections/saltyfine-font-unicode-studio/?tab=techSpecs
[2026-04-20T08:29:49Z] #448 attempt=1/2 status=200 0.333s url=https://www.myfonts.com/products/regular-hasfegia-1133992
[2026-04-20T08:29:50Z] #449 attempt=1/2 status=200 0.304s url=https://www.myfonts.com/collections/hasfegia-font-rvandtype/
[2026-04-20T08:29:50Z] #450 attempt=1/2 status=200 0.141s url=https://www.myfonts.com/collections/hasfegia-font-rvandtype/?tab=techSpecs
[2026-04-20T08:29:51Z] #451 attempt=1/2 status=200 0.297s url=https://www.myfonts.com/products/regular-garco-racing-1133993
[2026-04-20T08:29:51Z] #452 attempt=1/2 status=200 0.363s url=https://www.myfonts.com/collections/garco-racing-font-multype-studio/
[2026-04-20T08:29:52Z] #453 attempt=1/2 status=200 0.172s url=https://www.myfonts.com/collections/garco-racing-font-multype-studio/?tab=techSpecs
[2026-04-20T08:29:53Z] #454 attempt=1/2 status=200 0.338s url=https://www.myfonts.com/products/regular-klassic-memory-1134066
[2026-04-20T08:29:53Z] #455 attempt=1/2 status=200 0.441s url=https://www.myfonts.com/collections/klassic-memory-font-madjack-font/
[2026-04-20T08:29:54Z] #456 attempt=1/2 status=200 0.393s url=https://www.myfonts.com/collections/klassic-memory-font-madjack-font/?tab=techSpecs
[2026-04-20T08:29:55Z] #457 attempt=1/2 status=200 0.319s url=https://www.myfonts.com/products/regular-dreadglyph-1134299
[2026-04-20T08:29:56Z] #458 attempt=1/2 status=200 0.362s url=https://www.myfonts.com/collections/dreadglyph-font-inviline/
[2026-04-20T08:29:56Z] #459 attempt=1/2 status=200 0.284s url=https://www.myfonts.com/collections/dreadglyph-font-inviline/?tab=techSpecs
[2026-04-20T08:29:57Z] #460 attempt=1/2 status=200 0.343s url=https://www.myfonts.com/products/regular-kazena-1133969
[2026-04-20T08:29:58Z] #461 attempt=1/2 status=200 0.286s url=https://www.myfonts.com/collections/kazena-font-dareco-studio/
[2026-04-20T08:29:59Z] #462 attempt=1/2 status=200 0.401s url=https://www.myfonts.com/collections/kazena-font-dareco-studio/?tab=techSpecs
[2026-04-20T08:30:00Z] #463 attempt=1/2 status=200 0.374s url=https://www.myfonts.com/products/regular-goofy-comic-1134240
[2026-04-20T08:30:00Z] #464 attempt=1/2 status=200 0.291s url=https://www.myfonts.com/collections/goofy-comic-font-mvmet/
[2026-04-20T08:30:01Z] #465 attempt=1/2 status=200 0.162s url=https://www.myfonts.com/collections/goofy-comic-font-mvmet/?tab=techSpecs
[2026-04-20T08:30:01Z] #466 attempt=1/2 status=200 0.314s url=https://www.myfonts.com/products/regular-waneroo-1134235
[2026-04-20T08:30:02Z] #467 attempt=1/2 status=200 0.304s url=https://www.myfonts.com/collections/waneroo-font-epiclinez/
[2026-04-20T08:30:02Z] #468 attempt=1/2 status=200 0.167s url=https://www.myfonts.com/collections/waneroo-font-epiclinez/?tab=techSpecs
[2026-04-20T08:30:03Z] #469 attempt=1/2 status=200 0.390s url=https://www.myfonts.com/products/regular-florivea-1134222
[2026-04-20T08:30:04Z] #470 attempt=1/2 status=200 0.290s url=https://www.myfonts.com/collections/florivea-font-letterhend/
[2026-04-20T08:30:04Z] #471 attempt=1/2 status=200 0.325s url=https://www.myfonts.com/collections/florivea-font-letterhend/?tab=techSpecs
[2026-04-20T08:30:05Z] #472 attempt=1/2 status=200 0.326s url=https://www.myfonts.com/products/regular-brogame-1133950
[2026-04-20T08:30:06Z] #473 attempt=1/2 status=200 0.268s url=https://www.myfonts.com/collections/brogame-font-vadova-std/
[2026-04-20T08:30:06Z] #474 attempt=1/2 status=200 0.313s url=https://www.myfonts.com/collections/brogame-font-vadova-std/?tab=techSpecs
[2026-04-20T08:30:07Z] #475 attempt=1/2 status=200 0.307s url=https://www.myfonts.com/products/regular-whacky-cartoon-1134230
[2026-04-20T08:30:08Z] #476 attempt=1/2 status=200 0.367s url=https://www.myfonts.com/collections/whacky-cartoon-font-mvmet/
[2026-04-20T08:30:08Z] #477 attempt=1/2 status=200 0.303s url=https://www.myfonts.com/collections/whacky-cartoon-font-mvmet/?tab=techSpecs
[2026-04-20T08:30:09Z] #478 attempt=1/2 status=200 0.313s url=https://www.myfonts.com/products/regular-borgal-1134221
[2026-04-20T08:30:10Z] #479 attempt=1/2 status=200 0.388s url=https://www.myfonts.com/collections/borgal-font-imoodev/
[2026-04-20T08:30:10Z] #480 attempt=1/2 status=200 0.333s url=https://www.myfonts.com/collections/borgal-font-imoodev/?tab=techSpecs
[2026-04-20T08:30:11Z] #481 attempt=1/2 status=200 0.340s url=https://www.myfonts.com/products/regular-hobsky-1134229
[2026-04-20T08:30:12Z] #482 attempt=1/2 status=200 0.299s url=https://www.myfonts.com/collections/hobsky-font-limitype/
[2026-04-20T08:30:12Z] #483 attempt=1/2 status=200 0.155s url=https://www.myfonts.com/collections/hobsky-font-limitype/?tab=techSpecs
[2026-04-20T08:30:13Z] #484 attempt=1/2 status=200 0.297s url=https://www.myfonts.com/products/regular-roughberry-1134214
[2026-04-20T08:30:14Z] #485 attempt=1/2 status=200 0.304s url=https://www.myfonts.com/collections/roughberry-font-cocodesign/
[2026-04-20T08:30:14Z] #486 attempt=1/2 status=200 0.317s url=https://www.myfonts.com/collections/roughberry-font-cocodesign/?tab=techSpecs
[2026-04-20T08:30:17Z] #487 attempt=1/2 status=200 1.613s url=https://www.myfonts.com/products/miogra-sans-complete-family-package-1134067
[2026-04-20T08:30:19Z] #488 attempt=1/2 status=200 2.122s url=https://www.myfonts.com/collections/miogra-sans-font-romie-creative/
[2026-04-20T08:30:22Z] #489 attempt=1/2 status=200 2.393s url=https://www.myfonts.com/collections/miogra-sans-font-romie-creative/?tab=techSpecs
[2026-04-20T08:30:24Z] #490 attempt=1/2 status=200 0.403s url=https://www.myfonts.com/products/roelvo-complete-family-package-1134476
[2026-04-20T08:30:24Z] #491 attempt=1/2 status=200 0.440s url=https://www.myfonts.com/collections/roelvo-font-qweera-studio/
[2026-04-20T08:30:25Z] #492 attempt=1/2 status=200 0.157s url=https://www.myfonts.com/collections/roelvo-font-qweera-studio/?tab=techSpecs
[2026-04-20T08:30:26Z] #493 attempt=1/2 status=200 0.422s url=https://www.myfonts.com/products/lebecque-complete-family-package-1134241
[2026-04-20T08:30:27Z] #494 attempt=1/2 status=200 0.652s url=https://www.myfonts.com/collections/lebecque-font-alffonts/
[2026-04-20T08:30:28Z] #495 attempt=1/2 status=200 0.648s url=https://www.myfonts.com/collections/lebecque-font-alffonts/?tab=techSpecs
[2026-04-20T08:30:29Z] #496 attempt=1/2 status=200 0.544s url=https://www.myfonts.com/products/hugells-complete-family-package-1133958
[2026-04-20T08:30:30Z] #497 attempt=1/2 status=200 0.609s url=https://www.myfonts.com/collections/hugells-font-arterfak-project/
[2026-04-20T08:30:31Z] #498 attempt=1/2 status=200 0.180s url=https://www.myfonts.com/collections/hugells-font-arterfak-project/?tab=techSpecs
[2026-04-20T08:30:32Z] #499 attempt=1/2 status=200 0.438s url=https://www.myfonts.com/products/katsuha-complete-family-package-1134218
[2026-04-20T08:30:33Z] #500 attempt=1/2 status=200 0.624s url=https://www.myfonts.com/collections/katsuha-font-made-deduk/
[2026-04-20T08:30:34Z] #501 attempt=1/2 status=200 0.414s url=https://www.myfonts.com/collections/katsuha-font-made-deduk/?tab=techSpecs
[2026-04-20T08:30:35Z] #502 attempt=1/2 status=200 0.321s url=https://www.myfonts.com/products/reglica-complete-family-package-1134483
[2026-04-20T08:30:35Z] #503 attempt=1/2 status=200 0.434s url=https://www.myfonts.com/collections/reglica-font-qweera-studio/
[2026-04-20T08:30:36Z] #504 attempt=1/2 status=200 0.158s url=https://www.myfonts.com/collections/reglica-font-qweera-studio/?tab=techSpecs
[2026-04-20T08:30:37Z] #505 attempt=1/2 status=200 0.347s url=https://www.myfonts.com/products/filontiya-amarilis-complete-family-package-1133994
[2026-04-20T08:30:38Z] #506 attempt=1/2 status=200 0.453s url=https://www.myfonts.com/collections/filontiya-amarilis-font-denustudio/
[2026-04-20T08:30:39Z] #507 attempt=1/2 status=200 0.707s url=https://www.myfonts.com/collections/filontiya-amarilis-font-denustudio/?tab=techSpecs
[2026-04-20T08:30:40Z] #508 attempt=1/2 status=200 0.637s url=https://www.myfonts.com/products/cnd-extralight-novel-mono-1133890
[2026-04-20T08:30:41Z] #509 attempt=1/2 status=200 0.763s url=https://www.myfonts.com/collections/novel-mono-font-atlasfontfoundry/
[2026-04-20T08:30:42Z] #510 attempt=1/2 status=200 0.754s url=https://www.myfonts.com/collections/novel-mono-font-atlasfontfoundry/?tab=techSpecs
[2026-04-20T08:30:44Z] #511 attempt=1/2 status=200 0.644s url=https://www.myfonts.com/products/extended-zekton-1133692
[2026-04-20T08:30:45Z] #512 attempt=1/2 status=200 0.960s url=https://www.myfonts.com/collections/zekton-font-typodermic/
[2026-04-20T08:30:46Z] #513 attempt=1/2 status=200 0.157s url=https://www.myfonts.com/collections/zekton-font-typodermic/?tab=techSpecs
[2026-04-20T08:30:47Z] #514 attempt=1/2 status=200 0.405s url=https://www.myfonts.com/products/italic-qoncila-1134492
[2026-04-20T08:30:48Z] #515 attempt=1/2 status=200 0.434s url=https://www.myfonts.com/collections/qoncila-font-qweera-studio/
[2026-04-20T08:30:50Z] #516 attempt=1/2 status=200 1.528s url=https://www.myfonts.com/collections/qoncila-font-qweera-studio/?tab=techSpecs
[2026-04-20T08:30:51Z] #517 attempt=1/6 status=200 0.567s url=https://www.myfonts.com/products.json?limit=100&page=16
[2026-04-20T08:30:52Z] #518 attempt=1/2 status=200 0.580s url=https://www.myfonts.com/products/light-dafe-ranst-1134285
[2026-04-20T08:30:53Z] #519 attempt=1/2 status=200 0.697s url=https://www.myfonts.com/collections/dafe-ranst-font-moriztype/
[2026-04-20T08:30:54Z] #520 attempt=1/2 status=200 0.166s url=https://www.myfonts.com/collections/dafe-ranst-font-moriztype/?tab=techSpecs
[2026-04-20T08:30:55Z] #521 attempt=1/2 status=200 0.361s url=https://www.myfonts.com/products/regular-beli-1134237
[2026-04-20T08:30:56Z] #522 attempt=1/2 status=200 0.435s url=https://www.myfonts.com/collections/beli-font-zaain-type/
[2026-04-20T08:30:57Z] #523 attempt=1/2 status=200 0.378s url=https://www.myfonts.com/collections/beli-font-zaain-type/?tab=techSpecs
[2026-04-20T08:30:58Z] #524 attempt=1/2 status=200 0.816s url=https://www.myfonts.com/products/circular-brush-italic-vmesto-1133482
[2026-04-20T08:31:00Z] #525 attempt=1/2 status=200 0.894s url=https://www.myfonts.com/collections/vmesto-font-alpercakici/
[2026-04-20T08:31:01Z] #526 attempt=1/2 status=200 1.133s url=https://www.myfonts.com/collections/vmesto-font-alpercakici/?tab=techSpecs
[2026-04-20T08:31:03Z] #527 attempt=1/2 status=200 0.355s url=https://www.myfonts.com/products/regular-slugger-union-1134227
[2026-04-20T08:31:03Z] #528 attempt=1/2 status=200 0.362s url=https://www.myfonts.com/collections/slugger-union-font-letterhend/
[2026-04-20T08:31:04Z] #529 attempt=1/2 status=200 0.180s url=https://www.myfonts.com/collections/slugger-union-font-letterhend/?tab=techSpecs
[2026-04-20T08:31:05Z] #530 attempt=1/2 status=200 0.453s url=https://www.myfonts.com/products/regular-marseliyon-1133956
[2026-04-20T08:31:06Z] #531 attempt=1/2 status=200 0.400s url=https://www.myfonts.com/collections/marseliyon-font-tini-fitriani/
[2026-04-20T08:31:06Z] #532 attempt=1/2 status=200 0.406s url=https://www.myfonts.com/collections/marseliyon-font-tini-fitriani/?tab=techSpecs
[2026-04-20T08:31:07Z] #533 attempt=1/2 status=200 0.392s url=https://www.myfonts.com/products/regular-bigpen-1134488
[2026-04-20T08:31:08Z] #534 attempt=1/2 status=200 0.434s url=https://www.myfonts.com/collections/bigpen-font-qweera-studio/
[2026-04-20T08:31:08Z] #535 attempt=1/2 status=200 0.148s url=https://www.myfonts.com/collections/bigpen-font-qweera-studio/?tab=techSpecs
[2026-04-20T08:31:10Z] #536 attempt=1/2 status=200 0.430s url=https://www.myfonts.com/products/semi-bold-harshika-1133972
[2026-04-20T08:31:11Z] #537 attempt=1/2 status=200 0.450s url=https://www.myfonts.com/collections/harshika-font-zorkslide/
[2026-04-20T08:31:11Z] #538 attempt=1/2 status=200 0.193s url=https://www.myfonts.com/collections/harshika-font-zorkslide/?tab=techSpecs
[2026-04-20T08:31:13Z] #539 attempt=1/6 status=200 0.737s url=https://www.myfonts.com/products.json?limit=100&page=17
[2026-04-20T08:31:14Z] #540 attempt=1/2 status=200 0.351s url=https://www.myfonts.com/products/regular-it-seron-1133952
[2026-04-20T08:31:15Z] #541 attempt=1/2 status=200 0.568s url=https://www.myfonts.com/collections/it-seron-font-creatifont-studio/
[2026-04-20T08:31:15Z] #542 attempt=1/2 status=200 0.152s url=https://www.myfonts.com/collections/it-seron-font-creatifont-studio/?tab=techSpecs
[2026-04-20T08:31:16Z] #543 attempt=1/2 status=200 0.476s url=https://www.myfonts.com/products/slanted-family-package-1132501
[2026-04-20T08:31:17Z] #544 attempt=1/2 status=200 0.769s url=https://www.myfonts.com/collections/os-hardline-variable-font-off-season/
[2026-04-20T08:31:19Z] #545 attempt=1/2 status=200 0.953s url=https://www.myfonts.com/collections/os-hardline-variable-font-off-season/?tab=techSpecs
[2026-04-20T08:31:20Z] #546 attempt=1/2 status=200 0.421s url=https://www.myfonts.com/products/pn-bleautiful-complete-family-package-1133997
[2026-04-20T08:31:21Z] #547 attempt=1/2 status=200 0.636s url=https://www.myfonts.com/collections/pn-bleautiful-font-lettering-delights/
[2026-04-20T08:31:22Z] #548 attempt=1/2 status=200 0.774s url=https://www.myfonts.com/collections/pn-bleautiful-font-lettering-delights/?tab=techSpecs
[2026-04-20T08:31:24Z] #549 attempt=1/2 status=200 0.792s url=https://www.myfonts.com/products/novel-sans-cyrillic-condensed-pack-package-1119956
[2026-04-20T08:31:26Z] #550 attempt=1/2 status=200 2.185s url=https://www.myfonts.com/collections/novel-sans-cyrillic-font-atlasfontfoundry/
[2026-04-20T08:31:27Z] #551 attempt=1/2 status=200 0.289s url=https://www.myfonts.com/collections/novel-sans-cyrillic-font-atlasfontfoundry/?tab=techSpecs
[2026-04-20T08:31:29Z] #552 attempt=1/2 status=200 1.071s url=https://www.myfonts.com/products/kraken-complete-family-package-1134496
[2026-04-20T08:31:31Z] #553 attempt=1/2 status=200 1.614s url=https://www.myfonts.com/collections/kraken-font-alpercakici/
[2026-04-20T08:31:33Z] #554 attempt=1/2 status=200 1.908s url=https://www.myfonts.com/collections/kraken-font-alpercakici/?tab=techSpecs
[2026-04-20T08:31:35Z] #555 attempt=1/2 status=200 0.536s url=https://www.myfonts.com/products/foermality-condensed-variable-complete-family-package-1133868
[2026-04-20T08:31:36Z] #556 attempt=1/2 status=200 0.470s url=https://www.myfonts.com/collections/foermality-condensed-variable-font-laroyba-type/
[2026-04-20T08:31:36Z] #557 attempt=1/2 status=200 0.145s url=https://www.myfonts.com/collections/foermality-condensed-variable-font-laroyba-type/?tab=techSpecs
[2026-04-20T08:31:38Z] #558 attempt=1/2 status=200 0.575s url=https://www.myfonts.com/products/sugar-serif-complete-family-package-1134215
[2026-04-20T08:31:38Z] #559 attempt=1/2 status=200 0.572s url=https://www.myfonts.com/collections/sugar-serif-font-cocodesign/
[2026-04-20T08:31:39Z] #560 attempt=1/2 status=200 0.533s url=https://www.myfonts.com/collections/sugar-serif-font-cocodesign/?tab=techSpecs
[2026-04-20T08:31:40Z] #561 attempt=1/2 status=200 0.337s url=https://www.myfonts.com/products/balyt-complete-family-package-1134063
[2026-04-20T08:31:41Z] #562 attempt=1/2 status=200 0.470s url=https://www.myfonts.com/collections/balyt-font-artiveko/
[2026-04-20T08:31:42Z] #563 attempt=1/2 status=200 0.433s url=https://www.myfonts.com/collections/balyt-font-artiveko/?tab=techSpecs
[2026-04-20T08:31:44Z] #564 attempt=1/2 status=200 1.025s url=https://www.myfonts.com/products/standard-package-1133845
[2026-04-20T08:31:46Z] #565 attempt=1/2 status=200 1.769s url=https://www.myfonts.com/collections/vegora-font-fargun-studio/
[2026-04-20T08:31:48Z] #566 attempt=1/2 status=200 1.958s url=https://www.myfonts.com/collections/vegora-font-fargun-studio/?tab=techSpecs
[2026-04-20T08:31:50Z] #567 attempt=1/2 status=200 0.430s url=https://www.myfonts.com/products/designer-edition-package-1131438
[2026-04-20T08:31:51Z] #568 attempt=1/2 status=200 0.646s url=https://www.myfonts.com/collections/tbj-dogmu-font-taboja-studio/
[2026-04-20T08:31:52Z] #569 attempt=1/2 status=200 0.775s url=https://www.myfonts.com/collections/tbj-dogmu-font-taboja-studio/?tab=techSpecs
[2026-04-20T08:31:53Z] #570 attempt=1/2 status=200 0.493s url=https://www.myfonts.com/products/ragazzi-complete-family-package-1133706
[2026-04-20T08:31:54Z] #571 attempt=1/2 status=200 0.751s url=https://www.myfonts.com/collections/ragazzi-font-tour-de-force/
[2026-04-20T08:31:56Z] #572 attempt=1/2 status=200 1.077s url=https://www.myfonts.com/collections/ragazzi-font-tour-de-force/?tab=techSpecs
[2026-04-20T08:31:57Z] #573 attempt=1/2 status=200 0.408s url=https://www.myfonts.com/products/strawberrymilk-complete-family-package-1133871
[2026-04-20T08:31:58Z] #574 attempt=1/2 status=200 0.901s url=https://www.myfonts.com/collections/strawberrymilk-font-hohohtype/
[2026-04-20T08:31:59Z] #575 attempt=1/2 status=200 0.864s url=https://www.myfonts.com/collections/strawberrymilk-font-hohohtype/?tab=techSpecs
[2026-04-20T08:32:01Z] #576 attempt=1/2 status=200 0.497s url=https://www.myfonts.com/products/403-obrinda-complete-family-package-1133714
[2026-04-20T08:32:02Z] #577 attempt=1/2 status=200 0.780s url=https://www.myfonts.com/collections/403-obrinda-font-403tf/
[2026-04-20T08:32:02Z] #578 attempt=1/2 status=200 0.161s url=https://www.myfonts.com/collections/403-obrinda-font-403tf/?tab=techSpecs
[2026-04-20T08:32:04Z] #579 attempt=1/2 status=200 1.282s url=https://www.myfonts.com/products/dopestype-foundry-collection-package-1133848
[2026-04-20T08:32:05Z] #580 attempt=1/2 status=404 0.186s url=https://www.myfonts.com/collections/dopestype-foundry-collection-font-dopestype
[2026-04-20T08:32:06Z] #581 attempt=1/2 status=200 0.883s url=https://www.myfonts.com/products/mordoe-complete-family-package-1134597
[2026-04-20T08:32:08Z] #582 attempt=1/2 status=200 1.333s url=https://www.myfonts.com/collections/mordoe-font-alpercakici/
[2026-04-20T08:32:10Z] #583 attempt=1/2 status=200 1.388s url=https://www.myfonts.com/collections/mordoe-font-alpercakici/?tab=techSpecs
[2026-04-20T08:32:11Z] #584 attempt=1/2 status=200 0.431s url=https://www.myfonts.com/products/novel-sans-arabic-complete-family-package-1123255
[2026-04-20T08:32:12Z] #585 attempt=1/2 status=200 0.641s url=https://www.myfonts.com/collections/novel-sans-arabic-font-atlasfontfoundry/
[2026-04-20T08:32:13Z] #586 attempt=1/2 status=200 0.743s url=https://www.myfonts.com/collections/novel-sans-arabic-font-atlasfontfoundry/?tab=techSpecs
[2026-04-20T08:32:15Z] #587 attempt=1/2 status=200 1.206s url=https://www.myfonts.com/products/soffline-complete-family-package-1132680
[2026-04-20T08:32:17Z] #588 attempt=1/2 status=200 1.797s url=https://www.myfonts.com/collections/soffline-font-trick-type-style/
[2026-04-20T08:32:20Z] #589 attempt=1/2 status=200 2.046s url=https://www.myfonts.com/collections/soffline-font-trick-type-style/?tab=techSpecs
[2026-04-20T08:32:22Z] #590 attempt=1/2 status=200 0.438s url=https://www.myfonts.com/products/doodles-scribble-chaos-1134061
[2026-04-20T08:32:23Z] #591 attempt=1/2 status=200 0.542s url=https://www.myfonts.com/collections/scribble-chaos-font-cocodesign/
[2026-04-20T08:32:23Z] #592 attempt=1/2 status=200 0.143s url=https://www.myfonts.com/collections/scribble-chaos-font-cocodesign/?tab=techSpecs
[2026-04-20T08:32:24Z] #593 attempt=1/2 status=200 0.364s url=https://www.myfonts.com/products/regular-brigant-1133967
[2026-04-20T08:32:25Z] #594 attempt=1/2 status=200 0.562s url=https://www.myfonts.com/collections/brigant-font-dareco-studio/
[2026-04-20T08:32:26Z] #595 attempt=1/2 status=200 0.549s url=https://www.myfonts.com/collections/brigant-font-dareco-studio/?tab=techSpecs
[2026-04-20T08:32:27Z] #596 attempt=1/2 status=200 0.453s url=https://www.myfonts.com/products/black-italic-foermality-condensed-1133867
[2026-04-20T08:32:28Z] #597 attempt=1/2 status=200 0.433s url=https://www.myfonts.com/collections/foermality-condensed-font-laroyba-type/
[2026-04-20T08:32:28Z] #598 attempt=1/2 status=200 0.278s url=https://www.myfonts.com/collections/foermality-condensed-font-laroyba-type/?tab=techSpecs
[2026-04-20T08:32:30Z] #599 attempt=1/6 status=200 0.638s url=https://www.myfonts.com/products.json?limit=100&page=18
[2026-04-20T08:32:31Z] #600 attempt=1/6 status=200 0.645s url=https://www.myfonts.com/products.json?limit=100&page=19
[2026-04-20T08:32:32Z] #601 attempt=1/2 status=200 0.293s url=https://www.myfonts.com/products/regular-neomarine-1134232
[2026-04-20T08:32:32Z] #602 attempt=1/2 status=200 0.315s url=https://www.myfonts.com/collections/neomarine-font-illusletra/
[2026-04-20T08:32:33Z] #603 attempt=1/2 status=200 0.375s url=https://www.myfonts.com/collections/neomarine-font-illusletra/?tab=techSpecs
[2026-04-20T08:32:35Z] #604 attempt=1/6 status=200 0.930s url=https://www.myfonts.com/products.json?limit=100&page=20
[2026-04-20T08:32:35Z] #605 attempt=1/2 status=200 0.423s url=https://www.myfonts.com/products/italic-nalkor-serif-1133949
[2026-04-20T08:32:36Z] #606 attempt=1/2 status=200 0.531s url=https://www.myfonts.com/collections/nalkor-serif-font-faristaputra/
[2026-04-20T08:32:37Z] #607 attempt=1/2 status=200 0.552s url=https://www.myfonts.com/collections/nalkor-serif-font-faristaputra/?tab=techSpecs
[2026-04-20T08:32:39Z] #608 attempt=1/6 status=200 0.663s url=https://www.myfonts.com/products.json?limit=100&page=21
[2026-04-20T08:32:40Z] #609 attempt=1/2 status=200 0.536s url=https://www.myfonts.com/products/banly-thecs-regular-mc-banly-thecs-1134013
[2026-04-20T08:32:40Z] #610 attempt=1/2 status=200 0.378s url=https://www.myfonts.com/collections/mc-banly-thecs-font-maulana-creative/
[2026-04-20T08:32:41Z] #611 attempt=1/2 status=200 0.400s url=https://www.myfonts.com/collections/mc-banly-thecs-font-maulana-creative/?tab=techSpecs
[2026-04-20T08:32:42Z] #612 attempt=1/6 status=200 0.616s url=https://www.myfonts.com/products.json?limit=100&page=22
[2026-04-20T08:32:44Z] #613 attempt=1/6 status=200 0.666s url=https://www.myfonts.com/products.json?limit=100&page=23
[2026-04-20T08:32:44Z] #614 attempt=1/2 status=200 0.360s url=https://www.myfonts.com/products/italic-belvina-1134303
[2026-04-20T08:32:45Z] #615 attempt=1/2 status=200 0.530s url=https://www.myfonts.com/collections/belvina-font-qweera-studio/
[2026-04-20T08:32:46Z] #616 attempt=1/2 status=200 0.463s url=https://www.myfonts.com/collections/belvina-font-qweera-studio/?tab=techSpecs
[2026-04-20T08:32:48Z] #617 attempt=1/6 status=200 0.658s url=https://www.myfonts.com/products.json?limit=100&page=24
[2026-04-20T08:32:48Z] #618 attempt=1/2 status=200 0.349s url=https://www.myfonts.com/products/regular-murisa-hana-1133990
[2026-04-20T08:32:49Z] #619 attempt=1/2 status=200 0.520s url=https://www.myfonts.com/collections/murisa-hana-font-murisa-studio/
[2026-04-20T08:32:49Z] #620 attempt=1/2 status=200 0.205s url=https://www.myfonts.com/collections/murisa-hana-font-murisa-studio/?tab=techSpecs
[2026-04-20T08:32:50Z] #621 attempt=1/2 status=200 0.313s url=https://www.myfonts.com/products/regular-strange-ink-1134213
[2026-04-20T08:32:51Z] #622 attempt=1/2 status=200 0.359s url=https://www.myfonts.com/collections/strange-ink-font-timurtype/
[2026-04-20T08:32:51Z] #623 attempt=1/2 status=200 0.164s url=https://www.myfonts.com/collections/strange-ink-font-timurtype/?tab=techSpecs
[2026-04-20T08:32:53Z] #624 attempt=1/6 status=200 0.687s url=https://www.myfonts.com/products.json?limit=100&page=25
[2026-04-20T08:32:54Z] #625 attempt=1/2 status=200 0.658s url=https://www.myfonts.com/products/xcnd-semi-bold-novel-sans-rounded-cyrillic-1133031
[2026-04-20T08:32:55Z] #626 attempt=1/2 status=200 0.721s url=https://www.myfonts.com/collections/novel-sans-rounded-cyrillic-font-atlasfontfoundry/
[2026-04-20T08:32:56Z] #627 attempt=1/2 status=200 0.173s url=https://www.myfonts.com/collections/novel-sans-rounded-cyrillic-font-atlasfontfoundry/?tab=techSpecs
[2026-04-20T08:32:57Z] #628 attempt=1/2 status=200 0.613s url=https://www.myfonts.com/products/xxxcnd-extralight-novel-sans-rounded-greek-1132980
[2026-04-20T08:32:58Z] #629 attempt=1/2 status=200 0.635s url=https://www.myfonts.com/collections/novel-sans-rounded-greek-font-atlasfontfoundry/
[2026-04-20T08:33:00Z] #630 attempt=1/2 status=200 1.057s url=https://www.myfonts.com/products/circular-rimmed-bitrage-1133652
[2026-04-20T08:33:02Z] #631 attempt=1/2 status=200 1.640s url=https://www.myfonts.com/collections/bitrage-font-alpercakici/
[2026-04-20T08:33:03Z] #632 attempt=1/2 status=200 0.611s url=https://www.myfonts.com/products/italic-tt-neoris-1132863
[2026-04-20T08:33:04Z] #633 attempt=1/2 status=200 0.723s url=https://www.myfonts.com/collections/tt-neoris-font-typetype/
[2026-04-20T08:33:05Z] #634 attempt=1/2 status=200 1.123s url=https://www.myfonts.com/products/circular-outline-italic-neora-1132448
[2026-04-20T08:33:07Z] #635 attempt=1/2 status=200 1.541s url=https://www.myfonts.com/collections/neora-font-alpercakici/
[2026-04-20T08:33:08Z] #636 attempt=1/2 status=200 0.501s url=https://www.myfonts.com/products/xxxcnd-extrabold-novel-sans-rounded-hebrew-1132911
[2026-04-20T08:33:09Z] #637 attempt=1/2 status=200 0.597s url=https://www.myfonts.com/collections/novel-sans-rounded-hebrew-font-atlasfontfoundry/
[2026-04-20T08:33:11Z] #638 attempt=1/2 status=200 0.919s url=https://www.myfonts.com/products/semi-bold-semi-condensed-kenigha-1131740
[2026-04-20T08:33:12Z] #639 attempt=1/2 status=200 1.506s url=https://www.myfonts.com/collections/kenigha-font-bosstypestudio/
[2026-04-20T08:33:13Z] summary releases=124 first_429=None log_file=state/myfonts_run_20260420_082242.log
[2026-04-20T08:33:13Z] saved_success_profile path=state/myfonts_success_profile.json
[2026-04-20T08:33:13Z] === MyFonts crawl end ===
