[2026-06-05T10:05:59Z] checkpoint fresh next_page=1 path=state/myfonts_crawl_checkpoint.json
[2026-06-05T10:05:59Z] === MyFonts crawl start source=myfonts ===
[2026-06-05T10:05:59Z] config max_pages=25 page_size=100 start_date=2026-06-04 end_date=2026-06-05 api_delay=0.5s detail_delay=0.2s max_debut_checks=400 max_tech_specs_checks=200 reuse_success_profile=False always_enrich_packages=True language_script_signal_mode=strong force_fresh_run=False start_page=1 browser_mode=False browser_headless=True browser_storage_state_path=state/myfonts_storage_state.json
[2026-06-05T10:06:01Z] #1 attempt=1/6 status=200 0.883s url=https://www.myfonts.com/products.json?limit=100&page=1
[2026-06-05T10:06:01Z] #2 attempt=1/2 status=200 0.289s url=https://www.myfonts.com/products/simple-brushted-complete-family-package-1156661
[2026-06-05T10:06:02Z] #3 attempt=1/2 status=200 0.351s url=https://www.myfonts.com/collections/simple-brushted-font-tertoecreative/
[2026-06-05T10:06:02Z] #4 attempt=1/2 status=200 0.418s url=https://www.myfonts.com/collections/simple-brushted-font-tertoecreative/?tab=techSpecs
[2026-06-05T10:06:04Z] #5 attempt=1/2 status=200 0.329s url=https://www.myfonts.com/products/aurisma-complete-family-package-1160447
[2026-06-05T10:06:04Z] #6 attempt=1/2 status=200 0.474s url=https://www.myfonts.com/collections/aurisma-font-artisticandunique/
[2026-06-05T10:06:05Z] #7 attempt=1/2 status=200 0.471s url=https://www.myfonts.com/collections/aurisma-font-artisticandunique/?tab=techSpecs
[2026-06-05T10:06:06Z] #8 attempt=1/2 status=200 0.283s url=https://www.myfonts.com/products/jenaka-complete-family-package-1157572
[2026-06-05T10:06:07Z] #9 attempt=1/2 status=200 0.312s url=https://www.myfonts.com/collections/jenaka-font-tini-fitriani/
[2026-06-05T10:06:07Z] #10 attempt=1/2 status=200 0.353s url=https://www.myfonts.com/collections/jenaka-font-tini-fitriani/?tab=techSpecs
[2026-06-05T10:06:08Z] #11 attempt=1/2 status=200 0.320s url=https://www.myfonts.com/products/regular-charite-atelier-1148904
[2026-06-05T10:06:09Z] #12 attempt=1/2 status=200 0.285s url=https://www.myfonts.com/collections/charite-atelier-font-heinzel-std/
[2026-06-05T10:06:09Z] #13 attempt=1/2 status=200 0.277s url=https://www.myfonts.com/collections/charite-atelier-font-heinzel-std/?tab=techSpecs
[2026-06-05T10:06:10Z] #14 attempt=1/2 status=200 0.276s url=https://www.myfonts.com/products/regular-snettisham-1156628
[2026-06-05T10:06:10Z] #15 attempt=1/2 status=200 0.170s url=https://www.myfonts.com/collections/snettisham-font-four-lines-std/
[2026-06-05T10:06:11Z] #16 attempt=1/2 status=200 0.262s url=https://www.myfonts.com/collections/snettisham-font-four-lines-std/?tab=techSpecs
[2026-06-05T10:06:12Z] #17 attempt=1/2 status=200 0.291s url=https://www.myfonts.com/products/regular-analog-flow-1156627
[2026-06-05T10:06:12Z] #18 attempt=1/2 status=200 0.280s url=https://www.myfonts.com/collections/analog-flow-font-inviline/
[2026-06-05T10:06:13Z] #19 attempt=1/2 status=200 0.294s url=https://www.myfonts.com/collections/analog-flow-font-inviline/?tab=techSpecs
[2026-06-05T10:06:14Z] #20 attempt=1/2 status=200 0.435s url=https://www.myfonts.com/products/brahma-basic-complete-family-package-1164543
[2026-06-05T10:06:15Z] #21 attempt=1/2 status=200 0.693s url=https://www.myfonts.com/collections/brahma-font-tall-chai/
[2026-06-05T10:06:15Z] #22 attempt=1/2 status=200 0.156s url=https://www.myfonts.com/collections/brahma-font-tall-chai/?tab=techSpecs
[2026-06-05T10:06:16Z] #23 attempt=1/2 status=200 0.262s url=https://www.myfonts.com/products/regular-te-hafs2-tharwat-emara2-1012045
[2026-06-05T10:06:17Z] #24 attempt=1/2 status=200 0.319s url=https://www.myfonts.com/collections/te-hafs2-tharwat-emara2-font-tharwat-emara/
[2026-06-05T10:06:17Z] #25 attempt=1/2 status=200 0.314s url=https://www.myfonts.com/collections/te-hafs2-tharwat-emara2-font-tharwat-emara/?tab=techSpecs
[2026-06-05T10:06:19Z] #26 attempt=1/2 status=200 1.499s url=https://www.myfonts.com/products/sharp-package-1163937
[2026-06-05T10:06:22Z] #27 attempt=1/2 status=200 2.633s url=https://www.myfonts.com/collections/brigife-font-rastype-studio/
[2026-06-05T10:06:26Z] #28 attempt=1/2 status=200 2.610s url=https://www.myfonts.com/collections/brigife-font-rastype-studio/?tab=techSpecs
[2026-06-05T10:06:28Z] #29 attempt=1/2 status=200 0.720s url=https://www.myfonts.com/products/hard-package-1163935
[2026-06-05T10:06:30Z] #30 attempt=1/2 status=200 1.850s url=https://www.myfonts.com/collections/obigart-font-rastype-studio/
[2026-06-05T10:06:32Z] #31 attempt=1/2 status=200 1.876s url=https://www.myfonts.com/collections/obigart-font-rastype-studio/?tab=techSpecs
[2026-06-05T10:06:34Z] #32 attempt=1/2 status=200 0.354s url=https://www.myfonts.com/products/thin-italic-ingrida-1125785
[2026-06-05T10:06:34Z] #33 attempt=1/2 status=200 0.406s url=https://www.myfonts.com/collections/ingrida-font-fontastica/
[2026-06-05T10:06:35Z] #34 attempt=1/2 status=200 0.567s url=https://www.myfonts.com/collections/ingrida-font-fontastica/?tab=techSpecs
[2026-06-05T10:06:36Z] #35 attempt=1/2 status=200 0.297s url=https://www.myfonts.com/products/regular-hektos-1122769
[2026-06-05T10:06:37Z] #36 attempt=1/2 status=200 0.248s url=https://www.myfonts.com/collections/hektos-font-typogama/
[2026-06-05T10:06:37Z] #37 attempt=1/2 status=200 0.151s url=https://www.myfonts.com/collections/hektos-font-typogama/?tab=techSpecs
[2026-06-05T10:06:39Z] #38 attempt=1/2 status=200 0.961s url=https://www.myfonts.com/products/anzone-glyph-ultimate-creative-and-corporate-bundle-package-1164016
[2026-06-05T10:06:39Z] #39 attempt=1/2 status=404 0.202s url=https://www.myfonts.com/collections/anzone-glyph-ultimate-creative-and-corporate-bundle-font-anzone-glyph
[2026-06-05T10:06:40Z] #40 attempt=1/2 status=200 0.307s url=https://www.myfonts.com/products/tailyona-complete-family-package-1163641
[2026-06-05T10:06:40Z] #41 attempt=1/2 status=200 0.355s url=https://www.myfonts.com/collections/tailyona-font-burntilldead/
[2026-06-05T10:06:41Z] #42 attempt=1/2 status=200 0.133s url=https://www.myfonts.com/collections/tailyona-font-burntilldead/?tab=techSpecs
[2026-06-05T10:06:42Z] #43 attempt=1/2 status=200 0.384s url=https://www.myfonts.com/products/barkins-complete-family-package-1163546
[2026-06-05T10:06:43Z] #44 attempt=1/2 status=200 0.672s url=https://www.myfonts.com/collections/barkins-font-typeberry/
[2026-06-05T10:06:43Z] #45 attempt=1/2 status=200 0.149s url=https://www.myfonts.com/collections/barkins-font-typeberry/?tab=techSpecs
[2026-06-05T10:06:44Z] #46 attempt=1/2 status=200 0.440s url=https://www.myfonts.com/products/contrast-package-1163600
[2026-06-05T10:06:45Z] #47 attempt=1/2 status=200 0.663s url=https://www.myfonts.com/collections/flame-tower-font-panakotype/
[2026-06-05T10:06:46Z] #48 attempt=1/2 status=200 0.170s url=https://www.myfonts.com/collections/flame-tower-font-panakotype/?tab=techSpecs
[2026-06-05T10:06:47Z] #49 attempt=1/2 status=200 0.299s url=https://www.myfonts.com/products/chimera-paradiso-complete-family-package-1163617
[2026-06-05T10:06:47Z] #50 attempt=1/2 status=200 0.335s url=https://www.myfonts.com/collections/chimera-paradiso-font-letterytz/
[2026-06-05T10:06:48Z] #51 attempt=1/2 status=200 0.156s url=https://www.myfonts.com/collections/chimera-paradiso-font-letterytz/?tab=techSpecs
[2026-06-05T10:06:49Z] #52 attempt=1/2 status=200 0.503s url=https://www.myfonts.com/products/saigon-the-basics-package-1163510
[2026-06-05T10:06:50Z] #53 attempt=1/2 status=200 0.624s url=https://www.myfonts.com/collections/saigon-font-the-paper-town/
[2026-06-05T10:06:51Z] #54 attempt=1/2 status=200 0.522s url=https://www.myfonts.com/collections/saigon-font-the-paper-town/?tab=techSpecs
[2026-06-05T10:06:52Z] #55 attempt=1/2 status=200 0.453s url=https://www.myfonts.com/products/havenite-complete-family-package-1163616
[2026-06-05T10:06:52Z] #56 attempt=1/2 status=200 0.548s url=https://www.myfonts.com/collections/havenite-font-din-studio/
[2026-06-05T10:06:53Z] #57 attempt=1/2 status=200 0.137s url=https://www.myfonts.com/collections/havenite-font-din-studio/?tab=techSpecs
[2026-06-05T10:06:54Z] #58 attempt=1/2 status=200 0.358s url=https://www.myfonts.com/products/calm-complete-family-package-1163567
[2026-06-05T10:06:55Z] #59 attempt=1/2 status=200 0.573s url=https://www.myfonts.com/collections/calm-font-krismagraph/
[2026-06-05T10:06:56Z] #60 attempt=1/2 status=200 0.412s url=https://www.myfonts.com/collections/calm-font-krismagraph/?tab=techSpecs
[2026-06-05T10:06:56Z] #61 attempt=1/2 status=429 0.044s url=https://www.myfonts.com/products/beth-alt-family-package-1161583
[2026-06-05T10:06:56Z] first_429 req=61 url=https://www.myfonts.com/products/beth-alt-family-package-1161583
[2026-06-05T10:06:59Z] #62 attempt=2/2 status=429 0.081s url=https://www.myfonts.com/products/beth-alt-family-package-1161583
[2026-06-05T10:07:04Z] max_retries_exhausted url=https://www.myfonts.com/products/beth-alt-family-package-1161583
[2026-06-05T10:07:04Z] #63 attempt=1/2 status=404 0.236s url=https://www.myfonts.com/collections/beth-alt-font-latinotype
[2026-06-05T10:07:05Z] #64 attempt=1/2 status=200 0.304s url=https://www.myfonts.com/products/goudy-modern-now-variable-complete-family-package-1163662
[2026-06-05T10:07:05Z] #65 attempt=1/2 status=200 0.345s url=https://www.myfonts.com/collections/goudy-modern-now-variable-font-monotype-imaging/
[2026-06-05T10:07:06Z] #66 attempt=1/2 status=200 0.332s url=https://www.myfonts.com/products/nice-marker-complete-family-package-1163609
[2026-06-05T10:07:06Z] #67 attempt=1/2 status=200 0.344s url=https://www.myfonts.com/collections/nice-marker-font-sensatype-studio/
[2026-06-05T10:07:07Z] #68 attempt=1/2 status=200 0.522s url=https://www.myfonts.com/products/fundatio-complete-family-package-1163559
[2026-06-05T10:07:08Z] #69 attempt=1/2 status=200 0.404s url=https://www.myfonts.com/collections/fundatio-font-fidan-fonts/
[2026-06-05T10:07:08Z] #70 attempt=1/2 status=200 0.342s url=https://www.myfonts.com/products/goudy-modern-now-open-complete-family-package-1163649
[2026-06-05T10:07:09Z] #71 attempt=1/2 status=200 0.399s url=https://www.myfonts.com/collections/goudy-modern-now-open-font-monotype-imaging/
[2026-06-05T10:07:10Z] #72 attempt=1/2 status=200 0.357s url=https://www.myfonts.com/products/floreon-complete-family-package-1163605
[2026-06-05T10:07:10Z] #73 attempt=1/2 status=200 0.376s url=https://www.myfonts.com/collections/floreon-font-sensatype-studio/
[2026-06-05T10:07:11Z] #74 attempt=1/2 status=200 0.285s url=https://www.myfonts.com/products/mocktails-sunday-complete-family-package-1163646
[2026-06-05T10:07:11Z] #75 attempt=1/2 status=429 0.044s url=https://www.myfonts.com/collections/mocktails-sunday-font-agny-hasya-studio/
[2026-06-05T10:07:14Z] #76 attempt=2/2 status=200 0.515s url=https://www.myfonts.com/collections/mocktails-sunday-font-agny-hasya-studio/
[2026-06-05T10:07:14Z] #77 attempt=1/2 status=200 0.280s url=https://www.myfonts.com/products/sanita-yughi-complete-family-package-1163602
[2026-06-05T10:07:15Z] #78 attempt=1/2 status=200 0.349s url=https://www.myfonts.com/collections/sanita-yughi-font-letterena-studios/
[2026-06-05T10:07:15Z] #79 attempt=1/2 status=200 0.254s url=https://www.myfonts.com/products/regular-bedbag-1163580
[2026-06-05T10:07:16Z] #80 attempt=1/2 status=200 0.278s url=https://www.myfonts.com/collections/bedbag-font-rasio-studio/
[2026-06-05T10:07:17Z] #81 attempt=1/6 status=200 0.747s url=https://www.myfonts.com/products.json?limit=100&page=2
[2026-06-05T10:07:18Z] #82 attempt=1/2 status=200 0.268s url=https://www.myfonts.com/products/regular-roslane-1163578
[2026-06-05T10:07:18Z] #83 attempt=1/2 status=429 0.034s url=https://www.myfonts.com/collections/roslane-font-krismagraph/
[2026-06-05T10:07:21Z] #84 attempt=2/2 status=200 0.327s url=https://www.myfonts.com/collections/roslane-font-krismagraph/
[2026-06-05T10:07:21Z] #85 attempt=1/2 status=200 0.251s url=https://www.myfonts.com/products/regular-gary-1163601
[2026-06-05T10:07:22Z] #86 attempt=1/2 status=200 0.263s url=https://www.myfonts.com/collections/gary-font-zaain-type/
[2026-06-05T10:07:22Z] #87 attempt=1/2 status=200 0.286s url=https://www.myfonts.com/products/regular-stroomy-1163545
[2026-06-05T10:07:22Z] #88 attempt=1/2 status=429 0.031s url=https://www.myfonts.com/collections/stroomy-font-sensatype-studio/
[2026-06-05T10:07:25Z] #89 attempt=2/2 status=200 0.405s url=https://www.myfonts.com/collections/stroomy-font-sensatype-studio/
[2026-06-05T10:07:26Z] #90 attempt=1/2 status=200 0.240s url=https://www.myfonts.com/products/regular-asgraph-1163644
[2026-06-05T10:07:26Z] #91 attempt=1/2 status=200 0.273s url=https://www.myfonts.com/collections/asgraph-font-syntype/
[2026-06-05T10:07:27Z] #92 attempt=1/2 status=200 0.269s url=https://www.myfonts.com/products/regular-birthday-calligraphy-1163645
[2026-06-05T10:07:27Z] #93 attempt=1/2 status=200 0.265s url=https://www.myfonts.com/collections/birthday-calligraphy-font-tertoecreative/
[2026-06-05T10:07:27Z] #94 attempt=1/2 status=429 0.035s url=https://www.myfonts.com/products/temur-amorak-regular-mc-temur-amorak-1163566
[2026-06-05T10:07:30Z] #95 attempt=2/2 status=200 0.291s url=https://www.myfonts.com/products/temur-amorak-regular-mc-temur-amorak-1163566
[2026-06-05T10:07:30Z] #96 attempt=1/2 status=200 0.253s url=https://www.myfonts.com/collections/mc-temur-amorak-font-maulana-creative/
[2026-06-05T10:07:31Z] #97 attempt=1/2 status=200 0.256s url=https://www.myfonts.com/products/bold-barkins-variable-1163565
[2026-06-05T10:07:31Z] #98 attempt=1/2 status=200 0.264s url=https://www.myfonts.com/collections/barkins-variable-font-typeberry/
[2026-06-05T10:07:32Z] #99 attempt=1/2 status=200 0.263s url=https://www.myfonts.com/products/regular-myten-years-1163640
[2026-06-05T10:07:32Z] #100 attempt=1/2 status=429 0.033s url=https://www.myfonts.com/collections/myten-years-font-tini-fitriani/
[2026-06-05T10:07:35Z] #101 attempt=2/2 status=200 0.352s url=https://www.myfonts.com/collections/myten-years-font-tini-fitriani/
[2026-06-05T10:07:35Z] #102 attempt=1/2 status=200 0.309s url=https://www.myfonts.com/products/decorative-sellmalpen-1163615
[2026-06-05T10:07:36Z] #103 attempt=1/2 status=200 0.259s url=https://www.myfonts.com/collections/sellmalpen-font-mei-suseno/
[2026-06-05T10:07:36Z] #104 attempt=1/2 status=200 0.276s url=https://www.myfonts.com/products/regular-beatina-1163614
[2026-06-05T10:07:37Z] #105 attempt=1/2 status=200 0.280s url=https://www.myfonts.com/collections/beatina-font-basnistudio/
[2026-06-05T10:07:37Z] #106 attempt=1/2 status=429 0.037s url=https://www.myfonts.com/products/regular-gragle-1163613
[2026-06-05T10:07:40Z] #107 attempt=2/2 status=200 0.372s url=https://www.myfonts.com/products/regular-gragle-1163613
[2026-06-05T10:07:40Z] #108 attempt=1/2 status=200 0.261s url=https://www.myfonts.com/collections/gragle-font-pandeka-studio/
[2026-06-05T10:07:41Z] #109 attempt=1/2 status=200 0.392s url=https://www.myfonts.com/products/back-beat-skinny-and-wide-complete-family-package-1163004
[2026-06-05T10:07:42Z] #110 attempt=1/2 status=200 0.518s url=https://www.myfonts.com/collections/back-beat-skinny-and-wide-font-comicraft/
[2026-06-05T10:07:43Z] #111 attempt=1/2 status=200 1.402s url=https://www.myfonts.com/products/stencil-package-1162906
[2026-06-05T10:07:46Z] #112 attempt=1/2 status=200 2.240s url=https://www.myfonts.com/collections/glagter-font-rastype-studio/
[2026-06-05T10:07:47Z] #113 attempt=1/2 status=200 0.303s url=https://www.myfonts.com/products/peachy-weekend-complete-family-package-1163035
[2026-06-05T10:07:48Z] #114 attempt=1/2 status=200 0.420s url=https://www.myfonts.com/collections/peachy-weekend-font-medialabco/
[2026-06-05T10:07:48Z] #115 attempt=1/2 status=200 0.274s url=https://www.myfonts.com/products/quebit-family-package-1162947
[2026-06-05T10:07:49Z] #116 attempt=1/2 status=200 0.640s url=https://www.myfonts.com/collections/quebit-font-wahyu-sani-co/
[2026-06-05T10:07:50Z] #117 attempt=1/2 status=200 0.287s url=https://www.myfonts.com/products/taste-juicy-scribbles-complete-family-package-1163345
[2026-06-05T10:07:50Z] #118 attempt=1/2 status=200 0.423s url=https://www.myfonts.com/collections/taste-juicy-scribbles-font-stylishtype-studio/
[2026-06-05T10:07:51Z] #119 attempt=1/2 status=200 0.321s url=https://www.myfonts.com/products/dear-puppets-complete-family-package-1163358
[2026-06-05T10:07:52Z] #120 attempt=1/2 status=200 0.309s url=https://www.myfonts.com/collections/dear-puppets-font-heinzel-std/
[2026-06-05T10:07:52Z] #121 attempt=1/2 status=200 0.331s url=https://www.myfonts.com/products/beamo-complete-family-package-1162920
[2026-06-05T10:07:52Z] #122 attempt=1/2 status=429 0.032s url=https://www.myfonts.com/collections/beamo-font-pandeka-studio/
[2026-06-05T10:07:55Z] #123 attempt=2/2 status=200 0.378s url=https://www.myfonts.com/collections/beamo-font-pandeka-studio/
[2026-06-05T10:07:56Z] #124 attempt=1/2 status=200 0.568s url=https://www.myfonts.com/products/expanded-package-1163313
[2026-06-05T10:07:57Z] #125 attempt=1/2 status=200 1.199s url=https://www.myfonts.com/collections/monqest-font-groenstudio/
[2026-06-05T10:07:59Z] #126 attempt=1/6 status=200 0.739s url=https://www.myfonts.com/products.json?limit=100&page=3
[2026-06-05T10:07:59Z] #127 attempt=1/2 status=200 0.298s url=https://www.myfonts.com/products/bropie-complete-family-package-1163026
[2026-06-05T10:08:00Z] #128 attempt=1/2 status=200 0.344s url=https://www.myfonts.com/collections/bropie-font-font-liner/
[2026-06-05T10:08:00Z] #129 attempt=1/2 status=200 0.330s url=https://www.myfonts.com/products/bronley-complete-family-package-1163453
[2026-06-05T10:08:01Z] #130 attempt=1/2 status=200 0.336s url=https://www.myfonts.com/collections/bronley-font-ahweproject/
[2026-06-05T10:08:02Z] #131 attempt=1/2 status=200 0.293s url=https://www.myfonts.com/products/aconit-variable-complete-family-package-1163065
[2026-06-05T10:08:02Z] #132 attempt=1/2 status=200 0.371s url=https://www.myfonts.com/collections/aconit-variable-font-octotypo/
[2026-06-05T10:08:03Z] #133 attempt=1/2 status=429 0.043s url=https://www.myfonts.com/products/designer-stuff-package-1162978
[2026-06-05T10:08:05Z] #134 attempt=2/2 status=200 0.419s url=https://www.myfonts.com/products/designer-stuff-package-1162978
[2026-06-05T10:08:06Z] #135 attempt=1/2 status=200 0.508s url=https://www.myfonts.com/collections/gc-volumn-font-onyx-studio/
[2026-06-05T10:08:07Z] #136 attempt=1/2 status=200 0.617s url=https://www.myfonts.com/products/vexora-variable-complete-family-package-1163361
[2026-06-05T10:08:08Z] #137 attempt=1/2 status=200 0.982s url=https://www.myfonts.com/collections/vexora-variable-font-donyadesign/
[2026-06-05T10:08:09Z] #138 attempt=1/2 status=200 0.410s url=https://www.myfonts.com/products/canto-complete-family-package-1163326
[2026-06-05T10:08:10Z] #139 attempt=1/2 status=200 0.493s url=https://www.myfonts.com/collections/canto-font-gian-studio/
[2026-06-05T10:08:10Z] #140 attempt=1/2 status=200 0.339s url=https://www.myfonts.com/products/little-supply-complete-family-package-1162994
[2026-06-05T10:08:11Z] #141 attempt=1/2 status=200 0.384s url=https://www.myfonts.com/collections/little-supply-font-artiveko/
[2026-06-05T10:08:11Z] #142 attempt=1/2 status=200 0.278s url=https://www.myfonts.com/products/avedoria-complete-family-package-1163350
[2026-06-05T10:08:12Z] #143 attempt=1/2 status=429 0.039s url=https://www.myfonts.com/collections/avedoria-font-heinzel-std/
[2026-06-05T10:08:14Z] #144 attempt=2/2 status=200 0.396s url=https://www.myfonts.com/collections/avedoria-font-heinzel-std/
[2026-06-05T10:08:15Z] #145 attempt=1/2 status=200 0.299s url=https://www.myfonts.com/products/parceh-complete-family-package-1163022
[2026-06-05T10:08:16Z] #146 attempt=1/2 status=200 0.375s url=https://www.myfonts.com/collections/parceh-font-hishand-studio/
[2026-06-05T10:08:16Z] #147 attempt=1/2 status=200 0.315s url=https://www.myfonts.com/products/kairy-elegant-complete-family-package-1163032
[2026-06-05T10:08:17Z] #148 attempt=1/2 status=200 0.357s url=https://www.myfonts.com/collections/kairy-elegant-font-agung-sudirman/
[2026-06-05T10:08:17Z] #149 attempt=1/2 status=429 0.032s url=https://www.myfonts.com/products/urema-complete-family-package-1162984
[2026-06-05T10:08:20Z] #150 attempt=2/2 status=200 0.376s url=https://www.myfonts.com/products/urema-complete-family-package-1162984
[2026-06-05T10:08:20Z] #151 attempt=1/2 status=200 0.480s url=https://www.myfonts.com/collections/urema-font-zafira-type/
[2026-06-05T10:08:21Z] #152 attempt=1/2 status=200 0.310s url=https://www.myfonts.com/products/beckman-variable-complete-family-package-1162915
[2026-06-05T10:08:22Z] #153 attempt=1/2 status=200 0.383s url=https://www.myfonts.com/collections/beckman-variable-font-factory738/
[2026-06-05T10:08:22Z] #154 attempt=1/2 status=200 0.355s url=https://www.myfonts.com/products/asulvoya-complete-family-package-1162997
[2026-06-05T10:08:23Z] #155 attempt=1/2 status=200 0.389s url=https://www.myfonts.com/collections/asulvoya-font-typeclassheroes/
[2026-06-05T10:08:23Z] #156 attempt=1/2 status=429 0.040s url=https://www.myfonts.com/products/caliro-complete-family-package-1163062
[2026-06-05T10:08:26Z] #157 attempt=2/2 status=200 0.350s url=https://www.myfonts.com/products/caliro-complete-family-package-1163062
[2026-06-05T10:08:26Z] #158 attempt=1/2 status=200 0.423s url=https://www.myfonts.com/collections/caliro-font-vermilione/
[2026-06-05T10:08:27Z] #159 attempt=1/2 status=200 0.328s url=https://www.myfonts.com/products/gravex-massive-complete-family-package-1163029
[2026-06-05T10:08:27Z] #160 attempt=1/2 status=200 0.396s url=https://www.myfonts.com/collections/gravex-massive-font-lettertype-studio/
[2026-06-05T10:08:28Z] #161 attempt=1/2 status=200 0.347s url=https://www.myfonts.com/products/ramile-complete-family-package-1163053
[2026-06-05T10:08:28Z] #162 attempt=1/2 status=429 0.042s url=https://www.myfonts.com/collections/ramile-font-ragamkata/
[2026-06-05T10:08:31Z] #163 attempt=2/2 status=200 0.449s url=https://www.myfonts.com/collections/ramile-font-ragamkata/
[2026-06-05T10:08:32Z] #164 attempt=1/2 status=200 0.307s url=https://www.myfonts.com/products/softly-written-complete-family-package-1162930
[2026-06-05T10:08:32Z] #165 attempt=1/2 status=200 0.507s url=https://www.myfonts.com/collections/softly-written-font-littlehand/
[2026-06-05T10:08:33Z] #166 attempt=1/2 status=200 0.323s url=https://www.myfonts.com/products/morgel-eentrialy-complete-family-package-1163355
[2026-06-05T10:08:33Z] #167 attempt=1/2 status=200 0.141s url=https://www.myfonts.com/collections/morgel-eentrialy-font-maikohatta/
[2026-06-05T10:08:34Z] #168 attempt=1/2 status=429 0.029s url=https://www.myfonts.com/products/manjawi-complete-family-package-1163000
[2026-06-05T10:08:36Z] #169 attempt=2/2 status=200 0.382s url=https://www.myfonts.com/products/manjawi-complete-family-package-1163000
[2026-06-05T10:08:37Z] #170 attempt=1/2 status=200 0.387s url=https://www.myfonts.com/collections/manjawi-font-agung-sudirman/
[2026-06-05T10:08:37Z] #171 attempt=1/2 status=200 0.356s url=https://www.myfonts.com/products/zorvex-complete-family-package-1162949
[2026-06-05T10:08:38Z] #172 attempt=1/2 status=200 0.357s url=https://www.myfonts.com/collections/zorvex-font-letterara/
[2026-06-05T10:08:39Z] #173 attempt=1/2 status=200 0.448s url=https://www.myfonts.com/products/watchkraft-complete-family-package-1163040
[2026-06-05T10:08:40Z] #174 attempt=1/2 status=200 0.564s url=https://www.myfonts.com/collections/watchkraft-font-ghozai-studio/
[2026-06-05T10:08:40Z] #175 attempt=1/2 status=200 0.329s url=https://www.myfonts.com/products/astralis-complete-family-package-1163260
[2026-06-05T10:08:40Z] #176 attempt=1/2 status=429 0.028s url=https://www.myfonts.com/collections/astralis-font-vampstudio/
[2026-06-05T10:08:43Z] #177 attempt=2/2 status=200 0.564s url=https://www.myfonts.com/collections/astralis-font-vampstudio/
[2026-06-05T10:08:44Z] #178 attempt=1/2 status=200 0.554s url=https://www.myfonts.com/products/thing-complete-family-package-1163458
[2026-06-05T10:08:45Z] #179 attempt=1/2 status=200 0.871s url=https://www.myfonts.com/collections/thing-font-alpercakici/
[2026-06-05T10:08:46Z] #180 attempt=1/2 status=200 0.276s url=https://www.myfonts.com/products/regular-hapsoon-1162918
[2026-06-05T10:08:46Z] #181 attempt=1/2 status=200 0.258s url=https://www.myfonts.com/collections/hapsoon-font-flawlessandco/
[2026-06-05T10:08:47Z] #182 attempt=1/2 status=200 0.267s url=https://www.myfonts.com/products/regular-enda-danila-1162923
[2026-06-05T10:08:47Z] #183 attempt=1/2 status=200 0.256s url=https://www.myfonts.com/collections/enda-danila-font-denustudio/
[2026-06-05T10:08:48Z] #184 attempt=1/2 status=429 0.038s url=https://www.myfonts.com/products/regular-seramonde-1163315
[2026-06-05T10:08:50Z] #185 attempt=2/2 status=200 0.311s url=https://www.myfonts.com/products/regular-seramonde-1163315
[2026-06-05T10:08:51Z] #186 attempt=1/2 status=200 0.304s url=https://www.myfonts.com/collections/seramonde-font-eko-bimantara/
[2026-06-05T10:08:52Z] #187 attempt=1/6 status=200 0.728s url=https://www.myfonts.com/products.json?limit=100&page=4
[2026-06-05T10:08:52Z] #188 attempt=1/2 status=200 0.275s url=https://www.myfonts.com/products/regular-cafeno-1163319
[2026-06-05T10:08:53Z] #189 attempt=1/2 status=200 0.273s url=https://www.myfonts.com/collections/cafeno-font-eko-bimantara/
[2026-06-05T10:08:53Z] #190 attempt=1/2 status=429 0.052s url=https://www.myfonts.com/products/regular-qetara-1162913
[2026-06-05T10:08:56Z] #191 attempt=2/2 status=200 0.299s url=https://www.myfonts.com/products/regular-qetara-1162913
[2026-06-05T10:08:56Z] #192 attempt=1/2 status=200 0.262s url=https://www.myfonts.com/collections/qetara-font-vadova-std/
[2026-06-05T10:08:57Z] #193 attempt=1/2 status=200 0.264s url=https://www.myfonts.com/products/regular-inktera-1162979
[2026-06-05T10:08:57Z] #194 attempt=1/2 status=200 0.263s url=https://www.myfonts.com/collections/inktera-font-limitype/
[2026-06-05T10:08:58Z] #195 attempt=1/2 status=200 0.257s url=https://www.myfonts.com/products/regular-welice-1162917
[2026-06-05T10:08:58Z] #196 attempt=1/2 status=429 0.047s url=https://www.myfonts.com/collections/welice-font-vadova-std/
[2026-06-05T10:09:01Z] #197 attempt=2/2 status=200 0.350s url=https://www.myfonts.com/collections/welice-font-vadova-std/
[2026-06-05T10:09:01Z] #198 attempt=1/2 status=200 0.301s url=https://www.myfonts.com/products/regular-simple-journey-1163354
[2026-06-05T10:09:02Z] #199 attempt=1/2 status=200 0.287s url=https://www.myfonts.com/collections/simple-journey-font-tini-fitriani/
[2026-06-05T10:09:02Z] #200 attempt=1/2 status=200 0.350s url=https://www.myfonts.com/products/alveron-regular-alveron-1163324
[2026-06-05T10:09:03Z] #201 attempt=1/2 status=200 0.279s url=https://www.myfonts.com/collections/alveron-font-flawlessandco/
[2026-06-05T10:09:03Z] #202 attempt=1/2 status=429 0.036s url=https://www.myfonts.com/products/regular-austerlane-1163317
[2026-06-05T10:09:06Z] #203 attempt=2/2 status=200 0.303s url=https://www.myfonts.com/products/regular-austerlane-1163317
[2026-06-05T10:09:06Z] #204 attempt=1/2 status=200 0.290s url=https://www.myfonts.com/collections/austerlane-font-eko-bimantara/
[2026-06-05T10:09:07Z] #205 attempt=1/2 status=200 0.355s url=https://www.myfonts.com/products/regular-wisteriano-1162909
[2026-06-05T10:09:07Z] #206 attempt=1/2 status=200 0.267s url=https://www.myfonts.com/collections/wisteriano-font-flawlessandco/
[2026-06-05T10:09:08Z] #207 attempt=1/2 status=200 0.275s url=https://www.myfonts.com/products/regular-serathon-1162912
[2026-06-05T10:09:08Z] #208 attempt=1/2 status=429 0.041s url=https://www.myfonts.com/collections/serathon-font-letterluck/
[2026-06-05T10:09:11Z] #209 attempt=2/2 status=200 0.315s url=https://www.myfonts.com/collections/serathon-font-letterluck/
[2026-06-05T10:09:12Z] #210 attempt=1/6 status=200 0.732s url=https://www.myfonts.com/products.json?limit=100&page=5
[2026-06-05T10:09:12Z] #211 attempt=1/2 status=200 0.233s url=https://www.myfonts.com/products/script-handies-1163310
[2026-06-05T10:09:13Z] #212 attempt=1/2 status=200 0.250s url=https://www.myfonts.com/collections/handies-font-eko-bimantara/
[2026-06-05T10:09:14Z] #213 attempt=1/2 status=200 0.413s url=https://www.myfonts.com/products/regular-yokotha-1162919
[2026-06-05T10:09:14Z] #214 attempt=1/2 status=200 0.325s url=https://www.myfonts.com/collections/yokotha-font-vadova-std/
[2026-06-05T10:09:14Z] #215 attempt=1/2 status=429 0.033s url=https://www.myfonts.com/products/regular-rt-the-matcha-club-1163325
[2026-06-05T10:09:17Z] #216 attempt=2/2 status=200 0.307s url=https://www.myfonts.com/products/regular-rt-the-matcha-club-1163325
[2026-06-05T10:09:17Z] #217 attempt=1/2 status=200 0.307s url=https://www.myfonts.com/collections/rt-the-matcha-club-font-rillatype/
[2026-06-05T10:09:18Z] #218 attempt=1/2 status=200 0.234s url=https://www.myfonts.com/products/regular-chermant-1162983
[2026-06-05T10:09:18Z] #219 attempt=1/2 status=200 0.296s url=https://www.myfonts.com/collections/chermant-font-monolimes/
[2026-06-05T10:09:19Z] #220 attempt=1/2 status=429 0.033s url=https://www.myfonts.com/products/regular-ravente-1162911
[2026-06-05T10:09:21Z] #221 attempt=2/2 status=200 0.300s url=https://www.myfonts.com/products/regular-ravente-1162911
[2026-06-05T10:09:22Z] #222 attempt=1/2 status=200 0.297s url=https://www.myfonts.com/collections/ravente-font-flawlessandco/
[2026-06-05T10:09:23Z] #223 attempt=1/6 status=200 0.802s url=https://www.myfonts.com/products.json?limit=100&page=6
[2026-06-05T10:09:24Z] #224 attempt=1/2 status=200 0.227s url=https://www.myfonts.com/products/regular-nouilia-1163003
[2026-06-05T10:09:24Z] #225 attempt=1/2 status=200 0.259s url=https://www.myfonts.com/collections/nouilia-font-typogama/
[2026-06-05T10:09:25Z] #226 attempt=1/2 status=200 0.299s url=https://www.myfonts.com/products/valentos-mulder-regular-mc-valentos-mulder-1163348
[2026-06-05T10:09:25Z] #227 attempt=1/2 status=429 0.038s url=https://www.myfonts.com/collections/mc-valentos-mulder-font-maulana-creative/
[2026-06-05T10:09:27Z] #228 attempt=2/2 status=200 0.306s url=https://www.myfonts.com/collections/mc-valentos-mulder-font-maulana-creative/
[2026-06-05T10:09:28Z] #229 attempt=1/2 status=200 0.259s url=https://www.myfonts.com/products/regular-yj-dishplay-1163021
[2026-06-05T10:09:28Z] #230 attempt=1/2 status=200 0.247s url=https://www.myfonts.com/collections/yj-dishplay-font-yenty-jap-co/
[2026-06-05T10:09:29Z] #231 attempt=1/2 status=200 0.313s url=https://www.myfonts.com/products/regular-zipzap-marker-1163316
[2026-06-05T10:09:29Z] #232 attempt=1/2 status=200 0.291s url=https://www.myfonts.com/collections/zipzap-marker-font-eko-bimantara/
[2026-06-05T10:09:30Z] #233 attempt=1/2 status=429 0.050s url=https://www.myfonts.com/products/regular-clance-1163353
[2026-06-05T10:09:32Z] #234 attempt=2/2 status=200 0.386s url=https://www.myfonts.com/products/regular-clance-1163353
[2026-06-05T10:09:33Z] #235 attempt=1/2 status=200 0.269s url=https://www.myfonts.com/collections/clance-font-maikohatta/
[2026-06-05T10:09:34Z] #236 attempt=1/2 status=200 0.306s url=https://www.myfonts.com/products/regular-antiink-1162980
[2026-06-05T10:09:34Z] #237 attempt=1/2 status=200 0.254s url=https://www.myfonts.com/collections/antiink-font-sipanji21/
[2026-06-05T10:09:35Z] #238 attempt=1/2 status=200 0.270s url=https://www.myfonts.com/products/landeur-peufios-regular-mc-landeur-peufios-1163349
[2026-06-05T10:09:35Z] #239 attempt=1/2 status=429 0.040s url=https://www.myfonts.com/collections/mc-landeur-peufios-font-maulana-creative/
[2026-06-05T10:09:37Z] #240 attempt=2/2 status=200 0.321s url=https://www.myfonts.com/collections/mc-landeur-peufios-font-maulana-creative/
[2026-06-05T10:09:38Z] #241 attempt=1/2 status=200 0.254s url=https://www.myfonts.com/products/regular-blaperoom-1162914
[2026-06-05T10:09:38Z] #242 attempt=1/2 status=200 0.267s url=https://www.myfonts.com/collections/blaperoom-font-flawlessandco/
[2026-06-05T10:09:39Z] #243 attempt=1/2 status=200 0.328s url=https://www.myfonts.com/products/regular-manow-1163323
[2026-06-05T10:09:39Z] #244 attempt=1/2 status=429 0.030s url=https://www.myfonts.com/collections/manow-font-sensatype-studio/
[2026-06-05T10:09:42Z] #245 attempt=2/2 status=200 0.267s url=https://www.myfonts.com/collections/manow-font-sensatype-studio/
[2026-06-05T10:09:42Z] #246 attempt=1/2 status=200 0.272s url=https://www.myfonts.com/products/regular-mushbie-1163318
[2026-06-05T10:09:43Z] #247 attempt=1/2 status=200 0.284s url=https://www.myfonts.com/collections/mushbie-font-eko-bimantara/
[2026-06-05T10:09:44Z] #248 attempt=1/6 status=200 0.757s url=https://www.myfonts.com/products.json?limit=100&page=7
[2026-06-05T10:09:45Z] #249 attempt=1/2 status=200 0.278s url=https://www.myfonts.com/products/regular-sublane-1163314
[2026-06-05T10:09:45Z] #250 attempt=1/2 status=200 0.308s url=https://www.myfonts.com/collections/sublane-font-eko-bimantara/
[2026-06-05T10:09:46Z] #251 attempt=1/2 status=200 0.236s url=https://www.myfonts.com/products/regular-bitram-1162981
[2026-06-05T10:09:46Z] #252 attempt=1/2 status=429 0.034s url=https://www.myfonts.com/collections/bitram-font-drizy-font/
[2026-06-05T10:09:48Z] #253 attempt=2/2 status=200 0.312s url=https://www.myfonts.com/collections/bitram-font-drizy-font/
[2026-06-05T10:09:49Z] #254 attempt=1/2 status=200 0.297s url=https://www.myfonts.com/products/local-diamond-regular-local-diamond-1163068
[2026-06-05T10:09:49Z] #255 attempt=1/2 status=200 0.266s url=https://www.myfonts.com/collections/local-diamond-font-moontiontype/
[2026-06-05T10:09:50Z] #256 attempt=1/2 status=200 0.283s url=https://www.myfonts.com/products/regular-zerx-1163321
[2026-06-05T10:09:50Z] #257 attempt=1/2 status=429 0.034s url=https://www.myfonts.com/collections/zerx-font-maenjari-std/
[2026-06-05T10:09:53Z] #258 attempt=2/2 status=200 0.322s url=https://www.myfonts.com/collections/zerx-font-maenjari-std/
[2026-06-05T10:09:53Z] #259 attempt=1/2 status=200 0.300s url=https://www.myfonts.com/products/avaleia-script-regular-avaleia-script-1163322
[2026-06-05T10:09:54Z] #260 attempt=1/2 status=200 0.262s url=https://www.myfonts.com/collections/avaleia-script-font-sototive/
[2026-06-05T10:09:54Z] #261 attempt=1/2 status=200 0.287s url=https://www.myfonts.com/products/regular-soneburg-1163320
[2026-06-05T10:09:55Z] #262 attempt=1/2 status=200 0.250s url=https://www.myfonts.com/collections/soneburg-font-eko-bimantara/
[2026-06-05T10:09:56Z] #263 attempt=1/6 status=200 0.738s url=https://www.myfonts.com/products.json?limit=100&page=8
[2026-06-05T10:09:56Z] #264 attempt=1/2 status=429 0.033s url=https://www.myfonts.com/products/regular-korneto-1162910
[2026-06-05T10:09:59Z] #265 attempt=2/2 status=200 0.396s url=https://www.myfonts.com/products/regular-korneto-1162910
[2026-06-05T10:09:59Z] #266 attempt=1/2 status=200 0.239s url=https://www.myfonts.com/collections/korneto-font-vadova-std/
[2026-06-05T10:10:00Z] #267 attempt=1/2 status=200 0.287s url=https://www.myfonts.com/products/regular-rahagi-1162982
[2026-06-05T10:10:00Z] #268 attempt=1/2 status=200 0.267s url=https://www.myfonts.com/collections/rahagi-font-bondangail/
[2026-06-05T10:10:01Z] #269 attempt=1/2 status=200 0.305s url=https://www.myfonts.com/products/regular-heilstoria-1162908
[2026-06-05T10:10:01Z] #270 attempt=1/2 status=429 0.039s url=https://www.myfonts.com/collections/heilstoria-font-flawlessandco/
[2026-06-05T10:10:04Z] #271 attempt=2/2 status=200 0.296s url=https://www.myfonts.com/collections/heilstoria-font-flawlessandco/
[2026-06-05T10:10:04Z] #272 attempt=1/2 status=200 0.293s url=https://www.myfonts.com/products/condensed-brisck-1163257
[2026-06-05T10:10:05Z] #273 attempt=1/2 status=200 0.394s url=https://www.myfonts.com/collections/brisck-font-erifqizefont/
[2026-06-05T10:10:06Z] #274 attempt=1/2 status=200 0.252s url=https://www.myfonts.com/products/regular-angelina-malika-1163258
[2026-06-05T10:10:06Z] #275 attempt=1/2 status=200 0.276s url=https://www.myfonts.com/collections/angelina-malika-font-letterhanna-studio/
[2026-06-05T10:10:06Z] #276 attempt=1/2 status=429 0.035s url=https://www.myfonts.com/products/regular-sparkling-moment-1163254
[2026-06-05T10:10:09Z] #277 attempt=2/2 status=200 0.279s url=https://www.myfonts.com/products/regular-sparkling-moment-1163254
[2026-06-05T10:10:09Z] #278 attempt=1/2 status=200 0.277s url=https://www.myfonts.com/collections/sparkling-moment-font-agny-hasya-studio/
[2026-06-05T10:10:10Z] #279 attempt=1/2 status=200 0.349s url=https://www.myfonts.com/products/ancestri-slab-complete-family-package-1160296
[2026-06-05T10:10:11Z] #280 attempt=1/2 status=200 0.629s url=https://www.myfonts.com/collections/ancestri-slab-font-nollev/
[2026-06-05T10:10:11Z] #281 attempt=1/2 status=200 0.296s url=https://www.myfonts.com/products/buam-complete-family-package-1151858
[2026-06-05T10:10:12Z] #282 attempt=1/2 status=429 0.039s url=https://www.myfonts.com/collections/buam-font-stawix/
[2026-06-05T10:10:14Z] #283 attempt=2/2 status=200 0.632s url=https://www.myfonts.com/collections/buam-font-stawix/
[2026-06-05T10:10:15Z] #284 attempt=1/2 status=200 0.541s url=https://www.myfonts.com/products/raskolnikov-complete-family-package-1162856
[2026-06-05T10:10:16Z] #285 attempt=1/2 status=200 0.812s url=https://www.myfonts.com/collections/raskolnikov-font-alpercakici/
[2026-06-05T10:10:18Z] #286 attempt=1/6 status=200 0.721s url=https://www.myfonts.com/products.json?limit=100&page=9
[2026-06-05T10:10:19Z] #287 attempt=1/2 status=200 0.978s url=https://www.myfonts.com/products/blanco-complete-family-package-1162743
[2026-06-05T10:10:21Z] #288 attempt=1/2 status=200 1.313s url=https://www.myfonts.com/collections/blanco-font-alpercakici/
[2026-06-05T10:10:22Z] #289 attempt=1/6 status=200 0.782s url=https://www.myfonts.com/products.json?limit=100&page=10
[2026-06-05T10:10:23Z] #290 attempt=1/2 status=200 0.339s url=https://www.myfonts.com/products/regular-aktivist-1156670
[2026-06-05T10:10:23Z] #291 attempt=1/2 status=200 0.280s url=https://www.myfonts.com/collections/aktivist-font-fontanatype/
[2026-06-05T10:10:24Z] #292 attempt=1/2 status=200 0.301s url=https://www.myfonts.com/products/pramat-complete-family-package-1134223
[2026-06-05T10:10:24Z] #293 attempt=1/2 status=200 0.345s url=https://www.myfonts.com/collections/pramat-font-bale-type/
[2026-06-05T10:10:25Z] #294 attempt=1/2 status=200 0.320s url=https://www.myfonts.com/products/glaytons-complete-family-package-1162690
[2026-06-05T10:10:26Z] #295 attempt=1/2 status=200 0.336s url=https://www.myfonts.com/collections/glaytons-font-letterena-studios/
[2026-06-05T10:10:26Z] #296 attempt=1/2 status=200 0.306s url=https://www.myfonts.com/products/badilna-complete-family-package-1162687
[2026-06-05T10:10:27Z] #297 attempt=1/2 status=200 0.320s url=https://www.myfonts.com/collections/badilna-font-letterena-studios/
[2026-06-05T10:10:27Z] #298 attempt=1/2 status=200 0.352s url=https://www.myfonts.com/products/rhumb-variable-complete-family-package-1162731
[2026-06-05T10:10:28Z] #299 attempt=1/2 status=429 0.045s url=https://www.myfonts.com/collections/rhumb-variable-font-octotypo/
[2026-06-05T10:10:30Z] #300 attempt=2/2 status=200 0.428s url=https://www.myfonts.com/collections/rhumb-variable-font-octotypo/
[2026-06-05T10:10:31Z] #301 attempt=1/2 status=200 0.347s url=https://www.myfonts.com/products/zentaro-complete-family-package-1162717
[2026-06-05T10:10:32Z] #302 attempt=1/2 status=200 0.441s url=https://www.myfonts.com/collections/zentaro-font-qiubare-studio/
[2026-06-05T10:10:32Z] #303 attempt=1/2 status=200 0.290s url=https://www.myfonts.com/products/montegar-complete-family-package-1162711
[2026-06-05T10:10:33Z] #304 attempt=1/2 status=200 0.415s url=https://www.myfonts.com/collections/montegar-font-lettertype-studio/
[2026-06-05T10:10:34Z] #305 attempt=1/2 status=200 0.653s url=https://www.myfonts.com/products/novel-display-complete-family-package-1162446
[2026-06-05T10:10:34Z] #306 attempt=1/2 status=429 0.038s url=https://www.myfonts.com/collections/novel-display-font-atlasfontfoundry/
[2026-06-05T10:10:37Z] #307 attempt=2/2 status=200 0.903s url=https://www.myfonts.com/collections/novel-display-font-atlasfontfoundry/
[2026-06-05T10:10:38Z] #308 attempt=1/2 status=200 0.297s url=https://www.myfonts.com/products/carnival-lights-complete-family-package-1162547
[2026-06-05T10:10:39Z] #309 attempt=1/2 status=200 0.405s url=https://www.myfonts.com/collections/carnival-lights-font-bale-type/
[2026-06-05T10:10:39Z] #310 attempt=1/2 status=200 0.302s url=https://www.myfonts.com/products/back-tactical-complete-family-package-1162739
[2026-06-05T10:10:40Z] #311 attempt=1/2 status=200 0.465s url=https://www.myfonts.com/collections/back-tactical-font-letterena-studios/
[2026-06-05T10:10:40Z] #312 attempt=1/2 status=200 0.373s url=https://www.myfonts.com/products/caldris-complete-family-package-1162701
[2026-06-05T10:10:41Z] #313 attempt=1/2 status=200 0.438s url=https://www.myfonts.com/collections/caldris-font-rafis-type/
[2026-06-05T10:10:42Z] #314 attempt=1/2 status=200 0.441s url=https://www.myfonts.com/products/cotford-complete-family-package-1162225
[2026-06-05T10:10:42Z] #315 attempt=1/2 status=429 0.028s url=https://www.myfonts.com/collections/cotford-font-monotype-imaging/
[2026-06-05T10:10:45Z] #316 attempt=2/2 status=200 0.609s url=https://www.myfonts.com/collections/cotford-font-monotype-imaging/
[2026-06-05T10:10:46Z] #317 attempt=1/2 status=200 0.314s url=https://www.myfonts.com/products/primaxis-variable-complete-family-package-1162727
[2026-06-05T10:10:46Z] #318 attempt=1/2 status=200 0.381s url=https://www.myfonts.com/collections/primaxis-variable-font-octotypo/
[2026-06-05T10:10:47Z] #319 attempt=1/2 status=200 0.279s url=https://www.myfonts.com/products/cotford-variable-complete-family-package-1162242
[2026-06-05T10:10:47Z] #320 attempt=1/2 status=200 0.404s url=https://www.myfonts.com/collections/cotford-variable-font-monotype-imaging/
[2026-06-05T10:10:48Z] #321 attempt=1/2 status=200 0.341s url=https://www.myfonts.com/products/de-rough-belmonty-complete-family-package-1162708
[2026-06-05T10:10:48Z] #322 attempt=1/2 status=429 0.031s url=https://www.myfonts.com/collections/de-rough-belmonty-font-letterena-studios/
[2026-06-05T10:10:51Z] #323 attempt=2/2 status=200 0.347s url=https://www.myfonts.com/collections/de-rough-belmonty-font-letterena-studios/
[2026-06-05T10:10:51Z] #324 attempt=1/2 status=200 0.332s url=https://www.myfonts.com/products/shavile-complete-family-package-1162705
[2026-06-05T10:10:52Z] #325 attempt=1/2 status=200 0.395s url=https://www.myfonts.com/collections/shavile-font-ragamkata/
[2026-06-05T10:10:53Z] #326 attempt=1/2 status=200 0.344s url=https://www.myfonts.com/products/janhira-complete-family-package-1162714
[2026-06-05T10:10:53Z] #327 attempt=1/2 status=200 0.410s url=https://www.myfonts.com/collections/janhira-font-letterena-studios/
[2026-06-05T10:10:54Z] #328 attempt=1/2 status=200 0.327s url=https://www.myfonts.com/products/spheris-complete-family-package-1162693
[2026-06-05T10:10:54Z] #329 attempt=1/2 status=429 0.073s url=https://www.myfonts.com/collections/spheris-font-defharo/
[2026-06-05T10:10:57Z] #330 attempt=2/2 status=200 0.581s url=https://www.myfonts.com/collections/spheris-font-defharo/
[2026-06-05T10:10:58Z] #331 attempt=1/2 status=200 0.553s url=https://www.myfonts.com/products/dry-ita-tachos-1161974
[2026-06-05T10:10:59Z] #332 attempt=1/2 status=200 0.784s url=https://www.myfonts.com/collections/tachos-font-alpercakici/
[2026-06-05T10:11:00Z] #333 attempt=1/6 status=200 0.664s url=https://www.myfonts.com/products.json?limit=100&page=11
[2026-06-05T10:11:01Z] #334 attempt=1/2 status=200 0.333s url=https://www.myfonts.com/products/regular-olline-1162737
[2026-06-05T10:11:01Z] #335 attempt=1/2 status=200 0.329s url=https://www.myfonts.com/collections/olline-font-rasio-studio/
[2026-06-05T10:11:02Z] #336 attempt=1/2 status=200 0.425s url=https://www.myfonts.com/products/bold-core-gothic-d-1084247
[2026-06-05T10:11:03Z] #337 attempt=1/2 status=200 0.714s url=https://www.myfonts.com/collections/core-gothic-d-font-s-core/
[2026-06-05T10:11:03Z] #338 attempt=1/2 status=200 0.263s url=https://www.myfonts.com/products/regular-nabiboy-1162734
[2026-06-05T10:11:04Z] #339 attempt=1/2 status=200 0.284s url=https://www.myfonts.com/collections/nabiboy-font-sarcastic-raven-workshop/
[2026-06-05T10:11:04Z] #340 attempt=1/2 status=429 0.037s url=https://www.myfonts.com/products/regular-bingko-1162546
[2026-06-05T10:11:07Z] #341 attempt=2/2 status=200 0.378s url=https://www.myfonts.com/products/regular-bingko-1162546
[2026-06-05T10:11:07Z] #342 attempt=1/2 status=200 0.243s url=https://www.myfonts.com/collections/bingko-font-sensatype-studio/
[2026-06-05T10:11:08Z] #343 attempt=1/2 status=200 0.260s url=https://www.myfonts.com/products/regular-virga-1162738
[2026-06-05T10:11:08Z] #344 attempt=1/2 status=200 0.308s url=https://www.myfonts.com/collections/virga-font-sensatype-studio/
[2026-06-05T10:11:09Z] #345 attempt=1/2 status=429 0.040s url=https://www.myfonts.com/products/regular-sweetbliss-1162704
[2026-06-05T10:11:11Z] #346 attempt=2/2 status=200 0.287s url=https://www.myfonts.com/products/regular-sweetbliss-1162704
[2026-06-05T10:11:12Z] #347 attempt=1/2 status=200 0.275s url=https://www.myfonts.com/collections/sweetbliss-font-letterhanna-studio/
[2026-06-05T10:11:12Z] #348 attempt=1/2 status=200 0.253s url=https://www.myfonts.com/products/regular-bagine-1162686
[2026-06-05T10:11:13Z] #349 attempt=1/2 status=200 0.271s url=https://www.myfonts.com/collections/bagine-font-pandeka-studio/
[2026-06-05T10:11:13Z] #350 attempt=1/2 status=200 0.291s url=https://www.myfonts.com/products/regular-muzzaro-1162735
[2026-06-05T10:11:14Z] #351 attempt=1/2 status=429 0.038s url=https://www.myfonts.com/collections/muzzaro-font-rasio-studio/
[2026-06-05T10:11:16Z] #352 attempt=2/2 status=200 0.365s url=https://www.myfonts.com/collections/muzzaro-font-rasio-studio/
[2026-06-05T10:11:17Z] #353 attempt=1/6 status=200 0.497s url=https://www.myfonts.com/products.json?limit=100&page=12
[2026-06-05T10:11:18Z] #354 attempt=1/2 status=200 0.313s url=https://www.myfonts.com/products/regular-klyne-1162736
[2026-06-05T10:11:18Z] #355 attempt=1/2 status=200 0.263s url=https://www.myfonts.com/collections/klyne-font-rasio-studio/
[2026-06-05T10:11:19Z] #356 attempt=1/2 status=200 0.288s url=https://www.myfonts.com/products/glathor-regular-glathor-1162742
[2026-06-05T10:11:19Z] #357 attempt=1/2 status=429 0.048s url=https://www.myfonts.com/collections/glathor-font-flawlessandco/
[2026-06-05T10:11:22Z] #358 attempt=2/2 status=200 0.276s url=https://www.myfonts.com/collections/glathor-font-flawlessandco/
[2026-06-05T10:11:23Z] #359 attempt=1/6 status=200 0.732s url=https://www.myfonts.com/products.json?limit=100&page=13
[2026-06-05T10:11:23Z] #360 attempt=1/2 status=200 0.244s url=https://www.myfonts.com/products/tharwatemara-regular-te-monvera-1162194
[2026-06-05T10:11:24Z] #361 attempt=1/2 status=200 0.315s url=https://www.myfonts.com/collections/te-monvera-font-tharwat-emara/
[2026-06-05T10:11:24Z] #362 attempt=1/2 status=200 0.337s url=https://www.myfonts.com/products/tharwatemara-regular-te-monvera-2-1162195
[2026-06-05T10:11:25Z] #363 attempt=1/2 status=200 0.302s url=https://www.myfonts.com/collections/te-monvera-2-font-tharwat-emara/
[2026-06-05T10:11:25Z] #364 attempt=1/2 status=429 0.039s url=https://www.myfonts.com/products/tharwatemara-regular-te-seravera1-1162196
[2026-06-05T10:11:28Z] #365 attempt=2/2 status=200 0.344s url=https://www.myfonts.com/products/tharwatemara-regular-te-seravera1-1162196
[2026-06-05T10:11:28Z] #366 attempt=1/2 status=200 0.299s url=https://www.myfonts.com/collections/te-seravera1-font-tharwat-emara/
[2026-06-05T10:11:29Z] #367 attempt=1/2 status=200 0.314s url=https://www.myfonts.com/products/anoma-complete-family-package-1162014
[2026-06-05T10:11:30Z] #368 attempt=1/2 status=200 0.373s url=https://www.myfonts.com/collections/anoma-font-grontype/
[2026-06-05T10:11:30Z] #369 attempt=1/2 status=200 0.289s url=https://www.myfonts.com/products/garden-stories-complete-family-package-1161982
[2026-06-05T10:11:30Z] #370 attempt=1/2 status=429 0.054s url=https://www.myfonts.com/collections/garden-stories-font-sloulyfe-studio/
[2026-06-05T10:11:33Z] #371 attempt=2/2 status=200 0.381s url=https://www.myfonts.com/collections/garden-stories-font-sloulyfe-studio/
[2026-06-05T10:11:33Z] #372 attempt=1/2 status=200 0.276s url=https://www.myfonts.com/products/qasrina-arabic-complete-family-package-1161991
[2026-06-05T10:11:34Z] #373 attempt=1/2 status=200 0.392s url=https://www.myfonts.com/collections/qasrina-arabic-font-yoga-letter/
[2026-06-05T10:11:35Z] #374 attempt=1/2 status=200 0.312s url=https://www.myfonts.com/products/dk-griduo-complete-family-package-1162138
[2026-06-05T10:11:35Z] #375 attempt=1/2 status=200 0.344s url=https://www.myfonts.com/collections/dk-griduo-font-dutype-foundry/
[2026-06-05T10:11:36Z] #376 attempt=1/2 status=429 0.067s url=https://www.myfonts.com/products/ft-hexapix-complete-family-package-1162008
[2026-06-05T10:11:38Z] #377 attempt=2/2 status=200 0.379s url=https://www.myfonts.com/products/ft-hexapix-complete-family-package-1162008
[2026-06-05T10:11:39Z] #378 attempt=1/2 status=200 0.338s url=https://www.myfonts.com/collections/ft-hexapix-font-firstype-studio/
[2026-06-05T10:11:39Z] #379 attempt=1/2 status=200 0.393s url=https://www.myfonts.com/products/pavona-alta-complete-family-package-1162099
[2026-06-05T10:11:40Z] #380 attempt=1/2 status=200 0.595s url=https://www.myfonts.com/collections/pavona-alta-font-twinletter/
[2026-06-05T10:11:41Z] #381 attempt=1/2 status=200 0.373s url=https://www.myfonts.com/products/megabot-complete-family-package-1161994
[2026-06-05T10:11:42Z] #382 attempt=1/2 status=200 0.392s url=https://www.myfonts.com/collections/megabot-font-sulthan-studio/
[2026-06-05T10:11:42Z] #383 attempt=1/2 status=429 0.039s url=https://www.myfonts.com/products/cartio-complete-family-package-1162127
[2026-06-05T10:11:44Z] #384 attempt=2/2 status=200 0.400s url=https://www.myfonts.com/products/cartio-complete-family-package-1162127
[2026-06-05T10:11:45Z] #385 attempt=1/2 status=200 0.546s url=https://www.myfonts.com/collections/cartio-font-product-type/
[2026-06-05T10:11:46Z] #386 attempt=1/2 status=200 0.271s url=https://www.myfonts.com/products/brasen-complete-family-package-1162029
[2026-06-05T10:11:46Z] #387 attempt=1/2 status=200 0.408s url=https://www.myfonts.com/collections/brasen-font-mevstory-studio/
[2026-06-05T10:11:47Z] #388 attempt=1/2 status=200 0.368s url=https://www.myfonts.com/products/onlaweng-complete-family-package-1162060
[2026-06-05T10:11:48Z] #389 attempt=1/2 status=200 0.552s url=https://www.myfonts.com/collections/onlaweng-font-jipatype/
[2026-06-05T10:11:48Z] #390 attempt=1/2 status=200 0.276s url=https://www.myfonts.com/products/get-it-right-complete-family-package-1162037
[2026-06-05T10:11:49Z] #391 attempt=1/2 status=429 0.032s url=https://www.myfonts.com/collections/get-it-right-font-pizzadudedk/
[2026-06-05T10:11:51Z] #392 attempt=2/2 status=200 0.435s url=https://www.myfonts.com/collections/get-it-right-font-pizzadudedk/
[2026-06-05T10:11:52Z] #393 attempt=1/2 status=200 0.293s url=https://www.myfonts.com/products/tagzilla-complete-family-package-1162032
[2026-06-05T10:11:52Z] #394 attempt=1/2 status=200 0.330s url=https://www.myfonts.com/collections/tagzilla-font-atasi-studio/
[2026-06-05T10:11:53Z] #395 attempt=1/2 status=200 0.291s url=https://www.myfonts.com/products/nickota-complete-family-package-1162150
[2026-06-05T10:11:53Z] #396 attempt=1/2 status=429 0.035s url=https://www.myfonts.com/collections/nickota-font-vermilione/
[2026-06-05T10:11:56Z] #397 attempt=2/2 status=200 0.351s url=https://www.myfonts.com/collections/nickota-font-vermilione/
[2026-06-05T10:11:56Z] #398 attempt=1/2 status=200 0.326s url=https://www.myfonts.com/products/zalewsky-script-complete-family-package-1161988
[2026-06-05T10:11:57Z] #399 attempt=1/2 status=200 0.352s url=https://www.myfonts.com/collections/zalewsky-script-font-letterytz/
[2026-06-05T10:11:58Z] #400 attempt=1/2 status=200 0.306s url=https://www.myfonts.com/products/honey-la-joy-complete-family-package-1162179
[2026-06-05T10:11:58Z] #401 attempt=1/2 status=200 0.381s url=https://www.myfonts.com/collections/honey-la-joy-font-letterena-studios/
[2026-06-05T10:11:59Z] #402 attempt=1/2 status=200 0.263s url=https://www.myfonts.com/products/station-urban-gate-complete-family-package-1162175
[2026-06-05T10:11:59Z] #403 attempt=1/2 status=429 0.051s url=https://www.myfonts.com/collections/station-urban-gate-font-amorfa-type/
[2026-06-05T10:12:02Z] #404 attempt=2/2 status=200 0.457s url=https://www.myfonts.com/collections/station-urban-gate-font-amorfa-type/
[2026-06-05T10:12:02Z] #405 attempt=1/2 status=200 0.331s url=https://www.myfonts.com/products/nolton-vintage-complete-family-package-1162118
[2026-06-05T10:12:03Z] #406 attempt=1/2 status=200 0.438s url=https://www.myfonts.com/collections/nolton-vintage-font-grezline-studio/
[2026-06-05T10:12:04Z] #407 attempt=1/2 status=200 0.359s url=https://www.myfonts.com/products/carfield-complete-family-package-1162087
[2026-06-05T10:12:04Z] #408 attempt=1/2 status=200 0.414s url=https://www.myfonts.com/collections/carfield-font-din-studio/
[2026-06-05T10:12:05Z] #409 attempt=1/2 status=200 0.353s url=https://www.myfonts.com/products/dary-complete-family-package-1161985
[2026-06-05T10:12:05Z] #410 attempt=1/2 status=429 0.051s url=https://www.myfonts.com/collections/dary-font-zaain-type/
[2026-06-05T10:12:08Z] #411 attempt=2/2 status=200 0.361s url=https://www.myfonts.com/collections/dary-font-zaain-type/
[2026-06-05T10:12:08Z] #412 attempt=1/2 status=200 0.283s url=https://www.myfonts.com/products/stay-humble-complete-family-package-1162083
[2026-06-05T10:12:09Z] #413 attempt=1/2 status=200 0.394s url=https://www.myfonts.com/collections/stay-humble-font-sensatype-studio/
[2026-06-05T10:12:09Z] #414 attempt=1/2 status=200 0.282s url=https://www.myfonts.com/products/yusiel-duo-complete-family-package-1162079
[2026-06-05T10:12:10Z] #415 attempt=1/2 status=200 0.352s url=https://www.myfonts.com/collections/yusiel-duo-font-abo-daniel/
[2026-06-05T10:12:10Z] #416 attempt=1/2 status=429 0.028s url=https://www.myfonts.com/products/refiost-complete-family-package-1162018
[2026-06-05T10:12:13Z] #417 attempt=2/2 status=200 0.389s url=https://www.myfonts.com/products/refiost-complete-family-package-1162018
[2026-06-05T10:12:14Z] #418 attempt=1/2 status=200 0.520s url=https://www.myfonts.com/collections/refiost-font-gian-studio/
[2026-06-05T10:12:14Z] #419 attempt=1/2 status=200 0.286s url=https://www.myfonts.com/products/exos-complete-family-package-1162011
[2026-06-05T10:12:15Z] #420 attempt=1/2 status=200 0.391s url=https://www.myfonts.com/collections/exos-font-grontype/
[2026-06-05T10:12:15Z] #421 attempt=1/2 status=200 0.279s url=https://www.myfonts.com/products/ferdinos-complete-family-package-1162153
[2026-06-05T10:12:16Z] #422 attempt=1/2 status=200 0.347s url=https://www.myfonts.com/collections/ferdinos-font-dora-typefoundry/
[2026-06-05T10:12:16Z] #423 attempt=1/2 status=429 0.053s url=https://www.myfonts.com/products/jumbo-complete-family-package-1162171
[2026-06-05T10:12:19Z] #424 attempt=2/2 status=200 0.321s url=https://www.myfonts.com/products/jumbo-complete-family-package-1162171
[2026-06-05T10:12:19Z] #425 attempt=1/2 status=200 0.365s url=https://www.myfonts.com/collections/jumbo-font-sensatype-studio/
[2026-06-05T10:12:20Z] #426 attempt=1/2 status=200 0.399s url=https://www.myfonts.com/products/mishoto-complete-family-package-1162040
[2026-06-05T10:12:21Z] #427 attempt=1/2 status=200 0.488s url=https://www.myfonts.com/collections/mishoto-font-owl-king-project/
[2026-06-05T10:12:21Z] #428 attempt=1/2 status=200 0.224s url=https://www.myfonts.com/products/regular-padle-candy-1162178
[2026-06-05T10:12:22Z] #429 attempt=1/2 status=200 0.271s url=https://www.myfonts.com/collections/padle-candy-font-jolicia-type/
[2026-06-05T10:12:22Z] #430 attempt=1/2 status=429 0.033s url=https://www.myfonts.com/products/regular-conya-1162174
[2026-06-05T10:12:25Z] #431 attempt=2/2 status=200 0.262s url=https://www.myfonts.com/products/regular-conya-1162174
[2026-06-05T10:12:25Z] #432 attempt=1/2 status=200 0.276s url=https://www.myfonts.com/collections/conya-font-sensatype-studio/
[2026-06-05T10:12:26Z] #433 attempt=1/2 status=200 0.265s url=https://www.myfonts.com/products/regular-weird-radio-1162007
[2026-06-05T10:12:26Z] #434 attempt=1/2 status=200 0.232s url=https://www.myfonts.com/collections/weird-radio-font-epiclinez/
[2026-06-05T10:12:26Z] #435 attempt=1/2 status=429 0.095s url=https://www.myfonts.com/products/regular-jasendira-1162059
[2026-06-05T10:12:29Z] #436 attempt=2/2 status=200 0.329s url=https://www.myfonts.com/products/regular-jasendira-1162059
[2026-06-05T10:12:30Z] #437 attempt=1/2 status=200 0.397s url=https://www.myfonts.com/collections/jasendira-font-sealoung/
[2026-06-05T10:12:30Z] #438 attempt=1/2 status=200 0.248s url=https://www.myfonts.com/products/regular-kufication-root-1162035
[2026-06-05T10:12:31Z] #439 attempt=1/2 status=200 0.275s url=https://www.myfonts.com/collections/kufication-root-font-letterhanna-studio/
[2026-06-05T10:12:32Z] #440 attempt=1/6 status=200 0.726s url=https://www.myfonts.com/products.json?limit=100&page=14
[2026-06-05T10:12:32Z] #441 attempt=1/2 status=200 0.230s url=https://www.myfonts.com/products/regular-stolier-1162088
[2026-06-05T10:12:33Z] #442 attempt=1/2 status=200 0.267s url=https://www.myfonts.com/collections/stolier-font-letterhend/
[2026-06-05T10:12:33Z] #443 attempt=1/2 status=429 0.046s url=https://www.myfonts.com/products/regular-geliga-1162082
[2026-06-05T10:12:36Z] #444 attempt=2/2 status=200 0.376s url=https://www.myfonts.com/products/regular-geliga-1162082
[2026-06-05T10:12:36Z] #445 attempt=1/2 status=200 0.270s url=https://www.myfonts.com/collections/geliga-font-sensatype-studio/
[2026-06-05T10:12:37Z] #446 attempt=1/2 status=200 0.264s url=https://www.myfonts.com/products/regular-vocentra-1162036
[2026-06-05T10:12:37Z] #447 attempt=1/2 status=200 0.282s url=https://www.myfonts.com/collections/vocentra-font-margi-studio/
[2026-06-05T10:12:38Z] #448 attempt=1/2 status=200 0.270s url=https://www.myfonts.com/products/pinky-girl-regular-pinky-girl-1162017
[2026-06-05T10:12:38Z] #449 attempt=1/2 status=429 0.042s url=https://www.myfonts.com/collections/pinky-girl-font-tertoecreative/
[2026-06-05T10:12:41Z] #450 attempt=2/2 status=200 0.242s url=https://www.myfonts.com/collections/pinky-girl-font-tertoecreative/
[2026-06-05T10:12:41Z] #451 attempt=1/2 status=200 0.258s url=https://www.myfonts.com/products/regular-norriex-1162126
[2026-06-05T10:12:42Z] #452 attempt=1/2 status=200 0.266s url=https://www.myfonts.com/collections/norriex-font-trabas-kriya/
[2026-06-05T10:12:42Z] #453 attempt=1/2 status=200 0.277s url=https://www.myfonts.com/products/regular-akward-silly-1162098
[2026-06-05T10:12:42Z] #454 attempt=1/2 status=429 0.033s url=https://www.myfonts.com/collections/akward-silly-font-tini-fitriani/
[2026-06-05T10:12:45Z] #455 attempt=2/2 status=200 0.290s url=https://www.myfonts.com/collections/akward-silly-font-tini-fitriani/
[2026-06-05T10:12:45Z] #456 attempt=1/2 status=200 0.302s url=https://www.myfonts.com/products/giacomo-complete-family-package-1161700
[2026-06-05T10:12:46Z] #457 attempt=1/2 status=200 0.391s url=https://www.myfonts.com/collections/giacomo-font-struggle-studio/
[2026-06-05T10:12:47Z] #458 attempt=1/2 status=200 0.297s url=https://www.myfonts.com/products/victoriq-squad-complete-family-package-1161684
[2026-06-05T10:12:47Z] #459 attempt=1/2 status=200 0.425s url=https://www.myfonts.com/collections/victoriq-squad-font-maxart/
[2026-06-05T10:12:48Z] #460 attempt=1/2 status=200 0.349s url=https://www.myfonts.com/products/micher-complete-family-package-1161673
[2026-06-05T10:12:48Z] #461 attempt=1/2 status=429 0.036s url=https://www.myfonts.com/collections/micher-font-waftype/
[2026-06-05T10:12:51Z] #462 attempt=2/2 status=200 0.443s url=https://www.myfonts.com/collections/micher-font-waftype/
[2026-06-05T10:12:51Z] #463 attempt=1/2 status=200 0.362s url=https://www.myfonts.com/products/solance-lite-package-1161671
[2026-06-05T10:12:52Z] #464 attempt=1/2 status=200 0.558s url=https://www.myfonts.com/collections/solance-serif-font-sans-and-sons/
[2026-06-05T10:12:53Z] #465 attempt=1/2 status=200 0.341s url=https://www.myfonts.com/products/awalunaki-complete-family-package-1161649
[2026-06-05T10:12:53Z] #466 attempt=1/2 status=200 0.349s url=https://www.myfonts.com/collections/awalunaki-font-unaki/
[2026-06-05T10:12:54Z] #467 attempt=1/2 status=200 0.358s url=https://www.myfonts.com/products/lokoxi-pro-package-1161647
[2026-06-05T10:12:54Z] #468 attempt=1/2 status=429 0.035s url=https://www.myfonts.com/collections/lokoxi-pro-font-anfound-type/
[2026-06-05T10:12:57Z] #469 attempt=2/2 status=200 0.574s url=https://www.myfonts.com/collections/lokoxi-pro-font-anfound-type/
[2026-06-05T10:12:58Z] #470 attempt=1/2 status=200 0.301s url=https://www.myfonts.com/products/lazy-frogs-complete-family-package-1161654
[2026-06-05T10:12:58Z] #471 attempt=1/2 status=200 0.324s url=https://www.myfonts.com/collections/lazy-frogs-font-koplexs-studio/
[2026-06-05T10:12:59Z] #472 attempt=1/2 status=200 0.310s url=https://www.myfonts.com/products/murisa-yokata-complete-family-package-1161706
[2026-06-05T10:12:59Z] #473 attempt=1/2 status=200 0.367s url=https://www.myfonts.com/collections/murisa-yokata-font-murisa-studio/
[2026-06-05T10:13:01Z] #474 attempt=1/6 status=200 0.773s url=https://www.myfonts.com/products.json?limit=100&page=15
[2026-06-05T10:13:01Z] #475 attempt=1/2 status=200 0.363s url=https://www.myfonts.com/products/back-beat-tight-and-loose-complete-family-package-1161610
[2026-06-05T10:13:02Z] #476 attempt=1/2 status=200 0.511s url=https://www.myfonts.com/collections/back-beat-tight-and-loose-font-comicraft/
[2026-06-05T10:13:03Z] #477 attempt=1/2 status=200 0.301s url=https://www.myfonts.com/products/mltp-fromgk-expanded-complete-family-package-1161611
[2026-06-05T10:13:03Z] #478 attempt=1/2 status=429 0.038s url=https://www.myfonts.com/collections/mltp-fromgk-expanded-font-multype-studio/
[2026-06-05T10:13:06Z] #479 attempt=2/2 status=200 0.498s url=https://www.myfonts.com/collections/mltp-fromgk-expanded-font-multype-studio/
[2026-06-05T10:13:06Z] #480 attempt=1/2 status=200 0.285s url=https://www.myfonts.com/products/dennya-complete-family-package-1161657
[2026-06-05T10:13:07Z] #481 attempt=1/2 status=200 0.409s url=https://www.myfonts.com/collections/dennya-font-tini-fitriani/
[2026-06-05T10:13:07Z] #482 attempt=1/2 status=200 0.299s url=https://www.myfonts.com/products/anger-complete-family-package-1161692
[2026-06-05T10:13:08Z] #483 attempt=1/2 status=200 0.365s url=https://www.myfonts.com/collections/anger-font-vampstudio/
[2026-06-05T10:13:08Z] #484 attempt=1/2 status=429 0.031s url=https://www.myfonts.com/products/subway-berlin-complete-family-package-1161697
[2026-06-05T10:13:11Z] #485 attempt=2/2 status=200 0.356s url=https://www.myfonts.com/products/subway-berlin-complete-family-package-1161697
[2026-06-05T10:13:11Z] #486 attempt=1/2 status=200 0.330s url=https://www.myfonts.com/collections/subway-berlin-font-mei-suseno/
[2026-06-05T10:13:12Z] #487 attempt=1/2 status=200 0.272s url=https://www.myfonts.com/products/ft-monogrid-complete-family-package-1161660
[2026-06-05T10:13:13Z] #488 attempt=1/2 status=200 0.339s url=https://www.myfonts.com/collections/ft-monogrid-font-firstype-studio/
[2026-06-05T10:13:13Z] #489 attempt=1/2 status=200 0.316s url=https://www.myfonts.com/products/regular-cindervale-1161683
[2026-06-05T10:13:13Z] #490 attempt=1/2 status=429 0.046s url=https://www.myfonts.com/collections/cindervale-font-letterhanna-studio/
[2026-06-05T10:13:16Z] #491 attempt=2/2 status=200 0.297s url=https://www.myfonts.com/collections/cindervale-font-letterhanna-studio/
[2026-06-05T10:13:17Z] #492 attempt=1/2 status=200 0.290s url=https://www.myfonts.com/products/regular-lemon-chomp-1161711
[2026-06-05T10:13:17Z] #493 attempt=1/2 status=200 0.271s url=https://www.myfonts.com/collections/lemon-chomp-font-sipanji21/
[2026-06-05T10:13:18Z] #494 attempt=1/2 status=200 0.241s url=https://www.myfonts.com/products/regular-amsahoney-1161652
[2026-06-05T10:13:18Z] #495 attempt=1/2 status=200 0.274s url=https://www.myfonts.com/collections/amsahoney-font-sealoung/
[2026-06-05T10:13:18Z] #496 attempt=1/2 status=429 0.046s url=https://www.myfonts.com/products/regular-melgank-1161681
[2026-06-05T10:13:21Z] #497 attempt=2/2 status=200 0.299s url=https://www.myfonts.com/products/regular-melgank-1161681
[2026-06-05T10:13:21Z] #498 attempt=1/2 status=200 0.250s url=https://www.myfonts.com/collections/melgank-font-only-fonts/
[2026-06-05T10:13:22Z] #499 attempt=1/2 status=200 0.247s url=https://www.myfonts.com/products/regular-romantis-1161680
[2026-06-05T10:13:22Z] #500 attempt=1/2 status=200 0.264s url=https://www.myfonts.com/collections/romantis-font-jaruka-creative/
[2026-06-05T10:13:23Z] #501 attempt=1/2 status=200 0.288s url=https://www.myfonts.com/products/regular-zfhalcyon-1161632
[2026-06-05T10:13:23Z] #502 attempt=1/2 status=429 0.043s url=https://www.myfonts.com/collections/zfhalcyon-font-zoofont/
[2026-06-05T10:13:26Z] #503 attempt=2/2 status=200 0.260s url=https://www.myfonts.com/collections/zfhalcyon-font-zoofont/
[2026-06-05T10:13:26Z] #504 attempt=1/2 status=200 0.248s url=https://www.myfonts.com/products/regular-jamoa-script-1161691
[2026-06-05T10:13:27Z] #505 attempt=1/2 status=200 0.258s url=https://www.myfonts.com/collections/jamoa-script-font-four-lines-std/
[2026-06-05T10:13:27Z] #506 attempt=1/2 status=200 0.280s url=https://www.myfonts.com/products/regular-elmarn-1161634
[2026-06-05T10:13:27Z] #507 attempt=1/2 status=429 0.032s url=https://www.myfonts.com/collections/elmarn-font-only-fonts/
[2026-06-05T10:13:30Z] #508 attempt=2/2 status=200 0.291s url=https://www.myfonts.com/collections/elmarn-font-only-fonts/
[2026-06-05T10:13:30Z] #509 attempt=1/2 status=200 0.279s url=https://www.myfonts.com/products/regular-holfont-1161682
[2026-06-05T10:13:31Z] #510 attempt=1/2 status=200 0.241s url=https://www.myfonts.com/collections/holfont-font-only-fonts/
[2026-06-05T10:13:31Z] #511 attempt=1/2 status=200 0.263s url=https://www.myfonts.com/products/regular-mat-cho-1161690
[2026-06-05T10:13:32Z] #512 attempt=1/2 status=200 0.262s url=https://www.myfonts.com/collections/mat-cho-font-canden-meutuah/
[2026-06-05T10:13:32Z] #513 attempt=1/2 status=429 0.033s url=https://www.myfonts.com/products/regular-father-punker-1161712
[2026-06-05T10:13:35Z] #514 attempt=2/2 status=200 0.334s url=https://www.myfonts.com/products/regular-father-punker-1161712
[2026-06-05T10:13:35Z] #515 attempt=1/2 status=200 0.377s url=https://www.myfonts.com/collections/father-punker-font-sipanji21/
[2026-06-05T10:13:36Z] #516 attempt=1/2 status=200 0.276s url=https://www.myfonts.com/products/regular-mozathia-1161705
[2026-06-05T10:13:36Z] #517 attempt=1/2 status=200 0.264s url=https://www.myfonts.com/collections/mozathia-font-denustudio/
[2026-06-05T10:13:37Z] #518 attempt=1/2 status=200 0.263s url=https://www.myfonts.com/products/regular-feral-glyph-1161704
[2026-06-05T10:13:37Z] #519 attempt=1/2 status=429 0.058s url=https://www.myfonts.com/collections/feral-glyph-font-atom/
[2026-06-05T10:13:40Z] #520 attempt=2/2 status=200 0.248s url=https://www.myfonts.com/collections/feral-glyph-font-atom/
[2026-06-05T10:13:40Z] #521 attempt=1/2 status=200 0.288s url=https://www.myfonts.com/products/regular-minggo-plays-1161653
[2026-06-05T10:13:41Z] #522 attempt=1/2 status=200 0.261s url=https://www.myfonts.com/collections/minggo-plays-font-tini-fitriani/
[2026-06-05T10:13:41Z] #523 attempt=1/2 status=200 0.300s url=https://www.myfonts.com/products/bublo-complete-family-package-1161607
[2026-06-05T10:13:41Z] #524 attempt=1/2 status=429 0.029s url=https://www.myfonts.com/collections/bublo-font-divora-type/
[2026-06-05T10:13:44Z] #525 attempt=2/2 status=200 0.375s url=https://www.myfonts.com/collections/bublo-font-divora-type/
[2026-06-05T10:13:45Z] #526 attempt=1/2 status=200 0.432s url=https://www.myfonts.com/products/magic-target-complete-family-package-1160901
[2026-06-05T10:13:45Z] #527 attempt=1/2 status=200 0.465s url=https://www.myfonts.com/collections/magic-target-font-timelesstype-studio/
[2026-06-05T10:13:46Z] #528 attempt=1/2 status=200 0.383s url=https://www.myfonts.com/products/wildwords-complete-family-package-1161494
[2026-06-05T10:13:47Z] #529 attempt=1/2 status=200 0.397s url=https://www.myfonts.com/collections/wild-words-font-comicraft/
[2026-06-05T10:13:48Z] #530 attempt=1/6 status=200 0.792s url=https://www.myfonts.com/products.json?limit=100&page=16
[2026-06-05T10:13:49Z] #531 attempt=1/2 status=200 0.372s url=https://www.myfonts.com/products/foermality-rounded-outline-complete-family-package-1160985
[2026-06-05T10:13:49Z] #532 attempt=1/2 status=200 0.427s url=https://www.myfonts.com/collections/foermality-rounded-outline-font-laroyba-type/
[2026-06-05T10:13:50Z] #533 attempt=1/2 status=200 0.351s url=https://www.myfonts.com/products/hush-hush-complete-family-package-1161489
[2026-06-05T10:13:50Z] #534 attempt=1/2 status=429 0.045s url=https://www.myfonts.com/collections/hush-hush-font-comicraft/
[2026-06-05T10:13:53Z] #535 attempt=2/2 status=200 0.385s url=https://www.myfonts.com/collections/hush-hush-font-comicraft/
[2026-06-05T10:13:53Z] #536 attempt=1/2 status=200 0.309s url=https://www.myfonts.com/products/scarnix-complete-family-package-1160870
[2026-06-05T10:13:54Z] #537 attempt=1/2 status=200 0.319s url=https://www.myfonts.com/collections/scarnix-font-letterara/
[2026-06-05T10:13:55Z] #538 attempt=1/2 status=200 0.345s url=https://www.myfonts.com/products/biarty-complete-family-package-1160960
[2026-06-05T10:13:55Z] #539 attempt=1/2 status=200 0.480s url=https://www.myfonts.com/collections/biarty-font-nollev/
[2026-06-05T10:13:56Z] #540 attempt=1/2 status=200 0.285s url=https://www.myfonts.com/products/cyber-copix-complete-family-package-1161016
[2026-06-05T10:13:56Z] #541 attempt=1/2 status=429 0.036s url=https://www.myfonts.com/collections/cyber-copix-font-afkari-studio/
[2026-06-05T10:13:59Z] #542 attempt=2/2 status=200 0.461s url=https://www.myfonts.com/collections/cyber-copix-font-afkari-studio/
[2026-06-05T10:13:59Z] #543 attempt=1/2 status=200 0.285s url=https://www.myfonts.com/products/sunday-radio-complete-family-package-1161007
[2026-06-05T10:14:00Z] #544 attempt=1/2 status=200 0.334s url=https://www.myfonts.com/collections/sunday-radio-font-sixtype-foundry/
[2026-06-05T10:14:00Z] #545 attempt=1/2 status=200 0.252s url=https://www.myfonts.com/products/snocky-complete-family-package-1160908
[2026-06-05T10:14:01Z] #546 attempt=1/2 status=200 0.341s url=https://www.myfonts.com/collections/snocky-font-sensatype-studio/
[2026-06-05T10:14:01Z] #547 attempt=1/2 status=429 0.039s url=https://www.myfonts.com/products/jankora-street-complete-family-package-1160921
[2026-06-05T10:14:04Z] #548 attempt=2/2 status=200 0.384s url=https://www.myfonts.com/products/jankora-street-complete-family-package-1160921
[2026-06-05T10:14:05Z] #549 attempt=1/2 status=200 0.510s url=https://www.myfonts.com/collections/jankora-street-font-sipanji21/
[2026-06-05T10:14:05Z] #550 attempt=1/2 status=200 0.302s url=https://www.myfonts.com/products/racole-complete-family-package-1160955
[2026-06-05T10:14:06Z] #551 attempt=1/2 status=200 0.346s url=https://www.myfonts.com/collections/racole-font-artisan-themes/
[2026-06-05T10:14:06Z] #552 attempt=1/2 status=200 0.305s url=https://www.myfonts.com/products/gabriel-bautista-complete-family-package-1161480
[2026-06-05T10:14:07Z] #553 attempt=1/2 status=200 0.497s url=https://www.myfonts.com/collections/gabriel-bautista-font-comicraft/
[2026-06-05T10:14:07Z] #554 attempt=1/2 status=429 0.028s url=https://www.myfonts.com/products/orlive-complete-family-package-1160904
[2026-06-05T10:14:10Z] #555 attempt=2/2 status=200 0.328s url=https://www.myfonts.com/products/orlive-complete-family-package-1160904
[2026-06-05T10:14:11Z] #556 attempt=1/2 status=200 0.338s url=https://www.myfonts.com/collections/orlive-font-flavortype/
[2026-06-05T10:14:11Z] #557 attempt=1/2 status=200 0.332s url=https://www.myfonts.com/products/istarot-complete-family-package-1160867
[2026-06-05T10:14:12Z] #558 attempt=1/2 status=200 0.358s url=https://www.myfonts.com/collections/istarot-font-letterara/
[2026-06-05T10:14:12Z] #559 attempt=1/2 status=200 0.284s url=https://www.myfonts.com/products/richeks-kosta-complete-family-package-1160913
[2026-06-05T10:14:13Z] #560 attempt=1/2 status=429 0.044s url=https://www.myfonts.com/collections/richeks-kosta-font-timelesstype-studio/
[2026-06-05T10:14:15Z] #561 attempt=2/2 status=200 0.372s url=https://www.myfonts.com/collections/richeks-kosta-font-timelesstype-studio/
[2026-06-05T10:14:16Z] #562 attempt=1/2 status=200 0.271s url=https://www.myfonts.com/products/ravok-complete-family-package-1160864
[2026-06-05T10:14:16Z] #563 attempt=1/2 status=200 0.341s url=https://www.myfonts.com/collections/ravok-font-letterara/
[2026-06-05T10:14:17Z] #564 attempt=1/2 status=200 0.277s url=https://www.myfonts.com/products/arunela-complete-family-package-1160854
[2026-06-05T10:14:17Z] #565 attempt=1/2 status=200 0.351s url=https://www.myfonts.com/collections/arunela-font-letterara/
[2026-06-05T10:14:18Z] #566 attempt=1/2 status=429 0.047s url=https://www.myfonts.com/products/aukim-ii-child-complete-family-package-1161244
[2026-06-05T10:14:22Z] #567 attempt=2/2 status=200 1.617s url=https://www.myfonts.com/products/aukim-ii-child-complete-family-package-1161244
[2026-06-05T10:14:24Z] #568 attempt=1/2 status=200 1.966s url=https://www.myfonts.com/collections/aukim-ii-child-font-aukimvisuel/
[2026-06-05T10:14:25Z] #569 attempt=1/2 status=200 0.372s url=https://www.myfonts.com/products/redcliff-campwood-complete-family-package-1161010
[2026-06-05T10:14:26Z] #570 attempt=1/2 status=200 0.393s url=https://www.myfonts.com/collections/redcliff-campwood-font-din-studio/
[2026-06-05T10:14:26Z] #571 attempt=1/2 status=200 0.415s url=https://www.myfonts.com/products/rangers-complete-family-package-1160930
[2026-06-05T10:14:27Z] #572 attempt=1/2 status=200 0.653s url=https://www.myfonts.com/collections/rangers-font-syafbe/
[2026-06-05T10:14:28Z] #573 attempt=1/2 status=200 0.370s url=https://www.myfonts.com/products/sadina-rounded-complete-family-package-1160875
[2026-06-05T10:14:29Z] #574 attempt=1/2 status=200 0.545s url=https://www.myfonts.com/collections/sadina-rounded-font-numidiatype/
[2026-06-05T10:14:29Z] #575 attempt=1/2 status=200 0.268s url=https://www.myfonts.com/products/florevia-complete-family-package-1160916
[2026-06-05T10:14:30Z] #576 attempt=1/2 status=200 0.332s url=https://www.myfonts.com/collections/florevia-font-din-studio/
[2026-06-05T10:14:31Z] #577 attempt=1/2 status=200 0.320s url=https://www.myfonts.com/products/orkaviel-complete-family-package-1160857
[2026-06-05T10:14:31Z] #578 attempt=1/2 status=200 0.349s url=https://www.myfonts.com/collections/orkaviel-font-letterara/
[2026-06-05T10:14:32Z] #579 attempt=1/2 status=200 0.319s url=https://www.myfonts.com/products/vion-modern-complete-family-package-1160898
[2026-06-05T10:14:32Z] #580 attempt=1/2 status=200 0.332s url=https://www.myfonts.com/collections/vion-modern-font-illushvara/
[2026-06-05T10:14:33Z] #581 attempt=1/2 status=200 0.364s url=https://www.myfonts.com/products/mechabloq-complete-family-package-1160980
[2026-06-05T10:14:34Z] #582 attempt=1/2 status=200 0.495s url=https://www.myfonts.com/collections/mechabloq-font-mystical-type/
[2026-06-05T10:14:34Z] #583 attempt=1/2 status=429 0.036s url=https://www.myfonts.com/products/maisonelle-complete-family-package-1160860
[2026-06-05T10:14:36Z] #584 attempt=2/2 status=200 0.336s url=https://www.myfonts.com/products/maisonelle-complete-family-package-1160860
[2026-06-05T10:14:37Z] #585 attempt=1/2 status=200 0.379s url=https://www.myfonts.com/collections/maisonelle-font-letterara/
[2026-06-05T10:14:38Z] #586 attempt=1/2 status=200 0.354s url=https://www.myfonts.com/products/mexcup-complete-family-package-1160891
[2026-06-05T10:14:38Z] #587 attempt=1/2 status=200 0.367s url=https://www.myfonts.com/collections/mexcup-font-ixipcalli/
[2026-06-05T10:14:39Z] #588 attempt=1/2 status=200 0.286s url=https://www.myfonts.com/products/regular-carmelio-1160927
[2026-06-05T10:14:39Z] #589 attempt=1/2 status=429 0.046s url=https://www.myfonts.com/collections/carmelio-font-clevus/
[2026-06-05T10:14:42Z] #590 attempt=2/2 status=200 0.308s url=https://www.myfonts.com/collections/carmelio-font-clevus/
[2026-06-05T10:14:42Z] #591 attempt=1/2 status=200 0.314s url=https://www.myfonts.com/products/regular-mignova-1160912
[2026-06-05T10:14:43Z] #592 attempt=1/2 status=200 0.125s url=https://www.myfonts.com/collections/mignova-font-sipanji21/
[2026-06-05T10:14:43Z] #593 attempt=1/2 status=200 0.256s url=https://www.myfonts.com/products/regular-monari-1160863
[2026-06-05T10:14:44Z] #594 attempt=1/2 status=200 0.333s url=https://www.myfonts.com/collections/monari-font-bentype/
[2026-06-05T10:14:44Z] #595 attempt=1/2 status=429 0.040s url=https://www.myfonts.com/products/regular-florea-1160920
[2026-06-05T10:14:46Z] #596 attempt=2/2 status=200 0.305s url=https://www.myfonts.com/products/regular-florea-1160920
[2026-06-05T10:14:47Z] #597 attempt=1/2 status=200 0.261s url=https://www.myfonts.com/collections/florea-font-sixtype-foundry/
[2026-06-05T10:14:47Z] #598 attempt=1/2 status=200 0.295s url=https://www.myfonts.com/products/regular-desdemona-1160919
[2026-06-05T10:14:48Z] #599 attempt=1/2 status=200 0.259s url=https://www.myfonts.com/collections/desdemona-font-sixtype-foundry/
[2026-06-05T10:14:49Z] #600 attempt=1/6 status=200 0.643s url=https://www.myfonts.com/products.json?limit=100&page=17
[2026-06-05T10:14:50Z] #601 attempt=1/6 status=200 0.701s url=https://www.myfonts.com/products.json?limit=100&page=18
[2026-06-05T10:14:51Z] #602 attempt=1/2 status=200 0.252s url=https://www.myfonts.com/products/regular-bravco-1160907
[2026-06-05T10:14:51Z] #603 attempt=1/2 status=429 0.029s url=https://www.myfonts.com/collections/bravco-font-sensatype-studio/
[2026-06-05T10:14:54Z] #604 attempt=2/2 status=200 0.382s url=https://www.myfonts.com/collections/bravco-font-sensatype-studio/
[2026-06-05T10:14:54Z] #605 attempt=1/2 status=200 0.268s url=https://www.myfonts.com/products/regular-celrune-1161006
[2026-06-05T10:14:55Z] #606 attempt=1/2 status=200 0.259s url=https://www.myfonts.com/collections/celrune-font-only-fonts/
[2026-06-05T10:14:55Z] #607 attempt=1/2 status=200 0.265s url=https://www.myfonts.com/products/standard-busta-1160874
[2026-06-05T10:14:56Z] #608 attempt=1/2 status=200 0.261s url=https://www.myfonts.com/collections/busta-font-bentype/
[2026-06-05T10:14:56Z] #609 attempt=1/6 status=429 0.045s url=https://www.myfonts.com/products.json?limit=100&page=19
[2026-06-05T10:15:00Z] #610 attempt=2/6 status=200 0.738s url=https://www.myfonts.com/products.json?limit=100&page=19
[2026-06-05T10:15:00Z] #611 attempt=1/2 status=200 0.295s url=https://www.myfonts.com/products/regular-regotta-1160928
[2026-06-05T10:15:01Z] #612 attempt=1/2 status=200 0.217s url=https://www.myfonts.com/collections/regotta-font-rasio-studio/
[2026-06-05T10:15:01Z] #613 attempt=1/2 status=200 0.279s url=https://www.myfonts.com/products/regular-panicmode-1160979
[2026-06-05T10:15:02Z] #614 attempt=1/2 status=200 0.295s url=https://www.myfonts.com/collections/panicmode-font-inviline/
[2026-06-05T10:15:02Z] #615 attempt=1/2 status=200 0.241s url=https://www.myfonts.com/products/regular-starley-1160929
[2026-06-05T10:15:02Z] #616 attempt=1/2 status=429 0.031s url=https://www.myfonts.com/collections/starley-font-sensatype-studio/
[2026-06-05T10:15:05Z] #617 attempt=2/2 status=200 0.307s url=https://www.myfonts.com/collections/starley-font-sensatype-studio/
[2026-06-05T10:15:06Z] #618 attempt=1/2 status=200 0.363s url=https://www.myfonts.com/products/italic-rmu-trifels-1161479
[2026-06-05T10:15:06Z] #619 attempt=1/2 status=200 0.275s url=https://www.myfonts.com/collections/rmu-trifels-font-rmu/
[2026-06-05T10:15:07Z] #620 attempt=1/2 status=200 0.272s url=https://www.myfonts.com/products/regular-rekova-marove-1160873
[2026-06-05T10:15:07Z] #621 attempt=1/2 status=429 0.053s url=https://www.myfonts.com/collections/rekova-marove-font-sototive/
[2026-06-05T10:15:09Z] #622 attempt=2/2 status=200 0.270s url=https://www.myfonts.com/collections/rekova-marove-font-sototive/
[2026-06-05T10:15:11Z] #623 attempt=1/2 status=200 1.149s url=https://www.myfonts.com/products/circular-sketchy-orionus-1161077
[2026-06-05T10:15:12Z] #624 attempt=1/2 status=200 1.239s url=https://www.myfonts.com/collections/orionus-font-alpercakici/
[2026-06-05T10:15:13Z] #625 attempt=1/2 status=200 0.290s url=https://www.myfonts.com/products/regular-onikage-asian-1161043
[2026-06-05T10:15:14Z] #626 attempt=1/2 status=200 0.330s url=https://www.myfonts.com/collections/onikage-asian-font-mei-suseno/
[2026-06-05T10:15:14Z] #627 attempt=1/2 status=200 0.446s url=https://www.myfonts.com/products/regular-italic-lokoxi-1161028
[2026-06-05T10:15:15Z] #628 attempt=1/2 status=200 0.610s url=https://www.myfonts.com/collections/lokoxi-font-anfound-type/
[2026-06-05T10:15:17Z] #629 attempt=1/6 status=200 0.744s url=https://www.myfonts.com/products.json?limit=100&page=20
[2026-06-05T10:15:17Z] #630 attempt=1/2 status=200 0.301s url=https://www.myfonts.com/products/regular-elarisent-1161046
[2026-06-05T10:15:18Z] #631 attempt=1/2 status=200 0.378s url=https://www.myfonts.com/collections/elarisent-font-naiza-studio/
[2026-06-05T10:15:18Z] #632 attempt=1/2 status=200 0.249s url=https://www.myfonts.com/products/regular-lureva-1161044
[2026-06-05T10:15:19Z] #633 attempt=1/2 status=200 0.277s url=https://www.myfonts.com/collections/lureva-font-divora-type/
[2026-06-05T10:15:19Z] #634 attempt=1/2 status=429 0.039s url=https://www.myfonts.com/products/regular-zorvain-1161019
[2026-06-05T10:15:22Z] #635 attempt=2/2 status=200 0.279s url=https://www.myfonts.com/products/regular-zorvain-1161019
[2026-06-05T10:15:22Z] #636 attempt=1/2 status=200 0.330s url=https://www.myfonts.com/collections/zorvain-font-vadova-std/
[2026-06-05T10:15:23Z] #637 attempt=1/2 status=200 0.521s url=https://www.myfonts.com/products/variable-oblique-thin-oblique-profa-1161195
[2026-06-05T10:15:24Z] #638 attempt=1/2 status=200 0.857s url=https://www.myfonts.com/collections/profa-font-eko-bimantara/
[2026-06-05T10:15:25Z] #639 attempt=1/6 status=200 0.707s url=https://www.myfonts.com/products.json?limit=100&page=21
[2026-06-05T10:15:26Z] #640 attempt=1/2 status=200 0.268s url=https://www.myfonts.com/products/regular-francy-tiguan-1161021
[2026-06-05T10:15:26Z] #641 attempt=1/2 status=200 0.251s url=https://www.myfonts.com/collections/francy-tiguan-font-jolicia-type/
[2026-06-05T10:15:27Z] #642 attempt=1/2 status=429 0.031s url=https://www.myfonts.com/products/regular-amiret-1161192
[2026-06-05T10:15:29Z] #643 attempt=2/2 status=200 0.297s url=https://www.myfonts.com/products/regular-amiret-1161192
[2026-06-05T10:15:30Z] #644 attempt=1/2 status=200 0.267s url=https://www.myfonts.com/collections/amiret-font-only-fonts/
[2026-06-05T10:15:30Z] #645 attempt=1/2 status=200 0.259s url=https://www.myfonts.com/products/regular-kufict-1161167
[2026-06-05T10:15:31Z] #646 attempt=1/2 status=200 0.235s url=https://www.myfonts.com/collections/kufict-font-only-fonts/
[2026-06-05T10:15:31Z] #647 attempt=1/2 status=429 0.043s url=https://www.myfonts.com/products/realic-complete-family-package-1161023
[2026-06-05T10:15:33Z] #648 attempt=2/2 status=200 0.295s url=https://www.myfonts.com/products/realic-complete-family-package-1161023
[2026-06-05T10:15:34Z] #649 attempt=1/2 status=200 0.385s url=https://www.myfonts.com/collections/realic-font-vermilione/
[2026-06-05T10:15:35Z] #650 attempt=1/2 status=200 0.724s url=https://www.myfonts.com/products/griggs-serif-complete-family-package-1160696
[2026-06-05T10:15:37Z] #651 attempt=1/2 status=200 1.481s url=https://www.myfonts.com/collections/griggs-serif-font-seniors-studio/
[2026-06-05T10:15:39Z] #652 attempt=1/2 status=200 1.096s url=https://www.myfonts.com/products/griggssoft-mediumsansss01-griggs-sans-1160822
[2026-06-05T10:15:40Z] #653 attempt=1/2 status=200 1.548s url=https://www.myfonts.com/collections/griggs-sans-font-seniors-studio/
[2026-06-05T10:15:41Z] #654 attempt=1/2 status=200 0.287s url=https://www.myfonts.com/products/regular-velour-delamio-1161022
[2026-06-05T10:15:42Z] #655 attempt=1/2 status=200 0.236s url=https://www.myfonts.com/collections/velour-delamio-font-letterhanna-studio/
[2026-06-05T10:15:42Z] #656 attempt=1/2 status=200 0.303s url=https://www.myfonts.com/products/regular-dream-soul-1161020
[2026-06-05T10:15:43Z] #657 attempt=1/2 status=200 0.286s url=https://www.myfonts.com/collections/dream-soul-font-timurtype/
[2026-06-05T10:15:44Z] #658 attempt=1/6 status=200 0.746s url=https://www.myfonts.com/products.json?limit=100&page=22
[2026-06-05T10:15:45Z] #659 attempt=1/6 status=200 0.650s url=https://www.myfonts.com/products.json?limit=100&page=23
[2026-06-05T10:15:47Z] #660 attempt=1/6 status=200 0.682s url=https://www.myfonts.com/products.json?limit=100&page=24
[2026-06-05T10:15:47Z] #661 attempt=1/2 status=200 0.302s url=https://www.myfonts.com/products/beefy-graffiti-drips-collection-package-1160028
[2026-06-05T10:15:48Z] #662 attempt=1/2 status=200 0.461s url=https://www.myfonts.com/collections/beefy-graffiti-font-chattanooga-tshirt/
[2026-06-05T10:15:48Z] #663 attempt=1/2 status=200 0.302s url=https://www.myfonts.com/products/highland-wanders-complete-family-package-1160098
[2026-06-05T10:15:49Z] #664 attempt=1/2 status=200 0.332s url=https://www.myfonts.com/collections/highland-wanders-font-bale-type/
[2026-06-05T10:15:51Z] #665 attempt=1/2 status=200 1.517s url=https://www.myfonts.com/products/compact-collection-package-1160692
[2026-06-05T10:15:53Z] #666 attempt=1/2 status=200 2.284s url=https://www.myfonts.com/collections/awesome-gulgina-font-logic-type/
[2026-06-05T10:15:55Z] #667 attempt=1/2 status=200 0.352s url=https://www.myfonts.com/products/nemorosa-variable-complete-family-package-1160322
[2026-06-05T10:15:55Z] #668 attempt=1/2 status=200 0.314s url=https://www.myfonts.com/collections/nemorosa-variable-font-octotypo/
[2026-06-05T10:15:56Z] #669 attempt=1/2 status=200 0.296s url=https://www.myfonts.com/products/luxodia-signature-complete-family-package-1160292
[2026-06-05T10:15:56Z] #670 attempt=1/2 status=200 0.358s url=https://www.myfonts.com/collections/luxodia-signature-font-lemonthe/
[2026-06-05T10:15:57Z] #671 attempt=1/2 status=200 0.311s url=https://www.myfonts.com/products/partra-complete-family-package-1160410
[2026-06-05T10:15:58Z] #672 attempt=1/2 status=200 0.482s url=https://www.myfonts.com/collections/partra-font-red-type/
[2026-06-05T10:15:58Z] #673 attempt=1/2 status=200 0.276s url=https://www.myfonts.com/products/brighty-snavs-complete-family-package-1160087
[2026-06-05T10:15:59Z] #674 attempt=1/2 status=200 0.306s url=https://www.myfonts.com/collections/brighty-snavs-font-timelesstype-studio/
[2026-06-05T10:15:59Z] #675 attempt=1/2 status=429 0.029s url=https://www.myfonts.com/products/dekota-complete-family-package-1160090
[2026-06-05T10:16:02Z] #676 attempt=2/2 status=200 0.382s url=https://www.myfonts.com/products/dekota-complete-family-package-1160090
[2026-06-05T10:16:02Z] #677 attempt=1/2 status=200 0.352s url=https://www.myfonts.com/collections/dekota-font-timelesstype-studio/
[2026-06-05T10:16:03Z] #678 attempt=1/2 status=200 0.321s url=https://www.myfonts.com/products/acreme-bloom-complete-family-package-1160418
[2026-06-05T10:16:04Z] #679 attempt=1/2 status=200 0.447s url=https://www.myfonts.com/collections/acreme-bloom-font-deorde-studio/
[2026-06-05T10:16:05Z] #680 attempt=1/2 status=200 0.784s url=https://www.myfonts.com/products/segidua-complete-family-package-1160328
[2026-06-05T10:16:06Z] #681 attempt=1/2 status=200 0.890s url=https://www.myfonts.com/collections/segidua-font-ajibatype/
[2026-06-05T10:16:07Z] #682 attempt=1/2 status=200 0.328s url=https://www.myfonts.com/products/kupfer-scriptura-complete-family-package-1160065
[2026-06-05T10:16:07Z] #683 attempt=1/2 status=200 0.413s url=https://www.myfonts.com/collections/kupfer-scriptura-font-kaisertype/
[2026-06-05T10:16:08Z] #684 attempt=1/2 status=200 0.300s url=https://www.myfonts.com/products/terror-eyes-667-complete-family-package-1160070
[2026-06-05T10:16:08Z] #685 attempt=1/2 status=429 0.035s url=https://www.myfonts.com/collections/terror-eyes-667-font-remedy667/
[2026-06-05T10:16:11Z] #686 attempt=2/2 status=200 0.397s url=https://www.myfonts.com/collections/terror-eyes-667-font-remedy667/
[2026-06-05T10:16:11Z] #687 attempt=1/2 status=200 0.327s url=https://www.myfonts.com/products/designer-stuff-package-1160052
[2026-06-05T10:16:12Z] #688 attempt=1/2 status=200 0.512s url=https://www.myfonts.com/collections/gc-bumble-font-onyx-studio/
[2026-06-05T10:16:13Z] #689 attempt=1/2 status=200 0.320s url=https://www.myfonts.com/products/wedding-calligraphy-complete-family-package-1160398
[2026-06-05T10:16:13Z] #690 attempt=1/2 status=200 0.410s url=https://www.myfonts.com/collections/wedding-calligraphy-font-kaer/
[2026-06-05T10:16:14Z] #691 attempt=1/2 status=200 0.292s url=https://www.myfonts.com/products/falore-complete-family-package-1160460
[2026-06-05T10:16:14Z] #692 attempt=1/2 status=429 0.037s url=https://www.myfonts.com/collections/falore-font-font-liner/
[2026-06-05T10:16:17Z] #693 attempt=2/2 status=200 0.389s url=https://www.myfonts.com/collections/falore-font-font-liner/
[2026-06-05T10:16:17Z] #694 attempt=1/2 status=200 0.273s url=https://www.myfonts.com/products/mizzen-variable-complete-family-package-1160325
[2026-06-05T10:16:18Z] #695 attempt=1/2 status=200 0.337s url=https://www.myfonts.com/collections/mizzen-variable-font-octotypo/
[2026-06-05T10:16:18Z] #696 attempt=1/2 status=200 0.273s url=https://www.myfonts.com/products/olyford-variable-complete-family-package-1160315
[2026-06-05T10:16:19Z] #697 attempt=1/2 status=200 0.358s url=https://www.myfonts.com/collections/olyford-variable-font-nicolass-fonts/
[2026-06-05T10:16:19Z] #698 attempt=1/2 status=429 0.053s url=https://www.myfonts.com/products/wellsville-complete-family-package-1083121
[2026-06-05T10:16:22Z] #699 attempt=2/2 status=200 0.369s url=https://www.myfonts.com/products/wellsville-complete-family-package-1083121
[2026-06-05T10:16:23Z] #700 attempt=1/2 status=200 0.404s url=https://www.myfonts.com/collections/wellsville-font-adam-fathony/
[2026-06-05T10:16:23Z] #701 attempt=1/2 status=200 0.282s url=https://www.myfonts.com/products/rough-valley-complete-family-package-1160093
[2026-06-05T10:16:24Z] #702 attempt=1/2 status=200 0.361s url=https://www.myfonts.com/collections/rough-valley-font-cocodesign/
[2026-06-05T10:16:24Z] #703 attempt=1/2 status=200 0.352s url=https://www.myfonts.com/products/gorgany-complete-family-package-1160432
[2026-06-05T10:16:25Z] #704 attempt=1/2 status=200 0.740s url=https://www.myfonts.com/collections/gorgany-font-vlad-b/
[2026-06-05T10:16:26Z] #705 attempt=1/2 status=200 0.313s url=https://www.myfonts.com/products/rosvera-complete-family-package-1160074
[2026-06-05T10:16:26Z] #706 attempt=1/2 status=429 0.044s url=https://www.myfonts.com/collections/rosvera-font-letternesia-studio/
[2026-06-05T10:16:29Z] #707 attempt=2/2 status=200 0.426s url=https://www.myfonts.com/collections/rosvera-font-letternesia-studio/
[2026-06-05T10:16:29Z] #708 attempt=1/2 status=200 0.349s url=https://www.myfonts.com/products/mastin-calum-complete-family-package-1160037
[2026-06-05T10:16:30Z] #709 attempt=1/2 status=200 0.345s url=https://www.myfonts.com/collections/mastin-calum-font-tini-fitriani/
[2026-06-05T10:16:31Z] #710 attempt=1/2 status=200 0.299s url=https://www.myfonts.com/products/bast-variable-complete-family-package-1160394
[2026-06-05T10:16:31Z] #711 attempt=1/2 status=200 0.295s url=https://www.myfonts.com/collections/bast-variable-font-octotypo/
[2026-06-05T10:16:32Z] #712 attempt=1/2 status=200 0.360s url=https://www.myfonts.com/products/silent-shadow-complete-family-package-1160102
[2026-06-05T10:16:32Z] #713 attempt=1/2 status=429 0.037s url=https://www.myfonts.com/collections/silent-shadow-font-agung-sudirman/
[2026-06-05T10:16:35Z] #714 attempt=2/2 status=200 0.390s url=https://www.myfonts.com/collections/silent-shadow-font-agung-sudirman/
[2026-06-05T10:16:35Z] #715 attempt=1/2 status=200 0.312s url=https://www.myfonts.com/products/high-strange-complete-family-package-1160084
[2026-06-05T10:16:36Z] #716 attempt=1/2 status=200 0.328s url=https://www.myfonts.com/collections/high-strange-font-bale-type/
[2026-06-05T10:16:36Z] #717 attempt=1/2 status=200 0.339s url=https://www.myfonts.com/products/regularitalic-package-1160059
[2026-06-05T10:16:37Z] #718 attempt=1/2 status=200 0.433s url=https://www.myfonts.com/collections/verdera-font-maenjari-std/
[2026-06-05T10:16:37Z] #719 attempt=1/2 status=429 0.037s url=https://www.myfonts.com/products/itinera-variable-complete-family-package-1160333
[2026-06-05T10:16:40Z] #720 attempt=2/2 status=200 0.284s url=https://www.myfonts.com/products/itinera-variable-complete-family-package-1160333
[2026-06-05T10:16:40Z] #721 attempt=1/2 status=200 0.359s url=https://www.myfonts.com/collections/itinera-variable-font-octotypo/
[2026-06-05T10:16:41Z] #722 attempt=1/2 status=200 0.272s url=https://www.myfonts.com/products/bafelo-complete-family-package-1160002
[2026-06-05T10:16:42Z] #723 attempt=1/2 status=200 0.340s url=https://www.myfonts.com/collections/bafelo-font-font-liner/
[2026-06-05T10:16:42Z] #724 attempt=1/2 status=200 0.302s url=https://www.myfonts.com/products/agilov-complete-family-package-1160061
[2026-06-05T10:16:42Z] #725 attempt=1/2 status=429 0.045s url=https://www.myfonts.com/collections/agilov-font-jinan-studio/
[2026-06-05T10:16:45Z] #726 attempt=2/2 status=200 0.416s url=https://www.myfonts.com/collections/agilov-font-jinan-studio/
[2026-06-05T10:16:46Z] #727 attempt=1/2 status=200 0.296s url=https://www.myfonts.com/products/spektora-complete-family-package-1160319
[2026-06-05T10:16:46Z] #728 attempt=1/2 status=200 0.343s url=https://www.myfonts.com/collections/spektora-font-adam-fathony/
[2026-06-05T10:16:47Z] #729 attempt=1/2 status=200 0.297s url=https://www.myfonts.com/products/norack-sekaliye-complete-family-package-1160429
[2026-06-05T10:16:47Z] #730 attempt=1/2 status=200 0.323s url=https://www.myfonts.com/collections/norack-sekaliye-font-risma-type/
[2026-06-05T10:16:48Z] #731 attempt=1/2 status=200 0.275s url=https://www.myfonts.com/products/dravonik-complete-family-package-1160041
[2026-06-05T10:16:48Z] #732 attempt=1/2 status=429 0.032s url=https://www.myfonts.com/collections/dravonik-font-sipanji21/
[2026-06-05T10:16:51Z] #733 attempt=2/2 status=200 0.375s url=https://www.myfonts.com/collections/dravonik-font-sipanji21/
[2026-06-05T10:16:51Z] #734 attempt=1/2 status=200 0.296s url=https://www.myfonts.com/products/pg-bloomella-complete-family-package-1160407
[2026-06-05T10:16:52Z] #735 attempt=1/2 status=200 0.378s url=https://www.myfonts.com/collections/pg-bloomella-font-pretty-glyphs/
[2026-06-05T10:16:53Z] #736 attempt=1/2 status=200 0.337s url=https://www.myfonts.com/products/hello-frolic-complete-family-package-1160079
[2026-06-05T10:16:53Z] #737 attempt=1/2 status=200 0.372s url=https://www.myfonts.com/collections/hello-frolic-font-sensatype-studio/
[2026-06-05T10:16:53Z] #738 attempt=1/2 status=429 0.030s url=https://www.myfonts.com/products/regular-good-cake-1160019
[2026-06-05T10:16:56Z] #739 attempt=2/2 status=200 0.279s url=https://www.myfonts.com/products/regular-good-cake-1160019
[2026-06-05T10:16:56Z] #740 attempt=1/2 status=200 0.259s url=https://www.myfonts.com/collections/good-cake-font-pandeka-studio/
[2026-06-05T10:16:58Z] #741 attempt=1/6 status=200 0.703s url=https://www.myfonts.com/products.json?limit=100&page=25
[2026-06-05T10:16:58Z] #742 attempt=1/2 status=200 0.261s url=https://www.myfonts.com/products/regular-arabian-mandala-1160078
[2026-06-05T10:16:59Z] #743 attempt=1/2 status=200 0.250s url=https://www.myfonts.com/collections/arabian-mandala-font-denustudio/
[2026-06-05T10:16:59Z] #744 attempt=1/2 status=200 0.309s url=https://www.myfonts.com/products/regular-xtrack-1160035
[2026-06-05T10:16:59Z] #745 attempt=1/2 status=429 0.040s url=https://www.myfonts.com/collections/xtrack-font-vadova-std/
[2026-06-05T10:17:02Z] #746 attempt=2/2 status=200 0.360s url=https://www.myfonts.com/collections/xtrack-font-vadova-std/
[2026-06-05T10:17:03Z] #747 attempt=1/2 status=200 0.279s url=https://www.myfonts.com/products/regular-vibe-shift-1160289
[2026-06-05T10:17:03Z] #748 attempt=1/2 status=200 0.261s url=https://www.myfonts.com/collections/vibe-shift-font-inviline/
[2026-06-05T10:17:04Z] #749 attempt=1/2 status=200 0.262s url=https://www.myfonts.com/products/regular-thalabul-ilmi-1160097
[2026-06-05T10:17:04Z] #750 attempt=1/2 status=200 0.255s url=https://www.myfonts.com/collections/thalabul-ilmi-font-denustudio/
[2026-06-05T10:17:04Z] #751 attempt=1/2 status=429 0.074s url=https://www.myfonts.com/products/regular-la-papela-1160406
[2026-06-05T10:17:07Z] #752 attempt=2/2 status=200 0.305s url=https://www.myfonts.com/products/regular-la-papela-1160406
[2026-06-05T10:17:07Z] #753 attempt=1/2 status=200 0.336s url=https://www.myfonts.com/collections/la-papela-font-hishand-studio/
[2026-06-05T10:17:08Z] summary releases=1 first_429=(61, 'https://www.myfonts.com/products/beth-alt-family-package-1161583', 0.043538570404052734) log_file=state/myfonts_run_20260605_100559.log
[2026-06-05T10:17:08Z] === MyFonts crawl end ===
