[2026-05-29T10:08:29Z] checkpoint fresh next_page=1 path=state/myfonts_crawl_checkpoint.json
[2026-05-29T10:08:29Z] === MyFonts crawl start source=myfonts ===
[2026-05-29T10:08:29Z] config max_pages=25 page_size=100 start_date=2026-05-28 end_date=2026-05-29 api_delay=0.5s detail_delay=0.2s max_debut_checks=400 max_tech_specs_checks=200 reuse_success_profile=False always_enrich_packages=True language_script_signal_mode=strong force_fresh_run=False start_page=1 browser_mode=False browser_headless=True browser_storage_state_path=state/myfonts_storage_state.json
[2026-05-29T10:08:31Z] #1 attempt=1/6 status=200 0.967s url=https://www.myfonts.com/products.json?limit=100&page=1
[2026-05-29T10:08:31Z] #2 attempt=1/2 status=200 0.270s url=https://www.myfonts.com/products/regular-te-hafs2-tharwat-emara2-1012045
[2026-05-29T10:08:32Z] #3 attempt=1/2 status=200 0.325s url=https://www.myfonts.com/collections/te-hafs2-tharwat-emara2-font-tharwat-emara/
[2026-05-29T10:08:32Z] #4 attempt=1/2 status=200 0.402s url=https://www.myfonts.com/collections/te-hafs2-tharwat-emara2-font-tharwat-emara/?tab=techSpecs
[2026-05-29T10:08:33Z] #5 attempt=1/2 status=200 0.347s url=https://www.myfonts.com/products/giacomo-complete-family-package-1161700
[2026-05-29T10:08:34Z] #6 attempt=1/2 status=200 0.452s url=https://www.myfonts.com/collections/giacomo-font-struggle-studio/
[2026-05-29T10:08:35Z] #7 attempt=1/2 status=200 0.332s url=https://www.myfonts.com/collections/giacomo-font-struggle-studio/?tab=techSpecs
[2026-05-29T10:08:36Z] #8 attempt=1/2 status=200 0.309s url=https://www.myfonts.com/products/victoriq-squad-complete-family-package-1161684
[2026-05-29T10:08:36Z] #9 attempt=1/2 status=200 0.411s url=https://www.myfonts.com/collections/victoriq-squad-font-maxart/
[2026-05-29T10:08:37Z] #10 attempt=1/2 status=200 0.368s url=https://www.myfonts.com/collections/victoriq-squad-font-maxart/?tab=techSpecs
[2026-05-29T10:08:38Z] #11 attempt=1/2 status=200 0.292s url=https://www.myfonts.com/products/micher-complete-family-package-1161673
[2026-05-29T10:08:38Z] #12 attempt=1/2 status=200 0.406s url=https://www.myfonts.com/collections/micher-font-waftype/
[2026-05-29T10:08:39Z] #13 attempt=1/2 status=200 0.474s url=https://www.myfonts.com/collections/micher-font-waftype/?tab=techSpecs
[2026-05-29T10:08:40Z] #14 attempt=1/2 status=200 0.342s url=https://www.myfonts.com/products/solance-lite-package-1161671
[2026-05-29T10:08:41Z] #15 attempt=1/2 status=200 0.541s url=https://www.myfonts.com/collections/solance-serif-font-sans-and-sons/
[2026-05-29T10:08:42Z] #16 attempt=1/2 status=200 0.624s url=https://www.myfonts.com/collections/solance-serif-font-sans-and-sons/?tab=techSpecs
[2026-05-29T10:08:43Z] #17 attempt=1/2 status=200 0.277s url=https://www.myfonts.com/products/awalunaki-complete-family-package-1161649
[2026-05-29T10:08:43Z] #18 attempt=1/2 status=200 0.317s url=https://www.myfonts.com/collections/awalunaki-font-unaki/
[2026-05-29T10:08:44Z] #19 attempt=1/2 status=200 0.354s url=https://www.myfonts.com/collections/awalunaki-font-unaki/?tab=techSpecs
[2026-05-29T10:08:45Z] #20 attempt=1/2 status=200 0.420s url=https://www.myfonts.com/products/lokoxi-pro-package-1161647
[2026-05-29T10:08:46Z] #21 attempt=1/2 status=200 0.547s url=https://www.myfonts.com/collections/lokoxi-pro-font-anfound-type/
[2026-05-29T10:08:46Z] #22 attempt=1/2 status=200 0.124s url=https://www.myfonts.com/collections/lokoxi-pro-font-anfound-type/?tab=techSpecs
[2026-05-29T10:08:47Z] #23 attempt=1/2 status=200 0.313s url=https://www.myfonts.com/products/lazy-frogs-complete-family-package-1161654
[2026-05-29T10:08:48Z] #24 attempt=1/2 status=200 0.329s url=https://www.myfonts.com/collections/lazy-frogs-font-koplexs-studio/
[2026-05-29T10:08:49Z] #25 attempt=1/2 status=200 0.343s url=https://www.myfonts.com/collections/lazy-frogs-font-koplexs-studio/?tab=techSpecs
[2026-05-29T10:08:50Z] #26 attempt=1/2 status=200 0.324s url=https://www.myfonts.com/products/murisa-yokata-complete-family-package-1161706
[2026-05-29T10:08:50Z] #27 attempt=1/2 status=200 0.364s url=https://www.myfonts.com/collections/murisa-yokata-font-murisa-studio/
[2026-05-29T10:08:51Z] #28 attempt=1/2 status=200 0.379s url=https://www.myfonts.com/collections/murisa-yokata-font-murisa-studio/?tab=techSpecs
[2026-05-29T10:08:52Z] #29 attempt=1/2 status=200 0.383s url=https://www.myfonts.com/products/back-beat-tight-and-loose-complete-family-package-1161610
[2026-05-29T10:08:53Z] #30 attempt=1/2 status=200 0.503s url=https://www.myfonts.com/collections/back-beat-tight-and-loose-font-comicraft/
[2026-05-29T10:08:53Z] #31 attempt=1/2 status=200 0.122s url=https://www.myfonts.com/collections/back-beat-tight-and-loose-font-comicraft/?tab=techSpecs
[2026-05-29T10:08:54Z] #32 attempt=1/2 status=200 0.323s url=https://www.myfonts.com/products/mltp-fromgk-expanded-complete-family-package-1161611
[2026-05-29T10:08:55Z] #33 attempt=1/2 status=200 0.386s url=https://www.myfonts.com/collections/mltp-fromgk-expanded-font-multype-studio/
[2026-05-29T10:08:55Z] #34 attempt=1/2 status=200 0.426s url=https://www.myfonts.com/collections/mltp-fromgk-expanded-font-multype-studio/?tab=techSpecs
[2026-05-29T10:08:56Z] #35 attempt=1/2 status=200 0.270s url=https://www.myfonts.com/products/dennya-complete-family-package-1161657
[2026-05-29T10:08:57Z] #36 attempt=1/2 status=200 0.353s url=https://www.myfonts.com/collections/dennya-font-tini-fitriani/
[2026-05-29T10:08:58Z] #37 attempt=1/2 status=200 0.361s url=https://www.myfonts.com/collections/dennya-font-tini-fitriani/?tab=techSpecs
[2026-05-29T10:08:59Z] #38 attempt=1/2 status=200 0.292s url=https://www.myfonts.com/products/anger-complete-family-package-1161692
[2026-05-29T10:08:59Z] #39 attempt=1/2 status=200 0.387s url=https://www.myfonts.com/collections/anger-font-vampstudio/
[2026-05-29T10:09:00Z] #40 attempt=1/2 status=200 0.364s url=https://www.myfonts.com/collections/anger-font-vampstudio/?tab=techSpecs
[2026-05-29T10:09:01Z] #41 attempt=1/2 status=200 0.317s url=https://www.myfonts.com/products/subway-berlin-complete-family-package-1161697
[2026-05-29T10:09:02Z] #42 attempt=1/2 status=200 0.377s url=https://www.myfonts.com/collections/subway-berlin-font-mei-suseno/
[2026-05-29T10:09:02Z] #43 attempt=1/2 status=200 0.296s url=https://www.myfonts.com/collections/subway-berlin-font-mei-suseno/?tab=techSpecs
[2026-05-29T10:09:03Z] #44 attempt=1/2 status=200 0.368s url=https://www.myfonts.com/products/ft-monogrid-complete-family-package-1161660
[2026-05-29T10:09:04Z] #45 attempt=1/2 status=200 0.354s url=https://www.myfonts.com/collections/ft-monogrid-font-firstype-studio/
[2026-05-29T10:09:04Z] #46 attempt=1/2 status=200 0.348s url=https://www.myfonts.com/collections/ft-monogrid-font-firstype-studio/?tab=techSpecs
[2026-05-29T10:09:05Z] #47 attempt=1/2 status=200 0.245s url=https://www.myfonts.com/products/regular-cindervale-1161683
[2026-05-29T10:09:06Z] #48 attempt=1/2 status=200 0.295s url=https://www.myfonts.com/collections/cindervale-font-letterhanna-studio/
[2026-05-29T10:09:06Z] #49 attempt=1/2 status=200 0.136s url=https://www.myfonts.com/collections/cindervale-font-letterhanna-studio/?tab=techSpecs
[2026-05-29T10:09:07Z] #50 attempt=1/2 status=200 0.251s url=https://www.myfonts.com/products/regular-lemon-chomp-1161711
[2026-05-29T10:09:08Z] #51 attempt=1/2 status=200 0.344s url=https://www.myfonts.com/collections/lemon-chomp-font-sipanji21/
[2026-05-29T10:09:08Z] #52 attempt=1/2 status=200 0.145s url=https://www.myfonts.com/collections/lemon-chomp-font-sipanji21/?tab=techSpecs
[2026-05-29T10:09:09Z] #53 attempt=1/2 status=200 0.257s url=https://www.myfonts.com/products/regular-amsahoney-1161652
[2026-05-29T10:09:09Z] #54 attempt=1/2 status=200 0.247s url=https://www.myfonts.com/collections/amsahoney-font-sealoung/
[2026-05-29T10:09:10Z] #55 attempt=1/2 status=200 0.131s url=https://www.myfonts.com/collections/amsahoney-font-sealoung/?tab=techSpecs
[2026-05-29T10:09:10Z] #56 attempt=1/2 status=200 0.282s url=https://www.myfonts.com/products/regular-melgank-1161681
[2026-05-29T10:09:11Z] #57 attempt=1/2 status=200 0.234s url=https://www.myfonts.com/collections/melgank-font-only-fonts/
[2026-05-29T10:09:11Z] #58 attempt=1/2 status=200 0.128s url=https://www.myfonts.com/collections/melgank-font-only-fonts/?tab=techSpecs
[2026-05-29T10:09:12Z] #59 attempt=1/2 status=200 0.255s url=https://www.myfonts.com/products/regular-romantis-1161680
[2026-05-29T10:09:12Z] #60 attempt=1/2 status=200 0.259s url=https://www.myfonts.com/collections/romantis-font-jaruka-creative/
[2026-05-29T10:09:13Z] #61 attempt=1/2 status=200 0.277s url=https://www.myfonts.com/collections/romantis-font-jaruka-creative/?tab=techSpecs
[2026-05-29T10:09:14Z] #62 attempt=1/2 status=200 0.267s url=https://www.myfonts.com/products/regular-zfhalcyon-1161632
[2026-05-29T10:09:14Z] #63 attempt=1/2 status=200 0.249s url=https://www.myfonts.com/collections/zfhalcyon-font-zoofont/
[2026-05-29T10:09:15Z] #64 attempt=1/2 status=200 0.260s url=https://www.myfonts.com/collections/zfhalcyon-font-zoofont/?tab=techSpecs
[2026-05-29T10:09:15Z] #65 attempt=1/2 status=200 0.263s url=https://www.myfonts.com/products/regular-jamoa-script-1161691
[2026-05-29T10:09:16Z] #66 attempt=1/2 status=200 0.264s url=https://www.myfonts.com/collections/jamoa-script-font-four-lines-std/
[2026-05-29T10:09:16Z] #67 attempt=1/2 status=200 0.253s url=https://www.myfonts.com/collections/jamoa-script-font-four-lines-std/?tab=techSpecs
[2026-05-29T10:09:17Z] #68 attempt=1/2 status=200 0.257s url=https://www.myfonts.com/products/regular-elmarn-1161634
[2026-05-29T10:09:18Z] #69 attempt=1/2 status=200 0.257s url=https://www.myfonts.com/collections/elmarn-font-only-fonts/
[2026-05-29T10:09:18Z] #70 attempt=1/2 status=200 0.129s url=https://www.myfonts.com/collections/elmarn-font-only-fonts/?tab=techSpecs
[2026-05-29T10:09:19Z] #71 attempt=1/2 status=200 0.283s url=https://www.myfonts.com/products/regular-holfont-1161682
[2026-05-29T10:09:19Z] #72 attempt=1/2 status=200 0.275s url=https://www.myfonts.com/collections/holfont-font-only-fonts/
[2026-05-29T10:09:20Z] #73 attempt=1/2 status=200 0.240s url=https://www.myfonts.com/collections/holfont-font-only-fonts/?tab=techSpecs
[2026-05-29T10:09:21Z] #74 attempt=1/2 status=200 0.269s url=https://www.myfonts.com/products/regular-mat-cho-1161690
[2026-05-29T10:09:21Z] #75 attempt=1/2 status=429 0.037s url=https://www.myfonts.com/collections/mat-cho-font-canden-meutuah/
[2026-05-29T10:09:21Z] first_429 req=75 url=https://www.myfonts.com/collections/mat-cho-font-canden-meutuah/
[2026-05-29T10:09:23Z] #76 attempt=2/2 status=200 0.397s url=https://www.myfonts.com/collections/mat-cho-font-canden-meutuah/
[2026-05-29T10:09:24Z] #77 attempt=1/2 status=200 0.309s url=https://www.myfonts.com/products/regular-father-punker-1161712
[2026-05-29T10:09:24Z] #78 attempt=1/2 status=200 0.261s url=https://www.myfonts.com/collections/father-punker-font-sipanji21/
[2026-05-29T10:09:25Z] #79 attempt=1/2 status=429 0.054s url=https://www.myfonts.com/products/regular-mozathia-1161705
[2026-05-29T10:09:27Z] #80 attempt=2/2 status=200 0.358s url=https://www.myfonts.com/products/regular-mozathia-1161705
[2026-05-29T10:09:28Z] #81 attempt=1/2 status=200 0.234s url=https://www.myfonts.com/collections/mozathia-font-denustudio/
[2026-05-29T10:09:28Z] #82 attempt=1/2 status=429 0.038s url=https://www.myfonts.com/products/regular-feral-glyph-1161704
[2026-05-29T10:09:31Z] #83 attempt=2/2 status=200 0.399s url=https://www.myfonts.com/products/regular-feral-glyph-1161704
[2026-05-29T10:09:31Z] #84 attempt=1/2 status=200 0.275s url=https://www.myfonts.com/collections/feral-glyph-font-atom/
[2026-05-29T10:09:32Z] #85 attempt=1/6 status=429 0.026s url=https://www.myfonts.com/products.json?limit=100&page=2
[2026-05-29T10:09:35Z] #86 attempt=2/6 status=200 0.860s url=https://www.myfonts.com/products.json?limit=100&page=2
[2026-05-29T10:09:36Z] #87 attempt=1/2 status=200 0.241s url=https://www.myfonts.com/products/regular-minggo-plays-1161653
[2026-05-29T10:09:36Z] #88 attempt=1/2 status=200 0.277s url=https://www.myfonts.com/collections/minggo-plays-font-tini-fitriani/
[2026-05-29T10:09:37Z] #89 attempt=1/2 status=200 0.305s url=https://www.myfonts.com/products/bublo-complete-family-package-1161607
[2026-05-29T10:09:37Z] #90 attempt=1/2 status=429 0.057s url=https://www.myfonts.com/collections/bublo-font-divora-type/
[2026-05-29T10:09:40Z] #91 attempt=2/2 status=200 0.470s url=https://www.myfonts.com/collections/bublo-font-divora-type/
[2026-05-29T10:09:41Z] #92 attempt=1/2 status=200 0.746s url=https://www.myfonts.com/products/tachos-complete-family-package-1161499
[2026-05-29T10:09:41Z] #93 attempt=1/2 status=429 0.035s url=https://www.myfonts.com/collections/tachos-font-alpercakici/
[2026-05-29T10:09:44Z] #94 attempt=2/2 status=200 1.046s url=https://www.myfonts.com/collections/tachos-font-alpercakici/
[2026-05-29T10:09:45Z] #95 attempt=1/2 status=200 0.327s url=https://www.myfonts.com/products/magic-target-complete-family-package-1160901
[2026-05-29T10:09:45Z] #96 attempt=1/2 status=200 0.323s url=https://www.myfonts.com/collections/magic-target-font-timelesstype-studio/
[2026-05-29T10:09:46Z] #97 attempt=1/2 status=200 0.317s url=https://www.myfonts.com/products/wildwords-complete-family-package-1161494
[2026-05-29T10:09:46Z] #98 attempt=1/2 status=429 0.038s url=https://www.myfonts.com/collections/wild-words-font-comicraft/
[2026-05-29T10:09:49Z] #99 attempt=2/2 status=200 0.555s url=https://www.myfonts.com/collections/wild-words-font-comicraft/
[2026-05-29T10:09:50Z] #100 attempt=1/2 status=200 0.298s url=https://www.myfonts.com/products/foermality-rounded-outline-complete-family-package-1160985
[2026-05-29T10:09:50Z] #101 attempt=1/2 status=429 0.030s url=https://www.myfonts.com/collections/foermality-rounded-outline-font-laroyba-type/
[2026-05-29T10:09:53Z] #102 attempt=2/2 status=200 0.444s url=https://www.myfonts.com/collections/foermality-rounded-outline-font-laroyba-type/
[2026-05-29T10:09:53Z] #103 attempt=1/2 status=200 0.303s url=https://www.myfonts.com/products/hush-hush-complete-family-package-1161489
[2026-05-29T10:09:54Z] #104 attempt=1/2 status=200 0.397s url=https://www.myfonts.com/collections/hush-hush-font-comicraft/
[2026-05-29T10:09:54Z] #105 attempt=1/2 status=429 0.029s url=https://www.myfonts.com/products/scarnix-complete-family-package-1160870
[2026-05-29T10:09:57Z] #106 attempt=2/2 status=200 0.338s url=https://www.myfonts.com/products/scarnix-complete-family-package-1160870
[2026-05-29T10:09:57Z] #107 attempt=1/2 status=200 0.502s url=https://www.myfonts.com/collections/scarnix-font-letterara/
[2026-05-29T10:09:58Z] #108 attempt=1/2 status=429 0.024s url=https://www.myfonts.com/products/biarty-complete-family-package-1160960
[2026-05-29T10:10:00Z] #109 attempt=2/2 status=200 0.493s url=https://www.myfonts.com/products/biarty-complete-family-package-1160960
[2026-05-29T10:10:01Z] #110 attempt=1/2 status=200 0.850s url=https://www.myfonts.com/collections/biarty-font-nollev/
[2026-05-29T10:10:02Z] #111 attempt=1/2 status=200 0.309s url=https://www.myfonts.com/products/cyber-copix-complete-family-package-1161016
[2026-05-29T10:10:03Z] #112 attempt=1/2 status=200 0.498s url=https://www.myfonts.com/collections/cyber-copix-font-afkari-studio/
[2026-05-29T10:10:03Z] #113 attempt=1/2 status=200 0.330s url=https://www.myfonts.com/products/sunday-radio-complete-family-package-1161007
[2026-05-29T10:10:04Z] #114 attempt=1/2 status=200 0.368s url=https://www.myfonts.com/collections/sunday-radio-font-sixtype-foundry/
[2026-05-29T10:10:04Z] #115 attempt=1/2 status=429 0.052s url=https://www.myfonts.com/products/snocky-complete-family-package-1160908
[2026-05-29T10:10:07Z] #116 attempt=2/2 status=200 0.439s url=https://www.myfonts.com/products/snocky-complete-family-package-1160908
[2026-05-29T10:10:08Z] #117 attempt=1/2 status=200 0.377s url=https://www.myfonts.com/collections/snocky-font-sensatype-studio/
[2026-05-29T10:10:08Z] #118 attempt=1/2 status=200 0.348s url=https://www.myfonts.com/products/jankora-street-complete-family-package-1160921
[2026-05-29T10:10:09Z] #119 attempt=1/2 status=200 0.546s url=https://www.myfonts.com/collections/jankora-street-font-sipanji21/
[2026-05-29T10:10:10Z] #120 attempt=1/2 status=200 0.312s url=https://www.myfonts.com/products/racole-complete-family-package-1160955
[2026-05-29T10:10:10Z] #121 attempt=1/2 status=200 0.395s url=https://www.myfonts.com/collections/racole-font-artisan-themes/
[2026-05-29T10:10:10Z] #122 attempt=1/2 status=429 0.039s url=https://www.myfonts.com/products/gabriel-bautista-complete-family-package-1161480
[2026-05-29T10:10:13Z] #123 attempt=2/2 status=200 0.434s url=https://www.myfonts.com/products/gabriel-bautista-complete-family-package-1161480
[2026-05-29T10:10:14Z] #124 attempt=1/2 status=200 0.548s url=https://www.myfonts.com/collections/gabriel-bautista-font-comicraft/
[2026-05-29T10:10:14Z] #125 attempt=1/2 status=200 0.278s url=https://www.myfonts.com/products/orlive-complete-family-package-1160904
[2026-05-29T10:10:15Z] #126 attempt=1/2 status=200 0.392s url=https://www.myfonts.com/collections/orlive-font-flavortype/
[2026-05-29T10:10:16Z] #127 attempt=1/2 status=200 0.277s url=https://www.myfonts.com/products/istarot-complete-family-package-1160867
[2026-05-29T10:10:16Z] #128 attempt=1/2 status=200 0.365s url=https://www.myfonts.com/collections/istarot-font-letterara/
[2026-05-29T10:10:16Z] #129 attempt=1/2 status=429 0.027s url=https://www.myfonts.com/products/richeks-kosta-complete-family-package-1160913
[2026-05-29T10:10:19Z] #130 attempt=2/2 status=200 0.328s url=https://www.myfonts.com/products/richeks-kosta-complete-family-package-1160913
[2026-05-29T10:10:20Z] #131 attempt=1/2 status=200 0.368s url=https://www.myfonts.com/collections/richeks-kosta-font-timelesstype-studio/
[2026-05-29T10:10:20Z] #132 attempt=1/2 status=200 0.351s url=https://www.myfonts.com/products/ravok-complete-family-package-1160864
[2026-05-29T10:10:21Z] #133 attempt=1/2 status=200 0.397s url=https://www.myfonts.com/collections/ravok-font-letterara/
[2026-05-29T10:10:22Z] #134 attempt=1/2 status=200 0.373s url=https://www.myfonts.com/products/arunela-complete-family-package-1160854
[2026-05-29T10:10:22Z] #135 attempt=1/2 status=429 0.025s url=https://www.myfonts.com/collections/arunela-font-letterara/
[2026-05-29T10:10:24Z] #136 attempt=2/2 status=200 0.404s url=https://www.myfonts.com/collections/arunela-font-letterara/
[2026-05-29T10:10:26Z] #137 attempt=1/2 status=200 1.398s url=https://www.myfonts.com/products/aukim-ii-child-complete-family-package-1161244
[2026-05-29T10:10:28Z] #138 attempt=1/2 status=200 2.063s url=https://www.myfonts.com/collections/aukim-ii-child-font-aukimvisuel/
[2026-05-29T10:10:30Z] #139 attempt=1/2 status=200 0.325s url=https://www.myfonts.com/products/redcliff-campwood-complete-family-package-1161010
[2026-05-29T10:10:30Z] #140 attempt=1/2 status=200 0.426s url=https://www.myfonts.com/collections/redcliff-campwood-font-din-studio/
[2026-05-29T10:10:31Z] #141 attempt=1/2 status=200 0.442s url=https://www.myfonts.com/products/rangers-complete-family-package-1160930
[2026-05-29T10:10:32Z] #142 attempt=1/2 status=200 0.722s url=https://www.myfonts.com/collections/rangers-font-syafbe/
[2026-05-29T10:10:33Z] #143 attempt=1/2 status=200 0.328s url=https://www.myfonts.com/products/sadina-rounded-complete-family-package-1160875
[2026-05-29T10:10:33Z] #144 attempt=1/2 status=200 0.487s url=https://www.myfonts.com/collections/sadina-rounded-font-numidiatype/
[2026-05-29T10:10:34Z] #145 attempt=1/2 status=200 0.283s url=https://www.myfonts.com/products/florevia-complete-family-package-1160916
[2026-05-29T10:10:34Z] #146 attempt=1/2 status=200 0.338s url=https://www.myfonts.com/collections/florevia-font-din-studio/
[2026-05-29T10:10:35Z] #147 attempt=1/2 status=200 0.276s url=https://www.myfonts.com/products/orkaviel-complete-family-package-1160857
[2026-05-29T10:10:36Z] #148 attempt=1/2 status=200 0.365s url=https://www.myfonts.com/collections/orkaviel-font-letterara/
[2026-05-29T10:10:36Z] #149 attempt=1/2 status=200 0.290s url=https://www.myfonts.com/products/vion-modern-complete-family-package-1160898
[2026-05-29T10:10:37Z] #150 attempt=1/2 status=200 0.330s url=https://www.myfonts.com/collections/vion-modern-font-illushvara/
[2026-05-29T10:10:38Z] #151 attempt=1/6 status=200 0.732s url=https://www.myfonts.com/products.json?limit=100&page=3
[2026-05-29T10:10:39Z] #152 attempt=1/2 status=200 0.395s url=https://www.myfonts.com/products/mechabloq-complete-family-package-1160980
[2026-05-29T10:10:39Z] #153 attempt=1/2 status=429 0.026s url=https://www.myfonts.com/collections/mechabloq-font-mystical-type/
[2026-05-29T10:10:42Z] #154 attempt=2/2 status=200 0.693s url=https://www.myfonts.com/collections/mechabloq-font-mystical-type/
[2026-05-29T10:10:42Z] #155 attempt=1/2 status=200 0.263s url=https://www.myfonts.com/products/maisonelle-complete-family-package-1160860
[2026-05-29T10:10:43Z] #156 attempt=1/2 status=200 0.347s url=https://www.myfonts.com/collections/maisonelle-font-letterara/
[2026-05-29T10:10:43Z] #157 attempt=1/2 status=200 0.328s url=https://www.myfonts.com/products/mexcup-complete-family-package-1160891
[2026-05-29T10:10:44Z] #158 attempt=1/2 status=200 0.428s url=https://www.myfonts.com/collections/mexcup-font-ixipcalli/
[2026-05-29T10:10:45Z] #159 attempt=1/2 status=200 0.240s url=https://www.myfonts.com/products/regular-carmelio-1160927
[2026-05-29T10:10:45Z] #160 attempt=1/2 status=429 0.041s url=https://www.myfonts.com/collections/carmelio-font-clevus/
[2026-05-29T10:10:47Z] #161 attempt=2/2 status=200 0.314s url=https://www.myfonts.com/collections/carmelio-font-clevus/
[2026-05-29T10:10:48Z] #162 attempt=1/2 status=200 0.246s url=https://www.myfonts.com/products/regular-mignova-1160912
[2026-05-29T10:10:49Z] #163 attempt=1/2 status=200 0.339s url=https://www.myfonts.com/collections/mignova-font-sipanji21/
[2026-05-29T10:10:49Z] #164 attempt=1/2 status=200 0.272s url=https://www.myfonts.com/products/regular-monari-1160863
[2026-05-29T10:10:49Z] #165 attempt=1/2 status=429 0.032s url=https://www.myfonts.com/collections/monari-font-bentype/
[2026-05-29T10:10:52Z] #166 attempt=2/2 status=200 0.275s url=https://www.myfonts.com/collections/monari-font-bentype/
[2026-05-29T10:10:52Z] #167 attempt=1/2 status=200 0.285s url=https://www.myfonts.com/products/regular-florea-1160920
[2026-05-29T10:10:53Z] #168 attempt=1/2 status=200 0.253s url=https://www.myfonts.com/collections/florea-font-sixtype-foundry/
[2026-05-29T10:10:53Z] #169 attempt=1/2 status=200 0.333s url=https://www.myfonts.com/products/regular-desdemona-1160919
[2026-05-29T10:10:54Z] #170 attempt=1/2 status=200 0.238s url=https://www.myfonts.com/collections/desdemona-font-sixtype-foundry/
[2026-05-29T10:10:55Z] #171 attempt=1/6 status=200 0.667s url=https://www.myfonts.com/products.json?limit=100&page=4
[2026-05-29T10:10:56Z] #172 attempt=1/6 status=200 0.712s url=https://www.myfonts.com/products.json?limit=100&page=5
[2026-05-29T10:10:57Z] #173 attempt=1/2 status=200 0.249s url=https://www.myfonts.com/products/regular-bravco-1160907
[2026-05-29T10:10:57Z] #174 attempt=1/2 status=429 0.055s url=https://www.myfonts.com/collections/bravco-font-sensatype-studio/
[2026-05-29T10:11:00Z] #175 attempt=2/2 status=200 0.274s url=https://www.myfonts.com/collections/bravco-font-sensatype-studio/
[2026-05-29T10:11:00Z] #176 attempt=1/2 status=200 0.288s url=https://www.myfonts.com/products/regular-celrune-1161006
[2026-05-29T10:11:01Z] #177 attempt=1/2 status=200 0.227s url=https://www.myfonts.com/collections/celrune-font-only-fonts/
[2026-05-29T10:11:01Z] #178 attempt=1/2 status=200 0.250s url=https://www.myfonts.com/products/standard-busta-1160874
[2026-05-29T10:11:01Z] #179 attempt=1/2 status=429 0.040s url=https://www.myfonts.com/collections/busta-font-bentype/
[2026-05-29T10:11:04Z] #180 attempt=2/2 status=200 0.307s url=https://www.myfonts.com/collections/busta-font-bentype/
[2026-05-29T10:11:04Z] #181 attempt=1/2 status=200 0.254s url=https://www.myfonts.com/products/regular-regotta-1160928
[2026-05-29T10:11:05Z] #182 attempt=1/2 status=200 0.326s url=https://www.myfonts.com/collections/regotta-font-rasio-studio/
[2026-05-29T10:11:06Z] #183 attempt=1/6 status=200 0.821s url=https://www.myfonts.com/products.json?limit=100&page=6
[2026-05-29T10:11:07Z] #184 attempt=1/2 status=200 0.267s url=https://www.myfonts.com/products/regular-panicmode-1160979
[2026-05-29T10:11:07Z] #185 attempt=1/2 status=200 0.328s url=https://www.myfonts.com/collections/panicmode-font-inviline/
[2026-05-29T10:11:08Z] #186 attempt=1/2 status=429 0.065s url=https://www.myfonts.com/products/regular-starley-1160929
[2026-05-29T10:11:10Z] #187 attempt=2/2 status=200 0.303s url=https://www.myfonts.com/products/regular-starley-1160929
[2026-05-29T10:11:11Z] #188 attempt=1/2 status=200 0.262s url=https://www.myfonts.com/collections/starley-font-sensatype-studio/
[2026-05-29T10:11:11Z] #189 attempt=1/2 status=200 0.288s url=https://www.myfonts.com/products/italic-rmu-trifels-1161479
[2026-05-29T10:11:12Z] #190 attempt=1/2 status=200 0.248s url=https://www.myfonts.com/collections/rmu-trifels-font-rmu/
[2026-05-29T10:11:12Z] #191 attempt=1/2 status=200 0.267s url=https://www.myfonts.com/products/regular-rekova-marove-1160873
[2026-05-29T10:11:13Z] #192 attempt=1/2 status=429 0.035s url=https://www.myfonts.com/collections/rekova-marove-font-sototive/
[2026-05-29T10:11:15Z] #193 attempt=2/2 status=200 0.334s url=https://www.myfonts.com/collections/rekova-marove-font-sototive/
[2026-05-29T10:11:17Z] #194 attempt=1/2 status=200 1.346s url=https://www.myfonts.com/products/circular-sketchy-orionus-1161077
[2026-05-29T10:11:18Z] #195 attempt=1/2 status=200 1.387s url=https://www.myfonts.com/collections/orionus-font-alpercakici/
[2026-05-29T10:11:19Z] #196 attempt=1/2 status=200 0.313s url=https://www.myfonts.com/products/regular-onikage-asian-1161043
[2026-05-29T10:11:20Z] #197 attempt=1/2 status=200 0.309s url=https://www.myfonts.com/collections/onikage-asian-font-mei-suseno/
[2026-05-29T10:11:20Z] #198 attempt=1/2 status=200 0.406s url=https://www.myfonts.com/products/regular-italic-lokoxi-1161028
[2026-05-29T10:11:21Z] #199 attempt=1/2 status=200 0.718s url=https://www.myfonts.com/collections/lokoxi-font-anfound-type/
[2026-05-29T10:11:22Z] #200 attempt=1/2 status=200 0.282s url=https://www.myfonts.com/products/regular-elarisent-1161046
[2026-05-29T10:11:23Z] #201 attempt=1/2 status=200 0.341s url=https://www.myfonts.com/collections/elarisent-font-naiza-studio/
[2026-05-29T10:11:24Z] #202 attempt=1/6 status=200 0.908s url=https://www.myfonts.com/products.json?limit=100&page=7
[2026-05-29T10:11:25Z] #203 attempt=1/2 status=200 0.285s url=https://www.myfonts.com/products/regular-lureva-1161044
[2026-05-29T10:11:25Z] #204 attempt=1/2 status=200 0.136s url=https://www.myfonts.com/collections/lureva-font-divora-type/
[2026-05-29T10:11:25Z] #205 attempt=1/2 status=429 0.031s url=https://www.myfonts.com/products/regular-zorvain-1161019
[2026-05-29T10:11:28Z] #206 attempt=2/2 status=200 0.285s url=https://www.myfonts.com/products/regular-zorvain-1161019
[2026-05-29T10:11:28Z] #207 attempt=1/2 status=200 0.279s url=https://www.myfonts.com/collections/zorvain-font-vadova-std/
[2026-05-29T10:11:29Z] #208 attempt=1/2 status=200 0.663s url=https://www.myfonts.com/products/variable-oblique-thin-oblique-profa-1161195
[2026-05-29T10:11:30Z] #209 attempt=1/2 status=200 0.613s url=https://www.myfonts.com/collections/profa-font-eko-bimantara/
[2026-05-29T10:11:31Z] #210 attempt=1/2 status=200 0.293s url=https://www.myfonts.com/products/regular-francy-tiguan-1161021
[2026-05-29T10:11:31Z] #211 attempt=1/2 status=200 0.255s url=https://www.myfonts.com/collections/francy-tiguan-font-jolicia-type/
[2026-05-29T10:11:31Z] #212 attempt=1/2 status=429 0.039s url=https://www.myfonts.com/products/regular-amiret-1161192
[2026-05-29T10:11:34Z] #213 attempt=2/2 status=200 0.282s url=https://www.myfonts.com/products/regular-amiret-1161192
[2026-05-29T10:11:34Z] #214 attempt=1/2 status=200 0.243s url=https://www.myfonts.com/collections/amiret-font-only-fonts/
[2026-05-29T10:11:36Z] #215 attempt=1/6 status=200 0.769s url=https://www.myfonts.com/products.json?limit=100&page=8
[2026-05-29T10:11:36Z] #216 attempt=1/2 status=200 0.291s url=https://www.myfonts.com/products/regular-kufict-1161167
[2026-05-29T10:11:37Z] #217 attempt=1/2 status=200 0.245s url=https://www.myfonts.com/collections/kufict-font-only-fonts/
[2026-05-29T10:11:37Z] #218 attempt=1/2 status=200 0.315s url=https://www.myfonts.com/products/realic-complete-family-package-1161023
[2026-05-29T10:11:38Z] #219 attempt=1/2 status=429 0.037s url=https://www.myfonts.com/collections/realic-font-vermilione/
[2026-05-29T10:11:40Z] #220 attempt=2/2 status=200 0.497s url=https://www.myfonts.com/collections/realic-font-vermilione/
[2026-05-29T10:11:42Z] #221 attempt=1/2 status=200 1.219s url=https://www.myfonts.com/products/griggs-serif-complete-family-package-1160696
[2026-05-29T10:11:44Z] #222 attempt=1/2 status=200 1.821s url=https://www.myfonts.com/collections/griggs-serif-font-seniors-studio/
[2026-05-29T10:11:45Z] #223 attempt=1/2 status=200 0.975s url=https://www.myfonts.com/products/griggssoft-mediumsansss01-griggs-sans-1160822
[2026-05-29T10:11:48Z] #224 attempt=1/2 status=200 1.982s url=https://www.myfonts.com/collections/griggs-sans-font-seniors-studio/
[2026-05-29T10:11:49Z] #225 attempt=1/2 status=200 0.268s url=https://www.myfonts.com/products/regular-velour-delamio-1161022
[2026-05-29T10:11:49Z] #226 attempt=1/2 status=200 0.262s url=https://www.myfonts.com/collections/velour-delamio-font-letterhanna-studio/
[2026-05-29T10:11:50Z] #227 attempt=1/2 status=200 0.242s url=https://www.myfonts.com/products/regular-dream-soul-1161020
[2026-05-29T10:11:50Z] #228 attempt=1/2 status=200 0.242s url=https://www.myfonts.com/collections/dream-soul-font-timurtype/
[2026-05-29T10:11:51Z] #229 attempt=1/6 status=200 0.731s url=https://www.myfonts.com/products.json?limit=100&page=9
[2026-05-29T10:11:53Z] #230 attempt=1/6 status=200 0.713s url=https://www.myfonts.com/products.json?limit=100&page=10
[2026-05-29T10:11:53Z] #231 attempt=1/2 status=200 0.379s url=https://www.myfonts.com/products/beefy-graffiti-drips-collection-package-1160028
[2026-05-29T10:11:54Z] #232 attempt=1/2 status=200 0.627s url=https://www.myfonts.com/collections/beefy-graffiti-font-chattanooga-tshirt/
[2026-05-29T10:11:55Z] #233 attempt=1/2 status=200 0.301s url=https://www.myfonts.com/products/highland-wanders-complete-family-package-1160098
[2026-05-29T10:11:55Z] #234 attempt=1/2 status=200 0.313s url=https://www.myfonts.com/collections/highland-wanders-font-bale-type/
[2026-05-29T10:11:57Z] #235 attempt=1/2 status=200 1.969s url=https://www.myfonts.com/products/compact-collection-package-1160692
[2026-05-29T10:12:01Z] #236 attempt=1/2 status=200 2.857s url=https://www.myfonts.com/collections/awesome-gulgina-font-logic-type/
[2026-05-29T10:12:02Z] #237 attempt=1/2 status=200 0.311s url=https://www.myfonts.com/products/nemorosa-variable-complete-family-package-1160322
[2026-05-29T10:12:02Z] #238 attempt=1/2 status=200 0.330s url=https://www.myfonts.com/collections/nemorosa-variable-font-octotypo/
[2026-05-29T10:12:03Z] #239 attempt=1/2 status=200 0.304s url=https://www.myfonts.com/products/luxodia-signature-complete-family-package-1160292
[2026-05-29T10:12:04Z] #240 attempt=1/2 status=200 0.384s url=https://www.myfonts.com/collections/luxodia-signature-font-lemonthe/
[2026-05-29T10:12:04Z] #241 attempt=1/2 status=200 0.513s url=https://www.myfonts.com/products/partra-complete-family-package-1160410
[2026-05-29T10:12:05Z] #242 attempt=1/2 status=200 0.448s url=https://www.myfonts.com/collections/partra-font-red-type/
[2026-05-29T10:12:06Z] #243 attempt=1/2 status=200 0.344s url=https://www.myfonts.com/products/brighty-snavs-complete-family-package-1160087
[2026-05-29T10:12:06Z] #244 attempt=1/2 status=200 0.332s url=https://www.myfonts.com/collections/brighty-snavs-font-timelesstype-studio/
[2026-05-29T10:12:07Z] #245 attempt=1/2 status=200 0.295s url=https://www.myfonts.com/products/dekota-complete-family-package-1160090
[2026-05-29T10:12:07Z] #246 attempt=1/2 status=200 0.371s url=https://www.myfonts.com/collections/dekota-font-timelesstype-studio/
[2026-05-29T10:12:08Z] #247 attempt=1/2 status=200 0.392s url=https://www.myfonts.com/products/acreme-bloom-complete-family-package-1160418
[2026-05-29T10:12:09Z] #248 attempt=1/2 status=200 0.469s url=https://www.myfonts.com/collections/acreme-bloom-font-deorde-studio/
[2026-05-29T10:12:10Z] #249 attempt=1/2 status=200 0.812s url=https://www.myfonts.com/products/segidua-complete-family-package-1160328
[2026-05-29T10:12:11Z] #250 attempt=1/2 status=200 0.978s url=https://www.myfonts.com/collections/segidua-font-ajibatype/
[2026-05-29T10:12:12Z] #251 attempt=1/2 status=200 0.306s url=https://www.myfonts.com/products/kupfer-scriptura-complete-family-package-1160065
[2026-05-29T10:12:12Z] #252 attempt=1/2 status=200 0.365s url=https://www.myfonts.com/collections/kupfer-scriptura-font-kaisertype/
[2026-05-29T10:12:14Z] #253 attempt=1/2 status=200 1.454s url=https://www.myfonts.com/products/glagter-complete-family-package-1160105
[2026-05-29T10:12:16Z] #254 attempt=1/2 status=200 1.609s url=https://www.myfonts.com/collections/glagter-font-rastype-studio/
[2026-05-29T10:12:17Z] #255 attempt=1/2 status=200 0.286s url=https://www.myfonts.com/products/terror-eyes-667-complete-family-package-1160070
[2026-05-29T10:12:18Z] #256 attempt=1/2 status=200 0.327s url=https://www.myfonts.com/collections/terror-eyes-667-font-remedy667/
[2026-05-29T10:12:18Z] #257 attempt=1/2 status=200 0.358s url=https://www.myfonts.com/products/designer-stuff-package-1160052
[2026-05-29T10:12:19Z] #258 attempt=1/2 status=200 0.464s url=https://www.myfonts.com/collections/gc-bumble-font-onyx-studio/
[2026-05-29T10:12:20Z] #259 attempt=1/2 status=200 0.363s url=https://www.myfonts.com/products/wedding-calligraphy-complete-family-package-1160398
[2026-05-29T10:12:20Z] #260 attempt=1/2 status=429 0.028s url=https://www.myfonts.com/collections/wedding-calligraphy-font-kaer/
[2026-05-29T10:12:23Z] #261 attempt=2/2 status=200 0.459s url=https://www.myfonts.com/collections/wedding-calligraphy-font-kaer/
[2026-05-29T10:12:23Z] #262 attempt=1/2 status=200 0.256s url=https://www.myfonts.com/products/falore-complete-family-package-1160460
[2026-05-29T10:12:24Z] #263 attempt=1/2 status=200 0.376s url=https://www.myfonts.com/collections/falore-font-font-liner/
[2026-05-29T10:12:24Z] #264 attempt=1/2 status=200 0.302s url=https://www.myfonts.com/products/mizzen-variable-complete-family-package-1160325
[2026-05-29T10:12:25Z] #265 attempt=1/2 status=200 0.368s url=https://www.myfonts.com/collections/mizzen-variable-font-octotypo/
[2026-05-29T10:12:25Z] #266 attempt=1/2 status=429 0.052s url=https://www.myfonts.com/products/olyford-variable-complete-family-package-1160315
[2026-05-29T10:12:28Z] #267 attempt=2/2 status=200 0.368s url=https://www.myfonts.com/products/olyford-variable-complete-family-package-1160315
[2026-05-29T10:12:28Z] #268 attempt=1/2 status=200 0.314s url=https://www.myfonts.com/collections/olyford-variable-font-nicolass-fonts/
[2026-05-29T10:12:29Z] #269 attempt=1/2 status=200 0.299s url=https://www.myfonts.com/products/wellsville-complete-family-package-1083121
[2026-05-29T10:12:30Z] #270 attempt=1/2 status=200 0.358s url=https://www.myfonts.com/collections/wellsville-font-adam-fathony/
[2026-05-29T10:12:30Z] #271 attempt=1/2 status=429 0.030s url=https://www.myfonts.com/products/rough-valley-complete-family-package-1160093
[2026-05-29T10:12:32Z] #272 attempt=2/2 status=200 0.313s url=https://www.myfonts.com/products/rough-valley-complete-family-package-1160093
[2026-05-29T10:12:33Z] #273 attempt=1/2 status=200 0.361s url=https://www.myfonts.com/collections/rough-valley-font-cocodesign/
[2026-05-29T10:12:34Z] #274 attempt=1/2 status=200 0.343s url=https://www.myfonts.com/products/gorgany-complete-family-package-1160432
[2026-05-29T10:12:34Z] #275 attempt=1/2 status=200 0.619s url=https://www.myfonts.com/collections/gorgany-font-vlad-b/
[2026-05-29T10:12:36Z] #276 attempt=1/6 status=200 0.729s url=https://www.myfonts.com/products.json?limit=100&page=11
[2026-05-29T10:12:36Z] #277 attempt=1/2 status=200 0.306s url=https://www.myfonts.com/products/rosvera-complete-family-package-1160074
[2026-05-29T10:12:37Z] #278 attempt=1/2 status=429 0.048s url=https://www.myfonts.com/collections/rosvera-font-letternesia-studio/
[2026-05-29T10:12:39Z] #279 attempt=2/2 status=200 0.391s url=https://www.myfonts.com/collections/rosvera-font-letternesia-studio/
[2026-05-29T10:12:40Z] #280 attempt=1/2 status=200 0.279s url=https://www.myfonts.com/products/mastin-calum-complete-family-package-1160037
[2026-05-29T10:12:40Z] #281 attempt=1/2 status=200 0.369s url=https://www.myfonts.com/collections/mastin-calum-font-tini-fitriani/
[2026-05-29T10:12:41Z] #282 attempt=1/2 status=200 0.266s url=https://www.myfonts.com/products/bast-variable-complete-family-package-1160394
[2026-05-29T10:12:41Z] #283 attempt=1/2 status=200 0.371s url=https://www.myfonts.com/collections/bast-variable-font-octotypo/
[2026-05-29T10:12:42Z] #284 attempt=1/2 status=429 0.037s url=https://www.myfonts.com/products/silent-shadow-complete-family-package-1160102
[2026-05-29T10:12:44Z] #285 attempt=2/2 status=200 0.347s url=https://www.myfonts.com/products/silent-shadow-complete-family-package-1160102
[2026-05-29T10:12:45Z] #286 attempt=1/2 status=200 0.310s url=https://www.myfonts.com/collections/silent-shadow-font-agung-sudirman/
[2026-05-29T10:12:45Z] #287 attempt=1/2 status=200 0.302s url=https://www.myfonts.com/products/high-strange-complete-family-package-1160084
[2026-05-29T10:12:46Z] #288 attempt=1/2 status=200 0.333s url=https://www.myfonts.com/collections/high-strange-font-bale-type/
[2026-05-29T10:12:46Z] #289 attempt=1/2 status=429 0.040s url=https://www.myfonts.com/products/regularitalic-package-1160059
[2026-05-29T10:12:49Z] #290 attempt=2/2 status=200 0.357s url=https://www.myfonts.com/products/regularitalic-package-1160059
[2026-05-29T10:12:49Z] #291 attempt=1/2 status=200 0.389s url=https://www.myfonts.com/collections/verdera-font-maenjari-std/
[2026-05-29T10:12:50Z] #292 attempt=1/2 status=200 0.275s url=https://www.myfonts.com/products/itinera-variable-complete-family-package-1160333
[2026-05-29T10:12:51Z] #293 attempt=1/2 status=200 0.337s url=https://www.myfonts.com/collections/itinera-variable-font-octotypo/
[2026-05-29T10:12:51Z] #294 attempt=1/2 status=200 0.303s url=https://www.myfonts.com/products/bafelo-complete-family-package-1160002
[2026-05-29T10:12:51Z] #295 attempt=1/2 status=429 0.026s url=https://www.myfonts.com/collections/bafelo-font-font-liner/
[2026-05-29T10:12:54Z] #296 attempt=2/2 status=200 0.420s url=https://www.myfonts.com/collections/bafelo-font-font-liner/
[2026-05-29T10:12:55Z] #297 attempt=1/2 status=200 0.282s url=https://www.myfonts.com/products/agilov-complete-family-package-1160061
[2026-05-29T10:12:55Z] #298 attempt=1/2 status=200 0.361s url=https://www.myfonts.com/collections/agilov-font-jinan-studio/
[2026-05-29T10:12:56Z] #299 attempt=1/2 status=200 0.307s url=https://www.myfonts.com/products/spektora-complete-family-package-1160319
[2026-05-29T10:12:56Z] #300 attempt=1/2 status=429 0.032s url=https://www.myfonts.com/collections/spektora-font-adam-fathony/
[2026-05-29T10:12:59Z] #301 attempt=2/2 status=200 0.368s url=https://www.myfonts.com/collections/spektora-font-adam-fathony/
[2026-05-29T10:12:59Z] #302 attempt=1/2 status=200 0.304s url=https://www.myfonts.com/products/norack-sekaliye-complete-family-package-1160429
[2026-05-29T10:13:00Z] #303 attempt=1/2 status=200 0.344s url=https://www.myfonts.com/collections/norack-sekaliye-font-risma-type/
[2026-05-29T10:13:00Z] #304 attempt=1/2 status=200 0.296s url=https://www.myfonts.com/products/dravonik-complete-family-package-1160041
[2026-05-29T10:13:01Z] #305 attempt=1/2 status=200 0.376s url=https://www.myfonts.com/collections/dravonik-font-sipanji21/
[2026-05-29T10:13:01Z] #306 attempt=1/2 status=429 0.029s url=https://www.myfonts.com/products/pg-bloomella-complete-family-package-1160407
[2026-05-29T10:13:04Z] #307 attempt=2/2 status=200 0.343s url=https://www.myfonts.com/products/pg-bloomella-complete-family-package-1160407
[2026-05-29T10:13:04Z] #308 attempt=1/2 status=200 0.384s url=https://www.myfonts.com/collections/pg-bloomella-font-pretty-glyphs/
[2026-05-29T10:13:05Z] #309 attempt=1/2 status=200 0.301s url=https://www.myfonts.com/products/hello-frolic-complete-family-package-1160079
[2026-05-29T10:13:06Z] #310 attempt=1/2 status=200 0.406s url=https://www.myfonts.com/collections/hello-frolic-font-sensatype-studio/
[2026-05-29T10:13:06Z] #311 attempt=1/2 status=200 0.319s url=https://www.myfonts.com/products/regular-good-cake-1160019
[2026-05-29T10:13:06Z] #312 attempt=1/2 status=429 0.035s url=https://www.myfonts.com/collections/good-cake-font-pandeka-studio/
[2026-05-29T10:13:09Z] #313 attempt=2/2 status=200 0.260s url=https://www.myfonts.com/collections/good-cake-font-pandeka-studio/
[2026-05-29T10:13:10Z] #314 attempt=1/6 status=200 0.742s url=https://www.myfonts.com/products.json?limit=100&page=12
[2026-05-29T10:13:11Z] #315 attempt=1/2 status=200 0.285s url=https://www.myfonts.com/products/regular-arabian-mandala-1160078
[2026-05-29T10:13:11Z] #316 attempt=1/2 status=200 0.243s url=https://www.myfonts.com/collections/arabian-mandala-font-denustudio/
[2026-05-29T10:13:12Z] #317 attempt=1/2 status=200 0.258s url=https://www.myfonts.com/products/regular-xtrack-1160035
[2026-05-29T10:13:12Z] #318 attempt=1/2 status=200 0.265s url=https://www.myfonts.com/collections/xtrack-font-vadova-std/
[2026-05-29T10:13:12Z] #319 attempt=1/2 status=429 0.024s url=https://www.myfonts.com/products/regular-vibe-shift-1160289
[2026-05-29T10:13:15Z] #320 attempt=2/2 status=200 0.318s url=https://www.myfonts.com/products/regular-vibe-shift-1160289
[2026-05-29T10:13:16Z] #321 attempt=1/2 status=200 0.293s url=https://www.myfonts.com/collections/vibe-shift-font-inviline/
[2026-05-29T10:13:16Z] #322 attempt=1/2 status=200 0.347s url=https://www.myfonts.com/products/regular-thalabul-ilmi-1160097
[2026-05-29T10:13:17Z] #323 attempt=1/2 status=200 0.257s url=https://www.myfonts.com/collections/thalabul-ilmi-font-denustudio/
[2026-05-29T10:13:17Z] #324 attempt=1/2 status=200 0.278s url=https://www.myfonts.com/products/regular-la-papela-1160406
[2026-05-29T10:13:17Z] #325 attempt=1/2 status=429 0.053s url=https://www.myfonts.com/collections/la-papela-font-hishand-studio/
[2026-05-29T10:13:20Z] #326 attempt=2/2 status=200 0.293s url=https://www.myfonts.com/collections/la-papela-font-hishand-studio/
[2026-05-29T10:13:20Z] #327 attempt=1/2 status=200 0.234s url=https://www.myfonts.com/products/regular-poetclub-1160397
[2026-05-29T10:13:21Z] #328 attempt=1/2 status=200 0.229s url=https://www.myfonts.com/collections/poetclub-font-inviline/
[2026-05-29T10:13:22Z] #329 attempt=1/6 status=200 0.702s url=https://www.myfonts.com/products.json?limit=100&page=13
[2026-05-29T10:13:23Z] #330 attempt=1/2 status=200 0.266s url=https://www.myfonts.com/products/regular-bronetta-1160101
[2026-05-29T10:13:23Z] #331 attempt=1/2 status=200 0.252s url=https://www.myfonts.com/collections/bronetta-font-sototive/
[2026-05-29T10:13:23Z] #332 attempt=1/2 status=429 0.031s url=https://www.myfonts.com/products/regular-keyclack-font-1119803
[2026-05-29T10:13:26Z] #333 attempt=2/2 status=200 0.347s url=https://www.myfonts.com/products/regular-keyclack-font-1119803
[2026-05-29T10:13:26Z] #334 attempt=1/2 status=200 0.209s url=https://www.myfonts.com/collections/keyclack-font-font-owpictures/
[2026-05-29T10:13:27Z] #335 attempt=1/2 status=200 0.135s url=https://www.myfonts.com/collections/keyclack-font-font-owpictures/
[2026-05-29T10:13:27Z] #336 attempt=1/2 status=404 0.190s url=https://www.myfonts.com/collections/regular-keyclack-font-1119803-font-owpictures
[2026-05-29T10:13:28Z] #337 attempt=1/6 status=429 0.031s url=https://www.myfonts.com/products.json?limit=100&page=14
[2026-05-29T10:13:31Z] #338 attempt=2/6 status=200 0.869s url=https://www.myfonts.com/products.json?limit=100&page=14
[2026-05-29T10:13:32Z] #339 attempt=1/2 status=200 0.252s url=https://www.myfonts.com/products/extrabold-musgo-1160521
[2026-05-29T10:13:32Z] #340 attempt=1/2 status=200 0.308s url=https://www.myfonts.com/collections/musgo-font-antipixel/
[2026-05-29T10:13:33Z] #341 attempt=1/2 status=200 0.236s url=https://www.myfonts.com/products/regular-bornatte-1160031
[2026-05-29T10:13:33Z] #342 attempt=1/2 status=200 0.217s url=https://www.myfonts.com/collections/bornatte-font-rasio-studio/
[2026-05-29T10:13:34Z] #343 attempt=1/2 status=200 0.250s url=https://www.myfonts.com/products/regular-besquen-1160445
[2026-05-29T10:13:34Z] #344 attempt=1/2 status=429 0.063s url=https://www.myfonts.com/collections/besquen-font-heinzel-std/
[2026-05-29T10:13:36Z] #345 attempt=2/2 status=200 0.287s url=https://www.myfonts.com/collections/besquen-font-heinzel-std/
[2026-05-29T10:13:37Z] #346 attempt=1/2 status=200 0.215s url=https://www.myfonts.com/products/regular-philip-1160053
[2026-05-29T10:13:37Z] #347 attempt=1/2 status=200 0.217s url=https://www.myfonts.com/collections/philip-font-people-make-types/
[2026-05-29T10:13:38Z] #348 attempt=1/2 status=200 0.254s url=https://www.myfonts.com/products/regular-evernoch-1160034
[2026-05-29T10:13:38Z] #349 attempt=1/2 status=429 0.027s url=https://www.myfonts.com/collections/evernoch-font-vadova-std/
[2026-05-29T10:13:40Z] #350 attempt=2/2 status=200 0.283s url=https://www.myfonts.com/collections/evernoch-font-vadova-std/
[2026-05-29T10:13:42Z] #351 attempt=1/6 status=200 0.591s url=https://www.myfonts.com/products.json?limit=100&page=15
[2026-05-29T10:13:42Z] #352 attempt=1/2 status=200 0.248s url=https://www.myfonts.com/products/regular-tasty-mood-1160030
[2026-05-29T10:13:43Z] #353 attempt=1/2 status=200 0.251s url=https://www.myfonts.com/collections/tasty-mood-font-rasio-studio/
[2026-05-29T10:13:43Z] #354 attempt=1/2 status=200 0.242s url=https://www.myfonts.com/products/regular-aerostreet-1160040
[2026-05-29T10:13:44Z] #355 attempt=1/2 status=200 0.266s url=https://www.myfonts.com/collections/aerostreet-font-vadova-std/
[2026-05-29T10:13:44Z] #356 attempt=1/2 status=429 0.027s url=https://www.myfonts.com/products/regular-rugmelt-1160290
[2026-05-29T10:13:46Z] #357 attempt=2/2 status=200 0.285s url=https://www.myfonts.com/products/regular-rugmelt-1160290
[2026-05-29T10:13:47Z] #358 attempt=1/2 status=200 0.254s url=https://www.myfonts.com/collections/rugmelt-font-heinzel-std/
[2026-05-29T10:13:47Z] #359 attempt=1/2 status=200 0.271s url=https://www.myfonts.com/products/regular-grinola-1160060
[2026-05-29T10:13:48Z] #360 attempt=1/2 status=200 0.227s url=https://www.myfonts.com/collections/grinola-font-zeenesia-studio/
[2026-05-29T10:13:48Z] #361 attempt=1/2 status=429 0.050s url=https://www.myfonts.com/products/regular-jaeju-grill-1160186
[2026-05-29T10:13:51Z] #362 attempt=2/2 status=200 0.295s url=https://www.myfonts.com/products/regular-jaeju-grill-1160186
[2026-05-29T10:13:51Z] #363 attempt=1/2 status=200 0.246s url=https://www.myfonts.com/collections/jaeju-grill-font-olivetype/
[2026-05-29T10:13:52Z] #364 attempt=1/2 status=200 0.250s url=https://www.myfonts.com/products/regular-velunars-1160077
[2026-05-29T10:13:52Z] #365 attempt=1/2 status=200 0.274s url=https://www.myfonts.com/collections/velunars-font-rasio-studio/
[2026-05-29T10:13:54Z] #366 attempt=1/6 status=200 0.766s url=https://www.myfonts.com/products.json?limit=100&page=16
[2026-05-29T10:13:54Z] #367 attempt=1/2 status=200 0.254s url=https://www.myfonts.com/products/regular-volkaria-1160029
[2026-05-29T10:13:54Z] #368 attempt=1/2 status=429 0.053s url=https://www.myfonts.com/collections/volkaria-font-vadova-std/
[2026-05-29T10:13:57Z] #369 attempt=2/2 status=200 0.259s url=https://www.myfonts.com/collections/volkaria-font-vadova-std/
[2026-05-29T10:13:57Z] #370 attempt=1/2 status=200 0.247s url=https://www.myfonts.com/products/regular-fyorin-1160032
[2026-05-29T10:13:58Z] #371 attempt=1/2 status=200 0.237s url=https://www.myfonts.com/collections/fyorin-font-rasio-studio/
[2026-05-29T10:13:58Z] #372 attempt=1/2 status=200 0.254s url=https://www.myfonts.com/products/regular-zahara-1052008
[2026-05-29T10:13:58Z] #373 attempt=1/2 status=429 0.028s url=https://www.myfonts.com/collections/zahara-font-inviline/
[2026-05-29T10:14:01Z] #374 attempt=2/2 status=200 0.282s url=https://www.myfonts.com/collections/zahara-font-inviline/
[2026-05-29T10:14:01Z] #375 attempt=1/2 status=200 0.268s url=https://www.myfonts.com/products/erowsy-regular-erowsy-1160291
[2026-05-29T10:14:02Z] #376 attempt=1/2 status=200 0.412s url=https://www.myfonts.com/collections/erowsy-font-marvadesign/
[2026-05-29T10:14:03Z] #377 attempt=1/2 status=200 0.260s url=https://www.myfonts.com/products/regular-dream-nothing-less-1160576
[2026-05-29T10:14:03Z] #378 attempt=1/2 status=200 0.259s url=https://www.myfonts.com/collections/dream-nothing-less-font-rashdrawn/
[2026-05-29T10:14:04Z] #379 attempt=1/6 status=200 0.796s url=https://www.myfonts.com/products.json?limit=100&page=17
[2026-05-29T10:14:05Z] #380 attempt=1/2 status=200 0.252s url=https://www.myfonts.com/products/regular-arelune-1160619
[2026-05-29T10:14:05Z] #381 attempt=1/2 status=429 0.025s url=https://www.myfonts.com/collections/arelune-font-only-fonts/
[2026-05-29T10:14:08Z] #382 attempt=2/2 status=200 0.266s url=https://www.myfonts.com/collections/arelune-font-only-fonts/
[2026-05-29T10:14:08Z] #383 attempt=1/2 status=200 0.250s url=https://www.myfonts.com/products/regular-borglas-1160036
[2026-05-29T10:14:09Z] #384 attempt=1/2 status=200 0.302s url=https://www.myfonts.com/collections/borglas-font-vadova-std/
[2026-05-29T10:14:09Z] #385 attempt=1/2 status=200 0.257s url=https://www.myfonts.com/products/regular-bramonia-1048090
[2026-05-29T10:14:09Z] #386 attempt=1/2 status=429 0.029s url=https://www.myfonts.com/collections/bramonia-font-rantau-type/
[2026-05-29T10:14:12Z] #387 attempt=2/2 status=200 0.285s url=https://www.myfonts.com/collections/bramonia-font-rantau-type/
[2026-05-29T10:14:12Z] #388 attempt=1/2 status=200 0.264s url=https://www.myfonts.com/products/regular-locanara-1160033
[2026-05-29T10:14:13Z] #389 attempt=1/2 status=200 0.293s url=https://www.myfonts.com/collections/locanara-font-rasio-studio/
[2026-05-29T10:14:14Z] #390 attempt=1/2 status=200 0.318s url=https://www.myfonts.com/products/din-next-rounded-complete-family-package-1152344
[2026-05-29T10:14:14Z] #391 attempt=1/2 status=200 0.402s url=https://www.myfonts.com/collections/din-next-rounded-font-monotype-imaging/
[2026-05-29T10:14:15Z] #392 attempt=1/2 status=429 0.030s url=https://www.myfonts.com/products/kg-primary-penmanship-complete-family-package-989766
[2026-05-29T10:14:17Z] #393 attempt=2/2 status=200 0.388s url=https://www.myfonts.com/products/kg-primary-penmanship-complete-family-package-989766
[2026-05-29T10:14:18Z] #394 attempt=1/2 status=200 0.372s url=https://www.myfonts.com/collections/kg-primary-penmanship-font-kimberly-geswein/
[2026-05-29T10:14:18Z] #395 attempt=1/2 status=200 0.307s url=https://www.myfonts.com/products/disk-complete-family-package-1159900
[2026-05-29T10:14:19Z] #396 attempt=1/2 status=200 0.397s url=https://www.myfonts.com/collections/disk-font-phospho/
[2026-05-29T10:14:20Z] #397 attempt=1/2 status=200 0.761s url=https://www.myfonts.com/products/griggs-flare-complete-family-package-1159922
[2026-05-29T10:14:22Z] #398 attempt=1/2 status=200 1.876s url=https://www.myfonts.com/collections/griggs-flare-font-seniors-studio/
[2026-05-29T10:14:23Z] #399 attempt=1/2 status=200 0.356s url=https://www.myfonts.com/products/disk-format-complete-family-package-1159908
[2026-05-29T10:14:24Z] #400 attempt=1/2 status=200 0.470s url=https://www.myfonts.com/collections/disk-format-font-phospho/
[2026-05-29T10:14:25Z] #401 attempt=1/6 status=200 0.730s url=https://www.myfonts.com/products.json?limit=100&page=18
[2026-05-29T10:14:26Z] #402 attempt=1/2 status=200 0.271s url=https://www.myfonts.com/products/regular-ninja-cyber-1160001
[2026-05-29T10:14:26Z] #403 attempt=1/2 status=200 0.261s url=https://www.myfonts.com/collections/ninja-cyber-font-linecreative/
[2026-05-29T10:14:27Z] #404 attempt=1/2 status=200 0.278s url=https://www.myfonts.com/products/escape-complete-family-package-1159595
[2026-05-29T10:14:27Z] #405 attempt=1/2 status=200 0.350s url=https://www.myfonts.com/collections/escape-font-sensatype-studio/
[2026-05-29T10:14:28Z] #406 attempt=1/2 status=429 0.028s url=https://www.myfonts.com/products/kimane-complete-family-package-1159457
[2026-05-29T10:14:30Z] #407 attempt=2/2 status=200 0.347s url=https://www.myfonts.com/products/kimane-complete-family-package-1159457
[2026-05-29T10:14:31Z] #408 attempt=1/2 status=200 0.381s url=https://www.myfonts.com/collections/kimane-font-hishand-studio/
[2026-05-29T10:14:31Z] #409 attempt=1/2 status=200 0.268s url=https://www.myfonts.com/products/choire-pixel-complete-family-package-1159897
[2026-05-29T10:14:32Z] #410 attempt=1/2 status=200 0.392s url=https://www.myfonts.com/collections/choire-pixel-font-amorfa-type/
[2026-05-29T10:14:34Z] #411 attempt=1/2 status=200 1.664s url=https://www.myfonts.com/products/leighta-complete-family-package-1159591
[2026-05-29T10:14:37Z] #412 attempt=1/2 status=200 3.047s url=https://www.myfonts.com/collections/leighta-font-akbartype/
[2026-05-29T10:14:39Z] #413 attempt=1/2 status=200 0.322s url=https://www.myfonts.com/products/lamrata-complete-family-package-1159465
[2026-05-29T10:14:39Z] #414 attempt=1/2 status=200 0.356s url=https://www.myfonts.com/collections/lamrata-font-hishand-studio/
[2026-05-29T10:14:40Z] #415 attempt=1/2 status=200 0.653s url=https://www.myfonts.com/products/gastrin-complete-family-package-1159401
[2026-05-29T10:14:41Z] #416 attempt=1/2 status=200 0.894s url=https://www.myfonts.com/collections/gastrin-font-pista-mova/
[2026-05-29T10:14:42Z] #417 attempt=1/2 status=200 0.281s url=https://www.myfonts.com/products/foldix-regular-complete-family-package-1159887
[2026-05-29T10:14:43Z] #418 attempt=1/2 status=200 0.332s url=https://www.myfonts.com/collections/foldix-regular-font-timelesstype-studio/
[2026-05-29T10:14:43Z] #419 attempt=1/2 status=200 0.278s url=https://www.myfonts.com/products/talitha-mochy-complete-family-package-1159894
[2026-05-29T10:14:44Z] #420 attempt=1/2 status=200 0.343s url=https://www.myfonts.com/collections/talitha-mochy-font-letterytz/
[2026-05-29T10:14:44Z] #421 attempt=1/2 status=200 0.311s url=https://www.myfonts.com/products/sicelka-complete-family-package-1159463
[2026-05-29T10:14:45Z] #422 attempt=1/2 status=200 0.314s url=https://www.myfonts.com/collections/sicelka-font-hishand-studio/
[2026-05-29T10:14:45Z] #423 attempt=1/2 status=200 0.295s url=https://www.myfonts.com/products/agetya-butterfly-complete-family-package-1159576
[2026-05-29T10:14:46Z] #424 attempt=1/2 status=200 0.349s url=https://www.myfonts.com/collections/agetya-butterfly-font-yoga-letter/
[2026-05-29T10:14:47Z] #425 attempt=1/2 status=200 0.366s url=https://www.myfonts.com/products/saned-complete-family-package-1159461
[2026-05-29T10:14:47Z] #426 attempt=1/2 status=429 0.036s url=https://www.myfonts.com/collections/saned-font-hishand-studio/
[2026-05-29T10:14:50Z] #427 attempt=2/2 status=200 0.419s url=https://www.myfonts.com/collections/saned-font-hishand-studio/
[2026-05-29T10:14:50Z] #428 attempt=1/2 status=200 0.264s url=https://www.myfonts.com/products/conega-complete-family-package-1159459
[2026-05-29T10:14:51Z] #429 attempt=1/2 status=200 0.375s url=https://www.myfonts.com/collections/conega-font-hishand-studio/
[2026-05-29T10:14:51Z] #430 attempt=1/2 status=200 0.256s url=https://www.myfonts.com/products/holdem-avenue-complete-family-package-1159890
[2026-05-29T10:14:52Z] #431 attempt=1/2 status=200 0.343s url=https://www.myfonts.com/collections/holdem-avenue-font-tini-fitriani/
[2026-05-29T10:14:52Z] #432 attempt=1/2 status=429 0.041s url=https://www.myfonts.com/products/blonare-complete-family-package-1159592
[2026-05-29T10:14:55Z] #433 attempt=2/2 status=200 0.304s url=https://www.myfonts.com/products/blonare-complete-family-package-1159592
[2026-05-29T10:14:55Z] #434 attempt=1/2 status=200 0.333s url=https://www.myfonts.com/collections/blonare-font-timelesstype-studio/
[2026-05-29T10:14:56Z] #435 attempt=1/2 status=200 0.399s url=https://www.myfonts.com/products/bast-complete-family-package-1159579
[2026-05-29T10:14:56Z] #436 attempt=1/2 status=200 0.465s url=https://www.myfonts.com/collections/bast-font-octotypo/
[2026-05-29T10:14:57Z] #437 attempt=1/2 status=200 0.283s url=https://www.myfonts.com/products/paterna-complete-family-package-1159467
[2026-05-29T10:14:57Z] #438 attempt=1/2 status=429 0.036s url=https://www.myfonts.com/collections/paterna-font-hishand-studio/
[2026-05-29T10:15:00Z] #439 attempt=2/2 status=200 0.368s url=https://www.myfonts.com/collections/paterna-font-hishand-studio/
[2026-05-29T10:15:00Z] #440 attempt=1/2 status=200 0.240s url=https://www.myfonts.com/products/regular-hachian-1159705
[2026-05-29T10:15:01Z] #441 attempt=1/2 status=200 0.255s url=https://www.myfonts.com/collections/hachian-font-sensatype-studio/
[2026-05-29T10:15:02Z] #442 attempt=1/6 status=200 0.743s url=https://www.myfonts.com/products.json?limit=100&page=19
[2026-05-29T10:15:03Z] #443 attempt=1/2 status=200 0.278s url=https://www.myfonts.com/products/regular-continum-1159886
[2026-05-29T10:15:03Z] #444 attempt=1/2 status=200 0.273s url=https://www.myfonts.com/collections/continum-font-angin-studio/
[2026-05-29T10:15:04Z] #445 attempt=1/2 status=429 0.036s url=https://www.myfonts.com/products/regular-bosed-1159599
[2026-05-29T10:15:06Z] #446 attempt=2/2 status=200 0.407s url=https://www.myfonts.com/products/regular-bosed-1159599
[2026-05-29T10:15:07Z] #447 attempt=1/2 status=200 0.267s url=https://www.myfonts.com/collections/bosed-font-sensatype-studio/
[2026-05-29T10:15:07Z] #448 attempt=1/2 status=200 0.245s url=https://www.myfonts.com/products/regular-abbey-sky-1159590
[2026-05-29T10:15:08Z] #449 attempt=1/2 status=200 0.232s url=https://www.myfonts.com/collections/abbey-sky-font-epiclinez/
[2026-05-29T10:15:09Z] #450 attempt=1/6 status=200 0.703s url=https://www.myfonts.com/products.json?limit=100&page=20
[2026-05-29T10:15:10Z] #451 attempt=1/6 status=200 0.707s url=https://www.myfonts.com/products.json?limit=100&page=21
[2026-05-29T10:15:11Z] #452 attempt=1/2 status=200 0.262s url=https://www.myfonts.com/products/regular-crista-sans-1159651
[2026-05-29T10:15:11Z] #453 attempt=1/2 status=429 0.045s url=https://www.myfonts.com/collections/crista-sans-font-sensatype-studio/
[2026-05-29T10:15:13Z] #454 attempt=2/2 status=200 0.302s url=https://www.myfonts.com/collections/crista-sans-font-sensatype-studio/
[2026-05-29T10:15:14Z] #455 attempt=1/2 status=200 0.254s url=https://www.myfonts.com/products/regular-lipstar-lullaby-1159893
[2026-05-29T10:15:14Z] #456 attempt=1/2 status=200 0.316s url=https://www.myfonts.com/collections/lipstar-lullaby-font-inviline/
[2026-05-29T10:15:15Z] #457 attempt=1/2 status=200 0.297s url=https://www.myfonts.com/products/regular-wondering-miracle-1159574
[2026-05-29T10:15:16Z] #458 attempt=1/2 status=200 0.330s url=https://www.myfonts.com/collections/wondering-miracle-font-vermilione/
[2026-05-29T10:15:16Z] #459 attempt=1/2 status=429 0.146s url=https://www.myfonts.com/products/regular-ragnir-1159492
[2026-05-29T10:15:18Z] #460 attempt=2/2 status=200 0.328s url=https://www.myfonts.com/products/regular-ragnir-1159492
[2026-05-29T10:15:19Z] #461 attempt=1/2 status=200 0.440s url=https://www.myfonts.com/collections/ragnir-font-ragamkata/
[2026-05-29T10:15:20Z] #462 attempt=1/2 status=200 0.359s url=https://www.myfonts.com/products/pucker-up-complete-family-package-1159552
[2026-05-29T10:15:20Z] #463 attempt=1/2 status=200 0.389s url=https://www.myfonts.com/collections/pucker-up-font-dirty-bandits/
[2026-05-29T10:15:21Z] #464 attempt=1/2 status=200 0.296s url=https://www.myfonts.com/products/skorse-complete-family-package-1159482
[2026-05-29T10:15:21Z] #465 attempt=1/2 status=429 0.029s url=https://www.myfonts.com/collections/skorse-font-sarid-ezra/
[2026-05-29T10:15:24Z] #466 attempt=2/2 status=200 0.421s url=https://www.myfonts.com/collections/skorse-font-sarid-ezra/
[2026-05-29T10:15:24Z] #467 attempt=1/2 status=200 0.299s url=https://www.myfonts.com/products/clover-fields-complete-family-package-1159472
[2026-05-29T10:15:25Z] #468 attempt=1/2 status=200 0.342s url=https://www.myfonts.com/collections/clover-fields-font-letterhend/
[2026-05-29T10:15:26Z] #469 attempt=1/2 status=200 0.407s url=https://www.myfonts.com/products/k73-hogan-grotesk-complete-family-package-1159520
[2026-05-29T10:15:26Z] #470 attempt=1/2 status=200 0.573s url=https://www.myfonts.com/collections/k73-hogan-grotesk-font-k73-type-foundry/
[2026-05-29T10:15:27Z] #471 attempt=1/2 status=200 0.263s url=https://www.myfonts.com/products/nafolle-complete-family-package-1159469
[2026-05-29T10:15:27Z] #472 attempt=1/2 status=429 0.031s url=https://www.myfonts.com/collections/nafolle-font-tini-fitriani/
[2026-05-29T10:15:30Z] #473 attempt=2/2 status=200 0.399s url=https://www.myfonts.com/collections/nafolle-font-tini-fitriani/
[2026-05-29T10:15:31Z] #474 attempt=1/2 status=200 0.310s url=https://www.myfonts.com/products/phatin-angler-complete-family-package-1159487
[2026-05-29T10:15:31Z] #475 attempt=1/2 status=200 0.449s url=https://www.myfonts.com/collections/phatin-angler-font-burntilldead/
[2026-05-29T10:15:32Z] #476 attempt=1/2 status=200 0.377s url=https://www.myfonts.com/products/ravenshire-complete-family-package-1159509
[2026-05-29T10:15:33Z] #477 attempt=1/2 status=200 0.487s url=https://www.myfonts.com/collections/ravenshire-font-rndi-type-foundry/
[2026-05-29T10:15:33Z] #478 attempt=1/2 status=200 0.365s url=https://www.myfonts.com/products/stryvo-complete-family-package-1159557
[2026-05-29T10:15:33Z] #479 attempt=1/2 status=429 0.036s url=https://www.myfonts.com/collections/stryvo-font-sekyra-lab/
[2026-05-29T10:15:36Z] #480 attempt=2/2 status=200 0.434s url=https://www.myfonts.com/collections/stryvo-font-sekyra-lab/
[2026-05-29T10:15:37Z] #481 attempt=1/2 status=200 0.301s url=https://www.myfonts.com/products/still-cool-complete-family-package-1159549
[2026-05-29T10:15:37Z] #482 attempt=1/2 status=200 0.347s url=https://www.myfonts.com/collections/still-cool-font-dirty-bandits/
[2026-05-29T10:15:38Z] #483 attempt=1/2 status=200 0.409s url=https://www.myfonts.com/products/mellino-complete-family-package-1159495
[2026-05-29T10:15:39Z] #484 attempt=1/2 status=200 0.352s url=https://www.myfonts.com/collections/mellino-font-nk-studio/
[2026-05-29T10:15:39Z] #485 attempt=1/2 status=200 0.317s url=https://www.myfonts.com/products/alphabet-express-complete-family-package-1159539
[2026-05-29T10:15:39Z] #486 attempt=1/2 status=429 0.026s url=https://www.myfonts.com/collections/alphabet-express-font-ayca-atalay/
[2026-05-29T10:15:42Z] #487 attempt=2/2 status=200 0.468s url=https://www.myfonts.com/collections/alphabet-express-font-ayca-atalay/
[2026-05-29T10:15:43Z] #488 attempt=1/2 status=200 0.303s url=https://www.myfonts.com/products/mokara-handdrawn-complete-family-package-1159478
[2026-05-29T10:15:43Z] #489 attempt=1/2 status=200 0.366s url=https://www.myfonts.com/collections/mokara-handdrawn-font-maghrib-type/
[2026-05-29T10:15:44Z] #490 attempt=1/2 status=200 0.283s url=https://www.myfonts.com/products/southern-baseball-complete-family-package-1159475
[2026-05-29T10:15:44Z] #491 attempt=1/2 status=200 0.359s url=https://www.myfonts.com/collections/southern-baseball-font-timelesstype-studio/
[2026-05-29T10:15:45Z] #492 attempt=1/2 status=429 0.039s url=https://www.myfonts.com/products/lazyrich-complete-family-package-1159570
[2026-05-29T10:15:47Z] #493 attempt=2/2 status=200 0.324s url=https://www.myfonts.com/products/lazyrich-complete-family-package-1159570
[2026-05-29T10:15:48Z] #494 attempt=1/2 status=200 0.360s url=https://www.myfonts.com/collections/lazyrich-font-letterytz/
[2026-05-29T10:15:48Z] #495 attempt=1/2 status=200 0.330s url=https://www.myfonts.com/products/no-bones-complete-family-package-1159502
[2026-05-29T10:15:49Z] #496 attempt=1/2 status=200 0.369s url=https://www.myfonts.com/collections/no-bones-font-wings-art-studio/
[2026-05-29T10:15:50Z] #497 attempt=1/2 status=200 0.291s url=https://www.myfonts.com/products/regular-morelia-1159494
[2026-05-29T10:15:50Z] #498 attempt=1/2 status=429 0.029s url=https://www.myfonts.com/collections/morelia-font-viswell/
[2026-05-29T10:15:52Z] #499 attempt=2/2 status=200 0.318s url=https://www.myfonts.com/collections/morelia-font-viswell/
[2026-05-29T10:15:54Z] #500 attempt=1/6 status=200 0.665s url=https://www.myfonts.com/products.json?limit=100&page=22
[2026-05-29T10:15:54Z] #501 attempt=1/2 status=200 0.240s url=https://www.myfonts.com/products/regular-varsity-athletic-1159500
[2026-05-29T10:15:55Z] #502 attempt=1/2 status=200 0.252s url=https://www.myfonts.com/collections/varsity-athletic-font-meow-creation-font/
[2026-05-29T10:15:55Z] #503 attempt=1/2 status=200 0.257s url=https://www.myfonts.com/products/regular-special-handwritten-1159486
[2026-05-29T10:15:55Z] #504 attempt=1/2 status=429 0.027s url=https://www.myfonts.com/collections/special-handwritten-font-shape-studio/
[2026-05-29T10:15:58Z] #505 attempt=2/2 status=200 0.292s url=https://www.myfonts.com/collections/special-handwritten-font-shape-studio/
[2026-05-29T10:15:58Z] #506 attempt=1/2 status=200 0.238s url=https://www.myfonts.com/products/regular-squarc-two-1159501
[2026-05-29T10:15:59Z] #507 attempt=1/2 status=200 0.256s url=https://www.myfonts.com/collections/squarc-two-font-talbot-type/
[2026-05-29T10:16:00Z] #508 attempt=1/6 status=200 0.733s url=https://www.myfonts.com/products.json?limit=100&page=23
[2026-05-29T10:16:01Z] #509 attempt=1/2 status=200 0.299s url=https://www.myfonts.com/products/regular-bingo-night-1159556
[2026-05-29T10:16:01Z] #510 attempt=1/2 status=200 0.281s url=https://www.myfonts.com/collections/bingo-night-font-dirty-bandits/
[2026-05-29T10:16:01Z] #511 attempt=1/2 status=429 0.028s url=https://www.myfonts.com/products/regular-orvique-1159481
[2026-05-29T10:16:04Z] #512 attempt=2/2 status=200 0.331s url=https://www.myfonts.com/products/regular-orvique-1159481
[2026-05-29T10:16:04Z] #513 attempt=1/2 status=200 0.332s url=https://www.myfonts.com/collections/orvique-font-hakara-type/
[2026-05-29T10:16:05Z] #514 attempt=1/2 status=200 0.249s url=https://www.myfonts.com/products/regular-barentina-1159485
[2026-05-29T10:16:05Z] #515 attempt=1/2 status=200 0.273s url=https://www.myfonts.com/collections/barentina-font-shape-studio/
[2026-05-29T10:16:06Z] #516 attempt=1/2 status=200 0.330s url=https://www.myfonts.com/products/wildflower-garden-complete-family-package-1158873
[2026-05-29T10:16:06Z] #517 attempt=1/2 status=429 0.031s url=https://www.myfonts.com/collections/wildflower-garden-font-type-peace/
[2026-05-29T10:16:09Z] #518 attempt=2/2 status=200 0.418s url=https://www.myfonts.com/collections/wildflower-garden-font-type-peace/
[2026-05-29T10:16:11Z] #519 attempt=1/2 status=200 1.316s url=https://www.myfonts.com/products/adhesian-complete-family-package-1159174
[2026-05-29T10:16:13Z] #520 attempt=1/2 status=200 1.674s url=https://www.myfonts.com/collections/adhesian-serif-font-propertype/
[2026-05-29T10:16:13Z] #521 attempt=1/2 status=200 0.338s url=https://www.myfonts.com/products/bubble-bean-complete-family-package-1158967
[2026-05-29T10:16:14Z] #522 attempt=1/2 status=200 0.381s url=https://www.myfonts.com/collections/bubble-bean-font-cocodesign/
[2026-05-29T10:16:15Z] #523 attempt=1/2 status=200 0.593s url=https://www.myfonts.com/products/limit-micro-complete-family-package-1158656
[2026-05-29T10:16:16Z] #524 attempt=1/2 status=200 0.961s url=https://www.myfonts.com/collections/limit-micro-font-bold-guys/
[2026-05-29T10:16:17Z] #525 attempt=1/2 status=200 0.282s url=https://www.myfonts.com/products/pinoccy-complete-family-package-1158935
[2026-05-29T10:16:17Z] #526 attempt=1/2 status=200 0.340s url=https://www.myfonts.com/collections/pinoccy-font-letterytz/
[2026-05-29T10:16:19Z] #527 attempt=1/2 status=200 1.457s url=https://www.myfonts.com/products/volkys-serif-complete-family-package-1159245
[2026-05-29T10:16:21Z] #528 attempt=1/2 status=200 1.516s url=https://www.myfonts.com/collections/volkys-serif-font-propertype/
[2026-05-29T10:16:23Z] #529 attempt=1/2 status=200 1.635s url=https://www.myfonts.com/products/aukim-ii-sharp-complete-family-package-1158572
[2026-05-29T10:16:25Z] #530 attempt=1/2 status=200 1.716s url=https://www.myfonts.com/collections/aukim-ii-sharp-font-aukimvisuel/
[2026-05-29T10:16:27Z] #531 attempt=1/2 status=200 0.783s url=https://www.myfonts.com/products/condensed-package-1159248
[2026-05-29T10:16:29Z] #532 attempt=1/2 status=200 1.487s url=https://www.myfonts.com/collections/calitra-font-soft-creative/
[2026-05-29T10:16:29Z] #533 attempt=1/2 status=200 0.309s url=https://www.myfonts.com/products/rain-jungle-complete-family-package-1158993
[2026-05-29T10:16:30Z] #534 attempt=1/2 status=200 0.452s url=https://www.myfonts.com/collections/rain-jungle-font-ragamkata/
[2026-05-29T10:16:31Z] #535 attempt=1/2 status=200 0.316s url=https://www.myfonts.com/products/caniora-florents-complete-family-package-1158852
[2026-05-29T10:16:31Z] #536 attempt=1/2 status=200 0.343s url=https://www.myfonts.com/collections/caniora-florents-font-tini-fitriani/
[2026-05-29T10:16:32Z] #537 attempt=1/2 status=200 0.458s url=https://www.myfonts.com/products/getishan-complete-family-package-1159048
[2026-05-29T10:16:33Z] #538 attempt=1/2 status=200 0.854s url=https://www.myfonts.com/collections/getishan-font-propertype/
[2026-05-29T10:16:34Z] #539 attempt=1/2 status=200 0.327s url=https://www.myfonts.com/products/ribelle-variable-complete-family-package-1158881
[2026-05-29T10:16:35Z] #540 attempt=1/2 status=200 0.445s url=https://www.myfonts.com/collections/ribelle-variable-font-unio-creative-solutions/
[2026-05-29T10:16:36Z] #541 attempt=1/2 status=200 1.163s url=https://www.myfonts.com/products/quirlone-complete-family-package-1159102
[2026-05-29T10:16:38Z] #542 attempt=1/2 status=200 1.269s url=https://www.myfonts.com/collections/quirlone-font-propertype/
[2026-05-29T10:16:38Z] #543 attempt=1/2 status=200 0.309s url=https://www.myfonts.com/products/runreti-complete-family-package-1158896
[2026-05-29T10:16:39Z] #544 attempt=1/2 status=200 0.346s url=https://www.myfonts.com/collections/runreti-font-mei-suseno/
[2026-05-29T10:16:40Z] #545 attempt=1/2 status=200 0.332s url=https://www.myfonts.com/products/senvera-complete-family-package-1158974
[2026-05-29T10:16:40Z] #546 attempt=1/2 status=200 0.460s url=https://www.myfonts.com/collections/senvera-font-muksal-creatives/
[2026-05-29T10:16:41Z] #547 attempt=1/2 status=200 0.586s url=https://www.myfonts.com/products/olyford-package-1159046
[2026-05-29T10:16:42Z] #548 attempt=1/2 status=200 0.939s url=https://www.myfonts.com/collections/olyford-font-nicolass-fonts/
[2026-05-29T10:16:43Z] #549 attempt=1/2 status=200 0.312s url=https://www.myfonts.com/products/kopile-complete-family-package-1159001
[2026-05-29T10:16:44Z] #550 attempt=1/2 status=200 0.463s url=https://www.myfonts.com/collections/kopile-font-afkari-studio/
[2026-05-29T10:16:44Z] #551 attempt=1/2 status=200 0.304s url=https://www.myfonts.com/products/slate-batter-complete-family-package-1158971
[2026-05-29T10:16:45Z] #552 attempt=1/2 status=200 0.317s url=https://www.myfonts.com/collections/slate-batter-font-stylishtype-studio/
[2026-05-29T10:16:46Z] #553 attempt=1/2 status=200 0.407s url=https://www.myfonts.com/products/quartet-serif-package-1158918
[2026-05-29T10:16:47Z] #554 attempt=1/2 status=200 0.869s url=https://www.myfonts.com/collections/quartet-font-borutta/
[2026-05-29T10:16:47Z] #555 attempt=1/2 status=200 0.280s url=https://www.myfonts.com/products/childwop-finnaly-complete-family-package-1158945
[2026-05-29T10:16:48Z] #556 attempt=1/2 status=200 0.366s url=https://www.myfonts.com/collections/childwop-finnaly-font-stylishtype-studio/
[2026-05-29T10:16:49Z] #557 attempt=1/2 status=200 0.869s url=https://www.myfonts.com/products/neue-reman-gt-complete-family-package-1159252
[2026-05-29T10:16:51Z] #558 attempt=1/2 status=200 1.438s url=https://www.myfonts.com/collections/neue-reman-gt-font-propertype/
[2026-05-29T10:16:52Z] #559 attempt=1/2 status=200 0.287s url=https://www.myfonts.com/products/contynew-kastifu-complete-family-package-1158938
[2026-05-29T10:16:52Z] #560 attempt=1/2 status=200 0.373s url=https://www.myfonts.com/collections/contynew-kastifu-font-stylishtype-studio/
[2026-05-29T10:16:53Z] #561 attempt=1/2 status=200 0.328s url=https://www.myfonts.com/products/brado-quena-complete-family-package-1159394
[2026-05-29T10:16:54Z] #562 attempt=1/2 status=200 0.493s url=https://www.myfonts.com/collections/brado-quena-font-sign-studio/
[2026-05-29T10:16:55Z] #563 attempt=1/2 status=200 1.304s url=https://www.myfonts.com/products/neue-reman-complete-family-package-1159323
[2026-05-29T10:16:58Z] #564 attempt=1/2 status=200 2.708s url=https://www.myfonts.com/collections/neue-reman-sans-font-propertype/
[2026-05-29T10:17:00Z] #565 attempt=1/2 status=200 1.162s url=https://www.myfonts.com/products/figo-shiftz-editorial-complete-family-package-1159070
[2026-05-29T10:17:02Z] #566 attempt=1/2 status=200 1.551s url=https://www.myfonts.com/collections/figo-shiftz-editorial-font-propertype/
[2026-05-29T10:17:03Z] #567 attempt=1/2 status=200 0.335s url=https://www.myfonts.com/products/garo-complete-family-package-1158998
[2026-05-29T10:17:03Z] #568 attempt=1/2 status=200 0.320s url=https://www.myfonts.com/collections/garo-font-koplexs-studio/
[2026-05-29T10:17:04Z] #569 attempt=1/2 status=200 0.389s url=https://www.myfonts.com/products/os-rotare-sans-complete-family-package-1158951
[2026-05-29T10:17:05Z] #570 attempt=1/2 status=200 0.606s url=https://www.myfonts.com/collections/os-rotare-sans-font-off-season/
[2026-05-29T10:17:05Z] #571 attempt=1/2 status=200 0.271s url=https://www.myfonts.com/products/brachysoma-complete-family-package-1158948
[2026-05-29T10:17:06Z] #572 attempt=1/2 status=200 0.382s url=https://www.myfonts.com/collections/brachysoma-font-gatype/
[2026-05-29T10:17:07Z] #573 attempt=1/2 status=200 0.275s url=https://www.myfonts.com/products/regular-boellath-1158996
[2026-05-29T10:17:07Z] #574 attempt=1/2 status=200 0.243s url=https://www.myfonts.com/collections/boellath-font-maenjari-std/
[2026-05-29T10:17:08Z] #575 attempt=1/2 status=200 0.247s url=https://www.myfonts.com/products/regular-lovaria-1158992
[2026-05-29T10:17:08Z] #576 attempt=1/2 status=200 0.255s url=https://www.myfonts.com/collections/lovaria-font-koplexs-studio/
[2026-05-29T10:17:08Z] #577 attempt=1/2 status=200 0.242s url=https://www.myfonts.com/products/regular-gorvine-1158943
[2026-05-29T10:17:09Z] #578 attempt=1/2 status=200 0.278s url=https://www.myfonts.com/collections/gorvine-font-vadova-std/
[2026-05-29T10:17:10Z] #579 attempt=1/6 status=200 0.701s url=https://www.myfonts.com/products.json?limit=100&page=24
[2026-05-29T10:17:11Z] #580 attempt=1/2 status=200 0.237s url=https://www.myfonts.com/products/regular-chubaq-1158941
[2026-05-29T10:17:11Z] #581 attempt=1/2 status=429 0.038s url=https://www.myfonts.com/collections/chubaq-font-sensatype-studio/
[2026-05-29T10:17:14Z] #582 attempt=2/2 status=200 0.281s url=https://www.myfonts.com/collections/chubaq-font-sensatype-studio/
[2026-05-29T10:17:14Z] #583 attempt=1/2 status=200 0.268s url=https://www.myfonts.com/products/regular-night-flicker-1158880
[2026-05-29T10:17:14Z] #584 attempt=1/2 status=200 0.225s url=https://www.myfonts.com/collections/night-flicker-font-alpaprana/
[2026-05-29T10:17:15Z] #585 attempt=1/2 status=429 0.027s url=https://www.myfonts.com/products/regular-goal-goodies-1158997
[2026-05-29T10:17:17Z] #586 attempt=2/2 status=200 0.336s url=https://www.myfonts.com/products/regular-goal-goodies-1158997
[2026-05-29T10:17:18Z] #587 attempt=1/2 status=200 0.238s url=https://www.myfonts.com/collections/goal-goodies-font-gassstype/
[2026-05-29T10:17:18Z] #588 attempt=1/2 status=200 0.275s url=https://www.myfonts.com/products/regular-desinore-1158934
[2026-05-29T10:17:19Z] #589 attempt=1/2 status=200 0.294s url=https://www.myfonts.com/collections/desinore-font-kangfont-studio/
[2026-05-29T10:17:19Z] #590 attempt=1/2 status=429 0.035s url=https://www.myfonts.com/products/regular-bold-orange-1158872
[2026-05-29T10:17:22Z] #591 attempt=2/2 status=200 0.245s url=https://www.myfonts.com/products/regular-bold-orange-1158872
[2026-05-29T10:17:22Z] #592 attempt=1/2 status=200 0.228s url=https://www.myfonts.com/collections/bold-orange-font-imoodev/
[2026-05-29T10:17:23Z] #593 attempt=1/2 status=200 0.238s url=https://www.myfonts.com/products/regular-gracie-aquos-1158870
[2026-05-29T10:17:23Z] #594 attempt=1/2 status=200 0.239s url=https://www.myfonts.com/collections/gracie-aquos-font-imoodev/
[2026-05-29T10:17:24Z] #595 attempt=1/6 status=200 0.787s url=https://www.myfonts.com/products.json?limit=100&page=25
[2026-05-29T10:17:25Z] #596 attempt=1/2 status=200 0.274s url=https://www.myfonts.com/products/regular-vicarious-1158933
[2026-05-29T10:17:25Z] #597 attempt=1/2 status=429 0.033s url=https://www.myfonts.com/products/regular-kravon-1158900
[2026-05-29T10:17:28Z] #598 attempt=2/2 status=200 0.343s url=https://www.myfonts.com/products/regular-kravon-1158900
[2026-05-29T10:17:28Z] #599 attempt=1/2 status=200 0.270s url=https://www.myfonts.com/collections/kravon-font-qiubare-studio/
[2026-05-29T10:17:29Z] #600 attempt=1/2 status=200 0.230s url=https://www.myfonts.com/products/regular-safielle-1158869
[2026-05-29T10:17:29Z] #601 attempt=1/2 status=429 0.029s url=https://www.myfonts.com/collections/safielle-font-chekart/
[2026-05-29T10:17:31Z] #602 attempt=2/2 status=200 0.322s url=https://www.myfonts.com/collections/safielle-font-chekart/
[2026-05-29T10:17:32Z] #603 attempt=1/2 status=200 0.251s url=https://www.myfonts.com/products/regular-abu-dhabi-solstice-1158879
[2026-05-29T10:17:32Z] #604 attempt=1/2 status=200 0.232s url=https://www.myfonts.com/collections/abu-dhabi-solstice-font-letterhanna-studio/
[2026-05-29T10:17:32Z] summary releases=0 first_429=(75, 'https://www.myfonts.com/collections/mat-cho-font-canden-meutuah/', 0.037430524826049805) log_file=state/myfonts_run_20260529_100829.log
[2026-05-29T10:17:32Z] === MyFonts crawl end ===
