[2026-07-27T10:04:31Z] checkpoint fresh next_page=1 path=state/myfonts_crawl_checkpoint.json
[2026-07-27T10:04:31Z] === MyFonts crawl start source=myfonts ===
[2026-07-27T10:04:31Z] config max_pages=25 page_size=100 start_date=2026-07-26 end_date=2026-07-27 api_delay=0.5s detail_delay=0.2s max_debut_checks=400 max_tech_specs_checks=200 reuse_success_profile=False always_enrich_packages=True language_script_signal_mode=strong force_fresh_run=False start_page=1 browser_mode=False browser_headless=True browser_storage_state_path=state/myfonts_storage_state.json
[2026-07-27T10:04:33Z] #1 attempt=1/6 status=200 1.041s url=https://www.myfonts.com/products.json?limit=100&page=1
[2026-07-27T10:04:33Z] #2 attempt=1/2 status=200 0.402s url=https://www.myfonts.com/products/fty-strategycide-family-package-1188816
[2026-07-27T10:04:34Z] #3 attempt=1/2 status=200 0.419s url=https://www.myfonts.com/collections/fty-strategycide-font-the-fontry/
[2026-07-27T10:04:35Z] #4 attempt=1/2 status=200 0.198s url=https://www.myfonts.com/collections/fty-strategycide-font-the-fontry/?tab=techSpecs
[2026-07-27T10:04:37Z] #5 attempt=1/2 status=200 1.808s url=https://www.myfonts.com/products/bold-extra-condensed-koldnesy-1182952
[2026-07-27T10:04:40Z] #6 attempt=1/2 status=200 2.477s url=https://www.myfonts.com/collections/koldnesy-font-bosstypestudio/
[2026-07-27T10:04:41Z] #7 attempt=1/2 status=200 0.441s url=https://www.myfonts.com/collections/koldnesy-font-bosstypestudio/?tab=techSpecs
[2026-07-27T10:04:43Z] #8 attempt=1/2 status=200 0.547s url=https://www.myfonts.com/products/prink-complete-family-package-1185550
[2026-07-27T10:04:44Z] #9 attempt=1/2 status=200 0.541s url=https://www.myfonts.com/collections/prink-font-typotheticals/
[2026-07-27T10:04:44Z] #10 attempt=1/2 status=200 0.227s url=https://www.myfonts.com/collections/prink-font-typotheticals/?tab=techSpecs
[2026-07-27T10:04:54Z] #11 attempt=1/2 status=200 0.426s url=https://www.myfonts.com/products/speca-complete-family-package-1185536
[2026-07-27T10:04:54Z] #12 attempt=1/2 status=200 0.491s url=https://www.myfonts.com/collections/speca-font-vlad-b/
[2026-07-27T10:04:55Z] #13 attempt=1/2 status=200 0.193s url=https://www.myfonts.com/collections/speca-font-vlad-b/?tab=techSpecs
[2026-07-27T10:04:56Z] #14 attempt=1/2 status=200 0.685s url=https://www.myfonts.com/products/mommommy-complete-family-package-1179464
[2026-07-27T10:04:57Z] #15 attempt=1/2 status=200 0.615s url=https://www.myfonts.com/collections/mommommy-font-jipatype/
[2026-07-27T10:04:58Z] #16 attempt=1/2 status=200 0.199s url=https://www.myfonts.com/collections/mommommy-font-jipatype/?tab=techSpecs
[2026-07-27T10:04:59Z] #17 attempt=1/2 status=200 0.442s url=https://www.myfonts.com/products/tipo-movin-cdmx-complete-family-package-1185225
[2026-07-27T10:05:00Z] #18 attempt=1/2 status=200 0.425s url=https://www.myfonts.com/collections/tipo-movin-cdmx-font-ixipcalli/
[2026-07-27T10:05:00Z] #19 attempt=1/2 status=200 0.191s url=https://www.myfonts.com/collections/tipo-movin-cdmx-font-ixipcalli/?tab=techSpecs
[2026-07-27T10:05:02Z] #20 attempt=1/2 status=200 0.571s url=https://www.myfonts.com/products/italic-package-1182030
[2026-07-27T10:05:02Z] #21 attempt=1/2 status=200 0.623s url=https://www.myfonts.com/collections/calven-font-vermilione/
[2026-07-27T10:05:03Z] #22 attempt=1/2 status=200 0.228s url=https://www.myfonts.com/collections/calven-font-vermilione/?tab=techSpecs
[2026-07-27T10:05:05Z] #23 attempt=1/2 status=200 0.602s url=https://www.myfonts.com/products/shelf-complete-family-package-1187901
[2026-07-27T10:05:05Z] #24 attempt=1/2 status=200 0.583s url=https://www.myfonts.com/collections/shelf-font-21type/
[2026-07-27T10:05:06Z] #25 attempt=1/2 status=200 0.263s url=https://www.myfonts.com/collections/shelf-font-21type/?tab=techSpecs
[2026-07-27T10:05:09Z] #26 attempt=1/2 status=200 1.677s url=https://www.myfonts.com/products/soft-expanded-complete-package-1185759
[2026-07-27T10:05:12Z] #27 attempt=1/2 status=200 2.409s url=https://www.myfonts.com/collections/glagent-font-logic-type/
[2026-07-27T10:05:13Z] #28 attempt=1/2 status=200 0.374s url=https://www.myfonts.com/collections/glagent-font-logic-type/?tab=techSpecs
[2026-07-27T10:05:16Z] #29 attempt=1/2 status=200 0.886s url=https://www.myfonts.com/products/sunnydew-complete-family-package-1179602
[2026-07-27T10:05:16Z] #30 attempt=1/2 status=200 0.409s url=https://www.myfonts.com/collections/sunnydew-font-burntilldead/
[2026-07-27T10:05:17Z] #31 attempt=1/2 status=200 0.193s url=https://www.myfonts.com/collections/sunnydew-font-burntilldead/?tab=techSpecs
[2026-07-27T10:05:18Z] #32 attempt=1/2 status=200 0.594s url=https://www.myfonts.com/products/hebrew-siddur-complete-family-package-1185108
[2026-07-27T10:05:19Z] #33 attempt=1/2 status=200 0.474s url=https://www.myfonts.com/collections/hebrew-siddur-font-samtype/
[2026-07-27T10:05:19Z] #34 attempt=1/2 status=200 0.226s url=https://www.myfonts.com/collections/hebrew-siddur-font-samtype/?tab=techSpecs
[2026-07-27T10:05:21Z] #35 attempt=1/2 status=200 0.416s url=https://www.myfonts.com/products/holy-macaroni-pro-complete-family-package-1185231
[2026-07-27T10:05:21Z] #36 attempt=1/2 status=200 0.522s url=https://www.myfonts.com/collections/holy-macaroni-pro-font-hanoded/
[2026-07-27T10:05:22Z] #37 attempt=1/2 status=200 0.176s url=https://www.myfonts.com/collections/holy-macaroni-pro-font-hanoded/?tab=techSpecs
[2026-07-27T10:05:23Z] #38 attempt=1/2 status=200 0.426s url=https://www.myfonts.com/products/pg-squishy-drips-complete-family-package-1179558
[2026-07-27T10:05:24Z] #39 attempt=1/2 status=200 0.538s url=https://www.myfonts.com/collections/pg-squishy-drips-font-pretty-glyphs/
[2026-07-27T10:05:24Z] #40 attempt=1/2 status=200 0.202s url=https://www.myfonts.com/collections/pg-squishy-drips-font-pretty-glyphs/?tab=techSpecs
[2026-07-27T10:05:26Z] #41 attempt=1/2 status=200 0.407s url=https://www.myfonts.com/products/popular-solution-pro-complete-family-package-1183682
[2026-07-27T10:05:26Z] #42 attempt=1/2 status=200 0.442s url=https://www.myfonts.com/collections/popular-solution-pro-font-hanoded/
[2026-07-27T10:05:27Z] #43 attempt=1/2 status=200 0.196s url=https://www.myfonts.com/collections/popular-solution-pro-font-hanoded/?tab=techSpecs
[2026-07-27T10:05:28Z] #44 attempt=1/2 status=200 0.392s url=https://www.myfonts.com/products/pastedy-complete-family-package-1185217
[2026-07-27T10:05:29Z] #45 attempt=1/2 status=200 0.359s url=https://www.myfonts.com/collections/pastedy-font-black-junst/
[2026-07-27T10:05:29Z] #46 attempt=1/2 status=200 0.201s url=https://www.myfonts.com/collections/pastedy-font-black-junst/?tab=techSpecs
[2026-07-27T10:05:30Z] #47 attempt=1/2 status=200 0.493s url=https://www.myfonts.com/products/casale-del-natura-complete-family-package-1182077
[2026-07-27T10:05:31Z] #48 attempt=1/2 status=200 0.345s url=https://www.myfonts.com/collections/casale-del-natura-font-marvadesign/
[2026-07-27T10:05:31Z] #49 attempt=1/2 status=200 0.228s url=https://www.myfonts.com/collections/casale-del-natura-font-marvadesign/?tab=techSpecs
[2026-07-27T10:05:33Z] #50 attempt=1/2 status=200 0.357s url=https://www.myfonts.com/products/safety-switch-pro-complete-family-package-1183629
[2026-07-27T10:05:33Z] #51 attempt=1/2 status=200 0.384s url=https://www.myfonts.com/collections/safety-switch-pro-font-hanoded/
[2026-07-27T10:05:34Z] #52 attempt=1/2 status=200 0.189s url=https://www.myfonts.com/collections/safety-switch-pro-font-hanoded/?tab=techSpecs
[2026-07-27T10:05:35Z] #53 attempt=1/2 status=200 0.452s url=https://www.myfonts.com/products/slow-bar-stories-complete-family-package-1182005
[2026-07-27T10:05:36Z] #54 attempt=1/2 status=200 0.358s url=https://www.myfonts.com/collections/slow-bar-stories-font-amorfa-type/
[2026-07-27T10:05:36Z] #55 attempt=1/2 status=200 0.184s url=https://www.myfonts.com/collections/slow-bar-stories-font-amorfa-type/?tab=techSpecs
[2026-07-27T10:05:37Z] #56 attempt=1/2 status=200 0.334s url=https://www.myfonts.com/products/naura-complete-family-package-1183404
[2026-07-27T10:05:38Z] #57 attempt=1/2 status=200 0.555s url=https://www.myfonts.com/collections/naura-font-sign-studio/
[2026-07-27T10:05:38Z] #58 attempt=1/2 status=200 0.184s url=https://www.myfonts.com/collections/naura-font-sign-studio/?tab=techSpecs
[2026-07-27T10:05:40Z] #59 attempt=1/2 status=200 0.374s url=https://www.myfonts.com/products/seville-orange-pro-complete-family-package-1183626
[2026-07-27T10:05:40Z] #60 attempt=1/2 status=200 0.346s url=https://www.myfonts.com/collections/seville-orange-pro-font-hanoded/
[2026-07-27T10:05:41Z] #61 attempt=1/2 status=200 0.197s url=https://www.myfonts.com/collections/seville-orange-pro-font-hanoded/?tab=techSpecs
[2026-07-27T10:05:42Z] #62 attempt=1/2 status=200 0.587s url=https://www.myfonts.com/products/bernadete-complete-family-package-1184645
[2026-07-27T10:05:43Z] #63 attempt=1/2 status=200 0.686s url=https://www.myfonts.com/collections/bernadete-font-gravitacional/
[2026-07-27T10:05:44Z] #64 attempt=1/2 status=200 0.211s url=https://www.myfonts.com/collections/bernadete-font-gravitacional/?tab=techSpecs
[2026-07-27T10:05:45Z] #65 attempt=1/2 status=200 0.370s url=https://www.myfonts.com/products/regona-complete-family-package-1179514
[2026-07-27T10:05:45Z] #66 attempt=1/2 status=200 0.413s url=https://www.myfonts.com/collections/regona-font-sensatype-studio/
[2026-07-27T10:05:46Z] #67 attempt=1/2 status=200 0.217s url=https://www.myfonts.com/collections/regona-font-sensatype-studio/?tab=techSpecs
[2026-07-27T10:05:47Z] #68 attempt=1/2 status=200 0.368s url=https://www.myfonts.com/products/mangova-complete-family-package-1185725
[2026-07-27T10:05:48Z] #69 attempt=1/2 status=200 0.415s url=https://www.myfonts.com/collections/mangova-font-digitype-studio/
[2026-07-27T10:05:48Z] #70 attempt=1/2 status=200 0.206s url=https://www.myfonts.com/collections/mangova-font-digitype-studio/?tab=techSpecs
[2026-07-27T10:05:50Z] #71 attempt=1/2 status=200 0.454s url=https://www.myfonts.com/products/tipo-metro-cdmx-complete-family-package-1185224
[2026-07-27T10:05:50Z] #72 attempt=1/2 status=200 0.424s url=https://www.myfonts.com/collections/tipo-metro-cdmx-font-ixipcalli/
[2026-07-27T10:05:51Z] #73 attempt=1/2 status=200 0.205s url=https://www.myfonts.com/collections/tipo-metro-cdmx-font-ixipcalli/?tab=techSpecs
[2026-07-27T10:05:52Z] #74 attempt=1/2 status=200 0.399s url=https://www.myfonts.com/products/bastick-complete-family-package-1183391
[2026-07-27T10:05:53Z] #75 attempt=1/2 status=200 0.348s url=https://www.myfonts.com/collections/bastick-font-timelesstype-studio/
[2026-07-27T10:05:53Z] #76 attempt=1/2 status=200 0.223s url=https://www.myfonts.com/collections/bastick-font-timelesstype-studio/?tab=techSpecs
[2026-07-27T10:05:54Z] #77 attempt=1/2 status=200 0.653s url=https://www.myfonts.com/products/garamond-now-complete-family-package-1187488
[2026-07-27T10:05:55Z] #78 attempt=1/2 status=429 0.022s url=https://www.myfonts.com/collections/garamond-now-font-monotype-imaging/
[2026-07-27T10:05:55Z] first_429 req=78 url=https://www.myfonts.com/collections/garamond-now-font-monotype-imaging/
[2026-07-27T10:05:58Z] #79 attempt=2/2 status=200 1.046s url=https://www.myfonts.com/collections/garamond-now-font-monotype-imaging/
[2026-07-27T10:05:58Z] #80 attempt=1/2 status=429 0.018s url=https://www.myfonts.com/products/aukim-ii-strokes-complete-family-package-1182587
[2026-07-27T10:06:02Z] #81 attempt=2/2 status=200 1.722s url=https://www.myfonts.com/products/aukim-ii-strokes-complete-family-package-1182587
[2026-07-27T10:06:06Z] #82 attempt=1/2 status=200 2.908s url=https://www.myfonts.com/collections/aukim-ii-strokes-font-aukimvisuel/
[2026-07-27T10:06:07Z] #83 attempt=1/2 status=200 0.382s url=https://www.myfonts.com/products/nostalgic-condensed-complete-family-package-1185214
[2026-07-27T10:06:08Z] #84 attempt=1/2 status=200 0.397s url=https://www.myfonts.com/collections/nostalgic-condensed-font-font-liner/
[2026-07-27T10:06:08Z] #85 attempt=1/2 status=200 0.395s url=https://www.myfonts.com/products/asihano-complete-family-package-1181382
[2026-07-27T10:06:09Z] #86 attempt=1/2 status=200 0.356s url=https://www.myfonts.com/collections/asihano-font-agung-sudirman/
[2026-07-27T10:06:10Z] #87 attempt=1/2 status=200 0.402s url=https://www.myfonts.com/products/esmeralda-complete-family-package-1181923
[2026-07-27T10:06:10Z] #88 attempt=1/2 status=200 0.401s url=https://www.myfonts.com/collections/esmeralda-font-typemotion/
[2026-07-27T10:06:11Z] #89 attempt=1/2 status=200 0.559s url=https://www.myfonts.com/products/goodbye-reality-pro-complete-family-package-1185234
[2026-07-27T10:06:12Z] #90 attempt=1/2 status=200 0.348s url=https://www.myfonts.com/collections/goodbye-reality-pro-font-hanoded/
[2026-07-27T10:06:12Z] #91 attempt=1/2 status=200 0.375s url=https://www.myfonts.com/products/gazeuse-complete-family-package-1184686
[2026-07-27T10:06:13Z] #92 attempt=1/2 status=200 0.825s url=https://www.myfonts.com/collections/gazeuse-font-hanoded/
[2026-07-27T10:06:14Z] #93 attempt=1/2 status=200 0.565s url=https://www.myfonts.com/products/eight-byte-complete-family-package-1181688
[2026-07-27T10:06:15Z] #94 attempt=1/2 status=200 0.863s url=https://www.myfonts.com/collections/eight-byte-font-tini-fitriani/
[2026-07-27T10:06:16Z] #95 attempt=1/2 status=200 0.463s url=https://www.myfonts.com/products/jechro-complete-family-package-1185607
[2026-07-27T10:06:17Z] #96 attempt=1/2 status=200 0.775s url=https://www.myfonts.com/collections/jechro-font-vermilione/
[2026-07-27T10:06:18Z] #97 attempt=1/2 status=200 0.303s url=https://www.myfonts.com/products/megance-glamour-complete-family-package-1183367
[2026-07-27T10:06:18Z] #98 attempt=1/2 status=200 0.585s url=https://www.myfonts.com/collections/megance-glamour-font-timelesstype-studio/
[2026-07-27T10:06:19Z] #99 attempt=1/2 status=200 0.599s url=https://www.myfonts.com/products/insect-jar-pro-complete-family-package-1185226
[2026-07-27T10:06:20Z] #100 attempt=1/2 status=200 0.426s url=https://www.myfonts.com/collections/insect-jar-pro-font-hanoded/
[2026-07-27T10:06:20Z] #101 attempt=1/2 status=429 0.018s url=https://www.myfonts.com/products/casamira-complete-family-package-1181912
[2026-07-27T10:06:23Z] #102 attempt=2/2 status=200 0.554s url=https://www.myfonts.com/products/casamira-complete-family-package-1181912
[2026-07-27T10:06:24Z] #103 attempt=1/2 status=200 0.526s url=https://www.myfonts.com/collections/casamira-font-pizzatypefaces/
[2026-07-27T10:06:25Z] #104 attempt=1/2 status=200 0.406s url=https://www.myfonts.com/products/deluxe-fashion-complete-family-package-1180692
[2026-07-27T10:06:25Z] #105 attempt=1/2 status=200 0.351s url=https://www.myfonts.com/collections/deluxe-fashion-font-font-liner/
[2026-07-27T10:06:27Z] #106 attempt=1/6 status=200 0.749s url=https://www.myfonts.com/products.json?limit=100&page=2
[2026-07-27T10:06:27Z] #107 attempt=1/2 status=200 0.364s url=https://www.myfonts.com/products/regular-algo-1179538
[2026-07-27T10:06:28Z] #108 attempt=1/2 status=200 0.422s url=https://www.myfonts.com/collections/algo-font-sensatype-studio/
[2026-07-27T10:06:29Z] #109 attempt=1/6 status=200 0.841s url=https://www.myfonts.com/products.json?limit=100&page=3
[2026-07-27T10:06:30Z] #110 attempt=1/2 status=200 0.361s url=https://www.myfonts.com/products/regular-happy-jump-1183975
[2026-07-27T10:06:30Z] #111 attempt=1/2 status=200 0.401s url=https://www.myfonts.com/collections/happy-jump-font-letterstock/
[2026-07-27T10:06:31Z] #112 attempt=1/2 status=200 0.364s url=https://www.myfonts.com/products/ater-display-extralight-ater-display-variable-1183828
[2026-07-27T10:06:31Z] #113 attempt=1/2 status=429 0.057s url=https://www.myfonts.com/collections/ater-display-variable-font-blaze-type/
[2026-07-27T10:06:34Z] #114 attempt=2/2 status=200 0.375s url=https://www.myfonts.com/collections/ater-display-variable-font-blaze-type/
[2026-07-27T10:06:35Z] #115 attempt=1/6 status=200 0.929s url=https://www.myfonts.com/products.json?limit=100&page=4
[2026-07-27T10:06:36Z] #116 attempt=1/2 status=200 0.356s url=https://www.myfonts.com/products/regular-north-stroke-1183830
[2026-07-27T10:06:37Z] #117 attempt=1/2 status=200 0.305s url=https://www.myfonts.com/collections/north-stroke-font-hipfonts/
[2026-07-27T10:06:37Z] #118 attempt=1/2 status=200 0.314s url=https://www.myfonts.com/products/regular-rallies-1180952
[2026-07-27T10:06:38Z] #119 attempt=1/2 status=200 0.294s url=https://www.myfonts.com/collections/rallies-font-hasta-type/
[2026-07-27T10:06:39Z] #120 attempt=1/6 status=200 0.776s url=https://www.myfonts.com/products.json?limit=100&page=5
[2026-07-27T10:06:40Z] #121 attempt=1/2 status=200 0.351s url=https://www.myfonts.com/products/toyland-regular-toyland-palace-1180981
[2026-07-27T10:06:40Z] #122 attempt=1/2 status=200 0.383s url=https://www.myfonts.com/collections/toyland-palace-font-hipfonts/
[2026-07-27T10:06:41Z] #123 attempt=1/2 status=200 0.376s url=https://www.myfonts.com/products/regular-orynko-1182008
[2026-07-27T10:06:41Z] #124 attempt=1/2 status=429 0.021s url=https://www.myfonts.com/collections/orynko-font-morisco-studio/
[2026-07-27T10:06:44Z] #125 attempt=2/2 status=200 0.345s url=https://www.myfonts.com/collections/orynko-font-morisco-studio/
[2026-07-27T10:06:44Z] #126 attempt=1/2 status=200 0.327s url=https://www.myfonts.com/products/regular-deeply-rusted-1185220
[2026-07-27T10:06:45Z] #127 attempt=1/2 status=200 0.322s url=https://www.myfonts.com/collections/deeply-rusted-font-gleb-guralnyk/
[2026-07-27T10:06:46Z] #128 attempt=1/6 status=200 0.937s url=https://www.myfonts.com/products.json?limit=100&page=6
[2026-07-27T10:06:47Z] #129 attempt=1/2 status=200 0.343s url=https://www.myfonts.com/products/regular-apex-riot-1185757
[2026-07-27T10:06:47Z] #130 attempt=1/2 status=200 0.324s url=https://www.myfonts.com/collections/apex-riot-font-pictranoosa/
[2026-07-27T10:06:48Z] #131 attempt=1/2 status=200 0.333s url=https://www.myfonts.com/products/regular-sorivela-1183834
[2026-07-27T10:06:48Z] #132 attempt=1/2 status=429 0.028s url=https://www.myfonts.com/collections/sorivela-font-donyadesign/
[2026-07-27T10:06:51Z] #133 attempt=2/2 status=200 0.367s url=https://www.myfonts.com/collections/sorivela-font-donyadesign/
[2026-07-27T10:06:51Z] #134 attempt=1/2 status=200 0.326s url=https://www.myfonts.com/products/regular-morbid-spire-1185547
[2026-07-27T10:06:52Z] #135 attempt=1/2 status=200 0.387s url=https://www.myfonts.com/collections/morbid-spire-font-sipanji21/
[2026-07-27T10:06:54Z] #136 attempt=1/6 status=200 0.953s url=https://www.myfonts.com/products.json?limit=100&page=7
[2026-07-27T10:06:55Z] #137 attempt=1/6 status=200 0.840s url=https://www.myfonts.com/products.json?limit=100&page=8
[2026-07-27T10:06:56Z] #138 attempt=1/2 status=200 0.348s url=https://www.myfonts.com/products/regular-lumiflora-1185223
[2026-07-27T10:06:56Z] #139 attempt=1/2 status=200 0.426s url=https://www.myfonts.com/collections/lumiflora-font-claymoon-lab-studio/
[2026-07-27T10:06:57Z] #140 attempt=1/2 status=200 0.302s url=https://www.myfonts.com/products/regular-sharapova-1184172
[2026-07-27T10:06:57Z] #141 attempt=1/2 status=200 0.312s url=https://www.myfonts.com/collections/sharapova-font-gatype/
[2026-07-27T10:06:58Z] #142 attempt=1/2 status=200 0.450s url=https://www.myfonts.com/products/regular-the-memories-1182009
[2026-07-27T10:06:58Z] #143 attempt=1/2 status=429 0.020s url=https://www.myfonts.com/collections/the-memories-font-imoodev/
[2026-07-27T10:07:01Z] #144 attempt=2/2 status=200 0.370s url=https://www.myfonts.com/collections/the-memories-font-imoodev/
[2026-07-27T10:07:02Z] #145 attempt=1/6 status=200 0.754s url=https://www.myfonts.com/products.json?limit=100&page=9
[2026-07-27T10:07:03Z] #146 attempt=1/2 status=200 0.346s url=https://www.myfonts.com/products/regular-soltina-1180959
[2026-07-27T10:07:03Z] #147 attempt=1/2 status=200 0.355s url=https://www.myfonts.com/collections/soltina-font-jaruka-creative/
[2026-07-27T10:07:04Z] #148 attempt=1/2 status=200 0.346s url=https://www.myfonts.com/products/regular-meltypie-1185237
[2026-07-27T10:07:05Z] #149 attempt=1/2 status=200 0.328s url=https://www.myfonts.com/collections/meltypie-font-agny-hasya-studio/
[2026-07-27T10:07:05Z] #150 attempt=1/2 status=200 0.320s url=https://www.myfonts.com/products/regular-saneco-1182049
[2026-07-27T10:07:05Z] #151 attempt=1/2 status=429 0.018s url=https://www.myfonts.com/collections/saneco-font-jolicia-type/
[2026-07-27T10:07:08Z] #152 attempt=2/2 status=200 0.364s url=https://www.myfonts.com/collections/saneco-font-jolicia-type/
[2026-07-27T10:07:10Z] #153 attempt=1/2 status=200 1.280s url=https://www.myfonts.com/products/black-semi-expanded-italic-abigen-1184432
[2026-07-27T10:07:11Z] #154 attempt=1/2 status=200 1.529s url=https://www.myfonts.com/collections/abigen-font-kaidosan/
[2026-07-27T10:07:14Z] #155 attempt=1/2 status=200 2.236s url=https://www.myfonts.com/products/soft-extra-light-expanded-slanted-st-giuliano-slab-1183566
[2026-07-27T10:07:18Z] #156 attempt=1/2 status=500 3.423s url=https://www.myfonts.com/collections/st-giuliano-slab-font-skinny-type/
[2026-07-27T10:07:18Z] #157 attempt=1/2 status=404 0.212s url=https://www.myfonts.com/collections/soft-extra-light-expanded-slanted-st-giuliano-slab-1183566-font-skinny-type
[2026-07-27T10:07:20Z] #158 attempt=1/2 status=200 1.252s url=https://www.myfonts.com/products/light-semi-condensed-slanted-rogline-1183894
[2026-07-27T10:07:21Z] #159 attempt=1/2 status=200 1.317s url=https://www.myfonts.com/collections/rogline-font-calms-type-foundry/
[2026-07-27T10:07:23Z] #160 attempt=1/2 status=200 1.335s url=https://www.myfonts.com/products/soft-thin-semi-expanded-italic-norche-1184096
[2026-07-27T10:07:25Z] #161 attempt=1/2 status=200 1.636s url=https://www.myfonts.com/collections/norche-font-dora-typefoundry/
[2026-07-27T10:07:27Z] #162 attempt=1/2 status=200 1.273s url=https://www.myfonts.com/products/extra-light-extra-expanded-galmiten-semi-serif-1183335
[2026-07-27T10:07:30Z] #163 attempt=1/2 status=200 2.535s url=https://www.myfonts.com/collections/galmiten-semi-serif-font-logic-type/
[2026-07-27T10:07:32Z] #164 attempt=1/2 status=200 0.875s url=https://www.myfonts.com/products/semi-condensed-marselind-1185117
[2026-07-27T10:07:33Z] #165 attempt=1/2 status=200 0.816s url=https://www.myfonts.com/collections/marselind-font-josstype/
[2026-07-27T10:07:35Z] #166 attempt=1/6 status=200 0.981s url=https://www.myfonts.com/products.json?limit=100&page=10
[2026-07-27T10:07:36Z] #167 attempt=1/2 status=200 1.503s url=https://www.myfonts.com/products/extrabold-condensed-humbles-soft-1184211
[2026-07-27T10:07:38Z] #168 attempt=1/2 status=200 1.935s url=https://www.myfonts.com/collections/humbles-soft-font-propertype/
[2026-07-27T10:07:40Z] #169 attempt=1/2 status=200 0.901s url=https://www.myfonts.com/products/audie-soft-cntr-condensed-italic-audie-serif-1184764
[2026-07-27T10:07:42Z] #170 attempt=1/2 status=200 1.234s url=https://www.myfonts.com/collections/audie-serif-font-gian-studio/
[2026-07-27T10:07:43Z] #171 attempt=1/2 status=200 0.668s url=https://www.myfonts.com/products/soft-cntr-semiexpanded-italic-calera-1184869
[2026-07-27T10:07:44Z] #172 attempt=1/2 status=200 0.635s url=https://www.myfonts.com/collections/calera-font-gian-studio/
[2026-07-27T10:07:44Z] #173 attempt=1/2 status=200 0.450s url=https://www.myfonts.com/products/outline2x-stroke-astenic-stencil-1182880
[2026-07-27T10:07:45Z] #174 attempt=1/2 status=200 0.482s url=https://www.myfonts.com/collections/astenic-stencil-font-anzone-glyph/
[2026-07-27T10:07:46Z] #175 attempt=1/2 status=200 0.971s url=https://www.myfonts.com/products/cntr-ultraexpanded-italic-distraction-1185348
[2026-07-27T10:07:48Z] #176 attempt=1/2 status=200 1.173s url=https://www.myfonts.com/collections/distraction-font-gian-studio/
[2026-07-27T10:07:49Z] #177 attempt=1/2 status=200 0.355s url=https://www.myfonts.com/products/black-fille-de-joie-1183619
[2026-07-27T10:07:49Z] #178 attempt=1/2 status=200 0.394s url=https://www.myfonts.com/collections/fille-de-joie-font-tension-type/
[2026-07-27T10:07:50Z] #179 attempt=1/2 status=200 0.835s url=https://www.myfonts.com/products/condensed-slant-nakumita-1184968
[2026-07-27T10:07:52Z] #180 attempt=1/2 status=200 0.917s url=https://www.myfonts.com/collections/nakumita-font-josstype/
[2026-07-27T10:07:52Z] #181 attempt=1/2 status=200 0.418s url=https://www.myfonts.com/products/medium-autentica-serif-1182517
[2026-07-27T10:07:53Z] #182 attempt=1/2 status=200 0.502s url=https://www.myfonts.com/collections/autentica-serif-font-sofiamohr/
[2026-07-27T10:07:54Z] #183 attempt=1/2 status=200 0.744s url=https://www.myfonts.com/products/grade-expanded-beona-display-1185185
[2026-07-27T10:07:55Z] #184 attempt=1/2 status=200 0.687s url=https://www.myfonts.com/collections/beona-display-font-josstype/
[2026-07-27T10:07:56Z] #185 attempt=1/2 status=200 0.839s url=https://www.myfonts.com/products/serif-expanded-slant-caster-1185404
[2026-07-27T10:07:57Z] #186 attempt=1/2 status=200 0.884s url=https://www.myfonts.com/collections/caster-font-gian-studio/
[2026-07-27T10:07:58Z] #187 attempt=1/2 status=200 0.404s url=https://www.myfonts.com/products/regular-guirnalda-1183820
[2026-07-27T10:07:59Z] #188 attempt=1/2 status=200 0.477s url=https://www.myfonts.com/collections/guirnalda-font-blaze-type/
[2026-07-27T10:08:00Z] #189 attempt=1/2 status=200 0.782s url=https://www.myfonts.com/products/soft-regular-bassidle-1185079
[2026-07-27T10:08:01Z] #190 attempt=1/2 status=200 1.081s url=https://www.myfonts.com/collections/bassidle-font-josstype/
[2026-07-27T10:08:02Z] #191 attempt=1/2 status=200 0.444s url=https://www.myfonts.com/products/extrabold-massilia-jp-1184609
[2026-07-27T10:08:03Z] #192 attempt=1/2 status=200 0.479s url=https://www.myfonts.com/collections/massilia-jp-font-blaze-type/
[2026-07-27T10:08:04Z] #193 attempt=1/2 status=200 0.803s url=https://www.myfonts.com/products/soft-cntr-expanded-breston-1184825
[2026-07-27T10:08:05Z] #194 attempt=1/2 status=200 1.061s url=https://www.myfonts.com/collections/breston-font-gian-studio/
[2026-07-27T10:08:07Z] #195 attempt=1/2 status=200 0.836s url=https://www.myfonts.com/products/narrow-bold-italic-din-2014-1183660
[2026-07-27T10:08:08Z] #196 attempt=1/2 status=200 0.947s url=https://www.myfonts.com/collections/din-2014-font-paratype/
[2026-07-27T10:08:09Z] #197 attempt=1/2 status=200 0.360s url=https://www.myfonts.com/products/the-daily-midtones-complete-family-package-1180015
[2026-07-27T10:08:09Z] #198 attempt=1/2 status=200 0.360s url=https://www.myfonts.com/collections/the-daily-midtones-font-amorfa-type/
[2026-07-27T10:08:10Z] #199 attempt=1/2 status=200 0.324s url=https://www.myfonts.com/products/cornville-complete-family-package-1182054
[2026-07-27T10:08:10Z] #200 attempt=1/2 status=200 0.339s url=https://www.myfonts.com/collections/cornville-font-hipfonts/
[2026-07-27T10:08:11Z] #201 attempt=1/2 status=200 0.347s url=https://www.myfonts.com/products/finco-complete-family-package-1180976
[2026-07-27T10:08:12Z] #202 attempt=1/2 status=200 0.369s url=https://www.myfonts.com/collections/finco-font-vuuuds/
[2026-07-27T10:08:13Z] #203 attempt=1/2 status=200 0.676s url=https://www.myfonts.com/products/italic-package-1180678
[2026-07-27T10:08:14Z] #204 attempt=1/2 status=200 0.738s url=https://www.myfonts.com/collections/the-rosemide-font-skinny-type/
[2026-07-27T10:08:14Z] #205 attempt=1/2 status=200 0.428s url=https://www.myfonts.com/products/fardiale-complete-family-package-1183835
[2026-07-27T10:08:15Z] #206 attempt=1/2 status=200 0.497s url=https://www.myfonts.com/collections/fardiale-font-tini-fitriani/
[2026-07-27T10:08:17Z] #207 attempt=1/2 status=200 1.841s url=https://www.myfonts.com/products/semi-expanded-slanted-rathing-1182219
[2026-07-27T10:08:20Z] #208 attempt=1/2 status=200 2.301s url=https://www.myfonts.com/collections/rathing-font-propertype/
[2026-07-27T10:08:23Z] #209 attempt=1/2 status=200 1.988s url=https://www.myfonts.com/products/ext-lig-sm-exp-slant-galmiten-1180835
[2026-07-27T10:08:26Z] #210 attempt=1/2 status=200 2.802s url=https://www.myfonts.com/collections/galmiten-font-logic-type/
[2026-07-27T10:08:28Z] #211 attempt=1/2 status=200 0.814s url=https://www.myfonts.com/products/semi-condensed-ginfitanle-1185457
[2026-07-27T10:08:29Z] #212 attempt=1/2 status=200 0.993s url=https://www.myfonts.com/collections/ginfitanle-font-gian-studio/
[2026-07-27T10:08:30Z] #213 attempt=1/2 status=200 0.484s url=https://www.myfonts.com/products/expanded-deeply-rooted-1182087
[2026-07-27T10:08:31Z] #214 attempt=1/2 status=200 0.509s url=https://www.myfonts.com/collections/deeply-rooted-font-gleb-guralnyk/
[2026-07-27T10:08:33Z] #215 attempt=1/2 status=200 1.696s url=https://www.myfonts.com/products/sizek-p-st-nrm-regular-italic-sizek-p-stencil-1181896
[2026-07-27T10:08:36Z] #216 attempt=1/2 status=200 3.096s url=https://www.myfonts.com/collections/sizek-p-stencil-font-blaze-type/
[2026-07-27T10:08:38Z] #217 attempt=1/6 status=200 0.933s url=https://www.myfonts.com/products.json?limit=100&page=11
[2026-07-27T10:08:39Z] #218 attempt=1/2 status=200 0.402s url=https://www.myfonts.com/products/condensed-regular-moras-1183965
[2026-07-27T10:08:40Z] #219 attempt=1/2 status=200 0.445s url=https://www.myfonts.com/collections/moras-font-deorde-studio/
[2026-07-27T10:08:41Z] #220 attempt=1/2 status=200 0.632s url=https://www.myfonts.com/products/semi-expanded-slant-storia-lettering-1181281
[2026-07-27T10:08:41Z] #221 attempt=1/2 status=200 0.650s url=https://www.myfonts.com/collections/storia-lettering-font-gatype/
[2026-07-27T10:08:43Z] #222 attempt=1/2 status=200 0.743s url=https://www.myfonts.com/products/justin-brown-sans-soft-regular-justin-brown-monoline-1180192
[2026-07-27T10:08:44Z] #223 attempt=1/2 status=200 0.722s url=https://www.myfonts.com/collections/justin-brown-monoline-font-gatype/
[2026-07-27T10:08:44Z] #224 attempt=1/2 status=200 0.526s url=https://www.myfonts.com/products/soft-expanded-slant-sanggar-1181219
[2026-07-27T10:08:45Z] #225 attempt=1/2 status=200 0.673s url=https://www.myfonts.com/collections/sanggar-font-gatype/
[2026-07-27T10:08:46Z] #226 attempt=1/2 status=200 0.628s url=https://www.myfonts.com/products/soft-semi-condensed-slant-starsight-1181251
[2026-07-27T10:08:47Z] #227 attempt=1/2 status=200 0.754s url=https://www.myfonts.com/collections/starsight-font-gatype/
[2026-07-27T10:08:48Z] #228 attempt=1/2 status=200 0.483s url=https://www.myfonts.com/products/medium-milgram-1184948
[2026-07-27T10:08:49Z] #229 attempt=1/2 status=200 0.491s url=https://www.myfonts.com/collections/milgram-font-signal/
[2026-07-27T10:08:50Z] #230 attempt=1/2 status=200 0.572s url=https://www.myfonts.com/products/expanded-nesti-sweet-1181023
[2026-07-27T10:08:50Z] #231 attempt=1/2 status=200 0.475s url=https://www.myfonts.com/collections/nesti-sweet-font-gatype/
[2026-07-27T10:08:51Z] #232 attempt=1/2 status=200 0.354s url=https://www.myfonts.com/products/normal-playful-friend-bestie-1180971
[2026-07-27T10:08:52Z] #233 attempt=1/2 status=200 0.375s url=https://www.myfonts.com/collections/friend-bestie-font-collectype/
[2026-07-27T10:08:53Z] #234 attempt=1/2 status=200 0.496s url=https://www.myfonts.com/products/soft-semi-expanded-monten-1180462
[2026-07-27T10:08:53Z] #235 attempt=1/2 status=200 0.579s url=https://www.myfonts.com/collections/monten-font-gatype/
[2026-07-27T10:08:54Z] #236 attempt=1/2 status=200 0.526s url=https://www.myfonts.com/products/light-italic-worgant-1182035
[2026-07-27T10:08:55Z] #237 attempt=1/2 status=200 0.543s url=https://www.myfonts.com/collections/worgant-font-font-liner/
[2026-07-27T10:08:56Z] #238 attempt=1/2 status=200 0.504s url=https://www.myfonts.com/products/bold-expanded-slant-kontes-compressed-1180275
[2026-07-27T10:08:57Z] #239 attempt=1/2 status=200 0.587s url=https://www.myfonts.com/collections/kontes-compressed-font-gatype/
[2026-07-27T10:08:57Z] #240 attempt=1/2 status=200 0.349s url=https://www.myfonts.com/products/italic-gastilo-1180482
[2026-07-27T10:08:58Z] #241 attempt=1/2 status=200 0.346s url=https://www.myfonts.com/collections/gastilo-font-vermilione/
[2026-07-27T10:09:00Z] #242 attempt=1/2 status=200 2.060s url=https://www.myfonts.com/products/extra-bold-expanded-kulutu-1181666
[2026-07-27T10:09:03Z] #243 attempt=1/2 status=200 2.135s url=https://www.myfonts.com/collections/kulutu-font-aukimvisuel/
[2026-07-27T10:09:04Z] #244 attempt=1/2 status=200 0.521s url=https://www.myfonts.com/products/lacoste-foliage-soft-semi-expanded-lacoste-foliage-1180311
[2026-07-27T10:09:05Z] #245 attempt=1/2 status=200 0.648s url=https://www.myfonts.com/collections/lacoste-foliage-font-gatype/
[2026-07-27T10:09:06Z] #246 attempt=1/2 status=200 0.496s url=https://www.myfonts.com/products/semi-expanded-slant-mangoli-1180354
[2026-07-27T10:09:07Z] #247 attempt=1/2 status=200 0.627s url=https://www.myfonts.com/collections/mangoli-font-gatype/
[2026-07-27T10:09:08Z] #248 attempt=1/2 status=200 0.483s url=https://www.myfonts.com/products/ultralight-jhc-chiona-1181986
[2026-07-27T10:09:08Z] #249 attempt=1/2 status=200 0.531s url=https://www.myfonts.com/collections/jhc-chiona-font-jehoo-creative/
[2026-07-27T10:09:09Z] #250 attempt=1/2 status=200 0.533s url=https://www.myfonts.com/products/expanded-milk-and-honey-1180392
[2026-07-27T10:09:10Z] #251 attempt=1/2 status=200 0.593s url=https://www.myfonts.com/collections/milk-and-honey-font-gatype/
[2026-07-27T10:09:11Z] #252 attempt=1/2 status=200 0.502s url=https://www.myfonts.com/products/semi-condensed-konecya-1180244
[2026-07-27T10:09:12Z] #253 attempt=1/2 status=200 0.574s url=https://www.myfonts.com/collections/konecya-font-gatype/
[2026-07-27T10:09:13Z] #254 attempt=1/2 status=200 0.512s url=https://www.myfonts.com/products/soft-regular-mini-honysa-1180409
[2026-07-27T10:09:13Z] #255 attempt=1/2 status=200 0.651s url=https://www.myfonts.com/collections/mini-honysa-font-gatype/
[2026-07-27T10:09:15Z] #256 attempt=1/2 status=200 0.636s url=https://www.myfonts.com/products/extralight-gluaymai-1181388
[2026-07-27T10:09:15Z] #257 attempt=1/2 status=200 0.553s url=https://www.myfonts.com/collections/gluaymai-font-jipatype/
[2026-07-27T10:09:16Z] #258 attempt=1/2 status=200 0.608s url=https://www.myfonts.com/products/soft-condensed-vainest-1181351
[2026-07-27T10:09:17Z] #259 attempt=1/2 status=200 0.739s url=https://www.myfonts.com/collections/vainest-font-gatype/
[2026-07-27T10:09:18Z] #260 attempt=1/2 status=200 0.565s url=https://www.myfonts.com/products/semi-expanded-love-casual-1180337
[2026-07-27T10:09:19Z] #261 attempt=1/2 status=200 0.594s url=https://www.myfonts.com/collections/love-casual-font-gatype/
[2026-07-27T10:09:20Z] #262 attempt=1/2 status=200 0.470s url=https://www.myfonts.com/products/soft-semi-condensed-morgini-1180988
[2026-07-27T10:09:21Z] #263 attempt=1/2 status=200 0.648s url=https://www.myfonts.com/collections/morgini-font-gatype/
[2026-07-27T10:09:21Z] #264 attempt=1/2 status=200 0.449s url=https://www.myfonts.com/products/black-chabrier-1182072
[2026-07-27T10:09:22Z] #265 attempt=1/2 status=200 0.522s url=https://www.myfonts.com/collections/chabrier-font-hoftype/
[2026-07-27T10:09:24Z] #266 attempt=1/6 status=200 0.931s url=https://www.myfonts.com/products.json?limit=100&page=12
[2026-07-27T10:09:24Z] #267 attempt=1/2 status=200 0.521s url=https://www.myfonts.com/products/nixed-soft-semi-condensed-slant-nixed-1181026
[2026-07-27T10:09:25Z] #268 attempt=1/2 status=200 0.651s url=https://www.myfonts.com/collections/nixed-font-gatype/
[2026-07-27T10:09:26Z] #269 attempt=1/2 status=200 0.485s url=https://www.myfonts.com/products/soft-condensed-slant-rengita-1181122
[2026-07-27T10:09:27Z] #270 attempt=1/2 status=200 0.618s url=https://www.myfonts.com/collections/rengita-font-gatype/
[2026-07-27T10:09:28Z] #271 attempt=1/2 status=200 0.596s url=https://www.myfonts.com/products/condensed-slant-kurato-1180294
[2026-07-27T10:09:29Z] #272 attempt=1/2 status=200 0.617s url=https://www.myfonts.com/collections/kurato-font-gatype/
[2026-07-27T10:09:30Z] #273 attempt=1/2 status=200 0.504s url=https://www.myfonts.com/products/soft-condensed-slant-sakamoto-1181139
[2026-07-27T10:09:30Z] #274 attempt=1/2 status=200 0.600s url=https://www.myfonts.com/collections/sakamoto-font-gatype/
[2026-07-27T10:09:31Z] #275 attempt=1/2 status=200 0.388s url=https://www.myfonts.com/products/inline-qira-1185767
[2026-07-27T10:09:32Z] #276 attempt=1/2 status=200 0.384s url=https://www.myfonts.com/collections/qira-font-qira/
[2026-07-27T10:09:33Z] #277 attempt=1/2 status=200 0.579s url=https://www.myfonts.com/products/semiexpanded-italic-authors-special-1181969
[2026-07-27T10:09:34Z] #278 attempt=1/2 status=200 0.662s url=https://www.myfonts.com/collections/authors-special-font-positive-type/
[2026-07-27T10:09:34Z] #279 attempt=1/2 status=200 0.460s url=https://www.myfonts.com/products/w03-tsanger-fwjt-1182558
[2026-07-27T10:09:35Z] #280 attempt=1/2 status=200 0.381s url=https://www.myfonts.com/collections/tsanger-fwjt-font-tsanger/
[2026-07-27T10:09:35Z] #281 attempt=1/2 status=429 0.021s url=https://www.myfonts.com/collections/tsanger-fwjt-font-tsanger/
[2026-07-27T10:09:38Z] #282 attempt=2/2 status=200 0.262s url=https://www.myfonts.com/collections/tsanger-fwjt-font-tsanger/
[2026-07-27T10:09:39Z] #283 attempt=1/6 status=200 0.946s url=https://www.myfonts.com/products.json?limit=100&page=13
[2026-07-27T10:09:40Z] #284 attempt=1/2 status=200 0.435s url=https://www.myfonts.com/products/italic-milwaukee-boogie-1183608
[2026-07-27T10:09:41Z] #285 attempt=1/2 status=200 0.491s url=https://www.myfonts.com/collections/milwaukee-boogie-font-visualizeunited-fonts/
[2026-07-27T10:09:41Z] #286 attempt=1/2 status=200 0.402s url=https://www.myfonts.com/products/bold-blacklady-1182865
[2026-07-27T10:09:42Z] #287 attempt=1/2 status=200 0.445s url=https://www.myfonts.com/collections/blacklady-font-great-studio/
[2026-07-27T10:09:43Z] #288 attempt=1/2 status=200 0.716s url=https://www.myfonts.com/products/semi-expanded-slant-italic-wiliam-grobal-1181379
[2026-07-27T10:09:43Z] #289 attempt=1/2 status=429 0.021s url=https://www.myfonts.com/collections/wiliam-grobal-font-gatype/
[2026-07-27T10:09:46Z] #290 attempt=2/2 status=200 0.651s url=https://www.myfonts.com/collections/wiliam-grobal-font-gatype/
[2026-07-27T10:09:47Z] #291 attempt=1/2 status=200 0.545s url=https://www.myfonts.com/products/slant-walison-1181174
[2026-07-27T10:09:48Z] #292 attempt=1/2 status=200 0.644s url=https://www.myfonts.com/collections/walison-font-gatype/
[2026-07-27T10:09:49Z] #293 attempt=1/2 status=200 0.496s url=https://www.myfonts.com/products/expanded-orange-glos-1181076
[2026-07-27T10:09:50Z] #294 attempt=1/2 status=200 0.558s url=https://www.myfonts.com/collections/orange-glos-font-gatype/
[2026-07-27T10:09:50Z] #295 attempt=1/2 status=200 0.495s url=https://www.myfonts.com/products/soft-semi-condensed-slant-notelia-1181050
[2026-07-27T10:09:51Z] #296 attempt=1/2 status=200 0.646s url=https://www.myfonts.com/collections/notelia-font-gatype/
[2026-07-27T10:09:52Z] #297 attempt=1/2 status=200 0.512s url=https://www.myfonts.com/products/soft-semi-condensed-origamet-hamida-1181093
[2026-07-27T10:09:52Z] #298 attempt=1/2 status=429 0.020s url=https://www.myfonts.com/collections/origamet-hamida-font-gatype/
[2026-07-27T10:09:55Z] #299 attempt=2/2 status=200 0.739s url=https://www.myfonts.com/collections/origamet-hamida-font-gatype/
[2026-07-27T10:09:56Z] #300 attempt=1/2 status=200 0.466s url=https://www.myfonts.com/products/soft-condensed-slant-migoes-1180364
[2026-07-27T10:09:57Z] #301 attempt=1/2 status=200 0.585s url=https://www.myfonts.com/collections/migoes-font-gatype/
[2026-07-27T10:09:58Z] #302 attempt=1/6 status=200 0.723s url=https://www.myfonts.com/products.json?limit=100&page=14
[2026-07-27T10:09:59Z] #303 attempt=1/2 status=200 0.438s url=https://www.myfonts.com/products/soft-semi-expanded-montalica-1180445
[2026-07-27T10:10:00Z] #304 attempt=1/2 status=200 0.654s url=https://www.myfonts.com/collections/montalica-font-gatype/
[2026-07-27T10:10:01Z] #305 attempt=1/2 status=200 0.376s url=https://www.myfonts.com/products/italic-zavera-1180651
[2026-07-27T10:10:01Z] #306 attempt=1/2 status=200 0.380s url=https://www.myfonts.com/collections/zavera-font-font-liner/
[2026-07-27T10:10:02Z] #307 attempt=1/2 status=200 0.342s url=https://www.myfonts.com/products/italic-rainhalf-1181687
[2026-07-27T10:10:02Z] #308 attempt=1/2 status=429 0.023s url=https://www.myfonts.com/collections/rainhalf-font-arterfak-project/
[2026-07-27T10:10:05Z] #309 attempt=2/2 status=200 0.489s url=https://www.myfonts.com/collections/rainhalf-font-arterfak-project/
[2026-07-27T10:10:06Z] #310 attempt=1/2 status=200 0.435s url=https://www.myfonts.com/products/satari-soft-regular-satari-display-1181243
[2026-07-27T10:10:06Z] #311 attempt=1/2 status=200 0.419s url=https://www.myfonts.com/collections/satari-display-font-gatype/
[2026-07-27T10:10:07Z] #312 attempt=1/2 status=200 0.582s url=https://www.myfonts.com/products/grade-sf-semiexpanded-italic-andeas-1181184
[2026-07-27T10:10:08Z] #313 attempt=1/2 status=200 0.770s url=https://www.myfonts.com/collections/andeas-font-gatype/
[2026-07-27T10:10:09Z] #314 attempt=1/2 status=200 0.371s url=https://www.myfonts.com/products/serif-prime-academy-1183839
[2026-07-27T10:10:09Z] #315 attempt=1/2 status=200 0.409s url=https://www.myfonts.com/collections/prime-academy-font-sarid-ezra/
[2026-07-27T10:10:11Z] #316 attempt=1/6 status=200 0.929s url=https://www.myfonts.com/products.json?limit=100&page=15
[2026-07-27T10:10:12Z] #317 attempt=1/2 status=200 0.453s url=https://www.myfonts.com/products/soft-slant-remaid-typeface-1181112
[2026-07-27T10:10:12Z] #318 attempt=1/2 status=200 0.519s url=https://www.myfonts.com/collections/remaid-typeface-font-gatype/
[2026-07-27T10:10:13Z] #319 attempt=1/2 status=200 0.582s url=https://www.myfonts.com/products/soft-semi-expanded-sweet-hearts-1180173
[2026-07-27T10:10:14Z] #320 attempt=1/2 status=200 0.670s url=https://www.myfonts.com/collections/sweet-hearts-font-gatype/
[2026-07-27T10:10:15Z] #321 attempt=1/2 status=200 0.491s url=https://www.myfonts.com/products/smelly-taxi-pro-complete-family-package-1183621
[2026-07-27T10:10:15Z] #322 attempt=1/2 status=429 0.030s url=https://www.myfonts.com/collections/smelly-taxi-pro-font-hanoded/
[2026-07-27T10:10:19Z] #323 attempt=2/2 status=200 1.038s url=https://www.myfonts.com/collections/smelly-taxi-pro-font-hanoded/
[2026-07-27T10:10:20Z] #324 attempt=1/2 status=200 0.637s url=https://www.myfonts.com/products/semi-expanded-slant-italic-hilsfiger-1179934
[2026-07-27T10:10:21Z] #325 attempt=1/2 status=200 0.903s url=https://www.myfonts.com/collections/hilsfiger-font-gatype/
[2026-07-27T10:10:21Z] #326 attempt=1/2 status=200 0.389s url=https://www.myfonts.com/products/alternates-italic-motorsport-1179764
[2026-07-27T10:10:22Z] #327 attempt=1/2 status=200 0.463s url=https://www.myfonts.com/collections/motorsport-font-mevstory-studio/
[2026-07-27T10:10:24Z] #328 attempt=1/2 status=200 1.815s url=https://www.myfonts.com/products/soft-semi-bold-semi-condensed-italic-eunabil-1179287
[2026-07-27T10:10:27Z] #329 attempt=1/2 status=200 2.903s url=https://www.myfonts.com/collections/eunabil-font-fontdroe/
[2026-07-27T10:10:29Z] #330 attempt=1/2 status=200 0.735s url=https://www.myfonts.com/products/soft-expanded-hello-bosnia-serif-1179746
[2026-07-27T10:10:30Z] #331 attempt=1/2 status=200 0.722s url=https://www.myfonts.com/collections/hello-bosnia-serif-font-gatype/
[2026-07-27T10:10:31Z] #332 attempt=1/2 status=200 0.546s url=https://www.myfonts.com/products/semi-condensed-glories-1179710
[2026-07-27T10:10:32Z] #333 attempt=1/2 status=200 0.558s url=https://www.myfonts.com/collections/glories-font-gatype/
[2026-07-27T10:10:33Z] #334 attempt=1/2 status=200 0.514s url=https://www.myfonts.com/products/semi-condensed-flanela-1179692
[2026-07-27T10:10:34Z] #335 attempt=1/2 status=200 0.584s url=https://www.myfonts.com/collections/flanela-font-gatype/
[2026-07-27T10:10:34Z] #336 attempt=1/2 status=200 0.494s url=https://www.myfonts.com/products/semi-expanded-epidemic-1179674
[2026-07-27T10:10:35Z] #337 attempt=1/2 status=200 0.569s url=https://www.myfonts.com/collections/epidemic-font-gatype/
[2026-07-27T10:10:37Z] #338 attempt=1/6 status=200 0.793s url=https://www.myfonts.com/products.json?limit=100&page=16
[2026-07-27T10:10:37Z] #339 attempt=1/2 status=200 0.431s url=https://www.myfonts.com/products/condensed-dotine-1179656
[2026-07-27T10:10:38Z] #340 attempt=1/2 status=200 0.618s url=https://www.myfonts.com/collections/dotine-font-gatype/
[2026-07-27T10:10:39Z] #341 attempt=1/2 status=200 0.443s url=https://www.myfonts.com/products/semi-bold-italic-gerstein-1179622
[2026-07-27T10:10:40Z] #342 attempt=1/2 status=200 0.518s url=https://www.myfonts.com/collections/gerstein-font-grezline-studio/
[2026-07-27T10:10:40Z] #343 attempt=1/2 status=200 0.390s url=https://www.myfonts.com/products/light-propilen-1179582
[2026-07-27T10:10:41Z] #344 attempt=1/2 status=200 0.448s url=https://www.myfonts.com/collections/propilen-font-glyphminds-studios/
[2026-07-27T10:10:42Z] #345 attempt=1/2 status=200 0.383s url=https://www.myfonts.com/products/exstra-expanded-slant-regular-gaorge-1179495
[2026-07-27T10:10:43Z] #346 attempt=1/2 status=200 0.473s url=https://www.myfonts.com/collections/gaorge-font-deorde-studio/
[2026-07-27T10:10:43Z] #347 attempt=1/2 status=200 0.469s url=https://www.myfonts.com/products/black-italic-gatega-1181942
[2026-07-27T10:10:44Z] #348 attempt=1/2 status=200 0.637s url=https://www.myfonts.com/collections/gatega-font-agny-hasya-studio/
[2026-07-27T10:10:45Z] #349 attempt=1/2 status=200 0.400s url=https://www.myfonts.com/products/italic-milctey-1179217
[2026-07-27T10:10:46Z] #350 attempt=1/2 status=200 0.409s url=https://www.myfonts.com/collections/milctey-font-agung-sudirman/
[2026-07-27T10:10:46Z] #351 attempt=1/2 status=200 0.482s url=https://www.myfonts.com/products/semi-condensed-slant-dona-siona-1179195
[2026-07-27T10:10:47Z] #352 attempt=1/2 status=200 0.636s url=https://www.myfonts.com/collections/dona-siona-font-gatype/
[2026-07-27T10:10:48Z] #353 attempt=1/2 status=200 0.411s url=https://www.myfonts.com/products/italic-defensive-midfielder-1179458
[2026-07-27T10:10:49Z] #354 attempt=1/2 status=200 0.374s url=https://www.myfonts.com/collections/defensive-midfielder-font-mevstory-studio/
[2026-07-27T10:10:50Z] #355 attempt=1/2 status=200 0.740s url=https://www.myfonts.com/products/soft-condensed-debora-celina-script-1179160
[2026-07-27T10:10:51Z] #356 attempt=1/2 status=200 0.801s url=https://www.myfonts.com/collections/debora-celina-script-font-gatype/
[2026-07-27T10:10:52Z] #357 attempt=1/6 status=200 0.900s url=https://www.myfonts.com/products.json?limit=100&page=17
[2026-07-27T10:10:53Z] #358 attempt=1/2 status=200 0.546s url=https://www.myfonts.com/products/condensed-slant-cresing-1179129
[2026-07-27T10:10:54Z] #359 attempt=1/2 status=200 0.567s url=https://www.myfonts.com/collections/cresing-font-gatype/
[2026-07-27T10:10:55Z] #360 attempt=1/2 status=200 0.455s url=https://www.myfonts.com/products/thin-italic-minez-1183854
[2026-07-27T10:10:55Z] #361 attempt=1/2 status=200 0.528s url=https://www.myfonts.com/collections/minez-font-font-liner/
[2026-07-27T10:10:57Z] #362 attempt=1/6 status=200 0.891s url=https://www.myfonts.com/products.json?limit=100&page=18
[2026-07-27T10:10:58Z] #363 attempt=1/2 status=200 0.429s url=https://www.myfonts.com/products/velodroma-inlines-package-276224
[2026-07-27T10:10:58Z] #364 attempt=1/2 status=200 0.642s url=https://www.myfonts.com/collections/velodroma-font-jan-charvat/
[2026-07-27T10:10:59Z] #365 attempt=1/2 status=200 0.296s url=https://www.myfonts.com/products/velodroma-fullpackage-package-276216
[2026-07-27T10:10:59Z] #366 attempt=1/2 status=200 0.247s url=https://www.myfonts.com/collections/velodroma-font-jan-charvat/
[2026-07-27T10:11:00Z] #367 attempt=1/2 status=429 0.018s url=https://www.myfonts.com/products/globe-grotesk-display-uprights-package-276277
[2026-07-27T10:11:03Z] #368 attempt=2/2 status=200 0.511s url=https://www.myfonts.com/products/globe-grotesk-display-uprights-package-276277
[2026-07-27T10:11:03Z] #369 attempt=1/2 status=200 0.548s url=https://www.myfonts.com/collections/globe-grotesk-display-font-jan-charvat/
[2026-07-27T10:11:04Z] #370 attempt=1/2 status=200 0.314s url=https://www.myfonts.com/products/velodroma-regulars-package-276214
[2026-07-27T10:11:04Z] #371 attempt=1/2 status=200 0.196s url=https://www.myfonts.com/collections/velodroma-font-jan-charvat/
[2026-07-27T10:11:05Z] #372 attempt=1/2 status=200 0.353s url=https://www.myfonts.com/products/globe-grotesk-display-family-package-276250
[2026-07-27T10:11:05Z] #373 attempt=1/2 status=429 0.018s url=https://www.myfonts.com/collections/globe-grotesk-display-font-jan-charvat/
[2026-07-27T10:11:08Z] #374 attempt=2/2 status=200 0.225s url=https://www.myfonts.com/collections/globe-grotesk-display-font-jan-charvat/
[2026-07-27T10:11:08Z] #375 attempt=1/2 status=200 0.310s url=https://www.myfonts.com/products/velodroma-basics-package-276220
[2026-07-27T10:11:09Z] #376 attempt=1/2 status=200 0.228s url=https://www.myfonts.com/collections/velodroma-font-jan-charvat/
[2026-07-27T10:11:10Z] #377 attempt=1/2 status=200 0.448s url=https://www.myfonts.com/products/medium-italic-globe-grotesk-display-276253
[2026-07-27T10:11:10Z] #378 attempt=1/2 status=200 0.200s url=https://www.myfonts.com/collections/globe-grotesk-display-font-jan-charvat/
[2026-07-27T10:11:10Z] #379 attempt=1/2 status=429 0.019s url=https://www.myfonts.com/products/bold-globe-grotesk-display-276270
[2026-07-27T10:11:13Z] #380 attempt=2/2 status=200 0.383s url=https://www.myfonts.com/products/bold-globe-grotesk-display-276270
[2026-07-27T10:11:13Z] #381 attempt=1/2 status=200 0.348s url=https://www.myfonts.com/collections/globe-grotesk-display-font-jan-charvat/
[2026-07-27T10:11:14Z] #382 attempt=1/2 status=200 0.542s url=https://www.myfonts.com/products/regular-globe-grotesk-display-276246
[2026-07-27T10:11:15Z] #383 attempt=1/2 status=200 0.366s url=https://www.myfonts.com/collections/globe-grotesk-display-font-jan-charvat/
[2026-07-27T10:11:16Z] #384 attempt=1/2 status=200 0.443s url=https://www.myfonts.com/products/italic-globe-grotesk-display-276267
[2026-07-27T10:11:16Z] #385 attempt=1/2 status=200 0.275s url=https://www.myfonts.com/collections/globe-grotesk-display-font-jan-charvat/
[2026-07-27T10:11:16Z] #386 attempt=1/2 status=429 0.020s url=https://www.myfonts.com/products/extrabold-italic-globe-grotesk-display-276265
[2026-07-27T10:11:19Z] #387 attempt=2/2 status=200 0.395s url=https://www.myfonts.com/products/extrabold-italic-globe-grotesk-display-276265
[2026-07-27T10:11:20Z] #388 attempt=1/2 status=200 0.230s url=https://www.myfonts.com/collections/globe-grotesk-display-font-jan-charvat/
[2026-07-27T10:11:20Z] #389 attempt=1/2 status=200 0.355s url=https://www.myfonts.com/products/bold-italic-globe-grotesk-display-276258
[2026-07-27T10:11:21Z] #390 attempt=1/2 status=200 0.193s url=https://www.myfonts.com/collections/globe-grotesk-display-font-jan-charvat/
[2026-07-27T10:11:21Z] #391 attempt=1/2 status=200 0.319s url=https://www.myfonts.com/products/medium-globe-grotesk-display-276256
[2026-07-27T10:11:22Z] #392 attempt=1/2 status=200 0.204s url=https://www.myfonts.com/collections/globe-grotesk-display-font-jan-charvat/
[2026-07-27T10:11:22Z] #393 attempt=1/2 status=429 0.018s url=https://www.myfonts.com/products/extrabold-globe-grotesk-display-276262
[2026-07-27T10:11:25Z] #394 attempt=2/2 status=200 0.395s url=https://www.myfonts.com/products/extrabold-globe-grotesk-display-276262
[2026-07-27T10:11:25Z] #395 attempt=1/2 status=200 0.210s url=https://www.myfonts.com/collections/globe-grotesk-display-font-jan-charvat/
[2026-07-27T10:11:27Z] #396 attempt=1/2 status=200 1.449s url=https://www.myfonts.com/products/black-extra-expanded-matson-1179916
[2026-07-27T10:11:29Z] #397 attempt=1/2 status=200 1.660s url=https://www.myfonts.com/collections/matson-font-josstype/
[2026-07-27T10:11:30Z] #398 attempt=1/2 status=200 0.320s url=https://www.myfonts.com/products/regular-charlotte-garling-1185221
[2026-07-27T10:11:30Z] #399 attempt=1/2 status=200 0.331s url=https://www.myfonts.com/collections/charlotte-garling-font-alcode/
[2026-07-27T10:11:32Z] #400 attempt=1/6 status=200 0.836s url=https://www.myfonts.com/products.json?limit=100&page=19
[2026-07-27T10:11:33Z] #401 attempt=1/6 status=200 0.916s url=https://www.myfonts.com/products.json?limit=100&page=20
[2026-07-27T10:11:34Z] #402 attempt=1/2 status=200 0.471s url=https://www.myfonts.com/products/soft-semi-condensed-sweet-vusstain-1181308
[2026-07-27T10:11:35Z] #403 attempt=1/2 status=200 0.579s url=https://www.myfonts.com/collections/sweet-vusstain-font-gatype/
[2026-07-27T10:11:35Z] #404 attempt=1/2 status=200 0.338s url=https://www.myfonts.com/products/regular-monkade-1185548
[2026-07-27T10:11:36Z] #405 attempt=1/2 status=200 0.281s url=https://www.myfonts.com/collections/monkade-font-bimaksara/
[2026-07-27T10:11:37Z] #406 attempt=1/2 status=200 0.524s url=https://www.myfonts.com/products/tt-commons-pro-expanded-ge-light-italic-tt-commons-pro-georgian-1182373
[2026-07-27T10:11:38Z] #407 attempt=1/2 status=200 0.647s url=https://www.myfonts.com/collections/tt-commons-pro-georgian-font-typetype/
[2026-07-27T10:11:38Z] #408 attempt=1/2 status=200 0.342s url=https://www.myfonts.com/products/italic-snippers-pro-1182507
[2026-07-27T10:11:39Z] #409 attempt=1/2 status=200 0.328s url=https://www.myfonts.com/collections/snippers-pro-font-hanoded/
[2026-07-27T10:11:40Z] #410 attempt=1/2 status=200 0.561s url=https://www.myfonts.com/products/dream-type-bundle-package-678547
[2026-07-27T10:11:40Z] #411 attempt=1/2 status=404 0.296s url=https://www.myfonts.com/collections/dream-type-bundle-font-vp-creative-shop
[2026-07-27T10:11:40Z] #412 attempt=1/2 status=429 0.018s url=https://www.myfonts.com/products/yours-truly-complete-family-package-1163992
[2026-07-27T10:11:43Z] #413 attempt=2/2 status=200 0.455s url=https://www.myfonts.com/products/yours-truly-complete-family-package-1163992
[2026-07-27T10:11:44Z] #414 attempt=1/2 status=200 0.351s url=https://www.myfonts.com/collections/yours-truly-font-mans-greback/
[2026-07-27T10:11:45Z] #415 attempt=1/6 status=200 0.834s url=https://www.myfonts.com/products.json?limit=100&page=21
[2026-07-27T10:11:46Z] #416 attempt=1/2 status=200 0.439s url=https://www.myfonts.com/products/transport-new-original-family-package-1187484
[2026-07-27T10:11:46Z] #417 attempt=1/2 status=200 0.440s url=https://www.myfonts.com/collections/transport-new-font-k-type/
[2026-07-27T10:11:47Z] #418 attempt=1/2 status=200 0.380s url=https://www.myfonts.com/products/design-spirit-complete-family-package-1185761
[2026-07-27T10:11:48Z] #419 attempt=1/2 status=200 0.409s url=https://www.myfonts.com/collections/design-spirit-font-shape-studio/
[2026-07-27T10:11:49Z] #420 attempt=1/2 status=200 0.456s url=https://www.myfonts.com/products/klopfzeichen-complete-family-package-1185043
[2026-07-27T10:11:49Z] #421 attempt=1/2 status=200 0.336s url=https://www.myfonts.com/collections/klopfzeichen-font-mysterian/
[2026-07-27T10:11:49Z] #422 attempt=1/2 status=429 0.018s url=https://www.myfonts.com/products/ibar-sans-complete-family-package-1184662
[2026-07-27T10:11:52Z] #423 attempt=2/2 status=200 0.727s url=https://www.myfonts.com/products/ibar-sans-complete-family-package-1184662
[2026-07-27T10:11:53Z] #424 attempt=1/2 status=200 0.788s url=https://www.myfonts.com/collections/ibar-sans-font-ibar-fonts/
[2026-07-27T10:11:54Z] #425 attempt=1/2 status=200 0.493s url=https://www.myfonts.com/products/herova-italic-complete-family-package-1179992
[2026-07-27T10:11:55Z] #426 attempt=1/2 status=200 0.641s url=https://www.myfonts.com/collections/herova-italic-font-gatype/
[2026-07-27T10:11:56Z] #427 attempt=1/2 status=200 0.673s url=https://www.myfonts.com/products/venera-complete-family-package-1185091
[2026-07-27T10:11:57Z] #428 attempt=1/2 status=200 0.647s url=https://www.myfonts.com/collections/venera-font-the-ampersand-forest/
[2026-07-27T10:11:58Z] #429 attempt=1/2 status=200 0.701s url=https://www.myfonts.com/products/maison-neue-regular-pack-package-1185268
[2026-07-27T10:11:59Z] #430 attempt=1/2 status=200 0.790s url=https://www.myfonts.com/collections/maison-neue-font-milieu-grotesque/
[2026-07-27T10:12:00Z] #431 attempt=1/2 status=200 0.346s url=https://www.myfonts.com/products/velick-complete-family-package-1180165
[2026-07-27T10:12:01Z] #432 attempt=1/2 status=200 0.362s url=https://www.myfonts.com/collections/velick-font-zaain-type/
[2026-07-27T10:12:01Z] #433 attempt=1/2 status=200 0.362s url=https://www.myfonts.com/products/vermillion-complete-family-package-1163988
[2026-07-27T10:12:02Z] #434 attempt=1/2 status=200 0.360s url=https://www.myfonts.com/collections/vermillion-font-mans-greback/
[2026-07-27T10:12:02Z] #435 attempt=1/2 status=200 0.461s url=https://www.myfonts.com/products/olyford-pro-basic-package-1184685
[2026-07-27T10:12:03Z] #436 attempt=1/2 status=200 0.610s url=https://www.myfonts.com/collections/olyford-pro-font-nicolass-fonts/
[2026-07-27T10:12:04Z] #437 attempt=1/2 status=200 0.400s url=https://www.myfonts.com/products/magnes-complete-family-package-1185099
[2026-07-27T10:12:04Z] #438 attempt=1/2 status=429 0.025s url=https://www.myfonts.com/collections/magnes-font-roman-melikhov/
[2026-07-27T10:12:07Z] #439 attempt=2/2 status=200 0.450s url=https://www.myfonts.com/collections/magnes-font-roman-melikhov/
[2026-07-27T10:12:08Z] #440 attempt=1/2 status=200 0.352s url=https://www.myfonts.com/products/rosminda-brush-complete-family-package-1179959
[2026-07-27T10:12:08Z] #441 attempt=1/2 status=200 0.321s url=https://www.myfonts.com/collections/rosminda-brush-font-shape-studio/
[2026-07-27T10:12:09Z] #442 attempt=1/2 status=200 0.473s url=https://www.myfonts.com/products/hinobie-complete-family-package-1179965
[2026-07-27T10:12:10Z] #443 attempt=1/2 status=200 0.581s url=https://www.myfonts.com/collections/hinobie-font-gatype/
[2026-07-27T10:12:11Z] #444 attempt=1/2 status=200 0.697s url=https://www.myfonts.com/products/kanyon-normal-family-package-1184942
[2026-07-27T10:12:12Z] #445 attempt=1/2 status=200 0.698s url=https://www.myfonts.com/collections/kanyon-font-hurufatfont-type-foundry/
[2026-07-27T10:12:14Z] #446 attempt=1/2 status=200 1.363s url=https://www.myfonts.com/products/glogmy-complete-family-package-1180014
[2026-07-27T10:12:16Z] #447 attempt=1/2 status=200 1.992s url=https://www.myfonts.com/collections/glogmy-font-aqeela-studio/
[2026-07-27T10:12:17Z] #448 attempt=1/2 status=200 0.333s url=https://www.myfonts.com/products/bongseon-complete-family-package-1179768
[2026-07-27T10:12:18Z] #449 attempt=1/2 status=200 0.452s url=https://www.myfonts.com/collections/bongseon-font-made-deduk/
[2026-07-27T10:12:18Z] #450 attempt=1/2 status=200 0.520s url=https://www.myfonts.com/products/mediate-complete-family-package-1183866
[2026-07-27T10:12:19Z] #451 attempt=1/2 status=200 0.478s url=https://www.myfonts.com/collections/mediate-font-ragamkata/
[2026-07-27T10:12:21Z] #452 attempt=1/6 status=200 0.921s url=https://www.myfonts.com/products.json?limit=100&page=22
[2026-07-27T10:12:21Z] #453 attempt=1/2 status=200 0.477s url=https://www.myfonts.com/products/mistoni-complete-family-package-1180420
[2026-07-27T10:12:22Z] #454 attempt=1/2 status=200 0.553s url=https://www.myfonts.com/collections/mistoni-font-gatype/
[2026-07-27T10:12:24Z] #455 attempt=1/6 status=200 0.909s url=https://www.myfonts.com/products.json?limit=100&page=23
[2026-07-27T10:12:24Z] #456 attempt=1/2 status=200 0.296s url=https://www.myfonts.com/products/regular-calvirel-1179987
[2026-07-27T10:12:25Z] #457 attempt=1/2 status=200 0.528s url=https://www.myfonts.com/collections/calvirel-font-only-fonts/
[2026-07-27T10:12:26Z] #458 attempt=1/2 status=200 0.371s url=https://www.myfonts.com/products/regular-ravendale-1180012
[2026-07-27T10:12:26Z] #459 attempt=1/2 status=200 0.315s url=https://www.myfonts.com/collections/ravendale-font-pictranoosa/
[2026-07-27T10:12:28Z] #460 attempt=1/6 status=200 0.867s url=https://www.myfonts.com/products.json?limit=100&page=24
[2026-07-27T10:12:28Z] #461 attempt=1/2 status=200 0.312s url=https://www.myfonts.com/products/regular-monaris-1179759
[2026-07-27T10:12:28Z] #462 attempt=1/2 status=429 0.020s url=https://www.myfonts.com/collections/monaris-font-typoraith-co/
[2026-07-27T10:12:31Z] #463 attempt=2/2 status=200 0.366s url=https://www.myfonts.com/collections/monaris-font-typoraith-co/
[2026-07-27T10:12:33Z] #464 attempt=1/6 status=200 1.000s url=https://www.myfonts.com/products.json?limit=100&page=25
[2026-07-27T10:12:33Z] #465 attempt=1/2 status=200 0.305s url=https://www.myfonts.com/products/regular-timeline-1180164
[2026-07-27T10:12:34Z] #466 attempt=1/2 status=200 0.300s url=https://www.myfonts.com/collections/timeline-font-vermilione/
[2026-07-27T10:12:34Z] #467 attempt=1/2 status=200 0.344s url=https://www.myfonts.com/products/regular-fresh-promise-1183879
[2026-07-27T10:12:35Z] #468 attempt=1/2 status=200 0.299s url=https://www.myfonts.com/collections/fresh-promise-font-seemly-fonts/
[2026-07-27T10:12:35Z] summary releases=3 first_429=(78, 'https://www.myfonts.com/collections/garamond-now-font-monotype-imaging/', 0.02196788787841797) log_file=state/myfonts_run_20260727_100431.log
[2026-07-27T10:12:35Z] === MyFonts crawl end ===
